INFO:root:Loading the agents
INFO:root:Loaded player TQCars
INFO:root:Creating pystk-1
INFO:root:Adding wrapper <function get_wrappers.<locals>.<lambda> at 0x7a142ecfb420>
INFO:root:Adding wrapper <function get_wrappers.<locals>.<lambda> at 0x7a142ecfb4c0>
INFO:root:Adding wrapper <function get_wrappers.<locals>.<lambda> at 0x7a142ecfb560>
INFO:root:Adding wrapper <function get_wrappers.<locals>.<lambda> at 0x7a142ecfb600>
INFO:root:(multi-env mono adapter) Setting main environment max_paths to 5
INFO:root:Loading trained model from CHECKPOINT-GPUFAC/tqc_EXP12_1100000.pt...
INFO:root:Starting a race
tensor([[0.3641, 1.0000, 0.0000, 0.0000, 0.0000, 0.0000]])
tensor([[0.8903, 1.0000, 0.0000, 0.0000, 0.0000, 0.0000]])
tensor([[0.8875, 1.0000, 0.0000, 0.0000, 0.0000, 0.0000]])
tensor([[0.9379, 1.0000, 0.0000, 0.0000, 0.0000, 0.0000]])
tensor([[0.6657, 1.0000, 0.0000, 0.0000, 0.0000, 0.0000]])
tensor([[0.7516, 1.0000, 0.0000, 0.0000, 0.0000, 0.0000]])
tensor([[0.8777, 1.0000, 0.0000, 0.0000, 0.0000, 0.0000]])
tensor([[0.8481, 1.0000, 0.0000, 0.0000, 0.0000, 0.0000]])
tensor([[0.8038, 0.0000, 0.0000, 0.0000, 0.0000, 0.0000]])
tensor([[0.7154, 1.0000, 0.0000, 0.0000, 1.0000, 0.0000]])
tensor([[0.8673, 1.0000, 0.0000, 0.0000, 0.0000, 0.0000]])
tensor([[0.9204, 1.0000, 0.0000, 0.0000, 0.0000, 0.0000]])
tensor([[0.7969, 1.0000, 0.0000, 0.0000, 0.0000, 0.0000]])
tensor([[0.9133, 1.0000, 0.0000, 0.0000, 0.0000, 0.0000]])
tensor([[0.9626, 1.0000, 0.0000, 0.0000, 0.0000, 0.0000]])
tensor([[0.9363, 1.0000, 0.0000, 0.0000, 0.0000, 0.0000]])
tensor([[0.8279, 1.0000, 0.0000, 0.0000, 1.0000, 0.0000]])
tensor([[0.6636, 1.0000, 0.0000, 0.0000, 0.0000, 0.0000]])
tensor([[0.8242, 1.0000, 0.0000, 0.0000, 0.0000, 0.0000]])
tensor([[0.6515, 1.0000, 0.0000, 0.0000, 0.0000, 0.0000]])
tensor([[0.9612, 0.0000, 0.0000, 0.0000, 0.0000, 0.0000]])
tensor([[0.8812, 0.0000, 0.0000, 0.0000, 1.0000, 0.0000]])
tensor([[0.5688, 0.0000, 0.0000, 0.0000, 0.0000, 0.0000]])
tensor([[0.5000, 1.0000, 0.0000, 0.0000, 0.0000, 0.0000]])
tensor([[0.9546, 1.0000, 0.0000, 0.0000, 0.0000, 0.0000]])
tensor([[0.9789, 0.0000, 0.0000, 0.0000, 0.0000, 0.0000]])
tensor([[0.8646, 1.0000, 0.0000, 0.0000, 0.0000, 0.0000]])
tensor([[0.8298, 1.0000, 0.0000, 0.0000, 0.0000, 0.0000]])
tensor([[0.9582, 1.0000, 0.0000, 0.0000, 0.0000, 0.0000]])
tensor([[0.8608, 1.0000, 0.0000, 0.0000, 0.0000, 0.0000]])
tensor([[0.6567, 1.0000, 0.0000, 0.0000, 0.0000, 0.0000]])
tensor([[0.2820, 1.0000, 0.0000, 0.0000, 0.0000, 0.0000]])
tensor([[0.5373, 1.0000, 0.0000, 0.0000, 0.0000, 0.0000]])
tensor([[-0.5875,  1.0000,  0.0000,  0.0000,  0.0000,  0.0000]])
tensor([[0.1089, 1.0000, 0.0000, 0.0000, 0.0000, 0.0000]])
tensor([[-0.7169,  1.0000,  0.0000,  0.0000,  0.0000,  0.0000]])
tensor([[-0.7007,  1.0000,  0.0000,  0.0000,  0.0000,  0.0000]])
tensor([[0.8946, 1.0000, 0.0000, 0.0000, 0.0000, 0.0000]])
tensor([[-0.8645,  1.0000,  0.0000,  0.0000,  0.0000,  0.0000]])
tensor([[-0.9551,  1.0000,  0.0000,  0.0000,  0.0000,  0.0000]])
tensor([[-0.8617,  1.0000,  0.0000,  0.0000,  0.0000,  0.0000]])
tensor([[0.3930, 0.0000, 0.0000, 0.0000, 0.0000, 0.0000]])
tensor([[-0.8925,  1.0000,  0.0000,  0.0000,  0.0000,  0.0000]])
tensor([[-0.3331,  1.0000,  0.0000,  0.0000,  0.0000,  0.0000]])
tensor([[0.6466, 1.0000, 0.0000, 0.0000, 0.0000, 0.0000]])
tensor([[-0.5258,  1.0000,  0.0000,  0.0000,  0.0000,  0.0000]])
tensor([[-0.6451,  1.0000,  0.0000,  0.0000,  0.0000,  0.0000]])
tensor([[0.9708, 1.0000, 0.0000, 0.0000, 0.0000, 0.0000]])
tensor([[0.7061, 1.0000, 0.0000, 0.0000, 0.0000, 0.0000]])
tensor([[-0.8416,  1.0000,  0.0000,  0.0000,  0.0000,  0.0000]])
tensor([[-0.8912,  1.0000,  0.0000,  0.0000,  0.0000,  0.0000]])
tensor([[0.4941, 0.0000, 0.0000, 0.0000, 0.0000, 0.0000]])
tensor([[-0.1924,  1.0000,  0.0000,  0.0000,  0.0000,  0.0000]])
tensor([[0.1864, 1.0000, 0.0000, 0.0000, 0.0000, 0.0000]])
tensor([[-0.1583,  1.0000,  0.0000,  0.0000,  0.0000,  0.0000]])
tensor([[0.0786, 1.0000, 0.0000, 0.0000, 0.0000, 0.0000]])
tensor([[-0.1951,  1.0000,  0.0000,  0.0000,  0.0000,  0.0000]])
tensor([[0.0326, 1.0000, 0.0000, 0.0000, 0.0000, 0.0000]])
tensor([[0.1998, 1.0000, 0.0000, 0.0000, 0.0000, 0.0000]])
tensor([[-0.5485,  1.0000,  0.0000,  0.0000,  0.0000,  0.0000]])
tensor([[0.1282, 1.0000, 0.0000, 0.0000, 0.0000, 0.0000]])
tensor([[0.6218, 1.0000, 0.0000, 0.0000, 0.0000, 0.0000]])
tensor([[-0.7912,  0.0000,  0.0000,  0.0000,  0.0000,  0.0000]])
tensor([[-0.2942,  1.0000,  0.0000,  1.0000,  0.0000,  0.0000]])
tensor([[0.9972, 1.0000, 0.0000, 0.0000, 0.0000, 0.0000]])
tensor([[0.9884, 1.0000, 0.0000, 0.0000, 0.0000, 0.0000]])
tensor([[0.9966, 1.0000, 0.0000, 0.0000, 0.0000, 0.0000]])
tensor([[0.0096, 0.0000, 0.0000, 0.0000, 0.0000, 0.0000]])
tensor([[-0.8838,  1.0000,  0.0000,  0.0000,  0.0000,  0.0000]])
tensor([[-0.2252,  1.0000,  0.0000,  0.0000,  0.0000,  0.0000]])
tensor([[0.0313, 1.0000, 0.0000, 0.0000, 0.0000, 0.0000]])
tensor([[0.2221, 1.0000, 0.0000, 0.0000, 0.0000, 0.0000]])
tensor([[0.6794, 1.0000, 0.0000, 0.0000, 0.0000, 0.0000]])
tensor([[0.0592, 1.0000, 0.0000, 0.0000, 0.0000, 0.0000]])
tensor([[-0.9554,  0.0000,  0.0000,  0.0000,  0.0000,  0.0000]])
tensor([[-0.7184,  1.0000,  0.0000,  0.0000,  0.0000,  0.0000]])
tensor([[0.9983, 1.0000, 0.0000, 0.0000, 0.0000, 0.0000]])
tensor([[0.9981, 1.0000, 1.0000, 0.0000, 0.0000, 0.0000]])
tensor([[0.9963, 1.0000, 0.0000, 0.0000, 0.0000, 0.0000]])
tensor([[0.9974, 0.0000, 0.0000, 0.0000, 0.0000, 0.0000]])
tensor([[0.9981, 1.0000, 0.0000, 0.0000, 0.0000, 0.0000]])
tensor([[0.9991, 1.0000, 0.0000, 0.0000, 0.0000, 0.0000]])
tensor([[0.9976, 1.0000, 0.0000, 0.0000, 0.0000, 0.0000]])
tensor([[0.9965, 1.0000, 0.0000, 0.0000, 0.0000, 0.0000]])
tensor([[0.9948, 1.0000, 0.0000, 0.0000, 0.0000, 0.0000]])
tensor([[0.9965, 1.0000, 0.0000, 0.0000, 0.0000, 0.0000]])
tensor([[0.9828, 1.0000, 0.0000, 0.0000, 0.0000, 0.0000]])
tensor([[0.9973, 1.0000, 0.0000, 0.0000, 0.0000, 0.0000]])
tensor([[0.9499, 1.0000, 0.0000, 0.0000, 0.0000, 0.0000]])
tensor([[0.9871, 1.0000, 0.0000, 0.0000, 0.0000, 0.0000]])
tensor([[0.9576, 1.0000, 0.0000, 0.0000, 0.0000, 0.0000]])
tensor([[0.9898, 1.0000, 0.0000, 0.0000, 0.0000, 0.0000]])
tensor([[0.9945, 1.0000, 0.0000, 0.0000, 0.0000, 0.0000]])
tensor([[0.9939, 1.0000, 0.0000, 0.0000, 0.0000, 0.0000]])
tensor([[0.8984, 1.0000, 0.0000, 0.0000, 0.0000, 0.0000]])
tensor([[-0.9641,  1.0000,  0.0000,  0.0000,  0.0000,  0.0000]])
tensor([[-0.9943,  1.0000,  0.0000,  0.0000,  0.0000,  0.0000]])
tensor([[-0.9959,  1.0000,  0.0000,  0.0000,  0.0000,  0.0000]])
tensor([[-0.9889,  1.0000,  0.0000,  0.0000,  0.0000,  0.0000]])
tensor([[-0.9973,  1.0000,  0.0000,  0.0000,  0.0000,  0.0000]])
tensor([[-0.8720,  0.0000,  0.0000,  0.0000,  0.0000,  0.0000]])
tensor([[-0.6862,  0.0000,  1.0000,  0.0000,  0.0000,  0.0000]])
tensor([[0.6556, 1.0000, 0.0000, 0.0000, 0.0000, 0.0000]])
tensor([[0.6693, 1.0000, 0.0000, 0.0000, 0.0000, 0.0000]])
tensor([[-0.8954,  1.0000,  0.0000,  0.0000,  0.0000,  0.0000]])
tensor([[-0.6921,  1.0000,  0.0000,  0.0000,  0.0000,  0.0000]])
tensor([[0.1811, 0.0000, 0.0000, 0.0000, 0.0000, 0.0000]])
tensor([[-0.5702,  0.0000,  1.0000,  0.0000,  0.0000,  0.0000]])
tensor([[-0.3704,  1.0000,  0.0000,  0.0000,  0.0000,  0.0000]])
tensor([[-0.6992,  0.0000,  0.0000,  0.0000,  0.0000,  0.0000]])
tensor([[-0.0996,  1.0000,  0.0000,  0.0000,  0.0000,  0.0000]])
tensor([[0.0496, 0.0000, 0.0000, 0.0000, 0.0000, 0.0000]])
tensor([[-0.3766,  1.0000,  0.0000,  0.0000,  0.0000,  0.0000]])
tensor([[-0.0745,  1.0000,  0.0000,  0.0000,  0.0000,  0.0000]])
tensor([[-0.1063,  0.0000,  0.0000,  0.0000,  0.0000,  0.0000]])
tensor([[-0.5386,  1.0000,  0.0000,  0.0000,  0.0000,  0.0000]])
tensor([[0.0431, 1.0000, 0.0000, 0.0000, 0.0000, 0.0000]])
tensor([[0.3764, 1.0000, 0.0000, 0.0000, 0.0000, 0.0000]])
tensor([[0.3044, 0.0000, 0.0000, 0.0000, 0.0000, 0.0000]])
tensor([[-0.9727,  1.0000,  0.0000,  0.0000,  0.0000,  0.0000]])
tensor([[0.0653, 1.0000, 0.0000, 0.0000, 0.0000, 0.0000]])
tensor([[-0.2787,  1.0000,  0.0000,  0.0000,  0.0000,  0.0000]])
tensor([[0.3232, 1.0000, 0.0000, 0.0000, 0.0000, 0.0000]])
tensor([[0.8469, 1.0000, 0.0000, 0.0000, 0.0000, 0.0000]])
tensor([[-0.9541,  1.0000,  0.0000,  0.0000,  0.0000,  0.0000]])
tensor([[-0.9429,  1.0000,  0.0000,  0.0000,  0.0000,  0.0000]])
tensor([[0.7441, 1.0000, 0.0000, 0.0000, 0.0000, 0.0000]])
tensor([[0.9967, 1.0000, 0.0000, 0.0000, 0.0000, 0.0000]])
tensor([[0.9967, 1.0000, 0.0000, 0.0000, 0.0000, 0.0000]])
tensor([[-0.6425,  1.0000,  0.0000,  0.0000,  0.0000,  0.0000]])
tensor([[-0.9818,  1.0000,  0.0000,  0.0000,  0.0000,  0.0000]])
tensor([[0.3906, 1.0000, 0.0000, 0.0000, 0.0000, 0.0000]])
tensor([[0.8024, 1.0000, 0.0000, 0.0000, 0.0000, 0.0000]])
tensor([[0.9195, 1.0000, 0.0000, 0.0000, 0.0000, 0.0000]])
tensor([[0.6948, 1.0000, 0.0000, 0.0000, 0.0000, 0.0000]])
tensor([[-0.9909,  1.0000,  0.0000,  0.0000,  0.0000,  0.0000]])
tensor([[-0.5784,  1.0000,  0.0000,  0.0000,  0.0000,  0.0000]])
tensor([[0.1599, 1.0000, 1.0000, 0.0000, 0.0000, 0.0000]])
tensor([[0.9891, 1.0000, 0.0000, 0.0000, 0.0000, 0.0000]])
tensor([[0.9949, 1.0000, 0.0000, 0.0000, 0.0000, 0.0000]])
tensor([[-0.8403,  0.0000,  0.0000,  0.0000,  0.0000,  0.0000]])
tensor([[-0.0522,  1.0000,  0.0000,  0.0000,  1.0000,  0.0000]])
tensor([[0.3337, 0.0000, 0.0000, 0.0000, 0.0000, 0.0000]])
tensor([[0.9988, 1.0000, 0.0000, 0.0000, 0.0000, 0.0000]])
tensor([[0.9071, 1.0000, 0.0000, 0.0000, 0.0000, 0.0000]])
tensor([[-0.9883,  1.0000,  0.0000,  0.0000,  0.0000,  0.0000]])
tensor([[-0.9345,  1.0000,  0.0000,  0.0000,  0.0000,  0.0000]])
tensor([[0.2972, 1.0000, 0.0000, 0.0000, 0.0000, 0.0000]])
tensor([[0.7219, 0.0000, 0.0000, 0.0000, 0.0000, 0.0000]])
tensor([[0.9893, 1.0000, 0.0000, 0.0000, 0.0000, 0.0000]])
tensor([[-0.9750,  1.0000,  0.0000,  0.0000,  0.0000,  0.0000]])
tensor([[-0.7477,  1.0000,  0.0000,  0.0000,  0.0000,  0.0000]])
tensor([[0.7833, 1.0000, 0.0000, 0.0000, 0.0000, 0.0000]])
tensor([[0.9816, 1.0000, 0.0000, 0.0000, 1.0000, 0.0000]])
tensor([[-0.9091,  1.0000,  0.0000,  0.0000,  0.0000,  0.0000]])
tensor([[-0.6463,  0.0000,  0.0000,  0.0000,  0.0000,  0.0000]])
tensor([[0.7719, 1.0000, 0.0000, 0.0000, 0.0000, 0.0000]])
tensor([[0.9971, 1.0000, 0.0000, 0.0000, 0.0000, 0.0000]])
tensor([[0.5102, 1.0000, 0.0000, 0.0000, 0.0000, 0.0000]])
tensor([[-0.9823,  0.0000,  0.0000,  0.0000,  0.0000,  0.0000]])
tensor([[-0.8943,  1.0000,  0.0000,  0.0000,  0.0000,  0.0000]])
tensor([[-0.2764,  1.0000,  0.0000,  0.0000,  0.0000,  0.0000]])
tensor([[0.8296, 0.0000, 0.0000, 0.0000, 0.0000, 0.0000]])
tensor([[0.9929, 1.0000, 0.0000, 0.0000, 1.0000, 0.0000]])
tensor([[0.9899, 1.0000, 0.0000, 0.0000, 0.0000, 0.0000]])
tensor([[0.6534, 1.0000, 0.0000, 0.0000, 0.0000, 0.0000]])
tensor([[0.7224, 1.0000, 0.0000, 0.0000, 0.0000, 0.0000]])
tensor([[0.9402, 1.0000, 0.0000, 0.0000, 0.0000, 0.0000]])
tensor([[0.9996, 1.0000, 0.0000, 0.0000, 0.0000, 0.0000]])
tensor([[0.9973, 1.0000, 0.0000, 0.0000, 0.0000, 0.0000]])
tensor([[0.9998, 1.0000, 0.0000, 0.0000, 0.0000, 0.0000]])
tensor([[0.9954, 1.0000, 0.0000, 0.0000, 0.0000, 0.0000]])
tensor([[0.9997, 1.0000, 0.0000, 0.0000, 0.0000, 0.0000]])
tensor([[1.0000, 1.0000, 0.0000, 0.0000, 0.0000, 0.0000]])
tensor([[0.9999, 1.0000, 0.0000, 0.0000, 0.0000, 0.0000]])
tensor([[0.9732, 1.0000, 0.0000, 0.0000, 0.0000, 0.0000]])
tensor([[-0.9694,  1.0000,  0.0000,  0.0000,  0.0000,  0.0000]])
tensor([[-0.9831,  1.0000,  0.0000,  0.0000,  0.0000,  0.0000]])
tensor([[-0.4373,  1.0000,  0.0000,  0.0000,  0.0000,  0.0000]])
tensor([[0.2949, 1.0000, 0.0000, 0.0000, 0.0000, 0.0000]])
tensor([[0.2390, 1.0000, 0.0000, 0.0000, 0.0000, 0.0000]])
tensor([[0.0777, 1.0000, 0.0000, 0.0000, 0.0000, 0.0000]])
tensor([[-0.6118,  1.0000,  0.0000,  0.0000,  0.0000,  0.0000]])
tensor([[-0.8291,  0.0000,  0.0000,  0.0000,  0.0000,  0.0000]])
tensor([[0.9553, 1.0000, 0.0000, 0.0000, 0.0000, 0.0000]])
tensor([[-0.2484,  0.0000,  0.0000,  0.0000,  0.0000,  0.0000]])
tensor([[-0.6672,  1.0000,  0.0000,  0.0000,  0.0000,  0.0000]])
tensor([[0.9980, 1.0000, 0.0000, 0.0000, 0.0000, 0.0000]])
tensor([[0.9992, 1.0000, 0.0000, 0.0000, 0.0000, 0.0000]])
tensor([[-0.8921,  1.0000,  0.0000,  0.0000,  0.0000,  0.0000]])
tensor([[-0.9351,  0.0000,  0.0000,  0.0000,  0.0000,  0.0000]])
tensor([[0.7268, 0.0000, 0.0000, 0.0000, 0.0000, 0.0000]])
tensor([[0.9853, 1.0000, 0.0000, 0.0000, 0.0000, 0.0000]])
tensor([[-0.9703,  1.0000,  0.0000,  0.0000,  0.0000,  0.0000]])
tensor([[-0.8643,  1.0000,  0.0000,  0.0000,  0.0000,  0.0000]])
tensor([[0.6292, 1.0000, 0.0000, 0.0000, 0.0000, 0.0000]])
tensor([[-0.7257,  0.0000,  0.0000,  0.0000,  0.0000,  0.0000]])
tensor([[-0.6120,  1.0000,  0.0000,  0.0000,  0.0000,  0.0000]])
tensor([[0.9631, 1.0000, 0.0000, 0.0000, 0.0000, 0.0000]])
tensor([[0.0193, 1.0000, 0.0000, 0.0000, 0.0000, 0.0000]])
tensor([[-0.8615,  1.0000,  0.0000,  0.0000,  0.0000,  0.0000]])
tensor([[0.7203, 1.0000, 0.0000, 0.0000, 0.0000, 0.0000]])
tensor([[-0.1139,  1.0000,  0.0000,  0.0000,  1.0000,  0.0000]])
tensor([[0.9976, 0.0000, 0.0000, 0.0000, 0.0000, 0.0000]])
tensor([[0.8570, 1.0000, 0.0000, 0.0000, 0.0000, 0.0000]])
tensor([[-0.9909,  1.0000,  0.0000,  0.0000,  0.0000,  0.0000]])
tensor([[-0.9865,  1.0000,  0.0000,  0.0000,  0.0000,  0.0000]])
tensor([[-0.4368,  1.0000,  0.0000,  0.0000,  0.0000,  0.0000]])
tensor([[0.7589, 1.0000, 1.0000, 0.0000, 0.0000, 1.0000]])
tensor([[0.9664, 1.0000, 0.0000, 0.0000, 0.0000, 0.0000]])
tensor([[-0.9656,  0.0000,  0.0000,  0.0000,  0.0000,  0.0000]])
tensor([[-0.8453,  1.0000,  0.0000,  0.0000,  0.0000,  0.0000]])
tensor([[0.7952, 1.0000, 1.0000, 0.0000, 0.0000, 0.0000]])
tensor([[0.9608, 1.0000, 0.0000, 0.0000, 0.0000, 0.0000]])
tensor([[0.8708, 1.0000, 0.0000, 0.0000, 0.0000, 0.0000]])
tensor([[-0.9841,  1.0000,  1.0000,  0.0000,  0.0000,  0.0000]])
tensor([[-0.9829,  1.0000,  0.0000,  0.0000,  1.0000,  0.0000]])
tensor([[0.9148, 1.0000, 0.0000, 0.0000, 0.0000, 0.0000]])
tensor([[0.1069, 1.0000, 0.0000, 0.0000, 0.0000, 0.0000]])
tensor([[-0.3573,  1.0000,  0.0000,  0.0000,  0.0000,  0.0000]])
tensor([[0.9998, 1.0000, 0.0000, 0.0000, 0.0000, 0.0000]])
tensor([[0.9990, 1.0000, 0.0000, 0.0000, 0.0000, 0.0000]])
tensor([[0.9994, 0.0000, 0.0000, 0.0000, 0.0000, 0.0000]])
tensor([[0.9938, 1.0000, 0.0000, 0.0000, 0.0000, 0.0000]])
tensor([[0.9985, 1.0000, 0.0000, 0.0000, 0.0000, 0.0000]])
tensor([[0.9577, 1.0000, 0.0000, 0.0000, 0.0000, 0.0000]])
tensor([[0.9994, 1.0000, 0.0000, 0.0000, 0.0000, 0.0000]])
tensor([[0.8634, 1.0000, 0.0000, 0.0000, 0.0000, 0.0000]])
tensor([[0.9856, 1.0000, 0.0000, 0.0000, 0.0000, 0.0000]])
tensor([[-0.5311,  1.0000,  0.0000,  0.0000,  0.0000,  0.0000]])
tensor([[0.7348, 0.0000, 0.0000, 0.0000, 0.0000, 0.0000]])
tensor([[-0.4256,  0.0000,  0.0000,  0.0000,  0.0000,  0.0000]])
tensor([[-0.9069,  1.0000,  0.0000,  0.0000,  0.0000,  0.0000]])
tensor([[0.9994, 0.0000, 0.0000, 0.0000, 0.0000, 0.0000]])
tensor([[0.9855, 1.0000, 0.0000, 0.0000, 0.0000, 0.0000]])
tensor([[0.8366, 1.0000, 0.0000, 0.0000, 0.0000, 0.0000]])
tensor([[-0.8405,  1.0000,  0.0000,  0.0000,  0.0000,  0.0000]])
tensor([[-0.9001,  1.0000,  0.0000,  0.0000,  0.0000,  0.0000]])
tensor([[-0.2253,  0.0000,  0.0000,  0.0000,  0.0000,  0.0000]])
tensor([[0.5320, 0.0000, 0.0000, 0.0000, 0.0000, 0.0000]])
tensor([[0.5953, 1.0000, 0.0000, 0.0000, 0.0000, 0.0000]])
tensor([[-0.9374,  0.0000,  0.0000,  0.0000,  0.0000,  0.0000]])
tensor([[-0.7820,  0.0000,  0.0000,  0.0000,  0.0000,  0.0000]])
tensor([[0.1436, 1.0000, 0.0000, 0.0000, 0.0000, 0.0000]])
tensor([[0.9968, 0.0000, 0.0000, 0.0000, 0.0000, 0.0000]])
tensor([[0.6344, 1.0000, 1.0000, 0.0000, 0.0000, 0.0000]])
tensor([[-0.5727,  0.0000,  0.0000,  0.0000,  0.0000,  0.0000]])
tensor([[-0.4209,  1.0000,  0.0000,  0.0000,  0.0000,  0.0000]])
tensor([[0.1564, 1.0000, 0.0000, 0.0000, 0.0000, 0.0000]])
tensor([[0.9986, 1.0000, 0.0000, 0.0000, 0.0000, 0.0000]])
tensor([[0.9964, 0.0000, 0.0000, 0.0000, 0.0000, 0.0000]])
tensor([[0.9982, 0.0000, 0.0000, 0.0000, 0.0000, 0.0000]])
tensor([[0.9891, 1.0000, 0.0000, 0.0000, 0.0000, 0.0000]])
tensor([[0.9925, 1.0000, 0.0000, 0.0000, 0.0000, 0.0000]])
tensor([[0.9806, 1.0000, 0.0000, 0.0000, 0.0000, 0.0000]])
tensor([[0.9311, 1.0000, 0.0000, 0.0000, 1.0000, 0.0000]])
tensor([[-0.9301,  1.0000,  1.0000,  0.0000,  1.0000,  0.0000]])
tensor([[-0.9600,  1.0000,  0.0000,  0.0000,  0.0000,  0.0000]])
tensor([[-0.8672,  0.0000,  0.0000,  0.0000,  0.0000,  0.0000]])
tensor([[-0.0695,  0.0000,  0.0000,  0.0000,  0.0000,  0.0000]])
tensor([[0.1004, 0.0000, 0.0000, 0.0000, 0.0000, 0.0000]])
tensor([[-0.0687,  1.0000,  0.0000,  0.0000,  0.0000,  0.0000]])
tensor([[-0.5928,  1.0000,  0.0000,  0.0000,  0.0000,  0.0000]])
tensor([[-0.0695,  0.0000,  0.0000,  0.0000,  0.0000,  0.0000]])
tensor([[-0.1826,  0.0000,  0.0000,  0.0000,  0.0000,  0.0000]])
tensor([[-0.2035,  1.0000,  0.0000,  0.0000,  0.0000,  0.0000]])
tensor([[0.9999, 1.0000, 0.0000, 0.0000, 0.0000, 0.0000]])
tensor([[0.9962, 1.0000, 0.0000, 0.0000, 0.0000, 0.0000]])
tensor([[0.9948, 1.0000, 0.0000, 0.0000, 0.0000, 0.0000]])
tensor([[0.9906, 1.0000, 0.0000, 0.0000, 0.0000, 0.0000]])
tensor([[0.9681, 0.0000, 0.0000, 0.0000, 0.0000, 0.0000]])
tensor([[-0.9426,  1.0000,  0.0000,  0.0000,  0.0000,  0.0000]])
tensor([[-0.9539,  1.0000,  0.0000,  0.0000,  0.0000,  0.0000]])
tensor([[-0.9742,  0.0000,  0.0000,  0.0000,  0.0000,  0.0000]])
tensor([[-0.8207,  1.0000,  0.0000,  0.0000,  0.0000,  0.0000]])
tensor([[0.5441, 1.0000, 0.0000, 0.0000, 0.0000, 0.0000]])
tensor([[0.0981, 1.0000, 0.0000, 0.0000, 1.0000, 0.0000]])
tensor([[-0.4679,  1.0000,  0.0000,  0.0000,  0.0000,  0.0000]])
tensor([[-0.2317,  0.0000,  0.0000,  0.0000,  0.0000,  0.0000]])
tensor([[-0.4181,  0.0000,  0.0000,  0.0000,  0.0000,  0.0000]])
tensor([[0.0139, 1.0000, 0.0000, 0.0000, 0.0000, 0.0000]])
tensor([[0.0447, 1.0000, 0.0000, 0.0000, 0.0000, 0.0000]])
tensor([[-0.5468,  1.0000,  0.0000,  0.0000,  0.0000,  0.0000]])
tensor([[0.3834, 0.0000, 0.0000, 0.0000, 0.0000, 0.0000]])
tensor([[-0.4563,  1.0000,  0.0000,  0.0000,  0.0000,  0.0000]])
tensor([[0.0508, 1.0000, 0.0000, 0.0000, 0.0000, 0.0000]])
tensor([[0.0663, 0.0000, 0.0000, 0.0000, 0.0000, 0.0000]])
tensor([[-0.6522,  0.0000,  0.0000,  0.0000,  0.0000,  0.0000]])
tensor([[-0.7900,  0.0000,  0.0000,  0.0000,  0.0000,  0.0000]])
tensor([[0.7767, 1.0000, 1.0000, 0.0000, 0.0000, 0.0000]])
tensor([[-0.6291,  1.0000,  0.0000,  0.0000,  0.0000,  0.0000]])
tensor([[0.1323, 1.0000, 0.0000, 1.0000, 0.0000, 0.0000]])
tensor([[-0.8572,  1.0000,  0.0000,  0.0000,  0.0000,  0.0000]])
tensor([[-0.9675,  1.0000,  0.0000,  0.0000,  1.0000,  0.0000]])
tensor([[-0.9565,  0.0000,  0.0000,  0.0000,  0.0000,  0.0000]])
tensor([[-0.8131,  0.0000,  0.0000,  0.0000,  0.0000,  0.0000]])
tensor([[-0.8428,  1.0000,  0.0000,  0.0000,  0.0000,  0.0000]])
tensor([[0.4438, 0.0000, 0.0000, 0.0000, 1.0000, 1.0000]])
tensor([[0.7509, 0.0000, 0.0000, 0.0000, 0.0000, 0.0000]])
tensor([[-0.9800,  1.0000,  0.0000,  0.0000,  0.0000,  0.0000]])
tensor([[-0.9879,  0.0000,  0.0000,  0.0000,  0.0000,  1.0000]])
tensor([[-0.9356,  0.0000,  0.0000,  0.0000,  0.0000,  0.0000]])
tensor([[-0.9262,  0.0000,  0.0000,  0.0000,  0.0000,  0.0000]])
tensor([[0.0607, 1.0000, 0.0000, 0.0000, 0.0000, 0.0000]])
tensor([[-0.5794,  0.0000,  0.0000,  0.0000,  0.0000,  0.0000]])
tensor([[0.3042, 0.0000, 0.0000, 0.0000, 0.0000, 0.0000]])
tensor([[-0.0434,  1.0000,  0.0000,  0.0000,  0.0000,  0.0000]])
tensor([[-0.9836,  1.0000,  0.0000,  0.0000,  0.0000,  0.0000]])
tensor([[-0.3751,  1.0000,  0.0000,  0.0000,  0.0000,  0.0000]])
tensor([[0.9925, 0.0000, 0.0000, 1.0000, 0.0000, 0.0000]])
tensor([[0.9986, 1.0000, 0.0000, 0.0000, 0.0000, 0.0000]])
tensor([[0.9952, 1.0000, 0.0000, 0.0000, 0.0000, 0.0000]])
tensor([[0.9910, 0.0000, 0.0000, 0.0000, 1.0000, 0.0000]])
tensor([[0.9917, 1.0000, 0.0000, 0.0000, 0.0000, 0.0000]])
tensor([[0.9986, 1.0000, 0.0000, 0.0000, 0.0000, 0.0000]])
tensor([[0.9991, 1.0000, 0.0000, 0.0000, 0.0000, 0.0000]])
tensor([[0.9995, 1.0000, 0.0000, 0.0000, 0.0000, 0.0000]])
tensor([[1.0000, 0.0000, 0.0000, 0.0000, 0.0000, 0.0000]])
tensor([[1.0000, 1.0000, 1.0000, 0.0000, 0.0000, 0.0000]])
tensor([[1.0000, 1.0000, 0.0000, 0.0000, 0.0000, 0.0000]])
tensor([[1.0000, 1.0000, 0.0000, 0.0000, 0.0000, 0.0000]])
tensor([[1.0000, 0.0000, 0.0000, 0.0000, 0.0000, 0.0000]])
tensor([[1.0000, 1.0000, 0.0000, 0.0000, 0.0000, 0.0000]])
tensor([[0.9999, 1.0000, 0.0000, 0.0000, 0.0000, 0.0000]])
tensor([[0.9995, 1.0000, 0.0000, 0.0000, 0.0000, 0.0000]])
tensor([[1.0000, 1.0000, 1.0000, 0.0000, 1.0000, 0.0000]])
tensor([[1.0000, 1.0000, 0.0000, 0.0000, 0.0000, 0.0000]])
tensor([[0.8832, 1.0000, 0.0000, 0.0000, 0.0000, 0.0000]])
tensor([[-0.7948,  1.0000,  0.0000,  0.0000,  0.0000,  0.0000]])
tensor([[-0.7118,  0.0000,  0.0000,  0.0000,  0.0000,  0.0000]])
tensor([[-0.1894,  1.0000,  0.0000,  0.0000,  0.0000,  0.0000]])
tensor([[0.7667, 0.0000, 0.0000, 0.0000, 0.0000, 0.0000]])
tensor([[0.1392, 1.0000, 0.0000, 0.0000, 0.0000, 0.0000]])
tensor([[-0.3760,  1.0000,  0.0000,  0.0000,  0.0000,  0.0000]])
tensor([[-0.0093,  1.0000,  0.0000,  0.0000,  0.0000,  0.0000]])
tensor([[0.3484, 1.0000, 0.0000, 0.0000, 0.0000, 0.0000]])
tensor([[-0.1319,  0.0000,  0.0000,  0.0000,  0.0000,  0.0000]])
tensor([[-0.1772,  1.0000,  1.0000,  0.0000,  0.0000,  0.0000]])
tensor([[0.1403, 1.0000, 0.0000, 0.0000, 0.0000, 0.0000]])
tensor([[0.1183, 1.0000, 0.0000, 0.0000, 0.0000, 0.0000]])
tensor([[0.0013, 1.0000, 0.0000, 0.0000, 0.0000, 0.0000]])
tensor([[-0.0914,  1.0000,  0.0000,  0.0000,  0.0000,  0.0000]])
tensor([[0.5655, 1.0000, 0.0000, 0.0000, 0.0000, 0.0000]])
tensor([[-0.7174,  1.0000,  0.0000,  0.0000,  0.0000,  0.0000]])
tensor([[-0.0648,  1.0000,  0.0000,  0.0000,  0.0000,  0.0000]])
tensor([[0.9031, 1.0000, 1.0000, 0.0000, 0.0000, 0.0000]])
tensor([[0.9361, 1.0000, 0.0000, 0.0000, 0.0000, 0.0000]])
tensor([[0.1518, 1.0000, 0.0000, 0.0000, 0.0000, 0.0000]])
tensor([[-0.2576,  1.0000,  0.0000,  0.0000,  0.0000,  0.0000]])
tensor([[0.2010, 0.0000, 1.0000, 0.0000, 0.0000, 0.0000]])
tensor([[-0.1833,  1.0000,  0.0000,  0.0000,  0.0000,  0.0000]])
tensor([[0.1543, 1.0000, 1.0000, 0.0000, 0.0000, 0.0000]])
tensor([[0.0971, 1.0000, 0.0000, 0.0000, 0.0000, 0.0000]])
tensor([[0.4109, 1.0000, 0.0000, 0.0000, 0.0000, 0.0000]])
tensor([[0.1717, 0.0000, 0.0000, 0.0000, 0.0000, 0.0000]])
tensor([[0.1848, 1.0000, 0.0000, 0.0000, 0.0000, 0.0000]])
tensor([[-0.3371,  1.0000,  0.0000,  0.0000,  0.0000,  0.0000]])
tensor([[-0.3883,  1.0000,  0.0000,  0.0000,  0.0000,  0.0000]])
tensor([[0.0066, 0.0000, 0.0000, 1.0000, 0.0000, 0.0000]])
tensor([[-0.8109,  1.0000,  0.0000,  0.0000,  0.0000,  0.0000]])
tensor([[-0.1659,  0.0000,  0.0000,  0.0000,  0.0000,  0.0000]])
tensor([[0.1281, 1.0000, 0.0000, 0.0000, 0.0000, 0.0000]])
tensor([[0.2279, 1.0000, 0.0000, 0.0000, 0.0000, 0.0000]])
tensor([[-0.5600,  1.0000,  0.0000,  0.0000,  0.0000,  0.0000]])
tensor([[0.6594, 1.0000, 0.0000, 0.0000, 0.0000, 0.0000]])
tensor([[-0.5574,  1.0000,  0.0000,  0.0000,  0.0000,  0.0000]])
tensor([[0.3224, 1.0000, 0.0000, 0.0000, 0.0000, 0.0000]])
tensor([[-0.2358,  1.0000,  0.0000,  0.0000,  0.0000,  0.0000]])
tensor([[0.0045, 1.0000, 0.0000, 0.0000, 1.0000, 0.0000]])
tensor([[-0.3683,  1.0000,  0.0000,  0.0000,  0.0000,  0.0000]])
tensor([[-0.2720,  1.0000,  0.0000,  0.0000,  0.0000,  0.0000]])
tensor([[0.9899, 1.0000, 0.0000, 0.0000, 0.0000, 0.0000]])
tensor([[0.2127, 1.0000, 0.0000, 0.0000, 0.0000, 0.0000]])
tensor([[0.0500, 1.0000, 0.0000, 0.0000, 0.0000, 0.0000]])
tensor([[0.7731, 1.0000, 0.0000, 1.0000, 0.0000, 0.0000]])
tensor([[-0.1880,  1.0000,  0.0000,  0.0000,  0.0000,  0.0000]])
tensor([[0.7140, 1.0000, 0.0000, 0.0000, 0.0000, 0.0000]])
tensor([[0.5666, 1.0000, 0.0000, 0.0000, 0.0000, 0.0000]])
tensor([[0.5956, 1.0000, 0.0000, 0.0000, 0.0000, 0.0000]])
tensor([[0.4443, 1.0000, 0.0000, 0.0000, 0.0000, 0.0000]])
tensor([[0.7780, 0.0000, 0.0000, 0.0000, 1.0000, 0.0000]])
tensor([[0.6686, 1.0000, 0.0000, 0.0000, 0.0000, 0.0000]])
tensor([[0.9608, 0.0000, 0.0000, 0.0000, 0.0000, 0.0000]])
tensor([[0.5868, 1.0000, 0.0000, 0.0000, 0.0000, 0.0000]])
tensor([[0.6530, 1.0000, 0.0000, 0.0000, 0.0000, 0.0000]])
tensor([[0.8901, 1.0000, 0.0000, 0.0000, 0.0000, 0.0000]])
tensor([[-0.5226,  1.0000,  0.0000,  0.0000,  0.0000,  0.0000]])
tensor([[-0.7021,  0.0000,  0.0000,  0.0000,  0.0000,  0.0000]])
tensor([[-0.8227,  1.0000,  0.0000,  0.0000,  0.0000,  0.0000]])
tensor([[-0.9969,  1.0000,  0.0000,  0.0000,  0.0000,  0.0000]])
tensor([[-0.9954,  0.0000,  0.0000,  0.0000,  0.0000,  0.0000]])
tensor([[-0.9776,  0.0000,  0.0000,  0.0000,  0.0000,  0.0000]])
tensor([[-0.9960,  1.0000,  1.0000,  0.0000,  0.0000,  0.0000]])
tensor([[-0.7439,  0.0000,  0.0000,  0.0000,  0.0000,  0.0000]])
tensor([[-0.9869,  0.0000,  0.0000,  0.0000,  0.0000,  0.0000]])
tensor([[-0.7092,  0.0000,  0.0000,  0.0000,  0.0000,  0.0000]])
tensor([[-0.8185,  1.0000,  0.0000,  0.0000,  0.0000,  0.0000]])
tensor([[0.9022, 0.0000, 0.0000, 0.0000, 0.0000, 0.0000]])
tensor([[0.4715, 1.0000, 0.0000, 0.0000, 0.0000, 0.0000]])
tensor([[0.8083, 1.0000, 0.0000, 0.0000, 1.0000, 0.0000]])
tensor([[0.4975, 1.0000, 0.0000, 0.0000, 0.0000, 0.0000]])
tensor([[0.8987, 0.0000, 0.0000, 0.0000, 0.0000, 0.0000]])
tensor([[0.0744, 1.0000, 0.0000, 0.0000, 0.0000, 0.0000]])
tensor([[0.9789, 1.0000, 0.0000, 0.0000, 0.0000, 0.0000]])
tensor([[0.3591, 0.0000, 0.0000, 0.0000, 0.0000, 0.0000]])
tensor([[-0.9422,  1.0000,  0.0000,  0.0000,  0.0000,  0.0000]])
tensor([[0.5845, 1.0000, 0.0000, 0.0000, 0.0000, 0.0000]])
tensor([[-0.3154,  0.0000,  0.0000,  0.0000,  0.0000,  0.0000]])
tensor([[0.9167, 1.0000, 0.0000, 0.0000, 0.0000, 0.0000]])
tensor([[0.0325, 1.0000, 0.0000, 0.0000, 0.0000, 0.0000]])
tensor([[-0.0974,  1.0000,  0.0000,  0.0000,  0.0000,  0.0000]])
tensor([[-0.1218,  1.0000,  0.0000,  0.0000,  0.0000,  0.0000]])
tensor([[0.5866, 1.0000, 0.0000, 0.0000, 1.0000, 0.0000]])
tensor([[0.2673, 1.0000, 0.0000, 0.0000, 0.0000, 0.0000]])
tensor([[-0.1899,  1.0000,  0.0000,  0.0000,  0.0000,  0.0000]])
tensor([[-0.0037,  1.0000,  0.0000,  0.0000,  0.0000,  0.0000]])
tensor([[0.0881, 1.0000, 0.0000, 0.0000, 0.0000, 0.0000]])
tensor([[0.6336, 1.0000, 0.0000, 0.0000, 0.0000, 0.0000]])
tensor([[-0.4144,  1.0000,  0.0000,  0.0000,  0.0000,  0.0000]])
tensor([[-0.1822,  1.0000,  0.0000,  0.0000,  0.0000,  0.0000]])
tensor([[0.9201, 1.0000, 0.0000, 0.0000, 0.0000, 0.0000]])
tensor([[0.5258, 1.0000, 0.0000, 0.0000, 0.0000, 0.0000]])
tensor([[-0.7900,  1.0000,  0.0000,  0.0000,  0.0000,  0.0000]])
tensor([[0.6254, 1.0000, 0.0000, 0.0000, 0.0000, 0.0000]])
tensor([[0.6998, 1.0000, 0.0000, 0.0000, 1.0000, 0.0000]])
tensor([[-0.8140,  1.0000,  1.0000,  0.0000,  0.0000,  0.0000]])
tensor([[0.9466, 1.0000, 0.0000, 0.0000, 0.0000, 0.0000]])
tensor([[0.9443, 1.0000, 0.0000, 0.0000, 0.0000, 0.0000]])
tensor([[0.9133, 1.0000, 0.0000, 0.0000, 0.0000, 0.0000]])
tensor([[-0.3490,  0.0000,  0.0000,  0.0000,  0.0000,  0.0000]])
tensor([[0.9521, 1.0000, 0.0000, 0.0000, 0.0000, 0.0000]])
tensor([[0.7791, 1.0000, 0.0000, 0.0000, 0.0000, 0.0000]])
tensor([[0.9365, 0.0000, 0.0000, 0.0000, 0.0000, 0.0000]])
tensor([[0.9818, 1.0000, 0.0000, 0.0000, 0.0000, 0.0000]])
tensor([[0.0888, 1.0000, 0.0000, 0.0000, 0.0000, 0.0000]])
tensor([[0.9761, 1.0000, 0.0000, 0.0000, 0.0000, 0.0000]])
tensor([[0.5042, 1.0000, 0.0000, 0.0000, 1.0000, 0.0000]])
tensor([[-0.3746,  1.0000,  0.0000,  0.0000,  0.0000,  0.0000]])
tensor([[0.7308, 1.0000, 0.0000, 0.0000, 0.0000, 0.0000]])
tensor([[-0.1602,  1.0000,  0.0000,  0.0000,  0.0000,  0.0000]])
tensor([[0.9855, 1.0000, 0.0000, 0.0000, 0.0000, 0.0000]])
tensor([[0.1515, 1.0000, 0.0000, 0.0000, 0.0000, 0.0000]])
tensor([[-0.8184,  1.0000,  0.0000,  0.0000,  1.0000,  0.0000]])
tensor([[0.2499, 0.0000, 0.0000, 0.0000, 0.0000, 0.0000]])
tensor([[0.9695, 1.0000, 0.0000, 0.0000, 0.0000, 0.0000]])
tensor([[0.8772, 1.0000, 0.0000, 0.0000, 1.0000, 0.0000]])
tensor([[-0.7749,  0.0000,  0.0000,  0.0000,  0.0000,  0.0000]])
tensor([[0.9533, 1.0000, 0.0000, 0.0000, 0.0000, 0.0000]])
tensor([[0.8002, 1.0000, 0.0000, 0.0000, 0.0000, 0.0000]])
tensor([[-0.7671,  0.0000,  0.0000,  0.0000,  0.0000,  0.0000]])
tensor([[0.9715, 0.0000, 0.0000, 0.0000, 0.0000, 0.0000]])
tensor([[0.9025, 1.0000, 0.0000, 0.0000, 0.0000, 0.0000]])
tensor([[-0.5776,  1.0000,  0.0000,  0.0000,  0.0000,  0.0000]])
tensor([[0.9898, 1.0000, 0.0000, 0.0000, 0.0000, 0.0000]])
tensor([[0.7068, 1.0000, 0.0000, 0.0000, 0.0000, 0.0000]])
tensor([[0.6839, 1.0000, 0.0000, 0.0000, 0.0000, 0.0000]])
tensor([[0.9432, 1.0000, 0.0000, 0.0000, 0.0000, 1.0000]])
tensor([[-0.6707,  1.0000,  0.0000,  0.0000,  0.0000,  0.0000]])
tensor([[0.9457, 1.0000, 0.0000, 0.0000, 1.0000, 0.0000]])
tensor([[0.2167, 1.0000, 0.0000, 0.0000, 0.0000, 0.0000]])
tensor([[0.4638, 1.0000, 0.0000, 0.0000, 0.0000, 0.0000]])
tensor([[-0.7040,  1.0000,  0.0000,  0.0000,  0.0000,  0.0000]])
tensor([[0.9428, 1.0000, 0.0000, 0.0000, 0.0000, 0.0000]])
tensor([[0.7990, 1.0000, 0.0000, 0.0000, 1.0000, 0.0000]])
tensor([[0.7048, 1.0000, 0.0000, 0.0000, 0.0000, 0.0000]])
tensor([[-0.9097,  1.0000,  0.0000,  0.0000,  0.0000,  1.0000]])
tensor([[0.9591, 1.0000, 0.0000, 1.0000, 1.0000, 0.0000]])
tensor([[0.2172, 1.0000, 0.0000, 0.0000, 0.0000, 0.0000]])
tensor([[0.7196, 1.0000, 0.0000, 0.0000, 0.0000, 0.0000]])
tensor([[-0.4503,  1.0000,  0.0000,  0.0000,  0.0000,  0.0000]])
tensor([[-0.9938,  1.0000,  0.0000,  0.0000,  0.0000,  0.0000]])
tensor([[-0.7215,  1.0000,  0.0000,  0.0000,  0.0000,  0.0000]])
tensor([[0.9838, 0.0000, 0.0000, 0.0000, 0.0000, 0.0000]])
tensor([[0.9996, 1.0000, 0.0000, 0.0000, 0.0000, 0.0000]])
tensor([[0.9784, 1.0000, 0.0000, 0.0000, 1.0000, 0.0000]])
tensor([[0.6214, 1.0000, 0.0000, 0.0000, 0.0000, 0.0000]])
tensor([[-0.9837,  1.0000,  0.0000,  0.0000,  0.0000,  0.0000]])
tensor([[-0.9986,  1.0000,  0.0000,  0.0000,  0.0000,  0.0000]])
tensor([[-0.9665,  1.0000,  1.0000,  0.0000,  0.0000,  1.0000]])
tensor([[-0.9770,  0.0000,  0.0000,  0.0000,  0.0000,  0.0000]])
tensor([[0.9724, 1.0000, 0.0000, 0.0000, 0.0000, 0.0000]])
tensor([[0.9990, 1.0000, 0.0000, 0.0000, 0.0000, 0.0000]])
tensor([[0.9983, 1.0000, 0.0000, 0.0000, 0.0000, 0.0000]])
tensor([[0.9993, 1.0000, 0.0000, 0.0000, 0.0000, 0.0000]])
tensor([[0.9924, 1.0000, 0.0000, 0.0000, 0.0000, 0.0000]])
tensor([[0.9954, 1.0000, 0.0000, 0.0000, 0.0000, 0.0000]])
tensor([[0.9823, 1.0000, 0.0000, 0.0000, 0.0000, 0.0000]])
tensor([[-0.5436,  0.0000,  0.0000,  0.0000,  0.0000,  0.0000]])
tensor([[-0.6840,  1.0000,  0.0000,  0.0000,  0.0000,  0.0000]])
tensor([[-0.7982,  1.0000,  0.0000,  0.0000,  0.0000,  0.0000]])
tensor([[-0.0331,  1.0000,  0.0000,  0.0000,  0.0000,  0.0000]])
tensor([[-0.2966,  1.0000,  1.0000,  0.0000,  0.0000,  0.0000]])
tensor([[-0.1516,  1.0000,  0.0000,  0.0000,  0.0000,  0.0000]])
tensor([[-0.4866,  0.0000,  0.0000,  0.0000,  0.0000,  0.0000]])
tensor([[-0.3077,  0.0000,  0.0000,  0.0000,  0.0000,  0.0000]])
tensor([[0.0613, 1.0000, 0.0000, 0.0000, 0.0000, 0.0000]])
tensor([[-0.2174,  0.0000,  0.0000,  0.0000,  0.0000,  0.0000]])
tensor([[-0.9844,  1.0000,  0.0000,  0.0000,  0.0000,  0.0000]])
tensor([[-0.8518,  1.0000,  0.0000,  0.0000,  1.0000,  0.0000]])
tensor([[0.0063, 1.0000, 0.0000, 0.0000, 0.0000, 0.0000]])
tensor([[-0.6203,  1.0000,  0.0000,  0.0000,  1.0000,  0.0000]])
tensor([[-0.7768,  1.0000,  0.0000,  0.0000,  0.0000,  0.0000]])
tensor([[-0.7611,  1.0000,  0.0000,  0.0000,  0.0000,  0.0000]])
tensor([[0.8765, 0.0000, 0.0000, 0.0000, 0.0000, 0.0000]])
tensor([[0.6378, 0.0000, 0.0000, 0.0000, 0.0000, 0.0000]])
tensor([[-0.9960,  1.0000,  0.0000,  0.0000,  0.0000,  0.0000]])
tensor([[-0.9533,  1.0000,  0.0000,  0.0000,  0.0000,  0.0000]])
tensor([[-0.7555,  1.0000,  0.0000,  0.0000,  0.0000,  0.0000]])
tensor([[-0.1806,  1.0000,  0.0000,  0.0000,  0.0000,  0.0000]])
tensor([[0.3543, 1.0000, 0.0000, 0.0000, 0.0000, 0.0000]])
tensor([[0.7484, 0.0000, 0.0000, 0.0000, 0.0000, 0.0000]])
tensor([[0.6490, 1.0000, 0.0000, 0.0000, 0.0000, 0.0000]])
tensor([[0.8384, 1.0000, 0.0000, 0.0000, 0.0000, 0.0000]])
tensor([[0.7086, 1.0000, 0.0000, 0.0000, 0.0000, 0.0000]])
tensor([[0.4959, 0.0000, 0.0000, 0.0000, 0.0000, 0.0000]])
tensor([[0.1077, 1.0000, 0.0000, 1.0000, 0.0000, 0.0000]])
tensor([[-0.4853,  1.0000,  0.0000,  0.0000,  0.0000,  0.0000]])
tensor([[-0.2017,  1.0000,  0.0000,  0.0000,  0.0000,  0.0000]])
tensor([[-0.1857,  1.0000,  0.0000,  0.0000,  0.0000,  0.0000]])
tensor([[0.5320, 1.0000, 0.0000, 0.0000, 0.0000, 0.0000]])
tensor([[-0.2049,  1.0000,  1.0000,  0.0000,  0.0000,  0.0000]])
tensor([[-0.0390,  1.0000,  0.0000,  0.0000,  0.0000,  0.0000]])
tensor([[-0.0391,  0.0000,  0.0000,  0.0000,  0.0000,  0.0000]])
tensor([[0.3707, 0.0000, 0.0000, 0.0000, 0.0000, 0.0000]])
tensor([[-0.5570,  1.0000,  0.0000,  0.0000,  0.0000,  0.0000]])
tensor([[0.2606, 0.0000, 0.0000, 0.0000, 0.0000, 0.0000]])
tensor([[-0.5316,  0.0000,  0.0000,  0.0000,  0.0000,  0.0000]])
tensor([[0.2548, 1.0000, 0.0000, 0.0000, 0.0000, 0.0000]])
tensor([[-0.0504,  1.0000,  0.0000,  0.0000,  0.0000,  0.0000]])
tensor([[0.3167, 1.0000, 0.0000, 0.0000, 0.0000, 0.0000]])
tensor([[-0.4721,  1.0000,  0.0000,  0.0000,  0.0000,  0.0000]])
tensor([[-0.0997,  1.0000,  0.0000,  0.0000,  0.0000,  0.0000]])
tensor([[0.4273, 1.0000, 0.0000, 0.0000, 0.0000, 0.0000]])
tensor([[-0.9051,  1.0000,  0.0000,  0.0000,  0.0000,  0.0000]])
tensor([[-0.8233,  1.0000,  0.0000,  0.0000,  0.0000,  0.0000]])
tensor([[0.6605, 1.0000, 0.0000, 0.0000, 0.0000, 0.0000]])
tensor([[-0.6810,  1.0000,  0.0000,  0.0000,  0.0000,  0.0000]])
tensor([[0.8806, 1.0000, 0.0000, 0.0000, 0.0000, 0.0000]])
tensor([[-0.9105,  0.0000,  0.0000,  0.0000,  0.0000,  0.0000]])
tensor([[-0.9361,  1.0000,  0.0000,  0.0000,  0.0000,  0.0000]])
tensor([[-0.9576,  1.0000,  0.0000,  0.0000,  0.0000,  0.0000]])
tensor([[0.2068, 1.0000, 0.0000, 0.0000, 0.0000, 0.0000]])
tensor([[-0.7000,  1.0000,  0.0000,  0.0000,  0.0000,  0.0000]])
tensor([[-0.7689,  1.0000,  0.0000,  0.0000,  0.0000,  0.0000]])
tensor([[-0.6415,  1.0000,  0.0000,  0.0000,  1.0000,  0.0000]])
tensor([[0.5619, 1.0000, 0.0000, 0.0000, 0.0000, 0.0000]])
tensor([[0.5405, 1.0000, 0.0000, 0.0000, 1.0000, 0.0000]])
tensor([[-0.8951,  0.0000,  0.0000,  0.0000,  1.0000,  0.0000]])
tensor([[-0.7448,  0.0000,  0.0000,  0.0000,  0.0000,  0.0000]])
tensor([[0.1544, 1.0000, 0.0000, 0.0000, 0.0000, 0.0000]])
tensor([[0.1221, 1.0000, 0.0000, 0.0000, 0.0000, 0.0000]])
tensor([[-0.5384,  1.0000,  0.0000,  0.0000,  0.0000,  0.0000]])
tensor([[0.2278, 1.0000, 0.0000, 0.0000, 0.0000, 0.0000]])
tensor([[-0.7799,  1.0000,  0.0000,  0.0000,  1.0000,  0.0000]])
tensor([[-0.2213,  1.0000,  0.0000,  0.0000,  0.0000,  0.0000]])
tensor([[0.6400, 1.0000, 0.0000, 0.0000, 0.0000, 0.0000]])
tensor([[-0.2011,  1.0000,  0.0000,  0.0000,  0.0000,  0.0000]])
tensor([[-0.5167,  0.0000,  0.0000,  0.0000,  0.0000,  0.0000]])
tensor([[0.4799, 1.0000, 0.0000, 0.0000, 0.0000, 0.0000]])
tensor([[0.0310, 0.0000, 0.0000, 0.0000, 1.0000, 0.0000]])
tensor([[-0.1471,  1.0000,  0.0000,  0.0000,  0.0000,  0.0000]])
tensor([[0.1582, 0.0000, 0.0000, 0.0000, 0.0000, 0.0000]])
tensor([[0.0179, 1.0000, 0.0000, 0.0000, 0.0000, 0.0000]])
tensor([[0.9670, 1.0000, 0.0000, 0.0000, 0.0000, 0.0000]])
tensor([[0.9252, 1.0000, 0.0000, 0.0000, 0.0000, 0.0000]])
tensor([[0.9932, 1.0000, 0.0000, 0.0000, 0.0000, 0.0000]])
tensor([[0.9997, 1.0000, 0.0000, 0.0000, 0.0000, 0.0000]])
tensor([[0.9992, 1.0000, 0.0000, 0.0000, 0.0000, 0.0000]])
tensor([[0.9998, 1.0000, 0.0000, 0.0000, 0.0000, 0.0000]])
tensor([[0.9964, 1.0000, 0.0000, 0.0000, 0.0000, 0.0000]])
tensor([[0.9965, 1.0000, 0.0000, 0.0000, 0.0000, 0.0000]])
tensor([[0.9994, 0.0000, 0.0000, 0.0000, 0.0000, 0.0000]])
tensor([[0.9957, 1.0000, 0.0000, 0.0000, 0.0000, 0.0000]])
tensor([[0.6664, 1.0000, 0.0000, 0.0000, 0.0000, 0.0000]])
tensor([[-0.5192,  1.0000,  0.0000,  0.0000,  1.0000,  0.0000]])
tensor([[-0.0929,  1.0000,  0.0000,  0.0000,  0.0000,  0.0000]])
tensor([[0.3606, 1.0000, 0.0000, 0.0000, 0.0000, 0.0000]])
tensor([[-0.4344,  1.0000,  0.0000,  0.0000,  0.0000,  0.0000]])
tensor([[-0.0749,  0.0000,  0.0000,  0.0000,  0.0000,  0.0000]])
tensor([[-0.1634,  0.0000,  0.0000,  0.0000,  0.0000,  0.0000]])
tensor([[-0.0420,  1.0000,  0.0000,  0.0000,  0.0000,  0.0000]])
tensor([[0.3736, 1.0000, 0.0000, 0.0000, 0.0000, 0.0000]])
tensor([[0.7099, 1.0000, 0.0000, 0.0000, 0.0000, 0.0000]])
tensor([[0.2654, 1.0000, 0.0000, 0.0000, 0.0000, 0.0000]])
tensor([[-0.0029,  1.0000,  0.0000,  0.0000,  0.0000,  0.0000]])
tensor([[0.7887, 1.0000, 0.0000, 0.0000, 0.0000, 0.0000]])
tensor([[0.7972, 1.0000, 0.0000, 0.0000, 0.0000, 0.0000]])
tensor([[-0.1170,  1.0000,  0.0000,  0.0000,  0.0000,  0.0000]])
tensor([[0.8001, 1.0000, 0.0000, 0.0000, 0.0000, 0.0000]])
tensor([[0.9993, 1.0000, 0.0000, 0.0000, 1.0000, 0.0000]])
tensor([[0.9989, 0.0000, 0.0000, 0.0000, 0.0000, 0.0000]])
tensor([[0.9991, 1.0000, 0.0000, 0.0000, 0.0000, 0.0000]])
tensor([[0.9993, 1.0000, 0.0000, 0.0000, 0.0000, 0.0000]])
tensor([[0.9991, 1.0000, 0.0000, 0.0000, 0.0000, 0.0000]])
tensor([[0.9988, 1.0000, 0.0000, 0.0000, 0.0000, 0.0000]])
tensor([[0.9998, 1.0000, 0.0000, 0.0000, 0.0000, 0.0000]])
tensor([[0.9957, 1.0000, 0.0000, 0.0000, 0.0000, 0.0000]])
tensor([[0.9574, 1.0000, 0.0000, 0.0000, 0.0000, 0.0000]])
tensor([[0.5448, 1.0000, 0.0000, 0.0000, 0.0000, 0.0000]])
tensor([[-0.8967,  1.0000,  0.0000,  0.0000,  0.0000,  0.0000]])
tensor([[-0.6433,  1.0000,  0.0000,  0.0000,  0.0000,  0.0000]])
tensor([[0.1850, 1.0000, 0.0000, 0.0000, 0.0000, 0.0000]])
tensor([[0.4755, 0.0000, 0.0000, 0.0000, 0.0000, 0.0000]])
tensor([[-0.6225,  1.0000,  0.0000,  0.0000,  0.0000,  0.0000]])
tensor([[-0.1246,  1.0000,  0.0000,  0.0000,  0.0000,  0.0000]])
tensor([[0.5885, 1.0000, 0.0000, 0.0000, 0.0000, 0.0000]])
tensor([[0.0550, 1.0000, 0.0000, 0.0000, 1.0000, 0.0000]])
tensor([[-0.4535,  1.0000,  1.0000,  0.0000,  0.0000,  0.0000]])
tensor([[0.0830, 1.0000, 0.0000, 0.0000, 0.0000, 0.0000]])
tensor([[-0.0387,  1.0000,  0.0000,  0.0000,  0.0000,  0.0000]])
tensor([[-0.0502,  1.0000,  0.0000,  0.0000,  0.0000,  0.0000]])
tensor([[-0.6089,  1.0000,  1.0000,  0.0000,  0.0000,  0.0000]])
tensor([[0.0525, 1.0000, 1.0000, 0.0000, 0.0000, 0.0000]])
tensor([[0.0092, 1.0000, 0.0000, 0.0000, 0.0000, 0.0000]])
tensor([[-0.2860,  1.0000,  0.0000,  0.0000,  0.0000,  0.0000]])
tensor([[-0.1745,  1.0000,  0.0000,  0.0000,  0.0000,  0.0000]])
tensor([[-0.7162,  1.0000,  0.0000,  0.0000,  0.0000,  0.0000]])
tensor([[-0.3762,  1.0000,  0.0000,  0.0000,  0.0000,  0.0000]])
tensor([[-0.0282,  1.0000,  1.0000,  0.0000,  0.0000,  0.0000]])
tensor([[-0.6165,  0.0000,  0.0000,  0.0000,  0.0000,  0.0000]])
tensor([[-0.0991,  0.0000,  0.0000,  0.0000,  0.0000,  0.0000]])
tensor([[-0.3684,  0.0000,  0.0000,  0.0000,  0.0000,  0.0000]])
tensor([[-0.7818,  0.0000,  0.0000,  0.0000,  0.0000,  0.0000]])
tensor([[-0.9429,  1.0000,  1.0000,  0.0000,  0.0000,  0.0000]])
tensor([[-0.9981,  0.0000,  0.0000,  0.0000,  0.0000,  0.0000]])
tensor([[-0.9586,  0.0000,  0.0000,  0.0000,  0.0000,  0.0000]])
tensor([[0.3271, 1.0000, 0.0000, 0.0000, 0.0000, 0.0000]])
tensor([[-0.4451,  1.0000,  0.0000,  0.0000,  0.0000,  0.0000]])
tensor([[-0.9223,  0.0000,  0.0000,  0.0000,  0.0000,  0.0000]])
tensor([[0.0905, 1.0000, 0.0000, 0.0000, 0.0000, 0.0000]])
tensor([[-0.2922,  1.0000,  0.0000,  0.0000,  0.0000,  0.0000]])
tensor([[-0.4527,  1.0000,  0.0000,  0.0000,  0.0000,  0.0000]])
tensor([[-0.7284,  0.0000,  0.0000,  0.0000,  0.0000,  0.0000]])
tensor([[0.7321, 1.0000, 0.0000, 0.0000, 0.0000, 0.0000]])
tensor([[0.2600, 1.0000, 0.0000, 0.0000, 0.0000, 0.0000]])
tensor([[-0.4573,  1.0000,  0.0000,  0.0000,  0.0000,  0.0000]])
tensor([[-0.3581,  0.0000,  0.0000,  0.0000,  0.0000,  0.0000]])
tensor([[0.1576, 1.0000, 0.0000, 0.0000, 0.0000, 0.0000]])
tensor([[0.8181, 1.0000, 0.0000, 0.0000, 0.0000, 0.0000]])
tensor([[-0.5955,  0.0000,  0.0000,  0.0000,  0.0000,  0.0000]])
tensor([[-0.4919,  1.0000,  0.0000,  0.0000,  0.0000,  0.0000]])
tensor([[0.6122, 1.0000, 0.0000, 0.0000, 0.0000, 0.0000]])
tensor([[-0.2479,  1.0000,  0.0000,  0.0000,  0.0000,  0.0000]])
tensor([[0.1638, 1.0000, 0.0000, 0.0000, 0.0000, 0.0000]])
tensor([[-0.1950,  1.0000,  0.0000,  0.0000,  0.0000,  0.0000]])
tensor([[-0.2316,  0.0000,  0.0000,  0.0000,  0.0000,  0.0000]])
tensor([[0.5872, 1.0000, 0.0000, 0.0000, 0.0000, 0.0000]])
tensor([[-0.1529,  1.0000,  0.0000,  0.0000,  0.0000,  0.0000]])
tensor([[0.0396, 1.0000, 0.0000, 0.0000, 0.0000, 0.0000]])
tensor([[-0.4113,  0.0000,  0.0000,  0.0000,  0.0000,  0.0000]])
tensor([[-0.0476,  1.0000,  0.0000,  0.0000,  0.0000,  0.0000]])
tensor([[0.7754, 1.0000, 0.0000, 0.0000, 0.0000, 0.0000]])
tensor([[-0.4090,  1.0000,  0.0000,  1.0000,  0.0000,  0.0000]])
tensor([[0.2429, 0.0000, 0.0000, 0.0000, 0.0000, 0.0000]])
tensor([[0.8839, 1.0000, 0.0000, 0.0000, 0.0000, 0.0000]])
tensor([[0.2507, 0.0000, 0.0000, 0.0000, 0.0000, 0.0000]])
tensor([[-0.7393,  0.0000,  0.0000,  1.0000,  0.0000,  0.0000]])
tensor([[0.1164, 0.0000, 0.0000, 0.0000, 0.0000, 0.0000]])
tensor([[0.9326, 1.0000, 0.0000, 0.0000, 0.0000, 0.0000]])
tensor([[0.3424, 1.0000, 1.0000, 0.0000, 0.0000, 0.0000]])
tensor([[-0.7716,  1.0000,  0.0000,  0.0000,  0.0000,  0.0000]])
tensor([[-0.3170,  0.0000,  0.0000,  0.0000,  0.0000,  0.0000]])
tensor([[0.9188, 1.0000, 0.0000, 0.0000, 0.0000, 0.0000]])
tensor([[-0.5253,  1.0000,  0.0000,  0.0000,  0.0000,  0.0000]])
INFO:root:Agent 0 (TQCars): avg action time = 0.0019s
tensor([[0.1942, 1.0000, 0.0000, 0.0000, 0.0000, 0.0000]])
tensor([[0.2544, 1.0000, 0.0000, 0.0000, 0.0000, 0.0000]])
tensor([[-0.4946,  1.0000,  0.0000,  0.0000,  0.0000,  0.0000]])
{"type": "results", "track": "cornfield_crossing", "results": [{"key": 0, "reward": 10.039501953125, "position": 4, "name": "TQCars", "avg_action_time": 0.0019000872774016478}]}
