INFO:root:Loading the agents
INFO:root:Loaded player TQCars
INFO:root:Creating pystk-1
INFO:root:Adding wrapper <function get_wrappers.<locals>.<lambda> at 0x7bd4ed1eb420>
INFO:root:Adding wrapper <function get_wrappers.<locals>.<lambda> at 0x7bd4ed1eb4c0>
INFO:root:Adding wrapper <function get_wrappers.<locals>.<lambda> at 0x7bd4ed1eb560>
INFO:root:Adding wrapper <function get_wrappers.<locals>.<lambda> at 0x7bd4ed1eb600>
INFO:root:(multi-env mono adapter) Setting main environment max_paths to 5
INFO:root:Loading trained model from CHECKPOINT-GPUFAC/tqc_EXP12_1100000.pt...
INFO:root:Starting a race
..:: Antarctica Rendering Engine 2.0 ::..
tensor([[0.6225, 0.0000, 0.0000, 0.0000, 0.0000, 0.0000]])
tensor([[0.5509, 1.0000, 0.0000, 0.0000, 0.0000, 0.0000]])
tensor([[0.7237, 0.0000, 0.0000, 0.0000, 0.0000, 0.0000]])
tensor([[0.8153, 1.0000, 0.0000, 0.0000, 0.0000, 0.0000]])
tensor([[0.8539, 1.0000, 0.0000, 0.0000, 0.0000, 0.0000]])
tensor([[0.5031, 1.0000, 0.0000, 0.0000, 0.0000, 0.0000]])
tensor([[0.6860, 0.0000, 0.0000, 0.0000, 0.0000, 0.0000]])
tensor([[0.6773, 1.0000, 0.0000, 0.0000, 0.0000, 0.0000]])
tensor([[0.7179, 1.0000, 0.0000, 0.0000, 0.0000, 0.0000]])
tensor([[0.5071, 1.0000, 0.0000, 0.0000, 0.0000, 0.0000]])
tensor([[0.4552, 1.0000, 1.0000, 0.0000, 0.0000, 0.0000]])
tensor([[0.5498, 0.0000, 0.0000, 0.0000, 0.0000, 0.0000]])
tensor([[0.6021, 1.0000, 0.0000, 0.0000, 0.0000, 0.0000]])
tensor([[0.7778, 1.0000, 0.0000, 0.0000, 0.0000, 0.0000]])
tensor([[0.5976, 1.0000, 0.0000, 0.0000, 0.0000, 0.0000]])
tensor([[0.6149, 0.0000, 0.0000, 0.0000, 0.0000, 0.0000]])
tensor([[0.6414, 0.0000, 0.0000, 0.0000, 0.0000, 0.0000]])
tensor([[0.7531, 1.0000, 0.0000, 0.0000, 0.0000, 0.0000]])
tensor([[0.5461, 1.0000, 0.0000, 0.0000, 0.0000, 0.0000]])
tensor([[0.5554, 1.0000, 0.0000, 0.0000, 0.0000, 0.0000]])
tensor([[0.1823, 1.0000, 0.0000, 0.0000, 0.0000, 0.0000]])
tensor([[-0.2246,  1.0000,  0.0000,  0.0000,  0.0000,  0.0000]])
tensor([[0.7290, 1.0000, 0.0000, 0.0000, 0.0000, 0.0000]])
tensor([[0.4609, 1.0000, 0.0000, 0.0000, 0.0000, 0.0000]])
tensor([[0.8239, 1.0000, 0.0000, 0.0000, 0.0000, 0.0000]])
tensor([[-0.6589,  1.0000,  0.0000,  0.0000,  0.0000,  0.0000]])
tensor([[0.6658, 0.0000, 0.0000, 0.0000, 0.0000, 0.0000]])
tensor([[-0.9439,  1.0000,  0.0000,  0.0000,  0.0000,  0.0000]])
tensor([[-0.2145,  1.0000,  0.0000,  0.0000,  0.0000,  0.0000]])
tensor([[0.8001, 1.0000, 0.0000, 0.0000, 1.0000, 0.0000]])
tensor([[-0.7202,  1.0000,  0.0000,  0.0000,  0.0000,  0.0000]])
tensor([[0.1292, 1.0000, 0.0000, 0.0000, 1.0000, 0.0000]])
tensor([[-0.6586,  0.0000,  0.0000,  0.0000,  0.0000,  0.0000]])
tensor([[-0.5894,  1.0000,  0.0000,  0.0000,  0.0000,  0.0000]])
tensor([[-0.6601,  0.0000,  0.0000,  0.0000,  0.0000,  0.0000]])
tensor([[-0.3437,  1.0000,  0.0000,  0.0000,  0.0000,  0.0000]])
tensor([[0.5777, 0.0000, 0.0000, 0.0000, 0.0000, 0.0000]])
tensor([[-0.6586,  1.0000,  0.0000,  0.0000,  0.0000,  0.0000]])
tensor([[0.1403, 0.0000, 0.0000, 0.0000, 0.0000, 0.0000]])
tensor([[-0.4595,  1.0000,  0.0000,  0.0000,  0.0000,  0.0000]])
tensor([[0.2788, 0.0000, 0.0000, 0.0000, 1.0000, 0.0000]])
tensor([[-0.3783,  1.0000,  0.0000,  0.0000,  0.0000,  0.0000]])
tensor([[-0.1823,  1.0000,  0.0000,  0.0000,  0.0000,  0.0000]])
tensor([[0.6837, 1.0000, 0.0000, 0.0000, 0.0000, 0.0000]])
tensor([[-0.5429,  1.0000,  0.0000,  0.0000,  0.0000,  0.0000]])
tensor([[-0.2036,  1.0000,  0.0000,  0.0000,  0.0000,  1.0000]])
tensor([[0.4730, 0.0000, 0.0000, 0.0000, 0.0000, 0.0000]])
tensor([[-0.6497,  1.0000,  0.0000,  0.0000,  0.0000,  0.0000]])
tensor([[0.3801, 1.0000, 0.0000, 0.0000, 0.0000, 0.0000]])
tensor([[0.1544, 1.0000, 0.0000, 0.0000, 0.0000, 0.0000]])
tensor([[-0.1562,  1.0000,  0.0000,  0.0000,  0.0000,  0.0000]])
tensor([[0.2407, 1.0000, 0.0000, 0.0000, 0.0000, 0.0000]])
tensor([[-0.1746,  1.0000,  0.0000,  0.0000,  0.0000,  0.0000]])
tensor([[0.4502, 1.0000, 0.0000, 0.0000, 0.0000, 0.0000]])
tensor([[0.5842, 1.0000, 0.0000, 0.0000, 0.0000, 0.0000]])
tensor([[-0.1206,  1.0000,  1.0000,  0.0000,  0.0000,  0.0000]])
tensor([[-0.3663,  1.0000,  0.0000,  0.0000,  0.0000,  0.0000]])
tensor([[0.4428, 0.0000, 0.0000, 0.0000, 0.0000, 0.0000]])
tensor([[-0.2144,  1.0000,  0.0000,  0.0000,  0.0000,  0.0000]])
tensor([[-0.6961,  1.0000,  0.0000,  0.0000,  0.0000,  0.0000]])
tensor([[0.0789, 1.0000, 0.0000, 0.0000, 0.0000, 0.0000]])
tensor([[0.0860, 1.0000, 0.0000, 0.0000, 1.0000, 0.0000]])
tensor([[-0.6407,  1.0000,  0.0000,  0.0000,  0.0000,  0.0000]])
tensor([[-0.4294,  0.0000,  0.0000,  0.0000,  0.0000,  0.0000]])
tensor([[0.6994, 0.0000, 0.0000, 0.0000, 0.0000, 0.0000]])
tensor([[0.6214, 0.0000, 0.0000, 0.0000, 0.0000, 0.0000]])
tensor([[-0.5796,  1.0000,  0.0000,  0.0000,  0.0000,  0.0000]])
tensor([[-0.3043,  0.0000,  0.0000,  0.0000,  0.0000,  0.0000]])
tensor([[0.6742, 1.0000, 0.0000, 0.0000, 0.0000, 0.0000]])
tensor([[0.3433, 1.0000, 0.0000, 0.0000, 0.0000, 0.0000]])
tensor([[-0.0315,  0.0000,  0.0000,  0.0000,  0.0000,  0.0000]])
tensor([[-0.1285,  1.0000,  0.0000,  0.0000,  0.0000,  0.0000]])
tensor([[0.4204, 1.0000, 0.0000, 0.0000, 0.0000, 0.0000]])
tensor([[-0.4068,  0.0000,  0.0000,  0.0000,  0.0000,  0.0000]])
tensor([[0.2681, 0.0000, 0.0000, 0.0000, 0.0000, 0.0000]])
tensor([[-0.6355,  0.0000,  0.0000,  0.0000,  0.0000,  0.0000]])
tensor([[-0.4610,  1.0000,  0.0000,  0.0000,  0.0000,  0.0000]])
tensor([[-0.4787,  0.0000,  0.0000,  0.0000,  0.0000,  0.0000]])
tensor([[-0.3260,  1.0000,  0.0000,  0.0000,  0.0000,  0.0000]])
tensor([[-0.0605,  1.0000,  0.0000,  0.0000,  0.0000,  0.0000]])
tensor([[-0.1218,  1.0000,  0.0000,  0.0000,  0.0000,  0.0000]])
tensor([[-0.5804,  1.0000,  0.0000,  0.0000,  0.0000,  0.0000]])
tensor([[-0.4264,  1.0000,  0.0000,  0.0000,  0.0000,  0.0000]])
tensor([[-0.7352,  1.0000,  0.0000,  0.0000,  0.0000,  0.0000]])
tensor([[-0.0695,  1.0000,  0.0000,  0.0000,  0.0000,  0.0000]])
tensor([[-0.3679,  1.0000,  0.0000,  0.0000,  0.0000,  0.0000]])
tensor([[0.4842, 1.0000, 0.0000, 0.0000, 0.0000, 0.0000]])
tensor([[-0.7317,  1.0000,  0.0000,  0.0000,  0.0000,  0.0000]])
tensor([[-0.8629,  1.0000,  0.0000,  0.0000,  1.0000,  0.0000]])
tensor([[0.1527, 0.0000, 0.0000, 0.0000, 0.0000, 0.0000]])
tensor([[-0.2639,  1.0000,  0.0000,  0.0000,  0.0000,  0.0000]])
tensor([[0.3400, 1.0000, 0.0000, 0.0000, 0.0000, 0.0000]])
tensor([[-0.6886,  1.0000,  0.0000,  0.0000,  1.0000,  0.0000]])
tensor([[0.7911, 1.0000, 0.0000, 0.0000, 0.0000, 0.0000]])
tensor([[-0.9203,  1.0000,  0.0000,  0.0000,  0.0000,  0.0000]])
tensor([[0.0040, 0.0000, 0.0000, 0.0000, 0.0000, 0.0000]])
tensor([[-0.4147,  1.0000,  0.0000,  0.0000,  1.0000,  0.0000]])
tensor([[0.2306, 1.0000, 0.0000, 0.0000, 0.0000, 0.0000]])
tensor([[-0.1708,  1.0000,  0.0000,  0.0000,  0.0000,  0.0000]])
tensor([[-0.3133,  1.0000,  0.0000,  0.0000,  0.0000,  0.0000]])
tensor([[0.7504, 1.0000, 0.0000, 0.0000, 0.0000, 0.0000]])
tensor([[0.5890, 1.0000, 0.0000, 0.0000, 0.0000, 0.0000]])
tensor([[0.6368, 1.0000, 0.0000, 0.0000, 0.0000, 0.0000]])
tensor([[0.3944, 1.0000, 0.0000, 0.0000, 0.0000, 0.0000]])
tensor([[-0.5881,  1.0000,  0.0000,  0.0000,  0.0000,  0.0000]])
tensor([[0.5231, 1.0000, 0.0000, 0.0000, 0.0000, 0.0000]])
tensor([[-0.5059,  0.0000,  0.0000,  0.0000,  0.0000,  0.0000]])
tensor([[-0.0853,  1.0000,  0.0000,  0.0000,  0.0000,  0.0000]])
tensor([[-0.1198,  1.0000,  0.0000,  0.0000,  1.0000,  0.0000]])
tensor([[0.1664, 1.0000, 0.0000, 0.0000, 0.0000, 0.0000]])
tensor([[-0.0695,  0.0000,  0.0000,  0.0000,  0.0000,  0.0000]])
tensor([[-0.4929,  1.0000,  1.0000,  0.0000,  0.0000,  0.0000]])
tensor([[-0.8207,  1.0000,  0.0000,  0.0000,  0.0000,  0.0000]])
tensor([[0.4110, 1.0000, 0.0000, 0.0000, 0.0000, 0.0000]])
tensor([[-0.7512,  1.0000,  0.0000,  0.0000,  0.0000,  0.0000]])
tensor([[-0.7916,  1.0000,  0.0000,  0.0000,  0.0000,  0.0000]])
tensor([[-0.9176,  1.0000,  0.0000,  0.0000,  0.0000,  0.0000]])
tensor([[-0.7887,  1.0000,  0.0000,  0.0000,  0.0000,  0.0000]])
tensor([[-0.5701,  0.0000,  0.0000,  0.0000,  0.0000,  0.0000]])
tensor([[-0.7711,  1.0000,  0.0000,  0.0000,  0.0000,  0.0000]])
tensor([[0.8337, 1.0000, 0.0000, 0.0000, 0.0000, 0.0000]])
tensor([[-0.2997,  0.0000,  0.0000,  0.0000,  0.0000,  0.0000]])
tensor([[-0.6351,  1.0000,  0.0000,  0.0000,  0.0000,  0.0000]])
tensor([[-0.8892,  1.0000,  0.0000,  0.0000,  0.0000,  0.0000]])
tensor([[-0.8807,  0.0000,  0.0000,  0.0000,  0.0000,  0.0000]])
tensor([[-0.7510,  1.0000,  0.0000,  0.0000,  0.0000,  0.0000]])
tensor([[-0.9839,  0.0000,  0.0000,  0.0000,  0.0000,  0.0000]])
tensor([[-0.5960,  0.0000,  0.0000,  0.0000,  0.0000,  0.0000]])
tensor([[0.0560, 1.0000, 0.0000, 0.0000, 0.0000, 0.0000]])
tensor([[-0.8098,  1.0000,  0.0000,  0.0000,  0.0000,  0.0000]])
tensor([[-0.8961,  0.0000,  0.0000,  0.0000,  0.0000,  0.0000]])
tensor([[-0.9774,  0.0000,  0.0000,  0.0000,  0.0000,  0.0000]])
tensor([[-0.9698,  1.0000,  0.0000,  0.0000,  0.0000,  0.0000]])
tensor([[-0.9971,  0.0000,  0.0000,  0.0000,  0.0000,  0.0000]])
tensor([[-0.9700,  0.0000,  0.0000,  0.0000,  0.0000,  0.0000]])
tensor([[-0.8963,  1.0000,  0.0000,  0.0000,  0.0000,  0.0000]])
tensor([[-0.9649,  1.0000,  0.0000,  0.0000,  0.0000,  0.0000]])
tensor([[-0.9484,  1.0000,  0.0000,  0.0000,  0.0000,  0.0000]])
tensor([[-0.9259,  1.0000,  0.0000,  0.0000,  0.0000,  0.0000]])
tensor([[-0.9241,  1.0000,  1.0000,  0.0000,  0.0000,  0.0000]])
tensor([[-0.8601,  1.0000,  0.0000,  0.0000,  0.0000,  0.0000]])
tensor([[0.4935, 1.0000, 0.0000, 0.0000, 0.0000, 0.0000]])
tensor([[-0.6278,  1.0000,  0.0000,  0.0000,  1.0000,  0.0000]])
tensor([[-0.4570,  1.0000,  0.0000,  0.0000,  0.0000,  0.0000]])
tensor([[0.4922, 1.0000, 0.0000, 0.0000, 0.0000, 0.0000]])
tensor([[-0.7738,  1.0000,  0.0000,  0.0000,  0.0000,  0.0000]])
tensor([[-0.2801,  0.0000,  0.0000,  0.0000,  0.0000,  0.0000]])
tensor([[0.1690, 1.0000, 0.0000, 0.0000, 0.0000, 0.0000]])
tensor([[0.6520, 1.0000, 0.0000, 0.0000, 0.0000, 0.0000]])
tensor([[0.3700, 1.0000, 0.0000, 0.0000, 0.0000, 0.0000]])
tensor([[-0.6073,  1.0000,  0.0000,  0.0000,  0.0000,  0.0000]])
tensor([[-0.2136,  1.0000,  0.0000,  0.0000,  0.0000,  0.0000]])
tensor([[-0.9998,  1.0000,  0.0000,  0.0000,  0.0000,  0.0000]])
tensor([[-0.9979,  0.0000,  0.0000,  0.0000,  0.0000,  0.0000]])
tensor([[-0.9654,  1.0000,  0.0000,  0.0000,  1.0000,  0.0000]])
tensor([[-0.8777,  1.0000,  0.0000,  0.0000,  0.0000,  0.0000]])
tensor([[0.6692, 0.0000, 1.0000, 0.0000, 0.0000, 0.0000]])
tensor([[0.9900, 1.0000, 0.0000, 0.0000, 0.0000, 0.0000]])
tensor([[0.9987, 0.0000, 0.0000, 0.0000, 0.0000, 0.0000]])
tensor([[0.9711, 0.0000, 0.0000, 0.0000, 0.0000, 0.0000]])
tensor([[0.9769, 0.0000, 0.0000, 0.0000, 0.0000, 0.0000]])
tensor([[-0.6040,  1.0000,  0.0000,  0.0000,  0.0000,  0.0000]])
tensor([[-0.0407,  1.0000,  0.0000,  0.0000,  0.0000,  0.0000]])
tensor([[-0.2441,  1.0000,  0.0000,  0.0000,  1.0000,  0.0000]])
tensor([[-0.2834,  0.0000,  1.0000,  0.0000,  0.0000,  0.0000]])
tensor([[-0.6013,  0.0000,  0.0000,  0.0000,  0.0000,  0.0000]])
tensor([[0.3565, 0.0000, 0.0000, 0.0000, 0.0000, 0.0000]])
tensor([[0.7697, 0.0000, 1.0000, 0.0000, 0.0000, 0.0000]])
tensor([[0.7469, 0.0000, 1.0000, 0.0000, 0.0000, 0.0000]])
tensor([[0.6795, 0.0000, 0.0000, 0.0000, 0.0000, 0.0000]])
tensor([[0.8786, 1.0000, 0.0000, 0.0000, 0.0000, 0.0000]])
tensor([[0.6025, 0.0000, 0.0000, 0.0000, 0.0000, 0.0000]])
tensor([[0.8205, 0.0000, 0.0000, 0.0000, 0.0000, 0.0000]])
tensor([[-0.0948,  0.0000,  0.0000,  0.0000,  0.0000,  0.0000]])
tensor([[-0.5153,  0.0000,  0.0000,  0.0000,  0.0000,  0.0000]])
tensor([[0.4251, 0.0000, 1.0000, 0.0000, 0.0000, 0.0000]])
tensor([[-0.3433,  0.0000,  0.0000,  0.0000,  0.0000,  0.0000]])
tensor([[0.5564, 0.0000, 1.0000, 0.0000, 0.0000, 0.0000]])
tensor([[0.6933, 1.0000, 0.0000, 0.0000, 0.0000, 0.0000]])
tensor([[0.7209, 1.0000, 0.0000, 0.0000, 0.0000, 0.0000]])
tensor([[0.6099, 1.0000, 0.0000, 0.0000, 0.0000, 0.0000]])
tensor([[0.7737, 1.0000, 0.0000, 0.0000, 0.0000, 0.0000]])
tensor([[0.7512, 1.0000, 0.0000, 0.0000, 0.0000, 0.0000]])
tensor([[0.7526, 1.0000, 1.0000, 0.0000, 0.0000, 0.0000]])
tensor([[0.7645, 1.0000, 0.0000, 0.0000, 0.0000, 0.0000]])
tensor([[0.5893, 1.0000, 0.0000, 0.0000, 0.0000, 0.0000]])
tensor([[0.6589, 1.0000, 0.0000, 0.0000, 0.0000, 0.0000]])
tensor([[0.4366, 1.0000, 0.0000, 0.0000, 0.0000, 0.0000]])
tensor([[-0.1618,  0.0000,  0.0000,  0.0000,  0.0000,  0.0000]])
tensor([[0.2870, 0.0000, 0.0000, 0.0000, 0.0000, 0.0000]])
tensor([[0.5237, 1.0000, 0.0000, 0.0000, 0.0000, 0.0000]])
tensor([[0.2017, 1.0000, 0.0000, 0.0000, 0.0000, 0.0000]])
tensor([[-0.3093,  0.0000,  0.0000,  0.0000,  0.0000,  0.0000]])
tensor([[0.6691, 0.0000, 0.0000, 0.0000, 0.0000, 0.0000]])
tensor([[0.7533, 1.0000, 1.0000, 0.0000, 0.0000, 0.0000]])
tensor([[0.0973, 1.0000, 0.0000, 0.0000, 0.0000, 0.0000]])
tensor([[-0.4325,  1.0000,  0.0000,  0.0000,  0.0000,  0.0000]])
tensor([[-0.3575,  1.0000,  0.0000,  0.0000,  0.0000,  0.0000]])
tensor([[-0.2335,  0.0000,  0.0000,  0.0000,  0.0000,  0.0000]])
tensor([[-0.2759,  1.0000,  0.0000,  0.0000,  0.0000,  0.0000]])
tensor([[0.5313, 1.0000, 0.0000, 0.0000, 0.0000, 0.0000]])
tensor([[0.2850, 1.0000, 0.0000, 0.0000, 0.0000, 0.0000]])
tensor([[-0.1990,  1.0000,  0.0000,  0.0000,  0.0000,  0.0000]])
tensor([[-0.7752,  1.0000,  0.0000,  0.0000,  0.0000,  0.0000]])
tensor([[0.5315, 0.0000, 0.0000, 0.0000, 0.0000, 0.0000]])
tensor([[-0.3777,  1.0000,  0.0000,  0.0000,  0.0000,  0.0000]])
tensor([[-0.1671,  1.0000,  0.0000,  0.0000,  0.0000,  0.0000]])
tensor([[0.3560, 1.0000, 0.0000, 0.0000, 0.0000, 0.0000]])
tensor([[-0.5025,  1.0000,  0.0000,  0.0000,  0.0000,  0.0000]])
tensor([[-0.1031,  1.0000,  0.0000,  0.0000,  0.0000,  0.0000]])
tensor([[0.6630, 1.0000, 0.0000, 0.0000, 0.0000, 0.0000]])
tensor([[-0.5097,  1.0000,  0.0000,  0.0000,  0.0000,  0.0000]])
tensor([[0.1300, 1.0000, 0.0000, 0.0000, 0.0000, 0.0000]])
tensor([[0.5372, 1.0000, 0.0000, 0.0000, 0.0000, 0.0000]])
tensor([[0.2077, 0.0000, 0.0000, 0.0000, 0.0000, 0.0000]])
tensor([[-0.1543,  1.0000,  0.0000,  0.0000,  0.0000,  0.0000]])
tensor([[0.7706, 1.0000, 0.0000, 0.0000, 1.0000, 0.0000]])
tensor([[0.8660, 1.0000, 0.0000, 0.0000, 1.0000, 0.0000]])
tensor([[0.6270, 1.0000, 0.0000, 0.0000, 0.0000, 0.0000]])
tensor([[0.2136, 1.0000, 0.0000, 0.0000, 0.0000, 0.0000]])
tensor([[0.9586, 1.0000, 0.0000, 0.0000, 0.0000, 0.0000]])
tensor([[0.9826, 1.0000, 0.0000, 0.0000, 0.0000, 0.0000]])
tensor([[0.9865, 1.0000, 0.0000, 0.0000, 0.0000, 0.0000]])
tensor([[0.9933, 1.0000, 0.0000, 0.0000, 0.0000, 0.0000]])
tensor([[0.9961, 1.0000, 0.0000, 0.0000, 0.0000, 0.0000]])
tensor([[0.9914, 1.0000, 0.0000, 0.0000, 0.0000, 0.0000]])
tensor([[0.9334, 1.0000, 0.0000, 0.0000, 0.0000, 0.0000]])
tensor([[0.6530, 1.0000, 0.0000, 0.0000, 0.0000, 0.0000]])
tensor([[-0.2986,  1.0000,  0.0000,  0.0000,  0.0000,  0.0000]])
tensor([[-0.4421,  1.0000,  0.0000,  0.0000,  0.0000,  0.0000]])
tensor([[0.4380, 1.0000, 0.0000, 0.0000, 0.0000, 0.0000]])
tensor([[0.2828, 1.0000, 0.0000, 0.0000, 0.0000, 0.0000]])
tensor([[-0.5410,  1.0000,  0.0000,  0.0000,  0.0000,  0.0000]])
tensor([[0.4274, 1.0000, 0.0000, 0.0000, 0.0000, 0.0000]])
tensor([[0.2850, 0.0000, 0.0000, 0.0000, 0.0000, 0.0000]])
tensor([[-0.1239,  1.0000,  0.0000,  0.0000,  0.0000,  0.0000]])
tensor([[-0.0459,  1.0000,  0.0000,  0.0000,  0.0000,  0.0000]])
tensor([[0.4641, 1.0000, 0.0000, 0.0000, 0.0000, 0.0000]])
tensor([[0.7691, 1.0000, 0.0000, 0.0000, 0.0000, 0.0000]])
tensor([[0.3337, 1.0000, 0.0000, 0.0000, 0.0000, 0.0000]])
tensor([[0.1331, 0.0000, 0.0000, 0.0000, 0.0000, 0.0000]])
tensor([[-0.9397,  1.0000,  0.0000,  0.0000,  0.0000,  0.0000]])
tensor([[0.8505, 1.0000, 0.0000, 0.0000, 0.0000, 0.0000]])
tensor([[0.9265, 1.0000, 0.0000, 0.0000, 0.0000, 0.0000]])
tensor([[0.7168, 0.0000, 0.0000, 0.0000, 0.0000, 0.0000]])
tensor([[0.4622, 1.0000, 0.0000, 0.0000, 0.0000, 0.0000]])
tensor([[-0.8446,  0.0000,  0.0000,  0.0000,  0.0000,  0.0000]])
tensor([[0.0870, 1.0000, 0.0000, 0.0000, 0.0000, 0.0000]])
tensor([[-0.0488,  0.0000,  1.0000,  0.0000,  0.0000,  0.0000]])
tensor([[-0.0538,  1.0000,  0.0000,  0.0000,  0.0000,  0.0000]])
tensor([[0.1223, 0.0000, 1.0000, 0.0000, 0.0000, 0.0000]])
tensor([[0.5510, 1.0000, 0.0000, 0.0000, 0.0000, 0.0000]])
tensor([[0.4115, 1.0000, 1.0000, 0.0000, 0.0000, 0.0000]])
tensor([[0.3537, 1.0000, 1.0000, 0.0000, 0.0000, 0.0000]])
tensor([[-0.3353,  0.0000,  1.0000,  0.0000,  0.0000,  0.0000]])
tensor([[0.5242, 1.0000, 0.0000, 0.0000, 0.0000, 0.0000]])
tensor([[0.0595, 0.0000, 0.0000, 0.0000, 0.0000, 0.0000]])
tensor([[0.2914, 0.0000, 0.0000, 0.0000, 0.0000, 0.0000]])
tensor([[0.8118, 1.0000, 0.0000, 0.0000, 0.0000, 0.0000]])
tensor([[0.4257, 0.0000, 0.0000, 0.0000, 0.0000, 0.0000]])
tensor([[0.4824, 0.0000, 0.0000, 0.0000, 0.0000, 0.0000]])
tensor([[0.4565, 0.0000, 1.0000, 0.0000, 0.0000, 0.0000]])
tensor([[0.7706, 0.0000, 1.0000, 0.0000, 0.0000, 0.0000]])
tensor([[0.6402, 0.0000, 0.0000, 0.0000, 0.0000, 0.0000]])
tensor([[0.8236, 0.0000, 0.0000, 0.0000, 0.0000, 0.0000]])
tensor([[0.5298, 1.0000, 0.0000, 0.0000, 0.0000, 0.0000]])
tensor([[0.7087, 0.0000, 0.0000, 0.0000, 0.0000, 0.0000]])
tensor([[0.7461, 0.0000, 0.0000, 0.0000, 0.0000, 0.0000]])
tensor([[0.6302, 0.0000, 1.0000, 0.0000, 0.0000, 0.0000]])
tensor([[0.4543, 0.0000, 0.0000, 0.0000, 0.0000, 0.0000]])
tensor([[0.7422, 0.0000, 0.0000, 0.0000, 0.0000, 0.0000]])
tensor([[0.7278, 1.0000, 0.0000, 0.0000, 0.0000, 0.0000]])
tensor([[0.2917, 0.0000, 0.0000, 0.0000, 0.0000, 0.0000]])
tensor([[0.7184, 1.0000, 0.0000, 0.0000, 0.0000, 0.0000]])
tensor([[0.4606, 0.0000, 0.0000, 0.0000, 0.0000, 0.0000]])
tensor([[0.7836, 0.0000, 0.0000, 0.0000, 0.0000, 0.0000]])
tensor([[0.8004, 1.0000, 0.0000, 0.0000, 0.0000, 0.0000]])
tensor([[0.5397, 0.0000, 1.0000, 0.0000, 0.0000, 0.0000]])
tensor([[0.7818, 1.0000, 0.0000, 0.0000, 0.0000, 0.0000]])
tensor([[0.7308, 0.0000, 0.0000, 0.0000, 0.0000, 0.0000]])
tensor([[0.7995, 0.0000, 1.0000, 0.0000, 0.0000, 0.0000]])
tensor([[0.8381, 0.0000, 0.0000, 0.0000, 0.0000, 0.0000]])
tensor([[0.6528, 1.0000, 1.0000, 0.0000, 0.0000, 0.0000]])
tensor([[0.3858, 0.0000, 0.0000, 0.0000, 0.0000, 0.0000]])
tensor([[0.8808, 0.0000, 0.0000, 0.0000, 0.0000, 0.0000]])
tensor([[0.9391, 0.0000, 0.0000, 0.0000, 0.0000, 0.0000]])
tensor([[0.7846, 0.0000, 0.0000, 0.0000, 0.0000, 0.0000]])
tensor([[0.3453, 1.0000, 0.0000, 0.0000, 0.0000, 0.0000]])
tensor([[0.6039, 0.0000, 0.0000, 0.0000, 0.0000, 0.0000]])
tensor([[0.7659, 1.0000, 0.0000, 0.0000, 0.0000, 0.0000]])
tensor([[0.7051, 0.0000, 0.0000, 0.0000, 0.0000, 0.0000]])
tensor([[0.6158, 1.0000, 1.0000, 0.0000, 0.0000, 0.0000]])
tensor([[0.5822, 0.0000, 0.0000, 0.0000, 0.0000, 0.0000]])
tensor([[0.8985, 0.0000, 1.0000, 0.0000, 0.0000, 0.0000]])
tensor([[0.9370, 1.0000, 1.0000, 0.0000, 0.0000, 0.0000]])
tensor([[0.5813, 1.0000, 0.0000, 0.0000, 0.0000, 0.0000]])
tensor([[0.0530, 1.0000, 0.0000, 0.0000, 0.0000, 0.0000]])
tensor([[0.2152, 1.0000, 0.0000, 0.0000, 0.0000, 0.0000]])
tensor([[0.3843, 0.0000, 0.0000, 0.0000, 0.0000, 0.0000]])
tensor([[0.3242, 1.0000, 0.0000, 0.0000, 0.0000, 0.0000]])
tensor([[0.5492, 1.0000, 0.0000, 0.0000, 0.0000, 0.0000]])
tensor([[0.0896, 0.0000, 1.0000, 0.0000, 0.0000, 0.0000]])
tensor([[0.6993, 1.0000, 0.0000, 0.0000, 0.0000, 0.0000]])
tensor([[0.6857, 1.0000, 0.0000, 0.0000, 0.0000, 0.0000]])
tensor([[0.4772, 0.0000, 0.0000, 0.0000, 0.0000, 0.0000]])
tensor([[0.8136, 1.0000, 1.0000, 0.0000, 0.0000, 0.0000]])
tensor([[0.4578, 0.0000, 0.0000, 0.0000, 0.0000, 0.0000]])
tensor([[0.7545, 0.0000, 0.0000, 0.0000, 0.0000, 0.0000]])
tensor([[0.7652, 0.0000, 0.0000, 0.0000, 0.0000, 0.0000]])
tensor([[0.8241, 1.0000, 1.0000, 0.0000, 0.0000, 0.0000]])
tensor([[0.7378, 1.0000, 0.0000, 0.0000, 0.0000, 0.0000]])
tensor([[0.1033, 0.0000, 1.0000, 0.0000, 0.0000, 0.0000]])
tensor([[0.7021, 1.0000, 0.0000, 0.0000, 0.0000, 0.0000]])
tensor([[0.6764, 0.0000, 0.0000, 0.0000, 0.0000, 0.0000]])
tensor([[0.6487, 1.0000, 0.0000, 0.0000, 0.0000, 0.0000]])
tensor([[0.1699, 1.0000, 0.0000, 0.0000, 0.0000, 0.0000]])
tensor([[-0.1387,  0.0000,  0.0000,  0.0000,  0.0000,  0.0000]])
tensor([[0.0542, 1.0000, 0.0000, 0.0000, 1.0000, 0.0000]])
tensor([[0.2550, 1.0000, 0.0000, 0.0000, 0.0000, 0.0000]])
tensor([[-0.1766,  1.0000,  0.0000,  0.0000,  0.0000,  0.0000]])
tensor([[-0.0211,  0.0000,  0.0000,  0.0000,  0.0000,  0.0000]])
tensor([[0.5884, 1.0000, 0.0000, 0.0000, 0.0000, 0.0000]])
tensor([[0.3545, 0.0000, 0.0000, 0.0000, 0.0000, 0.0000]])
tensor([[0.2556, 0.0000, 0.0000, 0.0000, 0.0000, 0.0000]])
tensor([[0.3763, 0.0000, 0.0000, 0.0000, 0.0000, 0.0000]])
tensor([[0.4931, 0.0000, 1.0000, 0.0000, 0.0000, 0.0000]])
tensor([[0.4902, 1.0000, 0.0000, 0.0000, 0.0000, 0.0000]])
tensor([[0.3227, 0.0000, 0.0000, 0.0000, 0.0000, 0.0000]])
tensor([[0.3932, 0.0000, 0.0000, 0.0000, 0.0000, 0.0000]])
tensor([[0.8005, 1.0000, 0.0000, 0.0000, 0.0000, 0.0000]])
tensor([[0.4103, 1.0000, 0.0000, 0.0000, 0.0000, 0.0000]])
tensor([[-0.1080,  0.0000,  0.0000,  0.0000,  0.0000,  0.0000]])
tensor([[0.3121, 0.0000, 0.0000, 0.0000, 0.0000, 0.0000]])
tensor([[0.5406, 1.0000, 0.0000, 0.0000, 0.0000, 0.0000]])
tensor([[0.3150, 1.0000, 0.0000, 0.0000, 0.0000, 0.0000]])
tensor([[0.1355, 0.0000, 0.0000, 0.0000, 0.0000, 0.0000]])
tensor([[0.6648, 0.0000, 0.0000, 0.0000, 0.0000, 0.0000]])
tensor([[0.5059, 0.0000, 1.0000, 0.0000, 0.0000, 0.0000]])
tensor([[0.5533, 0.0000, 0.0000, 0.0000, 0.0000, 0.0000]])
tensor([[0.4882, 0.0000, 1.0000, 0.0000, 0.0000, 0.0000]])
tensor([[0.7758, 1.0000, 0.0000, 0.0000, 0.0000, 0.0000]])
tensor([[0.8007, 1.0000, 0.0000, 0.0000, 0.0000, 0.0000]])
tensor([[0.4787, 1.0000, 0.0000, 0.0000, 0.0000, 0.0000]])
tensor([[0.3802, 1.0000, 0.0000, 0.0000, 0.0000, 0.0000]])
tensor([[0.1810, 1.0000, 0.0000, 0.0000, 0.0000, 0.0000]])
tensor([[-0.3233,  0.0000,  1.0000,  0.0000,  0.0000,  0.0000]])
tensor([[-0.5349,  1.0000,  0.0000,  0.0000,  0.0000,  0.0000]])
tensor([[-0.0361,  0.0000,  0.0000,  0.0000,  0.0000,  0.0000]])
tensor([[0.6653, 0.0000, 0.0000, 0.0000, 1.0000, 0.0000]])
tensor([[0.2645, 1.0000, 0.0000, 0.0000, 0.0000, 0.0000]])
tensor([[0.5212, 0.0000, 0.0000, 0.0000, 0.0000, 0.0000]])
tensor([[0.6415, 0.0000, 0.0000, 0.0000, 0.0000, 0.0000]])
tensor([[0.8249, 0.0000, 0.0000, 0.0000, 0.0000, 0.0000]])
tensor([[0.6747, 0.0000, 0.0000, 0.0000, 0.0000, 0.0000]])
tensor([[0.8503, 1.0000, 1.0000, 0.0000, 0.0000, 0.0000]])
tensor([[-0.1057,  1.0000,  0.0000,  0.0000,  0.0000,  0.0000]])
tensor([[0.4946, 0.0000, 1.0000, 0.0000, 0.0000, 0.0000]])
tensor([[0.5230, 1.0000, 1.0000, 0.0000, 0.0000, 0.0000]])
tensor([[-0.1730,  0.0000,  0.0000,  0.0000,  0.0000,  0.0000]])
tensor([[0.5601, 1.0000, 0.0000, 0.0000, 0.0000, 0.0000]])
tensor([[0.2989, 1.0000, 0.0000, 0.0000, 0.0000, 0.0000]])
tensor([[0.5438, 1.0000, 0.0000, 0.0000, 0.0000, 0.0000]])
tensor([[-0.2053,  0.0000,  1.0000,  0.0000,  0.0000,  0.0000]])
tensor([[0.5224, 1.0000, 1.0000, 0.0000, 0.0000, 0.0000]])
tensor([[0.3719, 1.0000, 0.0000, 0.0000, 0.0000, 0.0000]])
tensor([[0.7921, 0.0000, 1.0000, 0.0000, 0.0000, 0.0000]])
tensor([[0.2689, 0.0000, 1.0000, 0.0000, 0.0000, 0.0000]])
tensor([[0.2767, 1.0000, 1.0000, 0.0000, 0.0000, 0.0000]])
tensor([[0.8842, 0.0000, 1.0000, 0.0000, 0.0000, 0.0000]])
tensor([[0.6572, 1.0000, 1.0000, 0.0000, 0.0000, 0.0000]])
tensor([[0.2552, 1.0000, 0.0000, 0.0000, 0.0000, 0.0000]])
tensor([[0.8032, 1.0000, 1.0000, 0.0000, 0.0000, 0.0000]])
tensor([[0.5543, 0.0000, 1.0000, 0.0000, 0.0000, 0.0000]])
tensor([[0.4492, 0.0000, 0.0000, 0.0000, 0.0000, 0.0000]])
tensor([[-0.4288,  0.0000,  0.0000,  0.0000,  0.0000,  0.0000]])
tensor([[0.6900, 0.0000, 0.0000, 0.0000, 0.0000, 0.0000]])
tensor([[0.8167, 1.0000, 0.0000, 0.0000, 0.0000, 0.0000]])
tensor([[0.5700, 1.0000, 1.0000, 0.0000, 0.0000, 0.0000]])
tensor([[-0.3810,  1.0000,  0.0000,  0.0000,  0.0000,  0.0000]])
tensor([[-0.1497,  0.0000,  1.0000,  0.0000,  0.0000,  0.0000]])
tensor([[0.1779, 1.0000, 0.0000, 0.0000, 0.0000, 0.0000]])
tensor([[0.3662, 1.0000, 0.0000, 0.0000, 0.0000, 0.0000]])
tensor([[-0.1971,  1.0000,  0.0000,  0.0000,  0.0000,  0.0000]])
tensor([[-0.7752,  1.0000,  1.0000,  0.0000,  0.0000,  0.0000]])
tensor([[-0.5147,  0.0000,  0.0000,  0.0000,  0.0000,  0.0000]])
tensor([[0.4711, 1.0000, 0.0000, 0.0000, 0.0000, 0.0000]])
tensor([[0.3194, 1.0000, 0.0000, 0.0000, 0.0000, 0.0000]])
tensor([[-0.2487,  0.0000,  1.0000,  0.0000,  0.0000,  0.0000]])
tensor([[-0.1500,  0.0000,  0.0000,  0.0000,  0.0000,  0.0000]])
tensor([[-0.1382,  0.0000,  0.0000,  0.0000,  1.0000,  0.0000]])
tensor([[-0.5072,  1.0000,  0.0000,  0.0000,  0.0000,  1.0000]])
tensor([[0.0361, 1.0000, 0.0000, 0.0000, 0.0000, 0.0000]])
tensor([[-0.1702,  1.0000,  0.0000,  0.0000,  0.0000,  0.0000]])
tensor([[-0.7095,  1.0000,  0.0000,  0.0000,  0.0000,  0.0000]])
tensor([[0.0260, 0.0000, 0.0000, 0.0000, 0.0000, 0.0000]])
tensor([[-0.1450,  1.0000,  0.0000,  0.0000,  0.0000,  0.0000]])
tensor([[0.1219, 1.0000, 0.0000, 0.0000, 0.0000, 0.0000]])
tensor([[-0.1971,  1.0000,  0.0000,  0.0000,  0.0000,  0.0000]])
tensor([[0.4229, 1.0000, 0.0000, 0.0000, 0.0000, 0.0000]])
tensor([[0.3712, 1.0000, 0.0000, 0.0000, 0.0000, 0.0000]])
tensor([[0.6217, 1.0000, 0.0000, 0.0000, 0.0000, 0.0000]])
tensor([[0.3557, 0.0000, 0.0000, 0.0000, 0.0000, 0.0000]])
tensor([[0.2937, 1.0000, 0.0000, 0.0000, 0.0000, 0.0000]])
tensor([[0.1008, 1.0000, 0.0000, 0.0000, 0.0000, 0.0000]])
tensor([[0.1930, 1.0000, 0.0000, 0.0000, 0.0000, 0.0000]])
tensor([[0.5254, 0.0000, 0.0000, 0.0000, 0.0000, 0.0000]])
tensor([[-0.2686,  1.0000,  0.0000,  0.0000,  0.0000,  0.0000]])
tensor([[0.4965, 0.0000, 0.0000, 0.0000, 0.0000, 0.0000]])
tensor([[0.4043, 1.0000, 0.0000, 0.0000, 0.0000, 0.0000]])
tensor([[0.3885, 1.0000, 0.0000, 0.0000, 0.0000, 0.0000]])
tensor([[0.5146, 1.0000, 0.0000, 0.0000, 0.0000, 0.0000]])
tensor([[-0.0882,  1.0000,  0.0000,  0.0000,  0.0000,  0.0000]])
tensor([[0.1450, 1.0000, 0.0000, 0.0000, 0.0000, 0.0000]])
tensor([[0.1293, 1.0000, 0.0000, 0.0000, 0.0000, 0.0000]])
tensor([[0.0423, 1.0000, 0.0000, 0.0000, 0.0000, 0.0000]])
tensor([[-0.6717,  1.0000,  0.0000,  0.0000,  0.0000,  0.0000]])
tensor([[-0.2774,  1.0000,  0.0000,  0.0000,  0.0000,  0.0000]])
tensor([[0.8370, 1.0000, 0.0000, 0.0000, 0.0000, 0.0000]])
tensor([[0.7631, 1.0000, 0.0000, 0.0000, 0.0000, 0.0000]])
tensor([[-0.2158,  1.0000,  0.0000,  0.0000,  0.0000,  0.0000]])
tensor([[-0.2788,  1.0000,  0.0000,  0.0000,  0.0000,  0.0000]])
tensor([[0.6326, 1.0000, 0.0000, 0.0000, 0.0000, 0.0000]])
tensor([[0.8324, 1.0000, 0.0000, 0.0000, 0.0000, 0.0000]])
tensor([[-0.0144,  1.0000,  0.0000,  0.0000,  0.0000,  0.0000]])
tensor([[-0.1973,  1.0000,  0.0000,  0.0000,  0.0000,  0.0000]])
tensor([[-0.5372,  1.0000,  0.0000,  0.0000,  0.0000,  1.0000]])
tensor([[0.9366, 1.0000, 0.0000, 0.0000, 0.0000, 0.0000]])
tensor([[0.9719, 1.0000, 0.0000, 0.0000, 0.0000, 0.0000]])
tensor([[0.6787, 1.0000, 0.0000, 0.0000, 0.0000, 0.0000]])
tensor([[0.8829, 1.0000, 0.0000, 0.0000, 0.0000, 0.0000]])
tensor([[0.9177, 1.0000, 0.0000, 0.0000, 0.0000, 0.0000]])
tensor([[0.8250, 0.0000, 0.0000, 0.0000, 0.0000, 0.0000]])
tensor([[0.5111, 1.0000, 0.0000, 0.0000, 0.0000, 0.0000]])
tensor([[0.8157, 1.0000, 0.0000, 0.0000, 0.0000, 0.0000]])
tensor([[0.3387, 1.0000, 0.0000, 0.0000, 0.0000, 0.0000]])
tensor([[-0.2114,  1.0000,  0.0000,  0.0000,  0.0000,  0.0000]])
tensor([[0.0803, 1.0000, 0.0000, 0.0000, 0.0000, 0.0000]])
tensor([[-0.2607,  1.0000,  0.0000,  0.0000,  0.0000,  0.0000]])
tensor([[-0.2088,  1.0000,  0.0000,  0.0000,  0.0000,  0.0000]])
tensor([[-0.5987,  0.0000,  0.0000,  0.0000,  0.0000,  0.0000]])
tensor([[-0.1979,  1.0000,  0.0000,  0.0000,  0.0000,  0.0000]])
tensor([[-0.0506,  1.0000,  0.0000,  0.0000,  0.0000,  0.0000]])
tensor([[0.6500, 1.0000, 0.0000, 0.0000, 0.0000, 0.0000]])
tensor([[0.8457, 1.0000, 0.0000, 0.0000, 0.0000, 0.0000]])
tensor([[-0.6442,  1.0000,  0.0000,  0.0000,  0.0000,  0.0000]])
tensor([[-0.8735,  1.0000,  0.0000,  0.0000,  0.0000,  0.0000]])
tensor([[-0.9545,  1.0000,  0.0000,  0.0000,  0.0000,  0.0000]])
tensor([[-0.9671,  1.0000,  0.0000,  0.0000,  0.0000,  0.0000]])
tensor([[-0.9135,  1.0000,  0.0000,  0.0000,  0.0000,  0.0000]])
tensor([[-0.9534,  1.0000,  0.0000,  0.0000,  0.0000,  0.0000]])
tensor([[-0.7122,  1.0000,  0.0000,  0.0000,  0.0000,  0.0000]])
tensor([[-0.5194,  0.0000,  0.0000,  0.0000,  0.0000,  0.0000]])
tensor([[-0.2960,  1.0000,  0.0000,  0.0000,  0.0000,  0.0000]])
tensor([[-0.2717,  1.0000,  0.0000,  0.0000,  1.0000,  0.0000]])
tensor([[-0.3114,  1.0000,  0.0000,  0.0000,  0.0000,  0.0000]])
tensor([[0.0708, 1.0000, 0.0000, 0.0000, 0.0000, 0.0000]])
tensor([[-0.2652,  1.0000,  0.0000,  0.0000,  0.0000,  0.0000]])
tensor([[0.3022, 1.0000, 0.0000, 0.0000, 0.0000, 0.0000]])
tensor([[-0.8334,  1.0000,  0.0000,  0.0000,  0.0000,  0.0000]])
tensor([[-0.7494,  1.0000,  0.0000,  0.0000,  0.0000,  0.0000]])
tensor([[-0.4692,  1.0000,  0.0000,  0.0000,  0.0000,  0.0000]])
tensor([[-0.5577,  0.0000,  0.0000,  0.0000,  0.0000,  0.0000]])
tensor([[-0.6945,  1.0000,  0.0000,  0.0000,  0.0000,  0.0000]])
tensor([[-0.7500,  1.0000,  0.0000,  0.0000,  1.0000,  0.0000]])
tensor([[-0.7369,  0.0000,  0.0000,  0.0000,  0.0000,  0.0000]])
tensor([[-0.1448,  1.0000,  0.0000,  0.0000,  0.0000,  0.0000]])
tensor([[-0.1151,  1.0000,  0.0000,  1.0000,  0.0000,  0.0000]])
tensor([[0.6241, 0.0000, 0.0000, 0.0000, 0.0000, 0.0000]])
tensor([[0.6458, 1.0000, 0.0000, 0.0000, 0.0000, 0.0000]])
tensor([[-0.4817,  0.0000,  0.0000,  0.0000,  0.0000,  0.0000]])
tensor([[-0.5989,  1.0000,  0.0000,  0.0000,  0.0000,  0.0000]])
tensor([[-0.2372,  1.0000,  0.0000,  0.0000,  0.0000,  0.0000]])
tensor([[0.5432, 1.0000, 0.0000, 0.0000, 0.0000, 0.0000]])
tensor([[0.1455, 1.0000, 0.0000, 0.0000, 0.0000, 0.0000]])
tensor([[-0.2924,  0.0000,  0.0000,  0.0000,  0.0000,  0.0000]])
tensor([[-0.5127,  1.0000,  0.0000,  0.0000,  1.0000,  0.0000]])
tensor([[0.2983, 0.0000, 0.0000, 0.0000, 0.0000, 0.0000]])
tensor([[0.2784, 1.0000, 0.0000, 0.0000, 0.0000, 0.0000]])
tensor([[-0.0287,  0.0000,  0.0000,  0.0000,  0.0000,  0.0000]])
tensor([[0.4104, 0.0000, 0.0000, 0.0000, 0.0000, 0.0000]])
tensor([[-0.8603,  1.0000,  0.0000,  0.0000,  0.0000,  0.0000]])
tensor([[-0.1243,  1.0000,  0.0000,  0.0000,  0.0000,  0.0000]])
tensor([[0.6490, 0.0000, 0.0000, 0.0000, 0.0000, 0.0000]])
tensor([[0.9724, 1.0000, 1.0000, 0.0000, 0.0000, 0.0000]])
tensor([[-0.0226,  1.0000,  0.0000,  0.0000,  0.0000,  0.0000]])
tensor([[-0.6824,  0.0000,  1.0000,  0.0000,  0.0000,  0.0000]])
tensor([[-0.9872,  0.0000,  0.0000,  0.0000,  0.0000,  0.0000]])
tensor([[-0.9753,  0.0000,  0.0000,  0.0000,  0.0000,  0.0000]])
tensor([[-0.4241,  1.0000,  0.0000,  0.0000,  0.0000,  0.0000]])
tensor([[0.8726, 0.0000, 0.0000, 0.0000, 0.0000, 0.0000]])
tensor([[0.2216, 1.0000, 1.0000, 0.0000, 0.0000, 0.0000]])
tensor([[-0.7776,  0.0000,  0.0000,  0.0000,  0.0000,  0.0000]])
tensor([[-0.9541,  1.0000,  0.0000,  0.0000,  0.0000,  0.0000]])
tensor([[-0.4452,  1.0000,  1.0000,  0.0000,  0.0000,  0.0000]])
tensor([[-0.5009,  1.0000,  0.0000,  0.0000,  0.0000,  0.0000]])
tensor([[-0.2699,  1.0000,  0.0000,  0.0000,  0.0000,  0.0000]])
tensor([[0.0215, 1.0000, 0.0000, 0.0000, 0.0000, 0.0000]])
tensor([[-0.0383,  1.0000,  0.0000,  0.0000,  0.0000,  0.0000]])
tensor([[0.1915, 0.0000, 0.0000, 0.0000, 0.0000, 0.0000]])
tensor([[0.4973, 1.0000, 0.0000, 0.0000, 0.0000, 0.0000]])
tensor([[-0.2483,  1.0000,  0.0000,  0.0000,  0.0000,  0.0000]])
tensor([[0.0537, 1.0000, 0.0000, 0.0000, 0.0000, 0.0000]])
tensor([[-0.1744,  1.0000,  0.0000,  0.0000,  0.0000,  0.0000]])
tensor([[0.2016, 1.0000, 0.0000, 0.0000, 0.0000, 0.0000]])
tensor([[0.1173, 0.0000, 0.0000, 0.0000, 0.0000, 0.0000]])
tensor([[0.0462, 1.0000, 0.0000, 0.0000, 0.0000, 0.0000]])
tensor([[0.1354, 0.0000, 0.0000, 0.0000, 0.0000, 0.0000]])
tensor([[0.0576, 1.0000, 0.0000, 0.0000, 0.0000, 0.0000]])
tensor([[-0.4477,  0.0000,  0.0000,  1.0000,  0.0000,  0.0000]])
tensor([[-0.0033,  1.0000,  0.0000,  0.0000,  0.0000,  0.0000]])
tensor([[0.7444, 1.0000, 0.0000, 0.0000, 0.0000, 0.0000]])
tensor([[0.6102, 1.0000, 0.0000, 0.0000, 0.0000, 0.0000]])
tensor([[0.2900, 1.0000, 0.0000, 0.0000, 0.0000, 0.0000]])
tensor([[-0.0528,  1.0000,  0.0000,  0.0000,  0.0000,  0.0000]])
tensor([[0.5195, 1.0000, 1.0000, 0.0000, 0.0000, 0.0000]])
tensor([[-0.4696,  1.0000,  0.0000,  0.0000,  0.0000,  0.0000]])
tensor([[0.4776, 1.0000, 1.0000, 0.0000, 0.0000, 0.0000]])
tensor([[-0.1049,  1.0000,  0.0000,  0.0000,  0.0000,  0.0000]])
tensor([[0.2388, 1.0000, 0.0000, 0.0000, 0.0000, 0.0000]])
tensor([[0.4132, 1.0000, 0.0000, 0.0000, 0.0000, 0.0000]])
tensor([[-0.5528,  1.0000,  0.0000,  0.0000,  0.0000,  0.0000]])
tensor([[0.1288, 1.0000, 0.0000, 0.0000, 0.0000, 0.0000]])
tensor([[0.5423, 1.0000, 0.0000, 0.0000, 0.0000, 0.0000]])
tensor([[-0.6920,  1.0000,  0.0000,  0.0000,  1.0000,  0.0000]])
tensor([[0.1120, 1.0000, 0.0000, 0.0000, 0.0000, 0.0000]])
tensor([[0.5367, 1.0000, 0.0000, 0.0000, 0.0000, 0.0000]])
tensor([[0.0223, 1.0000, 1.0000, 0.0000, 0.0000, 0.0000]])
tensor([[0.1696, 1.0000, 0.0000, 0.0000, 0.0000, 0.0000]])
tensor([[-0.3858,  1.0000,  0.0000,  0.0000,  0.0000,  0.0000]])
tensor([[0.0784, 1.0000, 0.0000, 0.0000, 1.0000, 0.0000]])
tensor([[0.4681, 1.0000, 0.0000, 0.0000, 0.0000, 0.0000]])
tensor([[-0.3078,  1.0000,  0.0000,  0.0000,  0.0000,  0.0000]])
tensor([[0.2892, 1.0000, 1.0000, 0.0000, 0.0000, 0.0000]])
tensor([[-0.2459,  1.0000,  0.0000,  0.0000,  0.0000,  0.0000]])
tensor([[0.2605, 1.0000, 0.0000, 0.0000, 0.0000, 0.0000]])
tensor([[-0.4735,  1.0000,  0.0000,  0.0000,  0.0000,  0.0000]])
tensor([[0.2611, 1.0000, 0.0000, 0.0000, 0.0000, 0.0000]])
tensor([[0.4583, 1.0000, 0.0000, 0.0000, 0.0000, 0.0000]])
tensor([[0.5875, 1.0000, 0.0000, 0.0000, 0.0000, 0.0000]])
tensor([[-0.1664,  1.0000,  0.0000,  0.0000,  0.0000,  0.0000]])
tensor([[0.1591, 1.0000, 0.0000, 0.0000, 0.0000, 0.0000]])
tensor([[-0.3181,  1.0000,  0.0000,  0.0000,  0.0000,  0.0000]])
tensor([[-0.1461,  1.0000,  0.0000,  0.0000,  0.0000,  0.0000]])
tensor([[0.7720, 0.0000, 0.0000, 0.0000, 0.0000, 0.0000]])
tensor([[0.3944, 0.0000, 0.0000, 0.0000, 0.0000, 0.0000]])
tensor([[0.2448, 1.0000, 0.0000, 0.0000, 1.0000, 1.0000]])
tensor([[-0.3691,  1.0000,  0.0000,  0.0000,  0.0000,  0.0000]])
tensor([[0.3489, 1.0000, 1.0000, 0.0000, 0.0000, 0.0000]])
tensor([[-0.2333,  1.0000,  0.0000,  0.0000,  0.0000,  0.0000]])
tensor([[-0.2835,  1.0000,  0.0000,  0.0000,  0.0000,  0.0000]])
tensor([[0.3801, 1.0000, 0.0000, 0.0000, 0.0000, 0.0000]])
tensor([[-0.1161,  1.0000,  0.0000,  0.0000,  0.0000,  0.0000]])
tensor([[0.2120, 1.0000, 0.0000, 0.0000, 0.0000, 0.0000]])
tensor([[0.0060, 0.0000, 0.0000, 0.0000, 0.0000, 0.0000]])
tensor([[-0.4948,  1.0000,  0.0000,  0.0000,  0.0000,  0.0000]])
tensor([[0.1688, 1.0000, 0.0000, 0.0000, 0.0000, 0.0000]])
tensor([[-0.3532,  1.0000,  0.0000,  0.0000,  0.0000,  0.0000]])
tensor([[0.0634, 1.0000, 0.0000, 0.0000, 0.0000, 0.0000]])
tensor([[-0.6067,  0.0000,  0.0000,  0.0000,  0.0000,  0.0000]])
tensor([[-0.4240,  1.0000,  0.0000,  0.0000,  0.0000,  0.0000]])
tensor([[-0.3555,  0.0000,  0.0000,  0.0000,  0.0000,  0.0000]])
tensor([[-0.4721,  1.0000,  0.0000,  0.0000,  0.0000,  0.0000]])
tensor([[0.5080, 1.0000, 0.0000, 0.0000, 0.0000, 0.0000]])
tensor([[-0.0463,  1.0000,  0.0000,  0.0000,  0.0000,  0.0000]])
tensor([[-0.4595,  0.0000,  0.0000,  0.0000,  0.0000,  0.0000]])
tensor([[-0.8511,  1.0000,  0.0000,  0.0000,  0.0000,  0.0000]])
tensor([[-0.2075,  1.0000,  0.0000,  1.0000,  1.0000,  0.0000]])
tensor([[-0.6903,  1.0000,  0.0000,  0.0000,  0.0000,  0.0000]])
tensor([[0.7621, 1.0000, 0.0000, 0.0000, 0.0000, 0.0000]])
tensor([[0.8771, 0.0000, 0.0000, 0.0000, 0.0000, 0.0000]])
tensor([[-0.9655,  1.0000,  0.0000,  0.0000,  1.0000,  0.0000]])
tensor([[-0.9758,  1.0000,  0.0000,  0.0000,  0.0000,  0.0000]])
tensor([[-0.8808,  1.0000,  0.0000,  0.0000,  0.0000,  0.0000]])
tensor([[0.2822, 0.0000, 0.0000, 0.0000, 0.0000, 0.0000]])
tensor([[-0.2240,  1.0000,  0.0000,  0.0000,  0.0000,  0.0000]])
tensor([[-0.3476,  1.0000,  0.0000,  0.0000,  0.0000,  0.0000]])
tensor([[-0.0948,  1.0000,  0.0000,  0.0000,  0.0000,  0.0000]])
tensor([[-0.1566,  1.0000,  0.0000,  0.0000,  0.0000,  0.0000]])
tensor([[-0.0473,  1.0000,  0.0000,  0.0000,  0.0000,  0.0000]])
tensor([[-0.7915,  1.0000,  0.0000,  0.0000,  0.0000,  0.0000]])
tensor([[0.2757, 1.0000, 0.0000, 0.0000, 0.0000, 0.0000]])
tensor([[-0.1345,  0.0000,  0.0000,  0.0000,  0.0000,  0.0000]])
tensor([[-0.3499,  1.0000,  0.0000,  0.0000,  0.0000,  0.0000]])
tensor([[-0.5748,  1.0000,  0.0000,  0.0000,  0.0000,  0.0000]])
tensor([[-0.4115,  1.0000,  0.0000,  0.0000,  0.0000,  0.0000]])
tensor([[0.7697, 1.0000, 0.0000, 0.0000, 0.0000, 0.0000]])
tensor([[0.3292, 1.0000, 0.0000, 0.0000, 0.0000, 0.0000]])
tensor([[-0.4334,  1.0000,  0.0000,  0.0000,  0.0000,  0.0000]])
tensor([[-0.9593,  1.0000,  0.0000,  0.0000,  0.0000,  0.0000]])
tensor([[-0.9778,  0.0000,  0.0000,  0.0000,  0.0000,  0.0000]])
tensor([[-0.6201,  0.0000,  0.0000,  0.0000,  0.0000,  0.0000]])
tensor([[-0.5464,  0.0000,  0.0000,  0.0000,  0.0000,  0.0000]])
tensor([[0.9552, 0.0000, 0.0000, 0.0000, 0.0000, 0.0000]])
tensor([[0.9312, 1.0000, 0.0000, 0.0000, 0.0000, 0.0000]])
tensor([[0.1343, 0.0000, 0.0000, 0.0000, 0.0000, 0.0000]])
tensor([[-0.4706,  1.0000,  0.0000,  0.0000,  0.0000,  0.0000]])
tensor([[0.1558, 1.0000, 0.0000, 0.0000, 0.0000, 0.0000]])
tensor([[-0.4178,  1.0000,  1.0000,  0.0000,  0.0000,  0.0000]])
tensor([[-0.9074,  1.0000,  0.0000,  0.0000,  0.0000,  0.0000]])
tensor([[-0.5460,  1.0000,  0.0000,  0.0000,  0.0000,  0.0000]])
tensor([[0.9297, 1.0000, 0.0000, 0.0000, 0.0000, 0.0000]])
tensor([[0.9019, 1.0000, 1.0000, 0.0000, 0.0000, 0.0000]])
tensor([[0.3423, 1.0000, 0.0000, 0.0000, 0.0000, 0.0000]])
tensor([[-0.4592,  0.0000,  0.0000,  0.0000,  0.0000,  0.0000]])
tensor([[-0.9448,  1.0000,  0.0000,  0.0000,  0.0000,  0.0000]])
tensor([[-0.4986,  1.0000,  0.0000,  0.0000,  0.0000,  0.0000]])
tensor([[-0.6013,  0.0000,  0.0000,  0.0000,  0.0000,  0.0000]])
tensor([[0.9362, 1.0000, 0.0000, 0.0000, 0.0000, 0.0000]])
tensor([[0.9294, 0.0000, 0.0000, 0.0000, 0.0000, 0.0000]])
tensor([[-0.3208,  1.0000,  0.0000,  0.0000,  0.0000,  0.0000]])
tensor([[-0.0104,  1.0000,  0.0000,  0.0000,  0.0000,  0.0000]])
tensor([[0.2493, 1.0000, 0.0000, 0.0000, 0.0000, 0.0000]])
tensor([[0.1982, 1.0000, 0.0000, 0.0000, 0.0000, 0.0000]])
tensor([[0.2535, 0.0000, 0.0000, 0.0000, 0.0000, 0.0000]])
tensor([[-0.0759,  0.0000,  0.0000,  0.0000,  0.0000,  0.0000]])
tensor([[-0.9674,  0.0000,  0.0000,  0.0000,  0.0000,  0.0000]])
tensor([[-0.7927,  1.0000,  0.0000,  0.0000,  0.0000,  0.0000]])
tensor([[-0.5221,  1.0000,  0.0000,  0.0000,  0.0000,  0.0000]])
tensor([[0.9791, 1.0000, 0.0000, 0.0000, 0.0000, 0.0000]])
tensor([[0.9295, 0.0000, 0.0000, 0.0000, 0.0000, 0.0000]])
tensor([[0.6755, 1.0000, 0.0000, 0.0000, 0.0000, 0.0000]])
tensor([[0.1705, 1.0000, 0.0000, 0.0000, 0.0000, 0.0000]])
tensor([[0.0215, 0.0000, 0.0000, 0.0000, 0.0000, 0.0000]])
tensor([[-0.7801,  0.0000,  0.0000,  0.0000,  0.0000,  0.0000]])
tensor([[-0.8675,  0.0000,  0.0000,  0.0000,  0.0000,  0.0000]])
tensor([[-0.6560,  1.0000,  0.0000,  0.0000,  0.0000,  0.0000]])
tensor([[0.9184, 0.0000, 0.0000, 0.0000, 0.0000, 0.0000]])
tensor([[0.8176, 0.0000, 0.0000, 0.0000, 0.0000, 0.0000]])
tensor([[-0.0456,  1.0000,  0.0000,  0.0000,  0.0000,  0.0000]])
tensor([[0.2864, 1.0000, 0.0000, 0.0000, 0.0000, 0.0000]])
tensor([[-0.0067,  1.0000,  0.0000,  0.0000,  0.0000,  0.0000]])
tensor([[0.5144, 1.0000, 0.0000, 0.0000, 0.0000, 0.0000]])
tensor([[0.3181, 0.0000, 0.0000, 0.0000, 0.0000, 0.0000]])
tensor([[0.6643, 1.0000, 0.0000, 0.0000, 0.0000, 0.0000]])
tensor([[-0.0409,  0.0000,  0.0000,  0.0000,  0.0000,  0.0000]])
tensor([[-0.9420,  1.0000,  0.0000,  0.0000,  0.0000,  0.0000]])
tensor([[-0.1669,  0.0000,  0.0000,  0.0000,  0.0000,  0.0000]])
tensor([[0.8392, 1.0000, 0.0000, 0.0000, 0.0000, 0.0000]])
tensor([[0.8418, 0.0000, 0.0000, 0.0000, 0.0000, 0.0000]])
tensor([[0.5081, 1.0000, 0.0000, 0.0000, 0.0000, 0.0000]])
tensor([[0.1465, 1.0000, 0.0000, 0.0000, 0.0000, 0.0000]])
tensor([[0.2313, 1.0000, 0.0000, 0.0000, 0.0000, 0.0000]])
tensor([[-0.9505,  1.0000,  0.0000,  0.0000,  0.0000,  0.0000]])
tensor([[-0.7912,  0.0000,  0.0000,  0.0000,  0.0000,  0.0000]])
tensor([[-0.4621,  0.0000,  0.0000,  0.0000,  0.0000,  0.0000]])
tensor([[0.9226, 0.0000, 0.0000, 0.0000, 0.0000, 0.0000]])
tensor([[0.9524, 1.0000, 0.0000, 0.0000, 0.0000, 0.0000]])
tensor([[0.6973, 1.0000, 0.0000, 0.0000, 0.0000, 0.0000]])
tensor([[0.1456, 1.0000, 0.0000, 0.0000, 0.0000, 0.0000]])
tensor([[-0.2649,  1.0000,  0.0000,  0.0000,  0.0000,  0.0000]])
tensor([[-0.2708,  1.0000,  0.0000,  0.0000,  0.0000,  0.0000]])
tensor([[-0.6552,  0.0000,  0.0000,  0.0000,  0.0000,  0.0000]])
tensor([[-0.7335,  1.0000,  0.0000,  0.0000,  0.0000,  0.0000]])
tensor([[0.9167, 0.0000, 0.0000, 0.0000, 0.0000, 0.0000]])
tensor([[0.9020, 1.0000, 0.0000, 0.0000, 0.0000, 0.0000]])
tensor([[0.6674, 0.0000, 0.0000, 0.0000, 0.0000, 0.0000]])
tensor([[0.2313, 0.0000, 0.0000, 0.0000, 0.0000, 0.0000]])
tensor([[-0.6515,  0.0000,  0.0000,  0.0000,  0.0000,  0.0000]])
tensor([[-0.8334,  1.0000,  0.0000,  0.0000,  0.0000,  0.0000]])
tensor([[-0.5048,  1.0000,  0.0000,  0.0000,  0.0000,  0.0000]])
tensor([[0.3415, 1.0000, 0.0000, 0.0000, 0.0000, 0.0000]])
tensor([[0.9443, 1.0000, 0.0000, 0.0000, 0.0000, 0.0000]])
tensor([[0.9252, 1.0000, 0.0000, 0.0000, 0.0000, 0.0000]])
tensor([[0.5866, 0.0000, 0.0000, 0.0000, 0.0000, 0.0000]])
tensor([[0.0989, 1.0000, 0.0000, 0.0000, 0.0000, 0.0000]])
tensor([[-0.9602,  1.0000,  0.0000,  0.0000,  0.0000,  0.0000]])
tensor([[-0.7840,  0.0000,  0.0000,  0.0000,  0.0000,  0.0000]])
tensor([[0.3065, 1.0000, 0.0000, 0.0000, 0.0000, 0.0000]])
tensor([[-0.3093,  1.0000,  0.0000,  0.0000,  0.0000,  0.0000]])
tensor([[0.9725, 1.0000, 0.0000, 0.0000, 0.0000, 0.0000]])
tensor([[0.9083, 1.0000, 0.0000, 0.0000, 0.0000, 0.0000]])
tensor([[-0.2086,  1.0000,  0.0000,  0.0000,  0.0000,  0.0000]])
tensor([[-0.6899,  1.0000,  0.0000,  0.0000,  0.0000,  0.0000]])
tensor([[0.0836, 1.0000, 0.0000, 0.0000, 0.0000, 0.0000]])
tensor([[0.7544, 1.0000, 0.0000, 0.0000, 0.0000, 0.0000]])
tensor([[0.5104, 1.0000, 0.0000, 0.0000, 0.0000, 0.0000]])
tensor([[-0.5218,  1.0000,  0.0000,  0.0000,  0.0000,  0.0000]])
tensor([[0.6361, 1.0000, 0.0000, 0.0000, 0.0000, 0.0000]])
tensor([[0.8243, 1.0000, 0.0000, 0.0000, 1.0000, 0.0000]])
tensor([[0.6811, 1.0000, 0.0000, 0.0000, 0.0000, 0.0000]])
tensor([[0.8435, 1.0000, 0.0000, 0.0000, 0.0000, 0.0000]])
tensor([[0.7079, 1.0000, 0.0000, 0.0000, 0.0000, 0.0000]])
tensor([[0.9833, 1.0000, 0.0000, 0.0000, 0.0000, 0.0000]])
tensor([[0.9655, 1.0000, 0.0000, 0.0000, 0.0000, 0.0000]])
tensor([[0.9996, 1.0000, 0.0000, 0.0000, 0.0000, 0.0000]])
tensor([[0.9988, 1.0000, 0.0000, 0.0000, 0.0000, 0.0000]])
tensor([[0.9999, 1.0000, 0.0000, 0.0000, 0.0000, 0.0000]])
tensor([[0.9993, 1.0000, 0.0000, 0.0000, 1.0000, 0.0000]])
tensor([[0.9996, 1.0000, 0.0000, 0.0000, 0.0000, 0.0000]])
tensor([[0.9991, 1.0000, 0.0000, 0.0000, 0.0000, 0.0000]])
tensor([[0.9373, 0.0000, 0.0000, 0.0000, 0.0000, 0.0000]])
tensor([[0.9266, 1.0000, 0.0000, 0.0000, 0.0000, 0.0000]])
tensor([[0.6196, 1.0000, 0.0000, 0.0000, 0.0000, 0.0000]])
tensor([[0.6170, 1.0000, 0.0000, 0.0000, 0.0000, 0.0000]])
tensor([[0.8610, 1.0000, 0.0000, 0.0000, 1.0000, 0.0000]])
tensor([[0.5301, 1.0000, 0.0000, 0.0000, 0.0000, 0.0000]])
tensor([[0.5418, 1.0000, 0.0000, 0.0000, 0.0000, 0.0000]])
tensor([[0.6049, 1.0000, 0.0000, 0.0000, 0.0000, 0.0000]])
tensor([[0.5495, 1.0000, 0.0000, 0.0000, 0.0000, 0.0000]])
tensor([[0.7620, 1.0000, 0.0000, 0.0000, 0.0000, 0.0000]])
tensor([[0.8462, 1.0000, 0.0000, 0.0000, 0.0000, 0.0000]])
tensor([[0.9577, 1.0000, 0.0000, 0.0000, 0.0000, 0.0000]])
tensor([[0.6192, 0.0000, 0.0000, 0.0000, 0.0000, 0.0000]])
tensor([[-0.2487,  1.0000,  0.0000,  0.0000,  0.0000,  0.0000]])
tensor([[-0.5568,  1.0000,  0.0000,  0.0000,  0.0000,  0.0000]])
tensor([[-0.8355,  1.0000,  0.0000,  0.0000,  0.0000,  0.0000]])
tensor([[-0.9912,  1.0000,  0.0000,  0.0000,  0.0000,  0.0000]])
tensor([[-0.9791,  1.0000,  0.0000,  0.0000,  0.0000,  0.0000]])
tensor([[-0.9932,  0.0000,  0.0000,  0.0000,  0.0000,  0.0000]])
tensor([[-0.9779,  0.0000,  0.0000,  0.0000,  0.0000,  0.0000]])
tensor([[-0.8983,  0.0000,  0.0000,  0.0000,  0.0000,  0.0000]])
tensor([[-0.4010,  1.0000,  0.0000,  0.0000,  0.0000,  0.0000]])
tensor([[0.4706, 1.0000, 0.0000, 0.0000, 0.0000, 0.0000]])
tensor([[0.4526, 1.0000, 0.0000, 0.0000, 0.0000, 0.0000]])
tensor([[0.5517, 1.0000, 0.0000, 0.0000, 0.0000, 0.0000]])
tensor([[0.1536, 1.0000, 0.0000, 0.0000, 0.0000, 0.0000]])
tensor([[-0.0050,  1.0000,  0.0000,  0.0000,  0.0000,  0.0000]])
tensor([[0.0796, 1.0000, 0.0000, 0.0000, 0.0000, 0.0000]])
tensor([[0.2975, 1.0000, 0.0000, 0.0000, 0.0000, 0.0000]])
tensor([[-0.1556,  1.0000,  0.0000,  0.0000,  0.0000,  0.0000]])
tensor([[0.0844, 1.0000, 0.0000, 0.0000, 0.0000, 0.0000]])
tensor([[-0.1400,  1.0000,  0.0000,  0.0000,  0.0000,  0.0000]])
tensor([[-0.4151,  1.0000,  0.0000,  0.0000,  0.0000,  0.0000]])
tensor([[0.2598, 1.0000, 0.0000, 0.0000, 0.0000, 0.0000]])
tensor([[0.0449, 1.0000, 0.0000, 0.0000, 1.0000, 0.0000]])
tensor([[0.3935, 1.0000, 0.0000, 0.0000, 1.0000, 0.0000]])
tensor([[-0.6919,  1.0000,  0.0000,  0.0000,  0.0000,  0.0000]])
tensor([[-0.4891,  1.0000,  0.0000,  0.0000,  0.0000,  0.0000]])
tensor([[0.1106, 1.0000, 0.0000, 0.0000, 0.0000, 0.0000]])
tensor([[0.0917, 1.0000, 0.0000, 0.0000, 0.0000, 0.0000]])
tensor([[0.0297, 1.0000, 0.0000, 0.0000, 0.0000, 0.0000]])
tensor([[0.6611, 1.0000, 0.0000, 0.0000, 0.0000, 0.0000]])
tensor([[-0.0635,  1.0000,  0.0000,  0.0000,  0.0000,  0.0000]])
tensor([[0.1401, 1.0000, 0.0000, 0.0000, 0.0000, 0.0000]])
tensor([[-0.4635,  1.0000,  0.0000,  0.0000,  0.0000,  0.0000]])
tensor([[-0.1097,  1.0000,  0.0000,  0.0000,  0.0000,  0.0000]])
tensor([[-0.2844,  1.0000,  0.0000,  0.0000,  0.0000,  0.0000]])
tensor([[0.4355, 1.0000, 1.0000, 0.0000, 1.0000, 0.0000]])
tensor([[-0.2284,  1.0000,  0.0000,  0.0000,  0.0000,  0.0000]])
tensor([[0.2202, 1.0000, 0.0000, 0.0000, 0.0000, 0.0000]])
tensor([[-0.1966,  1.0000,  0.0000,  0.0000,  0.0000,  0.0000]])
tensor([[-0.7073,  1.0000,  0.0000,  0.0000,  1.0000,  0.0000]])
tensor([[-0.2611,  1.0000,  0.0000,  0.0000,  0.0000,  0.0000]])
tensor([[-0.7650,  1.0000,  0.0000,  0.0000,  0.0000,  0.0000]])
tensor([[-0.6365,  1.0000,  0.0000,  0.0000,  1.0000,  0.0000]])
tensor([[-0.0134,  1.0000,  0.0000,  0.0000,  0.0000,  0.0000]])
tensor([[-0.0120,  1.0000,  0.0000,  0.0000,  0.0000,  0.0000]])
tensor([[0.5250, 1.0000, 0.0000, 0.0000, 0.0000, 0.0000]])
tensor([[-0.6041,  1.0000,  0.0000,  0.0000,  0.0000,  0.0000]])
tensor([[-0.7363,  1.0000,  0.0000,  0.0000,  0.0000,  0.0000]])
tensor([[-0.9398,  1.0000,  0.0000,  0.0000,  0.0000,  0.0000]])
tensor([[-0.9404,  1.0000,  0.0000,  0.0000,  0.0000,  0.0000]])
tensor([[-0.9923,  1.0000,  0.0000,  0.0000,  0.0000,  0.0000]])
tensor([[-0.9935,  0.0000,  0.0000,  0.0000,  0.0000,  0.0000]])
tensor([[-0.9988,  1.0000,  0.0000,  0.0000,  0.0000,  0.0000]])
tensor([[-0.9997,  0.0000,  0.0000,  0.0000,  0.0000,  0.0000]])
tensor([[-0.9975,  1.0000,  0.0000,  0.0000,  0.0000,  0.0000]])
tensor([[-0.9975,  1.0000,  1.0000,  0.0000,  0.0000,  0.0000]])
tensor([[-0.9989,  0.0000,  0.0000,  0.0000,  0.0000,  0.0000]])
tensor([[-0.9995,  1.0000,  0.0000,  0.0000,  0.0000,  0.0000]])
tensor([[-0.9885,  0.0000,  0.0000,  0.0000,  1.0000,  0.0000]])
tensor([[-0.9921,  1.0000,  0.0000,  0.0000,  0.0000,  0.0000]])
tensor([[-0.9960,  1.0000,  0.0000,  0.0000,  0.0000,  0.0000]])
tensor([[-0.9832,  0.0000,  0.0000,  0.0000,  0.0000,  0.0000]])
tensor([[-0.9871,  1.0000,  0.0000,  0.0000,  0.0000,  0.0000]])
tensor([[-0.9962,  0.0000,  0.0000,  0.0000,  0.0000,  0.0000]])
tensor([[-0.9911,  1.0000,  0.0000,  0.0000,  0.0000,  0.0000]])
tensor([[-0.7931,  1.0000,  0.0000,  0.0000,  0.0000,  0.0000]])
tensor([[0.5064, 0.0000, 0.0000, 1.0000, 0.0000, 0.0000]])
tensor([[0.7435, 1.0000, 0.0000, 0.0000, 0.0000, 0.0000]])
tensor([[-0.3525,  1.0000,  0.0000,  0.0000,  0.0000,  0.0000]])
tensor([[-0.4064,  1.0000,  0.0000,  0.0000,  0.0000,  0.0000]])
tensor([[-0.6736,  1.0000,  0.0000,  0.0000,  0.0000,  0.0000]])
tensor([[0.1335, 1.0000, 0.0000, 0.0000, 0.0000, 0.0000]])
tensor([[0.2596, 1.0000, 0.0000, 0.0000, 0.0000, 0.0000]])
tensor([[-0.2786,  1.0000,  0.0000,  0.0000,  0.0000,  0.0000]])
tensor([[0.2628, 1.0000, 0.0000, 0.0000, 0.0000, 0.0000]])
tensor([[-0.2391,  1.0000,  0.0000,  0.0000,  0.0000,  0.0000]])
tensor([[-0.4474,  1.0000,  0.0000,  0.0000,  0.0000,  0.0000]])
tensor([[0.7795, 1.0000, 0.0000, 0.0000, 0.0000, 0.0000]])
tensor([[0.5588, 1.0000, 0.0000, 0.0000, 0.0000, 0.0000]])
tensor([[0.1663, 1.0000, 0.0000, 0.0000, 0.0000, 0.0000]])
tensor([[-0.7075,  1.0000,  0.0000,  0.0000,  0.0000,  0.0000]])
tensor([[-0.7437,  1.0000,  0.0000,  0.0000,  0.0000,  0.0000]])
tensor([[0.2948, 1.0000, 0.0000, 0.0000, 1.0000, 0.0000]])
tensor([[0.1025, 1.0000, 0.0000, 0.0000, 0.0000, 0.0000]])
tensor([[0.4976, 1.0000, 0.0000, 0.0000, 0.0000, 0.0000]])
tensor([[-0.2113,  1.0000,  0.0000,  0.0000,  0.0000,  0.0000]])
tensor([[-0.0207,  0.0000,  0.0000,  0.0000,  0.0000,  0.0000]])
tensor([[0.4589, 1.0000, 0.0000, 0.0000, 0.0000, 0.0000]])
tensor([[-0.1555,  0.0000,  0.0000,  0.0000,  0.0000,  0.0000]])
tensor([[-0.3672,  1.0000,  0.0000,  0.0000,  0.0000,  0.0000]])
tensor([[0.2737, 1.0000, 0.0000, 0.0000, 0.0000, 0.0000]])
tensor([[0.2404, 1.0000, 0.0000, 0.0000, 0.0000, 0.0000]])
tensor([[-0.0460,  1.0000,  0.0000,  0.0000,  0.0000,  0.0000]])
tensor([[-0.1189,  1.0000,  0.0000,  0.0000,  0.0000,  0.0000]])
tensor([[0.0278, 1.0000, 0.0000, 0.0000, 0.0000, 0.0000]])
tensor([[0.1153, 1.0000, 0.0000, 0.0000, 0.0000, 0.0000]])
tensor([[0.1498, 1.0000, 0.0000, 0.0000, 0.0000, 0.0000]])
tensor([[-0.2008,  1.0000,  0.0000,  0.0000,  0.0000,  0.0000]])
tensor([[-0.6853,  1.0000,  0.0000,  0.0000,  0.0000,  0.0000]])
tensor([[-0.3185,  1.0000,  0.0000,  0.0000,  0.0000,  0.0000]])
tensor([[0.4868, 1.0000, 0.0000, 0.0000, 0.0000, 0.0000]])
tensor([[0.2415, 1.0000, 0.0000, 0.0000, 0.0000, 0.0000]])
tensor([[0.1931, 1.0000, 0.0000, 0.0000, 0.0000, 0.0000]])
tensor([[-0.0426,  1.0000,  0.0000,  0.0000,  0.0000,  0.0000]])
tensor([[-0.1845,  1.0000,  0.0000,  0.0000,  0.0000,  0.0000]])
tensor([[0.1410, 1.0000, 0.0000, 0.0000, 0.0000, 0.0000]])
tensor([[0.5610, 1.0000, 0.0000, 0.0000, 0.0000, 0.0000]])
tensor([[-0.1769,  1.0000,  0.0000,  0.0000,  0.0000,  0.0000]])
tensor([[0.2840, 1.0000, 0.0000, 0.0000, 0.0000, 0.0000]])
tensor([[-0.0962,  1.0000,  0.0000,  0.0000,  1.0000,  0.0000]])
tensor([[0.3659, 1.0000, 0.0000, 0.0000, 1.0000, 0.0000]])
tensor([[0.3950, 1.0000, 0.0000, 0.0000, 0.0000, 0.0000]])
tensor([[0.2662, 1.0000, 0.0000, 0.0000, 0.0000, 0.0000]])
tensor([[0.2035, 1.0000, 0.0000, 0.0000, 1.0000, 0.0000]])
tensor([[0.5774, 1.0000, 0.0000, 0.0000, 0.0000, 0.0000]])
tensor([[0.9714, 1.0000, 0.0000, 0.0000, 0.0000, 0.0000]])
tensor([[0.5752, 1.0000, 1.0000, 0.0000, 1.0000, 0.0000]])
tensor([[0.3190, 1.0000, 0.0000, 0.0000, 0.0000, 0.0000]])
tensor([[0.1233, 1.0000, 1.0000, 0.0000, 1.0000, 0.0000]])
tensor([[0.5459, 1.0000, 0.0000, 0.0000, 0.0000, 0.0000]])
tensor([[0.1054, 1.0000, 0.0000, 0.0000, 0.0000, 0.0000]])
tensor([[-0.8441,  1.0000,  0.0000,  0.0000,  0.0000,  0.0000]])
tensor([[0.5174, 1.0000, 0.0000, 0.0000, 0.0000, 0.0000]])
tensor([[-0.1396,  1.0000,  0.0000,  0.0000,  0.0000,  0.0000]])
tensor([[-0.1424,  1.0000,  0.0000,  0.0000,  0.0000,  0.0000]])
tensor([[0.7590, 0.0000, 1.0000, 0.0000, 0.0000, 0.0000]])
tensor([[0.6032, 0.0000, 0.0000, 0.0000, 0.0000, 0.0000]])
tensor([[-0.4241,  1.0000,  0.0000,  0.0000,  0.0000,  0.0000]])
tensor([[-0.0810,  1.0000,  0.0000,  0.0000,  0.0000,  0.0000]])
tensor([[-0.2760,  1.0000,  0.0000,  0.0000,  0.0000,  0.0000]])
tensor([[0.5205, 0.0000, 0.0000, 0.0000, 0.0000, 0.0000]])
tensor([[0.3501, 1.0000, 0.0000, 0.0000, 0.0000, 0.0000]])
tensor([[-0.3995,  0.0000,  0.0000,  0.0000,  0.0000,  0.0000]])
tensor([[0.6367, 0.0000, 0.0000, 0.0000, 0.0000, 0.0000]])
tensor([[-0.4344,  0.0000,  0.0000,  0.0000,  0.0000,  0.0000]])
tensor([[0.3559, 1.0000, 0.0000, 0.0000, 0.0000, 0.0000]])
tensor([[-0.2523,  1.0000,  0.0000,  0.0000,  0.0000,  0.0000]])
tensor([[0.0318, 1.0000, 0.0000, 0.0000, 0.0000, 0.0000]])
tensor([[0.3599, 1.0000, 0.0000, 0.0000, 0.0000, 0.0000]])
tensor([[0.1591, 1.0000, 0.0000, 0.0000, 0.0000, 0.0000]])
tensor([[0.2743, 1.0000, 0.0000, 0.0000, 0.0000, 0.0000]])
tensor([[-0.4187,  1.0000,  0.0000,  0.0000,  0.0000,  0.0000]])
tensor([[-0.2584,  1.0000,  1.0000,  0.0000,  0.0000,  0.0000]])
tensor([[0.0660, 1.0000, 0.0000, 0.0000, 0.0000, 0.0000]])
tensor([[0.0888, 1.0000, 0.0000, 1.0000, 0.0000, 0.0000]])
tensor([[0.3903, 1.0000, 0.0000, 0.0000, 0.0000, 0.0000]])
tensor([[0.0150, 1.0000, 0.0000, 0.0000, 0.0000, 0.0000]])
tensor([[-0.4496,  1.0000,  0.0000,  0.0000,  0.0000,  0.0000]])
tensor([[-0.7662,  1.0000,  0.0000,  0.0000,  0.0000,  0.0000]])
tensor([[-0.7263,  0.0000,  0.0000,  0.0000,  0.0000,  0.0000]])
tensor([[-0.5796,  1.0000,  0.0000,  0.0000,  1.0000,  0.0000]])
tensor([[0.3570, 1.0000, 0.0000, 0.0000, 0.0000, 0.0000]])
tensor([[0.5918, 1.0000, 0.0000, 0.0000, 0.0000, 0.0000]])
tensor([[0.3733, 1.0000, 0.0000, 0.0000, 0.0000, 0.0000]])
tensor([[-0.3190,  1.0000,  0.0000,  0.0000,  0.0000,  0.0000]])
tensor([[-0.6533,  1.0000,  0.0000,  0.0000,  0.0000,  0.0000]])
tensor([[-0.0091,  1.0000,  0.0000,  0.0000,  0.0000,  0.0000]])
tensor([[-0.5868,  0.0000,  0.0000,  0.0000,  0.0000,  0.0000]])
tensor([[-0.4952,  1.0000,  0.0000,  0.0000,  0.0000,  0.0000]])
tensor([[0.6031, 1.0000, 1.0000, 0.0000, 1.0000, 0.0000]])
tensor([[0.8011, 1.0000, 0.0000, 0.0000, 0.0000, 0.0000]])
tensor([[0.1257, 1.0000, 0.0000, 0.0000, 0.0000, 0.0000]])
tensor([[-0.8305,  1.0000,  0.0000,  0.0000,  0.0000,  0.0000]])
tensor([[-0.9247,  1.0000,  0.0000,  0.0000,  0.0000,  0.0000]])
tensor([[-0.7580,  1.0000,  0.0000,  0.0000,  0.0000,  0.0000]])
tensor([[0.1229, 1.0000, 0.0000, 0.0000, 0.0000, 0.0000]])
tensor([[-0.7780,  1.0000,  0.0000,  0.0000,  1.0000,  0.0000]])
tensor([[-0.5108,  1.0000,  0.0000,  0.0000,  0.0000,  0.0000]])
tensor([[0.8369, 1.0000, 0.0000, 0.0000, 0.0000, 0.0000]])
tensor([[-0.2019,  1.0000,  0.0000,  0.0000,  0.0000,  0.0000]])
tensor([[0.2864, 0.0000, 0.0000, 0.0000, 0.0000, 0.0000]])
tensor([[4.6994e-04, 1.0000e+00, 0.0000e+00, 0.0000e+00, 0.0000e+00, 0.0000e+00]])
tensor([[0.0757, 1.0000, 0.0000, 0.0000, 0.0000, 0.0000]])
tensor([[-0.8108,  1.0000,  0.0000,  0.0000,  0.0000,  0.0000]])
tensor([[-0.9334,  1.0000,  0.0000,  0.0000,  0.0000,  0.0000]])
tensor([[-0.5429,  1.0000,  0.0000,  0.0000,  0.0000,  0.0000]])
tensor([[-0.8658,  1.0000,  0.0000,  0.0000,  0.0000,  0.0000]])
tensor([[0.0712, 0.0000, 0.0000, 0.0000, 0.0000, 0.0000]])
tensor([[-0.6050,  1.0000,  0.0000,  0.0000,  0.0000,  0.0000]])
tensor([[-0.1289,  1.0000,  0.0000,  0.0000,  0.0000,  0.0000]])
tensor([[0.1854, 1.0000, 0.0000, 0.0000, 0.0000, 0.0000]])
tensor([[-0.2145,  1.0000,  0.0000,  0.0000,  0.0000,  0.0000]])
tensor([[-0.7882,  1.0000,  0.0000,  0.0000,  0.0000,  0.0000]])
tensor([[-0.5962,  1.0000,  0.0000,  0.0000,  0.0000,  0.0000]])
tensor([[0.2937, 1.0000, 0.0000, 0.0000, 0.0000, 0.0000]])
tensor([[0.0860, 1.0000, 0.0000, 0.0000, 0.0000, 0.0000]])
tensor([[-0.6433,  1.0000,  0.0000,  0.0000,  0.0000,  0.0000]])
tensor([[-0.8045,  1.0000,  0.0000,  0.0000,  0.0000,  0.0000]])
tensor([[-0.8922,  1.0000,  0.0000,  0.0000,  0.0000,  0.0000]])
tensor([[-0.7747,  1.0000,  0.0000,  0.0000,  0.0000,  0.0000]])
tensor([[0.1282, 1.0000, 0.0000, 0.0000, 0.0000, 0.0000]])
tensor([[0.3777, 1.0000, 0.0000, 0.0000, 0.0000, 0.0000]])
tensor([[-0.8562,  1.0000,  1.0000,  0.0000,  0.0000,  0.0000]])
tensor([[-0.3838,  0.0000,  0.0000,  0.0000,  0.0000,  0.0000]])
tensor([[-0.6107,  1.0000,  0.0000,  0.0000,  0.0000,  0.0000]])
tensor([[-0.3705,  1.0000,  0.0000,  0.0000,  0.0000,  0.0000]])
tensor([[-0.1343,  1.0000,  0.0000,  0.0000,  0.0000,  0.0000]])
tensor([[0.2447, 1.0000, 0.0000, 0.0000, 0.0000, 0.0000]])
tensor([[-0.5700,  1.0000,  0.0000,  0.0000,  0.0000,  0.0000]])
tensor([[-0.3604,  1.0000,  0.0000,  0.0000,  0.0000,  0.0000]])
tensor([[0.5990, 1.0000, 0.0000, 0.0000, 0.0000, 0.0000]])
tensor([[0.9732, 1.0000, 0.0000, 0.0000, 0.0000, 0.0000]])
tensor([[0.1860, 1.0000, 0.0000, 0.0000, 0.0000, 0.0000]])
tensor([[0.5605, 1.0000, 0.0000, 0.0000, 0.0000, 0.0000]])
tensor([[-0.6542,  1.0000,  0.0000,  0.0000,  0.0000,  0.0000]])
tensor([[-0.9958,  1.0000,  0.0000,  0.0000,  0.0000,  0.0000]])
tensor([[-0.9948,  0.0000,  0.0000,  0.0000,  0.0000,  0.0000]])
tensor([[-0.9984,  1.0000,  0.0000,  0.0000,  0.0000,  0.0000]])
tensor([[-0.9764,  0.0000,  0.0000,  0.0000,  0.0000,  0.0000]])
tensor([[-0.9964,  1.0000,  0.0000,  0.0000,  0.0000,  0.0000]])
tensor([[-0.9821,  1.0000,  0.0000,  0.0000,  0.0000,  0.0000]])
tensor([[-0.9600,  0.0000,  0.0000,  0.0000,  0.0000,  0.0000]])
tensor([[-0.9625,  1.0000,  0.0000,  0.0000,  0.0000,  0.0000]])
tensor([[-0.9100,  1.0000,  0.0000,  0.0000,  0.0000,  0.0000]])
tensor([[-0.8360,  0.0000,  0.0000,  0.0000,  0.0000,  0.0000]])
tensor([[-0.9298,  1.0000,  1.0000,  0.0000,  0.0000,  0.0000]])
tensor([[-0.8575,  1.0000,  0.0000,  0.0000,  0.0000,  0.0000]])
tensor([[0.4506, 0.0000, 0.0000, 0.0000, 0.0000, 0.0000]])
tensor([[-0.2730,  1.0000,  0.0000,  0.0000,  0.0000,  0.0000]])
tensor([[-0.3905,  1.0000,  0.0000,  1.0000,  0.0000,  0.0000]])
tensor([[-0.8166,  1.0000,  0.0000,  0.0000,  0.0000,  0.0000]])
tensor([[0.2035, 1.0000, 0.0000, 0.0000, 0.0000, 0.0000]])
tensor([[-0.2178,  1.0000,  0.0000,  0.0000,  0.0000,  0.0000]])
tensor([[-0.0307,  1.0000,  0.0000,  0.0000,  0.0000,  0.0000]])
tensor([[0.0520, 1.0000, 0.0000, 0.0000, 0.0000, 0.0000]])
tensor([[-0.1296,  1.0000,  0.0000,  0.0000,  0.0000,  0.0000]])
tensor([[0.6808, 1.0000, 0.0000, 0.0000, 0.0000, 0.0000]])
tensor([[0.2483, 1.0000, 0.0000, 0.0000, 0.0000, 0.0000]])
tensor([[-0.5929,  1.0000,  0.0000,  0.0000,  1.0000,  0.0000]])
tensor([[0.3624, 1.0000, 0.0000, 0.0000, 0.0000, 0.0000]])
tensor([[0.8081, 1.0000, 0.0000, 0.0000, 1.0000, 0.0000]])
tensor([[0.2194, 1.0000, 0.0000, 0.0000, 0.0000, 0.0000]])
tensor([[0.6331, 1.0000, 0.0000, 0.0000, 0.0000, 0.0000]])
tensor([[0.5111, 1.0000, 0.0000, 0.0000, 0.0000, 0.0000]])
tensor([[-0.1460,  1.0000,  1.0000,  0.0000,  0.0000,  0.0000]])
tensor([[-0.5588,  1.0000,  0.0000,  0.0000,  0.0000,  0.0000]])
tensor([[-0.6302,  1.0000,  0.0000,  0.0000,  0.0000,  0.0000]])
tensor([[-0.8031,  1.0000,  1.0000,  0.0000,  0.0000,  0.0000]])
tensor([[-0.6429,  1.0000,  0.0000,  0.0000,  0.0000,  0.0000]])
tensor([[-0.3971,  1.0000,  0.0000,  0.0000,  0.0000,  0.0000]])
tensor([[-0.0692,  1.0000,  0.0000,  0.0000,  0.0000,  0.0000]])
tensor([[-0.0124,  0.0000,  0.0000,  0.0000,  0.0000,  0.0000]])
tensor([[-0.4631,  1.0000,  0.0000,  0.0000,  0.0000,  0.0000]])
tensor([[-0.0033,  1.0000,  0.0000,  0.0000,  0.0000,  0.0000]])
tensor([[-0.2256,  1.0000,  0.0000,  0.0000,  0.0000,  0.0000]])
tensor([[-0.5561,  1.0000,  0.0000,  0.0000,  0.0000,  0.0000]])
tensor([[-0.2875,  1.0000,  0.0000,  0.0000,  0.0000,  0.0000]])
tensor([[-0.2155,  1.0000,  0.0000,  0.0000,  0.0000,  0.0000]])
tensor([[-0.3088,  1.0000,  0.0000,  0.0000,  0.0000,  0.0000]])
tensor([[-0.2279,  1.0000,  0.0000,  0.0000,  0.0000,  0.0000]])
tensor([[-0.5170,  1.0000,  0.0000,  0.0000,  0.0000,  0.0000]])
tensor([[0.0116, 1.0000, 0.0000, 0.0000, 0.0000, 0.0000]])
tensor([[-0.2497,  1.0000,  0.0000,  0.0000,  0.0000,  0.0000]])
tensor([[-0.2352,  1.0000,  0.0000,  0.0000,  0.0000,  0.0000]])
tensor([[0.0063, 1.0000, 0.0000, 0.0000, 0.0000, 0.0000]])
tensor([[-0.0441,  1.0000,  0.0000,  0.0000,  0.0000,  0.0000]])
tensor([[0.2964, 1.0000, 0.0000, 0.0000, 0.0000, 0.0000]])
tensor([[-0.3671,  1.0000,  0.0000,  0.0000,  0.0000,  0.0000]])
tensor([[-0.1472,  1.0000,  0.0000,  0.0000,  0.0000,  0.0000]])
tensor([[0.0084, 1.0000, 0.0000, 0.0000, 0.0000, 0.0000]])
tensor([[-0.0076,  1.0000,  0.0000,  0.0000,  0.0000,  0.0000]])
tensor([[-0.2492,  1.0000,  0.0000,  0.0000,  0.0000,  0.0000]])
tensor([[-0.0059,  1.0000,  0.0000,  0.0000,  0.0000,  0.0000]])
tensor([[0.1335, 1.0000, 0.0000, 0.0000, 0.0000, 0.0000]])
tensor([[0.5013, 1.0000, 0.0000, 0.0000, 0.0000, 0.0000]])
tensor([[-0.0854,  1.0000,  0.0000,  0.0000,  0.0000,  0.0000]])
tensor([[-0.2993,  0.0000,  0.0000,  0.0000,  0.0000,  0.0000]])
tensor([[-0.4690,  1.0000,  0.0000,  0.0000,  0.0000,  0.0000]])
tensor([[0.2519, 1.0000, 0.0000, 0.0000, 0.0000, 0.0000]])
tensor([[0.0522, 1.0000, 0.0000, 0.0000, 0.0000, 0.0000]])
tensor([[0.4124, 1.0000, 0.0000, 0.0000, 0.0000, 0.0000]])
tensor([[-0.0090,  1.0000,  0.0000,  0.0000,  0.0000,  0.0000]])
tensor([[0.2912, 1.0000, 0.0000, 0.0000, 0.0000, 1.0000]])
tensor([[-0.1693,  1.0000,  0.0000,  0.0000,  0.0000,  0.0000]])
tensor([[-0.3598,  1.0000,  0.0000,  0.0000,  0.0000,  0.0000]])
tensor([[-0.0505,  1.0000,  0.0000,  0.0000,  0.0000,  0.0000]])
tensor([[-0.2898,  1.0000,  0.0000,  0.0000,  0.0000,  0.0000]])
tensor([[0.1082, 1.0000, 0.0000, 0.0000, 0.0000, 0.0000]])
tensor([[-0.1490,  1.0000,  0.0000,  0.0000,  0.0000,  0.0000]])
tensor([[0.2593, 1.0000, 0.0000, 0.0000, 0.0000, 0.0000]])
tensor([[-0.1416,  0.0000,  0.0000,  0.0000,  1.0000,  0.0000]])
tensor([[0.2832, 1.0000, 1.0000, 0.0000, 0.0000, 0.0000]])
tensor([[0.2545, 1.0000, 0.0000, 0.0000, 0.0000, 0.0000]])
tensor([[-0.0922,  1.0000,  0.0000,  0.0000,  0.0000,  0.0000]])
tensor([[-0.1403,  1.0000,  0.0000,  0.0000,  1.0000,  0.0000]])
tensor([[-0.1399,  1.0000,  0.0000,  0.0000,  0.0000,  0.0000]])
tensor([[0.1627, 1.0000, 0.0000, 0.0000, 0.0000, 0.0000]])
tensor([[0.1651, 1.0000, 0.0000, 0.0000, 0.0000, 0.0000]])
tensor([[-0.1044,  1.0000,  0.0000,  0.0000,  0.0000,  0.0000]])
tensor([[0.0214, 1.0000, 0.0000, 0.0000, 0.0000, 0.0000]])
tensor([[-0.1421,  1.0000,  0.0000,  0.0000,  0.0000,  0.0000]])
tensor([[-0.0710,  1.0000,  0.0000,  0.0000,  0.0000,  0.0000]])
tensor([[0.2219, 1.0000, 0.0000, 0.0000, 0.0000, 0.0000]])
tensor([[-0.4139,  1.0000,  1.0000,  0.0000,  0.0000,  0.0000]])
tensor([[0.3844, 0.0000, 0.0000, 0.0000, 0.0000, 0.0000]])
tensor([[0.5214, 1.0000, 0.0000, 0.0000, 0.0000, 0.0000]])
tensor([[-0.4313,  1.0000,  1.0000,  1.0000,  0.0000,  0.0000]])
tensor([[-0.5753,  1.0000,  0.0000,  0.0000,  0.0000,  0.0000]])
tensor([[0.8995, 1.0000, 0.0000, 0.0000, 0.0000, 0.0000]])
tensor([[0.7861, 0.0000, 0.0000, 0.0000, 0.0000, 0.0000]])
tensor([[0.0787, 1.0000, 0.0000, 0.0000, 0.0000, 0.0000]])
tensor([[-0.7504,  1.0000,  0.0000,  0.0000,  0.0000,  0.0000]])
tensor([[-0.1524,  1.0000,  0.0000,  0.0000,  0.0000,  0.0000]])
tensor([[-0.2739,  1.0000,  0.0000,  0.0000,  0.0000,  0.0000]])
tensor([[0.4606, 0.0000, 0.0000, 0.0000, 0.0000, 0.0000]])
tensor([[-0.3527,  1.0000,  0.0000,  0.0000,  0.0000,  0.0000]])
tensor([[-0.7408,  1.0000,  0.0000,  0.0000,  0.0000,  0.0000]])
tensor([[-0.1329,  1.0000,  0.0000,  0.0000,  0.0000,  0.0000]])
tensor([[-0.5029,  1.0000,  0.0000,  0.0000,  0.0000,  0.0000]])
tensor([[-0.6757,  1.0000,  0.0000,  0.0000,  0.0000,  0.0000]])
tensor([[0.6971, 1.0000, 0.0000, 0.0000, 0.0000, 0.0000]])
tensor([[-0.1939,  1.0000,  0.0000,  1.0000,  0.0000,  0.0000]])
tensor([[0.0435, 1.0000, 0.0000, 0.0000, 0.0000, 0.0000]])
tensor([[0.5973, 1.0000, 0.0000, 0.0000, 0.0000, 0.0000]])
tensor([[0.8557, 1.0000, 0.0000, 0.0000, 0.0000, 0.0000]])
tensor([[-0.8434,  1.0000,  0.0000,  0.0000,  0.0000,  0.0000]])
tensor([[0.2277, 1.0000, 0.0000, 0.0000, 0.0000, 0.0000]])
tensor([[0.1170, 0.0000, 0.0000, 0.0000, 0.0000, 0.0000]])
tensor([[-0.6026,  1.0000,  0.0000,  0.0000,  0.0000,  0.0000]])
tensor([[0.6015, 1.0000, 0.0000, 0.0000, 0.0000, 0.0000]])
tensor([[-0.0401,  1.0000,  1.0000,  0.0000,  0.0000,  0.0000]])
tensor([[0.8789, 1.0000, 0.0000, 0.0000, 0.0000, 0.0000]])
tensor([[0.9475, 1.0000, 0.0000, 0.0000, 0.0000, 0.0000]])
tensor([[0.3723, 1.0000, 0.0000, 0.0000, 0.0000, 0.0000]])
tensor([[-0.3920,  1.0000,  0.0000,  0.0000,  0.0000,  0.0000]])
tensor([[-0.5430,  1.0000,  0.0000,  0.0000,  0.0000,  0.0000]])
tensor([[0.8095, 1.0000, 0.0000, 0.0000, 0.0000, 0.0000]])
tensor([[-0.1505,  1.0000,  0.0000,  0.0000,  0.0000,  0.0000]])
tensor([[-0.6659,  1.0000,  0.0000,  0.0000,  0.0000,  0.0000]])
tensor([[-0.6750,  1.0000,  0.0000,  0.0000,  0.0000,  0.0000]])
tensor([[0.0567, 1.0000, 0.0000, 0.0000, 0.0000, 0.0000]])
tensor([[0.1436, 1.0000, 0.0000, 0.0000, 0.0000, 0.0000]])
tensor([[-0.2763,  1.0000,  0.0000,  0.0000,  0.0000,  0.0000]])
tensor([[-0.1577,  1.0000,  0.0000,  0.0000,  0.0000,  0.0000]])
tensor([[0.0182, 1.0000, 0.0000, 0.0000, 0.0000, 0.0000]])
tensor([[0.0069, 1.0000, 0.0000, 0.0000, 0.0000, 0.0000]])
tensor([[0.3604, 0.0000, 0.0000, 0.0000, 0.0000, 0.0000]])
tensor([[-0.0775,  1.0000,  0.0000,  0.0000,  0.0000,  0.0000]])
tensor([[0.3829, 1.0000, 0.0000, 0.0000, 0.0000, 0.0000]])
tensor([[0.4667, 0.0000, 0.0000, 0.0000, 0.0000, 0.0000]])
tensor([[-0.3966,  1.0000,  0.0000,  0.0000,  0.0000,  0.0000]])
tensor([[0.5068, 1.0000, 1.0000, 0.0000, 0.0000, 0.0000]])
tensor([[0.2807, 1.0000, 0.0000, 0.0000, 0.0000, 0.0000]])
tensor([[-0.0643,  0.0000,  0.0000,  0.0000,  0.0000,  0.0000]])
tensor([[0.5599, 1.0000, 0.0000, 0.0000, 0.0000, 0.0000]])
tensor([[0.0409, 1.0000, 0.0000, 0.0000, 0.0000, 0.0000]])
tensor([[0.5541, 1.0000, 0.0000, 0.0000, 0.0000, 0.0000]])
tensor([[0.9492, 1.0000, 0.0000, 0.0000, 0.0000, 0.0000]])
tensor([[-0.0284,  0.0000,  0.0000,  0.0000,  0.0000,  0.0000]])
tensor([[-0.4291,  1.0000,  0.0000,  0.0000,  0.0000,  0.0000]])
tensor([[0.8237, 1.0000, 0.0000, 0.0000, 0.0000, 0.0000]])
tensor([[0.9191, 1.0000, 0.0000, 0.0000, 0.0000, 0.0000]])
tensor([[-0.3263,  1.0000,  0.0000,  0.0000,  0.0000,  0.0000]])
tensor([[0.0337, 1.0000, 0.0000, 1.0000, 0.0000, 0.0000]])
tensor([[-0.8231,  1.0000,  0.0000,  0.0000,  0.0000,  0.0000]])
tensor([[-0.6495,  1.0000,  0.0000,  0.0000,  0.0000,  0.0000]])
tensor([[-0.6440,  1.0000,  0.0000,  0.0000,  0.0000,  0.0000]])
tensor([[0.6830, 1.0000, 0.0000, 0.0000, 0.0000, 0.0000]])
tensor([[-0.6841,  1.0000,  0.0000,  0.0000,  0.0000,  0.0000]])
tensor([[-0.4273,  1.0000,  0.0000,  0.0000,  0.0000,  0.0000]])
tensor([[0.4272, 1.0000, 0.0000, 0.0000, 0.0000, 0.0000]])
tensor([[-0.2331,  1.0000,  0.0000,  0.0000,  0.0000,  0.0000]])
tensor([[-0.6025,  1.0000,  0.0000,  0.0000,  0.0000,  0.0000]])
tensor([[0.4406, 1.0000, 0.0000, 0.0000, 0.0000, 0.0000]])
tensor([[-0.5900,  1.0000,  0.0000,  0.0000,  0.0000,  0.0000]])
tensor([[0.1845, 1.0000, 0.0000, 0.0000, 0.0000, 0.0000]])
tensor([[-0.2511,  1.0000,  0.0000,  0.0000,  0.0000,  0.0000]])
tensor([[-0.5279,  0.0000,  0.0000,  0.0000,  0.0000,  0.0000]])
tensor([[0.3873, 1.0000, 0.0000, 0.0000, 0.0000, 0.0000]])
tensor([[-0.2159,  1.0000,  0.0000,  0.0000,  0.0000,  0.0000]])
tensor([[-0.1994,  1.0000,  0.0000,  0.0000,  0.0000,  0.0000]])
tensor([[0.2327, 0.0000, 1.0000, 0.0000, 0.0000, 0.0000]])
tensor([[-0.8423,  1.0000,  0.0000,  0.0000,  0.0000,  0.0000]])
tensor([[0.3031, 1.0000, 0.0000, 0.0000, 0.0000, 0.0000]])
tensor([[-0.2128,  1.0000,  1.0000,  0.0000,  0.0000,  0.0000]])
tensor([[-0.0069,  1.0000,  0.0000,  0.0000,  0.0000,  0.0000]])
tensor([[-0.1760,  1.0000,  0.0000,  0.0000,  0.0000,  0.0000]])
tensor([[0.1226, 1.0000, 0.0000, 0.0000, 0.0000, 0.0000]])
tensor([[-0.5968,  1.0000,  0.0000,  0.0000,  0.0000,  0.0000]])
tensor([[-0.9063,  1.0000,  0.0000,  0.0000,  0.0000,  0.0000]])
tensor([[0.2186, 1.0000, 0.0000, 0.0000, 0.0000, 0.0000]])
tensor([[-0.2083,  1.0000,  1.0000,  0.0000,  0.0000,  0.0000]])
tensor([[0.6056, 1.0000, 0.0000, 0.0000, 0.0000, 0.0000]])
tensor([[0.1219, 1.0000, 0.0000, 0.0000, 0.0000, 0.0000]])
tensor([[-0.7935,  1.0000,  0.0000,  0.0000,  0.0000,  0.0000]])
tensor([[0.2325, 1.0000, 0.0000, 0.0000, 0.0000, 0.0000]])
tensor([[0.7007, 1.0000, 0.0000, 0.0000, 0.0000, 0.0000]])
tensor([[-0.8105,  1.0000,  0.0000,  0.0000,  0.0000,  0.0000]])
tensor([[-0.2578,  1.0000,  0.0000,  0.0000,  0.0000,  0.0000]])
tensor([[0.0011, 1.0000, 0.0000, 0.0000, 0.0000, 0.0000]])
tensor([[0.1087, 1.0000, 0.0000, 0.0000, 0.0000, 0.0000]])
tensor([[0.1579, 1.0000, 0.0000, 0.0000, 1.0000, 0.0000]])
tensor([[-0.7593,  1.0000,  0.0000,  0.0000,  0.0000,  0.0000]])
tensor([[-0.5961,  1.0000,  0.0000,  0.0000,  0.0000,  0.0000]])
tensor([[-0.2489,  1.0000,  0.0000,  0.0000,  0.0000,  0.0000]])
tensor([[-0.8698,  1.0000,  0.0000,  0.0000,  0.0000,  0.0000]])
tensor([[-0.0684,  1.0000,  1.0000,  0.0000,  0.0000,  0.0000]])
tensor([[-0.9087,  1.0000,  0.0000,  0.0000,  0.0000,  0.0000]])
tensor([[-0.0210,  1.0000,  0.0000,  0.0000,  0.0000,  0.0000]])
tensor([[-0.6558,  1.0000,  0.0000,  0.0000,  0.0000,  0.0000]])
tensor([[-0.8213,  1.0000,  0.0000,  0.0000,  0.0000,  0.0000]])
tensor([[-0.9000,  0.0000,  0.0000,  1.0000,  0.0000,  0.0000]])
tensor([[-0.4606,  1.0000,  0.0000,  0.0000,  0.0000,  0.0000]])
tensor([[-0.2729,  0.0000,  0.0000,  0.0000,  0.0000,  0.0000]])
tensor([[-0.5335,  1.0000,  0.0000,  0.0000,  0.0000,  0.0000]])
tensor([[-0.8561,  1.0000,  0.0000,  0.0000,  0.0000,  0.0000]])
tensor([[-0.7495,  1.0000,  0.0000,  0.0000,  0.0000,  0.0000]])
tensor([[-0.6258,  1.0000,  0.0000,  0.0000,  0.0000,  0.0000]])
tensor([[0.4251, 1.0000, 0.0000, 0.0000, 0.0000, 0.0000]])
tensor([[0.9064, 1.0000, 0.0000, 0.0000, 0.0000, 0.0000]])
tensor([[0.8154, 1.0000, 0.0000, 0.0000, 0.0000, 0.0000]])
tensor([[-0.7760,  1.0000,  0.0000,  0.0000,  0.0000,  0.0000]])
tensor([[-0.7043,  1.0000,  0.0000,  0.0000,  1.0000,  0.0000]])
tensor([[0.9257, 1.0000, 0.0000, 0.0000, 0.0000, 0.0000]])
tensor([[0.9599, 1.0000, 0.0000, 0.0000, 0.0000, 0.0000]])
tensor([[0.7959, 1.0000, 0.0000, 0.0000, 0.0000, 0.0000]])
tensor([[-0.5356,  1.0000,  0.0000,  0.0000,  0.0000,  0.0000]])
tensor([[-0.9354,  1.0000,  0.0000,  0.0000,  0.0000,  0.0000]])
tensor([[-0.9893,  1.0000,  0.0000,  0.0000,  0.0000,  0.0000]])
tensor([[-0.9153,  1.0000,  0.0000,  0.0000,  0.0000,  0.0000]])
tensor([[-0.8801,  1.0000,  0.0000,  0.0000,  0.0000,  0.0000]])
tensor([[-0.1129,  0.0000,  0.0000,  0.0000,  0.0000,  0.0000]])
tensor([[0.7757, 0.0000, 0.0000, 0.0000, 0.0000, 0.0000]])
tensor([[-0.1029,  1.0000,  0.0000,  0.0000,  0.0000,  0.0000]])
tensor([[-0.2687,  1.0000,  0.0000,  0.0000,  0.0000,  0.0000]])
tensor([[0.1365, 1.0000, 0.0000, 0.0000, 0.0000, 0.0000]])
tensor([[-0.0143,  1.0000,  0.0000,  0.0000,  0.0000,  1.0000]])
tensor([[-0.1210,  1.0000,  0.0000,  0.0000,  0.0000,  0.0000]])
tensor([[0.3351, 1.0000, 0.0000, 0.0000, 0.0000, 0.0000]])
tensor([[-0.1726,  1.0000,  0.0000,  0.0000,  0.0000,  0.0000]])
tensor([[0.5068, 1.0000, 0.0000, 0.0000, 0.0000, 0.0000]])
tensor([[0.0890, 0.0000, 0.0000, 0.0000, 0.0000, 0.0000]])
tensor([[0.1662, 1.0000, 0.0000, 0.0000, 0.0000, 0.0000]])
tensor([[0.2499, 0.0000, 0.0000, 0.0000, 0.0000, 0.0000]])
tensor([[-0.2465,  1.0000,  0.0000,  1.0000,  0.0000,  0.0000]])
tensor([[0.0908, 1.0000, 0.0000, 0.0000, 1.0000, 0.0000]])
tensor([[0.9053, 1.0000, 0.0000, 0.0000, 0.0000, 0.0000]])
tensor([[0.9406, 1.0000, 0.0000, 0.0000, 0.0000, 0.0000]])
tensor([[-0.3698,  1.0000,  0.0000,  0.0000,  0.0000,  0.0000]])
tensor([[0.7347, 1.0000, 0.0000, 0.0000, 0.0000, 0.0000]])
tensor([[0.9211, 1.0000, 0.0000, 0.0000, 0.0000, 0.0000]])
tensor([[0.9340, 0.0000, 0.0000, 0.0000, 0.0000, 0.0000]])
tensor([[0.8843, 1.0000, 0.0000, 0.0000, 0.0000, 0.0000]])
tensor([[-0.9808,  1.0000,  0.0000,  0.0000,  0.0000,  0.0000]])
tensor([[-0.9044,  1.0000,  0.0000,  0.0000,  0.0000,  0.0000]])
tensor([[0.9713, 1.0000, 0.0000, 0.0000, 0.0000, 0.0000]])
tensor([[0.9223, 1.0000, 0.0000, 0.0000, 0.0000, 0.0000]])
tensor([[0.9789, 1.0000, 0.0000, 0.0000, 0.0000, 0.0000]])
tensor([[0.9320, 0.0000, 0.0000, 0.0000, 0.0000, 0.0000]])
tensor([[0.7766, 1.0000, 0.0000, 0.0000, 0.0000, 0.0000]])
tensor([[0.4236, 1.0000, 0.0000, 0.0000, 0.0000, 0.0000]])
tensor([[-0.4375,  1.0000,  0.0000,  0.0000,  0.0000,  0.0000]])
tensor([[0.4338, 1.0000, 0.0000, 0.0000, 0.0000, 0.0000]])
tensor([[-0.0745,  1.0000,  0.0000,  0.0000,  0.0000,  0.0000]])
tensor([[-0.2568,  1.0000,  0.0000,  0.0000,  0.0000,  0.0000]])
tensor([[0.2052, 1.0000, 0.0000, 0.0000, 0.0000, 0.0000]])
tensor([[0.4956, 1.0000, 0.0000, 0.0000, 0.0000, 0.0000]])
tensor([[0.1037, 1.0000, 0.0000, 0.0000, 0.0000, 0.0000]])
tensor([[0.3699, 1.0000, 0.0000, 0.0000, 0.0000, 0.0000]])
tensor([[0.2474, 1.0000, 0.0000, 0.0000, 0.0000, 0.0000]])
tensor([[0.2528, 1.0000, 0.0000, 0.0000, 0.0000, 0.0000]])
tensor([[0.5274, 1.0000, 0.0000, 0.0000, 0.0000, 0.0000]])
tensor([[-0.1229,  1.0000,  0.0000,  0.0000,  1.0000,  0.0000]])
tensor([[0.8820, 1.0000, 0.0000, 0.0000, 0.0000, 0.0000]])
tensor([[0.6699, 1.0000, 0.0000, 0.0000, 0.0000, 0.0000]])
tensor([[0.2618, 1.0000, 0.0000, 0.0000, 0.0000, 0.0000]])
tensor([[0.4470, 1.0000, 0.0000, 0.0000, 0.0000, 0.0000]])
tensor([[0.2923, 1.0000, 0.0000, 0.0000, 0.0000, 0.0000]])
tensor([[-0.7704,  1.0000,  0.0000,  0.0000,  0.0000,  0.0000]])
tensor([[0.9188, 1.0000, 0.0000, 0.0000, 0.0000, 0.0000]])
tensor([[0.9241, 1.0000, 0.0000, 0.0000, 0.0000, 0.0000]])
tensor([[-0.2117,  1.0000,  0.0000,  0.0000,  0.0000,  0.0000]])
tensor([[0.5645, 1.0000, 0.0000, 0.0000, 0.0000, 0.0000]])
tensor([[0.8784, 1.0000, 0.0000, 0.0000, 0.0000, 0.0000]])
tensor([[0.9541, 1.0000, 0.0000, 0.0000, 0.0000, 0.0000]])
tensor([[0.7198, 1.0000, 0.0000, 0.0000, 0.0000, 0.0000]])
tensor([[0.8679, 1.0000, 0.0000, 0.0000, 0.0000, 0.0000]])
tensor([[0.4959, 1.0000, 0.0000, 0.0000, 0.0000, 0.0000]])
tensor([[0.8667, 1.0000, 0.0000, 0.0000, 0.0000, 0.0000]])
tensor([[0.4005, 1.0000, 0.0000, 0.0000, 0.0000, 0.0000]])
tensor([[0.4667, 1.0000, 0.0000, 0.0000, 0.0000, 0.0000]])
tensor([[0.8076, 1.0000, 0.0000, 0.0000, 0.0000, 0.0000]])
tensor([[0.6162, 1.0000, 0.0000, 0.0000, 0.0000, 0.0000]])
tensor([[0.3038, 0.0000, 0.0000, 0.0000, 0.0000, 0.0000]])
tensor([[-0.1354,  1.0000,  0.0000,  0.0000,  1.0000,  0.0000]])
tensor([[0.0785, 1.0000, 0.0000, 0.0000, 0.0000, 0.0000]])
tensor([[-0.5061,  1.0000,  0.0000,  0.0000,  0.0000,  0.0000]])
tensor([[-0.1434,  1.0000,  0.0000,  0.0000,  0.0000,  0.0000]])
tensor([[0.4858, 1.0000, 0.0000, 0.0000, 0.0000, 0.0000]])
tensor([[0.0668, 1.0000, 0.0000, 0.0000, 0.0000, 0.0000]])
tensor([[-0.1013,  1.0000,  0.0000,  0.0000,  0.0000,  0.0000]])
tensor([[-0.0090,  1.0000,  0.0000,  0.0000,  0.0000,  0.0000]])
tensor([[-0.0574,  1.0000,  0.0000,  0.0000,  0.0000,  0.0000]])
tensor([[-0.7342,  1.0000,  0.0000,  0.0000,  0.0000,  0.0000]])
tensor([[0.0013, 1.0000, 0.0000, 0.0000, 0.0000, 0.0000]])
tensor([[-0.5075,  1.0000,  0.0000,  0.0000,  0.0000,  0.0000]])
tensor([[-0.8492,  1.0000,  0.0000,  0.0000,  0.0000,  0.0000]])
tensor([[-0.9600,  0.0000,  0.0000,  0.0000,  0.0000,  0.0000]])
tensor([[-0.9959,  0.0000,  0.0000,  0.0000,  0.0000,  0.0000]])
tensor([[-0.9960,  1.0000,  0.0000,  0.0000,  0.0000,  0.0000]])
tensor([[-0.9995,  1.0000,  0.0000,  0.0000,  0.0000,  0.0000]])
tensor([[-0.9966,  0.0000,  0.0000,  0.0000,  0.0000,  0.0000]])
tensor([[-0.9973,  1.0000,  0.0000,  0.0000,  0.0000,  0.0000]])
tensor([[-0.9947,  1.0000,  0.0000,  0.0000,  0.0000,  0.0000]])
tensor([[-0.9900,  1.0000,  0.0000,  0.0000,  0.0000,  0.0000]])
tensor([[-0.9625,  1.0000,  0.0000,  0.0000,  0.0000,  0.0000]])
tensor([[-0.5704,  1.0000,  0.0000,  0.0000,  0.0000,  0.0000]])
tensor([[0.6478, 1.0000, 0.0000, 0.0000, 0.0000, 0.0000]])
tensor([[-0.9310,  1.0000,  0.0000,  0.0000,  0.0000,  0.0000]])
tensor([[-0.9026,  1.0000,  0.0000,  0.0000,  0.0000,  0.0000]])
tensor([[-0.9716,  1.0000,  0.0000,  0.0000,  0.0000,  0.0000]])
tensor([[-0.7834,  1.0000,  0.0000,  0.0000,  0.0000,  0.0000]])
tensor([[-0.5303,  1.0000,  0.0000,  0.0000,  1.0000,  0.0000]])
tensor([[-0.5120,  1.0000,  0.0000,  0.0000,  0.0000,  0.0000]])
tensor([[-0.7792,  0.0000,  0.0000,  0.0000,  0.0000,  0.0000]])
tensor([[-0.1932,  1.0000,  0.0000,  0.0000,  0.0000,  0.0000]])
tensor([[-0.4094,  1.0000,  0.0000,  0.0000,  0.0000,  0.0000]])
tensor([[-0.6992,  1.0000,  0.0000,  0.0000,  0.0000,  0.0000]])
tensor([[-0.3555,  1.0000,  0.0000,  0.0000,  0.0000,  0.0000]])
tensor([[-0.0344,  1.0000,  0.0000,  0.0000,  0.0000,  0.0000]])
tensor([[-0.4294,  1.0000,  0.0000,  0.0000,  0.0000,  0.0000]])
tensor([[0.4076, 1.0000, 0.0000, 0.0000, 0.0000, 0.0000]])
tensor([[0.3112, 1.0000, 0.0000, 0.0000, 0.0000, 0.0000]])
tensor([[-0.7084,  1.0000,  0.0000,  0.0000,  0.0000,  1.0000]])
tensor([[-0.4481,  1.0000,  0.0000,  0.0000,  0.0000,  0.0000]])
tensor([[0.7356, 1.0000, 0.0000, 0.0000, 0.0000, 0.0000]])
tensor([[-0.4709,  1.0000,  0.0000,  0.0000,  0.0000,  0.0000]])
tensor([[-0.0269,  1.0000,  0.0000,  0.0000,  0.0000,  0.0000]])
tensor([[0.0984, 1.0000, 0.0000, 0.0000, 0.0000, 0.0000]])
tensor([[-0.1309,  1.0000,  0.0000,  0.0000,  0.0000,  0.0000]])
tensor([[0.4982, 1.0000, 0.0000, 0.0000, 0.0000, 0.0000]])
tensor([[-0.6331,  1.0000,  0.0000,  0.0000,  0.0000,  0.0000]])
tensor([[-0.2121,  1.0000,  0.0000,  0.0000,  0.0000,  0.0000]])
tensor([[0.3168, 1.0000, 0.0000, 0.0000, 0.0000, 0.0000]])
tensor([[0.0105, 1.0000, 0.0000, 1.0000, 0.0000, 0.0000]])
tensor([[-0.7452,  0.0000,  0.0000,  0.0000,  0.0000,  0.0000]])
tensor([[-0.8579,  1.0000,  0.0000,  0.0000,  0.0000,  0.0000]])
tensor([[-0.5160,  1.0000,  0.0000,  0.0000,  0.0000,  0.0000]])
tensor([[0.8026, 0.0000, 0.0000, 0.0000, 0.0000, 0.0000]])
tensor([[0.4311, 0.0000, 0.0000, 0.0000, 0.0000, 0.0000]])
tensor([[-0.8795,  1.0000,  0.0000,  0.0000,  0.0000,  0.0000]])
tensor([[-0.7285,  1.0000,  0.0000,  0.0000,  0.0000,  0.0000]])
tensor([[0.5916, 1.0000, 0.0000, 0.0000, 0.0000, 0.0000]])
tensor([[0.6723, 1.0000, 0.0000, 0.0000, 0.0000, 0.0000]])
tensor([[-0.4987,  1.0000,  0.0000,  0.0000,  0.0000,  0.0000]])
tensor([[-0.7698,  1.0000,  0.0000,  0.0000,  0.0000,  0.0000]])
tensor([[0.9562, 0.0000, 0.0000, 0.0000, 0.0000, 0.0000]])
tensor([[0.9985, 0.0000, 0.0000, 0.0000, 0.0000, 0.0000]])
tensor([[0.9870, 1.0000, 0.0000, 0.0000, 0.0000, 0.0000]])
tensor([[0.9584, 1.0000, 0.0000, 0.0000, 0.0000, 0.0000]])
tensor([[0.9558, 1.0000, 0.0000, 0.0000, 0.0000, 0.0000]])
tensor([[0.9838, 1.0000, 0.0000, 0.0000, 0.0000, 0.0000]])
tensor([[0.8888, 1.0000, 0.0000, 0.0000, 0.0000, 0.0000]])
tensor([[0.7228, 1.0000, 0.0000, 0.0000, 0.0000, 0.0000]])
tensor([[-0.8339,  1.0000,  0.0000,  0.0000,  0.0000,  0.0000]])
tensor([[-0.9930,  1.0000,  0.0000,  0.0000,  0.0000,  0.0000]])
tensor([[-0.9843,  1.0000,  0.0000,  0.0000,  1.0000,  0.0000]])
tensor([[-0.9981,  1.0000,  0.0000,  0.0000,  0.0000,  0.0000]])
tensor([[-0.9986,  1.0000,  0.0000,  0.0000,  0.0000,  0.0000]])
tensor([[-0.9989,  0.0000,  0.0000,  0.0000,  0.0000,  0.0000]])
tensor([[-0.9989,  1.0000,  0.0000,  0.0000,  0.0000,  0.0000]])
tensor([[-0.9910,  0.0000,  0.0000,  0.0000,  0.0000,  0.0000]])
tensor([[-0.9920,  0.0000,  0.0000,  0.0000,  0.0000,  0.0000]])
tensor([[-0.9858,  0.0000,  0.0000,  0.0000,  0.0000,  0.0000]])
tensor([[-0.9740,  0.0000,  0.0000,  0.0000,  0.0000,  0.0000]])
tensor([[-0.8825,  0.0000,  0.0000,  0.0000,  0.0000,  0.0000]])
tensor([[-0.5391,  1.0000,  0.0000,  0.0000,  0.0000,  0.0000]])
tensor([[-0.6365,  0.0000,  0.0000,  0.0000,  0.0000,  0.0000]])
tensor([[-0.9540,  1.0000,  0.0000,  0.0000,  0.0000,  0.0000]])
tensor([[-0.4169,  1.0000,  0.0000,  0.0000,  0.0000,  0.0000]])
tensor([[-0.5148,  1.0000,  0.0000,  0.0000,  0.0000,  0.0000]])
tensor([[-0.9718,  1.0000,  0.0000,  0.0000,  0.0000,  0.0000]])
tensor([[-0.9598,  0.0000,  0.0000,  0.0000,  0.0000,  0.0000]])
tensor([[-0.5601,  1.0000,  0.0000,  0.0000,  0.0000,  0.0000]])
tensor([[0.9936, 1.0000, 0.0000, 0.0000, 0.0000, 0.0000]])
tensor([[0.9540, 1.0000, 0.0000, 0.0000, 0.0000, 0.0000]])
tensor([[0.9707, 1.0000, 1.0000, 0.0000, 0.0000, 0.0000]])
tensor([[0.9749, 1.0000, 0.0000, 0.0000, 0.0000, 0.0000]])
tensor([[0.9715, 1.0000, 0.0000, 0.0000, 0.0000, 0.0000]])
tensor([[0.8858, 1.0000, 0.0000, 0.0000, 0.0000, 0.0000]])
tensor([[0.8776, 1.0000, 0.0000, 0.0000, 0.0000, 0.0000]])
tensor([[0.8709, 0.0000, 0.0000, 0.0000, 0.0000, 0.0000]])
tensor([[0.6369, 0.0000, 0.0000, 0.0000, 0.0000, 0.0000]])
tensor([[0.3145, 1.0000, 0.0000, 0.0000, 1.0000, 0.0000]])
tensor([[-0.2472,  1.0000,  0.0000,  0.0000,  0.0000,  0.0000]])
tensor([[-0.7339,  0.0000,  0.0000,  0.0000,  0.0000,  0.0000]])
tensor([[-0.8288,  1.0000,  0.0000,  0.0000,  0.0000,  0.0000]])
tensor([[-0.9409,  0.0000,  1.0000,  0.0000,  0.0000,  0.0000]])
tensor([[-0.9041,  0.0000,  0.0000,  0.0000,  0.0000,  0.0000]])
tensor([[-0.8383,  1.0000,  0.0000,  0.0000,  0.0000,  0.0000]])
tensor([[-0.4291,  1.0000,  0.0000,  0.0000,  0.0000,  0.0000]])
tensor([[-0.2754,  0.0000,  0.0000,  0.0000,  0.0000,  0.0000]])
tensor([[-0.3303,  0.0000,  0.0000,  0.0000,  0.0000,  0.0000]])
tensor([[0.0093, 0.0000, 0.0000, 0.0000, 0.0000, 0.0000]])
tensor([[-0.3414,  0.0000,  0.0000,  0.0000,  0.0000,  0.0000]])
tensor([[-0.3861,  0.0000,  0.0000,  0.0000,  0.0000,  0.0000]])
tensor([[0.4287, 0.0000, 0.0000, 0.0000, 0.0000, 0.0000]])
tensor([[0.7428, 1.0000, 1.0000, 0.0000, 0.0000, 0.0000]])
tensor([[0.3480, 1.0000, 0.0000, 0.0000, 0.0000, 0.0000]])
tensor([[0.2499, 1.0000, 0.0000, 0.0000, 0.0000, 0.0000]])
tensor([[0.5306, 0.0000, 0.0000, 0.0000, 0.0000, 0.0000]])
tensor([[0.1263, 0.0000, 0.0000, 0.0000, 0.0000, 0.0000]])
tensor([[-0.4317,  1.0000,  0.0000,  0.0000,  0.0000,  0.0000]])
tensor([[-0.4659,  0.0000,  1.0000,  0.0000,  0.0000,  0.0000]])
tensor([[-0.3844,  0.0000,  0.0000,  0.0000,  0.0000,  0.0000]])
tensor([[-0.1030,  0.0000,  0.0000,  0.0000,  0.0000,  0.0000]])
tensor([[0.2812, 1.0000, 0.0000, 0.0000, 0.0000, 0.0000]])
tensor([[0.4654, 1.0000, 0.0000, 0.0000, 0.0000, 0.0000]])
tensor([[-0.0405,  1.0000,  0.0000,  0.0000,  0.0000,  0.0000]])
tensor([[0.3978, 0.0000, 0.0000, 0.0000, 0.0000, 0.0000]])
tensor([[-0.3094,  1.0000,  0.0000,  0.0000,  0.0000,  0.0000]])
tensor([[-0.1995,  0.0000,  0.0000,  0.0000,  0.0000,  0.0000]])
tensor([[0.0439, 0.0000, 0.0000, 0.0000, 0.0000, 0.0000]])
tensor([[-0.3967,  0.0000,  0.0000,  0.0000,  0.0000,  0.0000]])
tensor([[-0.4465,  0.0000,  1.0000,  0.0000,  0.0000,  0.0000]])
tensor([[-0.4372,  0.0000,  1.0000,  0.0000,  0.0000,  0.0000]])
tensor([[0.1486, 0.0000, 1.0000, 0.0000, 0.0000, 0.0000]])
tensor([[0.7892, 1.0000, 0.0000, 0.0000, 1.0000, 0.0000]])
tensor([[0.0590, 1.0000, 1.0000, 0.0000, 0.0000, 0.0000]])
tensor([[0.7893, 1.0000, 0.0000, 0.0000, 0.0000, 0.0000]])
tensor([[0.0398, 0.0000, 0.0000, 0.0000, 0.0000, 0.0000]])
tensor([[0.8733, 0.0000, 0.0000, 0.0000, 0.0000, 0.0000]])
tensor([[0.7543, 1.0000, 0.0000, 0.0000, 0.0000, 0.0000]])
tensor([[0.7084, 1.0000, 0.0000, 0.0000, 0.0000, 0.0000]])
tensor([[0.8430, 0.0000, 0.0000, 0.0000, 0.0000, 0.0000]])
tensor([[0.8785, 1.0000, 0.0000, 0.0000, 0.0000, 0.0000]])
tensor([[0.8778, 1.0000, 1.0000, 0.0000, 0.0000, 0.0000]])
tensor([[0.8139, 0.0000, 0.0000, 0.0000, 0.0000, 0.0000]])
tensor([[0.8223, 0.0000, 0.0000, 0.0000, 0.0000, 0.0000]])
tensor([[0.8916, 1.0000, 0.0000, 0.0000, 0.0000, 0.0000]])
tensor([[0.7673, 1.0000, 0.0000, 0.0000, 0.0000, 0.0000]])
tensor([[0.3218, 1.0000, 0.0000, 0.0000, 0.0000, 0.0000]])
tensor([[0.0694, 0.0000, 0.0000, 0.0000, 0.0000, 0.0000]])
tensor([[0.9129, 0.0000, 0.0000, 0.0000, 0.0000, 0.0000]])
tensor([[0.6947, 0.0000, 0.0000, 0.0000, 0.0000, 0.0000]])
tensor([[0.8177, 0.0000, 0.0000, 0.0000, 0.0000, 0.0000]])
tensor([[0.6743, 0.0000, 0.0000, 0.0000, 0.0000, 0.0000]])
tensor([[0.5986, 1.0000, 0.0000, 0.0000, 0.0000, 0.0000]])
tensor([[0.9513, 1.0000, 0.0000, 0.0000, 0.0000, 0.0000]])
tensor([[0.6970, 0.0000, 0.0000, 0.0000, 0.0000, 0.0000]])
tensor([[0.5242, 0.0000, 0.0000, 0.0000, 0.0000, 0.0000]])
tensor([[0.7741, 1.0000, 1.0000, 0.0000, 0.0000, 0.0000]])
tensor([[0.5736, 0.0000, 1.0000, 0.0000, 0.0000, 0.0000]])
tensor([[0.9321, 1.0000, 0.0000, 0.0000, 0.0000, 0.0000]])
tensor([[0.7869, 0.0000, 0.0000, 0.0000, 0.0000, 0.0000]])
tensor([[0.7907, 0.0000, 0.0000, 0.0000, 0.0000, 0.0000]])
tensor([[0.7163, 1.0000, 0.0000, 0.0000, 0.0000, 0.0000]])
tensor([[0.4694, 0.0000, 1.0000, 0.0000, 0.0000, 0.0000]])
tensor([[0.6486, 1.0000, 0.0000, 0.0000, 0.0000, 0.0000]])
tensor([[0.8178, 1.0000, 0.0000, 0.0000, 0.0000, 0.0000]])
tensor([[0.4493, 0.0000, 1.0000, 0.0000, 0.0000, 0.0000]])
tensor([[0.8459, 0.0000, 0.0000, 0.0000, 0.0000, 0.0000]])
tensor([[0.8356, 1.0000, 0.0000, 0.0000, 0.0000, 0.0000]])
tensor([[0.6343, 0.0000, 1.0000, 0.0000, 0.0000, 0.0000]])
tensor([[0.7187, 1.0000, 0.0000, 0.0000, 0.0000, 0.0000]])
tensor([[0.6866, 0.0000, 0.0000, 0.0000, 0.0000, 0.0000]])
tensor([[0.5935, 1.0000, 0.0000, 0.0000, 0.0000, 0.0000]])
tensor([[0.3935, 0.0000, 0.0000, 0.0000, 0.0000, 0.0000]])
tensor([[0.8508, 0.0000, 1.0000, 0.0000, 0.0000, 0.0000]])
tensor([[0.7089, 1.0000, 0.0000, 0.0000, 0.0000, 0.0000]])
tensor([[0.8458, 0.0000, 1.0000, 0.0000, 0.0000, 0.0000]])
tensor([[0.8872, 1.0000, 0.0000, 0.0000, 0.0000, 0.0000]])
tensor([[0.8846, 0.0000, 0.0000, 0.0000, 0.0000, 0.0000]])
tensor([[0.8577, 0.0000, 0.0000, 0.0000, 0.0000, 0.0000]])
tensor([[0.8450, 0.0000, 1.0000, 0.0000, 0.0000, 0.0000]])
tensor([[0.8713, 1.0000, 0.0000, 0.0000, 0.0000, 0.0000]])
tensor([[0.8606, 0.0000, 0.0000, 0.0000, 0.0000, 0.0000]])
tensor([[0.7769, 1.0000, 0.0000, 0.0000, 0.0000, 0.0000]])
tensor([[0.8615, 1.0000, 0.0000, 0.0000, 0.0000, 0.0000]])
tensor([[0.7768, 1.0000, 0.0000, 0.0000, 0.0000, 0.0000]])
tensor([[0.2954, 0.0000, 0.0000, 0.0000, 0.0000, 0.0000]])
tensor([[0.7905, 0.0000, 0.0000, 0.0000, 0.0000, 0.0000]])
tensor([[0.7815, 1.0000, 0.0000, 0.0000, 0.0000, 0.0000]])
tensor([[0.4509, 1.0000, 0.0000, 0.0000, 1.0000, 0.0000]])
tensor([[0.3681, 0.0000, 0.0000, 0.0000, 0.0000, 0.0000]])
tensor([[0.6876, 1.0000, 0.0000, 0.0000, 0.0000, 0.0000]])
tensor([[0.4846, 0.0000, 0.0000, 0.0000, 0.0000, 0.0000]])
tensor([[0.6782, 1.0000, 1.0000, 0.0000, 0.0000, 0.0000]])
tensor([[0.3753, 1.0000, 0.0000, 0.0000, 1.0000, 0.0000]])
tensor([[-0.0981,  0.0000,  0.0000,  0.0000,  0.0000,  0.0000]])
tensor([[0.4719, 0.0000, 0.0000, 0.0000, 0.0000, 0.0000]])
tensor([[0.5843, 1.0000, 0.0000, 0.0000, 0.0000, 0.0000]])
tensor([[0.3471, 0.0000, 0.0000, 0.0000, 0.0000, 0.0000]])
tensor([[0.6512, 0.0000, 0.0000, 0.0000, 0.0000, 0.0000]])
tensor([[0.3201, 0.0000, 0.0000, 0.0000, 0.0000, 0.0000]])
tensor([[0.7978, 0.0000, 0.0000, 0.0000, 0.0000, 0.0000]])
tensor([[0.6210, 1.0000, 0.0000, 0.0000, 0.0000, 0.0000]])
tensor([[0.4896, 1.0000, 0.0000, 0.0000, 0.0000, 0.0000]])
tensor([[0.3342, 0.0000, 0.0000, 0.0000, 0.0000, 0.0000]])
tensor([[0.1701, 1.0000, 1.0000, 0.0000, 0.0000, 0.0000]])
tensor([[0.2921, 0.0000, 0.0000, 0.0000, 0.0000, 0.0000]])
tensor([[0.5356, 0.0000, 1.0000, 0.0000, 0.0000, 0.0000]])
tensor([[0.9222, 1.0000, 0.0000, 0.0000, 0.0000, 0.0000]])
tensor([[0.7071, 0.0000, 0.0000, 0.0000, 0.0000, 0.0000]])
tensor([[0.8315, 1.0000, 0.0000, 0.0000, 0.0000, 0.0000]])
tensor([[0.4046, 0.0000, 0.0000, 0.0000, 0.0000, 0.0000]])
tensor([[0.8560, 0.0000, 1.0000, 0.0000, 0.0000, 0.0000]])
tensor([[0.8806, 1.0000, 0.0000, 0.0000, 0.0000, 0.0000]])
tensor([[0.8461, 0.0000, 0.0000, 0.0000, 0.0000, 0.0000]])
tensor([[0.8226, 1.0000, 0.0000, 0.0000, 0.0000, 0.0000]])
tensor([[0.8184, 0.0000, 1.0000, 0.0000, 0.0000, 0.0000]])
tensor([[0.8702, 0.0000, 0.0000, 0.0000, 0.0000, 0.0000]])
tensor([[0.9613, 1.0000, 0.0000, 0.0000, 0.0000, 0.0000]])
tensor([[0.8033, 0.0000, 1.0000, 0.0000, 0.0000, 0.0000]])
tensor([[0.9122, 0.0000, 0.0000, 0.0000, 0.0000, 0.0000]])
tensor([[0.9405, 1.0000, 0.0000, 0.0000, 0.0000, 0.0000]])
tensor([[0.6616, 0.0000, 0.0000, 0.0000, 0.0000, 0.0000]])
tensor([[0.9035, 1.0000, 0.0000, 0.0000, 0.0000, 0.0000]])
tensor([[0.7912, 1.0000, 0.0000, 0.0000, 0.0000, 0.0000]])
tensor([[0.6761, 0.0000, 0.0000, 0.0000, 0.0000, 0.0000]])
tensor([[0.9006, 0.0000, 0.0000, 0.0000, 0.0000, 0.0000]])
tensor([[0.8308, 0.0000, 0.0000, 0.0000, 0.0000, 0.0000]])
tensor([[0.8578, 0.0000, 0.0000, 0.0000, 0.0000, 0.0000]])
tensor([[0.8964, 0.0000, 0.0000, 0.0000, 0.0000, 0.0000]])
tensor([[0.8381, 0.0000, 0.0000, 0.0000, 1.0000, 0.0000]])
tensor([[0.9125, 1.0000, 0.0000, 0.0000, 0.0000, 0.0000]])
tensor([[0.7607, 1.0000, 0.0000, 0.0000, 0.0000, 0.0000]])
tensor([[0.5689, 1.0000, 1.0000, 0.0000, 0.0000, 0.0000]])
tensor([[0.3613, 0.0000, 0.0000, 0.0000, 0.0000, 0.0000]])
tensor([[0.7382, 0.0000, 0.0000, 0.0000, 0.0000, 0.0000]])
tensor([[0.7846, 0.0000, 0.0000, 0.0000, 0.0000, 0.0000]])
tensor([[0.8186, 1.0000, 0.0000, 0.0000, 0.0000, 0.0000]])
tensor([[0.5271, 1.0000, 0.0000, 0.0000, 0.0000, 0.0000]])
tensor([[0.0330, 0.0000, 0.0000, 0.0000, 0.0000, 0.0000]])
tensor([[0.5581, 0.0000, 0.0000, 0.0000, 0.0000, 0.0000]])
tensor([[0.4640, 0.0000, 1.0000, 0.0000, 0.0000, 0.0000]])
tensor([[0.8471, 0.0000, 1.0000, 0.0000, 0.0000, 0.0000]])
tensor([[0.8852, 0.0000, 0.0000, 0.0000, 1.0000, 0.0000]])
tensor([[0.9338, 1.0000, 0.0000, 0.0000, 0.0000, 0.0000]])
tensor([[0.8754, 0.0000, 0.0000, 0.0000, 0.0000, 0.0000]])
tensor([[0.9127, 0.0000, 0.0000, 0.0000, 0.0000, 0.0000]])
tensor([[0.8553, 0.0000, 0.0000, 0.0000, 0.0000, 0.0000]])
tensor([[0.8442, 1.0000, 0.0000, 0.0000, 0.0000, 0.0000]])
tensor([[0.7317, 0.0000, 0.0000, 0.0000, 0.0000, 0.0000]])
tensor([[0.8683, 1.0000, 0.0000, 0.0000, 0.0000, 0.0000]])
tensor([[0.7307, 1.0000, 0.0000, 0.0000, 0.0000, 0.0000]])
tensor([[0.7397, 0.0000, 0.0000, 0.0000, 0.0000, 0.0000]])
tensor([[0.8015, 0.0000, 0.0000, 0.0000, 0.0000, 0.0000]])
tensor([[0.7585, 0.0000, 1.0000, 0.0000, 0.0000, 0.0000]])
tensor([[0.9133, 0.0000, 0.0000, 0.0000, 0.0000, 0.0000]])
tensor([[0.9356, 0.0000, 0.0000, 0.0000, 0.0000, 0.0000]])
tensor([[0.8886, 1.0000, 0.0000, 0.0000, 0.0000, 0.0000]])
tensor([[0.7510, 0.0000, 1.0000, 0.0000, 0.0000, 0.0000]])
tensor([[0.8116, 0.0000, 0.0000, 0.0000, 0.0000, 0.0000]])
tensor([[0.9620, 0.0000, 0.0000, 0.0000, 0.0000, 0.0000]])
tensor([[0.9255, 1.0000, 0.0000, 0.0000, 0.0000, 0.0000]])
tensor([[0.9126, 1.0000, 1.0000, 0.0000, 0.0000, 0.0000]])
tensor([[0.8207, 1.0000, 0.0000, 0.0000, 0.0000, 0.0000]])
tensor([[0.8813, 1.0000, 0.0000, 0.0000, 0.0000, 0.0000]])
tensor([[0.8270, 1.0000, 0.0000, 0.0000, 0.0000, 0.0000]])
tensor([[0.8655, 1.0000, 0.0000, 0.0000, 0.0000, 0.0000]])
tensor([[0.7355, 0.0000, 0.0000, 0.0000, 0.0000, 0.0000]])
tensor([[0.2288, 1.0000, 0.0000, 0.0000, 0.0000, 0.0000]])
tensor([[0.0753, 0.0000, 1.0000, 0.0000, 0.0000, 0.0000]])
tensor([[-0.1752,  1.0000,  0.0000,  0.0000,  0.0000,  0.0000]])
INFO:root:Agent 0 (TQCars): avg action time = 0.0016s
tensor([[-0.2596,  1.0000,  1.0000,  0.0000,  0.0000,  0.0000]])
tensor([[0.0754, 1.0000, 0.0000, 0.0000, 0.0000, 0.0000]])
tensor([[-0.2647,  1.0000,  0.0000,  0.0000,  0.0000,  0.0000]])
tensor([[0.1924, 1.0000, 0.0000, 0.0000, 0.0000, 0.0000]])
tensor([[-0.1641,  1.0000,  0.0000,  0.0000,  0.0000,  0.0000]])
tensor([[-0.7194,  0.0000,  0.0000,  0.0000,  0.0000,  0.0000]])
tensor([[-0.7033,  1.0000,  0.0000,  0.0000,  0.0000,  0.0000]])
tensor([[0.0779, 1.0000, 1.0000, 0.0000, 0.0000, 0.0000]])
tensor([[0.4014, 1.0000, 0.0000, 0.0000, 0.0000, 0.0000]])
tensor([[0.3140, 1.0000, 0.0000, 0.0000, 0.0000, 0.0000]])
tensor([[0.2742, 0.0000, 0.0000, 0.0000, 0.0000, 0.0000]])
tensor([[-0.2925,  1.0000,  0.0000,  0.0000,  0.0000,  0.0000]])
tensor([[-0.1852,  0.0000,  0.0000,  0.0000,  0.0000,  0.0000]])
tensor([[-0.4256,  1.0000,  0.0000,  0.0000,  0.0000,  0.0000]])
tensor([[-0.1540,  1.0000,  0.0000,  0.0000,  0.0000,  0.0000]])
tensor([[-0.2869,  1.0000,  0.0000,  0.0000,  0.0000,  0.0000]])
tensor([[-0.1631,  0.0000,  1.0000,  0.0000,  0.0000,  0.0000]])
tensor([[0.2659, 1.0000, 0.0000, 0.0000, 0.0000, 0.0000]])
tensor([[0.1363, 0.0000, 0.0000, 0.0000, 0.0000, 0.0000]])
tensor([[0.3423, 1.0000, 0.0000, 0.0000, 0.0000, 0.0000]])
tensor([[-0.6580,  1.0000,  0.0000,  0.0000,  0.0000,  0.0000]])
tensor([[-0.0582,  1.0000,  0.0000,  0.0000,  0.0000,  0.0000]])
tensor([[0.2843, 0.0000, 0.0000, 0.0000, 0.0000, 0.0000]])
tensor([[-0.2139,  0.0000,  1.0000,  0.0000,  0.0000,  0.0000]])
tensor([[0.0075, 1.0000, 1.0000, 0.0000, 1.0000, 0.0000]])
tensor([[0.1196, 1.0000, 1.0000, 0.0000, 0.0000, 0.0000]])
tensor([[-0.3647,  0.0000,  0.0000,  0.0000,  0.0000,  0.0000]])
tensor([[-0.3372,  0.0000,  1.0000,  0.0000,  0.0000,  0.0000]])
tensor([[0.2058, 1.0000, 0.0000, 0.0000, 0.0000, 0.0000]])
tensor([[-0.2348,  0.0000,  0.0000,  0.0000,  0.0000,  0.0000]])
tensor([[0.6569, 0.0000, 0.0000, 0.0000, 0.0000, 0.0000]])
tensor([[-0.1875,  0.0000,  0.0000,  0.0000,  0.0000,  0.0000]])
tensor([[-0.2710,  0.0000,  0.0000,  0.0000,  0.0000,  0.0000]])
tensor([[-0.3508,  1.0000,  0.0000,  0.0000,  0.0000,  0.0000]])
tensor([[0.0601, 0.0000, 0.0000, 0.0000, 0.0000, 0.0000]])
tensor([[0.0092, 0.0000, 0.0000, 0.0000, 0.0000, 0.0000]])
tensor([[0.2242, 1.0000, 0.0000, 0.0000, 0.0000, 0.0000]])
tensor([[-0.2906,  1.0000,  0.0000,  0.0000,  0.0000,  0.0000]])
tensor([[-0.6008,  0.0000,  1.0000,  0.0000,  0.0000,  0.0000]])
tensor([[0.0991, 1.0000, 0.0000, 0.0000, 0.0000, 0.0000]])
tensor([[0.3351, 0.0000, 0.0000, 0.0000, 0.0000, 0.0000]])
tensor([[-0.0110,  1.0000,  1.0000,  0.0000,  0.0000,  0.0000]])
tensor([[0.4252, 0.0000, 0.0000, 0.0000, 0.0000, 0.0000]])
{"type": "results", "track": "black_forest", "results": [{"key": 0, "reward": -0.02739257812500001, "position": 4, "name": "TQCars", "avg_action_time": 0.0016415566246626744}]}
