INFO:root:Loading the agents
INFO:root:Loaded player TQCars
INFO:root:Creating pystk-1
INFO:root:Adding wrapper <function get_wrappers.<locals>.<lambda> at 0x7505fb303420>
INFO:root:Adding wrapper <function get_wrappers.<locals>.<lambda> at 0x7505fb3034c0>
INFO:root:Adding wrapper <function get_wrappers.<locals>.<lambda> at 0x7505fb303560>
INFO:root:Adding wrapper <function get_wrappers.<locals>.<lambda> at 0x7505fb303600>
INFO:root:(multi-env mono adapter) Setting main environment max_paths to 5
INFO:root:Loading trained model from CHECKPOINT-GPUFAC/tqc_EXP14RACING_1200000.pt...
INFO:root:Starting a race
..:: Antarctica Rendering Engine 2.0 ::..
tensor([[-0.6260,  1.0000,  0.0000,  0.0000,  0.0000,  0.0000]])
tensor([[-0.3813,  1.0000,  0.0000,  0.0000,  0.0000,  0.0000]])
tensor([[-0.9213,  1.0000,  0.0000,  0.0000,  0.0000,  0.0000]])
tensor([[-0.5157,  1.0000,  0.0000,  0.0000,  0.0000,  0.0000]])
tensor([[-0.8424,  1.0000,  0.0000,  0.0000,  0.0000,  0.0000]])
tensor([[-0.8745,  1.0000,  0.0000,  0.0000,  0.0000,  0.0000]])
tensor([[-0.7608,  1.0000,  0.0000,  0.0000,  0.0000,  0.0000]])
tensor([[-0.8754,  0.0000,  0.0000,  0.0000,  0.0000,  0.0000]])
tensor([[-0.8574,  1.0000,  0.0000,  0.0000,  0.0000,  0.0000]])
tensor([[-0.9308,  1.0000,  0.0000,  0.0000,  0.0000,  0.0000]])
tensor([[-0.7455,  1.0000,  0.0000,  0.0000,  0.0000,  0.0000]])
tensor([[-0.5102,  1.0000,  0.0000,  0.0000,  0.0000,  0.0000]])
tensor([[-0.4367,  1.0000,  0.0000,  0.0000,  0.0000,  0.0000]])
tensor([[-0.7425,  1.0000,  0.0000,  0.0000,  0.0000,  0.0000]])
tensor([[-0.8884,  1.0000,  0.0000,  0.0000,  0.0000,  0.0000]])
tensor([[-0.3859,  1.0000,  0.0000,  0.0000,  0.0000,  0.0000]])
tensor([[-0.9023,  1.0000,  0.0000,  0.0000,  0.0000,  0.0000]])
tensor([[-0.9040,  1.0000,  0.0000,  0.0000,  0.0000,  0.0000]])
tensor([[-0.6739,  1.0000,  0.0000,  0.0000,  0.0000,  0.0000]])
tensor([[-0.8349,  1.0000,  0.0000,  0.0000,  0.0000,  0.0000]])
tensor([[-0.8228,  1.0000,  0.0000,  0.0000,  0.0000,  0.0000]])
tensor([[-0.9064,  1.0000,  0.0000,  0.0000,  0.0000,  0.0000]])
tensor([[-0.0426,  1.0000,  0.0000,  0.0000,  0.0000,  0.0000]])
tensor([[-0.7638,  1.0000,  0.0000,  0.0000,  0.0000,  0.0000]])
tensor([[-0.2799,  1.0000,  0.0000,  0.0000,  0.0000,  0.0000]])
tensor([[-0.2772,  1.0000,  0.0000,  0.0000,  0.0000,  0.0000]])
tensor([[0.1565, 1.0000, 0.0000, 0.0000, 0.0000, 0.0000]])
tensor([[0.2401, 1.0000, 0.0000, 0.0000, 0.0000, 0.0000]])
tensor([[0.4583, 1.0000, 0.0000, 0.0000, 0.0000, 0.0000]])
tensor([[0.9695, 1.0000, 0.0000, 0.0000, 0.0000, 0.0000]])
tensor([[0.8483, 1.0000, 0.0000, 0.0000, 0.0000, 0.0000]])
tensor([[-0.7871,  1.0000,  0.0000,  0.0000,  0.0000,  0.0000]])
tensor([[0.3127, 1.0000, 0.0000, 0.0000, 0.0000, 0.0000]])
tensor([[0.7365, 1.0000, 0.0000, 0.0000, 0.0000, 0.0000]])
tensor([[0.6507, 1.0000, 0.0000, 0.0000, 0.0000, 0.0000]])
tensor([[-0.9449,  1.0000,  0.0000,  0.0000,  0.0000,  0.0000]])
tensor([[-0.7933,  1.0000,  0.0000,  0.0000,  0.0000,  0.0000]])
tensor([[0.8601, 1.0000, 0.0000, 0.0000, 0.0000, 0.0000]])
tensor([[0.0953, 1.0000, 0.0000, 0.0000, 0.0000, 0.0000]])
tensor([[-0.3492,  1.0000,  0.0000,  0.0000,  0.0000,  0.0000]])
tensor([[0.8058, 1.0000, 0.0000, 0.0000, 0.0000, 0.0000]])
tensor([[-0.3599,  1.0000,  0.0000,  0.0000,  0.0000,  0.0000]])
tensor([[0.3999, 1.0000, 0.0000, 0.0000, 0.0000, 0.0000]])
tensor([[-0.8568,  1.0000,  0.0000,  0.0000,  0.0000,  0.0000]])
tensor([[-0.2738,  1.0000,  0.0000,  0.0000,  0.0000,  0.0000]])
tensor([[0.8798, 1.0000, 0.0000, 0.0000, 0.0000, 0.0000]])
tensor([[-0.1606,  1.0000,  0.0000,  0.0000,  0.0000,  0.0000]])
tensor([[0.4310, 1.0000, 0.0000, 0.0000, 0.0000, 0.0000]])
tensor([[-0.6139,  1.0000,  0.0000,  0.0000,  0.0000,  0.0000]])
tensor([[0.9526, 1.0000, 0.0000, 0.0000, 0.0000, 0.0000]])
tensor([[-0.7444,  1.0000,  0.0000,  0.0000,  0.0000,  0.0000]])
tensor([[0.9856, 1.0000, 0.0000, 0.0000, 0.0000, 0.0000]])
tensor([[0.9842, 1.0000, 0.0000, 0.0000, 0.0000, 0.0000]])
tensor([[0.9723, 1.0000, 0.0000, 0.0000, 0.0000, 0.0000]])
tensor([[0.7876, 1.0000, 0.0000, 0.0000, 0.0000, 0.0000]])
tensor([[0.9104, 1.0000, 0.0000, 0.0000, 0.0000, 0.0000]])
tensor([[0.9008, 1.0000, 0.0000, 0.0000, 0.0000, 0.0000]])
tensor([[0.8805, 1.0000, 0.0000, 0.0000, 0.0000, 0.0000]])
tensor([[0.9857, 1.0000, 0.0000, 0.0000, 0.0000, 0.0000]])
tensor([[0.9926, 1.0000, 0.0000, 0.0000, 0.0000, 0.0000]])
tensor([[0.9855, 1.0000, 0.0000, 0.0000, 0.0000, 0.0000]])
tensor([[0.9937, 1.0000, 0.0000, 0.0000, 0.0000, 0.0000]])
tensor([[0.9797, 1.0000, 0.0000, 0.0000, 0.0000, 0.0000]])
tensor([[0.9926, 1.0000, 0.0000, 0.0000, 0.0000, 0.0000]])
tensor([[0.9389, 1.0000, 0.0000, 0.0000, 0.0000, 0.0000]])
tensor([[0.9861, 1.0000, 0.0000, 0.0000, 0.0000, 0.0000]])
tensor([[0.9730, 1.0000, 0.0000, 0.0000, 0.0000, 0.0000]])
tensor([[0.8889, 1.0000, 0.0000, 0.0000, 0.0000, 0.0000]])
tensor([[0.9501, 1.0000, 0.0000, 0.0000, 0.0000, 0.0000]])
tensor([[-0.2174,  1.0000,  0.0000,  0.0000,  0.0000,  0.0000]])
tensor([[0.7096, 1.0000, 0.0000, 0.0000, 0.0000, 0.0000]])
tensor([[-0.6760,  1.0000,  0.0000,  0.0000,  0.0000,  0.0000]])
tensor([[-0.9154,  1.0000,  0.0000,  0.0000,  0.0000,  0.0000]])
tensor([[-0.8859,  1.0000,  0.0000,  0.0000,  0.0000,  0.0000]])
tensor([[-0.4371,  1.0000,  0.0000,  0.0000,  0.0000,  0.0000]])
tensor([[0.7771, 1.0000, 0.0000, 0.0000, 0.0000, 0.0000]])
tensor([[-0.1307,  1.0000,  0.0000,  0.0000,  0.0000,  0.0000]])
tensor([[0.6742, 1.0000, 0.0000, 0.0000, 0.0000, 0.0000]])
tensor([[-0.1060,  1.0000,  0.0000,  0.0000,  0.0000,  0.0000]])
tensor([[0.1307, 1.0000, 0.0000, 0.0000, 0.0000, 0.0000]])
tensor([[-0.1475,  1.0000,  0.0000,  0.0000,  0.0000,  0.0000]])
tensor([[-0.3278,  1.0000,  0.0000,  0.0000,  0.0000,  0.0000]])
tensor([[0.0710, 1.0000, 0.0000, 0.0000, 0.0000, 0.0000]])
tensor([[-0.9047,  1.0000,  0.0000,  0.0000,  0.0000,  0.0000]])
tensor([[-0.4627,  1.0000,  0.0000,  0.0000,  0.0000,  0.0000]])
tensor([[0.5384, 1.0000, 0.0000, 0.0000, 0.0000, 0.0000]])
tensor([[0.9534, 1.0000, 0.0000, 0.0000, 0.0000, 0.0000]])
tensor([[-0.1834,  1.0000,  0.0000,  0.0000,  0.0000,  0.0000]])
tensor([[0.4733, 1.0000, 0.0000, 0.0000, 0.0000, 0.0000]])
tensor([[-0.1692,  1.0000,  0.0000,  0.0000,  0.0000,  0.0000]])
tensor([[0.0686, 1.0000, 0.0000, 0.0000, 0.0000, 0.0000]])
tensor([[0.3327, 1.0000, 0.0000, 0.0000, 0.0000, 0.0000]])
tensor([[-0.5188,  1.0000,  0.0000,  0.0000,  0.0000,  0.0000]])
tensor([[-0.7817,  1.0000,  0.0000,  0.0000,  0.0000,  0.0000]])
tensor([[0.8617, 1.0000, 0.0000, 0.0000, 0.0000, 0.0000]])
tensor([[-0.4502,  1.0000,  0.0000,  0.0000,  0.0000,  0.0000]])
tensor([[-0.0797,  1.0000,  0.0000,  0.0000,  0.0000,  0.0000]])
tensor([[0.8466, 1.0000, 0.0000, 0.0000, 0.0000, 0.0000]])
tensor([[0.0956, 1.0000, 0.0000, 0.0000, 0.0000, 0.0000]])
tensor([[-0.3759,  1.0000,  0.0000,  0.0000,  0.0000,  0.0000]])
tensor([[-0.7996,  1.0000,  0.0000,  0.0000,  0.0000,  0.0000]])
tensor([[0.8117, 1.0000, 0.0000, 0.0000, 0.0000, 0.0000]])
tensor([[-0.3735,  1.0000,  0.0000,  0.0000,  0.0000,  0.0000]])
tensor([[-0.1651,  1.0000,  0.0000,  0.0000,  0.0000,  0.0000]])
tensor([[-0.1148,  1.0000,  0.0000,  0.0000,  0.0000,  0.0000]])
tensor([[0.9508, 1.0000, 0.0000, 0.0000, 0.0000, 0.0000]])
tensor([[-0.4070,  1.0000,  0.0000,  0.0000,  0.0000,  0.0000]])
tensor([[-0.2980,  1.0000,  0.0000,  0.0000,  0.0000,  0.0000]])
tensor([[0.2448, 1.0000, 0.0000, 0.0000, 0.0000, 0.0000]])
tensor([[0.7623, 1.0000, 0.0000, 0.0000, 0.0000, 0.0000]])
tensor([[0.8285, 1.0000, 0.0000, 0.0000, 0.0000, 0.0000]])
tensor([[0.7334, 1.0000, 0.0000, 0.0000, 0.0000, 0.0000]])
tensor([[0.5536, 1.0000, 0.0000, 0.0000, 0.0000, 0.0000]])
tensor([[-0.0555,  1.0000,  0.0000,  0.0000,  0.0000,  0.0000]])
tensor([[-0.4687,  1.0000,  0.0000,  0.0000,  0.0000,  0.0000]])
tensor([[0.9965, 1.0000, 0.0000, 0.0000, 0.0000, 0.0000]])
tensor([[0.8414, 1.0000, 0.0000, 0.0000, 0.0000, 0.0000]])
tensor([[0.9732, 1.0000, 0.0000, 0.0000, 0.0000, 0.0000]])
tensor([[0.9589, 1.0000, 0.0000, 0.0000, 0.0000, 0.0000]])
tensor([[0.9733, 1.0000, 0.0000, 0.0000, 0.0000, 0.0000]])
tensor([[0.9609, 1.0000, 0.0000, 0.0000, 0.0000, 0.0000]])
tensor([[0.9446, 1.0000, 0.0000, 0.0000, 0.0000, 0.0000]])
tensor([[0.9853, 1.0000, 0.0000, 0.0000, 0.0000, 0.0000]])
tensor([[0.7887, 1.0000, 0.0000, 0.0000, 0.0000, 0.0000]])
tensor([[-0.0684,  1.0000,  0.0000,  0.0000,  0.0000,  0.0000]])
tensor([[0.4682, 1.0000, 0.0000, 0.0000, 0.0000, 0.0000]])
tensor([[-0.9781,  1.0000,  0.0000,  0.0000,  0.0000,  0.0000]])
tensor([[-0.6274,  1.0000,  0.0000,  0.0000,  0.0000,  0.0000]])
tensor([[-0.9805,  1.0000,  0.0000,  0.0000,  0.0000,  0.0000]])
tensor([[-0.8634,  1.0000,  0.0000,  0.0000,  0.0000,  0.0000]])
tensor([[-0.8940,  1.0000,  0.0000,  0.0000,  0.0000,  0.0000]])
tensor([[0.1955, 1.0000, 0.0000, 0.0000, 0.0000, 0.0000]])
tensor([[-0.2990,  1.0000,  0.0000,  0.0000,  0.0000,  0.0000]])
tensor([[0.7718, 1.0000, 0.0000, 0.0000, 0.0000, 0.0000]])
tensor([[-0.0906,  1.0000,  0.0000,  0.0000,  0.0000,  0.0000]])
tensor([[0.4006, 1.0000, 0.0000, 0.0000, 0.0000, 0.0000]])
tensor([[0.9104, 1.0000, 0.0000, 0.0000, 0.0000, 0.0000]])
tensor([[-0.5794,  1.0000,  0.0000,  0.0000,  0.0000,  0.0000]])
tensor([[-0.3675,  1.0000,  0.0000,  0.0000,  0.0000,  0.0000]])
tensor([[-0.7191,  1.0000,  0.0000,  0.0000,  0.0000,  0.0000]])
tensor([[0.8404, 1.0000, 0.0000, 0.0000, 0.0000, 0.0000]])
tensor([[0.6492, 1.0000, 0.0000, 0.0000, 0.0000, 0.0000]])
tensor([[-0.4513,  1.0000,  0.0000,  0.0000,  0.0000,  0.0000]])
tensor([[-0.4655,  1.0000,  0.0000,  0.0000,  0.0000,  0.0000]])
tensor([[-0.2893,  1.0000,  0.0000,  0.0000,  0.0000,  0.0000]])
tensor([[-0.3668,  1.0000,  0.0000,  0.0000,  0.0000,  0.0000]])
tensor([[0.2963, 1.0000, 0.0000, 0.0000, 0.0000, 0.0000]])
tensor([[-0.6153,  1.0000,  0.0000,  0.0000,  0.0000,  0.0000]])
tensor([[-0.1352,  1.0000,  0.0000,  0.0000,  0.0000,  0.0000]])
tensor([[0.0456, 1.0000, 0.0000, 0.0000, 0.0000, 0.0000]])
tensor([[0.8899, 1.0000, 0.0000, 0.0000, 0.0000, 0.0000]])
tensor([[0.7224, 1.0000, 0.0000, 0.0000, 0.0000, 0.0000]])
tensor([[0.2439, 1.0000, 0.0000, 0.0000, 0.0000, 0.0000]])
tensor([[-0.1870,  1.0000,  0.0000,  0.0000,  0.0000,  0.0000]])
tensor([[-0.8003,  1.0000,  0.0000,  0.0000,  0.0000,  0.0000]])
tensor([[-0.1266,  1.0000,  0.0000,  0.0000,  0.0000,  0.0000]])
tensor([[0.1927, 1.0000, 0.0000, 0.0000, 0.0000, 0.0000]])
tensor([[0.2634, 1.0000, 0.0000, 0.0000, 0.0000, 0.0000]])
tensor([[0.5838, 1.0000, 0.0000, 0.0000, 0.0000, 0.0000]])
tensor([[-0.0311,  1.0000,  0.0000,  0.0000,  0.0000,  0.0000]])
tensor([[-0.7235,  1.0000,  0.0000,  0.0000,  0.0000,  0.0000]])
tensor([[0.4847, 1.0000, 0.0000, 0.0000, 0.0000, 0.0000]])
tensor([[-0.8590,  1.0000,  0.0000,  0.0000,  0.0000,  0.0000]])
tensor([[-0.5051,  1.0000,  0.0000,  0.0000,  0.0000,  0.0000]])
tensor([[0.9220, 1.0000, 0.0000, 0.0000, 0.0000, 0.0000]])
tensor([[0.5358, 1.0000, 0.0000, 0.0000, 0.0000, 0.0000]])
tensor([[-0.6634,  1.0000,  0.0000,  0.0000,  0.0000,  0.0000]])
tensor([[-0.2309,  1.0000,  0.0000,  0.0000,  0.0000,  0.0000]])
tensor([[0.1272, 1.0000, 0.0000, 0.0000, 0.0000, 0.0000]])
tensor([[0.2442, 1.0000, 0.0000, 0.0000, 0.0000, 0.0000]])
tensor([[-0.1189,  1.0000,  0.0000,  0.0000,  0.0000,  0.0000]])
tensor([[0.5009, 1.0000, 0.0000, 0.0000, 0.0000, 0.0000]])
tensor([[0.0382, 1.0000, 0.0000, 0.0000, 0.0000, 0.0000]])
tensor([[-0.8315,  1.0000,  0.0000,  0.0000,  0.0000,  0.0000]])
tensor([[0.9493, 1.0000, 0.0000, 0.0000, 0.0000, 0.0000]])
tensor([[0.9835, 1.0000, 0.0000, 0.0000, 0.0000, 0.0000]])
tensor([[0.1546, 1.0000, 0.0000, 0.0000, 0.0000, 0.0000]])
tensor([[-0.9898,  1.0000,  0.0000,  0.0000,  0.0000,  0.0000]])
tensor([[-0.7558,  1.0000,  0.0000,  0.0000,  0.0000,  0.0000]])
tensor([[-0.9119,  1.0000,  0.0000,  0.0000,  0.0000,  0.0000]])
tensor([[0.2639, 0.0000, 0.0000, 0.0000, 0.0000, 0.0000]])
tensor([[0.3778, 1.0000, 0.0000, 0.0000, 0.0000, 0.0000]])
tensor([[0.0267, 1.0000, 0.0000, 0.0000, 0.0000, 0.0000]])
tensor([[-0.8570,  1.0000,  0.0000,  0.0000,  0.0000,  0.0000]])
tensor([[0.4648, 1.0000, 0.0000, 0.0000, 0.0000, 0.0000]])
tensor([[0.5370, 1.0000, 0.0000, 0.0000, 0.0000, 0.0000]])
tensor([[0.9369, 1.0000, 0.0000, 0.0000, 0.0000, 0.0000]])
tensor([[-0.4931,  1.0000,  0.0000,  0.0000,  0.0000,  0.0000]])
tensor([[-0.8311,  1.0000,  0.0000,  0.0000,  0.0000,  0.0000]])
tensor([[-0.1779,  1.0000,  0.0000,  0.0000,  0.0000,  0.0000]])
tensor([[0.4133, 1.0000, 0.0000, 0.0000, 0.0000, 0.0000]])
tensor([[0.6790, 1.0000, 0.0000, 0.0000, 0.0000, 0.0000]])
tensor([[0.0565, 1.0000, 0.0000, 0.0000, 0.0000, 0.0000]])
tensor([[-0.7845,  1.0000,  0.0000,  0.0000,  0.0000,  0.0000]])
tensor([[0.3056, 1.0000, 0.0000, 0.0000, 0.0000, 0.0000]])
tensor([[0.3068, 1.0000, 0.0000, 0.0000, 0.0000, 0.0000]])
tensor([[0.3707, 1.0000, 0.0000, 0.0000, 0.0000, 0.0000]])
tensor([[0.0406, 1.0000, 0.0000, 0.0000, 0.0000, 0.0000]])
tensor([[-0.7624,  1.0000,  0.0000,  0.0000,  0.0000,  0.0000]])
tensor([[-0.5564,  1.0000,  0.0000,  0.0000,  0.0000,  0.0000]])
tensor([[0.4447, 1.0000, 0.0000, 0.0000, 0.0000, 0.0000]])
tensor([[0.5649, 1.0000, 0.0000, 0.0000, 0.0000, 0.0000]])
tensor([[0.2991, 1.0000, 0.0000, 0.0000, 0.0000, 0.0000]])
tensor([[-0.0816,  1.0000,  0.0000,  0.0000,  0.0000,  0.0000]])
tensor([[-0.8890,  1.0000,  0.0000,  0.0000,  0.0000,  0.0000]])
tensor([[0.2553, 1.0000, 0.0000, 0.0000, 0.0000, 0.0000]])
tensor([[-0.5410,  1.0000,  0.0000,  0.0000,  0.0000,  0.0000]])
tensor([[0.5858, 1.0000, 0.0000, 0.0000, 0.0000, 0.0000]])
tensor([[0.9085, 1.0000, 0.0000, 0.0000, 0.0000, 0.0000]])
tensor([[-0.4060,  1.0000,  0.0000,  0.0000,  0.0000,  0.0000]])
tensor([[-0.7925,  1.0000,  0.0000,  0.0000,  0.0000,  0.0000]])
tensor([[-0.1191,  1.0000,  0.0000,  0.0000,  0.0000,  0.0000]])
tensor([[0.6632, 1.0000, 0.0000, 0.0000, 0.0000, 0.0000]])
tensor([[-0.9420,  1.0000,  0.0000,  0.0000,  0.0000,  0.0000]])
tensor([[0.2400, 1.0000, 0.0000, 0.0000, 0.0000, 0.0000]])
tensor([[-0.6582,  1.0000,  0.0000,  0.0000,  0.0000,  0.0000]])
tensor([[-0.5467,  1.0000,  0.0000,  0.0000,  0.0000,  0.0000]])
tensor([[-0.9767,  1.0000,  0.0000,  0.0000,  0.0000,  0.0000]])
tensor([[-0.9520,  1.0000,  0.0000,  0.0000,  0.0000,  0.0000]])
tensor([[-0.2108,  1.0000,  0.0000,  0.0000,  0.0000,  0.0000]])
tensor([[-0.8353,  1.0000,  0.0000,  0.0000,  0.0000,  0.0000]])
tensor([[-0.9796,  1.0000,  0.0000,  0.0000,  0.0000,  0.0000]])
tensor([[-0.8042,  1.0000,  0.0000,  0.0000,  0.0000,  0.0000]])
tensor([[-0.9743,  1.0000,  0.0000,  0.0000,  0.0000,  0.0000]])
tensor([[-0.9380,  1.0000,  0.0000,  0.0000,  0.0000,  0.0000]])
tensor([[-0.5912,  1.0000,  0.0000,  0.0000,  0.0000,  0.0000]])
tensor([[-0.9670,  1.0000,  0.0000,  0.0000,  0.0000,  0.0000]])
tensor([[-0.9052,  1.0000,  0.0000,  0.0000,  0.0000,  0.0000]])
tensor([[-0.8349,  1.0000,  0.0000,  0.0000,  0.0000,  0.0000]])
tensor([[0.9152, 1.0000, 0.0000, 0.0000, 0.0000, 0.0000]])
tensor([[0.7608, 1.0000, 0.0000, 0.0000, 0.0000, 0.0000]])
tensor([[0.1601, 1.0000, 0.0000, 0.0000, 0.0000, 0.0000]])
tensor([[0.5549, 1.0000, 0.0000, 0.0000, 0.0000, 0.0000]])
tensor([[0.1774, 1.0000, 0.0000, 0.0000, 0.0000, 0.0000]])
tensor([[0.9779, 1.0000, 0.0000, 0.0000, 0.0000, 0.0000]])
tensor([[0.6402, 1.0000, 0.0000, 0.0000, 0.0000, 0.0000]])
tensor([[0.4029, 1.0000, 0.0000, 0.0000, 0.0000, 0.0000]])
tensor([[0.9416, 1.0000, 0.0000, 0.0000, 0.0000, 0.0000]])
tensor([[-0.5197,  1.0000,  0.0000,  0.0000,  0.0000,  0.0000]])
tensor([[0.4083, 1.0000, 0.0000, 0.0000, 0.0000, 0.0000]])
tensor([[0.8102, 1.0000, 0.0000, 0.0000, 0.0000, 0.0000]])
tensor([[0.9543, 1.0000, 0.0000, 0.0000, 0.0000, 0.0000]])
tensor([[0.6821, 1.0000, 0.0000, 0.0000, 0.0000, 0.0000]])
tensor([[0.3342, 1.0000, 0.0000, 0.0000, 0.0000, 0.0000]])
tensor([[0.7168, 1.0000, 0.0000, 0.0000, 0.0000, 0.0000]])
tensor([[-0.4412,  1.0000,  0.0000,  0.0000,  0.0000,  0.0000]])
tensor([[0.6572, 1.0000, 0.0000, 0.0000, 0.0000, 0.0000]])
tensor([[-0.0129,  1.0000,  0.0000,  0.0000,  0.0000,  0.0000]])
tensor([[0.4189, 1.0000, 0.0000, 0.0000, 0.0000, 0.0000]])
tensor([[-0.9357,  1.0000,  0.0000,  0.0000,  0.0000,  0.0000]])
tensor([[0.7217, 1.0000, 0.0000, 0.0000, 0.0000, 0.0000]])
tensor([[0.2923, 1.0000, 0.0000, 0.0000, 0.0000, 0.0000]])
tensor([[0.7213, 1.0000, 0.0000, 0.0000, 0.0000, 0.0000]])
tensor([[0.7141, 1.0000, 0.0000, 0.0000, 0.0000, 0.0000]])
tensor([[-0.4057,  1.0000,  0.0000,  0.0000,  0.0000,  0.0000]])
tensor([[-0.1965,  1.0000,  0.0000,  0.0000,  0.0000,  0.0000]])
tensor([[0.8526, 1.0000, 0.0000, 0.0000, 0.0000, 0.0000]])
tensor([[0.7258, 1.0000, 0.0000, 0.0000, 0.0000, 0.0000]])
tensor([[0.2299, 1.0000, 0.0000, 0.0000, 0.0000, 0.0000]])
tensor([[-0.4584,  1.0000,  0.0000,  0.0000,  0.0000,  0.0000]])
tensor([[-0.4901,  1.0000,  0.0000,  0.0000,  0.0000,  0.0000]])
tensor([[0.7079, 1.0000, 0.0000, 0.0000, 0.0000, 0.0000]])
tensor([[0.7433, 1.0000, 0.0000, 0.0000, 0.0000, 0.0000]])
tensor([[0.9356, 1.0000, 0.0000, 0.0000, 0.0000, 0.0000]])
tensor([[0.5458, 1.0000, 0.0000, 0.0000, 0.0000, 0.0000]])
tensor([[-0.2831,  1.0000,  0.0000,  0.0000,  0.0000,  0.0000]])
tensor([[0.5290, 1.0000, 0.0000, 0.0000, 0.0000, 0.0000]])
tensor([[0.2438, 1.0000, 0.0000, 0.0000, 0.0000, 0.0000]])
tensor([[0.6020, 1.0000, 0.0000, 0.0000, 0.0000, 0.0000]])
tensor([[0.1366, 1.0000, 0.0000, 0.0000, 0.0000, 0.0000]])
tensor([[0.0619, 1.0000, 0.0000, 0.0000, 0.0000, 0.0000]])
tensor([[-0.0913,  1.0000,  0.0000,  0.0000,  0.0000,  0.0000]])
tensor([[0.2350, 1.0000, 0.0000, 0.0000, 0.0000, 0.0000]])
tensor([[0.7237, 1.0000, 0.0000, 0.0000, 0.0000, 0.0000]])
tensor([[0.2731, 1.0000, 0.0000, 0.0000, 0.0000, 0.0000]])
tensor([[-0.2761,  1.0000,  0.0000,  0.0000,  0.0000,  0.0000]])
tensor([[0.0867, 1.0000, 0.0000, 0.0000, 0.0000, 0.0000]])
tensor([[0.8341, 1.0000, 0.0000, 0.0000, 0.0000, 0.0000]])
tensor([[0.8453, 1.0000, 0.0000, 0.0000, 0.0000, 0.0000]])
tensor([[0.2978, 1.0000, 0.0000, 0.0000, 0.0000, 0.0000]])
tensor([[0.8890, 1.0000, 0.0000, 0.0000, 0.0000, 0.0000]])
tensor([[0.1791, 1.0000, 0.0000, 0.0000, 0.0000, 0.0000]])
tensor([[-0.3753,  1.0000,  0.0000,  0.0000,  0.0000,  0.0000]])
tensor([[0.6056, 1.0000, 0.0000, 0.0000, 0.0000, 0.0000]])
tensor([[0.1306, 1.0000, 0.0000, 0.0000, 0.0000, 0.0000]])
tensor([[0.1415, 1.0000, 0.0000, 0.0000, 0.0000, 0.0000]])
tensor([[-0.1566,  1.0000,  0.0000,  0.0000,  0.0000,  0.0000]])
tensor([[0.7376, 1.0000, 0.0000, 0.0000, 0.0000, 0.0000]])
tensor([[-0.0553,  1.0000,  0.0000,  0.0000,  0.0000,  0.0000]])
tensor([[0.6045, 1.0000, 0.0000, 0.0000, 0.0000, 0.0000]])
tensor([[0.9088, 1.0000, 0.0000, 0.0000, 0.0000, 0.0000]])
tensor([[0.1017, 1.0000, 0.0000, 0.0000, 0.0000, 0.0000]])
tensor([[0.4475, 1.0000, 0.0000, 0.0000, 0.0000, 0.0000]])
tensor([[-0.6293,  1.0000,  0.0000,  0.0000,  0.0000,  0.0000]])
tensor([[0.4943, 1.0000, 0.0000, 0.0000, 0.0000, 0.0000]])
tensor([[0.8355, 1.0000, 0.0000, 0.0000, 0.0000, 0.0000]])
tensor([[0.4507, 1.0000, 0.0000, 0.0000, 0.0000, 0.0000]])
tensor([[-0.8026,  1.0000,  0.0000,  0.0000,  0.0000,  0.0000]])
tensor([[-0.2997,  1.0000,  0.0000,  0.0000,  0.0000,  0.0000]])
tensor([[0.5009, 1.0000, 0.0000, 0.0000, 0.0000, 0.0000]])
tensor([[0.9523, 1.0000, 0.0000, 0.0000, 0.0000, 0.0000]])
tensor([[0.6825, 1.0000, 0.0000, 0.0000, 0.0000, 0.0000]])
tensor([[0.9750, 1.0000, 0.0000, 0.0000, 0.0000, 0.0000]])
tensor([[-0.1352,  1.0000,  0.0000,  0.0000,  0.0000,  0.0000]])
tensor([[-0.4378,  1.0000,  0.0000,  0.0000,  0.0000,  0.0000]])
tensor([[0.9724, 1.0000, 0.0000, 0.0000, 0.0000, 0.0000]])
tensor([[0.1289, 0.0000, 0.0000, 0.0000, 0.0000, 0.0000]])
tensor([[0.4961, 1.0000, 0.0000, 0.0000, 0.0000, 0.0000]])
tensor([[0.5285, 1.0000, 0.0000, 0.0000, 0.0000, 0.0000]])
tensor([[-0.1356,  1.0000,  0.0000,  0.0000,  0.0000,  0.0000]])
tensor([[0.7775, 1.0000, 0.0000, 0.0000, 0.0000, 0.0000]])
tensor([[0.6984, 1.0000, 0.0000, 0.0000, 0.0000, 0.0000]])
tensor([[0.5832, 1.0000, 0.0000, 0.0000, 0.0000, 0.0000]])
tensor([[-0.2652,  1.0000,  0.0000,  0.0000,  0.0000,  0.0000]])
tensor([[-0.1942,  1.0000,  0.0000,  0.0000,  0.0000,  0.0000]])
tensor([[0.9523, 1.0000, 0.0000, 0.0000, 0.0000, 0.0000]])
tensor([[-0.5010,  1.0000,  0.0000,  0.0000,  0.0000,  0.0000]])
tensor([[0.2540, 1.0000, 0.0000, 0.0000, 0.0000, 0.0000]])
tensor([[0.7525, 1.0000, 0.0000, 0.0000, 0.0000, 0.0000]])
tensor([[0.8595, 1.0000, 0.0000, 0.0000, 0.0000, 0.0000]])
tensor([[0.4801, 1.0000, 0.0000, 0.0000, 0.0000, 0.0000]])
tensor([[-0.2053,  1.0000,  0.0000,  0.0000,  0.0000,  0.0000]])
tensor([[-0.7946,  1.0000,  0.0000,  0.0000,  0.0000,  0.0000]])
tensor([[-0.9616,  1.0000,  0.0000,  0.0000,  0.0000,  0.0000]])
tensor([[-0.6338,  1.0000,  0.0000,  0.0000,  0.0000,  0.0000]])
tensor([[-0.5554,  1.0000,  1.0000,  0.0000,  0.0000,  0.0000]])
tensor([[-0.9790,  1.0000,  0.0000,  0.0000,  0.0000,  0.0000]])
tensor([[-0.9676,  1.0000,  0.0000,  0.0000,  0.0000,  0.0000]])
tensor([[-0.9704,  1.0000,  0.0000,  0.0000,  0.0000,  0.0000]])
tensor([[-0.2195,  1.0000,  0.0000,  0.0000,  0.0000,  0.0000]])
tensor([[-0.9160,  1.0000,  1.0000,  0.0000,  0.0000,  0.0000]])
tensor([[-0.9318,  1.0000,  0.0000,  0.0000,  0.0000,  0.0000]])
tensor([[-0.8899,  1.0000,  0.0000,  0.0000,  0.0000,  0.0000]])
tensor([[-0.9868,  1.0000,  0.0000,  0.0000,  0.0000,  0.0000]])
tensor([[-0.9735,  1.0000,  0.0000,  0.0000,  0.0000,  0.0000]])
tensor([[-0.5904,  1.0000,  0.0000,  0.0000,  0.0000,  0.0000]])
tensor([[0.1785, 1.0000, 0.0000, 0.0000, 0.0000, 0.0000]])
tensor([[-0.5880,  1.0000,  0.0000,  0.0000,  0.0000,  0.0000]])
tensor([[0.4061, 1.0000, 0.0000, 0.0000, 0.0000, 0.0000]])
tensor([[0.7902, 1.0000, 0.0000, 0.0000, 0.0000, 0.0000]])
tensor([[0.3429, 1.0000, 0.0000, 0.0000, 0.0000, 0.0000]])
tensor([[0.2590, 1.0000, 0.0000, 0.0000, 0.0000, 0.0000]])
tensor([[0.4923, 1.0000, 0.0000, 0.0000, 0.0000, 0.0000]])
tensor([[0.4147, 1.0000, 0.0000, 0.0000, 0.0000, 0.0000]])
tensor([[-0.8200,  1.0000,  0.0000,  0.0000,  0.0000,  0.0000]])
tensor([[-0.9452,  1.0000,  0.0000,  0.0000,  0.0000,  0.0000]])
tensor([[0.6873, 1.0000, 0.0000, 0.0000, 0.0000, 0.0000]])
tensor([[0.8847, 1.0000, 0.0000, 0.0000, 0.0000, 0.0000]])
tensor([[0.2498, 1.0000, 0.0000, 0.0000, 0.0000, 0.0000]])
tensor([[0.3812, 1.0000, 0.0000, 0.0000, 0.0000, 0.0000]])
tensor([[0.4655, 1.0000, 0.0000, 0.0000, 0.0000, 0.0000]])
tensor([[0.6120, 1.0000, 0.0000, 0.0000, 0.0000, 0.0000]])
tensor([[0.4810, 1.0000, 0.0000, 0.0000, 0.0000, 0.0000]])
tensor([[0.8664, 1.0000, 0.0000, 0.0000, 0.0000, 0.0000]])
tensor([[0.9697, 1.0000, 0.0000, 0.0000, 0.0000, 0.0000]])
tensor([[0.8866, 1.0000, 0.0000, 0.0000, 0.0000, 0.0000]])
tensor([[0.9379, 1.0000, 0.0000, 0.0000, 0.0000, 0.0000]])
tensor([[0.8104, 1.0000, 0.0000, 0.0000, 0.0000, 0.0000]])
tensor([[0.6359, 1.0000, 0.0000, 0.0000, 0.0000, 0.0000]])
tensor([[-0.3382,  1.0000,  0.0000,  0.0000,  0.0000,  0.0000]])
tensor([[0.4562, 1.0000, 0.0000, 0.0000, 0.0000, 0.0000]])
tensor([[-0.0578,  1.0000,  0.0000,  0.0000,  0.0000,  0.0000]])
tensor([[0.5202, 1.0000, 0.0000, 0.0000, 0.0000, 0.0000]])
tensor([[0.1063, 1.0000, 0.0000, 0.0000, 0.0000, 0.0000]])
tensor([[0.1858, 1.0000, 0.0000, 0.0000, 0.0000, 0.0000]])
tensor([[0.7018, 1.0000, 0.0000, 0.0000, 0.0000, 0.0000]])
tensor([[-0.7384,  1.0000,  0.0000,  0.0000,  0.0000,  0.0000]])
tensor([[0.1392, 1.0000, 0.0000, 0.0000, 0.0000, 0.0000]])
tensor([[-0.0865,  1.0000,  0.0000,  0.0000,  0.0000,  0.0000]])
tensor([[-0.0194,  1.0000,  0.0000,  0.0000,  0.0000,  0.0000]])
tensor([[-0.4756,  1.0000,  0.0000,  0.0000,  0.0000,  0.0000]])
tensor([[0.7399, 1.0000, 0.0000, 0.0000, 0.0000, 0.0000]])
tensor([[-0.0408,  1.0000,  0.0000,  0.0000,  0.0000,  0.0000]])
tensor([[0.4484, 1.0000, 0.0000, 0.0000, 0.0000, 0.0000]])
tensor([[-0.1008,  1.0000,  0.0000,  0.0000,  0.0000,  0.0000]])
tensor([[-0.6148,  1.0000,  0.0000,  0.0000,  0.0000,  0.0000]])
tensor([[-0.5119,  1.0000,  0.0000,  0.0000,  0.0000,  0.0000]])
tensor([[0.8986, 1.0000, 0.0000, 0.0000, 0.0000, 0.0000]])
tensor([[-0.6136,  1.0000,  0.0000,  0.0000,  0.0000,  0.0000]])
tensor([[0.1346, 1.0000, 0.0000, 0.0000, 0.0000, 0.0000]])
tensor([[0.7127, 1.0000, 0.0000, 0.0000, 0.0000, 0.0000]])
tensor([[-0.5196,  1.0000,  0.0000,  0.0000,  0.0000,  0.0000]])
tensor([[-0.0232,  1.0000,  0.0000,  0.0000,  0.0000,  0.0000]])
tensor([[-0.3206,  1.0000,  0.0000,  0.0000,  0.0000,  0.0000]])
tensor([[-0.3680,  1.0000,  0.0000,  0.0000,  0.0000,  0.0000]])
tensor([[0.7061, 1.0000, 0.0000, 0.0000, 0.0000, 0.0000]])
tensor([[-0.2697,  1.0000,  0.0000,  0.0000,  0.0000,  0.0000]])
tensor([[0.9144, 1.0000, 0.0000, 0.0000, 0.0000, 0.0000]])
tensor([[0.1194, 1.0000, 0.0000, 0.0000, 0.0000, 0.0000]])
tensor([[-0.8455,  1.0000,  1.0000,  0.0000,  0.0000,  0.0000]])
tensor([[-0.2585,  1.0000,  0.0000,  0.0000,  0.0000,  0.0000]])
tensor([[0.4185, 1.0000, 0.0000, 0.0000, 0.0000, 0.0000]])
tensor([[-0.2079,  1.0000,  0.0000,  0.0000,  0.0000,  0.0000]])
tensor([[0.1443, 1.0000, 0.0000, 0.0000, 0.0000, 0.0000]])
tensor([[-0.0884,  1.0000,  0.0000,  0.0000,  0.0000,  0.0000]])
tensor([[0.4287, 1.0000, 0.0000, 0.0000, 0.0000, 0.0000]])
INFO:root:Agent 0 (TQCars): avg action time = 0.0010s
tensor([[0.2947, 1.0000, 0.0000, 0.0000, 0.0000, 0.0000]])
tensor([[-0.6625,  1.0000,  0.0000,  0.0000,  0.0000,  0.0000]])
tensor([[-0.8267,  1.0000,  0.0000,  0.0000,  0.0000,  0.0000]])
tensor([[0.4503, 1.0000, 0.0000, 0.0000, 0.0000, 0.0000]])
tensor([[0.4305, 1.0000, 0.0000, 0.0000, 0.0000, 0.0000]])
tensor([[0.6449, 1.0000, 0.0000, 0.0000, 0.0000, 0.0000]])
tensor([[-0.8573,  1.0000,  0.0000,  0.0000,  0.0000,  0.0000]])
tensor([[0.0816, 1.0000, 0.0000, 0.0000, 0.0000, 0.0000]])
tensor([[0.3044, 1.0000, 0.0000, 0.0000, 0.0000, 0.0000]])
tensor([[0.3082, 1.0000, 0.0000, 0.0000, 0.0000, 0.0000]])
tensor([[-0.8314,  1.0000,  0.0000,  0.0000,  0.0000,  0.0000]])
tensor([[0.3098, 1.0000, 0.0000, 0.0000, 0.0000, 0.0000]])
tensor([[-0.5326,  1.0000,  0.0000,  0.0000,  0.0000,  0.0000]])
tensor([[0.5230, 1.0000, 0.0000, 0.0000, 0.0000, 0.0000]])
tensor([[-0.5736,  1.0000,  0.0000,  0.0000,  0.0000,  0.0000]])
tensor([[-0.8796,  0.0000,  0.0000,  0.0000,  0.0000,  0.0000]])
tensor([[-0.6098,  1.0000,  0.0000,  0.0000,  0.0000,  0.0000]])
tensor([[0.7330, 1.0000, 0.0000, 0.0000, 0.0000, 0.0000]])
tensor([[-0.2298,  1.0000,  0.0000,  0.0000,  0.0000,  0.0000]])
tensor([[0.0851, 1.0000, 0.0000, 0.0000, 0.0000, 0.0000]])
tensor([[0.4625, 1.0000, 0.0000, 0.0000, 0.0000, 0.0000]])
tensor([[0.8155, 1.0000, 0.0000, 0.0000, 0.0000, 0.0000]])
tensor([[0.6292, 1.0000, 0.0000, 0.0000, 0.0000, 0.0000]])
tensor([[0.4532, 1.0000, 0.0000, 0.0000, 0.0000, 0.0000]])
tensor([[0.8902, 1.0000, 0.0000, 0.0000, 0.0000, 0.0000]])
tensor([[-0.4541,  1.0000,  0.0000,  0.0000,  0.0000,  0.0000]])
tensor([[0.6197, 1.0000, 0.0000, 0.0000, 0.0000, 0.0000]])
tensor([[0.7812, 1.0000, 0.0000, 0.0000, 0.0000, 0.0000]])
tensor([[0.7573, 1.0000, 0.0000, 0.0000, 0.0000, 0.0000]])
tensor([[0.9636, 1.0000, 0.0000, 0.0000, 0.0000, 0.0000]])
tensor([[0.8201, 1.0000, 0.0000, 0.0000, 0.0000, 0.0000]])
tensor([[0.8214, 1.0000, 0.0000, 0.0000, 0.0000, 0.0000]])
tensor([[0.6720, 1.0000, 0.0000, 0.0000, 0.0000, 0.0000]])
tensor([[-0.4762,  1.0000,  0.0000,  0.0000,  0.0000,  0.0000]])
tensor([[0.8146, 1.0000, 0.0000, 0.0000, 0.0000, 0.0000]])
tensor([[-0.0617,  1.0000,  0.0000,  0.0000,  0.0000,  0.0000]])
tensor([[0.0512, 1.0000, 0.0000, 0.0000, 0.0000, 0.0000]])
tensor([[0.3017, 1.0000, 0.0000, 0.0000, 0.0000, 0.0000]])
tensor([[0.5674, 1.0000, 0.0000, 0.0000, 0.0000, 0.0000]])
tensor([[-0.7488,  1.0000,  0.0000,  0.0000,  0.0000,  0.0000]])
tensor([[-0.6807,  1.0000,  0.0000,  0.0000,  0.0000,  0.0000]])
tensor([[-0.3658,  1.0000,  0.0000,  0.0000,  0.0000,  0.0000]])
tensor([[0.6086, 1.0000, 0.0000, 0.0000, 0.0000, 0.0000]])
tensor([[0.2941, 1.0000, 0.0000, 0.0000, 0.0000, 0.0000]])
tensor([[-0.2324,  1.0000,  0.0000,  0.0000,  0.0000,  0.0000]])
tensor([[0.0956, 1.0000, 0.0000, 0.0000, 0.0000, 0.0000]])
tensor([[-0.2046,  1.0000,  0.0000,  0.0000,  0.0000,  0.0000]])
tensor([[-0.4037,  1.0000,  0.0000,  0.0000,  0.0000,  0.0000]])
tensor([[0.5611, 1.0000, 0.0000, 0.0000, 0.0000, 0.0000]])
tensor([[-0.6121,  1.0000,  0.0000,  0.0000,  0.0000,  0.0000]])
tensor([[0.6704, 1.0000, 0.0000, 0.0000, 0.0000, 0.0000]])
tensor([[0.1977, 1.0000, 0.0000, 0.0000, 0.0000, 0.0000]])
tensor([[0.4285, 1.0000, 0.0000, 0.0000, 0.0000, 0.0000]])
tensor([[-0.7237,  1.0000,  0.0000,  0.0000,  0.0000,  0.0000]])
tensor([[-0.1203,  1.0000,  0.0000,  0.0000,  0.0000,  0.0000]])
tensor([[-0.8141,  1.0000,  0.0000,  0.0000,  0.0000,  0.0000]])
tensor([[0.8348, 0.0000, 0.0000, 0.0000, 0.0000, 0.0000]])
tensor([[-0.3000,  1.0000,  0.0000,  0.0000,  0.0000,  0.0000]])
tensor([[0.2822, 1.0000, 0.0000, 0.0000, 0.0000, 0.0000]])
tensor([[0.8845, 1.0000, 0.0000, 0.0000, 0.0000, 0.0000]])
tensor([[-0.8268,  1.0000,  0.0000,  0.0000,  0.0000,  0.0000]])
tensor([[-0.7493,  1.0000,  0.0000,  0.0000,  0.0000,  0.0000]])
tensor([[-0.2112,  1.0000,  0.0000,  0.0000,  0.0000,  0.0000]])
tensor([[0.8741, 1.0000, 0.0000, 0.0000, 0.0000, 0.0000]])
tensor([[-0.3485,  1.0000,  0.0000,  0.0000,  0.0000,  0.0000]])
tensor([[0.6045, 1.0000, 0.0000, 0.0000, 0.0000, 0.0000]])
tensor([[0.1485, 1.0000, 0.0000, 0.0000, 0.0000, 0.0000]])
tensor([[0.7903, 1.0000, 0.0000, 0.0000, 0.0000, 0.0000]])
tensor([[-0.8848,  1.0000,  0.0000,  0.0000,  0.0000,  0.0000]])
tensor([[-0.8233,  1.0000,  0.0000,  0.0000,  0.0000,  0.0000]])
tensor([[-0.9783,  1.0000,  0.0000,  0.0000,  0.0000,  0.0000]])
tensor([[-0.9653,  1.0000,  0.0000,  0.0000,  0.0000,  0.0000]])
tensor([[-0.9660,  1.0000,  0.0000,  0.0000,  0.0000,  0.0000]])
tensor([[-0.9600,  1.0000,  0.0000,  0.0000,  0.0000,  0.0000]])
tensor([[-0.9329,  1.0000,  0.0000,  0.0000,  0.0000,  0.0000]])
tensor([[-0.9129,  1.0000,  0.0000,  0.0000,  0.0000,  0.0000]])
tensor([[-0.6379,  1.0000,  0.0000,  0.0000,  0.0000,  0.0000]])
tensor([[-0.9450,  1.0000,  0.0000,  0.0000,  0.0000,  0.0000]])
tensor([[7.4422e-04, 1.0000e+00, 0.0000e+00, 0.0000e+00, 0.0000e+00, 0.0000e+00]])
tensor([[-0.5621,  1.0000,  0.0000,  0.0000,  0.0000,  0.0000]])
tensor([[-0.9604,  1.0000,  0.0000,  0.0000,  0.0000,  0.0000]])
tensor([[-0.0088,  1.0000,  0.0000,  0.0000,  0.0000,  0.0000]])
tensor([[0.9256, 1.0000, 0.0000, 0.0000, 0.0000, 0.0000]])
tensor([[-0.9576,  1.0000,  0.0000,  0.0000,  0.0000,  0.0000]])
tensor([[-0.6906,  1.0000,  0.0000,  0.0000,  0.0000,  0.0000]])
tensor([[0.1959, 1.0000, 0.0000, 0.0000, 0.0000, 0.0000]])
tensor([[0.7045, 1.0000, 0.0000, 0.0000, 0.0000, 0.0000]])
tensor([[0.5435, 1.0000, 0.0000, 0.0000, 0.0000, 0.0000]])
tensor([[0.4027, 1.0000, 0.0000, 0.0000, 0.0000, 0.0000]])
tensor([[-0.1147,  1.0000,  0.0000,  0.0000,  0.0000,  0.0000]])
tensor([[0.1047, 1.0000, 0.0000, 0.0000, 0.0000, 0.0000]])
tensor([[-0.3456,  1.0000,  0.0000,  0.0000,  0.0000,  0.0000]])
tensor([[-0.7691,  1.0000,  0.0000,  0.0000,  0.0000,  0.0000]])
tensor([[0.9497, 1.0000, 0.0000, 0.0000, 0.0000, 0.0000]])
tensor([[0.1465, 1.0000, 0.0000, 0.0000, 0.0000, 0.0000]])
tensor([[-0.0704,  1.0000,  0.0000,  0.0000,  0.0000,  0.0000]])
tensor([[0.7318, 1.0000, 0.0000, 0.0000, 0.0000, 0.0000]])
tensor([[-0.4869,  1.0000,  0.0000,  0.0000,  0.0000,  0.0000]])
tensor([[-0.7908,  1.0000,  0.0000,  0.0000,  0.0000,  0.0000]])
tensor([[0.0858, 1.0000, 0.0000, 0.0000, 0.0000, 0.0000]])
tensor([[0.5631, 1.0000, 0.0000, 0.0000, 0.0000, 0.0000]])
tensor([[0.2570, 1.0000, 0.0000, 0.0000, 0.0000, 0.0000]])
tensor([[-0.7335,  1.0000,  0.0000,  0.0000,  0.0000,  0.0000]])
tensor([[0.4891, 1.0000, 0.0000, 0.0000, 0.0000, 0.0000]])
tensor([[-0.8137,  1.0000,  0.0000,  0.0000,  0.0000,  0.0000]])
tensor([[-0.7580,  1.0000,  0.0000,  0.0000,  0.0000,  0.0000]])
{"type": "results", "track": "candela_city", "results": [{"key": 0, "reward": 12.57843017578125, "position": 3, "name": "TQCars", "avg_action_time": 0.0009507274381935005}]}
