INFO:root:Loading the agents
INFO:root:Loaded player TQCars
INFO:root:Creating pystk-1
INFO:root:Adding wrapper <function get_wrappers.<locals>.<lambda> at 0x7b8e560ff420>
INFO:root:Adding wrapper <function get_wrappers.<locals>.<lambda> at 0x7b8e560ff4c0>
INFO:root:Adding wrapper <function get_wrappers.<locals>.<lambda> at 0x7b8e560ff560>
INFO:root:Adding wrapper <function get_wrappers.<locals>.<lambda> at 0x7b8e560ff600>
INFO:root:(multi-env mono adapter) Setting main environment max_paths to 5
INFO:root:Loading trained model from CHECKPOINT-GPUFAC/tqc_EXP12_2300000.pt...
INFO:root:Starting a race
tensor([[0.5090, 1.0000, 0.0000, 1.0000, 0.0000, 0.0000]])
tensor([[0.2597, 0.0000, 0.0000, 0.0000, 0.0000, 1.0000]])
tensor([[0.4727, 0.0000, 0.0000, 0.0000, 0.0000, 0.0000]])
tensor([[0.4321, 0.0000, 1.0000, 1.0000, 0.0000, 0.0000]])
tensor([[0.6747, 0.0000, 1.0000, 1.0000, 0.0000, 0.0000]])
tensor([[0.6246, 1.0000, 1.0000, 1.0000, 0.0000, 0.0000]])
tensor([[0.5539, 1.0000, 1.0000, 0.0000, 0.0000, 0.0000]])
tensor([[0.5113, 1.0000, 1.0000, 1.0000, 0.0000, 1.0000]])
tensor([[0.1352, 0.0000, 0.0000, 1.0000, 1.0000, 1.0000]])
tensor([[0.2892, 1.0000, 0.0000, 1.0000, 1.0000, 1.0000]])
tensor([[0.4277, 1.0000, 1.0000, 1.0000, 0.0000, 0.0000]])
tensor([[0.4050, 0.0000, 1.0000, 0.0000, 0.0000, 0.0000]])
tensor([[0.4703, 0.0000, 1.0000, 1.0000, 0.0000, 0.0000]])
tensor([[0.6418, 1.0000, 0.0000, 1.0000, 0.0000, 0.0000]])
tensor([[0.3835, 1.0000, 0.0000, 0.0000, 1.0000, 0.0000]])
tensor([[0.2079, 1.0000, 0.0000, 1.0000, 0.0000, 0.0000]])
tensor([[0.4042, 1.0000, 0.0000, 1.0000, 0.0000, 1.0000]])
tensor([[0.4754, 1.0000, 1.0000, 1.0000, 1.0000, 0.0000]])
tensor([[0.3309, 1.0000, 1.0000, 1.0000, 1.0000, 0.0000]])
tensor([[0.3324, 0.0000, 0.0000, 1.0000, 0.0000, 0.0000]])
tensor([[0.3554, 0.0000, 1.0000, 1.0000, 0.0000, 0.0000]])
tensor([[0.9537, 0.0000, 0.0000, 1.0000, 0.0000, 0.0000]])
tensor([[-0.1267,  0.0000,  0.0000,  1.0000,  1.0000,  0.0000]])
tensor([[0.4192, 1.0000, 0.0000, 0.0000, 0.0000, 1.0000]])
tensor([[-0.5359,  0.0000,  0.0000,  0.0000,  0.0000,  0.0000]])
tensor([[0.2933, 0.0000, 0.0000, 1.0000, 0.0000, 0.0000]])
tensor([[0.6188, 1.0000, 0.0000, 1.0000, 0.0000, 0.0000]])
tensor([[-0.2466,  0.0000,  1.0000,  1.0000,  0.0000,  1.0000]])
tensor([[0.7861, 0.0000, 0.0000, 1.0000, 0.0000, 0.0000]])
tensor([[0.4098, 1.0000, 1.0000, 1.0000, 0.0000, 0.0000]])
tensor([[-0.0302,  0.0000,  1.0000,  1.0000,  0.0000,  1.0000]])
tensor([[0.7934, 1.0000, 1.0000, 1.0000, 1.0000, 1.0000]])
tensor([[0.0024, 0.0000, 0.0000, 1.0000, 0.0000, 1.0000]])
tensor([[0.6477, 0.0000, 0.0000, 1.0000, 0.0000, 0.0000]])
tensor([[0.5608, 0.0000, 0.0000, 1.0000, 1.0000, 1.0000]])
tensor([[0.6303, 0.0000, 1.0000, 1.0000, 0.0000, 1.0000]])
tensor([[0.8601, 1.0000, 0.0000, 1.0000, 0.0000, 1.0000]])
tensor([[0.1991, 1.0000, 0.0000, 1.0000, 1.0000, 0.0000]])
tensor([[-0.1305,  1.0000,  0.0000,  0.0000,  0.0000,  0.0000]])
tensor([[0.3976, 0.0000, 0.0000, 1.0000, 0.0000, 0.0000]])
tensor([[0.2334, 1.0000, 1.0000, 0.0000, 1.0000, 0.0000]])
tensor([[-0.1082,  1.0000,  0.0000,  1.0000,  1.0000,  0.0000]])
tensor([[-0.0616,  0.0000,  1.0000,  1.0000,  1.0000,  1.0000]])
tensor([[-0.0488,  1.0000,  1.0000,  1.0000,  0.0000,  1.0000]])
tensor([[-0.4396,  0.0000,  1.0000,  1.0000,  0.0000,  0.0000]])
tensor([[0.6052, 1.0000, 1.0000, 1.0000, 0.0000, 1.0000]])
tensor([[-0.2251,  1.0000,  0.0000,  1.0000,  0.0000,  1.0000]])
tensor([[-0.4753,  1.0000,  0.0000,  1.0000,  0.0000,  0.0000]])
tensor([[0.6163, 0.0000, 0.0000, 1.0000, 0.0000, 0.0000]])
tensor([[0.2645, 1.0000, 1.0000, 1.0000, 0.0000, 0.0000]])
tensor([[-0.1967,  1.0000,  0.0000,  0.0000,  1.0000,  1.0000]])
tensor([[-0.5026,  1.0000,  0.0000,  0.0000,  0.0000,  1.0000]])
tensor([[0.8584, 1.0000, 1.0000, 0.0000, 0.0000, 1.0000]])
tensor([[0.9234, 0.0000, 1.0000, 0.0000, 0.0000, 0.0000]])
tensor([[-0.7443,  0.0000,  0.0000,  1.0000,  0.0000,  0.0000]])
tensor([[0.5891, 0.0000, 0.0000, 1.0000, 0.0000, 0.0000]])
tensor([[0.5666, 1.0000, 1.0000, 1.0000, 0.0000, 1.0000]])
tensor([[-0.5339,  1.0000,  0.0000,  1.0000,  1.0000,  0.0000]])
tensor([[-0.8909,  0.0000,  0.0000,  1.0000,  0.0000,  0.0000]])
tensor([[0.2447, 0.0000, 0.0000, 1.0000, 1.0000, 1.0000]])
tensor([[0.1787, 1.0000, 1.0000, 1.0000, 0.0000, 1.0000]])
tensor([[-0.7967,  0.0000,  1.0000,  1.0000,  1.0000,  0.0000]])
tensor([[0.5898, 1.0000, 1.0000, 1.0000, 0.0000, 0.0000]])
tensor([[-0.7964,  0.0000,  0.0000,  1.0000,  0.0000,  0.0000]])
tensor([[-0.3618,  1.0000,  0.0000,  0.0000,  0.0000,  1.0000]])
tensor([[-0.8701,  0.0000,  0.0000,  1.0000,  0.0000,  1.0000]])
tensor([[0.0633, 1.0000, 1.0000, 1.0000, 0.0000, 1.0000]])
tensor([[-0.8589,  1.0000,  0.0000,  0.0000,  1.0000,  1.0000]])
tensor([[-0.7269,  1.0000,  0.0000,  0.0000,  0.0000,  0.0000]])
tensor([[0.6827, 1.0000, 0.0000, 1.0000, 0.0000, 0.0000]])
tensor([[0.7987, 1.0000, 0.0000, 1.0000, 0.0000, 0.0000]])
tensor([[0.8518, 1.0000, 1.0000, 0.0000, 0.0000, 1.0000]])
tensor([[0.4681, 0.0000, 0.0000, 0.0000, 0.0000, 0.0000]])
tensor([[0.2211, 0.0000, 0.0000, 1.0000, 0.0000, 0.0000]])
tensor([[-0.1781,  1.0000,  0.0000,  0.0000,  0.0000,  1.0000]])
tensor([[-0.0610,  1.0000,  0.0000,  1.0000,  0.0000,  0.0000]])
tensor([[-0.0118,  0.0000,  1.0000,  1.0000,  0.0000,  1.0000]])
tensor([[-0.1629,  0.0000,  0.0000,  1.0000,  0.0000,  0.0000]])
tensor([[-0.2865,  0.0000,  0.0000,  0.0000,  0.0000,  0.0000]])
tensor([[-0.6278,  0.0000,  1.0000,  1.0000,  0.0000,  1.0000]])
tensor([[-0.9167,  1.0000,  1.0000,  1.0000,  1.0000,  1.0000]])
tensor([[-0.5064,  0.0000,  1.0000,  0.0000,  0.0000,  0.0000]])
tensor([[-0.6361,  0.0000,  1.0000,  1.0000,  1.0000,  1.0000]])
tensor([[-0.3987,  0.0000,  1.0000,  0.0000,  0.0000,  1.0000]])
tensor([[0.8382, 1.0000, 1.0000, 1.0000, 0.0000, 0.0000]])
tensor([[-0.6551,  1.0000,  0.0000,  1.0000,  0.0000,  0.0000]])
tensor([[-0.8990,  0.0000,  1.0000,  1.0000,  0.0000,  0.0000]])
tensor([[-0.0113,  0.0000,  1.0000,  1.0000,  0.0000,  1.0000]])
tensor([[0.7956, 1.0000, 1.0000, 1.0000, 0.0000, 1.0000]])
tensor([[-0.7195,  0.0000,  1.0000,  1.0000,  1.0000,  1.0000]])
tensor([[0.7007, 1.0000, 0.0000, 1.0000, 0.0000, 1.0000]])
tensor([[-0.6248,  0.0000,  0.0000,  0.0000,  0.0000,  0.0000]])
tensor([[-0.2719,  1.0000,  1.0000,  1.0000,  0.0000,  1.0000]])
tensor([[-0.7035,  1.0000,  0.0000,  1.0000,  1.0000,  1.0000]])
tensor([[-0.7649,  0.0000,  0.0000,  1.0000,  0.0000,  1.0000]])
tensor([[-0.2287,  1.0000,  1.0000,  1.0000,  0.0000,  1.0000]])
tensor([[-0.5842,  1.0000,  1.0000,  1.0000,  0.0000,  0.0000]])
tensor([[-0.3689,  1.0000,  0.0000,  0.0000,  0.0000,  1.0000]])
tensor([[0.3313, 0.0000, 1.0000, 0.0000, 0.0000, 0.0000]])
tensor([[-0.2879,  1.0000,  0.0000,  1.0000,  0.0000,  1.0000]])
tensor([[-0.4974,  1.0000,  1.0000,  1.0000,  0.0000,  1.0000]])
tensor([[0.4428, 0.0000, 0.0000, 0.0000, 1.0000, 0.0000]])
tensor([[0.0831, 1.0000, 1.0000, 0.0000, 1.0000, 0.0000]])
tensor([[-0.4805,  1.0000,  0.0000,  0.0000,  1.0000,  1.0000]])
tensor([[-0.0952,  0.0000,  1.0000,  1.0000,  0.0000,  0.0000]])
tensor([[0.0141, 1.0000, 1.0000, 1.0000, 0.0000, 1.0000]])
tensor([[-0.4601,  0.0000,  0.0000,  1.0000,  0.0000,  0.0000]])
tensor([[0.2638, 0.0000, 1.0000, 1.0000, 0.0000, 0.0000]])
tensor([[0.8417, 1.0000, 0.0000, 1.0000, 0.0000, 0.0000]])
tensor([[-0.4875,  1.0000,  0.0000,  1.0000,  0.0000,  1.0000]])
tensor([[-0.1331,  1.0000,  1.0000,  0.0000,  0.0000,  0.0000]])
tensor([[0.1081, 1.0000, 0.0000, 1.0000, 0.0000, 0.0000]])
tensor([[0.8366, 0.0000, 1.0000, 1.0000, 0.0000, 1.0000]])
tensor([[-0.7283,  1.0000,  0.0000,  1.0000,  0.0000,  1.0000]])
tensor([[-0.2547,  1.0000,  0.0000,  1.0000,  0.0000,  1.0000]])
tensor([[0.8076, 1.0000, 1.0000, 0.0000, 1.0000, 0.0000]])
tensor([[0.9295, 1.0000, 0.0000, 1.0000, 0.0000, 0.0000]])
tensor([[0.9180, 1.0000, 0.0000, 1.0000, 1.0000, 0.0000]])
tensor([[-0.9435,  1.0000,  0.0000,  1.0000,  1.0000,  0.0000]])
tensor([[-0.9468,  0.0000,  0.0000,  1.0000,  1.0000,  0.0000]])
tensor([[-0.6608,  1.0000,  0.0000,  0.0000,  0.0000,  0.0000]])
tensor([[-0.3803,  0.0000,  0.0000,  1.0000,  0.0000,  1.0000]])
tensor([[-0.2836,  0.0000,  0.0000,  1.0000,  0.0000,  0.0000]])
tensor([[0.1870, 1.0000, 0.0000, 0.0000, 1.0000, 0.0000]])
tensor([[-0.5510,  1.0000,  0.0000,  1.0000,  0.0000,  0.0000]])
tensor([[-0.6841,  1.0000,  1.0000,  0.0000,  1.0000,  0.0000]])
tensor([[-1.0000,  1.0000,  0.0000,  0.0000,  0.0000,  0.0000]])
tensor([[-0.9995,  0.0000,  1.0000,  0.0000,  0.0000,  0.0000]])
tensor([[-0.9962,  1.0000,  0.0000,  0.0000,  1.0000,  1.0000]])
tensor([[-0.9837,  1.0000,  0.0000,  1.0000,  0.0000,  0.0000]])
tensor([[-0.9059,  1.0000,  0.0000,  0.0000,  0.0000,  0.0000]])
tensor([[-0.9936,  0.0000,  0.0000,  0.0000,  0.0000,  0.0000]])
tensor([[-0.8821,  1.0000,  0.0000,  0.0000,  1.0000,  0.0000]])
tensor([[-0.6210,  1.0000,  0.0000,  0.0000,  1.0000,  1.0000]])
tensor([[-0.3136,  1.0000,  0.0000,  1.0000,  0.0000,  1.0000]])
tensor([[0.1916, 1.0000, 0.0000, 0.0000, 0.0000, 1.0000]])
tensor([[0.6420, 0.0000, 1.0000, 0.0000, 0.0000, 0.0000]])
tensor([[-0.9611,  0.0000,  1.0000,  0.0000,  0.0000,  1.0000]])
tensor([[-0.3700,  1.0000,  0.0000,  0.0000,  0.0000,  1.0000]])
tensor([[-0.1952,  0.0000,  0.0000,  0.0000,  0.0000,  0.0000]])
tensor([[-0.0836,  0.0000,  0.0000,  1.0000,  0.0000,  0.0000]])
tensor([[0.2786, 0.0000, 0.0000, 1.0000, 0.0000, 0.0000]])
tensor([[0.6329, 1.0000, 1.0000, 1.0000, 0.0000, 0.0000]])
tensor([[0.8052, 1.0000, 0.0000, 1.0000, 1.0000, 1.0000]])
tensor([[0.8231, 1.0000, 1.0000, 1.0000, 1.0000, 1.0000]])
tensor([[0.6200, 1.0000, 0.0000, 1.0000, 1.0000, 0.0000]])
tensor([[0.4932, 1.0000, 0.0000, 1.0000, 1.0000, 1.0000]])
tensor([[0.6906, 1.0000, 1.0000, 1.0000, 1.0000, 1.0000]])
tensor([[0.9205, 1.0000, 0.0000, 0.0000, 0.0000, 1.0000]])
tensor([[0.6905, 1.0000, 0.0000, 1.0000, 0.0000, 0.0000]])
tensor([[0.7358, 0.0000, 0.0000, 0.0000, 1.0000, 0.0000]])
tensor([[0.1281, 0.0000, 0.0000, 1.0000, 0.0000, 0.0000]])
tensor([[0.4038, 0.0000, 0.0000, 1.0000, 1.0000, 0.0000]])
tensor([[0.4050, 0.0000, 0.0000, 0.0000, 0.0000, 1.0000]])
tensor([[0.7747, 1.0000, 0.0000, 1.0000, 0.0000, 0.0000]])
tensor([[0.6316, 1.0000, 0.0000, 1.0000, 0.0000, 0.0000]])
tensor([[-0.3855,  1.0000,  1.0000,  0.0000,  0.0000,  0.0000]])
tensor([[-0.9476,  0.0000,  0.0000,  1.0000,  0.0000,  0.0000]])
tensor([[-0.6833,  1.0000,  0.0000,  1.0000,  1.0000,  0.0000]])
tensor([[0.3424, 0.0000, 0.0000, 1.0000, 1.0000, 0.0000]])
tensor([[0.2418, 0.0000, 1.0000, 1.0000, 0.0000, 0.0000]])
tensor([[0.9356, 0.0000, 0.0000, 1.0000, 0.0000, 1.0000]])
tensor([[0.2982, 0.0000, 0.0000, 0.0000, 0.0000, 1.0000]])
tensor([[-0.7568,  1.0000,  0.0000,  0.0000,  0.0000,  0.0000]])
tensor([[-0.7515,  0.0000,  0.0000,  0.0000,  0.0000,  0.0000]])
tensor([[-0.9860,  1.0000,  1.0000,  0.0000,  0.0000,  1.0000]])
tensor([[-0.4983,  0.0000,  0.0000,  1.0000,  0.0000,  1.0000]])
tensor([[1.0000, 0.0000, 1.0000, 1.0000, 1.0000, 0.0000]])
tensor([[0.9984, 1.0000, 1.0000, 1.0000, 0.0000, 0.0000]])
tensor([[0.9999, 1.0000, 0.0000, 1.0000, 0.0000, 0.0000]])
tensor([[0.9988, 1.0000, 0.0000, 1.0000, 1.0000, 1.0000]])
tensor([[0.9989, 0.0000, 0.0000, 1.0000, 0.0000, 0.0000]])
tensor([[0.9995, 1.0000, 0.0000, 0.0000, 0.0000, 1.0000]])
tensor([[0.9998, 0.0000, 0.0000, 1.0000, 0.0000, 0.0000]])
tensor([[0.9997, 1.0000, 0.0000, 0.0000, 1.0000, 1.0000]])
tensor([[0.9989, 0.0000, 0.0000, 1.0000, 0.0000, 1.0000]])
tensor([[0.9899, 0.0000, 1.0000, 1.0000, 0.0000, 0.0000]])
tensor([[-0.2266,  0.0000,  1.0000,  0.0000,  0.0000,  1.0000]])
tensor([[0.9213, 0.0000, 1.0000, 1.0000, 0.0000, 0.0000]])
tensor([[0.3794, 0.0000, 0.0000, 0.0000, 0.0000, 0.0000]])
tensor([[-0.2234,  1.0000,  0.0000,  0.0000,  0.0000,  1.0000]])
tensor([[-0.6531,  0.0000,  0.0000,  1.0000,  0.0000,  0.0000]])
tensor([[0.4894, 1.0000, 1.0000, 1.0000, 0.0000, 1.0000]])
tensor([[0.9010, 0.0000, 0.0000, 1.0000, 1.0000, 0.0000]])
tensor([[0.7563, 0.0000, 1.0000, 1.0000, 0.0000, 0.0000]])
tensor([[0.1021, 0.0000, 0.0000, 0.0000, 0.0000, 1.0000]])
tensor([[0.5201, 1.0000, 1.0000, 1.0000, 0.0000, 1.0000]])
tensor([[0.8133, 0.0000, 0.0000, 0.0000, 0.0000, 1.0000]])
tensor([[0.6986, 0.0000, 1.0000, 1.0000, 0.0000, 1.0000]])
tensor([[0.0967, 1.0000, 0.0000, 1.0000, 0.0000, 0.0000]])
tensor([[0.1675, 0.0000, 1.0000, 1.0000, 0.0000, 1.0000]])
tensor([[-0.3997,  1.0000,  0.0000,  1.0000,  0.0000,  1.0000]])
tensor([[0.1394, 0.0000, 1.0000, 0.0000, 0.0000, 0.0000]])
tensor([[-0.3276,  0.0000,  1.0000,  1.0000,  0.0000,  1.0000]])
tensor([[-0.5766,  1.0000,  1.0000,  1.0000,  0.0000,  0.0000]])
tensor([[0.7527, 0.0000, 1.0000, 1.0000, 1.0000, 0.0000]])
tensor([[0.3405, 1.0000, 0.0000, 1.0000, 1.0000, 1.0000]])
tensor([[0.7977, 0.0000, 1.0000, 1.0000, 1.0000, 1.0000]])
tensor([[0.3864, 1.0000, 1.0000, 1.0000, 0.0000, 1.0000]])
tensor([[0.8879, 0.0000, 1.0000, 0.0000, 0.0000, 0.0000]])
tensor([[-0.0551,  1.0000,  0.0000,  0.0000,  0.0000,  0.0000]])
tensor([[0.8336, 1.0000, 0.0000, 0.0000, 0.0000, 0.0000]])
tensor([[0.9625, 1.0000, 1.0000, 0.0000, 1.0000, 1.0000]])
tensor([[0.9987, 1.0000, 0.0000, 0.0000, 0.0000, 1.0000]])
tensor([[0.9995, 0.0000, 0.0000, 0.0000, 1.0000, 0.0000]])
tensor([[0.9957, 0.0000, 0.0000, 1.0000, 1.0000, 1.0000]])
tensor([[0.9664, 1.0000, 1.0000, 0.0000, 1.0000, 1.0000]])
tensor([[0.9940, 1.0000, 1.0000, 0.0000, 0.0000, 1.0000]])
tensor([[0.9987, 0.0000, 0.0000, 1.0000, 0.0000, 1.0000]])
tensor([[0.9932, 0.0000, 0.0000, 0.0000, 0.0000, 0.0000]])
tensor([[0.9723, 0.0000, 1.0000, 0.0000, 0.0000, 1.0000]])
tensor([[0.9369, 0.0000, 1.0000, 1.0000, 1.0000, 0.0000]])
tensor([[0.8778, 0.0000, 1.0000, 1.0000, 0.0000, 0.0000]])
tensor([[0.0604, 0.0000, 0.0000, 1.0000, 1.0000, 0.0000]])
tensor([[-0.5411,  1.0000,  0.0000,  0.0000,  1.0000,  0.0000]])
tensor([[0.5190, 1.0000, 0.0000, 1.0000, 1.0000, 1.0000]])
tensor([[0.9169, 0.0000, 0.0000, 1.0000, 0.0000, 0.0000]])
tensor([[0.4642, 1.0000, 0.0000, 1.0000, 1.0000, 0.0000]])
tensor([[0.9111, 0.0000, 0.0000, 0.0000, 1.0000, 1.0000]])
tensor([[0.5459, 1.0000, 1.0000, 1.0000, 0.0000, 1.0000]])
tensor([[0.9561, 1.0000, 1.0000, 1.0000, 1.0000, 0.0000]])
tensor([[0.9956, 1.0000, 1.0000, 1.0000, 0.0000, 0.0000]])
tensor([[0.9980, 0.0000, 0.0000, 1.0000, 0.0000, 1.0000]])
tensor([[0.9333, 0.0000, 0.0000, 1.0000, 0.0000, 1.0000]])
tensor([[0.8892, 1.0000, 1.0000, 0.0000, 1.0000, 0.0000]])
tensor([[0.9287, 1.0000, 0.0000, 1.0000, 0.0000, 0.0000]])
tensor([[0.9750, 1.0000, 1.0000, 1.0000, 1.0000, 0.0000]])
tensor([[0.9991, 1.0000, 1.0000, 1.0000, 0.0000, 0.0000]])
tensor([[0.9994, 0.0000, 1.0000, 0.0000, 1.0000, 1.0000]])
tensor([[0.9866, 0.0000, 1.0000, 1.0000, 1.0000, 0.0000]])
tensor([[0.6203, 0.0000, 0.0000, 1.0000, 0.0000, 1.0000]])
tensor([[0.5491, 1.0000, 0.0000, 0.0000, 0.0000, 0.0000]])
tensor([[0.8351, 0.0000, 1.0000, 0.0000, 0.0000, 0.0000]])
tensor([[0.8377, 0.0000, 0.0000, 1.0000, 0.0000, 1.0000]])
tensor([[0.9016, 1.0000, 1.0000, 1.0000, 0.0000, 1.0000]])
tensor([[0.9520, 1.0000, 0.0000, 0.0000, 0.0000, 0.0000]])
tensor([[0.9385, 1.0000, 1.0000, 1.0000, 0.0000, 0.0000]])
tensor([[0.9787, 0.0000, 1.0000, 1.0000, 1.0000, 0.0000]])
tensor([[0.1946, 1.0000, 0.0000, 1.0000, 1.0000, 1.0000]])
tensor([[0.4630, 1.0000, 1.0000, 1.0000, 0.0000, 0.0000]])
tensor([[0.9711, 1.0000, 0.0000, 1.0000, 0.0000, 0.0000]])
tensor([[0.9789, 0.0000, 0.0000, 0.0000, 1.0000, 1.0000]])
tensor([[-0.8480,  1.0000,  0.0000,  1.0000,  0.0000,  1.0000]])
tensor([[-0.4515,  0.0000,  1.0000,  1.0000,  0.0000,  0.0000]])
tensor([[-0.1615,  1.0000,  1.0000,  1.0000,  1.0000,  0.0000]])
tensor([[-0.4456,  1.0000,  0.0000,  1.0000,  1.0000,  0.0000]])
tensor([[0.0144, 0.0000, 1.0000, 1.0000, 0.0000, 0.0000]])
tensor([[-0.5089,  1.0000,  1.0000,  1.0000,  1.0000,  1.0000]])
tensor([[-0.4912,  1.0000,  1.0000,  0.0000,  1.0000,  0.0000]])
tensor([[0.3210, 1.0000, 1.0000, 0.0000, 0.0000, 1.0000]])
tensor([[0.9618, 0.0000, 1.0000, 1.0000, 0.0000, 1.0000]])
tensor([[-0.2770,  1.0000,  0.0000,  0.0000,  0.0000,  0.0000]])
tensor([[0.3202, 0.0000, 0.0000, 1.0000, 0.0000, 1.0000]])
tensor([[-0.4810,  0.0000,  0.0000,  0.0000,  0.0000,  1.0000]])
tensor([[0.1966, 1.0000, 0.0000, 1.0000, 0.0000, 1.0000]])
tensor([[-0.5100,  1.0000,  1.0000,  1.0000,  0.0000,  1.0000]])
tensor([[0.1661, 1.0000, 1.0000, 0.0000, 0.0000, 0.0000]])
tensor([[0.9813, 0.0000, 0.0000, 1.0000, 1.0000, 0.0000]])
tensor([[-0.2239,  0.0000,  1.0000,  1.0000,  0.0000,  1.0000]])
tensor([[0.3539, 1.0000, 1.0000, 1.0000, 1.0000, 1.0000]])
tensor([[-0.2301,  0.0000,  1.0000,  1.0000,  0.0000,  0.0000]])
tensor([[0.0185, 1.0000, 0.0000, 1.0000, 1.0000, 0.0000]])
tensor([[-0.3563,  1.0000,  0.0000,  1.0000,  0.0000,  0.0000]])
tensor([[0.0303, 1.0000, 1.0000, 0.0000, 0.0000, 1.0000]])
tensor([[0.9041, 1.0000, 1.0000, 1.0000, 0.0000, 1.0000]])
tensor([[0.9681, 1.0000, 1.0000, 1.0000, 0.0000, 0.0000]])
tensor([[0.9915, 0.0000, 1.0000, 0.0000, 0.0000, 1.0000]])
tensor([[-0.5740,  0.0000,  1.0000,  1.0000,  0.0000,  1.0000]])
tensor([[-0.5434,  1.0000,  0.0000,  1.0000,  0.0000,  0.0000]])
tensor([[-0.9597,  1.0000,  1.0000,  1.0000,  0.0000,  0.0000]])
tensor([[-0.5532,  1.0000,  1.0000,  1.0000,  0.0000,  0.0000]])
tensor([[0.8929, 0.0000, 0.0000, 0.0000, 1.0000, 0.0000]])
tensor([[-0.3320,  1.0000,  1.0000,  0.0000,  0.0000,  0.0000]])
tensor([[-0.8920,  0.0000,  1.0000,  1.0000,  0.0000,  1.0000]])
tensor([[0.2625, 1.0000, 0.0000, 1.0000, 0.0000, 0.0000]])
tensor([[-0.6885,  0.0000,  0.0000,  0.0000,  0.0000,  0.0000]])
tensor([[0.1683, 1.0000, 0.0000, 1.0000, 1.0000, 1.0000]])
tensor([[-0.7677,  1.0000,  1.0000,  1.0000,  0.0000,  0.0000]])
tensor([[-0.7310,  1.0000,  0.0000,  1.0000,  0.0000,  0.0000]])
tensor([[0.7988, 0.0000, 0.0000, 0.0000, 0.0000, 1.0000]])
tensor([[-0.4040,  1.0000,  1.0000,  0.0000,  1.0000,  1.0000]])
tensor([[-0.8365,  0.0000,  1.0000,  1.0000,  1.0000,  0.0000]])
tensor([[0.3999, 1.0000, 1.0000, 0.0000, 0.0000, 0.0000]])
tensor([[-0.5175,  1.0000,  0.0000,  1.0000,  0.0000,  1.0000]])
tensor([[-0.7309,  0.0000,  1.0000,  1.0000,  1.0000,  0.0000]])
tensor([[0.0520, 1.0000, 1.0000, 1.0000, 0.0000, 0.0000]])
tensor([[-0.5181,  0.0000,  1.0000,  1.0000,  1.0000,  1.0000]])
tensor([[0.2841, 1.0000, 0.0000, 0.0000, 0.0000, 1.0000]])
tensor([[-0.3419,  1.0000,  1.0000,  1.0000,  0.0000,  1.0000]])
tensor([[-0.1415,  1.0000,  0.0000,  1.0000,  0.0000,  1.0000]])
tensor([[0.8806, 1.0000, 0.0000, 0.0000, 1.0000, 1.0000]])
tensor([[0.9815, 0.0000, 1.0000, 1.0000, 0.0000, 0.0000]])
tensor([[-0.6167,  1.0000,  1.0000,  0.0000,  0.0000,  0.0000]])
tensor([[0.0098, 1.0000, 1.0000, 1.0000, 0.0000, 0.0000]])
tensor([[0.8962, 0.0000, 0.0000, 0.0000, 0.0000, 1.0000]])
tensor([[-0.3921,  1.0000,  0.0000,  0.0000,  0.0000,  0.0000]])
tensor([[-0.7132,  1.0000,  0.0000,  1.0000,  0.0000,  1.0000]])
tensor([[-0.4673,  0.0000,  0.0000,  0.0000,  1.0000,  1.0000]])
tensor([[0.2271, 0.0000, 1.0000, 1.0000, 0.0000, 0.0000]])
tensor([[0.8629, 1.0000, 0.0000, 1.0000, 0.0000, 0.0000]])
tensor([[-0.1056,  1.0000,  1.0000,  0.0000,  0.0000,  1.0000]])
tensor([[-0.8756,  1.0000,  0.0000,  1.0000,  1.0000,  0.0000]])
tensor([[0.6442, 1.0000, 0.0000, 0.0000, 0.0000, 0.0000]])
tensor([[0.9245, 0.0000, 1.0000, 0.0000, 0.0000, 0.0000]])
tensor([[-0.4864,  0.0000,  1.0000,  1.0000,  0.0000,  0.0000]])
tensor([[0.7529, 1.0000, 0.0000, 1.0000, 1.0000, 0.0000]])
tensor([[-0.3784,  0.0000,  1.0000,  1.0000,  0.0000,  1.0000]])
tensor([[0.9422, 0.0000, 0.0000, 1.0000, 0.0000, 1.0000]])
tensor([[0.6427, 1.0000, 0.0000, 1.0000, 0.0000, 0.0000]])
tensor([[-0.3263,  0.0000,  1.0000,  0.0000,  1.0000,  0.0000]])
tensor([[0.9352, 1.0000, 0.0000, 1.0000, 0.0000, 1.0000]])
tensor([[-0.0038,  1.0000,  0.0000,  1.0000,  0.0000,  1.0000]])
tensor([[-0.4865,  1.0000,  0.0000,  0.0000,  0.0000,  1.0000]])
tensor([[-0.6154,  1.0000,  0.0000,  0.0000,  1.0000,  0.0000]])
tensor([[0.2610, 1.0000, 0.0000, 1.0000, 0.0000, 0.0000]])
tensor([[0.5667, 0.0000, 0.0000, 0.0000, 0.0000, 0.0000]])
tensor([[0.3367, 0.0000, 1.0000, 0.0000, 0.0000, 1.0000]])
tensor([[-0.7640,  0.0000,  1.0000,  0.0000,  1.0000,  1.0000]])
tensor([[-0.2397,  0.0000,  0.0000,  1.0000,  0.0000,  0.0000]])
tensor([[0.8711, 1.0000, 0.0000, 1.0000, 1.0000, 1.0000]])
tensor([[-0.4038,  0.0000,  0.0000,  1.0000,  0.0000,  0.0000]])
tensor([[0.7591, 1.0000, 0.0000, 1.0000, 0.0000, 1.0000]])
tensor([[-0.5246,  0.0000,  0.0000,  1.0000,  0.0000,  0.0000]])
tensor([[0.5854, 0.0000, 0.0000, 0.0000, 0.0000, 1.0000]])
tensor([[0.7998, 1.0000, 0.0000, 1.0000, 1.0000, 0.0000]])
tensor([[-0.6339,  0.0000,  1.0000,  0.0000,  0.0000,  0.0000]])
tensor([[0.9573, 1.0000, 0.0000, 0.0000, 0.0000, 1.0000]])
tensor([[-0.2632,  0.0000,  0.0000,  1.0000,  0.0000,  0.0000]])
tensor([[0.4693, 1.0000, 1.0000, 1.0000, 0.0000, 0.0000]])
tensor([[-0.7641,  1.0000,  1.0000,  1.0000,  0.0000,  0.0000]])
tensor([[-0.7469,  0.0000,  0.0000,  1.0000,  0.0000,  1.0000]])
tensor([[0.7796, 1.0000, 1.0000, 1.0000, 1.0000, 1.0000]])
tensor([[-0.7541,  0.0000,  1.0000,  1.0000,  1.0000,  1.0000]])
tensor([[0.9141, 1.0000, 1.0000, 1.0000, 0.0000, 1.0000]])
tensor([[-0.7811,  1.0000,  0.0000,  0.0000,  1.0000,  1.0000]])
tensor([[-0.6515,  1.0000,  1.0000,  0.0000,  0.0000,  0.0000]])
tensor([[-0.0538,  0.0000,  1.0000,  1.0000,  1.0000,  1.0000]])
tensor([[-0.6755,  0.0000,  0.0000,  1.0000,  0.0000,  1.0000]])
tensor([[0.7339, 1.0000, 0.0000, 0.0000, 0.0000, 0.0000]])
tensor([[-0.5716,  0.0000,  1.0000,  1.0000,  0.0000,  1.0000]])
tensor([[0.8375, 1.0000, 1.0000, 1.0000, 1.0000, 0.0000]])
tensor([[-0.4893,  0.0000,  1.0000,  0.0000,  0.0000,  1.0000]])
tensor([[0.9368, 1.0000, 0.0000, 1.0000, 1.0000, 1.0000]])
tensor([[-0.5476,  0.0000,  0.0000,  1.0000,  0.0000,  1.0000]])
tensor([[-0.0731,  0.0000,  0.0000,  1.0000,  0.0000,  0.0000]])
tensor([[0.4223, 1.0000, 0.0000, 1.0000, 0.0000, 1.0000]])
tensor([[-0.3511,  1.0000,  1.0000,  1.0000,  0.0000,  0.0000]])
tensor([[-0.4772,  0.0000,  1.0000,  0.0000,  0.0000,  0.0000]])
tensor([[0.0094, 1.0000, 1.0000, 1.0000, 1.0000, 1.0000]])
tensor([[-0.7054,  1.0000,  1.0000,  1.0000,  0.0000,  1.0000]])
tensor([[-0.3560,  0.0000,  0.0000,  0.0000,  1.0000,  1.0000]])
tensor([[0.6735, 1.0000, 0.0000, 0.0000, 1.0000, 0.0000]])
tensor([[0.0384, 1.0000, 0.0000, 0.0000, 0.0000, 0.0000]])
tensor([[-0.0502,  0.0000,  1.0000,  0.0000,  0.0000,  0.0000]])
tensor([[0.4260, 0.0000, 0.0000, 1.0000, 0.0000, 1.0000]])
tensor([[0.2485, 0.0000, 0.0000, 1.0000, 0.0000, 0.0000]])
tensor([[0.3262, 0.0000, 0.0000, 1.0000, 1.0000, 1.0000]])
tensor([[0.5034, 1.0000, 0.0000, 0.0000, 0.0000, 1.0000]])
tensor([[-0.3055,  1.0000,  0.0000,  1.0000,  0.0000,  1.0000]])
tensor([[-0.1796,  1.0000,  0.0000,  1.0000,  0.0000,  0.0000]])
tensor([[0.0816, 1.0000, 0.0000, 1.0000, 1.0000, 1.0000]])
tensor([[0.2277, 0.0000, 1.0000, 1.0000, 0.0000, 1.0000]])
tensor([[-0.1775,  0.0000,  0.0000,  1.0000,  0.0000,  1.0000]])
tensor([[-0.4645,  0.0000,  1.0000,  1.0000,  0.0000,  1.0000]])
tensor([[0.6887, 0.0000, 0.0000, 1.0000, 0.0000, 0.0000]])
tensor([[0.5270, 0.0000, 0.0000, 0.0000, 0.0000, 1.0000]])
tensor([[0.1858, 1.0000, 0.0000, 1.0000, 1.0000, 1.0000]])
tensor([[-0.5824,  0.0000,  0.0000,  1.0000,  0.0000,  0.0000]])
tensor([[0.0386, 1.0000, 0.0000, 1.0000, 0.0000, 0.0000]])
tensor([[-0.7338,  0.0000,  0.0000,  1.0000,  1.0000,  0.0000]])
tensor([[0.1336, 1.0000, 0.0000, 1.0000, 0.0000, 0.0000]])
tensor([[-0.4821,  1.0000,  0.0000,  1.0000,  0.0000,  1.0000]])
tensor([[-0.0683,  0.0000,  0.0000,  1.0000,  1.0000,  1.0000]])
tensor([[-0.5073,  1.0000,  1.0000,  1.0000,  0.0000,  1.0000]])
tensor([[-0.3906,  0.0000,  1.0000,  1.0000,  0.0000,  1.0000]])
tensor([[0.1726, 1.0000, 0.0000, 1.0000, 0.0000, 1.0000]])
tensor([[-0.4976,  0.0000,  0.0000,  0.0000,  1.0000,  1.0000]])
tensor([[0.0438, 1.0000, 1.0000, 1.0000, 0.0000, 0.0000]])
tensor([[-0.2144,  0.0000,  0.0000,  1.0000,  0.0000,  1.0000]])
tensor([[-0.1961,  1.0000,  1.0000,  1.0000,  0.0000,  0.0000]])
tensor([[-0.0648,  0.0000,  1.0000,  1.0000,  0.0000,  1.0000]])
tensor([[0.2300, 0.0000, 0.0000, 1.0000, 0.0000, 0.0000]])
tensor([[-0.1159,  1.0000,  0.0000,  1.0000,  0.0000,  0.0000]])
tensor([[-0.1421,  1.0000,  0.0000,  1.0000,  0.0000,  0.0000]])
tensor([[0.6810, 0.0000, 1.0000, 0.0000, 0.0000, 1.0000]])
tensor([[0.6816, 1.0000, 1.0000, 0.0000, 0.0000, 0.0000]])
tensor([[0.9219, 0.0000, 1.0000, 1.0000, 0.0000, 1.0000]])
tensor([[0.4735, 0.0000, 0.0000, 1.0000, 0.0000, 1.0000]])
tensor([[0.8941, 0.0000, 1.0000, 0.0000, 0.0000, 0.0000]])
tensor([[-0.2773,  0.0000,  1.0000,  1.0000,  0.0000,  0.0000]])
tensor([[-0.7818,  1.0000,  1.0000,  1.0000,  0.0000,  0.0000]])
tensor([[0.9362, 1.0000, 0.0000, 0.0000, 1.0000, 0.0000]])
tensor([[0.7537, 0.0000, 1.0000, 1.0000, 0.0000, 0.0000]])
tensor([[-0.3269,  0.0000,  0.0000,  1.0000,  0.0000,  0.0000]])
tensor([[-0.3839,  0.0000,  1.0000,  0.0000,  0.0000,  1.0000]])
tensor([[-0.5096,  1.0000,  1.0000,  1.0000,  0.0000,  1.0000]])
tensor([[0.5495, 1.0000, 0.0000, 1.0000, 0.0000, 1.0000]])
tensor([[-0.7827,  1.0000,  1.0000,  1.0000,  0.0000,  1.0000]])
tensor([[-0.6640,  0.0000,  1.0000,  1.0000,  0.0000,  0.0000]])
tensor([[0.7748, 1.0000, 0.0000, 0.0000, 1.0000, 1.0000]])
tensor([[-0.3433,  0.0000,  0.0000,  1.0000,  0.0000,  1.0000]])
tensor([[-0.1572,  0.0000,  1.0000,  0.0000,  0.0000,  1.0000]])
tensor([[0.4791, 1.0000, 1.0000, 0.0000, 0.0000, 1.0000]])
tensor([[-0.5141,  0.0000,  0.0000,  1.0000,  0.0000,  1.0000]])
tensor([[-0.0841,  1.0000,  0.0000,  1.0000,  1.0000,  0.0000]])
tensor([[-0.2783,  1.0000,  0.0000,  1.0000,  1.0000,  0.0000]])
tensor([[0.2306, 0.0000, 1.0000, 0.0000, 1.0000, 0.0000]])
tensor([[-0.1894,  1.0000,  0.0000,  0.0000,  0.0000,  0.0000]])
tensor([[-0.2712,  1.0000,  0.0000,  1.0000,  0.0000,  0.0000]])
tensor([[0.1725, 1.0000, 1.0000, 0.0000, 0.0000, 1.0000]])
tensor([[0.4812, 0.0000, 0.0000, 1.0000, 1.0000, 1.0000]])
tensor([[-0.1871,  0.0000,  0.0000,  1.0000,  0.0000,  1.0000]])
tensor([[-0.0688,  1.0000,  0.0000,  0.0000,  1.0000,  0.0000]])
tensor([[-0.0975,  1.0000,  1.0000,  1.0000,  0.0000,  1.0000]])
tensor([[0.3900, 1.0000, 0.0000, 1.0000, 0.0000, 0.0000]])
tensor([[0.3891, 1.0000, 0.0000, 1.0000, 0.0000, 1.0000]])
tensor([[0.4470, 0.0000, 1.0000, 1.0000, 1.0000, 0.0000]])
tensor([[-0.0155,  0.0000,  1.0000,  1.0000,  0.0000,  1.0000]])
tensor([[-0.4031,  1.0000,  0.0000,  1.0000,  0.0000,  0.0000]])
tensor([[-0.4528,  0.0000,  0.0000,  1.0000,  0.0000,  0.0000]])
tensor([[-0.3825,  1.0000,  0.0000,  1.0000,  1.0000,  1.0000]])
tensor([[-0.4710,  1.0000,  1.0000,  1.0000,  0.0000,  1.0000]])
tensor([[0.1008, 0.0000, 0.0000, 0.0000, 0.0000, 0.0000]])
tensor([[-0.2587,  0.0000,  1.0000,  1.0000,  0.0000,  0.0000]])
tensor([[0.4576, 1.0000, 1.0000, 1.0000, 1.0000, 1.0000]])
tensor([[-0.3101,  1.0000,  1.0000,  1.0000,  1.0000,  0.0000]])
tensor([[-0.2510,  0.0000,  1.0000,  0.0000,  0.0000,  0.0000]])
tensor([[-0.2106,  1.0000,  0.0000,  1.0000,  1.0000,  1.0000]])
tensor([[-0.2136,  0.0000,  0.0000,  1.0000,  0.0000,  0.0000]])
tensor([[-0.1383,  0.0000,  1.0000,  1.0000,  1.0000,  0.0000]])
tensor([[0.2053, 1.0000, 0.0000, 0.0000, 1.0000, 0.0000]])
tensor([[-0.2158,  1.0000,  1.0000,  1.0000,  0.0000,  1.0000]])
tensor([[0.1480, 1.0000, 0.0000, 1.0000, 0.0000, 0.0000]])
tensor([[0.3714, 1.0000, 1.0000, 1.0000, 0.0000, 1.0000]])
tensor([[0.0926, 0.0000, 0.0000, 0.0000, 1.0000, 1.0000]])
tensor([[-0.4502,  1.0000,  1.0000,  0.0000,  0.0000,  0.0000]])
tensor([[-0.1715,  0.0000,  1.0000,  1.0000,  0.0000,  1.0000]])
tensor([[-0.1382,  0.0000,  0.0000,  0.0000,  0.0000,  1.0000]])
tensor([[-0.1820,  1.0000,  1.0000,  0.0000,  0.0000,  0.0000]])
tensor([[-0.3017,  1.0000,  0.0000,  1.0000,  1.0000,  0.0000]])
tensor([[-0.0335,  1.0000,  0.0000,  1.0000,  0.0000,  1.0000]])
tensor([[0.2587, 1.0000, 0.0000, 1.0000, 1.0000, 0.0000]])
tensor([[0.2138, 1.0000, 0.0000, 1.0000, 1.0000, 0.0000]])
tensor([[0.3276, 1.0000, 0.0000, 1.0000, 1.0000, 1.0000]])
tensor([[0.0807, 1.0000, 0.0000, 1.0000, 0.0000, 0.0000]])
tensor([[0.9799, 0.0000, 0.0000, 1.0000, 0.0000, 1.0000]])
tensor([[0.9074, 0.0000, 0.0000, 1.0000, 0.0000, 0.0000]])
tensor([[0.5506, 1.0000, 0.0000, 1.0000, 0.0000, 0.0000]])
tensor([[0.6419, 1.0000, 1.0000, 0.0000, 1.0000, 1.0000]])
tensor([[0.3922, 0.0000, 0.0000, 0.0000, 0.0000, 1.0000]])
tensor([[0.8808, 1.0000, 0.0000, 1.0000, 0.0000, 1.0000]])
tensor([[0.8661, 0.0000, 0.0000, 1.0000, 0.0000, 1.0000]])
tensor([[0.6859, 0.0000, 0.0000, 0.0000, 0.0000, 1.0000]])
tensor([[0.5343, 1.0000, 0.0000, 1.0000, 0.0000, 1.0000]])
tensor([[-0.7492,  1.0000,  1.0000,  1.0000,  0.0000,  1.0000]])
tensor([[-0.9498,  1.0000,  0.0000,  1.0000,  0.0000,  0.0000]])
tensor([[-0.9947,  0.0000,  1.0000,  1.0000,  0.0000,  1.0000]])
tensor([[-0.9975,  0.0000,  0.0000,  1.0000,  0.0000,  0.0000]])
tensor([[-0.9923,  0.0000,  0.0000,  0.0000,  0.0000,  0.0000]])
tensor([[-0.9995,  1.0000,  0.0000,  0.0000,  0.0000,  0.0000]])
tensor([[-0.9928,  1.0000,  0.0000,  0.0000,  0.0000,  1.0000]])
tensor([[-0.9966,  1.0000,  0.0000,  1.0000,  0.0000,  0.0000]])
tensor([[-0.9995,  1.0000,  0.0000,  1.0000,  1.0000,  0.0000]])
tensor([[-0.9804,  1.0000,  1.0000,  1.0000,  0.0000,  0.0000]])
tensor([[-0.9054,  0.0000,  1.0000,  1.0000,  0.0000,  1.0000]])
tensor([[-0.4406,  1.0000,  0.0000,  0.0000,  0.0000,  0.0000]])
tensor([[0.7445, 1.0000, 1.0000, 0.0000, 1.0000, 1.0000]])
tensor([[-0.6226,  1.0000,  0.0000,  1.0000,  0.0000,  0.0000]])
tensor([[0.7886, 1.0000, 0.0000, 1.0000, 0.0000, 1.0000]])
tensor([[0.9752, 0.0000, 0.0000, 1.0000, 0.0000, 0.0000]])
tensor([[0.9426, 1.0000, 0.0000, 0.0000, 0.0000, 0.0000]])
tensor([[-0.3739,  1.0000,  1.0000,  0.0000,  1.0000,  1.0000]])
tensor([[-0.8477,  1.0000,  0.0000,  0.0000,  0.0000,  0.0000]])
tensor([[-0.9998,  0.0000,  0.0000,  1.0000,  1.0000,  0.0000]])
tensor([[-0.9988,  0.0000,  0.0000,  1.0000,  0.0000,  0.0000]])
tensor([[-0.9953,  1.0000,  1.0000,  0.0000,  1.0000,  0.0000]])
tensor([[-0.6190,  1.0000,  1.0000,  1.0000,  0.0000,  0.0000]])
tensor([[0.9511, 1.0000, 0.0000, 0.0000, 0.0000, 0.0000]])
tensor([[0.6225, 1.0000, 0.0000, 0.0000, 0.0000, 1.0000]])
tensor([[-0.9988,  0.0000,  0.0000,  0.0000,  0.0000,  0.0000]])
tensor([[-0.9989,  0.0000,  0.0000,  1.0000,  0.0000,  0.0000]])
tensor([[-0.9976,  0.0000,  0.0000,  0.0000,  1.0000,  0.0000]])
tensor([[-0.1831,  1.0000,  0.0000,  0.0000,  1.0000,  0.0000]])
tensor([[0.5703, 1.0000, 0.0000, 1.0000, 0.0000, 0.0000]])
tensor([[0.5732, 1.0000, 0.0000, 0.0000, 1.0000, 0.0000]])
tensor([[-0.9994,  0.0000,  0.0000,  0.0000,  0.0000,  1.0000]])
tensor([[-0.9999,  1.0000,  0.0000,  0.0000,  0.0000,  0.0000]])
tensor([[-0.9685,  1.0000,  0.0000,  1.0000,  0.0000,  0.0000]])
tensor([[-0.7084,  1.0000,  0.0000,  0.0000,  0.0000,  0.0000]])
tensor([[-0.9512,  1.0000,  0.0000,  1.0000,  0.0000,  1.0000]])
tensor([[0.0104, 1.0000, 0.0000, 1.0000, 0.0000, 1.0000]])
tensor([[0.4790, 1.0000, 0.0000, 1.0000, 0.0000, 1.0000]])
tensor([[-0.3131,  1.0000,  0.0000,  0.0000,  0.0000,  0.0000]])
tensor([[-0.9828,  0.0000,  1.0000,  0.0000,  0.0000,  0.0000]])
tensor([[-0.9922,  0.0000,  1.0000,  0.0000,  0.0000,  0.0000]])
tensor([[-0.8001,  1.0000,  1.0000,  0.0000,  0.0000,  0.0000]])
tensor([[0.0033, 1.0000, 0.0000, 0.0000, 0.0000, 0.0000]])
tensor([[0.4840, 0.0000, 0.0000, 1.0000, 1.0000, 0.0000]])
tensor([[-0.2321,  0.0000,  0.0000,  1.0000,  1.0000,  0.0000]])
tensor([[-0.8391,  1.0000,  0.0000,  1.0000,  0.0000,  0.0000]])
tensor([[-0.3267,  1.0000,  0.0000,  0.0000,  0.0000,  0.0000]])
tensor([[-0.6976,  1.0000,  0.0000,  1.0000,  0.0000,  1.0000]])
tensor([[-0.4569,  0.0000,  0.0000,  0.0000,  0.0000,  1.0000]])
tensor([[0.9998, 1.0000, 1.0000, 1.0000, 1.0000, 1.0000]])
tensor([[0.9973, 1.0000, 0.0000, 1.0000, 1.0000, 1.0000]])
tensor([[1.0000, 0.0000, 0.0000, 1.0000, 0.0000, 0.0000]])
tensor([[0.9999, 1.0000, 0.0000, 0.0000, 0.0000, 1.0000]])
tensor([[0.9996, 1.0000, 0.0000, 0.0000, 1.0000, 1.0000]])
tensor([[0.9998, 0.0000, 1.0000, 1.0000, 0.0000, 0.0000]])
tensor([[0.9999, 0.0000, 0.0000, 1.0000, 1.0000, 0.0000]])
tensor([[0.9999, 0.0000, 0.0000, 1.0000, 1.0000, 0.0000]])
tensor([[0.9989, 1.0000, 0.0000, 1.0000, 0.0000, 1.0000]])
tensor([[0.9994, 1.0000, 0.0000, 1.0000, 0.0000, 0.0000]])
tensor([[0.9996, 0.0000, 0.0000, 1.0000, 1.0000, 0.0000]])
tensor([[0.9969, 0.0000, 1.0000, 1.0000, 0.0000, 0.0000]])
tensor([[0.9756, 0.0000, 0.0000, 1.0000, 0.0000, 0.0000]])
tensor([[0.6895, 1.0000, 0.0000, 1.0000, 0.0000, 0.0000]])
tensor([[-0.8704,  0.0000,  0.0000,  1.0000,  0.0000,  0.0000]])
tensor([[-0.9899,  0.0000,  0.0000,  1.0000,  0.0000,  0.0000]])
tensor([[-0.9965,  1.0000,  0.0000,  1.0000,  0.0000,  0.0000]])
tensor([[-0.9993,  0.0000,  1.0000,  0.0000,  0.0000,  0.0000]])
tensor([[-0.9993,  1.0000,  1.0000,  0.0000,  1.0000,  0.0000]])
tensor([[-0.9999,  1.0000,  0.0000,  1.0000,  0.0000,  1.0000]])
tensor([[-0.9983,  0.0000,  0.0000,  0.0000,  0.0000,  0.0000]])
tensor([[-0.9998,  0.0000,  0.0000,  0.0000,  0.0000,  1.0000]])
tensor([[-0.9983,  1.0000,  1.0000,  0.0000,  0.0000,  0.0000]])
tensor([[-1.0000,  1.0000,  0.0000,  0.0000,  0.0000,  1.0000]])
tensor([[-0.9975,  1.0000,  0.0000,  1.0000,  0.0000,  1.0000]])
tensor([[-0.9999,  0.0000,  0.0000,  1.0000,  0.0000,  1.0000]])
tensor([[-0.9999,  0.0000,  1.0000,  0.0000,  0.0000,  0.0000]])
tensor([[-0.9994,  1.0000,  1.0000,  1.0000,  1.0000,  1.0000]])
tensor([[-0.9909,  0.0000,  0.0000,  0.0000,  0.0000,  1.0000]])
tensor([[-0.4343,  0.0000,  1.0000,  1.0000,  0.0000,  0.0000]])
tensor([[0.7435, 0.0000, 0.0000, 1.0000, 0.0000, 0.0000]])
tensor([[-0.7523,  0.0000,  0.0000,  1.0000,  0.0000,  1.0000]])
tensor([[0.2180, 1.0000, 0.0000, 0.0000, 1.0000, 1.0000]])
tensor([[0.3923, 1.0000, 0.0000, 0.0000, 0.0000, 0.0000]])
tensor([[0.2171, 1.0000, 1.0000, 1.0000, 1.0000, 1.0000]])
tensor([[0.8787, 1.0000, 0.0000, 1.0000, 0.0000, 1.0000]])
tensor([[0.8114, 1.0000, 0.0000, 0.0000, 0.0000, 1.0000]])
tensor([[-0.9971,  0.0000,  0.0000,  1.0000,  0.0000,  0.0000]])
tensor([[-0.9995,  1.0000,  0.0000,  0.0000,  0.0000,  1.0000]])
tensor([[-0.9999,  0.0000,  0.0000,  1.0000,  0.0000,  0.0000]])
tensor([[-0.9987,  1.0000,  1.0000,  0.0000,  1.0000,  0.0000]])
tensor([[-0.9923,  1.0000,  0.0000,  1.0000,  1.0000,  0.0000]])
tensor([[-0.9242,  1.0000,  0.0000,  1.0000,  0.0000,  1.0000]])
tensor([[0.2852, 0.0000, 1.0000, 1.0000, 0.0000, 1.0000]])
tensor([[-0.9994,  1.0000,  0.0000,  1.0000,  0.0000,  1.0000]])
tensor([[-0.9921,  1.0000,  0.0000,  1.0000,  1.0000,  0.0000]])
tensor([[-0.9987,  1.0000,  0.0000,  1.0000,  1.0000,  1.0000]])
tensor([[-0.9993,  1.0000,  1.0000,  0.0000,  0.0000,  0.0000]])
tensor([[-0.9997,  0.0000,  1.0000,  1.0000,  0.0000,  0.0000]])
tensor([[-0.9958,  0.0000,  1.0000,  1.0000,  0.0000,  1.0000]])
tensor([[-0.9996,  0.0000,  0.0000,  1.0000,  0.0000,  0.0000]])
tensor([[-0.5395,  0.0000,  0.0000,  1.0000,  0.0000,  0.0000]])
tensor([[-0.9403,  0.0000,  0.0000,  1.0000,  1.0000,  1.0000]])
tensor([[-0.9357,  1.0000,  1.0000,  1.0000,  0.0000,  0.0000]])
tensor([[-0.9960,  1.0000,  1.0000,  1.0000,  0.0000,  1.0000]])
tensor([[-0.9976,  0.0000,  0.0000,  0.0000,  1.0000,  1.0000]])
tensor([[-0.9845,  0.0000,  1.0000,  1.0000,  0.0000,  0.0000]])
tensor([[-0.7992,  1.0000,  0.0000,  1.0000,  0.0000,  0.0000]])
tensor([[-0.9780,  1.0000,  1.0000,  1.0000,  0.0000,  1.0000]])
tensor([[-0.9970,  1.0000,  1.0000,  1.0000,  0.0000,  0.0000]])
tensor([[-0.7975,  0.0000,  1.0000,  0.0000,  0.0000,  0.0000]])
tensor([[-0.9040,  0.0000,  1.0000,  1.0000,  0.0000,  1.0000]])
tensor([[0.9684, 1.0000, 1.0000, 1.0000, 0.0000, 1.0000]])
tensor([[-0.9780,  0.0000,  0.0000,  1.0000,  1.0000,  0.0000]])
tensor([[-0.9885,  1.0000,  1.0000,  0.0000,  0.0000,  0.0000]])
tensor([[-0.9958,  1.0000,  1.0000,  1.0000,  0.0000,  1.0000]])
tensor([[-0.9990,  1.0000,  1.0000,  1.0000,  0.0000,  1.0000]])
tensor([[-0.9999,  0.0000,  0.0000,  1.0000,  0.0000,  0.0000]])
tensor([[-0.9374,  1.0000,  1.0000,  1.0000,  0.0000,  1.0000]])
tensor([[-0.9956,  1.0000,  0.0000,  1.0000,  0.0000,  0.0000]])
tensor([[-0.9995,  1.0000,  1.0000,  1.0000,  0.0000,  0.0000]])
tensor([[-0.9999,  1.0000,  1.0000,  1.0000,  0.0000,  0.0000]])
tensor([[-0.9307,  1.0000,  1.0000,  1.0000,  0.0000,  1.0000]])
tensor([[-0.8929,  1.0000,  0.0000,  1.0000,  0.0000,  0.0000]])
tensor([[-0.9419,  1.0000,  1.0000,  0.0000,  0.0000,  0.0000]])
tensor([[-0.3266,  1.0000,  0.0000,  0.0000,  0.0000,  0.0000]])
tensor([[0.2106, 1.0000, 0.0000, 0.0000, 1.0000, 0.0000]])
tensor([[0.5767, 0.0000, 0.0000, 1.0000, 0.0000, 0.0000]])
tensor([[0.3295, 0.0000, 0.0000, 1.0000, 0.0000, 0.0000]])
tensor([[0.1884, 1.0000, 0.0000, 0.0000, 1.0000, 0.0000]])
tensor([[0.1529, 1.0000, 0.0000, 0.0000, 0.0000, 0.0000]])
tensor([[0.0273, 0.0000, 0.0000, 0.0000, 0.0000, 1.0000]])
tensor([[0.0963, 0.0000, 0.0000, 1.0000, 0.0000, 0.0000]])
tensor([[-0.0898,  1.0000,  0.0000,  1.0000,  1.0000,  0.0000]])
tensor([[0.1936, 1.0000, 0.0000, 0.0000, 0.0000, 0.0000]])
tensor([[0.2623, 1.0000, 1.0000, 0.0000, 1.0000, 1.0000]])
tensor([[-0.8813,  1.0000,  0.0000,  0.0000,  1.0000,  0.0000]])
tensor([[-0.3948,  0.0000,  1.0000,  0.0000,  1.0000,  0.0000]])
tensor([[0.2127, 1.0000, 0.0000, 0.0000, 0.0000, 1.0000]])
tensor([[0.2777, 1.0000, 0.0000, 1.0000, 1.0000, 1.0000]])
tensor([[-0.4177,  0.0000,  0.0000,  1.0000,  0.0000,  1.0000]])
tensor([[-0.6457,  0.0000,  0.0000,  1.0000,  1.0000,  1.0000]])
tensor([[-0.9227,  1.0000,  1.0000,  0.0000,  0.0000,  1.0000]])
tensor([[-0.8229,  1.0000,  0.0000,  0.0000,  0.0000,  0.0000]])
tensor([[-0.9917,  1.0000,  0.0000,  1.0000,  0.0000,  1.0000]])
tensor([[-0.4737,  0.0000,  0.0000,  1.0000,  0.0000,  1.0000]])
tensor([[0.0610, 1.0000, 1.0000, 1.0000, 0.0000, 0.0000]])
tensor([[0.6668, 0.0000, 1.0000, 1.0000, 0.0000, 1.0000]])
tensor([[0.9595, 1.0000, 1.0000, 1.0000, 0.0000, 0.0000]])
tensor([[0.9064, 1.0000, 0.0000, 1.0000, 0.0000, 0.0000]])
tensor([[0.9472, 1.0000, 0.0000, 1.0000, 1.0000, 1.0000]])
tensor([[0.9560, 0.0000, 0.0000, 1.0000, 0.0000, 0.0000]])
tensor([[0.9939, 0.0000, 0.0000, 1.0000, 0.0000, 0.0000]])
tensor([[0.9970, 0.0000, 0.0000, 0.0000, 0.0000, 0.0000]])
tensor([[0.9916, 1.0000, 0.0000, 0.0000, 0.0000, 0.0000]])
tensor([[0.8421, 1.0000, 0.0000, 1.0000, 0.0000, 0.0000]])
tensor([[0.5432, 1.0000, 0.0000, 1.0000, 0.0000, 1.0000]])
tensor([[0.1825, 1.0000, 0.0000, 0.0000, 0.0000, 1.0000]])
tensor([[-0.1151,  0.0000,  1.0000,  1.0000,  1.0000,  1.0000]])
tensor([[0.4367, 0.0000, 0.0000, 0.0000, 0.0000, 1.0000]])
tensor([[0.0539, 1.0000, 0.0000, 1.0000, 0.0000, 0.0000]])
tensor([[-0.1348,  1.0000,  0.0000,  1.0000,  1.0000,  0.0000]])
tensor([[-0.5490,  1.0000,  0.0000,  1.0000,  0.0000,  0.0000]])
tensor([[-0.9723,  0.0000,  0.0000,  1.0000,  0.0000,  1.0000]])
tensor([[-0.9965,  1.0000,  1.0000,  0.0000,  1.0000,  1.0000]])
tensor([[-0.9995,  1.0000,  0.0000,  1.0000,  0.0000,  0.0000]])
tensor([[-0.9956,  0.0000,  0.0000,  0.0000,  1.0000,  0.0000]])
tensor([[-0.9967,  1.0000,  0.0000,  0.0000,  0.0000,  1.0000]])
tensor([[-0.3572,  1.0000,  0.0000,  0.0000,  0.0000,  1.0000]])
tensor([[0.6791, 0.0000, 0.0000, 0.0000, 1.0000, 0.0000]])
tensor([[-0.0323,  1.0000,  0.0000,  1.0000,  0.0000,  0.0000]])
tensor([[0.3743, 0.0000, 1.0000, 0.0000, 1.0000, 0.0000]])
tensor([[0.9995, 0.0000, 1.0000, 0.0000, 0.0000, 1.0000]])
tensor([[0.9950, 1.0000, 0.0000, 1.0000, 0.0000, 0.0000]])
tensor([[0.8391, 1.0000, 0.0000, 1.0000, 0.0000, 0.0000]])
tensor([[-0.0457,  1.0000,  1.0000,  0.0000,  0.0000,  1.0000]])
tensor([[-0.9487,  1.0000,  1.0000,  0.0000,  1.0000,  1.0000]])
tensor([[0.0419, 1.0000, 1.0000, 1.0000, 1.0000, 1.0000]])
tensor([[0.3394, 1.0000, 0.0000, 1.0000, 0.0000, 0.0000]])
tensor([[0.9941, 0.0000, 0.0000, 0.0000, 0.0000, 1.0000]])
tensor([[0.8531, 1.0000, 1.0000, 1.0000, 0.0000, 1.0000]])
tensor([[-0.2028,  1.0000,  0.0000,  1.0000,  0.0000,  0.0000]])
tensor([[-0.0669,  1.0000,  0.0000,  1.0000,  1.0000,  1.0000]])
tensor([[0.9997, 1.0000, 1.0000, 0.0000, 0.0000, 1.0000]])
tensor([[0.9936, 0.0000, 0.0000, 1.0000, 0.0000, 1.0000]])
tensor([[0.9985, 0.0000, 1.0000, 0.0000, 0.0000, 0.0000]])
tensor([[0.9856, 1.0000, 1.0000, 1.0000, 0.0000, 0.0000]])
tensor([[0.7060, 0.0000, 0.0000, 0.0000, 0.0000, 0.0000]])
tensor([[0.9994, 1.0000, 0.0000, 1.0000, 1.0000, 0.0000]])
tensor([[0.9720, 0.0000, 0.0000, 1.0000, 0.0000, 0.0000]])
tensor([[0.9627, 0.0000, 0.0000, 0.0000, 1.0000, 1.0000]])
tensor([[0.9718, 1.0000, 0.0000, 0.0000, 0.0000, 1.0000]])
tensor([[0.7069, 1.0000, 0.0000, 1.0000, 0.0000, 0.0000]])
tensor([[-0.6222,  0.0000,  0.0000,  1.0000,  0.0000,  1.0000]])
tensor([[-0.8452,  1.0000,  1.0000,  1.0000,  0.0000,  1.0000]])
tensor([[-0.9912,  0.0000,  0.0000,  0.0000,  0.0000,  0.0000]])
tensor([[-0.9645,  1.0000,  0.0000,  1.0000,  1.0000,  1.0000]])
tensor([[0.5673, 1.0000, 0.0000, 1.0000, 1.0000, 1.0000]])
tensor([[-0.6050,  1.0000,  1.0000,  1.0000,  1.0000,  0.0000]])
tensor([[-0.0171,  1.0000,  1.0000,  1.0000,  0.0000,  0.0000]])
tensor([[0.7199, 0.0000, 0.0000, 1.0000, 1.0000, 1.0000]])
tensor([[0.9243, 0.0000, 0.0000, 1.0000, 0.0000, 0.0000]])
tensor([[0.9647, 0.0000, 0.0000, 1.0000, 0.0000, 1.0000]])
tensor([[0.9946, 1.0000, 0.0000, 1.0000, 0.0000, 1.0000]])
tensor([[0.9994, 1.0000, 0.0000, 1.0000, 0.0000, 1.0000]])
tensor([[0.9985, 1.0000, 0.0000, 1.0000, 1.0000, 1.0000]])
tensor([[0.9994, 1.0000, 1.0000, 0.0000, 0.0000, 1.0000]])
tensor([[0.9986, 0.0000, 0.0000, 1.0000, 0.0000, 0.0000]])
tensor([[0.9959, 0.0000, 0.0000, 1.0000, 0.0000, 1.0000]])
tensor([[0.9916, 1.0000, 1.0000, 1.0000, 0.0000, 0.0000]])
tensor([[0.9910, 0.0000, 0.0000, 1.0000, 0.0000, 1.0000]])
tensor([[0.8366, 0.0000, 0.0000, 0.0000, 0.0000, 1.0000]])
tensor([[0.2021, 0.0000, 1.0000, 0.0000, 0.0000, 0.0000]])
tensor([[0.0050, 0.0000, 0.0000, 0.0000, 0.0000, 1.0000]])
tensor([[0.1726, 1.0000, 0.0000, 0.0000, 0.0000, 1.0000]])
tensor([[-0.0188,  0.0000,  0.0000,  0.0000,  0.0000,  0.0000]])
tensor([[-0.3181,  0.0000,  0.0000,  1.0000,  0.0000,  1.0000]])
tensor([[0.3844, 1.0000, 0.0000, 0.0000, 0.0000, 0.0000]])
tensor([[0.9761, 1.0000, 0.0000, 0.0000, 0.0000, 1.0000]])
tensor([[0.6734, 1.0000, 0.0000, 0.0000, 0.0000, 1.0000]])
tensor([[-0.3411,  0.0000,  0.0000,  1.0000,  0.0000,  1.0000]])
tensor([[-0.7778,  0.0000,  1.0000,  1.0000,  0.0000,  1.0000]])
tensor([[0.3225, 1.0000, 0.0000, 1.0000, 1.0000, 1.0000]])
tensor([[0.8313, 0.0000, 0.0000, 0.0000, 1.0000, 0.0000]])
tensor([[0.8063, 0.0000, 0.0000, 1.0000, 1.0000, 0.0000]])
tensor([[0.4473, 0.0000, 1.0000, 1.0000, 0.0000, 0.0000]])
tensor([[0.9615, 1.0000, 0.0000, 1.0000, 0.0000, 0.0000]])
tensor([[0.7255, 0.0000, 0.0000, 1.0000, 1.0000, 0.0000]])
tensor([[-0.0121,  0.0000,  0.0000,  0.0000,  0.0000,  1.0000]])
tensor([[-0.6011,  0.0000,  0.0000,  1.0000,  1.0000,  0.0000]])
tensor([[-0.9823,  1.0000,  0.0000,  0.0000,  0.0000,  0.0000]])
tensor([[-0.5003,  1.0000,  1.0000,  1.0000,  0.0000,  1.0000]])
tensor([[0.9997, 1.0000, 0.0000, 1.0000, 0.0000, 0.0000]])
tensor([[0.9998, 1.0000, 0.0000, 1.0000, 0.0000, 0.0000]])
tensor([[0.9990, 0.0000, 0.0000, 1.0000, 1.0000, 1.0000]])
tensor([[0.9999, 0.0000, 1.0000, 1.0000, 0.0000, 1.0000]])
tensor([[0.9989, 1.0000, 0.0000, 1.0000, 0.0000, 0.0000]])
tensor([[0.9999, 0.0000, 0.0000, 1.0000, 0.0000, 1.0000]])
tensor([[0.9979, 0.0000, 0.0000, 1.0000, 1.0000, 0.0000]])
tensor([[0.9908, 0.0000, 1.0000, 1.0000, 0.0000, 0.0000]])
tensor([[0.9974, 1.0000, 1.0000, 1.0000, 0.0000, 0.0000]])
tensor([[0.9991, 0.0000, 1.0000, 1.0000, 0.0000, 0.0000]])
tensor([[0.9984, 0.0000, 0.0000, 1.0000, 1.0000, 1.0000]])
tensor([[0.9433, 0.0000, 1.0000, 0.0000, 0.0000, 0.0000]])
tensor([[0.8604, 0.0000, 0.0000, 1.0000, 0.0000, 1.0000]])
tensor([[0.9696, 0.0000, 1.0000, 1.0000, 1.0000, 0.0000]])
tensor([[-0.7162,  1.0000,  1.0000,  1.0000,  1.0000,  0.0000]])
tensor([[-0.3183,  1.0000,  1.0000,  1.0000,  1.0000,  0.0000]])
tensor([[0.6562, 0.0000, 0.0000, 1.0000, 1.0000, 0.0000]])
tensor([[0.1976, 1.0000, 0.0000, 1.0000, 1.0000, 0.0000]])
tensor([[-0.2557,  0.0000,  1.0000,  1.0000,  0.0000,  0.0000]])
tensor([[-0.6246,  0.0000,  0.0000,  1.0000,  0.0000,  0.0000]])
tensor([[0.3961, 1.0000, 1.0000, 1.0000, 1.0000, 0.0000]])
tensor([[-0.3349,  0.0000,  1.0000,  1.0000,  0.0000,  0.0000]])
tensor([[-0.5848,  0.0000,  0.0000,  1.0000,  0.0000,  0.0000]])
tensor([[-0.8820,  0.0000,  1.0000,  1.0000,  0.0000,  0.0000]])
tensor([[-0.5830,  0.0000,  0.0000,  1.0000,  0.0000,  1.0000]])
tensor([[-0.0870,  0.0000,  1.0000,  0.0000,  0.0000,  0.0000]])
tensor([[-0.6450,  1.0000,  0.0000,  0.0000,  0.0000,  1.0000]])
tensor([[-0.0388,  0.0000,  0.0000,  0.0000,  0.0000,  1.0000]])
tensor([[0.3551, 0.0000, 0.0000, 0.0000, 0.0000, 1.0000]])
tensor([[-0.6317,  1.0000,  1.0000,  1.0000,  1.0000,  0.0000]])
tensor([[0.0284, 0.0000, 1.0000, 1.0000, 1.0000, 0.0000]])
tensor([[-0.1712,  0.0000,  0.0000,  1.0000,  0.0000,  0.0000]])
tensor([[0.7094, 0.0000, 1.0000, 1.0000, 0.0000, 0.0000]])
tensor([[-0.5967,  0.0000,  1.0000,  1.0000,  1.0000,  0.0000]])
tensor([[-0.8102,  0.0000,  1.0000,  1.0000,  0.0000,  0.0000]])
tensor([[-0.9089,  0.0000,  0.0000,  1.0000,  0.0000,  0.0000]])
tensor([[-0.7273,  0.0000,  1.0000,  1.0000,  1.0000,  0.0000]])
tensor([[0.7891, 1.0000, 1.0000, 1.0000, 1.0000, 0.0000]])
tensor([[0.5832, 0.0000, 1.0000, 1.0000, 0.0000, 0.0000]])
tensor([[-0.1798,  0.0000,  1.0000,  1.0000,  0.0000,  1.0000]])
tensor([[-0.7116,  0.0000,  1.0000,  1.0000,  0.0000,  1.0000]])
tensor([[0.8367, 0.0000, 0.0000, 1.0000, 1.0000, 0.0000]])
tensor([[0.9527, 1.0000, 0.0000, 1.0000, 0.0000, 0.0000]])
tensor([[0.6945, 0.0000, 1.0000, 1.0000, 0.0000, 1.0000]])
tensor([[0.6291, 0.0000, 1.0000, 1.0000, 1.0000, 0.0000]])
tensor([[0.7496, 0.0000, 0.0000, 1.0000, 0.0000, 0.0000]])
tensor([[-0.3785,  1.0000,  0.0000,  1.0000,  1.0000,  1.0000]])
tensor([[-0.3246,  1.0000,  1.0000,  1.0000,  0.0000,  0.0000]])
tensor([[-0.6462,  0.0000,  1.0000,  1.0000,  1.0000,  0.0000]])
tensor([[-0.7196,  0.0000,  1.0000,  1.0000,  1.0000,  0.0000]])
tensor([[-0.5330,  0.0000,  0.0000,  1.0000,  1.0000,  0.0000]])
tensor([[-0.5431,  0.0000,  0.0000,  1.0000,  1.0000,  1.0000]])
tensor([[0.0704, 0.0000, 0.0000, 1.0000, 0.0000, 1.0000]])
tensor([[-0.0706,  1.0000,  1.0000,  1.0000,  0.0000,  0.0000]])
tensor([[-0.5885,  1.0000,  0.0000,  0.0000,  0.0000,  0.0000]])
tensor([[-0.5251,  0.0000,  1.0000,  1.0000,  1.0000,  0.0000]])
tensor([[-0.2250,  0.0000,  1.0000,  0.0000,  1.0000,  0.0000]])
tensor([[-0.5363,  0.0000,  0.0000,  1.0000,  0.0000,  0.0000]])
tensor([[-0.0152,  1.0000,  0.0000,  1.0000,  1.0000,  1.0000]])
tensor([[0.0676, 0.0000, 0.0000, 1.0000, 0.0000, 0.0000]])
tensor([[-0.5856,  1.0000,  1.0000,  1.0000,  0.0000,  0.0000]])
tensor([[-0.5257,  0.0000,  1.0000,  0.0000,  0.0000,  0.0000]])
tensor([[-0.7314,  1.0000,  0.0000,  1.0000,  1.0000,  0.0000]])
tensor([[-0.6717,  0.0000,  0.0000,  1.0000,  0.0000,  1.0000]])
tensor([[-0.6041,  0.0000,  0.0000,  1.0000,  1.0000,  0.0000]])
tensor([[-0.5713,  0.0000,  0.0000,  1.0000,  0.0000,  0.0000]])
tensor([[-0.5857,  0.0000,  0.0000,  1.0000,  0.0000,  0.0000]])
tensor([[-0.1127,  0.0000,  1.0000,  1.0000,  0.0000,  0.0000]])
tensor([[-0.5714,  1.0000,  1.0000,  1.0000,  0.0000,  0.0000]])
tensor([[0.3654, 0.0000, 1.0000, 0.0000, 0.0000, 0.0000]])
tensor([[-0.3286,  0.0000,  0.0000,  1.0000,  1.0000,  0.0000]])
tensor([[-0.6021,  0.0000,  0.0000,  1.0000,  0.0000,  0.0000]])
tensor([[-0.2931,  1.0000,  0.0000,  0.0000,  0.0000,  0.0000]])
tensor([[-0.3870,  1.0000,  0.0000,  1.0000,  1.0000,  0.0000]])
tensor([[-0.2509,  1.0000,  1.0000,  1.0000,  0.0000,  0.0000]])
tensor([[0.6145, 0.0000, 1.0000, 1.0000, 0.0000, 0.0000]])
tensor([[-0.4997,  0.0000,  1.0000,  1.0000,  1.0000,  0.0000]])
tensor([[-0.5987,  0.0000,  1.0000,  1.0000,  0.0000,  1.0000]])
tensor([[-0.4047,  1.0000,  1.0000,  1.0000,  0.0000,  0.0000]])
tensor([[0.2475, 1.0000, 0.0000, 1.0000, 0.0000, 1.0000]])
tensor([[-0.2623,  1.0000,  1.0000,  0.0000,  1.0000,  1.0000]])
tensor([[0.6326, 1.0000, 1.0000, 1.0000, 1.0000, 0.0000]])
tensor([[0.3843, 0.0000, 0.0000, 1.0000, 1.0000, 0.0000]])
tensor([[0.4729, 0.0000, 0.0000, 1.0000, 0.0000, 0.0000]])
tensor([[0.4779, 0.0000, 1.0000, 1.0000, 0.0000, 0.0000]])
tensor([[0.5100, 1.0000, 0.0000, 0.0000, 0.0000, 0.0000]])
tensor([[-2.2614e-04,  1.0000e+00,  0.0000e+00,  1.0000e+00,  0.0000e+00,
          0.0000e+00]])
tensor([[0.1145, 1.0000, 1.0000, 1.0000, 1.0000, 1.0000]])
tensor([[0.8742, 0.0000, 0.0000, 0.0000, 0.0000, 0.0000]])
tensor([[0.8972, 1.0000, 0.0000, 1.0000, 0.0000, 1.0000]])
tensor([[0.5709, 0.0000, 0.0000, 1.0000, 0.0000, 1.0000]])
tensor([[0.8708, 0.0000, 0.0000, 0.0000, 0.0000, 1.0000]])
tensor([[0.7794, 1.0000, 1.0000, 1.0000, 0.0000, 1.0000]])
tensor([[0.6735, 0.0000, 1.0000, 1.0000, 0.0000, 1.0000]])
tensor([[0.9053, 1.0000, 1.0000, 1.0000, 0.0000, 0.0000]])
tensor([[0.7871, 0.0000, 1.0000, 0.0000, 0.0000, 0.0000]])
tensor([[0.9047, 1.0000, 0.0000, 1.0000, 0.0000, 0.0000]])
tensor([[0.9235, 1.0000, 0.0000, 1.0000, 0.0000, 1.0000]])
tensor([[0.3030, 1.0000, 1.0000, 1.0000, 1.0000, 0.0000]])
tensor([[0.7136, 0.0000, 1.0000, 0.0000, 0.0000, 0.0000]])
tensor([[-0.8339,  1.0000,  0.0000,  1.0000,  1.0000,  1.0000]])
tensor([[-0.2941,  0.0000,  1.0000,  1.0000,  1.0000,  1.0000]])
tensor([[-0.9712,  0.0000,  1.0000,  1.0000,  1.0000,  0.0000]])
tensor([[-0.9838,  1.0000,  0.0000,  1.0000,  0.0000,  0.0000]])
tensor([[-0.8694,  0.0000,  0.0000,  1.0000,  1.0000,  0.0000]])
tensor([[-0.7895,  0.0000,  0.0000,  1.0000,  0.0000,  1.0000]])
tensor([[-0.8842,  1.0000,  1.0000,  0.0000,  0.0000,  1.0000]])
tensor([[-0.3094,  1.0000,  1.0000,  1.0000,  0.0000,  0.0000]])
tensor([[-0.0550,  0.0000,  1.0000,  1.0000,  0.0000,  0.0000]])
tensor([[-0.9016,  0.0000,  1.0000,  1.0000,  0.0000,  0.0000]])
tensor([[-0.8975,  0.0000,  0.0000,  1.0000,  1.0000,  0.0000]])
tensor([[-0.7701,  0.0000,  1.0000,  1.0000,  1.0000,  0.0000]])
tensor([[-0.8418,  0.0000,  0.0000,  0.0000,  0.0000,  1.0000]])
tensor([[-0.4525,  0.0000,  1.0000,  0.0000,  1.0000,  0.0000]])
tensor([[-0.1708,  0.0000,  1.0000,  0.0000,  1.0000,  0.0000]])
tensor([[0.9493, 0.0000, 1.0000, 0.0000, 0.0000, 1.0000]])
tensor([[0.9303, 0.0000, 1.0000, 1.0000, 0.0000, 0.0000]])
tensor([[0.8819, 1.0000, 0.0000, 0.0000, 0.0000, 0.0000]])
tensor([[-0.6332,  0.0000,  1.0000,  0.0000,  1.0000,  0.0000]])
tensor([[-0.8801,  0.0000,  1.0000,  0.0000,  0.0000,  0.0000]])
tensor([[-0.0146,  0.0000,  1.0000,  1.0000,  0.0000,  1.0000]])
tensor([[0.5910, 0.0000, 1.0000, 1.0000, 0.0000, 0.0000]])
tensor([[-0.8536,  0.0000,  1.0000,  1.0000,  0.0000,  0.0000]])
tensor([[0.5143, 0.0000, 1.0000, 0.0000, 0.0000, 0.0000]])
tensor([[0.2291, 1.0000, 1.0000, 1.0000, 0.0000, 0.0000]])
tensor([[-0.0170,  0.0000,  1.0000,  1.0000,  0.0000,  0.0000]])
tensor([[-0.6228,  0.0000,  1.0000,  1.0000,  0.0000,  1.0000]])
tensor([[0.1712, 0.0000, 0.0000, 1.0000, 0.0000, 0.0000]])
tensor([[-0.1987,  0.0000,  0.0000,  1.0000,  0.0000,  0.0000]])
tensor([[0.0094, 1.0000, 1.0000, 1.0000, 1.0000, 1.0000]])
tensor([[0.5587, 1.0000, 0.0000, 1.0000, 0.0000, 1.0000]])
tensor([[-0.6559,  1.0000,  1.0000,  1.0000,  0.0000,  0.0000]])
tensor([[0.2962, 1.0000, 0.0000, 1.0000, 1.0000, 1.0000]])
tensor([[0.3432, 1.0000, 1.0000, 1.0000, 1.0000, 0.0000]])
tensor([[0.5181, 0.0000, 0.0000, 1.0000, 1.0000, 0.0000]])
tensor([[0.3507, 1.0000, 0.0000, 0.0000, 0.0000, 1.0000]])
tensor([[-0.1430,  0.0000,  1.0000,  1.0000,  0.0000,  0.0000]])
tensor([[0.8476, 0.0000, 1.0000, 1.0000, 1.0000, 1.0000]])
tensor([[0.9265, 1.0000, 0.0000, 0.0000, 0.0000, 0.0000]])
tensor([[0.6904, 0.0000, 0.0000, 1.0000, 0.0000, 1.0000]])
tensor([[0.4402, 0.0000, 1.0000, 1.0000, 0.0000, 0.0000]])
tensor([[0.8555, 0.0000, 1.0000, 1.0000, 0.0000, 0.0000]])
tensor([[-0.1210,  1.0000,  1.0000,  1.0000,  0.0000,  1.0000]])
tensor([[-0.5376,  1.0000,  1.0000,  1.0000,  0.0000,  0.0000]])
tensor([[-0.5917,  0.0000,  1.0000,  1.0000,  0.0000,  0.0000]])
tensor([[-0.4706,  1.0000,  1.0000,  1.0000,  0.0000,  0.0000]])
tensor([[-0.7208,  0.0000,  1.0000,  1.0000,  0.0000,  1.0000]])
tensor([[-0.3797,  1.0000,  1.0000,  1.0000,  1.0000,  0.0000]])
tensor([[-0.4261,  0.0000,  0.0000,  1.0000,  1.0000,  1.0000]])
tensor([[-0.6491,  1.0000,  0.0000,  1.0000,  0.0000,  0.0000]])
tensor([[-0.4017,  0.0000,  1.0000,  1.0000,  1.0000,  0.0000]])
tensor([[-0.4611,  0.0000,  0.0000,  1.0000,  0.0000,  1.0000]])
tensor([[-0.4581,  0.0000,  0.0000,  1.0000,  1.0000,  0.0000]])
tensor([[-0.4683,  0.0000,  1.0000,  1.0000,  1.0000,  0.0000]])
tensor([[-0.5191,  0.0000,  1.0000,  1.0000,  0.0000,  0.0000]])
tensor([[-0.4486,  0.0000,  1.0000,  0.0000,  0.0000,  0.0000]])
tensor([[0.7680, 1.0000, 0.0000, 1.0000, 1.0000, 0.0000]])
tensor([[0.2689, 1.0000, 1.0000, 1.0000, 0.0000, 0.0000]])
tensor([[0.4065, 0.0000, 1.0000, 0.0000, 1.0000, 0.0000]])
tensor([[0.7569, 0.0000, 1.0000, 1.0000, 0.0000, 1.0000]])
tensor([[0.7618, 1.0000, 0.0000, 1.0000, 1.0000, 0.0000]])
tensor([[0.2694, 1.0000, 1.0000, 1.0000, 0.0000, 0.0000]])
tensor([[0.8947, 0.0000, 1.0000, 1.0000, 1.0000, 1.0000]])
tensor([[0.7139, 1.0000, 1.0000, 1.0000, 0.0000, 0.0000]])
tensor([[0.6157, 0.0000, 1.0000, 1.0000, 0.0000, 1.0000]])
tensor([[0.8404, 1.0000, 1.0000, 1.0000, 0.0000, 0.0000]])
tensor([[0.8166, 1.0000, 0.0000, 1.0000, 0.0000, 1.0000]])
tensor([[0.2272, 0.0000, 1.0000, 0.0000, 0.0000, 1.0000]])
tensor([[0.2423, 1.0000, 1.0000, 1.0000, 1.0000, 0.0000]])
tensor([[-0.6937,  0.0000,  0.0000,  0.0000,  0.0000,  0.0000]])
tensor([[-0.6463,  0.0000,  0.0000,  1.0000,  0.0000,  0.0000]])
tensor([[-0.1609,  0.0000,  1.0000,  1.0000,  1.0000,  0.0000]])
tensor([[0.3553, 1.0000, 0.0000, 0.0000, 0.0000, 0.0000]])
tensor([[0.4816, 0.0000, 0.0000, 1.0000, 0.0000, 0.0000]])
tensor([[0.5042, 0.0000, 0.0000, 1.0000, 0.0000, 0.0000]])
tensor([[0.5530, 1.0000, 1.0000, 1.0000, 0.0000, 0.0000]])
tensor([[0.7466, 0.0000, 1.0000, 1.0000, 0.0000, 0.0000]])
tensor([[-0.3275,  0.0000,  0.0000,  0.0000,  0.0000,  0.0000]])
tensor([[0.6454, 0.0000, 0.0000, 1.0000, 1.0000, 0.0000]])
tensor([[-0.0693,  0.0000,  1.0000,  1.0000,  1.0000,  0.0000]])
tensor([[0.7194, 0.0000, 0.0000, 0.0000, 1.0000, 0.0000]])
tensor([[0.6909, 1.0000, 1.0000, 1.0000, 0.0000, 0.0000]])
tensor([[0.8016, 1.0000, 0.0000, 1.0000, 1.0000, 1.0000]])
tensor([[-0.2255,  0.0000,  1.0000,  1.0000,  0.0000,  0.0000]])
tensor([[0.0910, 0.0000, 1.0000, 0.0000, 1.0000, 0.0000]])
tensor([[0.7039, 0.0000, 0.0000, 1.0000, 0.0000, 0.0000]])
tensor([[0.1051, 1.0000, 0.0000, 1.0000, 1.0000, 0.0000]])
tensor([[0.3102, 0.0000, 0.0000, 1.0000, 0.0000, 1.0000]])
tensor([[0.8465, 0.0000, 1.0000, 1.0000, 0.0000, 1.0000]])
tensor([[0.8272, 0.0000, 1.0000, 1.0000, 0.0000, 0.0000]])
tensor([[0.9444, 0.0000, 1.0000, 1.0000, 0.0000, 1.0000]])
tensor([[0.8638, 1.0000, 0.0000, 1.0000, 1.0000, 0.0000]])
tensor([[0.4023, 0.0000, 0.0000, 1.0000, 1.0000, 0.0000]])
tensor([[0.7704, 0.0000, 0.0000, 1.0000, 0.0000, 1.0000]])
tensor([[0.6664, 0.0000, 1.0000, 1.0000, 1.0000, 0.0000]])
tensor([[0.8778, 0.0000, 0.0000, 1.0000, 0.0000, 0.0000]])
tensor([[0.6839, 0.0000, 0.0000, 0.0000, 1.0000, 0.0000]])
tensor([[0.5697, 1.0000, 0.0000, 1.0000, 0.0000, 0.0000]])
tensor([[0.4042, 0.0000, 1.0000, 0.0000, 0.0000, 0.0000]])
tensor([[0.5030, 1.0000, 1.0000, 1.0000, 1.0000, 0.0000]])
tensor([[0.6913, 1.0000, 0.0000, 0.0000, 1.0000, 1.0000]])
tensor([[0.0048, 1.0000, 0.0000, 1.0000, 0.0000, 1.0000]])
tensor([[0.3625, 0.0000, 0.0000, 1.0000, 0.0000, 1.0000]])
tensor([[0.8625, 1.0000, 0.0000, 1.0000, 0.0000, 1.0000]])
tensor([[0.6134, 0.0000, 1.0000, 1.0000, 0.0000, 1.0000]])
tensor([[0.7380, 0.0000, 0.0000, 1.0000, 0.0000, 0.0000]])
tensor([[0.9351, 1.0000, 1.0000, 1.0000, 0.0000, 0.0000]])
tensor([[0.7616, 1.0000, 1.0000, 1.0000, 1.0000, 1.0000]])
tensor([[0.6867, 0.0000, 0.0000, 0.0000, 0.0000, 1.0000]])
tensor([[0.7858, 0.0000, 1.0000, 1.0000, 0.0000, 1.0000]])
tensor([[0.9173, 0.0000, 1.0000, 1.0000, 0.0000, 0.0000]])
tensor([[0.8495, 1.0000, 1.0000, 0.0000, 1.0000, 1.0000]])
tensor([[0.3177, 1.0000, 1.0000, 1.0000, 0.0000, 0.0000]])
tensor([[0.1345, 1.0000, 0.0000, 1.0000, 1.0000, 0.0000]])
tensor([[-0.5410,  0.0000,  1.0000,  1.0000,  0.0000,  0.0000]])
tensor([[0.6025, 1.0000, 1.0000, 1.0000, 1.0000, 0.0000]])
tensor([[-0.0270,  0.0000,  1.0000,  0.0000,  1.0000,  0.0000]])
tensor([[0.8379, 0.0000, 1.0000, 1.0000, 0.0000, 0.0000]])
tensor([[0.7281, 0.0000, 0.0000, 1.0000, 1.0000, 0.0000]])
tensor([[0.7178, 0.0000, 0.0000, 1.0000, 1.0000, 0.0000]])
tensor([[0.5990, 1.0000, 0.0000, 0.0000, 1.0000, 1.0000]])
tensor([[0.7491, 1.0000, 0.0000, 1.0000, 0.0000, 0.0000]])
tensor([[0.0981, 1.0000, 0.0000, 1.0000, 0.0000, 0.0000]])
tensor([[-0.2451,  1.0000,  0.0000,  1.0000,  0.0000,  1.0000]])
tensor([[0.8716, 0.0000, 0.0000, 1.0000, 1.0000, 0.0000]])
tensor([[-0.5793,  0.0000,  0.0000,  1.0000,  0.0000,  0.0000]])
tensor([[-0.8905,  1.0000,  0.0000,  1.0000,  1.0000,  0.0000]])
tensor([[-0.3576,  0.0000,  1.0000,  0.0000,  1.0000,  0.0000]])
tensor([[-0.9340,  1.0000,  1.0000,  1.0000,  0.0000,  0.0000]])
tensor([[-0.8420,  0.0000,  1.0000,  1.0000,  0.0000,  0.0000]])
tensor([[-0.8650,  0.0000,  0.0000,  1.0000,  0.0000,  0.0000]])
tensor([[-0.6637,  1.0000,  0.0000,  0.0000,  0.0000,  0.0000]])
tensor([[-0.8145,  0.0000,  0.0000,  1.0000,  1.0000,  1.0000]])
tensor([[-0.9767,  1.0000,  1.0000,  1.0000,  1.0000,  0.0000]])
tensor([[-0.8577,  0.0000,  1.0000,  1.0000,  0.0000,  0.0000]])
tensor([[-0.9547,  0.0000,  1.0000,  0.0000,  1.0000,  1.0000]])
tensor([[-0.8653,  1.0000,  1.0000,  0.0000,  0.0000,  0.0000]])
tensor([[-0.7469,  1.0000,  1.0000,  1.0000,  0.0000,  0.0000]])
tensor([[-0.4504,  1.0000,  1.0000,  1.0000,  0.0000,  0.0000]])
tensor([[-0.1783,  1.0000,  1.0000,  1.0000,  0.0000,  0.0000]])
tensor([[0.4125, 0.0000, 0.0000, 0.0000, 1.0000, 0.0000]])
tensor([[-0.7184,  0.0000,  0.0000,  1.0000,  1.0000,  0.0000]])
tensor([[-0.8310,  0.0000,  1.0000,  1.0000,  0.0000,  0.0000]])
tensor([[-0.8736,  0.0000,  1.0000,  1.0000,  0.0000,  0.0000]])
tensor([[-0.5311,  1.0000,  1.0000,  1.0000,  1.0000,  0.0000]])
tensor([[0.4387, 1.0000, 1.0000, 1.0000, 0.0000, 0.0000]])
tensor([[-0.2330,  1.0000,  1.0000,  0.0000,  1.0000,  0.0000]])
tensor([[-0.4977,  0.0000,  0.0000,  1.0000,  0.0000,  0.0000]])
tensor([[0.0752, 1.0000, 0.0000, 1.0000, 0.0000, 0.0000]])
tensor([[0.1587, 0.0000, 1.0000, 1.0000, 0.0000, 1.0000]])
tensor([[-0.3964,  1.0000,  0.0000,  0.0000,  0.0000,  0.0000]])
tensor([[-0.0185,  0.0000,  0.0000,  1.0000,  1.0000,  1.0000]])
tensor([[-0.5016,  1.0000,  1.0000,  1.0000,  1.0000,  0.0000]])
tensor([[-0.2251,  0.0000,  1.0000,  1.0000,  0.0000,  1.0000]])
tensor([[-0.2447,  1.0000,  1.0000,  1.0000,  0.0000,  1.0000]])
tensor([[-0.4033,  1.0000,  1.0000,  1.0000,  1.0000,  1.0000]])
tensor([[-0.6583,  0.0000,  1.0000,  1.0000,  0.0000,  0.0000]])
tensor([[-0.6234,  0.0000,  0.0000,  1.0000,  0.0000,  0.0000]])
tensor([[-0.0340,  1.0000,  0.0000,  1.0000,  1.0000,  0.0000]])
tensor([[-0.6176,  0.0000,  0.0000,  1.0000,  0.0000,  0.0000]])
tensor([[-0.2898,  1.0000,  1.0000,  0.0000,  0.0000,  0.0000]])
tensor([[-0.6790,  1.0000,  0.0000,  1.0000,  0.0000,  0.0000]])
tensor([[-0.6403,  0.0000,  1.0000,  1.0000,  0.0000,  0.0000]])
tensor([[-0.8148,  0.0000,  1.0000,  1.0000,  1.0000,  0.0000]])
tensor([[-0.0863,  1.0000,  0.0000,  1.0000,  1.0000,  1.0000]])
tensor([[-0.5864,  0.0000,  0.0000,  1.0000,  0.0000,  0.0000]])
tensor([[-0.4706,  0.0000,  1.0000,  1.0000,  0.0000,  1.0000]])
tensor([[-0.7435,  1.0000,  1.0000,  1.0000,  0.0000,  0.0000]])
tensor([[-0.5405,  1.0000,  0.0000,  1.0000,  0.0000,  0.0000]])
tensor([[0.2256, 0.0000, 1.0000, 1.0000, 1.0000, 0.0000]])
tensor([[-0.6523,  0.0000,  1.0000,  1.0000,  1.0000,  0.0000]])
tensor([[-0.7169,  0.0000,  1.0000,  1.0000,  1.0000,  0.0000]])
tensor([[0.0679, 0.0000, 0.0000, 1.0000, 1.0000, 1.0000]])
tensor([[-0.2199,  0.0000,  0.0000,  1.0000,  0.0000,  1.0000]])
tensor([[0.4798, 1.0000, 1.0000, 0.0000, 0.0000, 1.0000]])
tensor([[0.1055, 1.0000, 1.0000, 1.0000, 0.0000, 0.0000]])
tensor([[-0.0261,  1.0000,  1.0000,  1.0000,  1.0000,  1.0000]])
tensor([[0.1057, 0.0000, 1.0000, 0.0000, 0.0000, 0.0000]])
tensor([[0.1164, 1.0000, 0.0000, 1.0000, 1.0000, 1.0000]])
tensor([[-0.5095,  0.0000,  0.0000,  1.0000,  0.0000,  0.0000]])
tensor([[0.0419, 1.0000, 1.0000, 0.0000, 0.0000, 1.0000]])
tensor([[-0.1341,  1.0000,  1.0000,  0.0000,  1.0000,  0.0000]])
tensor([[-0.7862,  0.0000,  1.0000,  1.0000,  1.0000,  0.0000]])
tensor([[0.2771, 0.0000, 1.0000, 1.0000, 1.0000, 0.0000]])
tensor([[0.3188, 1.0000, 1.0000, 1.0000, 0.0000, 0.0000]])
tensor([[-0.4034,  1.0000,  1.0000,  1.0000,  1.0000,  0.0000]])
tensor([[-0.4397,  0.0000,  1.0000,  1.0000,  0.0000,  0.0000]])
tensor([[-0.1700,  1.0000,  0.0000,  1.0000,  1.0000,  0.0000]])
tensor([[-0.7214,  0.0000,  0.0000,  1.0000,  0.0000,  0.0000]])
tensor([[-0.7566,  1.0000,  1.0000,  1.0000,  0.0000,  0.0000]])
tensor([[-0.1056,  1.0000,  1.0000,  1.0000,  0.0000,  1.0000]])
tensor([[-0.0862,  1.0000,  1.0000,  0.0000,  1.0000,  0.0000]])
tensor([[0.4538, 1.0000, 0.0000, 1.0000, 0.0000, 0.0000]])
tensor([[0.2056, 0.0000, 1.0000, 1.0000, 0.0000, 0.0000]])
tensor([[-0.2732,  1.0000,  0.0000,  0.0000,  0.0000,  0.0000]])
tensor([[0.3089, 0.0000, 0.0000, 1.0000, 0.0000, 0.0000]])
tensor([[0.0091, 1.0000, 0.0000, 1.0000, 0.0000, 1.0000]])
tensor([[-0.2641,  0.0000,  0.0000,  1.0000,  0.0000,  1.0000]])
tensor([[0.1447, 0.0000, 0.0000, 1.0000, 0.0000, 0.0000]])
tensor([[-0.2308,  1.0000,  0.0000,  1.0000,  1.0000,  0.0000]])
tensor([[-0.7255,  0.0000,  0.0000,  1.0000,  0.0000,  0.0000]])
tensor([[-0.4469,  1.0000,  1.0000,  1.0000,  0.0000,  0.0000]])
tensor([[-0.6319,  1.0000,  1.0000,  1.0000,  0.0000,  1.0000]])
tensor([[-0.0480,  1.0000,  0.0000,  1.0000,  0.0000,  0.0000]])
tensor([[0.4910, 1.0000, 1.0000, 1.0000, 0.0000, 0.0000]])
tensor([[0.9004, 1.0000, 1.0000, 1.0000, 0.0000, 0.0000]])
tensor([[0.8090, 0.0000, 0.0000, 1.0000, 1.0000, 1.0000]])
tensor([[0.8620, 0.0000, 1.0000, 0.0000, 0.0000, 0.0000]])
tensor([[0.8365, 1.0000, 1.0000, 0.0000, 0.0000, 0.0000]])
tensor([[0.6231, 0.0000, 0.0000, 1.0000, 0.0000, 1.0000]])
tensor([[0.3201, 1.0000, 1.0000, 1.0000, 1.0000, 1.0000]])
tensor([[0.3105, 1.0000, 0.0000, 0.0000, 1.0000, 0.0000]])
tensor([[0.0919, 1.0000, 1.0000, 1.0000, 1.0000, 1.0000]])
tensor([[-0.0282,  0.0000,  0.0000,  0.0000,  0.0000,  1.0000]])
tensor([[-0.1379,  0.0000,  1.0000,  1.0000,  0.0000,  1.0000]])
tensor([[0.2459, 1.0000, 1.0000, 1.0000, 1.0000, 1.0000]])
tensor([[-0.5494,  1.0000,  0.0000,  1.0000,  0.0000,  0.0000]])
tensor([[-0.0428,  1.0000,  1.0000,  0.0000,  0.0000,  0.0000]])
tensor([[-0.5012,  0.0000,  0.0000,  1.0000,  0.0000,  1.0000]])
tensor([[0.6923, 0.0000, 0.0000, 1.0000, 0.0000, 1.0000]])
tensor([[0.5902, 1.0000, 1.0000, 1.0000, 0.0000, 1.0000]])
tensor([[-0.3095,  1.0000,  0.0000,  1.0000,  1.0000,  1.0000]])
tensor([[-0.2745,  0.0000,  0.0000,  1.0000,  0.0000,  1.0000]])
tensor([[0.1632, 0.0000, 1.0000, 1.0000, 1.0000, 1.0000]])
tensor([[0.6526, 1.0000, 1.0000, 1.0000, 1.0000, 0.0000]])
tensor([[0.0442, 0.0000, 1.0000, 1.0000, 0.0000, 0.0000]])
tensor([[0.4914, 1.0000, 1.0000, 1.0000, 0.0000, 0.0000]])
tensor([[0.0180, 0.0000, 1.0000, 1.0000, 0.0000, 1.0000]])
tensor([[0.4744, 1.0000, 0.0000, 1.0000, 0.0000, 1.0000]])
tensor([[0.1217, 0.0000, 1.0000, 1.0000, 0.0000, 0.0000]])
tensor([[0.7018, 0.0000, 1.0000, 1.0000, 1.0000, 0.0000]])
tensor([[0.4422, 1.0000, 0.0000, 1.0000, 0.0000, 1.0000]])
tensor([[0.4930, 0.0000, 1.0000, 1.0000, 0.0000, 0.0000]])
tensor([[0.8436, 1.0000, 1.0000, 1.0000, 1.0000, 1.0000]])
tensor([[0.8677, 0.0000, 1.0000, 1.0000, 1.0000, 0.0000]])
tensor([[0.9171, 0.0000, 0.0000, 1.0000, 0.0000, 0.0000]])
tensor([[0.7128, 0.0000, 1.0000, 1.0000, 0.0000, 0.0000]])
tensor([[0.9594, 0.0000, 1.0000, 1.0000, 1.0000, 1.0000]])
tensor([[0.7802, 0.0000, 1.0000, 1.0000, 0.0000, 1.0000]])
tensor([[-0.2738,  1.0000,  1.0000,  1.0000,  0.0000,  0.0000]])
tensor([[-0.2414,  0.0000,  1.0000,  1.0000,  0.0000,  1.0000]])
tensor([[-0.0167,  1.0000,  0.0000,  1.0000,  0.0000,  0.0000]])
tensor([[-0.3088,  0.0000,  0.0000,  1.0000,  0.0000,  1.0000]])
tensor([[0.0832, 0.0000, 1.0000, 1.0000, 0.0000, 0.0000]])
tensor([[-0.6765,  0.0000,  0.0000,  1.0000,  0.0000,  1.0000]])
tensor([[-0.6466,  0.0000,  0.0000,  0.0000,  0.0000,  0.0000]])
tensor([[0.3534, 0.0000, 1.0000, 0.0000, 1.0000, 0.0000]])
tensor([[-0.2889,  0.0000,  1.0000,  1.0000,  1.0000,  1.0000]])
tensor([[-0.0882,  0.0000,  1.0000,  1.0000,  0.0000,  0.0000]])
tensor([[0.2812, 0.0000, 1.0000, 1.0000, 0.0000, 1.0000]])
tensor([[-0.7130,  0.0000,  0.0000,  1.0000,  0.0000,  0.0000]])
tensor([[0.5999, 1.0000, 1.0000, 1.0000, 1.0000, 0.0000]])
tensor([[0.8436, 0.0000, 1.0000, 0.0000, 1.0000, 0.0000]])
tensor([[0.0446, 0.0000, 1.0000, 1.0000, 0.0000, 0.0000]])
tensor([[-0.6229,  1.0000,  1.0000,  1.0000,  0.0000,  0.0000]])
tensor([[0.3929, 1.0000, 1.0000, 1.0000, 1.0000, 0.0000]])
tensor([[0.4821, 1.0000, 0.0000, 1.0000, 1.0000, 0.0000]])
tensor([[0.4239, 1.0000, 1.0000, 1.0000, 0.0000, 0.0000]])
tensor([[0.8823, 1.0000, 1.0000, 0.0000, 0.0000, 0.0000]])
tensor([[0.9448, 0.0000, 0.0000, 0.0000, 0.0000, 0.0000]])
tensor([[0.8651, 1.0000, 0.0000, 1.0000, 0.0000, 1.0000]])
tensor([[0.8601, 0.0000, 0.0000, 1.0000, 1.0000, 0.0000]])
tensor([[0.0796, 0.0000, 1.0000, 1.0000, 0.0000, 0.0000]])
tensor([[-0.5472,  0.0000,  0.0000,  0.0000,  1.0000,  1.0000]])
tensor([[0.3429, 0.0000, 0.0000, 0.0000, 0.0000, 1.0000]])
tensor([[0.0612, 0.0000, 1.0000, 0.0000, 0.0000, 1.0000]])
tensor([[0.8137, 1.0000, 1.0000, 0.0000, 0.0000, 0.0000]])
tensor([[0.5584, 0.0000, 1.0000, 1.0000, 0.0000, 0.0000]])
tensor([[0.4196, 1.0000, 0.0000, 0.0000, 0.0000, 0.0000]])
tensor([[-0.2668,  0.0000,  0.0000,  1.0000,  0.0000,  1.0000]])
tensor([[0.3157, 1.0000, 0.0000, 0.0000, 0.0000, 1.0000]])
tensor([[-0.1406,  0.0000,  0.0000,  0.0000,  0.0000,  1.0000]])
tensor([[-0.1635,  0.0000,  0.0000,  1.0000,  0.0000,  0.0000]])
tensor([[0.5556, 1.0000, 1.0000, 0.0000, 1.0000, 0.0000]])
tensor([[-0.2753,  0.0000,  0.0000,  0.0000,  0.0000,  1.0000]])
tensor([[0.5003, 0.0000, 1.0000, 0.0000, 0.0000, 1.0000]])
tensor([[0.6871, 0.0000, 0.0000, 1.0000, 0.0000, 1.0000]])
tensor([[0.5710, 1.0000, 0.0000, 1.0000, 0.0000, 1.0000]])
tensor([[-0.1372,  0.0000,  0.0000,  1.0000,  0.0000,  0.0000]])
tensor([[0.2433, 0.0000, 1.0000, 0.0000, 0.0000, 0.0000]])
tensor([[0.3785, 1.0000, 1.0000, 0.0000, 0.0000, 1.0000]])
tensor([[-0.0665,  0.0000,  0.0000,  1.0000,  1.0000,  1.0000]])
tensor([[0.3060, 1.0000, 0.0000, 1.0000, 1.0000, 1.0000]])
tensor([[-0.1560,  1.0000,  1.0000,  0.0000,  1.0000,  1.0000]])
tensor([[-0.2118,  1.0000,  0.0000,  0.0000,  0.0000,  1.0000]])
tensor([[-0.1426,  0.0000,  0.0000,  1.0000,  0.0000,  0.0000]])
tensor([[-0.1607,  0.0000,  1.0000,  1.0000,  0.0000,  1.0000]])
tensor([[0.4308, 1.0000, 1.0000, 0.0000, 0.0000, 0.0000]])
tensor([[-0.0725,  0.0000,  0.0000,  0.0000,  0.0000,  0.0000]])
tensor([[0.2103, 1.0000, 0.0000, 1.0000, 0.0000, 1.0000]])
tensor([[-0.4602,  0.0000,  1.0000,  1.0000,  0.0000,  1.0000]])
tensor([[0.4527, 0.0000, 1.0000, 1.0000, 0.0000, 0.0000]])
tensor([[0.7419, 0.0000, 0.0000, 0.0000, 0.0000, 1.0000]])
tensor([[0.4948, 1.0000, 1.0000, 1.0000, 0.0000, 1.0000]])
tensor([[-0.1091,  1.0000,  0.0000,  1.0000,  0.0000,  0.0000]])
tensor([[-0.4734,  0.0000,  1.0000,  1.0000,  0.0000,  1.0000]])
tensor([[0.6617, 0.0000, 0.0000, 1.0000, 0.0000, 1.0000]])
tensor([[0.6078, 0.0000, 1.0000, 1.0000, 0.0000, 1.0000]])
tensor([[0.8931, 0.0000, 1.0000, 1.0000, 1.0000, 0.0000]])
tensor([[0.8965, 1.0000, 1.0000, 0.0000, 0.0000, 0.0000]])
tensor([[0.9350, 1.0000, 1.0000, 1.0000, 0.0000, 0.0000]])
tensor([[0.8746, 0.0000, 0.0000, 1.0000, 0.0000, 1.0000]])
tensor([[0.9189, 1.0000, 1.0000, 1.0000, 0.0000, 0.0000]])
tensor([[0.9082, 1.0000, 1.0000, 0.0000, 1.0000, 0.0000]])
tensor([[0.4880, 1.0000, 0.0000, 0.0000, 1.0000, 1.0000]])
tensor([[0.8156, 1.0000, 1.0000, 1.0000, 1.0000, 0.0000]])
tensor([[0.8986, 0.0000, 0.0000, 1.0000, 0.0000, 1.0000]])
tensor([[-0.5386,  0.0000,  1.0000,  1.0000,  0.0000,  0.0000]])
tensor([[0.7579, 0.0000, 1.0000, 1.0000, 1.0000, 1.0000]])
tensor([[0.8623, 0.0000, 0.0000, 1.0000, 0.0000, 0.0000]])
tensor([[0.7210, 0.0000, 1.0000, 1.0000, 0.0000, 1.0000]])
tensor([[0.8988, 0.0000, 1.0000, 1.0000, 0.0000, 0.0000]])
tensor([[0.8204, 1.0000, 0.0000, 0.0000, 0.0000, 0.0000]])
tensor([[0.9668, 0.0000, 0.0000, 0.0000, 0.0000, 0.0000]])
tensor([[0.9309, 1.0000, 1.0000, 1.0000, 0.0000, 1.0000]])
tensor([[0.8285, 1.0000, 1.0000, 1.0000, 0.0000, 0.0000]])
tensor([[0.7673, 1.0000, 0.0000, 0.0000, 0.0000, 1.0000]])
tensor([[0.9376, 0.0000, 1.0000, 0.0000, 0.0000, 0.0000]])
tensor([[0.3911, 0.0000, 0.0000, 1.0000, 1.0000, 0.0000]])
tensor([[0.2204, 1.0000, 1.0000, 1.0000, 0.0000, 0.0000]])
tensor([[0.4925, 1.0000, 1.0000, 0.0000, 0.0000, 1.0000]])
tensor([[-0.1461,  0.0000,  0.0000,  0.0000,  1.0000,  0.0000]])
tensor([[0.1657, 0.0000, 0.0000, 0.0000, 0.0000, 1.0000]])
tensor([[0.3264, 1.0000, 1.0000, 1.0000, 0.0000, 1.0000]])
tensor([[0.1005, 1.0000, 1.0000, 0.0000, 0.0000, 0.0000]])
tensor([[0.0164, 0.0000, 1.0000, 1.0000, 0.0000, 0.0000]])
tensor([[0.4110, 0.0000, 0.0000, 1.0000, 0.0000, 1.0000]])
tensor([[0.2600, 1.0000, 1.0000, 1.0000, 0.0000, 0.0000]])
tensor([[0.0050, 0.0000, 1.0000, 1.0000, 0.0000, 0.0000]])
tensor([[0.2308, 1.0000, 1.0000, 1.0000, 0.0000, 1.0000]])
tensor([[-0.2598,  1.0000,  1.0000,  0.0000,  0.0000,  1.0000]])
tensor([[-0.5279,  0.0000,  1.0000,  0.0000,  0.0000,  0.0000]])
tensor([[-0.1401,  0.0000,  1.0000,  0.0000,  0.0000,  0.0000]])
tensor([[0.6592, 0.0000, 1.0000, 1.0000, 1.0000, 1.0000]])
tensor([[0.7322, 1.0000, 1.0000, 0.0000, 1.0000, 0.0000]])
tensor([[0.6354, 1.0000, 0.0000, 0.0000, 0.0000, 1.0000]])
tensor([[0.5835, 0.0000, 1.0000, 0.0000, 0.0000, 0.0000]])
tensor([[0.6612, 0.0000, 1.0000, 1.0000, 1.0000, 0.0000]])
tensor([[0.9013, 0.0000, 1.0000, 1.0000, 0.0000, 0.0000]])
tensor([[0.7142, 0.0000, 0.0000, 1.0000, 0.0000, 0.0000]])
tensor([[-0.2161,  0.0000,  1.0000,  1.0000,  0.0000,  0.0000]])
tensor([[-0.5501,  0.0000,  1.0000,  1.0000,  0.0000,  0.0000]])
tensor([[0.5311, 0.0000, 1.0000, 1.0000, 0.0000, 0.0000]])
tensor([[0.0260, 1.0000, 0.0000, 1.0000, 0.0000, 1.0000]])
tensor([[0.5762, 1.0000, 0.0000, 1.0000, 0.0000, 0.0000]])
tensor([[0.7381, 0.0000, 1.0000, 1.0000, 0.0000, 1.0000]])
tensor([[0.6155, 0.0000, 1.0000, 1.0000, 0.0000, 0.0000]])
tensor([[-0.5431,  0.0000,  1.0000,  1.0000,  1.0000,  0.0000]])
tensor([[0.0226, 0.0000, 1.0000, 1.0000, 0.0000, 0.0000]])
tensor([[-0.2183,  1.0000,  0.0000,  1.0000,  0.0000,  1.0000]])
tensor([[0.3096, 0.0000, 0.0000, 0.0000, 0.0000, 0.0000]])
tensor([[0.6408, 0.0000, 1.0000, 1.0000, 0.0000, 0.0000]])
tensor([[0.4687, 1.0000, 0.0000, 1.0000, 1.0000, 0.0000]])
tensor([[0.3909, 1.0000, 1.0000, 0.0000, 1.0000, 0.0000]])
tensor([[0.8582, 1.0000, 1.0000, 1.0000, 0.0000, 0.0000]])
tensor([[0.9112, 1.0000, 1.0000, 0.0000, 1.0000, 1.0000]])
tensor([[0.9509, 1.0000, 1.0000, 1.0000, 0.0000, 0.0000]])
tensor([[0.9522, 1.0000, 0.0000, 1.0000, 0.0000, 0.0000]])
tensor([[0.9595, 0.0000, 0.0000, 1.0000, 0.0000, 0.0000]])
tensor([[0.6952, 0.0000, 0.0000, 1.0000, 0.0000, 1.0000]])
tensor([[0.3864, 1.0000, 1.0000, 1.0000, 1.0000, 0.0000]])
tensor([[0.0558, 0.0000, 0.0000, 1.0000, 1.0000, 1.0000]])
tensor([[-0.3824,  0.0000,  0.0000,  1.0000,  0.0000,  1.0000]])
tensor([[-0.4813,  1.0000,  0.0000,  0.0000,  1.0000,  0.0000]])
tensor([[-0.5425,  0.0000,  1.0000,  1.0000,  0.0000,  1.0000]])
tensor([[-0.4711,  0.0000,  0.0000,  0.0000,  1.0000,  0.0000]])
tensor([[0.0329, 1.0000, 1.0000, 0.0000, 1.0000, 1.0000]])
tensor([[-0.1697,  1.0000,  0.0000,  0.0000,  0.0000,  1.0000]])
tensor([[0.9434, 0.0000, 0.0000, 0.0000, 1.0000, 1.0000]])
tensor([[0.8457, 0.0000, 0.0000, 1.0000, 0.0000, 1.0000]])
tensor([[0.1417, 1.0000, 1.0000, 1.0000, 0.0000, 0.0000]])
tensor([[0.0602, 0.0000, 0.0000, 1.0000, 1.0000, 0.0000]])
tensor([[-0.0763,  1.0000,  1.0000,  1.0000,  0.0000,  0.0000]])
tensor([[0.2664, 1.0000, 0.0000, 0.0000, 0.0000, 1.0000]])
tensor([[0.2293, 1.0000, 0.0000, 0.0000, 1.0000, 0.0000]])
tensor([[-0.2241,  0.0000,  1.0000,  0.0000,  0.0000,  1.0000]])
tensor([[-0.2023,  1.0000,  0.0000,  0.0000,  1.0000,  1.0000]])
tensor([[0.0965, 1.0000, 0.0000, 1.0000, 0.0000, 1.0000]])
tensor([[-0.1829,  1.0000,  1.0000,  0.0000,  1.0000,  0.0000]])
tensor([[-0.8968,  1.0000,  0.0000,  1.0000,  1.0000,  0.0000]])
tensor([[-0.5534,  1.0000,  0.0000,  1.0000,  0.0000,  1.0000]])
tensor([[0.0819, 1.0000, 0.0000, 1.0000, 0.0000, 1.0000]])
tensor([[-0.0610,  1.0000,  0.0000,  1.0000,  0.0000,  0.0000]])
tensor([[-0.8655,  1.0000,  1.0000,  1.0000,  0.0000,  0.0000]])
tensor([[-0.9728,  1.0000,  0.0000,  1.0000,  0.0000,  0.0000]])
tensor([[0.9684, 1.0000, 0.0000, 1.0000, 0.0000, 1.0000]])
tensor([[0.8306, 1.0000, 1.0000, 0.0000, 1.0000, 0.0000]])
tensor([[-0.6837,  1.0000,  0.0000,  1.0000,  0.0000,  1.0000]])
tensor([[-0.9894,  0.0000,  1.0000,  0.0000,  1.0000,  0.0000]])
tensor([[-0.9958,  0.0000,  1.0000,  0.0000,  0.0000,  0.0000]])
tensor([[-0.9920,  1.0000,  1.0000,  0.0000,  0.0000,  1.0000]])
tensor([[-0.9933,  1.0000,  0.0000,  0.0000,  0.0000,  1.0000]])
tensor([[-0.6243,  1.0000,  0.0000,  1.0000,  0.0000,  1.0000]])
tensor([[0.9882, 0.0000, 0.0000, 0.0000, 1.0000, 0.0000]])
tensor([[1.0000, 0.0000, 0.0000, 0.0000, 0.0000, 1.0000]])
tensor([[0.9983, 0.0000, 0.0000, 1.0000, 0.0000, 1.0000]])
tensor([[0.9990, 0.0000, 0.0000, 0.0000, 1.0000, 0.0000]])
tensor([[0.9998, 1.0000, 0.0000, 1.0000, 0.0000, 1.0000]])
tensor([[0.9970, 1.0000, 1.0000, 0.0000, 0.0000, 1.0000]])
tensor([[0.4483, 1.0000, 0.0000, 1.0000, 0.0000, 0.0000]])
tensor([[0.9982, 0.0000, 1.0000, 1.0000, 1.0000, 1.0000]])
tensor([[0.9690, 1.0000, 0.0000, 0.0000, 0.0000, 0.0000]])
tensor([[0.3234, 1.0000, 0.0000, 0.0000, 1.0000, 1.0000]])
tensor([[-0.4247,  1.0000,  0.0000,  0.0000,  0.0000,  1.0000]])
tensor([[-0.2593,  0.0000,  0.0000,  1.0000,  0.0000,  1.0000]])
tensor([[0.6320, 1.0000, 0.0000, 1.0000, 1.0000, 0.0000]])
tensor([[0.9224, 0.0000, 1.0000, 0.0000, 1.0000, 0.0000]])
tensor([[0.6950, 1.0000, 1.0000, 1.0000, 0.0000, 1.0000]])
tensor([[0.5415, 1.0000, 1.0000, 1.0000, 0.0000, 1.0000]])
tensor([[0.9953, 0.0000, 0.0000, 1.0000, 0.0000, 0.0000]])
tensor([[0.9955, 0.0000, 1.0000, 1.0000, 0.0000, 1.0000]])
tensor([[0.8571, 0.0000, 0.0000, 1.0000, 0.0000, 0.0000]])
tensor([[-0.2872,  1.0000,  1.0000,  0.0000,  0.0000,  0.0000]])
tensor([[-0.6166,  1.0000,  0.0000,  0.0000,  0.0000,  1.0000]])
tensor([[-0.9540,  1.0000,  0.0000,  0.0000,  0.0000,  0.0000]])
tensor([[0.9101, 0.0000, 0.0000, 0.0000, 1.0000, 0.0000]])
tensor([[-0.0944,  1.0000,  0.0000,  0.0000,  0.0000,  1.0000]])
tensor([[-0.4141,  1.0000,  0.0000,  0.0000,  0.0000,  1.0000]])
tensor([[0.3656, 1.0000, 1.0000, 1.0000, 1.0000, 1.0000]])
tensor([[0.1006, 0.0000, 0.0000, 0.0000, 0.0000, 0.0000]])
tensor([[0.9437, 1.0000, 0.0000, 1.0000, 0.0000, 0.0000]])
tensor([[0.3464, 1.0000, 0.0000, 0.0000, 0.0000, 1.0000]])
tensor([[0.0658, 0.0000, 0.0000, 0.0000, 1.0000, 0.0000]])
tensor([[-0.9606,  1.0000,  0.0000,  1.0000,  0.0000,  1.0000]])
tensor([[-0.7933,  0.0000,  0.0000,  1.0000,  0.0000,  1.0000]])
tensor([[0.8304, 0.0000, 0.0000, 1.0000, 0.0000, 0.0000]])
tensor([[0.8990, 0.0000, 1.0000, 0.0000, 1.0000, 0.0000]])
tensor([[0.7961, 1.0000, 0.0000, 1.0000, 0.0000, 1.0000]])
tensor([[0.1400, 0.0000, 0.0000, 1.0000, 1.0000, 0.0000]])
tensor([[0.4991, 0.0000, 0.0000, 1.0000, 1.0000, 0.0000]])
tensor([[0.3741, 1.0000, 0.0000, 0.0000, 0.0000, 0.0000]])
tensor([[-0.9961,  1.0000,  0.0000,  1.0000,  0.0000,  1.0000]])
tensor([[-0.4597,  1.0000,  0.0000,  1.0000,  0.0000,  0.0000]])
tensor([[0.8061, 1.0000, 1.0000, 0.0000, 1.0000, 1.0000]])
tensor([[0.2415, 1.0000, 1.0000, 1.0000, 0.0000, 1.0000]])
tensor([[-0.5972,  0.0000,  0.0000,  1.0000,  0.0000,  0.0000]])
tensor([[-0.9868,  1.0000,  0.0000,  1.0000,  1.0000,  1.0000]])
tensor([[-0.9888,  1.0000,  1.0000,  1.0000,  0.0000,  1.0000]])
tensor([[-0.9197,  0.0000,  0.0000,  0.0000,  0.0000,  1.0000]])
tensor([[-0.8541,  1.0000,  0.0000,  1.0000,  1.0000,  0.0000]])
tensor([[0.2834, 1.0000, 0.0000, 0.0000, 1.0000, 1.0000]])
tensor([[-0.5806,  1.0000,  0.0000,  0.0000,  0.0000,  1.0000]])
tensor([[-0.2540,  0.0000,  1.0000,  1.0000,  0.0000,  0.0000]])
tensor([[0.9353, 1.0000, 1.0000, 0.0000, 0.0000, 1.0000]])
tensor([[0.9758, 1.0000, 1.0000, 0.0000, 0.0000, 1.0000]])
tensor([[0.8133, 0.0000, 0.0000, 0.0000, 0.0000, 1.0000]])
tensor([[-0.6653,  0.0000,  0.0000,  1.0000,  0.0000,  0.0000]])
tensor([[0.0319, 0.0000, 0.0000, 1.0000, 1.0000, 1.0000]])
tensor([[0.5923, 1.0000, 0.0000, 0.0000, 0.0000, 1.0000]])
tensor([[0.9502, 1.0000, 0.0000, 1.0000, 0.0000, 0.0000]])
tensor([[0.9918, 0.0000, 1.0000, 0.0000, 0.0000, 1.0000]])
tensor([[0.4115, 0.0000, 0.0000, 0.0000, 0.0000, 1.0000]])
tensor([[-0.7817,  0.0000,  0.0000,  1.0000,  0.0000,  1.0000]])
tensor([[0.1039, 0.0000, 0.0000, 1.0000, 0.0000, 0.0000]])
tensor([[0.9864, 0.0000, 0.0000, 1.0000, 0.0000, 0.0000]])
tensor([[0.9915, 0.0000, 0.0000, 1.0000, 0.0000, 0.0000]])
tensor([[0.9917, 1.0000, 0.0000, 1.0000, 0.0000, 1.0000]])
tensor([[0.9982, 1.0000, 1.0000, 0.0000, 1.0000, 0.0000]])
tensor([[0.9948, 0.0000, 0.0000, 1.0000, 1.0000, 1.0000]])
tensor([[0.9380, 0.0000, 0.0000, 1.0000, 1.0000, 0.0000]])
tensor([[0.8566, 1.0000, 0.0000, 0.0000, 0.0000, 1.0000]])
tensor([[0.4199, 1.0000, 0.0000, 0.0000, 1.0000, 0.0000]])
tensor([[0.0524, 1.0000, 0.0000, 0.0000, 0.0000, 1.0000]])
tensor([[0.3010, 0.0000, 0.0000, 1.0000, 0.0000, 0.0000]])
tensor([[-0.4258,  1.0000,  0.0000,  0.0000,  0.0000,  0.0000]])
tensor([[-0.8182,  1.0000,  0.0000,  0.0000,  1.0000,  0.0000]])
tensor([[-0.1790,  1.0000,  1.0000,  1.0000,  0.0000,  0.0000]])
tensor([[0.3094, 0.0000, 0.0000, 1.0000, 1.0000, 0.0000]])
tensor([[-0.7800,  1.0000,  0.0000,  0.0000,  0.0000,  0.0000]])
tensor([[-0.7589,  0.0000,  1.0000,  1.0000,  0.0000,  1.0000]])
tensor([[-0.1585,  1.0000,  0.0000,  1.0000,  1.0000,  1.0000]])
tensor([[0.2052, 1.0000, 0.0000, 1.0000, 1.0000, 1.0000]])
tensor([[0.3921, 1.0000, 0.0000, 0.0000, 0.0000, 1.0000]])
tensor([[-0.9914,  0.0000,  0.0000,  0.0000,  0.0000,  1.0000]])
tensor([[-0.9674,  0.0000,  0.0000,  0.0000,  1.0000,  0.0000]])
tensor([[-0.9902,  1.0000,  0.0000,  0.0000,  0.0000,  1.0000]])
tensor([[-0.4454,  1.0000,  0.0000,  0.0000,  1.0000,  0.0000]])
tensor([[0.6988, 1.0000, 1.0000, 0.0000, 1.0000, 0.0000]])
tensor([[0.2729, 1.0000, 0.0000, 1.0000, 1.0000, 1.0000]])
tensor([[-0.5196,  0.0000,  0.0000,  1.0000,  0.0000,  0.0000]])
tensor([[-0.9822,  1.0000,  0.0000,  1.0000,  0.0000,  1.0000]])
tensor([[-0.9574,  0.0000,  1.0000,  1.0000,  0.0000,  1.0000]])
tensor([[-0.9987,  1.0000,  1.0000,  1.0000,  0.0000,  0.0000]])
tensor([[-0.9984,  0.0000,  0.0000,  1.0000,  1.0000,  0.0000]])
tensor([[-0.9985,  0.0000,  1.0000,  0.0000,  0.0000,  0.0000]])
tensor([[-0.9995,  0.0000,  0.0000,  1.0000,  0.0000,  1.0000]])
tensor([[-0.9977,  1.0000,  1.0000,  1.0000,  0.0000,  0.0000]])
tensor([[-0.9440,  1.0000,  1.0000,  0.0000,  0.0000,  1.0000]])
tensor([[-0.9717,  0.0000,  0.0000,  1.0000,  0.0000,  0.0000]])
tensor([[-0.9524,  0.0000,  0.0000,  1.0000,  0.0000,  1.0000]])
tensor([[0.0054, 1.0000, 0.0000, 1.0000, 1.0000, 1.0000]])
tensor([[-0.0242,  0.0000,  0.0000,  0.0000,  0.0000,  0.0000]])
tensor([[-0.8563,  0.0000,  0.0000,  0.0000,  0.0000,  0.0000]])
tensor([[-0.0878,  1.0000,  0.0000,  0.0000,  0.0000,  1.0000]])
tensor([[0.5225, 1.0000, 0.0000, 1.0000, 0.0000, 1.0000]])
tensor([[0.4082, 1.0000, 0.0000, 1.0000, 1.0000, 1.0000]])
tensor([[-0.9861,  1.0000,  1.0000,  1.0000,  0.0000,  0.0000]])
tensor([[-0.9972,  1.0000,  1.0000,  0.0000,  0.0000,  0.0000]])
tensor([[-0.9977,  1.0000,  0.0000,  0.0000,  0.0000,  1.0000]])
tensor([[-0.9641,  0.0000,  0.0000,  1.0000,  0.0000,  1.0000]])
tensor([[-0.2094,  1.0000,  0.0000,  1.0000,  0.0000,  0.0000]])
tensor([[-0.9163,  1.0000,  0.0000,  1.0000,  0.0000,  1.0000]])
tensor([[-0.1358,  0.0000,  1.0000,  0.0000,  0.0000,  0.0000]])
tensor([[0.9221, 1.0000, 1.0000, 0.0000, 0.0000, 0.0000]])
tensor([[0.9653, 0.0000, 0.0000, 1.0000, 1.0000, 1.0000]])
tensor([[0.1547, 1.0000, 0.0000, 1.0000, 0.0000, 0.0000]])
tensor([[-0.6855,  1.0000,  0.0000,  0.0000,  0.0000,  1.0000]])
tensor([[-0.6881,  1.0000,  0.0000,  0.0000,  0.0000,  0.0000]])
tensor([[-0.9810,  0.0000,  0.0000,  1.0000,  0.0000,  0.0000]])
tensor([[-0.8773,  1.0000,  1.0000,  0.0000,  1.0000,  0.0000]])
tensor([[0.1227, 0.0000, 0.0000, 1.0000, 0.0000, 0.0000]])
tensor([[-0.3404,  1.0000,  0.0000,  0.0000,  0.0000,  0.0000]])
tensor([[0.0221, 1.0000, 1.0000, 1.0000, 0.0000, 0.0000]])
tensor([[-0.3917,  1.0000,  0.0000,  1.0000,  0.0000,  0.0000]])
tensor([[-0.5863,  1.0000,  0.0000,  1.0000,  0.0000,  1.0000]])
tensor([[-0.8937,  0.0000,  0.0000,  0.0000,  0.0000,  0.0000]])
tensor([[-0.9915,  1.0000,  1.0000,  1.0000,  1.0000,  0.0000]])
tensor([[-0.8748,  1.0000,  1.0000,  0.0000,  0.0000,  0.0000]])
tensor([[-0.9549,  0.0000,  0.0000,  0.0000,  1.0000,  0.0000]])
tensor([[0.0112, 0.0000, 1.0000, 1.0000, 0.0000, 0.0000]])
tensor([[0.5288, 0.0000, 0.0000, 1.0000, 0.0000, 1.0000]])
tensor([[-0.9420,  1.0000,  0.0000,  1.0000,  1.0000,  1.0000]])
tensor([[-0.7307,  0.0000,  0.0000,  0.0000,  1.0000,  1.0000]])
tensor([[-0.0514,  0.0000,  0.0000,  0.0000,  0.0000,  0.0000]])
tensor([[0.1877, 0.0000, 0.0000, 0.0000, 0.0000, 1.0000]])
tensor([[0.0556, 1.0000, 0.0000, 1.0000, 0.0000, 1.0000]])
tensor([[0.1628, 0.0000, 1.0000, 1.0000, 1.0000, 1.0000]])
tensor([[-0.2925,  1.0000,  1.0000,  0.0000,  0.0000,  1.0000]])
tensor([[-0.2224,  1.0000,  1.0000,  0.0000,  0.0000,  1.0000]])
tensor([[0.0219, 1.0000, 1.0000, 1.0000, 0.0000, 0.0000]])
tensor([[0.0949, 0.0000, 0.0000, 1.0000, 0.0000, 1.0000]])
tensor([[-0.2192,  1.0000,  1.0000,  1.0000,  0.0000,  1.0000]])
tensor([[-0.1881,  1.0000,  1.0000,  1.0000,  0.0000,  0.0000]])
tensor([[0.4955, 1.0000, 0.0000, 1.0000, 1.0000, 0.0000]])
tensor([[0.4448, 1.0000, 0.0000, 1.0000, 0.0000, 1.0000]])
INFO:root:Agent 0 (TQCars): avg action time = 0.0016s
tensor([[0.7741, 0.0000, 1.0000, 1.0000, 0.0000, 0.0000]])
tensor([[0.8784, 0.0000, 0.0000, 0.0000, 1.0000, 1.0000]])
tensor([[0.6929, 0.0000, 0.0000, 1.0000, 0.0000, 1.0000]])
tensor([[0.7094, 0.0000, 0.0000, 1.0000, 0.0000, 0.0000]])
tensor([[0.5300, 0.0000, 0.0000, 1.0000, 0.0000, 1.0000]])
tensor([[0.1197, 1.0000, 0.0000, 0.0000, 0.0000, 0.0000]])
tensor([[-0.9835,  0.0000,  0.0000,  0.0000,  0.0000,  0.0000]])
tensor([[-0.9275,  0.0000,  1.0000,  1.0000,  0.0000,  0.0000]])
tensor([[-0.4470,  1.0000,  0.0000,  1.0000,  0.0000,  0.0000]])
tensor([[-0.0260,  0.0000,  0.0000,  1.0000,  0.0000,  1.0000]])
tensor([[-0.0215,  1.0000,  0.0000,  1.0000,  0.0000,  0.0000]])
tensor([[0.1748, 0.0000, 0.0000, 1.0000, 1.0000, 0.0000]])
tensor([[0.1089, 0.0000, 1.0000, 1.0000, 0.0000, 0.0000]])
tensor([[-0.3553,  0.0000,  0.0000,  0.0000,  0.0000,  1.0000]])
tensor([[-0.4244,  1.0000,  1.0000,  0.0000,  0.0000,  1.0000]])
tensor([[0.1205, 0.0000, 0.0000, 1.0000, 0.0000, 0.0000]])
tensor([[0.1147, 0.0000, 0.0000, 1.0000, 0.0000, 1.0000]])
tensor([[0.0234, 0.0000, 0.0000, 0.0000, 1.0000, 1.0000]])
tensor([[-0.0169,  0.0000,  1.0000,  1.0000,  0.0000,  1.0000]])
tensor([[-0.1798,  1.0000,  0.0000,  0.0000,  0.0000,  1.0000]])
tensor([[-0.2205,  0.0000,  0.0000,  1.0000,  0.0000,  1.0000]])
{"type": "results", "track": "zengarden", "results": [{"key": 0, "reward": 9.969366455078125, "position": 4, "name": "TQCars", "avg_action_time": 0.001580055220734337}]}
