INFO:root:Loading the agents
INFO:root:Loaded player TQCars
INFO:root:Creating pystk-1
INFO:root:Adding wrapper <function get_wrappers.<locals>.<lambda> at 0x7efb086fb420>
INFO:root:Adding wrapper <function get_wrappers.<locals>.<lambda> at 0x7efb086fb4c0>
INFO:root:Adding wrapper <function get_wrappers.<locals>.<lambda> at 0x7efb086fb560>
INFO:root:Adding wrapper <function get_wrappers.<locals>.<lambda> at 0x7efb086fb600>
INFO:root:(multi-env mono adapter) Setting main environment max_paths to 5
INFO:root:Loading trained model from CHECKPOINT-GPUFAC/tqc_EXP14RACING_900000.pt...
INFO:root:Starting a race
tensor([[-0.2947,  1.0000,  0.0000,  0.0000,  0.0000,  0.0000]])
tensor([[-0.7787,  1.0000,  0.0000,  0.0000,  0.0000,  0.0000]])
tensor([[-0.2957,  1.0000,  0.0000,  0.0000,  0.0000,  0.0000]])
tensor([[-0.8471,  1.0000,  0.0000,  0.0000,  0.0000,  0.0000]])
tensor([[-0.6770,  1.0000,  0.0000,  0.0000,  0.0000,  0.0000]])
tensor([[0.1389, 1.0000, 0.0000, 0.0000, 0.0000, 0.0000]])
tensor([[-0.5979,  1.0000,  0.0000,  0.0000,  0.0000,  0.0000]])
tensor([[-0.9072,  1.0000,  0.0000,  0.0000,  0.0000,  0.0000]])
tensor([[-0.5447,  1.0000,  0.0000,  0.0000,  0.0000,  0.0000]])
tensor([[-0.8878,  1.0000,  0.0000,  0.0000,  0.0000,  0.0000]])
tensor([[-0.8047,  1.0000,  0.0000,  0.0000,  0.0000,  0.0000]])
tensor([[-0.1993,  1.0000,  0.0000,  0.0000,  0.0000,  0.0000]])
tensor([[-0.1426,  1.0000,  0.0000,  0.0000,  0.0000,  0.0000]])
tensor([[-0.2007,  1.0000,  0.0000,  0.0000,  0.0000,  0.0000]])
tensor([[-0.6636,  1.0000,  0.0000,  0.0000,  0.0000,  0.0000]])
tensor([[-0.2092,  1.0000,  0.0000,  0.0000,  0.0000,  0.0000]])
tensor([[-0.7261,  1.0000,  0.0000,  0.0000,  0.0000,  0.0000]])
tensor([[-0.4876,  1.0000,  0.0000,  0.0000,  0.0000,  0.0000]])
tensor([[-0.2546,  1.0000,  0.0000,  0.0000,  0.0000,  0.0000]])
tensor([[-0.7500,  1.0000,  0.0000,  0.0000,  0.0000,  0.0000]])
tensor([[-0.8641,  1.0000,  0.0000,  0.0000,  0.0000,  0.0000]])
tensor([[-0.2185,  1.0000,  0.0000,  0.0000,  0.0000,  0.0000]])
tensor([[0.3251, 1.0000, 0.0000, 0.0000, 0.0000, 0.0000]])
tensor([[-0.6943,  1.0000,  0.0000,  0.0000,  0.0000,  0.0000]])
tensor([[-0.6102,  1.0000,  0.0000,  0.0000,  0.0000,  0.0000]])
tensor([[-0.3869,  1.0000,  0.0000,  0.0000,  0.0000,  0.0000]])
tensor([[0.9274, 1.0000, 0.0000, 0.0000, 0.0000, 0.0000]])
tensor([[0.7786, 1.0000, 0.0000, 0.0000, 0.0000, 0.0000]])
tensor([[0.8391, 1.0000, 1.0000, 0.0000, 0.0000, 0.0000]])
tensor([[-0.2711,  1.0000,  0.0000,  0.0000,  0.0000,  0.0000]])
tensor([[-0.8210,  1.0000,  0.0000,  0.0000,  0.0000,  0.0000]])
tensor([[-0.4419,  1.0000,  1.0000,  0.0000,  0.0000,  0.0000]])
tensor([[-0.3893,  1.0000,  0.0000,  0.0000,  0.0000,  0.0000]])
tensor([[-0.8807,  1.0000,  0.0000,  0.0000,  0.0000,  0.0000]])
tensor([[0.7924, 1.0000, 0.0000, 0.0000, 0.0000, 0.0000]])
tensor([[-0.1468,  1.0000,  0.0000,  0.0000,  0.0000,  0.0000]])
tensor([[0.2130, 1.0000, 0.0000, 0.0000, 0.0000, 0.0000]])
tensor([[-0.7876,  1.0000,  0.0000,  0.0000,  0.0000,  0.0000]])
tensor([[-0.9929,  1.0000,  0.0000,  0.0000,  0.0000,  0.0000]])
tensor([[-0.5042,  1.0000,  0.0000,  0.0000,  0.0000,  0.0000]])
tensor([[-0.7596,  1.0000,  0.0000,  0.0000,  0.0000,  0.0000]])
tensor([[-0.8320,  1.0000,  0.0000,  0.0000,  0.0000,  0.0000]])
tensor([[-0.5774,  1.0000,  0.0000,  0.0000,  0.0000,  0.0000]])
tensor([[-0.8002,  1.0000,  0.0000,  0.0000,  0.0000,  0.0000]])
tensor([[-0.4721,  1.0000,  0.0000,  0.0000,  0.0000,  0.0000]])
tensor([[-0.6999,  1.0000,  0.0000,  0.0000,  0.0000,  0.0000]])
tensor([[-0.9405,  1.0000,  0.0000,  0.0000,  0.0000,  0.0000]])
tensor([[0.1701, 1.0000, 0.0000, 0.0000, 0.0000, 0.0000]])
tensor([[-0.9821,  1.0000,  0.0000,  0.0000,  0.0000,  0.0000]])
tensor([[-0.9230,  1.0000,  0.0000,  0.0000,  0.0000,  0.0000]])
tensor([[-0.9849,  1.0000,  0.0000,  0.0000,  0.0000,  0.0000]])
tensor([[-0.4230,  1.0000,  0.0000,  0.0000,  0.0000,  0.0000]])
tensor([[-0.9662,  1.0000,  0.0000,  0.0000,  0.0000,  0.0000]])
tensor([[-0.9797,  1.0000,  0.0000,  0.0000,  0.0000,  0.0000]])
tensor([[-0.8981,  1.0000,  0.0000,  0.0000,  0.0000,  0.0000]])
tensor([[-0.7783,  1.0000,  0.0000,  0.0000,  0.0000,  0.0000]])
tensor([[-0.8901,  1.0000,  0.0000,  0.0000,  0.0000,  0.0000]])
tensor([[-0.5733,  1.0000,  0.0000,  0.0000,  0.0000,  0.0000]])
tensor([[0.2431, 1.0000, 0.0000, 0.0000, 0.0000, 0.0000]])
tensor([[0.7753, 1.0000, 0.0000, 0.0000, 0.0000, 0.0000]])
tensor([[-0.3913,  0.0000,  0.0000,  0.0000,  0.0000,  0.0000]])
tensor([[-0.2588,  1.0000,  0.0000,  0.0000,  0.0000,  0.0000]])
tensor([[0.7132, 1.0000, 0.0000, 0.0000, 0.0000, 0.0000]])
tensor([[-0.6239,  1.0000,  0.0000,  0.0000,  0.0000,  0.0000]])
tensor([[0.7669, 1.0000, 0.0000, 0.0000, 0.0000, 0.0000]])
tensor([[0.6051, 1.0000, 0.0000, 0.0000, 0.0000, 0.0000]])
tensor([[0.6498, 1.0000, 0.0000, 0.0000, 0.0000, 0.0000]])
tensor([[0.7733, 1.0000, 0.0000, 0.0000, 0.0000, 0.0000]])
tensor([[-0.0434,  1.0000,  0.0000,  0.0000,  0.0000,  0.0000]])
tensor([[0.6080, 1.0000, 0.0000, 0.0000, 0.0000, 0.0000]])
tensor([[0.9645, 1.0000, 0.0000, 0.0000, 0.0000, 0.0000]])
tensor([[0.1255, 1.0000, 0.0000, 0.0000, 0.0000, 0.0000]])
tensor([[0.8736, 1.0000, 0.0000, 0.0000, 0.0000, 0.0000]])
tensor([[0.6750, 1.0000, 0.0000, 0.0000, 0.0000, 0.0000]])
tensor([[0.9225, 1.0000, 0.0000, 0.0000, 0.0000, 0.0000]])
tensor([[0.9075, 1.0000, 0.0000, 0.0000, 0.0000, 0.0000]])
tensor([[0.9722, 1.0000, 0.0000, 0.0000, 0.0000, 0.0000]])
tensor([[0.9933, 1.0000, 0.0000, 0.0000, 0.0000, 0.0000]])
tensor([[0.8567, 1.0000, 0.0000, 0.0000, 0.0000, 0.0000]])
tensor([[0.9677, 1.0000, 0.0000, 0.0000, 0.0000, 0.0000]])
tensor([[0.3284, 1.0000, 0.0000, 0.0000, 0.0000, 0.0000]])
tensor([[0.7411, 1.0000, 0.0000, 0.0000, 0.0000, 0.0000]])
tensor([[0.5770, 1.0000, 0.0000, 0.0000, 0.0000, 0.0000]])
tensor([[-0.9804,  1.0000,  0.0000,  0.0000,  0.0000,  0.0000]])
tensor([[-0.9859,  1.0000,  0.0000,  0.0000,  0.0000,  0.0000]])
tensor([[-0.6295,  1.0000,  0.0000,  0.0000,  0.0000,  0.0000]])
tensor([[-0.5320,  1.0000,  0.0000,  0.0000,  0.0000,  0.0000]])
tensor([[0.3656, 1.0000, 0.0000, 0.0000, 0.0000, 0.0000]])
tensor([[0.1759, 1.0000, 0.0000, 0.0000, 0.0000, 0.0000]])
tensor([[0.9906, 1.0000, 0.0000, 0.0000, 0.0000, 0.0000]])
tensor([[0.9844, 1.0000, 0.0000, 0.0000, 0.0000, 0.0000]])
tensor([[0.9981, 0.0000, 0.0000, 0.0000, 0.0000, 0.0000]])
tensor([[0.9841, 1.0000, 0.0000, 0.0000, 0.0000, 0.0000]])
tensor([[0.8894, 1.0000, 0.0000, 0.0000, 0.0000, 0.0000]])
tensor([[0.9778, 1.0000, 0.0000, 0.0000, 0.0000, 0.0000]])
tensor([[0.8848, 1.0000, 0.0000, 0.0000, 0.0000, 0.0000]])
tensor([[-0.7893,  1.0000,  0.0000,  0.0000,  0.0000,  0.0000]])
tensor([[-0.9578,  1.0000,  0.0000,  0.0000,  0.0000,  0.0000]])
tensor([[-0.3760,  1.0000,  0.0000,  0.0000,  0.0000,  0.0000]])
tensor([[-0.9652,  1.0000,  0.0000,  0.0000,  0.0000,  0.0000]])
tensor([[-0.9423,  1.0000,  0.0000,  0.0000,  0.0000,  0.0000]])
tensor([[-0.9545,  1.0000,  0.0000,  0.0000,  0.0000,  0.0000]])
tensor([[-0.9840,  1.0000,  0.0000,  0.0000,  0.0000,  0.0000]])
tensor([[-0.9905,  1.0000,  0.0000,  0.0000,  0.0000,  0.0000]])
tensor([[-0.8515,  1.0000,  0.0000,  0.0000,  0.0000,  0.0000]])
tensor([[-0.9317,  1.0000,  0.0000,  0.0000,  0.0000,  0.0000]])
tensor([[-0.9259,  1.0000,  0.0000,  0.0000,  0.0000,  0.0000]])
tensor([[-0.7616,  1.0000,  0.0000,  0.0000,  0.0000,  0.0000]])
tensor([[-0.9734,  1.0000,  0.0000,  0.0000,  0.0000,  0.0000]])
tensor([[-0.9886,  1.0000,  0.0000,  0.0000,  0.0000,  0.0000]])
tensor([[-0.9908,  1.0000,  0.0000,  0.0000,  0.0000,  0.0000]])
tensor([[-0.9400,  0.0000,  0.0000,  0.0000,  0.0000,  0.0000]])
tensor([[-0.2111,  1.0000,  0.0000,  0.0000,  0.0000,  0.0000]])
tensor([[0.7553, 1.0000, 0.0000, 0.0000, 0.0000, 0.0000]])
tensor([[-0.9804,  1.0000,  0.0000,  0.0000,  0.0000,  0.0000]])
tensor([[-0.8849,  1.0000,  0.0000,  0.0000,  0.0000,  0.0000]])
tensor([[-0.8036,  1.0000,  0.0000,  0.0000,  0.0000,  0.0000]])
tensor([[-0.8857,  1.0000,  0.0000,  0.0000,  0.0000,  0.0000]])
tensor([[-0.9783,  1.0000,  0.0000,  0.0000,  0.0000,  0.0000]])
tensor([[-0.9659,  1.0000,  0.0000,  0.0000,  0.0000,  0.0000]])
tensor([[-0.5506,  1.0000,  0.0000,  0.0000,  0.0000,  0.0000]])
tensor([[-9.4771e-06,  1.0000e+00,  0.0000e+00,  0.0000e+00,  0.0000e+00,
          0.0000e+00]])
tensor([[0.2789, 1.0000, 0.0000, 0.0000, 0.0000, 0.0000]])
tensor([[-0.9011,  1.0000,  0.0000,  0.0000,  0.0000,  0.0000]])
tensor([[-0.5742,  1.0000,  0.0000,  0.0000,  0.0000,  0.0000]])
tensor([[0.0877, 1.0000, 0.0000, 0.0000, 0.0000, 0.0000]])
tensor([[0.7102, 1.0000, 0.0000, 0.0000, 0.0000, 0.0000]])
tensor([[0.9267, 1.0000, 0.0000, 0.0000, 0.0000, 0.0000]])
tensor([[0.9835, 1.0000, 0.0000, 0.0000, 0.0000, 0.0000]])
tensor([[0.6551, 1.0000, 0.0000, 0.0000, 0.0000, 0.0000]])
tensor([[0.6893, 1.0000, 0.0000, 0.0000, 0.0000, 0.0000]])
tensor([[0.8922, 1.0000, 0.0000, 0.0000, 0.0000, 0.0000]])
tensor([[0.9241, 1.0000, 0.0000, 0.0000, 0.0000, 0.0000]])
tensor([[0.9876, 1.0000, 0.0000, 0.0000, 0.0000, 0.0000]])
tensor([[0.8908, 1.0000, 0.0000, 0.0000, 0.0000, 0.0000]])
tensor([[-0.4043,  1.0000,  0.0000,  0.0000,  0.0000,  0.0000]])
tensor([[-0.4060,  1.0000,  0.0000,  0.0000,  0.0000,  0.0000]])
tensor([[0.9049, 1.0000, 0.0000, 0.0000, 0.0000, 0.0000]])
tensor([[-0.8231,  1.0000,  0.0000,  0.0000,  0.0000,  0.0000]])
tensor([[0.6936, 1.0000, 0.0000, 0.0000, 0.0000, 0.0000]])
tensor([[-0.6021,  1.0000,  0.0000,  0.0000,  0.0000,  0.0000]])
tensor([[-0.5022,  1.0000,  1.0000,  0.0000,  0.0000,  0.0000]])
tensor([[0.9535, 1.0000, 0.0000, 0.0000, 0.0000, 0.0000]])
tensor([[0.9219, 1.0000, 0.0000, 0.0000, 0.0000, 0.0000]])
tensor([[0.9538, 1.0000, 0.0000, 0.0000, 0.0000, 0.0000]])
tensor([[0.8604, 1.0000, 0.0000, 0.0000, 0.0000, 0.0000]])
tensor([[0.9600, 1.0000, 0.0000, 0.0000, 0.0000, 0.0000]])
tensor([[-0.7450,  0.0000,  0.0000,  0.0000,  0.0000,  0.0000]])
tensor([[-0.9850,  1.0000,  0.0000,  0.0000,  0.0000,  0.0000]])
tensor([[-0.9920,  1.0000,  0.0000,  0.0000,  0.0000,  0.0000]])
tensor([[-0.9330,  1.0000,  0.0000,  0.0000,  0.0000,  0.0000]])
tensor([[-0.9111,  1.0000,  0.0000,  0.0000,  0.0000,  0.0000]])
tensor([[-0.4893,  1.0000,  0.0000,  0.0000,  0.0000,  0.0000]])
tensor([[-0.9547,  1.0000,  0.0000,  0.0000,  0.0000,  0.0000]])
tensor([[-0.9206,  1.0000,  0.0000,  0.0000,  0.0000,  0.0000]])
tensor([[-0.9659,  1.0000,  0.0000,  0.0000,  0.0000,  0.0000]])
tensor([[-0.8805,  1.0000,  0.0000,  0.0000,  0.0000,  0.0000]])
tensor([[-0.7318,  1.0000,  0.0000,  0.0000,  0.0000,  0.0000]])
tensor([[-0.8518,  1.0000,  0.0000,  0.0000,  0.0000,  0.0000]])
tensor([[0.4577, 1.0000, 0.0000, 0.0000, 0.0000, 0.0000]])
tensor([[0.7853, 1.0000, 0.0000, 0.0000, 0.0000, 0.0000]])
tensor([[0.9931, 1.0000, 0.0000, 0.0000, 0.0000, 0.0000]])
tensor([[0.9979, 1.0000, 0.0000, 0.0000, 0.0000, 0.0000]])
tensor([[0.9954, 1.0000, 0.0000, 0.0000, 0.0000, 0.0000]])
tensor([[0.9939, 1.0000, 0.0000, 0.0000, 0.0000, 0.0000]])
tensor([[0.9921, 1.0000, 0.0000, 0.0000, 0.0000, 0.0000]])
tensor([[0.9224, 1.0000, 0.0000, 0.0000, 0.0000, 0.0000]])
tensor([[0.9536, 1.0000, 0.0000, 0.0000, 0.0000, 0.0000]])
tensor([[-0.8170,  1.0000,  0.0000,  0.0000,  0.0000,  0.0000]])
tensor([[0.4938, 1.0000, 0.0000, 0.0000, 0.0000, 0.0000]])
tensor([[0.8826, 1.0000, 0.0000, 0.0000, 0.0000, 0.0000]])
tensor([[0.8697, 1.0000, 0.0000, 0.0000, 0.0000, 0.0000]])
tensor([[-0.5491,  1.0000,  0.0000,  0.0000,  0.0000,  0.0000]])
tensor([[-0.8145,  1.0000,  0.0000,  0.0000,  0.0000,  0.0000]])
tensor([[-0.4572,  1.0000,  0.0000,  0.0000,  0.0000,  0.0000]])
tensor([[-0.2728,  0.0000,  0.0000,  0.0000,  0.0000,  0.0000]])
tensor([[-0.6809,  1.0000,  0.0000,  0.0000,  0.0000,  0.0000]])
tensor([[0.9747, 1.0000, 0.0000, 0.0000, 0.0000, 0.0000]])
tensor([[0.9948, 1.0000, 0.0000, 0.0000, 0.0000, 0.0000]])
tensor([[0.8141, 1.0000, 0.0000, 0.0000, 0.0000, 0.0000]])
tensor([[0.7997, 1.0000, 0.0000, 0.0000, 0.0000, 0.0000]])
tensor([[0.1435, 1.0000, 0.0000, 0.0000, 0.0000, 0.0000]])
tensor([[-0.4426,  1.0000,  0.0000,  0.0000,  0.0000,  0.0000]])
tensor([[-0.9649,  1.0000,  0.0000,  0.0000,  0.0000,  0.0000]])
tensor([[-0.8692,  1.0000,  0.0000,  0.0000,  0.0000,  0.0000]])
tensor([[-0.4516,  1.0000,  0.0000,  0.0000,  0.0000,  0.0000]])
tensor([[0.7060, 1.0000, 0.0000, 0.0000, 0.0000, 0.0000]])
tensor([[-0.3172,  1.0000,  0.0000,  0.0000,  0.0000,  0.0000]])
tensor([[-0.6483,  1.0000,  0.0000,  0.0000,  0.0000,  0.0000]])
tensor([[-0.8783,  1.0000,  0.0000,  0.0000,  0.0000,  0.0000]])
tensor([[-0.9702,  1.0000,  0.0000,  0.0000,  0.0000,  0.0000]])
tensor([[-0.7871,  1.0000,  0.0000,  0.0000,  0.0000,  0.0000]])
tensor([[-0.7344,  1.0000,  0.0000,  0.0000,  0.0000,  0.0000]])
tensor([[-0.9760,  1.0000,  0.0000,  0.0000,  0.0000,  0.0000]])
tensor([[-0.8861,  1.0000,  0.0000,  0.0000,  0.0000,  0.0000]])
tensor([[-0.1125,  1.0000,  0.0000,  0.0000,  0.0000,  0.0000]])
tensor([[-0.9479,  1.0000,  0.0000,  0.0000,  0.0000,  0.0000]])
tensor([[-0.6759,  1.0000,  0.0000,  0.0000,  0.0000,  0.0000]])
tensor([[-0.9557,  1.0000,  0.0000,  0.0000,  0.0000,  0.0000]])
tensor([[-0.4414,  1.0000,  0.0000,  0.0000,  0.0000,  0.0000]])
tensor([[-0.9406,  1.0000,  0.0000,  0.0000,  0.0000,  0.0000]])
tensor([[-0.4931,  1.0000,  0.0000,  0.0000,  0.0000,  0.0000]])
tensor([[-0.8826,  1.0000,  0.0000,  0.0000,  0.0000,  0.0000]])
tensor([[-0.9901,  1.0000,  0.0000,  0.0000,  0.0000,  0.0000]])
tensor([[-0.6603,  1.0000,  0.0000,  0.0000,  0.0000,  0.0000]])
tensor([[-0.6916,  1.0000,  0.0000,  0.0000,  0.0000,  0.0000]])
tensor([[-0.9884,  1.0000,  0.0000,  0.0000,  0.0000,  0.0000]])
tensor([[-0.6045,  1.0000,  0.0000,  0.0000,  0.0000,  0.0000]])
tensor([[-0.9393,  1.0000,  0.0000,  0.0000,  0.0000,  0.0000]])
tensor([[-0.7490,  1.0000,  0.0000,  0.0000,  0.0000,  0.0000]])
tensor([[-0.4130,  1.0000,  0.0000,  0.0000,  0.0000,  0.0000]])
tensor([[-0.9900,  1.0000,  0.0000,  0.0000,  0.0000,  0.0000]])
tensor([[-0.3437,  1.0000,  0.0000,  0.0000,  0.0000,  0.0000]])
tensor([[-0.4036,  1.0000,  0.0000,  0.0000,  0.0000,  0.0000]])
tensor([[-0.9780,  1.0000,  0.0000,  0.0000,  0.0000,  0.0000]])
tensor([[-0.7901,  1.0000,  0.0000,  0.0000,  0.0000,  0.0000]])
tensor([[-0.9628,  1.0000,  0.0000,  0.0000,  0.0000,  0.0000]])
tensor([[-0.8476,  1.0000,  0.0000,  0.0000,  0.0000,  0.0000]])
tensor([[-0.6765,  1.0000,  0.0000,  0.0000,  0.0000,  0.0000]])
tensor([[-0.7202,  1.0000,  0.0000,  0.0000,  0.0000,  0.0000]])
tensor([[-0.7569,  1.0000,  0.0000,  0.0000,  0.0000,  0.0000]])
tensor([[-0.2543,  1.0000,  0.0000,  0.0000,  0.0000,  0.0000]])
tensor([[0.8589, 1.0000, 0.0000, 0.0000, 0.0000, 0.0000]])
tensor([[0.2352, 1.0000, 0.0000, 0.0000, 0.0000, 0.0000]])
tensor([[0.4066, 1.0000, 0.0000, 0.0000, 0.0000, 0.0000]])
tensor([[0.4133, 1.0000, 0.0000, 0.0000, 0.0000, 0.0000]])
tensor([[-0.9144,  1.0000,  0.0000,  0.0000,  0.0000,  0.0000]])
tensor([[0.4640, 1.0000, 0.0000, 0.0000, 0.0000, 0.0000]])
tensor([[-0.9295,  1.0000,  0.0000,  0.0000,  0.0000,  0.0000]])
tensor([[-0.9543,  1.0000,  0.0000,  0.0000,  0.0000,  0.0000]])
tensor([[-0.0142,  1.0000,  0.0000,  0.0000,  0.0000,  0.0000]])
tensor([[0.7832, 1.0000, 0.0000, 0.0000, 0.0000, 0.0000]])
tensor([[0.7623, 1.0000, 0.0000, 0.0000, 0.0000, 0.0000]])
tensor([[-0.3270,  1.0000,  0.0000,  0.0000,  0.0000,  0.0000]])
tensor([[-0.5691,  1.0000,  0.0000,  0.0000,  0.0000,  0.0000]])
tensor([[-0.6616,  1.0000,  0.0000,  0.0000,  0.0000,  0.0000]])
tensor([[-0.6564,  1.0000,  0.0000,  0.0000,  0.0000,  0.0000]])
tensor([[-0.7664,  1.0000,  0.0000,  0.0000,  0.0000,  0.0000]])
tensor([[0.6655, 1.0000, 0.0000, 0.0000, 0.0000, 0.0000]])
tensor([[-0.6618,  1.0000,  0.0000,  0.0000,  0.0000,  0.0000]])
tensor([[0.7703, 1.0000, 0.0000, 0.0000, 0.0000, 0.0000]])
tensor([[0.8217, 1.0000, 0.0000, 0.0000, 0.0000, 0.0000]])
tensor([[0.4892, 1.0000, 1.0000, 0.0000, 0.0000, 0.0000]])
tensor([[0.9807, 1.0000, 0.0000, 0.0000, 0.0000, 0.0000]])
tensor([[0.9292, 1.0000, 0.0000, 0.0000, 0.0000, 0.0000]])
tensor([[0.6665, 1.0000, 0.0000, 0.0000, 0.0000, 0.0000]])
tensor([[0.4111, 1.0000, 0.0000, 0.0000, 0.0000, 0.0000]])
tensor([[0.6143, 1.0000, 0.0000, 0.0000, 0.0000, 0.0000]])
tensor([[0.9410, 1.0000, 0.0000, 0.0000, 0.0000, 0.0000]])
tensor([[0.9003, 1.0000, 0.0000, 0.0000, 0.0000, 0.0000]])
tensor([[0.5681, 1.0000, 0.0000, 0.0000, 0.0000, 0.0000]])
tensor([[0.9630, 1.0000, 0.0000, 0.0000, 0.0000, 0.0000]])
tensor([[0.9925, 1.0000, 0.0000, 0.0000, 0.0000, 0.0000]])
tensor([[0.9321, 1.0000, 0.0000, 0.0000, 0.0000, 0.0000]])
tensor([[0.3266, 1.0000, 0.0000, 0.0000, 0.0000, 0.0000]])
tensor([[0.9528, 1.0000, 0.0000, 0.0000, 0.0000, 0.0000]])
tensor([[0.9851, 1.0000, 0.0000, 0.0000, 0.0000, 0.0000]])
tensor([[0.8806, 1.0000, 0.0000, 0.0000, 0.0000, 0.0000]])
tensor([[0.8057, 1.0000, 0.0000, 0.0000, 0.0000, 0.0000]])
tensor([[0.3941, 1.0000, 0.0000, 0.0000, 0.0000, 0.0000]])
tensor([[0.6428, 1.0000, 0.0000, 0.0000, 0.0000, 0.0000]])
tensor([[0.4047, 1.0000, 0.0000, 0.0000, 0.0000, 0.0000]])
tensor([[-0.3470,  1.0000,  0.0000,  0.0000,  0.0000,  0.0000]])
tensor([[0.0123, 1.0000, 0.0000, 0.0000, 0.0000, 0.0000]])
tensor([[-0.8431,  1.0000,  0.0000,  0.0000,  0.0000,  0.0000]])
tensor([[-0.7140,  1.0000,  0.0000,  0.0000,  0.0000,  0.0000]])
tensor([[0.8959, 1.0000, 0.0000, 0.0000, 0.0000, 0.0000]])
tensor([[-0.2999,  1.0000,  0.0000,  0.0000,  0.0000,  0.0000]])
tensor([[-0.3968,  1.0000,  0.0000,  0.0000,  0.0000,  0.0000]])
tensor([[0.4553, 1.0000, 0.0000, 0.0000, 0.0000, 0.0000]])
tensor([[-0.5251,  1.0000,  0.0000,  0.0000,  0.0000,  0.0000]])
tensor([[0.7091, 1.0000, 0.0000, 0.0000, 0.0000, 0.0000]])
tensor([[0.7862, 1.0000, 0.0000, 0.0000, 0.0000, 0.0000]])
tensor([[-0.7639,  1.0000,  0.0000,  0.0000,  0.0000,  0.0000]])
tensor([[-0.5622,  1.0000,  0.0000,  0.0000,  0.0000,  0.0000]])
tensor([[0.1845, 1.0000, 0.0000, 0.0000, 0.0000, 0.0000]])
tensor([[0.9702, 1.0000, 0.0000, 0.0000, 0.0000, 0.0000]])
tensor([[0.9653, 1.0000, 0.0000, 0.0000, 0.0000, 0.0000]])
tensor([[0.5384, 1.0000, 0.0000, 0.0000, 0.0000, 0.0000]])
tensor([[-0.8285,  1.0000,  0.0000,  0.0000,  0.0000,  0.0000]])
tensor([[0.8020, 1.0000, 0.0000, 0.0000, 0.0000, 0.0000]])
tensor([[-0.1633,  1.0000,  0.0000,  0.0000,  0.0000,  0.0000]])
tensor([[0.2736, 1.0000, 0.0000, 0.0000, 0.0000, 0.0000]])
tensor([[-0.4088,  1.0000,  1.0000,  0.0000,  0.0000,  0.0000]])
tensor([[0.8441, 1.0000, 0.0000, 0.0000, 0.0000, 0.0000]])
tensor([[0.8939, 1.0000, 1.0000, 0.0000, 0.0000, 0.0000]])
tensor([[-0.3888,  1.0000,  0.0000,  0.0000,  0.0000,  0.0000]])
tensor([[0.9571, 1.0000, 0.0000, 0.0000, 0.0000, 0.0000]])
tensor([[0.9197, 1.0000, 0.0000, 0.0000, 0.0000, 0.0000]])
tensor([[0.9045, 1.0000, 0.0000, 0.0000, 0.0000, 0.0000]])
tensor([[0.9103, 1.0000, 0.0000, 0.0000, 0.0000, 0.0000]])
tensor([[0.2470, 1.0000, 0.0000, 0.0000, 0.0000, 0.0000]])
tensor([[0.4564, 1.0000, 0.0000, 0.0000, 0.0000, 0.0000]])
tensor([[0.9863, 1.0000, 0.0000, 0.0000, 0.0000, 0.0000]])
tensor([[0.6615, 1.0000, 0.0000, 0.0000, 0.0000, 0.0000]])
tensor([[0.6320, 1.0000, 0.0000, 0.0000, 0.0000, 0.0000]])
tensor([[-0.3137,  1.0000,  0.0000,  0.0000,  0.0000,  0.0000]])
tensor([[0.7144, 1.0000, 0.0000, 0.0000, 0.0000, 0.0000]])
tensor([[0.9552, 1.0000, 0.0000, 0.0000, 0.0000, 0.0000]])
tensor([[0.8757, 1.0000, 0.0000, 0.0000, 0.0000, 0.0000]])
tensor([[-0.2684,  1.0000,  0.0000,  0.0000,  0.0000,  0.0000]])
tensor([[0.8875, 1.0000, 0.0000, 0.0000, 0.0000, 0.0000]])
tensor([[0.7041, 1.0000, 0.0000, 0.0000, 0.0000, 0.0000]])
tensor([[-0.0312,  1.0000,  0.0000,  0.0000,  0.0000,  0.0000]])
tensor([[0.9091, 1.0000, 0.0000, 0.0000, 0.0000, 0.0000]])
tensor([[0.8318, 1.0000, 0.0000, 0.0000, 0.0000, 0.0000]])
tensor([[0.6177, 1.0000, 0.0000, 0.0000, 0.0000, 0.0000]])
tensor([[0.0797, 1.0000, 0.0000, 0.0000, 0.0000, 0.0000]])
tensor([[0.7756, 1.0000, 0.0000, 0.0000, 0.0000, 0.0000]])
tensor([[0.1611, 1.0000, 0.0000, 0.0000, 0.0000, 0.0000]])
tensor([[0.5408, 1.0000, 0.0000, 0.0000, 0.0000, 0.0000]])
tensor([[0.9015, 1.0000, 0.0000, 0.0000, 0.0000, 0.0000]])
tensor([[0.9970, 1.0000, 0.0000, 0.0000, 0.0000, 0.0000]])
tensor([[0.4792, 1.0000, 0.0000, 0.0000, 0.0000, 0.0000]])
tensor([[0.9225, 1.0000, 0.0000, 0.0000, 0.0000, 0.0000]])
tensor([[0.3616, 1.0000, 0.0000, 0.0000, 0.0000, 0.0000]])
tensor([[0.9158, 1.0000, 0.0000, 0.0000, 0.0000, 0.0000]])
tensor([[0.6552, 1.0000, 0.0000, 0.0000, 0.0000, 0.0000]])
tensor([[0.3266, 1.0000, 0.0000, 0.0000, 0.0000, 0.0000]])
tensor([[0.4990, 1.0000, 0.0000, 0.0000, 0.0000, 0.0000]])
tensor([[0.6056, 1.0000, 0.0000, 0.0000, 0.0000, 0.0000]])
tensor([[0.6976, 1.0000, 0.0000, 0.0000, 0.0000, 0.0000]])
tensor([[0.2845, 1.0000, 0.0000, 0.0000, 0.0000, 0.0000]])
tensor([[-0.3461,  1.0000,  0.0000,  0.0000,  0.0000,  0.0000]])
tensor([[0.5946, 1.0000, 0.0000, 0.0000, 0.0000, 0.0000]])
tensor([[0.9156, 1.0000, 0.0000, 0.0000, 0.0000, 0.0000]])
tensor([[0.4161, 1.0000, 0.0000, 0.0000, 0.0000, 0.0000]])
tensor([[0.9131, 1.0000, 0.0000, 0.0000, 0.0000, 0.0000]])
tensor([[0.9403, 1.0000, 0.0000, 0.0000, 0.0000, 0.0000]])
tensor([[0.8434, 1.0000, 0.0000, 0.0000, 0.0000, 0.0000]])
tensor([[-0.4178,  1.0000,  0.0000,  0.0000,  0.0000,  0.0000]])
tensor([[0.9398, 1.0000, 0.0000, 0.0000, 0.0000, 0.0000]])
tensor([[0.4851, 1.0000, 0.0000, 0.0000, 0.0000, 0.0000]])
tensor([[-0.6952,  1.0000,  0.0000,  0.0000,  0.0000,  0.0000]])
tensor([[-0.9264,  1.0000,  0.0000,  0.0000,  0.0000,  0.0000]])
tensor([[-0.2756,  1.0000,  0.0000,  0.0000,  0.0000,  0.0000]])
tensor([[0.9761, 1.0000, 0.0000, 0.0000, 0.0000, 0.0000]])
tensor([[0.1422, 1.0000, 0.0000, 0.0000, 0.0000, 0.0000]])
tensor([[0.6497, 1.0000, 0.0000, 0.0000, 0.0000, 0.0000]])
tensor([[-0.8297,  1.0000,  0.0000,  0.0000,  0.0000,  0.0000]])
tensor([[0.4918, 1.0000, 0.0000, 0.0000, 0.0000, 0.0000]])
tensor([[0.2588, 1.0000, 0.0000, 0.0000, 0.0000, 0.0000]])
tensor([[0.5643, 1.0000, 0.0000, 0.0000, 0.0000, 0.0000]])
tensor([[-0.1363,  1.0000,  0.0000,  0.0000,  0.0000,  0.0000]])
tensor([[0.0547, 1.0000, 0.0000, 0.0000, 0.0000, 0.0000]])
tensor([[-0.3862,  1.0000,  0.0000,  0.0000,  0.0000,  0.0000]])
tensor([[-0.2995,  1.0000,  0.0000,  0.0000,  0.0000,  0.0000]])
tensor([[0.7345, 1.0000, 1.0000, 0.0000, 0.0000, 0.0000]])
tensor([[0.3896, 1.0000, 0.0000, 0.0000, 0.0000, 0.0000]])
tensor([[0.7322, 1.0000, 0.0000, 0.0000, 0.0000, 0.0000]])
tensor([[-0.6617,  1.0000,  0.0000,  0.0000,  0.0000,  0.0000]])
tensor([[0.1743, 1.0000, 0.0000, 0.0000, 0.0000, 0.0000]])
tensor([[-0.3311,  1.0000,  0.0000,  0.0000,  0.0000,  0.0000]])
tensor([[0.5733, 1.0000, 0.0000, 0.0000, 0.0000, 0.0000]])
tensor([[0.9419, 1.0000, 0.0000, 0.0000, 0.0000, 0.0000]])
tensor([[-0.4454,  1.0000,  0.0000,  0.0000,  0.0000,  0.0000]])
tensor([[0.7585, 1.0000, 0.0000, 0.0000, 0.0000, 0.0000]])
tensor([[-0.8136,  1.0000,  0.0000,  0.0000,  0.0000,  0.0000]])
tensor([[-0.1698,  1.0000,  0.0000,  0.0000,  0.0000,  0.0000]])
tensor([[0.7018, 1.0000, 0.0000, 0.0000, 0.0000, 0.0000]])
tensor([[-0.9068,  1.0000,  0.0000,  0.0000,  0.0000,  0.0000]])
tensor([[-0.9111,  1.0000,  0.0000,  0.0000,  0.0000,  0.0000]])
tensor([[-0.7508,  1.0000,  0.0000,  0.0000,  0.0000,  0.0000]])
tensor([[0.1997, 1.0000, 0.0000, 0.0000, 0.0000, 0.0000]])
tensor([[0.2241, 1.0000, 0.0000, 0.0000, 0.0000, 0.0000]])
tensor([[-0.0765,  1.0000,  0.0000,  0.0000,  0.0000,  0.0000]])
tensor([[-0.9369,  1.0000,  0.0000,  0.0000,  0.0000,  0.0000]])
tensor([[0.3316, 1.0000, 0.0000, 0.0000, 0.0000, 0.0000]])
tensor([[0.9078, 1.0000, 0.0000, 0.0000, 0.0000, 0.0000]])
tensor([[-0.9185,  1.0000,  0.0000,  0.0000,  0.0000,  0.0000]])
tensor([[-0.5238,  1.0000,  0.0000,  0.0000,  0.0000,  0.0000]])
tensor([[-0.7833,  1.0000,  0.0000,  0.0000,  0.0000,  0.0000]])
tensor([[-0.3730,  1.0000,  0.0000,  0.0000,  0.0000,  0.0000]])
tensor([[0.1140, 1.0000, 0.0000, 0.0000, 0.0000, 0.0000]])
tensor([[0.2558, 1.0000, 0.0000, 0.0000, 0.0000, 0.0000]])
tensor([[-0.9359,  1.0000,  0.0000,  0.0000,  0.0000,  0.0000]])
tensor([[-0.4018,  1.0000,  0.0000,  0.0000,  0.0000,  0.0000]])
tensor([[0.3001, 1.0000, 0.0000, 0.0000, 0.0000, 0.0000]])
tensor([[-0.1818,  1.0000,  0.0000,  0.0000,  0.0000,  0.0000]])
tensor([[0.4261, 1.0000, 0.0000, 0.0000, 0.0000, 0.0000]])
tensor([[-0.8682,  1.0000,  0.0000,  0.0000,  0.0000,  0.0000]])
tensor([[-0.9181,  1.0000,  0.0000,  0.0000,  0.0000,  0.0000]])
tensor([[-0.6894,  1.0000,  0.0000,  0.0000,  0.0000,  0.0000]])
tensor([[-0.8904,  1.0000,  0.0000,  0.0000,  0.0000,  0.0000]])
tensor([[0.4826, 1.0000, 0.0000, 0.0000, 0.0000, 0.0000]])
tensor([[-0.0093,  1.0000,  0.0000,  0.0000,  0.0000,  0.0000]])
tensor([[-0.9160,  1.0000,  0.0000,  0.0000,  0.0000,  0.0000]])
tensor([[-0.4923,  1.0000,  0.0000,  0.0000,  0.0000,  0.0000]])
tensor([[-0.7035,  1.0000,  0.0000,  0.0000,  0.0000,  0.0000]])
tensor([[-0.4868,  1.0000,  0.0000,  0.0000,  0.0000,  0.0000]])
tensor([[-0.8240,  1.0000,  0.0000,  0.0000,  0.0000,  0.0000]])
tensor([[0.0225, 1.0000, 0.0000, 0.0000, 0.0000, 0.0000]])
tensor([[0.3086, 1.0000, 0.0000, 0.0000, 0.0000, 0.0000]])
INFO:root:Agent 0 (TQCars): avg action time = 0.0011s
tensor([[0.7197, 1.0000, 0.0000, 0.0000, 0.0000, 0.0000]])
tensor([[-0.8290,  1.0000,  0.0000,  0.0000,  0.0000,  0.0000]])
tensor([[-0.8723,  1.0000,  0.0000,  0.0000,  0.0000,  0.0000]])
tensor([[0.4783, 1.0000, 0.0000, 0.0000, 0.0000, 0.0000]])
tensor([[-0.1201,  1.0000,  0.0000,  0.0000,  0.0000,  0.0000]])
tensor([[-0.7098,  1.0000,  0.0000,  0.0000,  0.0000,  0.0000]])
tensor([[-0.6107,  1.0000,  0.0000,  0.0000,  0.0000,  0.0000]])
tensor([[0.4054, 1.0000, 0.0000, 0.0000, 0.0000, 0.0000]])
tensor([[-0.8151,  1.0000,  0.0000,  0.0000,  0.0000,  0.0000]])
tensor([[0.8446, 1.0000, 0.0000, 0.0000, 0.0000, 0.0000]])
tensor([[0.6710, 1.0000, 0.0000, 0.0000, 0.0000, 0.0000]])
tensor([[-0.9422,  1.0000,  0.0000,  0.0000,  0.0000,  0.0000]])
tensor([[-0.9505,  1.0000,  0.0000,  0.0000,  0.0000,  0.0000]])
tensor([[-0.8610,  1.0000,  0.0000,  0.0000,  0.0000,  0.0000]])
tensor([[-0.1108,  1.0000,  0.0000,  0.0000,  0.0000,  0.0000]])
tensor([[0.7709, 1.0000, 0.0000, 0.0000, 0.0000, 0.0000]])
{"type": "results", "track": "zengarden", "results": [{"key": 0, "reward": 10.12713623046875, "position": 4, "name": "TQCars", "avg_action_time": 0.0010618941809462676}]}
