INFO:root:Loading the agents
INFO:root:Loaded player TQCars
INFO:root:Creating pystk-1
INFO:root:Adding wrapper <function get_wrappers.<locals>.<lambda> at 0x7d294c4ff420>
INFO:root:Adding wrapper <function get_wrappers.<locals>.<lambda> at 0x7d294c4ff4c0>
INFO:root:Adding wrapper <function get_wrappers.<locals>.<lambda> at 0x7d294c4ff560>
INFO:root:Adding wrapper <function get_wrappers.<locals>.<lambda> at 0x7d294c4ff600>
INFO:root:(multi-env mono adapter) Setting main environment max_paths to 5
INFO:root:Loading trained model from CHECKPOINT-GPUFAC/tqc_EXP14RACING_900000.pt...
INFO:root:Starting a race
tensor([[0.1944, 1.0000, 0.0000, 0.0000, 0.0000, 0.0000]])
tensor([[0.3521, 1.0000, 0.0000, 0.0000, 0.0000, 0.0000]])
tensor([[0.7320, 1.0000, 0.0000, 0.0000, 0.0000, 0.0000]])
tensor([[-0.2608,  1.0000,  0.0000,  0.0000,  0.0000,  0.0000]])
tensor([[0.6424, 1.0000, 0.0000, 0.0000, 0.0000, 0.0000]])
tensor([[-0.8358,  1.0000,  0.0000,  0.0000,  0.0000,  0.0000]])
tensor([[-0.4245,  1.0000,  0.0000,  0.0000,  0.0000,  0.0000]])
tensor([[0.1227, 1.0000, 0.0000, 0.0000, 0.0000, 0.0000]])
tensor([[0.7822, 1.0000, 0.0000, 0.0000, 0.0000, 0.0000]])
tensor([[0.4903, 1.0000, 0.0000, 0.0000, 0.0000, 0.0000]])
tensor([[0.3373, 1.0000, 0.0000, 0.0000, 0.0000, 0.0000]])
tensor([[0.1942, 1.0000, 0.0000, 0.0000, 0.0000, 0.0000]])
tensor([[-0.0039,  1.0000,  0.0000,  0.0000,  0.0000,  0.0000]])
tensor([[0.6120, 1.0000, 0.0000, 0.0000, 0.0000, 0.0000]])
tensor([[-0.3662,  1.0000,  1.0000,  0.0000,  0.0000,  0.0000]])
tensor([[0.2138, 1.0000, 0.0000, 0.0000, 0.0000, 0.0000]])
tensor([[0.3003, 1.0000, 0.0000, 0.0000, 0.0000, 0.0000]])
tensor([[0.8186, 1.0000, 0.0000, 0.0000, 0.0000, 0.0000]])
tensor([[-0.6866,  1.0000,  0.0000,  0.0000,  0.0000,  0.0000]])
tensor([[0.7483, 1.0000, 0.0000, 0.0000, 0.0000, 0.0000]])
tensor([[0.0845, 1.0000, 0.0000, 0.0000, 0.0000, 0.0000]])
tensor([[0.5793, 1.0000, 0.0000, 0.0000, 0.0000, 0.0000]])
tensor([[-0.9575,  1.0000,  0.0000,  0.0000,  0.0000,  0.0000]])
tensor([[0.4394, 1.0000, 0.0000, 0.0000, 0.0000, 0.0000]])
tensor([[-0.4402,  1.0000,  0.0000,  0.0000,  0.0000,  0.0000]])
tensor([[0.8748, 1.0000, 0.0000, 0.0000, 0.0000, 0.0000]])
tensor([[-0.4510,  1.0000,  0.0000,  0.0000,  0.0000,  0.0000]])
tensor([[0.5023, 1.0000, 0.0000, 0.0000, 0.0000, 0.0000]])
tensor([[-0.6580,  1.0000,  0.0000,  0.0000,  0.0000,  0.0000]])
tensor([[-0.8651,  1.0000,  0.0000,  0.0000,  0.0000,  0.0000]])
tensor([[0.3507, 1.0000, 0.0000, 0.0000, 0.0000, 0.0000]])
tensor([[-0.7036,  1.0000,  0.0000,  0.0000,  0.0000,  0.0000]])
tensor([[-0.4030,  1.0000,  0.0000,  0.0000,  0.0000,  0.0000]])
tensor([[0.6310, 1.0000, 0.0000, 0.0000, 0.0000, 0.0000]])
tensor([[0.9376, 1.0000, 0.0000, 0.0000, 0.0000, 0.0000]])
tensor([[0.8089, 1.0000, 0.0000, 0.0000, 0.0000, 0.0000]])
tensor([[-0.9810,  1.0000,  0.0000,  0.0000,  0.0000,  0.0000]])
tensor([[0.5800, 1.0000, 0.0000, 0.0000, 0.0000, 0.0000]])
tensor([[-0.0253,  1.0000,  0.0000,  0.0000,  0.0000,  0.0000]])
tensor([[0.4756, 1.0000, 0.0000, 0.0000, 0.0000, 0.0000]])
tensor([[0.1711, 1.0000, 0.0000, 0.0000, 0.0000, 0.0000]])
tensor([[-0.6511,  1.0000,  0.0000,  0.0000,  0.0000,  0.0000]])
tensor([[-0.5341,  1.0000,  0.0000,  0.0000,  0.0000,  0.0000]])
tensor([[-0.4477,  1.0000,  0.0000,  0.0000,  0.0000,  0.0000]])
tensor([[0.8931, 1.0000, 0.0000, 0.0000, 0.0000, 0.0000]])
tensor([[0.5039, 1.0000, 0.0000, 0.0000, 0.0000, 0.0000]])
tensor([[-0.8671,  1.0000,  0.0000,  0.0000,  0.0000,  0.0000]])
tensor([[-0.2261,  1.0000,  0.0000,  0.0000,  0.0000,  0.0000]])
tensor([[0.5205, 1.0000, 0.0000, 0.0000, 0.0000, 0.0000]])
tensor([[0.6066, 1.0000, 0.0000, 0.0000, 0.0000, 0.0000]])
tensor([[0.6624, 1.0000, 0.0000, 0.0000, 0.0000, 0.0000]])
tensor([[-0.8069,  1.0000,  0.0000,  0.0000,  0.0000,  0.0000]])
tensor([[-0.9811,  1.0000,  0.0000,  0.0000,  0.0000,  0.0000]])
tensor([[-0.3853,  1.0000,  0.0000,  0.0000,  0.0000,  0.0000]])
tensor([[-0.7626,  1.0000,  0.0000,  0.0000,  0.0000,  0.0000]])
tensor([[0.8754, 1.0000, 0.0000, 0.0000, 0.0000, 1.0000]])
tensor([[0.1204, 1.0000, 0.0000, 0.0000, 0.0000, 0.0000]])
tensor([[-0.9390,  1.0000,  0.0000,  0.0000,  0.0000,  0.0000]])
tensor([[0.6698, 1.0000, 0.0000, 0.0000, 0.0000, 0.0000]])
tensor([[0.8343, 1.0000, 0.0000, 0.0000, 0.0000, 0.0000]])
tensor([[0.0459, 1.0000, 0.0000, 0.0000, 0.0000, 0.0000]])
tensor([[0.9187, 1.0000, 0.0000, 0.0000, 0.0000, 0.0000]])
tensor([[-0.6309,  1.0000,  0.0000,  0.0000,  0.0000,  0.0000]])
tensor([[-0.9151,  1.0000,  0.0000,  0.0000,  0.0000,  0.0000]])
tensor([[0.5539, 1.0000, 0.0000, 0.0000, 0.0000, 0.0000]])
tensor([[0.3434, 1.0000, 0.0000, 0.0000, 0.0000, 0.0000]])
tensor([[-0.6300,  1.0000,  0.0000,  0.0000,  0.0000,  0.0000]])
tensor([[-0.4028,  1.0000,  0.0000,  0.0000,  0.0000,  0.0000]])
tensor([[0.7086, 1.0000, 0.0000, 0.0000, 0.0000, 0.0000]])
tensor([[0.6510, 1.0000, 0.0000, 0.0000, 0.0000, 0.0000]])
tensor([[-0.7781,  1.0000,  0.0000,  0.0000,  0.0000,  0.0000]])
tensor([[-0.7346,  1.0000,  0.0000,  0.0000,  0.0000,  0.0000]])
tensor([[-0.3993,  1.0000,  0.0000,  0.0000,  0.0000,  0.0000]])
tensor([[0.6232, 1.0000, 0.0000, 0.0000, 0.0000, 0.0000]])
tensor([[-0.4197,  1.0000,  0.0000,  0.0000,  0.0000,  0.0000]])
tensor([[0.3268, 1.0000, 0.0000, 0.0000, 0.0000, 0.0000]])
tensor([[-0.7059,  1.0000,  0.0000,  0.0000,  0.0000,  0.0000]])
tensor([[-0.2978,  1.0000,  0.0000,  0.0000,  0.0000,  0.0000]])
tensor([[-0.5712,  1.0000,  0.0000,  0.0000,  0.0000,  0.0000]])
tensor([[0.9443, 1.0000, 0.0000, 0.0000, 0.0000, 0.0000]])
tensor([[-0.7840,  1.0000,  0.0000,  0.0000,  0.0000,  0.0000]])
tensor([[-0.7553,  1.0000,  0.0000,  0.0000,  0.0000,  0.0000]])
tensor([[-0.5426,  1.0000,  0.0000,  0.0000,  0.0000,  0.0000]])
tensor([[-0.8816,  1.0000,  0.0000,  0.0000,  0.0000,  0.0000]])
tensor([[-0.6863,  1.0000,  0.0000,  0.0000,  0.0000,  0.0000]])
tensor([[-0.9877,  1.0000,  0.0000,  0.0000,  0.0000,  0.0000]])
tensor([[-0.9868,  1.0000,  0.0000,  0.0000,  0.0000,  0.0000]])
tensor([[-0.9971,  1.0000,  0.0000,  0.0000,  0.0000,  0.0000]])
tensor([[-0.6164,  1.0000,  0.0000,  0.0000,  0.0000,  0.0000]])
tensor([[-0.9899,  1.0000,  0.0000,  1.0000,  0.0000,  0.0000]])
tensor([[-0.9893,  1.0000,  0.0000,  0.0000,  0.0000,  0.0000]])
tensor([[-0.8830,  1.0000,  0.0000,  0.0000,  0.0000,  0.0000]])
tensor([[-0.9432,  1.0000,  1.0000,  0.0000,  0.0000,  0.0000]])
tensor([[-0.8002,  1.0000,  0.0000,  0.0000,  1.0000,  0.0000]])
tensor([[0.1550, 1.0000, 0.0000, 0.0000, 0.0000, 0.0000]])
tensor([[0.6421, 1.0000, 0.0000, 0.0000, 0.0000, 0.0000]])
tensor([[0.9041, 1.0000, 0.0000, 0.0000, 0.0000, 0.0000]])
tensor([[0.9981, 1.0000, 0.0000, 0.0000, 0.0000, 0.0000]])
tensor([[0.9756, 1.0000, 0.0000, 0.0000, 0.0000, 0.0000]])
tensor([[-0.9429,  1.0000,  0.0000,  0.0000,  0.0000,  0.0000]])
tensor([[0.0540, 1.0000, 0.0000, 0.0000, 0.0000, 0.0000]])
tensor([[-0.7678,  1.0000,  0.0000,  0.0000,  0.0000,  0.0000]])
tensor([[-0.5915,  1.0000,  0.0000,  0.0000,  0.0000,  0.0000]])
tensor([[0.2187, 1.0000, 0.0000, 0.0000, 0.0000, 0.0000]])
tensor([[-0.8268,  1.0000,  0.0000,  0.0000,  0.0000,  0.0000]])
tensor([[-0.9239,  1.0000,  0.0000,  0.0000,  0.0000,  0.0000]])
tensor([[-0.6057,  1.0000,  0.0000,  0.0000,  0.0000,  0.0000]])
tensor([[-0.5506,  1.0000,  0.0000,  0.0000,  0.0000,  0.0000]])
tensor([[0.3264, 1.0000, 0.0000, 0.0000, 0.0000, 0.0000]])
tensor([[-0.0402,  1.0000,  0.0000,  0.0000,  0.0000,  0.0000]])
tensor([[-0.2288,  1.0000,  0.0000,  0.0000,  0.0000,  0.0000]])
tensor([[-0.1986,  1.0000,  0.0000,  0.0000,  0.0000,  0.0000]])
tensor([[-0.0751,  1.0000,  0.0000,  0.0000,  0.0000,  0.0000]])
tensor([[-0.6824,  1.0000,  0.0000,  0.0000,  0.0000,  0.0000]])
tensor([[-0.9181,  1.0000,  0.0000,  0.0000,  0.0000,  0.0000]])
tensor([[0.6375, 1.0000, 0.0000, 0.0000, 0.0000, 0.0000]])
tensor([[0.6395, 1.0000, 0.0000, 0.0000, 0.0000, 0.0000]])
tensor([[-0.9809,  1.0000,  0.0000,  0.0000,  0.0000,  0.0000]])
tensor([[0.6976, 1.0000, 0.0000, 0.0000, 0.0000, 0.0000]])
tensor([[0.7625, 1.0000, 0.0000, 0.0000, 0.0000, 0.0000]])
tensor([[-0.8386,  1.0000,  1.0000,  0.0000,  0.0000,  0.0000]])
tensor([[-0.5989,  1.0000,  0.0000,  0.0000,  0.0000,  0.0000]])
tensor([[-0.6005,  1.0000,  0.0000,  0.0000,  0.0000,  0.0000]])
tensor([[0.1814, 1.0000, 0.0000, 0.0000, 0.0000, 0.0000]])
tensor([[-0.0971,  1.0000,  0.0000,  0.0000,  0.0000,  0.0000]])
tensor([[0.4103, 1.0000, 0.0000, 0.0000, 0.0000, 0.0000]])
tensor([[-0.0067,  1.0000,  0.0000,  0.0000,  0.0000,  0.0000]])
tensor([[-0.1200,  1.0000,  0.0000,  0.0000,  0.0000,  0.0000]])
tensor([[0.8731, 1.0000, 0.0000, 0.0000, 0.0000, 0.0000]])
tensor([[-0.9272,  1.0000,  0.0000,  0.0000,  0.0000,  0.0000]])
tensor([[0.5957, 1.0000, 0.0000, 0.0000, 0.0000, 0.0000]])
tensor([[-0.9670,  1.0000,  0.0000,  0.0000,  0.0000,  0.0000]])
tensor([[-0.9113,  1.0000,  0.0000,  0.0000,  0.0000,  0.0000]])
tensor([[-0.6595,  1.0000,  0.0000,  0.0000,  0.0000,  0.0000]])
tensor([[-0.1293,  1.0000,  0.0000,  0.0000,  0.0000,  0.0000]])
tensor([[0.7756, 1.0000, 0.0000, 0.0000, 0.0000, 0.0000]])
tensor([[-0.1207,  1.0000,  0.0000,  0.0000,  0.0000,  0.0000]])
tensor([[0.1560, 1.0000, 0.0000, 0.0000, 0.0000, 0.0000]])
tensor([[-0.9683,  1.0000,  0.0000,  0.0000,  0.0000,  0.0000]])
tensor([[-0.9215,  1.0000,  0.0000,  0.0000,  0.0000,  0.0000]])
tensor([[-0.8508,  1.0000,  0.0000,  0.0000,  0.0000,  0.0000]])
tensor([[-0.6822,  1.0000,  0.0000,  0.0000,  0.0000,  0.0000]])
tensor([[-0.7981,  1.0000,  0.0000,  0.0000,  0.0000,  0.0000]])
tensor([[0.3503, 1.0000, 0.0000, 0.0000, 0.0000, 0.0000]])
tensor([[-0.4765,  1.0000,  0.0000,  0.0000,  0.0000,  0.0000]])
tensor([[-0.8667,  1.0000,  0.0000,  0.0000,  0.0000,  0.0000]])
tensor([[-0.9079,  1.0000,  0.0000,  0.0000,  0.0000,  0.0000]])
tensor([[-0.9864,  1.0000,  0.0000,  0.0000,  0.0000,  0.0000]])
tensor([[-0.9037,  1.0000,  0.0000,  0.0000,  0.0000,  0.0000]])
tensor([[0.1466, 1.0000, 0.0000, 0.0000, 0.0000, 0.0000]])
tensor([[0.1450, 1.0000, 0.0000, 0.0000, 0.0000, 0.0000]])
tensor([[-0.5825,  1.0000,  0.0000,  0.0000,  0.0000,  0.0000]])
tensor([[0.6920, 1.0000, 0.0000, 0.0000, 0.0000, 0.0000]])
tensor([[-0.6664,  1.0000,  0.0000,  0.0000,  0.0000,  0.0000]])
tensor([[-0.2993,  1.0000,  0.0000,  0.0000,  0.0000,  0.0000]])
tensor([[-0.7766,  1.0000,  0.0000,  0.0000,  0.0000,  0.0000]])
tensor([[-0.1444,  1.0000,  0.0000,  0.0000,  0.0000,  0.0000]])
tensor([[-0.4790,  1.0000,  0.0000,  0.0000,  0.0000,  0.0000]])
tensor([[-0.9406,  1.0000,  0.0000,  0.0000,  0.0000,  0.0000]])
tensor([[-0.8399,  1.0000,  0.0000,  0.0000,  0.0000,  0.0000]])
tensor([[-0.6154,  1.0000,  0.0000,  0.0000,  0.0000,  0.0000]])
tensor([[-0.3248,  1.0000,  0.0000,  0.0000,  0.0000,  0.0000]])
tensor([[-0.9385,  1.0000,  0.0000,  0.0000,  0.0000,  0.0000]])
tensor([[0.7013, 1.0000, 0.0000, 0.0000, 0.0000, 0.0000]])
tensor([[0.6013, 1.0000, 0.0000, 0.0000, 0.0000, 0.0000]])
tensor([[-0.0514,  1.0000,  0.0000,  0.0000,  0.0000,  0.0000]])
tensor([[-0.3241,  1.0000,  0.0000,  0.0000,  0.0000,  0.0000]])
tensor([[-0.3836,  1.0000,  0.0000,  0.0000,  0.0000,  0.0000]])
tensor([[-0.0979,  1.0000,  0.0000,  0.0000,  0.0000,  0.0000]])
tensor([[-0.5313,  1.0000,  0.0000,  0.0000,  0.0000,  0.0000]])
tensor([[0.1961, 1.0000, 0.0000, 0.0000, 0.0000, 0.0000]])
tensor([[-0.2778,  1.0000,  0.0000,  0.0000,  0.0000,  0.0000]])
tensor([[0.2154, 1.0000, 0.0000, 0.0000, 0.0000, 0.0000]])
tensor([[-0.3322,  1.0000,  0.0000,  0.0000,  0.0000,  0.0000]])
tensor([[-0.6257,  1.0000,  0.0000,  0.0000,  0.0000,  0.0000]])
tensor([[0.7648, 1.0000, 0.0000, 0.0000, 0.0000, 0.0000]])
tensor([[-0.3723,  0.0000,  0.0000,  0.0000,  0.0000,  0.0000]])
tensor([[-0.3495,  1.0000,  0.0000,  0.0000,  0.0000,  0.0000]])
tensor([[-0.7557,  0.0000,  0.0000,  0.0000,  0.0000,  0.0000]])
tensor([[-0.3216,  1.0000,  0.0000,  0.0000,  0.0000,  0.0000]])
tensor([[-0.4650,  1.0000,  0.0000,  0.0000,  0.0000,  0.0000]])
tensor([[-0.5655,  1.0000,  0.0000,  0.0000,  0.0000,  0.0000]])
tensor([[0.0035, 1.0000, 0.0000, 0.0000, 0.0000, 0.0000]])
tensor([[-0.8704,  1.0000,  0.0000,  0.0000,  0.0000,  0.0000]])
tensor([[-0.6093,  1.0000,  0.0000,  0.0000,  0.0000,  0.0000]])
tensor([[0.1422, 1.0000, 0.0000, 0.0000, 0.0000, 0.0000]])
tensor([[0.9573, 1.0000, 0.0000, 0.0000, 0.0000, 0.0000]])
tensor([[-0.9665,  1.0000,  0.0000,  0.0000,  0.0000,  0.0000]])
tensor([[-0.5074,  1.0000,  0.0000,  0.0000,  0.0000,  0.0000]])
tensor([[0.7464, 1.0000, 0.0000, 0.0000, 0.0000, 0.0000]])
tensor([[-0.2641,  1.0000,  0.0000,  0.0000,  0.0000,  0.0000]])
tensor([[0.6312, 1.0000, 0.0000, 0.0000, 0.0000, 0.0000]])
tensor([[-0.7118,  1.0000,  0.0000,  0.0000,  0.0000,  0.0000]])
tensor([[0.0691, 1.0000, 0.0000, 0.0000, 0.0000, 0.0000]])
tensor([[0.8307, 1.0000, 0.0000, 0.0000, 0.0000, 0.0000]])
tensor([[0.5690, 1.0000, 0.0000, 0.0000, 0.0000, 0.0000]])
tensor([[-0.5896,  1.0000,  0.0000,  0.0000,  0.0000,  0.0000]])
tensor([[-0.8857,  1.0000,  0.0000,  0.0000,  0.0000,  0.0000]])
tensor([[-0.5836,  1.0000,  0.0000,  0.0000,  0.0000,  0.0000]])
tensor([[0.9327, 1.0000, 0.0000, 0.0000, 0.0000, 0.0000]])
tensor([[0.8020, 1.0000, 0.0000, 0.0000, 0.0000, 0.0000]])
tensor([[-0.4822,  1.0000,  0.0000,  0.0000,  0.0000,  0.0000]])
tensor([[0.5377, 1.0000, 0.0000, 0.0000, 0.0000, 0.0000]])
tensor([[-0.4925,  1.0000,  1.0000,  0.0000,  0.0000,  0.0000]])
tensor([[0.0304, 1.0000, 0.0000, 0.0000, 0.0000, 0.0000]])
tensor([[-0.6055,  1.0000,  0.0000,  0.0000,  0.0000,  0.0000]])
tensor([[-0.8531,  1.0000,  0.0000,  0.0000,  0.0000,  0.0000]])
tensor([[0.8213, 1.0000, 0.0000, 0.0000, 0.0000, 0.0000]])
tensor([[-0.9063,  1.0000,  0.0000,  0.0000,  0.0000,  0.0000]])
tensor([[-0.9458,  1.0000,  0.0000,  0.0000,  0.0000,  0.0000]])
tensor([[-0.7147,  1.0000,  0.0000,  0.0000,  0.0000,  0.0000]])
tensor([[0.6978, 1.0000, 0.0000, 0.0000, 0.0000, 0.0000]])
tensor([[-0.3855,  1.0000,  0.0000,  0.0000,  0.0000,  0.0000]])
tensor([[0.9336, 1.0000, 0.0000, 0.0000, 0.0000, 0.0000]])
tensor([[-0.5007,  1.0000,  0.0000,  0.0000,  0.0000,  0.0000]])
tensor([[-0.1333,  1.0000,  0.0000,  0.0000,  0.0000,  0.0000]])
tensor([[-0.5788,  1.0000,  0.0000,  0.0000,  0.0000,  0.0000]])
tensor([[-0.6748,  1.0000,  0.0000,  0.0000,  0.0000,  0.0000]])
tensor([[-0.1377,  1.0000,  0.0000,  0.0000,  0.0000,  0.0000]])
tensor([[0.9819, 1.0000, 0.0000, 0.0000, 0.0000, 0.0000]])
tensor([[0.3969, 1.0000, 0.0000, 0.0000, 0.0000, 0.0000]])
tensor([[0.2117, 1.0000, 0.0000, 0.0000, 0.0000, 0.0000]])
tensor([[0.9210, 1.0000, 0.0000, 0.0000, 0.0000, 0.0000]])
tensor([[-0.1418,  1.0000,  0.0000,  0.0000,  0.0000,  0.0000]])
tensor([[0.9311, 1.0000, 0.0000, 0.0000, 0.0000, 0.0000]])
tensor([[0.5265, 1.0000, 0.0000, 0.0000, 0.0000, 0.0000]])
tensor([[-0.5478,  1.0000,  0.0000,  0.0000,  0.0000,  0.0000]])
tensor([[0.8291, 1.0000, 0.0000, 0.0000, 0.0000, 1.0000]])
tensor([[0.0780, 1.0000, 0.0000, 0.0000, 0.0000, 0.0000]])
tensor([[-0.1484,  1.0000,  0.0000,  0.0000,  0.0000,  0.0000]])
tensor([[-0.1923,  1.0000,  0.0000,  0.0000,  0.0000,  0.0000]])
tensor([[-0.1373,  1.0000,  0.0000,  0.0000,  0.0000,  0.0000]])
tensor([[0.3746, 1.0000, 0.0000, 0.0000, 0.0000, 0.0000]])
tensor([[0.6432, 1.0000, 0.0000, 0.0000, 0.0000, 0.0000]])
tensor([[0.7913, 1.0000, 0.0000, 0.0000, 0.0000, 0.0000]])
tensor([[-0.3398,  1.0000,  0.0000,  0.0000,  0.0000,  0.0000]])
tensor([[-0.9137,  1.0000,  0.0000,  0.0000,  0.0000,  0.0000]])
tensor([[0.9138, 1.0000, 0.0000, 0.0000, 0.0000, 0.0000]])
tensor([[-0.7696,  1.0000,  0.0000,  0.0000,  0.0000,  0.0000]])
tensor([[0.1745, 1.0000, 0.0000, 0.0000, 0.0000, 0.0000]])
tensor([[0.7149, 1.0000, 0.0000, 0.0000, 0.0000, 0.0000]])
tensor([[-0.4916,  1.0000,  0.0000,  0.0000,  0.0000,  0.0000]])
tensor([[0.1515, 1.0000, 0.0000, 0.0000, 0.0000, 0.0000]])
tensor([[-0.6220,  1.0000,  0.0000,  0.0000,  0.0000,  0.0000]])
tensor([[-0.1887,  1.0000,  0.0000,  0.0000,  0.0000,  0.0000]])
tensor([[-0.4763,  1.0000,  0.0000,  0.0000,  0.0000,  0.0000]])
tensor([[0.7127, 1.0000, 0.0000, 0.0000, 0.0000, 0.0000]])
tensor([[0.9193, 1.0000, 0.0000, 0.0000, 0.0000, 0.0000]])
tensor([[0.2927, 1.0000, 0.0000, 0.0000, 0.0000, 0.0000]])
tensor([[0.9717, 1.0000, 0.0000, 0.0000, 0.0000, 0.0000]])
tensor([[0.9610, 1.0000, 0.0000, 0.0000, 0.0000, 0.0000]])
tensor([[-0.6591,  1.0000,  0.0000,  0.0000,  0.0000,  0.0000]])
tensor([[-0.9497,  1.0000,  0.0000,  0.0000,  0.0000,  0.0000]])
tensor([[0.8815, 1.0000, 0.0000, 0.0000, 0.0000, 0.0000]])
tensor([[0.5626, 1.0000, 0.0000, 0.0000, 0.0000, 0.0000]])
tensor([[0.7028, 1.0000, 0.0000, 0.0000, 0.0000, 0.0000]])
tensor([[-0.0938,  1.0000,  0.0000,  0.0000,  0.0000,  0.0000]])
tensor([[0.7744, 1.0000, 0.0000, 0.0000, 0.0000, 0.0000]])
tensor([[-0.4057,  1.0000,  0.0000,  0.0000,  0.0000,  0.0000]])
tensor([[-0.7889,  1.0000,  0.0000,  0.0000,  0.0000,  0.0000]])
tensor([[0.7024, 1.0000, 0.0000, 0.0000, 0.0000, 0.0000]])
tensor([[0.9696, 1.0000, 0.0000, 0.0000, 0.0000, 0.0000]])
tensor([[0.4628, 1.0000, 0.0000, 0.0000, 0.0000, 0.0000]])
tensor([[0.0734, 1.0000, 0.0000, 0.0000, 0.0000, 0.0000]])
tensor([[0.9328, 1.0000, 0.0000, 0.0000, 0.0000, 0.0000]])
tensor([[-0.5085,  1.0000,  1.0000,  0.0000,  0.0000,  0.0000]])
tensor([[0.8095, 1.0000, 0.0000, 0.0000, 0.0000, 0.0000]])
tensor([[0.6462, 1.0000, 0.0000, 0.0000, 0.0000, 0.0000]])
tensor([[0.7212, 1.0000, 0.0000, 0.0000, 0.0000, 0.0000]])
tensor([[-0.3572,  1.0000,  0.0000,  0.0000,  0.0000,  0.0000]])
tensor([[-0.3679,  1.0000,  0.0000,  0.0000,  0.0000,  0.0000]])
tensor([[-0.3233,  1.0000,  0.0000,  0.0000,  0.0000,  0.0000]])
tensor([[0.8401, 1.0000, 0.0000, 0.0000, 0.0000, 0.0000]])
tensor([[0.8525, 1.0000, 0.0000, 0.0000, 0.0000, 0.0000]])
tensor([[0.6967, 1.0000, 0.0000, 0.0000, 0.0000, 0.0000]])
tensor([[-0.5100,  1.0000,  0.0000,  0.0000,  0.0000,  0.0000]])
tensor([[-0.6102,  1.0000,  0.0000,  0.0000,  0.0000,  0.0000]])
tensor([[0.3555, 1.0000, 0.0000, 0.0000, 0.0000, 0.0000]])
tensor([[0.1248, 1.0000, 0.0000, 0.0000, 0.0000, 0.0000]])
tensor([[0.6486, 1.0000, 0.0000, 0.0000, 0.0000, 0.0000]])
tensor([[-0.1598,  1.0000,  0.0000,  0.0000,  0.0000,  0.0000]])
tensor([[-0.5297,  1.0000,  0.0000,  0.0000,  0.0000,  0.0000]])
tensor([[0.6819, 1.0000, 0.0000, 0.0000, 0.0000, 0.0000]])
tensor([[0.3495, 1.0000, 0.0000, 0.0000, 0.0000, 0.0000]])
tensor([[-0.5730,  1.0000,  0.0000,  0.0000,  0.0000,  0.0000]])
tensor([[-0.8361,  1.0000,  0.0000,  0.0000,  0.0000,  0.0000]])
tensor([[0.9033, 1.0000, 0.0000, 0.0000, 0.0000, 0.0000]])
tensor([[-0.5671,  1.0000,  0.0000,  0.0000,  0.0000,  0.0000]])
tensor([[0.9646, 1.0000, 0.0000, 0.0000, 0.0000, 0.0000]])
tensor([[-0.7984,  1.0000,  0.0000,  0.0000,  0.0000,  0.0000]])
tensor([[0.6502, 1.0000, 0.0000, 0.0000, 0.0000, 0.0000]])
tensor([[0.4804, 1.0000, 0.0000, 0.0000, 0.0000, 0.0000]])
tensor([[-0.8446,  1.0000,  0.0000,  0.0000,  0.0000,  0.0000]])
tensor([[-0.6778,  1.0000,  0.0000,  0.0000,  0.0000,  0.0000]])
tensor([[0.1669, 1.0000, 0.0000, 0.0000, 0.0000, 0.0000]])
tensor([[-0.9270,  1.0000,  0.0000,  0.0000,  0.0000,  0.0000]])
tensor([[-0.6439,  1.0000,  0.0000,  0.0000,  0.0000,  0.0000]])
tensor([[-0.6172,  1.0000,  0.0000,  0.0000,  0.0000,  0.0000]])
tensor([[-0.8868,  1.0000,  0.0000,  0.0000,  0.0000,  0.0000]])
tensor([[0.9190, 1.0000, 0.0000, 0.0000, 0.0000, 0.0000]])
tensor([[-0.3177,  1.0000,  0.0000,  0.0000,  0.0000,  0.0000]])
tensor([[-0.0820,  1.0000,  0.0000,  0.0000,  0.0000,  0.0000]])
tensor([[-0.8400,  1.0000,  0.0000,  0.0000,  0.0000,  0.0000]])
tensor([[-0.1492,  1.0000,  0.0000,  0.0000,  0.0000,  0.0000]])
tensor([[0.8097, 1.0000, 0.0000, 0.0000, 0.0000, 0.0000]])
tensor([[0.5499, 1.0000, 0.0000, 0.0000, 0.0000, 0.0000]])
tensor([[0.5040, 1.0000, 0.0000, 0.0000, 0.0000, 0.0000]])
tensor([[0.1177, 1.0000, 0.0000, 0.0000, 0.0000, 0.0000]])
tensor([[-0.2075,  1.0000,  0.0000,  0.0000,  0.0000,  0.0000]])
tensor([[-0.0523,  1.0000,  0.0000,  0.0000,  0.0000,  0.0000]])
tensor([[-0.9810,  1.0000,  0.0000,  0.0000,  0.0000,  0.0000]])
tensor([[0.6977, 1.0000, 0.0000, 0.0000, 0.0000, 0.0000]])
tensor([[-0.8710,  1.0000,  0.0000,  0.0000,  0.0000,  0.0000]])
tensor([[-0.6004,  1.0000,  0.0000,  0.0000,  0.0000,  0.0000]])
tensor([[-0.9013,  1.0000,  0.0000,  0.0000,  0.0000,  0.0000]])
tensor([[0.0521, 1.0000, 0.0000, 0.0000, 0.0000, 0.0000]])
tensor([[-0.6148,  1.0000,  0.0000,  0.0000,  0.0000,  0.0000]])
tensor([[-0.1660,  1.0000,  0.0000,  0.0000,  0.0000,  0.0000]])
tensor([[0.2046, 1.0000, 0.0000, 0.0000, 0.0000, 0.0000]])
tensor([[0.9615, 1.0000, 0.0000, 0.0000, 0.0000, 0.0000]])
tensor([[-0.5333,  1.0000,  0.0000,  0.0000,  0.0000,  0.0000]])
tensor([[-0.2814,  1.0000,  0.0000,  0.0000,  0.0000,  0.0000]])
tensor([[-0.3649,  1.0000,  0.0000,  0.0000,  0.0000,  0.0000]])
tensor([[0.0149, 1.0000, 0.0000, 0.0000, 0.0000, 0.0000]])
tensor([[-0.7003,  1.0000,  0.0000,  0.0000,  0.0000,  0.0000]])
tensor([[-0.3026,  1.0000,  0.0000,  0.0000,  0.0000,  0.0000]])
tensor([[0.0827, 1.0000, 0.0000, 0.0000, 0.0000, 0.0000]])
tensor([[-0.1796,  1.0000,  0.0000,  0.0000,  0.0000,  0.0000]])
tensor([[0.2406, 1.0000, 0.0000, 0.0000, 0.0000, 0.0000]])
tensor([[0.8522, 1.0000, 0.0000, 0.0000, 0.0000, 0.0000]])
tensor([[-0.0177,  0.0000,  0.0000,  0.0000,  0.0000,  0.0000]])
tensor([[0.5427, 1.0000, 0.0000, 0.0000, 0.0000, 0.0000]])
tensor([[-0.6459,  1.0000,  0.0000,  0.0000,  0.0000,  0.0000]])
tensor([[-0.5938,  1.0000,  1.0000,  0.0000,  0.0000,  0.0000]])
tensor([[0.3469, 1.0000, 0.0000, 0.0000, 0.0000, 0.0000]])
tensor([[-0.4093,  1.0000,  0.0000,  0.0000,  0.0000,  0.0000]])
tensor([[0.6783, 1.0000, 0.0000, 0.0000, 0.0000, 0.0000]])
tensor([[-0.6371,  1.0000,  1.0000,  0.0000,  0.0000,  0.0000]])
tensor([[-0.0484,  1.0000,  0.0000,  0.0000,  0.0000,  0.0000]])
tensor([[-0.6787,  1.0000,  0.0000,  0.0000,  0.0000,  0.0000]])
tensor([[0.8624, 1.0000, 0.0000, 0.0000, 0.0000, 0.0000]])
tensor([[0.8653, 1.0000, 0.0000, 0.0000, 0.0000, 0.0000]])
tensor([[0.9811, 1.0000, 0.0000, 0.0000, 0.0000, 0.0000]])
tensor([[-0.3466,  1.0000,  0.0000,  0.0000,  0.0000,  0.0000]])
tensor([[-0.3034,  1.0000,  0.0000,  0.0000,  0.0000,  0.0000]])
tensor([[0.6515, 1.0000, 0.0000, 0.0000, 0.0000, 0.0000]])
tensor([[-0.4911,  1.0000,  0.0000,  0.0000,  0.0000,  0.0000]])
tensor([[0.4987, 1.0000, 0.0000, 0.0000, 0.0000, 0.0000]])
tensor([[-0.1433,  1.0000,  0.0000,  0.0000,  0.0000,  0.0000]])
tensor([[-0.2903,  1.0000,  0.0000,  0.0000,  0.0000,  0.0000]])
tensor([[0.1909, 1.0000, 0.0000, 0.0000, 0.0000, 0.0000]])
tensor([[0.8707, 1.0000, 0.0000, 0.0000, 0.0000, 0.0000]])
tensor([[0.3754, 1.0000, 0.0000, 0.0000, 0.0000, 0.0000]])
tensor([[0.8013, 1.0000, 0.0000, 0.0000, 0.0000, 0.0000]])
tensor([[-0.8650,  1.0000,  0.0000,  0.0000,  0.0000,  0.0000]])
tensor([[-0.3935,  1.0000,  0.0000,  0.0000,  0.0000,  0.0000]])
tensor([[-0.4625,  1.0000,  0.0000,  0.0000,  0.0000,  0.0000]])
tensor([[-0.6682,  1.0000,  0.0000,  0.0000,  0.0000,  0.0000]])
tensor([[-0.5885,  1.0000,  0.0000,  0.0000,  0.0000,  0.0000]])
tensor([[-0.8383,  1.0000,  0.0000,  0.0000,  0.0000,  0.0000]])
tensor([[-0.4227,  1.0000,  0.0000,  0.0000,  0.0000,  0.0000]])
tensor([[-0.6148,  1.0000,  0.0000,  0.0000,  0.0000,  0.0000]])
tensor([[0.2228, 1.0000, 0.0000, 0.0000, 0.0000, 0.0000]])
tensor([[0.2277, 0.0000, 0.0000, 0.0000, 0.0000, 0.0000]])
tensor([[-0.8722,  1.0000,  0.0000,  0.0000,  0.0000,  0.0000]])
tensor([[-0.0640,  1.0000,  0.0000,  0.0000,  0.0000,  0.0000]])
tensor([[0.1286, 1.0000, 0.0000, 0.0000, 0.0000, 0.0000]])
tensor([[-0.0267,  1.0000,  0.0000,  0.0000,  0.0000,  0.0000]])
tensor([[-0.8771,  1.0000,  0.0000,  0.0000,  0.0000,  0.0000]])
tensor([[-0.5701,  1.0000,  0.0000,  0.0000,  0.0000,  0.0000]])
tensor([[-0.7511,  1.0000,  0.0000,  0.0000,  0.0000,  0.0000]])
tensor([[-0.8883,  1.0000,  0.0000,  0.0000,  0.0000,  0.0000]])
tensor([[-0.3566,  1.0000,  0.0000,  0.0000,  0.0000,  0.0000]])
tensor([[0.6450, 1.0000, 0.0000, 0.0000, 0.0000, 0.0000]])
tensor([[0.1085, 1.0000, 0.0000, 0.0000, 0.0000, 0.0000]])
tensor([[0.7653, 1.0000, 0.0000, 0.0000, 0.0000, 0.0000]])
tensor([[0.3228, 1.0000, 0.0000, 0.0000, 0.0000, 0.0000]])
tensor([[-0.5309,  1.0000,  0.0000,  0.0000,  0.0000,  0.0000]])
tensor([[-0.2827,  1.0000,  0.0000,  0.0000,  0.0000,  0.0000]])
tensor([[0.8679, 1.0000, 0.0000, 0.0000, 0.0000, 0.0000]])
tensor([[0.1181, 1.0000, 0.0000, 0.0000, 0.0000, 0.0000]])
tensor([[0.3508, 1.0000, 0.0000, 0.0000, 0.0000, 0.0000]])
tensor([[0.6774, 1.0000, 0.0000, 0.0000, 0.0000, 0.0000]])
tensor([[0.9815, 1.0000, 0.0000, 0.0000, 0.0000, 0.0000]])
tensor([[0.1897, 1.0000, 0.0000, 0.0000, 0.0000, 0.0000]])
tensor([[0.8542, 1.0000, 0.0000, 0.0000, 0.0000, 0.0000]])
tensor([[0.8231, 1.0000, 0.0000, 0.0000, 0.0000, 0.0000]])
tensor([[0.2853, 0.0000, 0.0000, 0.0000, 0.0000, 0.0000]])
tensor([[-0.4804,  1.0000,  0.0000,  0.0000,  0.0000,  0.0000]])
tensor([[-0.6493,  1.0000,  0.0000,  0.0000,  0.0000,  0.0000]])
tensor([[-0.0227,  1.0000,  0.0000,  0.0000,  0.0000,  0.0000]])
tensor([[0.8021, 1.0000, 0.0000, 0.0000, 0.0000, 0.0000]])
tensor([[0.8927, 1.0000, 0.0000, 0.0000, 0.0000, 0.0000]])
tensor([[0.0063, 1.0000, 0.0000, 0.0000, 0.0000, 0.0000]])
tensor([[0.9511, 1.0000, 0.0000, 0.0000, 0.0000, 0.0000]])
tensor([[0.9377, 1.0000, 0.0000, 0.0000, 0.0000, 0.0000]])
tensor([[0.7988, 1.0000, 0.0000, 0.0000, 0.0000, 0.0000]])
tensor([[-0.7946,  1.0000,  0.0000,  0.0000,  0.0000,  0.0000]])
tensor([[0.2028, 1.0000, 0.0000, 0.0000, 0.0000, 0.0000]])
tensor([[0.4845, 1.0000, 0.0000, 0.0000, 0.0000, 0.0000]])
tensor([[-0.5069,  1.0000,  0.0000,  0.0000,  0.0000,  0.0000]])
tensor([[0.9266, 1.0000, 0.0000, 0.0000, 0.0000, 0.0000]])
tensor([[-0.8790,  1.0000,  0.0000,  0.0000,  0.0000,  0.0000]])
tensor([[0.1585, 1.0000, 0.0000, 0.0000, 0.0000, 0.0000]])
tensor([[-0.7702,  1.0000,  0.0000,  0.0000,  0.0000,  0.0000]])
tensor([[-0.6359,  1.0000,  0.0000,  0.0000,  0.0000,  0.0000]])
tensor([[0.3533, 1.0000, 0.0000, 0.0000, 0.0000, 0.0000]])
tensor([[0.1218, 1.0000, 0.0000, 0.0000, 0.0000, 0.0000]])
tensor([[-0.8619,  1.0000,  0.0000,  0.0000,  0.0000,  0.0000]])
tensor([[-0.7806,  1.0000,  1.0000,  0.0000,  0.0000,  0.0000]])
tensor([[0.9071, 1.0000, 0.0000, 0.0000, 0.0000, 0.0000]])
tensor([[-0.9588,  1.0000,  0.0000,  0.0000,  0.0000,  0.0000]])
tensor([[0.7956, 1.0000, 0.0000, 0.0000, 0.0000, 0.0000]])
tensor([[-0.3651,  1.0000,  0.0000,  0.0000,  0.0000,  0.0000]])
tensor([[0.3758, 1.0000, 0.0000, 0.0000, 0.0000, 0.0000]])
tensor([[0.1750, 1.0000, 0.0000, 0.0000, 0.0000, 0.0000]])
tensor([[0.8095, 1.0000, 0.0000, 0.0000, 0.0000, 0.0000]])
tensor([[0.1006, 1.0000, 0.0000, 0.0000, 0.0000, 0.0000]])
tensor([[-0.2092,  1.0000,  0.0000,  0.0000,  0.0000,  0.0000]])
tensor([[-0.7739,  1.0000,  0.0000,  0.0000,  0.0000,  0.0000]])
tensor([[0.4540, 1.0000, 0.0000, 0.0000, 0.0000, 0.0000]])
tensor([[-0.9402,  1.0000,  0.0000,  0.0000,  0.0000,  0.0000]])
tensor([[0.7570, 1.0000, 0.0000, 0.0000, 0.0000, 0.0000]])
tensor([[0.0870, 1.0000, 0.0000, 0.0000, 0.0000, 0.0000]])
tensor([[0.4362, 1.0000, 0.0000, 0.0000, 0.0000, 0.0000]])
tensor([[0.4947, 1.0000, 0.0000, 0.0000, 0.0000, 0.0000]])
tensor([[0.8453, 1.0000, 0.0000, 0.0000, 0.0000, 0.0000]])
tensor([[0.4672, 1.0000, 0.0000, 0.0000, 0.0000, 0.0000]])
tensor([[-0.9659,  1.0000,  0.0000,  0.0000,  0.0000,  0.0000]])
tensor([[-0.6654,  1.0000,  0.0000,  0.0000,  0.0000,  0.0000]])
tensor([[-0.9828,  0.0000,  0.0000,  0.0000,  0.0000,  0.0000]])
tensor([[-0.5774,  1.0000,  0.0000,  0.0000,  0.0000,  0.0000]])
tensor([[-0.2167,  1.0000,  0.0000,  0.0000,  0.0000,  0.0000]])
tensor([[-0.4786,  1.0000,  0.0000,  0.0000,  0.0000,  0.0000]])
tensor([[-0.4848,  1.0000,  0.0000,  0.0000,  0.0000,  0.0000]])
tensor([[0.5992, 1.0000, 0.0000, 0.0000, 0.0000, 0.0000]])
tensor([[0.1208, 1.0000, 0.0000, 0.0000, 0.0000, 0.0000]])
tensor([[0.8117, 1.0000, 0.0000, 0.0000, 0.0000, 0.0000]])
tensor([[-0.2654,  1.0000,  0.0000,  0.0000,  0.0000,  0.0000]])
tensor([[0.1590, 1.0000, 0.0000, 0.0000, 0.0000, 0.0000]])
tensor([[0.4315, 1.0000, 0.0000, 0.0000, 0.0000, 0.0000]])
tensor([[0.6306, 1.0000, 0.0000, 0.0000, 0.0000, 0.0000]])
tensor([[-0.2893,  1.0000,  0.0000,  0.0000,  0.0000,  0.0000]])
tensor([[-0.8868,  1.0000,  0.0000,  0.0000,  0.0000,  0.0000]])
tensor([[-0.6786,  1.0000,  0.0000,  0.0000,  0.0000,  0.0000]])
tensor([[-0.8348,  1.0000,  0.0000,  0.0000,  0.0000,  0.0000]])
tensor([[-0.5187,  1.0000,  1.0000,  0.0000,  0.0000,  0.0000]])
tensor([[-0.8952,  1.0000,  0.0000,  0.0000,  0.0000,  0.0000]])
tensor([[-0.8639,  1.0000,  0.0000,  0.0000,  0.0000,  0.0000]])
tensor([[-0.0866,  1.0000,  0.0000,  0.0000,  0.0000,  0.0000]])
tensor([[-0.7423,  1.0000,  0.0000,  0.0000,  0.0000,  0.0000]])
tensor([[-0.6347,  1.0000,  0.0000,  0.0000,  0.0000,  0.0000]])
tensor([[0.1944, 1.0000, 0.0000, 0.0000, 0.0000, 0.0000]])
tensor([[-0.6371,  1.0000,  0.0000,  0.0000,  0.0000,  0.0000]])
tensor([[-0.2795,  1.0000,  0.0000,  0.0000,  0.0000,  0.0000]])
tensor([[0.6338, 1.0000, 0.0000, 0.0000, 0.0000, 0.0000]])
tensor([[0.4803, 1.0000, 0.0000, 0.0000, 0.0000, 0.0000]])
tensor([[0.9045, 1.0000, 0.0000, 0.0000, 0.0000, 0.0000]])
tensor([[-0.1536,  1.0000,  0.0000,  0.0000,  0.0000,  0.0000]])
tensor([[0.9806, 1.0000, 0.0000, 0.0000, 0.0000, 0.0000]])
tensor([[-0.4692,  1.0000,  0.0000,  0.0000,  0.0000,  0.0000]])
tensor([[0.2680, 1.0000, 0.0000, 0.0000, 0.0000, 0.0000]])
tensor([[-0.3200,  1.0000,  0.0000,  0.0000,  0.0000,  0.0000]])
tensor([[-0.6554,  1.0000,  0.0000,  0.0000,  0.0000,  0.0000]])
tensor([[0.3893, 1.0000, 0.0000, 0.0000, 0.0000, 0.0000]])
tensor([[0.1585, 1.0000, 0.0000, 0.0000, 0.0000, 0.0000]])
tensor([[-0.5467,  1.0000,  0.0000,  0.0000,  0.0000,  0.0000]])
tensor([[-0.6542,  1.0000,  0.0000,  0.0000,  0.0000,  0.0000]])
tensor([[0.7374, 1.0000, 0.0000, 0.0000, 0.0000, 0.0000]])
tensor([[-0.7330,  1.0000,  0.0000,  0.0000,  0.0000,  0.0000]])
tensor([[0.5338, 1.0000, 0.0000, 0.0000, 0.0000, 0.0000]])
tensor([[0.3697, 1.0000, 0.0000, 0.0000, 0.0000, 0.0000]])
tensor([[0.6063, 1.0000, 0.0000, 0.0000, 0.0000, 0.0000]])
tensor([[0.6432, 1.0000, 0.0000, 0.0000, 0.0000, 0.0000]])
tensor([[-0.4029,  1.0000,  0.0000,  0.0000,  0.0000,  0.0000]])
tensor([[0.7976, 1.0000, 0.0000, 0.0000, 0.0000, 0.0000]])
tensor([[-0.2887,  1.0000,  0.0000,  0.0000,  0.0000,  0.0000]])
tensor([[0.2792, 1.0000, 0.0000, 0.0000, 0.0000, 0.0000]])
tensor([[0.4264, 1.0000, 0.0000, 0.0000, 0.0000, 0.0000]])
tensor([[-0.0873,  1.0000,  0.0000,  0.0000,  0.0000,  0.0000]])
tensor([[0.0941, 1.0000, 0.0000, 0.0000, 0.0000, 0.0000]])
tensor([[-0.5963,  1.0000,  0.0000,  0.0000,  0.0000,  0.0000]])
tensor([[-0.8203,  1.0000,  1.0000,  0.0000,  0.0000,  0.0000]])
tensor([[0.8443, 1.0000, 0.0000, 0.0000, 0.0000, 0.0000]])
tensor([[0.5666, 1.0000, 0.0000, 0.0000, 0.0000, 0.0000]])
tensor([[0.2306, 1.0000, 0.0000, 0.0000, 0.0000, 0.0000]])
tensor([[-0.9912,  1.0000,  0.0000,  0.0000,  0.0000,  0.0000]])
tensor([[0.5620, 1.0000, 0.0000, 0.0000, 0.0000, 0.0000]])
tensor([[-0.6693,  1.0000,  0.0000,  0.0000,  0.0000,  0.0000]])
tensor([[-0.3159,  1.0000,  0.0000,  0.0000,  0.0000,  0.0000]])
tensor([[-0.8686,  1.0000,  0.0000,  0.0000,  0.0000,  0.0000]])
tensor([[0.5534, 1.0000, 0.0000, 0.0000, 0.0000, 0.0000]])
tensor([[0.0427, 1.0000, 0.0000, 0.0000, 0.0000, 0.0000]])
tensor([[-0.2478,  1.0000,  0.0000,  0.0000,  0.0000,  0.0000]])
tensor([[-0.0930,  1.0000,  0.0000,  0.0000,  0.0000,  0.0000]])
tensor([[0.1891, 1.0000, 0.0000, 0.0000, 0.0000, 0.0000]])
tensor([[-0.6504,  1.0000,  0.0000,  0.0000,  0.0000,  0.0000]])
tensor([[0.9500, 1.0000, 0.0000, 0.0000, 0.0000, 0.0000]])
tensor([[0.1523, 1.0000, 0.0000, 0.0000, 0.0000, 0.0000]])
tensor([[0.5410, 0.0000, 0.0000, 0.0000, 0.0000, 0.0000]])
tensor([[-0.7978,  1.0000,  0.0000,  0.0000,  0.0000,  0.0000]])
tensor([[0.5513, 1.0000, 0.0000, 0.0000, 0.0000, 0.0000]])
tensor([[0.9278, 1.0000, 0.0000, 0.0000, 0.0000, 0.0000]])
tensor([[0.9376, 1.0000, 0.0000, 0.0000, 0.0000, 0.0000]])
tensor([[-0.9570,  1.0000,  1.0000,  0.0000,  0.0000,  0.0000]])
tensor([[0.1700, 1.0000, 0.0000, 0.0000, 0.0000, 0.0000]])
tensor([[-0.3777,  1.0000,  0.0000,  0.0000,  0.0000,  0.0000]])
tensor([[0.3898, 1.0000, 0.0000, 0.0000, 0.0000, 0.0000]])
tensor([[-0.1460,  1.0000,  0.0000,  0.0000,  0.0000,  0.0000]])
tensor([[0.4873, 1.0000, 0.0000, 0.0000, 0.0000, 0.0000]])
tensor([[-0.7092,  1.0000,  0.0000,  0.0000,  0.0000,  0.0000]])
tensor([[-0.2244,  1.0000,  0.0000,  0.0000,  0.0000,  0.0000]])
tensor([[-0.7038,  1.0000,  0.0000,  0.0000,  0.0000,  0.0000]])
tensor([[-0.9585,  1.0000,  0.0000,  0.0000,  0.0000,  0.0000]])
tensor([[-0.3351,  1.0000,  0.0000,  0.0000,  0.0000,  0.0000]])
tensor([[0.9876, 1.0000, 0.0000, 0.0000, 0.0000, 0.0000]])
tensor([[0.9060, 1.0000, 0.0000, 0.0000, 0.0000, 0.0000]])
tensor([[-0.5669,  1.0000,  0.0000,  0.0000,  0.0000,  0.0000]])
tensor([[-0.4405,  1.0000,  0.0000,  0.0000,  0.0000,  0.0000]])
tensor([[0.8963, 1.0000, 0.0000, 0.0000, 0.0000, 0.0000]])
tensor([[-0.2611,  1.0000,  0.0000,  0.0000,  0.0000,  0.0000]])
tensor([[0.9097, 1.0000, 0.0000, 0.0000, 0.0000, 0.0000]])
tensor([[0.6506, 1.0000, 0.0000, 0.0000, 0.0000, 0.0000]])
tensor([[0.8845, 1.0000, 0.0000, 0.0000, 0.0000, 0.0000]])
tensor([[0.7826, 1.0000, 0.0000, 0.0000, 0.0000, 0.0000]])
tensor([[-0.3092,  1.0000,  0.0000,  0.0000,  0.0000,  0.0000]])
tensor([[-0.8069,  1.0000,  0.0000,  0.0000,  0.0000,  0.0000]])
tensor([[-0.2950,  1.0000,  0.0000,  0.0000,  0.0000,  0.0000]])
tensor([[-0.7465,  1.0000,  0.0000,  0.0000,  0.0000,  0.0000]])
tensor([[0.3027, 1.0000, 0.0000, 0.0000, 0.0000, 0.0000]])
tensor([[-0.3465,  1.0000,  0.0000,  0.0000,  0.0000,  0.0000]])
tensor([[0.2573, 1.0000, 0.0000, 0.0000, 0.0000, 0.0000]])
tensor([[0.3874, 1.0000, 0.0000, 0.0000, 0.0000, 0.0000]])
tensor([[-0.0929,  1.0000,  0.0000,  0.0000,  0.0000,  0.0000]])
tensor([[0.5857, 1.0000, 0.0000, 0.0000, 0.0000, 0.0000]])
tensor([[0.2067, 1.0000, 0.0000, 0.0000, 0.0000, 0.0000]])
tensor([[-0.8389,  1.0000,  0.0000,  0.0000,  0.0000,  0.0000]])
tensor([[-0.4552,  1.0000,  0.0000,  0.0000,  0.0000,  0.0000]])
tensor([[0.2420, 1.0000, 0.0000, 0.0000, 0.0000, 0.0000]])
tensor([[-0.6186,  1.0000,  0.0000,  0.0000,  0.0000,  0.0000]])
tensor([[0.2465, 1.0000, 0.0000, 0.0000, 0.0000, 0.0000]])
tensor([[0.5205, 1.0000, 0.0000, 0.0000, 0.0000, 0.0000]])
tensor([[-0.5187,  1.0000,  0.0000,  0.0000,  0.0000,  0.0000]])
tensor([[0.1042, 1.0000, 0.0000, 0.0000, 0.0000, 0.0000]])
tensor([[-0.6286,  1.0000,  0.0000,  0.0000,  0.0000,  0.0000]])
tensor([[-0.7446,  1.0000,  0.0000,  0.0000,  0.0000,  0.0000]])
tensor([[-0.2648,  1.0000,  0.0000,  0.0000,  0.0000,  0.0000]])
tensor([[-0.3272,  1.0000,  0.0000,  0.0000,  0.0000,  0.0000]])
tensor([[-0.8512,  1.0000,  0.0000,  0.0000,  0.0000,  0.0000]])
tensor([[-0.0522,  1.0000,  0.0000,  0.0000,  0.0000,  0.0000]])
tensor([[0.6518, 1.0000, 0.0000, 0.0000, 0.0000, 0.0000]])
tensor([[-0.6515,  1.0000,  0.0000,  0.0000,  0.0000,  0.0000]])
tensor([[-0.6916,  1.0000,  0.0000,  0.0000,  0.0000,  0.0000]])
tensor([[-0.6902,  1.0000,  0.0000,  0.0000,  0.0000,  0.0000]])
tensor([[-0.2511,  1.0000,  0.0000,  0.0000,  0.0000,  0.0000]])
tensor([[-0.9343,  1.0000,  0.0000,  0.0000,  0.0000,  0.0000]])
tensor([[-0.6978,  1.0000,  0.0000,  0.0000,  0.0000,  0.0000]])
tensor([[-0.4855,  1.0000,  0.0000,  0.0000,  0.0000,  0.0000]])
tensor([[0.6460, 1.0000, 0.0000, 0.0000, 0.0000, 0.0000]])
tensor([[0.1560, 1.0000, 0.0000, 0.0000, 0.0000, 0.0000]])
tensor([[-0.9933,  1.0000,  0.0000,  0.0000,  0.0000,  0.0000]])
tensor([[0.3474, 1.0000, 0.0000, 0.0000, 0.0000, 0.0000]])
tensor([[-0.7880,  1.0000,  0.0000,  0.0000,  0.0000,  0.0000]])
tensor([[-0.9404,  1.0000,  0.0000,  0.0000,  0.0000,  0.0000]])
tensor([[-0.6287,  1.0000,  0.0000,  0.0000,  0.0000,  0.0000]])
tensor([[-0.5701,  1.0000,  0.0000,  0.0000,  0.0000,  0.0000]])
tensor([[-0.4258,  1.0000,  0.0000,  0.0000,  0.0000,  0.0000]])
tensor([[0.6991, 1.0000, 0.0000, 0.0000, 0.0000, 0.0000]])
tensor([[0.6392, 1.0000, 0.0000, 0.0000, 0.0000, 0.0000]])
tensor([[0.9327, 1.0000, 1.0000, 0.0000, 0.0000, 0.0000]])
tensor([[0.5635, 1.0000, 0.0000, 0.0000, 0.0000, 0.0000]])
tensor([[-0.7395,  1.0000,  0.0000,  0.0000,  0.0000,  0.0000]])
tensor([[0.7107, 1.0000, 0.0000, 0.0000, 0.0000, 0.0000]])
tensor([[-0.8339,  1.0000,  0.0000,  0.0000,  0.0000,  0.0000]])
tensor([[-0.7444,  1.0000,  0.0000,  0.0000,  0.0000,  0.0000]])
tensor([[0.2985, 1.0000, 0.0000, 0.0000, 0.0000, 0.0000]])
tensor([[-0.4302,  1.0000,  0.0000,  0.0000,  0.0000,  0.0000]])
tensor([[0.0814, 1.0000, 0.0000, 0.0000, 0.0000, 0.0000]])
tensor([[0.4113, 1.0000, 0.0000, 0.0000, 0.0000, 0.0000]])
tensor([[-0.2307,  0.0000,  0.0000,  0.0000,  0.0000,  0.0000]])
tensor([[-0.9772,  1.0000,  0.0000,  0.0000,  0.0000,  0.0000]])
tensor([[0.0795, 1.0000, 0.0000, 0.0000, 0.0000, 0.0000]])
tensor([[0.5924, 1.0000, 0.0000, 0.0000, 0.0000, 0.0000]])
tensor([[0.8650, 1.0000, 0.0000, 0.0000, 0.0000, 0.0000]])
tensor([[0.5505, 1.0000, 0.0000, 0.0000, 0.0000, 0.0000]])
tensor([[-0.6331,  1.0000,  0.0000,  0.0000,  0.0000,  0.0000]])
tensor([[-0.5841,  1.0000,  0.0000,  0.0000,  0.0000,  0.0000]])
tensor([[0.3564, 1.0000, 0.0000, 0.0000, 0.0000, 0.0000]])
tensor([[-0.6697,  1.0000,  0.0000,  0.0000,  0.0000,  0.0000]])
tensor([[0.5928, 1.0000, 0.0000, 0.0000, 0.0000, 0.0000]])
tensor([[0.5453, 1.0000, 0.0000, 0.0000, 0.0000, 0.0000]])
tensor([[0.7973, 1.0000, 1.0000, 0.0000, 0.0000, 0.0000]])
tensor([[-0.3331,  0.0000,  0.0000,  0.0000,  0.0000,  0.0000]])
tensor([[-0.4901,  1.0000,  0.0000,  0.0000,  0.0000,  0.0000]])
tensor([[-0.4130,  1.0000,  0.0000,  0.0000,  0.0000,  0.0000]])
tensor([[-0.9018,  1.0000,  0.0000,  0.0000,  0.0000,  0.0000]])
tensor([[0.8954, 1.0000, 0.0000, 0.0000, 0.0000, 0.0000]])
tensor([[-0.9314,  1.0000,  0.0000,  0.0000,  0.0000,  0.0000]])
tensor([[0.4884, 1.0000, 0.0000, 0.0000, 0.0000, 0.0000]])
tensor([[0.3992, 1.0000, 0.0000, 0.0000, 0.0000, 0.0000]])
tensor([[0.6213, 1.0000, 0.0000, 0.0000, 0.0000, 0.0000]])
tensor([[-0.3395,  1.0000,  0.0000,  0.0000,  0.0000,  0.0000]])
tensor([[0.2591, 1.0000, 0.0000, 0.0000, 0.0000, 0.0000]])
tensor([[0.9196, 1.0000, 0.0000, 0.0000, 0.0000, 0.0000]])
tensor([[-0.6274,  1.0000,  0.0000,  0.0000,  0.0000,  0.0000]])
tensor([[-0.2445,  1.0000,  1.0000,  0.0000,  0.0000,  0.0000]])
tensor([[-0.8064,  1.0000,  0.0000,  0.0000,  0.0000,  0.0000]])
tensor([[-0.6619,  1.0000,  0.0000,  0.0000,  0.0000,  0.0000]])
tensor([[0.6935, 1.0000, 0.0000, 0.0000, 0.0000, 0.0000]])
tensor([[-0.9510,  1.0000,  0.0000,  0.0000,  0.0000,  0.0000]])
tensor([[-0.8621,  1.0000,  0.0000,  0.0000,  0.0000,  0.0000]])
tensor([[-0.5580,  1.0000,  0.0000,  0.0000,  0.0000,  0.0000]])
tensor([[0.1084, 1.0000, 0.0000, 0.0000, 0.0000, 0.0000]])
tensor([[-0.8913,  1.0000,  0.0000,  0.0000,  0.0000,  0.0000]])
tensor([[0.1939, 0.0000, 0.0000, 0.0000, 0.0000, 0.0000]])
tensor([[0.8151, 1.0000, 0.0000, 0.0000, 0.0000, 0.0000]])
tensor([[-0.4643,  1.0000,  0.0000,  0.0000,  0.0000,  0.0000]])
tensor([[0.3596, 1.0000, 0.0000, 0.0000, 0.0000, 0.0000]])
tensor([[0.7183, 1.0000, 0.0000, 0.0000, 0.0000, 0.0000]])
tensor([[0.8551, 1.0000, 0.0000, 0.0000, 0.0000, 0.0000]])
tensor([[-0.8751,  1.0000,  0.0000,  0.0000,  0.0000,  0.0000]])
tensor([[0.0152, 1.0000, 0.0000, 0.0000, 0.0000, 0.0000]])
tensor([[-0.2789,  1.0000,  0.0000,  0.0000,  0.0000,  0.0000]])
tensor([[-0.2311,  1.0000,  0.0000,  0.0000,  0.0000,  0.0000]])
tensor([[-0.5966,  1.0000,  0.0000,  0.0000,  0.0000,  0.0000]])
tensor([[-0.2301,  1.0000,  0.0000,  0.0000,  0.0000,  0.0000]])
tensor([[-0.2278,  1.0000,  0.0000,  0.0000,  0.0000,  0.0000]])
tensor([[0.6651, 1.0000, 0.0000, 0.0000, 0.0000, 0.0000]])
tensor([[0.4372, 1.0000, 0.0000, 0.0000, 0.0000, 0.0000]])
tensor([[0.2053, 1.0000, 0.0000, 0.0000, 0.0000, 0.0000]])
tensor([[-0.4784,  1.0000,  0.0000,  0.0000,  0.0000,  0.0000]])
tensor([[-0.6312,  1.0000,  0.0000,  0.0000,  0.0000,  0.0000]])
tensor([[-0.2547,  1.0000,  0.0000,  0.0000,  0.0000,  0.0000]])
tensor([[-0.2933,  1.0000,  0.0000,  0.0000,  0.0000,  0.0000]])
tensor([[-0.8910,  1.0000,  0.0000,  0.0000,  0.0000,  0.0000]])
tensor([[-0.7735,  1.0000,  0.0000,  0.0000,  0.0000,  0.0000]])
tensor([[-0.9163,  1.0000,  0.0000,  0.0000,  0.0000,  0.0000]])
tensor([[0.2080, 1.0000, 0.0000, 0.0000, 0.0000, 0.0000]])
tensor([[0.1847, 1.0000, 0.0000, 0.0000, 0.0000, 0.0000]])
tensor([[0.7452, 1.0000, 0.0000, 0.0000, 0.0000, 0.0000]])
tensor([[0.5668, 1.0000, 0.0000, 0.0000, 0.0000, 0.0000]])
tensor([[0.0074, 1.0000, 0.0000, 0.0000, 0.0000, 0.0000]])
tensor([[-0.7543,  1.0000,  0.0000,  0.0000,  0.0000,  0.0000]])
tensor([[-0.4848,  1.0000,  0.0000,  0.0000,  0.0000,  0.0000]])
tensor([[0.5037, 1.0000, 0.0000, 0.0000, 0.0000, 0.0000]])
tensor([[-0.3660,  1.0000,  0.0000,  0.0000,  0.0000,  0.0000]])
tensor([[-0.7587,  1.0000,  0.0000,  0.0000,  0.0000,  0.0000]])
tensor([[-0.7947,  1.0000,  0.0000,  0.0000,  0.0000,  0.0000]])
tensor([[-0.8958,  1.0000,  0.0000,  0.0000,  0.0000,  0.0000]])
tensor([[-0.5056,  1.0000,  0.0000,  0.0000,  0.0000,  0.0000]])
tensor([[0.5482, 1.0000, 0.0000, 0.0000, 0.0000, 0.0000]])
tensor([[-0.5813,  1.0000,  0.0000,  0.0000,  0.0000,  0.0000]])
tensor([[0.4959, 1.0000, 0.0000, 0.0000, 0.0000, 0.0000]])
tensor([[-0.5513,  1.0000,  0.0000,  0.0000,  0.0000,  0.0000]])
tensor([[-0.5311,  1.0000,  0.0000,  0.0000,  0.0000,  0.0000]])
tensor([[-0.1718,  1.0000,  0.0000,  0.0000,  0.0000,  0.0000]])
tensor([[0.4558, 1.0000, 0.0000, 0.0000, 0.0000, 0.0000]])
tensor([[-0.6303,  1.0000,  0.0000,  0.0000,  0.0000,  0.0000]])
tensor([[0.0882, 1.0000, 0.0000, 0.0000, 0.0000, 0.0000]])
tensor([[0.8439, 1.0000, 0.0000, 0.0000, 0.0000, 0.0000]])
tensor([[-0.1029,  1.0000,  0.0000,  0.0000,  0.0000,  0.0000]])
tensor([[-0.8453,  1.0000,  0.0000,  0.0000,  0.0000,  0.0000]])
tensor([[0.5693, 1.0000, 0.0000, 0.0000, 0.0000, 0.0000]])
tensor([[0.4209, 1.0000, 0.0000, 0.0000, 0.0000, 0.0000]])
tensor([[0.8163, 1.0000, 0.0000, 0.0000, 0.0000, 0.0000]])
tensor([[0.3382, 1.0000, 0.0000, 0.0000, 0.0000, 0.0000]])
tensor([[0.5345, 1.0000, 0.0000, 0.0000, 0.0000, 0.0000]])
tensor([[-0.9586,  0.0000,  0.0000,  0.0000,  0.0000,  0.0000]])
tensor([[-0.5716,  1.0000,  0.0000,  0.0000,  0.0000,  0.0000]])
tensor([[-0.8155,  1.0000,  0.0000,  0.0000,  0.0000,  0.0000]])
tensor([[-0.7324,  1.0000,  0.0000,  0.0000,  0.0000,  0.0000]])
tensor([[0.6640, 1.0000, 0.0000, 0.0000, 0.0000, 0.0000]])
tensor([[0.4370, 1.0000, 0.0000, 0.0000, 0.0000, 0.0000]])
tensor([[0.4928, 1.0000, 0.0000, 0.0000, 0.0000, 0.0000]])
tensor([[-0.6999,  1.0000,  0.0000,  0.0000,  0.0000,  0.0000]])
tensor([[-0.8475,  1.0000,  0.0000,  0.0000,  0.0000,  0.0000]])
tensor([[0.0941, 1.0000, 0.0000, 0.0000, 0.0000, 0.0000]])
tensor([[-0.1348,  1.0000,  0.0000,  0.0000,  0.0000,  0.0000]])
tensor([[0.1188, 1.0000, 0.0000, 0.0000, 0.0000, 0.0000]])
tensor([[0.3512, 1.0000, 0.0000, 0.0000, 0.0000, 0.0000]])
tensor([[0.9552, 1.0000, 0.0000, 0.0000, 0.0000, 0.0000]])
tensor([[-0.2084,  1.0000,  0.0000,  0.0000,  0.0000,  0.0000]])
tensor([[-0.8315,  1.0000,  0.0000,  0.0000,  0.0000,  0.0000]])
tensor([[-0.5203,  1.0000,  0.0000,  0.0000,  0.0000,  0.0000]])
tensor([[-0.8004,  1.0000,  0.0000,  0.0000,  0.0000,  0.0000]])
tensor([[0.7283, 1.0000, 0.0000, 0.0000, 0.0000, 0.0000]])
tensor([[0.7657, 1.0000, 0.0000, 0.0000, 0.0000, 0.0000]])
tensor([[-0.4558,  1.0000,  0.0000,  0.0000,  0.0000,  0.0000]])
tensor([[0.1800, 1.0000, 0.0000, 0.0000, 0.0000, 0.0000]])
tensor([[-0.5138,  1.0000,  0.0000,  0.0000,  0.0000,  0.0000]])
tensor([[-0.6383,  1.0000,  0.0000,  0.0000,  0.0000,  0.0000]])
tensor([[-0.5937,  1.0000,  0.0000,  0.0000,  0.0000,  0.0000]])
tensor([[-0.0758,  0.0000,  0.0000,  0.0000,  0.0000,  0.0000]])
tensor([[0.1659, 1.0000, 0.0000, 0.0000, 0.0000, 0.0000]])
tensor([[-0.5815,  1.0000,  0.0000,  0.0000,  0.0000,  0.0000]])
tensor([[0.1314, 1.0000, 0.0000, 0.0000, 0.0000, 0.0000]])
tensor([[-0.6574,  1.0000,  0.0000,  0.0000,  0.0000,  0.0000]])
tensor([[0.8666, 1.0000, 0.0000, 0.0000, 0.0000, 0.0000]])
tensor([[0.7128, 1.0000, 0.0000, 0.0000, 0.0000, 0.0000]])
tensor([[-0.6726,  1.0000,  0.0000,  0.0000,  0.0000,  0.0000]])
tensor([[-0.5418,  1.0000,  0.0000,  0.0000,  0.0000,  0.0000]])
tensor([[-0.7485,  1.0000,  0.0000,  0.0000,  0.0000,  0.0000]])
tensor([[-0.8794,  1.0000,  0.0000,  0.0000,  0.0000,  0.0000]])
tensor([[0.5340, 1.0000, 0.0000, 0.0000, 0.0000, 0.0000]])
tensor([[0.8389, 0.0000, 0.0000, 0.0000, 0.0000, 0.0000]])
tensor([[-0.2241,  1.0000,  0.0000,  0.0000,  0.0000,  0.0000]])
tensor([[0.3622, 1.0000, 1.0000, 0.0000, 0.0000, 0.0000]])
tensor([[0.8880, 1.0000, 0.0000, 0.0000, 0.0000, 0.0000]])
tensor([[-0.9622,  1.0000,  0.0000,  0.0000,  0.0000,  0.0000]])
tensor([[-0.2013,  1.0000,  0.0000,  0.0000,  0.0000,  0.0000]])
tensor([[0.6678, 1.0000, 0.0000, 0.0000, 0.0000, 0.0000]])
tensor([[-0.8099,  1.0000,  0.0000,  0.0000,  0.0000,  0.0000]])
tensor([[-0.6631,  1.0000,  0.0000,  0.0000,  0.0000,  0.0000]])
tensor([[-0.4876,  1.0000,  0.0000,  0.0000,  0.0000,  0.0000]])
tensor([[-0.9852,  1.0000,  0.0000,  0.0000,  0.0000,  0.0000]])
tensor([[0.6881, 1.0000, 0.0000, 0.0000, 0.0000, 0.0000]])
tensor([[0.2249, 1.0000, 0.0000, 0.0000, 0.0000, 0.0000]])
tensor([[0.2880, 1.0000, 0.0000, 0.0000, 0.0000, 0.0000]])
tensor([[-0.0713,  1.0000,  0.0000,  0.0000,  0.0000,  0.0000]])
tensor([[-0.1032,  1.0000,  0.0000,  0.0000,  0.0000,  0.0000]])
tensor([[0.1168, 1.0000, 0.0000, 0.0000, 0.0000, 0.0000]])
tensor([[0.3657, 1.0000, 0.0000, 0.0000, 0.0000, 0.0000]])
tensor([[-0.3346,  1.0000,  0.0000,  0.0000,  0.0000,  0.0000]])
tensor([[-0.0710,  1.0000,  0.0000,  0.0000,  0.0000,  0.0000]])
tensor([[-0.6073,  1.0000,  0.0000,  0.0000,  0.0000,  0.0000]])
tensor([[0.4618, 1.0000, 0.0000, 0.0000, 0.0000, 0.0000]])
tensor([[-0.7645,  1.0000,  0.0000,  0.0000,  0.0000,  0.0000]])
tensor([[0.4260, 1.0000, 0.0000, 0.0000, 0.0000, 0.0000]])
tensor([[0.2439, 1.0000, 0.0000, 0.0000, 0.0000, 0.0000]])
tensor([[-0.9355,  0.0000,  0.0000,  0.0000,  0.0000,  0.0000]])
tensor([[0.6827, 1.0000, 0.0000, 0.0000, 0.0000, 0.0000]])
tensor([[0.0123, 1.0000, 0.0000, 0.0000, 0.0000, 0.0000]])
tensor([[0.2681, 1.0000, 0.0000, 0.0000, 0.0000, 0.0000]])
tensor([[0.1696, 1.0000, 0.0000, 0.0000, 0.0000, 0.0000]])
tensor([[-0.7348,  1.0000,  0.0000,  0.0000,  0.0000,  0.0000]])
tensor([[0.0213, 1.0000, 0.0000, 0.0000, 0.0000, 0.0000]])
tensor([[-0.4164,  1.0000,  0.0000,  0.0000,  0.0000,  0.0000]])
tensor([[0.2489, 1.0000, 0.0000, 0.0000, 0.0000, 0.0000]])
tensor([[-0.1729,  1.0000,  0.0000,  0.0000,  0.0000,  0.0000]])
tensor([[-0.9385,  1.0000,  0.0000,  0.0000,  0.0000,  0.0000]])
tensor([[-0.9641,  1.0000,  0.0000,  0.0000,  0.0000,  0.0000]])
tensor([[0.0805, 1.0000, 0.0000, 0.0000, 0.0000, 0.0000]])
tensor([[0.1564, 1.0000, 0.0000, 0.0000, 0.0000, 0.0000]])
tensor([[-0.9475,  1.0000,  0.0000,  0.0000,  0.0000,  0.0000]])
tensor([[0.1940, 1.0000, 0.0000, 0.0000, 0.0000, 0.0000]])
tensor([[-0.9274,  1.0000,  0.0000,  0.0000,  0.0000,  0.0000]])
tensor([[0.7101, 1.0000, 0.0000, 0.0000, 0.0000, 0.0000]])
tensor([[0.4643, 1.0000, 0.0000, 0.0000, 0.0000, 0.0000]])
tensor([[0.2963, 1.0000, 0.0000, 0.0000, 0.0000, 0.0000]])
tensor([[0.4362, 1.0000, 0.0000, 0.0000, 0.0000, 0.0000]])
tensor([[-0.0259,  1.0000,  0.0000,  0.0000,  0.0000,  0.0000]])
tensor([[0.6095, 1.0000, 0.0000, 0.0000, 0.0000, 0.0000]])
tensor([[0.5728, 1.0000, 0.0000, 0.0000, 0.0000, 0.0000]])
tensor([[-0.8747,  1.0000,  0.0000,  0.0000,  0.0000,  0.0000]])
tensor([[-0.0815,  1.0000,  0.0000,  0.0000,  0.0000,  0.0000]])
tensor([[-0.9684,  1.0000,  0.0000,  0.0000,  0.0000,  0.0000]])
tensor([[0.1403, 1.0000, 0.0000, 0.0000, 0.0000, 0.0000]])
tensor([[-0.2399,  1.0000,  0.0000,  0.0000,  0.0000,  0.0000]])
tensor([[0.5121, 1.0000, 0.0000, 0.0000, 0.0000, 0.0000]])
tensor([[0.0989, 1.0000, 0.0000, 0.0000, 0.0000, 0.0000]])
tensor([[-0.6180,  1.0000,  0.0000,  0.0000,  0.0000,  0.0000]])
tensor([[0.0013, 1.0000, 0.0000, 0.0000, 0.0000, 0.0000]])
tensor([[0.6868, 1.0000, 0.0000, 0.0000, 0.0000, 0.0000]])
tensor([[-0.0304,  1.0000,  0.0000,  0.0000,  0.0000,  0.0000]])
tensor([[-0.2478,  1.0000,  0.0000,  0.0000,  0.0000,  0.0000]])
tensor([[-0.9090,  1.0000,  0.0000,  0.0000,  0.0000,  0.0000]])
tensor([[0.5172, 1.0000, 0.0000, 0.0000, 0.0000, 0.0000]])
tensor([[-0.7560,  1.0000,  0.0000,  0.0000,  0.0000,  0.0000]])
tensor([[0.2616, 1.0000, 0.0000, 0.0000, 0.0000, 0.0000]])
tensor([[-0.2671,  1.0000,  0.0000,  0.0000,  0.0000,  0.0000]])
tensor([[0.0512, 1.0000, 0.0000, 0.0000, 0.0000, 0.0000]])
tensor([[-0.4608,  1.0000,  0.0000,  0.0000,  0.0000,  0.0000]])
tensor([[0.8513, 1.0000, 0.0000, 0.0000, 0.0000, 0.0000]])
tensor([[-0.8978,  1.0000,  0.0000,  0.0000,  0.0000,  0.0000]])
tensor([[-0.3716,  1.0000,  0.0000,  0.0000,  0.0000,  0.0000]])
tensor([[0.9830, 1.0000, 0.0000, 0.0000, 0.0000, 0.0000]])
tensor([[0.8740, 1.0000, 0.0000, 0.0000, 0.0000, 0.0000]])
tensor([[-0.4792,  1.0000,  0.0000,  0.0000,  0.0000,  0.0000]])
tensor([[-0.9807,  1.0000,  0.0000,  0.0000,  0.0000,  0.0000]])
tensor([[-0.9722,  1.0000,  0.0000,  0.0000,  0.0000,  0.0000]])
tensor([[-0.0782,  1.0000,  0.0000,  0.0000,  0.0000,  0.0000]])
tensor([[0.3168, 0.0000, 0.0000, 0.0000, 0.0000, 0.0000]])
tensor([[-0.9114,  1.0000,  0.0000,  0.0000,  0.0000,  0.0000]])
tensor([[-0.6649,  1.0000,  0.0000,  0.0000,  0.0000,  0.0000]])
tensor([[-0.5859,  1.0000,  0.0000,  0.0000,  0.0000,  0.0000]])
tensor([[0.0125, 1.0000, 0.0000, 0.0000, 0.0000, 0.0000]])
tensor([[-0.4336,  1.0000,  0.0000,  0.0000,  0.0000,  0.0000]])
tensor([[-0.3359,  1.0000,  0.0000,  0.0000,  0.0000,  0.0000]])
tensor([[0.2858, 1.0000, 0.0000, 0.0000, 0.0000, 0.0000]])
tensor([[0.4475, 1.0000, 0.0000, 0.0000, 0.0000, 0.0000]])
tensor([[0.5088, 1.0000, 0.0000, 0.0000, 0.0000, 0.0000]])
tensor([[0.2829, 1.0000, 0.0000, 0.0000, 0.0000, 0.0000]])
tensor([[0.5299, 1.0000, 0.0000, 0.0000, 0.0000, 0.0000]])
tensor([[-0.9928,  1.0000,  0.0000,  0.0000,  0.0000,  0.0000]])
tensor([[0.5995, 1.0000, 0.0000, 0.0000, 0.0000, 0.0000]])
tensor([[-0.6108,  1.0000,  0.0000,  0.0000,  0.0000,  0.0000]])
tensor([[-0.3854,  1.0000,  0.0000,  0.0000,  0.0000,  0.0000]])
tensor([[0.8262, 1.0000, 0.0000, 0.0000, 0.0000, 0.0000]])
tensor([[0.5308, 1.0000, 0.0000, 0.0000, 0.0000, 0.0000]])
tensor([[-0.9031,  1.0000,  0.0000,  0.0000,  0.0000,  0.0000]])
tensor([[0.3734, 1.0000, 0.0000, 0.0000, 0.0000, 0.0000]])
tensor([[-0.1697,  1.0000,  0.0000,  0.0000,  0.0000,  0.0000]])
tensor([[-0.2506,  1.0000,  0.0000,  0.0000,  0.0000,  0.0000]])
tensor([[-0.8638,  1.0000,  0.0000,  0.0000,  0.0000,  0.0000]])
tensor([[0.1651, 1.0000, 0.0000, 0.0000, 0.0000, 0.0000]])
tensor([[0.4596, 1.0000, 0.0000, 0.0000, 0.0000, 0.0000]])
tensor([[-0.3489,  1.0000,  0.0000,  0.0000,  0.0000,  0.0000]])
tensor([[-0.6852,  1.0000,  0.0000,  0.0000,  0.0000,  0.0000]])
tensor([[-0.9784,  1.0000,  0.0000,  0.0000,  0.0000,  0.0000]])
tensor([[0.0529, 1.0000, 0.0000, 0.0000, 0.0000, 0.0000]])
tensor([[-0.6834,  1.0000,  0.0000,  0.0000,  0.0000,  0.0000]])
tensor([[-0.8495,  1.0000,  0.0000,  0.0000,  0.0000,  0.0000]])
tensor([[-0.9396,  1.0000,  0.0000,  0.0000,  0.0000,  0.0000]])
tensor([[-0.8714,  1.0000,  0.0000,  0.0000,  0.0000,  0.0000]])
tensor([[-0.8998,  1.0000,  0.0000,  0.0000,  0.0000,  0.0000]])
tensor([[-0.8767,  1.0000,  0.0000,  0.0000,  0.0000,  0.0000]])
tensor([[-0.5762,  1.0000,  0.0000,  0.0000,  0.0000,  0.0000]])
tensor([[-0.4811,  1.0000,  0.0000,  0.0000,  0.0000,  0.0000]])
tensor([[-0.6367,  1.0000,  0.0000,  0.0000,  0.0000,  0.0000]])
tensor([[0.1221, 1.0000, 0.0000, 0.0000, 0.0000, 0.0000]])
tensor([[-0.5397,  1.0000,  0.0000,  0.0000,  0.0000,  0.0000]])
tensor([[0.2672, 1.0000, 0.0000, 0.0000, 0.0000, 0.0000]])
tensor([[-0.6153,  1.0000,  0.0000,  0.0000,  0.0000,  0.0000]])
tensor([[-0.3792,  1.0000,  0.0000,  0.0000,  0.0000,  0.0000]])
tensor([[0.3107, 1.0000, 0.0000, 0.0000, 0.0000, 0.0000]])
tensor([[-0.7229,  1.0000,  0.0000,  0.0000,  0.0000,  0.0000]])
tensor([[-0.2831,  1.0000,  0.0000,  0.0000,  0.0000,  0.0000]])
tensor([[0.5172, 1.0000, 0.0000, 0.0000, 0.0000, 0.0000]])
tensor([[-0.4040,  1.0000,  0.0000,  0.0000,  0.0000,  0.0000]])
tensor([[0.4213, 1.0000, 0.0000, 0.0000, 0.0000, 0.0000]])
tensor([[-0.6483,  1.0000,  0.0000,  0.0000,  0.0000,  0.0000]])
tensor([[-0.4279,  1.0000,  0.0000,  0.0000,  0.0000,  0.0000]])
tensor([[-0.2395,  1.0000,  0.0000,  0.0000,  0.0000,  0.0000]])
tensor([[0.4225, 1.0000, 0.0000, 0.0000, 0.0000, 0.0000]])
tensor([[-0.1635,  1.0000,  0.0000,  0.0000,  0.0000,  0.0000]])
tensor([[-0.9069,  1.0000,  0.0000,  0.0000,  0.0000,  0.0000]])
tensor([[-0.7979,  1.0000,  0.0000,  0.0000,  0.0000,  0.0000]])
tensor([[-0.2183,  1.0000,  0.0000,  0.0000,  0.0000,  0.0000]])
tensor([[-0.2748,  1.0000,  0.0000,  0.0000,  0.0000,  0.0000]])
tensor([[-0.8619,  1.0000,  0.0000,  0.0000,  0.0000,  0.0000]])
tensor([[-0.7995,  1.0000,  0.0000,  0.0000,  0.0000,  0.0000]])
tensor([[-0.1561,  1.0000,  0.0000,  0.0000,  0.0000,  0.0000]])
tensor([[-0.1900,  1.0000,  0.0000,  0.0000,  0.0000,  0.0000]])
tensor([[-0.4327,  1.0000,  0.0000,  0.0000,  0.0000,  0.0000]])
tensor([[-0.8535,  1.0000,  0.0000,  0.0000,  0.0000,  0.0000]])
tensor([[0.9433, 1.0000, 0.0000, 0.0000, 0.0000, 0.0000]])
tensor([[-0.9496,  1.0000,  0.0000,  0.0000,  0.0000,  0.0000]])
tensor([[0.5433, 1.0000, 0.0000, 0.0000, 0.0000, 0.0000]])
tensor([[0.2568, 1.0000, 0.0000, 0.0000, 0.0000, 0.0000]])
tensor([[0.1742, 1.0000, 0.0000, 0.0000, 0.0000, 0.0000]])
tensor([[-0.4958,  1.0000,  0.0000,  0.0000,  0.0000,  0.0000]])
tensor([[-0.9648,  1.0000,  0.0000,  0.0000,  0.0000,  0.0000]])
tensor([[0.2350, 1.0000, 0.0000, 0.0000, 0.0000, 0.0000]])
tensor([[-0.0305,  1.0000,  0.0000,  0.0000,  0.0000,  0.0000]])
tensor([[0.6087, 1.0000, 0.0000, 0.0000, 0.0000, 0.0000]])
tensor([[0.4335, 1.0000, 0.0000, 0.0000, 0.0000, 0.0000]])
tensor([[-0.7842,  1.0000,  0.0000,  0.0000,  0.0000,  0.0000]])
tensor([[0.9508, 1.0000, 0.0000, 0.0000, 0.0000, 0.0000]])
tensor([[0.4775, 1.0000, 0.0000, 0.0000, 0.0000, 0.0000]])
tensor([[0.0976, 1.0000, 0.0000, 0.0000, 0.0000, 0.0000]])
tensor([[-0.1832,  1.0000,  0.0000,  0.0000,  0.0000,  0.0000]])
tensor([[-0.2641,  1.0000,  0.0000,  0.0000,  0.0000,  0.0000]])
tensor([[-0.5505,  1.0000,  0.0000,  0.0000,  0.0000,  0.0000]])
tensor([[-0.6349,  1.0000,  0.0000,  0.0000,  0.0000,  0.0000]])
tensor([[-0.9031,  1.0000,  0.0000,  0.0000,  0.0000,  0.0000]])
tensor([[-0.2551,  1.0000,  0.0000,  0.0000,  0.0000,  0.0000]])
tensor([[-0.9036,  1.0000,  0.0000,  0.0000,  0.0000,  0.0000]])
tensor([[0.2523, 1.0000, 0.0000, 0.0000, 0.0000, 0.0000]])
tensor([[-0.1043,  1.0000,  0.0000,  0.0000,  0.0000,  0.0000]])
tensor([[0.7033, 1.0000, 0.0000, 0.0000, 0.0000, 0.0000]])
tensor([[-0.0130,  1.0000,  0.0000,  0.0000,  0.0000,  0.0000]])
tensor([[-0.4887,  1.0000,  0.0000,  0.0000,  0.0000,  0.0000]])
tensor([[0.9240, 1.0000, 0.0000, 0.0000, 0.0000, 0.0000]])
tensor([[-0.8029,  1.0000,  0.0000,  0.0000,  0.0000,  0.0000]])
tensor([[0.5201, 1.0000, 0.0000, 0.0000, 0.0000, 0.0000]])
tensor([[-0.9143,  1.0000,  0.0000,  0.0000,  0.0000,  0.0000]])
tensor([[-0.4566,  1.0000,  0.0000,  0.0000,  0.0000,  0.0000]])
tensor([[-0.2469,  1.0000,  0.0000,  0.0000,  0.0000,  0.0000]])
tensor([[0.8682, 1.0000, 0.0000, 0.0000, 0.0000, 0.0000]])
tensor([[0.6597, 1.0000, 0.0000, 0.0000, 0.0000, 0.0000]])
tensor([[-0.9416,  1.0000,  0.0000,  0.0000,  0.0000,  0.0000]])
tensor([[0.0607, 1.0000, 0.0000, 0.0000, 0.0000, 0.0000]])
tensor([[-6.4679e-04,  1.0000e+00,  0.0000e+00,  0.0000e+00,  0.0000e+00,
          0.0000e+00]])
tensor([[0.1187, 1.0000, 0.0000, 0.0000, 0.0000, 0.0000]])
tensor([[0.6894, 1.0000, 0.0000, 0.0000, 0.0000, 0.0000]])
tensor([[0.7489, 1.0000, 0.0000, 0.0000, 0.0000, 0.0000]])
tensor([[0.3335, 1.0000, 0.0000, 0.0000, 0.0000, 0.0000]])
tensor([[-0.7051,  1.0000,  0.0000,  0.0000,  0.0000,  0.0000]])
tensor([[-0.0218,  1.0000,  0.0000,  0.0000,  0.0000,  0.0000]])
tensor([[-0.0560,  1.0000,  0.0000,  0.0000,  0.0000,  0.0000]])
tensor([[0.3398, 1.0000, 0.0000, 0.0000, 0.0000, 0.0000]])
tensor([[-0.6391,  1.0000,  0.0000,  0.0000,  0.0000,  0.0000]])
tensor([[-0.1960,  1.0000,  0.0000,  0.0000,  0.0000,  0.0000]])
tensor([[0.2911, 1.0000, 0.0000, 0.0000, 0.0000, 0.0000]])
tensor([[0.0834, 1.0000, 0.0000, 0.0000, 0.0000, 0.0000]])
tensor([[0.3082, 1.0000, 0.0000, 0.0000, 0.0000, 0.0000]])
tensor([[-0.4576,  1.0000,  0.0000,  0.0000,  0.0000,  0.0000]])
tensor([[0.8054, 1.0000, 0.0000, 0.0000, 0.0000, 0.0000]])
tensor([[0.2167, 1.0000, 0.0000, 0.0000, 0.0000, 0.0000]])
tensor([[0.2639, 1.0000, 0.0000, 0.0000, 0.0000, 0.0000]])
tensor([[0.7840, 1.0000, 0.0000, 0.0000, 0.0000, 0.0000]])
tensor([[0.4684, 1.0000, 0.0000, 0.0000, 0.0000, 0.0000]])
tensor([[0.1670, 1.0000, 0.0000, 0.0000, 0.0000, 0.0000]])
tensor([[-0.4034,  1.0000,  0.0000,  0.0000,  0.0000,  0.0000]])
tensor([[-0.3759,  1.0000,  0.0000,  0.0000,  0.0000,  0.0000]])
tensor([[0.7568, 1.0000, 0.0000, 0.0000, 0.0000, 0.0000]])
tensor([[-0.5207,  1.0000,  1.0000,  0.0000,  0.0000,  0.0000]])
tensor([[0.4653, 1.0000, 0.0000, 0.0000, 0.0000, 0.0000]])
tensor([[0.4488, 1.0000, 0.0000, 0.0000, 0.0000, 0.0000]])
tensor([[-0.6967,  1.0000,  0.0000,  0.0000,  0.0000,  0.0000]])
tensor([[-0.3654,  1.0000,  0.0000,  0.0000,  0.0000,  0.0000]])
tensor([[0.8942, 1.0000, 0.0000, 0.0000, 0.0000, 0.0000]])
tensor([[0.2092, 1.0000, 0.0000, 0.0000, 0.0000, 0.0000]])
tensor([[-0.9647,  1.0000,  0.0000,  0.0000,  0.0000,  0.0000]])
tensor([[0.4702, 1.0000, 0.0000, 0.0000, 0.0000, 0.0000]])
tensor([[0.8193, 1.0000, 0.0000, 0.0000, 0.0000, 0.0000]])
tensor([[0.3927, 1.0000, 0.0000, 0.0000, 0.0000, 0.0000]])
tensor([[-0.3111,  1.0000,  0.0000,  0.0000,  0.0000,  0.0000]])
tensor([[-0.7565,  1.0000,  0.0000,  0.0000,  0.0000,  0.0000]])
tensor([[0.9748, 1.0000, 0.0000, 0.0000, 0.0000, 0.0000]])
tensor([[-0.8421,  1.0000,  0.0000,  0.0000,  0.0000,  0.0000]])
tensor([[0.3610, 1.0000, 0.0000, 0.0000, 0.0000, 0.0000]])
tensor([[0.1111, 1.0000, 0.0000, 0.0000, 0.0000, 0.0000]])
tensor([[0.8226, 1.0000, 0.0000, 0.0000, 0.0000, 0.0000]])
tensor([[0.2779, 1.0000, 0.0000, 0.0000, 0.0000, 0.0000]])
tensor([[0.4792, 1.0000, 0.0000, 0.0000, 0.0000, 0.0000]])
tensor([[0.1425, 1.0000, 0.0000, 0.0000, 0.0000, 0.0000]])
tensor([[0.5428, 1.0000, 0.0000, 0.0000, 0.0000, 0.0000]])
tensor([[-0.1512,  1.0000,  0.0000,  0.0000,  0.0000,  0.0000]])
tensor([[-0.8818,  1.0000,  0.0000,  0.0000,  0.0000,  0.0000]])
tensor([[-0.3435,  0.0000,  0.0000,  0.0000,  0.0000,  0.0000]])
tensor([[0.9438, 1.0000, 0.0000, 0.0000, 0.0000, 0.0000]])
tensor([[0.8333, 1.0000, 0.0000, 0.0000, 0.0000, 0.0000]])
tensor([[-0.0300,  1.0000,  0.0000,  0.0000,  0.0000,  0.0000]])
tensor([[0.0739, 1.0000, 0.0000, 0.0000, 0.0000, 0.0000]])
tensor([[0.8449, 0.0000, 0.0000, 0.0000, 0.0000, 0.0000]])
tensor([[0.7000, 1.0000, 0.0000, 0.0000, 0.0000, 0.0000]])
tensor([[0.9673, 1.0000, 0.0000, 0.0000, 0.0000, 0.0000]])
tensor([[0.5928, 1.0000, 0.0000, 0.0000, 0.0000, 0.0000]])
tensor([[0.8645, 1.0000, 0.0000, 0.0000, 0.0000, 0.0000]])
tensor([[0.0115, 1.0000, 0.0000, 0.0000, 0.0000, 0.0000]])
tensor([[0.4732, 1.0000, 0.0000, 0.0000, 0.0000, 0.0000]])
tensor([[0.2617, 1.0000, 0.0000, 0.0000, 0.0000, 0.0000]])
tensor([[-0.7568,  1.0000,  0.0000,  0.0000,  0.0000,  0.0000]])
tensor([[0.7528, 1.0000, 0.0000, 0.0000, 0.0000, 0.0000]])
tensor([[-0.8121,  1.0000,  0.0000,  0.0000,  0.0000,  0.0000]])
tensor([[0.6297, 1.0000, 1.0000, 0.0000, 0.0000, 0.0000]])
tensor([[0.9823, 1.0000, 0.0000, 0.0000, 0.0000, 0.0000]])
tensor([[-0.5713,  1.0000,  1.0000,  0.0000,  0.0000,  0.0000]])
tensor([[-0.4668,  1.0000,  0.0000,  0.0000,  0.0000,  0.0000]])
tensor([[-0.5850,  1.0000,  0.0000,  0.0000,  0.0000,  0.0000]])
tensor([[-0.8153,  1.0000,  0.0000,  0.0000,  0.0000,  0.0000]])
tensor([[-0.7500,  1.0000,  0.0000,  0.0000,  0.0000,  0.0000]])
tensor([[0.8155, 1.0000, 0.0000, 0.0000, 0.0000, 0.0000]])
tensor([[0.7842, 1.0000, 0.0000, 0.0000, 0.0000, 0.0000]])
tensor([[0.2241, 1.0000, 0.0000, 0.0000, 0.0000, 0.0000]])
tensor([[0.8168, 1.0000, 0.0000, 0.0000, 0.0000, 0.0000]])
tensor([[0.6188, 1.0000, 0.0000, 0.0000, 0.0000, 0.0000]])
tensor([[-0.0790,  1.0000,  0.0000,  0.0000,  0.0000,  0.0000]])
tensor([[0.9411, 1.0000, 0.0000, 0.0000, 0.0000, 0.0000]])
tensor([[0.1001, 1.0000, 0.0000, 0.0000, 0.0000, 0.0000]])
tensor([[-0.7990,  1.0000,  0.0000,  0.0000,  0.0000,  0.0000]])
tensor([[0.7532, 1.0000, 0.0000, 0.0000, 0.0000, 0.0000]])
tensor([[0.8594, 1.0000, 0.0000, 0.0000, 0.0000, 0.0000]])
tensor([[-0.8156,  1.0000,  0.0000,  0.0000,  0.0000,  0.0000]])
tensor([[-0.8543,  1.0000,  0.0000,  0.0000,  0.0000,  0.0000]])
tensor([[0.4258, 1.0000, 0.0000, 0.0000, 0.0000, 0.0000]])
tensor([[0.5345, 1.0000, 0.0000, 0.0000, 0.0000, 0.0000]])
tensor([[-0.2844,  1.0000,  0.0000,  0.0000,  0.0000,  0.0000]])
tensor([[0.9186, 1.0000, 0.0000, 0.0000, 0.0000, 0.0000]])
tensor([[0.9920, 1.0000, 0.0000, 0.0000, 0.0000, 0.0000]])
tensor([[0.5431, 1.0000, 0.0000, 0.0000, 0.0000, 0.0000]])
tensor([[0.5129, 1.0000, 0.0000, 0.0000, 0.0000, 0.0000]])
tensor([[0.1718, 1.0000, 0.0000, 0.0000, 0.0000, 0.0000]])
tensor([[-0.7078,  1.0000,  0.0000,  0.0000,  0.0000,  0.0000]])
tensor([[-0.9421,  1.0000,  0.0000,  0.0000,  0.0000,  0.0000]])
tensor([[-0.7533,  1.0000,  0.0000,  0.0000,  0.0000,  0.0000]])
tensor([[0.5056, 1.0000, 0.0000, 0.0000, 0.0000, 0.0000]])
tensor([[-0.1503,  1.0000,  0.0000,  0.0000,  0.0000,  0.0000]])
tensor([[0.5570, 1.0000, 0.0000, 0.0000, 0.0000, 0.0000]])
tensor([[0.3243, 1.0000, 0.0000, 0.0000, 0.0000, 0.0000]])
tensor([[-0.6275,  1.0000,  0.0000,  0.0000,  0.0000,  0.0000]])
tensor([[0.8447, 1.0000, 0.0000, 0.0000, 0.0000, 0.0000]])
tensor([[0.6412, 1.0000, 0.0000, 0.0000, 0.0000, 0.0000]])
tensor([[-0.2836,  1.0000,  0.0000,  0.0000,  0.0000,  0.0000]])
tensor([[-0.4502,  1.0000,  0.0000,  0.0000,  0.0000,  0.0000]])
tensor([[-0.6306,  1.0000,  0.0000,  0.0000,  0.0000,  0.0000]])
tensor([[0.6271, 1.0000, 0.0000, 0.0000, 0.0000, 0.0000]])
tensor([[-0.1162,  1.0000,  0.0000,  0.0000,  0.0000,  0.0000]])
tensor([[-0.9103,  1.0000,  0.0000,  0.0000,  0.0000,  0.0000]])
tensor([[0.0476, 1.0000, 0.0000, 0.0000, 0.0000, 0.0000]])
tensor([[0.6762, 1.0000, 0.0000, 0.0000, 0.0000, 0.0000]])
tensor([[-0.0035,  1.0000,  0.0000,  0.0000,  0.0000,  0.0000]])
tensor([[0.0689, 1.0000, 0.0000, 0.0000, 0.0000, 0.0000]])
tensor([[0.9083, 1.0000, 0.0000, 0.0000, 0.0000, 0.0000]])
tensor([[0.4011, 1.0000, 0.0000, 0.0000, 0.0000, 0.0000]])
tensor([[0.5026, 1.0000, 0.0000, 0.0000, 0.0000, 0.0000]])
tensor([[-0.3033,  1.0000,  0.0000,  0.0000,  0.0000,  0.0000]])
tensor([[-0.0882,  1.0000,  0.0000,  0.0000,  0.0000,  0.0000]])
tensor([[-0.5596,  1.0000,  0.0000,  0.0000,  0.0000,  0.0000]])
tensor([[-0.6593,  1.0000,  0.0000,  0.0000,  0.0000,  0.0000]])
tensor([[0.7775, 1.0000, 0.0000, 0.0000, 0.0000, 0.0000]])
tensor([[0.1248, 1.0000, 0.0000, 0.0000, 0.0000, 0.0000]])
tensor([[-0.5645,  1.0000,  0.0000,  0.0000,  0.0000,  0.0000]])
tensor([[-0.9017,  1.0000,  1.0000,  0.0000,  0.0000,  0.0000]])
tensor([[-0.7585,  1.0000,  0.0000,  0.0000,  0.0000,  0.0000]])
tensor([[0.8847, 1.0000, 0.0000, 0.0000, 0.0000, 0.0000]])
tensor([[0.8071, 1.0000, 0.0000, 0.0000, 0.0000, 0.0000]])
tensor([[-0.4696,  1.0000,  0.0000,  0.0000,  0.0000,  0.0000]])
tensor([[0.8880, 1.0000, 0.0000, 0.0000, 0.0000, 0.0000]])
tensor([[0.7864, 1.0000, 0.0000, 0.0000, 0.0000, 0.0000]])
tensor([[-0.6929,  1.0000,  0.0000,  0.0000,  1.0000,  0.0000]])
tensor([[-0.1370,  1.0000,  0.0000,  0.0000,  0.0000,  0.0000]])
tensor([[-0.4126,  1.0000,  0.0000,  0.0000,  0.0000,  0.0000]])
tensor([[0.2765, 1.0000, 0.0000, 0.0000, 0.0000, 0.0000]])
tensor([[-0.2230,  1.0000,  0.0000,  0.0000,  0.0000,  0.0000]])
tensor([[-0.9447,  1.0000,  0.0000,  0.0000,  0.0000,  0.0000]])
tensor([[0.3919, 1.0000, 0.0000, 0.0000, 0.0000, 0.0000]])
tensor([[-0.5564,  1.0000,  0.0000,  0.0000,  0.0000,  0.0000]])
tensor([[0.9837, 1.0000, 0.0000, 0.0000, 0.0000, 0.0000]])
tensor([[0.3890, 1.0000, 0.0000, 0.0000, 0.0000, 0.0000]])
tensor([[0.5941, 1.0000, 0.0000, 0.0000, 0.0000, 0.0000]])
tensor([[0.6232, 1.0000, 0.0000, 0.0000, 0.0000, 0.0000]])
tensor([[-0.7531,  1.0000,  0.0000,  0.0000,  0.0000,  0.0000]])
tensor([[0.5500, 1.0000, 0.0000, 0.0000, 0.0000, 0.0000]])
tensor([[0.7636, 1.0000, 0.0000, 0.0000, 0.0000, 0.0000]])
tensor([[0.4330, 1.0000, 0.0000, 0.0000, 0.0000, 0.0000]])
tensor([[0.3621, 1.0000, 0.0000, 0.0000, 0.0000, 0.0000]])
tensor([[0.0278, 1.0000, 0.0000, 0.0000, 0.0000, 0.0000]])
tensor([[0.2942, 1.0000, 0.0000, 0.0000, 0.0000, 0.0000]])
tensor([[-0.7288,  1.0000,  0.0000,  0.0000,  0.0000,  0.0000]])
tensor([[0.9410, 1.0000, 0.0000, 0.0000, 0.0000, 0.0000]])
tensor([[-0.6331,  1.0000,  1.0000,  0.0000,  0.0000,  0.0000]])
tensor([[0.8489, 1.0000, 0.0000, 0.0000, 0.0000, 0.0000]])
tensor([[0.7488, 1.0000, 0.0000, 0.0000, 0.0000, 0.0000]])
tensor([[0.0059, 1.0000, 0.0000, 0.0000, 0.0000, 0.0000]])
tensor([[-0.5028,  1.0000,  0.0000,  0.0000,  0.0000,  0.0000]])
tensor([[0.1409, 1.0000, 0.0000, 0.0000, 0.0000, 0.0000]])
tensor([[0.8819, 1.0000, 0.0000, 0.0000, 0.0000, 0.0000]])
tensor([[0.2046, 1.0000, 0.0000, 0.0000, 0.0000, 0.0000]])
tensor([[0.8767, 1.0000, 0.0000, 0.0000, 0.0000, 0.0000]])
tensor([[-0.4174,  1.0000,  0.0000,  0.0000,  0.0000,  0.0000]])
tensor([[0.2827, 1.0000, 0.0000, 0.0000, 0.0000, 0.0000]])
tensor([[-0.3334,  1.0000,  0.0000,  0.0000,  0.0000,  0.0000]])
tensor([[0.7088, 1.0000, 0.0000, 0.0000, 0.0000, 0.0000]])
tensor([[-0.2451,  1.0000,  0.0000,  0.0000,  0.0000,  0.0000]])
tensor([[-0.6116,  1.0000,  0.0000,  0.0000,  0.0000,  0.0000]])
tensor([[-0.5295,  1.0000,  0.0000,  0.0000,  0.0000,  0.0000]])
tensor([[0.6397, 1.0000, 0.0000, 0.0000, 0.0000, 0.0000]])
tensor([[0.2964, 1.0000, 0.0000, 0.0000, 0.0000, 0.0000]])
tensor([[0.2625, 1.0000, 0.0000, 0.0000, 0.0000, 0.0000]])
tensor([[-0.9642,  1.0000,  0.0000,  0.0000,  0.0000,  0.0000]])
tensor([[0.7434, 1.0000, 0.0000, 0.0000, 0.0000, 0.0000]])
tensor([[-0.2101,  1.0000,  0.0000,  0.0000,  0.0000,  0.0000]])
tensor([[0.9114, 1.0000, 0.0000, 0.0000, 0.0000, 0.0000]])
tensor([[-0.3518,  1.0000,  0.0000,  0.0000,  0.0000,  0.0000]])
tensor([[-0.6466,  1.0000,  0.0000,  0.0000,  0.0000,  0.0000]])
tensor([[0.7670, 1.0000, 0.0000, 0.0000, 0.0000, 0.0000]])
tensor([[-0.7151,  1.0000,  0.0000,  0.0000,  0.0000,  0.0000]])
tensor([[0.9269, 1.0000, 0.0000, 0.0000, 0.0000, 0.0000]])
tensor([[0.0324, 1.0000, 0.0000, 0.0000, 0.0000, 0.0000]])
tensor([[-0.5831,  1.0000,  0.0000,  0.0000,  0.0000,  0.0000]])
tensor([[-0.0179,  1.0000,  0.0000,  0.0000,  0.0000,  0.0000]])
tensor([[-0.1020,  1.0000,  0.0000,  0.0000,  0.0000,  0.0000]])
tensor([[-0.7820,  1.0000,  0.0000,  0.0000,  0.0000,  0.0000]])
tensor([[0.3988, 1.0000, 0.0000, 0.0000, 0.0000, 0.0000]])
tensor([[0.7829, 1.0000, 0.0000, 0.0000, 0.0000, 0.0000]])
tensor([[-0.6877,  1.0000,  0.0000,  0.0000,  0.0000,  0.0000]])
tensor([[-0.8287,  1.0000,  0.0000,  0.0000,  0.0000,  0.0000]])
tensor([[0.9666, 1.0000, 0.0000, 0.0000, 0.0000, 0.0000]])
tensor([[0.2990, 1.0000, 0.0000, 0.0000, 0.0000, 0.0000]])
tensor([[0.4048, 1.0000, 0.0000, 0.0000, 0.0000, 0.0000]])
tensor([[0.6874, 1.0000, 0.0000, 0.0000, 0.0000, 0.0000]])
tensor([[0.8260, 1.0000, 0.0000, 0.0000, 0.0000, 0.0000]])
tensor([[-0.8828,  1.0000,  0.0000,  0.0000,  0.0000,  0.0000]])
tensor([[-0.3956,  1.0000,  0.0000,  0.0000,  0.0000,  0.0000]])
tensor([[0.6515, 1.0000, 0.0000, 0.0000, 0.0000, 0.0000]])
tensor([[0.8685, 1.0000, 0.0000, 0.0000, 0.0000, 0.0000]])
tensor([[-0.8210,  1.0000,  0.0000,  0.0000,  0.0000,  0.0000]])
tensor([[-0.3955,  1.0000,  0.0000,  0.0000,  0.0000,  0.0000]])
tensor([[0.8096, 1.0000, 0.0000, 0.0000, 0.0000, 0.0000]])
tensor([[-0.3038,  1.0000,  0.0000,  0.0000,  0.0000,  0.0000]])
tensor([[0.7288, 1.0000, 0.0000, 0.0000, 0.0000, 0.0000]])
tensor([[-0.6501,  1.0000,  0.0000,  0.0000,  0.0000,  0.0000]])
tensor([[-0.3389,  1.0000,  0.0000,  0.0000,  0.0000,  0.0000]])
tensor([[0.9745, 1.0000, 0.0000, 0.0000, 0.0000, 0.0000]])
tensor([[-0.5019,  1.0000,  0.0000,  0.0000,  0.0000,  0.0000]])
tensor([[0.1041, 1.0000, 0.0000, 0.0000, 0.0000, 0.0000]])
tensor([[-0.0563,  1.0000,  0.0000,  0.0000,  0.0000,  0.0000]])
tensor([[-0.4747,  1.0000,  0.0000,  0.0000,  0.0000,  0.0000]])
tensor([[-0.5315,  1.0000,  0.0000,  0.0000,  0.0000,  0.0000]])
tensor([[0.7201, 1.0000, 0.0000, 0.0000, 0.0000, 0.0000]])
tensor([[-0.3267,  1.0000,  0.0000,  0.0000,  0.0000,  0.0000]])
tensor([[0.5868, 1.0000, 0.0000, 0.0000, 0.0000, 0.0000]])
tensor([[-0.3992,  1.0000,  0.0000,  0.0000,  0.0000,  0.0000]])
tensor([[-0.9083,  1.0000,  0.0000,  0.0000,  0.0000,  0.0000]])
tensor([[0.4480, 1.0000, 0.0000, 0.0000, 0.0000, 0.0000]])
tensor([[0.3474, 1.0000, 0.0000, 0.0000, 0.0000, 0.0000]])
tensor([[-0.0799,  1.0000,  0.0000,  0.0000,  0.0000,  0.0000]])
tensor([[0.3949, 1.0000, 0.0000, 0.0000, 0.0000, 0.0000]])
tensor([[0.7323, 1.0000, 0.0000, 0.0000, 0.0000, 0.0000]])
tensor([[0.2870, 1.0000, 0.0000, 0.0000, 0.0000, 0.0000]])
tensor([[0.1154, 1.0000, 0.0000, 0.0000, 0.0000, 0.0000]])
tensor([[-0.2790,  1.0000,  0.0000,  0.0000,  0.0000,  0.0000]])
tensor([[-0.0713,  1.0000,  0.0000,  0.0000,  0.0000,  0.0000]])
tensor([[0.5470, 1.0000, 0.0000, 0.0000, 0.0000, 0.0000]])
tensor([[-0.8107,  1.0000,  0.0000,  0.0000,  0.0000,  0.0000]])
tensor([[-0.4385,  1.0000,  0.0000,  0.0000,  0.0000,  0.0000]])
tensor([[0.9027, 1.0000, 0.0000, 0.0000, 0.0000, 0.0000]])
tensor([[0.9921, 1.0000, 0.0000, 0.0000, 0.0000, 0.0000]])
tensor([[-0.5273,  1.0000,  0.0000,  0.0000,  0.0000,  0.0000]])
tensor([[0.4862, 1.0000, 0.0000, 0.0000, 0.0000, 0.0000]])
tensor([[0.9854, 1.0000, 0.0000, 0.0000, 0.0000, 0.0000]])
tensor([[0.1883, 1.0000, 0.0000, 0.0000, 0.0000, 0.0000]])
tensor([[-0.3674,  1.0000,  0.0000,  0.0000,  0.0000,  0.0000]])
tensor([[0.5862, 1.0000, 0.0000, 0.0000, 0.0000, 0.0000]])
tensor([[-0.4440,  1.0000,  0.0000,  0.0000,  0.0000,  0.0000]])
tensor([[-0.5086,  1.0000,  0.0000,  0.0000,  0.0000,  0.0000]])
tensor([[-0.5464,  1.0000,  0.0000,  0.0000,  0.0000,  0.0000]])
tensor([[-0.1646,  1.0000,  0.0000,  0.0000,  0.0000,  0.0000]])
tensor([[0.5239, 1.0000, 0.0000, 0.0000, 0.0000, 0.0000]])
tensor([[0.9819, 1.0000, 0.0000, 0.0000, 0.0000, 0.0000]])
tensor([[0.8014, 1.0000, 0.0000, 0.0000, 0.0000, 0.0000]])
tensor([[0.4601, 1.0000, 0.0000, 0.0000, 0.0000, 0.0000]])
tensor([[-0.5807,  1.0000,  0.0000,  0.0000,  0.0000,  0.0000]])
tensor([[-0.0215,  1.0000,  0.0000,  0.0000,  0.0000,  0.0000]])
tensor([[-0.7255,  1.0000,  0.0000,  0.0000,  0.0000,  0.0000]])
tensor([[0.6944, 1.0000, 0.0000, 0.0000, 0.0000, 0.0000]])
tensor([[-0.8904,  1.0000,  0.0000,  0.0000,  0.0000,  0.0000]])
tensor([[0.6859, 1.0000, 0.0000, 0.0000, 0.0000, 0.0000]])
tensor([[0.5394, 1.0000, 0.0000, 0.0000, 0.0000, 0.0000]])
tensor([[-0.1035,  1.0000,  0.0000,  0.0000,  0.0000,  0.0000]])
tensor([[0.5557, 1.0000, 0.0000, 0.0000, 0.0000, 0.0000]])
tensor([[-0.4522,  1.0000,  0.0000,  0.0000,  0.0000,  0.0000]])
tensor([[-0.9749,  1.0000,  0.0000,  0.0000,  0.0000,  0.0000]])
tensor([[-0.2253,  1.0000,  0.0000,  0.0000,  0.0000,  0.0000]])
tensor([[-0.3948,  1.0000,  0.0000,  0.0000,  0.0000,  0.0000]])
tensor([[0.5551, 1.0000, 0.0000, 0.0000, 0.0000, 0.0000]])
tensor([[0.5186, 1.0000, 0.0000, 0.0000, 0.0000, 0.0000]])
tensor([[0.4961, 1.0000, 0.0000, 0.0000, 0.0000, 0.0000]])
tensor([[-0.7371,  1.0000,  0.0000,  0.0000,  0.0000,  0.0000]])
tensor([[0.5059, 1.0000, 0.0000, 0.0000, 0.0000, 0.0000]])
tensor([[-0.8606,  1.0000,  0.0000,  0.0000,  0.0000,  0.0000]])
tensor([[-0.1734,  1.0000,  0.0000,  0.0000,  0.0000,  0.0000]])
tensor([[-0.6288,  1.0000,  0.0000,  0.0000,  0.0000,  0.0000]])
tensor([[0.7069, 1.0000, 0.0000, 0.0000, 0.0000, 0.0000]])
tensor([[0.7129, 1.0000, 0.0000, 0.0000, 0.0000, 0.0000]])
tensor([[-0.7139,  1.0000,  0.0000,  0.0000,  0.0000,  0.0000]])
tensor([[-0.3217,  1.0000,  0.0000,  0.0000,  0.0000,  0.0000]])
tensor([[-0.6629,  1.0000,  0.0000,  0.0000,  0.0000,  0.0000]])
tensor([[0.6001, 1.0000, 0.0000, 0.0000, 0.0000, 0.0000]])
tensor([[-0.5751,  1.0000,  0.0000,  0.0000,  0.0000,  0.0000]])
tensor([[0.9157, 1.0000, 0.0000, 0.0000, 0.0000, 0.0000]])
tensor([[-0.3901,  1.0000,  0.0000,  0.0000,  0.0000,  0.0000]])
tensor([[-0.2526,  1.0000,  0.0000,  0.0000,  0.0000,  0.0000]])
tensor([[-0.9278,  1.0000,  0.0000,  0.0000,  0.0000,  0.0000]])
tensor([[0.1620, 1.0000, 0.0000, 0.0000, 0.0000, 0.0000]])
tensor([[0.3583, 1.0000, 0.0000, 0.0000, 0.0000, 0.0000]])
tensor([[-0.6443,  1.0000,  0.0000,  0.0000,  0.0000,  0.0000]])
tensor([[0.8955, 1.0000, 0.0000, 0.0000, 0.0000, 0.0000]])
tensor([[0.1074, 1.0000, 0.0000, 0.0000, 0.0000, 0.0000]])
tensor([[0.4662, 1.0000, 0.0000, 0.0000, 0.0000, 0.0000]])
tensor([[0.4485, 1.0000, 0.0000, 0.0000, 0.0000, 0.0000]])
tensor([[0.8195, 1.0000, 0.0000, 0.0000, 0.0000, 0.0000]])
tensor([[-0.8050,  1.0000,  0.0000,  0.0000,  0.0000,  0.0000]])
tensor([[0.4112, 1.0000, 0.0000, 0.0000, 0.0000, 0.0000]])
tensor([[0.0410, 1.0000, 0.0000, 0.0000, 0.0000, 0.0000]])
tensor([[0.5851, 1.0000, 0.0000, 0.0000, 0.0000, 0.0000]])
tensor([[0.7445, 1.0000, 0.0000, 0.0000, 0.0000, 0.0000]])
tensor([[0.9063, 1.0000, 0.0000, 0.0000, 0.0000, 0.0000]])
tensor([[0.9568, 1.0000, 0.0000, 0.0000, 0.0000, 0.0000]])
tensor([[0.5240, 1.0000, 0.0000, 0.0000, 0.0000, 0.0000]])
tensor([[0.8687, 1.0000, 0.0000, 0.0000, 0.0000, 0.0000]])
tensor([[-0.3061,  1.0000,  0.0000,  0.0000,  0.0000,  0.0000]])
tensor([[0.8807, 1.0000, 0.0000, 0.0000, 0.0000, 0.0000]])
tensor([[-0.9803,  1.0000,  0.0000,  0.0000,  0.0000,  0.0000]])
tensor([[-0.6150,  1.0000,  0.0000,  0.0000,  0.0000,  0.0000]])
tensor([[-0.4611,  1.0000,  0.0000,  0.0000,  0.0000,  0.0000]])
tensor([[-0.7041,  1.0000,  0.0000,  0.0000,  0.0000,  0.0000]])
tensor([[-0.8262,  0.0000,  0.0000,  0.0000,  0.0000,  0.0000]])
tensor([[-0.2882,  1.0000,  0.0000,  0.0000,  0.0000,  0.0000]])
tensor([[-0.4860,  1.0000,  0.0000,  0.0000,  0.0000,  0.0000]])
tensor([[0.2277, 1.0000, 0.0000, 0.0000, 0.0000, 0.0000]])
tensor([[-0.9687,  1.0000,  0.0000,  0.0000,  0.0000,  0.0000]])
tensor([[-0.9060,  1.0000,  0.0000,  0.0000,  0.0000,  0.0000]])
tensor([[0.4652, 1.0000, 0.0000, 0.0000, 0.0000, 0.0000]])
tensor([[0.8550, 1.0000, 0.0000, 0.0000, 0.0000, 0.0000]])
tensor([[0.4399, 1.0000, 0.0000, 0.0000, 0.0000, 0.0000]])
tensor([[-0.9678,  1.0000,  0.0000,  0.0000,  0.0000,  0.0000]])
tensor([[-0.6752,  1.0000,  0.0000,  0.0000,  0.0000,  0.0000]])
tensor([[0.1274, 1.0000, 0.0000, 0.0000, 0.0000, 0.0000]])
tensor([[0.4551, 1.0000, 0.0000, 0.0000, 0.0000, 0.0000]])
tensor([[0.6969, 1.0000, 0.0000, 0.0000, 0.0000, 0.0000]])
tensor([[-0.7266,  1.0000,  0.0000,  0.0000,  0.0000,  0.0000]])
tensor([[-0.0077,  1.0000,  0.0000,  0.0000,  0.0000,  0.0000]])
tensor([[0.1739, 1.0000, 0.0000, 0.0000, 0.0000, 0.0000]])
tensor([[0.1927, 1.0000, 0.0000, 0.0000, 0.0000, 0.0000]])
tensor([[-0.2495,  1.0000,  0.0000,  0.0000,  0.0000,  0.0000]])
tensor([[-0.3703,  1.0000,  0.0000,  0.0000,  0.0000,  0.0000]])
tensor([[0.4316, 1.0000, 0.0000, 0.0000, 0.0000, 0.0000]])
tensor([[0.8439, 1.0000, 0.0000, 0.0000, 0.0000, 0.0000]])
tensor([[-0.8266,  1.0000,  0.0000,  0.0000,  0.0000,  0.0000]])
tensor([[0.6958, 1.0000, 0.0000, 0.0000, 0.0000, 0.0000]])
tensor([[0.0279, 1.0000, 0.0000, 0.0000, 0.0000, 0.0000]])
tensor([[-0.6577,  1.0000,  0.0000,  0.0000,  0.0000,  0.0000]])
tensor([[0.6976, 1.0000, 0.0000, 0.0000, 0.0000, 0.0000]])
tensor([[-0.2378,  1.0000,  0.0000,  0.0000,  0.0000,  0.0000]])
tensor([[0.0282, 1.0000, 0.0000, 0.0000, 0.0000, 0.0000]])
tensor([[0.6848, 1.0000, 0.0000, 0.0000, 0.0000, 0.0000]])
tensor([[0.2815, 1.0000, 0.0000, 0.0000, 0.0000, 0.0000]])
tensor([[-0.7249,  1.0000,  0.0000,  0.0000,  0.0000,  0.0000]])
tensor([[-0.9968,  1.0000,  0.0000,  0.0000,  0.0000,  0.0000]])
tensor([[-0.8314,  1.0000,  0.0000,  0.0000,  0.0000,  0.0000]])
tensor([[-0.7211,  1.0000,  0.0000,  0.0000,  0.0000,  0.0000]])
tensor([[0.8256, 1.0000, 0.0000, 0.0000, 0.0000, 0.0000]])
tensor([[0.8147, 1.0000, 0.0000, 0.0000, 0.0000, 0.0000]])
tensor([[0.6592, 1.0000, 0.0000, 0.0000, 0.0000, 0.0000]])
tensor([[-0.8622,  1.0000,  0.0000,  0.0000,  0.0000,  0.0000]])
tensor([[-0.6614,  1.0000,  0.0000,  0.0000,  0.0000,  0.0000]])
tensor([[0.4558, 1.0000, 0.0000, 0.0000, 0.0000, 0.0000]])
tensor([[0.5707, 1.0000, 0.0000, 0.0000, 0.0000, 0.0000]])
tensor([[0.3881, 1.0000, 0.0000, 0.0000, 0.0000, 0.0000]])
tensor([[0.5478, 1.0000, 0.0000, 0.0000, 0.0000, 0.0000]])
tensor([[0.4538, 1.0000, 0.0000, 0.0000, 0.0000, 0.0000]])
tensor([[-0.1220,  1.0000,  0.0000,  0.0000,  0.0000,  0.0000]])
tensor([[0.9183, 1.0000, 0.0000, 0.0000, 0.0000, 0.0000]])
tensor([[-0.9425,  1.0000,  0.0000,  0.0000,  0.0000,  0.0000]])
tensor([[0.4283, 1.0000, 0.0000, 0.0000, 0.0000, 0.0000]])
tensor([[-0.6033,  1.0000,  0.0000,  0.0000,  0.0000,  0.0000]])
tensor([[0.2435, 1.0000, 0.0000, 0.0000, 0.0000, 0.0000]])
tensor([[-0.2820,  1.0000,  0.0000,  0.0000,  0.0000,  0.0000]])
tensor([[0.3491, 1.0000, 0.0000, 0.0000, 0.0000, 0.0000]])
tensor([[-0.4260,  1.0000,  0.0000,  0.0000,  0.0000,  0.0000]])
tensor([[-0.3169,  1.0000,  0.0000,  0.0000,  0.0000,  0.0000]])
tensor([[-0.6506,  1.0000,  0.0000,  0.0000,  0.0000,  0.0000]])
tensor([[-0.8546,  1.0000,  0.0000,  0.0000,  0.0000,  0.0000]])
tensor([[0.1158, 1.0000, 0.0000, 0.0000, 0.0000, 0.0000]])
tensor([[0.9670, 0.0000, 0.0000, 0.0000, 0.0000, 0.0000]])
tensor([[0.2979, 1.0000, 0.0000, 0.0000, 0.0000, 0.0000]])
tensor([[0.0852, 1.0000, 0.0000, 0.0000, 0.0000, 0.0000]])
tensor([[0.8006, 1.0000, 0.0000, 0.0000, 0.0000, 0.0000]])
tensor([[-0.9262,  1.0000,  0.0000,  0.0000,  0.0000,  0.0000]])
tensor([[-0.3462,  1.0000,  0.0000,  0.0000,  0.0000,  0.0000]])
tensor([[-0.7652,  1.0000,  0.0000,  0.0000,  0.0000,  0.0000]])
tensor([[0.0389, 1.0000, 0.0000, 0.0000, 0.0000, 0.0000]])
tensor([[0.5505, 1.0000, 0.0000, 0.0000, 0.0000, 0.0000]])
tensor([[-0.8757,  1.0000,  0.0000,  0.0000,  0.0000,  0.0000]])
tensor([[0.8273, 1.0000, 0.0000, 0.0000, 0.0000, 0.0000]])
tensor([[-0.7311,  1.0000,  0.0000,  0.0000,  0.0000,  0.0000]])
tensor([[0.8100, 1.0000, 0.0000, 0.0000, 0.0000, 0.0000]])
tensor([[-0.2033,  1.0000,  0.0000,  0.0000,  0.0000,  0.0000]])
tensor([[-0.9420,  1.0000,  0.0000,  0.0000,  0.0000,  0.0000]])
tensor([[-0.8354,  1.0000,  0.0000,  0.0000,  0.0000,  0.0000]])
tensor([[-0.9008,  1.0000,  0.0000,  0.0000,  0.0000,  0.0000]])
tensor([[-0.5707,  1.0000,  0.0000,  0.0000,  0.0000,  0.0000]])
tensor([[-0.4717,  1.0000,  0.0000,  0.0000,  0.0000,  0.0000]])
tensor([[0.5081, 1.0000, 0.0000, 0.0000, 0.0000, 0.0000]])
tensor([[0.7784, 1.0000, 0.0000, 0.0000, 0.0000, 0.0000]])
tensor([[0.6311, 1.0000, 0.0000, 0.0000, 0.0000, 0.0000]])
tensor([[-0.2414,  1.0000,  0.0000,  0.0000,  0.0000,  0.0000]])
tensor([[0.5723, 1.0000, 0.0000, 0.0000, 0.0000, 0.0000]])
tensor([[-0.9161,  1.0000,  0.0000,  0.0000,  0.0000,  0.0000]])
tensor([[0.7837, 1.0000, 0.0000, 0.0000, 0.0000, 0.0000]])
tensor([[-0.8388,  1.0000,  0.0000,  0.0000,  0.0000,  0.0000]])
tensor([[0.2941, 1.0000, 0.0000, 0.0000, 0.0000, 0.0000]])
tensor([[-0.9199,  1.0000,  0.0000,  0.0000,  0.0000,  0.0000]])
tensor([[0.7574, 1.0000, 0.0000, 0.0000, 0.0000, 0.0000]])
tensor([[-0.3212,  1.0000,  0.0000,  0.0000,  0.0000,  0.0000]])
tensor([[0.3779, 1.0000, 0.0000, 0.0000, 0.0000, 0.0000]])
tensor([[-0.8431,  1.0000,  0.0000,  0.0000,  0.0000,  0.0000]])
tensor([[-0.4442,  1.0000,  0.0000,  0.0000,  1.0000,  0.0000]])
tensor([[-0.5152,  1.0000,  0.0000,  0.0000,  0.0000,  0.0000]])
tensor([[0.9276, 1.0000, 0.0000, 0.0000, 0.0000, 0.0000]])
tensor([[0.6146, 1.0000, 0.0000, 0.0000, 0.0000, 0.0000]])
tensor([[-0.8446,  1.0000,  0.0000,  0.0000,  0.0000,  0.0000]])
tensor([[-0.9457,  1.0000,  0.0000,  0.0000,  0.0000,  0.0000]])
tensor([[0.3637, 1.0000, 0.0000, 0.0000, 0.0000, 0.0000]])
tensor([[0.8656, 1.0000, 0.0000, 0.0000, 0.0000, 0.0000]])
tensor([[-0.9175,  1.0000,  0.0000,  0.0000,  0.0000,  0.0000]])
tensor([[0.5092, 1.0000, 0.0000, 0.0000, 0.0000, 0.0000]])
tensor([[-0.0258,  1.0000,  0.0000,  0.0000,  0.0000,  0.0000]])
tensor([[0.5089, 1.0000, 0.0000, 0.0000, 0.0000, 0.0000]])
tensor([[-0.4813,  1.0000,  0.0000,  0.0000,  0.0000,  0.0000]])
tensor([[0.7285, 1.0000, 0.0000, 0.0000, 0.0000, 0.0000]])
tensor([[-0.5091,  1.0000,  0.0000,  0.0000,  0.0000,  0.0000]])
tensor([[0.7381, 1.0000, 0.0000, 0.0000, 0.0000, 0.0000]])
tensor([[-0.4188,  1.0000,  0.0000,  0.0000,  0.0000,  0.0000]])
tensor([[0.9238, 1.0000, 0.0000, 0.0000, 0.0000, 0.0000]])
tensor([[-0.2184,  0.0000,  0.0000,  0.0000,  0.0000,  0.0000]])
tensor([[-0.3454,  1.0000,  0.0000,  0.0000,  0.0000,  0.0000]])
tensor([[-0.5780,  1.0000,  0.0000,  0.0000,  0.0000,  0.0000]])
tensor([[0.7139, 1.0000, 0.0000, 0.0000, 0.0000, 0.0000]])
tensor([[-0.3492,  1.0000,  0.0000,  0.0000,  0.0000,  0.0000]])
tensor([[0.2012, 1.0000, 0.0000, 0.0000, 0.0000, 0.0000]])
tensor([[0.7121, 1.0000, 0.0000, 0.0000, 0.0000, 0.0000]])
tensor([[0.6732, 1.0000, 0.0000, 0.0000, 0.0000, 0.0000]])
tensor([[-0.5777,  1.0000,  0.0000,  0.0000,  0.0000,  0.0000]])
tensor([[-0.2542,  1.0000,  0.0000,  0.0000,  0.0000,  0.0000]])
tensor([[0.0744, 1.0000, 0.0000, 0.0000, 0.0000, 0.0000]])
tensor([[-0.6355,  1.0000,  0.0000,  0.0000,  0.0000,  0.0000]])
tensor([[0.0206, 1.0000, 0.0000, 0.0000, 0.0000, 0.0000]])
tensor([[-0.1419,  1.0000,  0.0000,  0.0000,  0.0000,  0.0000]])
tensor([[0.7771, 1.0000, 0.0000, 0.0000, 0.0000, 0.0000]])
tensor([[-0.1264,  1.0000,  0.0000,  0.0000,  0.0000,  0.0000]])
tensor([[-0.3127,  1.0000,  0.0000,  0.0000,  0.0000,  0.0000]])
tensor([[0.0178, 1.0000, 0.0000, 0.0000, 0.0000, 0.0000]])
tensor([[0.6265, 1.0000, 0.0000, 0.0000, 0.0000, 0.0000]])
tensor([[0.3970, 1.0000, 1.0000, 0.0000, 0.0000, 0.0000]])
tensor([[0.2451, 1.0000, 0.0000, 0.0000, 0.0000, 0.0000]])
tensor([[-0.9392,  1.0000,  0.0000,  0.0000,  0.0000,  0.0000]])
tensor([[-0.6556,  1.0000,  0.0000,  0.0000,  0.0000,  0.0000]])
tensor([[-0.4265,  1.0000,  0.0000,  0.0000,  0.0000,  0.0000]])
tensor([[-0.0615,  1.0000,  0.0000,  0.0000,  0.0000,  0.0000]])
tensor([[0.5482, 1.0000, 0.0000, 0.0000, 0.0000, 0.0000]])
tensor([[-0.3512,  1.0000,  0.0000,  0.0000,  0.0000,  0.0000]])
tensor([[-0.5806,  1.0000,  0.0000,  0.0000,  0.0000,  0.0000]])
tensor([[0.0372, 1.0000, 0.0000, 0.0000, 0.0000, 0.0000]])
tensor([[-0.5922,  1.0000,  0.0000,  0.0000,  0.0000,  0.0000]])
tensor([[-0.4625,  1.0000,  0.0000,  0.0000,  0.0000,  0.0000]])
tensor([[0.2614, 1.0000, 0.0000, 0.0000, 0.0000, 0.0000]])
tensor([[0.5620, 1.0000, 0.0000, 0.0000, 0.0000, 0.0000]])
tensor([[-0.9854,  1.0000,  0.0000,  0.0000,  0.0000,  0.0000]])
tensor([[-0.4618,  1.0000,  0.0000,  0.0000,  0.0000,  0.0000]])
tensor([[-0.4872,  1.0000,  0.0000,  0.0000,  0.0000,  0.0000]])
tensor([[-0.8109,  1.0000,  0.0000,  0.0000,  0.0000,  0.0000]])
tensor([[-0.6609,  1.0000,  0.0000,  0.0000,  0.0000,  0.0000]])
tensor([[-0.3513,  1.0000,  0.0000,  0.0000,  0.0000,  0.0000]])
tensor([[-0.7813,  1.0000,  0.0000,  0.0000,  0.0000,  0.0000]])
tensor([[0.4804, 1.0000, 0.0000, 0.0000, 0.0000, 0.0000]])
tensor([[-0.6148,  1.0000,  0.0000,  0.0000,  0.0000,  0.0000]])
tensor([[-0.6136,  1.0000,  0.0000,  0.0000,  0.0000,  0.0000]])
tensor([[-0.2115,  1.0000,  0.0000,  0.0000,  0.0000,  0.0000]])
tensor([[-0.2700,  1.0000,  0.0000,  0.0000,  0.0000,  0.0000]])
tensor([[0.8459, 1.0000, 0.0000, 0.0000, 0.0000, 0.0000]])
tensor([[-0.2870,  1.0000,  0.0000,  0.0000,  0.0000,  0.0000]])
tensor([[0.0962, 1.0000, 0.0000, 0.0000, 0.0000, 0.0000]])
tensor([[-0.6957,  1.0000,  0.0000,  0.0000,  0.0000,  0.0000]])
tensor([[-0.6602,  1.0000,  0.0000,  0.0000,  0.0000,  0.0000]])
tensor([[0.2412, 1.0000, 0.0000, 0.0000, 0.0000, 0.0000]])
tensor([[-0.8917,  1.0000,  0.0000,  0.0000,  0.0000,  0.0000]])
tensor([[-0.5106,  1.0000,  0.0000,  0.0000,  0.0000,  0.0000]])
tensor([[-0.1272,  1.0000,  0.0000,  0.0000,  0.0000,  0.0000]])
tensor([[-0.8696,  1.0000,  0.0000,  0.0000,  0.0000,  0.0000]])
tensor([[-0.6189,  1.0000,  0.0000,  0.0000,  0.0000,  0.0000]])
tensor([[-0.9206,  1.0000,  0.0000,  0.0000,  0.0000,  0.0000]])
tensor([[0.8403, 1.0000, 0.0000, 0.0000, 0.0000, 0.0000]])
tensor([[-0.4550,  1.0000,  0.0000,  0.0000,  0.0000,  0.0000]])
tensor([[-0.3028,  1.0000,  0.0000,  0.0000,  0.0000,  0.0000]])
tensor([[-0.4311,  1.0000,  0.0000,  0.0000,  0.0000,  0.0000]])
tensor([[-0.6113,  1.0000,  0.0000,  0.0000,  0.0000,  0.0000]])
tensor([[0.4843, 1.0000, 0.0000, 0.0000, 0.0000, 0.0000]])
tensor([[0.0434, 1.0000, 0.0000, 0.0000, 0.0000, 0.0000]])
tensor([[-0.4067,  1.0000,  0.0000,  0.0000,  0.0000,  0.0000]])
tensor([[-0.8975,  1.0000,  0.0000,  0.0000,  0.0000,  0.0000]])
tensor([[-0.2597,  1.0000,  0.0000,  0.0000,  0.0000,  0.0000]])
tensor([[0.8714, 1.0000, 0.0000, 0.0000, 0.0000, 0.0000]])
tensor([[-0.0168,  1.0000,  0.0000,  0.0000,  0.0000,  0.0000]])
tensor([[-0.6420,  0.0000,  0.0000,  0.0000,  0.0000,  0.0000]])
tensor([[0.5885, 1.0000, 0.0000, 0.0000, 0.0000, 0.0000]])
tensor([[0.7558, 1.0000, 0.0000, 0.0000, 0.0000, 0.0000]])
tensor([[0.0325, 1.0000, 0.0000, 0.0000, 0.0000, 0.0000]])
tensor([[0.7486, 1.0000, 0.0000, 0.0000, 0.0000, 0.0000]])
tensor([[-0.3411,  1.0000,  0.0000,  0.0000,  0.0000,  0.0000]])
tensor([[-0.8597,  1.0000,  0.0000,  0.0000,  0.0000,  0.0000]])
tensor([[-0.1183,  1.0000,  0.0000,  0.0000,  0.0000,  0.0000]])
tensor([[-0.7834,  1.0000,  0.0000,  0.0000,  0.0000,  0.0000]])
tensor([[-0.3747,  1.0000,  0.0000,  0.0000,  0.0000,  0.0000]])
tensor([[-0.4323,  1.0000,  0.0000,  0.0000,  0.0000,  0.0000]])
tensor([[-0.9595,  1.0000,  0.0000,  0.0000,  0.0000,  0.0000]])
tensor([[-0.9116,  1.0000,  0.0000,  0.0000,  0.0000,  0.0000]])
tensor([[-0.7385,  1.0000,  0.0000,  0.0000,  0.0000,  0.0000]])
tensor([[0.8041, 1.0000, 0.0000, 0.0000, 0.0000, 0.0000]])
tensor([[-0.9012,  1.0000,  0.0000,  0.0000,  0.0000,  0.0000]])
tensor([[-0.3079,  0.0000,  0.0000,  0.0000,  0.0000,  0.0000]])
tensor([[-0.5944,  1.0000,  0.0000,  0.0000,  0.0000,  0.0000]])
tensor([[0.2237, 1.0000, 0.0000, 0.0000, 0.0000, 0.0000]])
tensor([[-0.5460,  1.0000,  0.0000,  0.0000,  0.0000,  0.0000]])
tensor([[0.4389, 1.0000, 0.0000, 0.0000, 0.0000, 0.0000]])
tensor([[-0.9561,  1.0000,  0.0000,  0.0000,  0.0000,  0.0000]])
tensor([[0.0364, 1.0000, 0.0000, 0.0000, 0.0000, 0.0000]])
tensor([[-0.4611,  1.0000,  0.0000,  0.0000,  0.0000,  0.0000]])
tensor([[0.8970, 1.0000, 0.0000, 0.0000, 0.0000, 0.0000]])
tensor([[-0.3936,  0.0000,  0.0000,  0.0000,  1.0000,  0.0000]])
tensor([[-0.6590,  1.0000,  0.0000,  0.0000,  0.0000,  0.0000]])
tensor([[0.5945, 1.0000, 0.0000, 0.0000, 0.0000, 0.0000]])
tensor([[0.1927, 1.0000, 0.0000, 0.0000, 0.0000, 0.0000]])
tensor([[-0.7827,  1.0000,  0.0000,  0.0000,  0.0000,  0.0000]])
tensor([[-0.9700,  1.0000,  0.0000,  0.0000,  0.0000,  0.0000]])
tensor([[-0.4600,  1.0000,  0.0000,  0.0000,  0.0000,  0.0000]])
tensor([[-0.6388,  1.0000,  0.0000,  0.0000,  0.0000,  0.0000]])
tensor([[0.4784, 1.0000, 0.0000, 0.0000, 0.0000, 0.0000]])
tensor([[0.0999, 1.0000, 0.0000, 0.0000, 0.0000, 0.0000]])
tensor([[-0.2096,  1.0000,  0.0000,  0.0000,  0.0000,  0.0000]])
tensor([[-0.1403,  1.0000,  0.0000,  0.0000,  0.0000,  0.0000]])
tensor([[-0.8612,  1.0000,  0.0000,  0.0000,  0.0000,  0.0000]])
tensor([[-0.6430,  1.0000,  0.0000,  0.0000,  0.0000,  0.0000]])
tensor([[-0.3307,  1.0000,  0.0000,  0.0000,  0.0000,  0.0000]])
tensor([[-0.7360,  1.0000,  0.0000,  0.0000,  0.0000,  0.0000]])
tensor([[0.5241, 1.0000, 0.0000, 0.0000, 0.0000, 0.0000]])
tensor([[0.7971, 1.0000, 0.0000, 0.0000, 0.0000, 0.0000]])
tensor([[0.0997, 1.0000, 0.0000, 0.0000, 0.0000, 0.0000]])
tensor([[0.2079, 1.0000, 0.0000, 0.0000, 0.0000, 0.0000]])
tensor([[-0.3831,  1.0000,  0.0000,  0.0000,  0.0000,  0.0000]])
tensor([[0.8263, 1.0000, 0.0000, 0.0000, 0.0000, 0.0000]])
tensor([[0.3653, 1.0000, 0.0000, 0.0000, 0.0000, 0.0000]])
tensor([[-0.6848,  1.0000,  0.0000,  0.0000,  0.0000,  0.0000]])
tensor([[-0.6907,  1.0000,  0.0000,  0.0000,  0.0000,  0.0000]])
tensor([[0.5340, 1.0000, 0.0000, 0.0000, 0.0000, 0.0000]])
tensor([[-0.8223,  1.0000,  0.0000,  0.0000,  0.0000,  0.0000]])
tensor([[0.5739, 1.0000, 0.0000, 0.0000, 0.0000, 0.0000]])
tensor([[-0.3068,  1.0000,  0.0000,  0.0000,  0.0000,  0.0000]])
tensor([[0.3889, 1.0000, 0.0000, 0.0000, 0.0000, 0.0000]])
tensor([[-0.1748,  1.0000,  0.0000,  0.0000,  0.0000,  0.0000]])
tensor([[0.1729, 1.0000, 0.0000, 0.0000, 0.0000, 0.0000]])
tensor([[-0.1919,  0.0000,  0.0000,  0.0000,  0.0000,  0.0000]])
tensor([[-0.2236,  1.0000,  0.0000,  0.0000,  0.0000,  0.0000]])
tensor([[-0.6816,  1.0000,  0.0000,  0.0000,  0.0000,  0.0000]])
tensor([[0.1898, 1.0000, 0.0000, 0.0000, 0.0000, 0.0000]])
tensor([[0.2078, 1.0000, 0.0000, 0.0000, 0.0000, 0.0000]])
tensor([[-0.2621,  1.0000,  0.0000,  0.0000,  0.0000,  0.0000]])
tensor([[-0.4042,  1.0000,  0.0000,  0.0000,  0.0000,  0.0000]])
tensor([[-0.7905,  1.0000,  0.0000,  0.0000,  0.0000,  0.0000]])
tensor([[0.6689, 1.0000, 0.0000, 0.0000, 0.0000, 0.0000]])
tensor([[-0.7253,  1.0000,  0.0000,  0.0000,  0.0000,  0.0000]])
tensor([[-0.3633,  1.0000,  0.0000,  0.0000,  0.0000,  0.0000]])
tensor([[0.7264, 1.0000, 0.0000, 0.0000, 0.0000, 0.0000]])
tensor([[-0.8732,  1.0000,  0.0000,  0.0000,  0.0000,  0.0000]])
tensor([[-0.6061,  1.0000,  0.0000,  0.0000,  0.0000,  0.0000]])
tensor([[0.0714, 1.0000, 0.0000, 0.0000, 0.0000, 0.0000]])
tensor([[0.7558, 1.0000, 0.0000, 0.0000, 0.0000, 0.0000]])
tensor([[0.5862, 1.0000, 0.0000, 0.0000, 0.0000, 0.0000]])
tensor([[0.6570, 1.0000, 0.0000, 0.0000, 0.0000, 0.0000]])
tensor([[0.9804, 1.0000, 0.0000, 0.0000, 0.0000, 0.0000]])
tensor([[-0.0917,  1.0000,  0.0000,  0.0000,  0.0000,  0.0000]])
tensor([[-0.9132,  1.0000,  0.0000,  0.0000,  0.0000,  0.0000]])
tensor([[0.0528, 1.0000, 0.0000, 0.0000, 0.0000, 0.0000]])
tensor([[0.4846, 1.0000, 0.0000, 0.0000, 0.0000, 0.0000]])
tensor([[-0.6060,  1.0000,  0.0000,  0.0000,  0.0000,  0.0000]])
tensor([[-0.2805,  1.0000,  0.0000,  0.0000,  0.0000,  0.0000]])
tensor([[-0.9532,  1.0000,  0.0000,  0.0000,  0.0000,  0.0000]])
tensor([[-0.4836,  1.0000,  0.0000,  0.0000,  0.0000,  0.0000]])
tensor([[0.6391, 1.0000, 0.0000, 0.0000, 0.0000, 0.0000]])
tensor([[0.0246, 1.0000, 0.0000, 0.0000, 0.0000, 0.0000]])
INFO:root:Agent 0 (TQCars): avg action time = 0.0010s
tensor([[-0.2293,  1.0000,  0.0000,  0.0000,  0.0000,  0.0000]])
tensor([[-0.2350,  1.0000,  0.0000,  0.0000,  0.0000,  0.0000]])
tensor([[-0.5633,  1.0000,  0.0000,  0.0000,  0.0000,  0.0000]])
tensor([[-0.7962,  1.0000,  0.0000,  0.0000,  0.0000,  0.0000]])
tensor([[0.5790, 1.0000, 0.0000, 0.0000, 0.0000, 0.0000]])
tensor([[0.5218, 1.0000, 0.0000, 0.0000, 0.0000, 0.0000]])
tensor([[0.9169, 1.0000, 0.0000, 0.0000, 0.0000, 0.0000]])
tensor([[0.0047, 1.0000, 0.0000, 0.0000, 0.0000, 0.0000]])
tensor([[0.8856, 1.0000, 0.0000, 0.0000, 0.0000, 0.0000]])
tensor([[-0.5058,  1.0000,  0.0000,  0.0000,  0.0000,  0.0000]])
tensor([[0.4471, 1.0000, 0.0000, 0.0000, 0.0000, 0.0000]])
tensor([[-0.8848,  1.0000,  0.0000,  0.0000,  0.0000,  0.0000]])
tensor([[0.1759, 1.0000, 0.0000, 0.0000, 0.0000, 0.0000]])
tensor([[-0.7664,  1.0000,  0.0000,  0.0000,  0.0000,  0.0000]])
tensor([[-0.3465,  1.0000,  0.0000,  0.0000,  0.0000,  0.0000]])
tensor([[0.4145, 1.0000, 0.0000, 0.0000, 0.0000, 0.0000]])
tensor([[-0.3906,  1.0000,  0.0000,  0.0000,  0.0000,  0.0000]])
tensor([[-0.1523,  1.0000,  0.0000,  0.0000,  0.0000,  0.0000]])
tensor([[0.4955, 1.0000, 0.0000, 0.0000, 0.0000, 0.0000]])
tensor([[-0.4986,  1.0000,  0.0000,  0.0000,  0.0000,  0.0000]])
tensor([[-0.6255,  1.0000,  0.0000,  0.0000,  0.0000,  0.0000]])
tensor([[0.6681, 1.0000, 0.0000, 0.0000, 0.0000, 0.0000]])
tensor([[-0.1494,  1.0000,  0.0000,  0.0000,  0.0000,  0.0000]])
tensor([[-0.2838,  1.0000,  0.0000,  0.0000,  0.0000,  0.0000]])
tensor([[0.7436, 1.0000, 0.0000, 0.0000, 0.0000, 0.0000]])
tensor([[-0.3234,  1.0000,  0.0000,  0.0000,  0.0000,  0.0000]])
tensor([[-0.0624,  1.0000,  0.0000,  0.0000,  0.0000,  0.0000]])
tensor([[-0.8666,  1.0000,  0.0000,  0.0000,  0.0000,  0.0000]])
tensor([[0.0903, 1.0000, 0.0000, 0.0000, 0.0000, 0.0000]])
tensor([[0.1679, 1.0000, 0.0000, 0.0000, 0.0000, 0.0000]])
tensor([[-0.8491,  1.0000,  0.0000,  0.0000,  0.0000,  0.0000]])
tensor([[-0.9567,  1.0000,  0.0000,  0.0000,  0.0000,  0.0000]])
tensor([[-0.3972,  1.0000,  0.0000,  0.0000,  0.0000,  0.0000]])
tensor([[0.7401, 1.0000, 0.0000, 0.0000, 0.0000, 0.0000]])
tensor([[-0.0236,  1.0000,  0.0000,  0.0000,  0.0000,  0.0000]])
tensor([[-0.3986,  1.0000,  0.0000,  0.0000,  0.0000,  0.0000]])
tensor([[-0.4790,  1.0000,  0.0000,  0.0000,  0.0000,  0.0000]])
tensor([[-0.0356,  1.0000,  0.0000,  0.0000,  0.0000,  0.0000]])
tensor([[0.7860, 1.0000, 0.0000, 0.0000, 0.0000, 0.0000]])
tensor([[0.6388, 1.0000, 0.0000, 0.0000, 0.0000, 0.0000]])
tensor([[-0.6023,  1.0000,  0.0000,  0.0000,  0.0000,  0.0000]])
tensor([[0.3726, 1.0000, 0.0000, 0.0000, 0.0000, 0.0000]])
tensor([[-0.2827,  1.0000,  0.0000,  0.0000,  0.0000,  0.0000]])
tensor([[0.0417, 1.0000, 0.0000, 0.0000, 0.0000, 0.0000]])
tensor([[-0.0934,  1.0000,  0.0000,  0.0000,  0.0000,  0.0000]])
tensor([[-0.2063,  1.0000,  0.0000,  0.0000,  0.0000,  0.0000]])
tensor([[0.4468, 1.0000, 0.0000, 0.0000, 0.0000, 0.0000]])
tensor([[0.7829, 1.0000, 0.0000, 0.0000, 0.0000, 0.0000]])
tensor([[0.8005, 1.0000, 0.0000, 0.0000, 0.0000, 0.0000]])
tensor([[0.1268, 1.0000, 0.0000, 0.0000, 0.0000, 0.0000]])
tensor([[-0.8959,  1.0000,  0.0000,  0.0000,  0.0000,  0.0000]])
tensor([[0.0298, 1.0000, 0.0000, 0.0000, 0.0000, 0.0000]])
tensor([[0.5263, 1.0000, 0.0000, 0.0000, 0.0000, 0.0000]])
tensor([[-0.7552,  1.0000,  0.0000,  0.0000,  0.0000,  0.0000]])
tensor([[-0.7511,  1.0000,  0.0000,  0.0000,  0.0000,  0.0000]])
tensor([[-0.6220,  1.0000,  0.0000,  0.0000,  0.0000,  0.0000]])
tensor([[0.3648, 1.0000, 0.0000, 0.0000, 0.0000, 0.0000]])
{"type": "results", "track": "stk_enterprise", "results": [{"key": 0, "reward": -0.10002441406250001, "position": 4, "name": "TQCars", "avg_action_time": 0.0010217635913080205}]}
