INFO:root:Loading the agents
INFO:root:Loaded player TQCars
INFO:root:Creating pystk-1
INFO:root:Adding wrapper <function get_wrappers.<locals>.<lambda> at 0x7d48222ff420>
INFO:root:Adding wrapper <function get_wrappers.<locals>.<lambda> at 0x7d48222ff4c0>
INFO:root:Adding wrapper <function get_wrappers.<locals>.<lambda> at 0x7d48222ff560>
INFO:root:Adding wrapper <function get_wrappers.<locals>.<lambda> at 0x7d48222ff600>
INFO:root:(multi-env mono adapter) Setting main environment max_paths to 5
INFO:root:Loading trained model from CHECKPOINT-GPUFAC/tqc_EXP12_800000.pt...
INFO:root:Starting a race
tensor([[0.9787, 1.0000, 0.0000, 0.0000, 0.0000, 0.0000]])
tensor([[0.9582, 0.0000, 0.0000, 0.0000, 0.0000, 0.0000]])
tensor([[0.9833, 1.0000, 0.0000, 0.0000, 0.0000, 0.0000]])
tensor([[0.9713, 1.0000, 0.0000, 0.0000, 0.0000, 0.0000]])
tensor([[0.9902, 1.0000, 0.0000, 0.0000, 0.0000, 0.0000]])
tensor([[0.9805, 1.0000, 0.0000, 0.0000, 0.0000, 0.0000]])
tensor([[0.9593, 1.0000, 0.0000, 0.0000, 0.0000, 0.0000]])
tensor([[0.9386, 1.0000, 0.0000, 0.0000, 0.0000, 0.0000]])
tensor([[0.9902, 1.0000, 0.0000, 0.0000, 0.0000, 0.0000]])
tensor([[0.9881, 1.0000, 0.0000, 0.0000, 0.0000, 0.0000]])
tensor([[0.9697, 0.0000, 0.0000, 0.0000, 0.0000, 0.0000]])
tensor([[0.9944, 1.0000, 0.0000, 0.0000, 0.0000, 0.0000]])
tensor([[0.9902, 1.0000, 0.0000, 0.0000, 0.0000, 0.0000]])
tensor([[0.9599, 1.0000, 0.0000, 0.0000, 0.0000, 0.0000]])
tensor([[0.9043, 1.0000, 0.0000, 0.0000, 0.0000, 0.0000]])
tensor([[0.9950, 1.0000, 0.0000, 0.0000, 0.0000, 0.0000]])
tensor([[0.9841, 0.0000, 0.0000, 0.0000, 0.0000, 0.0000]])
tensor([[0.9882, 1.0000, 0.0000, 0.0000, 0.0000, 0.0000]])
tensor([[0.9921, 0.0000, 0.0000, 0.0000, 0.0000, 0.0000]])
tensor([[0.9813, 1.0000, 0.0000, 0.0000, 0.0000, 0.0000]])
tensor([[0.9792, 1.0000, 0.0000, 0.0000, 0.0000, 0.0000]])
tensor([[0.9857, 1.0000, 0.0000, 0.0000, 0.0000, 0.0000]])
tensor([[0.9679, 1.0000, 0.0000, 0.0000, 0.0000, 0.0000]])
tensor([[0.9691, 1.0000, 0.0000, 0.0000, 0.0000, 0.0000]])
tensor([[0.8721, 1.0000, 0.0000, 0.0000, 0.0000, 0.0000]])
tensor([[-0.9884,  1.0000,  0.0000,  0.0000,  0.0000,  0.0000]])
tensor([[-0.8331,  0.0000,  0.0000,  0.0000,  0.0000,  0.0000]])
tensor([[0.7516, 1.0000, 0.0000, 0.0000, 0.0000, 0.0000]])
tensor([[-0.9672,  1.0000,  0.0000,  0.0000,  0.0000,  0.0000]])
tensor([[0.8056, 1.0000, 0.0000, 0.0000, 0.0000, 0.0000]])
tensor([[-0.9395,  1.0000,  0.0000,  0.0000,  0.0000,  0.0000]])
tensor([[-0.8367,  1.0000,  0.0000,  0.0000,  0.0000,  0.0000]])
tensor([[0.0891, 1.0000, 0.0000, 0.0000, 0.0000, 0.0000]])
tensor([[-0.1526,  1.0000,  0.0000,  0.0000,  0.0000,  0.0000]])
tensor([[-0.5133,  1.0000,  0.0000,  0.0000,  0.0000,  0.0000]])
tensor([[-0.4842,  0.0000,  0.0000,  0.0000,  0.0000,  0.0000]])
tensor([[0.9658, 1.0000, 0.0000, 0.0000, 0.0000, 0.0000]])
tensor([[0.4403, 1.0000, 0.0000, 0.0000, 0.0000, 0.0000]])
tensor([[-0.9855,  1.0000,  0.0000,  0.0000,  0.0000,  0.0000]])
tensor([[-0.8857,  0.0000,  0.0000,  0.0000,  0.0000,  0.0000]])
tensor([[0.8225, 1.0000, 0.0000, 0.0000, 0.0000, 0.0000]])
tensor([[0.9571, 0.0000, 0.0000, 0.0000, 0.0000, 0.0000]])
tensor([[-0.9533,  1.0000,  0.0000,  0.0000,  0.0000,  0.0000]])
tensor([[-0.9252,  1.0000,  0.0000,  0.0000,  0.0000,  0.0000]])
tensor([[0.7763, 1.0000, 0.0000, 0.0000, 0.0000, 0.0000]])
tensor([[-0.1622,  1.0000,  0.0000,  0.0000,  0.0000,  0.0000]])
tensor([[0.7747, 0.0000, 0.0000, 0.0000, 0.0000, 0.0000]])
tensor([[-0.8576,  1.0000,  0.0000,  0.0000,  0.0000,  0.0000]])
tensor([[-0.4207,  1.0000,  0.0000,  0.0000,  0.0000,  0.0000]])
tensor([[0.7293, 1.0000, 0.0000, 0.0000, 0.0000, 0.0000]])
tensor([[0.7282, 1.0000, 0.0000, 0.0000, 0.0000, 0.0000]])
tensor([[-0.8755,  0.0000,  0.0000,  1.0000,  0.0000,  0.0000]])
tensor([[-0.8190,  1.0000,  0.0000,  0.0000,  0.0000,  0.0000]])
tensor([[0.9885, 1.0000, 0.0000, 0.0000, 0.0000, 0.0000]])
tensor([[0.9949, 1.0000, 0.0000, 0.0000, 0.0000, 0.0000]])
tensor([[0.1664, 1.0000, 1.0000, 0.0000, 0.0000, 0.0000]])
tensor([[-0.8208,  1.0000,  0.0000,  0.0000,  0.0000,  0.0000]])
tensor([[-0.0901,  1.0000,  0.0000,  0.0000,  0.0000,  0.0000]])
tensor([[0.9723, 1.0000, 0.0000, 0.0000, 0.0000, 0.0000]])
tensor([[-0.2799,  1.0000,  0.0000,  0.0000,  0.0000,  0.0000]])
tensor([[-0.8755,  0.0000,  0.0000,  0.0000,  0.0000,  0.0000]])
tensor([[0.1344, 0.0000, 0.0000, 0.0000, 0.0000, 0.0000]])
tensor([[0.9125, 1.0000, 0.0000, 0.0000, 0.0000, 0.0000]])
tensor([[0.0775, 0.0000, 0.0000, 0.0000, 0.0000, 0.0000]])
tensor([[-0.9747,  1.0000,  0.0000,  0.0000,  0.0000,  0.0000]])
tensor([[0.3546, 0.0000, 0.0000, 0.0000, 0.0000, 0.0000]])
tensor([[0.1513, 1.0000, 0.0000, 0.0000, 0.0000, 0.0000]])
tensor([[-0.1557,  1.0000,  0.0000,  0.0000,  0.0000,  0.0000]])
tensor([[-0.6224,  1.0000,  0.0000,  0.0000,  0.0000,  0.0000]])
tensor([[0.0748, 1.0000, 0.0000, 0.0000, 0.0000, 0.0000]])
tensor([[0.3684, 1.0000, 0.0000, 0.0000, 0.0000, 0.0000]])
tensor([[-0.0679,  1.0000,  0.0000,  0.0000,  0.0000,  0.0000]])
tensor([[-0.6066,  1.0000,  0.0000,  0.0000,  0.0000,  0.0000]])
tensor([[-0.4731,  1.0000,  0.0000,  0.0000,  0.0000,  0.0000]])
tensor([[-0.1680,  1.0000,  0.0000,  0.0000,  0.0000,  0.0000]])
tensor([[0.1435, 0.0000, 0.0000, 0.0000, 0.0000, 0.0000]])
tensor([[-0.9564,  1.0000,  0.0000,  0.0000,  0.0000,  0.0000]])
tensor([[-0.9494,  1.0000,  0.0000,  0.0000,  0.0000,  0.0000]])
tensor([[-0.9304,  1.0000,  0.0000,  0.0000,  0.0000,  0.0000]])
tensor([[0.7678, 0.0000, 0.0000, 0.0000, 0.0000, 0.0000]])
tensor([[-0.9789,  1.0000,  0.0000,  0.0000,  0.0000,  0.0000]])
tensor([[-0.9725,  1.0000,  0.0000,  0.0000,  1.0000,  0.0000]])
tensor([[-0.1966,  0.0000,  0.0000,  0.0000,  0.0000,  0.0000]])
tensor([[0.7925, 1.0000, 0.0000, 0.0000, 0.0000, 0.0000]])
tensor([[-0.9959,  1.0000,  0.0000,  0.0000,  0.0000,  0.0000]])
tensor([[-0.9712,  0.0000,  0.0000,  0.0000,  0.0000,  0.0000]])
tensor([[-0.9927,  0.0000,  0.0000,  0.0000,  0.0000,  0.0000]])
tensor([[-0.6313,  0.0000,  0.0000,  0.0000,  0.0000,  0.0000]])
tensor([[0.9994, 1.0000, 0.0000, 0.0000, 0.0000, 0.0000]])
tensor([[0.9997, 1.0000, 0.0000, 0.0000, 0.0000, 0.0000]])
tensor([[-0.9655,  0.0000,  0.0000,  0.0000,  0.0000,  0.0000]])
tensor([[-0.9263,  1.0000,  0.0000,  0.0000,  0.0000,  0.0000]])
tensor([[0.9894, 1.0000, 0.0000, 0.0000, 0.0000, 0.0000]])
tensor([[0.9982, 1.0000, 0.0000, 0.0000, 0.0000, 0.0000]])
tensor([[0.9960, 1.0000, 0.0000, 0.0000, 0.0000, 0.0000]])
tensor([[0.9921, 1.0000, 0.0000, 0.0000, 0.0000, 0.0000]])
tensor([[0.9897, 1.0000, 0.0000, 0.0000, 0.0000, 0.0000]])
tensor([[0.9964, 1.0000, 0.0000, 0.0000, 0.0000, 0.0000]])
tensor([[0.9910, 1.0000, 0.0000, 0.0000, 0.0000, 0.0000]])
tensor([[0.9866, 1.0000, 0.0000, 0.0000, 0.0000, 0.0000]])
tensor([[0.9831, 1.0000, 0.0000, 0.0000, 0.0000, 0.0000]])
tensor([[0.9993, 1.0000, 0.0000, 0.0000, 0.0000, 0.0000]])
tensor([[0.9695, 1.0000, 0.0000, 0.0000, 0.0000, 0.0000]])
tensor([[-0.8721,  0.0000,  0.0000,  0.0000,  0.0000,  0.0000]])
tensor([[-0.8916,  0.0000,  0.0000,  0.0000,  0.0000,  0.0000]])
tensor([[-0.4926,  0.0000,  0.0000,  0.0000,  0.0000,  0.0000]])
tensor([[0.8956, 1.0000, 0.0000, 0.0000, 0.0000, 0.0000]])
tensor([[0.9993, 1.0000, 0.0000, 0.0000, 0.0000, 0.0000]])
tensor([[0.9988, 1.0000, 0.0000, 0.0000, 0.0000, 0.0000]])
tensor([[-0.7443,  1.0000,  0.0000,  0.0000,  0.0000,  0.0000]])
tensor([[0.9967, 1.0000, 0.0000, 0.0000, 0.0000, 0.0000]])
tensor([[0.9941, 1.0000, 0.0000, 0.0000, 0.0000, 0.0000]])
tensor([[-0.9227,  1.0000,  0.0000,  0.0000,  0.0000,  0.0000]])
tensor([[0.9974, 1.0000, 0.0000, 0.0000, 0.0000, 0.0000]])
tensor([[0.7751, 1.0000, 0.0000, 0.0000, 0.0000, 0.0000]])
tensor([[-0.8834,  1.0000,  0.0000,  0.0000,  0.0000,  0.0000]])
tensor([[0.9994, 1.0000, 0.0000, 0.0000, 0.0000, 0.0000]])
tensor([[0.9981, 1.0000, 0.0000, 0.0000, 0.0000, 0.0000]])
tensor([[0.9946, 1.0000, 0.0000, 0.0000, 0.0000, 0.0000]])
tensor([[0.9985, 1.0000, 0.0000, 0.0000, 0.0000, 0.0000]])
tensor([[0.9632, 1.0000, 0.0000, 0.0000, 0.0000, 0.0000]])
tensor([[0.9946, 1.0000, 0.0000, 0.0000, 0.0000, 0.0000]])
tensor([[0.9970, 1.0000, 0.0000, 0.0000, 0.0000, 0.0000]])
tensor([[-0.7778,  1.0000,  0.0000,  0.0000,  0.0000,  0.0000]])
tensor([[0.9987, 1.0000, 0.0000, 0.0000, 0.0000, 0.0000]])
tensor([[0.9988, 1.0000, 0.0000, 0.0000, 0.0000, 0.0000]])
tensor([[0.9969, 1.0000, 0.0000, 0.0000, 0.0000, 0.0000]])
tensor([[0.3610, 1.0000, 0.0000, 0.0000, 0.0000, 0.0000]])
tensor([[-0.9669,  1.0000,  0.0000,  0.0000,  0.0000,  0.0000]])
tensor([[0.9989, 1.0000, 0.0000, 0.0000, 0.0000, 0.0000]])
tensor([[0.9840, 1.0000, 0.0000, 0.0000, 0.0000, 0.0000]])
tensor([[0.9973, 1.0000, 0.0000, 0.0000, 0.0000, 0.0000]])
tensor([[0.9990, 1.0000, 0.0000, 0.0000, 0.0000, 0.0000]])
tensor([[0.9991, 1.0000, 0.0000, 0.0000, 0.0000, 0.0000]])
tensor([[0.8038, 1.0000, 0.0000, 0.0000, 0.0000, 0.0000]])
tensor([[-0.9325,  1.0000,  0.0000,  0.0000,  0.0000,  0.0000]])
tensor([[-0.9528,  0.0000,  0.0000,  0.0000,  0.0000,  0.0000]])
tensor([[-0.9737,  1.0000,  0.0000,  0.0000,  0.0000,  0.0000]])
tensor([[-0.9725,  0.0000,  0.0000,  0.0000,  0.0000,  0.0000]])
tensor([[-0.9952,  0.0000,  0.0000,  0.0000,  0.0000,  0.0000]])
tensor([[-0.9900,  0.0000,  1.0000,  0.0000,  0.0000,  0.0000]])
tensor([[-0.7373,  1.0000,  0.0000,  0.0000,  0.0000,  0.0000]])
tensor([[-0.9825,  0.0000,  0.0000,  0.0000,  0.0000,  0.0000]])
tensor([[0.5223, 1.0000, 0.0000, 0.0000, 0.0000, 0.0000]])
tensor([[0.4328, 1.0000, 0.0000, 0.0000, 0.0000, 0.0000]])
tensor([[-0.5453,  0.0000,  0.0000,  0.0000,  0.0000,  0.0000]])
tensor([[-0.9963,  1.0000,  0.0000,  0.0000,  0.0000,  0.0000]])
tensor([[-0.8438,  1.0000,  0.0000,  0.0000,  0.0000,  0.0000]])
tensor([[0.3863, 1.0000, 0.0000, 0.0000, 0.0000, 0.0000]])
tensor([[-0.0246,  0.0000,  0.0000,  0.0000,  0.0000,  0.0000]])
tensor([[0.0670, 1.0000, 0.0000, 0.0000, 0.0000, 0.0000]])
tensor([[-0.1953,  0.0000,  0.0000,  0.0000,  0.0000,  0.0000]])
tensor([[-0.4978,  1.0000,  0.0000,  0.0000,  0.0000,  0.0000]])
tensor([[0.8453, 1.0000, 0.0000, 0.0000, 0.0000, 0.0000]])
tensor([[0.4090, 0.0000, 0.0000, 0.0000, 0.0000, 0.0000]])
tensor([[-0.9855,  1.0000,  0.0000,  0.0000,  0.0000,  0.0000]])
tensor([[-0.9478,  0.0000,  0.0000,  0.0000,  0.0000,  0.0000]])
tensor([[0.9811, 1.0000, 0.0000, 0.0000, 0.0000, 0.0000]])
tensor([[0.9923, 1.0000, 0.0000, 0.0000, 0.0000, 0.0000]])
tensor([[-0.9978,  1.0000,  0.0000,  0.0000,  0.0000,  0.0000]])
tensor([[-0.9965,  1.0000,  0.0000,  0.0000,  0.0000,  0.0000]])
tensor([[0.9980, 1.0000, 0.0000, 0.0000, 0.0000, 0.0000]])
tensor([[0.9933, 1.0000, 0.0000, 0.0000, 0.0000, 0.0000]])
tensor([[0.9941, 1.0000, 0.0000, 0.0000, 0.0000, 0.0000]])
tensor([[0.9945, 1.0000, 0.0000, 0.0000, 0.0000, 0.0000]])
tensor([[0.9905, 1.0000, 0.0000, 0.0000, 0.0000, 0.0000]])
tensor([[0.9995, 1.0000, 0.0000, 1.0000, 0.0000, 0.0000]])
tensor([[-0.8778,  1.0000,  0.0000,  0.0000,  0.0000,  0.0000]])
tensor([[0.9956, 0.0000, 0.0000, 0.0000, 0.0000, 0.0000]])
tensor([[-0.8954,  1.0000,  0.0000,  0.0000,  0.0000,  0.0000]])
tensor([[-0.8892,  0.0000,  0.0000,  0.0000,  0.0000,  0.0000]])
tensor([[0.9999, 1.0000, 0.0000, 0.0000, 0.0000, 0.0000]])
tensor([[0.9989, 1.0000, 0.0000, 0.0000, 0.0000, 0.0000]])
tensor([[0.9967, 1.0000, 0.0000, 0.0000, 0.0000, 0.0000]])
tensor([[0.9937, 1.0000, 0.0000, 0.0000, 0.0000, 0.0000]])
tensor([[-0.0900,  1.0000,  0.0000,  0.0000,  0.0000,  0.0000]])
tensor([[-0.8130,  0.0000,  0.0000,  0.0000,  0.0000,  0.0000]])
tensor([[0.4821, 1.0000, 0.0000, 0.0000, 0.0000, 0.0000]])
tensor([[0.0607, 1.0000, 0.0000, 0.0000, 0.0000, 0.0000]])
tensor([[-0.8200,  1.0000,  0.0000,  0.0000,  0.0000,  0.0000]])
tensor([[0.9969, 0.0000, 0.0000, 0.0000, 0.0000, 0.0000]])
tensor([[0.8859, 1.0000, 0.0000, 1.0000, 0.0000, 0.0000]])
tensor([[-0.6162,  0.0000,  0.0000,  0.0000,  0.0000,  0.0000]])
tensor([[-0.7618,  1.0000,  0.0000,  0.0000,  0.0000,  0.0000]])
tensor([[-0.9886,  0.0000,  0.0000,  0.0000,  0.0000,  0.0000]])
tensor([[-0.1515,  1.0000,  0.0000,  0.0000,  0.0000,  0.0000]])
tensor([[0.9992, 1.0000, 0.0000, 0.0000, 0.0000, 0.0000]])
tensor([[0.9926, 0.0000, 0.0000, 0.0000, 0.0000, 0.0000]])
tensor([[0.7768, 1.0000, 0.0000, 0.0000, 0.0000, 0.0000]])
tensor([[-0.2808,  1.0000,  0.0000,  0.0000,  0.0000,  0.0000]])
tensor([[-0.1395,  1.0000,  0.0000,  0.0000,  0.0000,  0.0000]])
tensor([[0.0820, 1.0000, 0.0000, 0.0000, 0.0000, 0.0000]])
tensor([[-0.3064,  1.0000,  1.0000,  0.0000,  0.0000,  0.0000]])
tensor([[0.9899, 0.0000, 0.0000, 0.0000, 0.0000, 0.0000]])
tensor([[0.0355, 1.0000, 0.0000, 0.0000, 0.0000, 0.0000]])
tensor([[-0.6676,  1.0000,  0.0000,  0.0000,  0.0000,  0.0000]])
tensor([[0.9705, 0.0000, 0.0000, 0.0000, 0.0000, 0.0000]])
tensor([[8.1365e-04, 1.0000e+00, 0.0000e+00, 0.0000e+00, 0.0000e+00, 0.0000e+00]])
tensor([[-0.8665,  0.0000,  0.0000,  0.0000,  0.0000,  0.0000]])
tensor([[0.9813, 1.0000, 0.0000, 0.0000, 0.0000, 0.0000]])
tensor([[0.8974, 1.0000, 0.0000, 0.0000, 0.0000, 0.0000]])
tensor([[-0.8788,  1.0000,  0.0000,  0.0000,  0.0000,  0.0000]])
tensor([[-0.9728,  1.0000,  0.0000,  0.0000,  0.0000,  0.0000]])
tensor([[0.8088, 0.0000, 0.0000, 0.0000, 0.0000, 0.0000]])
tensor([[0.9921, 0.0000, 0.0000, 0.0000, 0.0000, 0.0000]])
tensor([[0.7379, 1.0000, 0.0000, 0.0000, 0.0000, 0.0000]])
tensor([[-0.9861,  1.0000,  0.0000,  0.0000,  0.0000,  0.0000]])
tensor([[-0.9967,  0.0000,  0.0000,  0.0000,  0.0000,  0.0000]])
tensor([[-0.8612,  0.0000,  0.0000,  0.0000,  0.0000,  0.0000]])
tensor([[0.9898, 1.0000, 0.0000, 0.0000, 0.0000, 0.0000]])
tensor([[0.9897, 1.0000, 0.0000, 0.0000, 0.0000, 0.0000]])
tensor([[0.9923, 0.0000, 0.0000, 0.0000, 0.0000, 0.0000]])
tensor([[0.9539, 1.0000, 0.0000, 0.0000, 0.0000, 0.0000]])
tensor([[-0.9302,  1.0000,  0.0000,  0.0000,  0.0000,  0.0000]])
tensor([[-0.8886,  0.0000,  0.0000,  0.0000,  0.0000,  0.0000]])
tensor([[-0.1885,  1.0000,  0.0000,  0.0000,  0.0000,  0.0000]])
tensor([[0.9959, 0.0000, 0.0000, 0.0000, 0.0000, 0.0000]])
tensor([[0.9922, 1.0000, 0.0000, 0.0000, 0.0000, 0.0000]])
tensor([[-0.9484,  0.0000,  0.0000,  0.0000,  0.0000,  0.0000]])
tensor([[0.8366, 1.0000, 0.0000, 0.0000, 0.0000, 0.0000]])
tensor([[-0.5294,  1.0000,  0.0000,  0.0000,  0.0000,  0.0000]])
tensor([[-0.7830,  1.0000,  0.0000,  0.0000,  0.0000,  0.0000]])
tensor([[0.9982, 0.0000, 0.0000, 0.0000, 0.0000, 0.0000]])
tensor([[0.9989, 1.0000, 0.0000, 0.0000, 0.0000, 0.0000]])
tensor([[0.9265, 1.0000, 0.0000, 0.0000, 0.0000, 0.0000]])
tensor([[-0.9406,  0.0000,  0.0000,  0.0000,  0.0000,  0.0000]])
tensor([[0.8878, 1.0000, 0.0000, 0.0000, 0.0000, 0.0000]])
tensor([[-0.6931,  1.0000,  0.0000,  0.0000,  0.0000,  0.0000]])
tensor([[-0.8892,  1.0000,  0.0000,  0.0000,  0.0000,  0.0000]])
tensor([[0.9993, 1.0000, 0.0000, 0.0000, 0.0000, 0.0000]])
tensor([[0.9963, 1.0000, 0.0000, 0.0000, 0.0000, 0.0000]])
tensor([[0.9939, 0.0000, 0.0000, 0.0000, 0.0000, 0.0000]])
tensor([[0.9632, 1.0000, 0.0000, 0.0000, 0.0000, 0.0000]])
tensor([[-0.9379,  1.0000,  0.0000,  0.0000,  0.0000,  0.0000]])
tensor([[-0.9808,  1.0000,  0.0000,  0.0000,  0.0000,  0.0000]])
tensor([[0.9978, 1.0000, 0.0000, 0.0000, 0.0000, 0.0000]])
tensor([[0.9973, 1.0000, 0.0000, 0.0000, 0.0000, 0.0000]])
tensor([[-0.5294,  0.0000,  0.0000,  0.0000,  0.0000,  0.0000]])
tensor([[0.9955, 1.0000, 0.0000, 0.0000, 0.0000, 0.0000]])
tensor([[0.8898, 1.0000, 0.0000, 0.0000, 0.0000, 0.0000]])
tensor([[-0.9587,  1.0000,  0.0000,  0.0000,  0.0000,  0.0000]])
tensor([[0.8932, 1.0000, 0.0000, 0.0000, 0.0000, 0.0000]])
tensor([[-0.0598,  1.0000,  0.0000,  0.0000,  0.0000,  0.0000]])
tensor([[-0.9906,  0.0000,  0.0000,  0.0000,  0.0000,  0.0000]])
tensor([[0.5526, 1.0000, 0.0000, 0.0000, 0.0000, 0.0000]])
tensor([[0.9802, 1.0000, 0.0000, 0.0000, 0.0000, 0.0000]])
tensor([[-0.2976,  0.0000,  0.0000,  0.0000,  0.0000,  0.0000]])
tensor([[0.9424, 1.0000, 0.0000, 0.0000, 0.0000, 0.0000]])
tensor([[-0.4935,  1.0000,  0.0000,  0.0000,  0.0000,  0.0000]])
tensor([[-0.9828,  0.0000,  0.0000,  0.0000,  0.0000,  0.0000]])
tensor([[-0.9709,  0.0000,  0.0000,  0.0000,  0.0000,  0.0000]])
tensor([[0.9992, 0.0000, 0.0000, 0.0000, 0.0000, 0.0000]])
tensor([[0.9993, 1.0000, 0.0000, 0.0000, 0.0000, 0.0000]])
tensor([[0.9942, 0.0000, 0.0000, 0.0000, 0.0000, 0.0000]])
tensor([[0.9976, 0.0000, 0.0000, 0.0000, 0.0000, 0.0000]])
tensor([[-0.2409,  1.0000,  0.0000,  0.0000,  0.0000,  0.0000]])
tensor([[-0.8634,  0.0000,  0.0000,  0.0000,  0.0000,  0.0000]])
tensor([[-0.9035,  1.0000,  0.0000,  0.0000,  0.0000,  0.0000]])
tensor([[0.9957, 1.0000, 0.0000, 0.0000, 0.0000, 0.0000]])
tensor([[0.9651, 1.0000, 0.0000, 0.0000, 0.0000, 0.0000]])
tensor([[-0.7237,  1.0000,  0.0000,  0.0000,  0.0000,  0.0000]])
tensor([[0.2939, 1.0000, 0.0000, 0.0000, 0.0000, 0.0000]])
tensor([[-0.4752,  1.0000,  0.0000,  0.0000,  0.0000,  0.0000]])
tensor([[-0.1367,  1.0000,  0.0000,  0.0000,  0.0000,  0.0000]])
tensor([[0.2061, 1.0000, 0.0000, 0.0000, 0.0000, 0.0000]])
tensor([[0.9353, 1.0000, 0.0000, 0.0000, 0.0000, 0.0000]])
tensor([[-0.5733,  1.0000,  1.0000,  0.0000,  0.0000,  0.0000]])
tensor([[-0.3517,  0.0000,  0.0000,  0.0000,  0.0000,  0.0000]])
tensor([[-0.1018,  1.0000,  0.0000,  0.0000,  0.0000,  0.0000]])
tensor([[0.4478, 0.0000, 0.0000, 0.0000, 0.0000, 0.0000]])
tensor([[-0.6639,  1.0000,  0.0000,  0.0000,  0.0000,  0.0000]])
tensor([[-0.1800,  1.0000,  0.0000,  0.0000,  0.0000,  0.0000]])
tensor([[0.9698, 1.0000, 0.0000, 0.0000, 0.0000, 0.0000]])
tensor([[0.2481, 1.0000, 0.0000, 0.0000, 0.0000, 0.0000]])
tensor([[-0.6009,  1.0000,  0.0000,  0.0000,  0.0000,  0.0000]])
tensor([[-0.3050,  1.0000,  0.0000,  0.0000,  0.0000,  0.0000]])
tensor([[0.2876, 1.0000, 0.0000, 0.0000, 0.0000, 0.0000]])
tensor([[0.0281, 1.0000, 0.0000, 0.0000, 0.0000, 0.0000]])
tensor([[-0.0636,  1.0000,  0.0000,  0.0000,  0.0000,  0.0000]])
tensor([[-0.5013,  1.0000,  0.0000,  0.0000,  0.0000,  0.0000]])
tensor([[0.4368, 1.0000, 0.0000, 0.0000, 0.0000, 0.0000]])
tensor([[0.9004, 1.0000, 0.0000, 0.0000, 0.0000, 0.0000]])
tensor([[-0.8679,  1.0000,  0.0000,  0.0000,  0.0000,  0.0000]])
tensor([[-0.6514,  0.0000,  0.0000,  0.0000,  0.0000,  0.0000]])
tensor([[0.9429, 1.0000, 0.0000, 0.0000, 0.0000, 0.0000]])
tensor([[0.1302, 1.0000, 0.0000, 0.0000, 0.0000, 0.0000]])
tensor([[-0.6460,  1.0000,  0.0000,  0.0000,  0.0000,  0.0000]])
tensor([[0.4993, 1.0000, 0.0000, 0.0000, 0.0000, 0.0000]])
tensor([[-0.4124,  0.0000,  0.0000,  0.0000,  0.0000,  0.0000]])
tensor([[-0.3793,  1.0000,  0.0000,  0.0000,  0.0000,  0.0000]])
tensor([[0.9475, 1.0000, 0.0000, 0.0000, 0.0000, 0.0000]])
tensor([[-0.3558,  1.0000,  0.0000,  0.0000,  0.0000,  0.0000]])
tensor([[-0.6345,  1.0000,  0.0000,  0.0000,  0.0000,  0.0000]])
tensor([[0.9191, 1.0000, 0.0000, 0.0000, 0.0000, 0.0000]])
tensor([[-0.0417,  1.0000,  0.0000,  0.0000,  0.0000,  0.0000]])
tensor([[-0.6596,  1.0000,  0.0000,  0.0000,  0.0000,  0.0000]])
tensor([[0.7928, 1.0000, 0.0000, 0.0000, 0.0000, 0.0000]])
tensor([[-0.3433,  0.0000,  0.0000,  0.0000,  0.0000,  0.0000]])
tensor([[-0.6783,  1.0000,  0.0000,  0.0000,  0.0000,  0.0000]])
tensor([[0.8836, 1.0000, 0.0000, 0.0000, 0.0000, 0.0000]])
tensor([[-0.2157,  1.0000,  0.0000,  0.0000,  0.0000,  0.0000]])
tensor([[-0.7229,  0.0000,  0.0000,  0.0000,  0.0000,  0.0000]])
tensor([[0.9368, 1.0000, 0.0000, 0.0000, 0.0000, 0.0000]])
tensor([[0.2267, 0.0000, 0.0000, 0.0000, 0.0000, 0.0000]])
tensor([[-0.7699,  1.0000,  0.0000,  0.0000,  0.0000,  0.0000]])
tensor([[-0.5169,  1.0000,  0.0000,  0.0000,  0.0000,  0.0000]])
tensor([[0.9638, 1.0000, 0.0000, 0.0000, 0.0000, 0.0000]])
tensor([[0.2738, 1.0000, 1.0000, 0.0000, 0.0000, 0.0000]])
tensor([[-0.8502,  1.0000,  0.0000,  0.0000,  0.0000,  0.0000]])
tensor([[0.1505, 1.0000, 0.0000, 0.0000, 0.0000, 0.0000]])
tensor([[0.4101, 1.0000, 0.0000, 0.0000, 0.0000, 0.0000]])
tensor([[-0.2149,  1.0000,  0.0000,  0.0000,  0.0000,  0.0000]])
tensor([[0.0673, 1.0000, 0.0000, 0.0000, 0.0000, 0.0000]])
tensor([[-0.3791,  1.0000,  0.0000,  0.0000,  0.0000,  0.0000]])
tensor([[-0.2543,  1.0000,  0.0000,  0.0000,  1.0000,  0.0000]])
tensor([[0.9788, 1.0000, 0.0000, 0.0000, 0.0000, 0.0000]])
tensor([[0.3060, 1.0000, 0.0000, 0.0000, 0.0000, 0.0000]])
tensor([[-0.8735,  0.0000,  0.0000,  0.0000,  0.0000,  0.0000]])
tensor([[-0.1654,  1.0000,  0.0000,  0.0000,  0.0000,  0.0000]])
tensor([[0.5446, 1.0000, 0.0000, 0.0000, 1.0000, 0.0000]])
tensor([[-0.3167,  0.0000,  0.0000,  0.0000,  0.0000,  0.0000]])
tensor([[0.4200, 1.0000, 0.0000, 0.0000, 0.0000, 0.0000]])
tensor([[-0.5316,  1.0000,  0.0000,  0.0000,  0.0000,  0.0000]])
tensor([[0.0432, 1.0000, 0.0000, 0.0000, 0.0000, 0.0000]])
tensor([[0.8620, 1.0000, 0.0000, 0.0000, 0.0000, 0.0000]])
tensor([[-0.3049,  1.0000,  0.0000,  0.0000,  0.0000,  0.0000]])
tensor([[-0.7116,  0.0000,  0.0000,  0.0000,  0.0000,  0.0000]])
tensor([[-0.7450,  1.0000,  0.0000,  0.0000,  0.0000,  0.0000]])
tensor([[0.9800, 1.0000, 0.0000, 0.0000, 0.0000, 0.0000]])
tensor([[0.8797, 1.0000, 0.0000, 0.0000, 0.0000, 0.0000]])
tensor([[-0.5244,  0.0000,  0.0000,  0.0000,  0.0000,  0.0000]])
tensor([[-0.6375,  1.0000,  0.0000,  0.0000,  0.0000,  0.0000]])
tensor([[0.3112, 1.0000, 0.0000, 0.0000, 0.0000, 0.0000]])
tensor([[0.9452, 0.0000, 0.0000, 0.0000, 0.0000, 0.0000]])
tensor([[-0.8857,  1.0000,  0.0000,  0.0000,  0.0000,  0.0000]])
tensor([[-0.9655,  1.0000,  1.0000,  0.0000,  0.0000,  0.0000]])
tensor([[-0.7643,  1.0000,  0.0000,  0.0000,  0.0000,  0.0000]])
tensor([[0.9904, 0.0000, 0.0000, 0.0000, 0.0000, 0.0000]])
tensor([[0.9972, 1.0000, 0.0000, 0.0000, 0.0000, 0.0000]])
tensor([[0.8634, 1.0000, 0.0000, 0.0000, 0.0000, 0.0000]])
tensor([[0.0455, 0.0000, 0.0000, 0.0000, 0.0000, 0.0000]])
tensor([[-0.9751,  0.0000,  0.0000,  0.0000,  0.0000,  0.0000]])
tensor([[-0.9454,  0.0000,  0.0000,  0.0000,  0.0000,  0.0000]])
tensor([[0.9975, 1.0000, 0.0000, 0.0000, 0.0000, 0.0000]])
tensor([[-0.8853,  0.0000,  0.0000,  0.0000,  0.0000,  0.0000]])
tensor([[0.8391, 1.0000, 0.0000, 0.0000, 0.0000, 0.0000]])
tensor([[-0.2195,  1.0000,  0.0000,  0.0000,  0.0000,  0.0000]])
tensor([[0.9903, 1.0000, 0.0000, 0.0000, 0.0000, 0.0000]])
tensor([[0.9991, 1.0000, 0.0000, 0.0000, 0.0000, 0.0000]])
tensor([[0.9992, 1.0000, 0.0000, 0.0000, 0.0000, 0.0000]])
tensor([[0.9996, 1.0000, 0.0000, 0.0000, 0.0000, 0.0000]])
tensor([[0.9981, 1.0000, 0.0000, 0.0000, 0.0000, 0.0000]])
tensor([[0.9863, 0.0000, 0.0000, 0.0000, 0.0000, 0.0000]])
tensor([[-0.0645,  1.0000,  0.0000,  0.0000,  0.0000,  0.0000]])
tensor([[-0.7027,  1.0000,  0.0000,  0.0000,  0.0000,  0.0000]])
tensor([[0.9984, 1.0000, 0.0000, 0.0000, 0.0000, 0.0000]])
tensor([[0.9714, 1.0000, 0.0000, 0.0000, 0.0000, 0.0000]])
tensor([[-0.8481,  1.0000,  0.0000,  0.0000,  0.0000,  0.0000]])
tensor([[0.9451, 0.0000, 0.0000, 0.0000, 0.0000, 0.0000]])
tensor([[-0.2912,  1.0000,  0.0000,  0.0000,  0.0000,  0.0000]])
tensor([[-0.5857,  0.0000,  0.0000,  0.0000,  0.0000,  0.0000]])
tensor([[0.9788, 0.0000, 0.0000, 0.0000, 0.0000, 0.0000]])
tensor([[0.7052, 1.0000, 0.0000, 0.0000, 0.0000, 0.0000]])
tensor([[-0.9688,  0.0000,  0.0000,  0.0000,  0.0000,  0.0000]])
tensor([[0.9046, 1.0000, 0.0000, 0.0000, 0.0000, 0.0000]])
tensor([[-0.1515,  1.0000,  0.0000,  0.0000,  0.0000,  0.0000]])
tensor([[-0.6141,  1.0000,  0.0000,  0.0000,  0.0000,  0.0000]])
tensor([[0.9953, 1.0000, 0.0000, 0.0000, 0.0000, 0.0000]])
tensor([[0.9653, 1.0000, 0.0000, 0.0000, 0.0000, 0.0000]])
tensor([[-0.9072,  0.0000,  0.0000,  0.0000,  0.0000,  0.0000]])
tensor([[-0.9175,  0.0000,  0.0000,  0.0000,  0.0000,  0.0000]])
tensor([[0.9944, 1.0000, 0.0000, 0.0000, 0.0000, 0.0000]])
tensor([[0.9536, 1.0000, 0.0000, 0.0000, 0.0000, 0.0000]])
tensor([[0.9678, 1.0000, 0.0000, 0.0000, 0.0000, 0.0000]])
tensor([[-0.9007,  0.0000,  0.0000,  0.0000,  0.0000,  0.0000]])
tensor([[-0.9318,  1.0000,  0.0000,  0.0000,  0.0000,  0.0000]])
tensor([[0.9601, 0.0000, 0.0000, 0.0000, 0.0000, 0.0000]])
tensor([[0.9780, 1.0000, 0.0000, 0.0000, 0.0000, 0.0000]])
tensor([[-0.8665,  0.0000,  0.0000,  0.0000,  0.0000,  0.0000]])
tensor([[-0.7754,  1.0000,  0.0000,  0.0000,  0.0000,  0.0000]])
tensor([[0.9958, 1.0000, 0.0000, 0.0000, 0.0000, 0.0000]])
tensor([[0.9927, 1.0000, 0.0000, 0.0000, 0.0000, 0.0000]])
tensor([[-0.5704,  1.0000,  0.0000,  0.0000,  0.0000,  0.0000]])
tensor([[0.9533, 1.0000, 0.0000, 0.0000, 0.0000, 0.0000]])
tensor([[-0.5307,  1.0000,  0.0000,  0.0000,  0.0000,  0.0000]])
tensor([[-0.8366,  1.0000,  0.0000,  0.0000,  0.0000,  0.0000]])
tensor([[0.9935, 1.0000, 0.0000, 0.0000, 0.0000, 0.0000]])
tensor([[0.9630, 1.0000, 0.0000, 0.0000, 0.0000, 0.0000]])
tensor([[-0.9776,  1.0000,  0.0000,  0.0000,  0.0000,  0.0000]])
tensor([[0.9037, 1.0000, 0.0000, 0.0000, 0.0000, 0.0000]])
tensor([[-0.9054,  1.0000,  0.0000,  0.0000,  0.0000,  0.0000]])
tensor([[-0.9961,  0.0000,  0.0000,  0.0000,  0.0000,  0.0000]])
tensor([[0.9950, 1.0000, 0.0000, 0.0000, 0.0000, 0.0000]])
tensor([[0.9887, 1.0000, 0.0000, 0.0000, 0.0000, 0.0000]])
tensor([[0.8981, 0.0000, 0.0000, 0.0000, 0.0000, 0.0000]])
tensor([[-0.9053,  0.0000,  0.0000,  0.0000,  0.0000,  0.0000]])
tensor([[0.0965, 1.0000, 0.0000, 0.0000, 0.0000, 0.0000]])
tensor([[0.7724, 0.0000, 0.0000, 0.0000, 0.0000, 0.0000]])
tensor([[-0.2926,  1.0000,  0.0000,  0.0000,  0.0000,  0.0000]])
tensor([[0.0132, 1.0000, 0.0000, 0.0000, 0.0000, 0.0000]])
tensor([[0.6964, 1.0000, 0.0000, 0.0000, 0.0000, 0.0000]])
tensor([[-0.9423,  0.0000,  0.0000,  0.0000,  0.0000,  0.0000]])
tensor([[0.9961, 1.0000, 0.0000, 0.0000, 0.0000, 0.0000]])
tensor([[0.8747, 1.0000, 0.0000, 0.0000, 0.0000, 0.0000]])
tensor([[0.4344, 1.0000, 0.0000, 0.0000, 0.0000, 0.0000]])
tensor([[0.9852, 0.0000, 0.0000, 0.0000, 0.0000, 0.0000]])
tensor([[0.9964, 1.0000, 0.0000, 1.0000, 0.0000, 0.0000]])
tensor([[0.8352, 1.0000, 0.0000, 0.0000, 0.0000, 0.0000]])
tensor([[0.9864, 1.0000, 0.0000, 0.0000, 0.0000, 0.0000]])
tensor([[-0.1458,  0.0000,  0.0000,  0.0000,  0.0000,  0.0000]])
tensor([[0.9912, 1.0000, 0.0000, 0.0000, 0.0000, 0.0000]])
tensor([[0.9578, 1.0000, 0.0000, 0.0000, 0.0000, 0.0000]])
tensor([[-0.9963,  1.0000,  0.0000,  0.0000,  0.0000,  0.0000]])
tensor([[0.9977, 0.0000, 0.0000, 0.0000, 0.0000, 0.0000]])
tensor([[0.8043, 1.0000, 0.0000, 0.0000, 0.0000, 0.0000]])
tensor([[-0.9537,  0.0000,  0.0000,  0.0000,  0.0000,  0.0000]])
tensor([[-0.9950,  1.0000,  0.0000,  0.0000,  0.0000,  0.0000]])
tensor([[0.7661, 1.0000, 0.0000, 0.0000, 0.0000, 0.0000]])
tensor([[0.6113, 1.0000, 0.0000, 0.0000, 0.0000, 0.0000]])
tensor([[0.8686, 1.0000, 0.0000, 0.0000, 0.0000, 0.0000]])
tensor([[-0.9916,  1.0000,  0.0000,  0.0000,  0.0000,  0.0000]])
tensor([[-0.9705,  1.0000,  0.0000,  0.0000,  0.0000,  0.0000]])
tensor([[0.9577, 1.0000, 0.0000, 0.0000, 0.0000, 0.0000]])
tensor([[0.9467, 1.0000, 0.0000, 0.0000, 0.0000, 0.0000]])
tensor([[0.8121, 1.0000, 0.0000, 1.0000, 0.0000, 0.0000]])
tensor([[0.9699, 1.0000, 0.0000, 0.0000, 0.0000, 0.0000]])
tensor([[0.9917, 1.0000, 0.0000, 0.0000, 0.0000, 0.0000]])
tensor([[0.9836, 1.0000, 0.0000, 0.0000, 0.0000, 0.0000]])
tensor([[0.9980, 1.0000, 0.0000, 0.0000, 0.0000, 0.0000]])
tensor([[0.9784, 1.0000, 0.0000, 0.0000, 0.0000, 0.0000]])
tensor([[0.9974, 1.0000, 0.0000, 0.0000, 0.0000, 0.0000]])
tensor([[0.9918, 1.0000, 0.0000, 0.0000, 0.0000, 0.0000]])
tensor([[0.9931, 1.0000, 0.0000, 0.0000, 0.0000, 0.0000]])
tensor([[0.8692, 1.0000, 0.0000, 0.0000, 0.0000, 0.0000]])
tensor([[0.9808, 0.0000, 0.0000, 0.0000, 0.0000, 0.0000]])
tensor([[0.9956, 1.0000, 0.0000, 0.0000, 0.0000, 0.0000]])
tensor([[0.8984, 1.0000, 0.0000, 0.0000, 0.0000, 0.0000]])
tensor([[-0.0748,  1.0000,  0.0000,  0.0000,  0.0000,  0.0000]])
tensor([[-0.2801,  1.0000,  0.0000,  0.0000,  0.0000,  0.0000]])
tensor([[0.0087, 1.0000, 0.0000, 0.0000, 0.0000, 0.0000]])
tensor([[-0.8594,  1.0000,  0.0000,  0.0000,  0.0000,  0.0000]])
tensor([[0.7351, 1.0000, 0.0000, 0.0000, 0.0000, 0.0000]])
tensor([[0.9377, 0.0000, 0.0000, 0.0000, 0.0000, 0.0000]])
tensor([[0.5909, 0.0000, 0.0000, 0.0000, 0.0000, 0.0000]])
tensor([[0.8913, 1.0000, 0.0000, 0.0000, 0.0000, 0.0000]])
tensor([[0.9736, 1.0000, 0.0000, 0.0000, 0.0000, 0.0000]])
tensor([[0.9962, 1.0000, 0.0000, 0.0000, 0.0000, 0.0000]])
tensor([[0.9852, 1.0000, 0.0000, 0.0000, 0.0000, 0.0000]])
tensor([[0.9707, 1.0000, 0.0000, 0.0000, 0.0000, 0.0000]])
tensor([[0.9996, 1.0000, 0.0000, 0.0000, 0.0000, 0.0000]])
tensor([[0.9801, 1.0000, 0.0000, 0.0000, 0.0000, 0.0000]])
tensor([[0.8863, 1.0000, 0.0000, 0.0000, 0.0000, 0.0000]])
tensor([[-0.9970,  1.0000,  0.0000,  0.0000,  0.0000,  0.0000]])
tensor([[-0.9998,  1.0000,  0.0000,  0.0000,  0.0000,  0.0000]])
tensor([[-0.9996,  0.0000,  0.0000,  0.0000,  0.0000,  0.0000]])
tensor([[-0.9958,  1.0000,  0.0000,  0.0000,  0.0000,  0.0000]])
tensor([[-0.9761,  0.0000,  0.0000,  0.0000,  0.0000,  0.0000]])
tensor([[-0.9936,  1.0000,  0.0000,  0.0000,  0.0000,  0.0000]])
tensor([[-0.9834,  0.0000,  0.0000,  0.0000,  0.0000,  0.0000]])
tensor([[-0.9221,  0.0000,  0.0000,  0.0000,  0.0000,  0.0000]])
tensor([[0.5421, 1.0000, 0.0000, 0.0000, 0.0000, 0.0000]])
tensor([[0.4521, 1.0000, 0.0000, 0.0000, 0.0000, 0.0000]])
tensor([[0.1610, 0.0000, 0.0000, 0.0000, 0.0000, 0.0000]])
tensor([[-0.7944,  0.0000,  0.0000,  0.0000,  0.0000,  0.0000]])
tensor([[-0.4799,  1.0000,  0.0000,  0.0000,  0.0000,  0.0000]])
tensor([[0.6377, 1.0000, 0.0000, 0.0000, 0.0000, 0.0000]])
tensor([[-0.0014,  1.0000,  0.0000,  0.0000,  0.0000,  0.0000]])
tensor([[-0.3827,  1.0000,  0.0000,  0.0000,  0.0000,  0.0000]])
tensor([[0.1252, 0.0000, 0.0000, 0.0000, 0.0000, 0.0000]])
tensor([[0.7691, 1.0000, 0.0000, 0.0000, 0.0000, 0.0000]])
tensor([[-0.3936,  1.0000,  0.0000,  0.0000,  0.0000,  0.0000]])
tensor([[-0.8304,  1.0000,  0.0000,  0.0000,  0.0000,  0.0000]])
tensor([[-0.3141,  0.0000,  0.0000,  0.0000,  0.0000,  0.0000]])
tensor([[0.9846, 1.0000, 0.0000, 0.0000, 0.0000, 0.0000]])
tensor([[0.7483, 1.0000, 0.0000, 0.0000, 0.0000, 0.0000]])
tensor([[-0.5701,  1.0000,  0.0000,  0.0000,  0.0000,  0.0000]])
tensor([[-0.4887,  1.0000,  0.0000,  0.0000,  0.0000,  0.0000]])
tensor([[0.3768, 1.0000, 0.0000, 0.0000, 0.0000, 0.0000]])
tensor([[-0.1921,  1.0000,  0.0000,  0.0000,  0.0000,  0.0000]])
tensor([[-0.2624,  1.0000,  0.0000,  0.0000,  0.0000,  0.0000]])
tensor([[0.8749, 1.0000, 0.0000, 0.0000, 0.0000, 0.0000]])
tensor([[-0.5825,  1.0000,  0.0000,  0.0000,  0.0000,  0.0000]])
tensor([[-0.0983,  0.0000,  0.0000,  0.0000,  0.0000,  0.0000]])
tensor([[0.6214, 1.0000, 0.0000, 0.0000, 0.0000, 0.0000]])
tensor([[-0.2584,  1.0000,  1.0000,  0.0000,  0.0000,  0.0000]])
tensor([[-0.6487,  1.0000,  0.0000,  0.0000,  0.0000,  0.0000]])
tensor([[-0.1342,  1.0000,  0.0000,  0.0000,  0.0000,  0.0000]])
tensor([[0.9013, 1.0000, 0.0000, 0.0000, 0.0000, 0.0000]])
tensor([[-0.1382,  0.0000,  1.0000,  0.0000,  0.0000,  0.0000]])
tensor([[-0.6128,  1.0000,  0.0000,  0.0000,  0.0000,  0.0000]])
tensor([[0.6224, 1.0000, 0.0000, 0.0000, 0.0000, 0.0000]])
tensor([[-0.2022,  1.0000,  0.0000,  0.0000,  0.0000,  0.0000]])
tensor([[-0.0042,  1.0000,  0.0000,  0.0000,  0.0000,  0.0000]])
tensor([[0.5031, 1.0000, 0.0000, 0.0000, 0.0000, 0.0000]])
tensor([[-0.3034,  1.0000,  0.0000,  0.0000,  0.0000,  0.0000]])
tensor([[-0.2855,  1.0000,  0.0000,  0.0000,  0.0000,  0.0000]])
tensor([[0.2316, 1.0000, 0.0000, 0.0000, 0.0000, 0.0000]])
tensor([[-0.1848,  1.0000,  0.0000,  0.0000,  0.0000,  0.0000]])
tensor([[-0.1597,  1.0000,  0.0000,  0.0000,  0.0000,  0.0000]])
tensor([[-0.2555,  1.0000,  0.0000,  0.0000,  0.0000,  0.0000]])
tensor([[0.1701, 1.0000, 0.0000, 0.0000, 0.0000, 0.0000]])
tensor([[0.4879, 1.0000, 0.0000, 0.0000, 0.0000, 0.0000]])
tensor([[-0.2421,  1.0000,  0.0000,  0.0000,  0.0000,  0.0000]])
tensor([[0.2319, 0.0000, 0.0000, 0.0000, 0.0000, 0.0000]])
tensor([[-0.4663,  1.0000,  0.0000,  0.0000,  0.0000,  0.0000]])
tensor([[-0.0270,  1.0000,  0.0000,  0.0000,  0.0000,  0.0000]])
tensor([[0.7236, 1.0000, 0.0000, 0.0000, 0.0000, 0.0000]])
tensor([[-0.1261,  1.0000,  0.0000,  0.0000,  0.0000,  0.0000]])
tensor([[-0.5222,  1.0000,  0.0000,  0.0000,  0.0000,  0.0000]])
tensor([[0.2315, 1.0000, 0.0000, 0.0000, 0.0000, 0.0000]])
tensor([[0.1848, 1.0000, 0.0000, 0.0000, 0.0000, 0.0000]])
tensor([[-0.5879,  1.0000,  0.0000,  0.0000,  0.0000,  0.0000]])
tensor([[0.0307, 1.0000, 0.0000, 0.0000, 1.0000, 0.0000]])
tensor([[-0.0491,  1.0000,  0.0000,  0.0000,  0.0000,  0.0000]])
tensor([[-0.0445,  1.0000,  0.0000,  0.0000,  0.0000,  0.0000]])
tensor([[0.1114, 1.0000, 0.0000, 0.0000, 0.0000, 0.0000]])
tensor([[-0.2738,  1.0000,  0.0000,  0.0000,  0.0000,  0.0000]])
tensor([[-0.1884,  1.0000,  0.0000,  0.0000,  0.0000,  0.0000]])
tensor([[-0.1879,  1.0000,  0.0000,  0.0000,  0.0000,  0.0000]])
tensor([[-0.2691,  1.0000,  0.0000,  0.0000,  0.0000,  0.0000]])
tensor([[0.0618, 1.0000, 0.0000, 0.0000, 0.0000, 0.0000]])
tensor([[-0.7126,  1.0000,  0.0000,  0.0000,  0.0000,  0.0000]])
tensor([[-0.2162,  1.0000,  0.0000,  0.0000,  0.0000,  0.0000]])
tensor([[0.4769, 1.0000, 0.0000, 0.0000, 0.0000, 0.0000]])
tensor([[-0.5477,  1.0000,  0.0000,  0.0000,  0.0000,  0.0000]])
tensor([[-0.8904,  1.0000,  0.0000,  0.0000,  0.0000,  0.0000]])
tensor([[-0.4053,  1.0000,  0.0000,  0.0000,  0.0000,  0.0000]])
tensor([[0.4503, 1.0000, 0.0000, 0.0000, 0.0000, 0.0000]])
tensor([[-0.8515,  1.0000,  0.0000,  0.0000,  0.0000,  0.0000]])
tensor([[-0.7163,  1.0000,  0.0000,  0.0000,  0.0000,  0.0000]])
tensor([[0.3846, 1.0000, 0.0000, 0.0000, 0.0000, 0.0000]])
tensor([[-0.3660,  0.0000,  0.0000,  0.0000,  0.0000,  0.0000]])
tensor([[-0.5652,  1.0000,  0.0000,  0.0000,  0.0000,  0.0000]])
tensor([[-0.0893,  0.0000,  0.0000,  0.0000,  0.0000,  0.0000]])
tensor([[-0.0808,  1.0000,  0.0000,  0.0000,  0.0000,  0.0000]])
tensor([[0.3749, 0.0000, 0.0000, 0.0000, 0.0000, 0.0000]])
tensor([[-0.4111,  1.0000,  0.0000,  0.0000,  0.0000,  0.0000]])
tensor([[-0.5239,  1.0000,  0.0000,  0.0000,  0.0000,  0.0000]])
tensor([[0.4095, 1.0000, 0.0000, 0.0000, 0.0000, 0.0000]])
tensor([[-0.1513,  1.0000,  0.0000,  0.0000,  0.0000,  0.0000]])
tensor([[-0.4244,  1.0000,  1.0000,  0.0000,  0.0000,  0.0000]])
tensor([[-0.1656,  0.0000,  0.0000,  0.0000,  0.0000,  0.0000]])
tensor([[0.0232, 1.0000, 0.0000, 0.0000, 0.0000, 0.0000]])
tensor([[-0.6631,  1.0000,  0.0000,  0.0000,  0.0000,  0.0000]])
tensor([[-0.1654,  1.0000,  0.0000,  0.0000,  0.0000,  0.0000]])
tensor([[0.4748, 0.0000, 0.0000, 0.0000, 1.0000, 0.0000]])
tensor([[-0.4336,  1.0000,  0.0000,  0.0000,  0.0000,  0.0000]])
tensor([[-0.7765,  0.0000,  1.0000,  0.0000,  0.0000,  0.0000]])
tensor([[-0.6638,  1.0000,  0.0000,  0.0000,  0.0000,  0.0000]])
tensor([[0.3416, 1.0000, 0.0000, 0.0000, 0.0000, 0.0000]])
tensor([[0.1203, 1.0000, 0.0000, 0.0000, 0.0000, 0.0000]])
tensor([[-0.8505,  1.0000,  0.0000,  0.0000,  0.0000,  0.0000]])
tensor([[-0.2808,  1.0000,  1.0000,  0.0000,  0.0000,  0.0000]])
tensor([[0.2729, 1.0000, 0.0000, 0.0000, 0.0000, 0.0000]])
tensor([[0.3193, 1.0000, 0.0000, 0.0000, 0.0000, 0.0000]])
tensor([[-0.9507,  1.0000,  0.0000,  0.0000,  0.0000,  0.0000]])
tensor([[-0.9575,  1.0000,  0.0000,  0.0000,  1.0000,  0.0000]])
tensor([[0.3461, 1.0000, 0.0000, 0.0000, 0.0000, 0.0000]])
tensor([[-0.1181,  1.0000,  0.0000,  0.0000,  0.0000,  0.0000]])
tensor([[-0.3534,  0.0000,  0.0000,  0.0000,  0.0000,  0.0000]])
tensor([[8.6898e-04, 1.0000e+00, 0.0000e+00, 0.0000e+00, 0.0000e+00, 0.0000e+00]])
tensor([[-0.1113,  1.0000,  0.0000,  0.0000,  0.0000,  0.0000]])
tensor([[-0.6373,  1.0000,  0.0000,  0.0000,  0.0000,  0.0000]])
tensor([[-0.1603,  1.0000,  0.0000,  0.0000,  0.0000,  0.0000]])
tensor([[0.1114, 1.0000, 0.0000, 1.0000, 0.0000, 0.0000]])
tensor([[-0.5119,  1.0000,  0.0000,  0.0000,  0.0000,  0.0000]])
tensor([[-0.9922,  1.0000,  1.0000,  0.0000,  0.0000,  0.0000]])
tensor([[-0.9800,  0.0000,  0.0000,  0.0000,  0.0000,  0.0000]])
tensor([[-0.8981,  0.0000,  0.0000,  0.0000,  0.0000,  0.0000]])
tensor([[0.5642, 0.0000, 0.0000, 0.0000, 0.0000, 0.0000]])
tensor([[0.8201, 1.0000, 0.0000, 0.0000, 0.0000, 0.0000]])
tensor([[0.3462, 1.0000, 0.0000, 1.0000, 0.0000, 0.0000]])
tensor([[-0.9453,  0.0000,  0.0000,  0.0000,  0.0000,  0.0000]])
tensor([[-0.9913,  0.0000,  0.0000,  0.0000,  0.0000,  0.0000]])
tensor([[-0.9852,  1.0000,  0.0000,  0.0000,  0.0000,  0.0000]])
tensor([[-0.7854,  1.0000,  0.0000,  0.0000,  0.0000,  0.0000]])
tensor([[-0.9537,  1.0000,  0.0000,  0.0000,  0.0000,  0.0000]])
tensor([[-0.8470,  0.0000,  0.0000,  0.0000,  0.0000,  0.0000]])
tensor([[-0.9594,  0.0000,  0.0000,  0.0000,  0.0000,  0.0000]])
tensor([[-0.5792,  0.0000,  0.0000,  0.0000,  0.0000,  0.0000]])
tensor([[-0.8731,  0.0000,  1.0000,  0.0000,  0.0000,  0.0000]])
tensor([[-0.9075,  0.0000,  0.0000,  0.0000,  0.0000,  0.0000]])
tensor([[-0.6837,  0.0000,  0.0000,  0.0000,  0.0000,  0.0000]])
tensor([[-0.9932,  0.0000,  0.0000,  0.0000,  0.0000,  0.0000]])
tensor([[-0.9293,  0.0000,  0.0000,  0.0000,  0.0000,  0.0000]])
tensor([[-0.6409,  0.0000,  0.0000,  0.0000,  0.0000,  0.0000]])
tensor([[-0.9941,  0.0000,  0.0000,  0.0000,  0.0000,  0.0000]])
tensor([[-0.9775,  0.0000,  0.0000,  0.0000,  0.0000,  0.0000]])
tensor([[0.6645, 0.0000, 1.0000, 0.0000, 0.0000, 0.0000]])
tensor([[-0.9423,  0.0000,  1.0000,  0.0000,  0.0000,  0.0000]])
tensor([[-0.9450,  0.0000,  1.0000,  0.0000,  0.0000,  0.0000]])
tensor([[0.6998, 0.0000, 0.0000, 0.0000, 0.0000, 0.0000]])
tensor([[-0.0550,  0.0000,  0.0000,  0.0000,  0.0000,  0.0000]])
tensor([[-0.6214,  0.0000,  0.0000,  0.0000,  0.0000,  0.0000]])
tensor([[-0.6671,  0.0000,  0.0000,  0.0000,  0.0000,  0.0000]])
tensor([[-0.8074,  0.0000,  0.0000,  0.0000,  0.0000,  0.0000]])
tensor([[-0.7401,  0.0000,  0.0000,  0.0000,  0.0000,  0.0000]])
tensor([[-0.9786,  0.0000,  0.0000,  0.0000,  0.0000,  0.0000]])
tensor([[-0.8420,  0.0000,  0.0000,  0.0000,  0.0000,  1.0000]])
tensor([[-0.7309,  1.0000,  0.0000,  0.0000,  0.0000,  0.0000]])
tensor([[-0.9177,  0.0000,  1.0000,  0.0000,  0.0000,  0.0000]])
tensor([[-0.8692,  0.0000,  0.0000,  1.0000,  0.0000,  0.0000]])
tensor([[-0.6148,  0.0000,  0.0000,  0.0000,  0.0000,  0.0000]])
tensor([[0.6147, 0.0000, 0.0000, 0.0000, 0.0000, 0.0000]])
tensor([[0.1401, 1.0000, 0.0000, 0.0000, 0.0000, 0.0000]])
tensor([[-0.9473,  0.0000,  1.0000,  0.0000,  0.0000,  0.0000]])
tensor([[-0.8973,  0.0000,  1.0000,  0.0000,  0.0000,  0.0000]])
tensor([[-0.9109,  0.0000,  0.0000,  0.0000,  0.0000,  0.0000]])
tensor([[-0.9362,  0.0000,  1.0000,  0.0000,  0.0000,  0.0000]])
tensor([[0.0733, 0.0000, 0.0000, 0.0000, 0.0000, 0.0000]])
tensor([[-0.8612,  0.0000,  1.0000,  0.0000,  0.0000,  0.0000]])
tensor([[-0.4818,  0.0000,  0.0000,  0.0000,  0.0000,  0.0000]])
tensor([[-0.5203,  0.0000,  0.0000,  0.0000,  0.0000,  0.0000]])
tensor([[-0.4898,  0.0000,  0.0000,  0.0000,  0.0000,  0.0000]])
tensor([[-0.7292,  1.0000,  1.0000,  0.0000,  0.0000,  0.0000]])
tensor([[-0.9737,  0.0000,  0.0000,  0.0000,  0.0000,  0.0000]])
tensor([[-0.9357,  0.0000,  0.0000,  0.0000,  0.0000,  0.0000]])
tensor([[0.3954, 0.0000, 1.0000, 0.0000, 0.0000, 0.0000]])
tensor([[-0.9938,  0.0000,  0.0000,  0.0000,  0.0000,  0.0000]])
tensor([[0.0859, 0.0000, 0.0000, 0.0000, 0.0000, 0.0000]])
tensor([[-0.8115,  0.0000,  0.0000,  0.0000,  0.0000,  0.0000]])
tensor([[-0.4673,  1.0000,  0.0000,  0.0000,  0.0000,  0.0000]])
tensor([[-0.9623,  0.0000,  0.0000,  0.0000,  0.0000,  0.0000]])
tensor([[-0.2992,  1.0000,  0.0000,  0.0000,  0.0000,  0.0000]])
tensor([[-0.7922,  0.0000,  0.0000,  0.0000,  0.0000,  0.0000]])
tensor([[-0.6403,  1.0000,  1.0000,  0.0000,  0.0000,  0.0000]])
tensor([[-0.7796,  1.0000,  0.0000,  0.0000,  0.0000,  0.0000]])
tensor([[-0.9138,  1.0000,  0.0000,  0.0000,  0.0000,  0.0000]])
tensor([[-0.9895,  1.0000,  1.0000,  0.0000,  0.0000,  0.0000]])
tensor([[-0.9754,  0.0000,  0.0000,  0.0000,  0.0000,  0.0000]])
tensor([[-0.9129,  0.0000,  1.0000,  0.0000,  0.0000,  0.0000]])
tensor([[-0.9791,  0.0000,  1.0000,  0.0000,  0.0000,  0.0000]])
tensor([[-0.1660,  0.0000,  1.0000,  0.0000,  0.0000,  0.0000]])
tensor([[0.1519, 0.0000, 0.0000, 0.0000, 0.0000, 0.0000]])
tensor([[-0.5027,  0.0000,  0.0000,  0.0000,  0.0000,  0.0000]])
tensor([[-0.9206,  0.0000,  0.0000,  0.0000,  0.0000,  0.0000]])
tensor([[-0.9437,  0.0000,  0.0000,  0.0000,  0.0000,  0.0000]])
tensor([[-0.8137,  1.0000,  0.0000,  0.0000,  0.0000,  0.0000]])
tensor([[-0.9159,  0.0000,  1.0000,  0.0000,  0.0000,  0.0000]])
tensor([[-0.9288,  0.0000,  1.0000,  0.0000,  0.0000,  0.0000]])
tensor([[0.2864, 0.0000, 1.0000, 0.0000, 0.0000, 0.0000]])
tensor([[-0.9102,  0.0000,  0.0000,  0.0000,  0.0000,  0.0000]])
tensor([[-0.8812,  0.0000,  0.0000,  0.0000,  0.0000,  0.0000]])
tensor([[-0.9340,  0.0000,  1.0000,  0.0000,  0.0000,  0.0000]])
tensor([[-0.9486,  0.0000,  1.0000,  0.0000,  0.0000,  0.0000]])
tensor([[-0.9397,  0.0000,  0.0000,  0.0000,  0.0000,  0.0000]])
tensor([[-0.8880,  0.0000,  0.0000,  0.0000,  0.0000,  0.0000]])
tensor([[-0.7725,  0.0000,  1.0000,  0.0000,  0.0000,  0.0000]])
tensor([[-0.7487,  0.0000,  0.0000,  0.0000,  0.0000,  0.0000]])
tensor([[0.9264, 1.0000, 0.0000, 0.0000, 0.0000, 0.0000]])
tensor([[0.9765, 0.0000, 0.0000, 0.0000, 0.0000, 0.0000]])
tensor([[0.9989, 1.0000, 0.0000, 0.0000, 0.0000, 0.0000]])
tensor([[0.9926, 0.0000, 0.0000, 0.0000, 0.0000, 0.0000]])
tensor([[0.9974, 1.0000, 0.0000, 0.0000, 0.0000, 0.0000]])
tensor([[0.9816, 0.0000, 0.0000, 0.0000, 0.0000, 0.0000]])
tensor([[0.9919, 1.0000, 0.0000, 0.0000, 0.0000, 0.0000]])
tensor([[0.9969, 1.0000, 0.0000, 0.0000, 0.0000, 0.0000]])
tensor([[0.9991, 0.0000, 0.0000, 0.0000, 0.0000, 0.0000]])
tensor([[0.9921, 0.0000, 0.0000, 0.0000, 0.0000, 0.0000]])
tensor([[0.9963, 1.0000, 0.0000, 0.0000, 0.0000, 0.0000]])
tensor([[0.9911, 1.0000, 0.0000, 0.0000, 0.0000, 0.0000]])
tensor([[0.9983, 1.0000, 0.0000, 0.0000, 0.0000, 0.0000]])
tensor([[0.9996, 1.0000, 0.0000, 0.0000, 0.0000, 0.0000]])
tensor([[0.9993, 0.0000, 0.0000, 0.0000, 0.0000, 0.0000]])
tensor([[0.9923, 1.0000, 0.0000, 0.0000, 0.0000, 0.0000]])
tensor([[0.9996, 0.0000, 0.0000, 0.0000, 0.0000, 0.0000]])
tensor([[0.9839, 1.0000, 0.0000, 0.0000, 0.0000, 0.0000]])
tensor([[0.9909, 1.0000, 0.0000, 0.0000, 0.0000, 0.0000]])
tensor([[0.9722, 0.0000, 0.0000, 0.0000, 0.0000, 0.0000]])
tensor([[0.9693, 1.0000, 0.0000, 0.0000, 0.0000, 0.0000]])
tensor([[0.9902, 1.0000, 0.0000, 0.0000, 0.0000, 0.0000]])
tensor([[0.9172, 1.0000, 0.0000, 0.0000, 0.0000, 0.0000]])
tensor([[0.9423, 1.0000, 0.0000, 0.0000, 0.0000, 0.0000]])
tensor([[0.8081, 0.0000, 0.0000, 0.0000, 0.0000, 0.0000]])
tensor([[0.7026, 1.0000, 0.0000, 0.0000, 0.0000, 0.0000]])
tensor([[0.8659, 1.0000, 0.0000, 0.0000, 0.0000, 0.0000]])
tensor([[0.9616, 1.0000, 0.0000, 0.0000, 0.0000, 0.0000]])
tensor([[0.8635, 0.0000, 0.0000, 0.0000, 0.0000, 0.0000]])
tensor([[0.6044, 1.0000, 0.0000, 0.0000, 0.0000, 0.0000]])
tensor([[0.6165, 1.0000, 0.0000, 0.0000, 0.0000, 0.0000]])
tensor([[0.9150, 1.0000, 0.0000, 0.0000, 0.0000, 0.0000]])
tensor([[0.5485, 1.0000, 0.0000, 0.0000, 0.0000, 0.0000]])
tensor([[0.7040, 1.0000, 0.0000, 0.0000, 0.0000, 0.0000]])
tensor([[0.8176, 1.0000, 0.0000, 0.0000, 0.0000, 0.0000]])
tensor([[0.2440, 0.0000, 0.0000, 0.0000, 0.0000, 0.0000]])
tensor([[0.9640, 1.0000, 0.0000, 0.0000, 0.0000, 0.0000]])
tensor([[0.7758, 1.0000, 0.0000, 0.0000, 0.0000, 0.0000]])
tensor([[0.2229, 1.0000, 0.0000, 0.0000, 0.0000, 0.0000]])
tensor([[0.7258, 1.0000, 0.0000, 0.0000, 0.0000, 0.0000]])
tensor([[0.0027, 1.0000, 0.0000, 0.0000, 0.0000, 0.0000]])
tensor([[0.2051, 1.0000, 0.0000, 0.0000, 0.0000, 0.0000]])
tensor([[-0.2651,  1.0000,  0.0000,  0.0000,  0.0000,  0.0000]])
tensor([[0.0700, 0.0000, 0.0000, 0.0000, 0.0000, 0.0000]])
tensor([[-0.7300,  1.0000,  0.0000,  0.0000,  0.0000,  0.0000]])
tensor([[0.2981, 0.0000, 0.0000, 0.0000, 0.0000, 0.0000]])
tensor([[0.1441, 1.0000, 0.0000, 0.0000, 0.0000, 0.0000]])
tensor([[0.9662, 0.0000, 0.0000, 0.0000, 0.0000, 0.0000]])
tensor([[0.9738, 1.0000, 0.0000, 0.0000, 0.0000, 0.0000]])
tensor([[0.9796, 1.0000, 0.0000, 0.0000, 0.0000, 0.0000]])
tensor([[0.9874, 1.0000, 0.0000, 0.0000, 0.0000, 0.0000]])
tensor([[0.9424, 1.0000, 0.0000, 0.0000, 0.0000, 0.0000]])
tensor([[0.9876, 0.0000, 0.0000, 0.0000, 0.0000, 0.0000]])
tensor([[0.9829, 1.0000, 0.0000, 0.0000, 0.0000, 0.0000]])
tensor([[0.3058, 1.0000, 0.0000, 0.0000, 0.0000, 0.0000]])
tensor([[0.6897, 0.0000, 0.0000, 0.0000, 0.0000, 0.0000]])
tensor([[0.5976, 1.0000, 0.0000, 0.0000, 0.0000, 0.0000]])
tensor([[0.6892, 1.0000, 0.0000, 0.0000, 0.0000, 0.0000]])
tensor([[0.2420, 1.0000, 0.0000, 0.0000, 0.0000, 0.0000]])
tensor([[0.2550, 1.0000, 0.0000, 0.0000, 0.0000, 0.0000]])
tensor([[0.2710, 1.0000, 0.0000, 0.0000, 0.0000, 0.0000]])
tensor([[-0.3174,  1.0000,  0.0000,  0.0000,  0.0000,  0.0000]])
tensor([[-0.4106,  1.0000,  0.0000,  0.0000,  0.0000,  0.0000]])
tensor([[0.1659, 1.0000, 0.0000, 0.0000, 0.0000, 0.0000]])
tensor([[0.5682, 1.0000, 1.0000, 0.0000, 0.0000, 0.0000]])
tensor([[-0.6633,  1.0000,  0.0000,  0.0000,  0.0000,  0.0000]])
tensor([[-0.7964,  1.0000,  0.0000,  0.0000,  0.0000,  0.0000]])
tensor([[-0.5562,  1.0000,  0.0000,  0.0000,  0.0000,  1.0000]])
tensor([[0.4632, 1.0000, 0.0000, 0.0000, 0.0000, 0.0000]])
tensor([[-0.0297,  1.0000,  0.0000,  0.0000,  0.0000,  0.0000]])
tensor([[-0.6071,  1.0000,  0.0000,  0.0000,  0.0000,  0.0000]])
tensor([[-0.0360,  1.0000,  0.0000,  0.0000,  0.0000,  0.0000]])
tensor([[0.2321, 1.0000, 1.0000, 0.0000, 0.0000, 0.0000]])
tensor([[-0.8617,  1.0000,  0.0000,  0.0000,  0.0000,  0.0000]])
tensor([[0.2769, 1.0000, 0.0000, 0.0000, 0.0000, 0.0000]])
tensor([[-0.6329,  1.0000,  0.0000,  0.0000,  0.0000,  0.0000]])
tensor([[-0.4032,  1.0000,  0.0000,  0.0000,  0.0000,  0.0000]])
tensor([[0.1340, 1.0000, 0.0000, 0.0000, 0.0000, 0.0000]])
tensor([[0.8958, 1.0000, 0.0000, 0.0000, 0.0000, 0.0000]])
tensor([[0.3824, 1.0000, 0.0000, 0.0000, 0.0000, 0.0000]])
tensor([[-0.9008,  1.0000,  0.0000,  0.0000,  0.0000,  0.0000]])
tensor([[-0.7495,  0.0000,  0.0000,  0.0000,  0.0000,  0.0000]])
tensor([[-0.5910,  1.0000,  0.0000,  0.0000,  0.0000,  0.0000]])
tensor([[-0.2708,  1.0000,  0.0000,  0.0000,  0.0000,  0.0000]])
tensor([[-0.1796,  1.0000,  0.0000,  0.0000,  0.0000,  0.0000]])
tensor([[-0.2905,  1.0000,  0.0000,  0.0000,  0.0000,  0.0000]])
tensor([[0.0265, 1.0000, 0.0000, 0.0000, 0.0000, 0.0000]])
tensor([[-0.0277,  1.0000,  0.0000,  0.0000,  0.0000,  0.0000]])
tensor([[-0.8754,  0.0000,  0.0000,  0.0000,  0.0000,  0.0000]])
tensor([[-0.5652,  1.0000,  0.0000,  0.0000,  0.0000,  0.0000]])
tensor([[0.1826, 1.0000, 0.0000, 0.0000, 0.0000, 0.0000]])
tensor([[-0.1486,  1.0000,  0.0000,  1.0000,  0.0000,  0.0000]])
tensor([[-0.4833,  1.0000,  0.0000,  0.0000,  0.0000,  0.0000]])
tensor([[-0.9604,  0.0000,  1.0000,  0.0000,  0.0000,  0.0000]])
tensor([[-0.9617,  1.0000,  0.0000,  0.0000,  0.0000,  0.0000]])
tensor([[-0.8171,  1.0000,  0.0000,  0.0000,  0.0000,  0.0000]])
tensor([[-0.8062,  0.0000,  0.0000,  0.0000,  0.0000,  0.0000]])
tensor([[-0.5365,  1.0000,  0.0000,  0.0000,  0.0000,  0.0000]])
tensor([[-0.7125,  0.0000,  0.0000,  0.0000,  0.0000,  0.0000]])
tensor([[-0.9122,  0.0000,  0.0000,  0.0000,  0.0000,  0.0000]])
tensor([[-0.8716,  1.0000,  0.0000,  0.0000,  0.0000,  0.0000]])
tensor([[-0.7692,  0.0000,  1.0000,  0.0000,  0.0000,  0.0000]])
tensor([[-0.7778,  0.0000,  0.0000,  0.0000,  0.0000,  0.0000]])
tensor([[-0.5836,  0.0000,  0.0000,  0.0000,  0.0000,  0.0000]])
tensor([[-0.7427,  0.0000,  0.0000,  0.0000,  0.0000,  0.0000]])
tensor([[-0.8188,  0.0000,  0.0000,  0.0000,  0.0000,  0.0000]])
tensor([[-0.5129,  1.0000,  0.0000,  0.0000,  0.0000,  0.0000]])
tensor([[-0.8275,  0.0000,  0.0000,  0.0000,  0.0000,  0.0000]])
tensor([[-0.2920,  1.0000,  1.0000,  0.0000,  0.0000,  0.0000]])
tensor([[-0.8414,  1.0000,  0.0000,  0.0000,  0.0000,  0.0000]])
tensor([[-0.9568,  1.0000,  1.0000,  0.0000,  0.0000,  0.0000]])
tensor([[-0.9599,  1.0000,  0.0000,  0.0000,  0.0000,  0.0000]])
tensor([[-0.7637,  0.0000,  0.0000,  0.0000,  0.0000,  0.0000]])
tensor([[0.0641, 0.0000, 0.0000, 0.0000, 0.0000, 0.0000]])
tensor([[0.1798, 1.0000, 0.0000, 0.0000, 0.0000, 0.0000]])
tensor([[0.5844, 1.0000, 0.0000, 0.0000, 0.0000, 0.0000]])
tensor([[-0.2361,  0.0000,  0.0000,  0.0000,  0.0000,  0.0000]])
tensor([[0.1000, 1.0000, 0.0000, 0.0000, 0.0000, 0.0000]])
tensor([[-0.5942,  0.0000,  0.0000,  0.0000,  0.0000,  0.0000]])
tensor([[0.1399, 0.0000, 0.0000, 0.0000, 0.0000, 0.0000]])
tensor([[0.2195, 1.0000, 0.0000, 0.0000, 0.0000, 0.0000]])
tensor([[0.4169, 1.0000, 0.0000, 0.0000, 0.0000, 0.0000]])
tensor([[-0.0328,  1.0000,  0.0000,  0.0000,  0.0000,  0.0000]])
tensor([[-0.3240,  0.0000,  0.0000,  0.0000,  0.0000,  0.0000]])
tensor([[0.3441, 0.0000, 0.0000, 0.0000, 0.0000, 1.0000]])
tensor([[0.2299, 1.0000, 0.0000, 0.0000, 0.0000, 0.0000]])
tensor([[0.2036, 1.0000, 0.0000, 0.0000, 0.0000, 0.0000]])
tensor([[0.0644, 0.0000, 1.0000, 0.0000, 0.0000, 0.0000]])
tensor([[0.2374, 1.0000, 0.0000, 0.0000, 0.0000, 0.0000]])
tensor([[0.3347, 0.0000, 0.0000, 0.0000, 0.0000, 0.0000]])
tensor([[0.1466, 0.0000, 0.0000, 0.0000, 0.0000, 0.0000]])
tensor([[0.5590, 0.0000, 0.0000, 0.0000, 0.0000, 0.0000]])
tensor([[0.6274, 0.0000, 0.0000, 0.0000, 0.0000, 0.0000]])
tensor([[-0.0671,  1.0000,  0.0000,  0.0000,  0.0000,  0.0000]])
tensor([[0.7642, 1.0000, 0.0000, 0.0000, 0.0000, 0.0000]])
tensor([[-0.7284,  1.0000,  0.0000,  0.0000,  0.0000,  0.0000]])
tensor([[0.4976, 0.0000, 0.0000, 0.0000, 0.0000, 0.0000]])
tensor([[0.6329, 1.0000, 0.0000, 0.0000, 0.0000, 0.0000]])
tensor([[0.5923, 1.0000, 0.0000, 0.0000, 0.0000, 0.0000]])
tensor([[0.1384, 1.0000, 0.0000, 0.0000, 0.0000, 0.0000]])
tensor([[0.1264, 1.0000, 0.0000, 0.0000, 0.0000, 0.0000]])
INFO:root:Agent 0 (TQCars): avg action time = 0.0015s
tensor([[0.8397, 1.0000, 0.0000, 0.0000, 0.0000, 0.0000]])
tensor([[-0.4196,  1.0000,  0.0000,  0.0000,  0.0000,  0.0000]])
tensor([[0.7267, 0.0000, 0.0000, 0.0000, 0.0000, 0.0000]])
tensor([[-0.2485,  1.0000,  0.0000,  0.0000,  0.0000,  0.0000]])
tensor([[0.5592, 1.0000, 0.0000, 0.0000, 0.0000, 0.0000]])
tensor([[-0.1643,  1.0000,  0.0000,  0.0000,  0.0000,  0.0000]])
tensor([[0.4372, 0.0000, 0.0000, 0.0000, 0.0000, 0.0000]])
tensor([[-0.1344,  1.0000,  0.0000,  0.0000,  0.0000,  0.0000]])
tensor([[-0.5498,  1.0000,  0.0000,  0.0000,  0.0000,  0.0000]])
tensor([[0.1349, 0.0000, 1.0000, 0.0000, 0.0000, 0.0000]])
tensor([[-0.6469,  1.0000,  0.0000,  0.0000,  0.0000,  0.0000]])
tensor([[-0.0016,  1.0000,  0.0000,  0.0000,  0.0000,  0.0000]])
tensor([[0.8226, 1.0000, 0.0000, 0.0000, 0.0000, 0.0000]])
tensor([[-0.1098,  0.0000,  0.0000,  0.0000,  0.0000,  0.0000]])
tensor([[-0.8183,  0.0000,  0.0000,  0.0000,  0.0000,  0.0000]])
tensor([[-0.8529,  0.0000,  0.0000,  0.0000,  0.0000,  0.0000]])
tensor([[0.6044, 1.0000, 0.0000, 0.0000, 0.0000, 0.0000]])
tensor([[0.7490, 1.0000, 0.0000, 0.0000, 0.0000, 0.0000]])
tensor([[-0.6727,  1.0000,  0.0000,  0.0000,  0.0000,  0.0000]])
tensor([[-0.7334,  1.0000,  0.0000,  0.0000,  0.0000,  0.0000]])
tensor([[0.7940, 1.0000, 0.0000, 0.0000, 0.0000, 0.0000]])
tensor([[-0.2829,  1.0000,  1.0000,  0.0000,  0.0000,  0.0000]])
tensor([[-0.5422,  1.0000,  0.0000,  0.0000,  0.0000,  0.0000]])
tensor([[0.1990, 1.0000, 0.0000, 0.0000, 1.0000, 0.0000]])
tensor([[0.6058, 0.0000, 0.0000, 0.0000, 0.0000, 0.0000]])
tensor([[-0.5629,  0.0000,  0.0000,  0.0000,  0.0000,  0.0000]])
tensor([[-0.7781,  1.0000,  0.0000,  0.0000,  0.0000,  0.0000]])
tensor([[0.5329, 1.0000, 0.0000, 0.0000, 0.0000, 0.0000]])
tensor([[-0.0229,  1.0000,  0.0000,  0.0000,  0.0000,  0.0000]])
tensor([[-0.2521,  0.0000,  0.0000,  0.0000,  0.0000,  0.0000]])
tensor([[-0.1753,  1.0000,  0.0000,  0.0000,  0.0000,  0.0000]])
tensor([[0.0557, 1.0000, 0.0000, 0.0000, 0.0000, 0.0000]])
tensor([[0.1673, 1.0000, 0.0000, 0.0000, 0.0000, 0.0000]])
tensor([[-0.2749,  0.0000,  0.0000,  0.0000,  0.0000,  0.0000]])
tensor([[-0.0740,  1.0000,  0.0000,  0.0000,  0.0000,  0.0000]])
tensor([[0.3010, 0.0000, 0.0000, 0.0000, 0.0000, 0.0000]])
tensor([[0.1359, 1.0000, 0.0000, 0.0000, 0.0000, 0.0000]])
tensor([[-0.6932,  0.0000,  0.0000,  0.0000,  0.0000,  0.0000]])
tensor([[-0.4531,  1.0000,  0.0000,  0.0000,  0.0000,  0.0000]])
tensor([[0.9333, 1.0000, 0.0000, 0.0000, 0.0000, 0.0000]])
tensor([[0.0487, 1.0000, 0.0000, 0.0000, 0.0000, 0.0000]])
tensor([[-0.8745,  1.0000,  0.0000,  0.0000,  0.0000,  0.0000]])
tensor([[-0.9465,  0.0000,  0.0000,  0.0000,  0.0000,  0.0000]])
tensor([[0.9948, 1.0000, 0.0000, 0.0000, 0.0000, 0.0000]])
tensor([[0.9538, 1.0000, 0.0000, 0.0000, 0.0000, 0.0000]])
tensor([[-0.9938,  0.0000,  0.0000,  0.0000,  0.0000,  0.0000]])
tensor([[-0.9970,  0.0000,  0.0000,  0.0000,  0.0000,  0.0000]])
tensor([[0.9930, 0.0000, 0.0000, 0.0000, 0.0000, 0.0000]])
tensor([[-0.9998,  0.0000,  0.0000,  0.0000,  0.0000,  0.0000]])
tensor([[-0.9984,  0.0000,  0.0000,  0.0000,  0.0000,  0.0000]])
tensor([[0.9997, 1.0000, 0.0000, 0.0000, 0.0000, 0.0000]])
tensor([[-0.3650,  1.0000,  0.0000,  0.0000,  0.0000,  0.0000]])
tensor([[-0.4340,  0.0000,  0.0000,  0.0000,  0.0000,  0.0000]])
tensor([[0.9996, 1.0000, 0.0000, 0.0000, 0.0000, 0.0000]])
tensor([[0.9919, 1.0000, 0.0000, 0.0000, 0.0000, 0.0000]])
tensor([[-0.4803,  1.0000,  0.0000,  0.0000,  0.0000,  0.0000]])
tensor([[-0.4920,  1.0000,  0.0000,  0.0000,  0.0000,  0.0000]])
tensor([[0.9984, 1.0000, 0.0000, 0.0000, 0.0000, 0.0000]])
tensor([[0.9993, 1.0000, 0.0000, 0.0000, 0.0000, 0.0000]])
{"type": "results", "track": "abyss", "results": [{"key": 0, "reward": 10.09920654296875, "position": 4, "name": "TQCars", "avg_action_time": 0.001526521319183292}]}
