INFO:root:Loading the agents
INFO:root:Loaded player TQCars
INFO:root:Creating pystk-1
INFO:root:Adding wrapper <function get_wrappers.<locals>.<lambda> at 0x721f382fb420>
INFO:root:Adding wrapper <function get_wrappers.<locals>.<lambda> at 0x721f382fb4c0>
INFO:root:Adding wrapper <function get_wrappers.<locals>.<lambda> at 0x721f382fb560>
INFO:root:Adding wrapper <function get_wrappers.<locals>.<lambda> at 0x721f382fb600>
INFO:root:(multi-env mono adapter) Setting main environment max_paths to 5
INFO:root:Loading trained model from CHECKPOINT-GPUFAC/tqc_EXP12_500000.pt...
INFO:root:Starting a race
..:: Antarctica Rendering Engine 2.0 ::..
tensor([[0.9941, 1.0000, 0.0000, 0.0000, 1.0000, 0.0000]])
tensor([[0.9822, 1.0000, 0.0000, 0.0000, 0.0000, 0.0000]])
tensor([[0.8524, 1.0000, 0.0000, 0.0000, 0.0000, 0.0000]])
tensor([[0.9769, 1.0000, 0.0000, 0.0000, 0.0000, 0.0000]])
tensor([[0.9793, 1.0000, 0.0000, 0.0000, 0.0000, 0.0000]])
tensor([[0.9704, 1.0000, 0.0000, 0.0000, 0.0000, 0.0000]])
tensor([[0.7975, 1.0000, 0.0000, 0.0000, 0.0000, 0.0000]])
tensor([[0.9051, 1.0000, 0.0000, 0.0000, 0.0000, 0.0000]])
tensor([[0.9813, 1.0000, 0.0000, 0.0000, 0.0000, 0.0000]])
tensor([[0.9651, 1.0000, 0.0000, 0.0000, 0.0000, 0.0000]])
tensor([[0.9525, 1.0000, 0.0000, 0.0000, 0.0000, 0.0000]])
tensor([[0.9614, 1.0000, 0.0000, 0.0000, 0.0000, 0.0000]])
tensor([[0.8736, 1.0000, 0.0000, 0.0000, 0.0000, 0.0000]])
tensor([[0.9858, 1.0000, 0.0000, 0.0000, 0.0000, 0.0000]])
tensor([[0.8025, 1.0000, 0.0000, 0.0000, 0.0000, 0.0000]])
tensor([[0.9745, 1.0000, 0.0000, 0.0000, 0.0000, 0.0000]])
tensor([[0.9907, 1.0000, 0.0000, 0.0000, 0.0000, 0.0000]])
tensor([[0.9766, 1.0000, 0.0000, 0.0000, 0.0000, 0.0000]])
tensor([[0.9500, 1.0000, 0.0000, 0.0000, 0.0000, 0.0000]])
tensor([[0.9783, 1.0000, 0.0000, 0.0000, 0.0000, 0.0000]])
tensor([[0.9853, 1.0000, 0.0000, 0.0000, 0.0000, 0.0000]])
tensor([[0.9669, 1.0000, 0.0000, 0.0000, 0.0000, 0.0000]])
tensor([[0.8989, 1.0000, 0.0000, 0.0000, 0.0000, 0.0000]])
tensor([[0.9985, 1.0000, 0.0000, 0.0000, 0.0000, 0.0000]])
tensor([[0.9845, 1.0000, 0.0000, 0.0000, 0.0000, 0.0000]])
tensor([[0.9733, 1.0000, 0.0000, 0.0000, 0.0000, 0.0000]])
tensor([[0.9868, 1.0000, 0.0000, 0.0000, 0.0000, 0.0000]])
tensor([[0.5533, 1.0000, 0.0000, 0.0000, 0.0000, 1.0000]])
tensor([[-0.6051,  1.0000,  0.0000,  0.0000,  0.0000,  0.0000]])
tensor([[-0.9644,  1.0000,  0.0000,  0.0000,  0.0000,  0.0000]])
tensor([[-0.9897,  1.0000,  0.0000,  0.0000,  0.0000,  0.0000]])
tensor([[-0.9975,  1.0000,  0.0000,  0.0000,  0.0000,  0.0000]])
tensor([[-0.9973,  1.0000,  0.0000,  0.0000,  0.0000,  0.0000]])
tensor([[-0.9977,  0.0000,  0.0000,  0.0000,  0.0000,  0.0000]])
tensor([[-0.9827,  0.0000,  0.0000,  0.0000,  0.0000,  0.0000]])
tensor([[-0.9758,  1.0000,  0.0000,  0.0000,  0.0000,  0.0000]])
tensor([[-0.9881,  1.0000,  0.0000,  0.0000,  0.0000,  0.0000]])
tensor([[0.8522, 1.0000, 0.0000, 0.0000, 0.0000, 0.0000]])
tensor([[-0.3299,  1.0000,  0.0000,  0.0000,  0.0000,  0.0000]])
tensor([[-0.3592,  1.0000,  0.0000,  0.0000,  0.0000,  0.0000]])
tensor([[0.9953, 1.0000, 0.0000, 0.0000, 0.0000, 0.0000]])
tensor([[-0.8650,  1.0000,  0.0000,  0.0000,  0.0000,  0.0000]])
tensor([[-0.6566,  1.0000,  0.0000,  0.0000,  0.0000,  0.0000]])
tensor([[0.9961, 1.0000, 0.0000, 0.0000, 0.0000, 0.0000]])
tensor([[0.9897, 1.0000, 0.0000, 0.0000, 0.0000, 0.0000]])
tensor([[-0.9911,  1.0000,  0.0000,  0.0000,  0.0000,  0.0000]])
tensor([[-0.8420,  0.0000,  0.0000,  0.0000,  0.0000,  0.0000]])
tensor([[0.3065, 1.0000, 0.0000, 0.0000, 0.0000, 0.0000]])
tensor([[0.8714, 1.0000, 0.0000, 0.0000, 0.0000, 0.0000]])
tensor([[0.3313, 1.0000, 0.0000, 0.0000, 0.0000, 0.0000]])
tensor([[0.1050, 1.0000, 0.0000, 0.0000, 0.0000, 0.0000]])
tensor([[-0.9912,  1.0000,  0.0000,  0.0000,  0.0000,  0.0000]])
tensor([[-0.9204,  1.0000,  0.0000,  0.0000,  0.0000,  0.0000]])
tensor([[-0.0902,  1.0000,  0.0000,  0.0000,  0.0000,  0.0000]])
tensor([[0.9866, 1.0000, 0.0000, 0.0000, 0.0000, 0.0000]])
tensor([[0.9923, 1.0000, 0.0000, 0.0000, 0.0000, 0.0000]])
tensor([[0.9784, 1.0000, 0.0000, 0.0000, 0.0000, 0.0000]])
tensor([[0.9880, 1.0000, 0.0000, 0.0000, 0.0000, 0.0000]])
tensor([[0.9991, 1.0000, 0.0000, 0.0000, 0.0000, 0.0000]])
tensor([[0.9997, 1.0000, 0.0000, 0.0000, 0.0000, 0.0000]])
tensor([[0.9983, 1.0000, 0.0000, 0.0000, 0.0000, 0.0000]])
tensor([[-0.8637,  1.0000,  0.0000,  0.0000,  0.0000,  0.0000]])
tensor([[-0.9484,  1.0000,  0.0000,  0.0000,  0.0000,  0.0000]])
tensor([[0.9934, 1.0000, 0.0000, 0.0000, 0.0000, 0.0000]])
tensor([[0.4589, 1.0000, 0.0000, 0.0000, 0.0000, 0.0000]])
tensor([[-0.9740,  1.0000,  0.0000,  0.0000,  0.0000,  0.0000]])
tensor([[-0.9426,  1.0000,  0.0000,  1.0000,  0.0000,  0.0000]])
tensor([[-0.9671,  1.0000,  0.0000,  0.0000,  0.0000,  0.0000]])
tensor([[0.8998, 1.0000, 0.0000, 0.0000, 0.0000, 0.0000]])
tensor([[0.9959, 1.0000, 0.0000, 0.0000, 0.0000, 0.0000]])
tensor([[-0.4584,  0.0000,  0.0000,  0.0000,  0.0000,  0.0000]])
tensor([[-0.5447,  1.0000,  0.0000,  0.0000,  0.0000,  0.0000]])
tensor([[-0.8429,  1.0000,  0.0000,  0.0000,  0.0000,  0.0000]])
tensor([[-0.9159,  0.0000,  0.0000,  0.0000,  0.0000,  0.0000]])
tensor([[0.5115, 1.0000, 0.0000, 0.0000, 0.0000, 0.0000]])
tensor([[-0.4101,  1.0000,  0.0000,  0.0000,  0.0000,  0.0000]])
tensor([[0.4490, 1.0000, 0.0000, 0.0000, 0.0000, 0.0000]])
tensor([[-0.8896,  1.0000,  0.0000,  0.0000,  0.0000,  0.0000]])
tensor([[-0.7048,  1.0000,  0.0000,  0.0000,  0.0000,  0.0000]])
tensor([[-0.8186,  0.0000,  0.0000,  0.0000,  0.0000,  0.0000]])
tensor([[0.3195, 1.0000, 0.0000, 0.0000, 0.0000, 0.0000]])
tensor([[-0.4487,  1.0000,  0.0000,  0.0000,  0.0000,  0.0000]])
tensor([[-0.1420,  1.0000,  0.0000,  0.0000,  0.0000,  0.0000]])
tensor([[-0.9664,  1.0000,  0.0000,  0.0000,  0.0000,  0.0000]])
tensor([[-0.7445,  1.0000,  0.0000,  0.0000,  0.0000,  0.0000]])
tensor([[0.8242, 1.0000, 0.0000, 0.0000, 0.0000, 0.0000]])
tensor([[-0.7812,  1.0000,  0.0000,  0.0000,  0.0000,  0.0000]])
tensor([[-0.8769,  1.0000,  0.0000,  0.0000,  0.0000,  0.0000]])
tensor([[0.5005, 0.0000, 0.0000, 0.0000, 0.0000, 0.0000]])
tensor([[-0.9528,  1.0000,  0.0000,  0.0000,  0.0000,  0.0000]])
tensor([[-0.4236,  0.0000,  0.0000,  0.0000,  0.0000,  0.0000]])
tensor([[-0.2363,  1.0000,  0.0000,  0.0000,  0.0000,  0.0000]])
tensor([[-0.7185,  1.0000,  0.0000,  0.0000,  0.0000,  0.0000]])
tensor([[0.8355, 0.0000, 0.0000, 0.0000, 0.0000, 0.0000]])
tensor([[-0.8307,  0.0000,  0.0000,  0.0000,  0.0000,  0.0000]])
tensor([[-0.9435,  1.0000,  0.0000,  0.0000,  0.0000,  0.0000]])
tensor([[-0.7098,  1.0000,  0.0000,  0.0000,  0.0000,  0.0000]])
tensor([[0.9023, 1.0000, 0.0000, 0.0000, 0.0000, 0.0000]])
tensor([[-0.3473,  1.0000,  0.0000,  0.0000,  0.0000,  0.0000]])
tensor([[-0.9927,  1.0000,  0.0000,  0.0000,  0.0000,  0.0000]])
tensor([[-0.8688,  1.0000,  0.0000,  0.0000,  0.0000,  0.0000]])
tensor([[-0.9972,  1.0000,  0.0000,  0.0000,  0.0000,  0.0000]])
tensor([[-0.9608,  1.0000,  0.0000,  0.0000,  0.0000,  0.0000]])
tensor([[-0.5912,  0.0000,  0.0000,  0.0000,  0.0000,  0.0000]])
tensor([[0.8202, 1.0000, 0.0000, 0.0000, 0.0000, 0.0000]])
tensor([[0.9574, 1.0000, 0.0000, 0.0000, 0.0000, 0.0000]])
tensor([[0.9597, 1.0000, 0.0000, 0.0000, 0.0000, 0.0000]])
tensor([[0.9756, 1.0000, 0.0000, 0.0000, 0.0000, 0.0000]])
tensor([[0.9950, 1.0000, 0.0000, 0.0000, 0.0000, 0.0000]])
tensor([[0.9463, 1.0000, 0.0000, 0.0000, 0.0000, 0.0000]])
tensor([[0.9660, 1.0000, 0.0000, 0.0000, 0.0000, 0.0000]])
tensor([[-0.4918,  1.0000,  0.0000,  0.0000,  0.0000,  0.0000]])
tensor([[-0.5363,  1.0000,  0.0000,  0.0000,  0.0000,  0.0000]])
tensor([[-0.9997,  1.0000,  0.0000,  0.0000,  0.0000,  0.0000]])
tensor([[-0.9977,  1.0000,  0.0000,  0.0000,  0.0000,  0.0000]])
tensor([[-0.9778,  1.0000,  0.0000,  0.0000,  0.0000,  0.0000]])
tensor([[0.7287, 1.0000, 0.0000, 0.0000, 0.0000, 0.0000]])
tensor([[0.9834, 1.0000, 0.0000, 0.0000, 0.0000, 0.0000]])
tensor([[0.9952, 1.0000, 0.0000, 0.0000, 0.0000, 0.0000]])
tensor([[0.9945, 1.0000, 0.0000, 0.0000, 0.0000, 0.0000]])
tensor([[0.9736, 1.0000, 0.0000, 0.0000, 0.0000, 0.0000]])
tensor([[0.9827, 1.0000, 0.0000, 0.0000, 0.0000, 0.0000]])
tensor([[0.9785, 1.0000, 0.0000, 0.0000, 0.0000, 0.0000]])
tensor([[0.9842, 1.0000, 0.0000, 0.0000, 0.0000, 0.0000]])
tensor([[0.9914, 1.0000, 0.0000, 0.0000, 0.0000, 0.0000]])
tensor([[0.8790, 1.0000, 0.0000, 0.0000, 0.0000, 0.0000]])
tensor([[0.9843, 1.0000, 0.0000, 0.0000, 0.0000, 0.0000]])
tensor([[0.9909, 1.0000, 0.0000, 0.0000, 0.0000, 0.0000]])
tensor([[-0.1807,  1.0000,  0.0000,  0.0000,  0.0000,  0.0000]])
tensor([[-0.9913,  1.0000,  0.0000,  0.0000,  0.0000,  0.0000]])
tensor([[-0.9869,  1.0000,  0.0000,  0.0000,  0.0000,  0.0000]])
tensor([[-0.9949,  1.0000,  0.0000,  0.0000,  0.0000,  0.0000]])
tensor([[-0.9966,  1.0000,  0.0000,  0.0000,  0.0000,  0.0000]])
tensor([[-0.9730,  1.0000,  0.0000,  0.0000,  0.0000,  0.0000]])
tensor([[-0.9904,  1.0000,  0.0000,  0.0000,  0.0000,  0.0000]])
tensor([[-0.5677,  1.0000,  0.0000,  0.0000,  0.0000,  0.0000]])
tensor([[0.9305, 1.0000, 0.0000, 0.0000, 0.0000, 0.0000]])
tensor([[0.9987, 1.0000, 0.0000, 0.0000, 0.0000, 0.0000]])
tensor([[0.9822, 1.0000, 0.0000, 0.0000, 0.0000, 0.0000]])
tensor([[0.9730, 1.0000, 0.0000, 0.0000, 0.0000, 0.0000]])
tensor([[0.9958, 1.0000, 0.0000, 0.0000, 0.0000, 0.0000]])
tensor([[0.9992, 1.0000, 0.0000, 0.0000, 0.0000, 0.0000]])
tensor([[0.9982, 1.0000, 0.0000, 0.0000, 0.0000, 0.0000]])
tensor([[0.9861, 1.0000, 0.0000, 0.0000, 0.0000, 0.0000]])
tensor([[0.9938, 1.0000, 0.0000, 0.0000, 0.0000, 0.0000]])
tensor([[0.7802, 1.0000, 0.0000, 0.0000, 0.0000, 0.0000]])
tensor([[-0.6917,  1.0000,  0.0000,  0.0000,  0.0000,  0.0000]])
tensor([[-0.7796,  1.0000,  0.0000,  0.0000,  0.0000,  0.0000]])
tensor([[-0.9943,  1.0000,  0.0000,  0.0000,  0.0000,  0.0000]])
tensor([[-0.9994,  1.0000,  0.0000,  0.0000,  0.0000,  0.0000]])
tensor([[-0.9985,  1.0000,  0.0000,  0.0000,  0.0000,  0.0000]])
tensor([[-0.9991,  1.0000,  0.0000,  0.0000,  0.0000,  0.0000]])
tensor([[-0.7077,  1.0000,  0.0000,  0.0000,  0.0000,  0.0000]])
tensor([[-0.7304,  1.0000,  0.0000,  0.0000,  0.0000,  0.0000]])
tensor([[0.5604, 1.0000, 0.0000, 0.0000, 0.0000, 0.0000]])
tensor([[0.9931, 1.0000, 0.0000, 0.0000, 0.0000, 0.0000]])
tensor([[0.9956, 0.0000, 0.0000, 0.0000, 0.0000, 0.0000]])
tensor([[0.9481, 1.0000, 0.0000, 0.0000, 0.0000, 0.0000]])
tensor([[0.9860, 1.0000, 0.0000, 0.0000, 0.0000, 0.0000]])
tensor([[0.9889, 1.0000, 0.0000, 0.0000, 0.0000, 0.0000]])
tensor([[0.9863, 1.0000, 0.0000, 0.0000, 0.0000, 0.0000]])
tensor([[0.9715, 1.0000, 0.0000, 0.0000, 0.0000, 0.0000]])
tensor([[0.9937, 1.0000, 0.0000, 0.0000, 0.0000, 0.0000]])
tensor([[-0.1420,  1.0000,  0.0000,  0.0000,  0.0000,  0.0000]])
tensor([[-0.7974,  1.0000,  0.0000,  0.0000,  0.0000,  0.0000]])
tensor([[-0.9990,  1.0000,  0.0000,  0.0000,  0.0000,  0.0000]])
tensor([[-0.9994,  1.0000,  0.0000,  0.0000,  0.0000,  0.0000]])
tensor([[-0.9999,  1.0000,  0.0000,  0.0000,  0.0000,  0.0000]])
tensor([[-0.9406,  1.0000,  0.0000,  0.0000,  0.0000,  0.0000]])
tensor([[0.3191, 1.0000, 0.0000, 0.0000, 0.0000, 0.0000]])
tensor([[-0.4187,  0.0000,  0.0000,  0.0000,  0.0000,  0.0000]])
tensor([[0.9894, 1.0000, 0.0000, 0.0000, 0.0000, 0.0000]])
tensor([[0.9984, 1.0000, 0.0000, 0.0000, 0.0000, 0.0000]])
tensor([[0.9661, 1.0000, 0.0000, 0.0000, 0.0000, 0.0000]])
tensor([[0.9866, 1.0000, 0.0000, 0.0000, 0.0000, 0.0000]])
tensor([[0.9949, 1.0000, 0.0000, 0.0000, 0.0000, 0.0000]])
tensor([[0.9788, 1.0000, 0.0000, 0.0000, 0.0000, 0.0000]])
tensor([[0.9890, 1.0000, 0.0000, 0.0000, 0.0000, 0.0000]])
tensor([[0.9717, 1.0000, 0.0000, 0.0000, 0.0000, 0.0000]])
tensor([[0.9764, 1.0000, 0.0000, 0.0000, 0.0000, 0.0000]])
tensor([[0.0944, 1.0000, 0.0000, 0.0000, 0.0000, 0.0000]])
tensor([[-0.9497,  1.0000,  0.0000,  0.0000,  0.0000,  0.0000]])
tensor([[-0.9775,  1.0000,  0.0000,  0.0000,  0.0000,  0.0000]])
tensor([[-0.9857,  1.0000,  0.0000,  0.0000,  0.0000,  0.0000]])
tensor([[-0.9599,  1.0000,  0.0000,  0.0000,  0.0000,  0.0000]])
tensor([[-0.9151,  1.0000,  0.0000,  0.0000,  0.0000,  0.0000]])
tensor([[-0.9194,  1.0000,  0.0000,  0.0000,  0.0000,  0.0000]])
tensor([[-0.2036,  1.0000,  0.0000,  0.0000,  0.0000,  0.0000]])
tensor([[0.9062, 1.0000, 0.0000, 0.0000, 0.0000, 0.0000]])
tensor([[0.9456, 1.0000, 0.0000, 0.0000, 0.0000, 0.0000]])
tensor([[0.9611, 0.0000, 0.0000, 0.0000, 0.0000, 0.0000]])
tensor([[0.9972, 1.0000, 0.0000, 0.0000, 0.0000, 0.0000]])
tensor([[0.9603, 1.0000, 0.0000, 0.0000, 0.0000, 0.0000]])
tensor([[0.9834, 1.0000, 0.0000, 0.0000, 0.0000, 0.0000]])
tensor([[0.9930, 1.0000, 0.0000, 0.0000, 0.0000, 0.0000]])
tensor([[0.9983, 1.0000, 0.0000, 0.0000, 0.0000, 0.0000]])
tensor([[0.9899, 1.0000, 0.0000, 0.0000, 0.0000, 0.0000]])
tensor([[0.7674, 1.0000, 0.0000, 1.0000, 0.0000, 0.0000]])
tensor([[-0.9846,  1.0000,  0.0000,  0.0000,  0.0000,  0.0000]])
tensor([[-0.9911,  1.0000,  0.0000,  0.0000,  0.0000,  0.0000]])
tensor([[-0.9912,  1.0000,  0.0000,  0.0000,  0.0000,  0.0000]])
tensor([[-0.9973,  0.0000,  1.0000,  0.0000,  0.0000,  0.0000]])
tensor([[-0.9871,  1.0000,  0.0000,  0.0000,  0.0000,  0.0000]])
tensor([[-0.8707,  1.0000,  0.0000,  0.0000,  0.0000,  0.0000]])
tensor([[0.9744, 1.0000, 0.0000, 0.0000, 0.0000, 0.0000]])
tensor([[0.9876, 1.0000, 0.0000, 0.0000, 0.0000, 0.0000]])
tensor([[0.9603, 1.0000, 0.0000, 0.0000, 0.0000, 0.0000]])
tensor([[-0.8841,  1.0000,  0.0000,  0.0000,  0.0000,  0.0000]])
tensor([[0.6642, 1.0000, 0.0000, 0.0000, 0.0000, 0.0000]])
tensor([[0.3676, 1.0000, 0.0000, 0.0000, 0.0000, 0.0000]])
tensor([[-0.0297,  1.0000,  0.0000,  0.0000,  0.0000,  0.0000]])
tensor([[-0.7865,  1.0000,  0.0000,  0.0000,  0.0000,  0.0000]])
tensor([[0.9665, 1.0000, 0.0000, 0.0000, 0.0000, 0.0000]])
tensor([[-0.7802,  1.0000,  0.0000,  0.0000,  0.0000,  0.0000]])
tensor([[-0.5634,  1.0000,  0.0000,  0.0000,  0.0000,  0.0000]])
tensor([[0.8552, 1.0000, 0.0000, 0.0000, 0.0000, 0.0000]])
tensor([[-0.0106,  1.0000,  0.0000,  0.0000,  0.0000,  0.0000]])
tensor([[-0.4609,  0.0000,  0.0000,  0.0000,  0.0000,  0.0000]])
tensor([[-0.2647,  1.0000,  0.0000,  0.0000,  0.0000,  0.0000]])
tensor([[0.6227, 1.0000, 0.0000, 0.0000, 0.0000, 0.0000]])
tensor([[0.1360, 1.0000, 0.0000, 0.0000, 0.0000, 0.0000]])
tensor([[-0.5844,  1.0000,  0.0000,  0.0000,  0.0000,  0.0000]])
tensor([[0.6226, 1.0000, 0.0000, 0.0000, 0.0000, 0.0000]])
tensor([[0.5745, 1.0000, 0.0000, 0.0000, 0.0000, 0.0000]])
tensor([[-0.0720,  1.0000,  0.0000,  0.0000,  0.0000,  0.0000]])
tensor([[-0.7177,  1.0000,  0.0000,  0.0000,  0.0000,  0.0000]])
tensor([[-0.6153,  1.0000,  0.0000,  0.0000,  0.0000,  0.0000]])
tensor([[0.3897, 1.0000, 0.0000, 0.0000, 0.0000, 0.0000]])
tensor([[0.5379, 1.0000, 0.0000, 0.0000, 0.0000, 0.0000]])
tensor([[-0.3375,  1.0000,  0.0000,  0.0000,  0.0000,  0.0000]])
tensor([[0.7234, 0.0000, 0.0000, 0.0000, 0.0000, 0.0000]])
tensor([[-0.2936,  0.0000,  0.0000,  0.0000,  0.0000,  0.0000]])
tensor([[0.0643, 1.0000, 0.0000, 0.0000, 0.0000, 0.0000]])
tensor([[-0.3434,  1.0000,  0.0000,  0.0000,  0.0000,  0.0000]])
tensor([[-0.4995,  0.0000,  0.0000,  0.0000,  0.0000,  0.0000]])
tensor([[0.3172, 1.0000, 0.0000, 0.0000, 0.0000, 0.0000]])
tensor([[-0.6201,  1.0000,  0.0000,  0.0000,  0.0000,  0.0000]])
tensor([[0.9453, 1.0000, 0.0000, 0.0000, 0.0000, 0.0000]])
tensor([[0.3395, 1.0000, 0.0000, 0.0000, 0.0000, 0.0000]])
tensor([[-0.8892,  1.0000,  0.0000,  0.0000,  0.0000,  0.0000]])
tensor([[-0.3625,  1.0000,  0.0000,  0.0000,  0.0000,  0.0000]])
tensor([[0.7714, 1.0000, 0.0000, 0.0000, 0.0000, 0.0000]])
tensor([[-0.2560,  1.0000,  0.0000,  0.0000,  0.0000,  0.0000]])
tensor([[-0.8308,  1.0000,  0.0000,  0.0000,  0.0000,  0.0000]])
tensor([[-0.0768,  1.0000,  0.0000,  0.0000,  0.0000,  0.0000]])
tensor([[0.2293, 1.0000, 0.0000, 0.0000, 0.0000, 0.0000]])
tensor([[-0.1015,  0.0000,  0.0000,  0.0000,  0.0000,  0.0000]])
tensor([[-0.7170,  1.0000,  0.0000,  0.0000,  0.0000,  0.0000]])
tensor([[-0.1488,  1.0000,  0.0000,  0.0000,  0.0000,  0.0000]])
tensor([[0.7933, 1.0000, 0.0000, 0.0000, 0.0000, 0.0000]])
tensor([[-0.9657,  1.0000,  0.0000,  0.0000,  0.0000,  0.0000]])
tensor([[-0.9351,  1.0000,  0.0000,  0.0000,  0.0000,  0.0000]])
tensor([[-0.5062,  0.0000,  0.0000,  0.0000,  0.0000,  0.0000]])
tensor([[0.7144, 1.0000, 0.0000, 0.0000, 0.0000, 0.0000]])
tensor([[0.4448, 1.0000, 0.0000, 0.0000, 0.0000, 0.0000]])
tensor([[-0.9924,  1.0000,  0.0000,  0.0000,  0.0000,  0.0000]])
tensor([[-0.9773,  1.0000,  0.0000,  0.0000,  0.0000,  0.0000]])
tensor([[-0.9609,  1.0000,  0.0000,  0.0000,  0.0000,  0.0000]])
tensor([[-0.9831,  1.0000,  0.0000,  0.0000,  0.0000,  0.0000]])
tensor([[0.2450, 1.0000, 0.0000, 0.0000, 0.0000, 0.0000]])
tensor([[-0.9641,  1.0000,  0.0000,  0.0000,  0.0000,  0.0000]])
tensor([[-0.9378,  1.0000,  0.0000,  0.0000,  0.0000,  0.0000]])
tensor([[-0.4793,  0.0000,  0.0000,  0.0000,  0.0000,  0.0000]])
tensor([[-0.1500,  1.0000,  0.0000,  0.0000,  0.0000,  0.0000]])
tensor([[0.9847, 1.0000, 0.0000, 0.0000, 0.0000, 0.0000]])
tensor([[0.9374, 1.0000, 0.0000, 0.0000, 0.0000, 0.0000]])
tensor([[0.9887, 1.0000, 0.0000, 0.0000, 0.0000, 0.0000]])
tensor([[0.9669, 0.0000, 0.0000, 0.0000, 0.0000, 0.0000]])
tensor([[0.9625, 1.0000, 0.0000, 0.0000, 0.0000, 0.0000]])
tensor([[-0.9366,  1.0000,  0.0000,  0.0000,  0.0000,  0.0000]])
tensor([[-0.9979,  1.0000,  0.0000,  0.0000,  0.0000,  0.0000]])
tensor([[-0.9998,  1.0000,  0.0000,  0.0000,  0.0000,  0.0000]])
tensor([[-0.9909,  1.0000,  0.0000,  0.0000,  0.0000,  0.0000]])
tensor([[-0.9971,  0.0000,  0.0000,  0.0000,  0.0000,  0.0000]])
tensor([[-0.9359,  1.0000,  0.0000,  0.0000,  0.0000,  0.0000]])
tensor([[0.6056, 1.0000, 0.0000, 0.0000, 0.0000, 0.0000]])
tensor([[0.9542, 0.0000, 0.0000, 0.0000, 0.0000, 0.0000]])
tensor([[0.8534, 1.0000, 0.0000, 0.0000, 0.0000, 0.0000]])
tensor([[0.9227, 1.0000, 0.0000, 0.0000, 0.0000, 0.0000]])
tensor([[0.9337, 1.0000, 0.0000, 0.0000, 0.0000, 0.0000]])
tensor([[0.7137, 1.0000, 0.0000, 0.0000, 0.0000, 0.0000]])
tensor([[-0.8159,  1.0000,  0.0000,  0.0000,  0.0000,  0.0000]])
tensor([[-0.9517,  1.0000,  0.0000,  0.0000,  0.0000,  0.0000]])
tensor([[-0.9497,  1.0000,  0.0000,  0.0000,  0.0000,  0.0000]])
tensor([[0.9032, 1.0000, 0.0000, 0.0000, 0.0000, 0.0000]])
tensor([[0.1543, 1.0000, 0.0000, 0.0000, 0.0000, 0.0000]])
tensor([[-0.7097,  1.0000,  0.0000,  0.0000,  0.0000,  0.0000]])
tensor([[0.9753, 1.0000, 0.0000, 0.0000, 0.0000, 0.0000]])
tensor([[0.9479, 1.0000, 0.0000, 0.0000, 0.0000, 0.0000]])
tensor([[0.9762, 1.0000, 0.0000, 0.0000, 0.0000, 0.0000]])
tensor([[0.7548, 1.0000, 0.0000, 0.0000, 0.0000, 0.0000]])
tensor([[-0.9751,  1.0000,  0.0000,  0.0000,  0.0000,  0.0000]])
tensor([[-0.9862,  1.0000,  0.0000,  0.0000,  0.0000,  0.0000]])
tensor([[-0.6371,  1.0000,  0.0000,  0.0000,  0.0000,  0.0000]])
tensor([[0.9757, 1.0000, 0.0000, 0.0000, 0.0000, 0.0000]])
tensor([[0.9899, 1.0000, 0.0000, 0.0000, 0.0000, 0.0000]])
tensor([[0.9577, 1.0000, 0.0000, 0.0000, 0.0000, 0.0000]])
tensor([[0.8412, 1.0000, 0.0000, 0.0000, 0.0000, 0.0000]])
tensor([[0.8023, 1.0000, 0.0000, 0.0000, 0.0000, 0.0000]])
tensor([[0.2823, 1.0000, 0.0000, 0.0000, 0.0000, 0.0000]])
tensor([[0.4063, 1.0000, 0.0000, 0.0000, 0.0000, 0.0000]])
tensor([[-0.9295,  1.0000,  0.0000,  0.0000,  0.0000,  0.0000]])
tensor([[-0.9472,  1.0000,  0.0000,  0.0000,  0.0000,  0.0000]])
tensor([[0.2607, 1.0000, 0.0000, 0.0000, 0.0000, 0.0000]])
tensor([[0.7174, 1.0000, 0.0000, 0.0000, 0.0000, 0.0000]])
tensor([[0.5793, 1.0000, 0.0000, 0.0000, 0.0000, 0.0000]])
tensor([[0.9057, 0.0000, 0.0000, 0.0000, 0.0000, 0.0000]])
tensor([[0.1390, 1.0000, 0.0000, 0.0000, 0.0000, 0.0000]])
tensor([[0.9154, 0.0000, 0.0000, 0.0000, 0.0000, 0.0000]])
tensor([[0.7307, 1.0000, 0.0000, 0.0000, 0.0000, 0.0000]])
tensor([[0.2924, 1.0000, 0.0000, 0.0000, 0.0000, 0.0000]])
tensor([[0.9491, 1.0000, 0.0000, 1.0000, 0.0000, 0.0000]])
tensor([[0.9798, 1.0000, 0.0000, 0.0000, 0.0000, 0.0000]])
tensor([[-0.9352,  1.0000,  0.0000,  0.0000,  0.0000,  0.0000]])
tensor([[-0.8110,  1.0000,  0.0000,  0.0000,  0.0000,  0.0000]])
tensor([[-0.6588,  1.0000,  0.0000,  0.0000,  0.0000,  0.0000]])
tensor([[-0.6607,  1.0000,  0.0000,  0.0000,  0.0000,  0.0000]])
tensor([[0.9851, 1.0000, 0.0000, 0.0000, 0.0000, 0.0000]])
tensor([[0.9875, 1.0000, 0.0000, 0.0000, 0.0000, 0.0000]])
tensor([[0.9880, 1.0000, 0.0000, 0.0000, 0.0000, 0.0000]])
tensor([[0.9630, 1.0000, 0.0000, 0.0000, 0.0000, 0.0000]])
tensor([[0.9919, 0.0000, 0.0000, 0.0000, 0.0000, 0.0000]])
tensor([[0.9688, 1.0000, 0.0000, 0.0000, 0.0000, 0.0000]])
tensor([[-0.5395,  1.0000,  0.0000,  0.0000,  0.0000,  0.0000]])
tensor([[-0.8981,  1.0000,  0.0000,  0.0000,  1.0000,  0.0000]])
tensor([[0.8566, 1.0000, 0.0000, 0.0000, 0.0000, 0.0000]])
tensor([[0.6248, 1.0000, 0.0000, 0.0000, 0.0000, 0.0000]])
tensor([[0.4167, 1.0000, 0.0000, 0.0000, 0.0000, 0.0000]])
tensor([[-0.8163,  1.0000,  0.0000,  0.0000,  0.0000,  0.0000]])
tensor([[0.4524, 1.0000, 0.0000, 0.0000, 0.0000, 0.0000]])
tensor([[0.5798, 0.0000, 0.0000, 0.0000, 0.0000, 0.0000]])
tensor([[0.5998, 1.0000, 0.0000, 0.0000, 0.0000, 0.0000]])
tensor([[-0.0930,  1.0000,  0.0000,  0.0000,  0.0000,  0.0000]])
tensor([[-0.2895,  1.0000,  0.0000,  0.0000,  0.0000,  0.0000]])
tensor([[-0.5962,  1.0000,  0.0000,  0.0000,  0.0000,  0.0000]])
tensor([[-0.5305,  1.0000,  0.0000,  0.0000,  0.0000,  0.0000]])
tensor([[0.8212, 1.0000, 0.0000, 0.0000, 0.0000, 0.0000]])
tensor([[-0.0498,  1.0000,  0.0000,  0.0000,  0.0000,  0.0000]])
tensor([[-0.8244,  1.0000,  0.0000,  0.0000,  0.0000,  0.0000]])
tensor([[0.3811, 1.0000, 0.0000, 0.0000, 0.0000, 0.0000]])
tensor([[0.0505, 1.0000, 0.0000, 0.0000, 0.0000, 0.0000]])
tensor([[0.0669, 1.0000, 0.0000, 0.0000, 0.0000, 0.0000]])
tensor([[-0.8898,  1.0000,  0.0000,  0.0000,  0.0000,  0.0000]])
tensor([[-0.7090,  1.0000,  0.0000,  1.0000,  0.0000,  0.0000]])
tensor([[-0.8709,  1.0000,  0.0000,  0.0000,  0.0000,  0.0000]])
tensor([[0.8577, 1.0000, 0.0000, 0.0000, 0.0000, 0.0000]])
tensor([[0.4746, 1.0000, 1.0000, 0.0000, 0.0000, 0.0000]])
tensor([[-0.6119,  1.0000,  0.0000,  1.0000,  0.0000,  0.0000]])
tensor([[-0.9449,  1.0000,  0.0000,  0.0000,  0.0000,  0.0000]])
tensor([[-0.6577,  1.0000,  0.0000,  0.0000,  0.0000,  0.0000]])
tensor([[0.6323, 0.0000, 0.0000, 0.0000, 0.0000, 0.0000]])
tensor([[-0.9791,  1.0000,  0.0000,  0.0000,  0.0000,  0.0000]])
tensor([[-0.0252,  1.0000,  0.0000,  0.0000,  0.0000,  0.0000]])
tensor([[0.4015, 1.0000, 0.0000, 0.0000, 0.0000, 0.0000]])
tensor([[-0.9027,  1.0000,  0.0000,  0.0000,  0.0000,  0.0000]])
tensor([[-0.9786,  1.0000,  0.0000,  0.0000,  0.0000,  0.0000]])
tensor([[-0.9965,  1.0000,  0.0000,  0.0000,  0.0000,  0.0000]])
tensor([[-0.9928,  1.0000,  0.0000,  0.0000,  0.0000,  0.0000]])
tensor([[-0.9933,  1.0000,  0.0000,  0.0000,  0.0000,  0.0000]])
tensor([[-0.4565,  1.0000,  0.0000,  0.0000,  0.0000,  0.0000]])
tensor([[0.9726, 0.0000, 0.0000, 0.0000, 0.0000, 0.0000]])
tensor([[0.9987, 1.0000, 0.0000, 0.0000, 0.0000, 0.0000]])
tensor([[0.7816, 1.0000, 0.0000, 0.0000, 0.0000, 0.0000]])
tensor([[0.9890, 1.0000, 0.0000, 0.0000, 0.0000, 0.0000]])
tensor([[0.9980, 1.0000, 0.0000, 0.0000, 0.0000, 0.0000]])
tensor([[0.9946, 1.0000, 0.0000, 0.0000, 0.0000, 0.0000]])
tensor([[0.9895, 1.0000, 0.0000, 0.0000, 0.0000, 0.0000]])
tensor([[0.9786, 1.0000, 0.0000, 0.0000, 0.0000, 0.0000]])
tensor([[0.9877, 1.0000, 0.0000, 0.0000, 0.0000, 0.0000]])
tensor([[0.9618, 1.0000, 0.0000, 0.0000, 0.0000, 0.0000]])
tensor([[0.7159, 1.0000, 0.0000, 0.0000, 0.0000, 0.0000]])
tensor([[0.0153, 1.0000, 0.0000, 0.0000, 0.0000, 0.0000]])
tensor([[-0.7173,  1.0000,  0.0000,  0.0000,  0.0000,  0.0000]])
tensor([[-0.9933,  1.0000,  0.0000,  0.0000,  0.0000,  0.0000]])
tensor([[-0.8614,  1.0000,  0.0000,  0.0000,  0.0000,  0.0000]])
tensor([[-0.7658,  1.0000,  0.0000,  0.0000,  0.0000,  0.0000]])
tensor([[0.9929, 1.0000, 0.0000, 0.0000, 0.0000, 0.0000]])
tensor([[0.9976, 1.0000, 0.0000, 0.0000, 0.0000, 0.0000]])
tensor([[0.9979, 1.0000, 0.0000, 0.0000, 0.0000, 0.0000]])
tensor([[0.9963, 1.0000, 0.0000, 0.0000, 0.0000, 0.0000]])
tensor([[0.9892, 1.0000, 0.0000, 0.0000, 0.0000, 0.0000]])
tensor([[0.9117, 1.0000, 0.0000, 0.0000, 0.0000, 0.0000]])
tensor([[-0.9956,  1.0000,  0.0000,  0.0000,  0.0000,  0.0000]])
tensor([[-0.9617,  1.0000,  0.0000,  0.0000,  0.0000,  0.0000]])
tensor([[-0.9293,  1.0000,  0.0000,  0.0000,  0.0000,  0.0000]])
tensor([[0.6872, 1.0000, 0.0000, 0.0000, 0.0000, 0.0000]])
tensor([[0.7781, 1.0000, 0.0000, 0.0000, 0.0000, 0.0000]])
tensor([[-0.1608,  1.0000,  0.0000,  0.0000,  0.0000,  0.0000]])
tensor([[-0.4031,  1.0000,  0.0000,  0.0000,  0.0000,  0.0000]])
tensor([[-0.2719,  1.0000,  0.0000,  0.0000,  0.0000,  0.0000]])
tensor([[-0.5014,  0.0000,  0.0000,  0.0000,  0.0000,  0.0000]])
tensor([[0.0150, 1.0000, 0.0000, 0.0000, 0.0000, 0.0000]])
tensor([[0.8937, 1.0000, 0.0000, 0.0000, 0.0000, 0.0000]])
tensor([[0.9153, 0.0000, 0.0000, 1.0000, 0.0000, 0.0000]])
tensor([[0.6990, 1.0000, 0.0000, 0.0000, 0.0000, 0.0000]])
tensor([[-0.7863,  1.0000,  0.0000,  0.0000,  0.0000,  0.0000]])
tensor([[-0.4264,  1.0000,  0.0000,  0.0000,  0.0000,  0.0000]])
tensor([[-0.2506,  1.0000,  0.0000,  0.0000,  0.0000,  0.0000]])
tensor([[0.0608, 1.0000, 0.0000, 0.0000, 0.0000, 0.0000]])
tensor([[-0.0920,  1.0000,  0.0000,  0.0000,  0.0000,  0.0000]])
tensor([[0.9319, 1.0000, 0.0000, 0.0000, 0.0000, 0.0000]])
tensor([[0.9304, 1.0000, 0.0000, 0.0000, 0.0000, 0.0000]])
tensor([[-0.0247,  1.0000,  0.0000,  0.0000,  0.0000,  0.0000]])
tensor([[-0.4813,  1.0000,  0.0000,  0.0000,  0.0000,  0.0000]])
tensor([[-0.6285,  1.0000,  0.0000,  0.0000,  0.0000,  0.0000]])
tensor([[-0.5347,  1.0000,  0.0000,  0.0000,  0.0000,  0.0000]])
tensor([[0.9813, 1.0000, 0.0000, 0.0000, 0.0000, 0.0000]])
tensor([[0.9523, 1.0000, 0.0000, 0.0000, 0.0000, 0.0000]])
tensor([[-0.1142,  1.0000,  0.0000,  0.0000,  0.0000,  0.0000]])
tensor([[-0.7173,  1.0000,  0.0000,  0.0000,  0.0000,  0.0000]])
tensor([[-0.2854,  1.0000,  0.0000,  0.0000,  0.0000,  0.0000]])
tensor([[0.9409, 1.0000, 0.0000, 0.0000, 0.0000, 0.0000]])
tensor([[0.8929, 1.0000, 0.0000, 0.0000, 0.0000, 0.0000]])
tensor([[-0.7374,  1.0000,  0.0000,  0.0000,  0.0000,  0.0000]])
tensor([[-0.6380,  1.0000,  0.0000,  0.0000,  0.0000,  0.0000]])
tensor([[0.9688, 1.0000, 0.0000, 0.0000, 0.0000, 0.0000]])
tensor([[0.2460, 1.0000, 0.0000, 0.0000, 0.0000, 0.0000]])
tensor([[-0.8086,  0.0000,  0.0000,  0.0000,  0.0000,  0.0000]])
tensor([[-0.3059,  1.0000,  0.0000,  0.0000,  0.0000,  0.0000]])
tensor([[-0.0857,  1.0000,  0.0000,  0.0000,  0.0000,  0.0000]])
tensor([[0.7561, 1.0000, 0.0000, 0.0000, 0.0000, 0.0000]])
tensor([[-0.7838,  1.0000,  0.0000,  0.0000,  0.0000,  0.0000]])
tensor([[-0.0469,  1.0000,  0.0000,  0.0000,  0.0000,  0.0000]])
tensor([[0.6931, 0.0000, 0.0000, 0.0000, 0.0000, 0.0000]])
tensor([[-0.7306,  1.0000,  0.0000,  0.0000,  0.0000,  0.0000]])
tensor([[-0.5417,  1.0000,  0.0000,  0.0000,  0.0000,  0.0000]])
tensor([[0.7263, 1.0000, 0.0000, 0.0000, 0.0000, 0.0000]])
tensor([[0.2485, 1.0000, 0.0000, 0.0000, 0.0000, 0.0000]])
tensor([[-0.7488,  0.0000,  0.0000,  0.0000,  0.0000,  0.0000]])
tensor([[-0.6292,  1.0000,  0.0000,  0.0000,  0.0000,  0.0000]])
tensor([[-0.1343,  1.0000,  0.0000,  0.0000,  0.0000,  0.0000]])
tensor([[0.0232, 1.0000, 0.0000, 0.0000, 0.0000, 0.0000]])
tensor([[0.6706, 1.0000, 0.0000, 0.0000, 0.0000, 0.0000]])
tensor([[-0.6909,  1.0000,  0.0000,  0.0000,  0.0000,  0.0000]])
tensor([[-0.9309,  1.0000,  0.0000,  0.0000,  0.0000,  0.0000]])
tensor([[-0.9098,  1.0000,  0.0000,  1.0000,  0.0000,  0.0000]])
tensor([[0.1755, 1.0000, 0.0000, 0.0000, 0.0000, 0.0000]])
tensor([[0.6491, 1.0000, 0.0000, 0.0000, 0.0000, 0.0000]])
tensor([[0.0963, 1.0000, 0.0000, 0.0000, 0.0000, 0.0000]])
tensor([[-0.7751,  1.0000,  0.0000,  0.0000,  0.0000,  0.0000]])
tensor([[-0.5484,  1.0000,  0.0000,  0.0000,  0.0000,  0.0000]])
tensor([[-0.4504,  0.0000,  0.0000,  0.0000,  0.0000,  0.0000]])
tensor([[-0.1826,  1.0000,  0.0000,  0.0000,  0.0000,  0.0000]])
tensor([[0.5956, 1.0000, 0.0000, 0.0000, 0.0000, 0.0000]])
tensor([[-0.5407,  1.0000,  0.0000,  0.0000,  0.0000,  0.0000]])
tensor([[-0.9941,  1.0000,  0.0000,  0.0000,  0.0000,  0.0000]])
tensor([[-0.9349,  1.0000,  0.0000,  0.0000,  0.0000,  0.0000]])
tensor([[-0.9651,  1.0000,  0.0000,  0.0000,  0.0000,  0.0000]])
tensor([[0.3313, 1.0000, 0.0000, 0.0000, 0.0000, 0.0000]])
tensor([[-0.6860,  1.0000,  0.0000,  0.0000,  0.0000,  0.0000]])
tensor([[0.2989, 1.0000, 0.0000, 0.0000, 0.0000, 0.0000]])
tensor([[0.8461, 1.0000, 0.0000, 0.0000, 0.0000, 0.0000]])
tensor([[0.7429, 1.0000, 0.0000, 0.0000, 0.0000, 0.0000]])
tensor([[0.8222, 1.0000, 0.0000, 0.0000, 0.0000, 0.0000]])
tensor([[0.5194, 1.0000, 0.0000, 0.0000, 0.0000, 0.0000]])
tensor([[-0.8386,  1.0000,  0.0000,  0.0000,  0.0000,  0.0000]])
tensor([[-0.9967,  1.0000,  0.0000,  0.0000,  0.0000,  0.0000]])
tensor([[-0.9972,  1.0000,  0.0000,  0.0000,  0.0000,  0.0000]])
tensor([[-0.9420,  0.0000,  0.0000,  0.0000,  0.0000,  0.0000]])
tensor([[-0.8236,  1.0000,  0.0000,  0.0000,  0.0000,  0.0000]])
tensor([[0.9296, 0.0000, 0.0000, 0.0000, 0.0000, 0.0000]])
tensor([[0.9949, 1.0000, 0.0000, 0.0000, 0.0000, 0.0000]])
tensor([[0.9983, 1.0000, 0.0000, 0.0000, 0.0000, 0.0000]])
tensor([[0.9981, 1.0000, 0.0000, 0.0000, 0.0000, 0.0000]])
tensor([[0.9965, 1.0000, 0.0000, 0.0000, 0.0000, 0.0000]])
tensor([[0.9932, 1.0000, 0.0000, 0.0000, 0.0000, 0.0000]])
tensor([[0.8444, 0.0000, 0.0000, 0.0000, 0.0000, 0.0000]])
tensor([[-0.0650,  1.0000,  0.0000,  0.0000,  0.0000,  0.0000]])
tensor([[-0.9976,  1.0000,  0.0000,  0.0000,  0.0000,  0.0000]])
tensor([[-0.9953,  1.0000,  0.0000,  0.0000,  0.0000,  0.0000]])
tensor([[-0.9998,  1.0000,  0.0000,  0.0000,  0.0000,  0.0000]])
tensor([[-0.9934,  1.0000,  0.0000,  0.0000,  0.0000,  0.0000]])
tensor([[-0.9684,  1.0000,  0.0000,  0.0000,  0.0000,  0.0000]])
tensor([[0.0598, 1.0000, 0.0000, 0.0000, 0.0000, 0.0000]])
tensor([[0.4903, 1.0000, 0.0000, 0.0000, 0.0000, 0.0000]])
tensor([[0.7226, 1.0000, 0.0000, 0.0000, 0.0000, 0.0000]])
tensor([[0.8449, 1.0000, 0.0000, 0.0000, 0.0000, 0.0000]])
tensor([[-0.3513,  1.0000,  0.0000,  0.0000,  0.0000,  0.0000]])
tensor([[0.4182, 1.0000, 0.0000, 0.0000, 0.0000, 0.0000]])
tensor([[-0.0797,  1.0000,  0.0000,  0.0000,  0.0000,  0.0000]])
tensor([[0.9815, 1.0000, 0.0000, 0.0000, 0.0000, 0.0000]])
tensor([[0.9581, 1.0000, 0.0000, 0.0000, 0.0000, 0.0000]])
tensor([[0.9549, 1.0000, 0.0000, 0.0000, 0.0000, 0.0000]])
tensor([[-0.9092,  1.0000,  0.0000,  0.0000,  0.0000,  0.0000]])
tensor([[0.8331, 0.0000, 0.0000, 1.0000, 0.0000, 0.0000]])
tensor([[0.9682, 1.0000, 0.0000, 0.0000, 0.0000, 0.0000]])
tensor([[0.3605, 1.0000, 0.0000, 0.0000, 0.0000, 0.0000]])
tensor([[-0.5137,  1.0000,  0.0000,  0.0000,  0.0000,  0.0000]])
tensor([[-0.9664,  1.0000,  0.0000,  0.0000,  0.0000,  0.0000]])
tensor([[0.1975, 1.0000, 0.0000, 0.0000, 0.0000, 0.0000]])
tensor([[0.9068, 1.0000, 0.0000, 0.0000, 0.0000, 0.0000]])
tensor([[0.7883, 0.0000, 0.0000, 0.0000, 0.0000, 0.0000]])
tensor([[-0.1765,  1.0000,  0.0000,  0.0000,  0.0000,  0.0000]])
tensor([[0.5812, 1.0000, 0.0000, 0.0000, 0.0000, 0.0000]])
tensor([[-0.7999,  1.0000,  0.0000,  0.0000,  0.0000,  0.0000]])
tensor([[-0.6176,  1.0000,  0.0000,  0.0000,  0.0000,  0.0000]])
tensor([[0.9985, 1.0000, 0.0000, 0.0000, 0.0000, 0.0000]])
tensor([[0.9827, 1.0000, 0.0000, 0.0000, 0.0000, 0.0000]])
tensor([[0.8971, 1.0000, 0.0000, 0.0000, 0.0000, 0.0000]])
tensor([[0.9123, 1.0000, 0.0000, 0.0000, 0.0000, 0.0000]])
tensor([[0.1189, 0.0000, 0.0000, 0.0000, 0.0000, 0.0000]])
tensor([[-0.9768,  1.0000,  0.0000,  0.0000,  0.0000,  0.0000]])
tensor([[-0.9718,  1.0000,  0.0000,  0.0000,  0.0000,  0.0000]])
tensor([[-0.2429,  1.0000,  0.0000,  0.0000,  0.0000,  0.0000]])
tensor([[0.8483, 1.0000, 0.0000, 0.0000, 0.0000, 0.0000]])
tensor([[0.9969, 0.0000, 0.0000, 0.0000, 0.0000, 0.0000]])
tensor([[0.8966, 1.0000, 0.0000, 0.0000, 0.0000, 0.0000]])
tensor([[0.7039, 1.0000, 0.0000, 0.0000, 0.0000, 0.0000]])
tensor([[0.3886, 1.0000, 0.0000, 0.0000, 0.0000, 0.0000]])
tensor([[0.2934, 1.0000, 0.0000, 0.0000, 0.0000, 0.0000]])
tensor([[0.4191, 1.0000, 0.0000, 0.0000, 0.0000, 0.0000]])
tensor([[-0.4321,  1.0000,  0.0000,  0.0000,  0.0000,  0.0000]])
tensor([[-0.9927,  1.0000,  0.0000,  0.0000,  0.0000,  0.0000]])
tensor([[0.5977, 0.0000, 0.0000, 0.0000, 0.0000, 0.0000]])
tensor([[-0.3593,  1.0000,  0.0000,  0.0000,  0.0000,  0.0000]])
tensor([[0.6936, 1.0000, 0.0000, 0.0000, 0.0000, 0.0000]])
tensor([[0.9725, 1.0000, 0.0000, 0.0000, 0.0000, 0.0000]])
tensor([[0.9522, 1.0000, 0.0000, 0.0000, 0.0000, 0.0000]])
tensor([[0.9937, 1.0000, 0.0000, 0.0000, 0.0000, 0.0000]])
tensor([[0.9670, 1.0000, 0.0000, 0.0000, 0.0000, 0.0000]])
tensor([[0.9421, 1.0000, 0.0000, 0.0000, 0.0000, 0.0000]])
tensor([[-0.3916,  1.0000,  0.0000,  0.0000,  0.0000,  0.0000]])
tensor([[-0.9846,  1.0000,  0.0000,  0.0000,  0.0000,  0.0000]])
tensor([[-0.7963,  1.0000,  0.0000,  0.0000,  0.0000,  0.0000]])
tensor([[-0.9917,  1.0000,  0.0000,  0.0000,  0.0000,  0.0000]])
tensor([[-0.9620,  1.0000,  0.0000,  0.0000,  0.0000,  0.0000]])
tensor([[-0.9707,  1.0000,  0.0000,  0.0000,  0.0000,  0.0000]])
tensor([[-0.0244,  1.0000,  0.0000,  0.0000,  0.0000,  0.0000]])
tensor([[0.9125, 1.0000, 0.0000, 0.0000, 1.0000, 0.0000]])
tensor([[0.9199, 1.0000, 0.0000, 0.0000, 0.0000, 0.0000]])
tensor([[0.9976, 1.0000, 0.0000, 0.0000, 0.0000, 0.0000]])
tensor([[0.9983, 1.0000, 0.0000, 0.0000, 0.0000, 0.0000]])
tensor([[0.9926, 1.0000, 0.0000, 0.0000, 0.0000, 0.0000]])
tensor([[0.9806, 1.0000, 0.0000, 0.0000, 0.0000, 0.0000]])
tensor([[0.9840, 1.0000, 0.0000, 0.0000, 0.0000, 0.0000]])
tensor([[0.9269, 1.0000, 0.0000, 0.0000, 0.0000, 0.0000]])
tensor([[-0.6601,  1.0000,  0.0000,  0.0000,  0.0000,  0.0000]])
tensor([[-0.9660,  1.0000,  0.0000,  0.0000,  0.0000,  0.0000]])
tensor([[-0.9946,  1.0000,  0.0000,  0.0000,  0.0000,  0.0000]])
tensor([[-0.9842,  1.0000,  0.0000,  0.0000,  0.0000,  0.0000]])
tensor([[-0.8904,  1.0000,  0.0000,  0.0000,  0.0000,  0.0000]])
tensor([[0.6614, 1.0000, 0.0000, 0.0000, 0.0000, 0.0000]])
tensor([[0.8921, 1.0000, 0.0000, 0.0000, 0.0000, 0.0000]])
tensor([[0.9600, 0.0000, 0.0000, 0.0000, 0.0000, 0.0000]])
tensor([[0.1233, 1.0000, 0.0000, 0.0000, 0.0000, 0.0000]])
tensor([[-0.3525,  1.0000,  0.0000,  0.0000,  0.0000,  0.0000]])
tensor([[-0.5041,  0.0000,  0.0000,  0.0000,  0.0000,  0.0000]])
tensor([[-0.4967,  0.0000,  0.0000,  0.0000,  0.0000,  0.0000]])
tensor([[0.9662, 1.0000, 0.0000, 0.0000, 0.0000, 0.0000]])
tensor([[0.4648, 1.0000, 0.0000, 0.0000, 0.0000, 0.0000]])
tensor([[-0.8891,  1.0000,  0.0000,  0.0000,  0.0000,  0.0000]])
tensor([[-0.7324,  1.0000,  0.0000,  0.0000,  0.0000,  0.0000]])
tensor([[0.8675, 1.0000, 0.0000, 0.0000, 0.0000, 0.0000]])
tensor([[0.7179, 1.0000, 0.0000, 0.0000, 0.0000, 0.0000]])
tensor([[-0.8118,  1.0000,  0.0000,  0.0000,  0.0000,  0.0000]])
tensor([[0.0624, 1.0000, 0.0000, 0.0000, 0.0000, 0.0000]])
tensor([[0.8834, 1.0000, 0.0000, 0.0000, 0.0000, 0.0000]])
tensor([[0.5216, 1.0000, 0.0000, 0.0000, 0.0000, 0.0000]])
tensor([[-0.9749,  0.0000,  0.0000,  0.0000,  0.0000,  0.0000]])
tensor([[-0.9929,  1.0000,  0.0000,  0.0000,  0.0000,  0.0000]])
tensor([[-0.9810,  1.0000,  0.0000,  0.0000,  0.0000,  0.0000]])
tensor([[0.9677, 1.0000, 0.0000, 0.0000, 1.0000, 0.0000]])
tensor([[0.9648, 1.0000, 0.0000, 0.0000, 0.0000, 0.0000]])
tensor([[0.9288, 1.0000, 0.0000, 0.0000, 0.0000, 0.0000]])
tensor([[0.9997, 1.0000, 0.0000, 0.0000, 0.0000, 0.0000]])
tensor([[0.9272, 1.0000, 0.0000, 0.0000, 0.0000, 0.0000]])
tensor([[0.8945, 1.0000, 0.0000, 0.0000, 0.0000, 0.0000]])
tensor([[-0.3090,  1.0000,  0.0000,  0.0000,  0.0000,  0.0000]])
tensor([[0.9891, 1.0000, 0.0000, 0.0000, 0.0000, 0.0000]])
tensor([[0.9647, 1.0000, 0.0000, 0.0000, 0.0000, 0.0000]])
tensor([[-0.8558,  1.0000,  0.0000,  0.0000,  0.0000,  0.0000]])
tensor([[-0.9415,  1.0000,  0.0000,  0.0000,  0.0000,  0.0000]])
tensor([[-0.9867,  1.0000,  0.0000,  0.0000,  0.0000,  0.0000]])
tensor([[-0.9903,  1.0000,  0.0000,  0.0000,  0.0000,  0.0000]])
tensor([[0.9770, 1.0000, 0.0000, 0.0000, 0.0000, 0.0000]])
tensor([[0.9944, 1.0000, 0.0000, 0.0000, 0.0000, 0.0000]])
tensor([[-0.0839,  1.0000,  0.0000,  0.0000,  0.0000,  0.0000]])
tensor([[-0.5332,  1.0000,  0.0000,  0.0000,  0.0000,  0.0000]])
tensor([[-0.9431,  1.0000,  0.0000,  0.0000,  0.0000,  0.0000]])
tensor([[0.5652, 1.0000, 0.0000, 0.0000, 0.0000, 0.0000]])
tensor([[-0.2955,  1.0000,  0.0000,  0.0000,  0.0000,  0.0000]])
tensor([[-0.8348,  1.0000,  0.0000,  0.0000,  0.0000,  0.0000]])
tensor([[-0.7223,  1.0000,  0.0000,  0.0000,  0.0000,  0.0000]])
tensor([[0.7245, 0.0000, 0.0000, 0.0000, 0.0000, 0.0000]])
tensor([[0.2409, 0.0000, 0.0000, 0.0000, 0.0000, 0.0000]])
tensor([[-0.0851,  1.0000,  0.0000,  0.0000,  0.0000,  0.0000]])
tensor([[-0.8755,  0.0000,  0.0000,  0.0000,  0.0000,  0.0000]])
tensor([[-0.7425,  1.0000,  0.0000,  0.0000,  0.0000,  0.0000]])
tensor([[0.6245, 1.0000, 0.0000, 0.0000, 0.0000, 0.0000]])
tensor([[0.4897, 1.0000, 0.0000, 0.0000, 0.0000, 0.0000]])
tensor([[0.1287, 0.0000, 0.0000, 0.0000, 0.0000, 0.0000]])
tensor([[-0.9759,  1.0000,  0.0000,  0.0000,  0.0000,  0.0000]])
tensor([[0.9824, 1.0000, 0.0000, 0.0000, 0.0000, 0.0000]])
tensor([[0.9837, 1.0000, 0.0000, 0.0000, 0.0000, 0.0000]])
tensor([[0.9870, 1.0000, 0.0000, 0.0000, 0.0000, 0.0000]])
tensor([[0.9962, 1.0000, 0.0000, 0.0000, 0.0000, 0.0000]])
tensor([[0.8943, 1.0000, 0.0000, 0.0000, 0.0000, 0.0000]])
tensor([[0.1037, 1.0000, 0.0000, 0.0000, 0.0000, 0.0000]])
tensor([[-0.6421,  1.0000,  0.0000,  0.0000,  0.0000,  0.0000]])
tensor([[-0.9523,  1.0000,  0.0000,  0.0000,  0.0000,  0.0000]])
tensor([[-0.9346,  1.0000,  0.0000,  0.0000,  0.0000,  0.0000]])
tensor([[-0.9837,  1.0000,  0.0000,  0.0000,  0.0000,  0.0000]])
tensor([[-0.9670,  1.0000,  0.0000,  0.0000,  0.0000,  0.0000]])
tensor([[-0.9601,  0.0000,  0.0000,  0.0000,  0.0000,  0.0000]])
tensor([[0.1835, 1.0000, 0.0000, 0.0000, 0.0000, 0.0000]])
tensor([[0.9633, 1.0000, 0.0000, 0.0000, 0.0000, 0.0000]])
tensor([[0.5749, 1.0000, 0.0000, 0.0000, 0.0000, 0.0000]])
tensor([[-0.4904,  0.0000,  0.0000,  0.0000,  0.0000,  0.0000]])
tensor([[0.9198, 1.0000, 0.0000, 0.0000, 0.0000, 0.0000]])
tensor([[0.9076, 1.0000, 0.0000, 0.0000, 0.0000, 0.0000]])
tensor([[0.7119, 1.0000, 0.0000, 0.0000, 0.0000, 0.0000]])
tensor([[0.9368, 1.0000, 0.0000, 0.0000, 0.0000, 0.0000]])
tensor([[0.9963, 1.0000, 0.0000, 0.0000, 0.0000, 0.0000]])
tensor([[0.9883, 1.0000, 0.0000, 0.0000, 0.0000, 0.0000]])
tensor([[0.9738, 1.0000, 0.0000, 0.0000, 0.0000, 0.0000]])
tensor([[0.4583, 1.0000, 0.0000, 0.0000, 0.0000, 0.0000]])
tensor([[-0.9654,  1.0000,  0.0000,  0.0000,  0.0000,  0.0000]])
tensor([[-0.9986,  1.0000,  0.0000,  0.0000,  0.0000,  0.0000]])
tensor([[-0.9922,  1.0000,  0.0000,  0.0000,  0.0000,  0.0000]])
tensor([[-0.9049,  1.0000,  0.0000,  0.0000,  0.0000,  0.0000]])
tensor([[-0.9484,  0.0000,  0.0000,  0.0000,  0.0000,  0.0000]])
tensor([[-0.6351,  1.0000,  0.0000,  0.0000,  0.0000,  0.0000]])
tensor([[0.4234, 1.0000, 0.0000, 0.0000, 0.0000, 0.0000]])
tensor([[0.8612, 1.0000, 0.0000, 0.0000, 0.0000, 0.0000]])
tensor([[0.8098, 1.0000, 0.0000, 0.0000, 0.0000, 0.0000]])
tensor([[0.9984, 1.0000, 0.0000, 0.0000, 0.0000, 0.0000]])
tensor([[0.9908, 1.0000, 0.0000, 0.0000, 0.0000, 0.0000]])
tensor([[0.9918, 1.0000, 0.0000, 0.0000, 0.0000, 0.0000]])
tensor([[0.9603, 1.0000, 0.0000, 0.0000, 0.0000, 0.0000]])
tensor([[0.9454, 1.0000, 0.0000, 0.0000, 0.0000, 0.0000]])
tensor([[0.9959, 1.0000, 0.0000, 0.0000, 0.0000, 0.0000]])
tensor([[0.9966, 1.0000, 0.0000, 0.0000, 0.0000, 0.0000]])
tensor([[0.7100, 1.0000, 0.0000, 0.0000, 0.0000, 0.0000]])
tensor([[0.9908, 1.0000, 0.0000, 0.0000, 0.0000, 0.0000]])
tensor([[0.9915, 1.0000, 0.0000, 0.0000, 0.0000, 0.0000]])
tensor([[0.9957, 1.0000, 0.0000, 0.0000, 0.0000, 0.0000]])
tensor([[0.9932, 0.0000, 0.0000, 0.0000, 0.0000, 0.0000]])
tensor([[0.9911, 1.0000, 0.0000, 0.0000, 0.0000, 0.0000]])
tensor([[0.9939, 0.0000, 0.0000, 0.0000, 0.0000, 0.0000]])
tensor([[0.9940, 1.0000, 0.0000, 0.0000, 0.0000, 0.0000]])
tensor([[0.8549, 1.0000, 0.0000, 0.0000, 0.0000, 0.0000]])
tensor([[0.9117, 1.0000, 0.0000, 0.0000, 0.0000, 0.0000]])
tensor([[-0.6783,  1.0000,  0.0000,  0.0000,  0.0000,  0.0000]])
tensor([[-0.9990,  1.0000,  0.0000,  0.0000,  0.0000,  0.0000]])
tensor([[-0.9412,  1.0000,  0.0000,  0.0000,  0.0000,  0.0000]])
tensor([[-0.9109,  1.0000,  0.0000,  0.0000,  0.0000,  0.0000]])
tensor([[0.5041, 0.0000, 0.0000, 0.0000, 0.0000, 0.0000]])
tensor([[0.9793, 0.0000, 0.0000, 0.0000, 0.0000, 0.0000]])
tensor([[0.9955, 1.0000, 0.0000, 0.0000, 0.0000, 0.0000]])
tensor([[0.9994, 1.0000, 0.0000, 0.0000, 0.0000, 0.0000]])
tensor([[0.9900, 1.0000, 0.0000, 0.0000, 0.0000, 0.0000]])
tensor([[0.9961, 1.0000, 0.0000, 0.0000, 0.0000, 0.0000]])
tensor([[0.9910, 1.0000, 0.0000, 0.0000, 0.0000, 0.0000]])
tensor([[0.9940, 1.0000, 0.0000, 0.0000, 0.0000, 0.0000]])
tensor([[0.9925, 1.0000, 0.0000, 0.0000, 0.0000, 0.0000]])
tensor([[0.9785, 1.0000, 0.0000, 0.0000, 0.0000, 0.0000]])
tensor([[0.8791, 1.0000, 0.0000, 0.0000, 0.0000, 0.0000]])
tensor([[0.9935, 0.0000, 0.0000, 0.0000, 0.0000, 0.0000]])
tensor([[0.9773, 1.0000, 0.0000, 0.0000, 0.0000, 0.0000]])
tensor([[0.7555, 0.0000, 0.0000, 0.0000, 0.0000, 0.0000]])
tensor([[-0.8299,  1.0000,  0.0000,  0.0000,  0.0000,  0.0000]])
INFO:root:Agent 0 (TQCars): avg action time = 0.0016s
tensor([[-0.9271,  1.0000,  0.0000,  0.0000,  0.0000,  0.0000]])
tensor([[-0.7421,  1.0000,  0.0000,  0.0000,  0.0000,  0.0000]])
tensor([[-0.2102,  1.0000,  0.0000,  0.0000,  0.0000,  0.0000]])
tensor([[0.7458, 1.0000, 0.0000, 0.0000, 0.0000, 0.0000]])
tensor([[0.8346, 1.0000, 0.0000, 0.0000, 0.0000, 0.0000]])
tensor([[-0.6698,  1.0000,  0.0000,  0.0000,  0.0000,  0.0000]])
tensor([[-0.9921,  0.0000,  0.0000,  0.0000,  0.0000,  0.0000]])
tensor([[-0.9937,  1.0000,  0.0000,  0.0000,  0.0000,  0.0000]])
tensor([[-0.9637,  1.0000,  0.0000,  0.0000,  0.0000,  0.0000]])
tensor([[-0.9639,  1.0000,  0.0000,  0.0000,  0.0000,  0.0000]])
tensor([[-0.0692,  1.0000,  0.0000,  0.0000,  0.0000,  0.0000]])
tensor([[0.6450, 1.0000, 0.0000, 0.0000, 0.0000, 0.0000]])
tensor([[-0.0086,  1.0000,  0.0000,  0.0000,  0.0000,  0.0000]])
tensor([[0.0633, 1.0000, 0.0000, 0.0000, 0.0000, 0.0000]])
{"type": "results", "track": "cocoa_temple", "results": [{"key": 0, "reward": 10.13729248046875, "position": 4, "name": "TQCars", "avg_action_time": 0.0015687906666749364}]}
