INFO:root:Loading the agents
INFO:root:Loaded player TQCars
INFO:root:Creating pystk-1
INFO:root:Adding wrapper <function get_wrappers.<locals>.<lambda> at 0x71e2c36ef420>
INFO:root:Adding wrapper <function get_wrappers.<locals>.<lambda> at 0x71e2c36ef4c0>
INFO:root:Adding wrapper <function get_wrappers.<locals>.<lambda> at 0x71e2c36ef560>
INFO:root:Adding wrapper <function get_wrappers.<locals>.<lambda> at 0x71e2c36ef600>
INFO:root:(multi-env mono adapter) Setting main environment max_paths to 5
INFO:root:Loading trained model from CHECKPOINT-GPUFAC/tqc_EXP12_500000.pt...
INFO:root:Starting a race
tensor([[0.9934, 0.0000, 0.0000, 0.0000, 0.0000, 0.0000]])
tensor([[0.9549, 1.0000, 0.0000, 0.0000, 0.0000, 0.0000]])
tensor([[0.9340, 1.0000, 0.0000, 0.0000, 0.0000, 0.0000]])
tensor([[0.9866, 1.0000, 0.0000, 0.0000, 0.0000, 0.0000]])
tensor([[0.9795, 1.0000, 0.0000, 0.0000, 0.0000, 0.0000]])
tensor([[0.9131, 1.0000, 0.0000, 0.0000, 0.0000, 0.0000]])
tensor([[0.9747, 1.0000, 0.0000, 0.0000, 0.0000, 0.0000]])
tensor([[0.9892, 1.0000, 0.0000, 0.0000, 0.0000, 0.0000]])
tensor([[0.9959, 1.0000, 0.0000, 0.0000, 0.0000, 0.0000]])
tensor([[0.9941, 1.0000, 0.0000, 0.0000, 0.0000, 0.0000]])
tensor([[0.9747, 1.0000, 0.0000, 0.0000, 0.0000, 0.0000]])
tensor([[0.9655, 1.0000, 0.0000, 0.0000, 0.0000, 0.0000]])
tensor([[0.9971, 1.0000, 0.0000, 0.0000, 0.0000, 0.0000]])
tensor([[0.9456, 1.0000, 0.0000, 0.0000, 0.0000, 0.0000]])
tensor([[0.9857, 1.0000, 0.0000, 0.0000, 0.0000, 0.0000]])
tensor([[0.9975, 1.0000, 0.0000, 0.0000, 0.0000, 0.0000]])
tensor([[0.9741, 1.0000, 0.0000, 0.0000, 0.0000, 0.0000]])
tensor([[0.9681, 1.0000, 0.0000, 0.0000, 0.0000, 0.0000]])
tensor([[0.9779, 1.0000, 0.0000, 0.0000, 0.0000, 0.0000]])
tensor([[0.9750, 1.0000, 0.0000, 0.0000, 0.0000, 0.0000]])
tensor([[0.9110, 1.0000, 0.0000, 0.0000, 0.0000, 0.0000]])
tensor([[0.9936, 1.0000, 0.0000, 0.0000, 0.0000, 0.0000]])
tensor([[0.9859, 1.0000, 0.0000, 0.0000, 0.0000, 0.0000]])
tensor([[0.9966, 1.0000, 0.0000, 0.0000, 0.0000, 0.0000]])
tensor([[0.9807, 1.0000, 0.0000, 0.0000, 0.0000, 0.0000]])
tensor([[0.9838, 1.0000, 0.0000, 0.0000, 0.0000, 0.0000]])
tensor([[0.9362, 1.0000, 0.0000, 0.0000, 0.0000, 0.0000]])
tensor([[-0.9664,  1.0000,  0.0000,  0.0000,  0.0000,  0.0000]])
tensor([[-0.9972,  1.0000,  0.0000,  0.0000,  0.0000,  0.0000]])
tensor([[-0.9829,  1.0000,  0.0000,  0.0000,  0.0000,  0.0000]])
tensor([[-0.9119,  1.0000,  0.0000,  0.0000,  0.0000,  0.0000]])
tensor([[-0.9914,  1.0000,  0.0000,  0.0000,  0.0000,  0.0000]])
tensor([[-0.9933,  1.0000,  0.0000,  0.0000,  0.0000,  0.0000]])
tensor([[0.7382, 1.0000, 0.0000, 0.0000, 0.0000, 0.0000]])
tensor([[-0.3044,  1.0000,  0.0000,  0.0000,  0.0000,  0.0000]])
tensor([[0.3604, 1.0000, 0.0000, 0.0000, 0.0000, 0.0000]])
tensor([[-0.6271,  0.0000,  0.0000,  0.0000,  0.0000,  0.0000]])
tensor([[-0.6068,  0.0000,  0.0000,  0.0000,  0.0000,  0.0000]])
tensor([[0.0734, 1.0000, 0.0000, 0.0000, 0.0000, 0.0000]])
tensor([[0.4660, 1.0000, 0.0000, 0.0000, 0.0000, 0.0000]])
tensor([[0.9134, 1.0000, 0.0000, 0.0000, 0.0000, 0.0000]])
tensor([[-0.9847,  1.0000,  0.0000,  0.0000,  0.0000,  0.0000]])
tensor([[-0.9878,  1.0000,  0.0000,  0.0000,  0.0000,  0.0000]])
tensor([[0.3362, 1.0000, 0.0000, 0.0000, 0.0000, 0.0000]])
tensor([[-0.1396,  1.0000,  0.0000,  0.0000,  0.0000,  0.0000]])
tensor([[0.9854, 1.0000, 0.0000, 0.0000, 0.0000, 0.0000]])
tensor([[-0.8934,  0.0000,  0.0000,  1.0000,  0.0000,  0.0000]])
tensor([[-0.9423,  1.0000,  0.0000,  0.0000,  0.0000,  0.0000]])
tensor([[0.9945, 1.0000, 0.0000, 0.0000, 0.0000, 0.0000]])
tensor([[0.9553, 1.0000, 0.0000, 0.0000, 0.0000, 0.0000]])
tensor([[0.9721, 1.0000, 0.0000, 0.0000, 0.0000, 0.0000]])
tensor([[-0.9934,  1.0000,  0.0000,  0.0000,  0.0000,  0.0000]])
tensor([[-0.8923,  1.0000,  0.0000,  0.0000,  0.0000,  0.0000]])
tensor([[0.9994, 1.0000, 0.0000, 0.0000, 0.0000, 0.0000]])
tensor([[0.6353, 1.0000, 0.0000, 0.0000, 0.0000, 0.0000]])
tensor([[-0.9901,  1.0000,  0.0000,  0.0000,  0.0000,  0.0000]])
tensor([[-0.8995,  1.0000,  0.0000,  0.0000,  1.0000,  0.0000]])
tensor([[0.9724, 1.0000, 0.0000, 0.0000, 0.0000, 0.0000]])
tensor([[0.8583, 1.0000, 0.0000, 0.0000, 0.0000, 0.0000]])
tensor([[-0.9741,  0.0000,  0.0000,  0.0000,  0.0000,  0.0000]])
tensor([[0.0694, 1.0000, 0.0000, 0.0000, 0.0000, 0.0000]])
tensor([[0.5389, 1.0000, 0.0000, 0.0000, 0.0000, 0.0000]])
tensor([[-0.9264,  1.0000,  0.0000,  0.0000,  0.0000,  0.0000]])
tensor([[0.9211, 1.0000, 0.0000, 0.0000, 0.0000, 0.0000]])
tensor([[0.7705, 1.0000, 0.0000, 0.0000, 0.0000, 0.0000]])
tensor([[-0.9655,  1.0000,  0.0000,  0.0000,  0.0000,  0.0000]])
tensor([[-0.7819,  1.0000,  0.0000,  0.0000,  0.0000,  0.0000]])
tensor([[-0.7230,  1.0000,  0.0000,  0.0000,  0.0000,  0.0000]])
tensor([[-0.9197,  1.0000,  0.0000,  0.0000,  1.0000,  0.0000]])
tensor([[0.9617, 1.0000, 0.0000, 0.0000, 0.0000, 0.0000]])
tensor([[0.9200, 1.0000, 0.0000, 0.0000, 0.0000, 0.0000]])
tensor([[-0.8881,  1.0000,  0.0000,  0.0000,  0.0000,  0.0000]])
tensor([[-0.9709,  1.0000,  0.0000,  0.0000,  0.0000,  0.0000]])
tensor([[0.4006, 0.0000, 0.0000, 0.0000, 0.0000, 0.0000]])
tensor([[-0.9967,  1.0000,  0.0000,  0.0000,  0.0000,  0.0000]])
tensor([[-0.9357,  0.0000,  0.0000,  0.0000,  0.0000,  0.0000]])
tensor([[0.3587, 1.0000, 0.0000, 0.0000, 0.0000, 0.0000]])
tensor([[0.7344, 1.0000, 0.0000, 0.0000, 0.0000, 0.0000]])
tensor([[-0.8980,  1.0000,  0.0000,  0.0000,  0.0000,  0.0000]])
tensor([[-0.9976,  1.0000,  0.0000,  0.0000,  0.0000,  0.0000]])
tensor([[-0.9987,  1.0000,  0.0000,  0.0000,  0.0000,  0.0000]])
tensor([[-0.9459,  1.0000,  0.0000,  0.0000,  0.0000,  0.0000]])
tensor([[-0.9055,  1.0000,  0.0000,  0.0000,  0.0000,  0.0000]])
tensor([[-0.9080,  1.0000,  0.0000,  0.0000,  0.0000,  0.0000]])
tensor([[-0.8095,  1.0000,  0.0000,  0.0000,  0.0000,  0.0000]])
tensor([[0.8267, 1.0000, 0.0000, 0.0000, 0.0000, 0.0000]])
tensor([[0.8180, 1.0000, 0.0000, 0.0000, 0.0000, 0.0000]])
tensor([[-0.8056,  1.0000,  0.0000,  0.0000,  0.0000,  0.0000]])
tensor([[-0.9975,  1.0000,  0.0000,  0.0000,  0.0000,  0.0000]])
tensor([[-0.9409,  1.0000,  0.0000,  0.0000,  0.0000,  0.0000]])
tensor([[0.9944, 1.0000, 0.0000, 0.0000, 0.0000, 0.0000]])
tensor([[0.9996, 1.0000, 0.0000, 0.0000, 0.0000, 0.0000]])
tensor([[0.9922, 1.0000, 0.0000, 0.0000, 0.0000, 0.0000]])
tensor([[0.9865, 1.0000, 0.0000, 0.0000, 0.0000, 0.0000]])
tensor([[0.9111, 1.0000, 0.0000, 0.0000, 0.0000, 0.0000]])
tensor([[0.9684, 1.0000, 0.0000, 0.0000, 0.0000, 0.0000]])
tensor([[0.9870, 1.0000, 0.0000, 0.0000, 0.0000, 0.0000]])
tensor([[0.9976, 1.0000, 0.0000, 0.0000, 0.0000, 0.0000]])
tensor([[0.9570, 1.0000, 0.0000, 0.0000, 0.0000, 0.0000]])
tensor([[0.9587, 1.0000, 0.0000, 0.0000, 0.0000, 0.0000]])
tensor([[0.9870, 1.0000, 0.0000, 0.0000, 0.0000, 0.0000]])
tensor([[0.9856, 1.0000, 0.0000, 0.0000, 0.0000, 0.0000]])
tensor([[0.9933, 1.0000, 0.0000, 0.0000, 0.0000, 0.0000]])
tensor([[0.9888, 1.0000, 0.0000, 0.0000, 0.0000, 0.0000]])
tensor([[0.9842, 1.0000, 0.0000, 0.0000, 0.0000, 0.0000]])
tensor([[0.9544, 1.0000, 0.0000, 0.0000, 0.0000, 0.0000]])
tensor([[-0.9713,  1.0000,  0.0000,  0.0000,  0.0000,  0.0000]])
tensor([[-0.9970,  1.0000,  0.0000,  0.0000,  0.0000,  0.0000]])
tensor([[-0.9895,  1.0000,  0.0000,  0.0000,  0.0000,  0.0000]])
tensor([[-0.9296,  1.0000,  0.0000,  0.0000,  0.0000,  0.0000]])
tensor([[-0.9984,  1.0000,  0.0000,  0.0000,  0.0000,  0.0000]])
tensor([[-0.8675,  0.0000,  0.0000,  0.0000,  0.0000,  0.0000]])
tensor([[0.8324, 1.0000, 0.0000, 0.0000, 0.0000, 0.0000]])
tensor([[0.9188, 1.0000, 0.0000, 0.0000, 0.0000, 0.0000]])
tensor([[0.9943, 1.0000, 0.0000, 0.0000, 0.0000, 0.0000]])
tensor([[0.9838, 1.0000, 0.0000, 1.0000, 0.0000, 0.0000]])
tensor([[0.9942, 1.0000, 0.0000, 0.0000, 0.0000, 0.0000]])
tensor([[0.9920, 1.0000, 0.0000, 0.0000, 0.0000, 0.0000]])
tensor([[0.9839, 1.0000, 0.0000, 0.0000, 0.0000, 0.0000]])
tensor([[0.9855, 1.0000, 0.0000, 0.0000, 0.0000, 0.0000]])
tensor([[0.9336, 1.0000, 0.0000, 0.0000, 0.0000, 0.0000]])
tensor([[0.9833, 1.0000, 0.0000, 0.0000, 0.0000, 0.0000]])
tensor([[-0.7574,  1.0000,  0.0000,  0.0000,  0.0000,  0.0000]])
tensor([[-0.9344,  1.0000,  0.0000,  0.0000,  0.0000,  0.0000]])
tensor([[0.5970, 1.0000, 0.0000, 0.0000, 0.0000, 0.0000]])
tensor([[-0.1755,  1.0000,  0.0000,  0.0000,  0.0000,  0.0000]])
tensor([[0.8879, 1.0000, 0.0000, 0.0000, 0.0000, 0.0000]])
tensor([[0.9947, 0.0000, 0.0000, 0.0000, 0.0000, 0.0000]])
tensor([[0.9941, 1.0000, 0.0000, 0.0000, 0.0000, 0.0000]])
tensor([[0.9670, 1.0000, 0.0000, 0.0000, 0.0000, 0.0000]])
tensor([[0.9739, 1.0000, 0.0000, 0.0000, 0.0000, 0.0000]])
tensor([[0.9416, 1.0000, 0.0000, 0.0000, 0.0000, 0.0000]])
tensor([[0.3403, 1.0000, 0.0000, 0.0000, 0.0000, 0.0000]])
tensor([[0.9999, 1.0000, 0.0000, 0.0000, 0.0000, 0.0000]])
tensor([[0.9939, 1.0000, 0.0000, 0.0000, 0.0000, 0.0000]])
tensor([[0.9995, 1.0000, 0.0000, 0.0000, 0.0000, 0.0000]])
tensor([[0.9281, 1.0000, 0.0000, 0.0000, 0.0000, 0.0000]])
tensor([[-0.9981,  1.0000,  0.0000,  0.0000,  0.0000,  0.0000]])
tensor([[-0.6482,  1.0000,  0.0000,  0.0000,  0.0000,  0.0000]])
tensor([[-0.9906,  1.0000,  0.0000,  0.0000,  0.0000,  0.0000]])
tensor([[-0.4771,  1.0000,  0.0000,  0.0000,  0.0000,  0.0000]])
tensor([[-0.9784,  0.0000,  0.0000,  0.0000,  0.0000,  0.0000]])
tensor([[-0.9435,  1.0000,  0.0000,  0.0000,  0.0000,  0.0000]])
tensor([[0.3196, 1.0000, 0.0000, 0.0000, 0.0000, 0.0000]])
tensor([[0.4122, 1.0000, 0.0000, 0.0000, 0.0000, 0.0000]])
tensor([[-0.9490,  1.0000,  0.0000,  0.0000,  0.0000,  0.0000]])
tensor([[-0.9931,  0.0000,  0.0000,  0.0000,  0.0000,  0.0000]])
tensor([[-0.9935,  0.0000,  0.0000,  0.0000,  0.0000,  0.0000]])
tensor([[-0.9945,  1.0000,  0.0000,  0.0000,  0.0000,  0.0000]])
tensor([[-0.9971,  0.0000,  0.0000,  0.0000,  0.0000,  0.0000]])
tensor([[-0.9858,  0.0000,  0.0000,  0.0000,  0.0000,  0.0000]])
tensor([[-0.9447,  1.0000,  0.0000,  0.0000,  0.0000,  0.0000]])
tensor([[0.9882, 1.0000, 0.0000, 0.0000, 0.0000, 0.0000]])
tensor([[0.8596, 1.0000, 0.0000, 0.0000, 0.0000, 0.0000]])
tensor([[0.9970, 1.0000, 0.0000, 0.0000, 0.0000, 0.0000]])
tensor([[0.9990, 1.0000, 0.0000, 0.0000, 0.0000, 0.0000]])
tensor([[-0.9826,  1.0000,  0.0000,  0.0000,  0.0000,  0.0000]])
tensor([[-0.9953,  1.0000,  0.0000,  0.0000,  0.0000,  0.0000]])
tensor([[-0.9973,  1.0000,  0.0000,  0.0000,  0.0000,  0.0000]])
tensor([[-0.9944,  1.0000,  0.0000,  0.0000,  0.0000,  0.0000]])
tensor([[-0.9917,  1.0000,  0.0000,  0.0000,  0.0000,  0.0000]])
tensor([[0.6216, 1.0000, 0.0000, 0.0000, 0.0000, 0.0000]])
tensor([[0.9115, 1.0000, 0.0000, 1.0000, 0.0000, 0.0000]])
tensor([[0.3293, 1.0000, 0.0000, 0.0000, 0.0000, 0.0000]])
tensor([[0.8647, 1.0000, 0.0000, 0.0000, 0.0000, 0.0000]])
tensor([[0.9953, 1.0000, 0.0000, 0.0000, 0.0000, 0.0000]])
tensor([[0.9974, 1.0000, 0.0000, 0.0000, 0.0000, 0.0000]])
tensor([[0.9967, 1.0000, 0.0000, 0.0000, 0.0000, 0.0000]])
tensor([[0.9795, 1.0000, 0.0000, 0.0000, 0.0000, 0.0000]])
tensor([[0.9849, 1.0000, 0.0000, 0.0000, 0.0000, 0.0000]])
tensor([[0.9992, 1.0000, 0.0000, 0.0000, 0.0000, 0.0000]])
tensor([[0.9880, 1.0000, 0.0000, 0.0000, 0.0000, 0.0000]])
tensor([[0.9983, 1.0000, 0.0000, 0.0000, 0.0000, 0.0000]])
tensor([[-0.7328,  1.0000,  1.0000,  0.0000,  0.0000,  0.0000]])
tensor([[0.1173, 1.0000, 0.0000, 0.0000, 0.0000, 0.0000]])
tensor([[-0.9474,  1.0000,  0.0000,  0.0000,  0.0000,  0.0000]])
tensor([[-0.9787,  1.0000,  0.0000,  0.0000,  0.0000,  0.0000]])
tensor([[-0.2979,  1.0000,  0.0000,  0.0000,  0.0000,  0.0000]])
tensor([[0.4833, 1.0000, 0.0000, 0.0000, 0.0000, 0.0000]])
tensor([[0.7285, 1.0000, 0.0000, 0.0000, 0.0000, 0.0000]])
tensor([[0.9367, 1.0000, 0.0000, 0.0000, 0.0000, 0.0000]])
tensor([[0.9815, 1.0000, 0.0000, 0.0000, 0.0000, 0.0000]])
tensor([[-0.3191,  1.0000,  0.0000,  0.0000,  0.0000,  0.0000]])
tensor([[0.2450, 1.0000, 0.0000, 0.0000, 0.0000, 0.0000]])
tensor([[-0.6796,  1.0000,  0.0000,  0.0000,  0.0000,  0.0000]])
tensor([[-0.9899,  1.0000,  0.0000,  0.0000,  0.0000,  0.0000]])
tensor([[0.8484, 0.0000, 0.0000, 0.0000, 0.0000, 0.0000]])
tensor([[0.9951, 1.0000, 0.0000, 0.0000, 0.0000, 0.0000]])
tensor([[0.0896, 1.0000, 0.0000, 0.0000, 0.0000, 0.0000]])
tensor([[0.9981, 1.0000, 0.0000, 0.0000, 0.0000, 0.0000]])
tensor([[0.1031, 1.0000, 0.0000, 0.0000, 0.0000, 0.0000]])
tensor([[-0.9694,  1.0000,  0.0000,  0.0000,  0.0000,  0.0000]])
tensor([[-0.1913,  1.0000,  0.0000,  0.0000,  0.0000,  0.0000]])
tensor([[0.8596, 1.0000, 0.0000, 0.0000, 0.0000, 0.0000]])
tensor([[-0.8090,  1.0000,  0.0000,  0.0000,  0.0000,  0.0000]])
tensor([[0.8467, 0.0000, 0.0000, 0.0000, 0.0000, 0.0000]])
tensor([[0.8064, 1.0000, 0.0000, 0.0000, 0.0000, 1.0000]])
tensor([[-0.5554,  1.0000,  0.0000,  0.0000,  0.0000,  0.0000]])
tensor([[0.9637, 0.0000, 0.0000, 0.0000, 0.0000, 0.0000]])
tensor([[-0.9603,  1.0000,  0.0000,  0.0000,  0.0000,  0.0000]])
tensor([[0.0910, 1.0000, 0.0000, 0.0000, 0.0000, 0.0000]])
tensor([[0.6184, 1.0000, 0.0000, 0.0000, 0.0000, 0.0000]])
tensor([[0.6171, 1.0000, 0.0000, 0.0000, 0.0000, 0.0000]])
tensor([[0.9941, 1.0000, 0.0000, 0.0000, 0.0000, 0.0000]])
tensor([[-0.6856,  1.0000,  0.0000,  0.0000,  0.0000,  0.0000]])
tensor([[-0.9809,  1.0000,  0.0000,  0.0000,  0.0000,  0.0000]])
tensor([[-0.8244,  0.0000,  0.0000,  0.0000,  0.0000,  0.0000]])
tensor([[-0.8814,  1.0000,  0.0000,  0.0000,  0.0000,  0.0000]])
tensor([[0.7244, 1.0000, 0.0000, 0.0000, 0.0000, 0.0000]])
tensor([[0.8730, 1.0000, 0.0000, 0.0000, 0.0000, 0.0000]])
tensor([[0.9922, 1.0000, 0.0000, 0.0000, 0.0000, 0.0000]])
tensor([[0.9876, 1.0000, 0.0000, 0.0000, 0.0000, 0.0000]])
tensor([[0.9651, 1.0000, 0.0000, 0.0000, 0.0000, 0.0000]])
tensor([[0.9658, 1.0000, 0.0000, 0.0000, 0.0000, 0.0000]])
tensor([[-0.9887,  1.0000,  0.0000,  0.0000,  0.0000,  0.0000]])
tensor([[-0.9588,  1.0000,  0.0000,  0.0000,  0.0000,  0.0000]])
tensor([[-0.9894,  1.0000,  0.0000,  0.0000,  0.0000,  0.0000]])
tensor([[-0.9524,  1.0000,  0.0000,  0.0000,  0.0000,  0.0000]])
tensor([[-0.9928,  1.0000,  0.0000,  0.0000,  0.0000,  0.0000]])
tensor([[0.3875, 1.0000, 0.0000, 0.0000, 0.0000, 0.0000]])
tensor([[0.9972, 1.0000, 0.0000, 0.0000, 0.0000, 0.0000]])
tensor([[0.9961, 1.0000, 0.0000, 0.0000, 0.0000, 0.0000]])
tensor([[0.9750, 1.0000, 0.0000, 0.0000, 0.0000, 0.0000]])
tensor([[0.9926, 1.0000, 0.0000, 0.0000, 0.0000, 0.0000]])
tensor([[0.9831, 1.0000, 0.0000, 0.0000, 0.0000, 0.0000]])
tensor([[0.9952, 1.0000, 0.0000, 0.0000, 0.0000, 0.0000]])
tensor([[0.9779, 1.0000, 0.0000, 0.0000, 0.0000, 0.0000]])
tensor([[0.9808, 1.0000, 0.0000, 0.0000, 0.0000, 0.0000]])
tensor([[0.9873, 1.0000, 0.0000, 0.0000, 0.0000, 0.0000]])
tensor([[-0.6555,  1.0000,  0.0000,  0.0000,  0.0000,  0.0000]])
tensor([[-0.9823,  1.0000,  0.0000,  0.0000,  0.0000,  0.0000]])
tensor([[-0.9750,  0.0000,  0.0000,  0.0000,  0.0000,  0.0000]])
tensor([[-0.9848,  1.0000,  0.0000,  0.0000,  0.0000,  0.0000]])
tensor([[0.5586, 0.0000, 0.0000, 0.0000, 0.0000, 0.0000]])
tensor([[-0.9564,  1.0000,  0.0000,  0.0000,  0.0000,  0.0000]])
tensor([[-0.8891,  1.0000,  0.0000,  0.0000,  0.0000,  0.0000]])
tensor([[-0.8916,  1.0000,  0.0000,  0.0000,  0.0000,  0.0000]])
tensor([[-0.2392,  1.0000,  0.0000,  0.0000,  0.0000,  0.0000]])
tensor([[0.9463, 1.0000, 0.0000, 0.0000, 0.0000, 0.0000]])
tensor([[0.9810, 0.0000, 0.0000, 0.0000, 0.0000, 0.0000]])
tensor([[0.9900, 1.0000, 0.0000, 0.0000, 0.0000, 0.0000]])
tensor([[0.9914, 1.0000, 0.0000, 0.0000, 0.0000, 0.0000]])
tensor([[0.9867, 1.0000, 0.0000, 0.0000, 0.0000, 0.0000]])
tensor([[0.9879, 0.0000, 0.0000, 0.0000, 0.0000, 0.0000]])
tensor([[0.9976, 1.0000, 0.0000, 0.0000, 0.0000, 0.0000]])
tensor([[0.9941, 1.0000, 0.0000, 0.0000, 0.0000, 0.0000]])
tensor([[0.9143, 1.0000, 0.0000, 0.0000, 0.0000, 0.0000]])
tensor([[-0.8514,  1.0000,  0.0000,  0.0000,  0.0000,  0.0000]])
tensor([[-0.9885,  1.0000,  0.0000,  0.0000,  0.0000,  0.0000]])
tensor([[-0.9742,  0.0000,  0.0000,  0.0000,  0.0000,  0.0000]])
tensor([[0.9533, 1.0000, 0.0000, 0.0000, 0.0000, 0.0000]])
tensor([[0.7910, 1.0000, 0.0000, 0.0000, 0.0000, 0.0000]])
tensor([[-0.6596,  1.0000,  0.0000,  0.0000,  0.0000,  0.0000]])
tensor([[-0.8959,  0.0000,  0.0000,  0.0000,  0.0000,  0.0000]])
tensor([[-0.8587,  1.0000,  0.0000,  0.0000,  0.0000,  0.0000]])
tensor([[0.6753, 1.0000, 0.0000, 0.0000, 0.0000, 0.0000]])
tensor([[0.7659, 1.0000, 0.0000, 0.0000, 0.0000, 0.0000]])
tensor([[0.9970, 1.0000, 0.0000, 0.0000, 0.0000, 0.0000]])
tensor([[0.2353, 1.0000, 0.0000, 0.0000, 0.0000, 0.0000]])
tensor([[-0.3078,  1.0000,  0.0000,  0.0000,  0.0000,  0.0000]])
tensor([[-0.9566,  1.0000,  0.0000,  0.0000,  0.0000,  0.0000]])
tensor([[-0.8150,  1.0000,  0.0000,  0.0000,  0.0000,  0.0000]])
tensor([[0.9951, 1.0000, 0.0000, 0.0000, 0.0000, 0.0000]])
tensor([[0.9811, 1.0000, 0.0000, 0.0000, 0.0000, 0.0000]])
tensor([[0.8415, 1.0000, 0.0000, 0.0000, 0.0000, 0.0000]])
tensor([[-0.8755,  1.0000,  0.0000,  0.0000,  0.0000,  0.0000]])
tensor([[-0.7158,  1.0000,  0.0000,  0.0000,  0.0000,  0.0000]])
tensor([[0.9938, 1.0000, 0.0000, 0.0000, 0.0000, 0.0000]])
tensor([[0.9037, 1.0000, 0.0000, 0.0000, 0.0000, 0.0000]])
tensor([[-0.6354,  1.0000,  0.0000,  0.0000,  0.0000,  0.0000]])
tensor([[-0.7321,  1.0000,  0.0000,  0.0000,  0.0000,  0.0000]])
tensor([[0.4811, 1.0000, 0.0000, 0.0000, 0.0000, 0.0000]])
tensor([[0.9352, 1.0000, 0.0000, 0.0000, 0.0000, 0.0000]])
tensor([[-0.0379,  1.0000,  0.0000,  0.0000,  0.0000,  0.0000]])
tensor([[-0.8106,  1.0000,  0.0000,  0.0000,  0.0000,  0.0000]])
tensor([[0.1972, 1.0000, 0.0000, 0.0000, 0.0000, 0.0000]])
tensor([[0.9345, 1.0000, 0.0000, 0.0000, 0.0000, 0.0000]])
tensor([[0.4642, 1.0000, 0.0000, 0.0000, 0.0000, 0.0000]])
tensor([[-0.9626,  1.0000,  0.0000,  0.0000,  0.0000,  0.0000]])
tensor([[-0.9938,  1.0000,  0.0000,  0.0000,  0.0000,  0.0000]])
tensor([[0.9513, 1.0000, 0.0000, 1.0000, 0.0000, 0.0000]])
tensor([[0.9300, 1.0000, 0.0000, 1.0000, 0.0000, 0.0000]])
tensor([[-0.8185,  0.0000,  0.0000,  0.0000,  0.0000,  0.0000]])
tensor([[-0.2456,  1.0000,  0.0000,  0.0000,  0.0000,  0.0000]])
tensor([[-0.9157,  1.0000,  0.0000,  0.0000,  0.0000,  0.0000]])
tensor([[-0.9706,  1.0000,  0.0000,  0.0000,  0.0000,  0.0000]])
tensor([[-0.9987,  1.0000,  0.0000,  0.0000,  0.0000,  0.0000]])
tensor([[0.9843, 1.0000, 0.0000, 0.0000, 0.0000, 0.0000]])
tensor([[0.9931, 1.0000, 0.0000, 0.0000, 0.0000, 0.0000]])
tensor([[0.7873, 1.0000, 0.0000, 0.0000, 0.0000, 0.0000]])
tensor([[-0.9131,  1.0000,  0.0000,  0.0000,  0.0000,  0.0000]])
tensor([[0.6035, 1.0000, 0.0000, 0.0000, 0.0000, 0.0000]])
tensor([[-0.9979,  1.0000,  0.0000,  0.0000,  0.0000,  0.0000]])
tensor([[-0.7082,  1.0000,  0.0000,  0.0000,  0.0000,  0.0000]])
tensor([[0.9035, 1.0000, 0.0000, 0.0000, 0.0000, 0.0000]])
tensor([[0.8893, 0.0000, 0.0000, 0.0000, 0.0000, 0.0000]])
tensor([[0.1834, 1.0000, 0.0000, 0.0000, 0.0000, 0.0000]])
tensor([[-0.9906,  1.0000,  0.0000,  0.0000,  0.0000,  0.0000]])
tensor([[-0.9931,  1.0000,  0.0000,  0.0000,  0.0000,  0.0000]])
tensor([[-0.9682,  1.0000,  0.0000,  0.0000,  0.0000,  0.0000]])
tensor([[0.9965, 1.0000, 0.0000, 0.0000, 0.0000, 0.0000]])
tensor([[0.9917, 1.0000, 0.0000, 0.0000, 0.0000, 0.0000]])
tensor([[0.8969, 1.0000, 0.0000, 0.0000, 0.0000, 0.0000]])
tensor([[-0.6075,  1.0000,  0.0000,  0.0000,  0.0000,  0.0000]])
tensor([[-0.6574,  1.0000,  0.0000,  0.0000,  0.0000,  0.0000]])
tensor([[0.8681, 1.0000, 0.0000, 1.0000, 0.0000, 0.0000]])
tensor([[-0.0433,  0.0000,  0.0000,  0.0000,  0.0000,  0.0000]])
tensor([[-0.9849,  1.0000,  0.0000,  0.0000,  0.0000,  0.0000]])
tensor([[-0.9897,  1.0000,  0.0000,  0.0000,  0.0000,  0.0000]])
tensor([[-0.9174,  1.0000,  0.0000,  0.0000,  0.0000,  0.0000]])
tensor([[0.9886, 1.0000, 0.0000, 0.0000, 0.0000, 0.0000]])
tensor([[0.9642, 1.0000, 0.0000, 0.0000, 0.0000, 0.0000]])
tensor([[0.5114, 1.0000, 0.0000, 0.0000, 0.0000, 0.0000]])
tensor([[-0.9606,  1.0000,  0.0000,  0.0000,  0.0000,  0.0000]])
tensor([[-0.6588,  1.0000,  0.0000,  0.0000,  0.0000,  0.0000]])
tensor([[0.0465, 1.0000, 0.0000, 0.0000, 0.0000, 0.0000]])
tensor([[0.7842, 1.0000, 0.0000, 0.0000, 0.0000, 0.0000]])
tensor([[0.9044, 1.0000, 0.0000, 0.0000, 0.0000, 0.0000]])
tensor([[-0.4449,  1.0000,  0.0000,  0.0000,  0.0000,  0.0000]])
tensor([[-0.9826,  1.0000,  0.0000,  1.0000,  0.0000,  0.0000]])
tensor([[-0.3278,  1.0000,  0.0000,  0.0000,  0.0000,  0.0000]])
tensor([[0.9553, 1.0000, 0.0000, 0.0000, 0.0000, 0.0000]])
tensor([[0.9927, 1.0000, 0.0000, 0.0000, 0.0000, 0.0000]])
tensor([[0.9873, 1.0000, 0.0000, 0.0000, 0.0000, 0.0000]])
tensor([[-0.9330,  1.0000,  0.0000,  0.0000,  0.0000,  0.0000]])
tensor([[-0.9855,  1.0000,  0.0000,  0.0000,  0.0000,  0.0000]])
tensor([[-0.5411,  0.0000,  0.0000,  0.0000,  0.0000,  0.0000]])
tensor([[-0.8836,  0.0000,  0.0000,  0.0000,  0.0000,  0.0000]])
tensor([[0.9451, 1.0000, 0.0000, 0.0000, 0.0000, 0.0000]])
tensor([[0.9633, 1.0000, 0.0000, 0.0000, 0.0000, 0.0000]])
tensor([[0.9280, 1.0000, 0.0000, 0.0000, 0.0000, 0.0000]])
tensor([[-0.8266,  1.0000,  0.0000,  0.0000,  0.0000,  0.0000]])
tensor([[-0.9591,  1.0000,  0.0000,  0.0000,  0.0000,  0.0000]])
tensor([[0.9554, 0.0000, 0.0000, 0.0000, 0.0000, 0.0000]])
tensor([[0.0058, 1.0000, 0.0000, 0.0000, 0.0000, 0.0000]])
tensor([[-0.7913,  1.0000,  0.0000,  0.0000,  0.0000,  0.0000]])
tensor([[0.9934, 1.0000, 0.0000, 0.0000, 0.0000, 0.0000]])
tensor([[-0.0301,  1.0000,  0.0000,  0.0000,  0.0000,  0.0000]])
tensor([[-0.9861,  0.0000,  0.0000,  0.0000,  0.0000,  0.0000]])
tensor([[0.2453, 1.0000, 0.0000, 0.0000, 0.0000, 0.0000]])
tensor([[-0.4585,  1.0000,  0.0000,  0.0000,  0.0000,  0.0000]])
tensor([[-0.4716,  1.0000,  0.0000,  0.0000,  0.0000,  0.0000]])
tensor([[0.2665, 1.0000, 0.0000, 0.0000, 0.0000, 0.0000]])
tensor([[0.6211, 1.0000, 0.0000, 0.0000, 0.0000, 0.0000]])
tensor([[0.9592, 1.0000, 0.0000, 0.0000, 0.0000, 0.0000]])
tensor([[0.9453, 1.0000, 0.0000, 0.0000, 0.0000, 0.0000]])
tensor([[-0.7169,  1.0000,  0.0000,  1.0000,  0.0000,  0.0000]])
tensor([[-0.6752,  1.0000,  0.0000,  0.0000,  0.0000,  0.0000]])
tensor([[-0.9941,  1.0000,  0.0000,  0.0000,  0.0000,  0.0000]])
tensor([[-0.9617,  1.0000,  0.0000,  0.0000,  0.0000,  0.0000]])
tensor([[-0.9846,  1.0000,  0.0000,  0.0000,  0.0000,  0.0000]])
tensor([[0.7584, 1.0000, 0.0000, 0.0000, 0.0000, 0.0000]])
tensor([[0.9950, 1.0000, 0.0000, 0.0000, 0.0000, 0.0000]])
tensor([[0.9834, 1.0000, 0.0000, 0.0000, 0.0000, 0.0000]])
tensor([[0.9833, 1.0000, 0.0000, 0.0000, 0.0000, 0.0000]])
tensor([[0.9944, 1.0000, 0.0000, 0.0000, 0.0000, 0.0000]])
tensor([[0.9890, 1.0000, 0.0000, 0.0000, 0.0000, 0.0000]])
tensor([[0.9364, 1.0000, 0.0000, 0.0000, 0.0000, 0.0000]])
tensor([[0.8986, 1.0000, 0.0000, 0.0000, 0.0000, 0.0000]])
tensor([[-0.9855,  1.0000,  0.0000,  0.0000,  0.0000,  0.0000]])
tensor([[-0.9929,  1.0000,  0.0000,  0.0000,  0.0000,  0.0000]])
tensor([[-0.9920,  1.0000,  0.0000,  0.0000,  0.0000,  0.0000]])
tensor([[-0.9892,  1.0000,  0.0000,  0.0000,  0.0000,  0.0000]])
tensor([[-0.9817,  1.0000,  0.0000,  0.0000,  0.0000,  0.0000]])
tensor([[-0.9785,  0.0000,  0.0000,  0.0000,  0.0000,  0.0000]])
tensor([[-0.9056,  0.0000,  0.0000,  0.0000,  0.0000,  0.0000]])
tensor([[-0.5745,  1.0000,  0.0000,  0.0000,  0.0000,  0.0000]])
tensor([[0.9517, 1.0000, 0.0000, 0.0000, 0.0000, 0.0000]])
tensor([[0.9815, 1.0000, 0.0000, 0.0000, 0.0000, 0.0000]])
tensor([[0.9884, 1.0000, 0.0000, 0.0000, 0.0000, 0.0000]])
tensor([[0.9965, 1.0000, 0.0000, 0.0000, 0.0000, 0.0000]])
tensor([[0.9163, 1.0000, 0.0000, 0.0000, 0.0000, 0.0000]])
tensor([[0.9788, 1.0000, 0.0000, 0.0000, 0.0000, 0.0000]])
tensor([[0.9964, 1.0000, 0.0000, 0.0000, 0.0000, 0.0000]])
tensor([[0.9910, 1.0000, 0.0000, 0.0000, 0.0000, 0.0000]])
tensor([[0.9553, 1.0000, 0.0000, 0.0000, 0.0000, 0.0000]])
tensor([[0.9948, 1.0000, 0.0000, 0.0000, 0.0000, 0.0000]])
tensor([[0.9978, 1.0000, 0.0000, 0.0000, 0.0000, 0.0000]])
tensor([[0.9966, 1.0000, 0.0000, 0.0000, 0.0000, 0.0000]])
tensor([[0.9058, 1.0000, 0.0000, 0.0000, 0.0000, 0.0000]])
tensor([[0.9273, 1.0000, 0.0000, 0.0000, 0.0000, 0.0000]])
tensor([[-0.9777,  1.0000,  0.0000,  0.0000,  0.0000,  0.0000]])
tensor([[-0.9401,  1.0000,  0.0000,  0.0000,  0.0000,  0.0000]])
tensor([[-0.9905,  1.0000,  0.0000,  0.0000,  0.0000,  0.0000]])
tensor([[-0.9992,  1.0000,  0.0000,  0.0000,  0.0000,  0.0000]])
tensor([[-0.9886,  1.0000,  0.0000,  0.0000,  0.0000,  0.0000]])
tensor([[-0.9945,  1.0000,  0.0000,  0.0000,  0.0000,  0.0000]])
tensor([[-0.9922,  1.0000,  0.0000,  0.0000,  0.0000,  0.0000]])
tensor([[0.9019, 1.0000, 0.0000, 0.0000, 0.0000, 0.0000]])
tensor([[0.2542, 1.0000, 0.0000, 0.0000, 0.0000, 0.0000]])
tensor([[0.5710, 1.0000, 0.0000, 0.0000, 0.0000, 0.0000]])
tensor([[0.8121, 0.0000, 0.0000, 0.0000, 0.0000, 0.0000]])
tensor([[0.9519, 1.0000, 0.0000, 0.0000, 0.0000, 0.0000]])
tensor([[0.9833, 1.0000, 0.0000, 0.0000, 0.0000, 0.0000]])
tensor([[-0.8326,  1.0000,  0.0000,  0.0000,  0.0000,  0.0000]])
tensor([[-0.8928,  1.0000,  0.0000,  0.0000,  0.0000,  0.0000]])
tensor([[0.4990, 1.0000, 0.0000, 0.0000, 0.0000, 0.0000]])
tensor([[0.6578, 1.0000, 0.0000, 0.0000, 0.0000, 0.0000]])
tensor([[0.9625, 1.0000, 0.0000, 0.0000, 0.0000, 0.0000]])
tensor([[0.9559, 1.0000, 0.0000, 0.0000, 0.0000, 0.0000]])
tensor([[0.1691, 1.0000, 0.0000, 0.0000, 0.0000, 0.0000]])
tensor([[-0.7720,  1.0000,  0.0000,  0.0000,  0.0000,  0.0000]])
tensor([[0.8700, 1.0000, 0.0000, 0.0000, 0.0000, 0.0000]])
tensor([[-0.5036,  1.0000,  0.0000,  0.0000,  0.0000,  0.0000]])
tensor([[-0.6366,  1.0000,  0.0000,  0.0000,  0.0000,  0.0000]])
tensor([[-0.6974,  1.0000,  0.0000,  0.0000,  0.0000,  0.0000]])
tensor([[0.2243, 1.0000, 0.0000, 0.0000, 0.0000, 0.0000]])
tensor([[0.6221, 1.0000, 0.0000, 0.0000, 0.0000, 0.0000]])
tensor([[0.9438, 1.0000, 0.0000, 0.0000, 0.0000, 0.0000]])
tensor([[0.9529, 0.0000, 0.0000, 0.0000, 0.0000, 0.0000]])
tensor([[-0.1897,  1.0000,  0.0000,  0.0000,  0.0000,  0.0000]])
tensor([[-0.8939,  1.0000,  0.0000,  0.0000,  0.0000,  0.0000]])
tensor([[-0.8670,  1.0000,  0.0000,  0.0000,  0.0000,  0.0000]])
tensor([[0.5858, 1.0000, 0.0000, 0.0000, 0.0000, 0.0000]])
tensor([[0.9158, 1.0000, 0.0000, 0.0000, 0.0000, 0.0000]])
tensor([[0.7700, 1.0000, 0.0000, 0.0000, 0.0000, 0.0000]])
tensor([[-0.9092,  1.0000,  0.0000,  0.0000,  0.0000,  0.0000]])
tensor([[-0.8482,  1.0000,  0.0000,  0.0000,  0.0000,  0.0000]])
tensor([[0.3854, 1.0000, 0.0000, 0.0000, 0.0000, 0.0000]])
tensor([[0.9683, 1.0000, 0.0000, 1.0000, 0.0000, 0.0000]])
tensor([[0.9575, 1.0000, 0.0000, 0.0000, 0.0000, 0.0000]])
tensor([[0.8174, 1.0000, 0.0000, 0.0000, 0.0000, 0.0000]])
tensor([[-0.9969,  1.0000,  0.0000,  1.0000,  0.0000,  0.0000]])
tensor([[-0.9997,  1.0000,  0.0000,  0.0000,  0.0000,  0.0000]])
tensor([[-0.9990,  1.0000,  0.0000,  0.0000,  0.0000,  0.0000]])
tensor([[-0.9929,  1.0000,  0.0000,  0.0000,  0.0000,  0.0000]])
tensor([[0.5347, 1.0000, 0.0000, 0.0000, 0.0000, 0.0000]])
tensor([[0.9858, 1.0000, 0.0000, 0.0000, 0.0000, 0.0000]])
tensor([[0.9802, 1.0000, 0.0000, 0.0000, 0.0000, 0.0000]])
tensor([[0.9175, 1.0000, 0.0000, 0.0000, 0.0000, 0.0000]])
tensor([[-0.6620,  1.0000,  0.0000,  0.0000,  0.0000,  0.0000]])
tensor([[0.9457, 1.0000, 0.0000, 0.0000, 0.0000, 0.0000]])
tensor([[-0.6334,  0.0000,  0.0000,  0.0000,  0.0000,  0.0000]])
tensor([[-0.8837,  1.0000,  0.0000,  0.0000,  0.0000,  0.0000]])
tensor([[0.8244, 1.0000, 0.0000, 0.0000, 0.0000, 0.0000]])
tensor([[0.5889, 1.0000, 0.0000, 0.0000, 0.0000, 0.0000]])
tensor([[-0.3873,  1.0000,  0.0000,  1.0000,  0.0000,  0.0000]])
tensor([[-0.6040,  1.0000,  0.0000,  0.0000,  0.0000,  0.0000]])
tensor([[0.9182, 1.0000, 0.0000, 0.0000, 0.0000, 0.0000]])
tensor([[0.9891, 1.0000, 0.0000, 0.0000, 0.0000, 0.0000]])
tensor([[0.9996, 1.0000, 0.0000, 0.0000, 0.0000, 0.0000]])
tensor([[0.9858, 1.0000, 0.0000, 0.0000, 0.0000, 0.0000]])
tensor([[0.9447, 1.0000, 0.0000, 0.0000, 0.0000, 0.0000]])
tensor([[-0.9167,  1.0000,  0.0000,  0.0000,  0.0000,  0.0000]])
tensor([[-0.6287,  1.0000,  0.0000,  0.0000,  0.0000,  0.0000]])
tensor([[0.5778, 0.0000, 0.0000, 0.0000, 0.0000, 0.0000]])
tensor([[-0.9255,  1.0000,  0.0000,  0.0000,  0.0000,  0.0000]])
tensor([[0.9776, 0.0000, 0.0000, 0.0000, 0.0000, 0.0000]])
tensor([[0.9903, 1.0000, 0.0000, 0.0000, 0.0000, 0.0000]])
tensor([[0.9936, 1.0000, 0.0000, 0.0000, 0.0000, 0.0000]])
tensor([[0.9867, 1.0000, 0.0000, 0.0000, 0.0000, 0.0000]])
tensor([[-0.4346,  1.0000,  0.0000,  0.0000,  0.0000,  0.0000]])
tensor([[0.0997, 1.0000, 0.0000, 0.0000, 0.0000, 0.0000]])
tensor([[0.5015, 1.0000, 0.0000, 0.0000, 0.0000, 0.0000]])
tensor([[0.6912, 1.0000, 0.0000, 0.0000, 0.0000, 0.0000]])
tensor([[0.9301, 0.0000, 0.0000, 0.0000, 0.0000, 0.0000]])
tensor([[0.3590, 1.0000, 0.0000, 0.0000, 0.0000, 0.0000]])
tensor([[0.8535, 1.0000, 0.0000, 0.0000, 0.0000, 0.0000]])
tensor([[0.7593, 1.0000, 0.0000, 0.0000, 0.0000, 0.0000]])
tensor([[0.5694, 1.0000, 0.0000, 0.0000, 0.0000, 0.0000]])
tensor([[-0.8469,  1.0000,  0.0000,  0.0000,  0.0000,  0.0000]])
tensor([[-0.7865,  1.0000,  0.0000,  0.0000,  0.0000,  0.0000]])
tensor([[-0.0779,  1.0000,  0.0000,  0.0000,  0.0000,  0.0000]])
tensor([[0.9611, 1.0000, 0.0000, 0.0000, 0.0000, 0.0000]])
tensor([[0.9137, 1.0000, 0.0000, 0.0000, 0.0000, 0.0000]])
tensor([[0.9965, 1.0000, 0.0000, 0.0000, 0.0000, 0.0000]])
tensor([[-0.0266,  1.0000,  0.0000,  0.0000,  0.0000,  0.0000]])
tensor([[0.3906, 1.0000, 0.0000, 0.0000, 0.0000, 0.0000]])
tensor([[-0.9458,  1.0000,  0.0000,  0.0000,  0.0000,  0.0000]])
tensor([[-0.8266,  1.0000,  0.0000,  0.0000,  0.0000,  0.0000]])
tensor([[0.9874, 1.0000, 0.0000, 0.0000, 0.0000, 0.0000]])
tensor([[0.9993, 1.0000, 0.0000, 0.0000, 0.0000, 0.0000]])
tensor([[0.9966, 1.0000, 0.0000, 0.0000, 0.0000, 0.0000]])
tensor([[0.9991, 1.0000, 0.0000, 0.0000, 0.0000, 0.0000]])
tensor([[0.9774, 1.0000, 0.0000, 0.0000, 0.0000, 0.0000]])
tensor([[0.9798, 1.0000, 0.0000, 0.0000, 0.0000, 0.0000]])
tensor([[0.9952, 1.0000, 0.0000, 0.0000, 0.0000, 0.0000]])
tensor([[0.9949, 1.0000, 0.0000, 0.0000, 0.0000, 0.0000]])
tensor([[0.9975, 1.0000, 0.0000, 0.0000, 0.0000, 0.0000]])
tensor([[0.9827, 1.0000, 0.0000, 0.0000, 0.0000, 0.0000]])
tensor([[0.9962, 1.0000, 0.0000, 0.0000, 0.0000, 0.0000]])
tensor([[0.9958, 1.0000, 0.0000, 0.0000, 0.0000, 0.0000]])
tensor([[0.9790, 1.0000, 0.0000, 0.0000, 0.0000, 0.0000]])
tensor([[-0.9947,  1.0000,  0.0000,  0.0000,  0.0000,  0.0000]])
tensor([[-0.9072,  1.0000,  0.0000,  0.0000,  0.0000,  0.0000]])
tensor([[-0.9761,  1.0000,  0.0000,  0.0000,  0.0000,  0.0000]])
tensor([[-0.9288,  1.0000,  0.0000,  0.0000,  0.0000,  0.0000]])
tensor([[0.5633, 1.0000, 0.0000, 0.0000, 0.0000, 0.0000]])
tensor([[0.4933, 1.0000, 0.0000, 0.0000, 0.0000, 0.0000]])
tensor([[0.9503, 0.0000, 0.0000, 0.0000, 0.0000, 0.0000]])
tensor([[-0.8120,  1.0000,  0.0000,  0.0000,  0.0000,  0.0000]])
tensor([[-0.9404,  1.0000,  0.0000,  0.0000,  0.0000,  0.0000]])
tensor([[0.8542, 1.0000, 0.0000, 0.0000, 0.0000, 0.0000]])
tensor([[0.7992, 1.0000, 0.0000, 0.0000, 0.0000, 0.0000]])
tensor([[-0.9899,  1.0000,  0.0000,  0.0000,  0.0000,  0.0000]])
tensor([[-0.9705,  1.0000,  0.0000,  0.0000,  0.0000,  0.0000]])
tensor([[-0.2270,  1.0000,  0.0000,  0.0000,  0.0000,  0.0000]])
tensor([[0.9918, 1.0000, 0.0000, 0.0000, 0.0000, 0.0000]])
tensor([[0.9882, 1.0000, 0.0000, 0.0000, 0.0000, 0.0000]])
tensor([[-0.9169,  1.0000,  0.0000,  0.0000,  0.0000,  0.0000]])
tensor([[-0.9636,  1.0000,  0.0000,  0.0000,  0.0000,  0.0000]])
tensor([[0.9909, 1.0000, 0.0000, 0.0000, 0.0000, 0.0000]])
tensor([[0.9289, 1.0000, 0.0000, 0.0000, 0.0000, 0.0000]])
tensor([[-0.9282,  1.0000,  0.0000,  0.0000,  0.0000,  0.0000]])
tensor([[0.5111, 1.0000, 0.0000, 0.0000, 0.0000, 0.0000]])
tensor([[-0.7371,  1.0000,  0.0000,  0.0000,  0.0000,  0.0000]])
tensor([[-0.9913,  0.0000,  0.0000,  0.0000,  0.0000,  0.0000]])
tensor([[0.9655, 1.0000, 0.0000, 0.0000, 0.0000, 1.0000]])
tensor([[0.8331, 1.0000, 0.0000, 0.0000, 0.0000, 0.0000]])
tensor([[-0.9574,  1.0000,  0.0000,  0.0000,  0.0000,  0.0000]])
tensor([[-0.5563,  1.0000,  0.0000,  0.0000,  0.0000,  0.0000]])
tensor([[0.8103, 1.0000, 0.0000, 0.0000, 0.0000, 0.0000]])
tensor([[0.9313, 1.0000, 0.0000, 0.0000, 0.0000, 0.0000]])
tensor([[-0.9689,  1.0000,  0.0000,  0.0000,  0.0000,  0.0000]])
tensor([[-0.6604,  0.0000,  0.0000,  0.0000,  0.0000,  0.0000]])
tensor([[0.9771, 1.0000, 0.0000, 0.0000, 0.0000, 0.0000]])
tensor([[-0.1502,  1.0000,  0.0000,  0.0000,  0.0000,  0.0000]])
tensor([[0.0504, 1.0000, 0.0000, 0.0000, 0.0000, 0.0000]])
tensor([[-0.4162,  1.0000,  0.0000,  0.0000,  0.0000,  0.0000]])
tensor([[-0.2826,  1.0000,  0.0000,  0.0000,  0.0000,  0.0000]])
tensor([[0.9357, 1.0000, 0.0000, 0.0000, 0.0000, 0.0000]])
tensor([[0.4219, 1.0000, 0.0000, 0.0000, 0.0000, 0.0000]])
tensor([[-0.9961,  1.0000,  0.0000,  0.0000,  0.0000,  0.0000]])
tensor([[0.0032, 1.0000, 0.0000, 0.0000, 0.0000, 0.0000]])
tensor([[-0.5970,  1.0000,  0.0000,  0.0000,  0.0000,  0.0000]])
tensor([[0.8605, 1.0000, 0.0000, 0.0000, 0.0000, 0.0000]])
tensor([[0.6198, 1.0000, 0.0000, 0.0000, 0.0000, 0.0000]])
tensor([[-0.7068,  1.0000,  0.0000,  0.0000,  0.0000,  0.0000]])
tensor([[-0.9173,  1.0000,  0.0000,  0.0000,  0.0000,  0.0000]])
tensor([[0.7982, 1.0000, 0.0000, 0.0000, 0.0000, 0.0000]])
tensor([[0.2942, 1.0000, 0.0000, 0.0000, 0.0000, 0.0000]])
tensor([[0.0131, 1.0000, 0.0000, 0.0000, 0.0000, 0.0000]])
tensor([[0.5168, 1.0000, 0.0000, 0.0000, 0.0000, 0.0000]])
tensor([[-0.9898,  1.0000,  0.0000,  0.0000,  0.0000,  0.0000]])
tensor([[-0.7309,  1.0000,  0.0000,  0.0000,  0.0000,  0.0000]])
tensor([[0.9731, 1.0000, 0.0000, 0.0000, 0.0000, 0.0000]])
tensor([[-0.0115,  1.0000,  0.0000,  0.0000,  0.0000,  0.0000]])
tensor([[-0.1522,  1.0000,  0.0000,  0.0000,  0.0000,  0.0000]])
tensor([[-0.3905,  1.0000,  0.0000,  0.0000,  0.0000,  0.0000]])
tensor([[-0.1095,  1.0000,  0.0000,  0.0000,  0.0000,  0.0000]])
tensor([[0.0517, 1.0000, 0.0000, 0.0000, 0.0000, 0.0000]])
tensor([[0.7463, 1.0000, 0.0000, 0.0000, 0.0000, 0.0000]])
tensor([[-0.4337,  1.0000,  0.0000,  0.0000,  0.0000,  0.0000]])
tensor([[-0.8008,  1.0000,  0.0000,  0.0000,  0.0000,  0.0000]])
tensor([[-0.5977,  1.0000,  0.0000,  0.0000,  0.0000,  0.0000]])
tensor([[0.6311, 1.0000, 0.0000, 0.0000, 0.0000, 0.0000]])
tensor([[0.5140, 1.0000, 0.0000, 0.0000, 0.0000, 0.0000]])
tensor([[-0.8605,  1.0000,  0.0000,  0.0000,  0.0000,  0.0000]])
tensor([[-0.8859,  1.0000,  0.0000,  0.0000,  0.0000,  0.0000]])
tensor([[0.7258, 1.0000, 0.0000, 0.0000, 0.0000, 0.0000]])
tensor([[-0.3103,  1.0000,  0.0000,  0.0000,  0.0000,  0.0000]])
tensor([[-0.9101,  1.0000,  0.0000,  0.0000,  0.0000,  0.0000]])
tensor([[-0.8761,  1.0000,  0.0000,  0.0000,  0.0000,  0.0000]])
tensor([[0.7880, 1.0000, 0.0000, 0.0000, 0.0000, 0.0000]])
tensor([[-0.0223,  1.0000,  0.0000,  0.0000,  0.0000,  0.0000]])
tensor([[-0.8634,  1.0000,  0.0000,  0.0000,  0.0000,  0.0000]])
tensor([[-0.5724,  1.0000,  0.0000,  0.0000,  0.0000,  0.0000]])
tensor([[-0.3520,  1.0000,  1.0000,  0.0000,  0.0000,  0.0000]])
tensor([[-0.6054,  0.0000,  0.0000,  1.0000,  0.0000,  0.0000]])
tensor([[0.3557, 1.0000, 0.0000, 0.0000, 0.0000, 0.0000]])
tensor([[0.7581, 1.0000, 0.0000, 0.0000, 0.0000, 0.0000]])
tensor([[0.6115, 1.0000, 0.0000, 0.0000, 0.0000, 0.0000]])
tensor([[-0.9404,  1.0000,  0.0000,  0.0000,  0.0000,  0.0000]])
tensor([[-0.7546,  1.0000,  0.0000,  0.0000,  0.0000,  0.0000]])
tensor([[0.4741, 1.0000, 0.0000, 0.0000, 0.0000, 0.0000]])
tensor([[0.5253, 1.0000, 0.0000, 0.0000, 0.0000, 0.0000]])
tensor([[-0.6148,  1.0000,  0.0000,  1.0000,  0.0000,  0.0000]])
tensor([[-0.7854,  1.0000,  0.0000,  0.0000,  0.0000,  0.0000]])
tensor([[0.8388, 0.0000, 0.0000, 0.0000, 0.0000, 0.0000]])
tensor([[0.6755, 1.0000, 0.0000, 0.0000, 0.0000, 0.0000]])
tensor([[-0.7971,  0.0000,  0.0000,  0.0000,  0.0000,  0.0000]])
tensor([[-0.8207,  1.0000,  0.0000,  0.0000,  0.0000,  0.0000]])
tensor([[0.2008, 1.0000, 0.0000, 0.0000, 0.0000, 0.0000]])
tensor([[0.1957, 1.0000, 0.0000, 0.0000, 0.0000, 0.0000]])
tensor([[-0.6280,  1.0000,  0.0000,  0.0000,  0.0000,  0.0000]])
tensor([[-0.4727,  1.0000,  0.0000,  0.0000,  0.0000,  0.0000]])
tensor([[-0.3621,  1.0000,  0.0000,  0.0000,  0.0000,  0.0000]])
tensor([[-0.0977,  1.0000,  0.0000,  0.0000,  0.0000,  0.0000]])
tensor([[0.0546, 1.0000, 0.0000, 0.0000, 0.0000, 0.0000]])
tensor([[-0.7466,  0.0000,  0.0000,  0.0000,  0.0000,  0.0000]])
tensor([[-0.1028,  1.0000,  0.0000,  0.0000,  0.0000,  0.0000]])
tensor([[0.3557, 0.0000, 0.0000, 0.0000, 0.0000, 0.0000]])
tensor([[-0.4195,  1.0000,  0.0000,  0.0000,  0.0000,  0.0000]])
tensor([[-0.5434,  1.0000,  0.0000,  0.0000,  0.0000,  0.0000]])
tensor([[-0.0183,  0.0000,  0.0000,  0.0000,  0.0000,  0.0000]])
tensor([[0.4070, 1.0000, 0.0000, 0.0000, 0.0000, 0.0000]])
tensor([[-0.9119,  1.0000,  0.0000,  0.0000,  0.0000,  0.0000]])
tensor([[-0.1422,  1.0000,  0.0000,  0.0000,  0.0000,  0.0000]])
tensor([[-0.3614,  1.0000,  0.0000,  0.0000,  0.0000,  0.0000]])
tensor([[0.3348, 1.0000, 0.0000, 0.0000, 0.0000, 0.0000]])
tensor([[-0.3272,  1.0000,  0.0000,  0.0000,  0.0000,  0.0000]])
tensor([[-0.2461,  1.0000,  0.0000,  0.0000,  0.0000,  0.0000]])
tensor([[-0.6469,  1.0000,  0.0000,  0.0000,  0.0000,  0.0000]])
tensor([[0.3227, 1.0000, 0.0000, 0.0000, 0.0000, 0.0000]])
tensor([[-0.0791,  1.0000,  0.0000,  0.0000,  0.0000,  0.0000]])
tensor([[-0.3366,  1.0000,  0.0000,  0.0000,  0.0000,  0.0000]])
tensor([[-0.6184,  1.0000,  0.0000,  0.0000,  0.0000,  0.0000]])
tensor([[0.0773, 1.0000, 0.0000, 0.0000, 0.0000, 0.0000]])
tensor([[0.0117, 1.0000, 0.0000, 0.0000, 0.0000, 0.0000]])
tensor([[0.3535, 1.0000, 0.0000, 0.0000, 0.0000, 0.0000]])
tensor([[-0.9430,  1.0000,  0.0000,  0.0000,  0.0000,  0.0000]])
tensor([[-0.8162,  1.0000,  0.0000,  0.0000,  0.0000,  0.0000]])
tensor([[0.9822, 1.0000, 0.0000, 0.0000, 0.0000, 0.0000]])
tensor([[0.9981, 1.0000, 0.0000, 0.0000, 0.0000, 0.0000]])
tensor([[0.9764, 1.0000, 0.0000, 0.0000, 0.0000, 0.0000]])
tensor([[0.9917, 1.0000, 0.0000, 0.0000, 0.0000, 0.0000]])
tensor([[0.7308, 1.0000, 0.0000, 0.0000, 0.0000, 0.0000]])
tensor([[-0.6892,  1.0000,  0.0000,  0.0000,  0.0000,  0.0000]])
tensor([[-0.7354,  1.0000,  0.0000,  0.0000,  0.0000,  0.0000]])
tensor([[-0.4292,  1.0000,  0.0000,  0.0000,  0.0000,  0.0000]])
tensor([[0.4446, 1.0000, 0.0000, 0.0000, 0.0000, 0.0000]])
tensor([[-0.6562,  1.0000,  0.0000,  0.0000,  0.0000,  0.0000]])
tensor([[0.1358, 1.0000, 0.0000, 0.0000, 0.0000, 0.0000]])
tensor([[-0.6197,  0.0000,  0.0000,  0.0000,  0.0000,  0.0000]])
tensor([[-0.8662,  1.0000,  0.0000,  0.0000,  0.0000,  0.0000]])
tensor([[0.3302, 1.0000, 0.0000, 0.0000, 0.0000, 0.0000]])
tensor([[-0.3472,  1.0000,  0.0000,  0.0000,  0.0000,  0.0000]])
tensor([[0.3873, 1.0000, 0.0000, 0.0000, 0.0000, 0.0000]])
tensor([[-0.8491,  1.0000,  0.0000,  0.0000,  0.0000,  0.0000]])
tensor([[-0.9647,  1.0000,  0.0000,  0.0000,  0.0000,  0.0000]])
tensor([[0.0477, 1.0000, 0.0000, 0.0000, 0.0000, 0.0000]])
tensor([[0.0804, 1.0000, 0.0000, 0.0000, 0.0000, 0.0000]])
tensor([[-0.3578,  1.0000,  0.0000,  0.0000,  0.0000,  0.0000]])
tensor([[-0.1593,  1.0000,  0.0000,  0.0000,  0.0000,  0.0000]])
tensor([[0.1181, 1.0000, 0.0000, 0.0000, 0.0000, 0.0000]])
tensor([[-0.2105,  0.0000,  0.0000,  0.0000,  0.0000,  0.0000]])
tensor([[-0.6949,  1.0000,  0.0000,  0.0000,  0.0000,  0.0000]])
tensor([[0.2104, 1.0000, 0.0000, 0.0000, 0.0000, 0.0000]])
tensor([[-0.3329,  1.0000,  0.0000,  0.0000,  0.0000,  0.0000]])
tensor([[-0.1524,  1.0000,  0.0000,  0.0000,  0.0000,  0.0000]])
tensor([[0.0721, 1.0000, 0.0000, 0.0000, 0.0000, 0.0000]])
tensor([[-0.5194,  1.0000,  0.0000,  0.0000,  0.0000,  0.0000]])
tensor([[-0.1311,  0.0000,  0.0000,  0.0000,  0.0000,  0.0000]])
tensor([[0.8256, 1.0000, 0.0000, 0.0000, 0.0000, 0.0000]])
tensor([[-0.8612,  1.0000,  0.0000,  0.0000,  0.0000,  0.0000]])
tensor([[-0.8021,  1.0000,  0.0000,  0.0000,  0.0000,  0.0000]])
tensor([[0.9225, 1.0000, 0.0000, 0.0000, 0.0000, 0.0000]])
tensor([[0.2589, 1.0000, 0.0000, 0.0000, 0.0000, 0.0000]])
tensor([[-0.9642,  1.0000,  0.0000,  0.0000,  0.0000,  0.0000]])
tensor([[-0.8019,  1.0000,  0.0000,  0.0000,  0.0000,  0.0000]])
tensor([[-0.0170,  0.0000,  0.0000,  0.0000,  0.0000,  0.0000]])
tensor([[0.9090, 1.0000, 0.0000, 1.0000, 0.0000, 0.0000]])
tensor([[-0.0714,  1.0000,  0.0000,  0.0000,  0.0000,  0.0000]])
tensor([[-0.9487,  1.0000,  0.0000,  0.0000,  0.0000,  0.0000]])
tensor([[-0.6222,  1.0000,  0.0000,  0.0000,  0.0000,  0.0000]])
tensor([[0.6292, 1.0000, 0.0000, 0.0000, 0.0000, 0.0000]])
tensor([[0.4230, 1.0000, 0.0000, 0.0000, 0.0000, 0.0000]])
tensor([[-0.7582,  1.0000,  0.0000,  0.0000,  0.0000,  0.0000]])
tensor([[-0.7101,  0.0000,  0.0000,  0.0000,  0.0000,  0.0000]])
tensor([[0.7754, 1.0000, 0.0000, 0.0000, 0.0000, 0.0000]])
tensor([[0.8602, 1.0000, 0.0000, 0.0000, 0.0000, 0.0000]])
tensor([[-0.6381,  1.0000,  0.0000,  1.0000,  0.0000,  0.0000]])
tensor([[-0.9797,  1.0000,  0.0000,  0.0000,  0.0000,  0.0000]])
tensor([[0.5442, 0.0000, 0.0000, 0.0000, 0.0000, 0.0000]])
tensor([[0.9798, 1.0000, 0.0000, 0.0000, 0.0000, 0.0000]])
tensor([[0.2685, 1.0000, 0.0000, 0.0000, 0.0000, 0.0000]])
tensor([[-0.3478,  1.0000,  0.0000,  0.0000,  0.0000,  0.0000]])
tensor([[0.9040, 0.0000, 0.0000, 0.0000, 0.0000, 0.0000]])
tensor([[-0.6492,  1.0000,  0.0000,  0.0000,  0.0000,  0.0000]])
tensor([[-0.7781,  1.0000,  0.0000,  0.0000,  0.0000,  0.0000]])
tensor([[0.8783, 1.0000, 0.0000, 0.0000, 0.0000, 0.0000]])
INFO:root:Agent 0 (TQCars): avg action time = 0.0023s
tensor([[-0.1606,  1.0000,  0.0000,  0.0000,  0.0000,  0.0000]])
tensor([[-0.6005,  1.0000,  0.0000,  0.0000,  0.0000,  0.0000]])
tensor([[0.9232, 1.0000, 0.0000, 0.0000, 0.0000, 0.0000]])
tensor([[0.5861, 1.0000, 0.0000, 0.0000, 0.0000, 0.0000]])
tensor([[-0.9831,  1.0000,  0.0000,  0.0000,  0.0000,  0.0000]])
tensor([[-0.9858,  1.0000,  0.0000,  0.0000,  0.0000,  0.0000]])
tensor([[0.1859, 1.0000, 0.0000, 0.0000, 0.0000, 0.0000]])
tensor([[0.7945, 1.0000, 0.0000, 0.0000, 0.0000, 0.0000]])
{"type": "results", "track": "abyss", "results": [{"key": 0, "reward": 10.0342041015625, "position": 4, "name": "TQCars", "avg_action_time": 0.0023477020447366203}]}
