INFO:root:Loading the agents
INFO:root:Loaded player TQCars
INFO:root:Creating pystk-1
INFO:root:Adding wrapper <function get_wrappers.<locals>.<lambda> at 0x7f3ee26fb420>
INFO:root:Adding wrapper <function get_wrappers.<locals>.<lambda> at 0x7f3ee26fb4c0>
INFO:root:Adding wrapper <function get_wrappers.<locals>.<lambda> at 0x7f3ee26fb560>
INFO:root:Adding wrapper <function get_wrappers.<locals>.<lambda> at 0x7f3ee26fb600>
INFO:root:(multi-env mono adapter) Setting main environment max_paths to 5
INFO:root:Loading trained model from CHECKPOINT-GPUFAC/tqc_EXP16BASEREWARD_500000.pt...
INFO:root:Starting a race
tensor([[-0.5662,  1.0000,  0.0000,  0.0000,  0.0000,  0.0000]])
tensor([[0.2363, 1.0000, 0.0000, 0.0000, 0.0000, 0.0000]])
tensor([[0.6993, 1.0000, 0.0000, 0.0000, 0.0000, 0.0000]])
tensor([[0.5933, 1.0000, 0.0000, 0.0000, 0.0000, 0.0000]])
tensor([[0.0583, 1.0000, 0.0000, 0.0000, 0.0000, 0.0000]])
tensor([[0.1741, 1.0000, 0.0000, 0.0000, 0.0000, 0.0000]])
tensor([[0.6746, 1.0000, 0.0000, 0.0000, 0.0000, 0.0000]])
tensor([[0.1397, 1.0000, 0.0000, 1.0000, 0.0000, 0.0000]])
tensor([[0.9033, 1.0000, 0.0000, 0.0000, 0.0000, 0.0000]])
tensor([[0.6104, 1.0000, 0.0000, 0.0000, 0.0000, 0.0000]])
tensor([[-0.0475,  1.0000,  0.0000,  0.0000,  0.0000,  0.0000]])
tensor([[0.9625, 1.0000, 0.0000, 0.0000, 0.0000, 0.0000]])
tensor([[0.3891, 1.0000, 0.0000, 0.0000, 0.0000, 0.0000]])
tensor([[0.2463, 1.0000, 0.0000, 0.0000, 0.0000, 0.0000]])
tensor([[0.8022, 1.0000, 0.0000, 0.0000, 0.0000, 0.0000]])
tensor([[0.2382, 1.0000, 0.0000, 0.0000, 0.0000, 0.0000]])
tensor([[0.7343, 1.0000, 0.0000, 0.0000, 0.0000, 0.0000]])
tensor([[0.4482, 1.0000, 0.0000, 0.0000, 0.0000, 0.0000]])
tensor([[0.6501, 1.0000, 0.0000, 0.0000, 0.0000, 0.0000]])
tensor([[-0.4454,  1.0000,  0.0000,  0.0000,  0.0000,  0.0000]])
tensor([[-0.2223,  1.0000,  0.0000,  0.0000,  0.0000,  0.0000]])
tensor([[0.0595, 1.0000, 0.0000, 0.0000, 0.0000, 0.0000]])
tensor([[0.8880, 1.0000, 0.0000, 0.0000, 0.0000, 0.0000]])
tensor([[-0.1285,  0.0000,  0.0000,  0.0000,  0.0000,  0.0000]])
tensor([[0.5087, 1.0000, 0.0000, 0.0000, 0.0000, 0.0000]])
tensor([[0.3563, 1.0000, 0.0000, 0.0000, 0.0000, 0.0000]])
tensor([[-0.6023,  1.0000,  0.0000,  0.0000,  0.0000,  0.0000]])
tensor([[0.4497, 1.0000, 0.0000, 0.0000, 0.0000, 0.0000]])
tensor([[0.9197, 1.0000, 0.0000, 0.0000, 0.0000, 0.0000]])
tensor([[-0.6798,  1.0000,  0.0000,  0.0000,  0.0000,  0.0000]])
tensor([[-0.6596,  1.0000,  0.0000,  0.0000,  0.0000,  0.0000]])
tensor([[-0.7397,  1.0000,  0.0000,  0.0000,  0.0000,  0.0000]])
tensor([[0.5955, 1.0000, 0.0000, 0.0000, 0.0000, 0.0000]])
tensor([[-0.6736,  1.0000,  0.0000,  0.0000,  0.0000,  0.0000]])
tensor([[0.1169, 1.0000, 0.0000, 0.0000, 0.0000, 0.0000]])
tensor([[0.2170, 1.0000, 0.0000, 0.0000, 0.0000, 0.0000]])
tensor([[0.4846, 1.0000, 0.0000, 0.0000, 0.0000, 0.0000]])
tensor([[-0.2698,  1.0000,  0.0000,  0.0000,  0.0000,  0.0000]])
tensor([[-0.6508,  1.0000,  0.0000,  0.0000,  0.0000,  0.0000]])
tensor([[0.3425, 1.0000, 0.0000, 0.0000, 0.0000, 0.0000]])
tensor([[0.5318, 1.0000, 0.0000, 0.0000, 0.0000, 0.0000]])
tensor([[0.4571, 1.0000, 0.0000, 0.0000, 0.0000, 0.0000]])
tensor([[0.3394, 1.0000, 0.0000, 0.0000, 0.0000, 0.0000]])
tensor([[-0.2515,  1.0000,  0.0000,  0.0000,  0.0000,  0.0000]])
tensor([[0.1844, 1.0000, 0.0000, 0.0000, 0.0000, 0.0000]])
tensor([[-0.3466,  1.0000,  0.0000,  0.0000,  0.0000,  0.0000]])
tensor([[-0.3531,  0.0000,  0.0000,  0.0000,  0.0000,  0.0000]])
tensor([[-0.8618,  1.0000,  0.0000,  0.0000,  0.0000,  0.0000]])
tensor([[-0.5695,  1.0000,  0.0000,  0.0000,  0.0000,  0.0000]])
tensor([[-0.8509,  1.0000,  0.0000,  0.0000,  0.0000,  0.0000]])
tensor([[0.5825, 1.0000, 0.0000, 0.0000, 0.0000, 0.0000]])
tensor([[-0.4338,  1.0000,  0.0000,  0.0000,  0.0000,  0.0000]])
tensor([[-0.6653,  1.0000,  0.0000,  0.0000,  0.0000,  0.0000]])
tensor([[-0.9252,  1.0000,  0.0000,  0.0000,  0.0000,  0.0000]])
tensor([[0.2150, 1.0000, 0.0000, 0.0000, 0.0000, 0.0000]])
tensor([[-0.8868,  1.0000,  0.0000,  0.0000,  0.0000,  0.0000]])
tensor([[-0.8539,  1.0000,  0.0000,  0.0000,  0.0000,  0.0000]])
tensor([[-0.4146,  1.0000,  0.0000,  0.0000,  0.0000,  0.0000]])
tensor([[-0.1422,  1.0000,  0.0000,  0.0000,  0.0000,  0.0000]])
tensor([[-0.3404,  1.0000,  0.0000,  0.0000,  0.0000,  0.0000]])
tensor([[0.1296, 1.0000, 0.0000, 0.0000, 0.0000, 0.0000]])
tensor([[-0.8136,  1.0000,  0.0000,  0.0000,  0.0000,  0.0000]])
tensor([[0.8266, 1.0000, 0.0000, 0.0000, 0.0000, 0.0000]])
tensor([[0.3496, 1.0000, 0.0000, 0.0000, 0.0000, 0.0000]])
tensor([[-0.6531,  1.0000,  0.0000,  0.0000,  0.0000,  0.0000]])
tensor([[0.0771, 1.0000, 0.0000, 0.0000, 0.0000, 0.0000]])
tensor([[-0.6252,  1.0000,  0.0000,  0.0000,  0.0000,  0.0000]])
tensor([[-0.8673,  1.0000,  0.0000,  0.0000,  0.0000,  0.0000]])
tensor([[-0.7998,  1.0000,  0.0000,  0.0000,  0.0000,  0.0000]])
tensor([[-0.8346,  1.0000,  0.0000,  0.0000,  0.0000,  0.0000]])
tensor([[-0.2095,  1.0000,  0.0000,  0.0000,  0.0000,  0.0000]])
tensor([[0.0337, 1.0000, 0.0000, 0.0000, 0.0000, 0.0000]])
tensor([[-0.8710,  1.0000,  0.0000,  0.0000,  0.0000,  0.0000]])
tensor([[-0.3721,  1.0000,  0.0000,  0.0000,  0.0000,  0.0000]])
tensor([[-0.8783,  1.0000,  0.0000,  0.0000,  0.0000,  0.0000]])
tensor([[0.2161, 1.0000, 0.0000, 0.0000, 0.0000, 0.0000]])
tensor([[0.9073, 1.0000, 1.0000, 0.0000, 0.0000, 0.0000]])
tensor([[0.7081, 1.0000, 0.0000, 0.0000, 0.0000, 0.0000]])
tensor([[-0.7978,  1.0000,  0.0000,  0.0000,  0.0000,  0.0000]])
tensor([[0.4641, 1.0000, 0.0000, 0.0000, 0.0000, 0.0000]])
tensor([[0.0238, 1.0000, 0.0000, 0.0000, 0.0000, 0.0000]])
tensor([[0.2130, 1.0000, 0.0000, 0.0000, 0.0000, 0.0000]])
tensor([[0.9407, 1.0000, 0.0000, 0.0000, 0.0000, 0.0000]])
tensor([[0.9660, 1.0000, 0.0000, 0.0000, 0.0000, 0.0000]])
tensor([[-0.3962,  1.0000,  0.0000,  0.0000,  0.0000,  0.0000]])
tensor([[-0.1473,  1.0000,  0.0000,  0.0000,  0.0000,  0.0000]])
tensor([[-0.1809,  1.0000,  0.0000,  0.0000,  0.0000,  0.0000]])
tensor([[0.8175, 1.0000, 0.0000, 0.0000, 0.0000, 0.0000]])
tensor([[0.3648, 1.0000, 0.0000, 0.0000, 0.0000, 0.0000]])
tensor([[0.5222, 1.0000, 0.0000, 0.0000, 0.0000, 0.0000]])
tensor([[-0.2370,  1.0000,  0.0000,  0.0000,  0.0000,  0.0000]])
tensor([[0.6125, 1.0000, 0.0000, 0.0000, 0.0000, 0.0000]])
tensor([[-0.8460,  0.0000,  1.0000,  0.0000,  0.0000,  0.0000]])
tensor([[0.6017, 1.0000, 0.0000, 0.0000, 0.0000, 0.0000]])
tensor([[-0.1720,  1.0000,  0.0000,  0.0000,  0.0000,  0.0000]])
tensor([[0.9922, 1.0000, 0.0000, 0.0000, 0.0000, 0.0000]])
tensor([[0.8354, 1.0000, 0.0000, 0.0000, 0.0000, 0.0000]])
tensor([[0.8961, 1.0000, 0.0000, 0.0000, 0.0000, 0.0000]])
tensor([[0.8888, 1.0000, 0.0000, 0.0000, 0.0000, 0.0000]])
tensor([[0.9621, 1.0000, 0.0000, 0.0000, 0.0000, 0.0000]])
tensor([[0.9571, 0.0000, 0.0000, 0.0000, 0.0000, 0.0000]])
tensor([[0.9341, 1.0000, 0.0000, 0.0000, 0.0000, 0.0000]])
tensor([[0.9790, 1.0000, 0.0000, 0.0000, 0.0000, 0.0000]])
tensor([[0.9562, 1.0000, 0.0000, 0.0000, 0.0000, 0.0000]])
tensor([[0.8350, 1.0000, 0.0000, 0.0000, 0.0000, 0.0000]])
tensor([[0.9305, 1.0000, 0.0000, 0.0000, 0.0000, 0.0000]])
tensor([[0.9668, 1.0000, 0.0000, 0.0000, 0.0000, 0.0000]])
tensor([[0.5053, 1.0000, 0.0000, 0.0000, 0.0000, 0.0000]])
tensor([[-0.4874,  1.0000,  0.0000,  0.0000,  0.0000,  0.0000]])
tensor([[-0.8198,  1.0000,  0.0000,  0.0000,  0.0000,  0.0000]])
tensor([[0.6378, 1.0000, 0.0000, 0.0000, 0.0000, 0.0000]])
tensor([[0.6974, 1.0000, 0.0000, 0.0000, 0.0000, 0.0000]])
tensor([[0.9850, 1.0000, 0.0000, 0.0000, 0.0000, 0.0000]])
tensor([[0.9205, 0.0000, 0.0000, 0.0000, 0.0000, 0.0000]])
tensor([[-0.7149,  1.0000,  0.0000,  0.0000,  0.0000,  0.0000]])
tensor([[0.7668, 1.0000, 0.0000, 0.0000, 0.0000, 0.0000]])
tensor([[0.9757, 1.0000, 0.0000, 0.0000, 0.0000, 0.0000]])
tensor([[0.7824, 1.0000, 0.0000, 0.0000, 0.0000, 0.0000]])
tensor([[0.2267, 1.0000, 0.0000, 0.0000, 0.0000, 0.0000]])
tensor([[0.6568, 1.0000, 0.0000, 0.0000, 0.0000, 0.0000]])
tensor([[0.0882, 1.0000, 0.0000, 0.0000, 0.0000, 0.0000]])
tensor([[0.0999, 1.0000, 0.0000, 0.0000, 0.0000, 0.0000]])
tensor([[-0.5987,  1.0000,  0.0000,  0.0000,  0.0000,  0.0000]])
tensor([[0.8383, 1.0000, 0.0000, 0.0000, 0.0000, 0.0000]])
tensor([[0.9698, 1.0000, 0.0000, 0.0000, 0.0000, 0.0000]])
tensor([[-0.1298,  1.0000,  0.0000,  0.0000,  0.0000,  0.0000]])
tensor([[-0.8016,  1.0000,  0.0000,  0.0000,  0.0000,  0.0000]])
tensor([[-0.7840,  1.0000,  0.0000,  0.0000,  0.0000,  0.0000]])
tensor([[-0.5152,  1.0000,  0.0000,  0.0000,  0.0000,  0.0000]])
tensor([[0.5098, 1.0000, 0.0000, 0.0000, 0.0000, 0.0000]])
tensor([[0.7906, 1.0000, 0.0000, 0.0000, 0.0000, 0.0000]])
tensor([[-0.3753,  1.0000,  0.0000,  0.0000,  0.0000,  0.0000]])
tensor([[0.9705, 1.0000, 0.0000, 0.0000, 0.0000, 0.0000]])
tensor([[0.4256, 1.0000, 1.0000, 0.0000, 0.0000, 0.0000]])
tensor([[0.4408, 1.0000, 0.0000, 0.0000, 0.0000, 0.0000]])
tensor([[0.3936, 1.0000, 0.0000, 0.0000, 0.0000, 0.0000]])
tensor([[0.8724, 1.0000, 0.0000, 0.0000, 0.0000, 0.0000]])
tensor([[0.9705, 1.0000, 0.0000, 0.0000, 0.0000, 0.0000]])
tensor([[0.4888, 1.0000, 0.0000, 0.0000, 0.0000, 0.0000]])
tensor([[0.8817, 1.0000, 0.0000, 0.0000, 0.0000, 0.0000]])
tensor([[0.7052, 1.0000, 0.0000, 0.0000, 0.0000, 0.0000]])
tensor([[-0.7070,  1.0000,  0.0000,  0.0000,  0.0000,  0.0000]])
tensor([[0.0435, 1.0000, 0.0000, 0.0000, 0.0000, 0.0000]])
tensor([[0.6783, 1.0000, 0.0000, 0.0000, 0.0000, 0.0000]])
tensor([[-0.1058,  1.0000,  0.0000,  0.0000,  0.0000,  0.0000]])
tensor([[-0.7352,  1.0000,  0.0000,  0.0000,  0.0000,  0.0000]])
tensor([[-0.5978,  1.0000,  0.0000,  0.0000,  0.0000,  0.0000]])
tensor([[-0.4249,  1.0000,  0.0000,  0.0000,  0.0000,  0.0000]])
tensor([[-0.5165,  1.0000,  0.0000,  0.0000,  0.0000,  0.0000]])
tensor([[-0.6498,  1.0000,  0.0000,  0.0000,  0.0000,  0.0000]])
tensor([[-0.6400,  1.0000,  0.0000,  0.0000,  0.0000,  0.0000]])
tensor([[-0.4715,  1.0000,  0.0000,  0.0000,  0.0000,  0.0000]])
tensor([[-0.0820,  1.0000,  0.0000,  0.0000,  0.0000,  0.0000]])
tensor([[-0.5362,  1.0000,  0.0000,  0.0000,  0.0000,  0.0000]])
tensor([[-0.2187,  1.0000,  0.0000,  0.0000,  0.0000,  0.0000]])
tensor([[0.1496, 1.0000, 0.0000, 0.0000, 0.0000, 0.0000]])
tensor([[0.0190, 1.0000, 0.0000, 0.0000, 0.0000, 0.0000]])
tensor([[-0.4673,  1.0000,  0.0000,  0.0000,  0.0000,  0.0000]])
tensor([[-0.3362,  1.0000,  0.0000,  0.0000,  0.0000,  0.0000]])
tensor([[0.2250, 1.0000, 0.0000, 0.0000, 0.0000, 0.0000]])
tensor([[-0.6487,  1.0000,  0.0000,  1.0000,  0.0000,  0.0000]])
tensor([[-0.5538,  1.0000,  0.0000,  0.0000,  0.0000,  0.0000]])
tensor([[-0.2449,  1.0000,  0.0000,  0.0000,  0.0000,  0.0000]])
tensor([[-0.5982,  1.0000,  0.0000,  0.0000,  0.0000,  0.0000]])
tensor([[0.5469, 1.0000, 0.0000, 1.0000, 0.0000, 0.0000]])
tensor([[0.4467, 1.0000, 0.0000, 0.0000, 0.0000, 0.0000]])
tensor([[-0.3461,  1.0000,  0.0000,  0.0000,  0.0000,  0.0000]])
tensor([[-0.3830,  1.0000,  0.0000,  0.0000,  0.0000,  0.0000]])
tensor([[-0.9809,  1.0000,  0.0000,  0.0000,  0.0000,  0.0000]])
tensor([[-0.4649,  1.0000,  0.0000,  0.0000,  0.0000,  0.0000]])
tensor([[-0.8557,  1.0000,  0.0000,  0.0000,  0.0000,  0.0000]])
tensor([[-0.2576,  1.0000,  0.0000,  0.0000,  0.0000,  0.0000]])
tensor([[-0.7955,  1.0000,  0.0000,  0.0000,  0.0000,  0.0000]])
tensor([[-0.0648,  1.0000,  0.0000,  0.0000,  0.0000,  0.0000]])
tensor([[-0.3651,  1.0000,  0.0000,  0.0000,  0.0000,  0.0000]])
tensor([[-0.7533,  1.0000,  0.0000,  0.0000,  0.0000,  0.0000]])
tensor([[-0.5338,  1.0000,  0.0000,  0.0000,  0.0000,  0.0000]])
tensor([[-0.3754,  1.0000,  0.0000,  0.0000,  0.0000,  0.0000]])
tensor([[-0.7062,  1.0000,  0.0000,  0.0000,  0.0000,  0.0000]])
tensor([[-0.9708,  1.0000,  0.0000,  0.0000,  0.0000,  0.0000]])
tensor([[-0.8225,  0.0000,  0.0000,  0.0000,  0.0000,  0.0000]])
tensor([[-0.8207,  1.0000,  0.0000,  0.0000,  0.0000,  0.0000]])
tensor([[-0.6812,  1.0000,  0.0000,  0.0000,  0.0000,  0.0000]])
tensor([[-0.2383,  1.0000,  0.0000,  0.0000,  0.0000,  0.0000]])
tensor([[-0.7962,  1.0000,  0.0000,  0.0000,  0.0000,  0.0000]])
tensor([[-0.6372,  1.0000,  0.0000,  0.0000,  0.0000,  0.0000]])
tensor([[-0.0491,  1.0000,  0.0000,  0.0000,  0.0000,  0.0000]])
tensor([[-0.4476,  1.0000,  0.0000,  0.0000,  0.0000,  0.0000]])
tensor([[-0.1866,  1.0000,  0.0000,  0.0000,  0.0000,  0.0000]])
tensor([[-0.1567,  1.0000,  0.0000,  0.0000,  0.0000,  0.0000]])
tensor([[-0.7755,  1.0000,  0.0000,  0.0000,  0.0000,  0.0000]])
tensor([[-0.1558,  1.0000,  0.0000,  0.0000,  0.0000,  0.0000]])
tensor([[-0.8095,  1.0000,  0.0000,  0.0000,  0.0000,  0.0000]])
tensor([[0.1430, 1.0000, 0.0000, 0.0000, 0.0000, 0.0000]])
tensor([[-0.4695,  1.0000,  0.0000,  0.0000,  0.0000,  0.0000]])
tensor([[-0.7957,  1.0000,  0.0000,  0.0000,  0.0000,  0.0000]])
tensor([[0.1915, 0.0000, 0.0000, 0.0000, 0.0000, 0.0000]])
tensor([[-0.9503,  1.0000,  0.0000,  0.0000,  0.0000,  0.0000]])
tensor([[-0.9462,  1.0000,  0.0000,  0.0000,  0.0000,  0.0000]])
tensor([[-0.3013,  1.0000,  0.0000,  0.0000,  0.0000,  0.0000]])
tensor([[-0.7712,  1.0000,  0.0000,  0.0000,  0.0000,  0.0000]])
tensor([[0.0663, 1.0000, 0.0000, 0.0000, 0.0000, 0.0000]])
tensor([[-0.0952,  1.0000,  0.0000,  0.0000,  0.0000,  0.0000]])
tensor([[0.7434, 1.0000, 0.0000, 0.0000, 0.0000, 0.0000]])
tensor([[0.1874, 0.0000, 0.0000, 0.0000, 0.0000, 0.0000]])
tensor([[0.2131, 1.0000, 0.0000, 0.0000, 0.0000, 0.0000]])
tensor([[-0.8336,  1.0000,  0.0000,  0.0000,  0.0000,  0.0000]])
tensor([[-0.2728,  1.0000,  0.0000,  0.0000,  0.0000,  0.0000]])
tensor([[-0.2905,  1.0000,  0.0000,  0.0000,  0.0000,  0.0000]])
tensor([[-0.9033,  1.0000,  0.0000,  0.0000,  0.0000,  0.0000]])
tensor([[-0.5128,  1.0000,  0.0000,  0.0000,  0.0000,  0.0000]])
tensor([[0.5792, 1.0000, 0.0000, 0.0000, 0.0000, 0.0000]])
tensor([[-0.2280,  1.0000,  0.0000,  0.0000,  0.0000,  0.0000]])
tensor([[0.8066, 1.0000, 0.0000, 1.0000, 0.0000, 0.0000]])
tensor([[0.6441, 1.0000, 0.0000, 0.0000, 0.0000, 0.0000]])
tensor([[-0.7335,  1.0000,  0.0000,  0.0000,  0.0000,  0.0000]])
tensor([[-0.8157,  1.0000,  0.0000,  0.0000,  0.0000,  0.0000]])
tensor([[0.0862, 1.0000, 0.0000, 0.0000, 0.0000, 0.0000]])
tensor([[0.8729, 1.0000, 0.0000, 0.0000, 0.0000, 0.0000]])
tensor([[0.6631, 1.0000, 0.0000, 0.0000, 0.0000, 0.0000]])
tensor([[-0.0189,  1.0000,  0.0000,  1.0000,  0.0000,  0.0000]])
tensor([[0.5023, 1.0000, 0.0000, 0.0000, 0.0000, 0.0000]])
tensor([[-0.3173,  1.0000,  1.0000,  0.0000,  0.0000,  0.0000]])
tensor([[0.9260, 1.0000, 0.0000, 0.0000, 0.0000, 0.0000]])
tensor([[0.8915, 1.0000, 0.0000, 0.0000, 0.0000, 0.0000]])
tensor([[0.9234, 1.0000, 0.0000, 0.0000, 0.0000, 0.0000]])
tensor([[0.9391, 1.0000, 0.0000, 0.0000, 0.0000, 0.0000]])
tensor([[0.7089, 1.0000, 0.0000, 0.0000, 0.0000, 0.0000]])
tensor([[0.4647, 1.0000, 0.0000, 0.0000, 0.0000, 0.0000]])
tensor([[0.8903, 1.0000, 0.0000, 0.0000, 0.0000, 0.0000]])
tensor([[0.5347, 1.0000, 0.0000, 0.0000, 0.0000, 0.0000]])
tensor([[0.9127, 1.0000, 0.0000, 0.0000, 0.0000, 0.0000]])
tensor([[0.5416, 1.0000, 0.0000, 0.0000, 0.0000, 0.0000]])
tensor([[0.8012, 0.0000, 0.0000, 0.0000, 0.0000, 0.0000]])
tensor([[-0.5218,  1.0000,  0.0000,  0.0000,  0.0000,  0.0000]])
tensor([[0.4458, 1.0000, 0.0000, 0.0000, 0.0000, 0.0000]])
tensor([[0.2454, 1.0000, 0.0000, 0.0000, 0.0000, 0.0000]])
tensor([[0.7904, 1.0000, 0.0000, 0.0000, 0.0000, 0.0000]])
tensor([[0.0510, 1.0000, 0.0000, 0.0000, 0.0000, 0.0000]])
tensor([[-0.1714,  1.0000,  0.0000,  0.0000,  0.0000,  0.0000]])
tensor([[0.5237, 1.0000, 0.0000, 0.0000, 0.0000, 0.0000]])
tensor([[-0.5233,  1.0000,  0.0000,  0.0000,  0.0000,  0.0000]])
tensor([[0.1687, 1.0000, 0.0000, 0.0000, 0.0000, 0.0000]])
tensor([[0.6652, 1.0000, 0.0000, 0.0000, 0.0000, 0.0000]])
tensor([[0.4185, 1.0000, 0.0000, 0.0000, 0.0000, 0.0000]])
tensor([[-0.2398,  0.0000,  0.0000,  0.0000,  0.0000,  0.0000]])
tensor([[0.6803, 1.0000, 0.0000, 0.0000, 0.0000, 0.0000]])
tensor([[-0.0566,  1.0000,  0.0000,  0.0000,  0.0000,  0.0000]])
tensor([[-0.4614,  1.0000,  0.0000,  0.0000,  0.0000,  0.0000]])
tensor([[0.3484, 1.0000, 0.0000, 0.0000, 0.0000, 0.0000]])
tensor([[0.0532, 1.0000, 0.0000, 0.0000, 0.0000, 0.0000]])
tensor([[-0.8244,  1.0000,  0.0000,  0.0000,  0.0000,  0.0000]])
tensor([[-0.6873,  1.0000,  0.0000,  0.0000,  0.0000,  0.0000]])
tensor([[-0.8572,  1.0000,  0.0000,  0.0000,  0.0000,  0.0000]])
tensor([[-0.6185,  1.0000,  0.0000,  1.0000,  0.0000,  0.0000]])
tensor([[-0.9155,  1.0000,  0.0000,  0.0000,  0.0000,  0.0000]])
tensor([[-0.5277,  1.0000,  0.0000,  0.0000,  0.0000,  0.0000]])
tensor([[-0.8551,  1.0000,  1.0000,  0.0000,  0.0000,  0.0000]])
tensor([[0.5572, 1.0000, 0.0000, 0.0000, 0.0000, 0.0000]])
tensor([[0.7162, 1.0000, 0.0000, 0.0000, 0.0000, 0.0000]])
tensor([[-0.6431,  1.0000,  0.0000,  0.0000,  0.0000,  0.0000]])
tensor([[-0.4146,  1.0000,  0.0000,  0.0000,  0.0000,  0.0000]])
tensor([[-0.7092,  1.0000,  0.0000,  0.0000,  0.0000,  0.0000]])
tensor([[0.2089, 1.0000, 0.0000, 0.0000, 0.0000, 0.0000]])
tensor([[-0.5794,  1.0000,  0.0000,  0.0000,  0.0000,  0.0000]])
tensor([[0.6956, 1.0000, 0.0000, 0.0000, 0.0000, 0.0000]])
tensor([[-0.6028,  1.0000,  0.0000,  1.0000,  0.0000,  0.0000]])
tensor([[0.6789, 1.0000, 0.0000, 0.0000, 0.0000, 0.0000]])
tensor([[0.7527, 1.0000, 0.0000, 0.0000, 0.0000, 0.0000]])
tensor([[0.5389, 1.0000, 0.0000, 0.0000, 0.0000, 0.0000]])
tensor([[-0.0375,  1.0000,  0.0000,  0.0000,  0.0000,  0.0000]])
tensor([[-0.2252,  1.0000,  0.0000,  0.0000,  0.0000,  0.0000]])
tensor([[0.7563, 1.0000, 0.0000, 0.0000, 0.0000, 0.0000]])
tensor([[0.4525, 1.0000, 0.0000, 0.0000, 0.0000, 0.0000]])
tensor([[0.6852, 1.0000, 0.0000, 0.0000, 0.0000, 0.0000]])
tensor([[0.8858, 1.0000, 0.0000, 0.0000, 0.0000, 0.0000]])
tensor([[0.3209, 1.0000, 0.0000, 0.0000, 0.0000, 0.0000]])
tensor([[0.7992, 1.0000, 0.0000, 0.0000, 0.0000, 0.0000]])
tensor([[0.8625, 1.0000, 0.0000, 0.0000, 0.0000, 0.0000]])
tensor([[0.9217, 1.0000, 0.0000, 0.0000, 0.0000, 0.0000]])
tensor([[0.9074, 1.0000, 0.0000, 0.0000, 0.0000, 0.0000]])
tensor([[0.8164, 1.0000, 0.0000, 0.0000, 0.0000, 0.0000]])
tensor([[0.8999, 1.0000, 0.0000, 0.0000, 0.0000, 0.0000]])
tensor([[0.9604, 1.0000, 0.0000, 0.0000, 0.0000, 0.0000]])
tensor([[0.6764, 1.0000, 0.0000, 0.0000, 0.0000, 0.0000]])
tensor([[0.5813, 1.0000, 0.0000, 0.0000, 0.0000, 0.0000]])
tensor([[0.9815, 1.0000, 0.0000, 0.0000, 0.0000, 0.0000]])
tensor([[0.9929, 1.0000, 0.0000, 0.0000, 0.0000, 0.0000]])
tensor([[0.8882, 1.0000, 0.0000, 0.0000, 0.0000, 0.0000]])
tensor([[-0.2996,  1.0000,  0.0000,  0.0000,  0.0000,  0.0000]])
tensor([[0.6841, 1.0000, 0.0000, 0.0000, 0.0000, 0.0000]])
tensor([[0.1904, 1.0000, 0.0000, 0.0000, 0.0000, 0.0000]])
tensor([[-0.1997,  1.0000,  0.0000,  0.0000,  0.0000,  0.0000]])
tensor([[-0.5919,  1.0000,  0.0000,  0.0000,  0.0000,  0.0000]])
tensor([[-0.9487,  1.0000,  1.0000,  0.0000,  0.0000,  0.0000]])
tensor([[-0.8118,  1.0000,  0.0000,  0.0000,  0.0000,  0.0000]])
tensor([[0.9222, 1.0000, 0.0000, 0.0000, 0.0000, 0.0000]])
tensor([[0.9204, 1.0000, 0.0000, 0.0000, 0.0000, 0.0000]])
tensor([[0.6980, 1.0000, 0.0000, 0.0000, 0.0000, 0.0000]])
tensor([[0.8795, 1.0000, 0.0000, 0.0000, 0.0000, 0.0000]])
tensor([[0.9191, 1.0000, 0.0000, 0.0000, 0.0000, 0.0000]])
tensor([[0.9821, 1.0000, 0.0000, 0.0000, 0.0000, 0.0000]])
tensor([[0.9666, 1.0000, 0.0000, 0.0000, 0.0000, 0.0000]])
tensor([[0.9482, 1.0000, 0.0000, 0.0000, 0.0000, 0.0000]])
tensor([[-0.1994,  1.0000,  0.0000,  0.0000,  0.0000,  0.0000]])
tensor([[0.3458, 1.0000, 0.0000, 0.0000, 0.0000, 0.0000]])
tensor([[0.9653, 1.0000, 0.0000, 0.0000, 0.0000, 0.0000]])
tensor([[0.9760, 1.0000, 0.0000, 0.0000, 0.0000, 0.0000]])
tensor([[0.7530, 1.0000, 0.0000, 0.0000, 0.0000, 0.0000]])
tensor([[0.9173, 1.0000, 0.0000, 0.0000, 0.0000, 0.0000]])
tensor([[-0.4683,  1.0000,  0.0000,  0.0000,  0.0000,  0.0000]])
tensor([[0.6682, 1.0000, 0.0000, 0.0000, 0.0000, 0.0000]])
tensor([[0.3152, 1.0000, 0.0000, 0.0000, 0.0000, 0.0000]])
tensor([[-0.0684,  1.0000,  0.0000,  0.0000,  0.0000,  0.0000]])
tensor([[-0.2545,  1.0000,  0.0000,  0.0000,  0.0000,  0.0000]])
tensor([[-0.8889,  1.0000,  0.0000,  0.0000,  0.0000,  0.0000]])
tensor([[-0.7073,  1.0000,  0.0000,  0.0000,  0.0000,  0.0000]])
tensor([[0.6514, 1.0000, 0.0000, 0.0000, 0.0000, 0.0000]])
tensor([[-0.6341,  1.0000,  1.0000,  0.0000,  0.0000,  0.0000]])
tensor([[-0.1534,  1.0000,  0.0000,  0.0000,  0.0000,  0.0000]])
tensor([[0.9838, 1.0000, 0.0000, 1.0000, 0.0000, 0.0000]])
tensor([[0.8242, 1.0000, 0.0000, 0.0000, 0.0000, 0.0000]])
tensor([[0.6371, 1.0000, 0.0000, 0.0000, 0.0000, 0.0000]])
tensor([[0.5704, 1.0000, 0.0000, 0.0000, 0.0000, 0.0000]])
tensor([[0.7537, 1.0000, 0.0000, 0.0000, 0.0000, 0.0000]])
tensor([[0.5846, 1.0000, 0.0000, 0.0000, 0.0000, 0.0000]])
tensor([[0.2960, 1.0000, 0.0000, 0.0000, 0.0000, 0.0000]])
tensor([[0.6886, 1.0000, 0.0000, 0.0000, 0.0000, 0.0000]])
tensor([[0.1141, 1.0000, 0.0000, 0.0000, 0.0000, 0.0000]])
tensor([[-0.1741,  1.0000,  0.0000,  0.0000,  0.0000,  0.0000]])
tensor([[0.8669, 1.0000, 0.0000, 0.0000, 0.0000, 0.0000]])
tensor([[0.5301, 1.0000, 0.0000, 0.0000, 0.0000, 0.0000]])
tensor([[-0.4678,  1.0000,  0.0000,  0.0000,  0.0000,  0.0000]])
tensor([[-0.0859,  1.0000,  0.0000,  0.0000,  0.0000,  0.0000]])
tensor([[-0.8257,  1.0000,  0.0000,  0.0000,  0.0000,  0.0000]])
tensor([[0.1295, 1.0000, 0.0000, 0.0000, 0.0000, 0.0000]])
tensor([[0.4756, 1.0000, 0.0000, 0.0000, 0.0000, 0.0000]])
tensor([[0.2304, 1.0000, 0.0000, 0.0000, 0.0000, 0.0000]])
tensor([[0.1092, 1.0000, 0.0000, 0.0000, 0.0000, 0.0000]])
tensor([[0.2605, 1.0000, 0.0000, 0.0000, 0.0000, 0.0000]])
tensor([[-0.2538,  1.0000,  0.0000,  0.0000,  0.0000,  0.0000]])
tensor([[0.5424, 1.0000, 0.0000, 0.0000, 0.0000, 0.0000]])
tensor([[0.3262, 1.0000, 0.0000, 0.0000, 0.0000, 0.0000]])
tensor([[0.5021, 1.0000, 0.0000, 0.0000, 0.0000, 0.0000]])
tensor([[-0.6390,  1.0000,  0.0000,  0.0000,  0.0000,  0.0000]])
tensor([[-0.1094,  1.0000,  0.0000,  0.0000,  0.0000,  0.0000]])
tensor([[0.7873, 1.0000, 0.0000, 0.0000, 0.0000, 0.0000]])
tensor([[0.1455, 1.0000, 0.0000, 0.0000, 0.0000, 0.0000]])
tensor([[0.4604, 1.0000, 0.0000, 0.0000, 0.0000, 0.0000]])
tensor([[0.2493, 1.0000, 0.0000, 0.0000, 0.0000, 0.0000]])
tensor([[-0.6566,  1.0000,  0.0000,  0.0000,  0.0000,  0.0000]])
tensor([[-0.5908,  1.0000,  0.0000,  0.0000,  0.0000,  0.0000]])
tensor([[0.4059, 1.0000, 0.0000, 0.0000, 0.0000, 0.0000]])
tensor([[-0.7461,  1.0000,  0.0000,  0.0000,  0.0000,  0.0000]])
tensor([[-0.2268,  1.0000,  0.0000,  0.0000,  0.0000,  0.0000]])
tensor([[-0.4624,  1.0000,  0.0000,  0.0000,  0.0000,  0.0000]])
tensor([[0.2173, 1.0000, 0.0000, 0.0000, 0.0000, 0.0000]])
tensor([[-0.3315,  1.0000,  0.0000,  0.0000,  0.0000,  0.0000]])
tensor([[-0.3471,  1.0000,  0.0000,  0.0000,  0.0000,  0.0000]])
tensor([[-0.8894,  1.0000,  0.0000,  0.0000,  0.0000,  0.0000]])
tensor([[0.1894, 1.0000, 0.0000, 0.0000, 0.0000, 0.0000]])
tensor([[-0.6930,  1.0000,  0.0000,  0.0000,  0.0000,  0.0000]])
tensor([[-0.4018,  1.0000,  0.0000,  1.0000,  0.0000,  0.0000]])
tensor([[0.4936, 1.0000, 0.0000, 0.0000, 0.0000, 0.0000]])
tensor([[0.0275, 1.0000, 0.0000, 0.0000, 0.0000, 0.0000]])
tensor([[0.3569, 1.0000, 0.0000, 0.0000, 0.0000, 0.0000]])
tensor([[-0.0443,  1.0000,  0.0000,  0.0000,  0.0000,  0.0000]])
tensor([[-0.1905,  1.0000,  0.0000,  0.0000,  0.0000,  0.0000]])
tensor([[0.7688, 1.0000, 0.0000, 0.0000, 0.0000, 0.0000]])
tensor([[0.8497, 1.0000, 0.0000, 0.0000, 0.0000, 0.0000]])
tensor([[0.2187, 1.0000, 0.0000, 0.0000, 0.0000, 0.0000]])
tensor([[-0.2642,  1.0000,  0.0000,  0.0000,  0.0000,  0.0000]])
tensor([[-0.4698,  1.0000,  0.0000,  0.0000,  0.0000,  0.0000]])
tensor([[-0.3624,  1.0000,  0.0000,  0.0000,  0.0000,  0.0000]])
tensor([[0.3472, 1.0000, 0.0000, 0.0000, 0.0000, 0.0000]])
tensor([[-0.7911,  1.0000,  0.0000,  0.0000,  0.0000,  0.0000]])
tensor([[-0.3525,  1.0000,  0.0000,  0.0000,  0.0000,  0.0000]])
tensor([[-0.6172,  1.0000,  0.0000,  0.0000,  0.0000,  0.0000]])
tensor([[0.5906, 1.0000, 0.0000, 0.0000, 1.0000, 0.0000]])
tensor([[-0.9149,  1.0000,  0.0000,  0.0000,  0.0000,  0.0000]])
tensor([[-0.8972,  0.0000,  0.0000,  0.0000,  0.0000,  0.0000]])
tensor([[-0.9617,  1.0000,  0.0000,  0.0000,  0.0000,  0.0000]])
tensor([[0.4111, 1.0000, 0.0000, 0.0000, 0.0000, 0.0000]])
tensor([[-0.7680,  1.0000,  1.0000,  0.0000,  0.0000,  0.0000]])
tensor([[-0.6294,  1.0000,  0.0000,  0.0000,  0.0000,  0.0000]])
tensor([[-0.9202,  1.0000,  0.0000,  0.0000,  0.0000,  0.0000]])
tensor([[-0.7190,  1.0000,  0.0000,  0.0000,  0.0000,  0.0000]])
tensor([[-0.8568,  1.0000,  0.0000,  0.0000,  0.0000,  0.0000]])
tensor([[-0.8299,  1.0000,  0.0000,  0.0000,  0.0000,  0.0000]])
tensor([[-0.6483,  1.0000,  0.0000,  0.0000,  0.0000,  0.0000]])
tensor([[-0.4315,  1.0000,  0.0000,  0.0000,  0.0000,  0.0000]])
tensor([[-0.0203,  1.0000,  0.0000,  0.0000,  0.0000,  0.0000]])
tensor([[-0.6754,  1.0000,  0.0000,  0.0000,  0.0000,  0.0000]])
tensor([[-0.5597,  1.0000,  1.0000,  0.0000,  0.0000,  0.0000]])
tensor([[-0.8799,  1.0000,  0.0000,  0.0000,  0.0000,  0.0000]])
tensor([[-0.8444,  1.0000,  0.0000,  1.0000,  0.0000,  0.0000]])
tensor([[-0.4658,  1.0000,  0.0000,  0.0000,  0.0000,  0.0000]])
tensor([[-0.5118,  1.0000,  0.0000,  0.0000,  0.0000,  0.0000]])
tensor([[0.1674, 1.0000, 0.0000, 0.0000, 0.0000, 0.0000]])
tensor([[-0.3956,  1.0000,  0.0000,  0.0000,  0.0000,  0.0000]])
tensor([[-0.4894,  1.0000,  0.0000,  0.0000,  0.0000,  0.0000]])
tensor([[-0.1600,  1.0000,  0.0000,  0.0000,  0.0000,  0.0000]])
tensor([[-0.2877,  1.0000,  0.0000,  0.0000,  0.0000,  0.0000]])
tensor([[-0.7194,  1.0000,  0.0000,  0.0000,  0.0000,  0.0000]])
tensor([[0.1377, 1.0000, 0.0000, 0.0000, 0.0000, 0.0000]])
tensor([[0.5646, 1.0000, 0.0000, 0.0000, 0.0000, 0.0000]])
tensor([[0.2874, 1.0000, 0.0000, 1.0000, 0.0000, 0.0000]])
tensor([[-0.0384,  1.0000,  0.0000,  0.0000,  0.0000,  0.0000]])
tensor([[-0.8366,  1.0000,  0.0000,  0.0000,  0.0000,  0.0000]])
tensor([[-0.1406,  1.0000,  0.0000,  0.0000,  0.0000,  0.0000]])
tensor([[-0.4473,  1.0000,  0.0000,  0.0000,  0.0000,  0.0000]])
tensor([[-0.9188,  1.0000,  0.0000,  0.0000,  0.0000,  0.0000]])
tensor([[-0.3210,  1.0000,  0.0000,  0.0000,  0.0000,  0.0000]])
tensor([[0.5428, 1.0000, 0.0000, 0.0000, 0.0000, 0.0000]])
tensor([[0.1975, 1.0000, 0.0000, 0.0000, 0.0000, 0.0000]])
tensor([[-0.5323,  1.0000,  0.0000,  0.0000,  0.0000,  0.0000]])
tensor([[-0.1806,  1.0000,  0.0000,  0.0000,  0.0000,  0.0000]])
tensor([[-0.0276,  1.0000,  0.0000,  0.0000,  0.0000,  0.0000]])
tensor([[-0.4151,  1.0000,  0.0000,  0.0000,  0.0000,  0.0000]])
tensor([[0.4579, 1.0000, 0.0000, 0.0000, 0.0000, 0.0000]])
tensor([[0.6870, 1.0000, 0.0000, 0.0000, 0.0000, 0.0000]])
tensor([[0.3089, 1.0000, 0.0000, 0.0000, 0.0000, 0.0000]])
tensor([[-0.8339,  1.0000,  0.0000,  0.0000,  0.0000,  0.0000]])
tensor([[-0.2036,  1.0000,  0.0000,  0.0000,  0.0000,  0.0000]])
tensor([[0.4082, 1.0000, 0.0000, 0.0000, 0.0000, 0.0000]])
tensor([[0.9573, 1.0000, 0.0000, 0.0000, 0.0000, 0.0000]])
tensor([[0.4901, 1.0000, 0.0000, 0.0000, 0.0000, 0.0000]])
tensor([[0.6111, 1.0000, 0.0000, 0.0000, 0.0000, 0.0000]])
tensor([[0.4776, 1.0000, 0.0000, 0.0000, 0.0000, 0.0000]])
tensor([[-0.5134,  1.0000,  0.0000,  0.0000,  0.0000,  0.0000]])
tensor([[-0.5597,  1.0000,  0.0000,  0.0000,  0.0000,  0.0000]])
tensor([[-0.6227,  1.0000,  0.0000,  0.0000,  0.0000,  0.0000]])
tensor([[0.9660, 1.0000, 0.0000, 0.0000, 0.0000, 0.0000]])
tensor([[0.2533, 0.0000, 0.0000, 0.0000, 0.0000, 0.0000]])
tensor([[0.6986, 1.0000, 0.0000, 0.0000, 0.0000, 0.0000]])
tensor([[0.9969, 1.0000, 0.0000, 1.0000, 0.0000, 0.0000]])
tensor([[0.9935, 1.0000, 0.0000, 0.0000, 0.0000, 0.0000]])
tensor([[0.0039, 1.0000, 0.0000, 0.0000, 0.0000, 0.0000]])
tensor([[0.7745, 1.0000, 0.0000, 0.0000, 0.0000, 0.0000]])
tensor([[-0.1500,  1.0000,  0.0000,  0.0000,  0.0000,  0.0000]])
tensor([[0.6558, 1.0000, 0.0000, 0.0000, 0.0000, 0.0000]])
tensor([[-0.2506,  1.0000,  0.0000,  0.0000,  0.0000,  0.0000]])
tensor([[0.9614, 1.0000, 0.0000, 0.0000, 0.0000, 0.0000]])
tensor([[0.9307, 1.0000, 0.0000, 0.0000, 0.0000, 0.0000]])
tensor([[0.2133, 1.0000, 0.0000, 0.0000, 0.0000, 0.0000]])
tensor([[0.6853, 1.0000, 0.0000, 0.0000, 0.0000, 0.0000]])
tensor([[0.5095, 1.0000, 0.0000, 0.0000, 0.0000, 0.0000]])
tensor([[-0.4426,  1.0000,  0.0000,  0.0000,  0.0000,  0.0000]])
tensor([[-0.7932,  1.0000,  0.0000,  0.0000,  0.0000,  0.0000]])
tensor([[-0.0773,  1.0000,  0.0000,  1.0000,  0.0000,  0.0000]])
tensor([[0.9473, 1.0000, 0.0000, 0.0000, 0.0000, 0.0000]])
tensor([[0.7594, 1.0000, 0.0000, 0.0000, 0.0000, 0.0000]])
tensor([[0.6003, 1.0000, 0.0000, 0.0000, 0.0000, 0.0000]])
tensor([[0.8403, 1.0000, 0.0000, 0.0000, 0.0000, 0.0000]])
tensor([[0.9639, 1.0000, 0.0000, 0.0000, 0.0000, 0.0000]])
tensor([[0.5882, 1.0000, 0.0000, 0.0000, 0.0000, 0.0000]])
tensor([[0.0010, 1.0000, 0.0000, 0.0000, 0.0000, 0.0000]])
tensor([[-0.1525,  1.0000,  0.0000,  1.0000,  0.0000,  0.0000]])
tensor([[0.4231, 1.0000, 0.0000, 0.0000, 0.0000, 0.0000]])
tensor([[0.7115, 1.0000, 0.0000, 0.0000, 0.0000, 0.0000]])
tensor([[0.1687, 1.0000, 0.0000, 0.0000, 0.0000, 0.0000]])
tensor([[-0.3211,  1.0000,  0.0000,  0.0000,  0.0000,  0.0000]])
tensor([[-0.2528,  1.0000,  0.0000,  0.0000,  0.0000,  0.0000]])
tensor([[0.0527, 1.0000, 0.0000, 0.0000, 0.0000, 0.0000]])
tensor([[0.2313, 1.0000, 0.0000, 0.0000, 0.0000, 0.0000]])
tensor([[0.5455, 1.0000, 0.0000, 0.0000, 0.0000, 0.0000]])
tensor([[0.9075, 1.0000, 0.0000, 0.0000, 0.0000, 0.0000]])
tensor([[-0.2691,  1.0000,  0.0000,  0.0000,  0.0000,  0.0000]])
tensor([[-0.4730,  1.0000,  0.0000,  0.0000,  0.0000,  0.0000]])
tensor([[-0.7182,  1.0000,  0.0000,  0.0000,  0.0000,  0.0000]])
tensor([[-0.2292,  1.0000,  0.0000,  0.0000,  0.0000,  0.0000]])
tensor([[-0.4372,  1.0000,  0.0000,  0.0000,  0.0000,  0.0000]])
tensor([[-0.4837,  1.0000,  0.0000,  0.0000,  0.0000,  0.0000]])
tensor([[-0.1076,  1.0000,  0.0000,  0.0000,  0.0000,  0.0000]])
tensor([[-0.7317,  1.0000,  0.0000,  0.0000,  0.0000,  0.0000]])
tensor([[-0.6403,  1.0000,  0.0000,  0.0000,  0.0000,  0.0000]])
tensor([[-0.1140,  1.0000,  0.0000,  0.0000,  0.0000,  0.0000]])
tensor([[-0.5720,  1.0000,  0.0000,  0.0000,  0.0000,  0.0000]])
tensor([[-0.6510,  1.0000,  0.0000,  0.0000,  0.0000,  0.0000]])
tensor([[-0.8150,  1.0000,  0.0000,  0.0000,  0.0000,  0.0000]])
tensor([[-0.0934,  1.0000,  0.0000,  0.0000,  0.0000,  0.0000]])
tensor([[0.2553, 1.0000, 0.0000, 0.0000, 0.0000, 0.0000]])
tensor([[0.6650, 1.0000, 0.0000, 0.0000, 0.0000, 0.0000]])
tensor([[-0.5122,  1.0000,  0.0000,  0.0000,  0.0000,  0.0000]])
tensor([[0.0964, 1.0000, 0.0000, 0.0000, 0.0000, 0.0000]])
tensor([[0.5727, 1.0000, 0.0000, 0.0000, 0.0000, 0.0000]])
tensor([[-0.4069,  1.0000,  0.0000,  0.0000,  0.0000,  0.0000]])
tensor([[-0.4103,  1.0000,  0.0000,  0.0000,  0.0000,  0.0000]])
tensor([[-0.9102,  1.0000,  0.0000,  0.0000,  0.0000,  0.0000]])
tensor([[-0.4735,  1.0000,  0.0000,  0.0000,  0.0000,  0.0000]])
tensor([[-0.5741,  1.0000,  0.0000,  0.0000,  0.0000,  0.0000]])
tensor([[0.8161, 1.0000, 0.0000, 0.0000, 0.0000, 0.0000]])
tensor([[0.1843, 1.0000, 0.0000, 0.0000, 0.0000, 0.0000]])
tensor([[0.0247, 1.0000, 0.0000, 0.0000, 0.0000, 0.0000]])
tensor([[0.2383, 1.0000, 0.0000, 0.0000, 0.0000, 0.0000]])
tensor([[-0.2182,  1.0000,  0.0000,  0.0000,  0.0000,  0.0000]])
tensor([[-0.8024,  1.0000,  0.0000,  0.0000,  0.0000,  0.0000]])
tensor([[0.4485, 1.0000, 0.0000, 0.0000, 0.0000, 0.0000]])
tensor([[-0.9402,  1.0000,  0.0000,  0.0000,  0.0000,  0.0000]])
tensor([[-0.9551,  1.0000,  0.0000,  0.0000,  0.0000,  0.0000]])
tensor([[-0.5921,  1.0000,  0.0000,  0.0000,  0.0000,  0.0000]])
tensor([[0.1904, 1.0000, 0.0000, 0.0000, 0.0000, 0.0000]])
tensor([[0.0543, 1.0000, 0.0000, 0.0000, 0.0000, 0.0000]])
tensor([[-0.1572,  1.0000,  0.0000,  0.0000,  0.0000,  0.0000]])
tensor([[0.2318, 1.0000, 0.0000, 0.0000, 0.0000, 0.0000]])
tensor([[-0.3246,  1.0000,  0.0000,  0.0000,  0.0000,  0.0000]])
tensor([[-0.4359,  1.0000,  0.0000,  0.0000,  0.0000,  0.0000]])
tensor([[-0.6656,  1.0000,  0.0000,  0.0000,  0.0000,  0.0000]])
tensor([[-0.7622,  1.0000,  0.0000,  0.0000,  0.0000,  0.0000]])
tensor([[-0.2018,  1.0000,  0.0000,  0.0000,  0.0000,  0.0000]])
tensor([[-0.2077,  1.0000,  0.0000,  0.0000,  0.0000,  0.0000]])
tensor([[-0.7562,  1.0000,  0.0000,  0.0000,  0.0000,  0.0000]])
tensor([[0.2202, 1.0000, 0.0000, 0.0000, 0.0000, 0.0000]])
tensor([[0.3813, 1.0000, 0.0000, 0.0000, 0.0000, 0.0000]])
tensor([[0.1149, 1.0000, 0.0000, 0.0000, 0.0000, 0.0000]])
tensor([[0.1077, 1.0000, 0.0000, 0.0000, 0.0000, 0.0000]])
tensor([[0.6606, 1.0000, 0.0000, 0.0000, 0.0000, 0.0000]])
tensor([[-0.1898,  1.0000,  0.0000,  0.0000,  0.0000,  0.0000]])
tensor([[-0.5500,  1.0000,  0.0000,  0.0000,  0.0000,  0.0000]])
tensor([[-0.7856,  1.0000,  0.0000,  0.0000,  0.0000,  0.0000]])
tensor([[0.3763, 1.0000, 0.0000, 0.0000, 0.0000, 0.0000]])
tensor([[0.6082, 1.0000, 0.0000, 0.0000, 0.0000, 0.0000]])
tensor([[-0.0733,  1.0000,  0.0000,  0.0000,  0.0000,  0.0000]])
tensor([[-0.6661,  1.0000,  0.0000,  0.0000,  0.0000,  0.0000]])
tensor([[-0.1135,  1.0000,  0.0000,  0.0000,  0.0000,  0.0000]])
tensor([[0.2663, 1.0000, 0.0000, 0.0000, 0.0000, 0.0000]])
INFO:root:Agent 0 (TQCars): avg action time = 0.0009s
tensor([[-0.5494,  1.0000,  0.0000,  0.0000,  0.0000,  0.0000]])
tensor([[-0.1928,  1.0000,  0.0000,  0.0000,  0.0000,  0.0000]])
tensor([[-0.0309,  1.0000,  0.0000,  0.0000,  0.0000,  0.0000]])
tensor([[0.4101, 1.0000, 0.0000, 0.0000, 0.0000, 0.0000]])
tensor([[-0.5397,  1.0000,  0.0000,  0.0000,  0.0000,  0.0000]])
tensor([[-0.5414,  1.0000,  0.0000,  0.0000,  0.0000,  0.0000]])
tensor([[0.2576, 1.0000, 0.0000, 0.0000, 0.0000, 0.0000]])
tensor([[-0.7533,  1.0000,  0.0000,  0.0000,  0.0000,  0.0000]])
tensor([[-0.2928,  1.0000,  0.0000,  0.0000,  0.0000,  0.0000]])
tensor([[0.0141, 1.0000, 0.0000, 0.0000, 0.0000, 0.0000]])
tensor([[0.2532, 1.0000, 0.0000, 0.0000, 0.0000, 0.0000]])
tensor([[-0.1662,  1.0000,  0.0000,  0.0000,  0.0000,  0.0000]])
tensor([[0.8660, 1.0000, 0.0000, 0.0000, 0.0000, 0.0000]])
tensor([[-0.3152,  1.0000,  0.0000,  0.0000,  0.0000,  0.0000]])
tensor([[0.4604, 1.0000, 0.0000, 0.0000, 0.0000, 0.0000]])
tensor([[0.4233, 1.0000, 0.0000, 0.0000, 0.0000, 0.0000]])
tensor([[-0.6834,  1.0000,  0.0000,  0.0000,  0.0000,  0.0000]])
tensor([[-0.9472,  1.0000,  0.0000,  0.0000,  0.0000,  0.0000]])
tensor([[-0.5052,  1.0000,  0.0000,  0.0000,  0.0000,  0.0000]])
tensor([[-0.3311,  1.0000,  0.0000,  0.0000,  0.0000,  0.0000]])
tensor([[0.7803, 1.0000, 0.0000, 0.0000, 0.0000, 0.0000]])
tensor([[0.2794, 1.0000, 0.0000, 0.0000, 0.0000, 0.0000]])
tensor([[0.8668, 1.0000, 0.0000, 0.0000, 0.0000, 0.0000]])
tensor([[0.5381, 1.0000, 0.0000, 0.0000, 0.0000, 0.0000]])
tensor([[-0.8292,  1.0000,  0.0000,  0.0000,  0.0000,  0.0000]])
tensor([[-0.9631,  1.0000,  0.0000,  0.0000,  0.0000,  0.0000]])
tensor([[-0.7466,  1.0000,  0.0000,  0.0000,  0.0000,  0.0000]])
tensor([[-0.4128,  1.0000,  0.0000,  0.0000,  0.0000,  0.0000]])
tensor([[0.1126, 1.0000, 0.0000, 0.0000, 0.0000, 0.0000]])
tensor([[-0.3096,  1.0000,  0.0000,  0.0000,  0.0000,  0.0000]])
tensor([[-0.0609,  1.0000,  0.0000,  0.0000,  0.0000,  0.0000]])
tensor([[0.6176, 1.0000, 0.0000, 0.0000, 0.0000, 0.0000]])
tensor([[-0.2609,  1.0000,  0.0000,  0.0000,  0.0000,  0.0000]])
tensor([[0.2904, 1.0000, 0.0000, 0.0000, 0.0000, 0.0000]])
tensor([[-0.7454,  1.0000,  0.0000,  0.0000,  0.0000,  0.0000]])
tensor([[-0.8887,  1.0000,  0.0000,  0.0000,  0.0000,  0.0000]])
tensor([[-0.5653,  1.0000,  0.0000,  0.0000,  0.0000,  0.0000]])
tensor([[0.0637, 1.0000, 0.0000, 0.0000, 0.0000, 0.0000]])
tensor([[0.4891, 1.0000, 0.0000, 0.0000, 0.0000, 0.0000]])
tensor([[-0.4629,  1.0000,  0.0000,  0.0000,  0.0000,  0.0000]])
tensor([[-0.5503,  1.0000,  0.0000,  0.0000,  0.0000,  0.0000]])
tensor([[-0.3948,  1.0000,  0.0000,  0.0000,  0.0000,  0.0000]])
tensor([[0.5950, 1.0000, 0.0000, 0.0000, 0.0000, 0.0000]])
tensor([[0.5707, 1.0000, 0.0000, 0.0000, 0.0000, 0.0000]])
tensor([[-0.4981,  1.0000,  0.0000,  0.0000,  0.0000,  0.0000]])
tensor([[-0.3992,  1.0000,  0.0000,  0.0000,  0.0000,  0.0000]])
tensor([[0.6681, 0.0000, 0.0000, 0.0000, 0.0000, 0.0000]])
tensor([[0.1704, 1.0000, 0.0000, 0.0000, 0.0000, 0.0000]])
tensor([[-0.2909,  1.0000,  0.0000,  0.0000,  1.0000,  0.0000]])
tensor([[0.0159, 1.0000, 0.0000, 0.0000, 0.0000, 0.0000]])
tensor([[-0.5008,  1.0000,  0.0000,  0.0000,  0.0000,  0.0000]])
tensor([[0.5402, 1.0000, 0.0000, 0.0000, 0.0000, 0.0000]])
tensor([[-0.1198,  1.0000,  0.0000,  0.0000,  0.0000,  0.0000]])
tensor([[-0.7204,  1.0000,  0.0000,  0.0000,  0.0000,  0.0000]])
tensor([[0.0707, 1.0000, 0.0000, 0.0000, 0.0000, 0.0000]])
tensor([[0.8092, 1.0000, 0.0000, 0.0000, 0.0000, 0.0000]])
tensor([[0.8944, 1.0000, 0.0000, 0.0000, 0.0000, 0.0000]])
tensor([[-0.5953,  1.0000,  0.0000,  0.0000,  0.0000,  0.0000]])
tensor([[-0.8227,  1.0000,  0.0000,  0.0000,  0.0000,  0.0000]])
tensor([[-0.9249,  1.0000,  0.0000,  0.0000,  0.0000,  0.0000]])
tensor([[-0.6979,  1.0000,  0.0000,  0.0000,  0.0000,  0.0000]])
tensor([[-0.6626,  1.0000,  0.0000,  0.0000,  0.0000,  0.0000]])
tensor([[0.4203, 1.0000, 0.0000, 0.0000, 0.0000, 0.0000]])
tensor([[-0.9060,  1.0000,  0.0000,  0.0000,  0.0000,  0.0000]])
tensor([[-0.5416,  1.0000,  0.0000,  0.0000,  0.0000,  0.0000]])
tensor([[0.5539, 1.0000, 0.0000, 0.0000, 0.0000, 0.0000]])
tensor([[0.3247, 1.0000, 0.0000, 0.0000, 0.0000, 0.0000]])
tensor([[-0.8929,  1.0000,  0.0000,  0.0000,  0.0000,  0.0000]])
tensor([[-0.0864,  1.0000,  0.0000,  0.0000,  0.0000,  0.0000]])
tensor([[0.1592, 1.0000, 0.0000, 0.0000, 0.0000, 0.0000]])
tensor([[-0.7689,  1.0000,  0.0000,  0.0000,  0.0000,  0.0000]])
tensor([[0.4782, 1.0000, 0.0000, 0.0000, 0.0000, 0.0000]])
tensor([[0.2617, 1.0000, 0.0000, 0.0000, 0.0000, 0.0000]])
tensor([[0.3944, 1.0000, 0.0000, 0.0000, 0.0000, 0.0000]])
tensor([[0.3512, 1.0000, 0.0000, 0.0000, 0.0000, 0.0000]])
tensor([[0.4275, 1.0000, 0.0000, 0.0000, 0.0000, 0.0000]])
tensor([[-0.8877,  1.0000,  0.0000,  0.0000,  0.0000,  0.0000]])
tensor([[-0.8094,  1.0000,  0.0000,  0.0000,  0.0000,  0.0000]])
tensor([[-0.5691,  1.0000,  0.0000,  0.0000,  0.0000,  0.0000]])
tensor([[-0.1846,  1.0000,  0.0000,  0.0000,  0.0000,  0.0000]])
tensor([[0.6183, 1.0000, 0.0000, 0.0000, 0.0000, 0.0000]])
tensor([[-0.9389,  1.0000,  0.0000,  0.0000,  0.0000,  0.0000]])
tensor([[-0.6202,  1.0000,  0.0000,  0.0000,  0.0000,  0.0000]])
tensor([[0.1296, 1.0000, 0.0000, 0.0000, 0.0000, 0.0000]])
tensor([[0.3036, 1.0000, 0.0000, 0.0000, 0.0000, 0.0000]])
tensor([[0.2684, 1.0000, 0.0000, 0.0000, 0.0000, 0.0000]])
tensor([[-0.6422,  1.0000,  0.0000,  0.0000,  0.0000,  0.0000]])
tensor([[-0.9590,  1.0000,  0.0000,  0.0000,  0.0000,  0.0000]])
tensor([[0.1869, 1.0000, 0.0000, 0.0000, 0.0000, 0.0000]])
tensor([[0.5044, 1.0000, 0.0000, 0.0000, 0.0000, 0.0000]])
tensor([[0.8595, 1.0000, 0.0000, 0.0000, 0.0000, 0.0000]])
tensor([[-0.9660,  1.0000,  0.0000,  0.0000,  0.0000,  0.0000]])
tensor([[-0.9698,  1.0000,  0.0000,  0.0000,  0.0000,  0.0000]])
tensor([[-0.7469,  1.0000,  0.0000,  0.0000,  0.0000,  0.0000]])
tensor([[0.0160, 1.0000, 0.0000, 0.0000, 0.0000, 0.0000]])
tensor([[-0.4413,  1.0000,  0.0000,  0.0000,  0.0000,  0.0000]])
tensor([[-0.2366,  1.0000,  0.0000,  0.0000,  0.0000,  0.0000]])
tensor([[0.1729, 1.0000, 0.0000, 0.0000, 0.0000, 0.0000]])
tensor([[-0.2526,  1.0000,  0.0000,  0.0000,  0.0000,  0.0000]])
tensor([[-0.1511,  1.0000,  0.0000,  0.0000,  0.0000,  0.0000]])
tensor([[-0.8429,  1.0000,  0.0000,  0.0000,  0.0000,  0.0000]])
tensor([[-0.8904,  1.0000,  0.0000,  0.0000,  0.0000,  0.0000]])
tensor([[-0.9477,  1.0000,  0.0000,  0.0000,  0.0000,  0.0000]])
tensor([[-0.8664,  1.0000,  0.0000,  0.0000,  0.0000,  0.0000]])
tensor([[0.1716, 1.0000, 0.0000, 0.0000, 0.0000, 0.0000]])
tensor([[-0.7058,  1.0000,  0.0000,  0.0000,  0.0000,  0.0000]])
tensor([[0.3085, 1.0000, 0.0000, 0.0000, 0.0000, 0.0000]])
tensor([[-0.2700,  0.0000,  0.0000,  0.0000,  0.0000,  0.0000]])
tensor([[-0.6605,  1.0000,  0.0000,  1.0000,  0.0000,  0.0000]])
tensor([[0.8858, 1.0000, 0.0000, 0.0000, 0.0000, 0.0000]])
tensor([[-0.1439,  1.0000,  0.0000,  0.0000,  0.0000,  0.0000]])
tensor([[0.7212, 1.0000, 0.0000, 0.0000, 0.0000, 0.0000]])
tensor([[0.1225, 1.0000, 0.0000, 0.0000, 0.0000, 0.0000]])
tensor([[0.3882, 1.0000, 0.0000, 0.0000, 0.0000, 0.0000]])
tensor([[-0.2913,  1.0000,  0.0000,  0.0000,  0.0000,  0.0000]])
tensor([[0.4159, 1.0000, 0.0000, 0.0000, 0.0000, 0.0000]])
tensor([[0.9138, 1.0000, 0.0000, 0.0000, 0.0000, 0.0000]])
tensor([[0.9461, 1.0000, 0.0000, 0.0000, 0.0000, 0.0000]])
tensor([[0.2816, 1.0000, 0.0000, 0.0000, 0.0000, 0.0000]])
tensor([[-0.5090,  1.0000,  1.0000,  0.0000,  0.0000,  0.0000]])
tensor([[0.0599, 1.0000, 0.0000, 0.0000, 0.0000, 0.0000]])
tensor([[0.8261, 1.0000, 0.0000, 0.0000, 0.0000, 0.0000]])
tensor([[-0.0118,  1.0000,  0.0000,  0.0000,  0.0000,  0.0000]])
tensor([[-0.2522,  1.0000,  0.0000,  0.0000,  0.0000,  0.0000]])
tensor([[-0.6829,  1.0000,  0.0000,  0.0000,  0.0000,  0.0000]])
tensor([[0.2521, 1.0000, 0.0000, 0.0000, 0.0000, 0.0000]])
tensor([[-0.1190,  1.0000,  0.0000,  0.0000,  0.0000,  0.0000]])
tensor([[-0.4128,  1.0000,  0.0000,  1.0000,  0.0000,  0.0000]])
tensor([[-0.7384,  1.0000,  0.0000,  0.0000,  0.0000,  0.0000]])
tensor([[0.1732, 1.0000, 0.0000, 0.0000, 0.0000, 0.0000]])
tensor([[0.1222, 1.0000, 0.0000, 0.0000, 0.0000, 0.0000]])
{"type": "results", "track": "ravenbridge_mansion", "results": [{"key": 0, "reward": 10.07799072265625, "position": 4, "name": "TQCars", "avg_action_time": 0.0009448814794579872}]}
