INFO:root:Loading the agents
INFO:root:Loaded player TQCars
INFO:root:Creating pystk-1
INFO:root:Adding wrapper <function get_wrappers.<locals>.<lambda> at 0x7aeb45ff7420>
INFO:root:Adding wrapper <function get_wrappers.<locals>.<lambda> at 0x7aeb45ff74c0>
INFO:root:Adding wrapper <function get_wrappers.<locals>.<lambda> at 0x7aeb45ff7560>
INFO:root:Adding wrapper <function get_wrappers.<locals>.<lambda> at 0x7aeb45ff7600>
INFO:root:(multi-env mono adapter) Setting main environment max_paths to 5
INFO:root:Loading trained model from CHECKPOINT-GPUFAC/tqc_EXP14RACING_100000.pt...
INFO:root:Starting a race
..:: Antarctica Rendering Engine 2.0 ::..
tensor([[0.4635, 1.0000, 0.0000, 0.0000, 0.0000, 0.0000]])
tensor([[0.0550, 1.0000, 0.0000, 0.0000, 0.0000, 0.0000]])
tensor([[0.2008, 1.0000, 0.0000, 0.0000, 0.0000, 0.0000]])
tensor([[-0.5152,  1.0000,  0.0000,  0.0000,  0.0000,  0.0000]])
tensor([[0.0930, 1.0000, 0.0000, 0.0000, 0.0000, 0.0000]])
tensor([[-0.0721,  1.0000,  0.0000,  0.0000,  0.0000,  0.0000]])
tensor([[0.2747, 1.0000, 0.0000, 0.0000, 0.0000, 0.0000]])
tensor([[0.4302, 1.0000, 0.0000, 0.0000, 0.0000, 0.0000]])
tensor([[0.9799, 1.0000, 0.0000, 0.0000, 0.0000, 0.0000]])
tensor([[0.8209, 1.0000, 0.0000, 0.0000, 0.0000, 0.0000]])
tensor([[-0.9532,  1.0000,  0.0000,  0.0000,  0.0000,  0.0000]])
tensor([[-0.3898,  1.0000,  0.0000,  0.0000,  0.0000,  0.0000]])
tensor([[0.0786, 1.0000, 0.0000, 0.0000, 0.0000, 0.0000]])
tensor([[0.8746, 1.0000, 0.0000, 0.0000, 0.0000, 0.0000]])
tensor([[0.3961, 1.0000, 0.0000, 0.0000, 0.0000, 0.0000]])
tensor([[0.4081, 1.0000, 0.0000, 0.0000, 0.0000, 0.0000]])
tensor([[0.2687, 1.0000, 0.0000, 0.0000, 0.0000, 0.0000]])
tensor([[0.5044, 1.0000, 0.0000, 0.0000, 0.0000, 0.0000]])
tensor([[-0.9046,  1.0000,  0.0000,  0.0000,  0.0000,  0.0000]])
tensor([[-0.6903,  1.0000,  0.0000,  0.0000,  0.0000,  0.0000]])
tensor([[0.0120, 1.0000, 0.0000, 0.0000, 0.0000, 0.0000]])
tensor([[-0.7148,  1.0000,  0.0000,  0.0000,  0.0000,  0.0000]])
tensor([[0.9702, 1.0000, 0.0000, 0.0000, 0.0000, 0.0000]])
tensor([[-0.0621,  1.0000,  0.0000,  0.0000,  0.0000,  0.0000]])
tensor([[0.1514, 1.0000, 0.0000, 0.0000, 0.0000, 0.0000]])
tensor([[-0.4333,  1.0000,  0.0000,  0.0000,  0.0000,  0.0000]])
tensor([[-0.2953,  1.0000,  0.0000,  0.0000,  0.0000,  0.0000]])
tensor([[0.2729, 1.0000, 0.0000, 0.0000, 0.0000, 0.0000]])
tensor([[0.7687, 1.0000, 0.0000, 0.0000, 0.0000, 0.0000]])
tensor([[-0.9612,  1.0000,  0.0000,  0.0000,  0.0000,  0.0000]])
tensor([[-0.8470,  1.0000,  0.0000,  0.0000,  0.0000,  0.0000]])
tensor([[0.6040, 1.0000, 0.0000, 0.0000, 0.0000, 0.0000]])
tensor([[0.7971, 1.0000, 0.0000, 0.0000, 0.0000, 0.0000]])
tensor([[0.4866, 1.0000, 0.0000, 0.0000, 0.0000, 0.0000]])
tensor([[0.0016, 1.0000, 0.0000, 0.0000, 0.0000, 0.0000]])
tensor([[-0.0531,  1.0000,  0.0000,  0.0000,  0.0000,  0.0000]])
tensor([[0.0349, 1.0000, 0.0000, 0.0000, 0.0000, 0.0000]])
tensor([[0.0368, 1.0000, 0.0000, 0.0000, 0.0000, 0.0000]])
tensor([[0.5810, 1.0000, 0.0000, 0.0000, 0.0000, 0.0000]])
tensor([[0.3312, 1.0000, 0.0000, 0.0000, 0.0000, 0.0000]])
tensor([[-0.8054,  1.0000,  0.0000,  0.0000,  0.0000,  0.0000]])
tensor([[-0.9418,  1.0000,  0.0000,  0.0000,  0.0000,  0.0000]])
tensor([[-0.9886,  1.0000,  0.0000,  0.0000,  0.0000,  0.0000]])
tensor([[-0.5925,  1.0000,  0.0000,  0.0000,  0.0000,  0.0000]])
tensor([[0.5347, 1.0000, 0.0000, 0.0000, 0.0000, 0.0000]])
tensor([[0.0441, 1.0000, 0.0000, 0.0000, 0.0000, 0.0000]])
tensor([[0.3544, 1.0000, 0.0000, 0.0000, 0.0000, 0.0000]])
tensor([[-0.5273,  1.0000,  0.0000,  0.0000,  0.0000,  0.0000]])
tensor([[0.2343, 1.0000, 0.0000, 0.0000, 0.0000, 0.0000]])
tensor([[-0.7354,  1.0000,  0.0000,  0.0000,  0.0000,  0.0000]])
tensor([[-0.5918,  1.0000,  0.0000,  0.0000,  0.0000,  0.0000]])
tensor([[0.6655, 1.0000, 0.0000, 0.0000, 0.0000, 0.0000]])
tensor([[0.3881, 1.0000, 0.0000, 0.0000, 0.0000, 0.0000]])
tensor([[-0.4730,  1.0000,  0.0000,  0.0000,  0.0000,  0.0000]])
tensor([[0.2838, 1.0000, 1.0000, 0.0000, 0.0000, 0.0000]])
tensor([[0.1440, 1.0000, 0.0000, 0.0000, 0.0000, 0.0000]])
tensor([[0.6745, 1.0000, 0.0000, 0.0000, 0.0000, 0.0000]])
tensor([[0.6316, 1.0000, 0.0000, 0.0000, 0.0000, 0.0000]])
tensor([[-0.4045,  1.0000,  0.0000,  0.0000,  0.0000,  0.0000]])
tensor([[-0.3817,  1.0000,  0.0000,  0.0000,  0.0000,  0.0000]])
tensor([[0.6788, 1.0000, 0.0000, 0.0000, 0.0000, 0.0000]])
tensor([[-0.9263,  1.0000,  0.0000,  0.0000,  0.0000,  0.0000]])
tensor([[0.0302, 1.0000, 0.0000, 0.0000, 0.0000, 0.0000]])
tensor([[0.7585, 1.0000, 0.0000, 0.0000, 0.0000, 0.0000]])
tensor([[0.9797, 1.0000, 0.0000, 0.0000, 0.0000, 0.0000]])
tensor([[0.8844, 1.0000, 0.0000, 0.0000, 0.0000, 0.0000]])
tensor([[0.9404, 1.0000, 0.0000, 0.0000, 0.0000, 0.0000]])
tensor([[0.9509, 1.0000, 0.0000, 0.0000, 0.0000, 0.0000]])
tensor([[0.6788, 1.0000, 0.0000, 0.0000, 0.0000, 0.0000]])
tensor([[0.1760, 1.0000, 0.0000, 0.0000, 0.0000, 0.0000]])
tensor([[-0.6788,  1.0000,  0.0000,  0.0000,  0.0000,  0.0000]])
tensor([[0.7327, 1.0000, 0.0000, 0.0000, 0.0000, 0.0000]])
tensor([[-0.8895,  1.0000,  0.0000,  0.0000,  0.0000,  0.0000]])
tensor([[-0.1241,  1.0000,  0.0000,  0.0000,  0.0000,  0.0000]])
tensor([[-0.9659,  1.0000,  0.0000,  0.0000,  0.0000,  0.0000]])
tensor([[-0.4648,  1.0000,  0.0000,  0.0000,  0.0000,  0.0000]])
tensor([[-0.4079,  1.0000,  0.0000,  0.0000,  0.0000,  0.0000]])
tensor([[0.3219, 1.0000, 0.0000, 0.0000, 0.0000, 0.0000]])
tensor([[0.7361, 1.0000, 0.0000, 0.0000, 0.0000, 0.0000]])
tensor([[-0.3374,  1.0000,  0.0000,  0.0000,  0.0000,  0.0000]])
tensor([[-0.8596,  1.0000,  0.0000,  0.0000,  0.0000,  0.0000]])
tensor([[-0.4669,  1.0000,  0.0000,  0.0000,  0.0000,  0.0000]])
tensor([[-0.3780,  1.0000,  0.0000,  0.0000,  0.0000,  0.0000]])
tensor([[-0.8219,  1.0000,  0.0000,  0.0000,  0.0000,  0.0000]])
tensor([[-0.5075,  1.0000,  0.0000,  0.0000,  0.0000,  0.0000]])
tensor([[-0.6831,  1.0000,  0.0000,  0.0000,  0.0000,  0.0000]])
tensor([[-0.6890,  1.0000,  0.0000,  0.0000,  0.0000,  0.0000]])
tensor([[0.2630, 1.0000, 0.0000, 0.0000, 0.0000, 0.0000]])
tensor([[-0.5895,  1.0000,  0.0000,  0.0000,  0.0000,  0.0000]])
tensor([[0.3703, 1.0000, 0.0000, 0.0000, 0.0000, 0.0000]])
tensor([[-0.0070,  1.0000,  0.0000,  0.0000,  0.0000,  0.0000]])
tensor([[-0.9281,  1.0000,  0.0000,  0.0000,  0.0000,  0.0000]])
tensor([[-0.9555,  1.0000,  0.0000,  0.0000,  0.0000,  0.0000]])
tensor([[-0.8679,  1.0000,  0.0000,  0.0000,  0.0000,  0.0000]])
tensor([[-0.9270,  1.0000,  0.0000,  0.0000,  0.0000,  0.0000]])
tensor([[-0.6990,  1.0000,  0.0000,  0.0000,  0.0000,  0.0000]])
tensor([[0.0145, 1.0000, 0.0000, 0.0000, 0.0000, 0.0000]])
tensor([[0.7279, 1.0000, 0.0000, 0.0000, 0.0000, 0.0000]])
tensor([[-0.9295,  1.0000,  0.0000,  0.0000,  0.0000,  0.0000]])
tensor([[-0.9296,  1.0000,  0.0000,  0.0000,  0.0000,  0.0000]])
tensor([[-0.4634,  1.0000,  0.0000,  0.0000,  0.0000,  0.0000]])
tensor([[-0.1235,  1.0000,  0.0000,  0.0000,  0.0000,  0.0000]])
tensor([[0.1845, 1.0000, 0.0000, 0.0000, 0.0000, 0.0000]])
tensor([[-0.8602,  1.0000,  0.0000,  0.0000,  0.0000,  0.0000]])
tensor([[-0.7283,  1.0000,  0.0000,  0.0000,  0.0000,  0.0000]])
tensor([[0.7768, 1.0000, 0.0000, 0.0000, 0.0000, 0.0000]])
tensor([[0.6821, 1.0000, 0.0000, 0.0000, 0.0000, 0.0000]])
tensor([[0.9388, 1.0000, 0.0000, 0.0000, 0.0000, 0.0000]])
tensor([[0.3534, 1.0000, 0.0000, 0.0000, 0.0000, 0.0000]])
tensor([[0.7553, 1.0000, 0.0000, 0.0000, 0.0000, 0.0000]])
tensor([[-0.3913,  1.0000,  0.0000,  0.0000,  0.0000,  0.0000]])
tensor([[-0.3765,  1.0000,  0.0000,  0.0000,  0.0000,  0.0000]])
tensor([[0.7548, 1.0000, 0.0000, 0.0000, 0.0000, 0.0000]])
tensor([[0.9753, 1.0000, 0.0000, 0.0000, 0.0000, 0.0000]])
tensor([[0.9289, 1.0000, 0.0000, 0.0000, 0.0000, 0.0000]])
tensor([[0.0106, 1.0000, 0.0000, 0.0000, 0.0000, 0.0000]])
tensor([[-0.2760,  1.0000,  0.0000,  0.0000,  0.0000,  0.0000]])
tensor([[0.4522, 1.0000, 0.0000, 0.0000, 0.0000, 0.0000]])
tensor([[0.8666, 1.0000, 0.0000, 0.0000, 0.0000, 0.0000]])
tensor([[0.3119, 1.0000, 0.0000, 0.0000, 0.0000, 0.0000]])
tensor([[-0.5531,  1.0000,  0.0000,  0.0000,  0.0000,  0.0000]])
tensor([[-0.6726,  1.0000,  0.0000,  0.0000,  0.0000,  0.0000]])
tensor([[-0.9320,  1.0000,  0.0000,  0.0000,  0.0000,  0.0000]])
tensor([[-0.8495,  1.0000,  0.0000,  0.0000,  0.0000,  0.0000]])
tensor([[-0.3219,  1.0000,  0.0000,  0.0000,  0.0000,  0.0000]])
tensor([[-0.9916,  1.0000,  0.0000,  0.0000,  0.0000,  0.0000]])
tensor([[-0.8454,  1.0000,  0.0000,  0.0000,  0.0000,  0.0000]])
tensor([[-0.7540,  1.0000,  0.0000,  0.0000,  0.0000,  0.0000]])
tensor([[-0.8991,  1.0000,  0.0000,  0.0000,  0.0000,  0.0000]])
tensor([[-0.8489,  1.0000,  0.0000,  0.0000,  0.0000,  0.0000]])
tensor([[-0.8537,  1.0000,  0.0000,  0.0000,  0.0000,  0.0000]])
tensor([[-0.6379,  1.0000,  0.0000,  0.0000,  0.0000,  0.0000]])
tensor([[0.6514, 1.0000, 0.0000, 0.0000, 0.0000, 0.0000]])
tensor([[0.0730, 1.0000, 0.0000, 0.0000, 0.0000, 0.0000]])
tensor([[-0.1755,  1.0000,  0.0000,  0.0000,  0.0000,  0.0000]])
tensor([[0.2460, 1.0000, 0.0000, 0.0000, 0.0000, 0.0000]])
tensor([[-0.7287,  1.0000,  0.0000,  0.0000,  0.0000,  0.0000]])
tensor([[-0.9654,  1.0000,  0.0000,  0.0000,  0.0000,  0.0000]])
tensor([[-0.9804,  1.0000,  0.0000,  0.0000,  0.0000,  0.0000]])
tensor([[0.0196, 1.0000, 0.0000, 0.0000, 0.0000, 0.0000]])
tensor([[-0.7683,  1.0000,  0.0000,  0.0000,  0.0000,  0.0000]])
tensor([[-0.9504,  1.0000,  0.0000,  0.0000,  0.0000,  0.0000]])
tensor([[-0.8934,  1.0000,  0.0000,  0.0000,  0.0000,  0.0000]])
tensor([[-0.9809,  1.0000,  0.0000,  0.0000,  0.0000,  0.0000]])
tensor([[-0.9526,  1.0000,  0.0000,  0.0000,  0.0000,  0.0000]])
tensor([[-0.9724,  1.0000,  0.0000,  0.0000,  0.0000,  0.0000]])
tensor([[-0.8482,  1.0000,  0.0000,  0.0000,  0.0000,  0.0000]])
tensor([[-0.8567,  1.0000,  0.0000,  0.0000,  0.0000,  0.0000]])
tensor([[-0.9665,  1.0000,  0.0000,  0.0000,  0.0000,  0.0000]])
tensor([[-0.7411,  1.0000,  0.0000,  0.0000,  0.0000,  0.0000]])
tensor([[-0.7878,  1.0000,  0.0000,  0.0000,  0.0000,  0.0000]])
tensor([[-0.7999,  1.0000,  0.0000,  0.0000,  0.0000,  0.0000]])
tensor([[-0.7737,  1.0000,  0.0000,  0.0000,  0.0000,  0.0000]])
tensor([[-0.9360,  1.0000,  0.0000,  0.0000,  0.0000,  0.0000]])
tensor([[-0.9053,  1.0000,  0.0000,  0.0000,  0.0000,  0.0000]])
tensor([[-0.5758,  1.0000,  0.0000,  0.0000,  0.0000,  0.0000]])
tensor([[-0.1955,  1.0000,  0.0000,  0.0000,  0.0000,  0.0000]])
tensor([[-0.0031,  1.0000,  0.0000,  0.0000,  0.0000,  0.0000]])
tensor([[0.4854, 1.0000, 1.0000, 0.0000, 0.0000, 0.0000]])
tensor([[0.7949, 1.0000, 0.0000, 0.0000, 0.0000, 0.0000]])
tensor([[0.5206, 1.0000, 0.0000, 0.0000, 0.0000, 0.0000]])
tensor([[0.0583, 1.0000, 0.0000, 0.0000, 0.0000, 0.0000]])
tensor([[0.9142, 1.0000, 0.0000, 0.0000, 0.0000, 0.0000]])
tensor([[0.9943, 1.0000, 0.0000, 0.0000, 0.0000, 0.0000]])
tensor([[0.9605, 1.0000, 0.0000, 0.0000, 0.0000, 0.0000]])
tensor([[-0.0862,  1.0000,  0.0000,  0.0000,  0.0000,  0.0000]])
tensor([[0.8834, 1.0000, 0.0000, 0.0000, 0.0000, 0.0000]])
tensor([[-0.0218,  1.0000,  0.0000,  0.0000,  0.0000,  0.0000]])
tensor([[0.7582, 1.0000, 0.0000, 0.0000, 0.0000, 0.0000]])
tensor([[0.8573, 1.0000, 0.0000, 0.0000, 0.0000, 0.0000]])
tensor([[0.9943, 1.0000, 0.0000, 0.0000, 0.0000, 0.0000]])
tensor([[0.9352, 1.0000, 0.0000, 0.0000, 0.0000, 0.0000]])
tensor([[0.9101, 1.0000, 0.0000, 0.0000, 0.0000, 0.0000]])
tensor([[0.9888, 1.0000, 0.0000, 0.0000, 0.0000, 0.0000]])
tensor([[0.9534, 1.0000, 0.0000, 0.0000, 0.0000, 0.0000]])
tensor([[0.8673, 1.0000, 0.0000, 0.0000, 0.0000, 0.0000]])
tensor([[0.9827, 1.0000, 0.0000, 0.0000, 0.0000, 0.0000]])
tensor([[0.8022, 1.0000, 0.0000, 0.0000, 0.0000, 0.0000]])
tensor([[0.3091, 1.0000, 0.0000, 0.0000, 0.0000, 0.0000]])
tensor([[0.5311, 1.0000, 0.0000, 0.0000, 0.0000, 0.0000]])
tensor([[-0.3911,  1.0000,  0.0000,  0.0000,  0.0000,  0.0000]])
tensor([[-0.2837,  1.0000,  0.0000,  0.0000,  0.0000,  0.0000]])
tensor([[0.9786, 1.0000, 0.0000, 0.0000, 0.0000, 0.0000]])
tensor([[0.7425, 1.0000, 0.0000, 0.0000, 0.0000, 0.0000]])
tensor([[0.0045, 1.0000, 0.0000, 0.0000, 0.0000, 0.0000]])
tensor([[-0.7666,  1.0000,  0.0000,  0.0000,  0.0000,  0.0000]])
tensor([[-0.8644,  1.0000,  0.0000,  0.0000,  0.0000,  0.0000]])
tensor([[-0.8858,  1.0000,  0.0000,  0.0000,  0.0000,  0.0000]])
tensor([[-0.7168,  1.0000,  0.0000,  0.0000,  0.0000,  0.0000]])
tensor([[-0.7089,  1.0000,  0.0000,  0.0000,  0.0000,  0.0000]])
tensor([[-0.5947,  1.0000,  0.0000,  0.0000,  0.0000,  0.0000]])
tensor([[-0.4759,  1.0000,  0.0000,  0.0000,  0.0000,  0.0000]])
tensor([[-0.8662,  1.0000,  0.0000,  0.0000,  0.0000,  0.0000]])
tensor([[-0.9841,  1.0000,  0.0000,  0.0000,  0.0000,  0.0000]])
tensor([[-0.9935,  1.0000,  0.0000,  0.0000,  0.0000,  0.0000]])
tensor([[-0.3425,  1.0000,  0.0000,  0.0000,  0.0000,  0.0000]])
tensor([[-0.9268,  1.0000,  0.0000,  0.0000,  0.0000,  0.0000]])
tensor([[-0.9542,  1.0000,  0.0000,  0.0000,  0.0000,  0.0000]])
tensor([[-0.6944,  1.0000,  0.0000,  0.0000,  0.0000,  0.0000]])
tensor([[-0.9279,  1.0000,  0.0000,  0.0000,  0.0000,  0.0000]])
tensor([[-0.3291,  1.0000,  0.0000,  0.0000,  0.0000,  0.0000]])
tensor([[-0.8558,  1.0000,  0.0000,  0.0000,  0.0000,  0.0000]])
tensor([[-0.9645,  1.0000,  0.0000,  0.0000,  0.0000,  0.0000]])
tensor([[0.4553, 1.0000, 0.0000, 0.0000, 0.0000, 0.0000]])
tensor([[-0.9465,  1.0000,  0.0000,  0.0000,  0.0000,  0.0000]])
tensor([[0.7401, 1.0000, 0.0000, 0.0000, 0.0000, 0.0000]])
tensor([[-0.0793,  1.0000,  0.0000,  0.0000,  0.0000,  0.0000]])
tensor([[0.1458, 1.0000, 0.0000, 0.0000, 0.0000, 0.0000]])
tensor([[0.1340, 1.0000, 0.0000, 0.0000, 0.0000, 0.0000]])
tensor([[0.9583, 1.0000, 0.0000, 0.0000, 0.0000, 0.0000]])
tensor([[0.8599, 1.0000, 0.0000, 0.0000, 0.0000, 0.0000]])
tensor([[0.9463, 1.0000, 0.0000, 0.0000, 0.0000, 0.0000]])
tensor([[0.9737, 1.0000, 0.0000, 0.0000, 0.0000, 0.0000]])
tensor([[0.8643, 1.0000, 0.0000, 0.0000, 0.0000, 0.0000]])
tensor([[0.6234, 1.0000, 0.0000, 0.0000, 0.0000, 0.0000]])
tensor([[0.4332, 1.0000, 0.0000, 0.0000, 0.0000, 0.0000]])
tensor([[-0.3922,  1.0000,  0.0000,  0.0000,  0.0000,  0.0000]])
tensor([[0.3367, 1.0000, 0.0000, 0.0000, 0.0000, 0.0000]])
tensor([[-0.6813,  1.0000,  0.0000,  0.0000,  0.0000,  0.0000]])
tensor([[-0.0846,  1.0000,  0.0000,  0.0000,  0.0000,  0.0000]])
tensor([[-0.6633,  1.0000,  0.0000,  0.0000,  0.0000,  0.0000]])
tensor([[-0.8962,  1.0000,  0.0000,  0.0000,  0.0000,  0.0000]])
tensor([[-0.9918,  1.0000,  0.0000,  0.0000,  0.0000,  0.0000]])
tensor([[-0.6404,  1.0000,  0.0000,  0.0000,  0.0000,  0.0000]])
tensor([[-0.7458,  1.0000,  0.0000,  0.0000,  0.0000,  0.0000]])
tensor([[-0.9878,  1.0000,  0.0000,  0.0000,  0.0000,  0.0000]])
tensor([[-0.8156,  1.0000,  0.0000,  0.0000,  0.0000,  0.0000]])
tensor([[-0.8278,  1.0000,  0.0000,  0.0000,  0.0000,  0.0000]])
tensor([[-0.8419,  1.0000,  0.0000,  0.0000,  0.0000,  0.0000]])
tensor([[-0.7859,  1.0000,  0.0000,  0.0000,  0.0000,  0.0000]])
tensor([[-0.0834,  1.0000,  0.0000,  0.0000,  0.0000,  0.0000]])
tensor([[-0.8754,  1.0000,  0.0000,  0.0000,  0.0000,  0.0000]])
tensor([[-0.8599,  1.0000,  0.0000,  0.0000,  0.0000,  0.0000]])
tensor([[0.9442, 1.0000, 0.0000, 0.0000, 0.0000, 0.0000]])
tensor([[0.2723, 1.0000, 0.0000, 0.0000, 0.0000, 0.0000]])
tensor([[-0.3417,  1.0000,  0.0000,  0.0000,  0.0000,  0.0000]])
tensor([[-0.0859,  1.0000,  0.0000,  0.0000,  0.0000,  0.0000]])
tensor([[0.8868, 1.0000, 0.0000, 0.0000, 0.0000, 0.0000]])
tensor([[-0.6664,  1.0000,  0.0000,  0.0000,  0.0000,  0.0000]])
tensor([[0.2569, 1.0000, 0.0000, 0.0000, 0.0000, 0.0000]])
tensor([[0.7297, 1.0000, 0.0000, 0.0000, 0.0000, 0.0000]])
tensor([[0.1829, 1.0000, 0.0000, 0.0000, 0.0000, 0.0000]])
tensor([[-0.0996,  1.0000,  0.0000,  0.0000,  0.0000,  0.0000]])
tensor([[0.8744, 1.0000, 0.0000, 0.0000, 0.0000, 0.0000]])
tensor([[0.4124, 1.0000, 0.0000, 0.0000, 0.0000, 0.0000]])
tensor([[-0.7840,  1.0000,  0.0000,  0.0000,  0.0000,  0.0000]])
tensor([[0.7733, 1.0000, 1.0000, 0.0000, 0.0000, 0.0000]])
tensor([[0.8129, 1.0000, 0.0000, 0.0000, 0.0000, 0.0000]])
tensor([[-0.6696,  1.0000,  0.0000,  0.0000,  0.0000,  0.0000]])
tensor([[-0.0486,  1.0000,  0.0000,  0.0000,  0.0000,  0.0000]])
tensor([[-0.2860,  1.0000,  0.0000,  0.0000,  0.0000,  0.0000]])
tensor([[-0.1186,  1.0000,  0.0000,  0.0000,  0.0000,  0.0000]])
tensor([[0.4363, 1.0000, 0.0000, 0.0000, 0.0000, 0.0000]])
tensor([[-0.1397,  1.0000,  0.0000,  0.0000,  0.0000,  0.0000]])
tensor([[0.9055, 1.0000, 0.0000, 0.0000, 0.0000, 0.0000]])
tensor([[0.7470, 1.0000, 0.0000, 0.0000, 0.0000, 0.0000]])
tensor([[-0.5851,  1.0000,  0.0000,  0.0000,  0.0000,  0.0000]])
tensor([[0.8244, 1.0000, 0.0000, 0.0000, 0.0000, 0.0000]])
tensor([[0.9402, 1.0000, 0.0000, 0.0000, 0.0000, 0.0000]])
tensor([[-0.9522,  0.0000,  0.0000,  0.0000,  0.0000,  0.0000]])
tensor([[-0.5667,  1.0000,  0.0000,  0.0000,  0.0000,  0.0000]])
tensor([[-0.4651,  1.0000,  0.0000,  0.0000,  0.0000,  0.0000]])
tensor([[-0.2598,  1.0000,  0.0000,  0.0000,  0.0000,  0.0000]])
tensor([[-0.2323,  1.0000,  0.0000,  0.0000,  0.0000,  0.0000]])
tensor([[0.7852, 1.0000, 0.0000, 0.0000, 0.0000, 0.0000]])
tensor([[-0.2340,  1.0000,  0.0000,  0.0000,  0.0000,  0.0000]])
tensor([[-0.4870,  1.0000,  0.0000,  0.0000,  0.0000,  0.0000]])
tensor([[-0.9631,  1.0000,  1.0000,  0.0000,  0.0000,  0.0000]])
tensor([[-0.8394,  1.0000,  0.0000,  0.0000,  0.0000,  0.0000]])
tensor([[-0.8472,  1.0000,  0.0000,  0.0000,  0.0000,  0.0000]])
tensor([[-0.3651,  1.0000,  0.0000,  0.0000,  0.0000,  0.0000]])
tensor([[-0.4339,  1.0000,  0.0000,  0.0000,  0.0000,  0.0000]])
tensor([[0.6953, 1.0000, 0.0000, 0.0000, 0.0000, 0.0000]])
tensor([[0.9308, 1.0000, 0.0000, 0.0000, 0.0000, 0.0000]])
tensor([[-0.7016,  1.0000,  0.0000,  0.0000,  0.0000,  0.0000]])
tensor([[-0.8846,  1.0000,  0.0000,  0.0000,  0.0000,  0.0000]])
tensor([[0.6795, 1.0000, 0.0000, 0.0000, 0.0000, 0.0000]])
tensor([[-0.8100,  1.0000,  0.0000,  0.0000,  0.0000,  0.0000]])
tensor([[0.0685, 1.0000, 0.0000, 0.0000, 0.0000, 0.0000]])
tensor([[-0.2453,  1.0000,  0.0000,  0.0000,  0.0000,  0.0000]])
tensor([[-0.6975,  1.0000,  0.0000,  0.0000,  0.0000,  0.0000]])
tensor([[-0.0212,  1.0000,  0.0000,  0.0000,  0.0000,  0.0000]])
tensor([[-0.2845,  1.0000,  0.0000,  0.0000,  0.0000,  0.0000]])
tensor([[0.8336, 1.0000, 0.0000, 0.0000, 0.0000, 0.0000]])
tensor([[-0.0973,  1.0000,  0.0000,  0.0000,  0.0000,  0.0000]])
tensor([[0.7764, 1.0000, 0.0000, 0.0000, 0.0000, 0.0000]])
tensor([[-0.5223,  1.0000,  0.0000,  0.0000,  0.0000,  0.0000]])
tensor([[-0.8200,  1.0000,  0.0000,  0.0000,  0.0000,  0.0000]])
tensor([[-0.4729,  1.0000,  0.0000,  0.0000,  0.0000,  0.0000]])
tensor([[-0.2718,  1.0000,  0.0000,  0.0000,  0.0000,  0.0000]])
tensor([[-0.4805,  1.0000,  0.0000,  0.0000,  0.0000,  0.0000]])
tensor([[-0.7405,  1.0000,  0.0000,  0.0000,  0.0000,  0.0000]])
tensor([[-0.1212,  1.0000,  0.0000,  0.0000,  0.0000,  0.0000]])
tensor([[-0.8128,  1.0000,  0.0000,  0.0000,  0.0000,  0.0000]])
tensor([[-0.4915,  1.0000,  0.0000,  0.0000,  0.0000,  0.0000]])
tensor([[0.1428, 1.0000, 0.0000, 0.0000, 0.0000, 0.0000]])
tensor([[-0.8907,  1.0000,  0.0000,  0.0000,  0.0000,  0.0000]])
tensor([[0.0908, 1.0000, 0.0000, 0.0000, 0.0000, 0.0000]])
tensor([[-0.7152,  1.0000,  0.0000,  0.0000,  0.0000,  0.0000]])
tensor([[-0.2383,  1.0000,  0.0000,  0.0000,  0.0000,  0.0000]])
tensor([[-0.2663,  1.0000,  0.0000,  0.0000,  0.0000,  0.0000]])
tensor([[-0.8349,  1.0000,  0.0000,  0.0000,  0.0000,  0.0000]])
tensor([[0.3316, 1.0000, 0.0000, 0.0000, 0.0000, 0.0000]])
tensor([[-0.8655,  1.0000,  0.0000,  0.0000,  0.0000,  0.0000]])
tensor([[0.0036, 1.0000, 0.0000, 0.0000, 0.0000, 0.0000]])
tensor([[-0.2356,  1.0000,  0.0000,  0.0000,  0.0000,  0.0000]])
tensor([[0.9223, 1.0000, 1.0000, 0.0000, 0.0000, 0.0000]])
tensor([[-0.5415,  1.0000,  0.0000,  0.0000,  0.0000,  0.0000]])
tensor([[-0.7066,  1.0000,  0.0000,  0.0000,  0.0000,  0.0000]])
tensor([[-0.5300,  1.0000,  1.0000,  0.0000,  0.0000,  0.0000]])
tensor([[0.5858, 1.0000, 0.0000, 0.0000, 0.0000, 0.0000]])
tensor([[0.8922, 1.0000, 0.0000, 0.0000, 0.0000, 0.0000]])
tensor([[0.4521, 1.0000, 0.0000, 0.0000, 0.0000, 0.0000]])
tensor([[0.1457, 1.0000, 0.0000, 0.0000, 0.0000, 0.0000]])
tensor([[0.5153, 1.0000, 0.0000, 0.0000, 0.0000, 0.0000]])
tensor([[-0.2318,  1.0000,  0.0000,  0.0000,  0.0000,  0.0000]])
tensor([[0.7298, 1.0000, 0.0000, 0.0000, 0.0000, 0.0000]])
tensor([[-0.2364,  1.0000,  0.0000,  0.0000,  0.0000,  0.0000]])
tensor([[-0.1451,  1.0000,  0.0000,  0.0000,  0.0000,  0.0000]])
tensor([[0.1007, 1.0000, 0.0000, 0.0000, 0.0000, 0.0000]])
tensor([[0.6855, 1.0000, 0.0000, 0.0000, 0.0000, 0.0000]])
tensor([[-0.8180,  1.0000,  0.0000,  0.0000,  0.0000,  0.0000]])
tensor([[-0.4259,  1.0000,  0.0000,  0.0000,  0.0000,  0.0000]])
tensor([[-0.7850,  1.0000,  0.0000,  0.0000,  0.0000,  0.0000]])
tensor([[0.3520, 1.0000, 0.0000, 0.0000, 0.0000, 0.0000]])
tensor([[0.8008, 1.0000, 0.0000, 0.0000, 0.0000, 0.0000]])
tensor([[0.5086, 1.0000, 0.0000, 0.0000, 0.0000, 0.0000]])
tensor([[0.3949, 1.0000, 0.0000, 0.0000, 0.0000, 0.0000]])
tensor([[-0.5546,  1.0000,  0.0000,  0.0000,  0.0000,  0.0000]])
tensor([[0.6345, 1.0000, 0.0000, 0.0000, 0.0000, 0.0000]])
tensor([[-0.3914,  1.0000,  0.0000,  0.0000,  0.0000,  0.0000]])
tensor([[-0.5231,  1.0000,  0.0000,  0.0000,  0.0000,  0.0000]])
tensor([[0.3595, 1.0000, 0.0000, 0.0000, 0.0000, 0.0000]])
tensor([[-0.2627,  1.0000,  0.0000,  0.0000,  0.0000,  0.0000]])
tensor([[-0.0827,  1.0000,  0.0000,  0.0000,  0.0000,  0.0000]])
tensor([[-0.4099,  1.0000,  0.0000,  0.0000,  0.0000,  0.0000]])
tensor([[-0.6894,  1.0000,  0.0000,  0.0000,  0.0000,  0.0000]])
tensor([[-0.7352,  1.0000,  0.0000,  0.0000,  0.0000,  0.0000]])
tensor([[0.2348, 1.0000, 0.0000, 0.0000, 0.0000, 0.0000]])
tensor([[0.5956, 1.0000, 0.0000, 0.0000, 0.0000, 0.0000]])
tensor([[0.7826, 1.0000, 0.0000, 0.0000, 0.0000, 0.0000]])
tensor([[-0.1745,  1.0000,  0.0000,  0.0000,  0.0000,  0.0000]])
tensor([[-0.3754,  1.0000,  0.0000,  0.0000,  0.0000,  0.0000]])
tensor([[-0.2825,  1.0000,  0.0000,  0.0000,  0.0000,  0.0000]])
tensor([[0.9754, 1.0000, 0.0000, 0.0000, 0.0000, 0.0000]])
tensor([[0.7222, 1.0000, 0.0000, 0.0000, 0.0000, 0.0000]])
tensor([[0.2150, 1.0000, 0.0000, 0.0000, 0.0000, 0.0000]])
tensor([[-0.8762,  1.0000,  0.0000,  0.0000,  0.0000,  0.0000]])
tensor([[0.4445, 1.0000, 0.0000, 0.0000, 0.0000, 0.0000]])
tensor([[-0.0480,  1.0000,  0.0000,  0.0000,  0.0000,  0.0000]])
tensor([[0.4727, 1.0000, 0.0000, 0.0000, 0.0000, 0.0000]])
tensor([[-0.8228,  1.0000,  0.0000,  0.0000,  0.0000,  0.0000]])
tensor([[-0.1438,  1.0000,  0.0000,  0.0000,  0.0000,  0.0000]])
tensor([[0.4621, 1.0000, 0.0000, 0.0000, 0.0000, 0.0000]])
tensor([[0.2259, 1.0000, 0.0000, 0.0000, 0.0000, 0.0000]])
tensor([[0.7016, 1.0000, 0.0000, 0.0000, 0.0000, 0.0000]])
tensor([[-0.6680,  1.0000,  0.0000,  0.0000,  0.0000,  0.0000]])
tensor([[-0.8363,  1.0000,  0.0000,  0.0000,  0.0000,  0.0000]])
tensor([[-0.6595,  1.0000,  0.0000,  0.0000,  0.0000,  0.0000]])
tensor([[0.7195, 1.0000, 0.0000, 0.0000, 0.0000, 0.0000]])
tensor([[0.8578, 1.0000, 0.0000, 0.0000, 0.0000, 0.0000]])
tensor([[-0.4595,  1.0000,  0.0000,  0.0000,  0.0000,  0.0000]])
tensor([[0.4350, 1.0000, 0.0000, 0.0000, 0.0000, 0.0000]])
tensor([[-0.6437,  1.0000,  0.0000,  0.0000,  0.0000,  0.0000]])
tensor([[0.3714, 1.0000, 0.0000, 0.0000, 0.0000, 0.0000]])
tensor([[0.9395, 1.0000, 0.0000, 0.0000, 0.0000, 0.0000]])
tensor([[0.8119, 1.0000, 0.0000, 0.0000, 0.0000, 0.0000]])
tensor([[0.8476, 1.0000, 0.0000, 0.0000, 0.0000, 0.0000]])
tensor([[0.7969, 1.0000, 0.0000, 0.0000, 0.0000, 0.0000]])
tensor([[0.9723, 1.0000, 0.0000, 0.0000, 0.0000, 0.0000]])
tensor([[0.9848, 1.0000, 0.0000, 0.0000, 0.0000, 0.0000]])
tensor([[0.4355, 1.0000, 0.0000, 0.0000, 0.0000, 0.0000]])
tensor([[0.8310, 1.0000, 0.0000, 0.0000, 0.0000, 0.0000]])
tensor([[-0.3987,  1.0000,  0.0000,  0.0000,  0.0000,  0.0000]])
tensor([[-0.6251,  1.0000,  0.0000,  0.0000,  0.0000,  0.0000]])
tensor([[0.5976, 1.0000, 0.0000, 0.0000, 0.0000, 0.0000]])
tensor([[0.9748, 1.0000, 0.0000, 0.0000, 0.0000, 0.0000]])
tensor([[0.5212, 1.0000, 0.0000, 0.0000, 0.0000, 0.0000]])
tensor([[0.3836, 1.0000, 0.0000, 0.0000, 0.0000, 0.0000]])
tensor([[0.8074, 1.0000, 0.0000, 0.0000, 0.0000, 0.0000]])
tensor([[0.4872, 1.0000, 0.0000, 0.0000, 0.0000, 0.0000]])
tensor([[0.2298, 1.0000, 0.0000, 0.0000, 0.0000, 0.0000]])
tensor([[0.2511, 1.0000, 0.0000, 0.0000, 0.0000, 0.0000]])
tensor([[0.9709, 1.0000, 0.0000, 0.0000, 0.0000, 0.0000]])
tensor([[0.7047, 1.0000, 0.0000, 0.0000, 0.0000, 0.0000]])
tensor([[0.3177, 1.0000, 0.0000, 0.0000, 0.0000, 0.0000]])
tensor([[0.6953, 1.0000, 0.0000, 0.0000, 0.0000, 0.0000]])
tensor([[0.9479, 1.0000, 0.0000, 0.0000, 0.0000, 0.0000]])
tensor([[0.6225, 1.0000, 0.0000, 0.0000, 0.0000, 0.0000]])
tensor([[0.7258, 1.0000, 0.0000, 0.0000, 0.0000, 0.0000]])
tensor([[-0.5253,  1.0000,  0.0000,  0.0000,  0.0000,  0.0000]])
tensor([[0.6607, 1.0000, 0.0000, 0.0000, 0.0000, 0.0000]])
tensor([[-0.5904,  1.0000,  0.0000,  0.0000,  0.0000,  0.0000]])
tensor([[0.0114, 1.0000, 0.0000, 0.0000, 0.0000, 0.0000]])
tensor([[-0.8403,  1.0000,  0.0000,  0.0000,  0.0000,  0.0000]])
tensor([[-0.9487,  1.0000,  0.0000,  0.0000,  0.0000,  0.0000]])
tensor([[-0.9478,  1.0000,  0.0000,  0.0000,  0.0000,  0.0000]])
tensor([[-0.3804,  1.0000,  0.0000,  0.0000,  0.0000,  0.0000]])
tensor([[-0.5140,  1.0000,  0.0000,  0.0000,  0.0000,  0.0000]])
tensor([[-0.6831,  1.0000,  0.0000,  0.0000,  0.0000,  0.0000]])
tensor([[0.4540, 1.0000, 0.0000, 0.0000, 0.0000, 0.0000]])
tensor([[0.9526, 1.0000, 0.0000, 0.0000, 0.0000, 0.0000]])
tensor([[0.3408, 1.0000, 0.0000, 0.0000, 0.0000, 0.0000]])
tensor([[0.8301, 1.0000, 0.0000, 0.0000, 0.0000, 0.0000]])
tensor([[0.4999, 1.0000, 0.0000, 0.0000, 0.0000, 0.0000]])
tensor([[-0.7965,  1.0000,  0.0000,  0.0000,  0.0000,  0.0000]])
tensor([[-0.8561,  1.0000,  0.0000,  0.0000,  0.0000,  0.0000]])
tensor([[0.2938, 1.0000, 0.0000, 0.0000, 0.0000, 0.0000]])
tensor([[0.7536, 1.0000, 0.0000, 0.0000, 0.0000, 0.0000]])
tensor([[-0.8398,  1.0000,  0.0000,  0.0000,  0.0000,  0.0000]])
tensor([[0.2098, 1.0000, 0.0000, 0.0000, 0.0000, 0.0000]])
tensor([[-0.7300,  1.0000,  0.0000,  0.0000,  0.0000,  0.0000]])
tensor([[-0.5057,  1.0000,  0.0000,  0.0000,  0.0000,  0.0000]])
tensor([[-0.1306,  1.0000,  0.0000,  0.0000,  0.0000,  0.0000]])
tensor([[0.0446, 1.0000, 0.0000, 0.0000, 0.0000, 0.0000]])
tensor([[0.1299, 1.0000, 0.0000, 0.0000, 0.0000, 0.0000]])
tensor([[0.7675, 1.0000, 0.0000, 0.0000, 0.0000, 0.0000]])
tensor([[-0.5432,  1.0000,  0.0000,  0.0000,  0.0000,  0.0000]])
tensor([[-0.5086,  1.0000,  0.0000,  0.0000,  0.0000,  0.0000]])
tensor([[0.2028, 1.0000, 0.0000, 0.0000, 0.0000, 0.0000]])
tensor([[-0.6736,  1.0000,  0.0000,  0.0000,  0.0000,  0.0000]])
tensor([[0.9451, 1.0000, 0.0000, 0.0000, 0.0000, 0.0000]])
tensor([[0.0100, 1.0000, 0.0000, 0.0000, 0.0000, 0.0000]])
tensor([[0.4826, 1.0000, 0.0000, 0.0000, 0.0000, 0.0000]])
tensor([[0.0973, 1.0000, 0.0000, 0.0000, 0.0000, 0.0000]])
tensor([[0.5175, 1.0000, 0.0000, 0.0000, 0.0000, 0.0000]])
tensor([[-0.3546,  1.0000,  0.0000,  0.0000,  0.0000,  0.0000]])
tensor([[0.8726, 1.0000, 0.0000, 0.0000, 0.0000, 0.0000]])
tensor([[-0.8191,  1.0000,  0.0000,  0.0000,  0.0000,  0.0000]])
tensor([[-0.8738,  1.0000,  0.0000,  0.0000,  0.0000,  0.0000]])
tensor([[0.5543, 1.0000, 0.0000, 0.0000, 0.0000, 0.0000]])
tensor([[-0.4877,  1.0000,  0.0000,  0.0000,  0.0000,  0.0000]])
tensor([[0.0754, 1.0000, 0.0000, 0.0000, 0.0000, 0.0000]])
tensor([[-0.7116,  1.0000,  0.0000,  0.0000,  0.0000,  0.0000]])
tensor([[-0.5698,  1.0000,  0.0000,  0.0000,  0.0000,  0.0000]])
tensor([[-0.6287,  1.0000,  0.0000,  0.0000,  0.0000,  0.0000]])
tensor([[0.3147, 1.0000, 0.0000, 0.0000, 0.0000, 0.0000]])
tensor([[0.7838, 1.0000, 0.0000, 0.0000, 0.0000, 0.0000]])
tensor([[0.4296, 1.0000, 0.0000, 0.0000, 0.0000, 0.0000]])
tensor([[0.5797, 1.0000, 0.0000, 0.0000, 0.0000, 0.0000]])
tensor([[0.4688, 1.0000, 0.0000, 0.0000, 0.0000, 0.0000]])
tensor([[-0.0115,  1.0000,  0.0000,  0.0000,  0.0000,  0.0000]])
tensor([[0.9609, 1.0000, 0.0000, 0.0000, 0.0000, 0.0000]])
tensor([[0.0920, 1.0000, 0.0000, 0.0000, 0.0000, 0.0000]])
tensor([[-0.3877,  1.0000,  0.0000,  0.0000,  0.0000,  0.0000]])
tensor([[-0.1275,  1.0000,  0.0000,  0.0000,  0.0000,  0.0000]])
tensor([[-0.1162,  1.0000,  0.0000,  0.0000,  0.0000,  0.0000]])
tensor([[0.9174, 1.0000, 0.0000, 0.0000, 0.0000, 0.0000]])
tensor([[0.9628, 1.0000, 0.0000, 0.0000, 0.0000, 0.0000]])
tensor([[0.7807, 1.0000, 0.0000, 0.0000, 0.0000, 0.0000]])
tensor([[0.5240, 1.0000, 0.0000, 0.0000, 0.0000, 0.0000]])
tensor([[0.9404, 1.0000, 0.0000, 0.0000, 0.0000, 0.0000]])
tensor([[0.7879, 1.0000, 0.0000, 0.0000, 0.0000, 0.0000]])
tensor([[0.5940, 1.0000, 0.0000, 0.0000, 0.0000, 0.0000]])
tensor([[0.7221, 1.0000, 0.0000, 0.0000, 0.0000, 0.0000]])
tensor([[0.2315, 1.0000, 0.0000, 0.0000, 0.0000, 0.0000]])
tensor([[0.6516, 1.0000, 0.0000, 0.0000, 0.0000, 0.0000]])
tensor([[0.6468, 1.0000, 0.0000, 0.0000, 0.0000, 0.0000]])
tensor([[0.8286, 1.0000, 0.0000, 0.0000, 0.0000, 0.0000]])
tensor([[0.7872, 1.0000, 0.0000, 0.0000, 0.0000, 0.0000]])
tensor([[0.2314, 1.0000, 0.0000, 0.0000, 0.0000, 0.0000]])
tensor([[0.5598, 1.0000, 0.0000, 0.0000, 0.0000, 0.0000]])
tensor([[-0.5832,  1.0000,  0.0000,  0.0000,  0.0000,  0.0000]])
tensor([[0.4284, 1.0000, 0.0000, 0.0000, 0.0000, 0.0000]])
tensor([[-0.6679,  1.0000,  0.0000,  0.0000,  0.0000,  0.0000]])
tensor([[0.4543, 1.0000, 0.0000, 0.0000, 0.0000, 0.0000]])
tensor([[-0.7739,  1.0000,  0.0000,  0.0000,  0.0000,  0.0000]])
tensor([[0.0857, 0.0000, 0.0000, 0.0000, 0.0000, 0.0000]])
tensor([[-0.6566,  1.0000,  0.0000,  0.0000,  0.0000,  0.0000]])
tensor([[0.1643, 1.0000, 0.0000, 0.0000, 0.0000, 0.0000]])
tensor([[0.8630, 1.0000, 0.0000, 0.0000, 0.0000, 0.0000]])
tensor([[-0.5351,  1.0000,  1.0000,  0.0000,  0.0000,  0.0000]])
tensor([[-0.2640,  1.0000,  0.0000,  0.0000,  0.0000,  0.0000]])
tensor([[-0.1218,  1.0000,  0.0000,  0.0000,  0.0000,  0.0000]])
tensor([[0.8754, 1.0000, 0.0000, 0.0000, 0.0000, 0.0000]])
tensor([[-0.1742,  1.0000,  0.0000,  0.0000,  0.0000,  0.0000]])
tensor([[0.2864, 1.0000, 0.0000, 0.0000, 0.0000, 0.0000]])
tensor([[-0.1374,  1.0000,  0.0000,  0.0000,  0.0000,  0.0000]])
tensor([[0.7490, 1.0000, 0.0000, 0.0000, 0.0000, 0.0000]])
tensor([[0.3942, 1.0000, 0.0000, 0.0000, 0.0000, 0.0000]])
tensor([[-0.2937,  1.0000,  0.0000,  0.0000,  0.0000,  0.0000]])
tensor([[-0.1909,  1.0000,  0.0000,  0.0000,  0.0000,  0.0000]])
tensor([[0.3121, 1.0000, 0.0000, 0.0000, 0.0000, 0.0000]])
tensor([[-0.4318,  1.0000,  0.0000,  0.0000,  0.0000,  0.0000]])
tensor([[-0.0195,  1.0000,  0.0000,  0.0000,  0.0000,  0.0000]])
tensor([[0.4311, 1.0000, 0.0000, 0.0000, 0.0000, 0.0000]])
tensor([[0.0804, 1.0000, 0.0000, 0.0000, 0.0000, 0.0000]])
tensor([[-0.1829,  1.0000,  0.0000,  0.0000,  0.0000,  0.0000]])
tensor([[0.7789, 1.0000, 0.0000, 0.0000, 0.0000, 0.0000]])
tensor([[-0.0013,  1.0000,  0.0000,  0.0000,  0.0000,  0.0000]])
tensor([[0.1793, 1.0000, 0.0000, 0.0000, 0.0000, 0.0000]])
tensor([[-0.3572,  1.0000,  0.0000,  0.0000,  0.0000,  0.0000]])
tensor([[0.5439, 1.0000, 0.0000, 0.0000, 0.0000, 0.0000]])
tensor([[0.7792, 1.0000, 0.0000, 0.0000, 0.0000, 0.0000]])
tensor([[0.6286, 1.0000, 0.0000, 0.0000, 0.0000, 0.0000]])
tensor([[0.7617, 1.0000, 0.0000, 0.0000, 0.0000, 0.0000]])
tensor([[-0.1450,  1.0000,  0.0000,  0.0000,  0.0000,  0.0000]])
tensor([[-0.0834,  1.0000,  0.0000,  0.0000,  0.0000,  0.0000]])
tensor([[-0.5909,  1.0000,  0.0000,  0.0000,  0.0000,  0.0000]])
tensor([[0.2946, 1.0000, 0.0000, 0.0000, 0.0000, 0.0000]])
tensor([[-0.1009,  1.0000,  0.0000,  0.0000,  0.0000,  0.0000]])
tensor([[0.7520, 1.0000, 0.0000, 0.0000, 0.0000, 0.0000]])
tensor([[-0.6698,  1.0000,  0.0000,  0.0000,  0.0000,  0.0000]])
tensor([[0.5731, 1.0000, 0.0000, 0.0000, 0.0000, 0.0000]])
tensor([[-0.3535,  1.0000,  0.0000,  0.0000,  0.0000,  0.0000]])
tensor([[0.6868, 1.0000, 0.0000, 0.0000, 0.0000, 0.0000]])
tensor([[0.1121, 1.0000, 0.0000, 0.0000, 0.0000, 0.0000]])
tensor([[-0.2301,  1.0000,  0.0000,  0.0000,  0.0000,  0.0000]])
tensor([[0.5592, 1.0000, 0.0000, 0.0000, 0.0000, 0.0000]])
tensor([[0.6219, 1.0000, 0.0000, 0.0000, 0.0000, 0.0000]])
tensor([[0.6612, 1.0000, 0.0000, 0.0000, 0.0000, 0.0000]])
tensor([[0.3821, 1.0000, 0.0000, 0.0000, 0.0000, 0.0000]])
tensor([[0.2661, 1.0000, 0.0000, 0.0000, 0.0000, 0.0000]])
tensor([[-0.0082,  1.0000,  0.0000,  0.0000,  0.0000,  0.0000]])
tensor([[-0.1597,  1.0000,  0.0000,  0.0000,  0.0000,  0.0000]])
tensor([[0.6764, 1.0000, 0.0000, 0.0000, 0.0000, 0.0000]])
tensor([[-0.5325,  1.0000,  0.0000,  0.0000,  0.0000,  0.0000]])
tensor([[0.8132, 1.0000, 0.0000, 0.0000, 0.0000, 0.0000]])
tensor([[0.1526, 1.0000, 0.0000, 0.0000, 0.0000, 0.0000]])
tensor([[0.7400, 1.0000, 0.0000, 0.0000, 0.0000, 0.0000]])
tensor([[0.4976, 1.0000, 0.0000, 0.0000, 0.0000, 0.0000]])
tensor([[0.0807, 1.0000, 0.0000, 0.0000, 0.0000, 0.0000]])
tensor([[-0.0422,  1.0000,  0.0000,  0.0000,  0.0000,  0.0000]])
tensor([[-0.2875,  1.0000,  0.0000,  0.0000,  0.0000,  0.0000]])
tensor([[0.6610, 1.0000, 0.0000, 0.0000, 0.0000, 0.0000]])
tensor([[-0.0261,  1.0000,  0.0000,  0.0000,  0.0000,  0.0000]])
tensor([[0.3220, 1.0000, 0.0000, 0.0000, 0.0000, 0.0000]])
tensor([[-0.0502,  1.0000,  0.0000,  0.0000,  0.0000,  0.0000]])
tensor([[-0.6034,  1.0000,  0.0000,  0.0000,  0.0000,  0.0000]])
tensor([[-0.1401,  1.0000,  0.0000,  0.0000,  0.0000,  0.0000]])
tensor([[0.2534, 1.0000, 0.0000, 0.0000, 0.0000, 0.0000]])
tensor([[0.7195, 1.0000, 0.0000, 0.0000, 0.0000, 0.0000]])
tensor([[0.1212, 1.0000, 1.0000, 0.0000, 0.0000, 0.0000]])
tensor([[-0.8085,  1.0000,  0.0000,  0.0000,  0.0000,  0.0000]])
tensor([[-0.6176,  1.0000,  0.0000,  0.0000,  0.0000,  0.0000]])
tensor([[0.7611, 1.0000, 0.0000, 0.0000, 0.0000, 0.0000]])
tensor([[0.7425, 1.0000, 0.0000, 0.0000, 0.0000, 0.0000]])
tensor([[-0.0431,  1.0000,  0.0000,  0.0000,  0.0000,  0.0000]])
tensor([[-0.1698,  1.0000,  0.0000,  0.0000,  0.0000,  0.0000]])
tensor([[0.8375, 1.0000, 0.0000, 0.0000, 0.0000, 0.0000]])
tensor([[-0.1753,  1.0000,  0.0000,  0.0000,  0.0000,  0.0000]])
tensor([[-0.1804,  1.0000,  0.0000,  0.0000,  0.0000,  0.0000]])
tensor([[0.6934, 1.0000, 0.0000, 0.0000, 0.0000, 0.0000]])
tensor([[-0.7556,  1.0000,  1.0000,  0.0000,  0.0000,  0.0000]])
tensor([[-0.6477,  1.0000,  0.0000,  0.0000,  0.0000,  0.0000]])
tensor([[-0.8817,  1.0000,  0.0000,  0.0000,  0.0000,  0.0000]])
tensor([[-0.1107,  1.0000,  0.0000,  0.0000,  0.0000,  0.0000]])
tensor([[-0.4001,  1.0000,  0.0000,  0.0000,  0.0000,  0.0000]])
tensor([[0.3754, 1.0000, 0.0000, 0.0000, 0.0000, 0.0000]])
tensor([[-0.2214,  1.0000,  0.0000,  0.0000,  0.0000,  0.0000]])
tensor([[-0.3343,  1.0000,  0.0000,  0.0000,  0.0000,  0.0000]])
tensor([[0.7684, 1.0000, 0.0000, 0.0000, 0.0000, 0.0000]])
tensor([[-0.2978,  1.0000,  0.0000,  0.0000,  0.0000,  0.0000]])
tensor([[0.0463, 1.0000, 0.0000, 0.0000, 0.0000, 0.0000]])
tensor([[0.4975, 1.0000, 0.0000, 0.0000, 0.0000, 0.0000]])
tensor([[-0.9386,  1.0000,  0.0000,  0.0000,  0.0000,  0.0000]])
tensor([[0.5720, 1.0000, 0.0000, 0.0000, 0.0000, 0.0000]])
tensor([[-0.1355,  1.0000,  0.0000,  0.0000,  0.0000,  0.0000]])
tensor([[-0.4282,  1.0000,  0.0000,  0.0000,  0.0000,  0.0000]])
tensor([[0.0647, 1.0000, 0.0000, 0.0000, 0.0000, 0.0000]])
tensor([[-0.5667,  1.0000,  0.0000,  0.0000,  0.0000,  0.0000]])
tensor([[-0.6616,  1.0000,  0.0000,  0.0000,  0.0000,  0.0000]])
tensor([[-0.5178,  1.0000,  0.0000,  0.0000,  0.0000,  0.0000]])
tensor([[-0.9433,  1.0000,  0.0000,  0.0000,  0.0000,  0.0000]])
tensor([[0.5650, 1.0000, 0.0000, 0.0000, 0.0000, 0.0000]])
tensor([[-0.4250,  1.0000,  0.0000,  0.0000,  0.0000,  0.0000]])
tensor([[-0.0013,  1.0000,  0.0000,  0.0000,  0.0000,  0.0000]])
tensor([[0.6019, 1.0000, 0.0000, 0.0000, 0.0000, 0.0000]])
tensor([[0.0372, 1.0000, 0.0000, 0.0000, 0.0000, 0.0000]])
tensor([[0.3442, 1.0000, 0.0000, 0.0000, 0.0000, 0.0000]])
tensor([[-0.1422,  1.0000,  0.0000,  0.0000,  0.0000,  0.0000]])
tensor([[-0.8443,  1.0000,  0.0000,  0.0000,  0.0000,  0.0000]])
tensor([[-0.0990,  1.0000,  0.0000,  0.0000,  0.0000,  0.0000]])
tensor([[-0.3049,  1.0000,  0.0000,  0.0000,  0.0000,  0.0000]])
tensor([[0.8515, 1.0000, 0.0000, 0.0000, 0.0000, 0.0000]])
tensor([[0.6726, 1.0000, 0.0000, 0.0000, 0.0000, 0.0000]])
tensor([[0.1002, 1.0000, 0.0000, 0.0000, 0.0000, 0.0000]])
tensor([[-0.8325,  1.0000,  0.0000,  0.0000,  0.0000,  0.0000]])
tensor([[-0.5132,  1.0000,  0.0000,  0.0000,  0.0000,  0.0000]])
tensor([[-0.3640,  1.0000,  0.0000,  0.0000,  0.0000,  0.0000]])
tensor([[-0.7779,  1.0000,  0.0000,  0.0000,  0.0000,  0.0000]])
tensor([[-0.5062,  1.0000,  0.0000,  0.0000,  0.0000,  0.0000]])
tensor([[0.3432, 1.0000, 0.0000, 0.0000, 0.0000, 0.0000]])
tensor([[0.7125, 1.0000, 0.0000, 0.0000, 0.0000, 0.0000]])
tensor([[-0.5715,  1.0000,  0.0000,  0.0000,  0.0000,  0.0000]])
tensor([[-0.4489,  1.0000,  0.0000,  0.0000,  0.0000,  0.0000]])
tensor([[0.1580, 1.0000, 0.0000, 0.0000, 0.0000, 0.0000]])
tensor([[0.6557, 1.0000, 0.0000, 0.0000, 0.0000, 0.0000]])
tensor([[0.7514, 1.0000, 0.0000, 0.0000, 0.0000, 0.0000]])
tensor([[0.2612, 1.0000, 0.0000, 0.0000, 0.0000, 0.0000]])
tensor([[-0.4842,  1.0000,  0.0000,  0.0000,  0.0000,  0.0000]])
tensor([[0.8850, 1.0000, 0.0000, 0.0000, 0.0000, 0.0000]])
tensor([[-0.3732,  1.0000,  0.0000,  0.0000,  0.0000,  0.0000]])
tensor([[-0.1352,  1.0000,  0.0000,  0.0000,  0.0000,  0.0000]])
tensor([[0.7739, 1.0000, 0.0000, 0.0000, 0.0000, 0.0000]])
tensor([[-0.3496,  1.0000,  0.0000,  0.0000,  0.0000,  0.0000]])
tensor([[-0.4315,  1.0000,  0.0000,  0.0000,  0.0000,  0.0000]])
tensor([[-0.0433,  1.0000,  0.0000,  0.0000,  0.0000,  0.0000]])
tensor([[0.4059, 1.0000, 0.0000, 0.0000, 0.0000, 0.0000]])
tensor([[0.2160, 1.0000, 0.0000, 0.0000, 0.0000, 0.0000]])
tensor([[-0.5298,  1.0000,  0.0000,  0.0000,  0.0000,  0.0000]])
tensor([[-0.3619,  1.0000,  0.0000,  0.0000,  0.0000,  0.0000]])
tensor([[0.0886, 1.0000, 0.0000, 0.0000, 0.0000, 0.0000]])
tensor([[-0.2415,  1.0000,  0.0000,  0.0000,  0.0000,  0.0000]])
tensor([[0.7640, 1.0000, 0.0000, 0.0000, 0.0000, 0.0000]])
tensor([[0.8354, 1.0000, 0.0000, 0.0000, 0.0000, 0.0000]])
tensor([[0.0496, 1.0000, 0.0000, 0.0000, 0.0000, 0.0000]])
tensor([[-0.7523,  1.0000,  0.0000,  0.0000,  0.0000,  0.0000]])
tensor([[0.9006, 0.0000, 0.0000, 0.0000, 0.0000, 0.0000]])
tensor([[-0.5289,  1.0000,  0.0000,  0.0000,  0.0000,  0.0000]])
tensor([[-0.1026,  1.0000,  0.0000,  0.0000,  0.0000,  0.0000]])
tensor([[0.2601, 1.0000, 0.0000, 0.0000, 0.0000, 0.0000]])
tensor([[-0.6018,  1.0000,  0.0000,  0.0000,  0.0000,  0.0000]])
tensor([[-0.7528,  1.0000,  0.0000,  0.0000,  0.0000,  0.0000]])
tensor([[0.1917, 1.0000, 0.0000, 0.0000, 0.0000, 0.0000]])
tensor([[0.5385, 1.0000, 0.0000, 0.0000, 0.0000, 0.0000]])
tensor([[-0.4940,  1.0000,  0.0000,  0.0000,  0.0000,  0.0000]])
tensor([[0.6889, 1.0000, 0.0000, 0.0000, 0.0000, 0.0000]])
tensor([[0.4123, 1.0000, 0.0000, 0.0000, 0.0000, 0.0000]])
tensor([[-0.1457,  1.0000,  0.0000,  0.0000,  0.0000,  0.0000]])
tensor([[0.5707, 1.0000, 0.0000, 0.0000, 0.0000, 0.0000]])
tensor([[-0.1551,  1.0000,  0.0000,  0.0000,  0.0000,  0.0000]])
tensor([[-0.4074,  1.0000,  0.0000,  0.0000,  0.0000,  0.0000]])
tensor([[0.5562, 1.0000, 0.0000, 0.0000, 0.0000, 0.0000]])
tensor([[0.2569, 1.0000, 0.0000, 0.0000, 0.0000, 0.0000]])
tensor([[0.3099, 1.0000, 0.0000, 0.0000, 0.0000, 0.0000]])
tensor([[0.1592, 1.0000, 0.0000, 0.0000, 0.0000, 0.0000]])
tensor([[0.0189, 1.0000, 0.0000, 0.0000, 0.0000, 0.0000]])
tensor([[0.9402, 1.0000, 1.0000, 0.0000, 0.0000, 0.0000]])
tensor([[-0.3418,  1.0000,  0.0000,  0.0000,  0.0000,  0.0000]])
tensor([[0.6508, 1.0000, 0.0000, 0.0000, 0.0000, 0.0000]])
tensor([[-0.6909,  1.0000,  0.0000,  0.0000,  0.0000,  0.0000]])
tensor([[0.0386, 1.0000, 0.0000, 0.0000, 0.0000, 0.0000]])
tensor([[0.4500, 1.0000, 0.0000, 0.0000, 0.0000, 0.0000]])
tensor([[-0.9512,  1.0000,  0.0000,  0.0000,  0.0000,  0.0000]])
tensor([[0.6602, 1.0000, 0.0000, 0.0000, 0.0000, 0.0000]])
tensor([[0.3000, 1.0000, 0.0000, 0.0000, 0.0000, 0.0000]])
tensor([[0.5863, 1.0000, 0.0000, 0.0000, 0.0000, 0.0000]])
tensor([[-0.8479,  1.0000,  0.0000,  0.0000,  0.0000,  0.0000]])
tensor([[0.4676, 1.0000, 0.0000, 0.0000, 0.0000, 0.0000]])
tensor([[0.3125, 1.0000, 0.0000, 0.0000, 0.0000, 0.0000]])
tensor([[-0.0426,  1.0000,  0.0000,  0.0000,  0.0000,  0.0000]])
tensor([[0.0615, 1.0000, 0.0000, 0.0000, 0.0000, 0.0000]])
tensor([[0.7851, 1.0000, 0.0000, 0.0000, 0.0000, 0.0000]])
tensor([[0.2922, 1.0000, 0.0000, 0.0000, 0.0000, 0.0000]])
tensor([[0.7100, 1.0000, 0.0000, 0.0000, 0.0000, 0.0000]])
tensor([[0.6683, 1.0000, 0.0000, 0.0000, 0.0000, 0.0000]])
tensor([[-0.9192,  1.0000,  0.0000,  0.0000,  0.0000,  0.0000]])
tensor([[0.8317, 1.0000, 0.0000, 0.0000, 0.0000, 0.0000]])
tensor([[-0.7611,  1.0000,  0.0000,  0.0000,  0.0000,  0.0000]])
tensor([[0.2717, 1.0000, 0.0000, 0.0000, 0.0000, 0.0000]])
tensor([[-0.9407,  1.0000,  0.0000,  0.0000,  0.0000,  0.0000]])
tensor([[-0.4089,  1.0000,  0.0000,  0.0000,  0.0000,  0.0000]])
tensor([[-0.7432,  1.0000,  0.0000,  0.0000,  0.0000,  0.0000]])
tensor([[-0.9001,  1.0000,  0.0000,  0.0000,  0.0000,  0.0000]])
tensor([[0.8240, 1.0000, 0.0000, 0.0000, 0.0000, 0.0000]])
tensor([[0.8762, 1.0000, 0.0000, 0.0000, 0.0000, 0.0000]])
tensor([[-0.6478,  1.0000,  0.0000,  0.0000,  0.0000,  0.0000]])
tensor([[-0.5281,  1.0000,  0.0000,  0.0000,  0.0000,  0.0000]])
tensor([[0.4265, 1.0000, 0.0000, 0.0000, 0.0000, 0.0000]])
tensor([[0.6053, 1.0000, 0.0000, 0.0000, 0.0000, 0.0000]])
tensor([[-0.2593,  1.0000,  0.0000,  0.0000,  0.0000,  0.0000]])
tensor([[-0.0427,  1.0000,  0.0000,  0.0000,  0.0000,  0.0000]])
tensor([[0.8821, 1.0000, 0.0000, 0.0000, 0.0000, 0.0000]])
tensor([[0.7395, 1.0000, 0.0000, 0.0000, 0.0000, 0.0000]])
tensor([[0.3643, 1.0000, 0.0000, 0.0000, 0.0000, 0.0000]])
tensor([[-0.5093,  1.0000,  0.0000,  0.0000,  0.0000,  0.0000]])
tensor([[-0.2373,  1.0000,  0.0000,  0.0000,  0.0000,  0.0000]])
tensor([[0.3051, 1.0000, 0.0000, 0.0000, 0.0000, 0.0000]])
tensor([[0.3222, 1.0000, 0.0000, 0.0000, 0.0000, 0.0000]])
tensor([[0.7062, 1.0000, 0.0000, 0.0000, 0.0000, 0.0000]])
tensor([[0.3770, 1.0000, 0.0000, 0.0000, 0.0000, 0.0000]])
tensor([[-0.7995,  1.0000,  0.0000,  0.0000,  0.0000,  0.0000]])
tensor([[-0.0598,  1.0000,  0.0000,  0.0000,  0.0000,  0.0000]])
tensor([[0.8797, 1.0000, 0.0000, 0.0000, 0.0000, 0.0000]])
tensor([[-0.9636,  1.0000,  0.0000,  0.0000,  0.0000,  0.0000]])
tensor([[-0.4402,  1.0000,  0.0000,  0.0000,  0.0000,  0.0000]])
tensor([[-0.1992,  1.0000,  0.0000,  0.0000,  0.0000,  0.0000]])
tensor([[-0.5941,  1.0000,  0.0000,  0.0000,  0.0000,  0.0000]])
tensor([[0.1465, 1.0000, 0.0000, 0.0000, 0.0000, 0.0000]])
tensor([[0.0952, 1.0000, 0.0000, 0.0000, 0.0000, 0.0000]])
tensor([[0.9276, 1.0000, 0.0000, 0.0000, 0.0000, 0.0000]])
tensor([[0.2027, 1.0000, 0.0000, 0.0000, 0.0000, 0.0000]])
tensor([[-0.1763,  1.0000,  0.0000,  0.0000,  0.0000,  0.0000]])
tensor([[-0.8554,  1.0000,  0.0000,  0.0000,  0.0000,  0.0000]])
tensor([[0.2998, 1.0000, 0.0000, 0.0000, 0.0000, 0.0000]])
tensor([[0.8835, 0.0000, 0.0000, 0.0000, 0.0000, 0.0000]])
tensor([[0.0813, 1.0000, 0.0000, 0.0000, 0.0000, 0.0000]])
tensor([[-0.0455,  1.0000,  0.0000,  0.0000,  0.0000,  0.0000]])
tensor([[-0.3969,  1.0000,  0.0000,  0.0000,  0.0000,  0.0000]])
tensor([[-0.3429,  1.0000,  0.0000,  0.0000,  0.0000,  0.0000]])
tensor([[-0.6831,  1.0000,  0.0000,  0.0000,  0.0000,  0.0000]])
tensor([[-0.5454,  1.0000,  0.0000,  0.0000,  0.0000,  0.0000]])
tensor([[-0.5221,  1.0000,  0.0000,  0.0000,  0.0000,  0.0000]])
tensor([[0.4884, 1.0000, 0.0000, 0.0000, 0.0000, 0.0000]])
tensor([[-0.0090,  1.0000,  0.0000,  0.0000,  0.0000,  0.0000]])
tensor([[0.9368, 1.0000, 0.0000, 0.0000, 0.0000, 0.0000]])
tensor([[-0.7668,  1.0000,  0.0000,  0.0000,  0.0000,  0.0000]])
tensor([[-0.2303,  1.0000,  0.0000,  0.0000,  0.0000,  0.0000]])
tensor([[0.0269, 1.0000, 0.0000, 0.0000, 0.0000, 0.0000]])
tensor([[0.4692, 1.0000, 0.0000, 0.0000, 0.0000, 0.0000]])
tensor([[0.2822, 1.0000, 0.0000, 0.0000, 0.0000, 0.0000]])
tensor([[-0.7686,  1.0000,  0.0000,  0.0000,  0.0000,  0.0000]])
tensor([[0.8871, 1.0000, 0.0000, 0.0000, 0.0000, 0.0000]])
tensor([[0.7008, 1.0000, 0.0000, 0.0000, 0.0000, 0.0000]])
tensor([[-0.3495,  1.0000,  0.0000,  0.0000,  0.0000,  0.0000]])
tensor([[-0.2676,  1.0000,  0.0000,  0.0000,  0.0000,  0.0000]])
tensor([[-0.3571,  1.0000,  0.0000,  0.0000,  0.0000,  0.0000]])
tensor([[0.2284, 1.0000, 0.0000, 0.0000, 0.0000, 0.0000]])
tensor([[0.3548, 1.0000, 0.0000, 0.0000, 0.0000, 0.0000]])
tensor([[-0.8222,  1.0000,  0.0000,  0.0000,  0.0000,  0.0000]])
tensor([[-0.7456,  1.0000,  0.0000,  0.0000,  0.0000,  0.0000]])
tensor([[0.5204, 1.0000, 0.0000, 0.0000, 0.0000, 0.0000]])
tensor([[-0.6512,  1.0000,  0.0000,  0.0000,  0.0000,  0.0000]])
tensor([[-0.2930,  1.0000,  0.0000,  0.0000,  0.0000,  0.0000]])
tensor([[-0.7822,  1.0000,  0.0000,  0.0000,  0.0000,  0.0000]])
tensor([[0.4726, 1.0000, 0.0000, 0.0000, 0.0000, 0.0000]])
tensor([[-0.5425,  1.0000,  0.0000,  0.0000,  0.0000,  0.0000]])
tensor([[-0.2947,  1.0000,  0.0000,  0.0000,  0.0000,  0.0000]])
tensor([[-0.8639,  1.0000,  0.0000,  0.0000,  0.0000,  0.0000]])
tensor([[0.3313, 1.0000, 0.0000, 0.0000, 0.0000, 0.0000]])
tensor([[0.1314, 1.0000, 0.0000, 0.0000, 0.0000, 0.0000]])
tensor([[0.4124, 1.0000, 0.0000, 0.0000, 0.0000, 0.0000]])
tensor([[-0.4637,  1.0000,  0.0000,  0.0000,  0.0000,  0.0000]])
tensor([[0.3445, 1.0000, 0.0000, 0.0000, 0.0000, 0.0000]])
tensor([[-0.8244,  1.0000,  0.0000,  0.0000,  0.0000,  0.0000]])
tensor([[-0.7530,  1.0000,  0.0000,  0.0000,  0.0000,  0.0000]])
tensor([[0.3292, 1.0000, 0.0000, 0.0000, 0.0000, 0.0000]])
tensor([[-0.8783,  1.0000,  0.0000,  0.0000,  0.0000,  0.0000]])
tensor([[0.8834, 1.0000, 0.0000, 0.0000, 0.0000, 0.0000]])
tensor([[0.1884, 1.0000, 0.0000, 0.0000, 0.0000, 0.0000]])
tensor([[0.4254, 1.0000, 0.0000, 0.0000, 0.0000, 0.0000]])
tensor([[0.0259, 1.0000, 0.0000, 0.0000, 0.0000, 0.0000]])
tensor([[0.2464, 1.0000, 0.0000, 0.0000, 0.0000, 0.0000]])
tensor([[0.0374, 1.0000, 0.0000, 0.0000, 0.0000, 0.0000]])
tensor([[-0.8176,  1.0000,  0.0000,  0.0000,  0.0000,  0.0000]])
tensor([[-0.6469,  1.0000,  0.0000,  0.0000,  0.0000,  0.0000]])
tensor([[0.6619, 1.0000, 0.0000, 0.0000, 0.0000, 0.0000]])
tensor([[0.2744, 1.0000, 0.0000, 0.0000, 0.0000, 0.0000]])
tensor([[0.5308, 1.0000, 0.0000, 0.0000, 0.0000, 0.0000]])
tensor([[0.0826, 1.0000, 0.0000, 0.0000, 0.0000, 0.0000]])
tensor([[-0.4121,  1.0000,  0.0000,  0.0000,  0.0000,  0.0000]])
tensor([[-0.5946,  1.0000,  0.0000,  0.0000,  0.0000,  0.0000]])
tensor([[-0.7822,  1.0000,  0.0000,  0.0000,  0.0000,  0.0000]])
tensor([[-0.4152,  1.0000,  0.0000,  0.0000,  0.0000,  0.0000]])
tensor([[0.1394, 1.0000, 0.0000, 0.0000, 0.0000, 0.0000]])
tensor([[-0.4931,  1.0000,  0.0000,  0.0000,  0.0000,  0.0000]])
tensor([[-0.8103,  1.0000,  0.0000,  0.0000,  0.0000,  0.0000]])
tensor([[-0.8101,  1.0000,  0.0000,  0.0000,  0.0000,  0.0000]])
tensor([[0.7538, 1.0000, 0.0000, 0.0000, 0.0000, 0.0000]])
tensor([[0.9206, 1.0000, 0.0000, 0.0000, 0.0000, 0.0000]])
tensor([[0.5431, 1.0000, 0.0000, 0.0000, 0.0000, 0.0000]])
tensor([[0.7551, 1.0000, 0.0000, 0.0000, 0.0000, 0.0000]])
tensor([[-0.1054,  1.0000,  0.0000,  0.0000,  0.0000,  0.0000]])
tensor([[-0.4660,  1.0000,  0.0000,  0.0000,  0.0000,  0.0000]])
tensor([[-0.7078,  1.0000,  0.0000,  0.0000,  0.0000,  0.0000]])
tensor([[-0.1449,  1.0000,  0.0000,  0.0000,  0.0000,  0.0000]])
tensor([[0.5454, 1.0000, 0.0000, 0.0000, 0.0000, 0.0000]])
tensor([[0.6778, 1.0000, 0.0000, 0.0000, 0.0000, 0.0000]])
tensor([[-0.5299,  1.0000,  0.0000,  0.0000,  0.0000,  0.0000]])
tensor([[0.4984, 1.0000, 0.0000, 0.0000, 0.0000, 0.0000]])
tensor([[-0.6199,  1.0000,  0.0000,  0.0000,  0.0000,  0.0000]])
tensor([[0.4440, 1.0000, 0.0000, 0.0000, 0.0000, 0.0000]])
tensor([[0.3527, 1.0000, 0.0000, 0.0000, 0.0000, 0.0000]])
tensor([[0.8839, 1.0000, 0.0000, 0.0000, 0.0000, 0.0000]])
tensor([[0.2954, 1.0000, 0.0000, 0.0000, 0.0000, 0.0000]])
tensor([[0.7494, 1.0000, 0.0000, 0.0000, 0.0000, 0.0000]])
tensor([[0.1632, 1.0000, 0.0000, 0.0000, 0.0000, 0.0000]])
tensor([[0.8023, 1.0000, 0.0000, 0.0000, 0.0000, 0.0000]])
tensor([[-0.7347,  1.0000,  0.0000,  0.0000,  0.0000,  0.0000]])
tensor([[-0.3469,  1.0000,  0.0000,  0.0000,  0.0000,  0.0000]])
tensor([[0.9071, 1.0000, 0.0000, 0.0000, 0.0000, 0.0000]])
tensor([[0.6297, 1.0000, 0.0000, 0.0000, 0.0000, 0.0000]])
tensor([[0.7821, 1.0000, 0.0000, 0.0000, 0.0000, 0.0000]])
tensor([[0.1249, 1.0000, 0.0000, 0.0000, 0.0000, 0.0000]])
tensor([[-0.2517,  1.0000,  0.0000,  0.0000,  0.0000,  0.0000]])
tensor([[0.3655, 1.0000, 0.0000, 0.0000, 0.0000, 0.0000]])
tensor([[-0.2856,  1.0000,  0.0000,  0.0000,  0.0000,  0.0000]])
tensor([[-0.6719,  1.0000,  0.0000,  0.0000,  0.0000,  0.0000]])
tensor([[0.2614, 1.0000, 0.0000, 0.0000, 0.0000, 0.0000]])
tensor([[-0.8767,  1.0000,  0.0000,  0.0000,  0.0000,  0.0000]])
tensor([[-0.1343,  1.0000,  0.0000,  0.0000,  0.0000,  0.0000]])
tensor([[-0.5228,  1.0000,  0.0000,  0.0000,  0.0000,  0.0000]])
tensor([[-0.5542,  1.0000,  0.0000,  0.0000,  0.0000,  0.0000]])
tensor([[0.8843, 1.0000, 0.0000, 0.0000, 0.0000, 0.0000]])
tensor([[-0.3956,  1.0000,  0.0000,  0.0000,  0.0000,  0.0000]])
tensor([[0.7796, 1.0000, 0.0000, 0.0000, 0.0000, 0.0000]])
tensor([[0.9429, 1.0000, 0.0000, 0.0000, 0.0000, 0.0000]])
tensor([[-0.7903,  1.0000,  0.0000,  0.0000,  0.0000,  0.0000]])
tensor([[-0.8297,  1.0000,  0.0000,  0.0000,  0.0000,  0.0000]])
tensor([[-0.5662,  1.0000,  0.0000,  0.0000,  0.0000,  0.0000]])
tensor([[-0.4379,  1.0000,  0.0000,  0.0000,  0.0000,  0.0000]])
tensor([[0.2425, 1.0000, 0.0000, 0.0000, 0.0000, 0.0000]])
tensor([[0.6932, 1.0000, 0.0000, 0.0000, 0.0000, 0.0000]])
tensor([[-0.0777,  1.0000,  0.0000,  0.0000,  0.0000,  0.0000]])
tensor([[0.5950, 1.0000, 0.0000, 0.0000, 0.0000, 0.0000]])
tensor([[-0.5977,  1.0000,  0.0000,  0.0000,  0.0000,  0.0000]])
tensor([[0.1982, 1.0000, 0.0000, 0.0000, 0.0000, 0.0000]])
tensor([[0.4054, 1.0000, 0.0000, 0.0000, 0.0000, 0.0000]])
tensor([[0.7873, 1.0000, 0.0000, 0.0000, 0.0000, 0.0000]])
tensor([[-0.1155,  1.0000,  0.0000,  0.0000,  0.0000,  0.0000]])
tensor([[0.6284, 1.0000, 0.0000, 0.0000, 0.0000, 0.0000]])
tensor([[-0.5814,  1.0000,  1.0000,  0.0000,  0.0000,  0.0000]])
tensor([[0.6270, 1.0000, 0.0000, 0.0000, 0.0000, 0.0000]])
tensor([[-0.6033,  1.0000,  0.0000,  0.0000,  0.0000,  0.0000]])
tensor([[-0.1856,  1.0000,  0.0000,  0.0000,  0.0000,  0.0000]])
tensor([[0.3551, 1.0000, 0.0000, 0.0000, 0.0000, 0.0000]])
tensor([[-0.6720,  1.0000,  0.0000,  0.0000,  0.0000,  0.0000]])
tensor([[0.5561, 1.0000, 0.0000, 0.0000, 0.0000, 0.0000]])
tensor([[0.4353, 1.0000, 0.0000, 0.0000, 0.0000, 0.0000]])
tensor([[-0.3181,  1.0000,  0.0000,  0.0000,  0.0000,  0.0000]])
tensor([[-0.1576,  1.0000,  0.0000,  0.0000,  0.0000,  0.0000]])
tensor([[0.8218, 1.0000, 0.0000, 0.0000, 0.0000, 0.0000]])
tensor([[-0.8800,  1.0000,  0.0000,  0.0000,  0.0000,  0.0000]])
tensor([[0.9420, 1.0000, 0.0000, 0.0000, 0.0000, 0.0000]])
tensor([[-0.3278,  1.0000,  0.0000,  0.0000,  0.0000,  0.0000]])
tensor([[-0.8345,  1.0000,  0.0000,  0.0000,  0.0000,  0.0000]])
tensor([[-0.7955,  1.0000,  0.0000,  0.0000,  0.0000,  0.0000]])
tensor([[-0.1639,  1.0000,  0.0000,  0.0000,  0.0000,  0.0000]])
tensor([[-0.5200,  1.0000,  0.0000,  0.0000,  0.0000,  0.0000]])
tensor([[0.5886, 1.0000, 0.0000, 0.0000, 0.0000, 0.0000]])
tensor([[-0.7511,  1.0000,  0.0000,  0.0000,  0.0000,  0.0000]])
tensor([[0.0798, 1.0000, 0.0000, 0.0000, 0.0000, 0.0000]])
tensor([[0.6270, 1.0000, 0.0000, 0.0000, 0.0000, 0.0000]])
tensor([[0.1257, 1.0000, 0.0000, 0.0000, 0.0000, 0.0000]])
tensor([[-0.3369,  1.0000,  0.0000,  0.0000,  0.0000,  0.0000]])
tensor([[-0.7037,  0.0000,  0.0000,  0.0000,  0.0000,  0.0000]])
tensor([[0.4605, 1.0000, 0.0000, 0.0000, 0.0000, 0.0000]])
tensor([[0.6593, 1.0000, 0.0000, 0.0000, 0.0000, 0.0000]])
tensor([[0.5864, 1.0000, 0.0000, 0.0000, 0.0000, 0.0000]])
tensor([[0.7330, 1.0000, 0.0000, 0.0000, 0.0000, 0.0000]])
tensor([[0.3822, 1.0000, 0.0000, 0.0000, 0.0000, 0.0000]])
tensor([[-0.4738,  1.0000,  0.0000,  0.0000,  0.0000,  0.0000]])
tensor([[0.5330, 1.0000, 0.0000, 0.0000, 0.0000, 0.0000]])
tensor([[0.8894, 1.0000, 0.0000, 0.0000, 0.0000, 0.0000]])
tensor([[-0.8394,  1.0000,  0.0000,  0.0000,  0.0000,  0.0000]])
tensor([[0.2076, 1.0000, 0.0000, 0.0000, 0.0000, 0.0000]])
tensor([[0.2011, 1.0000, 0.0000, 0.0000, 0.0000, 0.0000]])
tensor([[0.1581, 1.0000, 0.0000, 0.0000, 0.0000, 0.0000]])
tensor([[-0.4311,  1.0000,  0.0000,  0.0000,  0.0000,  0.0000]])
tensor([[-0.8447,  1.0000,  0.0000,  0.0000,  0.0000,  0.0000]])
tensor([[-0.2180,  1.0000,  0.0000,  0.0000,  0.0000,  0.0000]])
tensor([[0.5642, 1.0000, 0.0000, 0.0000, 0.0000, 0.0000]])
tensor([[-0.4431,  1.0000,  0.0000,  0.0000,  0.0000,  0.0000]])
tensor([[-0.6598,  1.0000,  0.0000,  0.0000,  0.0000,  0.0000]])
tensor([[0.5288, 1.0000, 0.0000, 0.0000, 0.0000, 0.0000]])
tensor([[-0.4143,  1.0000,  0.0000,  0.0000,  0.0000,  0.0000]])
tensor([[-0.7853,  1.0000,  0.0000,  0.0000,  0.0000,  0.0000]])
tensor([[0.5917, 1.0000, 0.0000, 0.0000, 0.0000, 0.0000]])
tensor([[-0.0909,  1.0000,  0.0000,  0.0000,  0.0000,  0.0000]])
tensor([[-0.2069,  1.0000,  0.0000,  0.0000,  0.0000,  0.0000]])
tensor([[-0.2503,  1.0000,  0.0000,  0.0000,  0.0000,  0.0000]])
tensor([[-0.7694,  1.0000,  0.0000,  0.0000,  0.0000,  0.0000]])
tensor([[-0.6579,  1.0000,  0.0000,  0.0000,  0.0000,  0.0000]])
tensor([[0.2980, 1.0000, 0.0000, 0.0000, 0.0000, 0.0000]])
tensor([[0.6316, 1.0000, 0.0000, 0.0000, 0.0000, 0.0000]])
tensor([[-0.1163,  1.0000,  0.0000,  0.0000,  0.0000,  0.0000]])
tensor([[0.6182, 1.0000, 0.0000, 0.0000, 0.0000, 0.0000]])
tensor([[0.4171, 1.0000, 0.0000, 0.0000, 0.0000, 0.0000]])
tensor([[0.6638, 1.0000, 0.0000, 0.0000, 0.0000, 0.0000]])
tensor([[0.3120, 1.0000, 0.0000, 0.0000, 0.0000, 0.0000]])
tensor([[-0.9488,  1.0000,  0.0000,  0.0000,  0.0000,  0.0000]])
tensor([[0.8294, 1.0000, 0.0000, 0.0000, 0.0000, 0.0000]])
tensor([[-0.5200,  1.0000,  0.0000,  0.0000,  0.0000,  0.0000]])
tensor([[-0.7765,  1.0000,  0.0000,  0.0000,  0.0000,  0.0000]])
tensor([[-0.5891,  1.0000,  0.0000,  0.0000,  0.0000,  0.0000]])
tensor([[0.0829, 1.0000, 0.0000, 0.0000, 0.0000, 0.0000]])
tensor([[-0.9900,  1.0000,  0.0000,  0.0000,  0.0000,  0.0000]])
tensor([[-0.8489,  1.0000,  0.0000,  0.0000,  0.0000,  0.0000]])
tensor([[0.1651, 1.0000, 0.0000, 0.0000, 0.0000, 0.0000]])
tensor([[0.5676, 1.0000, 0.0000, 0.0000, 0.0000, 0.0000]])
tensor([[0.4527, 1.0000, 0.0000, 0.0000, 0.0000, 0.0000]])
tensor([[-0.6850,  1.0000,  0.0000,  0.0000,  0.0000,  0.0000]])
tensor([[0.0681, 1.0000, 0.0000, 0.0000, 0.0000, 0.0000]])
tensor([[0.0404, 1.0000, 0.0000, 0.0000, 0.0000, 0.0000]])
tensor([[-0.2979,  1.0000,  0.0000,  0.0000,  0.0000,  0.0000]])
tensor([[-0.1248,  1.0000,  0.0000,  0.0000,  0.0000,  0.0000]])
tensor([[0.2423, 1.0000, 0.0000, 0.0000, 0.0000, 0.0000]])
tensor([[0.6834, 1.0000, 0.0000, 0.0000, 0.0000, 0.0000]])
tensor([[-0.4212,  1.0000,  0.0000,  0.0000,  0.0000,  0.0000]])
tensor([[-0.8163,  1.0000,  0.0000,  0.0000,  0.0000,  0.0000]])
tensor([[0.8586, 1.0000, 0.0000, 0.0000, 0.0000, 0.0000]])
tensor([[-0.6463,  1.0000,  0.0000,  0.0000,  0.0000,  0.0000]])
tensor([[0.0609, 1.0000, 0.0000, 0.0000, 0.0000, 0.0000]])
tensor([[0.7256, 1.0000, 0.0000, 0.0000, 0.0000, 0.0000]])
tensor([[-0.0999,  1.0000,  0.0000,  0.0000,  0.0000,  0.0000]])
tensor([[0.2929, 1.0000, 0.0000, 0.0000, 0.0000, 0.0000]])
tensor([[-0.9555,  1.0000,  0.0000,  0.0000,  0.0000,  0.0000]])
tensor([[0.6135, 1.0000, 0.0000, 0.0000, 0.0000, 0.0000]])
tensor([[0.2211, 0.0000, 0.0000, 0.0000, 0.0000, 0.0000]])
tensor([[0.3990, 1.0000, 0.0000, 0.0000, 0.0000, 0.0000]])
tensor([[0.1229, 1.0000, 0.0000, 0.0000, 0.0000, 0.0000]])
tensor([[0.5616, 1.0000, 0.0000, 0.0000, 0.0000, 0.0000]])
tensor([[0.1614, 1.0000, 0.0000, 0.0000, 0.0000, 0.0000]])
tensor([[-0.2946,  1.0000,  0.0000,  0.0000,  0.0000,  0.0000]])
tensor([[-0.0781,  1.0000,  0.0000,  0.0000,  0.0000,  0.0000]])
tensor([[0.2181, 1.0000, 0.0000, 0.0000, 0.0000, 0.0000]])
tensor([[-0.1696,  1.0000,  0.0000,  0.0000,  0.0000,  0.0000]])
tensor([[0.4757, 1.0000, 0.0000, 0.0000, 0.0000, 0.0000]])
tensor([[0.0217, 1.0000, 0.0000, 0.0000, 0.0000, 0.0000]])
tensor([[0.2226, 1.0000, 0.0000, 0.0000, 0.0000, 0.0000]])
tensor([[0.7343, 1.0000, 0.0000, 0.0000, 0.0000, 0.0000]])
tensor([[0.7080, 1.0000, 0.0000, 0.0000, 0.0000, 0.0000]])
tensor([[0.4517, 1.0000, 0.0000, 0.0000, 0.0000, 0.0000]])
tensor([[0.6679, 1.0000, 0.0000, 0.0000, 0.0000, 0.0000]])
tensor([[-0.0038,  1.0000,  0.0000,  0.0000,  0.0000,  0.0000]])
tensor([[-0.8223,  1.0000,  0.0000,  0.0000,  0.0000,  0.0000]])
tensor([[0.5623, 1.0000, 0.0000, 0.0000, 0.0000, 0.0000]])
tensor([[0.3269, 1.0000, 0.0000, 0.0000, 0.0000, 0.0000]])
tensor([[-0.5309,  1.0000,  0.0000,  0.0000,  0.0000,  0.0000]])
tensor([[0.3972, 1.0000, 0.0000, 0.0000, 0.0000, 0.0000]])
tensor([[0.5156, 1.0000, 0.0000, 0.0000, 0.0000, 0.0000]])
tensor([[0.5297, 1.0000, 0.0000, 0.0000, 0.0000, 0.0000]])
tensor([[0.7219, 1.0000, 0.0000, 0.0000, 0.0000, 0.0000]])
tensor([[-0.7486,  1.0000,  0.0000,  0.0000,  0.0000,  0.0000]])
tensor([[0.4322, 1.0000, 0.0000, 0.0000, 0.0000, 0.0000]])
tensor([[-0.2657,  1.0000,  0.0000,  0.0000,  0.0000,  0.0000]])
tensor([[0.9365, 1.0000, 0.0000, 0.0000, 0.0000, 0.0000]])
tensor([[0.7495, 1.0000, 0.0000, 0.0000, 0.0000, 0.0000]])
tensor([[-0.3952,  1.0000,  0.0000,  0.0000,  0.0000,  0.0000]])
tensor([[-0.9066,  1.0000,  0.0000,  0.0000,  0.0000,  0.0000]])
tensor([[0.7752, 1.0000, 0.0000, 0.0000, 0.0000, 0.0000]])
tensor([[0.3521, 1.0000, 0.0000, 0.0000, 0.0000, 0.0000]])
tensor([[0.7638, 1.0000, 0.0000, 0.0000, 0.0000, 0.0000]])
tensor([[0.7761, 1.0000, 0.0000, 0.0000, 0.0000, 0.0000]])
tensor([[-0.3951,  1.0000,  0.0000,  0.0000,  0.0000,  0.0000]])
tensor([[-0.0454,  1.0000,  0.0000,  0.0000,  0.0000,  0.0000]])
tensor([[0.2256, 1.0000, 0.0000, 0.0000, 0.0000, 0.0000]])
tensor([[0.6328, 1.0000, 0.0000, 0.0000, 0.0000, 0.0000]])
tensor([[-0.1931,  1.0000,  0.0000,  0.0000,  0.0000,  0.0000]])
tensor([[-0.4424,  1.0000,  0.0000,  0.0000,  0.0000,  0.0000]])
tensor([[-0.2694,  1.0000,  0.0000,  0.0000,  0.0000,  0.0000]])
tensor([[-0.6025,  1.0000,  0.0000,  0.0000,  0.0000,  0.0000]])
tensor([[0.3376, 1.0000, 0.0000, 0.0000, 0.0000, 0.0000]])
tensor([[0.2978, 1.0000, 0.0000, 0.0000, 0.0000, 0.0000]])
tensor([[-0.3264,  1.0000,  0.0000,  0.0000,  0.0000,  0.0000]])
tensor([[0.8294, 1.0000, 0.0000, 0.0000, 0.0000, 0.0000]])
tensor([[-0.6641,  1.0000,  0.0000,  0.0000,  0.0000,  0.0000]])
tensor([[-0.8313,  1.0000,  0.0000,  0.0000,  0.0000,  0.0000]])
tensor([[-0.1462,  1.0000,  0.0000,  0.0000,  0.0000,  0.0000]])
tensor([[-0.1756,  1.0000,  0.0000,  0.0000,  0.0000,  0.0000]])
tensor([[-0.5260,  1.0000,  0.0000,  0.0000,  0.0000,  0.0000]])
tensor([[-0.1811,  1.0000,  0.0000,  0.0000,  0.0000,  0.0000]])
tensor([[0.3170, 1.0000, 0.0000, 0.0000, 0.0000, 0.0000]])
tensor([[-0.8420,  1.0000,  0.0000,  0.0000,  0.0000,  0.0000]])
tensor([[0.5769, 1.0000, 0.0000, 0.0000, 0.0000, 0.0000]])
tensor([[0.8158, 1.0000, 0.0000, 0.0000, 0.0000, 0.0000]])
tensor([[-0.0028,  1.0000,  0.0000,  0.0000,  0.0000,  0.0000]])
tensor([[0.2597, 1.0000, 0.0000, 0.0000, 0.0000, 0.0000]])
tensor([[0.2128, 1.0000, 0.0000, 0.0000, 0.0000, 0.0000]])
tensor([[-0.0584,  1.0000,  0.0000,  0.0000,  0.0000,  0.0000]])
tensor([[-0.2347,  1.0000,  0.0000,  0.0000,  0.0000,  0.0000]])
tensor([[-0.1973,  1.0000,  0.0000,  0.0000,  0.0000,  0.0000]])
tensor([[0.8008, 1.0000, 0.0000, 0.0000, 0.0000, 0.0000]])
tensor([[0.6988, 1.0000, 0.0000, 0.0000, 0.0000, 0.0000]])
tensor([[0.4569, 1.0000, 0.0000, 0.0000, 0.0000, 0.0000]])
tensor([[0.2696, 1.0000, 0.0000, 0.0000, 0.0000, 0.0000]])
tensor([[-0.6107,  1.0000,  0.0000,  0.0000,  0.0000,  0.0000]])
tensor([[0.3017, 1.0000, 0.0000, 0.0000, 0.0000, 0.0000]])
tensor([[0.8496, 1.0000, 0.0000, 0.0000, 0.0000, 0.0000]])
tensor([[0.0115, 1.0000, 0.0000, 0.0000, 0.0000, 0.0000]])
tensor([[0.4743, 1.0000, 0.0000, 0.0000, 0.0000, 0.0000]])
tensor([[-0.8116,  1.0000,  0.0000,  0.0000,  0.0000,  0.0000]])
tensor([[0.4594, 1.0000, 0.0000, 0.0000, 0.0000, 0.0000]])
tensor([[0.1944, 1.0000, 0.0000, 0.0000, 0.0000, 0.0000]])
tensor([[-0.1622,  1.0000,  0.0000,  0.0000,  0.0000,  0.0000]])
tensor([[0.5303, 1.0000, 0.0000, 0.0000, 0.0000, 0.0000]])
tensor([[-0.1932,  1.0000,  0.0000,  0.0000,  0.0000,  0.0000]])
tensor([[-0.6529,  1.0000,  0.0000,  0.0000,  0.0000,  0.0000]])
tensor([[0.1239, 1.0000, 0.0000, 0.0000, 0.0000, 0.0000]])
tensor([[-0.5740,  1.0000,  0.0000,  0.0000,  0.0000,  0.0000]])
tensor([[0.9807, 1.0000, 0.0000, 0.0000, 0.0000, 0.0000]])
tensor([[0.3979, 1.0000, 0.0000, 0.0000, 0.0000, 0.0000]])
tensor([[0.1419, 1.0000, 0.0000, 0.0000, 0.0000, 0.0000]])
tensor([[0.4474, 1.0000, 0.0000, 0.0000, 0.0000, 0.0000]])
tensor([[0.9368, 1.0000, 0.0000, 0.0000, 0.0000, 0.0000]])
tensor([[-0.4250,  1.0000,  0.0000,  0.0000,  0.0000,  0.0000]])
tensor([[-0.6268,  1.0000,  0.0000,  0.0000,  0.0000,  0.0000]])
tensor([[0.0997, 1.0000, 0.0000, 0.0000, 0.0000, 0.0000]])
tensor([[-0.7341,  1.0000,  0.0000,  0.0000,  0.0000,  0.0000]])
tensor([[0.4281, 1.0000, 0.0000, 0.0000, 0.0000, 0.0000]])
tensor([[-0.2757,  1.0000,  0.0000,  0.0000,  0.0000,  0.0000]])
tensor([[-0.4959,  1.0000,  0.0000,  0.0000,  0.0000,  0.0000]])
tensor([[-0.0885,  1.0000,  0.0000,  0.0000,  0.0000,  0.0000]])
tensor([[0.7377, 1.0000, 0.0000, 0.0000, 0.0000, 0.0000]])
tensor([[-0.1992,  1.0000,  0.0000,  0.0000,  0.0000,  0.0000]])
tensor([[-0.9683,  1.0000,  0.0000,  0.0000,  0.0000,  0.0000]])
tensor([[-0.8408,  1.0000,  0.0000,  0.0000,  0.0000,  0.0000]])
tensor([[-0.3764,  1.0000,  0.0000,  0.0000,  0.0000,  0.0000]])
tensor([[0.2643, 1.0000, 0.0000, 0.0000, 0.0000, 0.0000]])
tensor([[0.0946, 1.0000, 0.0000, 0.0000, 0.0000, 0.0000]])
tensor([[-0.1144,  1.0000,  0.0000,  0.0000,  0.0000,  0.0000]])
tensor([[0.7715, 1.0000, 0.0000, 0.0000, 0.0000, 0.0000]])
tensor([[0.9097, 1.0000, 0.0000, 0.0000, 0.0000, 0.0000]])
tensor([[-0.3649,  1.0000,  0.0000,  0.0000,  0.0000,  0.0000]])
tensor([[-0.2538,  1.0000,  0.0000,  0.0000,  0.0000,  0.0000]])
tensor([[-0.5082,  1.0000,  0.0000,  0.0000,  0.0000,  0.0000]])
tensor([[0.6149, 1.0000, 0.0000, 0.0000, 0.0000, 0.0000]])
tensor([[0.9765, 1.0000, 0.0000, 0.0000, 0.0000, 0.0000]])
tensor([[0.9134, 1.0000, 0.0000, 0.0000, 0.0000, 0.0000]])
tensor([[-0.5083,  1.0000,  0.0000,  0.0000,  0.0000,  0.0000]])
tensor([[-0.7882,  1.0000,  0.0000,  0.0000,  0.0000,  0.0000]])
tensor([[0.3070, 1.0000, 0.0000, 0.0000, 0.0000, 0.0000]])
tensor([[0.7733, 1.0000, 0.0000, 0.0000, 0.0000, 0.0000]])
tensor([[0.2327, 1.0000, 0.0000, 0.0000, 0.0000, 0.0000]])
tensor([[-0.3381,  1.0000,  0.0000,  0.0000,  0.0000,  0.0000]])
tensor([[0.7873, 1.0000, 0.0000, 0.0000, 0.0000, 0.0000]])
tensor([[0.3709, 1.0000, 0.0000, 0.0000, 0.0000, 0.0000]])
tensor([[0.4911, 1.0000, 0.0000, 0.0000, 0.0000, 0.0000]])
tensor([[0.8335, 1.0000, 0.0000, 0.0000, 0.0000, 0.0000]])
tensor([[-0.6978,  1.0000,  0.0000,  0.0000,  0.0000,  0.0000]])
tensor([[0.5908, 1.0000, 0.0000, 0.0000, 0.0000, 0.0000]])
tensor([[0.6945, 1.0000, 0.0000, 0.0000, 0.0000, 0.0000]])
tensor([[0.0570, 1.0000, 0.0000, 0.0000, 0.0000, 0.0000]])
tensor([[-0.6948,  1.0000,  0.0000,  0.0000,  0.0000,  0.0000]])
tensor([[-0.5633,  1.0000,  0.0000,  0.0000,  0.0000,  0.0000]])
tensor([[0.3169, 1.0000, 0.0000, 0.0000, 0.0000, 0.0000]])
tensor([[-0.3401,  1.0000,  0.0000,  0.0000,  0.0000,  0.0000]])
tensor([[0.8869, 1.0000, 0.0000, 0.0000, 0.0000, 0.0000]])
tensor([[0.2180, 1.0000, 0.0000, 0.0000, 0.0000, 0.0000]])
tensor([[0.4317, 1.0000, 0.0000, 0.0000, 0.0000, 0.0000]])
tensor([[-0.3204,  1.0000,  0.0000,  0.0000,  0.0000,  0.0000]])
tensor([[-0.6695,  1.0000,  0.0000,  0.0000,  0.0000,  0.0000]])
tensor([[0.0021, 1.0000, 0.0000, 0.0000, 0.0000, 0.0000]])
tensor([[-0.2077,  1.0000,  0.0000,  0.0000,  0.0000,  0.0000]])
tensor([[-0.2807,  1.0000,  0.0000,  0.0000,  0.0000,  0.0000]])
tensor([[0.2356, 1.0000, 0.0000, 0.0000, 0.0000, 0.0000]])
tensor([[-0.1856,  1.0000,  0.0000,  0.0000,  0.0000,  0.0000]])
tensor([[-0.3733,  1.0000,  0.0000,  0.0000,  0.0000,  0.0000]])
tensor([[0.0742, 1.0000, 0.0000, 0.0000, 0.0000, 0.0000]])
tensor([[0.0483, 1.0000, 0.0000, 0.0000, 0.0000, 0.0000]])
tensor([[-0.1056,  1.0000,  0.0000,  0.0000,  0.0000,  0.0000]])
tensor([[0.8532, 1.0000, 0.0000, 0.0000, 0.0000, 0.0000]])
tensor([[-0.8421,  1.0000,  0.0000,  0.0000,  0.0000,  0.0000]])
tensor([[0.0255, 1.0000, 0.0000, 0.0000, 0.0000, 0.0000]])
tensor([[-0.8990,  1.0000,  0.0000,  0.0000,  0.0000,  0.0000]])
tensor([[0.3140, 1.0000, 0.0000, 0.0000, 0.0000, 0.0000]])
tensor([[-0.1657,  1.0000,  0.0000,  0.0000,  0.0000,  0.0000]])
tensor([[-0.5927,  1.0000,  0.0000,  0.0000,  0.0000,  0.0000]])
tensor([[0.1962, 1.0000, 0.0000, 0.0000, 0.0000, 0.0000]])
tensor([[0.8905, 1.0000, 0.0000, 0.0000, 0.0000, 0.0000]])
tensor([[0.1257, 1.0000, 0.0000, 0.0000, 0.0000, 0.0000]])
tensor([[-0.2549,  1.0000,  0.0000,  0.0000,  0.0000,  0.0000]])
tensor([[0.8519, 1.0000, 0.0000, 0.0000, 0.0000, 0.0000]])
tensor([[0.8448, 1.0000, 0.0000, 0.0000, 0.0000, 0.0000]])
tensor([[0.0958, 1.0000, 0.0000, 0.0000, 0.0000, 0.0000]])
tensor([[0.5988, 1.0000, 0.0000, 0.0000, 0.0000, 0.0000]])
tensor([[0.7082, 1.0000, 0.0000, 0.0000, 0.0000, 0.0000]])
tensor([[0.4540, 1.0000, 0.0000, 0.0000, 0.0000, 0.0000]])
tensor([[-0.9175,  1.0000,  0.0000,  0.0000,  0.0000,  0.0000]])
tensor([[-0.7356,  1.0000,  0.0000,  0.0000,  0.0000,  0.0000]])
tensor([[-0.4391,  1.0000,  0.0000,  0.0000,  0.0000,  0.0000]])
tensor([[-0.6577,  1.0000,  0.0000,  0.0000,  0.0000,  0.0000]])
tensor([[-0.0887,  1.0000,  0.0000,  0.0000,  0.0000,  0.0000]])
tensor([[0.4536, 1.0000, 0.0000, 0.0000, 0.0000, 0.0000]])
tensor([[-0.7810,  1.0000,  0.0000,  0.0000,  0.0000,  0.0000]])
tensor([[0.4956, 1.0000, 0.0000, 0.0000, 0.0000, 0.0000]])
tensor([[0.5769, 0.0000, 0.0000, 0.0000, 0.0000, 0.0000]])
tensor([[-0.6749,  1.0000,  0.0000,  0.0000,  0.0000,  0.0000]])
tensor([[-0.6022,  1.0000,  0.0000,  0.0000,  0.0000,  0.0000]])
tensor([[0.9436, 1.0000, 0.0000, 0.0000, 0.0000, 0.0000]])
tensor([[0.6402, 1.0000, 0.0000, 0.0000, 0.0000, 0.0000]])
tensor([[-0.2165,  1.0000,  0.0000,  0.0000,  0.0000,  0.0000]])
tensor([[0.1331, 1.0000, 0.0000, 0.0000, 0.0000, 0.0000]])
tensor([[0.6201, 1.0000, 0.0000, 0.0000, 0.0000, 0.0000]])
tensor([[-0.0565,  1.0000,  0.0000,  0.0000,  0.0000,  0.0000]])
tensor([[-0.7858,  1.0000,  0.0000,  0.0000,  0.0000,  0.0000]])
tensor([[0.3164, 1.0000, 0.0000, 0.0000, 0.0000, 0.0000]])
tensor([[-0.1497,  1.0000,  0.0000,  0.0000,  0.0000,  0.0000]])
tensor([[-0.4920,  1.0000,  0.0000,  0.0000,  0.0000,  0.0000]])
tensor([[-0.0716,  1.0000,  0.0000,  0.0000,  0.0000,  0.0000]])
tensor([[0.2519, 1.0000, 0.0000, 0.0000, 0.0000, 0.0000]])
tensor([[0.7105, 1.0000, 0.0000, 0.0000, 0.0000, 0.0000]])
tensor([[0.5923, 1.0000, 0.0000, 0.0000, 0.0000, 0.0000]])
tensor([[0.6221, 1.0000, 0.0000, 0.0000, 0.0000, 0.0000]])
tensor([[-0.3694,  1.0000,  0.0000,  0.0000,  0.0000,  0.0000]])
tensor([[-0.5136,  1.0000,  0.0000,  0.0000,  0.0000,  0.0000]])
tensor([[0.8501, 1.0000, 0.0000, 0.0000, 0.0000, 0.0000]])
tensor([[0.3393, 1.0000, 0.0000, 0.0000, 0.0000, 0.0000]])
tensor([[0.1146, 1.0000, 0.0000, 0.0000, 0.0000, 0.0000]])
tensor([[-0.2799,  1.0000,  0.0000,  0.0000,  0.0000,  0.0000]])
tensor([[0.8071, 1.0000, 0.0000, 0.0000, 0.0000, 0.0000]])
tensor([[-0.1106,  1.0000,  0.0000,  0.0000,  0.0000,  0.0000]])
tensor([[0.2761, 1.0000, 0.0000, 0.0000, 0.0000, 0.0000]])
tensor([[-0.0572,  1.0000,  0.0000,  0.0000,  0.0000,  0.0000]])
tensor([[0.7570, 1.0000, 0.0000, 0.0000, 0.0000, 0.0000]])
tensor([[0.2822, 1.0000, 0.0000, 0.0000, 0.0000, 0.0000]])
tensor([[0.1172, 1.0000, 0.0000, 0.0000, 0.0000, 0.0000]])
tensor([[-0.6662,  1.0000,  0.0000,  0.0000,  0.0000,  0.0000]])
tensor([[-0.0177,  1.0000,  0.0000,  0.0000,  0.0000,  0.0000]])
tensor([[0.6641, 1.0000, 0.0000, 0.0000, 0.0000, 0.0000]])
tensor([[0.1223, 1.0000, 0.0000, 0.0000, 0.0000, 0.0000]])
tensor([[0.2333, 1.0000, 0.0000, 0.0000, 0.0000, 0.0000]])
tensor([[0.2677, 1.0000, 0.0000, 0.0000, 0.0000, 0.0000]])
tensor([[0.1711, 1.0000, 0.0000, 0.0000, 0.0000, 0.0000]])
tensor([[-0.5854,  1.0000,  0.0000,  0.0000,  0.0000,  0.0000]])
tensor([[0.1644, 1.0000, 0.0000, 0.0000, 0.0000, 0.0000]])
tensor([[0.7625, 1.0000, 0.0000, 0.0000, 0.0000, 0.0000]])
tensor([[0.8839, 1.0000, 0.0000, 0.0000, 0.0000, 0.0000]])
tensor([[0.4074, 1.0000, 0.0000, 0.0000, 0.0000, 0.0000]])
tensor([[0.4272, 1.0000, 0.0000, 0.0000, 0.0000, 0.0000]])
tensor([[-0.0214,  1.0000,  0.0000,  0.0000,  0.0000,  0.0000]])
tensor([[-0.3936,  1.0000,  0.0000,  0.0000,  0.0000,  0.0000]])
tensor([[0.3349, 1.0000, 0.0000, 0.0000, 0.0000, 0.0000]])
tensor([[0.1616, 1.0000, 0.0000, 0.0000, 0.0000, 0.0000]])
tensor([[-0.3774,  1.0000,  0.0000,  0.0000,  0.0000,  0.0000]])
tensor([[0.6810, 1.0000, 0.0000, 0.0000, 0.0000, 0.0000]])
tensor([[-0.5040,  1.0000,  0.0000,  0.0000,  0.0000,  0.0000]])
tensor([[-0.8551,  1.0000,  0.0000,  0.0000,  0.0000,  0.0000]])
tensor([[0.0371, 1.0000, 0.0000, 0.0000, 0.0000, 0.0000]])
tensor([[0.0449, 1.0000, 0.0000, 0.0000, 0.0000, 0.0000]])
tensor([[-0.5859,  1.0000,  0.0000,  0.0000,  0.0000,  0.0000]])
tensor([[-0.0510,  1.0000,  0.0000,  0.0000,  0.0000,  0.0000]])
tensor([[0.5320, 1.0000, 0.0000, 0.0000, 0.0000, 0.0000]])
tensor([[0.0353, 1.0000, 0.0000, 0.0000, 0.0000, 0.0000]])
tensor([[-0.3744,  1.0000,  0.0000,  0.0000,  0.0000,  0.0000]])
tensor([[0.8263, 1.0000, 0.0000, 0.0000, 0.0000, 0.0000]])
tensor([[0.6882, 1.0000, 0.0000, 0.0000, 0.0000, 0.0000]])
tensor([[-0.2762,  1.0000,  0.0000,  0.0000,  0.0000,  0.0000]])
tensor([[-0.5438,  1.0000,  0.0000,  0.0000,  0.0000,  0.0000]])
tensor([[0.7743, 1.0000, 0.0000, 0.0000, 0.0000, 0.0000]])
tensor([[0.5915, 1.0000, 0.0000, 0.0000, 0.0000, 0.0000]])
tensor([[0.4980, 1.0000, 0.0000, 0.0000, 0.0000, 0.0000]])
tensor([[0.4746, 1.0000, 0.0000, 0.0000, 0.0000, 0.0000]])
tensor([[0.5986, 1.0000, 0.0000, 0.0000, 0.0000, 0.0000]])
tensor([[0.1902, 1.0000, 0.0000, 0.0000, 0.0000, 0.0000]])
tensor([[-0.5883,  1.0000,  0.0000,  0.0000,  0.0000,  0.0000]])
tensor([[-0.1995,  1.0000,  0.0000,  0.0000,  0.0000,  0.0000]])
tensor([[-0.7749,  1.0000,  0.0000,  0.0000,  0.0000,  0.0000]])
tensor([[-0.3126,  1.0000,  0.0000,  0.0000,  0.0000,  0.0000]])
tensor([[-0.8727,  1.0000,  0.0000,  0.0000,  0.0000,  0.0000]])
tensor([[0.4674, 1.0000, 0.0000, 0.0000, 0.0000, 0.0000]])
tensor([[-0.6455,  1.0000,  0.0000,  0.0000,  0.0000,  0.0000]])
tensor([[-0.2638,  1.0000,  0.0000,  0.0000,  0.0000,  0.0000]])
tensor([[-0.3835,  1.0000,  0.0000,  0.0000,  0.0000,  0.0000]])
tensor([[-0.7089,  1.0000,  0.0000,  0.0000,  0.0000,  0.0000]])
tensor([[-0.3663,  1.0000,  0.0000,  0.0000,  0.0000,  0.0000]])
tensor([[0.7459, 1.0000, 0.0000, 0.0000, 0.0000, 0.0000]])
tensor([[-0.1770,  1.0000,  0.0000,  0.0000,  0.0000,  0.0000]])
tensor([[-0.5223,  1.0000,  0.0000,  0.0000,  0.0000,  0.0000]])
tensor([[0.1099, 1.0000, 0.0000, 0.0000, 0.0000, 0.0000]])
tensor([[0.3880, 1.0000, 0.0000, 0.0000, 0.0000, 0.0000]])
tensor([[-0.0548,  1.0000,  0.0000,  0.0000,  0.0000,  0.0000]])
tensor([[-0.5257,  1.0000,  0.0000,  0.0000,  0.0000,  0.0000]])
tensor([[0.7288, 1.0000, 0.0000, 0.0000, 0.0000, 0.0000]])
tensor([[-0.3478,  1.0000,  0.0000,  0.0000,  0.0000,  0.0000]])
tensor([[0.3023, 1.0000, 0.0000, 0.0000, 0.0000, 0.0000]])
tensor([[-0.4286,  1.0000,  0.0000,  0.0000,  0.0000,  0.0000]])
tensor([[-0.6949,  1.0000,  0.0000,  0.0000,  0.0000,  0.0000]])
tensor([[-0.4502,  1.0000,  0.0000,  0.0000,  0.0000,  0.0000]])
tensor([[0.0571, 1.0000, 0.0000, 0.0000, 0.0000, 0.0000]])
tensor([[-0.0054,  0.0000,  0.0000,  0.0000,  0.0000,  0.0000]])
tensor([[0.5564, 1.0000, 0.0000, 0.0000, 0.0000, 0.0000]])
tensor([[-0.5330,  1.0000,  0.0000,  0.0000,  0.0000,  0.0000]])
tensor([[0.1063, 1.0000, 0.0000, 0.0000, 0.0000, 0.0000]])
tensor([[-0.6269,  1.0000,  0.0000,  0.0000,  0.0000,  0.0000]])
tensor([[-0.1059,  1.0000,  0.0000,  0.0000,  0.0000,  0.0000]])
tensor([[-0.2769,  1.0000,  0.0000,  0.0000,  0.0000,  0.0000]])
tensor([[0.3484, 1.0000, 0.0000, 0.0000, 0.0000, 0.0000]])
tensor([[0.6955, 1.0000, 0.0000, 0.0000, 0.0000, 0.0000]])
tensor([[0.2244, 1.0000, 0.0000, 0.0000, 0.0000, 0.0000]])
tensor([[-0.5817,  1.0000,  0.0000,  0.0000,  0.0000,  0.0000]])
tensor([[-0.3902,  1.0000,  0.0000,  0.0000,  0.0000,  0.0000]])
tensor([[-0.5729,  1.0000,  0.0000,  0.0000,  0.0000,  0.0000]])
tensor([[0.0885, 1.0000, 0.0000, 0.0000, 0.0000, 0.0000]])
tensor([[0.7622, 1.0000, 0.0000, 0.0000, 0.0000, 0.0000]])
tensor([[0.0066, 1.0000, 0.0000, 0.0000, 0.0000, 0.0000]])
tensor([[-0.2082,  1.0000,  0.0000,  0.0000,  0.0000,  0.0000]])
tensor([[0.5139, 1.0000, 0.0000, 0.0000, 0.0000, 0.0000]])
tensor([[-0.1643,  1.0000,  0.0000,  0.0000,  0.0000,  0.0000]])
tensor([[0.0989, 1.0000, 0.0000, 0.0000, 0.0000, 0.0000]])
tensor([[0.7812, 1.0000, 0.0000, 0.0000, 0.0000, 0.0000]])
tensor([[-0.1463,  1.0000,  0.0000,  0.0000,  0.0000,  0.0000]])
tensor([[-0.0720,  1.0000,  0.0000,  0.0000,  0.0000,  0.0000]])
tensor([[-0.8272,  1.0000,  0.0000,  0.0000,  0.0000,  0.0000]])
tensor([[0.7248, 1.0000, 0.0000, 0.0000, 0.0000, 0.0000]])
tensor([[-0.8744,  1.0000,  0.0000,  0.0000,  0.0000,  0.0000]])
tensor([[-0.5346,  1.0000,  0.0000,  0.0000,  0.0000,  0.0000]])
tensor([[-0.5674,  1.0000,  0.0000,  0.0000,  0.0000,  0.0000]])
tensor([[-0.4288,  1.0000,  0.0000,  0.0000,  0.0000,  0.0000]])
tensor([[-0.8273,  1.0000,  0.0000,  0.0000,  0.0000,  0.0000]])
tensor([[-0.5714,  1.0000,  0.0000,  0.0000,  0.0000,  0.0000]])
tensor([[0.6294, 1.0000, 0.0000, 0.0000, 0.0000, 0.0000]])
tensor([[0.7685, 1.0000, 0.0000, 0.0000, 0.0000, 0.0000]])
tensor([[-0.8233,  1.0000,  0.0000,  0.0000,  0.0000,  0.0000]])
tensor([[-0.4809,  1.0000,  0.0000,  0.0000,  0.0000,  0.0000]])
tensor([[-0.7371,  1.0000,  0.0000,  0.0000,  0.0000,  0.0000]])
tensor([[-0.2797,  1.0000,  0.0000,  0.0000,  0.0000,  0.0000]])
tensor([[-0.6368,  1.0000,  0.0000,  0.0000,  0.0000,  0.0000]])
tensor([[-0.6170,  1.0000,  0.0000,  0.0000,  0.0000,  0.0000]])
tensor([[0.1007, 1.0000, 0.0000, 0.0000, 0.0000, 0.0000]])
tensor([[-0.1251,  1.0000,  0.0000,  0.0000,  0.0000,  0.0000]])
tensor([[-0.7965,  1.0000,  0.0000,  0.0000,  0.0000,  0.0000]])
tensor([[-0.6589,  1.0000,  0.0000,  0.0000,  0.0000,  0.0000]])
tensor([[-0.6871,  1.0000,  0.0000,  0.0000,  0.0000,  0.0000]])
tensor([[0.1871, 1.0000, 0.0000, 0.0000, 0.0000, 0.0000]])
tensor([[0.5469, 1.0000, 0.0000, 0.0000, 0.0000, 0.0000]])
tensor([[-0.9117,  1.0000,  0.0000,  0.0000,  0.0000,  0.0000]])
tensor([[0.3092, 1.0000, 0.0000, 0.0000, 0.0000, 0.0000]])
tensor([[-0.7611,  1.0000,  0.0000,  0.0000,  0.0000,  0.0000]])
tensor([[-0.7240,  1.0000,  0.0000,  0.0000,  0.0000,  0.0000]])
tensor([[0.0036, 1.0000, 0.0000, 0.0000, 0.0000, 0.0000]])
tensor([[0.3222, 1.0000, 0.0000, 0.0000, 0.0000, 0.0000]])
tensor([[0.2591, 1.0000, 0.0000, 0.0000, 0.0000, 0.0000]])
tensor([[0.2096, 0.0000, 0.0000, 0.0000, 0.0000, 0.0000]])
tensor([[-0.4919,  1.0000,  0.0000,  0.0000,  0.0000,  0.0000]])
tensor([[-0.5676,  1.0000,  0.0000,  0.0000,  0.0000,  0.0000]])
tensor([[-0.9037,  1.0000,  0.0000,  0.0000,  0.0000,  0.0000]])
tensor([[-0.7871,  1.0000,  0.0000,  0.0000,  0.0000,  0.0000]])
tensor([[0.0252, 1.0000, 0.0000, 0.0000, 0.0000, 0.0000]])
tensor([[-0.5054,  1.0000,  0.0000,  0.0000,  0.0000,  0.0000]])
tensor([[-0.0291,  1.0000,  0.0000,  0.0000,  0.0000,  0.0000]])
tensor([[-0.6945,  1.0000,  0.0000,  0.0000,  0.0000,  0.0000]])
tensor([[-0.3186,  1.0000,  0.0000,  0.0000,  0.0000,  0.0000]])
tensor([[-0.4031,  1.0000,  0.0000,  0.0000,  0.0000,  0.0000]])
tensor([[-0.6351,  1.0000,  0.0000,  0.0000,  0.0000,  0.0000]])
tensor([[0.4012, 1.0000, 0.0000, 0.0000, 0.0000, 0.0000]])
tensor([[-0.8097,  1.0000,  0.0000,  0.0000,  0.0000,  0.0000]])
tensor([[-0.6906,  1.0000,  0.0000,  0.0000,  0.0000,  0.0000]])
tensor([[-0.0769,  1.0000,  0.0000,  0.0000,  0.0000,  0.0000]])
tensor([[-0.6021,  1.0000,  0.0000,  0.0000,  0.0000,  0.0000]])
tensor([[-0.7635,  1.0000,  0.0000,  0.0000,  0.0000,  0.0000]])
tensor([[-0.4731,  1.0000,  0.0000,  0.0000,  0.0000,  0.0000]])
tensor([[-0.5608,  1.0000,  0.0000,  0.0000,  0.0000,  0.0000]])
tensor([[0.2826, 1.0000, 0.0000, 0.0000, 0.0000, 0.0000]])
tensor([[-0.2998,  1.0000,  0.0000,  0.0000,  0.0000,  0.0000]])
tensor([[-0.6908,  1.0000,  0.0000,  0.0000,  0.0000,  0.0000]])
tensor([[-0.5596,  1.0000,  0.0000,  0.0000,  0.0000,  0.0000]])
tensor([[-0.8658,  1.0000,  0.0000,  0.0000,  0.0000,  0.0000]])
tensor([[0.6212, 1.0000, 0.0000, 0.0000, 0.0000, 0.0000]])
tensor([[-0.6752,  1.0000,  0.0000,  0.0000,  0.0000,  0.0000]])
tensor([[-0.8380,  1.0000,  0.0000,  0.0000,  0.0000,  0.0000]])
tensor([[-0.1663,  1.0000,  0.0000,  0.0000,  0.0000,  0.0000]])
tensor([[-0.3891,  1.0000,  0.0000,  0.0000,  0.0000,  0.0000]])
tensor([[-0.7496,  1.0000,  0.0000,  0.0000,  0.0000,  0.0000]])
tensor([[-0.1890,  1.0000,  0.0000,  0.0000,  0.0000,  0.0000]])
tensor([[0.8905, 1.0000, 0.0000, 0.0000, 0.0000, 0.0000]])
tensor([[-0.1289,  1.0000,  0.0000,  0.0000,  0.0000,  0.0000]])
tensor([[0.4022, 1.0000, 0.0000, 0.0000, 0.0000, 0.0000]])
tensor([[0.7572, 1.0000, 0.0000, 0.0000, 0.0000, 0.0000]])
tensor([[0.3522, 1.0000, 0.0000, 0.0000, 0.0000, 0.0000]])
tensor([[0.8067, 1.0000, 0.0000, 0.0000, 0.0000, 0.0000]])
tensor([[0.4805, 1.0000, 0.0000, 0.0000, 0.0000, 0.0000]])
tensor([[-0.3180,  1.0000,  1.0000,  0.0000,  0.0000,  0.0000]])
tensor([[-0.6987,  1.0000,  0.0000,  0.0000,  0.0000,  0.0000]])
tensor([[0.3071, 1.0000, 0.0000, 0.0000, 0.0000, 0.0000]])
tensor([[-0.8614,  1.0000,  0.0000,  0.0000,  0.0000,  0.0000]])
tensor([[0.6199, 1.0000, 0.0000, 0.0000, 0.0000, 0.0000]])
tensor([[0.0986, 1.0000, 0.0000, 0.0000, 0.0000, 0.0000]])
tensor([[-0.7796,  1.0000,  0.0000,  0.0000,  0.0000,  0.0000]])
tensor([[0.4445, 1.0000, 0.0000, 0.0000, 0.0000, 0.0000]])
tensor([[0.6561, 1.0000, 0.0000, 0.0000, 0.0000, 0.0000]])
tensor([[-0.9580,  1.0000,  0.0000,  0.0000,  0.0000,  0.0000]])
tensor([[-0.3759,  1.0000,  0.0000,  0.0000,  0.0000,  0.0000]])
tensor([[-0.1173,  1.0000,  0.0000,  0.0000,  0.0000,  0.0000]])
tensor([[0.3525, 0.0000, 0.0000, 0.0000, 0.0000, 0.0000]])
tensor([[0.5937, 1.0000, 0.0000, 0.0000, 0.0000, 0.0000]])
tensor([[-0.0243,  1.0000,  0.0000,  0.0000,  0.0000,  0.0000]])
tensor([[-0.6329,  1.0000,  0.0000,  0.0000,  0.0000,  0.0000]])
tensor([[-0.1206,  1.0000,  0.0000,  0.0000,  0.0000,  0.0000]])
tensor([[0.4347, 1.0000, 0.0000, 0.0000, 0.0000, 0.0000]])
tensor([[0.7274, 1.0000, 0.0000, 0.0000, 0.0000, 0.0000]])
tensor([[-0.7523,  1.0000,  0.0000,  0.0000,  0.0000,  0.0000]])
tensor([[0.8319, 1.0000, 0.0000, 0.0000, 0.0000, 0.0000]])
tensor([[-0.7273,  1.0000,  0.0000,  0.0000,  0.0000,  0.0000]])
tensor([[0.4732, 1.0000, 0.0000, 0.0000, 0.0000, 0.0000]])
tensor([[0.9449, 1.0000, 0.0000, 0.0000, 0.0000, 0.0000]])
tensor([[0.7467, 1.0000, 0.0000, 0.0000, 0.0000, 0.0000]])
tensor([[-0.0530,  1.0000,  0.0000,  0.0000,  0.0000,  0.0000]])
tensor([[0.2711, 1.0000, 0.0000, 0.0000, 0.0000, 0.0000]])
tensor([[-0.5461,  1.0000,  0.0000,  0.0000,  0.0000,  0.0000]])
tensor([[-0.1945,  1.0000,  0.0000,  0.0000,  0.0000,  0.0000]])
tensor([[0.9559, 1.0000, 0.0000, 0.0000, 0.0000, 0.0000]])
tensor([[-0.8042,  1.0000,  0.0000,  0.0000,  0.0000,  0.0000]])
tensor([[-0.5527,  1.0000,  0.0000,  0.0000,  0.0000,  0.0000]])
tensor([[0.9675, 1.0000, 0.0000, 0.0000, 0.0000, 0.0000]])
tensor([[0.2739, 1.0000, 0.0000, 0.0000, 0.0000, 0.0000]])
tensor([[0.8709, 1.0000, 0.0000, 0.0000, 0.0000, 0.0000]])
tensor([[-0.5454,  1.0000,  0.0000,  0.0000,  0.0000,  0.0000]])
tensor([[0.2945, 1.0000, 0.0000, 0.0000, 0.0000, 0.0000]])
tensor([[-0.2062,  1.0000,  0.0000,  0.0000,  0.0000,  0.0000]])
tensor([[-0.3906,  1.0000,  0.0000,  0.0000,  0.0000,  0.0000]])
tensor([[0.7936, 1.0000, 0.0000, 0.0000, 0.0000, 0.0000]])
tensor([[-0.8475,  1.0000,  0.0000,  0.0000,  0.0000,  0.0000]])
tensor([[0.8252, 1.0000, 0.0000, 0.0000, 0.0000, 0.0000]])
tensor([[-0.2195,  1.0000,  0.0000,  0.0000,  0.0000,  0.0000]])
tensor([[0.4579, 1.0000, 0.0000, 0.0000, 0.0000, 0.0000]])
tensor([[-0.1849,  1.0000,  0.0000,  0.0000,  0.0000,  0.0000]])
tensor([[-0.1196,  1.0000,  0.0000,  0.0000,  0.0000,  0.0000]])
tensor([[0.9241, 1.0000, 0.0000, 0.0000, 0.0000, 0.0000]])
tensor([[-0.9614,  1.0000,  0.0000,  0.0000,  0.0000,  0.0000]])
tensor([[0.2536, 1.0000, 0.0000, 0.0000, 0.0000, 0.0000]])
tensor([[0.8357, 1.0000, 0.0000, 0.0000, 0.0000, 0.0000]])
tensor([[0.8481, 1.0000, 0.0000, 0.0000, 0.0000, 0.0000]])
tensor([[0.0033, 1.0000, 0.0000, 0.0000, 0.0000, 0.0000]])
tensor([[0.5412, 1.0000, 0.0000, 0.0000, 0.0000, 0.0000]])
tensor([[-0.3379,  1.0000,  0.0000,  0.0000,  0.0000,  0.0000]])
tensor([[0.0395, 1.0000, 0.0000, 0.0000, 0.0000, 0.0000]])
tensor([[-0.4509,  1.0000,  0.0000,  0.0000,  0.0000,  0.0000]])
tensor([[-0.0273,  1.0000,  0.0000,  0.0000,  0.0000,  0.0000]])
tensor([[0.6485, 1.0000, 0.0000, 0.0000, 0.0000, 0.0000]])
tensor([[0.6616, 1.0000, 0.0000, 0.0000, 0.0000, 0.0000]])
tensor([[0.6585, 1.0000, 0.0000, 0.0000, 0.0000, 0.0000]])
tensor([[0.5387, 1.0000, 0.0000, 0.0000, 0.0000, 0.0000]])
tensor([[-0.3608,  1.0000,  0.0000,  0.0000,  0.0000,  0.0000]])
tensor([[0.1068, 1.0000, 0.0000, 0.0000, 0.0000, 0.0000]])
tensor([[-0.8372,  1.0000,  0.0000,  0.0000,  0.0000,  0.0000]])
tensor([[-0.8336,  1.0000,  0.0000,  0.0000,  0.0000,  0.0000]])
tensor([[0.8602, 1.0000, 0.0000, 0.0000, 0.0000, 0.0000]])
tensor([[0.4264, 1.0000, 0.0000, 0.0000, 0.0000, 0.0000]])
tensor([[0.7060, 1.0000, 0.0000, 0.0000, 0.0000, 0.0000]])
tensor([[-0.9369,  1.0000,  0.0000,  0.0000,  0.0000,  0.0000]])
tensor([[0.2976, 1.0000, 0.0000, 0.0000, 0.0000, 0.0000]])
tensor([[0.4062, 1.0000, 0.0000, 0.0000, 0.0000, 0.0000]])
tensor([[-0.5734,  1.0000,  0.0000,  0.0000,  0.0000,  0.0000]])
tensor([[-0.6540,  1.0000,  0.0000,  0.0000,  0.0000,  0.0000]])
tensor([[-0.9767,  1.0000,  0.0000,  0.0000,  0.0000,  0.0000]])
tensor([[-0.1411,  1.0000,  0.0000,  0.0000,  0.0000,  0.0000]])
tensor([[0.8674, 1.0000, 0.0000, 0.0000, 0.0000, 0.0000]])
tensor([[0.8350, 1.0000, 0.0000, 0.0000, 0.0000, 0.0000]])
tensor([[-0.6471,  1.0000,  0.0000,  0.0000,  0.0000,  0.0000]])
tensor([[0.8860, 1.0000, 0.0000, 0.0000, 0.0000, 0.0000]])
tensor([[-0.6102,  1.0000,  0.0000,  0.0000,  0.0000,  0.0000]])
tensor([[-0.6285,  1.0000,  0.0000,  0.0000,  0.0000,  0.0000]])
tensor([[-0.6647,  1.0000,  0.0000,  0.0000,  0.0000,  0.0000]])
tensor([[-0.4736,  1.0000,  0.0000,  0.0000,  0.0000,  0.0000]])
tensor([[0.2180, 1.0000, 0.0000, 0.0000, 0.0000, 0.0000]])
tensor([[0.1038, 1.0000, 0.0000, 0.0000, 0.0000, 0.0000]])
tensor([[0.4723, 1.0000, 0.0000, 0.0000, 0.0000, 0.0000]])
tensor([[0.8279, 1.0000, 0.0000, 0.0000, 0.0000, 0.0000]])
tensor([[-0.7591,  1.0000,  0.0000,  0.0000,  0.0000,  0.0000]])
tensor([[-0.7961,  1.0000,  0.0000,  0.0000,  0.0000,  0.0000]])
tensor([[0.0285, 1.0000, 0.0000, 0.0000, 0.0000, 0.0000]])
tensor([[0.7171, 1.0000, 0.0000, 0.0000, 0.0000, 0.0000]])
tensor([[0.4652, 1.0000, 0.0000, 0.0000, 0.0000, 0.0000]])
tensor([[0.2405, 1.0000, 0.0000, 0.0000, 0.0000, 0.0000]])
tensor([[0.0046, 1.0000, 0.0000, 0.0000, 0.0000, 0.0000]])
tensor([[0.1386, 1.0000, 0.0000, 0.0000, 0.0000, 0.0000]])
tensor([[-0.3036,  1.0000,  0.0000,  0.0000,  0.0000,  0.0000]])
tensor([[-0.5585,  1.0000,  0.0000,  0.0000,  0.0000,  0.0000]])
tensor([[-0.8088,  1.0000,  0.0000,  0.0000,  0.0000,  0.0000]])
tensor([[0.5375, 1.0000, 0.0000, 0.0000, 0.0000, 0.0000]])
tensor([[0.6786, 1.0000, 1.0000, 0.0000, 0.0000, 0.0000]])
tensor([[0.7850, 1.0000, 0.0000, 0.0000, 0.0000, 0.0000]])
tensor([[-0.7649,  1.0000,  0.0000,  0.0000,  0.0000,  0.0000]])
tensor([[-0.5788,  1.0000,  0.0000,  0.0000,  0.0000,  0.0000]])
tensor([[0.2891, 1.0000, 0.0000, 0.0000, 0.0000, 0.0000]])
tensor([[0.0484, 1.0000, 0.0000, 0.0000, 0.0000, 0.0000]])
tensor([[0.0104, 1.0000, 0.0000, 0.0000, 0.0000, 0.0000]])
tensor([[-0.2448,  1.0000,  0.0000,  0.0000,  0.0000,  0.0000]])
tensor([[0.2863, 1.0000, 0.0000, 0.0000, 0.0000, 0.0000]])
tensor([[-0.9853,  1.0000,  0.0000,  0.0000,  0.0000,  0.0000]])
tensor([[0.1790, 1.0000, 0.0000, 0.0000, 0.0000, 0.0000]])
tensor([[0.5007, 1.0000, 1.0000, 0.0000, 0.0000, 0.0000]])
tensor([[-0.4136,  1.0000,  0.0000,  0.0000,  0.0000,  0.0000]])
tensor([[0.2830, 1.0000, 0.0000, 0.0000, 0.0000, 0.0000]])
tensor([[0.0397, 1.0000, 0.0000, 0.0000, 0.0000, 0.0000]])
tensor([[-0.2277,  1.0000,  0.0000,  0.0000,  0.0000,  0.0000]])
tensor([[0.4733, 1.0000, 0.0000, 0.0000, 0.0000, 0.0000]])
tensor([[-0.8284,  1.0000,  0.0000,  0.0000,  0.0000,  0.0000]])
tensor([[0.5750, 1.0000, 0.0000, 0.0000, 0.0000, 0.0000]])
tensor([[-0.4760,  1.0000,  0.0000,  0.0000,  0.0000,  0.0000]])
tensor([[0.3317, 1.0000, 0.0000, 0.0000, 0.0000, 0.0000]])
tensor([[-0.0305,  1.0000,  0.0000,  0.0000,  0.0000,  0.0000]])
tensor([[-0.1607,  1.0000,  0.0000,  0.0000,  0.0000,  0.0000]])
tensor([[-0.4123,  1.0000,  0.0000,  0.0000,  0.0000,  0.0000]])
tensor([[0.6364, 1.0000, 0.0000, 0.0000, 0.0000, 0.0000]])
tensor([[-0.7605,  1.0000,  0.0000,  0.0000,  0.0000,  0.0000]])
tensor([[-0.3949,  1.0000,  0.0000,  0.0000,  0.0000,  0.0000]])
tensor([[0.7826, 1.0000, 0.0000, 0.0000, 0.0000, 0.0000]])
tensor([[-0.2065,  1.0000,  0.0000,  0.0000,  0.0000,  0.0000]])
tensor([[0.5430, 1.0000, 0.0000, 0.0000, 0.0000, 0.0000]])
tensor([[-0.6782,  1.0000,  0.0000,  0.0000,  0.0000,  0.0000]])
tensor([[-0.0859,  1.0000,  0.0000,  0.0000,  0.0000,  0.0000]])
tensor([[-0.7967,  1.0000,  0.0000,  0.0000,  0.0000,  0.0000]])
tensor([[-0.1313,  1.0000,  0.0000,  0.0000,  0.0000,  0.0000]])
tensor([[-0.3405,  1.0000,  0.0000,  0.0000,  0.0000,  0.0000]])
tensor([[-0.0408,  1.0000,  0.0000,  0.0000,  0.0000,  0.0000]])
tensor([[0.0620, 1.0000, 0.0000, 0.0000, 0.0000, 0.0000]])
tensor([[0.6061, 1.0000, 0.0000, 0.0000, 0.0000, 0.0000]])
tensor([[-0.2558,  1.0000,  0.0000,  0.0000,  0.0000,  0.0000]])
tensor([[0.2171, 1.0000, 0.0000, 0.0000, 0.0000, 0.0000]])
tensor([[0.2802, 1.0000, 0.0000, 0.0000, 0.0000, 0.0000]])
tensor([[-0.0314,  1.0000,  0.0000,  0.0000,  0.0000,  0.0000]])
tensor([[-0.3826,  1.0000,  0.0000,  0.0000,  0.0000,  0.0000]])
tensor([[-0.8020,  1.0000,  0.0000,  0.0000,  0.0000,  0.0000]])
tensor([[-0.8194,  1.0000,  0.0000,  0.0000,  0.0000,  0.0000]])
tensor([[0.7752, 1.0000, 0.0000, 0.0000, 0.0000, 0.0000]])
tensor([[0.7330, 1.0000, 0.0000, 0.0000, 0.0000, 0.0000]])
tensor([[-0.2956,  1.0000,  0.0000,  0.0000,  0.0000,  0.0000]])
tensor([[0.3426, 1.0000, 0.0000, 0.0000, 0.0000, 0.0000]])
tensor([[-0.9533,  1.0000,  0.0000,  0.0000,  0.0000,  0.0000]])
tensor([[0.7957, 1.0000, 0.0000, 0.0000, 0.0000, 0.0000]])
tensor([[0.6788, 1.0000, 0.0000, 0.0000, 0.0000, 0.0000]])
tensor([[-0.0572,  1.0000,  0.0000,  0.0000,  0.0000,  0.0000]])
tensor([[0.4103, 1.0000, 0.0000, 0.0000, 0.0000, 0.0000]])
tensor([[-0.3346,  1.0000,  0.0000,  0.0000,  0.0000,  0.0000]])
tensor([[0.0856, 1.0000, 0.0000, 0.0000, 0.0000, 0.0000]])
tensor([[-0.7916,  1.0000,  0.0000,  0.0000,  0.0000,  0.0000]])
tensor([[0.2967, 1.0000, 0.0000, 0.0000, 0.0000, 0.0000]])
tensor([[0.7515, 1.0000, 0.0000, 0.0000, 0.0000, 0.0000]])
tensor([[-0.8446,  1.0000,  0.0000,  0.0000,  0.0000,  0.0000]])
tensor([[0.1450, 1.0000, 0.0000, 0.0000, 0.0000, 0.0000]])
tensor([[0.5558, 1.0000, 0.0000, 0.0000, 0.0000, 0.0000]])
tensor([[0.7616, 1.0000, 0.0000, 0.0000, 0.0000, 0.0000]])
tensor([[-0.5535,  1.0000,  0.0000,  0.0000,  0.0000,  0.0000]])
tensor([[-0.7088,  1.0000,  0.0000,  0.0000,  0.0000,  0.0000]])
tensor([[-0.6745,  1.0000,  0.0000,  0.0000,  0.0000,  0.0000]])
tensor([[-0.0472,  1.0000,  0.0000,  0.0000,  0.0000,  0.0000]])
tensor([[-0.4877,  1.0000,  0.0000,  0.0000,  0.0000,  0.0000]])
tensor([[0.7817, 1.0000, 0.0000, 0.0000, 0.0000, 0.0000]])
tensor([[0.6436, 1.0000, 0.0000, 0.0000, 0.0000, 0.0000]])
tensor([[-0.7348,  1.0000,  0.0000,  0.0000,  0.0000,  0.0000]])
tensor([[-0.8346,  1.0000,  0.0000,  0.0000,  0.0000,  0.0000]])
tensor([[0.3907, 1.0000, 0.0000, 0.0000, 0.0000, 0.0000]])
tensor([[0.2584, 1.0000, 0.0000, 0.0000, 0.0000, 0.0000]])
tensor([[0.6637, 1.0000, 0.0000, 0.0000, 0.0000, 0.0000]])
tensor([[-0.4878,  1.0000,  0.0000,  0.0000,  0.0000,  0.0000]])
tensor([[0.2094, 1.0000, 0.0000, 0.0000, 0.0000, 0.0000]])
tensor([[0.9481, 1.0000, 0.0000, 0.0000, 0.0000, 0.0000]])
tensor([[0.5160, 1.0000, 0.0000, 0.0000, 0.0000, 0.0000]])
tensor([[0.1191, 1.0000, 0.0000, 0.0000, 0.0000, 0.0000]])
tensor([[0.7557, 1.0000, 0.0000, 0.0000, 0.0000, 0.0000]])
tensor([[-0.5938,  1.0000,  0.0000,  0.0000,  0.0000,  0.0000]])
tensor([[0.1049, 1.0000, 0.0000, 0.0000, 0.0000, 0.0000]])
tensor([[-0.3377,  1.0000,  0.0000,  0.0000,  0.0000,  0.0000]])
tensor([[0.1213, 1.0000, 0.0000, 0.0000, 0.0000, 0.0000]])
tensor([[0.3571, 1.0000, 0.0000, 0.0000, 0.0000, 0.0000]])
tensor([[0.7286, 1.0000, 0.0000, 0.0000, 0.0000, 0.0000]])
tensor([[-0.5023,  1.0000,  0.0000,  0.0000,  0.0000,  0.0000]])
tensor([[-0.0347,  1.0000,  0.0000,  0.0000,  0.0000,  0.0000]])
tensor([[-0.2363,  1.0000,  0.0000,  0.0000,  0.0000,  0.0000]])
tensor([[0.2783, 1.0000, 0.0000, 0.0000, 0.0000, 0.0000]])
tensor([[0.1285, 1.0000, 0.0000, 0.0000, 0.0000, 0.0000]])
tensor([[0.7744, 1.0000, 0.0000, 0.0000, 0.0000, 0.0000]])
tensor([[-0.4313,  1.0000,  0.0000,  0.0000,  0.0000,  0.0000]])
tensor([[-0.4333,  1.0000,  0.0000,  0.0000,  0.0000,  0.0000]])
tensor([[-0.0188,  1.0000,  0.0000,  0.0000,  0.0000,  0.0000]])
tensor([[-0.5269,  1.0000,  0.0000,  0.0000,  0.0000,  0.0000]])
tensor([[0.3832, 1.0000, 0.0000, 0.0000, 0.0000, 0.0000]])
tensor([[-0.8996,  1.0000,  0.0000,  0.0000,  0.0000,  0.0000]])
tensor([[0.7431, 1.0000, 0.0000, 0.0000, 0.0000, 0.0000]])
tensor([[0.9624, 1.0000, 0.0000, 0.0000, 0.0000, 0.0000]])
tensor([[0.8236, 1.0000, 0.0000, 0.0000, 0.0000, 0.0000]])
tensor([[-0.5629,  1.0000,  0.0000,  0.0000,  0.0000,  0.0000]])
tensor([[0.1755, 1.0000, 0.0000, 0.0000, 0.0000, 0.0000]])
tensor([[-0.6220,  1.0000,  0.0000,  0.0000,  0.0000,  0.0000]])
tensor([[0.1369, 1.0000, 0.0000, 0.0000, 0.0000, 0.0000]])
tensor([[0.3809, 1.0000, 0.0000, 0.0000, 0.0000, 0.0000]])
tensor([[0.8261, 1.0000, 0.0000, 0.0000, 0.0000, 0.0000]])
tensor([[-0.9249,  1.0000,  0.0000,  0.0000,  0.0000,  0.0000]])
INFO:root:Agent 0 (TQCars): avg action time = 0.0009s
tensor([[0.8349, 1.0000, 0.0000, 0.0000, 0.0000, 0.0000]])
tensor([[-0.3968,  1.0000,  0.0000,  0.0000,  0.0000,  0.0000]])
tensor([[-0.2582,  1.0000,  0.0000,  0.0000,  0.0000,  0.0000]])
tensor([[-0.6503,  1.0000,  0.0000,  0.0000,  0.0000,  0.0000]])
tensor([[0.3371, 1.0000, 0.0000, 0.0000, 0.0000, 0.0000]])
tensor([[0.9317, 1.0000, 0.0000, 0.0000, 0.0000, 0.0000]])
tensor([[0.1236, 1.0000, 0.0000, 0.0000, 0.0000, 0.0000]])
tensor([[0.8077, 1.0000, 0.0000, 0.0000, 0.0000, 0.0000]])
tensor([[0.4225, 1.0000, 0.0000, 0.0000, 0.0000, 0.0000]])
tensor([[-0.6224,  1.0000,  0.0000,  0.0000,  0.0000,  0.0000]])
tensor([[-0.3997,  1.0000,  0.0000,  0.0000,  0.0000,  0.0000]])
tensor([[-0.3966,  1.0000,  0.0000,  0.0000,  0.0000,  0.0000]])
tensor([[0.8283, 1.0000, 0.0000, 0.0000, 0.0000, 0.0000]])
tensor([[-0.7444,  1.0000,  0.0000,  0.0000,  0.0000,  0.0000]])
tensor([[0.5501, 1.0000, 0.0000, 0.0000, 0.0000, 0.0000]])
tensor([[0.6645, 1.0000, 0.0000, 0.0000, 0.0000, 0.0000]])
tensor([[-0.6598,  1.0000,  0.0000,  0.0000,  0.0000,  0.0000]])
tensor([[-0.7284,  1.0000,  0.0000,  0.0000,  0.0000,  0.0000]])
tensor([[-0.0925,  1.0000,  0.0000,  0.0000,  0.0000,  0.0000]])
tensor([[0.4889, 1.0000, 0.0000, 0.0000, 0.0000, 0.0000]])
tensor([[-0.5731,  1.0000,  0.0000,  0.0000,  0.0000,  0.0000]])
tensor([[-0.2307,  1.0000,  0.0000,  0.0000,  0.0000,  0.0000]])
tensor([[0.9476, 1.0000, 0.0000, 0.0000, 0.0000, 0.0000]])
tensor([[0.1891, 1.0000, 0.0000, 0.0000, 0.0000, 0.0000]])
tensor([[-0.0994,  1.0000,  0.0000,  0.0000,  0.0000,  0.0000]])
tensor([[-0.5596,  1.0000,  0.0000,  0.0000,  0.0000,  0.0000]])
tensor([[-0.1544,  1.0000,  0.0000,  0.0000,  0.0000,  0.0000]])
tensor([[-0.4637,  1.0000,  0.0000,  0.0000,  0.0000,  0.0000]])
tensor([[-0.9049,  1.0000,  0.0000,  0.0000,  0.0000,  0.0000]])
tensor([[-0.1867,  1.0000,  0.0000,  0.0000,  0.0000,  0.0000]])
tensor([[0.6769, 1.0000, 0.0000, 0.0000, 0.0000, 0.0000]])
tensor([[0.1158, 1.0000, 0.0000, 0.0000, 0.0000, 0.0000]])
tensor([[0.1352, 1.0000, 0.0000, 0.0000, 0.0000, 0.0000]])
tensor([[0.2394, 1.0000, 0.0000, 0.0000, 0.0000, 0.0000]])
tensor([[0.0291, 1.0000, 0.0000, 0.0000, 0.0000, 0.0000]])
tensor([[0.7418, 1.0000, 0.0000, 0.0000, 0.0000, 0.0000]])
tensor([[0.5514, 1.0000, 0.0000, 0.0000, 0.0000, 0.0000]])
tensor([[0.6368, 1.0000, 0.0000, 0.0000, 0.0000, 0.0000]])
tensor([[0.2157, 1.0000, 1.0000, 0.0000, 0.0000, 0.0000]])
tensor([[-0.7362,  1.0000,  0.0000,  0.0000,  0.0000,  0.0000]])
tensor([[-0.2783,  1.0000,  0.0000,  0.0000,  0.0000,  0.0000]])
tensor([[0.6446, 1.0000, 0.0000, 0.0000, 0.0000, 0.0000]])
tensor([[-0.5141,  1.0000,  0.0000,  0.0000,  0.0000,  0.0000]])
tensor([[-0.6011,  1.0000,  0.0000,  0.0000,  0.0000,  0.0000]])
tensor([[0.4422, 1.0000, 0.0000, 0.0000, 0.0000, 0.0000]])
tensor([[0.7604, 1.0000, 0.0000, 0.0000, 0.0000, 0.0000]])
tensor([[-0.9249,  1.0000,  0.0000,  0.0000,  0.0000,  0.0000]])
tensor([[0.2516, 1.0000, 0.0000, 0.0000, 0.0000, 0.0000]])
tensor([[-0.2692,  1.0000,  0.0000,  0.0000,  0.0000,  0.0000]])
{"type": "results", "track": "xr591", "results": [{"key": 0, "reward": -0.1, "position": 4, "name": "TQCars", "avg_action_time": 0.0009312637133625686}]}
