INFO:root:Loading the agents
INFO:root:Loaded player TQCars
INFO:root:Creating pystk-1
INFO:root:Adding wrapper <function get_wrappers.<locals>.<lambda> at 0x71d66a7f7420>
INFO:root:Adding wrapper <function get_wrappers.<locals>.<lambda> at 0x71d66a7f74c0>
INFO:root:Adding wrapper <function get_wrappers.<locals>.<lambda> at 0x71d66a7f7560>
INFO:root:Adding wrapper <function get_wrappers.<locals>.<lambda> at 0x71d66a7f7600>
INFO:root:(multi-env mono adapter) Setting main environment max_paths to 5
INFO:root:Loading trained model from CHECKPOINT-GPUFAC/tqc_EXP14RACING_100000.pt...
INFO:root:Starting a race
tensor([[-0.8951,  1.0000,  0.0000,  0.0000,  0.0000,  0.0000]])
tensor([[-0.1599,  1.0000,  0.0000,  0.0000,  0.0000,  0.0000]])
tensor([[0.4561, 1.0000, 0.0000, 0.0000, 0.0000, 0.0000]])
tensor([[-0.9754,  1.0000,  0.0000,  0.0000,  0.0000,  0.0000]])
tensor([[-0.7551,  1.0000,  0.0000,  0.0000,  0.0000,  0.0000]])
tensor([[-0.5962,  1.0000,  0.0000,  0.0000,  0.0000,  0.0000]])
tensor([[-0.1085,  1.0000,  0.0000,  0.0000,  0.0000,  0.0000]])
tensor([[-0.3375,  1.0000,  0.0000,  0.0000,  0.0000,  0.0000]])
tensor([[-0.8030,  1.0000,  0.0000,  0.0000,  0.0000,  0.0000]])
tensor([[-0.4879,  1.0000,  0.0000,  0.0000,  0.0000,  0.0000]])
tensor([[-0.9350,  1.0000,  0.0000,  0.0000,  0.0000,  0.0000]])
tensor([[0.2350, 1.0000, 0.0000, 0.0000, 0.0000, 0.0000]])
tensor([[-0.7481,  1.0000,  0.0000,  0.0000,  0.0000,  0.0000]])
tensor([[-0.9324,  1.0000,  0.0000,  0.0000,  0.0000,  0.0000]])
tensor([[-0.2607,  1.0000,  0.0000,  0.0000,  0.0000,  0.0000]])
tensor([[-0.3080,  1.0000,  0.0000,  0.0000,  0.0000,  0.0000]])
tensor([[-0.1986,  1.0000,  0.0000,  0.0000,  0.0000,  0.0000]])
tensor([[0.1002, 1.0000, 0.0000, 0.0000, 0.0000, 0.0000]])
tensor([[-0.9435,  1.0000,  0.0000,  0.0000,  0.0000,  0.0000]])
tensor([[0.3844, 1.0000, 0.0000, 0.0000, 0.0000, 0.0000]])
tensor([[-0.6026,  1.0000,  0.0000,  0.0000,  0.0000,  0.0000]])
tensor([[-0.5878,  1.0000,  0.0000,  0.0000,  0.0000,  0.0000]])
tensor([[-0.9387,  1.0000,  0.0000,  0.0000,  0.0000,  0.0000]])
tensor([[-0.5839,  1.0000,  0.0000,  0.0000,  0.0000,  0.0000]])
tensor([[0.0129, 1.0000, 0.0000, 0.0000, 0.0000, 0.0000]])
tensor([[-0.9388,  1.0000,  0.0000,  0.0000,  0.0000,  0.0000]])
tensor([[0.6030, 1.0000, 0.0000, 0.0000, 0.0000, 1.0000]])
tensor([[0.7516, 1.0000, 0.0000, 0.0000, 0.0000, 0.0000]])
tensor([[0.2565, 1.0000, 0.0000, 0.0000, 0.0000, 0.0000]])
tensor([[-0.6377,  0.0000,  0.0000,  0.0000,  0.0000,  0.0000]])
tensor([[0.1839, 1.0000, 0.0000, 0.0000, 0.0000, 0.0000]])
tensor([[-0.6157,  1.0000,  0.0000,  0.0000,  0.0000,  0.0000]])
tensor([[-0.7481,  1.0000,  0.0000,  0.0000,  0.0000,  0.0000]])
tensor([[-0.1491,  1.0000,  0.0000,  0.0000,  0.0000,  0.0000]])
tensor([[0.5915, 1.0000, 0.0000, 0.0000, 0.0000, 0.0000]])
tensor([[0.5481, 1.0000, 0.0000, 0.0000, 0.0000, 0.0000]])
tensor([[0.7962, 1.0000, 0.0000, 0.0000, 0.0000, 0.0000]])
tensor([[0.5645, 1.0000, 0.0000, 0.0000, 0.0000, 0.0000]])
tensor([[0.1038, 1.0000, 0.0000, 0.0000, 0.0000, 0.0000]])
tensor([[0.8592, 1.0000, 0.0000, 0.0000, 0.0000, 0.0000]])
tensor([[0.7667, 1.0000, 0.0000, 0.0000, 0.0000, 0.0000]])
tensor([[0.7473, 1.0000, 0.0000, 0.0000, 0.0000, 0.0000]])
tensor([[-0.7536,  1.0000,  0.0000,  0.0000,  0.0000,  0.0000]])
tensor([[-0.3540,  1.0000,  0.0000,  0.0000,  0.0000,  0.0000]])
tensor([[0.9558, 1.0000, 0.0000, 0.0000, 0.0000, 0.0000]])
tensor([[0.9600, 1.0000, 0.0000, 0.0000, 0.0000, 0.0000]])
tensor([[0.9568, 1.0000, 0.0000, 0.0000, 0.0000, 0.0000]])
tensor([[0.9495, 1.0000, 0.0000, 0.0000, 0.0000, 0.0000]])
tensor([[0.9321, 1.0000, 0.0000, 0.0000, 0.0000, 0.0000]])
tensor([[0.9272, 1.0000, 0.0000, 0.0000, 0.0000, 0.0000]])
tensor([[0.9490, 1.0000, 0.0000, 0.0000, 0.0000, 0.0000]])
tensor([[0.1537, 1.0000, 0.0000, 0.0000, 0.0000, 0.0000]])
tensor([[0.7408, 1.0000, 0.0000, 0.0000, 0.0000, 0.0000]])
tensor([[-0.0608,  1.0000,  0.0000,  0.0000,  0.0000,  0.0000]])
tensor([[-0.4710,  1.0000,  0.0000,  0.0000,  0.0000,  0.0000]])
tensor([[-0.2641,  1.0000,  0.0000,  0.0000,  0.0000,  0.0000]])
tensor([[-0.5250,  1.0000,  0.0000,  0.0000,  0.0000,  0.0000]])
tensor([[-0.2741,  1.0000,  0.0000,  0.0000,  0.0000,  0.0000]])
tensor([[-0.9128,  1.0000,  0.0000,  0.0000,  0.0000,  0.0000]])
tensor([[-0.9941,  1.0000,  0.0000,  0.0000,  0.0000,  0.0000]])
tensor([[-0.9604,  1.0000,  0.0000,  0.0000,  0.0000,  0.0000]])
tensor([[-0.9634,  1.0000,  0.0000,  0.0000,  0.0000,  0.0000]])
tensor([[-0.9519,  1.0000,  0.0000,  0.0000,  0.0000,  0.0000]])
tensor([[-0.9808,  1.0000,  0.0000,  0.0000,  0.0000,  0.0000]])
tensor([[-0.9629,  1.0000,  0.0000,  0.0000,  0.0000,  0.0000]])
tensor([[-0.8559,  1.0000,  0.0000,  0.0000,  0.0000,  0.0000]])
tensor([[-0.9604,  1.0000,  0.0000,  0.0000,  0.0000,  0.0000]])
tensor([[-0.2693,  1.0000,  0.0000,  0.0000,  0.0000,  0.0000]])
tensor([[-0.9098,  1.0000,  0.0000,  0.0000,  0.0000,  0.0000]])
tensor([[-0.8551,  1.0000,  0.0000,  0.0000,  0.0000,  0.0000]])
tensor([[-0.3896,  1.0000,  0.0000,  0.0000,  0.0000,  0.0000]])
tensor([[-0.6117,  1.0000,  0.0000,  0.0000,  0.0000,  0.0000]])
tensor([[-0.2332,  1.0000,  0.0000,  0.0000,  0.0000,  0.0000]])
tensor([[0.0753, 1.0000, 0.0000, 0.0000, 0.0000, 0.0000]])
tensor([[0.8980, 1.0000, 0.0000, 0.0000, 0.0000, 0.0000]])
tensor([[-0.7682,  1.0000,  0.0000,  0.0000,  0.0000,  0.0000]])
tensor([[0.4722, 1.0000, 0.0000, 0.0000, 0.0000, 0.0000]])
tensor([[0.4690, 1.0000, 0.0000, 0.0000, 0.0000, 0.0000]])
tensor([[0.3550, 1.0000, 0.0000, 0.0000, 0.0000, 0.0000]])
tensor([[0.9820, 1.0000, 0.0000, 0.0000, 0.0000, 0.0000]])
tensor([[0.9398, 1.0000, 0.0000, 0.0000, 0.0000, 0.0000]])
tensor([[0.9809, 1.0000, 0.0000, 0.0000, 0.0000, 0.0000]])
tensor([[0.9286, 1.0000, 0.0000, 0.0000, 0.0000, 0.0000]])
tensor([[0.9571, 1.0000, 0.0000, 0.0000, 0.0000, 0.0000]])
tensor([[0.9883, 1.0000, 0.0000, 1.0000, 0.0000, 0.0000]])
tensor([[0.9895, 1.0000, 0.0000, 0.0000, 0.0000, 0.0000]])
tensor([[0.6173, 1.0000, 0.0000, 0.0000, 0.0000, 0.0000]])
tensor([[-0.0490,  1.0000,  0.0000,  0.0000,  0.0000,  0.0000]])
tensor([[0.1493, 1.0000, 0.0000, 0.0000, 0.0000, 0.0000]])
tensor([[-0.6319,  1.0000,  0.0000,  0.0000,  0.0000,  0.0000]])
tensor([[-0.0048,  1.0000,  0.0000,  0.0000,  0.0000,  0.0000]])
tensor([[0.1040, 1.0000, 0.0000, 0.0000, 0.0000, 0.0000]])
tensor([[-0.9191,  1.0000,  0.0000,  0.0000,  0.0000,  0.0000]])
tensor([[0.4900, 1.0000, 0.0000, 0.0000, 0.0000, 0.0000]])
tensor([[0.5381, 1.0000, 0.0000, 0.0000, 0.0000, 0.0000]])
tensor([[-0.2261,  1.0000,  0.0000,  0.0000,  0.0000,  0.0000]])
tensor([[-0.2596,  1.0000,  0.0000,  0.0000,  0.0000,  0.0000]])
tensor([[-0.6179,  1.0000,  0.0000,  0.0000,  0.0000,  0.0000]])
tensor([[-0.8461,  1.0000,  0.0000,  0.0000,  0.0000,  0.0000]])
tensor([[-0.8762,  1.0000,  0.0000,  0.0000,  0.0000,  0.0000]])
tensor([[-0.3512,  1.0000,  0.0000,  0.0000,  0.0000,  0.0000]])
tensor([[0.9149, 1.0000, 0.0000, 0.0000, 0.0000, 0.0000]])
tensor([[0.8959, 1.0000, 0.0000, 0.0000, 0.0000, 0.0000]])
tensor([[0.7324, 1.0000, 0.0000, 0.0000, 0.0000, 0.0000]])
tensor([[0.9672, 1.0000, 0.0000, 0.0000, 0.0000, 0.0000]])
tensor([[0.9307, 1.0000, 0.0000, 0.0000, 0.0000, 0.0000]])
tensor([[0.6403, 1.0000, 0.0000, 0.0000, 0.0000, 0.0000]])
tensor([[-0.0137,  1.0000,  0.0000,  0.0000,  0.0000,  0.0000]])
tensor([[0.3807, 1.0000, 0.0000, 0.0000, 0.0000, 0.0000]])
tensor([[0.9534, 1.0000, 0.0000, 0.0000, 0.0000, 0.0000]])
tensor([[0.2015, 1.0000, 0.0000, 0.0000, 0.0000, 0.0000]])
tensor([[0.4441, 1.0000, 0.0000, 0.0000, 0.0000, 0.0000]])
tensor([[0.1654, 1.0000, 0.0000, 0.0000, 0.0000, 0.0000]])
tensor([[0.7934, 1.0000, 0.0000, 0.0000, 0.0000, 0.0000]])
tensor([[0.7749, 1.0000, 0.0000, 0.0000, 0.0000, 0.0000]])
tensor([[0.9714, 1.0000, 0.0000, 0.0000, 0.0000, 0.0000]])
tensor([[0.5957, 1.0000, 0.0000, 0.0000, 0.0000, 0.0000]])
tensor([[0.2115, 1.0000, 0.0000, 0.0000, 0.0000, 0.0000]])
tensor([[0.6644, 1.0000, 0.0000, 0.0000, 0.0000, 0.0000]])
tensor([[0.7995, 1.0000, 0.0000, 0.0000, 0.0000, 0.0000]])
tensor([[0.4116, 1.0000, 0.0000, 0.0000, 0.0000, 0.0000]])
tensor([[0.2198, 1.0000, 0.0000, 0.0000, 0.0000, 0.0000]])
tensor([[-0.4984,  1.0000,  0.0000,  0.0000,  0.0000,  0.0000]])
tensor([[0.8591, 0.0000, 0.0000, 0.0000, 0.0000, 0.0000]])
tensor([[0.3659, 1.0000, 0.0000, 0.0000, 0.0000, 0.0000]])
tensor([[0.2410, 1.0000, 0.0000, 0.0000, 0.0000, 0.0000]])
tensor([[0.0334, 1.0000, 0.0000, 0.0000, 0.0000, 0.0000]])
tensor([[0.8603, 1.0000, 0.0000, 0.0000, 0.0000, 0.0000]])
tensor([[0.9496, 1.0000, 0.0000, 0.0000, 0.0000, 0.0000]])
tensor([[0.8950, 1.0000, 0.0000, 0.0000, 0.0000, 0.0000]])
tensor([[0.9442, 1.0000, 0.0000, 0.0000, 0.0000, 0.0000]])
tensor([[0.7432, 0.0000, 0.0000, 0.0000, 0.0000, 0.0000]])
tensor([[0.8469, 1.0000, 0.0000, 0.0000, 0.0000, 0.0000]])
tensor([[0.7748, 1.0000, 0.0000, 0.0000, 0.0000, 0.0000]])
tensor([[0.9565, 1.0000, 0.0000, 0.0000, 0.0000, 0.0000]])
tensor([[0.9562, 1.0000, 0.0000, 0.0000, 0.0000, 0.0000]])
tensor([[-0.9094,  1.0000,  0.0000,  0.0000,  0.0000,  0.0000]])
tensor([[-0.5785,  1.0000,  0.0000,  0.0000,  0.0000,  0.0000]])
tensor([[0.5370, 1.0000, 0.0000, 0.0000, 0.0000, 0.0000]])
tensor([[-0.7985,  1.0000,  0.0000,  0.0000,  0.0000,  0.0000]])
tensor([[0.8371, 1.0000, 0.0000, 0.0000, 0.0000, 0.0000]])
tensor([[0.9791, 1.0000, 0.0000, 0.0000, 0.0000, 0.0000]])
tensor([[-0.0177,  1.0000,  0.0000,  0.0000,  0.0000,  0.0000]])
tensor([[0.6009, 0.0000, 0.0000, 0.0000, 0.0000, 0.0000]])
tensor([[-0.3806,  1.0000,  0.0000,  0.0000,  0.0000,  0.0000]])
tensor([[0.7753, 1.0000, 0.0000, 0.0000, 0.0000, 0.0000]])
tensor([[0.4103, 1.0000, 0.0000, 0.0000, 0.0000, 0.0000]])
tensor([[-0.7232,  1.0000,  0.0000,  0.0000,  0.0000,  0.0000]])
tensor([[-0.9479,  1.0000,  0.0000,  0.0000,  0.0000,  0.0000]])
tensor([[0.6259, 0.0000, 0.0000, 0.0000, 0.0000, 0.0000]])
tensor([[-0.9480,  1.0000,  0.0000,  0.0000,  0.0000,  0.0000]])
tensor([[-0.3585,  1.0000,  0.0000,  0.0000,  0.0000,  0.0000]])
tensor([[0.3408, 1.0000, 0.0000, 0.0000, 0.0000, 0.0000]])
tensor([[-0.0818,  1.0000,  0.0000,  0.0000,  0.0000,  0.0000]])
tensor([[0.9540, 1.0000, 0.0000, 0.0000, 0.0000, 0.0000]])
tensor([[-0.4631,  1.0000,  0.0000,  0.0000,  0.0000,  0.0000]])
tensor([[-0.5249,  1.0000,  0.0000,  0.0000,  0.0000,  0.0000]])
tensor([[-0.8881,  1.0000,  0.0000,  0.0000,  0.0000,  0.0000]])
tensor([[-0.9621,  1.0000,  0.0000,  0.0000,  0.0000,  0.0000]])
tensor([[-0.8256,  1.0000,  0.0000,  0.0000,  0.0000,  0.0000]])
tensor([[-0.9182,  1.0000,  0.0000,  0.0000,  0.0000,  0.0000]])
tensor([[-0.5813,  1.0000,  0.0000,  0.0000,  0.0000,  0.0000]])
tensor([[-0.6179,  1.0000,  1.0000,  0.0000,  0.0000,  0.0000]])
tensor([[-0.8183,  1.0000,  0.0000,  0.0000,  0.0000,  0.0000]])
tensor([[-0.9889,  1.0000,  0.0000,  0.0000,  0.0000,  0.0000]])
tensor([[-0.3046,  1.0000,  0.0000,  0.0000,  0.0000,  0.0000]])
tensor([[-0.5936,  1.0000,  0.0000,  0.0000,  0.0000,  0.0000]])
tensor([[-0.8009,  1.0000,  0.0000,  0.0000,  0.0000,  0.0000]])
tensor([[-0.6986,  1.0000,  0.0000,  0.0000,  0.0000,  0.0000]])
tensor([[-0.2252,  1.0000,  0.0000,  0.0000,  0.0000,  0.0000]])
tensor([[-0.2399,  1.0000,  0.0000,  0.0000,  0.0000,  0.0000]])
tensor([[-0.9624,  1.0000,  0.0000,  0.0000,  0.0000,  0.0000]])
tensor([[-0.6313,  1.0000,  0.0000,  0.0000,  0.0000,  0.0000]])
tensor([[-0.8330,  1.0000,  0.0000,  0.0000,  0.0000,  0.0000]])
tensor([[-0.9816,  1.0000,  0.0000,  0.0000,  0.0000,  0.0000]])
tensor([[-0.7565,  1.0000,  0.0000,  0.0000,  0.0000,  0.0000]])
tensor([[-0.3403,  1.0000,  0.0000,  0.0000,  0.0000,  0.0000]])
tensor([[0.2138, 1.0000, 0.0000, 0.0000, 0.0000, 0.0000]])
tensor([[0.1621, 1.0000, 0.0000, 0.0000, 0.0000, 0.0000]])
tensor([[-0.3996,  1.0000,  0.0000,  0.0000,  0.0000,  0.0000]])
tensor([[-0.8563,  1.0000,  0.0000,  0.0000,  0.0000,  0.0000]])
tensor([[0.9766, 1.0000, 0.0000, 0.0000, 0.0000, 0.0000]])
tensor([[0.3800, 1.0000, 0.0000, 0.0000, 0.0000, 0.0000]])
tensor([[0.9507, 1.0000, 0.0000, 0.0000, 0.0000, 0.0000]])
tensor([[0.6982, 1.0000, 0.0000, 0.0000, 0.0000, 0.0000]])
tensor([[0.8802, 1.0000, 0.0000, 0.0000, 0.0000, 0.0000]])
tensor([[0.4415, 1.0000, 0.0000, 0.0000, 0.0000, 0.0000]])
tensor([[0.4596, 1.0000, 0.0000, 0.0000, 0.0000, 0.0000]])
tensor([[0.6429, 1.0000, 0.0000, 0.0000, 0.0000, 0.0000]])
tensor([[0.3932, 1.0000, 0.0000, 0.0000, 0.0000, 0.0000]])
tensor([[0.8294, 1.0000, 0.0000, 0.0000, 0.0000, 0.0000]])
tensor([[0.5993, 1.0000, 0.0000, 0.0000, 0.0000, 0.0000]])
tensor([[-0.2846,  1.0000,  0.0000,  0.0000,  0.0000,  0.0000]])
tensor([[0.0265, 1.0000, 0.0000, 0.0000, 0.0000, 0.0000]])
tensor([[0.6561, 1.0000, 0.0000, 0.0000, 0.0000, 0.0000]])
tensor([[0.1267, 1.0000, 0.0000, 0.0000, 0.0000, 0.0000]])
tensor([[-0.1798,  1.0000,  0.0000,  0.0000,  0.0000,  0.0000]])
tensor([[0.8041, 1.0000, 0.0000, 0.0000, 0.0000, 0.0000]])
tensor([[-0.8811,  1.0000,  0.0000,  0.0000,  0.0000,  0.0000]])
tensor([[-0.8470,  1.0000,  0.0000,  0.0000,  0.0000,  0.0000]])
tensor([[0.9213, 1.0000, 0.0000, 0.0000, 0.0000, 0.0000]])
tensor([[-0.2045,  1.0000,  0.0000,  0.0000,  0.0000,  0.0000]])
tensor([[-0.1452,  1.0000,  0.0000,  0.0000,  0.0000,  0.0000]])
tensor([[0.7085, 1.0000, 0.0000, 0.0000, 0.0000, 0.0000]])
tensor([[-0.1840,  1.0000,  0.0000,  0.0000,  0.0000,  0.0000]])
tensor([[0.4038, 1.0000, 0.0000, 0.0000, 0.0000, 0.0000]])
tensor([[0.8460, 1.0000, 0.0000, 0.0000, 0.0000, 0.0000]])
tensor([[-0.7971,  1.0000,  0.0000,  0.0000,  0.0000,  0.0000]])
tensor([[-0.5131,  1.0000,  0.0000,  0.0000,  0.0000,  0.0000]])
tensor([[-0.5334,  1.0000,  0.0000,  0.0000,  0.0000,  0.0000]])
tensor([[-0.4666,  1.0000,  0.0000,  0.0000,  0.0000,  0.0000]])
tensor([[-0.9728,  1.0000,  0.0000,  0.0000,  0.0000,  0.0000]])
tensor([[0.2699, 1.0000, 0.0000, 0.0000, 0.0000, 0.0000]])
tensor([[0.1817, 1.0000, 0.0000, 0.0000, 0.0000, 0.0000]])
tensor([[-0.2141,  1.0000,  0.0000,  0.0000,  0.0000,  0.0000]])
tensor([[0.6057, 1.0000, 0.0000, 0.0000, 0.0000, 0.0000]])
tensor([[0.1516, 1.0000, 0.0000, 0.0000, 0.0000, 0.0000]])
tensor([[0.9805, 1.0000, 0.0000, 0.0000, 0.0000, 0.0000]])
tensor([[0.0276, 1.0000, 0.0000, 0.0000, 0.0000, 0.0000]])
tensor([[0.4454, 1.0000, 0.0000, 0.0000, 0.0000, 0.0000]])
tensor([[-0.9091,  1.0000,  0.0000,  0.0000,  0.0000,  0.0000]])
tensor([[0.7518, 1.0000, 0.0000, 0.0000, 0.0000, 0.0000]])
tensor([[-0.7573,  1.0000,  0.0000,  0.0000,  0.0000,  0.0000]])
tensor([[0.5049, 1.0000, 0.0000, 0.0000, 0.0000, 0.0000]])
tensor([[-0.7647,  1.0000,  0.0000,  0.0000,  0.0000,  0.0000]])
tensor([[0.4508, 1.0000, 0.0000, 0.0000, 0.0000, 0.0000]])
tensor([[0.6334, 1.0000, 0.0000, 0.0000, 0.0000, 0.0000]])
tensor([[-0.6328,  1.0000,  0.0000,  0.0000,  0.0000,  0.0000]])
tensor([[0.7296, 1.0000, 0.0000, 0.0000, 0.0000, 0.0000]])
tensor([[0.5258, 1.0000, 0.0000, 0.0000, 0.0000, 0.0000]])
tensor([[-0.5087,  1.0000,  0.0000,  0.0000,  0.0000,  0.0000]])
tensor([[0.0976, 1.0000, 0.0000, 0.0000, 0.0000, 0.0000]])
tensor([[0.3177, 1.0000, 0.0000, 0.0000, 0.0000, 0.0000]])
tensor([[0.3944, 1.0000, 0.0000, 0.0000, 0.0000, 0.0000]])
tensor([[0.0449, 1.0000, 0.0000, 0.0000, 0.0000, 0.0000]])
tensor([[0.9833, 1.0000, 0.0000, 0.0000, 0.0000, 0.0000]])
tensor([[-0.0134,  1.0000,  0.0000,  0.0000,  0.0000,  0.0000]])
tensor([[-0.7438,  1.0000,  0.0000,  0.0000,  0.0000,  0.0000]])
tensor([[0.8008, 1.0000, 0.0000, 0.0000, 0.0000, 0.0000]])
tensor([[-0.4950,  1.0000,  0.0000,  0.0000,  0.0000,  0.0000]])
tensor([[0.1827, 1.0000, 0.0000, 0.0000, 0.0000, 0.0000]])
tensor([[0.2251, 1.0000, 0.0000, 0.0000, 0.0000, 0.0000]])
tensor([[-0.4740,  1.0000,  0.0000,  0.0000,  0.0000,  0.0000]])
tensor([[0.5172, 1.0000, 0.0000, 0.0000, 0.0000, 0.0000]])
tensor([[-0.5973,  1.0000,  0.0000,  0.0000,  0.0000,  0.0000]])
tensor([[-0.0914,  1.0000,  0.0000,  0.0000,  0.0000,  0.0000]])
tensor([[-0.8375,  1.0000,  0.0000,  0.0000,  0.0000,  0.0000]])
tensor([[0.1368, 1.0000, 0.0000, 0.0000, 0.0000, 0.0000]])
tensor([[-0.5239,  1.0000,  0.0000,  0.0000,  0.0000,  0.0000]])
tensor([[-0.3258,  1.0000,  0.0000,  0.0000,  0.0000,  0.0000]])
tensor([[-0.4856,  1.0000,  0.0000,  0.0000,  0.0000,  0.0000]])
tensor([[-0.6752,  1.0000,  0.0000,  0.0000,  0.0000,  0.0000]])
tensor([[0.0310, 1.0000, 0.0000, 0.0000, 0.0000, 0.0000]])
tensor([[0.7349, 1.0000, 0.0000, 0.0000, 0.0000, 0.0000]])
tensor([[0.2140, 1.0000, 0.0000, 0.0000, 0.0000, 0.0000]])
tensor([[0.6676, 1.0000, 0.0000, 0.0000, 0.0000, 0.0000]])
tensor([[0.4598, 1.0000, 0.0000, 0.0000, 0.0000, 0.0000]])
tensor([[0.3276, 1.0000, 0.0000, 0.0000, 0.0000, 0.0000]])
tensor([[0.7004, 1.0000, 0.0000, 0.0000, 0.0000, 0.0000]])
tensor([[-0.0383,  1.0000,  0.0000,  0.0000,  0.0000,  0.0000]])
tensor([[-0.3772,  1.0000,  0.0000,  0.0000,  0.0000,  0.0000]])
tensor([[-0.2339,  1.0000,  0.0000,  0.0000,  0.0000,  0.0000]])
tensor([[-0.8632,  1.0000,  0.0000,  0.0000,  0.0000,  0.0000]])
tensor([[-0.6144,  1.0000,  0.0000,  0.0000,  0.0000,  0.0000]])
tensor([[0.7007, 1.0000, 0.0000, 0.0000, 0.0000, 0.0000]])
tensor([[0.6561, 1.0000, 0.0000, 0.0000, 0.0000, 0.0000]])
tensor([[0.0596, 1.0000, 0.0000, 0.0000, 0.0000, 0.0000]])
tensor([[-0.5244,  1.0000,  0.0000,  0.0000,  0.0000,  0.0000]])
tensor([[0.7633, 1.0000, 0.0000, 0.0000, 0.0000, 0.0000]])
tensor([[-0.8900,  1.0000,  0.0000,  0.0000,  0.0000,  0.0000]])
tensor([[0.8437, 1.0000, 0.0000, 0.0000, 0.0000, 0.0000]])
tensor([[-0.4531,  1.0000,  0.0000,  0.0000,  0.0000,  0.0000]])
tensor([[0.7866, 1.0000, 0.0000, 0.0000, 0.0000, 0.0000]])
tensor([[0.6241, 1.0000, 0.0000, 0.0000, 0.0000, 0.0000]])
tensor([[-0.6154,  1.0000,  0.0000,  0.0000,  0.0000,  0.0000]])
tensor([[-0.8473,  1.0000,  0.0000,  0.0000,  0.0000,  0.0000]])
tensor([[0.3094, 1.0000, 0.0000, 0.0000, 0.0000, 0.0000]])
tensor([[-0.9806,  1.0000,  0.0000,  0.0000,  0.0000,  0.0000]])
tensor([[-0.3378,  1.0000,  0.0000,  0.0000,  0.0000,  0.0000]])
tensor([[-0.4142,  1.0000,  0.0000,  0.0000,  0.0000,  0.0000]])
tensor([[0.0239, 1.0000, 0.0000, 0.0000, 0.0000, 0.0000]])
tensor([[-0.5135,  1.0000,  0.0000,  0.0000,  0.0000,  0.0000]])
tensor([[-0.7123,  1.0000,  0.0000,  0.0000,  0.0000,  0.0000]])
tensor([[0.5634, 1.0000, 0.0000, 0.0000, 0.0000, 0.0000]])
tensor([[0.2735, 1.0000, 0.0000, 0.0000, 0.0000, 0.0000]])
tensor([[-0.8497,  1.0000,  0.0000,  0.0000,  0.0000,  0.0000]])
tensor([[0.5904, 1.0000, 0.0000, 0.0000, 0.0000, 0.0000]])
tensor([[-0.0543,  1.0000,  0.0000,  0.0000,  0.0000,  0.0000]])
tensor([[0.4808, 1.0000, 0.0000, 0.0000, 0.0000, 0.0000]])
tensor([[0.0480, 1.0000, 0.0000, 0.0000, 0.0000, 0.0000]])
tensor([[-0.2345,  1.0000,  0.0000,  0.0000,  0.0000,  0.0000]])
tensor([[-0.2750,  1.0000,  0.0000,  0.0000,  0.0000,  0.0000]])
tensor([[-0.8524,  1.0000,  0.0000,  0.0000,  0.0000,  0.0000]])
tensor([[-0.5544,  1.0000,  0.0000,  0.0000,  0.0000,  0.0000]])
tensor([[-0.5377,  1.0000,  0.0000,  0.0000,  0.0000,  0.0000]])
tensor([[0.7946, 1.0000, 0.0000, 0.0000, 0.0000, 0.0000]])
tensor([[-0.6957,  1.0000,  0.0000,  0.0000,  0.0000,  0.0000]])
tensor([[-0.4082,  1.0000,  0.0000,  0.0000,  0.0000,  0.0000]])
tensor([[0.0556, 1.0000, 0.0000, 0.0000, 0.0000, 0.0000]])
tensor([[-0.7122,  1.0000,  0.0000,  0.0000,  0.0000,  0.0000]])
tensor([[-0.2695,  1.0000,  0.0000,  0.0000,  0.0000,  0.0000]])
tensor([[-0.7528,  1.0000,  0.0000,  0.0000,  0.0000,  0.0000]])
tensor([[0.8071, 1.0000, 0.0000, 0.0000, 0.0000, 0.0000]])
tensor([[-0.5447,  1.0000,  0.0000,  0.0000,  0.0000,  0.0000]])
tensor([[-0.0131,  1.0000,  0.0000,  0.0000,  0.0000,  0.0000]])
tensor([[-0.8896,  1.0000,  0.0000,  0.0000,  0.0000,  0.0000]])
tensor([[-0.8624,  1.0000,  0.0000,  0.0000,  0.0000,  0.0000]])
tensor([[-0.9659,  1.0000,  0.0000,  0.0000,  0.0000,  0.0000]])
tensor([[-0.2442,  1.0000,  0.0000,  0.0000,  0.0000,  0.0000]])
tensor([[0.8623, 1.0000, 0.0000, 0.0000, 0.0000, 0.0000]])
tensor([[0.1707, 1.0000, 0.0000, 0.0000, 0.0000, 0.0000]])
tensor([[-0.7655,  1.0000,  0.0000,  0.0000,  0.0000,  0.0000]])
tensor([[0.1590, 1.0000, 0.0000, 0.0000, 0.0000, 0.0000]])
tensor([[0.7226, 1.0000, 0.0000, 0.0000, 0.0000, 0.0000]])
tensor([[-0.6458,  1.0000,  0.0000,  0.0000,  0.0000,  0.0000]])
tensor([[0.5846, 1.0000, 0.0000, 0.0000, 0.0000, 0.0000]])
tensor([[-0.9746,  1.0000,  0.0000,  0.0000,  0.0000,  0.0000]])
tensor([[0.7175, 1.0000, 1.0000, 0.0000, 0.0000, 0.0000]])
tensor([[-0.6307,  1.0000,  0.0000,  0.0000,  0.0000,  0.0000]])
tensor([[-0.6900,  1.0000,  0.0000,  0.0000,  0.0000,  0.0000]])
tensor([[0.8322, 1.0000, 0.0000, 0.0000, 0.0000, 0.0000]])
tensor([[0.8833, 1.0000, 0.0000, 0.0000, 0.0000, 0.0000]])
tensor([[0.1613, 1.0000, 0.0000, 0.0000, 0.0000, 0.0000]])
tensor([[-0.4873,  1.0000,  0.0000,  0.0000,  0.0000,  0.0000]])
tensor([[0.6687, 1.0000, 0.0000, 0.0000, 0.0000, 0.0000]])
tensor([[0.2918, 1.0000, 0.0000, 0.0000, 0.0000, 0.0000]])
tensor([[-0.1581,  1.0000,  0.0000,  0.0000,  0.0000,  0.0000]])
tensor([[-0.6200,  1.0000,  0.0000,  0.0000,  0.0000,  0.0000]])
tensor([[0.1693, 1.0000, 0.0000, 0.0000, 0.0000, 0.0000]])
tensor([[-0.6820,  1.0000,  0.0000,  0.0000,  0.0000,  0.0000]])
tensor([[0.7384, 1.0000, 0.0000, 0.0000, 0.0000, 0.0000]])
tensor([[-0.8007,  1.0000,  0.0000,  0.0000,  0.0000,  0.0000]])
tensor([[-0.2307,  1.0000,  0.0000,  0.0000,  0.0000,  0.0000]])
tensor([[-0.4390,  1.0000,  0.0000,  0.0000,  0.0000,  0.0000]])
tensor([[-0.5258,  1.0000,  0.0000,  0.0000,  0.0000,  0.0000]])
tensor([[-0.9424,  1.0000,  0.0000,  0.0000,  0.0000,  0.0000]])
tensor([[-0.6338,  1.0000,  0.0000,  0.0000,  0.0000,  0.0000]])
tensor([[-0.4644,  1.0000,  0.0000,  0.0000,  0.0000,  0.0000]])
tensor([[0.4578, 1.0000, 0.0000, 0.0000, 0.0000, 0.0000]])
tensor([[-0.3162,  1.0000,  0.0000,  0.0000,  0.0000,  0.0000]])
tensor([[0.2019, 1.0000, 0.0000, 0.0000, 0.0000, 0.0000]])
tensor([[0.1812, 1.0000, 0.0000, 0.0000, 0.0000, 0.0000]])
tensor([[-0.8905,  1.0000,  0.0000,  0.0000,  0.0000,  0.0000]])
tensor([[-0.0182,  1.0000,  0.0000,  0.0000,  0.0000,  0.0000]])
tensor([[0.0166, 1.0000, 0.0000, 0.0000, 0.0000, 0.0000]])
tensor([[0.8675, 1.0000, 0.0000, 0.0000, 0.0000, 0.0000]])
tensor([[0.1436, 1.0000, 0.0000, 0.0000, 0.0000, 0.0000]])
tensor([[0.6271, 1.0000, 0.0000, 0.0000, 0.0000, 0.0000]])
tensor([[-0.1463,  1.0000,  0.0000,  0.0000,  0.0000,  0.0000]])
tensor([[0.6029, 1.0000, 0.0000, 0.0000, 0.0000, 0.0000]])
tensor([[0.4752, 1.0000, 0.0000, 0.0000, 0.0000, 0.0000]])
tensor([[0.2186, 1.0000, 0.0000, 0.0000, 0.0000, 0.0000]])
tensor([[-0.2605,  1.0000,  0.0000,  0.0000,  0.0000,  0.0000]])
tensor([[0.9864, 1.0000, 0.0000, 0.0000, 0.0000, 0.0000]])
tensor([[0.7452, 1.0000, 0.0000, 1.0000, 0.0000, 0.0000]])
tensor([[-0.1711,  1.0000,  0.0000,  0.0000,  0.0000,  0.0000]])
tensor([[-0.8761,  1.0000,  0.0000,  0.0000,  0.0000,  0.0000]])
tensor([[-0.6564,  1.0000,  0.0000,  0.0000,  0.0000,  0.0000]])
tensor([[-0.5559,  0.0000,  0.0000,  0.0000,  0.0000,  0.0000]])
tensor([[-0.8253,  1.0000,  0.0000,  0.0000,  0.0000,  0.0000]])
tensor([[0.5394, 1.0000, 0.0000, 0.0000, 0.0000, 0.0000]])
tensor([[-0.6502,  1.0000,  0.0000,  0.0000,  0.0000,  0.0000]])
tensor([[0.7445, 1.0000, 0.0000, 0.0000, 0.0000, 0.0000]])
tensor([[-0.9037,  1.0000,  0.0000,  0.0000,  0.0000,  0.0000]])
tensor([[0.0975, 1.0000, 0.0000, 0.0000, 0.0000, 0.0000]])
tensor([[0.8514, 1.0000, 0.0000, 0.0000, 0.0000, 0.0000]])
tensor([[0.0486, 1.0000, 0.0000, 0.0000, 0.0000, 0.0000]])
tensor([[-0.6178,  1.0000,  0.0000,  0.0000,  0.0000,  0.0000]])
tensor([[0.8943, 1.0000, 0.0000, 0.0000, 0.0000, 0.0000]])
tensor([[0.9570, 1.0000, 0.0000, 0.0000, 0.0000, 0.0000]])
tensor([[0.7654, 1.0000, 0.0000, 0.0000, 0.0000, 0.0000]])
tensor([[-0.5458,  1.0000,  0.0000,  0.0000,  0.0000,  0.0000]])
tensor([[-0.1443,  1.0000,  0.0000,  0.0000,  0.0000,  0.0000]])
tensor([[0.2763, 1.0000, 0.0000, 0.0000, 0.0000, 0.0000]])
tensor([[-0.3414,  1.0000,  0.0000,  0.0000,  0.0000,  0.0000]])
tensor([[-0.6286,  1.0000,  0.0000,  0.0000,  0.0000,  0.0000]])
tensor([[0.7916, 1.0000, 0.0000, 0.0000, 0.0000, 0.0000]])
tensor([[-0.8256,  1.0000,  0.0000,  0.0000,  0.0000,  0.0000]])
tensor([[0.7388, 1.0000, 0.0000, 0.0000, 0.0000, 0.0000]])
tensor([[-0.2874,  1.0000,  0.0000,  0.0000,  0.0000,  0.0000]])
tensor([[0.2958, 1.0000, 0.0000, 0.0000, 0.0000, 0.0000]])
tensor([[-0.8189,  1.0000,  0.0000,  0.0000,  0.0000,  0.0000]])
tensor([[-0.9004,  1.0000,  0.0000,  0.0000,  0.0000,  0.0000]])
tensor([[-0.2863,  1.0000,  0.0000,  0.0000,  0.0000,  0.0000]])
tensor([[-0.7554,  1.0000,  0.0000,  0.0000,  0.0000,  0.0000]])
tensor([[0.0840, 1.0000, 0.0000, 0.0000, 0.0000, 0.0000]])
tensor([[-0.8903,  1.0000,  0.0000,  0.0000,  0.0000,  0.0000]])
tensor([[-0.6941,  1.0000,  0.0000,  0.0000,  0.0000,  0.0000]])
tensor([[0.7865, 1.0000, 0.0000, 0.0000, 0.0000, 0.0000]])
tensor([[-0.9495,  1.0000,  0.0000,  0.0000,  0.0000,  0.0000]])
tensor([[-0.6193,  1.0000,  0.0000,  0.0000,  0.0000,  0.0000]])
tensor([[-0.7666,  1.0000,  1.0000,  0.0000,  0.0000,  0.0000]])
tensor([[-0.5768,  1.0000,  0.0000,  0.0000,  0.0000,  0.0000]])
tensor([[0.1415, 1.0000, 0.0000, 0.0000, 0.0000, 0.0000]])
tensor([[-0.7661,  1.0000,  0.0000,  0.0000,  0.0000,  0.0000]])
tensor([[-0.5966,  1.0000,  0.0000,  0.0000,  0.0000,  0.0000]])
tensor([[0.2986, 1.0000, 0.0000, 0.0000, 0.0000, 0.0000]])
tensor([[0.4679, 1.0000, 0.0000, 0.0000, 0.0000, 0.0000]])
tensor([[0.5336, 1.0000, 0.0000, 0.0000, 0.0000, 0.0000]])
tensor([[0.1565, 1.0000, 0.0000, 0.0000, 0.0000, 0.0000]])
tensor([[-0.0583,  1.0000,  0.0000,  0.0000,  0.0000,  0.0000]])
tensor([[0.7508, 1.0000, 0.0000, 0.0000, 0.0000, 0.0000]])
tensor([[0.6527, 1.0000, 0.0000, 0.0000, 0.0000, 0.0000]])
tensor([[-0.8711,  1.0000,  0.0000,  0.0000,  0.0000,  0.0000]])
tensor([[0.4561, 1.0000, 0.0000, 0.0000, 0.0000, 0.0000]])
tensor([[0.1922, 1.0000, 0.0000, 0.0000, 0.0000, 0.0000]])
tensor([[0.3459, 1.0000, 0.0000, 0.0000, 0.0000, 0.0000]])
tensor([[0.7521, 1.0000, 0.0000, 0.0000, 0.0000, 0.0000]])
tensor([[0.1860, 1.0000, 1.0000, 0.0000, 0.0000, 0.0000]])
tensor([[-0.2934,  1.0000,  0.0000,  0.0000,  0.0000,  0.0000]])
tensor([[-0.9310,  1.0000,  0.0000,  0.0000,  0.0000,  0.0000]])
tensor([[-0.5347,  1.0000,  0.0000,  0.0000,  0.0000,  0.0000]])
tensor([[-0.3925,  1.0000,  0.0000,  0.0000,  0.0000,  0.0000]])
tensor([[-0.5922,  1.0000,  0.0000,  0.0000,  0.0000,  0.0000]])
tensor([[0.6214, 1.0000, 0.0000, 0.0000, 0.0000, 0.0000]])
tensor([[-0.5980,  1.0000,  0.0000,  0.0000,  0.0000,  0.0000]])
tensor([[-0.8685,  1.0000,  0.0000,  0.0000,  0.0000,  0.0000]])
tensor([[0.4305, 1.0000, 0.0000, 0.0000, 0.0000, 0.0000]])
tensor([[0.3306, 1.0000, 0.0000, 0.0000, 0.0000, 0.0000]])
tensor([[-0.2765,  1.0000,  0.0000,  0.0000,  0.0000,  0.0000]])
tensor([[0.1103, 1.0000, 0.0000, 0.0000, 0.0000, 0.0000]])
tensor([[-0.7184,  1.0000,  0.0000,  0.0000,  0.0000,  0.0000]])
tensor([[-0.5109,  1.0000,  0.0000,  0.0000,  0.0000,  0.0000]])
tensor([[0.1603, 1.0000, 0.0000, 0.0000, 0.0000, 0.0000]])
tensor([[0.4746, 1.0000, 0.0000, 0.0000, 0.0000, 0.0000]])
tensor([[-0.7831,  1.0000,  0.0000,  0.0000,  0.0000,  0.0000]])
tensor([[-0.8061,  1.0000,  0.0000,  0.0000,  0.0000,  0.0000]])
tensor([[-0.8304,  1.0000,  0.0000,  0.0000,  0.0000,  0.0000]])
tensor([[-0.2725,  1.0000,  0.0000,  0.0000,  0.0000,  0.0000]])
tensor([[0.7014, 1.0000, 0.0000, 0.0000, 0.0000, 0.0000]])
tensor([[-0.5804,  1.0000,  0.0000,  0.0000,  0.0000,  0.0000]])
tensor([[0.2212, 1.0000, 0.0000, 0.0000, 0.0000, 0.0000]])
tensor([[0.1128, 1.0000, 0.0000, 0.0000, 0.0000, 0.0000]])
tensor([[-0.2709,  1.0000,  0.0000,  0.0000,  0.0000,  0.0000]])
tensor([[0.8590, 1.0000, 0.0000, 0.0000, 0.0000, 0.0000]])
tensor([[-0.8442,  1.0000,  0.0000,  0.0000,  0.0000,  0.0000]])
tensor([[0.5078, 1.0000, 0.0000, 0.0000, 0.0000, 0.0000]])
tensor([[-0.5575,  1.0000,  0.0000,  0.0000,  0.0000,  0.0000]])
tensor([[0.7260, 1.0000, 0.0000, 0.0000, 0.0000, 0.0000]])
tensor([[-0.7783,  1.0000,  0.0000,  0.0000,  0.0000,  0.0000]])
tensor([[0.5631, 1.0000, 0.0000, 0.0000, 0.0000, 0.0000]])
tensor([[0.8016, 1.0000, 0.0000, 0.0000, 0.0000, 0.0000]])
tensor([[-0.5325,  1.0000,  0.0000,  0.0000,  0.0000,  0.0000]])
tensor([[-0.8888,  1.0000,  0.0000,  0.0000,  0.0000,  0.0000]])
tensor([[0.2865, 1.0000, 0.0000, 0.0000, 0.0000, 0.0000]])
tensor([[0.5564, 1.0000, 0.0000, 0.0000, 0.0000, 0.0000]])
tensor([[-0.6318,  1.0000,  0.0000,  0.0000,  0.0000,  0.0000]])
tensor([[-0.8582,  1.0000,  0.0000,  0.0000,  0.0000,  0.0000]])
tensor([[-0.1208,  1.0000,  0.0000,  0.0000,  0.0000,  0.0000]])
tensor([[-0.9148,  1.0000,  0.0000,  0.0000,  0.0000,  0.0000]])
tensor([[0.5290, 1.0000, 0.0000, 0.0000, 0.0000, 0.0000]])
tensor([[-0.0164,  1.0000,  0.0000,  0.0000,  0.0000,  0.0000]])
tensor([[-0.6710,  1.0000,  0.0000,  0.0000,  0.0000,  0.0000]])
tensor([[0.4173, 1.0000, 0.0000, 0.0000, 0.0000, 0.0000]])
tensor([[-0.2493,  1.0000,  0.0000,  0.0000,  0.0000,  0.0000]])
tensor([[0.8651, 1.0000, 0.0000, 0.0000, 0.0000, 0.0000]])
tensor([[-0.1168,  1.0000,  0.0000,  0.0000,  0.0000,  0.0000]])
tensor([[-0.9778,  1.0000,  0.0000,  0.0000,  0.0000,  0.0000]])
tensor([[-0.9750,  1.0000,  0.0000,  0.0000,  0.0000,  0.0000]])
tensor([[-0.4769,  1.0000,  0.0000,  0.0000,  0.0000,  0.0000]])
tensor([[-0.4451,  1.0000,  0.0000,  0.0000,  0.0000,  0.0000]])
tensor([[-0.2040,  1.0000,  0.0000,  0.0000,  0.0000,  0.0000]])
tensor([[-0.2191,  1.0000,  0.0000,  0.0000,  0.0000,  0.0000]])
tensor([[0.4120, 1.0000, 0.0000, 0.0000, 0.0000, 0.0000]])
tensor([[0.8809, 1.0000, 0.0000, 0.0000, 0.0000, 0.0000]])
tensor([[-0.0050,  1.0000,  0.0000,  0.0000,  0.0000,  0.0000]])
tensor([[-0.4685,  1.0000,  0.0000,  0.0000,  0.0000,  0.0000]])
tensor([[-0.4692,  1.0000,  0.0000,  0.0000,  0.0000,  0.0000]])
tensor([[0.1926, 1.0000, 0.0000, 0.0000, 0.0000, 0.0000]])
tensor([[-0.9777,  1.0000,  0.0000,  0.0000,  0.0000,  0.0000]])
tensor([[-0.7834,  1.0000,  0.0000,  0.0000,  0.0000,  0.0000]])
tensor([[0.5117, 0.0000, 0.0000, 0.0000, 0.0000, 0.0000]])
tensor([[-0.9913,  1.0000,  0.0000,  0.0000,  0.0000,  0.0000]])
tensor([[-0.5432,  1.0000,  0.0000,  0.0000,  0.0000,  0.0000]])
tensor([[0.0902, 1.0000, 0.0000, 0.0000, 0.0000, 0.0000]])
tensor([[0.0010, 0.0000, 0.0000, 0.0000, 0.0000, 0.0000]])
tensor([[-0.0102,  1.0000,  0.0000,  0.0000,  0.0000,  0.0000]])
tensor([[-0.4071,  1.0000,  0.0000,  0.0000,  0.0000,  0.0000]])
tensor([[0.1962, 1.0000, 0.0000, 0.0000, 0.0000, 0.0000]])
tensor([[0.9109, 1.0000, 0.0000, 0.0000, 0.0000, 0.0000]])
tensor([[-0.3150,  1.0000,  0.0000,  0.0000,  0.0000,  0.0000]])
tensor([[0.6715, 1.0000, 0.0000, 0.0000, 0.0000, 0.0000]])
tensor([[0.7372, 1.0000, 0.0000, 0.0000, 0.0000, 0.0000]])
tensor([[0.8795, 1.0000, 0.0000, 0.0000, 0.0000, 0.0000]])
tensor([[-0.9566,  1.0000,  0.0000,  0.0000,  0.0000,  0.0000]])
tensor([[-0.7368,  1.0000,  0.0000,  0.0000,  0.0000,  0.0000]])
tensor([[-0.5151,  1.0000,  0.0000,  0.0000,  0.0000,  0.0000]])
tensor([[-0.1179,  1.0000,  0.0000,  0.0000,  0.0000,  0.0000]])
tensor([[0.3818, 1.0000, 0.0000, 0.0000, 0.0000, 0.0000]])
tensor([[0.8200, 1.0000, 0.0000, 0.0000, 0.0000, 0.0000]])
tensor([[-0.4741,  1.0000,  0.0000,  0.0000,  0.0000,  0.0000]])
tensor([[0.0435, 1.0000, 0.0000, 0.0000, 0.0000, 0.0000]])
tensor([[0.1622, 1.0000, 0.0000, 0.0000, 0.0000, 0.0000]])
tensor([[-0.1294,  1.0000,  0.0000,  0.0000,  0.0000,  0.0000]])
tensor([[0.4260, 1.0000, 0.0000, 0.0000, 0.0000, 0.0000]])
tensor([[-0.2365,  1.0000,  0.0000,  0.0000,  0.0000,  0.0000]])
tensor([[0.6173, 1.0000, 0.0000, 0.0000, 0.0000, 0.0000]])
tensor([[0.2338, 1.0000, 0.0000, 0.0000, 0.0000, 0.0000]])
tensor([[0.2310, 1.0000, 0.0000, 0.0000, 0.0000, 0.0000]])
tensor([[0.5475, 1.0000, 0.0000, 0.0000, 0.0000, 0.0000]])
tensor([[0.8058, 1.0000, 0.0000, 0.0000, 0.0000, 0.0000]])
tensor([[-0.8447,  1.0000,  0.0000,  0.0000,  0.0000,  0.0000]])
tensor([[-0.7736,  1.0000,  0.0000,  0.0000,  0.0000,  0.0000]])
tensor([[-0.8129,  1.0000,  0.0000,  0.0000,  0.0000,  0.0000]])
tensor([[-0.2451,  1.0000,  0.0000,  0.0000,  0.0000,  0.0000]])
tensor([[0.1835, 1.0000, 0.0000, 0.0000, 0.0000, 0.0000]])
tensor([[0.9290, 1.0000, 0.0000, 0.0000, 0.0000, 0.0000]])
tensor([[0.0572, 1.0000, 0.0000, 0.0000, 0.0000, 0.0000]])
tensor([[0.6453, 1.0000, 0.0000, 0.0000, 0.0000, 0.0000]])
tensor([[-0.6200,  1.0000,  0.0000,  0.0000,  0.0000,  0.0000]])
tensor([[0.3513, 1.0000, 0.0000, 0.0000, 0.0000, 0.0000]])
tensor([[-0.7368,  1.0000,  0.0000,  0.0000,  0.0000,  0.0000]])
tensor([[0.8837, 1.0000, 0.0000, 0.0000, 0.0000, 0.0000]])
tensor([[0.1539, 1.0000, 0.0000, 0.0000, 0.0000, 0.0000]])
tensor([[0.6896, 1.0000, 0.0000, 0.0000, 0.0000, 0.0000]])
tensor([[-0.1560,  1.0000,  0.0000,  0.0000,  0.0000,  0.0000]])
tensor([[0.9080, 1.0000, 0.0000, 0.0000, 0.0000, 0.0000]])
tensor([[0.4358, 1.0000, 0.0000, 0.0000, 0.0000, 0.0000]])
tensor([[0.6304, 1.0000, 0.0000, 0.0000, 0.0000, 0.0000]])
tensor([[-0.9727,  1.0000,  0.0000,  0.0000,  0.0000,  0.0000]])
tensor([[-0.9451,  1.0000,  0.0000,  1.0000,  0.0000,  0.0000]])
tensor([[0.5871, 1.0000, 0.0000, 0.0000, 0.0000, 0.0000]])
tensor([[0.6519, 1.0000, 0.0000, 0.0000, 0.0000, 0.0000]])
tensor([[0.0104, 1.0000, 0.0000, 0.0000, 0.0000, 0.0000]])
tensor([[-0.6976,  1.0000,  0.0000,  0.0000,  0.0000,  0.0000]])
tensor([[-0.9823,  1.0000,  0.0000,  0.0000,  0.0000,  0.0000]])
tensor([[-0.5095,  1.0000,  0.0000,  0.0000,  0.0000,  0.0000]])
tensor([[0.3780, 1.0000, 0.0000, 0.0000, 0.0000, 0.0000]])
tensor([[-0.2678,  1.0000,  0.0000,  0.0000,  0.0000,  0.0000]])
tensor([[0.5545, 1.0000, 1.0000, 0.0000, 0.0000, 0.0000]])
tensor([[-0.9237,  1.0000,  0.0000,  0.0000,  0.0000,  0.0000]])
tensor([[-0.2044,  1.0000,  0.0000,  0.0000,  0.0000,  0.0000]])
tensor([[-0.7565,  1.0000,  0.0000,  0.0000,  0.0000,  0.0000]])
tensor([[0.1805, 1.0000, 0.0000, 0.0000, 0.0000, 0.0000]])
tensor([[0.7886, 1.0000, 0.0000, 0.0000, 0.0000, 0.0000]])
tensor([[0.8917, 1.0000, 0.0000, 0.0000, 0.0000, 0.0000]])
tensor([[-0.1765,  1.0000,  0.0000,  0.0000,  0.0000,  0.0000]])
tensor([[0.6115, 1.0000, 0.0000, 1.0000, 0.0000, 0.0000]])
tensor([[-0.5794,  1.0000,  0.0000,  0.0000,  0.0000,  0.0000]])
tensor([[0.4412, 1.0000, 0.0000, 0.0000, 0.0000, 0.0000]])
tensor([[-0.2904,  1.0000,  0.0000,  0.0000,  0.0000,  0.0000]])
tensor([[-0.6739,  1.0000,  0.0000,  0.0000,  0.0000,  0.0000]])
tensor([[0.0603, 1.0000, 0.0000, 0.0000, 0.0000, 0.0000]])
tensor([[-0.6053,  1.0000,  0.0000,  0.0000,  0.0000,  0.0000]])
tensor([[0.5517, 1.0000, 0.0000, 0.0000, 0.0000, 0.0000]])
tensor([[0.2587, 1.0000, 0.0000, 0.0000, 0.0000, 0.0000]])
tensor([[-0.0495,  1.0000,  0.0000,  0.0000,  0.0000,  0.0000]])
tensor([[-0.1152,  1.0000,  0.0000,  0.0000,  0.0000,  0.0000]])
tensor([[0.3337, 1.0000, 0.0000, 0.0000, 0.0000, 0.0000]])
tensor([[0.6758, 1.0000, 0.0000, 0.0000, 0.0000, 0.0000]])
tensor([[0.1984, 1.0000, 0.0000, 0.0000, 0.0000, 0.0000]])
tensor([[-0.2388,  1.0000,  0.0000,  0.0000,  0.0000,  0.0000]])
tensor([[-0.6435,  1.0000,  0.0000,  0.0000,  0.0000,  0.0000]])
tensor([[0.1607, 1.0000, 1.0000, 0.0000, 0.0000, 0.0000]])
tensor([[0.7309, 1.0000, 0.0000, 0.0000, 0.0000, 0.0000]])
tensor([[-0.1165,  1.0000,  0.0000,  0.0000,  0.0000,  0.0000]])
tensor([[-0.8963,  1.0000,  0.0000,  0.0000,  0.0000,  0.0000]])
tensor([[0.7820, 1.0000, 0.0000, 0.0000, 0.0000, 0.0000]])
tensor([[0.0307, 1.0000, 0.0000, 0.0000, 0.0000, 0.0000]])
tensor([[-0.8088,  1.0000,  0.0000,  0.0000,  0.0000,  0.0000]])
tensor([[-0.0599,  1.0000,  0.0000,  0.0000,  0.0000,  0.0000]])
tensor([[-0.5069,  1.0000,  0.0000,  0.0000,  0.0000,  0.0000]])
tensor([[0.7292, 1.0000, 0.0000, 0.0000, 0.0000, 0.0000]])
tensor([[0.3036, 1.0000, 0.0000, 0.0000, 0.0000, 0.0000]])
tensor([[0.3073, 1.0000, 0.0000, 0.0000, 0.0000, 0.0000]])
tensor([[0.4479, 1.0000, 0.0000, 0.0000, 0.0000, 0.0000]])
tensor([[0.6421, 1.0000, 0.0000, 0.0000, 0.0000, 0.0000]])
tensor([[-0.8343,  1.0000,  0.0000,  0.0000,  0.0000,  0.0000]])
tensor([[-0.9712,  1.0000,  0.0000,  0.0000,  0.0000,  0.0000]])
tensor([[0.6439, 1.0000, 0.0000, 0.0000, 0.0000, 0.0000]])
tensor([[0.4487, 1.0000, 0.0000, 0.0000, 0.0000, 0.0000]])
tensor([[-0.2545,  1.0000,  0.0000,  0.0000,  0.0000,  0.0000]])
tensor([[0.2433, 1.0000, 0.0000, 0.0000, 0.0000, 0.0000]])
tensor([[-0.7844,  1.0000,  0.0000,  0.0000,  0.0000,  0.0000]])
tensor([[-0.3058,  1.0000,  0.0000,  0.0000,  0.0000,  0.0000]])
tensor([[0.8342, 1.0000, 0.0000, 0.0000, 0.0000, 0.0000]])
tensor([[0.5755, 1.0000, 0.0000, 0.0000, 0.0000, 0.0000]])
tensor([[-0.5537,  1.0000,  0.0000,  0.0000,  0.0000,  0.0000]])
tensor([[0.0407, 1.0000, 0.0000, 0.0000, 0.0000, 0.0000]])
tensor([[0.8456, 1.0000, 0.0000, 0.0000, 0.0000, 0.0000]])
tensor([[0.6019, 1.0000, 0.0000, 0.0000, 0.0000, 0.0000]])
tensor([[0.7038, 1.0000, 0.0000, 0.0000, 0.0000, 0.0000]])
tensor([[-0.7709,  1.0000,  0.0000,  0.0000,  0.0000,  0.0000]])
tensor([[0.2511, 1.0000, 0.0000, 0.0000, 0.0000, 0.0000]])
tensor([[-0.4698,  1.0000,  0.0000,  0.0000,  0.0000,  0.0000]])
tensor([[0.4761, 1.0000, 1.0000, 0.0000, 0.0000, 0.0000]])
tensor([[-0.1725,  1.0000,  1.0000,  0.0000,  0.0000,  0.0000]])
tensor([[0.7075, 1.0000, 0.0000, 0.0000, 0.0000, 0.0000]])
tensor([[-0.6816,  1.0000,  0.0000,  0.0000,  0.0000,  0.0000]])
tensor([[0.5037, 1.0000, 0.0000, 0.0000, 0.0000, 0.0000]])
tensor([[0.2606, 1.0000, 0.0000, 0.0000, 0.0000, 0.0000]])
tensor([[0.3833, 1.0000, 0.0000, 0.0000, 0.0000, 0.0000]])
tensor([[-0.2363,  1.0000,  0.0000,  0.0000,  0.0000,  0.0000]])
tensor([[0.3897, 1.0000, 0.0000, 0.0000, 0.0000, 0.0000]])
tensor([[-0.6277,  1.0000,  0.0000,  0.0000,  0.0000,  0.0000]])
tensor([[-0.9611,  1.0000,  1.0000,  0.0000,  0.0000,  0.0000]])
tensor([[-0.3629,  1.0000,  0.0000,  0.0000,  0.0000,  0.0000]])
tensor([[-0.0150,  1.0000,  0.0000,  0.0000,  0.0000,  0.0000]])
tensor([[0.8433, 1.0000, 0.0000, 0.0000, 0.0000, 0.0000]])
tensor([[-0.4022,  1.0000,  0.0000,  0.0000,  0.0000,  0.0000]])
tensor([[-0.9226,  1.0000,  0.0000,  0.0000,  0.0000,  0.0000]])
tensor([[-0.3374,  1.0000,  0.0000,  0.0000,  0.0000,  0.0000]])
tensor([[0.3217, 1.0000, 0.0000, 0.0000, 0.0000, 0.0000]])
tensor([[0.9279, 1.0000, 0.0000, 0.0000, 0.0000, 0.0000]])
tensor([[0.1364, 1.0000, 0.0000, 0.0000, 0.0000, 0.0000]])
tensor([[0.5814, 1.0000, 0.0000, 0.0000, 0.0000, 0.0000]])
tensor([[0.4575, 1.0000, 0.0000, 0.0000, 0.0000, 0.0000]])
tensor([[-0.7493,  1.0000,  0.0000,  0.0000,  0.0000,  0.0000]])
tensor([[-0.1052,  1.0000,  0.0000,  0.0000,  0.0000,  0.0000]])
tensor([[0.7314, 1.0000, 0.0000, 0.0000, 0.0000, 0.0000]])
tensor([[0.9515, 1.0000, 0.0000, 0.0000, 0.0000, 0.0000]])
tensor([[0.4043, 1.0000, 0.0000, 0.0000, 0.0000, 0.0000]])
tensor([[0.1688, 1.0000, 0.0000, 0.0000, 0.0000, 0.0000]])
tensor([[0.8723, 1.0000, 0.0000, 0.0000, 0.0000, 0.0000]])
tensor([[0.1149, 1.0000, 0.0000, 0.0000, 0.0000, 0.0000]])
tensor([[0.3488, 1.0000, 0.0000, 0.0000, 0.0000, 0.0000]])
tensor([[0.9612, 1.0000, 0.0000, 0.0000, 0.0000, 0.0000]])
tensor([[0.3320, 1.0000, 0.0000, 0.0000, 0.0000, 0.0000]])
tensor([[0.1681, 1.0000, 0.0000, 0.0000, 0.0000, 0.0000]])
tensor([[-0.6359,  1.0000,  0.0000,  0.0000,  0.0000,  0.0000]])
tensor([[0.7253, 1.0000, 0.0000, 0.0000, 0.0000, 0.0000]])
tensor([[-0.4369,  1.0000,  0.0000,  0.0000,  0.0000,  0.0000]])
tensor([[-0.1506,  1.0000,  0.0000,  0.0000,  0.0000,  0.0000]])
tensor([[-0.1068,  1.0000,  0.0000,  0.0000,  0.0000,  0.0000]])
tensor([[0.6733, 1.0000, 0.0000, 0.0000, 0.0000, 0.0000]])
tensor([[-0.7480,  1.0000,  0.0000,  0.0000,  0.0000,  0.0000]])
tensor([[-0.0905,  1.0000,  0.0000,  0.0000,  0.0000,  0.0000]])
tensor([[0.9043, 1.0000, 0.0000, 0.0000, 0.0000, 0.0000]])
tensor([[-0.1773,  1.0000,  0.0000,  0.0000,  0.0000,  0.0000]])
tensor([[0.7740, 1.0000, 0.0000, 0.0000, 0.0000, 0.0000]])
tensor([[-0.6586,  1.0000,  0.0000,  0.0000,  0.0000,  0.0000]])
tensor([[-0.6839,  1.0000,  0.0000,  0.0000,  0.0000,  0.0000]])
tensor([[0.0154, 1.0000, 0.0000, 0.0000, 0.0000, 0.0000]])
tensor([[0.6251, 1.0000, 0.0000, 0.0000, 0.0000, 0.0000]])
tensor([[0.7472, 1.0000, 0.0000, 0.0000, 0.0000, 0.0000]])
tensor([[-0.1294,  1.0000,  0.0000,  0.0000,  0.0000,  0.0000]])
tensor([[-0.6449,  1.0000,  0.0000,  0.0000,  0.0000,  0.0000]])
tensor([[0.0168, 1.0000, 0.0000, 0.0000, 0.0000, 0.0000]])
tensor([[0.9122, 1.0000, 0.0000, 0.0000, 0.0000, 0.0000]])
tensor([[-0.4366,  1.0000,  0.0000,  0.0000,  0.0000,  0.0000]])
tensor([[0.8224, 1.0000, 0.0000, 0.0000, 0.0000, 0.0000]])
tensor([[-0.5512,  1.0000,  0.0000,  0.0000,  0.0000,  0.0000]])
tensor([[-0.0189,  1.0000,  0.0000,  0.0000,  0.0000,  0.0000]])
tensor([[-0.8548,  1.0000,  0.0000,  0.0000,  0.0000,  0.0000]])
tensor([[0.7685, 1.0000, 0.0000, 0.0000, 0.0000, 0.0000]])
tensor([[0.7080, 1.0000, 0.0000, 0.0000, 0.0000, 0.0000]])
tensor([[0.0181, 1.0000, 0.0000, 0.0000, 0.0000, 0.0000]])
tensor([[-0.9077,  1.0000,  0.0000,  0.0000,  0.0000,  0.0000]])
tensor([[0.1114, 1.0000, 0.0000, 0.0000, 0.0000, 0.0000]])
tensor([[-0.7510,  1.0000,  0.0000,  0.0000,  0.0000,  0.0000]])
tensor([[0.4346, 1.0000, 0.0000, 0.0000, 0.0000, 0.0000]])
tensor([[-0.1875,  1.0000,  0.0000,  0.0000,  0.0000,  0.0000]])
tensor([[-0.7159,  1.0000,  0.0000,  0.0000,  0.0000,  0.0000]])
tensor([[-0.6780,  1.0000,  0.0000,  0.0000,  0.0000,  0.0000]])
tensor([[0.3742, 1.0000, 0.0000, 0.0000, 0.0000, 0.0000]])
tensor([[0.8367, 1.0000, 0.0000, 0.0000, 0.0000, 0.0000]])
tensor([[0.3896, 1.0000, 0.0000, 0.0000, 0.0000, 0.0000]])
tensor([[-0.7723,  1.0000,  0.0000,  0.0000,  0.0000,  0.0000]])
tensor([[0.5958, 1.0000, 0.0000, 0.0000, 0.0000, 0.0000]])
tensor([[-0.6468,  1.0000,  0.0000,  0.0000,  0.0000,  0.0000]])
tensor([[-0.5157,  1.0000,  0.0000,  0.0000,  0.0000,  0.0000]])
tensor([[-0.2540,  1.0000,  0.0000,  0.0000,  0.0000,  0.0000]])
tensor([[-0.7315,  1.0000,  0.0000,  0.0000,  0.0000,  0.0000]])
tensor([[-0.5605,  1.0000,  0.0000,  0.0000,  0.0000,  0.0000]])
tensor([[0.3652, 1.0000, 0.0000, 0.0000, 0.0000, 0.0000]])
tensor([[0.7348, 1.0000, 0.0000, 0.0000, 0.0000, 0.0000]])
tensor([[-0.4687,  1.0000,  0.0000,  0.0000,  0.0000,  0.0000]])
tensor([[-0.7705,  1.0000,  0.0000,  0.0000,  0.0000,  0.0000]])
tensor([[0.8068, 1.0000, 0.0000, 0.0000, 0.0000, 0.0000]])
tensor([[-0.5705,  1.0000,  0.0000,  0.0000,  0.0000,  0.0000]])
tensor([[-0.4144,  1.0000,  0.0000,  0.0000,  0.0000,  0.0000]])
tensor([[0.2969, 1.0000, 0.0000, 0.0000, 0.0000, 0.0000]])
tensor([[0.9600, 1.0000, 0.0000, 0.0000, 0.0000, 0.0000]])
tensor([[-0.7866,  1.0000,  0.0000,  0.0000,  0.0000,  0.0000]])
tensor([[0.8103, 1.0000, 0.0000, 0.0000, 0.0000, 0.0000]])
tensor([[-0.6683,  1.0000,  0.0000,  0.0000,  0.0000,  0.0000]])
tensor([[0.9278, 1.0000, 0.0000, 0.0000, 0.0000, 0.0000]])
tensor([[0.9458, 1.0000, 0.0000, 0.0000, 0.0000, 0.0000]])
tensor([[0.6427, 1.0000, 0.0000, 0.0000, 0.0000, 0.0000]])
tensor([[0.2872, 1.0000, 0.0000, 0.0000, 0.0000, 0.0000]])
tensor([[-0.6948,  1.0000,  0.0000,  0.0000,  0.0000,  0.0000]])
tensor([[-0.0201,  1.0000,  0.0000,  0.0000,  0.0000,  0.0000]])
tensor([[0.4124, 1.0000, 0.0000, 0.0000, 0.0000, 0.0000]])
tensor([[0.2024, 1.0000, 0.0000, 0.0000, 0.0000, 0.0000]])
tensor([[-0.5513,  1.0000,  0.0000,  0.0000,  0.0000,  0.0000]])
tensor([[-0.2942,  1.0000,  0.0000,  0.0000,  0.0000,  0.0000]])
tensor([[-0.1171,  1.0000,  0.0000,  0.0000,  0.0000,  0.0000]])
tensor([[-0.7559,  1.0000,  0.0000,  0.0000,  0.0000,  0.0000]])
tensor([[-0.0834,  1.0000,  0.0000,  0.0000,  0.0000,  0.0000]])
tensor([[0.0780, 1.0000, 0.0000, 0.0000, 0.0000, 0.0000]])
tensor([[0.9479, 1.0000, 0.0000, 0.0000, 0.0000, 0.0000]])
tensor([[-0.2793,  1.0000,  0.0000,  0.0000,  0.0000,  0.0000]])
tensor([[0.5887, 1.0000, 0.0000, 0.0000, 0.0000, 0.0000]])
tensor([[-0.1538,  1.0000,  0.0000,  0.0000,  0.0000,  0.0000]])
tensor([[0.2654, 1.0000, 0.0000, 0.0000, 0.0000, 0.0000]])
tensor([[-0.7130,  1.0000,  0.0000,  0.0000,  0.0000,  0.0000]])
tensor([[-0.5601,  1.0000,  0.0000,  0.0000,  0.0000,  0.0000]])
tensor([[0.4832, 1.0000, 0.0000, 0.0000, 0.0000, 0.0000]])
tensor([[-0.8723,  1.0000,  0.0000,  0.0000,  0.0000,  0.0000]])
tensor([[0.1606, 1.0000, 0.0000, 0.0000, 0.0000, 0.0000]])
tensor([[-0.7478,  1.0000,  0.0000,  0.0000,  0.0000,  0.0000]])
tensor([[0.5869, 1.0000, 0.0000, 0.0000, 0.0000, 0.0000]])
tensor([[0.2906, 1.0000, 0.0000, 0.0000, 0.0000, 0.0000]])
tensor([[-0.9564,  1.0000,  1.0000,  1.0000,  0.0000,  0.0000]])
tensor([[-0.7151,  1.0000,  0.0000,  0.0000,  0.0000,  0.0000]])
tensor([[-0.0346,  1.0000,  0.0000,  0.0000,  0.0000,  0.0000]])
tensor([[0.2991, 1.0000, 0.0000, 0.0000, 0.0000, 0.0000]])
tensor([[0.6223, 1.0000, 0.0000, 0.0000, 0.0000, 0.0000]])
tensor([[0.1383, 1.0000, 0.0000, 0.0000, 0.0000, 0.0000]])
tensor([[0.7264, 1.0000, 0.0000, 0.0000, 0.0000, 0.0000]])
tensor([[0.0184, 1.0000, 0.0000, 0.0000, 0.0000, 0.0000]])
tensor([[0.5877, 1.0000, 0.0000, 0.0000, 0.0000, 0.0000]])
tensor([[-0.7330,  1.0000,  0.0000,  0.0000,  0.0000,  0.0000]])
tensor([[0.1675, 1.0000, 0.0000, 0.0000, 0.0000, 0.0000]])
tensor([[-0.8029,  1.0000,  0.0000,  0.0000,  0.0000,  0.0000]])
tensor([[-0.1432,  1.0000,  0.0000,  0.0000,  0.0000,  0.0000]])
tensor([[-0.4582,  1.0000,  0.0000,  0.0000,  0.0000,  0.0000]])
tensor([[-0.3918,  1.0000,  0.0000,  0.0000,  0.0000,  0.0000]])
tensor([[0.7044, 1.0000, 0.0000, 0.0000, 0.0000, 0.0000]])
tensor([[0.8028, 1.0000, 0.0000, 0.0000, 0.0000, 0.0000]])
tensor([[-0.1019,  1.0000,  0.0000,  0.0000,  0.0000,  0.0000]])
tensor([[-0.1202,  1.0000,  0.0000,  0.0000,  0.0000,  0.0000]])
tensor([[0.4934, 1.0000, 0.0000, 0.0000, 0.0000, 0.0000]])
tensor([[0.2348, 1.0000, 0.0000, 0.0000, 0.0000, 0.0000]])
tensor([[-0.5931,  1.0000,  0.0000,  0.0000,  0.0000,  0.0000]])
tensor([[-0.8641,  1.0000,  0.0000,  0.0000,  0.0000,  0.0000]])
tensor([[0.2567, 1.0000, 0.0000, 0.0000, 0.0000, 0.0000]])
tensor([[-0.6561,  1.0000,  0.0000,  0.0000,  0.0000,  0.0000]])
tensor([[-0.8443,  1.0000,  0.0000,  0.0000,  0.0000,  0.0000]])
tensor([[0.7386, 1.0000, 0.0000, 0.0000, 0.0000, 0.0000]])
tensor([[-0.5716,  1.0000,  0.0000,  0.0000,  0.0000,  0.0000]])
tensor([[-0.4653,  1.0000,  0.0000,  0.0000,  0.0000,  0.0000]])
tensor([[-0.7756,  1.0000,  0.0000,  0.0000,  0.0000,  0.0000]])
tensor([[-0.2288,  1.0000,  0.0000,  0.0000,  0.0000,  0.0000]])
tensor([[-0.7101,  1.0000,  0.0000,  0.0000,  0.0000,  0.0000]])
tensor([[-0.5608,  1.0000,  0.0000,  0.0000,  0.0000,  0.0000]])
tensor([[-0.5513,  1.0000,  0.0000,  0.0000,  0.0000,  0.0000]])
tensor([[-0.8952,  1.0000,  0.0000,  0.0000,  0.0000,  0.0000]])
tensor([[0.6592, 1.0000, 0.0000, 0.0000, 0.0000, 0.0000]])
tensor([[-0.2824,  1.0000,  0.0000,  0.0000,  0.0000,  0.0000]])
tensor([[-0.0630,  1.0000,  0.0000,  0.0000,  0.0000,  0.0000]])
tensor([[-0.2817,  1.0000,  0.0000,  0.0000,  0.0000,  0.0000]])
tensor([[-0.3168,  1.0000,  0.0000,  0.0000,  0.0000,  0.0000]])
tensor([[-0.6915,  1.0000,  0.0000,  0.0000,  0.0000,  0.0000]])
tensor([[0.1417, 1.0000, 0.0000, 0.0000, 0.0000, 0.0000]])
tensor([[-0.5663,  1.0000,  0.0000,  0.0000,  0.0000,  0.0000]])
tensor([[-0.1610,  1.0000,  0.0000,  0.0000,  0.0000,  0.0000]])
tensor([[0.1993, 1.0000, 0.0000, 0.0000, 0.0000, 0.0000]])
tensor([[0.3687, 1.0000, 0.0000, 0.0000, 0.0000, 0.0000]])
tensor([[-0.2383,  1.0000,  0.0000,  0.0000,  0.0000,  0.0000]])
tensor([[0.1871, 1.0000, 0.0000, 0.0000, 0.0000, 0.0000]])
tensor([[0.3825, 1.0000, 0.0000, 0.0000, 0.0000, 0.0000]])
tensor([[-0.1837,  1.0000,  0.0000,  0.0000,  0.0000,  0.0000]])
tensor([[-0.3580,  1.0000,  0.0000,  0.0000,  1.0000,  0.0000]])
tensor([[-0.2692,  1.0000,  0.0000,  0.0000,  0.0000,  0.0000]])
tensor([[0.1525, 1.0000, 0.0000, 0.0000, 0.0000, 0.0000]])
tensor([[-0.8718,  1.0000,  0.0000,  0.0000,  0.0000,  0.0000]])
tensor([[0.5182, 1.0000, 0.0000, 0.0000, 0.0000, 0.0000]])
tensor([[0.5854, 1.0000, 0.0000, 0.0000, 0.0000, 0.0000]])
tensor([[-0.0135,  1.0000,  0.0000,  0.0000,  0.0000,  0.0000]])
tensor([[-0.8248,  1.0000,  0.0000,  0.0000,  0.0000,  0.0000]])
tensor([[0.5984, 1.0000, 0.0000, 0.0000, 0.0000, 0.0000]])
tensor([[0.5894, 1.0000, 0.0000, 0.0000, 0.0000, 0.0000]])
tensor([[-0.0816,  1.0000,  0.0000,  0.0000,  0.0000,  0.0000]])
tensor([[0.5316, 1.0000, 0.0000, 0.0000, 0.0000, 0.0000]])
tensor([[-0.4275,  1.0000,  0.0000,  0.0000,  0.0000,  0.0000]])
tensor([[-0.3780,  1.0000,  0.0000,  0.0000,  0.0000,  0.0000]])
tensor([[0.6230, 1.0000, 0.0000, 0.0000, 0.0000, 0.0000]])
tensor([[0.5177, 1.0000, 0.0000, 0.0000, 0.0000, 0.0000]])
tensor([[-0.4726,  1.0000,  0.0000,  0.0000,  0.0000,  0.0000]])
tensor([[0.2809, 1.0000, 0.0000, 0.0000, 0.0000, 0.0000]])
tensor([[0.9851, 1.0000, 0.0000, 0.0000, 0.0000, 0.0000]])
tensor([[0.9627, 1.0000, 0.0000, 0.0000, 0.0000, 0.0000]])
tensor([[-0.6588,  1.0000,  0.0000,  0.0000,  0.0000,  0.0000]])
tensor([[0.3452, 1.0000, 0.0000, 0.0000, 0.0000, 0.0000]])
tensor([[0.4333, 1.0000, 0.0000, 0.0000, 0.0000, 0.0000]])
tensor([[-0.5409,  1.0000,  0.0000,  0.0000,  0.0000,  0.0000]])
tensor([[-0.7008,  1.0000,  0.0000,  0.0000,  0.0000,  0.0000]])
tensor([[8.8536e-04, 1.0000e+00, 0.0000e+00, 0.0000e+00, 0.0000e+00, 0.0000e+00]])
tensor([[-0.1293,  1.0000,  0.0000,  0.0000,  0.0000,  0.0000]])
tensor([[-0.3258,  1.0000,  0.0000,  0.0000,  0.0000,  0.0000]])
tensor([[-0.2061,  1.0000,  0.0000,  0.0000,  0.0000,  0.0000]])
tensor([[0.1792, 1.0000, 0.0000, 0.0000, 0.0000, 0.0000]])
tensor([[0.0469, 1.0000, 0.0000, 0.0000, 0.0000, 0.0000]])
tensor([[0.8118, 1.0000, 0.0000, 0.0000, 0.0000, 0.0000]])
tensor([[0.2326, 1.0000, 0.0000, 0.0000, 0.0000, 0.0000]])
tensor([[-0.7406,  1.0000,  0.0000,  0.0000,  0.0000,  0.0000]])
tensor([[-0.0053,  1.0000,  0.0000,  0.0000,  0.0000,  0.0000]])
tensor([[-0.0442,  1.0000,  0.0000,  0.0000,  0.0000,  0.0000]])
tensor([[-0.2099,  1.0000,  0.0000,  0.0000,  0.0000,  0.0000]])
tensor([[-0.3425,  1.0000,  0.0000,  0.0000,  0.0000,  0.0000]])
tensor([[-0.9259,  1.0000,  0.0000,  0.0000,  0.0000,  0.0000]])
tensor([[-0.1388,  1.0000,  0.0000,  0.0000,  0.0000,  0.0000]])
tensor([[0.3130, 1.0000, 0.0000, 0.0000, 0.0000, 0.0000]])
tensor([[-0.2802,  1.0000,  0.0000,  0.0000,  0.0000,  0.0000]])
tensor([[0.2343, 1.0000, 0.0000, 0.0000, 0.0000, 0.0000]])
tensor([[0.1034, 1.0000, 0.0000, 0.0000, 0.0000, 0.0000]])
tensor([[-0.8988,  1.0000,  0.0000,  0.0000,  0.0000,  0.0000]])
tensor([[0.0060, 1.0000, 0.0000, 0.0000, 0.0000, 0.0000]])
tensor([[-0.3737,  1.0000,  0.0000,  0.0000,  0.0000,  0.0000]])
tensor([[0.0736, 1.0000, 0.0000, 0.0000, 0.0000, 0.0000]])
tensor([[0.1897, 1.0000, 0.0000, 0.0000, 0.0000, 0.0000]])
tensor([[0.2070, 1.0000, 0.0000, 0.0000, 0.0000, 0.0000]])
tensor([[-0.8655,  1.0000,  0.0000,  0.0000,  0.0000,  0.0000]])
tensor([[0.7990, 1.0000, 0.0000, 0.0000, 0.0000, 0.0000]])
tensor([[0.4066, 1.0000, 0.0000, 0.0000, 0.0000, 0.0000]])
tensor([[0.3966, 1.0000, 0.0000, 0.0000, 0.0000, 0.0000]])
tensor([[-0.8920,  1.0000,  0.0000,  0.0000,  0.0000,  0.0000]])
tensor([[-0.1392,  1.0000,  0.0000,  0.0000,  0.0000,  0.0000]])
tensor([[0.5394, 1.0000, 0.0000, 0.0000, 0.0000, 0.0000]])
tensor([[0.0051, 1.0000, 0.0000, 0.0000, 0.0000, 0.0000]])
tensor([[-0.0888,  1.0000,  0.0000,  0.0000,  0.0000,  0.0000]])
tensor([[-0.1292,  1.0000,  0.0000,  0.0000,  0.0000,  0.0000]])
tensor([[0.7756, 1.0000, 0.0000, 0.0000, 0.0000, 0.0000]])
tensor([[0.8139, 1.0000, 0.0000, 0.0000, 0.0000, 0.0000]])
tensor([[-0.9434,  1.0000,  0.0000,  0.0000,  0.0000,  0.0000]])
tensor([[0.3154, 1.0000, 0.0000, 0.0000, 0.0000, 0.0000]])
tensor([[0.7788, 1.0000, 0.0000, 0.0000, 0.0000, 0.0000]])
tensor([[-0.8767,  1.0000,  0.0000,  0.0000,  0.0000,  0.0000]])
tensor([[-0.9556,  1.0000,  0.0000,  0.0000,  0.0000,  0.0000]])
tensor([[-0.9572,  1.0000,  0.0000,  0.0000,  0.0000,  0.0000]])
tensor([[-0.9073,  1.0000,  0.0000,  0.0000,  0.0000,  0.0000]])
tensor([[0.7832, 1.0000, 0.0000, 0.0000, 0.0000, 0.0000]])
tensor([[0.2384, 1.0000, 0.0000, 0.0000, 0.0000, 0.0000]])
tensor([[-0.7381,  1.0000,  0.0000,  0.0000,  0.0000,  0.0000]])
tensor([[-0.2851,  1.0000,  0.0000,  0.0000,  0.0000,  0.0000]])
tensor([[0.7797, 1.0000, 0.0000, 0.0000, 0.0000, 0.0000]])
tensor([[-0.5081,  1.0000,  0.0000,  0.0000,  0.0000,  0.0000]])
tensor([[0.2499, 1.0000, 0.0000, 0.0000, 0.0000, 0.0000]])
tensor([[0.3764, 1.0000, 0.0000, 0.0000, 0.0000, 0.0000]])
tensor([[0.9221, 1.0000, 0.0000, 0.0000, 0.0000, 0.0000]])
tensor([[0.9744, 1.0000, 1.0000, 0.0000, 0.0000, 0.0000]])
tensor([[-0.4319,  1.0000,  0.0000,  0.0000,  0.0000,  0.0000]])
tensor([[-0.0537,  1.0000,  0.0000,  0.0000,  0.0000,  0.0000]])
tensor([[0.9688, 1.0000, 0.0000, 0.0000, 0.0000, 0.0000]])
tensor([[0.7000, 1.0000, 0.0000, 0.0000, 0.0000, 0.0000]])
tensor([[-0.1998,  1.0000,  0.0000,  0.0000,  0.0000,  0.0000]])
tensor([[0.6140, 1.0000, 0.0000, 0.0000, 0.0000, 0.0000]])
tensor([[0.6992, 1.0000, 0.0000, 0.0000, 0.0000, 0.0000]])
tensor([[0.0497, 1.0000, 0.0000, 0.0000, 0.0000, 0.0000]])
tensor([[-0.7902,  1.0000,  0.0000,  0.0000,  0.0000,  0.0000]])
tensor([[-0.3605,  0.0000,  0.0000,  0.0000,  0.0000,  0.0000]])
tensor([[-0.7836,  1.0000,  0.0000,  0.0000,  0.0000,  0.0000]])
tensor([[-0.6285,  1.0000,  0.0000,  0.0000,  0.0000,  0.0000]])
tensor([[0.6963, 1.0000, 0.0000, 0.0000, 0.0000, 0.0000]])
tensor([[-0.2972,  1.0000,  0.0000,  0.0000,  0.0000,  0.0000]])
tensor([[-0.4157,  1.0000,  1.0000,  0.0000,  0.0000,  0.0000]])
tensor([[-0.3623,  1.0000,  0.0000,  0.0000,  0.0000,  0.0000]])
tensor([[0.8612, 1.0000, 0.0000, 0.0000, 0.0000, 0.0000]])
tensor([[-0.4017,  1.0000,  0.0000,  0.0000,  0.0000,  0.0000]])
tensor([[-0.6105,  1.0000,  0.0000,  0.0000,  0.0000,  0.0000]])
tensor([[-0.3094,  1.0000,  0.0000,  0.0000,  0.0000,  0.0000]])
tensor([[0.1645, 1.0000, 0.0000, 0.0000, 0.0000, 0.0000]])
tensor([[-0.8586,  1.0000,  0.0000,  0.0000,  0.0000,  0.0000]])
tensor([[-0.9526,  1.0000,  0.0000,  0.0000,  0.0000,  0.0000]])
tensor([[0.3018, 1.0000, 0.0000, 0.0000, 0.0000, 0.0000]])
tensor([[0.9382, 1.0000, 0.0000, 0.0000, 0.0000, 0.0000]])
tensor([[0.6717, 1.0000, 0.0000, 0.0000, 0.0000, 0.0000]])
tensor([[-0.6716,  1.0000,  0.0000,  0.0000,  0.0000,  0.0000]])
tensor([[0.3778, 1.0000, 0.0000, 0.0000, 0.0000, 0.0000]])
tensor([[0.8415, 1.0000, 0.0000, 0.0000, 0.0000, 0.0000]])
tensor([[-0.1756,  1.0000,  0.0000,  0.0000,  0.0000,  0.0000]])
tensor([[-0.6465,  1.0000,  0.0000,  0.0000,  0.0000,  0.0000]])
tensor([[-0.6806,  1.0000,  0.0000,  0.0000,  0.0000,  0.0000]])
tensor([[0.2285, 1.0000, 1.0000, 0.0000, 0.0000, 0.0000]])
tensor([[-0.4389,  1.0000,  0.0000,  0.0000,  0.0000,  0.0000]])
tensor([[-0.1043,  1.0000,  0.0000,  0.0000,  0.0000,  0.0000]])
tensor([[-0.4795,  1.0000,  0.0000,  0.0000,  0.0000,  0.0000]])
tensor([[0.0410, 1.0000, 0.0000, 0.0000, 0.0000, 0.0000]])
tensor([[0.5026, 1.0000, 0.0000, 0.0000, 0.0000, 0.0000]])
tensor([[0.1228, 1.0000, 0.0000, 0.0000, 0.0000, 0.0000]])
tensor([[-0.0832,  1.0000,  0.0000,  0.0000,  0.0000,  0.0000]])
tensor([[-0.0341,  1.0000,  0.0000,  0.0000,  0.0000,  0.0000]])
tensor([[0.6292, 1.0000, 1.0000, 0.0000, 0.0000, 0.0000]])
tensor([[-0.0200,  1.0000,  0.0000,  0.0000,  0.0000,  0.0000]])
tensor([[-0.2288,  1.0000,  0.0000,  0.0000,  0.0000,  0.0000]])
tensor([[-0.8102,  1.0000,  0.0000,  0.0000,  0.0000,  0.0000]])
tensor([[0.5777, 1.0000, 0.0000, 0.0000, 0.0000, 0.0000]])
tensor([[0.7034, 1.0000, 0.0000, 0.0000, 0.0000, 0.0000]])
tensor([[-0.8064,  1.0000,  0.0000,  0.0000,  0.0000,  0.0000]])
tensor([[0.0895, 1.0000, 0.0000, 0.0000, 0.0000, 0.0000]])
tensor([[-0.2352,  0.0000,  0.0000,  0.0000,  0.0000,  0.0000]])
tensor([[-0.4824,  1.0000,  0.0000,  0.0000,  0.0000,  0.0000]])
tensor([[-0.9012,  1.0000,  0.0000,  0.0000,  0.0000,  0.0000]])
tensor([[-0.6466,  1.0000,  0.0000,  0.0000,  0.0000,  0.0000]])
tensor([[-0.1544,  1.0000,  0.0000,  0.0000,  0.0000,  0.0000]])
tensor([[0.4528, 1.0000, 0.0000, 0.0000, 0.0000, 0.0000]])
tensor([[0.0830, 1.0000, 0.0000, 0.0000, 0.0000, 0.0000]])
tensor([[0.0332, 1.0000, 0.0000, 0.0000, 0.0000, 0.0000]])
tensor([[0.3192, 1.0000, 0.0000, 0.0000, 0.0000, 0.0000]])
tensor([[0.9548, 1.0000, 0.0000, 0.0000, 0.0000, 0.0000]])
tensor([[0.2063, 1.0000, 0.0000, 0.0000, 0.0000, 0.0000]])
tensor([[-0.3540,  1.0000,  0.0000,  0.0000,  0.0000,  0.0000]])
tensor([[0.5978, 1.0000, 0.0000, 0.0000, 0.0000, 0.0000]])
tensor([[-0.6366,  1.0000,  0.0000,  0.0000,  0.0000,  0.0000]])
tensor([[0.1847, 1.0000, 0.0000, 0.0000, 0.0000, 0.0000]])
tensor([[-0.9401,  1.0000,  0.0000,  0.0000,  0.0000,  0.0000]])
tensor([[0.0160, 1.0000, 0.0000, 0.0000, 0.0000, 0.0000]])
tensor([[-0.4363,  1.0000,  0.0000,  0.0000,  0.0000,  0.0000]])
tensor([[-0.4853,  1.0000,  0.0000,  0.0000,  0.0000,  0.0000]])
tensor([[0.7738, 1.0000, 0.0000, 0.0000, 0.0000, 0.0000]])
tensor([[0.2192, 1.0000, 0.0000, 0.0000, 0.0000, 0.0000]])
tensor([[-0.5498,  1.0000,  0.0000,  0.0000,  0.0000,  0.0000]])
tensor([[-0.8394,  1.0000,  0.0000,  0.0000,  0.0000,  0.0000]])
tensor([[-0.4961,  1.0000,  0.0000,  0.0000,  0.0000,  0.0000]])
tensor([[0.4039, 1.0000, 0.0000, 0.0000, 0.0000, 0.0000]])
tensor([[-0.4074,  1.0000,  0.0000,  0.0000,  0.0000,  0.0000]])
tensor([[0.1197, 1.0000, 0.0000, 0.0000, 0.0000, 0.0000]])
tensor([[-0.3455,  1.0000,  0.0000,  0.0000,  0.0000,  0.0000]])
tensor([[0.3986, 1.0000, 0.0000, 0.0000, 0.0000, 0.0000]])
tensor([[0.6083, 1.0000, 0.0000, 0.0000, 0.0000, 0.0000]])
tensor([[-0.4007,  1.0000,  0.0000,  0.0000,  0.0000,  0.0000]])
tensor([[-0.4742,  1.0000,  0.0000,  0.0000,  0.0000,  0.0000]])
tensor([[0.8250, 1.0000, 0.0000, 0.0000, 0.0000, 0.0000]])
tensor([[0.1140, 1.0000, 0.0000, 0.0000, 0.0000, 0.0000]])
tensor([[-0.3099,  1.0000,  0.0000,  0.0000,  0.0000,  0.0000]])
tensor([[0.1159, 1.0000, 0.0000, 0.0000, 0.0000, 0.0000]])
tensor([[-0.5257,  1.0000,  0.0000,  0.0000,  0.0000,  0.0000]])
tensor([[-0.2243,  1.0000,  0.0000,  0.0000,  0.0000,  0.0000]])
tensor([[-0.1210,  1.0000,  0.0000,  0.0000,  0.0000,  0.0000]])
tensor([[-0.1187,  1.0000,  0.0000,  0.0000,  0.0000,  0.0000]])
tensor([[0.6687, 1.0000, 0.0000, 0.0000, 0.0000, 0.0000]])
tensor([[0.0784, 1.0000, 0.0000, 0.0000, 0.0000, 0.0000]])
tensor([[0.7209, 1.0000, 0.0000, 0.0000, 0.0000, 0.0000]])
tensor([[-0.4818,  1.0000,  0.0000,  0.0000,  0.0000,  0.0000]])
tensor([[0.4079, 1.0000, 0.0000, 0.0000, 0.0000, 0.0000]])
tensor([[-0.7380,  1.0000,  0.0000,  0.0000,  0.0000,  0.0000]])
tensor([[0.1918, 1.0000, 0.0000, 0.0000, 0.0000, 0.0000]])
tensor([[-0.6361,  1.0000,  0.0000,  0.0000,  0.0000,  0.0000]])
tensor([[-0.8483,  1.0000,  0.0000,  0.0000,  0.0000,  0.0000]])
tensor([[0.3659, 1.0000, 0.0000, 0.0000, 0.0000, 0.0000]])
tensor([[0.3564, 1.0000, 0.0000, 0.0000, 0.0000, 0.0000]])
tensor([[0.3784, 1.0000, 0.0000, 0.0000, 0.0000, 0.0000]])
tensor([[0.3135, 1.0000, 0.0000, 0.0000, 0.0000, 0.0000]])
tensor([[-0.9088,  1.0000,  0.0000,  0.0000,  0.0000,  0.0000]])
tensor([[0.3941, 1.0000, 0.0000, 0.0000, 0.0000, 0.0000]])
tensor([[-0.6052,  1.0000,  0.0000,  0.0000,  0.0000,  0.0000]])
tensor([[0.4234, 1.0000, 0.0000, 0.0000, 0.0000, 0.0000]])
tensor([[0.0929, 1.0000, 0.0000, 0.0000, 0.0000, 0.0000]])
tensor([[0.0756, 1.0000, 0.0000, 0.0000, 0.0000, 0.0000]])
tensor([[0.2152, 1.0000, 0.0000, 0.0000, 0.0000, 0.0000]])
tensor([[-0.7983,  1.0000,  0.0000,  0.0000,  0.0000,  0.0000]])
tensor([[-0.3569,  1.0000,  0.0000,  0.0000,  0.0000,  0.0000]])
tensor([[-0.6004,  1.0000,  0.0000,  0.0000,  0.0000,  0.0000]])
tensor([[-0.3812,  1.0000,  0.0000,  0.0000,  0.0000,  0.0000]])
tensor([[0.9356, 1.0000, 0.0000, 0.0000, 0.0000, 0.0000]])
tensor([[-0.0547,  1.0000,  0.0000,  0.0000,  0.0000,  0.0000]])
tensor([[0.2540, 1.0000, 0.0000, 0.0000, 0.0000, 0.0000]])
tensor([[-0.4971,  1.0000,  0.0000,  0.0000,  0.0000,  0.0000]])
tensor([[0.4433, 1.0000, 0.0000, 0.0000, 0.0000, 0.0000]])
tensor([[0.2844, 1.0000, 0.0000, 0.0000, 0.0000, 0.0000]])
tensor([[-0.5395,  1.0000,  1.0000,  0.0000,  0.0000,  0.0000]])
tensor([[0.8227, 1.0000, 0.0000, 0.0000, 0.0000, 0.0000]])
tensor([[0.3329, 1.0000, 0.0000, 0.0000, 0.0000, 0.0000]])
tensor([[0.4614, 1.0000, 0.0000, 0.0000, 0.0000, 0.0000]])
tensor([[0.0018, 1.0000, 0.0000, 0.0000, 0.0000, 0.0000]])
tensor([[-0.7993,  1.0000,  0.0000,  0.0000,  0.0000,  0.0000]])
tensor([[-0.6891,  1.0000,  0.0000,  0.0000,  0.0000,  0.0000]])
tensor([[0.8741, 1.0000, 0.0000, 0.0000, 0.0000, 0.0000]])
tensor([[0.3848, 1.0000, 0.0000, 0.0000, 0.0000, 0.0000]])
tensor([[0.1676, 1.0000, 0.0000, 0.0000, 0.0000, 0.0000]])
tensor([[0.1478, 1.0000, 0.0000, 0.0000, 0.0000, 0.0000]])
tensor([[-0.1434,  1.0000,  0.0000,  0.0000,  0.0000,  0.0000]])
tensor([[-0.8532,  1.0000,  0.0000,  0.0000,  0.0000,  0.0000]])
tensor([[-0.0726,  1.0000,  0.0000,  0.0000,  0.0000,  0.0000]])
tensor([[0.8969, 1.0000, 0.0000, 0.0000, 0.0000, 0.0000]])
tensor([[0.6810, 1.0000, 0.0000, 0.0000, 0.0000, 0.0000]])
tensor([[-0.2035,  1.0000,  0.0000,  0.0000,  0.0000,  0.0000]])
tensor([[0.1094, 1.0000, 0.0000, 0.0000, 0.0000, 0.0000]])
tensor([[0.7256, 1.0000, 0.0000, 0.0000, 0.0000, 0.0000]])
tensor([[0.2292, 1.0000, 0.0000, 0.0000, 0.0000, 0.0000]])
tensor([[0.2790, 1.0000, 0.0000, 0.0000, 0.0000, 0.0000]])
tensor([[-0.4038,  1.0000,  0.0000,  0.0000,  0.0000,  0.0000]])
tensor([[-0.2773,  1.0000,  0.0000,  0.0000,  0.0000,  0.0000]])
tensor([[0.6799, 1.0000, 0.0000, 0.0000, 0.0000, 0.0000]])
tensor([[-0.2706,  1.0000,  0.0000,  0.0000,  0.0000,  0.0000]])
tensor([[-0.8585,  1.0000,  0.0000,  0.0000,  0.0000,  0.0000]])
tensor([[-0.0943,  1.0000,  0.0000,  0.0000,  0.0000,  0.0000]])
tensor([[-0.8337,  1.0000,  0.0000,  0.0000,  0.0000,  0.0000]])
tensor([[0.6418, 1.0000, 0.0000, 0.0000, 0.0000, 0.0000]])
tensor([[-0.1272,  1.0000,  0.0000,  0.0000,  0.0000,  0.0000]])
tensor([[0.5295, 1.0000, 0.0000, 0.0000, 0.0000, 0.0000]])
tensor([[-0.7584,  1.0000,  0.0000,  0.0000,  0.0000,  0.0000]])
tensor([[0.6237, 1.0000, 0.0000, 0.0000, 0.0000, 0.0000]])
tensor([[0.6546, 1.0000, 0.0000, 0.0000, 0.0000, 0.0000]])
tensor([[-0.7785,  1.0000,  0.0000,  0.0000,  0.0000,  0.0000]])
tensor([[0.7438, 1.0000, 0.0000, 0.0000, 0.0000, 0.0000]])
tensor([[0.2859, 1.0000, 0.0000, 0.0000, 0.0000, 0.0000]])
tensor([[0.6675, 1.0000, 0.0000, 0.0000, 0.0000, 0.0000]])
tensor([[0.4199, 1.0000, 0.0000, 0.0000, 0.0000, 0.0000]])
tensor([[-0.7676,  1.0000,  0.0000,  0.0000,  0.0000,  0.0000]])
tensor([[-0.9877,  1.0000,  0.0000,  0.0000,  0.0000,  0.0000]])
tensor([[-0.3280,  1.0000,  0.0000,  0.0000,  0.0000,  0.0000]])
tensor([[0.4862, 1.0000, 0.0000, 0.0000, 0.0000, 0.0000]])
tensor([[-0.6626,  1.0000,  0.0000,  0.0000,  0.0000,  0.0000]])
tensor([[0.1486, 1.0000, 0.0000, 0.0000, 0.0000, 0.0000]])
tensor([[-0.1371,  1.0000,  0.0000,  0.0000,  0.0000,  0.0000]])
tensor([[0.3001, 1.0000, 0.0000, 0.0000, 0.0000, 0.0000]])
tensor([[0.2205, 1.0000, 0.0000, 0.0000, 0.0000, 0.0000]])
tensor([[0.6363, 1.0000, 0.0000, 0.0000, 0.0000, 0.0000]])
tensor([[-0.1649,  1.0000,  0.0000,  0.0000,  0.0000,  0.0000]])
tensor([[0.3887, 1.0000, 0.0000, 0.0000, 0.0000, 0.0000]])
tensor([[0.8792, 1.0000, 0.0000, 0.0000, 0.0000, 0.0000]])
tensor([[-0.3570,  1.0000,  0.0000,  0.0000,  0.0000,  0.0000]])
tensor([[-0.1348,  1.0000,  0.0000,  0.0000,  0.0000,  0.0000]])
tensor([[-0.9542,  1.0000,  0.0000,  0.0000,  0.0000,  0.0000]])
tensor([[-0.0701,  1.0000,  0.0000,  0.0000,  0.0000,  0.0000]])
tensor([[-0.2675,  1.0000,  0.0000,  0.0000,  0.0000,  0.0000]])
tensor([[-0.2761,  1.0000,  0.0000,  0.0000,  0.0000,  0.0000]])
tensor([[-0.7693,  1.0000,  0.0000,  0.0000,  0.0000,  0.0000]])
tensor([[-0.7715,  1.0000,  0.0000,  0.0000,  0.0000,  0.0000]])
tensor([[-0.6532,  1.0000,  0.0000,  0.0000,  0.0000,  0.0000]])
tensor([[-0.5224,  1.0000,  0.0000,  0.0000,  0.0000,  0.0000]])
tensor([[-0.1476,  1.0000,  0.0000,  0.0000,  0.0000,  0.0000]])
tensor([[-0.3803,  1.0000,  0.0000,  0.0000,  0.0000,  0.0000]])
tensor([[0.4387, 1.0000, 0.0000, 0.0000, 0.0000, 0.0000]])
tensor([[-0.0292,  1.0000,  0.0000,  0.0000,  0.0000,  0.0000]])
tensor([[0.6742, 1.0000, 0.0000, 0.0000, 0.0000, 0.0000]])
tensor([[-0.7367,  1.0000,  0.0000,  0.0000,  0.0000,  0.0000]])
tensor([[-0.6250,  1.0000,  0.0000,  0.0000,  0.0000,  0.0000]])
tensor([[-0.7482,  1.0000,  0.0000,  0.0000,  0.0000,  0.0000]])
tensor([[-0.4270,  1.0000,  0.0000,  0.0000,  0.0000,  0.0000]])
tensor([[0.8649, 1.0000, 0.0000, 0.0000, 0.0000, 0.0000]])
tensor([[-0.8794,  1.0000,  0.0000,  0.0000,  0.0000,  0.0000]])
tensor([[0.4391, 1.0000, 0.0000, 0.0000, 0.0000, 0.0000]])
tensor([[-0.8365,  1.0000,  0.0000,  0.0000,  0.0000,  0.0000]])
tensor([[0.3563, 1.0000, 0.0000, 0.0000, 0.0000, 0.0000]])
tensor([[0.3828, 1.0000, 0.0000, 0.0000, 0.0000, 0.0000]])
tensor([[-0.6088,  1.0000,  0.0000,  0.0000,  0.0000,  0.0000]])
tensor([[-0.0955,  1.0000,  0.0000,  0.0000,  0.0000,  0.0000]])
tensor([[-0.7661,  1.0000,  0.0000,  0.0000,  0.0000,  0.0000]])
tensor([[0.0974, 1.0000, 0.0000, 0.0000, 0.0000, 0.0000]])
tensor([[0.5873, 1.0000, 0.0000, 0.0000, 0.0000, 0.0000]])
tensor([[-0.5550,  1.0000,  0.0000,  0.0000,  0.0000,  0.0000]])
tensor([[0.6554, 1.0000, 0.0000, 0.0000, 0.0000, 0.0000]])
tensor([[0.6942, 1.0000, 0.0000, 0.0000, 0.0000, 0.0000]])
tensor([[-0.7789,  1.0000,  0.0000,  0.0000,  0.0000,  0.0000]])
tensor([[0.7183, 1.0000, 0.0000, 0.0000, 0.0000, 0.0000]])
tensor([[0.4591, 1.0000, 0.0000, 0.0000, 0.0000, 0.0000]])
tensor([[-0.6600,  1.0000,  0.0000,  0.0000,  0.0000,  0.0000]])
tensor([[0.2274, 1.0000, 0.0000, 0.0000, 0.0000, 0.0000]])
tensor([[0.6014, 1.0000, 0.0000, 0.0000, 0.0000, 0.0000]])
tensor([[-0.3256,  1.0000,  0.0000,  0.0000,  0.0000,  0.0000]])
tensor([[-0.6347,  1.0000,  0.0000,  0.0000,  0.0000,  0.0000]])
tensor([[-0.7249,  1.0000,  0.0000,  0.0000,  0.0000,  0.0000]])
tensor([[0.5990, 1.0000, 0.0000, 0.0000, 0.0000, 0.0000]])
tensor([[-0.8734,  1.0000,  0.0000,  0.0000,  0.0000,  0.0000]])
tensor([[-0.5668,  1.0000,  0.0000,  0.0000,  0.0000,  0.0000]])
tensor([[-0.1302,  1.0000,  1.0000,  0.0000,  0.0000,  0.0000]])
tensor([[-0.5155,  1.0000,  0.0000,  0.0000,  0.0000,  0.0000]])
tensor([[-0.5956,  1.0000,  0.0000,  0.0000,  0.0000,  0.0000]])
tensor([[-0.2908,  1.0000,  0.0000,  0.0000,  0.0000,  0.0000]])
tensor([[-0.8060,  1.0000,  0.0000,  0.0000,  0.0000,  0.0000]])
tensor([[0.2415, 1.0000, 0.0000, 0.0000, 0.0000, 0.0000]])
tensor([[0.8913, 1.0000, 0.0000, 0.0000, 0.0000, 0.0000]])
tensor([[-0.0901,  1.0000,  0.0000,  0.0000,  0.0000,  0.0000]])
tensor([[0.9253, 1.0000, 0.0000, 0.0000, 0.0000, 0.0000]])
tensor([[0.8696, 1.0000, 0.0000, 0.0000, 0.0000, 0.0000]])
tensor([[0.2624, 1.0000, 0.0000, 0.0000, 0.0000, 0.0000]])
tensor([[0.4084, 1.0000, 0.0000, 0.0000, 0.0000, 0.0000]])
tensor([[0.7255, 1.0000, 0.0000, 0.0000, 0.0000, 0.0000]])
tensor([[-0.7223,  1.0000,  0.0000,  0.0000,  0.0000,  0.0000]])
tensor([[0.5390, 1.0000, 0.0000, 0.0000, 0.0000, 0.0000]])
tensor([[0.2543, 1.0000, 0.0000, 0.0000, 0.0000, 0.0000]])
tensor([[-0.0922,  1.0000,  0.0000,  0.0000,  0.0000,  0.0000]])
tensor([[-0.7636,  0.0000,  0.0000,  0.0000,  0.0000,  0.0000]])
tensor([[-0.7863,  1.0000,  0.0000,  0.0000,  0.0000,  0.0000]])
tensor([[-0.5356,  1.0000,  0.0000,  0.0000,  0.0000,  0.0000]])
tensor([[-0.8493,  1.0000,  0.0000,  0.0000,  0.0000,  0.0000]])
tensor([[0.7868, 1.0000, 0.0000, 0.0000, 0.0000, 0.0000]])
tensor([[0.2554, 1.0000, 0.0000, 0.0000, 0.0000, 0.0000]])
tensor([[0.3718, 1.0000, 0.0000, 0.0000, 0.0000, 0.0000]])
tensor([[0.4715, 1.0000, 0.0000, 0.0000, 0.0000, 0.0000]])
tensor([[-0.0994,  1.0000,  0.0000,  0.0000,  0.0000,  0.0000]])
tensor([[0.3662, 1.0000, 0.0000, 0.0000, 0.0000, 0.0000]])
tensor([[-0.4664,  1.0000,  0.0000,  0.0000,  0.0000,  0.0000]])
tensor([[-0.2513,  1.0000,  0.0000,  0.0000,  0.0000,  0.0000]])
tensor([[-0.2136,  1.0000,  0.0000,  0.0000,  0.0000,  0.0000]])
tensor([[0.4562, 1.0000, 0.0000, 0.0000, 0.0000, 0.0000]])
tensor([[0.1396, 1.0000, 0.0000, 0.0000, 0.0000, 0.0000]])
tensor([[-0.1850,  1.0000,  0.0000,  0.0000,  0.0000,  0.0000]])
tensor([[0.7753, 1.0000, 0.0000, 0.0000, 0.0000, 0.0000]])
tensor([[0.2276, 1.0000, 0.0000, 0.0000, 0.0000, 0.0000]])
tensor([[-0.2269,  1.0000,  0.0000,  0.0000,  0.0000,  0.0000]])
tensor([[0.7991, 1.0000, 0.0000, 0.0000, 0.0000, 0.0000]])
tensor([[-0.2981,  1.0000,  0.0000,  0.0000,  0.0000,  0.0000]])
tensor([[0.4900, 1.0000, 0.0000, 0.0000, 0.0000, 0.0000]])
tensor([[0.6399, 1.0000, 0.0000, 0.0000, 0.0000, 0.0000]])
tensor([[0.8787, 1.0000, 0.0000, 0.0000, 0.0000, 0.0000]])
tensor([[0.0513, 1.0000, 0.0000, 0.0000, 0.0000, 0.0000]])
tensor([[0.2820, 1.0000, 0.0000, 0.0000, 0.0000, 0.0000]])
tensor([[-0.2932,  1.0000,  0.0000,  0.0000,  0.0000,  0.0000]])
tensor([[-0.2223,  1.0000,  0.0000,  0.0000,  0.0000,  0.0000]])
tensor([[-0.5550,  1.0000,  0.0000,  0.0000,  0.0000,  0.0000]])
tensor([[-0.8384,  1.0000,  0.0000,  0.0000,  0.0000,  0.0000]])
tensor([[0.1213, 1.0000, 0.0000, 0.0000, 0.0000, 0.0000]])
tensor([[0.6760, 1.0000, 0.0000, 0.0000, 0.0000, 0.0000]])
tensor([[-0.3532,  1.0000,  0.0000,  0.0000,  0.0000,  0.0000]])
tensor([[0.0989, 1.0000, 0.0000, 0.0000, 0.0000, 0.0000]])
tensor([[-0.1794,  1.0000,  0.0000,  0.0000,  0.0000,  0.0000]])
tensor([[0.7698, 1.0000, 0.0000, 0.0000, 0.0000, 0.0000]])
tensor([[0.2379, 1.0000, 0.0000, 0.0000, 0.0000, 0.0000]])
tensor([[0.1687, 1.0000, 0.0000, 0.0000, 0.0000, 0.0000]])
tensor([[0.4559, 1.0000, 0.0000, 0.0000, 0.0000, 0.0000]])
tensor([[0.9586, 1.0000, 0.0000, 0.0000, 0.0000, 0.0000]])
tensor([[-0.2870,  1.0000,  0.0000,  0.0000,  0.0000,  0.0000]])
tensor([[-0.2988,  1.0000,  0.0000,  0.0000,  0.0000,  0.0000]])
tensor([[-0.5725,  1.0000,  0.0000,  0.0000,  0.0000,  0.0000]])
tensor([[0.1949, 1.0000, 0.0000, 0.0000, 0.0000, 0.0000]])
tensor([[0.7678, 1.0000, 0.0000, 0.0000, 0.0000, 0.0000]])
tensor([[-0.4614,  1.0000,  0.0000,  0.0000,  0.0000,  0.0000]])
tensor([[-0.2539,  1.0000,  0.0000,  0.0000,  0.0000,  0.0000]])
tensor([[0.0291, 1.0000, 0.0000, 0.0000, 0.0000, 0.0000]])
tensor([[0.7834, 1.0000, 0.0000, 0.0000, 0.0000, 0.0000]])
tensor([[-0.8967,  1.0000,  0.0000,  0.0000,  0.0000,  0.0000]])
tensor([[0.2410, 1.0000, 0.0000, 0.0000, 0.0000, 0.0000]])
tensor([[0.1505, 1.0000, 0.0000, 0.0000, 0.0000, 0.0000]])
tensor([[-0.5440,  1.0000,  0.0000,  0.0000,  0.0000,  0.0000]])
tensor([[0.7771, 1.0000, 0.0000, 0.0000, 0.0000, 0.0000]])
tensor([[-0.2766,  1.0000,  0.0000,  0.0000,  0.0000,  0.0000]])
tensor([[0.6136, 1.0000, 0.0000, 0.0000, 0.0000, 0.0000]])
tensor([[0.9365, 1.0000, 0.0000, 0.0000, 0.0000, 0.0000]])
tensor([[0.4382, 1.0000, 0.0000, 0.0000, 0.0000, 0.0000]])
tensor([[0.0317, 1.0000, 0.0000, 0.0000, 0.0000, 0.0000]])
tensor([[-0.5515,  1.0000,  0.0000,  0.0000,  0.0000,  0.0000]])
tensor([[0.6464, 1.0000, 0.0000, 0.0000, 0.0000, 0.0000]])
tensor([[0.1440, 1.0000, 0.0000, 0.0000, 0.0000, 0.0000]])
tensor([[-0.5316,  1.0000,  0.0000,  0.0000,  0.0000,  0.0000]])
tensor([[0.1511, 1.0000, 0.0000, 0.0000, 0.0000, 0.0000]])
tensor([[-0.6627,  1.0000,  0.0000,  0.0000,  0.0000,  0.0000]])
tensor([[0.0776, 1.0000, 0.0000, 0.0000, 0.0000, 0.0000]])
tensor([[-0.8027,  1.0000,  0.0000,  0.0000,  0.0000,  0.0000]])
tensor([[-0.3426,  1.0000,  0.0000,  0.0000,  0.0000,  0.0000]])
tensor([[0.4870, 1.0000, 0.0000, 0.0000, 0.0000, 0.0000]])
tensor([[-0.1243,  1.0000,  0.0000,  0.0000,  0.0000,  0.0000]])
tensor([[0.0269, 1.0000, 0.0000, 0.0000, 0.0000, 0.0000]])
tensor([[0.0361, 1.0000, 0.0000, 0.0000, 0.0000, 0.0000]])
tensor([[-0.9532,  1.0000,  0.0000,  0.0000,  0.0000,  0.0000]])
tensor([[0.6248, 1.0000, 0.0000, 0.0000, 0.0000, 0.0000]])
tensor([[-0.2495,  1.0000,  0.0000,  0.0000,  0.0000,  0.0000]])
tensor([[-0.5107,  1.0000,  0.0000,  0.0000,  0.0000,  0.0000]])
tensor([[-0.7027,  1.0000,  0.0000,  0.0000,  0.0000,  0.0000]])
tensor([[-0.8528,  1.0000,  0.0000,  0.0000,  0.0000,  0.0000]])
tensor([[0.0329, 1.0000, 0.0000, 0.0000, 0.0000, 0.0000]])
tensor([[-0.8361,  1.0000,  0.0000,  0.0000,  0.0000,  0.0000]])
tensor([[0.6060, 1.0000, 0.0000, 0.0000, 0.0000, 0.0000]])
tensor([[-0.8399,  1.0000,  0.0000,  0.0000,  0.0000,  0.0000]])
tensor([[-0.5870,  1.0000,  0.0000,  0.0000,  0.0000,  0.0000]])
tensor([[0.2094, 1.0000, 0.0000, 0.0000, 0.0000, 0.0000]])
tensor([[-0.1407,  1.0000,  0.0000,  0.0000,  0.0000,  0.0000]])
tensor([[0.1620, 1.0000, 0.0000, 0.0000, 0.0000, 0.0000]])
tensor([[-0.0581,  1.0000,  0.0000,  0.0000,  0.0000,  0.0000]])
tensor([[0.0330, 1.0000, 0.0000, 0.0000, 0.0000, 0.0000]])
tensor([[0.3861, 1.0000, 0.0000, 0.0000, 0.0000, 0.0000]])
tensor([[-0.8625,  1.0000,  0.0000,  0.0000,  0.0000,  0.0000]])
tensor([[-0.1695,  1.0000,  0.0000,  0.0000,  0.0000,  0.0000]])
tensor([[0.5270, 1.0000, 0.0000, 0.0000, 0.0000, 0.0000]])
tensor([[-0.9447,  1.0000,  0.0000,  0.0000,  0.0000,  0.0000]])
tensor([[-0.3470,  1.0000,  0.0000,  0.0000,  0.0000,  0.0000]])
tensor([[-0.1144,  1.0000,  0.0000,  0.0000,  0.0000,  0.0000]])
tensor([[-0.0443,  1.0000,  0.0000,  0.0000,  0.0000,  0.0000]])
tensor([[0.2993, 1.0000, 0.0000, 0.0000, 0.0000, 0.0000]])
tensor([[-0.7100,  1.0000,  0.0000,  0.0000,  0.0000,  0.0000]])
tensor([[-0.6483,  1.0000,  0.0000,  0.0000,  0.0000,  0.0000]])
tensor([[0.5336, 1.0000, 0.0000, 0.0000, 0.0000, 0.0000]])
tensor([[0.1195, 1.0000, 0.0000, 0.0000, 0.0000, 0.0000]])
tensor([[-0.5655,  1.0000,  0.0000,  0.0000,  0.0000,  0.0000]])
tensor([[-0.3347,  1.0000,  0.0000,  0.0000,  0.0000,  0.0000]])
tensor([[0.3888, 1.0000, 0.0000, 0.0000, 0.0000, 0.0000]])
tensor([[0.8679, 1.0000, 0.0000, 0.0000, 0.0000, 0.0000]])
tensor([[-0.5071,  1.0000,  0.0000,  0.0000,  0.0000,  0.0000]])
tensor([[-0.2813,  1.0000,  0.0000,  0.0000,  0.0000,  0.0000]])
tensor([[-0.7036,  1.0000,  0.0000,  0.0000,  0.0000,  0.0000]])
tensor([[-0.3348,  1.0000,  0.0000,  0.0000,  0.0000,  0.0000]])
tensor([[0.0032, 1.0000, 0.0000, 0.0000, 0.0000, 0.0000]])
tensor([[-0.7905,  1.0000,  0.0000,  0.0000,  0.0000,  0.0000]])
tensor([[-0.1524,  1.0000,  0.0000,  0.0000,  0.0000,  0.0000]])
tensor([[0.5301, 1.0000, 0.0000, 0.0000, 0.0000, 0.0000]])
tensor([[-0.8189,  1.0000,  0.0000,  0.0000,  0.0000,  0.0000]])
tensor([[-0.0632,  1.0000,  0.0000,  0.0000,  0.0000,  0.0000]])
tensor([[-0.5945,  1.0000,  0.0000,  0.0000,  0.0000,  0.0000]])
tensor([[0.8818, 1.0000, 0.0000, 0.0000, 0.0000, 0.0000]])
tensor([[0.1256, 1.0000, 0.0000, 0.0000, 0.0000, 0.0000]])
tensor([[0.1180, 1.0000, 0.0000, 0.0000, 0.0000, 0.0000]])
tensor([[0.8526, 1.0000, 0.0000, 0.0000, 0.0000, 0.0000]])
tensor([[-0.2753,  1.0000,  0.0000,  0.0000,  0.0000,  0.0000]])
tensor([[-0.3691,  1.0000,  0.0000,  0.0000,  0.0000,  0.0000]])
tensor([[-0.5393,  1.0000,  0.0000,  0.0000,  0.0000,  0.0000]])
tensor([[0.5684, 1.0000, 0.0000, 0.0000, 0.0000, 0.0000]])
tensor([[0.7917, 1.0000, 0.0000, 0.0000, 0.0000, 0.0000]])
tensor([[0.0768, 1.0000, 0.0000, 0.0000, 0.0000, 0.0000]])
tensor([[-0.8390,  1.0000,  0.0000,  0.0000,  0.0000,  0.0000]])
tensor([[0.2238, 1.0000, 0.0000, 0.0000, 0.0000, 0.0000]])
tensor([[-0.7552,  1.0000,  0.0000,  0.0000,  0.0000,  0.0000]])
tensor([[-0.2581,  1.0000,  0.0000,  0.0000,  0.0000,  0.0000]])
tensor([[0.8199, 1.0000, 0.0000, 0.0000, 0.0000, 0.0000]])
tensor([[0.8155, 1.0000, 0.0000, 0.0000, 0.0000, 0.0000]])
tensor([[0.8076, 1.0000, 0.0000, 0.0000, 0.0000, 0.0000]])
tensor([[0.8502, 1.0000, 0.0000, 0.0000, 0.0000, 0.0000]])
tensor([[-0.5441,  1.0000,  0.0000,  0.0000,  0.0000,  0.0000]])
tensor([[0.2103, 1.0000, 0.0000, 0.0000, 0.0000, 0.0000]])
tensor([[-0.8142,  1.0000,  0.0000,  0.0000,  0.0000,  0.0000]])
tensor([[0.5139, 1.0000, 0.0000, 0.0000, 0.0000, 0.0000]])
tensor([[0.7061, 1.0000, 0.0000, 0.0000, 0.0000, 0.0000]])
tensor([[0.4421, 1.0000, 0.0000, 0.0000, 0.0000, 0.0000]])
tensor([[-0.2041,  1.0000,  0.0000,  0.0000,  0.0000,  0.0000]])
tensor([[-0.8206,  1.0000,  0.0000,  0.0000,  0.0000,  0.0000]])
tensor([[-0.5923,  1.0000,  0.0000,  0.0000,  0.0000,  0.0000]])
tensor([[-0.9452,  1.0000,  0.0000,  0.0000,  0.0000,  0.0000]])
tensor([[-0.9769,  1.0000,  0.0000,  0.0000,  0.0000,  0.0000]])
tensor([[-0.2346,  1.0000,  0.0000,  0.0000,  0.0000,  0.0000]])
tensor([[0.5517, 1.0000, 0.0000, 0.0000, 0.0000, 0.0000]])
tensor([[0.8978, 1.0000, 0.0000, 0.0000, 0.0000, 0.0000]])
tensor([[0.5431, 1.0000, 0.0000, 0.0000, 0.0000, 0.0000]])
tensor([[0.6188, 1.0000, 0.0000, 0.0000, 0.0000, 0.0000]])
tensor([[0.3315, 1.0000, 0.0000, 0.0000, 0.0000, 0.0000]])
tensor([[0.4940, 1.0000, 0.0000, 0.0000, 0.0000, 0.0000]])
tensor([[0.2834, 1.0000, 0.0000, 0.0000, 0.0000, 0.0000]])
tensor([[0.4056, 1.0000, 0.0000, 0.0000, 0.0000, 0.0000]])
tensor([[-0.6719,  1.0000,  0.0000,  0.0000,  0.0000,  0.0000]])
tensor([[-0.1273,  1.0000,  0.0000,  0.0000,  0.0000,  0.0000]])
tensor([[0.4399, 1.0000, 0.0000, 0.0000, 0.0000, 0.0000]])
tensor([[-0.5527,  1.0000,  0.0000,  0.0000,  0.0000,  0.0000]])
tensor([[-0.0325,  1.0000,  0.0000,  0.0000,  0.0000,  0.0000]])
tensor([[0.6857, 1.0000, 0.0000, 0.0000, 0.0000, 0.0000]])
tensor([[0.0532, 1.0000, 0.0000, 0.0000, 0.0000, 0.0000]])
tensor([[0.7515, 1.0000, 0.0000, 0.0000, 0.0000, 0.0000]])
tensor([[0.8662, 1.0000, 0.0000, 0.0000, 0.0000, 0.0000]])
tensor([[0.3909, 1.0000, 0.0000, 0.0000, 0.0000, 0.0000]])
tensor([[-0.7335,  1.0000,  0.0000,  0.0000,  0.0000,  0.0000]])
tensor([[0.8892, 1.0000, 0.0000, 0.0000, 0.0000, 0.0000]])
tensor([[0.7097, 1.0000, 0.0000, 0.0000, 0.0000, 0.0000]])
tensor([[-0.0251,  1.0000,  0.0000,  0.0000,  0.0000,  0.0000]])
tensor([[0.3649, 1.0000, 0.0000, 0.0000, 0.0000, 0.0000]])
tensor([[0.7216, 1.0000, 0.0000, 0.0000, 0.0000, 0.0000]])
tensor([[-0.2372,  1.0000,  0.0000,  0.0000,  0.0000,  0.0000]])
tensor([[0.8385, 1.0000, 0.0000, 0.0000, 0.0000, 0.0000]])
tensor([[0.2272, 1.0000, 0.0000, 0.0000, 0.0000, 0.0000]])
tensor([[-0.4385,  1.0000,  0.0000,  0.0000,  0.0000,  0.0000]])
tensor([[-0.7194,  1.0000,  0.0000,  0.0000,  0.0000,  0.0000]])
tensor([[0.8815, 1.0000, 0.0000, 0.0000, 0.0000, 0.0000]])
tensor([[-0.3244,  1.0000,  0.0000,  0.0000,  0.0000,  0.0000]])
tensor([[0.2578, 1.0000, 0.0000, 0.0000, 0.0000, 0.0000]])
tensor([[-0.6981,  1.0000,  0.0000,  0.0000,  0.0000,  0.0000]])
tensor([[0.1289, 1.0000, 0.0000, 0.0000, 0.0000, 0.0000]])
tensor([[-0.0374,  1.0000,  0.0000,  0.0000,  0.0000,  0.0000]])
tensor([[0.4874, 1.0000, 0.0000, 0.0000, 0.0000, 0.0000]])
tensor([[-0.4619,  1.0000,  0.0000,  0.0000,  0.0000,  0.0000]])
tensor([[0.4786, 1.0000, 0.0000, 0.0000, 0.0000, 0.0000]])
tensor([[-0.2255,  1.0000,  0.0000,  0.0000,  0.0000,  0.0000]])
tensor([[-0.8732,  1.0000,  0.0000,  0.0000,  0.0000,  0.0000]])
tensor([[-0.8739,  1.0000,  0.0000,  0.0000,  0.0000,  0.0000]])
tensor([[0.0261, 1.0000, 0.0000, 0.0000, 0.0000, 0.0000]])
tensor([[-0.9352,  0.0000,  1.0000,  0.0000,  0.0000,  0.0000]])
tensor([[-0.2788,  1.0000,  0.0000,  0.0000,  0.0000,  0.0000]])
tensor([[-0.1718,  1.0000,  0.0000,  0.0000,  0.0000,  0.0000]])
tensor([[0.8613, 1.0000, 0.0000, 0.0000, 0.0000, 0.0000]])
tensor([[-0.3242,  1.0000,  0.0000,  0.0000,  0.0000,  0.0000]])
tensor([[-0.8159,  1.0000,  0.0000,  0.0000,  0.0000,  0.0000]])
tensor([[0.3719, 1.0000, 0.0000, 0.0000, 0.0000, 0.0000]])
tensor([[-0.0684,  1.0000,  0.0000,  0.0000,  0.0000,  0.0000]])
tensor([[-0.7037,  1.0000,  0.0000,  0.0000,  0.0000,  0.0000]])
tensor([[0.6594, 1.0000, 0.0000, 0.0000, 0.0000, 0.0000]])
tensor([[-0.8383,  1.0000,  0.0000,  0.0000,  0.0000,  0.0000]])
tensor([[-0.2164,  1.0000,  0.0000,  0.0000,  0.0000,  0.0000]])
tensor([[0.1507, 1.0000, 0.0000, 0.0000, 0.0000, 0.0000]])
tensor([[0.7958, 1.0000, 0.0000, 0.0000, 0.0000, 0.0000]])
tensor([[-0.0459,  1.0000,  0.0000,  0.0000,  0.0000,  0.0000]])
tensor([[0.2264, 1.0000, 0.0000, 0.0000, 0.0000, 0.0000]])
tensor([[-0.8099,  1.0000,  0.0000,  0.0000,  0.0000,  0.0000]])
tensor([[0.4020, 1.0000, 0.0000, 0.0000, 0.0000, 0.0000]])
tensor([[0.5602, 1.0000, 0.0000, 0.0000, 0.0000, 0.0000]])
tensor([[0.6927, 1.0000, 0.0000, 0.0000, 0.0000, 0.0000]])
tensor([[-0.8614,  1.0000,  0.0000,  0.0000,  0.0000,  0.0000]])
tensor([[0.3954, 1.0000, 0.0000, 0.0000, 0.0000, 0.0000]])
tensor([[-0.5346,  1.0000,  0.0000,  0.0000,  0.0000,  0.0000]])
tensor([[-0.8641,  1.0000,  0.0000,  0.0000,  0.0000,  0.0000]])
tensor([[0.7834, 1.0000, 0.0000, 0.0000, 0.0000, 0.0000]])
tensor([[0.7824, 1.0000, 0.0000, 0.0000, 0.0000, 0.0000]])
tensor([[0.3900, 1.0000, 0.0000, 0.0000, 0.0000, 0.0000]])
tensor([[0.7674, 1.0000, 0.0000, 0.0000, 0.0000, 0.0000]])
tensor([[0.6763, 1.0000, 0.0000, 0.0000, 0.0000, 0.0000]])
tensor([[0.8556, 1.0000, 0.0000, 0.0000, 0.0000, 0.0000]])
tensor([[0.7335, 1.0000, 0.0000, 0.0000, 0.0000, 0.0000]])
tensor([[-0.8729,  1.0000,  0.0000,  0.0000,  0.0000,  0.0000]])
tensor([[0.1888, 1.0000, 0.0000, 0.0000, 0.0000, 0.0000]])
tensor([[0.6531, 1.0000, 0.0000, 0.0000, 0.0000, 0.0000]])
tensor([[-0.6375,  1.0000,  0.0000,  0.0000,  0.0000,  0.0000]])
tensor([[-0.3150,  1.0000,  0.0000,  0.0000,  0.0000,  0.0000]])
tensor([[0.7199, 1.0000, 0.0000, 0.0000, 0.0000, 0.0000]])
tensor([[-0.1449,  1.0000,  0.0000,  0.0000,  0.0000,  0.0000]])
tensor([[0.8419, 1.0000, 0.0000, 0.0000, 0.0000, 0.0000]])
tensor([[-0.5104,  1.0000,  0.0000,  0.0000,  0.0000,  0.0000]])
tensor([[0.4249, 1.0000, 0.0000, 0.0000, 0.0000, 0.0000]])
tensor([[-0.1762,  1.0000,  0.0000,  0.0000,  0.0000,  0.0000]])
tensor([[-0.4795,  1.0000,  0.0000,  0.0000,  0.0000,  0.0000]])
tensor([[0.5824, 1.0000, 0.0000, 0.0000, 0.0000, 0.0000]])
tensor([[0.5978, 1.0000, 0.0000, 0.0000, 0.0000, 0.0000]])
tensor([[0.7484, 1.0000, 0.0000, 0.0000, 0.0000, 0.0000]])
tensor([[-0.4839,  1.0000,  0.0000,  0.0000,  0.0000,  0.0000]])
tensor([[-0.0872,  1.0000,  0.0000,  0.0000,  0.0000,  0.0000]])
tensor([[-0.4980,  1.0000,  0.0000,  0.0000,  0.0000,  0.0000]])
tensor([[0.7952, 1.0000, 0.0000, 0.0000, 0.0000, 0.0000]])
tensor([[0.2603, 1.0000, 0.0000, 0.0000, 0.0000, 0.0000]])
tensor([[0.2444, 1.0000, 0.0000, 0.0000, 0.0000, 0.0000]])
tensor([[-0.8337,  1.0000,  0.0000,  0.0000,  0.0000,  0.0000]])
tensor([[-0.7424,  1.0000,  0.0000,  0.0000,  0.0000,  0.0000]])
tensor([[0.9610, 1.0000, 0.0000, 0.0000, 0.0000, 0.0000]])
tensor([[-0.8203,  1.0000,  0.0000,  0.0000,  0.0000,  0.0000]])
tensor([[-0.0508,  1.0000,  0.0000,  0.0000,  0.0000,  0.0000]])
tensor([[0.6399, 1.0000, 0.0000, 0.0000, 0.0000, 0.0000]])
tensor([[-0.7218,  1.0000,  0.0000,  0.0000,  0.0000,  0.0000]])
tensor([[0.1988, 1.0000, 0.0000, 0.0000, 0.0000, 0.0000]])
tensor([[0.4958, 1.0000, 0.0000, 0.0000, 0.0000, 0.0000]])
tensor([[0.2158, 1.0000, 0.0000, 0.0000, 0.0000, 0.0000]])
tensor([[0.4898, 1.0000, 0.0000, 0.0000, 0.0000, 0.0000]])
tensor([[0.5739, 1.0000, 0.0000, 0.0000, 0.0000, 0.0000]])
tensor([[-0.1288,  1.0000,  0.0000,  0.0000,  0.0000,  0.0000]])
tensor([[-0.2080,  1.0000,  0.0000,  0.0000,  0.0000,  0.0000]])
tensor([[0.5592, 1.0000, 0.0000, 0.0000, 0.0000, 0.0000]])
tensor([[-0.1082,  1.0000,  0.0000,  0.0000,  0.0000,  0.0000]])
tensor([[0.4279, 1.0000, 0.0000, 0.0000, 0.0000, 0.0000]])
tensor([[-0.9153,  1.0000,  0.0000,  0.0000,  0.0000,  0.0000]])
tensor([[0.9386, 1.0000, 0.0000, 0.0000, 0.0000, 0.0000]])
tensor([[0.5521, 1.0000, 0.0000, 0.0000, 0.0000, 0.0000]])
tensor([[0.6477, 1.0000, 0.0000, 0.0000, 0.0000, 0.0000]])
tensor([[0.0552, 1.0000, 0.0000, 0.0000, 0.0000, 0.0000]])
tensor([[-0.3594,  1.0000,  0.0000,  0.0000,  0.0000,  0.0000]])
tensor([[-0.4443,  1.0000,  0.0000,  0.0000,  0.0000,  0.0000]])
tensor([[0.7481, 1.0000, 0.0000, 0.0000, 0.0000, 0.0000]])
tensor([[0.3694, 1.0000, 0.0000, 0.0000, 0.0000, 0.0000]])
tensor([[-0.4967,  1.0000,  0.0000,  0.0000,  0.0000,  0.0000]])
tensor([[0.4929, 1.0000, 0.0000, 0.0000, 0.0000, 0.0000]])
tensor([[0.0870, 1.0000, 0.0000, 0.0000, 0.0000, 0.0000]])
tensor([[-0.5790,  1.0000,  0.0000,  0.0000,  0.0000,  0.0000]])
tensor([[-0.9454,  1.0000,  0.0000,  0.0000,  0.0000,  0.0000]])
tensor([[0.7191, 1.0000, 0.0000, 0.0000, 0.0000, 0.0000]])
tensor([[0.3910, 1.0000, 0.0000, 0.0000, 0.0000, 0.0000]])
tensor([[0.7808, 1.0000, 0.0000, 0.0000, 0.0000, 0.0000]])
tensor([[-0.1509,  1.0000,  0.0000,  0.0000,  0.0000,  0.0000]])
tensor([[-0.7923,  1.0000,  0.0000,  0.0000,  0.0000,  0.0000]])
tensor([[-0.7415,  1.0000,  0.0000,  0.0000,  0.0000,  0.0000]])
tensor([[-0.5141,  1.0000,  0.0000,  0.0000,  0.0000,  0.0000]])
tensor([[-0.6727,  1.0000,  0.0000,  0.0000,  0.0000,  0.0000]])
tensor([[0.5861, 1.0000, 0.0000, 0.0000, 0.0000, 0.0000]])
tensor([[-0.1988,  1.0000,  0.0000,  0.0000,  0.0000,  0.0000]])
tensor([[-0.5377,  1.0000,  0.0000,  0.0000,  0.0000,  0.0000]])
tensor([[-0.7665,  1.0000,  0.0000,  0.0000,  0.0000,  0.0000]])
tensor([[0.6123, 1.0000, 0.0000, 0.0000, 0.0000, 0.0000]])
tensor([[-0.8032,  1.0000,  0.0000,  0.0000,  0.0000,  0.0000]])
tensor([[-0.0621,  1.0000,  0.0000,  0.0000,  0.0000,  0.0000]])
tensor([[-0.2125,  1.0000,  0.0000,  0.0000,  0.0000,  0.0000]])
tensor([[0.3438, 1.0000, 0.0000, 0.0000, 0.0000, 0.0000]])
tensor([[-0.9751,  1.0000,  0.0000,  0.0000,  0.0000,  0.0000]])
tensor([[0.0119, 1.0000, 0.0000, 0.0000, 0.0000, 0.0000]])
tensor([[-0.7885,  1.0000,  0.0000,  0.0000,  0.0000,  0.0000]])
tensor([[0.4849, 1.0000, 0.0000, 0.0000, 0.0000, 0.0000]])
tensor([[-0.9855,  1.0000,  0.0000,  0.0000,  0.0000,  0.0000]])
tensor([[-0.2283,  1.0000,  0.0000,  0.0000,  0.0000,  0.0000]])
tensor([[0.0574, 1.0000, 0.0000, 0.0000, 0.0000, 0.0000]])
tensor([[-0.8777,  1.0000,  0.0000,  0.0000,  0.0000,  0.0000]])
tensor([[0.7962, 1.0000, 0.0000, 0.0000, 0.0000, 0.0000]])
tensor([[0.5450, 1.0000, 0.0000, 0.0000, 0.0000, 0.0000]])
tensor([[-0.3864,  1.0000,  0.0000,  0.0000,  0.0000,  0.0000]])
tensor([[0.9753, 1.0000, 0.0000, 0.0000, 0.0000, 0.0000]])
tensor([[0.8238, 1.0000, 0.0000, 0.0000, 0.0000, 0.0000]])
tensor([[-0.2910,  1.0000,  0.0000,  0.0000,  0.0000,  0.0000]])
tensor([[0.1509, 1.0000, 0.0000, 0.0000, 0.0000, 0.0000]])
tensor([[-0.0020,  1.0000,  0.0000,  0.0000,  0.0000,  0.0000]])
tensor([[0.6530, 1.0000, 0.0000, 0.0000, 0.0000, 0.0000]])
tensor([[0.5509, 1.0000, 0.0000, 0.0000, 0.0000, 0.0000]])
tensor([[-0.8147,  1.0000,  0.0000,  0.0000,  0.0000,  0.0000]])
tensor([[-0.9491,  1.0000,  0.0000,  0.0000,  0.0000,  0.0000]])
tensor([[-0.4426,  1.0000,  0.0000,  0.0000,  0.0000,  0.0000]])
tensor([[0.3887, 1.0000, 0.0000, 0.0000, 0.0000, 0.0000]])
tensor([[0.6296, 1.0000, 0.0000, 0.0000, 0.0000, 0.0000]])
tensor([[0.1967, 1.0000, 0.0000, 0.0000, 0.0000, 0.0000]])
tensor([[-0.9451,  1.0000,  0.0000,  0.0000,  0.0000,  0.0000]])
tensor([[-0.0917,  1.0000,  0.0000,  0.0000,  0.0000,  0.0000]])
tensor([[-0.1751,  1.0000,  0.0000,  0.0000,  0.0000,  0.0000]])
tensor([[0.8365, 1.0000, 0.0000, 0.0000, 0.0000, 0.0000]])
tensor([[0.8562, 1.0000, 0.0000, 0.0000, 0.0000, 0.0000]])
tensor([[0.4451, 1.0000, 0.0000, 0.0000, 0.0000, 0.0000]])
tensor([[0.6130, 1.0000, 0.0000, 0.0000, 0.0000, 0.0000]])
tensor([[-0.7583,  1.0000,  0.0000,  0.0000,  0.0000,  0.0000]])
tensor([[-0.2603,  1.0000,  0.0000,  0.0000,  0.0000,  0.0000]])
tensor([[0.8112, 1.0000, 0.0000, 0.0000, 0.0000, 0.0000]])
tensor([[0.6051, 1.0000, 0.0000, 0.0000, 0.0000, 0.0000]])
tensor([[0.2064, 1.0000, 0.0000, 0.0000, 0.0000, 0.0000]])
tensor([[0.4775, 1.0000, 0.0000, 0.0000, 0.0000, 0.0000]])
tensor([[0.7823, 1.0000, 0.0000, 0.0000, 0.0000, 0.0000]])
tensor([[0.6474, 1.0000, 0.0000, 0.0000, 0.0000, 0.0000]])
tensor([[0.0416, 1.0000, 0.0000, 0.0000, 0.0000, 0.0000]])
tensor([[-0.0192,  1.0000,  0.0000,  0.0000,  0.0000,  0.0000]])
tensor([[-0.0632,  1.0000,  0.0000,  0.0000,  0.0000,  0.0000]])
tensor([[0.8086, 1.0000, 0.0000, 0.0000, 0.0000, 0.0000]])
tensor([[0.3775, 1.0000, 0.0000, 0.0000, 0.0000, 0.0000]])
tensor([[-0.8441,  1.0000,  0.0000,  0.0000,  0.0000,  0.0000]])
tensor([[0.7504, 1.0000, 0.0000, 0.0000, 0.0000, 0.0000]])
tensor([[-0.0246,  1.0000,  0.0000,  0.0000,  0.0000,  0.0000]])
tensor([[0.5773, 1.0000, 0.0000, 0.0000, 0.0000, 0.0000]])
tensor([[-0.2030,  1.0000,  0.0000,  0.0000,  0.0000,  0.0000]])
tensor([[-0.5385,  1.0000,  0.0000,  0.0000,  0.0000,  0.0000]])
tensor([[0.5398, 1.0000, 0.0000, 0.0000, 0.0000, 0.0000]])
tensor([[-0.4356,  1.0000,  0.0000,  0.0000,  0.0000,  0.0000]])
tensor([[0.0322, 1.0000, 0.0000, 0.0000, 0.0000, 0.0000]])
tensor([[0.4017, 1.0000, 0.0000, 0.0000, 0.0000, 0.0000]])
tensor([[-0.8977,  1.0000,  0.0000,  0.0000,  0.0000,  0.0000]])
tensor([[0.1339, 1.0000, 0.0000, 0.0000, 0.0000, 0.0000]])
tensor([[-0.1114,  1.0000,  0.0000,  0.0000,  0.0000,  0.0000]])
tensor([[0.5900, 1.0000, 0.0000, 0.0000, 0.0000, 0.0000]])
tensor([[-0.5331,  1.0000,  0.0000,  0.0000,  0.0000,  0.0000]])
tensor([[-0.2390,  1.0000,  0.0000,  0.0000,  0.0000,  0.0000]])
tensor([[-0.1870,  1.0000,  0.0000,  0.0000,  0.0000,  0.0000]])
tensor([[-0.3308,  1.0000,  0.0000,  0.0000,  0.0000,  0.0000]])
tensor([[-0.6851,  1.0000,  0.0000,  0.0000,  0.0000,  0.0000]])
tensor([[0.0614, 1.0000, 0.0000, 0.0000, 0.0000, 0.0000]])
tensor([[0.8829, 1.0000, 0.0000, 0.0000, 0.0000, 0.0000]])
tensor([[0.7076, 1.0000, 0.0000, 0.0000, 0.0000, 0.0000]])
tensor([[-0.9030,  1.0000,  0.0000,  0.0000,  0.0000,  0.0000]])
tensor([[-0.6311,  1.0000,  0.0000,  0.0000,  0.0000,  0.0000]])
tensor([[-0.9136,  1.0000,  0.0000,  0.0000,  0.0000,  0.0000]])
tensor([[-0.9147,  1.0000,  0.0000,  0.0000,  0.0000,  0.0000]])
tensor([[-0.8996,  1.0000,  0.0000,  0.0000,  0.0000,  0.0000]])
tensor([[-0.7020,  1.0000,  0.0000,  0.0000,  0.0000,  0.0000]])
tensor([[0.1261, 1.0000, 0.0000, 0.0000, 0.0000, 0.0000]])
tensor([[0.9526, 1.0000, 0.0000, 0.0000, 0.0000, 0.0000]])
tensor([[-0.8274,  1.0000,  0.0000,  0.0000,  0.0000,  0.0000]])
tensor([[0.7927, 1.0000, 0.0000, 0.0000, 0.0000, 0.0000]])
tensor([[-0.7990,  1.0000,  0.0000,  0.0000,  0.0000,  0.0000]])
tensor([[-0.4357,  1.0000,  0.0000,  0.0000,  0.0000,  0.0000]])
tensor([[0.4824, 1.0000, 0.0000, 0.0000, 0.0000, 0.0000]])
tensor([[-0.0376,  1.0000,  0.0000,  0.0000,  0.0000,  0.0000]])
tensor([[0.4242, 1.0000, 0.0000, 0.0000, 0.0000, 0.0000]])
tensor([[-0.6769,  1.0000,  0.0000,  0.0000,  0.0000,  0.0000]])
tensor([[0.5219, 1.0000, 0.0000, 0.0000, 0.0000, 0.0000]])
tensor([[0.0304, 1.0000, 0.0000, 0.0000, 0.0000, 0.0000]])
tensor([[-0.5726,  1.0000,  0.0000,  0.0000,  0.0000,  0.0000]])
tensor([[-0.2208,  1.0000,  0.0000,  0.0000,  0.0000,  0.0000]])
tensor([[-0.3855,  1.0000,  0.0000,  0.0000,  0.0000,  0.0000]])
tensor([[-0.7756,  1.0000,  0.0000,  0.0000,  0.0000,  0.0000]])
tensor([[0.2531, 1.0000, 0.0000, 0.0000, 0.0000, 0.0000]])
tensor([[-0.8480,  1.0000,  0.0000,  0.0000,  0.0000,  0.0000]])
tensor([[0.7464, 1.0000, 0.0000, 0.0000, 0.0000, 0.0000]])
tensor([[0.3695, 1.0000, 0.0000, 0.0000, 0.0000, 0.0000]])
tensor([[0.4141, 1.0000, 0.0000, 0.0000, 0.0000, 0.0000]])
tensor([[-0.4938,  1.0000,  0.0000,  0.0000,  0.0000,  0.0000]])
INFO:root:Agent 0 (TQCars): avg action time = 0.0010s
tensor([[0.0689, 1.0000, 0.0000, 0.0000, 0.0000, 0.0000]])
tensor([[-0.5557,  1.0000,  0.0000,  0.0000,  0.0000,  0.0000]])
tensor([[0.7252, 1.0000, 0.0000, 0.0000, 0.0000, 0.0000]])
tensor([[-0.1398,  1.0000,  0.0000,  0.0000,  0.0000,  0.0000]])
tensor([[-0.7868,  1.0000,  0.0000,  0.0000,  0.0000,  0.0000]])
tensor([[0.8650, 1.0000, 0.0000, 0.0000, 0.0000, 0.0000]])
tensor([[-0.5384,  1.0000,  0.0000,  0.0000,  0.0000,  0.0000]])
tensor([[0.8439, 1.0000, 0.0000, 0.0000, 0.0000, 0.0000]])
tensor([[-0.2868,  1.0000,  0.0000,  0.0000,  0.0000,  0.0000]])
tensor([[-0.2086,  1.0000,  0.0000,  0.0000,  0.0000,  0.0000]])
tensor([[0.3725, 1.0000, 0.0000, 0.0000, 0.0000, 0.0000]])
tensor([[0.6222, 1.0000, 0.0000, 0.0000, 0.0000, 0.0000]])
tensor([[-0.6148,  1.0000,  0.0000,  0.0000,  0.0000,  0.0000]])
tensor([[-0.7719,  1.0000,  0.0000,  0.0000,  0.0000,  0.0000]])
tensor([[-0.7446,  1.0000,  0.0000,  0.0000,  0.0000,  0.0000]])
tensor([[-0.4221,  1.0000,  0.0000,  0.0000,  0.0000,  0.0000]])
tensor([[-0.5022,  1.0000,  0.0000,  0.0000,  0.0000,  0.0000]])
tensor([[0.4571, 1.0000, 0.0000, 0.0000, 0.0000, 0.0000]])
tensor([[0.5965, 1.0000, 0.0000, 0.0000, 0.0000, 0.0000]])
tensor([[0.3498, 1.0000, 0.0000, 0.0000, 0.0000, 0.0000]])
tensor([[-0.0088,  1.0000,  0.0000,  0.0000,  0.0000,  0.0000]])
tensor([[-0.7452,  1.0000,  0.0000,  0.0000,  0.0000,  0.0000]])
tensor([[0.8019, 1.0000, 0.0000, 0.0000, 0.0000, 0.0000]])
tensor([[-0.1161,  1.0000,  0.0000,  0.0000,  0.0000,  1.0000]])
tensor([[-0.9547,  1.0000,  0.0000,  0.0000,  0.0000,  0.0000]])
tensor([[0.3369, 1.0000, 0.0000, 0.0000, 0.0000, 0.0000]])
tensor([[-0.8344,  1.0000,  0.0000,  0.0000,  0.0000,  0.0000]])
tensor([[-0.5678,  1.0000,  0.0000,  0.0000,  0.0000,  0.0000]])
tensor([[-0.8141,  1.0000,  0.0000,  0.0000,  0.0000,  0.0000]])
tensor([[-0.2172,  1.0000,  1.0000,  0.0000,  0.0000,  0.0000]])
tensor([[-0.5858,  1.0000,  0.0000,  0.0000,  0.0000,  0.0000]])
tensor([[-0.5588,  1.0000,  0.0000,  0.0000,  0.0000,  0.0000]])
tensor([[-0.3188,  1.0000,  0.0000,  0.0000,  0.0000,  0.0000]])
tensor([[0.1346, 1.0000, 0.0000, 0.0000, 0.0000, 0.0000]])
tensor([[-0.8070,  1.0000,  0.0000,  0.0000,  0.0000,  0.0000]])
tensor([[-0.3361,  1.0000,  0.0000,  0.0000,  0.0000,  0.0000]])
tensor([[0.8309, 1.0000, 0.0000, 0.0000, 0.0000, 0.0000]])
tensor([[0.8144, 1.0000, 0.0000, 0.0000, 0.0000, 0.0000]])
tensor([[-0.4117,  1.0000,  0.0000,  0.0000,  0.0000,  0.0000]])
tensor([[-0.8783,  1.0000,  0.0000,  0.0000,  0.0000,  0.0000]])
tensor([[0.0478, 1.0000, 1.0000, 0.0000, 0.0000, 0.0000]])
tensor([[-0.2423,  1.0000,  0.0000,  0.0000,  0.0000,  0.0000]])
tensor([[0.0203, 1.0000, 0.0000, 0.0000, 0.0000, 0.0000]])
tensor([[-0.6603,  1.0000,  0.0000,  0.0000,  0.0000,  0.0000]])
tensor([[0.5406, 1.0000, 0.0000, 0.0000, 0.0000, 0.0000]])
tensor([[0.9902, 1.0000, 0.0000, 0.0000, 0.0000, 0.0000]])
tensor([[-0.8150,  1.0000,  0.0000,  0.0000,  0.0000,  0.0000]])
tensor([[0.3752, 1.0000, 0.0000, 0.0000, 0.0000, 0.0000]])
tensor([[-0.3269,  1.0000,  0.0000,  0.0000,  0.0000,  0.0000]])
tensor([[-0.0234,  1.0000,  0.0000,  0.0000,  0.0000,  0.0000]])
tensor([[-0.8216,  1.0000,  0.0000,  0.0000,  0.0000,  0.0000]])
tensor([[-0.5785,  1.0000,  0.0000,  0.0000,  0.0000,  0.0000]])
tensor([[0.4548, 1.0000, 0.0000, 0.0000, 0.0000, 0.0000]])
{"type": "results", "track": "minigolf", "results": [{"key": 0, "reward": -0.09985961914062501, "position": 4, "name": "TQCars", "avg_action_time": 0.0010497716226285168}]}
