INFO:root:Loading the agents
INFO:root:Loaded player TQCars
INFO:root:Creating pystk-1
INFO:root:Adding wrapper <function get_wrappers.<locals>.<lambda> at 0x7b5d66cff420>
INFO:root:Adding wrapper <function get_wrappers.<locals>.<lambda> at 0x7b5d66cff4c0>
INFO:root:Adding wrapper <function get_wrappers.<locals>.<lambda> at 0x7b5d66cff560>
INFO:root:Adding wrapper <function get_wrappers.<locals>.<lambda> at 0x7b5d66cff600>
INFO:root:(multi-env mono adapter) Setting main environment max_paths to 5
INFO:root:Loading trained model from CHECKPOINT-GPUFAC/tqc_EXP14RACING_100000.pt...
INFO:root:Starting a race
..:: Antarctica Rendering Engine 2.0 ::..
tensor([[0.0826, 1.0000, 0.0000, 0.0000, 0.0000, 0.0000]])
tensor([[-0.2309,  1.0000,  0.0000,  0.0000,  0.0000,  0.0000]])
tensor([[-0.0239,  1.0000,  0.0000,  0.0000,  0.0000,  0.0000]])
tensor([[0.1417, 1.0000, 0.0000, 0.0000, 0.0000, 0.0000]])
tensor([[-0.2502,  1.0000,  0.0000,  0.0000,  0.0000,  0.0000]])
tensor([[-0.9106,  1.0000,  0.0000,  0.0000,  0.0000,  0.0000]])
tensor([[0.3796, 1.0000, 0.0000, 0.0000, 0.0000, 0.0000]])
tensor([[0.1258, 1.0000, 0.0000, 0.0000, 0.0000, 0.0000]])
tensor([[0.2174, 1.0000, 0.0000, 0.0000, 0.0000, 0.0000]])
tensor([[-0.0089,  1.0000,  0.0000,  0.0000,  0.0000,  0.0000]])
tensor([[-0.6995,  1.0000,  0.0000,  0.0000,  0.0000,  0.0000]])
tensor([[0.8297, 1.0000, 0.0000, 0.0000, 0.0000, 0.0000]])
tensor([[-0.1057,  1.0000,  0.0000,  0.0000,  0.0000,  0.0000]])
tensor([[-0.3159,  1.0000,  0.0000,  0.0000,  0.0000,  0.0000]])
tensor([[-0.4596,  1.0000,  1.0000,  0.0000,  0.0000,  0.0000]])
tensor([[0.6137, 1.0000, 0.0000, 0.0000, 0.0000, 0.0000]])
tensor([[-0.2646,  1.0000,  0.0000,  0.0000,  0.0000,  0.0000]])
tensor([[-0.4936,  1.0000,  0.0000,  0.0000,  0.0000,  0.0000]])
tensor([[0.0537, 1.0000, 0.0000, 0.0000, 0.0000, 0.0000]])
tensor([[-0.8327,  1.0000,  0.0000,  0.0000,  0.0000,  0.0000]])
tensor([[-0.7722,  1.0000,  0.0000,  0.0000,  0.0000,  0.0000]])
tensor([[0.8342, 1.0000, 0.0000, 0.0000, 0.0000, 0.0000]])
tensor([[-0.5886,  1.0000,  0.0000,  0.0000,  0.0000,  0.0000]])
tensor([[-0.8488,  1.0000,  0.0000,  0.0000,  0.0000,  0.0000]])
tensor([[-0.3166,  1.0000,  0.0000,  0.0000,  0.0000,  0.0000]])
tensor([[0.8726, 1.0000, 0.0000, 0.0000, 0.0000, 0.0000]])
tensor([[-0.9898,  1.0000,  0.0000,  0.0000,  0.0000,  0.0000]])
tensor([[0.9105, 1.0000, 0.0000, 0.0000, 0.0000, 0.0000]])
tensor([[-0.2295,  1.0000,  0.0000,  0.0000,  0.0000,  0.0000]])
tensor([[0.7304, 1.0000, 0.0000, 0.0000, 0.0000, 0.0000]])
tensor([[0.0826, 1.0000, 0.0000, 0.0000, 0.0000, 0.0000]])
tensor([[-0.3240,  1.0000,  0.0000,  0.0000,  0.0000,  0.0000]])
tensor([[0.0657, 1.0000, 0.0000, 0.0000, 0.0000, 0.0000]])
tensor([[-0.1106,  1.0000,  0.0000,  0.0000,  0.0000,  0.0000]])
tensor([[0.0503, 1.0000, 0.0000, 0.0000, 0.0000, 0.0000]])
tensor([[-0.3491,  1.0000,  0.0000,  0.0000,  0.0000,  0.0000]])
tensor([[0.8960, 1.0000, 0.0000, 0.0000, 0.0000, 0.0000]])
tensor([[0.3176, 1.0000, 0.0000, 0.0000, 0.0000, 0.0000]])
tensor([[0.9011, 1.0000, 0.0000, 0.0000, 0.0000, 0.0000]])
tensor([[-0.3803,  1.0000,  0.0000,  0.0000,  0.0000,  0.0000]])
tensor([[-0.4777,  1.0000,  0.0000,  0.0000,  0.0000,  0.0000]])
tensor([[-0.2117,  1.0000,  0.0000,  0.0000,  0.0000,  0.0000]])
tensor([[0.7182, 1.0000, 0.0000, 0.0000, 0.0000, 0.0000]])
tensor([[0.5911, 1.0000, 0.0000, 0.0000, 0.0000, 0.0000]])
tensor([[0.3015, 1.0000, 0.0000, 0.0000, 0.0000, 0.0000]])
tensor([[0.1580, 1.0000, 0.0000, 0.0000, 0.0000, 0.0000]])
tensor([[-0.0417,  1.0000,  0.0000,  0.0000,  0.0000,  0.0000]])
tensor([[-0.6694,  1.0000,  0.0000,  0.0000,  0.0000,  0.0000]])
tensor([[-0.1743,  1.0000,  0.0000,  0.0000,  0.0000,  0.0000]])
tensor([[0.8001, 1.0000, 0.0000, 0.0000, 0.0000, 0.0000]])
tensor([[0.4253, 1.0000, 0.0000, 0.0000, 0.0000, 0.0000]])
tensor([[0.8944, 1.0000, 0.0000, 0.0000, 0.0000, 0.0000]])
tensor([[0.0629, 1.0000, 0.0000, 0.0000, 0.0000, 0.0000]])
tensor([[0.1285, 1.0000, 0.0000, 0.0000, 0.0000, 0.0000]])
tensor([[-0.6341,  1.0000,  0.0000,  0.0000,  0.0000,  0.0000]])
tensor([[0.6190, 1.0000, 0.0000, 0.0000, 0.0000, 0.0000]])
tensor([[0.2896, 1.0000, 0.0000, 0.0000, 0.0000, 0.0000]])
tensor([[-0.0681,  1.0000,  0.0000,  0.0000,  0.0000,  0.0000]])
tensor([[-0.2028,  1.0000,  0.0000,  0.0000,  0.0000,  0.0000]])
tensor([[0.2727, 1.0000, 0.0000, 0.0000, 0.0000, 0.0000]])
tensor([[0.0905, 1.0000, 0.0000, 0.0000, 0.0000, 0.0000]])
tensor([[0.1572, 1.0000, 0.0000, 0.0000, 0.0000, 0.0000]])
tensor([[-0.7308,  1.0000,  0.0000,  0.0000,  0.0000,  0.0000]])
tensor([[0.9810, 1.0000, 0.0000, 0.0000, 0.0000, 0.0000]])
tensor([[-0.4673,  1.0000,  0.0000,  0.0000,  0.0000,  0.0000]])
tensor([[-0.7434,  1.0000,  0.0000,  0.0000,  0.0000,  0.0000]])
tensor([[-0.8875,  1.0000,  0.0000,  0.0000,  0.0000,  0.0000]])
tensor([[0.1145, 1.0000, 0.0000, 0.0000, 0.0000, 0.0000]])
tensor([[-0.9851,  1.0000,  0.0000,  0.0000,  0.0000,  0.0000]])
tensor([[-0.9292,  1.0000,  0.0000,  0.0000,  0.0000,  0.0000]])
tensor([[-0.7571,  1.0000,  0.0000,  0.0000,  0.0000,  0.0000]])
tensor([[-0.7494,  1.0000,  0.0000,  0.0000,  0.0000,  0.0000]])
tensor([[0.8684, 1.0000, 0.0000, 0.0000, 0.0000, 0.0000]])
tensor([[-0.4210,  1.0000,  0.0000,  0.0000,  0.0000,  0.0000]])
tensor([[-0.5347,  1.0000,  0.0000,  0.0000,  0.0000,  0.0000]])
tensor([[-0.0037,  1.0000,  0.0000,  0.0000,  0.0000,  0.0000]])
tensor([[-0.9258,  1.0000,  0.0000,  0.0000,  0.0000,  0.0000]])
tensor([[0.9736, 1.0000, 0.0000, 0.0000, 0.0000, 0.0000]])
tensor([[0.7106, 1.0000, 0.0000, 0.0000, 0.0000, 0.0000]])
tensor([[-0.6414,  1.0000,  0.0000,  0.0000,  0.0000,  0.0000]])
tensor([[-0.9374,  0.0000,  0.0000,  0.0000,  0.0000,  0.0000]])
tensor([[-0.9452,  1.0000,  0.0000,  0.0000,  0.0000,  0.0000]])
tensor([[-0.9513,  1.0000,  0.0000,  0.0000,  0.0000,  0.0000]])
tensor([[-0.9259,  1.0000,  0.0000,  0.0000,  0.0000,  0.0000]])
tensor([[-0.5446,  1.0000,  0.0000,  0.0000,  0.0000,  0.0000]])
tensor([[0.6296, 1.0000, 0.0000, 0.0000, 0.0000, 0.0000]])
tensor([[-0.8659,  1.0000,  0.0000,  0.0000,  0.0000,  0.0000]])
tensor([[-0.7006,  1.0000,  0.0000,  0.0000,  0.0000,  0.0000]])
tensor([[-0.9213,  1.0000,  0.0000,  0.0000,  0.0000,  0.0000]])
tensor([[0.3782, 1.0000, 0.0000, 0.0000, 0.0000, 0.0000]])
tensor([[-0.3032,  1.0000,  0.0000,  0.0000,  0.0000,  0.0000]])
tensor([[-0.9668,  1.0000,  0.0000,  0.0000,  0.0000,  0.0000]])
tensor([[0.9618, 1.0000, 0.0000, 0.0000, 0.0000, 0.0000]])
tensor([[-0.7239,  1.0000,  0.0000,  0.0000,  0.0000,  0.0000]])
tensor([[0.3217, 1.0000, 0.0000, 0.0000, 0.0000, 0.0000]])
tensor([[0.6230, 1.0000, 0.0000, 0.0000, 0.0000, 0.0000]])
tensor([[-0.8591,  1.0000,  0.0000,  0.0000,  0.0000,  0.0000]])
tensor([[-0.5055,  1.0000,  0.0000,  0.0000,  0.0000,  0.0000]])
tensor([[0.9416, 1.0000, 0.0000, 0.0000, 0.0000, 0.0000]])
tensor([[-0.7823,  1.0000,  0.0000,  0.0000,  0.0000,  0.0000]])
tensor([[0.7195, 1.0000, 0.0000, 0.0000, 0.0000, 0.0000]])
tensor([[-0.7196,  1.0000,  0.0000,  0.0000,  0.0000,  0.0000]])
tensor([[0.9020, 1.0000, 0.0000, 0.0000, 0.0000, 0.0000]])
tensor([[-0.2219,  1.0000,  0.0000,  0.0000,  0.0000,  0.0000]])
tensor([[-0.9266,  1.0000,  0.0000,  0.0000,  0.0000,  0.0000]])
tensor([[0.0113, 1.0000, 0.0000, 0.0000, 0.0000, 0.0000]])
tensor([[0.5225, 1.0000, 0.0000, 0.0000, 0.0000, 0.0000]])
tensor([[0.0677, 0.0000, 0.0000, 0.0000, 0.0000, 0.0000]])
tensor([[-0.3290,  1.0000,  0.0000,  0.0000,  0.0000,  0.0000]])
tensor([[0.1779, 1.0000, 0.0000, 0.0000, 0.0000, 0.0000]])
tensor([[-0.6377,  1.0000,  0.0000,  0.0000,  0.0000,  0.0000]])
tensor([[0.5713, 1.0000, 0.0000, 0.0000, 0.0000, 0.0000]])
tensor([[-0.3434,  1.0000,  0.0000,  0.0000,  0.0000,  0.0000]])
tensor([[-0.6092,  1.0000,  0.0000,  0.0000,  0.0000,  0.0000]])
tensor([[-0.4138,  1.0000,  0.0000,  0.0000,  0.0000,  0.0000]])
tensor([[0.3671, 1.0000, 0.0000, 0.0000, 0.0000, 0.0000]])
tensor([[-0.7190,  1.0000,  0.0000,  0.0000,  0.0000,  0.0000]])
tensor([[0.6057, 1.0000, 0.0000, 0.0000, 0.0000, 0.0000]])
tensor([[-0.5167,  1.0000,  0.0000,  0.0000,  0.0000,  0.0000]])
tensor([[0.7446, 1.0000, 0.0000, 0.0000, 0.0000, 0.0000]])
tensor([[0.2773, 1.0000, 0.0000, 0.0000, 0.0000, 0.0000]])
tensor([[0.2534, 1.0000, 0.0000, 0.0000, 0.0000, 0.0000]])
tensor([[-0.4868,  1.0000,  0.0000,  0.0000,  0.0000,  0.0000]])
tensor([[0.6382, 1.0000, 0.0000, 0.0000, 0.0000, 0.0000]])
tensor([[0.5882, 1.0000, 0.0000, 0.0000, 0.0000, 0.0000]])
tensor([[-0.5484,  1.0000,  0.0000,  0.0000,  0.0000,  0.0000]])
tensor([[0.3654, 1.0000, 0.0000, 0.0000, 0.0000, 0.0000]])
tensor([[0.9939, 1.0000, 0.0000, 0.0000, 0.0000, 0.0000]])
tensor([[0.8894, 1.0000, 0.0000, 0.0000, 0.0000, 0.0000]])
tensor([[0.9494, 1.0000, 0.0000, 0.0000, 0.0000, 0.0000]])
tensor([[0.7530, 1.0000, 0.0000, 0.0000, 0.0000, 0.0000]])
tensor([[-0.8268,  1.0000,  0.0000,  0.0000,  0.0000,  0.0000]])
tensor([[0.7658, 1.0000, 0.0000, 0.0000, 0.0000, 0.0000]])
tensor([[0.8110, 1.0000, 0.0000, 0.0000, 0.0000, 0.0000]])
tensor([[0.7463, 1.0000, 0.0000, 0.0000, 0.0000, 0.0000]])
tensor([[0.6225, 1.0000, 0.0000, 0.0000, 0.0000, 0.0000]])
tensor([[0.0038, 1.0000, 0.0000, 0.0000, 0.0000, 0.0000]])
tensor([[-0.1452,  1.0000,  0.0000,  0.0000,  0.0000,  0.0000]])
tensor([[0.6178, 1.0000, 0.0000, 0.0000, 0.0000, 0.0000]])
tensor([[0.3891, 1.0000, 0.0000, 0.0000, 0.0000, 0.0000]])
tensor([[-0.8666,  1.0000,  0.0000,  0.0000,  0.0000,  0.0000]])
tensor([[-0.8172,  1.0000,  0.0000,  0.0000,  0.0000,  0.0000]])
tensor([[0.5688, 1.0000, 0.0000, 0.0000, 0.0000, 0.0000]])
tensor([[0.7808, 1.0000, 0.0000, 0.0000, 0.0000, 0.0000]])
tensor([[-0.9222,  1.0000,  0.0000,  0.0000,  0.0000,  0.0000]])
tensor([[-0.9897,  1.0000,  0.0000,  0.0000,  0.0000,  0.0000]])
tensor([[0.8117, 1.0000, 0.0000, 0.0000, 0.0000, 0.0000]])
tensor([[-0.5328,  1.0000,  0.0000,  0.0000,  0.0000,  0.0000]])
tensor([[-0.6772,  1.0000,  0.0000,  0.0000,  0.0000,  0.0000]])
tensor([[0.6325, 1.0000, 0.0000, 0.0000, 0.0000, 0.0000]])
tensor([[-0.2963,  1.0000,  0.0000,  0.0000,  0.0000,  0.0000]])
tensor([[-0.0467,  1.0000,  0.0000,  0.0000,  0.0000,  0.0000]])
tensor([[0.9510, 1.0000, 0.0000, 0.0000, 0.0000, 0.0000]])
tensor([[0.2930, 1.0000, 0.0000, 0.0000, 0.0000, 0.0000]])
tensor([[-0.9668,  1.0000,  0.0000,  0.0000,  0.0000,  0.0000]])
tensor([[0.3993, 1.0000, 0.0000, 0.0000, 0.0000, 0.0000]])
tensor([[-0.1118,  1.0000,  0.0000,  0.0000,  0.0000,  0.0000]])
tensor([[-0.9890,  1.0000,  0.0000,  0.0000,  0.0000,  0.0000]])
tensor([[-0.8659,  1.0000,  0.0000,  0.0000,  0.0000,  0.0000]])
tensor([[0.9226, 1.0000, 0.0000, 0.0000, 0.0000, 0.0000]])
tensor([[0.0321, 1.0000, 0.0000, 0.0000, 0.0000, 0.0000]])
tensor([[-0.0392,  1.0000,  0.0000,  0.0000,  0.0000,  0.0000]])
tensor([[0.3922, 1.0000, 0.0000, 0.0000, 0.0000, 0.0000]])
tensor([[-0.6298,  1.0000,  0.0000,  0.0000,  0.0000,  0.0000]])
tensor([[-0.9041,  1.0000,  0.0000,  0.0000,  0.0000,  0.0000]])
tensor([[-0.5792,  1.0000,  0.0000,  0.0000,  0.0000,  0.0000]])
tensor([[-0.7601,  1.0000,  0.0000,  0.0000,  0.0000,  0.0000]])
tensor([[-0.5533,  1.0000,  0.0000,  0.0000,  0.0000,  0.0000]])
tensor([[0.4961, 1.0000, 0.0000, 0.0000, 0.0000, 0.0000]])
tensor([[0.0768, 1.0000, 0.0000, 0.0000, 0.0000, 0.0000]])
tensor([[-0.0422,  1.0000,  0.0000,  0.0000,  0.0000,  0.0000]])
tensor([[-0.5352,  1.0000,  0.0000,  0.0000,  0.0000,  0.0000]])
tensor([[-0.5499,  1.0000,  0.0000,  0.0000,  0.0000,  1.0000]])
tensor([[-5.0732e-04,  1.0000e+00,  0.0000e+00,  0.0000e+00,  0.0000e+00,
          0.0000e+00]])
tensor([[-0.5398,  1.0000,  0.0000,  0.0000,  0.0000,  0.0000]])
tensor([[-0.8188,  1.0000,  0.0000,  0.0000,  0.0000,  0.0000]])
tensor([[-0.2364,  1.0000,  0.0000,  0.0000,  0.0000,  0.0000]])
tensor([[0.0373, 1.0000, 0.0000, 0.0000, 0.0000, 0.0000]])
tensor([[0.3611, 1.0000, 0.0000, 0.0000, 0.0000, 0.0000]])
tensor([[-0.1445,  1.0000,  0.0000,  0.0000,  0.0000,  0.0000]])
tensor([[-0.8771,  1.0000,  0.0000,  0.0000,  0.0000,  0.0000]])
tensor([[0.1209, 1.0000, 0.0000, 0.0000, 0.0000, 0.0000]])
tensor([[-0.4483,  0.0000,  0.0000,  0.0000,  0.0000,  0.0000]])
tensor([[0.9540, 1.0000, 0.0000, 0.0000, 0.0000, 0.0000]])
tensor([[-0.0577,  1.0000,  0.0000,  0.0000,  0.0000,  0.0000]])
tensor([[0.1534, 1.0000, 0.0000, 0.0000, 0.0000, 0.0000]])
tensor([[-0.1483,  1.0000,  0.0000,  0.0000,  0.0000,  0.0000]])
tensor([[0.9387, 1.0000, 0.0000, 0.0000, 0.0000, 0.0000]])
tensor([[-0.3535,  1.0000,  0.0000,  0.0000,  0.0000,  0.0000]])
tensor([[-0.7752,  1.0000,  0.0000,  0.0000,  0.0000,  0.0000]])
tensor([[-0.9733,  1.0000,  0.0000,  0.0000,  0.0000,  0.0000]])
tensor([[-0.7209,  1.0000,  0.0000,  0.0000,  0.0000,  0.0000]])
tensor([[-0.7785,  1.0000,  0.0000,  0.0000,  0.0000,  0.0000]])
tensor([[-0.8275,  1.0000,  0.0000,  0.0000,  0.0000,  0.0000]])
tensor([[-0.7312,  1.0000,  0.0000,  0.0000,  0.0000,  0.0000]])
tensor([[-0.4152,  1.0000,  0.0000,  0.0000,  0.0000,  0.0000]])
tensor([[-0.6640,  1.0000,  0.0000,  0.0000,  0.0000,  0.0000]])
tensor([[0.6092, 1.0000, 0.0000, 0.0000, 0.0000, 0.0000]])
tensor([[-0.9829,  1.0000,  0.0000,  0.0000,  0.0000,  0.0000]])
tensor([[-0.7319,  1.0000,  0.0000,  0.0000,  0.0000,  0.0000]])
tensor([[-0.0633,  1.0000,  0.0000,  0.0000,  0.0000,  0.0000]])
tensor([[0.4176, 1.0000, 0.0000, 0.0000, 0.0000, 0.0000]])
tensor([[-0.3418,  1.0000,  0.0000,  0.0000,  0.0000,  0.0000]])
tensor([[0.4716, 1.0000, 0.0000, 0.0000, 0.0000, 0.0000]])
tensor([[-0.7096,  1.0000,  0.0000,  0.0000,  0.0000,  0.0000]])
tensor([[0.1844, 1.0000, 0.0000, 0.0000, 0.0000, 0.0000]])
tensor([[-0.8092,  1.0000,  0.0000,  0.0000,  0.0000,  0.0000]])
tensor([[-0.9730,  1.0000,  0.0000,  0.0000,  0.0000,  0.0000]])
tensor([[-0.8534,  1.0000,  0.0000,  0.0000,  0.0000,  0.0000]])
tensor([[-0.7969,  1.0000,  0.0000,  0.0000,  0.0000,  0.0000]])
tensor([[-0.7610,  1.0000,  0.0000,  0.0000,  0.0000,  0.0000]])
tensor([[-0.8508,  1.0000,  0.0000,  0.0000,  0.0000,  0.0000]])
tensor([[-0.8988,  1.0000,  0.0000,  0.0000,  0.0000,  0.0000]])
tensor([[-0.5126,  1.0000,  0.0000,  0.0000,  0.0000,  0.0000]])
tensor([[0.7151, 1.0000, 0.0000, 0.0000, 0.0000, 0.0000]])
tensor([[-0.1037,  1.0000,  0.0000,  0.0000,  0.0000,  0.0000]])
tensor([[-0.8579,  1.0000,  0.0000,  0.0000,  0.0000,  0.0000]])
tensor([[-0.2210,  1.0000,  0.0000,  0.0000,  0.0000,  0.0000]])
tensor([[-0.1200,  1.0000,  0.0000,  0.0000,  0.0000,  0.0000]])
tensor([[-0.3665,  1.0000,  0.0000,  0.0000,  0.0000,  0.0000]])
tensor([[0.4213, 1.0000, 0.0000, 0.0000, 0.0000, 0.0000]])
tensor([[-0.9678,  1.0000,  0.0000,  0.0000,  0.0000,  0.0000]])
tensor([[-0.9643,  1.0000,  0.0000,  0.0000,  0.0000,  0.0000]])
tensor([[0.4580, 1.0000, 0.0000, 0.0000, 0.0000, 0.0000]])
tensor([[-0.8366,  1.0000,  0.0000,  0.0000,  0.0000,  0.0000]])
tensor([[0.7628, 1.0000, 0.0000, 0.0000, 0.0000, 0.0000]])
tensor([[-0.7580,  1.0000,  0.0000,  0.0000,  0.0000,  0.0000]])
tensor([[0.0118, 1.0000, 0.0000, 0.0000, 0.0000, 0.0000]])
tensor([[-0.5787,  1.0000,  0.0000,  0.0000,  0.0000,  0.0000]])
tensor([[0.5500, 1.0000, 0.0000, 0.0000, 0.0000, 0.0000]])
tensor([[0.2766, 1.0000, 0.0000, 0.0000, 0.0000, 0.0000]])
tensor([[-0.8600,  1.0000,  0.0000,  0.0000,  0.0000,  0.0000]])
tensor([[-0.9354,  1.0000,  0.0000,  0.0000,  0.0000,  0.0000]])
tensor([[-0.6885,  0.0000,  0.0000,  0.0000,  0.0000,  0.0000]])
tensor([[0.0270, 1.0000, 0.0000, 0.0000, 0.0000, 0.0000]])
tensor([[-0.7759,  1.0000,  0.0000,  0.0000,  0.0000,  0.0000]])
tensor([[-0.9627,  1.0000,  0.0000,  0.0000,  0.0000,  0.0000]])
tensor([[-0.3879,  1.0000,  0.0000,  0.0000,  0.0000,  0.0000]])
tensor([[-0.0853,  1.0000,  0.0000,  0.0000,  0.0000,  0.0000]])
tensor([[-0.9936,  1.0000,  0.0000,  0.0000,  0.0000,  0.0000]])
tensor([[-0.1580,  1.0000,  0.0000,  0.0000,  0.0000,  0.0000]])
tensor([[-0.9721,  1.0000,  0.0000,  0.0000,  0.0000,  0.0000]])
tensor([[-0.0917,  1.0000,  0.0000,  0.0000,  0.0000,  0.0000]])
tensor([[-0.3930,  1.0000,  0.0000,  0.0000,  0.0000,  0.0000]])
tensor([[-0.9245,  1.0000,  0.0000,  0.0000,  0.0000,  0.0000]])
tensor([[-0.6732,  1.0000,  0.0000,  0.0000,  0.0000,  0.0000]])
tensor([[-0.7487,  1.0000,  0.0000,  0.0000,  0.0000,  0.0000]])
tensor([[-0.8734,  1.0000,  0.0000,  0.0000,  0.0000,  0.0000]])
tensor([[-0.7877,  1.0000,  0.0000,  0.0000,  0.0000,  0.0000]])
tensor([[-0.6123,  1.0000,  0.0000,  0.0000,  0.0000,  0.0000]])
tensor([[-0.0967,  1.0000,  0.0000,  0.0000,  0.0000,  0.0000]])
tensor([[-0.9325,  1.0000,  0.0000,  0.0000,  0.0000,  0.0000]])
tensor([[-0.6666,  1.0000,  0.0000,  0.0000,  0.0000,  0.0000]])
tensor([[0.5569, 1.0000, 0.0000, 0.0000, 0.0000, 0.0000]])
tensor([[0.0486, 1.0000, 0.0000, 0.0000, 0.0000, 0.0000]])
tensor([[0.3678, 1.0000, 0.0000, 0.0000, 0.0000, 0.0000]])
tensor([[-0.7782,  1.0000,  0.0000,  0.0000,  0.0000,  0.0000]])
tensor([[-0.5877,  1.0000,  0.0000,  0.0000,  0.0000,  0.0000]])
tensor([[-0.9792,  1.0000,  0.0000,  0.0000,  0.0000,  0.0000]])
tensor([[-0.9443,  1.0000,  0.0000,  0.0000,  0.0000,  0.0000]])
tensor([[0.2276, 1.0000, 0.0000, 0.0000, 0.0000, 0.0000]])
tensor([[-0.8189,  1.0000,  0.0000,  0.0000,  0.0000,  0.0000]])
tensor([[-0.9213,  1.0000,  0.0000,  0.0000,  0.0000,  0.0000]])
tensor([[-0.2936,  1.0000,  0.0000,  0.0000,  0.0000,  0.0000]])
tensor([[-0.5342,  1.0000,  0.0000,  0.0000,  0.0000,  0.0000]])
tensor([[-0.8827,  1.0000,  0.0000,  0.0000,  0.0000,  0.0000]])
tensor([[-0.8773,  1.0000,  0.0000,  0.0000,  0.0000,  0.0000]])
tensor([[-0.9765,  1.0000,  0.0000,  0.0000,  0.0000,  0.0000]])
tensor([[-0.5113,  1.0000,  0.0000,  0.0000,  0.0000,  0.0000]])
tensor([[-0.4635,  1.0000,  0.0000,  0.0000,  0.0000,  0.0000]])
tensor([[-0.8574,  1.0000,  0.0000,  0.0000,  0.0000,  0.0000]])
tensor([[0.1268, 1.0000, 0.0000, 0.0000, 0.0000, 0.0000]])
tensor([[-0.9634,  1.0000,  0.0000,  0.0000,  0.0000,  0.0000]])
tensor([[-0.7725,  1.0000,  0.0000,  0.0000,  0.0000,  0.0000]])
tensor([[-0.0373,  1.0000,  0.0000,  0.0000,  0.0000,  0.0000]])
tensor([[-0.7536,  1.0000,  0.0000,  0.0000,  0.0000,  0.0000]])
tensor([[-0.9198,  1.0000,  0.0000,  0.0000,  0.0000,  0.0000]])
tensor([[-0.7136,  1.0000,  0.0000,  0.0000,  0.0000,  0.0000]])
tensor([[-0.9224,  1.0000,  0.0000,  0.0000,  0.0000,  0.0000]])
tensor([[-0.0936,  1.0000,  0.0000,  0.0000,  0.0000,  0.0000]])
tensor([[0.4479, 1.0000, 0.0000, 0.0000, 0.0000, 0.0000]])
tensor([[-0.5534,  1.0000,  0.0000,  0.0000,  0.0000,  0.0000]])
tensor([[-0.6806,  1.0000,  0.0000,  0.0000,  0.0000,  0.0000]])
tensor([[-0.4450,  1.0000,  0.0000,  0.0000,  0.0000,  0.0000]])
tensor([[-0.6315,  1.0000,  0.0000,  0.0000,  0.0000,  0.0000]])
tensor([[-0.8741,  1.0000,  0.0000,  0.0000,  0.0000,  0.0000]])
tensor([[-0.8104,  1.0000,  0.0000,  0.0000,  0.0000,  0.0000]])
tensor([[-0.9015,  1.0000,  0.0000,  0.0000,  0.0000,  0.0000]])
tensor([[-0.4377,  1.0000,  0.0000,  0.0000,  0.0000,  0.0000]])
tensor([[-0.9041,  1.0000,  0.0000,  0.0000,  0.0000,  0.0000]])
tensor([[-0.7783,  1.0000,  0.0000,  0.0000,  0.0000,  0.0000]])
tensor([[-0.9135,  1.0000,  0.0000,  0.0000,  0.0000,  0.0000]])
tensor([[-0.6409,  1.0000,  0.0000,  0.0000,  0.0000,  0.0000]])
tensor([[0.4136, 1.0000, 0.0000, 0.0000, 0.0000, 0.0000]])
tensor([[-0.4434,  1.0000,  0.0000,  0.0000,  0.0000,  0.0000]])
tensor([[0.3584, 1.0000, 0.0000, 0.0000, 0.0000, 0.0000]])
tensor([[-0.6845,  1.0000,  0.0000,  0.0000,  0.0000,  0.0000]])
tensor([[-0.8158,  1.0000,  0.0000,  0.0000,  0.0000,  0.0000]])
tensor([[0.1544, 1.0000, 0.0000, 0.0000, 0.0000, 0.0000]])
tensor([[-0.9590,  1.0000,  0.0000,  0.0000,  0.0000,  0.0000]])
tensor([[-0.1450,  1.0000,  0.0000,  0.0000,  0.0000,  0.0000]])
tensor([[-0.4849,  1.0000,  0.0000,  0.0000,  0.0000,  0.0000]])
tensor([[-0.7969,  1.0000,  0.0000,  0.0000,  0.0000,  0.0000]])
tensor([[0.7085, 1.0000, 0.0000, 0.0000, 0.0000, 0.0000]])
tensor([[-0.0315,  1.0000,  0.0000,  0.0000,  0.0000,  0.0000]])
tensor([[-0.8861,  1.0000,  0.0000,  0.0000,  0.0000,  0.0000]])
tensor([[0.1831, 1.0000, 0.0000, 0.0000, 0.0000, 0.0000]])
tensor([[-0.1612,  1.0000,  0.0000,  0.0000,  0.0000,  0.0000]])
tensor([[0.2909, 1.0000, 0.0000, 0.0000, 0.0000, 0.0000]])
tensor([[-0.8773,  1.0000,  0.0000,  0.0000,  0.0000,  0.0000]])
tensor([[0.8363, 1.0000, 0.0000, 0.0000, 0.0000, 0.0000]])
tensor([[0.2060, 1.0000, 0.0000, 0.0000, 0.0000, 0.0000]])
tensor([[-0.8914,  1.0000,  0.0000,  0.0000,  0.0000,  0.0000]])
tensor([[-0.4584,  1.0000,  0.0000,  0.0000,  0.0000,  0.0000]])
tensor([[-0.0316,  1.0000,  0.0000,  0.0000,  0.0000,  0.0000]])
tensor([[0.7292, 1.0000, 0.0000, 0.0000, 0.0000, 0.0000]])
tensor([[0.9134, 1.0000, 0.0000, 0.0000, 0.0000, 0.0000]])
tensor([[0.8746, 1.0000, 0.0000, 0.0000, 0.0000, 0.0000]])
tensor([[0.8160, 1.0000, 0.0000, 0.0000, 0.0000, 0.0000]])
tensor([[-0.1931,  1.0000,  0.0000,  0.0000,  0.0000,  0.0000]])
tensor([[-0.9216,  1.0000,  0.0000,  0.0000,  0.0000,  0.0000]])
tensor([[-0.4009,  1.0000,  0.0000,  0.0000,  0.0000,  0.0000]])
tensor([[0.3885, 1.0000, 0.0000, 0.0000, 0.0000, 0.0000]])
tensor([[-0.7209,  1.0000,  0.0000,  0.0000,  0.0000,  0.0000]])
tensor([[0.6867, 1.0000, 0.0000, 0.0000, 0.0000, 0.0000]])
tensor([[-0.8674,  1.0000,  0.0000,  0.0000,  0.0000,  0.0000]])
tensor([[-0.1138,  1.0000,  0.0000,  0.0000,  0.0000,  0.0000]])
tensor([[-0.7621,  1.0000,  0.0000,  0.0000,  0.0000,  0.0000]])
tensor([[-0.4555,  1.0000,  0.0000,  0.0000,  0.0000,  0.0000]])
tensor([[-0.7369,  1.0000,  0.0000,  0.0000,  0.0000,  0.0000]])
tensor([[-0.9830,  0.0000,  0.0000,  0.0000,  0.0000,  0.0000]])
tensor([[-0.4842,  1.0000,  0.0000,  0.0000,  0.0000,  0.0000]])
tensor([[0.9239, 1.0000, 0.0000, 0.0000, 0.0000, 0.0000]])
tensor([[0.6402, 1.0000, 0.0000, 0.0000, 0.0000, 0.0000]])
tensor([[0.5208, 1.0000, 0.0000, 0.0000, 0.0000, 0.0000]])
tensor([[0.9511, 1.0000, 0.0000, 0.0000, 0.0000, 0.0000]])
tensor([[-0.2457,  1.0000,  0.0000,  0.0000,  0.0000,  0.0000]])
tensor([[0.2032, 1.0000, 0.0000, 0.0000, 0.0000, 0.0000]])
tensor([[-0.4267,  1.0000,  0.0000,  0.0000,  0.0000,  0.0000]])
tensor([[0.1429, 1.0000, 0.0000, 0.0000, 0.0000, 0.0000]])
tensor([[-0.1612,  1.0000,  0.0000,  0.0000,  0.0000,  0.0000]])
tensor([[-0.5945,  1.0000,  0.0000,  0.0000,  0.0000,  0.0000]])
tensor([[0.8391, 1.0000, 0.0000, 0.0000, 0.0000, 0.0000]])
tensor([[-0.7707,  1.0000,  0.0000,  0.0000,  0.0000,  0.0000]])
tensor([[-0.9137,  1.0000,  0.0000,  0.0000,  0.0000,  0.0000]])
tensor([[-0.8181,  1.0000,  0.0000,  0.0000,  0.0000,  0.0000]])
tensor([[-0.5989,  1.0000,  0.0000,  0.0000,  0.0000,  0.0000]])
tensor([[0.8385, 1.0000, 0.0000, 0.0000, 0.0000, 0.0000]])
tensor([[-0.2515,  1.0000,  0.0000,  0.0000,  0.0000,  0.0000]])
tensor([[-0.6582,  1.0000,  0.0000,  0.0000,  0.0000,  0.0000]])
tensor([[0.8134, 1.0000, 0.0000, 0.0000, 0.0000, 0.0000]])
tensor([[0.8339, 1.0000, 0.0000, 0.0000, 0.0000, 0.0000]])
tensor([[0.9369, 1.0000, 0.0000, 0.0000, 0.0000, 0.0000]])
tensor([[-0.6274,  1.0000,  0.0000,  0.0000,  0.0000,  0.0000]])
tensor([[0.7555, 1.0000, 0.0000, 0.0000, 0.0000, 0.0000]])
tensor([[-0.1541,  1.0000,  0.0000,  0.0000,  0.0000,  0.0000]])
tensor([[-0.3309,  1.0000,  0.0000,  0.0000,  0.0000,  0.0000]])
tensor([[-0.7943,  1.0000,  0.0000,  0.0000,  0.0000,  0.0000]])
tensor([[-0.6035,  1.0000,  0.0000,  0.0000,  0.0000,  0.0000]])
tensor([[-0.5651,  1.0000,  0.0000,  0.0000,  0.0000,  0.0000]])
tensor([[-0.7252,  1.0000,  0.0000,  0.0000,  0.0000,  0.0000]])
tensor([[0.0988, 1.0000, 0.0000, 0.0000, 0.0000, 0.0000]])
tensor([[0.8849, 1.0000, 0.0000, 0.0000, 0.0000, 0.0000]])
tensor([[-0.6170,  1.0000,  0.0000,  0.0000,  0.0000,  0.0000]])
tensor([[0.9475, 1.0000, 0.0000, 0.0000, 0.0000, 0.0000]])
tensor([[-0.6369,  1.0000,  0.0000,  0.0000,  0.0000,  0.0000]])
tensor([[0.8927, 1.0000, 0.0000, 0.0000, 0.0000, 0.0000]])
tensor([[0.0681, 1.0000, 0.0000, 0.0000, 0.0000, 0.0000]])
tensor([[0.6037, 1.0000, 0.0000, 0.0000, 0.0000, 0.0000]])
tensor([[0.2300, 1.0000, 0.0000, 0.0000, 0.0000, 0.0000]])
tensor([[0.4651, 1.0000, 0.0000, 0.0000, 0.0000, 0.0000]])
tensor([[0.9823, 1.0000, 0.0000, 0.0000, 0.0000, 0.0000]])
tensor([[-0.9637,  1.0000,  0.0000,  0.0000,  0.0000,  0.0000]])
tensor([[0.1850, 1.0000, 0.0000, 0.0000, 0.0000, 0.0000]])
tensor([[0.5503, 1.0000, 0.0000, 0.0000, 0.0000, 0.0000]])
tensor([[-0.8075,  1.0000,  0.0000,  0.0000,  0.0000,  0.0000]])
tensor([[-0.4754,  1.0000,  0.0000,  0.0000,  0.0000,  0.0000]])
tensor([[0.2235, 1.0000, 0.0000, 0.0000, 0.0000, 0.0000]])
tensor([[-0.6870,  1.0000,  0.0000,  0.0000,  0.0000,  0.0000]])
tensor([[-0.4745,  1.0000,  0.0000,  0.0000,  0.0000,  0.0000]])
tensor([[-0.5243,  1.0000,  0.0000,  0.0000,  0.0000,  0.0000]])
tensor([[0.8803, 1.0000, 0.0000, 0.0000, 0.0000, 0.0000]])
tensor([[-0.9488,  1.0000,  0.0000,  0.0000,  0.0000,  0.0000]])
tensor([[-0.7949,  1.0000,  0.0000,  0.0000,  0.0000,  0.0000]])
tensor([[0.7509, 1.0000, 0.0000, 0.0000, 0.0000, 0.0000]])
tensor([[0.9486, 1.0000, 0.0000, 0.0000, 0.0000, 0.0000]])
tensor([[-0.8065,  1.0000,  0.0000,  0.0000,  0.0000,  0.0000]])
tensor([[0.4869, 1.0000, 0.0000, 0.0000, 0.0000, 0.0000]])
tensor([[0.8609, 1.0000, 0.0000, 0.0000, 0.0000, 0.0000]])
tensor([[-0.0019,  1.0000,  0.0000,  0.0000,  0.0000,  0.0000]])
tensor([[0.5591, 1.0000, 0.0000, 0.0000, 0.0000, 0.0000]])
tensor([[0.2252, 1.0000, 0.0000, 0.0000, 0.0000, 0.0000]])
tensor([[0.4682, 1.0000, 0.0000, 0.0000, 0.0000, 0.0000]])
tensor([[0.8829, 1.0000, 0.0000, 0.0000, 0.0000, 0.0000]])
tensor([[-0.7902,  1.0000,  0.0000,  0.0000,  0.0000,  0.0000]])
tensor([[-0.8227,  1.0000,  0.0000,  0.0000,  0.0000,  0.0000]])
tensor([[-0.4755,  1.0000,  0.0000,  0.0000,  0.0000,  0.0000]])
tensor([[0.8884, 1.0000, 0.0000, 0.0000, 0.0000, 0.0000]])
tensor([[0.3063, 1.0000, 0.0000, 0.0000, 0.0000, 0.0000]])
tensor([[0.6994, 1.0000, 0.0000, 0.0000, 0.0000, 0.0000]])
tensor([[-0.7704,  1.0000,  0.0000,  0.0000,  0.0000,  0.0000]])
tensor([[0.3951, 1.0000, 0.0000, 0.0000, 0.0000, 0.0000]])
tensor([[0.9526, 1.0000, 0.0000, 0.0000, 0.0000, 0.0000]])
tensor([[0.9148, 1.0000, 0.0000, 0.0000, 0.0000, 0.0000]])
tensor([[0.5510, 1.0000, 0.0000, 0.0000, 0.0000, 0.0000]])
tensor([[0.7791, 1.0000, 0.0000, 0.0000, 0.0000, 0.0000]])
tensor([[-0.1602,  1.0000,  1.0000,  0.0000,  0.0000,  0.0000]])
tensor([[-0.3864,  1.0000,  0.0000,  0.0000,  0.0000,  0.0000]])
tensor([[0.3729, 1.0000, 0.0000, 0.0000, 0.0000, 0.0000]])
tensor([[0.1207, 1.0000, 0.0000, 0.0000, 0.0000, 0.0000]])
tensor([[-0.1662,  1.0000,  0.0000,  0.0000,  0.0000,  0.0000]])
tensor([[-0.2923,  1.0000,  0.0000,  0.0000,  0.0000,  0.0000]])
tensor([[0.7201, 1.0000, 0.0000, 0.0000, 0.0000, 0.0000]])
tensor([[-0.4881,  1.0000,  0.0000,  0.0000,  0.0000,  0.0000]])
tensor([[0.5321, 1.0000, 0.0000, 0.0000, 0.0000, 0.0000]])
tensor([[0.9244, 1.0000, 0.0000, 0.0000, 0.0000, 0.0000]])
tensor([[0.4029, 1.0000, 0.0000, 0.0000, 0.0000, 0.0000]])
tensor([[0.1973, 1.0000, 0.0000, 0.0000, 0.0000, 0.0000]])
tensor([[0.7821, 1.0000, 0.0000, 0.0000, 0.0000, 0.0000]])
tensor([[-0.4374,  1.0000,  0.0000,  0.0000,  0.0000,  0.0000]])
tensor([[-0.5216,  1.0000,  0.0000,  0.0000,  0.0000,  0.0000]])
tensor([[-0.8276,  1.0000,  0.0000,  0.0000,  0.0000,  0.0000]])
tensor([[0.3304, 1.0000, 0.0000, 0.0000, 0.0000, 0.0000]])
tensor([[-0.8260,  1.0000,  0.0000,  0.0000,  0.0000,  0.0000]])
tensor([[-0.2897,  1.0000,  0.0000,  0.0000,  0.0000,  0.0000]])
tensor([[-0.0297,  1.0000,  0.0000,  0.0000,  0.0000,  0.0000]])
tensor([[0.2050, 1.0000, 0.0000, 0.0000, 0.0000, 0.0000]])
tensor([[0.7914, 1.0000, 0.0000, 0.0000, 0.0000, 0.0000]])
tensor([[0.0467, 1.0000, 0.0000, 0.0000, 0.0000, 0.0000]])
tensor([[0.6771, 1.0000, 0.0000, 0.0000, 0.0000, 0.0000]])
tensor([[0.8453, 1.0000, 0.0000, 0.0000, 0.0000, 0.0000]])
tensor([[0.6555, 1.0000, 0.0000, 0.0000, 0.0000, 0.0000]])
tensor([[0.7370, 1.0000, 0.0000, 0.0000, 0.0000, 0.0000]])
tensor([[0.4944, 1.0000, 0.0000, 0.0000, 0.0000, 0.0000]])
tensor([[0.9108, 1.0000, 0.0000, 0.0000, 0.0000, 0.0000]])
tensor([[-0.5841,  1.0000,  0.0000,  0.0000,  0.0000,  0.0000]])
tensor([[0.5216, 1.0000, 0.0000, 0.0000, 0.0000, 0.0000]])
tensor([[-0.9594,  1.0000,  0.0000,  0.0000,  0.0000,  0.0000]])
tensor([[-0.0376,  1.0000,  0.0000,  0.0000,  0.0000,  0.0000]])
tensor([[-0.3652,  1.0000,  0.0000,  0.0000,  0.0000,  0.0000]])
tensor([[0.3758, 1.0000, 0.0000, 0.0000, 0.0000, 0.0000]])
tensor([[0.4947, 1.0000, 0.0000, 0.0000, 0.0000, 0.0000]])
tensor([[0.8715, 1.0000, 0.0000, 0.0000, 0.0000, 0.0000]])
tensor([[0.7699, 1.0000, 0.0000, 0.0000, 0.0000, 0.0000]])
tensor([[0.4768, 1.0000, 0.0000, 0.0000, 0.0000, 0.0000]])
tensor([[0.4036, 1.0000, 0.0000, 0.0000, 0.0000, 0.0000]])
tensor([[0.8400, 1.0000, 0.0000, 0.0000, 0.0000, 0.0000]])
tensor([[0.9315, 1.0000, 0.0000, 0.0000, 0.0000, 0.0000]])
tensor([[0.0852, 1.0000, 0.0000, 0.0000, 0.0000, 0.0000]])
tensor([[-0.2777,  1.0000,  0.0000,  0.0000,  0.0000,  0.0000]])
tensor([[0.8884, 1.0000, 0.0000, 0.0000, 0.0000, 0.0000]])
tensor([[0.2146, 0.0000, 0.0000, 0.0000, 0.0000, 0.0000]])
tensor([[-0.6746,  1.0000,  0.0000,  0.0000,  0.0000,  0.0000]])
tensor([[-0.2806,  1.0000,  0.0000,  0.0000,  0.0000,  0.0000]])
tensor([[-0.4587,  1.0000,  0.0000,  0.0000,  0.0000,  0.0000]])
tensor([[0.5395, 1.0000, 0.0000, 0.0000, 0.0000, 0.0000]])
tensor([[0.9012, 1.0000, 0.0000, 0.0000, 0.0000, 0.0000]])
tensor([[-0.7150,  1.0000,  0.0000,  0.0000,  0.0000,  0.0000]])
tensor([[0.6864, 1.0000, 0.0000, 0.0000, 0.0000, 0.0000]])
tensor([[0.7034, 1.0000, 0.0000, 0.0000, 0.0000, 0.0000]])
tensor([[0.7922, 1.0000, 0.0000, 0.0000, 0.0000, 0.0000]])
tensor([[0.1281, 1.0000, 0.0000, 0.0000, 0.0000, 0.0000]])
tensor([[0.4419, 1.0000, 0.0000, 0.0000, 0.0000, 0.0000]])
tensor([[0.9142, 1.0000, 0.0000, 0.0000, 0.0000, 0.0000]])
tensor([[0.9757, 1.0000, 0.0000, 0.0000, 0.0000, 0.0000]])
tensor([[0.9593, 1.0000, 0.0000, 0.0000, 0.0000, 0.0000]])
tensor([[0.8493, 1.0000, 0.0000, 0.0000, 0.0000, 0.0000]])
tensor([[0.4053, 1.0000, 0.0000, 0.0000, 0.0000, 0.0000]])
tensor([[-0.1516,  1.0000,  0.0000,  0.0000,  0.0000,  0.0000]])
tensor([[0.2069, 1.0000, 0.0000, 0.0000, 0.0000, 0.0000]])
tensor([[-0.3296,  1.0000,  0.0000,  0.0000,  0.0000,  0.0000]])
tensor([[0.5989, 1.0000, 0.0000, 0.0000, 0.0000, 0.0000]])
tensor([[0.4303, 1.0000, 0.0000, 0.0000, 0.0000, 0.0000]])
tensor([[0.5097, 1.0000, 0.0000, 0.0000, 0.0000, 0.0000]])
tensor([[-0.2776,  1.0000,  0.0000,  0.0000,  0.0000,  0.0000]])
tensor([[0.9278, 1.0000, 0.0000, 0.0000, 0.0000, 0.0000]])
tensor([[-0.9390,  1.0000,  0.0000,  0.0000,  0.0000,  0.0000]])
tensor([[0.7420, 1.0000, 0.0000, 0.0000, 0.0000, 0.0000]])
tensor([[-0.3598,  1.0000,  0.0000,  0.0000,  0.0000,  0.0000]])
tensor([[0.7558, 1.0000, 0.0000, 0.0000, 0.0000, 0.0000]])
tensor([[0.9035, 1.0000, 0.0000, 0.0000, 0.0000, 0.0000]])
tensor([[-0.8114,  1.0000,  0.0000,  0.0000,  0.0000,  0.0000]])
tensor([[0.2288, 1.0000, 0.0000, 0.0000, 0.0000, 0.0000]])
tensor([[0.6838, 1.0000, 0.0000, 0.0000, 0.0000, 0.0000]])
tensor([[0.5711, 1.0000, 0.0000, 0.0000, 0.0000, 0.0000]])
tensor([[-0.1899,  1.0000,  0.0000,  0.0000,  0.0000,  0.0000]])
tensor([[0.5794, 1.0000, 0.0000, 0.0000, 0.0000, 0.0000]])
tensor([[-0.5737,  1.0000,  0.0000,  0.0000,  0.0000,  0.0000]])
tensor([[0.9442, 1.0000, 0.0000, 0.0000, 0.0000, 0.0000]])
tensor([[0.9400, 1.0000, 0.0000, 0.0000, 0.0000, 0.0000]])
tensor([[-0.0458,  1.0000,  0.0000,  0.0000,  0.0000,  0.0000]])
tensor([[0.3499, 1.0000, 0.0000, 0.0000, 0.0000, 0.0000]])
tensor([[0.9478, 1.0000, 0.0000, 0.0000, 0.0000, 0.0000]])
tensor([[0.9136, 1.0000, 0.0000, 0.0000, 0.0000, 0.0000]])
tensor([[-0.0439,  1.0000,  0.0000,  0.0000,  0.0000,  0.0000]])
tensor([[0.3377, 1.0000, 0.0000, 0.0000, 0.0000, 0.0000]])
tensor([[0.5907, 1.0000, 0.0000, 0.0000, 0.0000, 0.0000]])
tensor([[0.5775, 1.0000, 0.0000, 0.0000, 0.0000, 0.0000]])
tensor([[0.9616, 1.0000, 0.0000, 0.0000, 0.0000, 0.0000]])
tensor([[0.7871, 1.0000, 0.0000, 0.0000, 0.0000, 0.0000]])
tensor([[0.6728, 1.0000, 0.0000, 0.0000, 0.0000, 0.0000]])
tensor([[0.9340, 1.0000, 0.0000, 0.0000, 0.0000, 0.0000]])
tensor([[-0.4785,  1.0000,  0.0000,  0.0000,  0.0000,  0.0000]])
tensor([[0.9797, 1.0000, 0.0000, 0.0000, 0.0000, 0.0000]])
tensor([[-0.5598,  1.0000,  0.0000,  0.0000,  0.0000,  0.0000]])
tensor([[-0.4605,  1.0000,  0.0000,  0.0000,  0.0000,  0.0000]])
tensor([[-0.2636,  1.0000,  0.0000,  0.0000,  0.0000,  0.0000]])
tensor([[0.2964, 1.0000, 0.0000, 0.0000, 0.0000, 0.0000]])
tensor([[0.4571, 1.0000, 0.0000, 0.0000, 0.0000, 0.0000]])
tensor([[0.7088, 1.0000, 0.0000, 0.0000, 0.0000, 0.0000]])
tensor([[0.9626, 1.0000, 0.0000, 0.0000, 0.0000, 0.0000]])
tensor([[0.9186, 1.0000, 0.0000, 0.0000, 0.0000, 0.0000]])
tensor([[0.9717, 1.0000, 0.0000, 0.0000, 0.0000, 0.0000]])
tensor([[0.4123, 1.0000, 0.0000, 0.0000, 0.0000, 0.0000]])
tensor([[0.7847, 1.0000, 0.0000, 0.0000, 0.0000, 0.0000]])
tensor([[0.8559, 1.0000, 0.0000, 0.0000, 0.0000, 0.0000]])
tensor([[0.6544, 1.0000, 0.0000, 0.0000, 0.0000, 0.0000]])
tensor([[0.8240, 1.0000, 0.0000, 0.0000, 0.0000, 0.0000]])
tensor([[-0.8749,  1.0000,  0.0000,  0.0000,  0.0000,  0.0000]])
tensor([[0.2510, 1.0000, 0.0000, 0.0000, 0.0000, 0.0000]])
tensor([[0.2849, 1.0000, 0.0000, 0.0000, 0.0000, 0.0000]])
tensor([[0.9702, 1.0000, 0.0000, 0.0000, 0.0000, 0.0000]])
tensor([[0.7380, 1.0000, 0.0000, 0.0000, 0.0000, 0.0000]])
tensor([[0.9303, 1.0000, 0.0000, 0.0000, 0.0000, 0.0000]])
tensor([[-0.4328,  1.0000,  0.0000,  0.0000,  0.0000,  0.0000]])
tensor([[-0.3075,  1.0000,  0.0000,  0.0000,  0.0000,  0.0000]])
tensor([[0.0402, 1.0000, 0.0000, 0.0000, 0.0000, 0.0000]])
tensor([[0.1548, 1.0000, 0.0000, 0.0000, 0.0000, 0.0000]])
tensor([[0.7900, 1.0000, 0.0000, 0.0000, 0.0000, 0.0000]])
tensor([[0.0050, 1.0000, 0.0000, 0.0000, 0.0000, 0.0000]])
tensor([[0.9186, 1.0000, 0.0000, 0.0000, 0.0000, 0.0000]])
tensor([[0.9636, 1.0000, 0.0000, 0.0000, 0.0000, 0.0000]])
tensor([[0.5643, 1.0000, 0.0000, 0.0000, 0.0000, 0.0000]])
tensor([[0.4686, 1.0000, 0.0000, 0.0000, 0.0000, 0.0000]])
tensor([[-0.2252,  1.0000,  0.0000,  0.0000,  0.0000,  0.0000]])
tensor([[0.0477, 1.0000, 0.0000, 0.0000, 0.0000, 0.0000]])
tensor([[-0.0280,  1.0000,  0.0000,  0.0000,  0.0000,  0.0000]])
tensor([[0.0054, 1.0000, 0.0000, 0.0000, 0.0000, 0.0000]])
tensor([[-0.0710,  1.0000,  0.0000,  0.0000,  0.0000,  0.0000]])
tensor([[0.5170, 1.0000, 0.0000, 0.0000, 0.0000, 0.0000]])
tensor([[0.9842, 1.0000, 0.0000, 0.0000, 0.0000, 0.0000]])
tensor([[0.4888, 1.0000, 0.0000, 0.0000, 0.0000, 0.0000]])
tensor([[0.9389, 1.0000, 0.0000, 0.0000, 0.0000, 0.0000]])
tensor([[0.9877, 1.0000, 0.0000, 0.0000, 0.0000, 0.0000]])
tensor([[0.9305, 1.0000, 0.0000, 0.0000, 0.0000, 0.0000]])
tensor([[0.9813, 1.0000, 0.0000, 0.0000, 0.0000, 0.0000]])
tensor([[0.9897, 1.0000, 0.0000, 0.0000, 0.0000, 0.0000]])
tensor([[0.7250, 1.0000, 0.0000, 0.0000, 0.0000, 0.0000]])
tensor([[0.7424, 1.0000, 0.0000, 0.0000, 0.0000, 0.0000]])
tensor([[0.7409, 1.0000, 0.0000, 0.0000, 0.0000, 0.0000]])
tensor([[-0.6487,  1.0000,  0.0000,  0.0000,  0.0000,  0.0000]])
tensor([[0.9214, 0.0000, 0.0000, 0.0000, 0.0000, 0.0000]])
tensor([[0.5153, 1.0000, 0.0000, 0.0000, 0.0000, 0.0000]])
tensor([[0.8605, 1.0000, 0.0000, 1.0000, 0.0000, 0.0000]])
tensor([[0.6702, 1.0000, 0.0000, 0.0000, 0.0000, 0.0000]])
tensor([[-0.0839,  1.0000,  0.0000,  0.0000,  0.0000,  0.0000]])
tensor([[0.6359, 1.0000, 0.0000, 0.0000, 0.0000, 0.0000]])
tensor([[0.6208, 1.0000, 0.0000, 0.0000, 0.0000, 0.0000]])
tensor([[0.9408, 1.0000, 0.0000, 0.0000, 0.0000, 0.0000]])
tensor([[0.9122, 0.0000, 0.0000, 0.0000, 0.0000, 0.0000]])
tensor([[-0.1490,  1.0000,  0.0000,  0.0000,  0.0000,  0.0000]])
tensor([[-0.5621,  1.0000,  0.0000,  0.0000,  0.0000,  0.0000]])
tensor([[0.6593, 1.0000, 0.0000, 0.0000, 0.0000, 0.0000]])
tensor([[0.2486, 1.0000, 0.0000, 0.0000, 0.0000, 0.0000]])
tensor([[-0.3184,  1.0000,  0.0000,  0.0000,  0.0000,  0.0000]])
tensor([[0.8692, 1.0000, 0.0000, 0.0000, 0.0000, 0.0000]])
tensor([[0.7852, 1.0000, 0.0000, 0.0000, 0.0000, 0.0000]])
tensor([[0.6665, 1.0000, 0.0000, 0.0000, 0.0000, 0.0000]])
tensor([[0.9224, 1.0000, 0.0000, 0.0000, 0.0000, 0.0000]])
tensor([[0.8698, 1.0000, 0.0000, 0.0000, 0.0000, 0.0000]])
tensor([[0.3775, 1.0000, 0.0000, 0.0000, 0.0000, 0.0000]])
tensor([[0.7866, 1.0000, 0.0000, 0.0000, 0.0000, 0.0000]])
tensor([[0.4735, 1.0000, 0.0000, 0.0000, 0.0000, 0.0000]])
tensor([[0.9499, 1.0000, 0.0000, 0.0000, 0.0000, 0.0000]])
tensor([[-0.0546,  1.0000,  0.0000,  0.0000,  0.0000,  0.0000]])
tensor([[0.1560, 1.0000, 0.0000, 0.0000, 0.0000, 0.0000]])
tensor([[0.0071, 1.0000, 0.0000, 0.0000, 0.0000, 0.0000]])
tensor([[0.1858, 1.0000, 0.0000, 0.0000, 0.0000, 0.0000]])
tensor([[0.9390, 1.0000, 0.0000, 0.0000, 0.0000, 0.0000]])
tensor([[0.6429, 1.0000, 0.0000, 0.0000, 0.0000, 0.0000]])
tensor([[0.6710, 1.0000, 0.0000, 0.0000, 0.0000, 0.0000]])
tensor([[0.6327, 1.0000, 0.0000, 0.0000, 0.0000, 0.0000]])
tensor([[0.5971, 1.0000, 0.0000, 0.0000, 0.0000, 0.0000]])
tensor([[0.6139, 1.0000, 0.0000, 0.0000, 0.0000, 0.0000]])
tensor([[0.8815, 1.0000, 0.0000, 0.0000, 0.0000, 0.0000]])
tensor([[0.0981, 0.0000, 0.0000, 0.0000, 0.0000, 0.0000]])
tensor([[0.8738, 1.0000, 0.0000, 0.0000, 0.0000, 0.0000]])
tensor([[0.2228, 1.0000, 0.0000, 0.0000, 0.0000, 0.0000]])
tensor([[-0.9782,  1.0000,  0.0000,  0.0000,  0.0000,  0.0000]])
tensor([[0.1442, 1.0000, 0.0000, 0.0000, 0.0000, 0.0000]])
tensor([[-0.4382,  1.0000,  0.0000,  0.0000,  0.0000,  0.0000]])
tensor([[-0.9697,  1.0000,  0.0000,  0.0000,  0.0000,  0.0000]])
tensor([[-0.9398,  1.0000,  0.0000,  0.0000,  0.0000,  0.0000]])
tensor([[-0.4689,  1.0000,  0.0000,  0.0000,  0.0000,  0.0000]])
tensor([[-0.7232,  1.0000,  0.0000,  0.0000,  0.0000,  0.0000]])
tensor([[0.8717, 1.0000, 0.0000, 0.0000, 0.0000, 0.0000]])
tensor([[0.0447, 1.0000, 0.0000, 0.0000, 0.0000, 0.0000]])
tensor([[-0.9063,  1.0000,  0.0000,  0.0000,  0.0000,  0.0000]])
tensor([[0.5912, 1.0000, 0.0000, 0.0000, 0.0000, 0.0000]])
tensor([[0.8122, 1.0000, 0.0000, 0.0000, 0.0000, 0.0000]])
tensor([[0.6106, 1.0000, 0.0000, 0.0000, 0.0000, 0.0000]])
tensor([[0.9488, 1.0000, 0.0000, 0.0000, 0.0000, 0.0000]])
tensor([[-0.5775,  1.0000,  0.0000,  0.0000,  0.0000,  0.0000]])
tensor([[0.6131, 1.0000, 0.0000, 0.0000, 0.0000, 0.0000]])
tensor([[0.7940, 1.0000, 0.0000, 0.0000, 0.0000, 0.0000]])
tensor([[-0.7756,  1.0000,  0.0000,  0.0000,  0.0000,  0.0000]])
tensor([[-0.7882,  1.0000,  0.0000,  0.0000,  0.0000,  0.0000]])
tensor([[-0.3896,  1.0000,  0.0000,  0.0000,  0.0000,  0.0000]])
tensor([[-0.6388,  1.0000,  0.0000,  0.0000,  0.0000,  0.0000]])
tensor([[0.6301, 1.0000, 0.0000, 0.0000, 0.0000, 0.0000]])
tensor([[-0.0280,  1.0000,  0.0000,  0.0000,  0.0000,  0.0000]])
tensor([[0.9019, 1.0000, 0.0000, 0.0000, 0.0000, 0.0000]])
tensor([[0.1607, 1.0000, 0.0000, 0.0000, 0.0000, 0.0000]])
tensor([[-0.1373,  1.0000,  0.0000,  0.0000,  0.0000,  0.0000]])
tensor([[0.6434, 1.0000, 0.0000, 0.0000, 0.0000, 0.0000]])
tensor([[0.0587, 1.0000, 0.0000, 0.0000, 0.0000, 0.0000]])
tensor([[-0.0964,  1.0000,  0.0000,  0.0000,  0.0000,  0.0000]])
tensor([[-0.1965,  1.0000,  0.0000,  0.0000,  0.0000,  0.0000]])
tensor([[-0.5106,  1.0000,  0.0000,  0.0000,  0.0000,  0.0000]])
tensor([[0.5816, 1.0000, 0.0000, 0.0000, 0.0000, 0.0000]])
tensor([[0.7725, 1.0000, 0.0000, 0.0000, 0.0000, 0.0000]])
tensor([[-0.8418,  1.0000,  0.0000,  0.0000,  0.0000,  0.0000]])
tensor([[0.4015, 1.0000, 0.0000, 0.0000, 0.0000, 0.0000]])
tensor([[-0.0309,  1.0000,  0.0000,  0.0000,  0.0000,  0.0000]])
tensor([[-0.3987,  1.0000,  0.0000,  0.0000,  0.0000,  0.0000]])
tensor([[0.5933, 1.0000, 0.0000, 0.0000, 0.0000, 0.0000]])
tensor([[0.9366, 1.0000, 0.0000, 0.0000, 0.0000, 0.0000]])
tensor([[0.7276, 1.0000, 0.0000, 0.0000, 0.0000, 0.0000]])
tensor([[0.4400, 1.0000, 0.0000, 0.0000, 0.0000, 0.0000]])
tensor([[-0.0298,  1.0000,  0.0000,  0.0000,  0.0000,  0.0000]])
tensor([[-0.5735,  1.0000,  0.0000,  0.0000,  0.0000,  0.0000]])
tensor([[-0.0270,  1.0000,  0.0000,  0.0000,  0.0000,  0.0000]])
tensor([[0.5476, 1.0000, 0.0000, 0.0000, 0.0000, 0.0000]])
tensor([[0.8208, 1.0000, 0.0000, 0.0000, 0.0000, 0.0000]])
tensor([[0.2815, 1.0000, 0.0000, 0.0000, 0.0000, 0.0000]])
tensor([[0.8612, 1.0000, 0.0000, 0.0000, 0.0000, 0.0000]])
tensor([[0.6712, 1.0000, 0.0000, 0.0000, 0.0000, 0.0000]])
tensor([[-0.7070,  1.0000,  0.0000,  0.0000,  0.0000,  0.0000]])
tensor([[0.8905, 1.0000, 0.0000, 0.0000, 0.0000, 0.0000]])
tensor([[0.8460, 1.0000, 0.0000, 0.0000, 0.0000, 0.0000]])
tensor([[0.1981, 1.0000, 0.0000, 0.0000, 0.0000, 0.0000]])
tensor([[0.6245, 1.0000, 0.0000, 0.0000, 0.0000, 0.0000]])
tensor([[0.6871, 1.0000, 0.0000, 0.0000, 0.0000, 0.0000]])
tensor([[-0.8116,  1.0000,  0.0000,  0.0000,  0.0000,  0.0000]])
tensor([[0.9429, 1.0000, 0.0000, 0.0000, 0.0000, 0.0000]])
tensor([[0.6646, 1.0000, 0.0000, 0.0000, 0.0000, 0.0000]])
tensor([[0.1476, 1.0000, 0.0000, 0.0000, 0.0000, 0.0000]])
tensor([[0.6984, 1.0000, 0.0000, 0.0000, 0.0000, 0.0000]])
tensor([[0.5844, 1.0000, 0.0000, 0.0000, 0.0000, 0.0000]])
tensor([[0.9370, 1.0000, 0.0000, 0.0000, 0.0000, 0.0000]])
tensor([[0.6257, 1.0000, 0.0000, 0.0000, 0.0000, 0.0000]])
tensor([[-0.3789,  1.0000,  0.0000,  0.0000,  0.0000,  0.0000]])
tensor([[0.6583, 1.0000, 0.0000, 0.0000, 0.0000, 0.0000]])
tensor([[-0.7409,  1.0000,  0.0000,  0.0000,  0.0000,  0.0000]])
tensor([[0.1510, 1.0000, 0.0000, 0.0000, 0.0000, 0.0000]])
tensor([[0.9382, 1.0000, 0.0000, 0.0000, 0.0000, 0.0000]])
tensor([[0.6199, 1.0000, 0.0000, 0.0000, 0.0000, 0.0000]])
tensor([[0.6495, 1.0000, 0.0000, 0.0000, 0.0000, 0.0000]])
tensor([[0.3933, 1.0000, 0.0000, 0.0000, 0.0000, 0.0000]])INFO:root:Agent 0 (TQCars): avg action time = 0.0010s

tensor([[0.5147, 1.0000, 0.0000, 0.0000, 0.0000, 0.0000]])
tensor([[0.9655, 1.0000, 0.0000, 0.0000, 0.0000, 0.0000]])
tensor([[0.7632, 1.0000, 0.0000, 0.0000, 0.0000, 0.0000]])
tensor([[-0.2157,  1.0000,  0.0000,  0.0000,  0.0000,  0.0000]])
tensor([[-0.3052,  1.0000,  0.0000,  0.0000,  0.0000,  0.0000]])
tensor([[0.6217, 1.0000, 0.0000, 0.0000, 0.0000, 0.0000]])
tensor([[-0.9524,  1.0000,  0.0000,  0.0000,  0.0000,  0.0000]])
tensor([[-0.4548,  1.0000,  0.0000,  0.0000,  0.0000,  0.0000]])
tensor([[-0.1664,  1.0000,  0.0000,  0.0000,  0.0000,  0.0000]])
tensor([[-0.3010,  1.0000,  0.0000,  0.0000,  0.0000,  0.0000]])
tensor([[-0.6110,  1.0000,  0.0000,  0.0000,  0.0000,  0.0000]])
tensor([[-0.4318,  1.0000,  0.0000,  0.0000,  0.0000,  0.0000]])
tensor([[-0.9014,  0.0000,  0.0000,  0.0000,  0.0000,  0.0000]])
tensor([[-0.4579,  1.0000,  0.0000,  0.0000,  0.0000,  0.0000]])
tensor([[0.3717, 1.0000, 0.0000, 0.0000, 0.0000, 0.0000]])
tensor([[-0.9499,  1.0000,  0.0000,  0.0000,  0.0000,  0.0000]])
tensor([[-0.0161,  1.0000,  0.0000,  0.0000,  0.0000,  0.0000]])
tensor([[-0.7983,  1.0000,  0.0000,  0.0000,  0.0000,  0.0000]])
tensor([[-0.7581,  1.0000,  0.0000,  0.0000,  0.0000,  0.0000]])
tensor([[-0.7748,  1.0000,  0.0000,  0.0000,  0.0000,  0.0000]])
tensor([[-0.9364,  1.0000,  0.0000,  0.0000,  0.0000,  0.0000]])
tensor([[-0.6282,  1.0000,  0.0000,  0.0000,  0.0000,  0.0000]])
tensor([[-0.9046,  1.0000,  0.0000,  0.0000,  0.0000,  0.0000]])
tensor([[-0.6302,  1.0000,  1.0000,  0.0000,  0.0000,  0.0000]])
tensor([[-0.9094,  1.0000,  0.0000,  0.0000,  0.0000,  0.0000]])
tensor([[-0.5026,  1.0000,  0.0000,  0.0000,  0.0000,  0.0000]])
tensor([[-0.3719,  0.0000,  0.0000,  0.0000,  0.0000,  0.0000]])
tensor([[-0.9313,  1.0000,  0.0000,  0.0000,  0.0000,  0.0000]])
tensor([[-0.7536,  1.0000,  0.0000,  0.0000,  0.0000,  0.0000]])
tensor([[-0.2796,  1.0000,  0.0000,  0.0000,  0.0000,  0.0000]])
tensor([[-0.2714,  1.0000,  0.0000,  0.0000,  0.0000,  0.0000]])
tensor([[-0.9545,  1.0000,  0.0000,  0.0000,  0.0000,  0.0000]])
tensor([[-0.9516,  1.0000,  0.0000,  0.0000,  0.0000,  0.0000]])
tensor([[-0.3224,  1.0000,  0.0000,  0.0000,  0.0000,  0.0000]])
tensor([[-0.0951,  1.0000,  0.0000,  0.0000,  0.0000,  0.0000]])
tensor([[-0.9353,  1.0000,  0.0000,  0.0000,  0.0000,  0.0000]])
tensor([[-0.4588,  1.0000,  0.0000,  0.0000,  0.0000,  0.0000]])
tensor([[-0.2494,  1.0000,  0.0000,  0.0000,  0.0000,  0.0000]])
tensor([[-0.7619,  1.0000,  0.0000,  0.0000,  0.0000,  0.0000]])
tensor([[-0.7279,  1.0000,  0.0000,  0.0000,  0.0000,  0.0000]])
tensor([[0.1097, 1.0000, 0.0000, 0.0000, 0.0000, 0.0000]])
tensor([[-0.5602,  1.0000,  0.0000,  0.0000,  0.0000,  0.0000]])
tensor([[-0.4801,  1.0000,  0.0000,  0.0000,  0.0000,  0.0000]])
tensor([[0.3642, 1.0000, 0.0000, 0.0000, 0.0000, 0.0000]])
tensor([[-0.2208,  1.0000,  0.0000,  0.0000,  0.0000,  0.0000]])
tensor([[-0.7008,  1.0000,  0.0000,  0.0000,  0.0000,  0.0000]])
tensor([[-0.9810,  1.0000,  0.0000,  0.0000,  0.0000,  0.0000]])
tensor([[-0.9710,  1.0000,  0.0000,  0.0000,  0.0000,  0.0000]])
tensor([[-0.3298,  1.0000,  0.0000,  0.0000,  0.0000,  0.0000]])
tensor([[-0.8686,  1.0000,  0.0000,  0.0000,  0.0000,  0.0000]])
tensor([[-0.9857,  1.0000,  0.0000,  0.0000,  0.0000,  1.0000]])
tensor([[-0.9951,  1.0000,  0.0000,  0.0000,  0.0000,  0.0000]])
tensor([[-0.3629,  1.0000,  0.0000,  0.0000,  0.0000,  0.0000]])
tensor([[0.7857, 1.0000, 0.0000, 0.0000, 0.0000, 0.0000]])
tensor([[-0.1538,  1.0000,  0.0000,  0.0000,  0.0000,  0.0000]])
tensor([[-0.7499,  1.0000,  0.0000,  0.0000,  0.0000,  0.0000]])
tensor([[-0.5019,  1.0000,  0.0000,  0.0000,  0.0000,  0.0000]])
tensor([[0.6953, 1.0000, 0.0000, 0.0000, 0.0000, 0.0000]])
tensor([[0.0918, 1.0000, 0.0000, 0.0000, 0.0000, 0.0000]])
tensor([[0.1602, 1.0000, 0.0000, 0.0000, 0.0000, 0.0000]])
tensor([[-0.8198,  1.0000,  0.0000,  0.0000,  0.0000,  0.0000]])
tensor([[-0.5286,  1.0000,  0.0000,  0.0000,  0.0000,  0.0000]])
tensor([[0.9648, 1.0000, 0.0000, 0.0000, 0.0000, 0.0000]])
tensor([[0.7051, 1.0000, 0.0000, 0.0000, 0.0000, 0.0000]])
tensor([[-0.0556,  1.0000,  0.0000,  0.0000,  0.0000,  0.0000]])
tensor([[0.4672, 1.0000, 0.0000, 0.0000, 0.0000, 0.0000]])
tensor([[0.5592, 1.0000, 0.0000, 0.0000, 0.0000, 0.0000]])
tensor([[0.6106, 1.0000, 0.0000, 0.0000, 0.0000, 0.0000]])
tensor([[0.5143, 1.0000, 0.0000, 0.0000, 0.0000, 0.0000]])
tensor([[0.2854, 1.0000, 0.0000, 0.0000, 0.0000, 0.0000]])
tensor([[-0.1480,  1.0000,  0.0000,  0.0000,  0.0000,  0.0000]])
tensor([[0.1699, 1.0000, 0.0000, 0.0000, 0.0000, 0.0000]])
{"type": "results", "track": "gran_paradiso_island", "results": [{"key": 0, "reward": 10.06600341796875, "position": 4, "name": "TQCars", "avg_action_time": 0.0009934970615745598}]}
