INFO:root:Loading the agents
INFO:root:Loaded player TQCars
INFO:root:Creating pystk-1
INFO:root:Adding wrapper <function get_wrappers.<locals>.<lambda> at 0x7d10bb6fb420>
INFO:root:Adding wrapper <function get_wrappers.<locals>.<lambda> at 0x7d10bb6fb4c0>
INFO:root:Adding wrapper <function get_wrappers.<locals>.<lambda> at 0x7d10bb6fb560>
INFO:root:Adding wrapper <function get_wrappers.<locals>.<lambda> at 0x7d10bb6fb600>
INFO:root:(multi-env mono adapter) Setting main environment max_paths to 5
INFO:root:Loading trained model from CHECKPOINT-GPUFAC/tqc_EXP14RACING_1000000.pt...
INFO:root:Starting a race
tensor([[0.6665, 1.0000, 0.0000, 0.0000, 0.0000, 0.0000]])
tensor([[0.2372, 1.0000, 0.0000, 0.0000, 0.0000, 0.0000]])
tensor([[0.8484, 1.0000, 0.0000, 0.0000, 0.0000, 0.0000]])
tensor([[0.7289, 1.0000, 0.0000, 0.0000, 0.0000, 0.0000]])
tensor([[0.4990, 1.0000, 0.0000, 0.0000, 0.0000, 0.0000]])
tensor([[0.7814, 1.0000, 0.0000, 0.0000, 0.0000, 0.0000]])
tensor([[0.6259, 1.0000, 0.0000, 0.0000, 0.0000, 0.0000]])
tensor([[0.6610, 1.0000, 0.0000, 0.0000, 0.0000, 0.0000]])
tensor([[0.4099, 1.0000, 0.0000, 0.0000, 0.0000, 0.0000]])
tensor([[0.7144, 1.0000, 0.0000, 0.0000, 0.0000, 0.0000]])
tensor([[0.8348, 1.0000, 0.0000, 0.0000, 0.0000, 0.0000]])
tensor([[0.3938, 1.0000, 0.0000, 0.0000, 0.0000, 0.0000]])
tensor([[0.9111, 1.0000, 0.0000, 0.0000, 0.0000, 0.0000]])
tensor([[0.5124, 1.0000, 0.0000, 0.0000, 0.0000, 0.0000]])
tensor([[0.9042, 1.0000, 0.0000, 0.0000, 0.0000, 0.0000]])
tensor([[0.8000, 1.0000, 0.0000, 0.0000, 0.0000, 0.0000]])
tensor([[0.9035, 1.0000, 0.0000, 0.0000, 0.0000, 0.0000]])
tensor([[0.9126, 1.0000, 0.0000, 0.0000, 0.0000, 0.0000]])
tensor([[0.8069, 1.0000, 0.0000, 0.0000, 0.0000, 0.0000]])
tensor([[0.7529, 1.0000, 0.0000, 0.0000, 0.0000, 0.0000]])
tensor([[-0.0457,  1.0000,  0.0000,  0.0000,  0.0000,  0.0000]])
tensor([[0.5693, 1.0000, 0.0000, 0.0000, 0.0000, 0.0000]])
tensor([[0.7804, 1.0000, 0.0000, 0.0000, 0.0000, 0.0000]])
tensor([[0.2360, 1.0000, 0.0000, 0.0000, 0.0000, 0.0000]])
tensor([[0.4510, 1.0000, 0.0000, 0.0000, 0.0000, 0.0000]])
tensor([[-0.7792,  1.0000,  0.0000,  0.0000,  0.0000,  0.0000]])
tensor([[-0.6848,  1.0000,  0.0000,  0.0000,  0.0000,  0.0000]])
tensor([[0.5735, 1.0000, 0.0000, 0.0000, 0.0000, 0.0000]])
tensor([[-0.1969,  1.0000,  0.0000,  0.0000,  0.0000,  0.0000]])
tensor([[0.3687, 1.0000, 0.0000, 0.0000, 0.0000, 0.0000]])
tensor([[0.2364, 1.0000, 0.0000, 0.0000, 0.0000, 0.0000]])
tensor([[0.3533, 1.0000, 0.0000, 0.0000, 0.0000, 0.0000]])
tensor([[0.0226, 1.0000, 0.0000, 0.0000, 0.0000, 0.0000]])
tensor([[-0.9935,  1.0000,  0.0000,  0.0000,  0.0000,  0.0000]])
tensor([[0.4176, 1.0000, 0.0000, 0.0000, 0.0000, 0.0000]])
tensor([[-0.2313,  1.0000,  0.0000,  0.0000,  0.0000,  0.0000]])
tensor([[-0.8236,  1.0000,  0.0000,  0.0000,  0.0000,  0.0000]])
tensor([[0.5441, 1.0000, 0.0000, 0.0000, 0.0000, 0.0000]])
tensor([[-0.6505,  1.0000,  0.0000,  0.0000,  0.0000,  0.0000]])
tensor([[0.0842, 1.0000, 0.0000, 0.0000, 0.0000, 0.0000]])
tensor([[-0.6681,  1.0000,  0.0000,  0.0000,  0.0000,  0.0000]])
tensor([[-0.0687,  1.0000,  0.0000,  0.0000,  0.0000,  0.0000]])
tensor([[-0.5928,  1.0000,  0.0000,  0.0000,  0.0000,  0.0000]])
tensor([[-0.0946,  1.0000,  0.0000,  0.0000,  0.0000,  0.0000]])
tensor([[0.3731, 1.0000, 0.0000, 0.0000, 0.0000, 0.0000]])
tensor([[-0.2582,  1.0000,  0.0000,  0.0000,  0.0000,  0.0000]])
tensor([[-0.4568,  1.0000,  0.0000,  0.0000,  0.0000,  0.0000]])
tensor([[-0.6403,  1.0000,  0.0000,  0.0000,  0.0000,  0.0000]])
tensor([[-0.7021,  1.0000,  0.0000,  0.0000,  0.0000,  0.0000]])
tensor([[-0.7781,  1.0000,  0.0000,  0.0000,  0.0000,  0.0000]])
tensor([[-0.3170,  1.0000,  0.0000,  0.0000,  0.0000,  0.0000]])
tensor([[0.4137, 1.0000, 0.0000, 0.0000, 0.0000, 0.0000]])
tensor([[-0.1595,  1.0000,  0.0000,  0.0000,  0.0000,  0.0000]])
tensor([[-0.6407,  1.0000,  0.0000,  0.0000,  0.0000,  0.0000]])
tensor([[-0.5598,  1.0000,  0.0000,  0.0000,  0.0000,  0.0000]])
tensor([[-0.6627,  1.0000,  0.0000,  0.0000,  0.0000,  0.0000]])
tensor([[-0.8661,  1.0000,  0.0000,  0.0000,  0.0000,  0.0000]])
tensor([[-0.5863,  1.0000,  0.0000,  0.0000,  0.0000,  0.0000]])
tensor([[0.9726, 1.0000, 0.0000, 0.0000, 0.0000, 0.0000]])
tensor([[-0.3565,  1.0000,  0.0000,  0.0000,  0.0000,  0.0000]])
tensor([[0.4768, 1.0000, 0.0000, 0.0000, 0.0000, 0.0000]])
tensor([[-0.4631,  1.0000,  0.0000,  0.0000,  0.0000,  0.0000]])
tensor([[-0.2507,  1.0000,  0.0000,  0.0000,  0.0000,  0.0000]])
tensor([[-0.8266,  1.0000,  0.0000,  0.0000,  0.0000,  0.0000]])
tensor([[-0.9685,  1.0000,  0.0000,  0.0000,  0.0000,  0.0000]])
tensor([[0.2981, 1.0000, 0.0000, 0.0000, 0.0000, 0.0000]])
tensor([[-0.7424,  1.0000,  0.0000,  0.0000,  0.0000,  0.0000]])
tensor([[-0.7388,  0.0000,  0.0000,  0.0000,  0.0000,  0.0000]])
tensor([[-0.4304,  1.0000,  0.0000,  0.0000,  0.0000,  0.0000]])
tensor([[0.2495, 1.0000, 0.0000, 0.0000, 0.0000, 0.0000]])
tensor([[-0.3426,  1.0000,  0.0000,  0.0000,  0.0000,  0.0000]])
tensor([[-0.3635,  1.0000,  0.0000,  0.0000,  0.0000,  0.0000]])
tensor([[0.5209, 1.0000, 0.0000, 0.0000, 0.0000, 0.0000]])
tensor([[0.6555, 1.0000, 0.0000, 0.0000, 0.0000, 0.0000]])
tensor([[-0.8156,  1.0000,  0.0000,  0.0000,  0.0000,  0.0000]])
tensor([[0.6843, 1.0000, 0.0000, 0.0000, 0.0000, 0.0000]])
tensor([[0.0230, 1.0000, 0.0000, 0.0000, 0.0000, 0.0000]])
tensor([[0.0147, 1.0000, 0.0000, 0.0000, 0.0000, 0.0000]])
tensor([[0.2490, 1.0000, 0.0000, 0.0000, 0.0000, 0.0000]])
tensor([[0.4729, 1.0000, 0.0000, 0.0000, 0.0000, 0.0000]])
tensor([[0.4758, 1.0000, 0.0000, 0.0000, 0.0000, 0.0000]])
tensor([[0.2643, 1.0000, 0.0000, 0.0000, 0.0000, 0.0000]])
tensor([[0.3655, 1.0000, 0.0000, 0.0000, 0.0000, 0.0000]])
tensor([[0.3827, 1.0000, 0.0000, 0.0000, 0.0000, 0.0000]])
tensor([[0.3344, 1.0000, 0.0000, 0.0000, 0.0000, 0.0000]])
tensor([[-0.7043,  1.0000,  0.0000,  0.0000,  0.0000,  0.0000]])
tensor([[0.7202, 1.0000, 0.0000, 0.0000, 0.0000, 0.0000]])
tensor([[0.6881, 1.0000, 0.0000, 0.0000, 0.0000, 0.0000]])
tensor([[-0.7768,  1.0000,  0.0000,  0.0000,  0.0000,  0.0000]])
tensor([[0.6579, 1.0000, 0.0000, 0.0000, 0.0000, 0.0000]])
tensor([[0.9600, 1.0000, 0.0000, 0.0000, 0.0000, 0.0000]])
tensor([[0.9757, 1.0000, 0.0000, 0.0000, 0.0000, 0.0000]])
tensor([[0.8690, 1.0000, 0.0000, 0.0000, 0.0000, 0.0000]])
tensor([[0.8527, 1.0000, 0.0000, 0.0000, 0.0000, 0.0000]])
tensor([[0.8780, 1.0000, 0.0000, 0.0000, 0.0000, 0.0000]])
tensor([[0.9031, 1.0000, 0.0000, 0.0000, 0.0000, 0.0000]])
tensor([[0.7263, 1.0000, 0.0000, 0.0000, 0.0000, 0.0000]])
tensor([[0.9432, 1.0000, 0.0000, 0.0000, 0.0000, 0.0000]])
tensor([[0.9667, 1.0000, 0.0000, 0.0000, 0.0000, 0.0000]])
tensor([[-0.1541,  1.0000,  0.0000,  0.0000,  0.0000,  0.0000]])
tensor([[-0.8106,  1.0000,  0.0000,  0.0000,  0.0000,  0.0000]])
tensor([[0.1866, 1.0000, 0.0000, 0.0000, 0.0000, 0.0000]])
tensor([[0.6761, 1.0000, 0.0000, 0.0000, 0.0000, 0.0000]])
tensor([[0.9601, 1.0000, 0.0000, 0.0000, 0.0000, 0.0000]])
tensor([[0.9546, 1.0000, 0.0000, 0.0000, 0.0000, 0.0000]])
tensor([[0.8625, 1.0000, 0.0000, 0.0000, 0.0000, 0.0000]])
tensor([[0.3213, 1.0000, 0.0000, 0.0000, 0.0000, 0.0000]])
tensor([[-0.4569,  1.0000,  0.0000,  0.0000,  0.0000,  0.0000]])
tensor([[0.9469, 1.0000, 0.0000, 0.0000, 0.0000, 0.0000]])
tensor([[0.7535, 1.0000, 0.0000, 0.0000, 0.0000, 0.0000]])
tensor([[0.5656, 1.0000, 0.0000, 0.0000, 0.0000, 0.0000]])
tensor([[0.7216, 1.0000, 0.0000, 0.0000, 0.0000, 0.0000]])
tensor([[0.5324, 1.0000, 0.0000, 0.0000, 0.0000, 0.0000]])
tensor([[0.5760, 1.0000, 0.0000, 0.0000, 0.0000, 0.0000]])
tensor([[0.7791, 1.0000, 0.0000, 0.0000, 0.0000, 0.0000]])
tensor([[-0.5904,  1.0000,  0.0000,  0.0000,  0.0000,  0.0000]])
tensor([[-0.4925,  1.0000,  0.0000,  0.0000,  0.0000,  0.0000]])
tensor([[0.2176, 1.0000, 0.0000, 0.0000, 0.0000, 0.0000]])
tensor([[0.0584, 1.0000, 0.0000, 0.0000, 0.0000, 0.0000]])
tensor([[0.6051, 1.0000, 0.0000, 0.0000, 0.0000, 0.0000]])
tensor([[0.8148, 1.0000, 0.0000, 0.0000, 0.0000, 0.0000]])
tensor([[-0.8410,  1.0000,  0.0000,  0.0000,  0.0000,  0.0000]])
tensor([[0.9795, 1.0000, 0.0000, 0.0000, 0.0000, 0.0000]])
tensor([[0.9922, 1.0000, 0.0000, 0.0000, 0.0000, 0.0000]])
tensor([[0.4512, 1.0000, 0.0000, 0.0000, 0.0000, 0.0000]])
tensor([[0.0408, 1.0000, 0.0000, 0.0000, 0.0000, 0.0000]])
tensor([[-0.2981,  1.0000,  0.0000,  0.0000,  0.0000,  0.0000]])
tensor([[0.5818, 1.0000, 0.0000, 0.0000, 0.0000, 0.0000]])
tensor([[0.8198, 1.0000, 0.0000, 0.0000, 0.0000, 0.0000]])
tensor([[0.0337, 1.0000, 0.0000, 0.0000, 0.0000, 0.0000]])
tensor([[-0.5054,  1.0000,  0.0000,  0.0000,  0.0000,  0.0000]])
tensor([[-0.1463,  1.0000,  0.0000,  0.0000,  0.0000,  0.0000]])
tensor([[0.2170, 1.0000, 0.0000, 0.0000, 0.0000, 0.0000]])
tensor([[0.7288, 1.0000, 0.0000, 0.0000, 0.0000, 0.0000]])
tensor([[0.5932, 1.0000, 0.0000, 0.0000, 0.0000, 0.0000]])
tensor([[0.9302, 1.0000, 0.0000, 0.0000, 0.0000, 0.0000]])
tensor([[0.9490, 1.0000, 0.0000, 0.0000, 0.0000, 0.0000]])
tensor([[0.7472, 1.0000, 0.0000, 0.0000, 0.0000, 0.0000]])
tensor([[0.8143, 1.0000, 0.0000, 0.0000, 0.0000, 0.0000]])
tensor([[-0.0217,  1.0000,  0.0000,  0.0000,  0.0000,  0.0000]])
tensor([[0.8091, 1.0000, 0.0000, 0.0000, 0.0000, 0.0000]])
tensor([[-0.9833,  1.0000,  0.0000,  0.0000,  0.0000,  0.0000]])
tensor([[-0.9524,  1.0000,  0.0000,  0.0000,  0.0000,  0.0000]])
tensor([[0.8036, 1.0000, 0.0000, 0.0000, 0.0000, 0.0000]])
tensor([[-0.9817,  1.0000,  0.0000,  0.0000,  0.0000,  0.0000]])
tensor([[-0.9759,  1.0000,  0.0000,  0.0000,  0.0000,  0.0000]])
tensor([[-0.9225,  1.0000,  0.0000,  0.0000,  0.0000,  0.0000]])
tensor([[-0.9560,  1.0000,  0.0000,  0.0000,  0.0000,  0.0000]])
tensor([[-0.2509,  1.0000,  0.0000,  0.0000,  0.0000,  0.0000]])
tensor([[-0.5638,  1.0000,  0.0000,  0.0000,  0.0000,  0.0000]])
tensor([[0.2860, 1.0000, 0.0000, 0.0000, 0.0000, 0.0000]])
tensor([[-0.6660,  1.0000,  0.0000,  0.0000,  0.0000,  0.0000]])
tensor([[-0.6074,  1.0000,  0.0000,  0.0000,  0.0000,  0.0000]])
tensor([[-0.8954,  1.0000,  0.0000,  0.0000,  0.0000,  0.0000]])
tensor([[0.6678, 0.0000, 0.0000, 0.0000, 0.0000, 0.0000]])
tensor([[-0.7616,  1.0000,  0.0000,  0.0000,  0.0000,  0.0000]])
tensor([[-0.6040,  1.0000,  0.0000,  0.0000,  0.0000,  0.0000]])
tensor([[0.8489, 1.0000, 0.0000, 0.0000, 0.0000, 0.0000]])
tensor([[0.2044, 1.0000, 0.0000, 0.0000, 0.0000, 0.0000]])
tensor([[0.1258, 1.0000, 0.0000, 0.0000, 0.0000, 0.0000]])
tensor([[-0.5566,  1.0000,  0.0000,  0.0000,  0.0000,  0.0000]])
tensor([[-0.6763,  1.0000,  0.0000,  0.0000,  0.0000,  0.0000]])
tensor([[0.0267, 1.0000, 0.0000, 0.0000, 0.0000, 0.0000]])
tensor([[0.8634, 1.0000, 0.0000, 0.0000, 0.0000, 0.0000]])
tensor([[-0.9220,  1.0000,  0.0000,  0.0000,  0.0000,  0.0000]])
tensor([[-0.9674,  1.0000,  0.0000,  0.0000,  0.0000,  0.0000]])
tensor([[-0.7126,  1.0000,  0.0000,  0.0000,  0.0000,  0.0000]])
tensor([[-0.3156,  1.0000,  0.0000,  0.0000,  0.0000,  0.0000]])
tensor([[0.7918, 1.0000, 0.0000, 0.0000, 0.0000, 0.0000]])
tensor([[-0.0176,  1.0000,  0.0000,  0.0000,  0.0000,  0.0000]])
tensor([[-0.7423,  1.0000,  0.0000,  0.0000,  0.0000,  0.0000]])
tensor([[-0.3167,  1.0000,  0.0000,  0.0000,  0.0000,  0.0000]])
tensor([[-0.8093,  1.0000,  0.0000,  0.0000,  0.0000,  0.0000]])
tensor([[-0.5338,  1.0000,  0.0000,  0.0000,  0.0000,  0.0000]])
tensor([[-0.9132,  1.0000,  0.0000,  0.0000,  0.0000,  0.0000]])
tensor([[-0.7779,  1.0000,  0.0000,  0.0000,  0.0000,  0.0000]])
tensor([[-0.8668,  1.0000,  0.0000,  0.0000,  0.0000,  0.0000]])
tensor([[-0.6452,  1.0000,  0.0000,  0.0000,  0.0000,  0.0000]])
tensor([[-0.8339,  1.0000,  0.0000,  0.0000,  0.0000,  0.0000]])
tensor([[-0.1052,  1.0000,  0.0000,  0.0000,  0.0000,  0.0000]])
tensor([[-0.9687,  1.0000,  0.0000,  0.0000,  0.0000,  0.0000]])
tensor([[0.6409, 1.0000, 0.0000, 0.0000, 0.0000, 0.0000]])
tensor([[0.5923, 1.0000, 0.0000, 0.0000, 0.0000, 0.0000]])
tensor([[-0.7883,  1.0000,  0.0000,  0.0000,  0.0000,  0.0000]])
tensor([[-0.7077,  1.0000,  0.0000,  0.0000,  0.0000,  0.0000]])
tensor([[-0.3691,  1.0000,  0.0000,  0.0000,  0.0000,  0.0000]])
tensor([[-0.8578,  1.0000,  0.0000,  0.0000,  0.0000,  0.0000]])
tensor([[-0.9682,  1.0000,  0.0000,  0.0000,  0.0000,  0.0000]])
tensor([[-0.6754,  1.0000,  0.0000,  0.0000,  0.0000,  0.0000]])
tensor([[-0.8899,  1.0000,  0.0000,  0.0000,  0.0000,  0.0000]])
tensor([[-0.9604,  1.0000,  0.0000,  0.0000,  0.0000,  0.0000]])
tensor([[0.4031, 1.0000, 0.0000, 0.0000, 0.0000, 0.0000]])
tensor([[-0.8378,  1.0000,  0.0000,  0.0000,  0.0000,  0.0000]])
tensor([[-0.9189,  1.0000,  0.0000,  0.0000,  0.0000,  0.0000]])
tensor([[-0.4956,  1.0000,  0.0000,  0.0000,  0.0000,  0.0000]])
tensor([[-0.5509,  1.0000,  0.0000,  0.0000,  0.0000,  0.0000]])
tensor([[0.7476, 1.0000, 0.0000, 0.0000, 0.0000, 0.0000]])
tensor([[-0.9546,  1.0000,  0.0000,  0.0000,  0.0000,  0.0000]])
tensor([[-0.9711,  1.0000,  0.0000,  0.0000,  0.0000,  0.0000]])
tensor([[-0.5916,  1.0000,  0.0000,  0.0000,  0.0000,  0.0000]])
tensor([[-0.6872,  1.0000,  0.0000,  0.0000,  0.0000,  0.0000]])
tensor([[0.2304, 1.0000, 0.0000, 0.0000, 0.0000, 0.0000]])
tensor([[0.3353, 1.0000, 0.0000, 0.0000, 0.0000, 0.0000]])
tensor([[-0.5498,  1.0000,  0.0000,  0.0000,  0.0000,  0.0000]])
tensor([[0.0303, 1.0000, 0.0000, 0.0000, 0.0000, 0.0000]])
tensor([[-0.6390,  1.0000,  0.0000,  0.0000,  0.0000,  0.0000]])
tensor([[-0.0147,  1.0000,  0.0000,  0.0000,  0.0000,  0.0000]])
tensor([[-0.5719,  1.0000,  0.0000,  0.0000,  0.0000,  0.0000]])
tensor([[0.0361, 1.0000, 0.0000, 0.0000, 0.0000, 0.0000]])
tensor([[0.4128, 1.0000, 0.0000, 0.0000, 0.0000, 0.0000]])
tensor([[-0.4164,  1.0000,  0.0000,  0.0000,  0.0000,  0.0000]])
tensor([[-0.5094,  1.0000,  0.0000,  0.0000,  0.0000,  0.0000]])
tensor([[0.5848, 1.0000, 0.0000, 0.0000, 0.0000, 0.0000]])
tensor([[0.7504, 1.0000, 0.0000, 0.0000, 0.0000, 0.0000]])
tensor([[-0.6674,  1.0000,  0.0000,  0.0000,  0.0000,  0.0000]])
tensor([[-0.4025,  1.0000,  0.0000,  0.0000,  0.0000,  0.0000]])
tensor([[0.1930, 1.0000, 0.0000, 0.0000, 0.0000, 0.0000]])
tensor([[0.9822, 1.0000, 0.0000, 0.0000, 0.0000, 0.0000]])
tensor([[0.9611, 1.0000, 0.0000, 0.0000, 0.0000, 0.0000]])
tensor([[0.9732, 1.0000, 0.0000, 0.0000, 0.0000, 0.0000]])
tensor([[0.6928, 1.0000, 0.0000, 0.0000, 0.0000, 0.0000]])
tensor([[0.8574, 1.0000, 0.0000, 0.0000, 0.0000, 0.0000]])
tensor([[0.8482, 1.0000, 0.0000, 0.0000, 0.0000, 0.0000]])
tensor([[0.8382, 1.0000, 0.0000, 0.0000, 0.0000, 0.0000]])
tensor([[0.9574, 1.0000, 0.0000, 0.0000, 0.0000, 0.0000]])
tensor([[0.9127, 1.0000, 0.0000, 0.0000, 0.0000, 0.0000]])
tensor([[-0.0305,  1.0000,  0.0000,  0.0000,  0.0000,  0.0000]])
tensor([[-0.4462,  1.0000,  0.0000,  0.0000,  0.0000,  0.0000]])
tensor([[-0.0122,  1.0000,  0.0000,  0.0000,  0.0000,  0.0000]])
tensor([[0.5604, 0.0000, 0.0000, 0.0000, 0.0000, 0.0000]])
tensor([[-0.7393,  1.0000,  0.0000,  0.0000,  0.0000,  0.0000]])
tensor([[0.1752, 1.0000, 0.0000, 0.0000, 0.0000, 0.0000]])
tensor([[0.9008, 1.0000, 0.0000, 0.0000, 0.0000, 0.0000]])
tensor([[0.8362, 1.0000, 0.0000, 0.0000, 0.0000, 0.0000]])
tensor([[0.8410, 1.0000, 0.0000, 0.0000, 0.0000, 0.0000]])
tensor([[0.9868, 1.0000, 0.0000, 0.0000, 0.0000, 0.0000]])
tensor([[0.2061, 1.0000, 0.0000, 0.0000, 0.0000, 0.0000]])
tensor([[0.3948, 1.0000, 0.0000, 0.0000, 0.0000, 0.0000]])
tensor([[-0.7927,  1.0000,  0.0000,  0.0000,  0.0000,  0.0000]])
tensor([[-0.4438,  1.0000,  0.0000,  0.0000,  0.0000,  0.0000]])
tensor([[-0.1948,  1.0000,  0.0000,  0.0000,  0.0000,  0.0000]])
tensor([[-0.0193,  1.0000,  0.0000,  0.0000,  0.0000,  0.0000]])
tensor([[-0.9111,  1.0000,  0.0000,  0.0000,  0.0000,  0.0000]])
tensor([[-0.8110,  1.0000,  0.0000,  0.0000,  0.0000,  0.0000]])
tensor([[-0.5318,  1.0000,  0.0000,  0.0000,  0.0000,  0.0000]])
tensor([[-0.1417,  1.0000,  0.0000,  0.0000,  0.0000,  0.0000]])
tensor([[0.9492, 1.0000, 0.0000, 0.0000, 0.0000, 0.0000]])
tensor([[0.9814, 1.0000, 0.0000, 0.0000, 0.0000, 0.0000]])
tensor([[0.7067, 1.0000, 0.0000, 0.0000, 0.0000, 0.0000]])
tensor([[0.8322, 1.0000, 0.0000, 0.0000, 0.0000, 0.0000]])
tensor([[0.3802, 1.0000, 0.0000, 0.0000, 0.0000, 0.0000]])
tensor([[-0.2284,  1.0000,  0.0000,  0.0000,  0.0000,  0.0000]])
tensor([[0.5687, 1.0000, 0.0000, 0.0000, 0.0000, 0.0000]])
tensor([[-0.8179,  1.0000,  0.0000,  0.0000,  0.0000,  0.0000]])
tensor([[0.3255, 1.0000, 0.0000, 0.0000, 0.0000, 0.0000]])
tensor([[0.5246, 1.0000, 0.0000, 0.0000, 0.0000, 0.0000]])
tensor([[-0.4469,  1.0000,  0.0000,  0.0000,  0.0000,  0.0000]])
tensor([[0.6925, 1.0000, 0.0000, 0.0000, 0.0000, 0.0000]])
tensor([[0.9295, 1.0000, 0.0000, 0.0000, 0.0000, 0.0000]])
tensor([[0.5583, 1.0000, 0.0000, 0.0000, 0.0000, 0.0000]])
tensor([[-0.3426,  1.0000,  0.0000,  0.0000,  0.0000,  0.0000]])
tensor([[-0.9261,  1.0000,  0.0000,  0.0000,  0.0000,  0.0000]])
tensor([[-0.8643,  1.0000,  0.0000,  0.0000,  0.0000,  0.0000]])
tensor([[-0.6077,  1.0000,  0.0000,  0.0000,  0.0000,  0.0000]])
tensor([[0.0445, 1.0000, 0.0000, 0.0000, 0.0000, 0.0000]])
tensor([[-0.4253,  0.0000,  0.0000,  0.0000,  0.0000,  0.0000]])
tensor([[-0.4098,  1.0000,  0.0000,  0.0000,  0.0000,  0.0000]])
tensor([[0.2276, 1.0000, 0.0000, 0.0000, 0.0000, 0.0000]])
tensor([[0.3812, 1.0000, 0.0000, 0.0000, 0.0000, 0.0000]])
tensor([[-0.4470,  1.0000,  0.0000,  0.0000,  0.0000,  0.0000]])
tensor([[-0.2701,  1.0000,  0.0000,  0.0000,  0.0000,  0.0000]])
tensor([[0.0945, 1.0000, 0.0000, 0.0000, 0.0000, 0.0000]])
tensor([[0.3301, 1.0000, 0.0000, 0.0000, 0.0000, 0.0000]])
tensor([[-0.2979,  1.0000,  0.0000,  0.0000,  0.0000,  0.0000]])
tensor([[-0.8098,  1.0000,  0.0000,  0.0000,  0.0000,  0.0000]])
tensor([[0.5156, 1.0000, 0.0000, 0.0000, 0.0000, 0.0000]])
tensor([[-0.6120,  1.0000,  0.0000,  0.0000,  0.0000,  0.0000]])
tensor([[-0.4227,  1.0000,  0.0000,  0.0000,  0.0000,  0.0000]])
tensor([[-0.9315,  1.0000,  0.0000,  0.0000,  0.0000,  0.0000]])
tensor([[0.6128, 1.0000, 0.0000, 0.0000, 0.0000, 0.0000]])
tensor([[-0.5533,  1.0000,  0.0000,  0.0000,  0.0000,  0.0000]])
tensor([[-0.0510,  1.0000,  0.0000,  0.0000,  0.0000,  0.0000]])
tensor([[-0.6959,  1.0000,  0.0000,  0.0000,  0.0000,  0.0000]])
tensor([[-0.5043,  1.0000,  0.0000,  0.0000,  0.0000,  0.0000]])
tensor([[0.8006, 1.0000, 0.0000, 0.0000, 0.0000, 0.0000]])
tensor([[-0.8379,  1.0000,  0.0000,  0.0000,  0.0000,  0.0000]])
tensor([[-0.7016,  1.0000,  0.0000,  0.0000,  0.0000,  0.0000]])
tensor([[-0.5273,  1.0000,  0.0000,  0.0000,  0.0000,  0.0000]])
tensor([[0.9197, 1.0000, 0.0000, 0.0000, 0.0000, 0.0000]])
tensor([[-0.2531,  1.0000,  0.0000,  0.0000,  0.0000,  0.0000]])
tensor([[-0.9310,  1.0000,  0.0000,  0.0000,  0.0000,  0.0000]])
tensor([[0.5603, 1.0000, 0.0000, 0.0000, 0.0000, 0.0000]])
tensor([[-0.4161,  1.0000,  0.0000,  0.0000,  0.0000,  0.0000]])
tensor([[-0.9319,  1.0000,  0.0000,  0.0000,  0.0000,  0.0000]])
tensor([[0.5177, 1.0000, 0.0000, 0.0000, 0.0000, 0.0000]])
tensor([[-0.3887,  1.0000,  0.0000,  0.0000,  0.0000,  0.0000]])
tensor([[-0.9772,  1.0000,  0.0000,  0.0000,  0.0000,  0.0000]])
tensor([[-0.8444,  1.0000,  0.0000,  0.0000,  0.0000,  0.0000]])
tensor([[0.4342, 1.0000, 0.0000, 0.0000, 0.0000, 0.0000]])
tensor([[0.5426, 1.0000, 0.0000, 0.0000, 0.0000, 0.0000]])
tensor([[-0.1641,  1.0000,  0.0000,  0.0000,  0.0000,  0.0000]])
tensor([[-0.4052,  1.0000,  0.0000,  0.0000,  0.0000,  0.0000]])
tensor([[0.2994, 1.0000, 0.0000, 0.0000, 0.0000, 0.0000]])
tensor([[-0.1229,  1.0000,  0.0000,  0.0000,  0.0000,  0.0000]])
tensor([[0.1360, 1.0000, 0.0000, 0.0000, 0.0000, 0.0000]])
tensor([[-0.6961,  1.0000,  0.0000,  0.0000,  0.0000,  0.0000]])
tensor([[0.3430, 1.0000, 0.0000, 0.0000, 0.0000, 0.0000]])
tensor([[0.3564, 1.0000, 0.0000, 0.0000, 0.0000, 0.0000]])
tensor([[-0.8844,  1.0000,  0.0000,  0.0000,  0.0000,  0.0000]])
tensor([[-0.7706,  1.0000,  0.0000,  0.0000,  0.0000,  0.0000]])
tensor([[-0.2781,  1.0000,  0.0000,  0.0000,  0.0000,  0.0000]])
tensor([[0.2705, 1.0000, 0.0000, 0.0000, 0.0000, 0.0000]])
tensor([[-0.8021,  1.0000,  0.0000,  0.0000,  0.0000,  0.0000]])
tensor([[-0.7449,  1.0000,  0.0000,  0.0000,  0.0000,  0.0000]])
tensor([[0.4652, 1.0000, 0.0000, 0.0000, 0.0000, 0.0000]])
tensor([[0.2328, 1.0000, 0.0000, 0.0000, 0.0000, 0.0000]])
tensor([[-0.7089,  1.0000,  0.0000,  0.0000,  0.0000,  0.0000]])
tensor([[-0.7824,  1.0000,  0.0000,  0.0000,  0.0000,  0.0000]])
tensor([[-0.4056,  1.0000,  0.0000,  0.0000,  0.0000,  0.0000]])
tensor([[0.0172, 1.0000, 0.0000, 0.0000, 0.0000, 0.0000]])
tensor([[-0.1577,  1.0000,  0.0000,  0.0000,  0.0000,  0.0000]])
tensor([[-0.9314,  1.0000,  0.0000,  0.0000,  0.0000,  0.0000]])
tensor([[-0.8045,  1.0000,  0.0000,  0.0000,  0.0000,  0.0000]])
tensor([[-0.6547,  1.0000,  0.0000,  0.0000,  0.0000,  0.0000]])
tensor([[-0.4754,  1.0000,  0.0000,  0.0000,  0.0000,  0.0000]])
tensor([[0.9447, 1.0000, 0.0000, 0.0000, 0.0000, 0.0000]])
tensor([[-0.1227,  1.0000,  0.0000,  0.0000,  0.0000,  0.0000]])
tensor([[0.8014, 1.0000, 0.0000, 0.0000, 0.0000, 0.0000]])
tensor([[-0.7918,  1.0000,  0.0000,  0.0000,  0.0000,  0.0000]])
tensor([[-0.8807,  1.0000,  0.0000,  0.0000,  0.0000,  0.0000]])
tensor([[-0.8032,  1.0000,  0.0000,  0.0000,  0.0000,  0.0000]])
tensor([[0.5529, 1.0000, 0.0000, 0.0000, 0.0000, 0.0000]])
tensor([[0.7218, 1.0000, 0.0000, 0.0000, 0.0000, 0.0000]])
tensor([[0.0585, 1.0000, 0.0000, 0.0000, 0.0000, 0.0000]])
tensor([[-0.3243,  1.0000,  0.0000,  0.0000,  0.0000,  0.0000]])
tensor([[-0.9228,  1.0000,  0.0000,  0.0000,  0.0000,  0.0000]])
tensor([[0.8189, 1.0000, 0.0000, 0.0000, 0.0000, 0.0000]])
tensor([[-0.5144,  1.0000,  0.0000,  0.0000,  0.0000,  0.0000]])
tensor([[0.4996, 1.0000, 0.0000, 0.0000, 0.0000, 0.0000]])
tensor([[-0.0401,  1.0000,  0.0000,  0.0000,  0.0000,  0.0000]])
tensor([[-0.9371,  1.0000,  0.0000,  0.0000,  0.0000,  0.0000]])
tensor([[-0.8728,  1.0000,  0.0000,  0.0000,  0.0000,  0.0000]])
tensor([[-0.7257,  1.0000,  0.0000,  0.0000,  0.0000,  0.0000]])
tensor([[-0.3621,  1.0000,  0.0000,  0.0000,  0.0000,  0.0000]])
tensor([[0.8828, 1.0000, 0.0000, 0.0000, 0.0000, 0.0000]])
tensor([[-0.4468,  1.0000,  0.0000,  0.0000,  0.0000,  0.0000]])
tensor([[0.7807, 1.0000, 0.0000, 0.0000, 0.0000, 0.0000]])
tensor([[0.5980, 1.0000, 0.0000, 0.0000, 0.0000, 0.0000]])
tensor([[0.2124, 1.0000, 0.0000, 0.0000, 0.0000, 0.0000]])
tensor([[-0.6048,  1.0000,  0.0000,  0.0000,  0.0000,  0.0000]])
tensor([[0.1142, 1.0000, 0.0000, 0.0000, 0.0000, 0.0000]])
tensor([[0.0090, 1.0000, 0.0000, 0.0000, 0.0000, 0.0000]])
tensor([[-0.3970,  1.0000,  0.0000,  0.0000,  0.0000,  0.0000]])
tensor([[0.4302, 0.0000, 0.0000, 0.0000, 0.0000, 0.0000]])
tensor([[0.2058, 1.0000, 0.0000, 0.0000, 0.0000, 0.0000]])
tensor([[-0.9865,  1.0000,  0.0000,  0.0000,  0.0000,  0.0000]])
tensor([[-0.6650,  1.0000,  0.0000,  0.0000,  0.0000,  0.0000]])
tensor([[-0.7400,  1.0000,  0.0000,  0.0000,  0.0000,  0.0000]])
tensor([[0.3521, 1.0000, 0.0000, 0.0000, 0.0000, 0.0000]])
tensor([[0.4069, 1.0000, 0.0000, 0.0000, 0.0000, 0.0000]])
tensor([[0.7827, 1.0000, 0.0000, 0.0000, 0.0000, 0.0000]])
tensor([[0.3713, 1.0000, 0.0000, 0.0000, 0.0000, 0.0000]])
tensor([[-0.8042,  1.0000,  1.0000,  0.0000,  0.0000,  0.0000]])
tensor([[0.0658, 1.0000, 0.0000, 0.0000, 0.0000, 0.0000]])
tensor([[0.8796, 1.0000, 0.0000, 0.0000, 0.0000, 0.0000]])
tensor([[0.8968, 1.0000, 0.0000, 0.0000, 0.0000, 0.0000]])
tensor([[0.9104, 1.0000, 0.0000, 0.0000, 0.0000, 0.0000]])
tensor([[0.9588, 1.0000, 0.0000, 0.0000, 0.0000, 0.0000]])
tensor([[0.8225, 1.0000, 0.0000, 0.0000, 0.0000, 0.0000]])
tensor([[0.4196, 1.0000, 0.0000, 0.0000, 0.0000, 0.0000]])
tensor([[0.9713, 1.0000, 0.0000, 0.0000, 0.0000, 0.0000]])
tensor([[0.8680, 1.0000, 0.0000, 0.0000, 0.0000, 0.0000]])
tensor([[0.9439, 1.0000, 0.0000, 0.0000, 0.0000, 0.0000]])
tensor([[0.3275, 1.0000, 0.0000, 0.0000, 0.0000, 0.0000]])
tensor([[0.3897, 1.0000, 0.0000, 0.0000, 0.0000, 0.0000]])
tensor([[-0.9731,  1.0000,  0.0000,  0.0000,  0.0000,  0.0000]])
tensor([[-0.9887,  1.0000,  0.0000,  0.0000,  0.0000,  0.0000]])
tensor([[-0.9545,  1.0000,  0.0000,  0.0000,  0.0000,  0.0000]])
tensor([[-0.9487,  1.0000,  0.0000,  0.0000,  0.0000,  0.0000]])
tensor([[-0.7848,  1.0000,  0.0000,  0.0000,  0.0000,  0.0000]])
tensor([[-0.0187,  1.0000,  0.0000,  0.0000,  0.0000,  0.0000]])
tensor([[-0.7173,  1.0000,  0.0000,  0.0000,  0.0000,  0.0000]])
tensor([[0.2633, 1.0000, 0.0000, 0.0000, 0.0000, 0.0000]])
tensor([[-0.7609,  1.0000,  0.0000,  0.0000,  0.0000,  0.0000]])
tensor([[0.6873, 1.0000, 0.0000, 0.0000, 0.0000, 0.0000]])
tensor([[-0.4222,  1.0000,  0.0000,  0.0000,  0.0000,  0.0000]])
tensor([[-0.8351,  1.0000,  0.0000,  0.0000,  0.0000,  0.0000]])
tensor([[0.0074, 1.0000, 0.0000, 0.0000, 0.0000, 0.0000]])
tensor([[-0.6740,  1.0000,  0.0000,  0.0000,  0.0000,  0.0000]])
tensor([[-0.2609,  1.0000,  1.0000,  0.0000,  0.0000,  0.0000]])
tensor([[-0.0576,  1.0000,  0.0000,  0.0000,  0.0000,  0.0000]])
tensor([[-0.5405,  1.0000,  1.0000,  0.0000,  0.0000,  0.0000]])
tensor([[0.5264, 1.0000, 0.0000, 0.0000, 0.0000, 0.0000]])
tensor([[0.4729, 1.0000, 0.0000, 0.0000, 0.0000, 0.0000]])
tensor([[-0.7427,  1.0000,  0.0000,  0.0000,  0.0000,  0.0000]])
tensor([[-0.7064,  1.0000,  0.0000,  0.0000,  0.0000,  0.0000]])
tensor([[0.4390, 1.0000, 0.0000, 0.0000, 0.0000, 0.0000]])
tensor([[-0.4336,  1.0000,  0.0000,  0.0000,  0.0000,  0.0000]])
tensor([[0.4385, 1.0000, 0.0000, 0.0000, 0.0000, 0.0000]])
tensor([[-0.9055,  1.0000,  0.0000,  0.0000,  0.0000,  0.0000]])
tensor([[-0.9889,  1.0000,  0.0000,  0.0000,  0.0000,  0.0000]])
tensor([[0.5409, 1.0000, 0.0000, 0.0000, 0.0000, 0.0000]])
tensor([[-6.4538e-04,  1.0000e+00,  0.0000e+00,  0.0000e+00,  0.0000e+00,
          0.0000e+00]])
tensor([[-0.6379,  1.0000,  0.0000,  0.0000,  0.0000,  0.0000]])
tensor([[-0.5204,  1.0000,  0.0000,  0.0000,  0.0000,  0.0000]])
tensor([[0.2301, 1.0000, 0.0000, 0.0000, 0.0000, 0.0000]])
tensor([[0.6796, 1.0000, 0.0000, 0.0000, 0.0000, 0.0000]])
tensor([[-0.0087,  1.0000,  0.0000,  0.0000,  0.0000,  0.0000]])
tensor([[0.5644, 1.0000, 0.0000, 0.0000, 0.0000, 0.0000]])
tensor([[-0.8910,  1.0000,  0.0000,  0.0000,  0.0000,  0.0000]])
tensor([[0.1665, 1.0000, 0.0000, 0.0000, 0.0000, 0.0000]])
tensor([[-0.1242,  1.0000,  0.0000,  0.0000,  0.0000,  0.0000]])
tensor([[-0.5426,  1.0000,  0.0000,  0.0000,  0.0000,  0.0000]])
tensor([[-0.8813,  1.0000,  0.0000,  0.0000,  0.0000,  0.0000]])
tensor([[-0.4806,  1.0000,  0.0000,  0.0000,  0.0000,  0.0000]])
tensor([[-0.3598,  1.0000,  0.0000,  0.0000,  0.0000,  0.0000]])
tensor([[0.1330, 1.0000, 0.0000, 0.0000, 0.0000, 0.0000]])
tensor([[0.5121, 1.0000, 0.0000, 0.0000, 0.0000, 0.0000]])
tensor([[-0.5825,  1.0000,  0.0000,  0.0000,  0.0000,  0.0000]])
tensor([[-0.1058,  1.0000,  1.0000,  0.0000,  0.0000,  0.0000]])
tensor([[-0.5185,  1.0000,  0.0000,  0.0000,  0.0000,  0.0000]])
tensor([[-0.1127,  1.0000,  0.0000,  0.0000,  0.0000,  0.0000]])
tensor([[-0.2627,  1.0000,  0.0000,  0.0000,  0.0000,  0.0000]])
tensor([[-0.7825,  1.0000,  0.0000,  0.0000,  0.0000,  0.0000]])
tensor([[-0.7547,  1.0000,  0.0000,  0.0000,  0.0000,  0.0000]])
tensor([[-0.5098,  1.0000,  0.0000,  0.0000,  0.0000,  0.0000]])
tensor([[0.0857, 1.0000, 0.0000, 0.0000, 0.0000, 0.0000]])
tensor([[-0.7123,  1.0000,  0.0000,  0.0000,  0.0000,  0.0000]])
tensor([[0.3997, 1.0000, 1.0000, 0.0000, 0.0000, 0.0000]])
tensor([[0.3922, 1.0000, 0.0000, 0.0000, 0.0000, 0.0000]])
tensor([[-0.7889,  1.0000,  0.0000,  0.0000,  0.0000,  0.0000]])
tensor([[-0.9272,  1.0000,  0.0000,  0.0000,  0.0000,  0.0000]])
tensor([[-0.6570,  1.0000,  0.0000,  0.0000,  1.0000,  0.0000]])
tensor([[-0.3667,  1.0000,  0.0000,  0.0000,  0.0000,  0.0000]])
tensor([[0.9699, 1.0000, 0.0000, 0.0000, 0.0000, 0.0000]])
tensor([[-0.2244,  1.0000,  0.0000,  0.0000,  0.0000,  0.0000]])
tensor([[0.3649, 1.0000, 0.0000, 0.0000, 0.0000, 0.0000]])
tensor([[-0.4412,  1.0000,  0.0000,  0.0000,  0.0000,  0.0000]])
tensor([[-0.5420,  1.0000,  0.0000,  0.0000,  0.0000,  0.0000]])
tensor([[-0.8853,  1.0000,  0.0000,  0.0000,  0.0000,  0.0000]])
tensor([[-0.0815,  1.0000,  0.0000,  0.0000,  0.0000,  0.0000]])
tensor([[-0.2910,  1.0000,  0.0000,  0.0000,  0.0000,  0.0000]])
tensor([[0.7724, 1.0000, 0.0000, 0.0000, 0.0000, 0.0000]])
tensor([[-0.7794,  1.0000,  0.0000,  0.0000,  0.0000,  0.0000]])
tensor([[0.8819, 1.0000, 0.0000, 0.0000, 0.0000, 0.0000]])
tensor([[-0.1936,  1.0000,  0.0000,  0.0000,  0.0000,  0.0000]])
tensor([[0.4329, 1.0000, 0.0000, 0.0000, 0.0000, 0.0000]])
tensor([[0.5118, 1.0000, 0.0000, 0.0000, 0.0000, 0.0000]])
tensor([[-0.5112,  1.0000,  0.0000,  0.0000,  0.0000,  0.0000]])
tensor([[0.9221, 1.0000, 0.0000, 0.0000, 0.0000, 0.0000]])
tensor([[-0.7787,  1.0000,  0.0000,  0.0000,  0.0000,  0.0000]])
tensor([[0.0355, 1.0000, 0.0000, 0.0000, 0.0000, 0.0000]])
tensor([[-0.1697,  1.0000,  1.0000,  0.0000,  0.0000,  0.0000]])
tensor([[0.3224, 1.0000, 0.0000, 0.0000, 0.0000, 0.0000]])
tensor([[0.5591, 1.0000, 0.0000, 0.0000, 0.0000, 0.0000]])
tensor([[-0.1149,  1.0000,  0.0000,  0.0000,  0.0000,  0.0000]])
tensor([[0.6853, 1.0000, 0.0000, 0.0000, 0.0000, 0.0000]])
tensor([[0.6003, 1.0000, 0.0000, 0.0000, 0.0000, 0.0000]])
tensor([[-0.7651,  1.0000,  1.0000,  0.0000,  0.0000,  0.0000]])
tensor([[0.3466, 1.0000, 0.0000, 0.0000, 0.0000, 0.0000]])
tensor([[-0.4026,  1.0000,  0.0000,  0.0000,  0.0000,  0.0000]])
tensor([[-0.5956,  1.0000,  0.0000,  0.0000,  0.0000,  0.0000]])
tensor([[-0.7523,  1.0000,  0.0000,  0.0000,  0.0000,  0.0000]])
tensor([[-0.3788,  0.0000,  0.0000,  0.0000,  0.0000,  0.0000]])
tensor([[0.2857, 1.0000, 0.0000, 0.0000, 0.0000, 0.0000]])
tensor([[-0.8726,  1.0000,  1.0000,  0.0000,  0.0000,  0.0000]])
tensor([[0.7143, 1.0000, 0.0000, 0.0000, 0.0000, 0.0000]])
tensor([[0.4501, 1.0000, 0.0000, 0.0000, 0.0000, 0.0000]])
tensor([[-0.6176,  1.0000,  1.0000,  0.0000,  0.0000,  0.0000]])
tensor([[-0.8948,  1.0000,  0.0000,  0.0000,  0.0000,  0.0000]])
tensor([[0.6295, 1.0000, 0.0000, 0.0000, 0.0000, 0.0000]])
tensor([[-0.2039,  1.0000,  0.0000,  0.0000,  0.0000,  0.0000]])
tensor([[-0.4035,  1.0000,  1.0000,  0.0000,  0.0000,  0.0000]])
tensor([[-0.1649,  1.0000,  0.0000,  0.0000,  0.0000,  0.0000]])
tensor([[0.7156, 1.0000, 0.0000, 0.0000, 0.0000, 0.0000]])
tensor([[-0.8646,  1.0000,  1.0000,  0.0000,  0.0000,  0.0000]])
tensor([[0.4738, 1.0000, 0.0000, 0.0000, 0.0000, 0.0000]])
tensor([[0.9656, 1.0000, 0.0000, 0.0000, 0.0000, 0.0000]])
tensor([[0.7851, 1.0000, 0.0000, 0.0000, 0.0000, 0.0000]])
tensor([[0.3526, 1.0000, 0.0000, 0.0000, 0.0000, 0.0000]])
tensor([[-0.3238,  1.0000,  0.0000,  0.0000,  0.0000,  0.0000]])
tensor([[-0.3162,  1.0000,  0.0000,  0.0000,  0.0000,  0.0000]])
tensor([[-0.9587,  1.0000,  0.0000,  0.0000,  0.0000,  0.0000]])
tensor([[0.5175, 1.0000, 0.0000, 0.0000, 0.0000, 0.0000]])
tensor([[0.2755, 1.0000, 1.0000, 0.0000, 0.0000, 0.0000]])
tensor([[-0.4717,  1.0000,  0.0000,  0.0000,  0.0000,  0.0000]])
tensor([[-0.5085,  1.0000,  0.0000,  0.0000,  0.0000,  0.0000]])
tensor([[-0.3747,  1.0000,  0.0000,  0.0000,  0.0000,  0.0000]])
tensor([[-0.9214,  1.0000,  0.0000,  0.0000,  0.0000,  0.0000]])
tensor([[-0.5747,  1.0000,  0.0000,  0.0000,  0.0000,  0.0000]])
tensor([[0.7398, 1.0000, 0.0000, 0.0000, 0.0000, 0.0000]])
tensor([[0.4996, 0.0000, 0.0000, 0.0000, 0.0000, 0.0000]])
tensor([[-0.0118,  1.0000,  0.0000,  0.0000,  0.0000,  0.0000]])
tensor([[-0.3557,  1.0000,  0.0000,  0.0000,  0.0000,  0.0000]])
tensor([[0.9228, 1.0000, 0.0000, 0.0000, 0.0000, 0.0000]])
tensor([[0.8758, 1.0000, 0.0000, 0.0000, 0.0000, 0.0000]])
tensor([[-0.4648,  1.0000,  0.0000,  0.0000,  0.0000,  0.0000]])
tensor([[-0.3462,  1.0000,  0.0000,  0.0000,  0.0000,  0.0000]])
tensor([[0.8943, 1.0000, 0.0000, 0.0000, 0.0000, 0.0000]])
tensor([[-0.8763,  1.0000,  0.0000,  0.0000,  0.0000,  0.0000]])
tensor([[-0.3049,  1.0000,  0.0000,  0.0000,  0.0000,  0.0000]])
tensor([[0.7038, 1.0000, 0.0000, 0.0000, 0.0000, 0.0000]])
tensor([[-0.0485,  1.0000,  0.0000,  0.0000,  0.0000,  0.0000]])
tensor([[-0.7805,  1.0000,  0.0000,  0.0000,  0.0000,  0.0000]])
tensor([[-0.3471,  1.0000,  0.0000,  0.0000,  0.0000,  0.0000]])
tensor([[-0.5230,  1.0000,  0.0000,  0.0000,  0.0000,  0.0000]])
tensor([[0.5503, 1.0000, 0.0000, 0.0000, 0.0000, 0.0000]])
tensor([[-0.7963,  1.0000,  0.0000,  0.0000,  0.0000,  0.0000]])
tensor([[-0.4787,  1.0000,  0.0000,  0.0000,  0.0000,  0.0000]])
tensor([[-0.5907,  1.0000,  0.0000,  0.0000,  0.0000,  0.0000]])
tensor([[0.5699, 1.0000, 0.0000, 0.0000, 0.0000, 0.0000]])
tensor([[-0.8546,  1.0000,  0.0000,  0.0000,  0.0000,  0.0000]])
tensor([[-0.1958,  1.0000,  1.0000,  0.0000,  0.0000,  0.0000]])
tensor([[-0.5643,  1.0000,  1.0000,  0.0000,  0.0000,  0.0000]])
tensor([[0.4162, 1.0000, 0.0000, 0.0000, 0.0000, 0.0000]])
tensor([[-0.8693,  1.0000,  0.0000,  0.0000,  0.0000,  0.0000]])
tensor([[0.7453, 1.0000, 0.0000, 0.0000, 0.0000, 0.0000]])
tensor([[0.8028, 1.0000, 1.0000, 0.0000, 0.0000, 0.0000]])
tensor([[0.1112, 1.0000, 0.0000, 0.0000, 0.0000, 0.0000]])
tensor([[0.2674, 1.0000, 0.0000, 0.0000, 0.0000, 0.0000]])
tensor([[-0.0608,  1.0000,  0.0000,  0.0000,  0.0000,  0.0000]])
tensor([[0.8236, 0.0000, 0.0000, 0.0000, 0.0000, 0.0000]])
tensor([[0.4162, 1.0000, 0.0000, 0.0000, 0.0000, 0.0000]])
tensor([[0.2190, 1.0000, 0.0000, 0.0000, 0.0000, 0.0000]])
tensor([[-0.5299,  1.0000,  0.0000,  0.0000,  0.0000,  0.0000]])
tensor([[0.2903, 1.0000, 0.0000, 0.0000, 0.0000, 0.0000]])
tensor([[0.2395, 1.0000, 0.0000, 0.0000, 0.0000, 0.0000]])
tensor([[0.5055, 1.0000, 0.0000, 0.0000, 0.0000, 0.0000]])
tensor([[-0.9277,  1.0000,  0.0000,  0.0000,  0.0000,  0.0000]])
tensor([[0.1139, 1.0000, 0.0000, 0.0000, 0.0000, 0.0000]])
tensor([[0.0652, 1.0000, 0.0000, 0.0000, 0.0000, 0.0000]])
tensor([[-0.2004,  1.0000,  0.0000,  0.0000,  0.0000,  0.0000]])
tensor([[0.6286, 1.0000, 0.0000, 0.0000, 0.0000, 0.0000]])
tensor([[0.0661, 1.0000, 0.0000, 0.0000, 0.0000, 0.0000]])
tensor([[-0.0844,  1.0000,  0.0000,  0.0000,  0.0000,  0.0000]])
tensor([[0.7237, 1.0000, 0.0000, 0.0000, 0.0000, 0.0000]])
tensor([[-0.2653,  1.0000,  0.0000,  0.0000,  0.0000,  0.0000]])
tensor([[-0.5429,  1.0000,  0.0000,  0.0000,  0.0000,  0.0000]])
tensor([[0.2849, 1.0000, 0.0000, 0.0000, 0.0000, 0.0000]])
tensor([[-0.4338,  1.0000,  0.0000,  0.0000,  0.0000,  0.0000]])
tensor([[0.7659, 1.0000, 0.0000, 0.0000, 0.0000, 0.0000]])
tensor([[-0.4204,  1.0000,  1.0000,  0.0000,  0.0000,  0.0000]])
tensor([[0.1943, 1.0000, 0.0000, 0.0000, 0.0000, 0.0000]])
tensor([[-0.4685,  1.0000,  0.0000,  0.0000,  0.0000,  0.0000]])
tensor([[-0.2171,  1.0000,  0.0000,  0.0000,  0.0000,  0.0000]])
tensor([[-0.5206,  1.0000,  0.0000,  0.0000,  0.0000,  0.0000]])
tensor([[-0.9396,  1.0000,  0.0000,  0.0000,  0.0000,  0.0000]])
tensor([[0.1248, 1.0000, 0.0000, 0.0000, 0.0000, 0.0000]])
tensor([[0.8206, 1.0000, 0.0000, 0.0000, 0.0000, 0.0000]])
tensor([[-0.0222,  1.0000,  0.0000,  0.0000,  0.0000,  0.0000]])
tensor([[0.1567, 1.0000, 1.0000, 0.0000, 0.0000, 0.0000]])
tensor([[0.9302, 1.0000, 0.0000, 0.0000, 0.0000, 0.0000]])
tensor([[-0.8970,  1.0000,  0.0000,  0.0000,  0.0000,  0.0000]])
tensor([[-0.9232,  1.0000,  0.0000,  0.0000,  0.0000,  0.0000]])
tensor([[-0.2405,  1.0000,  0.0000,  0.0000,  0.0000,  0.0000]])
tensor([[0.1909, 1.0000, 0.0000, 0.0000, 0.0000, 0.0000]])
tensor([[0.7208, 1.0000, 0.0000, 0.0000, 0.0000, 0.0000]])
tensor([[-0.0708,  1.0000,  0.0000,  0.0000,  0.0000,  0.0000]])
tensor([[-0.4633,  1.0000,  0.0000,  0.0000,  0.0000,  0.0000]])
tensor([[-0.8471,  1.0000,  0.0000,  0.0000,  0.0000,  0.0000]])
tensor([[0.4065, 1.0000, 0.0000, 0.0000, 0.0000, 0.0000]])
tensor([[0.4406, 1.0000, 0.0000, 0.0000, 0.0000, 0.0000]])
tensor([[-0.3722,  1.0000,  0.0000,  0.0000,  0.0000,  0.0000]])
tensor([[-0.5375,  0.0000,  0.0000,  0.0000,  0.0000,  0.0000]])
tensor([[0.6738, 1.0000, 0.0000, 0.0000, 0.0000, 0.0000]])
tensor([[0.4623, 1.0000, 0.0000, 0.0000, 0.0000, 0.0000]])
tensor([[-0.7616,  1.0000,  0.0000,  0.0000,  0.0000,  0.0000]])
tensor([[-0.0654,  1.0000,  0.0000,  0.0000,  0.0000,  0.0000]])
tensor([[-0.6326,  1.0000,  0.0000,  0.0000,  0.0000,  0.0000]])
tensor([[0.1023, 1.0000, 0.0000, 0.0000, 0.0000, 0.0000]])
tensor([[-0.6420,  1.0000,  0.0000,  0.0000,  0.0000,  0.0000]])
tensor([[0.6495, 1.0000, 1.0000, 0.0000, 0.0000, 0.0000]])
tensor([[-0.3469,  0.0000,  0.0000,  0.0000,  0.0000,  0.0000]])
tensor([[-0.5328,  1.0000,  0.0000,  0.0000,  0.0000,  0.0000]])
tensor([[-0.5234,  1.0000,  0.0000,  0.0000,  0.0000,  0.0000]])
tensor([[-0.7044,  1.0000,  0.0000,  0.0000,  0.0000,  0.0000]])
tensor([[-0.0461,  1.0000,  1.0000,  0.0000,  0.0000,  0.0000]])
tensor([[0.7347, 1.0000, 0.0000, 0.0000, 0.0000, 0.0000]])
tensor([[-0.5428,  1.0000,  0.0000,  0.0000,  0.0000,  0.0000]])
tensor([[-0.4059,  1.0000,  0.0000,  0.0000,  0.0000,  0.0000]])
tensor([[-0.8762,  1.0000,  0.0000,  0.0000,  0.0000,  0.0000]])
tensor([[-0.6848,  1.0000,  0.0000,  0.0000,  0.0000,  0.0000]])
tensor([[-0.2693,  1.0000,  0.0000,  0.0000,  0.0000,  0.0000]])
tensor([[-0.4458,  1.0000,  0.0000,  0.0000,  0.0000,  0.0000]])
tensor([[-0.4588,  1.0000,  0.0000,  0.0000,  0.0000,  0.0000]])
tensor([[-0.1322,  1.0000,  0.0000,  0.0000,  0.0000,  0.0000]])
tensor([[0.9634, 1.0000, 0.0000, 0.0000, 0.0000, 0.0000]])
tensor([[0.3012, 1.0000, 0.0000, 0.0000, 0.0000, 0.0000]])
tensor([[-0.4344,  1.0000,  1.0000,  0.0000,  0.0000,  0.0000]])
tensor([[-0.2901,  1.0000,  0.0000,  0.0000,  0.0000,  0.0000]])
tensor([[0.5331, 1.0000, 0.0000, 0.0000, 0.0000, 0.0000]])
tensor([[0.6165, 1.0000, 0.0000, 0.0000, 0.0000, 0.0000]])
tensor([[0.1586, 1.0000, 0.0000, 0.0000, 0.0000, 0.0000]])
tensor([[-0.7739,  1.0000,  0.0000,  0.0000,  0.0000,  0.0000]])
tensor([[-0.9186,  1.0000,  0.0000,  0.0000,  0.0000,  0.0000]])
tensor([[0.2102, 1.0000, 0.0000, 0.0000, 0.0000, 0.0000]])
tensor([[-0.2607,  1.0000,  0.0000,  0.0000,  0.0000,  0.0000]])
tensor([[-0.4032,  1.0000,  0.0000,  0.0000,  0.0000,  0.0000]])
tensor([[-0.0018,  1.0000,  0.0000,  0.0000,  0.0000,  0.0000]])
tensor([[0.9518, 1.0000, 0.0000, 0.0000, 0.0000, 0.0000]])
tensor([[-0.9329,  1.0000,  0.0000,  0.0000,  0.0000,  0.0000]])
tensor([[-0.4324,  1.0000,  0.0000,  0.0000,  0.0000,  0.0000]])
tensor([[-0.7489,  1.0000,  0.0000,  0.0000,  0.0000,  0.0000]])
tensor([[0.4039, 1.0000, 0.0000, 0.0000, 0.0000, 0.0000]])
tensor([[0.4302, 1.0000, 0.0000, 0.0000, 0.0000, 0.0000]])
tensor([[0.2252, 1.0000, 0.0000, 0.0000, 0.0000, 0.0000]])
tensor([[0.9845, 1.0000, 0.0000, 0.0000, 0.0000, 0.0000]])
tensor([[0.6144, 1.0000, 0.0000, 0.0000, 0.0000, 0.0000]])
tensor([[-0.5960,  1.0000,  0.0000,  0.0000,  0.0000,  0.0000]])
tensor([[-0.0761,  1.0000,  1.0000,  0.0000,  0.0000,  0.0000]])
tensor([[-0.6923,  1.0000,  0.0000,  0.0000,  0.0000,  0.0000]])
tensor([[-0.5170,  1.0000,  0.0000,  0.0000,  0.0000,  0.0000]])
tensor([[-0.4352,  1.0000,  0.0000,  0.0000,  0.0000,  0.0000]])
tensor([[0.1485, 1.0000, 0.0000, 0.0000, 0.0000, 0.0000]])
tensor([[0.8646, 1.0000, 0.0000, 0.0000, 0.0000, 0.0000]])
tensor([[0.4957, 1.0000, 1.0000, 0.0000, 0.0000, 0.0000]])
tensor([[-0.8127,  1.0000,  0.0000,  0.0000,  0.0000,  0.0000]])
tensor([[0.7636, 1.0000, 0.0000, 0.0000, 0.0000, 0.0000]])
tensor([[0.4399, 1.0000, 0.0000, 0.0000, 0.0000, 0.0000]])
tensor([[-0.6957,  1.0000,  0.0000,  0.0000,  0.0000,  0.0000]])
tensor([[-0.1541,  1.0000,  0.0000,  0.0000,  0.0000,  0.0000]])
tensor([[0.7347, 1.0000, 0.0000, 0.0000, 0.0000, 0.0000]])
tensor([[0.9081, 1.0000, 0.0000, 0.0000, 0.0000, 0.0000]])
tensor([[-0.5707,  1.0000,  0.0000,  0.0000,  0.0000,  0.0000]])
tensor([[-0.9505,  1.0000,  0.0000,  0.0000,  0.0000,  0.0000]])
tensor([[-0.4671,  1.0000,  0.0000,  0.0000,  0.0000,  0.0000]])
tensor([[-0.4859,  1.0000,  1.0000,  0.0000,  0.0000,  0.0000]])
tensor([[-0.7031,  1.0000,  0.0000,  0.0000,  0.0000,  0.0000]])
tensor([[-0.9540,  1.0000,  0.0000,  0.0000,  0.0000,  0.0000]])
tensor([[-0.1556,  1.0000,  0.0000,  0.0000,  0.0000,  0.0000]])
tensor([[-0.7499,  1.0000,  0.0000,  0.0000,  0.0000,  0.0000]])
tensor([[-0.9874,  1.0000,  0.0000,  0.0000,  0.0000,  0.0000]])
tensor([[-0.7368,  1.0000,  0.0000,  0.0000,  0.0000,  0.0000]])
tensor([[-0.7839,  1.0000,  0.0000,  0.0000,  0.0000,  0.0000]])
tensor([[0.0604, 1.0000, 0.0000, 0.0000, 0.0000, 0.0000]])
tensor([[-0.3724,  1.0000,  0.0000,  0.0000,  0.0000,  0.0000]])
tensor([[0.0920, 1.0000, 0.0000, 0.0000, 0.0000, 0.0000]])
tensor([[-0.2675,  1.0000,  0.0000,  0.0000,  0.0000,  0.0000]])
tensor([[-0.6646,  1.0000,  0.0000,  0.0000,  0.0000,  0.0000]])
tensor([[-0.7629,  1.0000,  0.0000,  0.0000,  0.0000,  0.0000]])
tensor([[-0.7299,  1.0000,  0.0000,  0.0000,  0.0000,  0.0000]])
tensor([[-0.3879,  1.0000,  0.0000,  0.0000,  0.0000,  0.0000]])
tensor([[0.0793, 1.0000, 0.0000, 0.0000, 0.0000, 0.0000]])
tensor([[-0.6820,  1.0000,  1.0000,  0.0000,  0.0000,  0.0000]])
tensor([[-0.0384,  1.0000,  0.0000,  0.0000,  0.0000,  0.0000]])
tensor([[-0.9828,  1.0000,  0.0000,  0.0000,  0.0000,  0.0000]])
tensor([[-0.6525,  1.0000,  0.0000,  0.0000,  0.0000,  0.0000]])
tensor([[-0.0558,  1.0000,  0.0000,  0.0000,  0.0000,  0.0000]])
tensor([[-0.2479,  1.0000,  0.0000,  0.0000,  0.0000,  0.0000]])
tensor([[0.9597, 1.0000, 0.0000, 0.0000, 0.0000, 0.0000]])
tensor([[-0.7891,  1.0000,  0.0000,  0.0000,  0.0000,  0.0000]])
tensor([[-0.4911,  1.0000,  0.0000,  0.0000,  0.0000,  0.0000]])
tensor([[-0.7575,  1.0000,  0.0000,  0.0000,  0.0000,  0.0000]])
tensor([[0.4905, 1.0000, 0.0000, 0.0000, 0.0000, 0.0000]])
tensor([[-0.8626,  1.0000,  0.0000,  1.0000,  0.0000,  0.0000]])
tensor([[0.7023, 1.0000, 0.0000, 0.0000, 0.0000, 0.0000]])
tensor([[-0.6711,  1.0000,  0.0000,  0.0000,  0.0000,  0.0000]])
tensor([[-0.4374,  1.0000,  1.0000,  0.0000,  0.0000,  0.0000]])
tensor([[-0.6686,  1.0000,  0.0000,  0.0000,  0.0000,  0.0000]])
tensor([[0.8568, 1.0000, 0.0000, 0.0000, 0.0000, 0.0000]])
tensor([[-0.3625,  1.0000,  0.0000,  0.0000,  0.0000,  0.0000]])
tensor([[0.7484, 1.0000, 0.0000, 0.0000, 0.0000, 0.0000]])
tensor([[-0.6189,  1.0000,  0.0000,  0.0000,  0.0000,  0.0000]])
tensor([[-0.0683,  1.0000,  0.0000,  0.0000,  0.0000,  0.0000]])
tensor([[0.1598, 1.0000, 0.0000, 0.0000, 0.0000, 0.0000]])
tensor([[0.6337, 1.0000, 0.0000, 0.0000, 0.0000, 0.0000]])
tensor([[0.0479, 1.0000, 0.0000, 0.0000, 0.0000, 0.0000]])
tensor([[0.3558, 1.0000, 0.0000, 0.0000, 0.0000, 0.0000]])
tensor([[-0.6850,  1.0000,  1.0000,  0.0000,  0.0000,  0.0000]])
tensor([[0.4397, 1.0000, 0.0000, 0.0000, 0.0000, 0.0000]])
tensor([[0.4295, 1.0000, 0.0000, 0.0000, 0.0000, 0.0000]])
tensor([[-0.1927,  1.0000,  0.0000,  0.0000,  0.0000,  0.0000]])
tensor([[-0.9068,  1.0000,  0.0000,  0.0000,  0.0000,  0.0000]])
tensor([[0.1991, 1.0000, 0.0000, 0.0000, 0.0000, 0.0000]])
tensor([[0.0645, 1.0000, 0.0000, 0.0000, 0.0000, 0.0000]])
tensor([[-0.8828,  1.0000,  0.0000,  0.0000,  0.0000,  0.0000]])
tensor([[-0.8955,  1.0000,  0.0000,  0.0000,  0.0000,  0.0000]])
tensor([[-0.8549,  1.0000,  0.0000,  0.0000,  0.0000,  0.0000]])
tensor([[-0.1608,  1.0000,  0.0000,  0.0000,  0.0000,  0.0000]])
tensor([[-0.6500,  1.0000,  0.0000,  0.0000,  0.0000,  0.0000]])
tensor([[0.7327, 1.0000, 0.0000, 0.0000, 0.0000, 0.0000]])
tensor([[-0.8964,  0.0000,  0.0000,  0.0000,  0.0000,  0.0000]])
tensor([[0.0178, 1.0000, 0.0000, 0.0000, 0.0000, 0.0000]])
tensor([[-0.7789,  1.0000,  0.0000,  0.0000,  0.0000,  0.0000]])
tensor([[-0.0137,  1.0000,  0.0000,  0.0000,  0.0000,  0.0000]])
tensor([[0.4922, 1.0000, 0.0000, 0.0000, 0.0000, 0.0000]])
tensor([[-0.9396,  1.0000,  0.0000,  0.0000,  0.0000,  0.0000]])
tensor([[0.8935, 1.0000, 0.0000, 0.0000, 0.0000, 0.0000]])
tensor([[-0.1708,  1.0000,  0.0000,  0.0000,  0.0000,  0.0000]])
tensor([[0.6880, 1.0000, 0.0000, 0.0000, 0.0000, 0.0000]])
tensor([[-0.9815,  1.0000,  0.0000,  0.0000,  0.0000,  0.0000]])
tensor([[-0.9190,  1.0000,  0.0000,  0.0000,  0.0000,  0.0000]])
tensor([[-0.6415,  1.0000,  0.0000,  0.0000,  0.0000,  0.0000]])
tensor([[0.5909, 1.0000, 0.0000, 0.0000, 0.0000, 0.0000]])
tensor([[0.9291, 1.0000, 0.0000, 0.0000, 0.0000, 0.0000]])
tensor([[-0.9360,  1.0000,  0.0000,  0.0000,  0.0000,  0.0000]])
tensor([[-0.9312,  1.0000,  0.0000,  0.0000,  0.0000,  0.0000]])
tensor([[-0.7377,  1.0000,  0.0000,  0.0000,  0.0000,  0.0000]])
tensor([[0.6593, 1.0000, 0.0000, 0.0000, 0.0000, 0.0000]])
tensor([[-0.6188,  1.0000,  0.0000,  0.0000,  0.0000,  0.0000]])
tensor([[-0.2682,  1.0000,  0.0000,  0.0000,  0.0000,  0.0000]])
tensor([[-0.5970,  1.0000,  0.0000,  0.0000,  0.0000,  0.0000]])
tensor([[-0.6391,  1.0000,  0.0000,  0.0000,  0.0000,  0.0000]])
tensor([[0.3209, 1.0000, 0.0000, 0.0000, 0.0000, 0.0000]])
tensor([[0.5697, 1.0000, 0.0000, 0.0000, 0.0000, 0.0000]])
tensor([[0.1914, 1.0000, 0.0000, 0.0000, 0.0000, 0.0000]])
tensor([[-0.4778,  1.0000,  0.0000,  0.0000,  0.0000,  0.0000]])
tensor([[-0.4154,  1.0000,  0.0000,  0.0000,  0.0000,  0.0000]])
tensor([[-0.0537,  1.0000,  0.0000,  0.0000,  0.0000,  0.0000]])
tensor([[-0.0522,  0.0000,  0.0000,  0.0000,  0.0000,  0.0000]])
tensor([[-0.5375,  1.0000,  0.0000,  0.0000,  0.0000,  0.0000]])
tensor([[-0.3576,  0.0000,  0.0000,  0.0000,  0.0000,  0.0000]])
tensor([[-0.4816,  1.0000,  0.0000,  0.0000,  0.0000,  0.0000]])
tensor([[-0.0145,  1.0000,  0.0000,  0.0000,  0.0000,  0.0000]])
tensor([[-0.8789,  1.0000,  0.0000,  0.0000,  0.0000,  0.0000]])
tensor([[-0.4776,  1.0000,  0.0000,  0.0000,  0.0000,  0.0000]])
tensor([[-0.5662,  1.0000,  0.0000,  0.0000,  0.0000,  0.0000]])
tensor([[0.2214, 1.0000, 0.0000, 0.0000, 0.0000, 0.0000]])
tensor([[-0.1594,  1.0000,  0.0000,  0.0000,  0.0000,  0.0000]])
tensor([[-0.4495,  1.0000,  0.0000,  0.0000,  0.0000,  0.0000]])
tensor([[-0.4962,  1.0000,  0.0000,  0.0000,  0.0000,  0.0000]])
tensor([[-0.9522,  1.0000,  0.0000,  0.0000,  0.0000,  0.0000]])
tensor([[0.6284, 1.0000, 0.0000, 0.0000, 0.0000, 0.0000]])
tensor([[-0.6090,  1.0000,  1.0000,  0.0000,  0.0000,  0.0000]])
tensor([[-0.6788,  1.0000,  0.0000,  0.0000,  0.0000,  0.0000]])
tensor([[-0.6185,  1.0000,  0.0000,  0.0000,  0.0000,  0.0000]])
tensor([[-0.6447,  1.0000,  0.0000,  0.0000,  0.0000,  0.0000]])
tensor([[0.6857, 1.0000, 0.0000, 0.0000, 0.0000, 0.0000]])
tensor([[0.7865, 1.0000, 0.0000, 0.0000, 0.0000, 0.0000]])
tensor([[-0.9702,  1.0000,  0.0000,  0.0000,  0.0000,  0.0000]])
tensor([[-0.3172,  1.0000,  0.0000,  0.0000,  0.0000,  0.0000]])
tensor([[0.6784, 1.0000, 0.0000, 0.0000, 0.0000, 0.0000]])
tensor([[0.5843, 1.0000, 0.0000, 0.0000, 0.0000, 0.0000]])
tensor([[-0.7382,  1.0000,  0.0000,  0.0000,  0.0000,  0.0000]])
tensor([[-0.9339,  1.0000,  0.0000,  0.0000,  0.0000,  0.0000]])
tensor([[-0.6782,  1.0000,  0.0000,  0.0000,  0.0000,  0.0000]])
tensor([[-0.8045,  1.0000,  0.0000,  0.0000,  0.0000,  0.0000]])
tensor([[-0.0990,  1.0000,  0.0000,  0.0000,  0.0000,  0.0000]])
tensor([[-0.7204,  1.0000,  0.0000,  0.0000,  0.0000,  0.0000]])
tensor([[0.0859, 1.0000, 0.0000, 0.0000, 0.0000, 0.0000]])
tensor([[-0.4067,  1.0000,  0.0000,  0.0000,  0.0000,  0.0000]])
tensor([[-0.3150,  1.0000,  0.0000,  0.0000,  0.0000,  0.0000]])
tensor([[-0.9081,  1.0000,  0.0000,  0.0000,  0.0000,  0.0000]])
tensor([[-0.3305,  1.0000,  0.0000,  0.0000,  0.0000,  0.0000]])
tensor([[-0.8018,  1.0000,  0.0000,  0.0000,  0.0000,  0.0000]])
tensor([[-0.0327,  1.0000,  0.0000,  0.0000,  0.0000,  0.0000]])
tensor([[-0.8715,  1.0000,  0.0000,  0.0000,  0.0000,  0.0000]])
tensor([[-0.9211,  0.0000,  0.0000,  0.0000,  0.0000,  0.0000]])
tensor([[0.3044, 1.0000, 0.0000, 0.0000, 0.0000, 0.0000]])
tensor([[-0.9392,  1.0000,  0.0000,  0.0000,  0.0000,  0.0000]])
tensor([[0.7352, 1.0000, 0.0000, 0.0000, 0.0000, 0.0000]])
tensor([[-0.3182,  1.0000,  0.0000,  0.0000,  0.0000,  0.0000]])
tensor([[-0.8766,  1.0000,  0.0000,  0.0000,  0.0000,  0.0000]])
tensor([[-0.8507,  1.0000,  0.0000,  0.0000,  0.0000,  0.0000]])
tensor([[0.5481, 1.0000, 0.0000, 0.0000, 0.0000, 0.0000]])
tensor([[-0.8317,  1.0000,  0.0000,  0.0000,  0.0000,  0.0000]])
tensor([[-0.6539,  1.0000,  0.0000,  0.0000,  0.0000,  0.0000]])
tensor([[-0.4796,  1.0000,  0.0000,  0.0000,  0.0000,  0.0000]])
tensor([[-0.1118,  1.0000,  0.0000,  0.0000,  0.0000,  0.0000]])
tensor([[-0.7849,  1.0000,  0.0000,  0.0000,  0.0000,  0.0000]])
tensor([[0.6654, 1.0000, 0.0000, 0.0000, 0.0000, 0.0000]])
tensor([[-0.3916,  1.0000,  0.0000,  0.0000,  0.0000,  0.0000]])
tensor([[-0.6001,  1.0000,  0.0000,  0.0000,  0.0000,  0.0000]])
tensor([[-0.7453,  1.0000,  0.0000,  0.0000,  0.0000,  0.0000]])
tensor([[-0.0923,  1.0000,  0.0000,  0.0000,  0.0000,  0.0000]])
tensor([[-0.8112,  1.0000,  0.0000,  0.0000,  0.0000,  0.0000]])
tensor([[-0.3268,  1.0000,  0.0000,  0.0000,  0.0000,  0.0000]])
tensor([[-0.8123,  1.0000,  0.0000,  0.0000,  0.0000,  0.0000]])
tensor([[0.1733, 1.0000, 0.0000, 0.0000, 0.0000, 0.0000]])
tensor([[0.1050, 1.0000, 0.0000, 0.0000, 0.0000, 0.0000]])
tensor([[-0.6436,  1.0000,  0.0000,  0.0000,  0.0000,  0.0000]])
tensor([[-0.8282,  1.0000,  0.0000,  0.0000,  0.0000,  0.0000]])
tensor([[5.8898e-04, 1.0000e+00, 0.0000e+00, 0.0000e+00, 0.0000e+00, 0.0000e+00]])
tensor([[-0.9711,  1.0000,  0.0000,  0.0000,  0.0000,  0.0000]])
tensor([[-0.1505,  1.0000,  0.0000,  0.0000,  0.0000,  0.0000]])
tensor([[-0.8774,  1.0000,  0.0000,  0.0000,  0.0000,  0.0000]])
tensor([[-0.8721,  1.0000,  0.0000,  0.0000,  0.0000,  0.0000]])
tensor([[-0.5941,  0.0000,  0.0000,  1.0000,  0.0000,  0.0000]])
tensor([[0.5077, 1.0000, 0.0000, 0.0000, 0.0000, 0.0000]])
tensor([[-0.0716,  1.0000,  0.0000,  0.0000,  0.0000,  0.0000]])
tensor([[0.3992, 1.0000, 0.0000, 0.0000, 0.0000, 0.0000]])
tensor([[-0.5804,  0.0000,  0.0000,  0.0000,  0.0000,  0.0000]])
tensor([[0.3486, 1.0000, 0.0000, 0.0000, 0.0000, 0.0000]])
tensor([[-0.9680,  1.0000,  0.0000,  0.0000,  0.0000,  0.0000]])
tensor([[-0.8432,  1.0000,  0.0000,  0.0000,  0.0000,  0.0000]])
tensor([[0.1275, 1.0000, 0.0000, 0.0000, 0.0000, 0.0000]])
tensor([[-0.1145,  0.0000,  0.0000,  0.0000,  0.0000,  0.0000]])
tensor([[-0.7871,  1.0000,  0.0000,  0.0000,  0.0000,  0.0000]])
tensor([[-0.9854,  1.0000,  0.0000,  0.0000,  0.0000,  0.0000]])
tensor([[-0.7415,  1.0000,  0.0000,  0.0000,  0.0000,  0.0000]])
tensor([[-0.3099,  1.0000,  0.0000,  0.0000,  0.0000,  0.0000]])
tensor([[-0.8357,  1.0000,  0.0000,  0.0000,  0.0000,  0.0000]])
tensor([[-0.6551,  1.0000,  0.0000,  0.0000,  0.0000,  0.0000]])
tensor([[0.0669, 1.0000, 1.0000, 0.0000, 0.0000, 0.0000]])
tensor([[0.0277, 1.0000, 0.0000, 0.0000, 0.0000, 0.0000]])
tensor([[-0.3081,  1.0000,  0.0000,  0.0000,  0.0000,  0.0000]])
tensor([[-0.2934,  1.0000,  0.0000,  0.0000,  0.0000,  0.0000]])
tensor([[0.6063, 1.0000, 0.0000, 0.0000, 0.0000, 0.0000]])
tensor([[-0.9326,  1.0000,  0.0000,  0.0000,  0.0000,  0.0000]])
tensor([[-0.0263,  1.0000,  0.0000,  0.0000,  0.0000,  0.0000]])
tensor([[-0.1742,  1.0000,  0.0000,  0.0000,  0.0000,  0.0000]])
tensor([[-0.6884,  1.0000,  1.0000,  0.0000,  0.0000,  0.0000]])
tensor([[0.1314, 1.0000, 0.0000, 0.0000, 0.0000, 0.0000]])
tensor([[-0.1932,  1.0000,  0.0000,  0.0000,  0.0000,  0.0000]])
tensor([[-0.1555,  1.0000,  0.0000,  0.0000,  0.0000,  0.0000]])
tensor([[-0.8270,  1.0000,  0.0000,  0.0000,  0.0000,  0.0000]])
tensor([[-0.8590,  1.0000,  0.0000,  0.0000,  0.0000,  0.0000]])
tensor([[-0.4267,  1.0000,  0.0000,  0.0000,  0.0000,  0.0000]])
tensor([[-0.4044,  1.0000,  1.0000,  0.0000,  0.0000,  0.0000]])
tensor([[-0.0049,  1.0000,  0.0000,  0.0000,  0.0000,  0.0000]])
tensor([[-0.6429,  1.0000,  0.0000,  0.0000,  0.0000,  0.0000]])
tensor([[-0.1255,  1.0000,  0.0000,  0.0000,  0.0000,  0.0000]])
tensor([[-0.6868,  1.0000,  0.0000,  0.0000,  0.0000,  0.0000]])
tensor([[-0.3878,  1.0000,  0.0000,  0.0000,  0.0000,  0.0000]])
tensor([[-0.9487,  1.0000,  0.0000,  0.0000,  0.0000,  0.0000]])
tensor([[0.2831, 1.0000, 0.0000, 0.0000, 0.0000, 0.0000]])
tensor([[-0.6956,  1.0000,  0.0000,  0.0000,  0.0000,  0.0000]])
tensor([[-0.6311,  1.0000,  0.0000,  0.0000,  0.0000,  0.0000]])
tensor([[0.7643, 1.0000, 0.0000, 0.0000, 0.0000, 0.0000]])
tensor([[0.0296, 1.0000, 0.0000, 0.0000, 0.0000, 0.0000]])
tensor([[-0.7782,  1.0000,  0.0000,  0.0000,  0.0000,  0.0000]])
tensor([[0.5266, 1.0000, 0.0000, 0.0000, 0.0000, 0.0000]])
tensor([[-0.3951,  1.0000,  0.0000,  0.0000,  0.0000,  0.0000]])
tensor([[-0.4911,  1.0000,  0.0000,  0.0000,  0.0000,  0.0000]])
tensor([[-0.8608,  1.0000,  0.0000,  0.0000,  0.0000,  0.0000]])
tensor([[-0.5659,  1.0000,  0.0000,  0.0000,  0.0000,  0.0000]])
tensor([[0.1056, 1.0000, 0.0000, 0.0000, 0.0000, 0.0000]])
tensor([[0.7355, 1.0000, 0.0000, 0.0000, 0.0000, 0.0000]])
tensor([[-0.6060,  1.0000,  0.0000,  0.0000,  0.0000,  0.0000]])
tensor([[-0.8326,  1.0000,  0.0000,  0.0000,  0.0000,  0.0000]])
tensor([[-0.5881,  1.0000,  0.0000,  0.0000,  0.0000,  0.0000]])
tensor([[0.0245, 1.0000, 0.0000, 0.0000, 0.0000, 0.0000]])
tensor([[-0.8568,  1.0000,  0.0000,  0.0000,  0.0000,  0.0000]])
tensor([[-0.9827,  1.0000,  0.0000,  0.0000,  0.0000,  0.0000]])
tensor([[-0.0433,  1.0000,  0.0000,  0.0000,  0.0000,  0.0000]])
tensor([[-0.3687,  1.0000,  0.0000,  0.0000,  0.0000,  0.0000]])
tensor([[-0.5068,  1.0000,  0.0000,  0.0000,  0.0000,  0.0000]])
tensor([[0.3769, 1.0000, 1.0000, 0.0000, 0.0000, 0.0000]])
tensor([[-0.9515,  1.0000,  0.0000,  0.0000,  0.0000,  0.0000]])
tensor([[-0.7946,  1.0000,  0.0000,  0.0000,  0.0000,  0.0000]])
tensor([[-0.6605,  1.0000,  0.0000,  0.0000,  0.0000,  0.0000]])
tensor([[-0.8567,  1.0000,  0.0000,  0.0000,  0.0000,  0.0000]])
tensor([[0.4719, 1.0000, 0.0000, 0.0000, 0.0000, 0.0000]])
tensor([[0.1241, 1.0000, 0.0000, 0.0000, 0.0000, 0.0000]])
tensor([[-0.9762,  1.0000,  0.0000,  0.0000,  0.0000,  0.0000]])
tensor([[-0.6054,  1.0000,  0.0000,  0.0000,  0.0000,  0.0000]])
tensor([[-0.8500,  1.0000,  0.0000,  0.0000,  0.0000,  0.0000]])
tensor([[-0.5564,  1.0000,  1.0000,  0.0000,  0.0000,  0.0000]])
tensor([[-0.8101,  1.0000,  0.0000,  0.0000,  0.0000,  0.0000]])
tensor([[-0.9161,  1.0000,  0.0000,  0.0000,  0.0000,  0.0000]])
tensor([[-0.9119,  1.0000,  0.0000,  0.0000,  0.0000,  0.0000]])
tensor([[-0.8591,  1.0000,  0.0000,  0.0000,  0.0000,  0.0000]])
tensor([[-0.5922,  1.0000,  0.0000,  0.0000,  0.0000,  0.0000]])
tensor([[-0.6179,  1.0000,  0.0000,  0.0000,  0.0000,  0.0000]])
tensor([[-0.7289,  1.0000,  0.0000,  0.0000,  0.0000,  0.0000]])
tensor([[-0.9128,  1.0000,  0.0000,  0.0000,  0.0000,  0.0000]])
tensor([[-0.4706,  1.0000,  0.0000,  0.0000,  0.0000,  0.0000]])
tensor([[-0.1449,  1.0000,  0.0000,  0.0000,  0.0000,  0.0000]])
tensor([[-0.6744,  1.0000,  0.0000,  0.0000,  0.0000,  0.0000]])
tensor([[-0.7729,  1.0000,  0.0000,  0.0000,  0.0000,  0.0000]])
tensor([[-0.0779,  1.0000,  0.0000,  0.0000,  0.0000,  0.0000]])
tensor([[-0.9062,  1.0000,  0.0000,  0.0000,  0.0000,  0.0000]])
tensor([[-0.8221,  1.0000,  0.0000,  0.0000,  0.0000,  0.0000]])
tensor([[-0.4704,  1.0000,  0.0000,  0.0000,  0.0000,  0.0000]])
tensor([[-0.3633,  1.0000,  0.0000,  0.0000,  0.0000,  0.0000]])
tensor([[-0.7172,  1.0000,  0.0000,  0.0000,  0.0000,  0.0000]])
tensor([[-0.9525,  1.0000,  0.0000,  0.0000,  0.0000,  0.0000]])
tensor([[0.2814, 1.0000, 0.0000, 0.0000, 0.0000, 0.0000]])
tensor([[-0.7333,  1.0000,  0.0000,  0.0000,  0.0000,  0.0000]])
tensor([[0.5462, 1.0000, 0.0000, 0.0000, 0.0000, 0.0000]])
tensor([[-0.2285,  1.0000,  0.0000,  0.0000,  0.0000,  0.0000]])
tensor([[-0.3384,  1.0000,  0.0000,  0.0000,  0.0000,  0.0000]])
tensor([[-0.2079,  1.0000,  0.0000,  0.0000,  0.0000,  0.0000]])
tensor([[0.5944, 1.0000, 1.0000, 0.0000, 0.0000, 0.0000]])
tensor([[-0.5405,  1.0000,  0.0000,  0.0000,  0.0000,  0.0000]])
tensor([[0.7211, 1.0000, 0.0000, 0.0000, 0.0000, 0.0000]])
tensor([[0.3091, 1.0000, 0.0000, 0.0000, 0.0000, 0.0000]])
tensor([[-0.1878,  1.0000,  0.0000,  0.0000,  0.0000,  0.0000]])
tensor([[-0.9054,  1.0000,  0.0000,  0.0000,  0.0000,  0.0000]])
tensor([[0.8668, 1.0000, 0.0000, 0.0000, 0.0000, 0.0000]])
tensor([[0.3618, 1.0000, 0.0000, 0.0000, 0.0000, 0.0000]])
tensor([[0.6588, 1.0000, 0.0000, 0.0000, 0.0000, 0.0000]])
tensor([[-0.8976,  1.0000,  1.0000,  0.0000,  0.0000,  0.0000]])
tensor([[0.2884, 1.0000, 0.0000, 0.0000, 0.0000, 0.0000]])
tensor([[-0.9702,  1.0000,  0.0000,  0.0000,  0.0000,  0.0000]])
tensor([[-0.9090,  1.0000,  0.0000,  0.0000,  0.0000,  0.0000]])
tensor([[-0.5685,  1.0000,  0.0000,  0.0000,  0.0000,  0.0000]])
tensor([[-0.7664,  1.0000,  0.0000,  0.0000,  0.0000,  0.0000]])
tensor([[0.7467, 1.0000, 0.0000, 0.0000, 0.0000, 0.0000]])
tensor([[-0.2176,  1.0000,  0.0000,  0.0000,  0.0000,  0.0000]])
tensor([[-0.8532,  1.0000,  0.0000,  0.0000,  0.0000,  0.0000]])
tensor([[0.7874, 1.0000, 0.0000, 0.0000, 0.0000, 0.0000]])
tensor([[-0.4973,  1.0000,  0.0000,  0.0000,  0.0000,  0.0000]])
tensor([[0.6168, 1.0000, 0.0000, 0.0000, 0.0000, 0.0000]])
tensor([[-0.3384,  1.0000,  0.0000,  0.0000,  0.0000,  0.0000]])
tensor([[-0.1964,  1.0000,  0.0000,  0.0000,  0.0000,  0.0000]])
tensor([[-0.2554,  1.0000,  0.0000,  0.0000,  0.0000,  0.0000]])
tensor([[-0.9651,  1.0000,  0.0000,  0.0000,  0.0000,  0.0000]])
tensor([[-0.5464,  1.0000,  0.0000,  0.0000,  0.0000,  0.0000]])
tensor([[0.2857, 1.0000, 0.0000, 0.0000, 0.0000, 0.0000]])
tensor([[-0.9219,  1.0000,  0.0000,  0.0000,  0.0000,  0.0000]])
tensor([[0.4993, 1.0000, 0.0000, 0.0000, 0.0000, 0.0000]])
tensor([[-0.5817,  1.0000,  0.0000,  0.0000,  0.0000,  0.0000]])
tensor([[-0.5805,  1.0000,  0.0000,  0.0000,  0.0000,  0.0000]])
tensor([[0.1176, 1.0000, 0.0000, 0.0000, 0.0000, 0.0000]])
tensor([[-0.8362,  1.0000,  0.0000,  0.0000,  0.0000,  0.0000]])
tensor([[-0.9368,  1.0000,  0.0000,  0.0000,  0.0000,  0.0000]])
tensor([[-0.5506,  1.0000,  0.0000,  0.0000,  0.0000,  0.0000]])
tensor([[-0.6775,  1.0000,  0.0000,  0.0000,  0.0000,  0.0000]])
tensor([[-0.8861,  1.0000,  0.0000,  0.0000,  0.0000,  0.0000]])
tensor([[-0.9469,  1.0000,  0.0000,  0.0000,  0.0000,  0.0000]])
tensor([[-0.9307,  1.0000,  0.0000,  0.0000,  0.0000,  0.0000]])
tensor([[-0.9797,  1.0000,  0.0000,  0.0000,  0.0000,  0.0000]])
tensor([[-0.8848,  1.0000,  0.0000,  0.0000,  0.0000,  0.0000]])
tensor([[-0.9083,  1.0000,  0.0000,  0.0000,  0.0000,  0.0000]])
tensor([[-0.9008,  1.0000,  0.0000,  0.0000,  0.0000,  0.0000]])
tensor([[0.1359, 1.0000, 0.0000, 0.0000, 0.0000, 0.0000]])
tensor([[0.4317, 0.0000, 1.0000, 0.0000, 0.0000, 0.0000]])
tensor([[-0.4864,  1.0000,  0.0000,  0.0000,  0.0000,  0.0000]])
tensor([[-0.6101,  1.0000,  0.0000,  0.0000,  0.0000,  0.0000]])
tensor([[-0.5694,  1.0000,  0.0000,  0.0000,  0.0000,  0.0000]])
tensor([[-0.7882,  1.0000,  0.0000,  0.0000,  0.0000,  0.0000]])
tensor([[-0.7156,  1.0000,  0.0000,  0.0000,  0.0000,  0.0000]])
tensor([[-0.9508,  1.0000,  0.0000,  0.0000,  0.0000,  0.0000]])
tensor([[-0.2567,  1.0000,  0.0000,  0.0000,  0.0000,  0.0000]])
tensor([[0.1060, 1.0000, 0.0000, 0.0000, 0.0000, 0.0000]])
tensor([[-0.1739,  1.0000,  0.0000,  0.0000,  0.0000,  0.0000]])
tensor([[-0.3842,  1.0000,  0.0000,  0.0000,  0.0000,  0.0000]])
tensor([[0.0653, 1.0000, 0.0000, 0.0000, 0.0000, 0.0000]])
tensor([[0.8753, 1.0000, 0.0000, 0.0000, 0.0000, 0.0000]])
tensor([[-0.7799,  1.0000,  0.0000,  0.0000,  0.0000,  0.0000]])
tensor([[-0.1384,  1.0000,  0.0000,  0.0000,  0.0000,  0.0000]])
tensor([[-0.7327,  1.0000,  0.0000,  0.0000,  0.0000,  0.0000]])
tensor([[-0.8154,  1.0000,  0.0000,  0.0000,  0.0000,  0.0000]])
tensor([[-0.9087,  1.0000,  0.0000,  0.0000,  0.0000,  0.0000]])
tensor([[-0.9219,  1.0000,  0.0000,  0.0000,  0.0000,  0.0000]])
tensor([[-0.4513,  1.0000,  0.0000,  0.0000,  0.0000,  0.0000]])
tensor([[-0.6999,  1.0000,  0.0000,  0.0000,  0.0000,  0.0000]])
tensor([[-0.2801,  1.0000,  0.0000,  0.0000,  0.0000,  0.0000]])
tensor([[-0.5172,  1.0000,  0.0000,  0.0000,  0.0000,  0.0000]])
tensor([[-0.2308,  1.0000,  0.0000,  0.0000,  0.0000,  0.0000]])
tensor([[-0.3401,  1.0000,  0.0000,  0.0000,  0.0000,  0.0000]])
tensor([[-0.8197,  1.0000,  0.0000,  0.0000,  0.0000,  0.0000]])
tensor([[0.9066, 1.0000, 0.0000, 0.0000, 0.0000, 0.0000]])
tensor([[0.9420, 1.0000, 0.0000, 0.0000, 0.0000, 0.0000]])
tensor([[0.0301, 1.0000, 0.0000, 0.0000, 0.0000, 0.0000]])
tensor([[0.8684, 0.0000, 0.0000, 0.0000, 0.0000, 0.0000]])
tensor([[0.4028, 1.0000, 0.0000, 0.0000, 0.0000, 0.0000]])
tensor([[-0.9230,  1.0000,  0.0000,  0.0000,  0.0000,  0.0000]])
tensor([[-0.7035,  1.0000,  0.0000,  0.0000,  0.0000,  0.0000]])
tensor([[-0.7698,  1.0000,  0.0000,  0.0000,  0.0000,  0.0000]])
tensor([[-0.5352,  1.0000,  0.0000,  0.0000,  0.0000,  0.0000]])
tensor([[-0.7340,  1.0000,  0.0000,  0.0000,  0.0000,  0.0000]])
tensor([[-0.4897,  1.0000,  0.0000,  0.0000,  0.0000,  0.0000]])
tensor([[0.7105, 1.0000, 0.0000, 0.0000, 0.0000, 0.0000]])
tensor([[-0.0928,  1.0000,  0.0000,  0.0000,  0.0000,  0.0000]])
tensor([[-0.3154,  1.0000,  0.0000,  0.0000,  0.0000,  0.0000]])
tensor([[0.9086, 1.0000, 0.0000, 0.0000, 0.0000, 0.0000]])
tensor([[-0.2765,  1.0000,  0.0000,  0.0000,  0.0000,  0.0000]])
tensor([[-0.4383,  1.0000,  0.0000,  0.0000,  0.0000,  0.0000]])
tensor([[0.6320, 1.0000, 0.0000, 0.0000, 0.0000, 0.0000]])
tensor([[-0.0867,  1.0000,  0.0000,  0.0000,  0.0000,  0.0000]])
tensor([[-0.3377,  1.0000,  0.0000,  0.0000,  0.0000,  0.0000]])
tensor([[-0.2933,  0.0000,  0.0000,  0.0000,  0.0000,  0.0000]])
tensor([[-0.2926,  1.0000,  0.0000,  0.0000,  0.0000,  0.0000]])
tensor([[-0.9795,  1.0000,  0.0000,  0.0000,  0.0000,  0.0000]])
tensor([[-0.5975,  1.0000,  0.0000,  0.0000,  0.0000,  0.0000]])
tensor([[0.0399, 1.0000, 0.0000, 0.0000, 0.0000, 0.0000]])
tensor([[-0.1268,  1.0000,  0.0000,  0.0000,  0.0000,  0.0000]])
tensor([[0.7737, 1.0000, 0.0000, 0.0000, 0.0000, 0.0000]])
tensor([[-0.6073,  1.0000,  0.0000,  0.0000,  0.0000,  0.0000]])
tensor([[0.4713, 1.0000, 0.0000, 0.0000, 0.0000, 0.0000]])
tensor([[-0.3147,  1.0000,  0.0000,  0.0000,  0.0000,  0.0000]])
tensor([[-0.8131,  1.0000,  0.0000,  0.0000,  0.0000,  0.0000]])
tensor([[-0.6166,  1.0000,  0.0000,  0.0000,  0.0000,  0.0000]])
tensor([[-0.9653,  1.0000,  0.0000,  0.0000,  0.0000,  0.0000]])
tensor([[0.2701, 1.0000, 0.0000, 0.0000, 0.0000, 0.0000]])
tensor([[0.9332, 1.0000, 0.0000, 0.0000, 0.0000, 0.0000]])
tensor([[0.6750, 1.0000, 0.0000, 0.0000, 0.0000, 0.0000]])
tensor([[0.5887, 1.0000, 0.0000, 0.0000, 0.0000, 0.0000]])
tensor([[-0.0570,  1.0000,  0.0000,  0.0000,  0.0000,  0.0000]])
tensor([[0.7122, 1.0000, 0.0000, 0.0000, 0.0000, 0.0000]])
tensor([[0.9301, 1.0000, 0.0000, 0.0000, 0.0000, 0.0000]])
tensor([[-0.2492,  1.0000,  0.0000,  0.0000,  0.0000,  0.0000]])
tensor([[0.6193, 1.0000, 0.0000, 0.0000, 0.0000, 0.0000]])
tensor([[-0.1075,  1.0000,  0.0000,  0.0000,  0.0000,  0.0000]])
tensor([[0.4813, 1.0000, 0.0000, 0.0000, 0.0000, 0.0000]])
tensor([[0.4803, 1.0000, 0.0000, 0.0000, 0.0000, 0.0000]])
tensor([[0.1328, 1.0000, 0.0000, 0.0000, 0.0000, 0.0000]])
tensor([[-0.1980,  1.0000,  0.0000,  0.0000,  0.0000,  0.0000]])
tensor([[0.7101, 1.0000, 0.0000, 0.0000, 0.0000, 0.0000]])
tensor([[0.7092, 1.0000, 0.0000, 0.0000, 0.0000, 0.0000]])
tensor([[-0.8047,  1.0000,  0.0000,  0.0000,  0.0000,  0.0000]])
tensor([[0.8298, 1.0000, 0.0000, 0.0000, 0.0000, 0.0000]])
tensor([[0.5571, 1.0000, 0.0000, 0.0000, 0.0000, 0.0000]])
tensor([[-0.9488,  1.0000,  0.0000,  0.0000,  0.0000,  0.0000]])
tensor([[0.9808, 1.0000, 0.0000, 0.0000, 0.0000, 0.0000]])
tensor([[0.5581, 1.0000, 0.0000, 0.0000, 0.0000, 0.0000]])
tensor([[-0.0143,  1.0000,  0.0000,  0.0000,  0.0000,  0.0000]])
tensor([[0.2047, 1.0000, 0.0000, 0.0000, 0.0000, 0.0000]])
tensor([[-0.6067,  1.0000,  0.0000,  0.0000,  0.0000,  0.0000]])
tensor([[0.8543, 1.0000, 0.0000, 0.0000, 0.0000, 0.0000]])
tensor([[-0.3816,  1.0000,  0.0000,  0.0000,  0.0000,  0.0000]])
tensor([[-0.5334,  1.0000,  0.0000,  0.0000,  0.0000,  0.0000]])
tensor([[-0.4472,  1.0000,  0.0000,  0.0000,  0.0000,  0.0000]])
tensor([[0.8586, 1.0000, 0.0000, 1.0000, 0.0000, 0.0000]])
tensor([[-0.0691,  1.0000,  0.0000,  0.0000,  0.0000,  0.0000]])
tensor([[-0.9344,  1.0000,  0.0000,  0.0000,  0.0000,  0.0000]])
tensor([[-0.4213,  1.0000,  0.0000,  0.0000,  0.0000,  0.0000]])
tensor([[0.3536, 1.0000, 0.0000, 0.0000, 0.0000, 0.0000]])
tensor([[0.8433, 1.0000, 0.0000, 0.0000, 0.0000, 0.0000]])
tensor([[0.9164, 1.0000, 0.0000, 0.0000, 0.0000, 0.0000]])
tensor([[-0.7684,  1.0000,  0.0000,  0.0000,  0.0000,  0.0000]])
tensor([[-0.5350,  1.0000,  0.0000,  0.0000,  0.0000,  0.0000]])
tensor([[-0.0740,  1.0000,  0.0000,  0.0000,  0.0000,  0.0000]])
tensor([[-0.8315,  1.0000,  0.0000,  0.0000,  0.0000,  0.0000]])
tensor([[-0.2221,  1.0000,  0.0000,  0.0000,  0.0000,  0.0000]])
tensor([[-0.2214,  1.0000,  0.0000,  0.0000,  0.0000,  0.0000]])
tensor([[-0.6215,  1.0000,  0.0000,  0.0000,  0.0000,  0.0000]])
tensor([[0.6029, 1.0000, 0.0000, 0.0000, 0.0000, 0.0000]])
tensor([[0.0526, 1.0000, 0.0000, 0.0000, 0.0000, 0.0000]])
tensor([[0.7696, 1.0000, 0.0000, 0.0000, 0.0000, 0.0000]])
tensor([[-0.8824,  1.0000,  0.0000,  0.0000,  0.0000,  0.0000]])
tensor([[0.1169, 1.0000, 0.0000, 0.0000, 0.0000, 0.0000]])
tensor([[0.4556, 1.0000, 0.0000, 0.0000, 0.0000, 0.0000]])
tensor([[-0.9046,  1.0000,  0.0000,  0.0000,  0.0000,  0.0000]])
tensor([[-0.0684,  1.0000,  0.0000,  0.0000,  0.0000,  0.0000]])
tensor([[-0.8354,  1.0000,  0.0000,  0.0000,  0.0000,  0.0000]])
tensor([[-0.3899,  1.0000,  0.0000,  0.0000,  0.0000,  0.0000]])
tensor([[0.1663, 1.0000, 0.0000, 0.0000, 0.0000, 0.0000]])
tensor([[-0.8879,  1.0000,  0.0000,  0.0000,  0.0000,  0.0000]])
tensor([[-0.8901,  1.0000,  0.0000,  0.0000,  0.0000,  0.0000]])
tensor([[0.3882, 1.0000, 0.0000, 0.0000, 0.0000, 0.0000]])
tensor([[-0.8592,  1.0000,  0.0000,  0.0000,  0.0000,  0.0000]])
tensor([[0.0571, 1.0000, 0.0000, 0.0000, 0.0000, 0.0000]])
tensor([[0.4583, 1.0000, 0.0000, 0.0000, 0.0000, 0.0000]])
tensor([[-0.8943,  1.0000,  0.0000,  0.0000,  0.0000,  0.0000]])
tensor([[0.1470, 1.0000, 0.0000, 0.0000, 0.0000, 0.0000]])
tensor([[-0.9814,  1.0000,  0.0000,  0.0000,  0.0000,  0.0000]])
tensor([[-0.6247,  1.0000,  1.0000,  0.0000,  0.0000,  0.0000]])
tensor([[0.7534, 1.0000, 0.0000, 0.0000, 0.0000, 0.0000]])
tensor([[-0.2141,  1.0000,  0.0000,  0.0000,  0.0000,  0.0000]])
tensor([[-0.6536,  1.0000,  0.0000,  0.0000,  0.0000,  0.0000]])
tensor([[-0.7093,  1.0000,  0.0000,  0.0000,  0.0000,  0.0000]])
tensor([[0.3485, 1.0000, 0.0000, 0.0000, 0.0000, 0.0000]])
tensor([[0.3702, 1.0000, 0.0000, 0.0000, 0.0000, 0.0000]])
tensor([[-0.2168,  1.0000,  0.0000,  0.0000,  0.0000,  0.0000]])
tensor([[-0.0688,  1.0000,  0.0000,  0.0000,  0.0000,  0.0000]])
tensor([[-0.9567,  1.0000,  0.0000,  0.0000,  0.0000,  0.0000]])
tensor([[0.6951, 1.0000, 0.0000, 0.0000, 0.0000, 0.0000]])
tensor([[0.6278, 1.0000, 0.0000, 0.0000, 0.0000, 0.0000]])
tensor([[-0.6412,  1.0000,  0.0000,  0.0000,  0.0000,  0.0000]])
tensor([[0.0159, 1.0000, 0.0000, 0.0000, 0.0000, 0.0000]])
tensor([[-0.1833,  1.0000,  0.0000,  0.0000,  0.0000,  0.0000]])
tensor([[-0.2196,  1.0000,  0.0000,  0.0000,  0.0000,  0.0000]])
tensor([[0.7427, 1.0000, 0.0000, 0.0000, 0.0000, 0.0000]])
tensor([[-0.1018,  1.0000,  0.0000,  0.0000,  0.0000,  0.0000]])
tensor([[-0.0739,  1.0000,  0.0000,  0.0000,  0.0000,  0.0000]])
tensor([[0.2955, 1.0000, 0.0000, 0.0000, 0.0000, 0.0000]])
tensor([[0.6483, 1.0000, 0.0000, 0.0000, 0.0000, 0.0000]])
tensor([[0.1781, 1.0000, 0.0000, 0.0000, 0.0000, 0.0000]])
tensor([[-0.3649,  1.0000,  1.0000,  0.0000,  0.0000,  0.0000]])
tensor([[-0.5959,  1.0000,  0.0000,  0.0000,  0.0000,  0.0000]])
tensor([[-0.0527,  1.0000,  0.0000,  0.0000,  0.0000,  0.0000]])
tensor([[-0.4852,  1.0000,  0.0000,  0.0000,  0.0000,  0.0000]])
tensor([[-0.9151,  1.0000,  0.0000,  0.0000,  0.0000,  0.0000]])
tensor([[0.2260, 1.0000, 0.0000, 0.0000, 0.0000, 0.0000]])
tensor([[-0.8937,  1.0000,  0.0000,  0.0000,  0.0000,  0.0000]])
tensor([[-0.2925,  1.0000,  0.0000,  0.0000,  0.0000,  0.0000]])
tensor([[-0.7794,  1.0000,  0.0000,  0.0000,  0.0000,  0.0000]])
tensor([[-0.5532,  1.0000,  0.0000,  0.0000,  0.0000,  0.0000]])
tensor([[-0.8303,  1.0000,  0.0000,  0.0000,  0.0000,  0.0000]])
tensor([[-0.5748,  1.0000,  0.0000,  0.0000,  0.0000,  0.0000]])
tensor([[-0.3903,  1.0000,  0.0000,  0.0000,  0.0000,  0.0000]])
tensor([[0.1878, 1.0000, 0.0000, 0.0000, 0.0000, 0.0000]])
tensor([[-0.9659,  0.0000,  1.0000,  0.0000,  0.0000,  0.0000]])
tensor([[0.6105, 1.0000, 0.0000, 0.0000, 0.0000, 0.0000]])
tensor([[-0.3776,  1.0000,  0.0000,  0.0000,  0.0000,  0.0000]])
tensor([[0.9115, 1.0000, 0.0000, 0.0000, 0.0000, 0.0000]])
tensor([[-0.9787,  1.0000,  0.0000,  0.0000,  0.0000,  0.0000]])
tensor([[0.1189, 1.0000, 0.0000, 0.0000, 0.0000, 0.0000]])
tensor([[-0.4180,  1.0000,  0.0000,  0.0000,  0.0000,  0.0000]])
tensor([[0.6419, 1.0000, 0.0000, 0.0000, 0.0000, 0.0000]])
tensor([[-0.5963,  1.0000,  0.0000,  0.0000,  0.0000,  0.0000]])
tensor([[-0.1350,  1.0000,  0.0000,  0.0000,  0.0000,  0.0000]])
tensor([[0.5481, 1.0000, 0.0000, 0.0000, 0.0000, 0.0000]])
tensor([[0.5522, 1.0000, 0.0000, 0.0000, 0.0000, 0.0000]])
tensor([[-0.6697,  1.0000,  0.0000,  0.0000,  0.0000,  0.0000]])
tensor([[-0.0836,  1.0000,  0.0000,  0.0000,  0.0000,  0.0000]])
tensor([[-0.5276,  1.0000,  0.0000,  0.0000,  0.0000,  0.0000]])
tensor([[-0.2658,  1.0000,  0.0000,  0.0000,  0.0000,  0.0000]])
tensor([[-0.4064,  1.0000,  0.0000,  0.0000,  0.0000,  0.0000]])
tensor([[0.6727, 1.0000, 0.0000, 0.0000, 0.0000, 0.0000]])
tensor([[0.9291, 1.0000, 0.0000, 0.0000, 0.0000, 0.0000]])
tensor([[0.3373, 1.0000, 0.0000, 0.0000, 0.0000, 0.0000]])
tensor([[0.3158, 1.0000, 0.0000, 0.0000, 0.0000, 0.0000]])
tensor([[-0.3082,  1.0000,  1.0000,  0.0000,  0.0000,  0.0000]])
tensor([[-0.9378,  1.0000,  0.0000,  0.0000,  0.0000,  0.0000]])
tensor([[-0.7061,  1.0000,  0.0000,  0.0000,  0.0000,  0.0000]])
tensor([[0.7718, 1.0000, 0.0000, 0.0000, 0.0000, 0.0000]])
tensor([[0.0316, 1.0000, 0.0000, 0.0000, 0.0000, 0.0000]])
tensor([[-0.6220,  1.0000,  0.0000,  0.0000,  0.0000,  0.0000]])
tensor([[0.6576, 1.0000, 0.0000, 0.0000, 0.0000, 0.0000]])
tensor([[0.8681, 1.0000, 1.0000, 0.0000, 0.0000, 0.0000]])
tensor([[0.4277, 1.0000, 0.0000, 0.0000, 0.0000, 0.0000]])
tensor([[0.3721, 1.0000, 0.0000, 0.0000, 0.0000, 0.0000]])
tensor([[-0.4711,  0.0000,  0.0000,  0.0000,  0.0000,  0.0000]])
tensor([[0.6263, 1.0000, 0.0000, 0.0000, 0.0000, 0.0000]])
tensor([[-0.5775,  1.0000,  0.0000,  0.0000,  0.0000,  0.0000]])
tensor([[0.0011, 1.0000, 0.0000, 0.0000, 0.0000, 0.0000]])
tensor([[0.3360, 1.0000, 0.0000, 0.0000, 0.0000, 0.0000]])
tensor([[0.7537, 1.0000, 0.0000, 0.0000, 0.0000, 0.0000]])
tensor([[-0.1613,  1.0000,  0.0000,  0.0000,  0.0000,  0.0000]])
tensor([[-0.1729,  1.0000,  0.0000,  0.0000,  0.0000,  0.0000]])
tensor([[-0.6659,  1.0000,  0.0000,  0.0000,  0.0000,  0.0000]])
tensor([[0.7782, 1.0000, 0.0000, 0.0000, 0.0000, 0.0000]])
tensor([[-0.1482,  1.0000,  0.0000,  0.0000,  0.0000,  0.0000]])
tensor([[0.9226, 1.0000, 0.0000, 0.0000, 0.0000, 0.0000]])
tensor([[-0.1417,  1.0000,  0.0000,  0.0000,  0.0000,  0.0000]])
tensor([[0.6622, 1.0000, 1.0000, 0.0000, 0.0000, 0.0000]])
tensor([[0.3825, 1.0000, 0.0000, 0.0000, 0.0000, 0.0000]])
tensor([[-0.4379,  1.0000,  0.0000,  0.0000,  0.0000,  0.0000]])
tensor([[0.8802, 1.0000, 0.0000, 0.0000, 0.0000, 0.0000]])
tensor([[-0.7643,  1.0000,  0.0000,  0.0000,  0.0000,  0.0000]])
tensor([[-0.4159,  1.0000,  0.0000,  0.0000,  0.0000,  0.0000]])
tensor([[-0.7286,  1.0000,  0.0000,  0.0000,  0.0000,  0.0000]])
tensor([[0.8132, 1.0000, 0.0000, 0.0000, 0.0000, 0.0000]])
tensor([[-0.1714,  1.0000,  0.0000,  0.0000,  0.0000,  0.0000]])
tensor([[-0.5728,  1.0000,  0.0000,  0.0000,  0.0000,  0.0000]])
tensor([[-0.7487,  1.0000,  0.0000,  0.0000,  0.0000,  0.0000]])
tensor([[0.0275, 1.0000, 0.0000, 0.0000, 0.0000, 0.0000]])
tensor([[-0.3433,  1.0000,  0.0000,  0.0000,  0.0000,  0.0000]])
tensor([[-0.8884,  1.0000,  0.0000,  0.0000,  0.0000,  0.0000]])
tensor([[0.5248, 1.0000, 0.0000, 0.0000, 0.0000, 0.0000]])
tensor([[-0.5427,  1.0000,  0.0000,  0.0000,  0.0000,  0.0000]])
tensor([[-0.1788,  1.0000,  0.0000,  0.0000,  0.0000,  0.0000]])
tensor([[0.7446, 1.0000, 0.0000, 0.0000, 0.0000, 0.0000]])
tensor([[-0.5856,  1.0000,  0.0000,  0.0000,  0.0000,  0.0000]])
tensor([[0.2746, 1.0000, 0.0000, 0.0000, 0.0000, 0.0000]])
tensor([[0.8530, 1.0000, 0.0000, 0.0000, 0.0000, 0.0000]])
tensor([[-0.3414,  1.0000,  0.0000,  0.0000,  0.0000,  0.0000]])
tensor([[-0.5411,  1.0000,  0.0000,  0.0000,  0.0000,  0.0000]])
tensor([[-0.4929,  1.0000,  1.0000,  0.0000,  0.0000,  0.0000]])
tensor([[-0.3342,  1.0000,  0.0000,  0.0000,  0.0000,  0.0000]])
tensor([[-0.6319,  1.0000,  0.0000,  0.0000,  0.0000,  0.0000]])
tensor([[0.1042, 1.0000, 0.0000, 0.0000, 0.0000, 0.0000]])
tensor([[-0.8054,  1.0000,  0.0000,  0.0000,  0.0000,  0.0000]])
tensor([[-0.4911,  1.0000,  0.0000,  0.0000,  0.0000,  0.0000]])
tensor([[0.5187, 1.0000, 0.0000, 0.0000, 0.0000, 0.0000]])
tensor([[-0.1146,  1.0000,  0.0000,  0.0000,  0.0000,  0.0000]])
tensor([[0.4134, 1.0000, 0.0000, 0.0000, 0.0000, 0.0000]])
tensor([[-0.9419,  1.0000,  0.0000,  0.0000,  0.0000,  0.0000]])
tensor([[-0.1821,  1.0000,  0.0000,  0.0000,  0.0000,  0.0000]])
tensor([[0.4500, 1.0000, 0.0000, 0.0000, 0.0000, 0.0000]])
tensor([[-0.1318,  1.0000,  0.0000,  0.0000,  0.0000,  0.0000]])
tensor([[-0.7778,  1.0000,  0.0000,  0.0000,  0.0000,  0.0000]])
tensor([[0.6452, 1.0000, 0.0000, 0.0000, 0.0000, 0.0000]])
tensor([[0.5688, 1.0000, 0.0000, 0.0000, 0.0000, 0.0000]])
tensor([[-0.8858,  1.0000,  0.0000,  0.0000,  0.0000,  0.0000]])
tensor([[0.5238, 1.0000, 0.0000, 0.0000, 0.0000, 0.0000]])
tensor([[-0.9433,  1.0000,  1.0000,  0.0000,  0.0000,  0.0000]])
tensor([[0.5032, 1.0000, 1.0000, 0.0000, 0.0000, 0.0000]])
tensor([[-0.5300,  1.0000,  0.0000,  0.0000,  0.0000,  0.0000]])
tensor([[-0.3524,  1.0000,  0.0000,  0.0000,  0.0000,  0.0000]])
tensor([[-0.6199,  1.0000,  0.0000,  0.0000,  0.0000,  0.0000]])
tensor([[-0.3312,  1.0000,  0.0000,  0.0000,  0.0000,  0.0000]])
tensor([[-0.0812,  1.0000,  0.0000,  0.0000,  0.0000,  0.0000]])
tensor([[-0.7533,  1.0000,  0.0000,  0.0000,  0.0000,  0.0000]])
tensor([[0.4210, 1.0000, 0.0000, 0.0000, 0.0000, 0.0000]])
tensor([[-0.4558,  1.0000,  0.0000,  0.0000,  0.0000,  0.0000]])
tensor([[0.7608, 1.0000, 0.0000, 0.0000, 0.0000, 0.0000]])
tensor([[-0.7451,  1.0000,  0.0000,  0.0000,  0.0000,  0.0000]])
tensor([[-0.3670,  1.0000,  0.0000,  0.0000,  0.0000,  0.0000]])
tensor([[-0.8691,  1.0000,  0.0000,  0.0000,  0.0000,  0.0000]])
tensor([[0.7389, 1.0000, 1.0000, 0.0000, 0.0000, 0.0000]])
tensor([[-0.5080,  1.0000,  0.0000,  0.0000,  0.0000,  0.0000]])
tensor([[-0.9149,  1.0000,  0.0000,  0.0000,  0.0000,  0.0000]])
tensor([[0.3121, 1.0000, 0.0000, 0.0000, 0.0000, 0.0000]])
tensor([[-0.3967,  1.0000,  0.0000,  0.0000,  0.0000,  0.0000]])
tensor([[0.9749, 1.0000, 0.0000, 0.0000, 0.0000, 0.0000]])
tensor([[-0.0720,  1.0000,  0.0000,  0.0000,  0.0000,  0.0000]])
tensor([[-0.1822,  1.0000,  1.0000,  0.0000,  0.0000,  0.0000]])
tensor([[0.1611, 1.0000, 0.0000, 0.0000, 0.0000, 0.0000]])
tensor([[0.4454, 1.0000, 0.0000, 0.0000, 0.0000, 0.0000]])
tensor([[-0.6952,  1.0000,  0.0000,  0.0000,  0.0000,  0.0000]])
tensor([[0.0586, 1.0000, 0.0000, 0.0000, 0.0000, 0.0000]])
tensor([[0.3354, 1.0000, 0.0000, 0.0000, 0.0000, 0.0000]])
tensor([[-0.4030,  1.0000,  0.0000,  0.0000,  0.0000,  0.0000]])
tensor([[-0.6172,  1.0000,  0.0000,  0.0000,  0.0000,  0.0000]])
tensor([[-0.7774,  1.0000,  0.0000,  0.0000,  0.0000,  0.0000]])
tensor([[-0.1823,  1.0000,  0.0000,  0.0000,  0.0000,  0.0000]])
tensor([[-0.8836,  1.0000,  0.0000,  0.0000,  0.0000,  0.0000]])
tensor([[-0.9737,  1.0000,  0.0000,  0.0000,  0.0000,  0.0000]])
tensor([[-0.8253,  1.0000,  0.0000,  0.0000,  0.0000,  0.0000]])
tensor([[-0.6413,  1.0000,  0.0000,  0.0000,  0.0000,  0.0000]])
tensor([[0.0887, 1.0000, 0.0000, 0.0000, 0.0000, 0.0000]])
tensor([[-0.9169,  1.0000,  0.0000,  0.0000,  0.0000,  0.0000]])
tensor([[-0.0809,  1.0000,  0.0000,  0.0000,  0.0000,  0.0000]])
tensor([[-0.9864,  1.0000,  0.0000,  0.0000,  0.0000,  0.0000]])
tensor([[-0.6493,  1.0000,  0.0000,  0.0000,  0.0000,  0.0000]])
tensor([[0.0351, 1.0000, 0.0000, 0.0000, 0.0000, 0.0000]])
tensor([[-0.0386,  1.0000,  0.0000,  0.0000,  0.0000,  0.0000]])
tensor([[0.6117, 1.0000, 0.0000, 0.0000, 0.0000, 0.0000]])
tensor([[-0.4978,  1.0000,  0.0000,  0.0000,  0.0000,  0.0000]])
tensor([[-0.1000,  1.0000,  0.0000,  0.0000,  0.0000,  1.0000]])
tensor([[-0.9251,  1.0000,  0.0000,  0.0000,  0.0000,  0.0000]])
tensor([[0.5621, 1.0000, 0.0000, 0.0000, 0.0000, 0.0000]])
tensor([[0.3680, 1.0000, 0.0000, 0.0000, 0.0000, 0.0000]])
tensor([[0.4424, 1.0000, 0.0000, 0.0000, 0.0000, 0.0000]])
tensor([[-0.5049,  1.0000,  0.0000,  0.0000,  0.0000,  0.0000]])
tensor([[-0.4957,  1.0000,  0.0000,  0.0000,  0.0000,  0.0000]])
tensor([[-0.6279,  1.0000,  0.0000,  0.0000,  0.0000,  0.0000]])
tensor([[-0.8728,  1.0000,  0.0000,  0.0000,  0.0000,  0.0000]])
tensor([[0.4304, 1.0000, 0.0000, 0.0000, 0.0000, 0.0000]])
tensor([[0.7683, 1.0000, 0.0000, 0.0000, 0.0000, 0.0000]])
tensor([[-0.6932,  1.0000,  0.0000,  0.0000,  0.0000,  0.0000]])
tensor([[-0.3624,  1.0000,  0.0000,  0.0000,  0.0000,  0.0000]])
tensor([[-0.8251,  1.0000,  0.0000,  0.0000,  0.0000,  0.0000]])
tensor([[0.1512, 1.0000, 0.0000, 0.0000, 0.0000, 0.0000]])
tensor([[0.1050, 1.0000, 1.0000, 0.0000, 0.0000, 0.0000]])
tensor([[-0.6219,  1.0000,  1.0000,  0.0000,  0.0000,  0.0000]])
tensor([[-0.0912,  1.0000,  0.0000,  0.0000,  0.0000,  0.0000]])
tensor([[-0.1081,  1.0000,  0.0000,  0.0000,  0.0000,  0.0000]])
tensor([[-0.8873,  1.0000,  0.0000,  0.0000,  0.0000,  0.0000]])
tensor([[-0.6717,  1.0000,  0.0000,  0.0000,  0.0000,  0.0000]])
tensor([[-0.5285,  1.0000,  0.0000,  0.0000,  0.0000,  0.0000]])
tensor([[-0.5447,  1.0000,  0.0000,  0.0000,  0.0000,  0.0000]])
tensor([[-0.0738,  1.0000,  1.0000,  0.0000,  0.0000,  0.0000]])
tensor([[0.5016, 1.0000, 0.0000, 0.0000, 0.0000, 0.0000]])
tensor([[0.0981, 1.0000, 0.0000, 0.0000, 0.0000, 0.0000]])
tensor([[0.0253, 1.0000, 0.0000, 0.0000, 0.0000, 0.0000]])
tensor([[-0.0122,  1.0000,  0.0000,  0.0000,  0.0000,  0.0000]])
tensor([[4.9621e-04, 1.0000e+00, 0.0000e+00, 0.0000e+00, 0.0000e+00, 0.0000e+00]])
tensor([[0.0345, 1.0000, 0.0000, 0.0000, 0.0000, 0.0000]])
tensor([[-0.4453,  1.0000,  0.0000,  0.0000,  0.0000,  0.0000]])
tensor([[-0.2036,  1.0000,  0.0000,  0.0000,  0.0000,  0.0000]])
tensor([[0.4700, 1.0000, 0.0000, 0.0000, 0.0000, 0.0000]])
tensor([[-0.0386,  1.0000,  0.0000,  0.0000,  0.0000,  0.0000]])
tensor([[-0.8462,  1.0000,  0.0000,  0.0000,  0.0000,  0.0000]])
tensor([[-0.9332,  1.0000,  0.0000,  0.0000,  0.0000,  0.0000]])
tensor([[-0.2918,  1.0000,  0.0000,  0.0000,  0.0000,  0.0000]])
tensor([[-0.4373,  1.0000,  0.0000,  0.0000,  0.0000,  0.0000]])
tensor([[-0.5214,  1.0000,  1.0000,  0.0000,  0.0000,  0.0000]])
tensor([[-0.4189,  1.0000,  0.0000,  0.0000,  0.0000,  0.0000]])
tensor([[-0.6354,  1.0000,  0.0000,  0.0000,  0.0000,  0.0000]])
tensor([[-0.9436,  1.0000,  0.0000,  0.0000,  0.0000,  0.0000]])
tensor([[-0.9058,  1.0000,  0.0000,  0.0000,  0.0000,  0.0000]])
tensor([[0.5455, 1.0000, 1.0000, 0.0000, 0.0000, 0.0000]])
tensor([[0.3126, 1.0000, 0.0000, 0.0000, 0.0000, 0.0000]])
tensor([[0.5959, 1.0000, 0.0000, 0.0000, 0.0000, 0.0000]])
tensor([[-0.8370,  1.0000,  0.0000,  0.0000,  0.0000,  0.0000]])
tensor([[-0.7715,  1.0000,  0.0000,  0.0000,  0.0000,  0.0000]])
tensor([[0.2113, 1.0000, 0.0000, 0.0000, 0.0000, 0.0000]])
tensor([[-0.5888,  1.0000,  0.0000,  0.0000,  0.0000,  0.0000]])
tensor([[-0.6154,  1.0000,  0.0000,  0.0000,  0.0000,  0.0000]])
tensor([[0.6793, 1.0000, 0.0000, 0.0000, 0.0000, 0.0000]])
tensor([[-0.4620,  1.0000,  0.0000,  0.0000,  0.0000,  0.0000]])
tensor([[-0.8195,  1.0000,  0.0000,  0.0000,  0.0000,  0.0000]])
tensor([[0.0531, 1.0000, 0.0000, 0.0000, 0.0000, 0.0000]])
tensor([[0.8410, 1.0000, 0.0000, 0.0000, 0.0000, 0.0000]])
tensor([[0.1916, 1.0000, 0.0000, 0.0000, 0.0000, 0.0000]])
tensor([[0.8718, 1.0000, 0.0000, 0.0000, 0.0000, 0.0000]])
tensor([[-0.5398,  1.0000,  0.0000,  0.0000,  0.0000,  0.0000]])
tensor([[-0.6105,  1.0000,  0.0000,  0.0000,  0.0000,  0.0000]])
tensor([[-0.6856,  1.0000,  0.0000,  0.0000,  0.0000,  0.0000]])
tensor([[-0.9413,  1.0000,  0.0000,  0.0000,  0.0000,  0.0000]])
tensor([[0.1756, 1.0000, 0.0000, 0.0000, 0.0000, 0.0000]])
tensor([[-0.1598,  1.0000,  0.0000,  0.0000,  0.0000,  0.0000]])
tensor([[-0.8584,  1.0000,  0.0000,  0.0000,  0.0000,  0.0000]])
tensor([[0.3210, 1.0000, 0.0000, 0.0000, 0.0000, 0.0000]])
tensor([[-0.6267,  1.0000,  0.0000,  0.0000,  0.0000,  0.0000]])
tensor([[-0.6166,  1.0000,  0.0000,  0.0000,  0.0000,  0.0000]])
tensor([[-0.2440,  1.0000,  0.0000,  0.0000,  0.0000,  0.0000]])
tensor([[-0.6734,  1.0000,  0.0000,  0.0000,  0.0000,  0.0000]])
tensor([[-0.4315,  1.0000,  0.0000,  0.0000,  0.0000,  0.0000]])
tensor([[-0.8007,  1.0000,  0.0000,  0.0000,  0.0000,  0.0000]])
tensor([[0.0860, 1.0000, 0.0000, 0.0000, 0.0000, 0.0000]])
tensor([[-0.9544,  1.0000,  1.0000,  0.0000,  0.0000,  0.0000]])
tensor([[-0.3548,  1.0000,  0.0000,  0.0000,  0.0000,  0.0000]])
tensor([[0.5101, 1.0000, 0.0000, 0.0000, 0.0000, 0.0000]])
tensor([[-0.3234,  1.0000,  0.0000,  0.0000,  0.0000,  0.0000]])
tensor([[-0.8008,  1.0000,  0.0000,  0.0000,  0.0000,  0.0000]])
tensor([[-0.5100,  1.0000,  0.0000,  0.0000,  0.0000,  0.0000]])
tensor([[-0.9688,  1.0000,  0.0000,  0.0000,  0.0000,  0.0000]])
tensor([[-0.0189,  1.0000,  0.0000,  0.0000,  0.0000,  0.0000]])
tensor([[-0.6475,  1.0000,  0.0000,  0.0000,  0.0000,  0.0000]])
tensor([[-0.8147,  1.0000,  0.0000,  0.0000,  0.0000,  0.0000]])
tensor([[-0.7761,  1.0000,  0.0000,  0.0000,  0.0000,  0.0000]])
tensor([[0.1615, 1.0000, 0.0000, 0.0000, 0.0000, 0.0000]])
tensor([[-0.6401,  1.0000,  0.0000,  0.0000,  0.0000,  0.0000]])
tensor([[-0.9378,  1.0000,  0.0000,  0.0000,  0.0000,  0.0000]])
tensor([[-0.9718,  1.0000,  0.0000,  0.0000,  0.0000,  0.0000]])
tensor([[-0.7363,  1.0000,  0.0000,  0.0000,  0.0000,  0.0000]])
tensor([[-0.4056,  1.0000,  0.0000,  0.0000,  0.0000,  0.0000]])
tensor([[-0.9169,  1.0000,  0.0000,  0.0000,  0.0000,  0.0000]])
tensor([[-0.8890,  1.0000,  0.0000,  0.0000,  0.0000,  0.0000]])
tensor([[0.1594, 1.0000, 0.0000, 0.0000, 0.0000, 0.0000]])
tensor([[-0.6396,  1.0000,  0.0000,  0.0000,  0.0000,  0.0000]])
tensor([[-0.9275,  1.0000,  0.0000,  0.0000,  0.0000,  0.0000]])
tensor([[-0.6344,  1.0000,  0.0000,  0.0000,  0.0000,  0.0000]])
tensor([[-0.1579,  1.0000,  0.0000,  0.0000,  0.0000,  0.0000]])
tensor([[0.6153, 1.0000, 0.0000, 0.0000, 0.0000, 0.0000]])
tensor([[-0.2236,  1.0000,  0.0000,  0.0000,  0.0000,  0.0000]])
tensor([[0.7443, 1.0000, 0.0000, 0.0000, 0.0000, 0.0000]])
tensor([[0.0296, 1.0000, 0.0000, 0.0000, 0.0000, 0.0000]])
tensor([[-0.8489,  1.0000,  0.0000,  0.0000,  0.0000,  0.0000]])
tensor([[-0.0501,  1.0000,  0.0000,  0.0000,  0.0000,  0.0000]])
tensor([[-0.0687,  1.0000,  0.0000,  0.0000,  0.0000,  0.0000]])
tensor([[-0.7021,  1.0000,  0.0000,  0.0000,  0.0000,  0.0000]])
tensor([[-0.3400,  1.0000,  0.0000,  0.0000,  0.0000,  0.0000]])
tensor([[-0.1940,  1.0000,  0.0000,  0.0000,  0.0000,  0.0000]])
tensor([[-0.4317,  1.0000,  1.0000,  0.0000,  0.0000,  0.0000]])
tensor([[0.0542, 1.0000, 0.0000, 0.0000, 0.0000, 0.0000]])
tensor([[-0.5519,  1.0000,  1.0000,  0.0000,  0.0000,  0.0000]])
tensor([[-0.4406,  1.0000,  0.0000,  0.0000,  0.0000,  0.0000]])
tensor([[0.9776, 1.0000, 0.0000, 0.0000, 0.0000, 0.0000]])
tensor([[0.5953, 1.0000, 0.0000, 0.0000, 0.0000, 0.0000]])
tensor([[-0.0609,  1.0000,  0.0000,  0.0000,  0.0000,  0.0000]])
tensor([[0.7193, 1.0000, 0.0000, 0.0000, 0.0000, 0.0000]])
tensor([[-0.5066,  1.0000,  0.0000,  0.0000,  0.0000,  0.0000]])
tensor([[0.7465, 1.0000, 0.0000, 0.0000, 0.0000, 0.0000]])
tensor([[0.2000, 1.0000, 0.0000, 0.0000, 0.0000, 0.0000]])
tensor([[-0.4743,  1.0000,  0.0000,  0.0000,  0.0000,  0.0000]])
tensor([[-0.5202,  1.0000,  0.0000,  0.0000,  0.0000,  0.0000]])
tensor([[-0.7240,  1.0000,  0.0000,  0.0000,  0.0000,  0.0000]])
tensor([[0.4950, 1.0000, 0.0000, 0.0000, 0.0000, 0.0000]])
tensor([[-0.2588,  1.0000,  0.0000,  0.0000,  0.0000,  0.0000]])
tensor([[0.0145, 1.0000, 1.0000, 0.0000, 0.0000, 0.0000]])
tensor([[-0.9931,  1.0000,  0.0000,  0.0000,  0.0000,  0.0000]])
tensor([[-0.8515,  1.0000,  0.0000,  0.0000,  0.0000,  0.0000]])
tensor([[-0.9185,  1.0000,  0.0000,  0.0000,  0.0000,  0.0000]])
tensor([[-0.6533,  0.0000,  0.0000,  0.0000,  0.0000,  0.0000]])
tensor([[-0.3669,  1.0000,  0.0000,  0.0000,  0.0000,  0.0000]])
tensor([[-0.8584,  1.0000,  0.0000,  0.0000,  0.0000,  0.0000]])
tensor([[0.0488, 1.0000, 0.0000, 0.0000, 0.0000, 0.0000]])
tensor([[-0.2907,  1.0000,  0.0000,  0.0000,  0.0000,  0.0000]])
tensor([[-0.8453,  1.0000,  0.0000,  0.0000,  0.0000,  0.0000]])
tensor([[0.5358, 1.0000, 0.0000, 0.0000, 0.0000, 0.0000]])
tensor([[-0.6182,  1.0000,  0.0000,  0.0000,  0.0000,  0.0000]])
tensor([[0.6106, 1.0000, 0.0000, 0.0000, 0.0000, 0.0000]])
tensor([[-0.1586,  1.0000,  0.0000,  0.0000,  0.0000,  0.0000]])
tensor([[0.1069, 1.0000, 0.0000, 0.0000, 0.0000, 0.0000]])
tensor([[0.7826, 1.0000, 0.0000, 0.0000, 0.0000, 0.0000]])
tensor([[-0.0693,  1.0000,  0.0000,  0.0000,  0.0000,  0.0000]])
tensor([[-0.8255,  1.0000,  1.0000,  0.0000,  0.0000,  0.0000]])
tensor([[-0.0540,  1.0000,  0.0000,  0.0000,  0.0000,  0.0000]])
tensor([[-0.9410,  1.0000,  0.0000,  0.0000,  0.0000,  0.0000]])
tensor([[-0.7966,  1.0000,  0.0000,  0.0000,  0.0000,  0.0000]])
tensor([[0.2137, 1.0000, 0.0000, 0.0000, 0.0000, 0.0000]])
tensor([[-0.2540,  1.0000,  0.0000,  0.0000,  0.0000,  0.0000]])
tensor([[-0.3108,  1.0000,  0.0000,  0.0000,  0.0000,  0.0000]])
tensor([[-0.4920,  1.0000,  0.0000,  0.0000,  0.0000,  0.0000]])
tensor([[0.4681, 1.0000, 0.0000, 0.0000, 0.0000, 0.0000]])
tensor([[0.9434, 1.0000, 0.0000, 0.0000, 0.0000, 0.0000]])
tensor([[-0.9372,  1.0000,  1.0000,  0.0000,  0.0000,  0.0000]])
tensor([[-0.3791,  1.0000,  0.0000,  0.0000,  0.0000,  0.0000]])
tensor([[-0.1962,  1.0000,  0.0000,  0.0000,  0.0000,  0.0000]])
tensor([[0.5512, 1.0000, 0.0000, 0.0000, 0.0000, 0.0000]])
tensor([[0.5952, 1.0000, 0.0000, 0.0000, 0.0000, 0.0000]])
tensor([[0.8411, 1.0000, 0.0000, 0.0000, 0.0000, 0.0000]])
tensor([[-0.8697,  0.0000,  0.0000,  0.0000,  0.0000,  0.0000]])
tensor([[-0.5678,  1.0000,  0.0000,  0.0000,  0.0000,  0.0000]])
tensor([[0.0543, 1.0000, 0.0000, 0.0000, 0.0000, 0.0000]])
tensor([[0.2971, 1.0000, 0.0000, 0.0000, 0.0000, 0.0000]])
tensor([[-0.7713,  1.0000,  0.0000,  0.0000,  0.0000,  0.0000]])
tensor([[-0.6258,  1.0000,  0.0000,  0.0000,  0.0000,  0.0000]])
tensor([[-0.2188,  1.0000,  0.0000,  0.0000,  0.0000,  0.0000]])
tensor([[-0.0317,  1.0000,  0.0000,  0.0000,  0.0000,  0.0000]])
tensor([[-0.7354,  1.0000,  0.0000,  0.0000,  0.0000,  0.0000]])
tensor([[0.8277, 1.0000, 0.0000, 0.0000, 0.0000, 0.0000]])
tensor([[0.7747, 1.0000, 0.0000, 0.0000, 0.0000, 0.0000]])
tensor([[0.3992, 1.0000, 0.0000, 0.0000, 0.0000, 0.0000]])
tensor([[-0.7383,  1.0000,  0.0000,  0.0000,  0.0000,  0.0000]])
tensor([[0.5535, 1.0000, 0.0000, 0.0000, 0.0000, 0.0000]])
tensor([[0.4921, 0.0000, 1.0000, 0.0000, 0.0000, 0.0000]])
tensor([[-0.7811,  1.0000,  1.0000,  0.0000,  0.0000,  0.0000]])
tensor([[0.0355, 1.0000, 0.0000, 0.0000, 0.0000, 0.0000]])
tensor([[0.3596, 1.0000, 0.0000, 0.0000, 0.0000, 0.0000]])
tensor([[-0.8364,  1.0000,  0.0000,  0.0000,  0.0000,  0.0000]])
tensor([[-0.7810,  1.0000,  0.0000,  0.0000,  0.0000,  0.0000]])
tensor([[-0.5362,  1.0000,  0.0000,  0.0000,  0.0000,  0.0000]])
tensor([[-0.8427,  1.0000,  0.0000,  0.0000,  0.0000,  0.0000]])
tensor([[-0.3507,  1.0000,  0.0000,  0.0000,  0.0000,  0.0000]])
tensor([[-0.5716,  1.0000,  0.0000,  0.0000,  0.0000,  0.0000]])
tensor([[-0.8971,  1.0000,  0.0000,  0.0000,  0.0000,  0.0000]])
tensor([[-0.9081,  1.0000,  0.0000,  0.0000,  0.0000,  0.0000]])
tensor([[0.2774, 1.0000, 0.0000, 0.0000, 0.0000, 0.0000]])
tensor([[-0.8797,  1.0000,  0.0000,  0.0000,  0.0000,  0.0000]])
tensor([[-0.9759,  1.0000,  0.0000,  0.0000,  0.0000,  0.0000]])
tensor([[-0.4586,  1.0000,  0.0000,  0.0000,  0.0000,  0.0000]])
tensor([[0.6923, 1.0000, 0.0000, 0.0000, 0.0000, 0.0000]])
tensor([[-0.0501,  1.0000,  0.0000,  0.0000,  0.0000,  0.0000]])
tensor([[-0.4682,  1.0000,  0.0000,  0.0000,  0.0000,  0.0000]])
tensor([[-0.8080,  1.0000,  0.0000,  0.0000,  0.0000,  0.0000]])
tensor([[-0.2283,  1.0000,  0.0000,  0.0000,  0.0000,  0.0000]])
tensor([[-0.6911,  1.0000,  0.0000,  0.0000,  0.0000,  0.0000]])
tensor([[0.7553, 1.0000, 0.0000, 0.0000, 0.0000, 0.0000]])
tensor([[0.4988, 1.0000, 0.0000, 0.0000, 0.0000, 0.0000]])
tensor([[-0.4756,  1.0000,  0.0000,  0.0000,  0.0000,  0.0000]])
tensor([[-0.4399,  1.0000,  0.0000,  0.0000,  0.0000,  1.0000]])
tensor([[0.2839, 1.0000, 0.0000, 0.0000, 0.0000, 0.0000]])
tensor([[-0.4283,  1.0000,  0.0000,  1.0000,  0.0000,  0.0000]])
tensor([[-0.4561,  1.0000,  0.0000,  0.0000,  0.0000,  0.0000]])
tensor([[-0.4865,  0.0000,  0.0000,  0.0000,  0.0000,  0.0000]])
tensor([[0.0473, 1.0000, 0.0000, 0.0000, 0.0000, 0.0000]])
tensor([[-0.8938,  1.0000,  0.0000,  0.0000,  0.0000,  0.0000]])
tensor([[0.6386, 1.0000, 0.0000, 0.0000, 0.0000, 0.0000]])
tensor([[-0.8810,  1.0000,  0.0000,  0.0000,  0.0000,  0.0000]])
tensor([[-0.9184,  1.0000,  0.0000,  0.0000,  0.0000,  0.0000]])
tensor([[-0.7057,  1.0000,  0.0000,  0.0000,  0.0000,  0.0000]])
tensor([[-0.4247,  1.0000,  0.0000,  0.0000,  0.0000,  0.0000]])
tensor([[-0.6259,  1.0000,  0.0000,  0.0000,  0.0000,  0.0000]])
tensor([[-0.7053,  1.0000,  0.0000,  0.0000,  0.0000,  0.0000]])
tensor([[0.0793, 1.0000, 0.0000, 0.0000, 0.0000, 0.0000]])
tensor([[-0.5008,  1.0000,  0.0000,  0.0000,  0.0000,  0.0000]])
tensor([[-0.2584,  1.0000,  0.0000,  0.0000,  0.0000,  0.0000]])
tensor([[-0.5261,  1.0000,  0.0000,  0.0000,  0.0000,  0.0000]])
tensor([[-0.8042,  1.0000,  0.0000,  0.0000,  0.0000,  0.0000]])
tensor([[-0.4517,  1.0000,  0.0000,  0.0000,  0.0000,  0.0000]])
tensor([[-0.3738,  1.0000,  0.0000,  0.0000,  0.0000,  0.0000]])
tensor([[-0.8529,  1.0000,  0.0000,  0.0000,  0.0000,  0.0000]])
tensor([[-0.8656,  1.0000,  0.0000,  0.0000,  0.0000,  0.0000]])
tensor([[-0.2036,  1.0000,  0.0000,  0.0000,  0.0000,  0.0000]])
tensor([[-0.7576,  1.0000,  0.0000,  0.0000,  0.0000,  0.0000]])
tensor([[-0.9030,  1.0000,  0.0000,  0.0000,  0.0000,  0.0000]])
tensor([[-0.8241,  1.0000,  1.0000,  0.0000,  0.0000,  0.0000]])
tensor([[-0.8185,  1.0000,  0.0000,  0.0000,  0.0000,  0.0000]])
tensor([[-0.9925,  1.0000,  0.0000,  0.0000,  0.0000,  0.0000]])
tensor([[-0.1437,  1.0000,  0.0000,  0.0000,  0.0000,  0.0000]])
tensor([[-0.8493,  1.0000,  0.0000,  0.0000,  0.0000,  0.0000]])
tensor([[-0.9269,  1.0000,  0.0000,  0.0000,  0.0000,  0.0000]])
INFO:root:Agent 0 (TQCars): avg action time = 0.0009s
tensor([[-0.9421,  1.0000,  0.0000,  0.0000,  0.0000,  0.0000]])
tensor([[-0.1586,  1.0000,  0.0000,  0.0000,  0.0000,  0.0000]])
tensor([[-0.5419,  1.0000,  0.0000,  0.0000,  0.0000,  0.0000]])
tensor([[-0.3855,  1.0000,  0.0000,  0.0000,  0.0000,  0.0000]])
tensor([[-0.6336,  1.0000,  0.0000,  0.0000,  0.0000,  0.0000]])
tensor([[0.3201, 1.0000, 0.0000, 0.0000, 0.0000, 0.0000]])
tensor([[0.0760, 1.0000, 0.0000, 0.0000, 0.0000, 0.0000]])
tensor([[-0.8585,  1.0000,  0.0000,  0.0000,  0.0000,  0.0000]])
tensor([[-0.6761,  1.0000,  0.0000,  0.0000,  0.0000,  0.0000]])
tensor([[-0.7150,  1.0000,  0.0000,  0.0000,  0.0000,  0.0000]])
tensor([[0.2912, 1.0000, 0.0000, 0.0000, 0.0000, 0.0000]])
tensor([[-0.1567,  1.0000,  0.0000,  0.0000,  0.0000,  0.0000]])
tensor([[-0.3493,  1.0000,  0.0000,  0.0000,  0.0000,  0.0000]])
tensor([[-0.9763,  1.0000,  0.0000,  0.0000,  0.0000,  0.0000]])
tensor([[0.8129, 1.0000, 0.0000, 0.0000, 0.0000, 0.0000]])
tensor([[0.0819, 1.0000, 0.0000, 0.0000, 0.0000, 0.0000]])
tensor([[-0.6680,  1.0000,  0.0000,  0.0000,  0.0000,  0.0000]])
tensor([[-0.5676,  1.0000,  0.0000,  0.0000,  0.0000,  0.0000]])
tensor([[-0.7944,  1.0000,  0.0000,  0.0000,  0.0000,  0.0000]])
tensor([[-0.9227,  1.0000,  0.0000,  0.0000,  0.0000,  0.0000]])
tensor([[-0.9493,  1.0000,  0.0000,  0.0000,  0.0000,  0.0000]])
tensor([[-0.0618,  1.0000,  0.0000,  0.0000,  1.0000,  0.0000]])
tensor([[-0.8867,  1.0000,  0.0000,  0.0000,  0.0000,  0.0000]])
tensor([[-0.9682,  1.0000,  0.0000,  0.0000,  0.0000,  0.0000]])
tensor([[-0.5888,  0.0000,  0.0000,  0.0000,  0.0000,  0.0000]])
tensor([[0.3676, 1.0000, 0.0000, 0.0000, 0.0000, 0.0000]])
tensor([[0.8605, 1.0000, 0.0000, 0.0000, 0.0000, 0.0000]])
tensor([[0.2092, 1.0000, 0.0000, 0.0000, 0.0000, 0.0000]])
tensor([[-0.6568,  1.0000,  0.0000,  0.0000,  0.0000,  0.0000]])
tensor([[-0.2383,  1.0000,  1.0000,  0.0000,  0.0000,  0.0000]])
tensor([[-0.0727,  1.0000,  0.0000,  0.0000,  0.0000,  0.0000]])
tensor([[-0.8169,  1.0000,  0.0000,  0.0000,  0.0000,  0.0000]])
tensor([[-0.9786,  1.0000,  0.0000,  0.0000,  0.0000,  0.0000]])
tensor([[-0.8337,  1.0000,  0.0000,  0.0000,  0.0000,  0.0000]])
tensor([[-0.1369,  1.0000,  0.0000,  0.0000,  0.0000,  0.0000]])
tensor([[0.3460, 1.0000, 0.0000, 0.0000, 0.0000, 0.0000]])
tensor([[-0.9436,  1.0000,  0.0000,  0.0000,  0.0000,  0.0000]])
tensor([[0.8337, 1.0000, 0.0000, 0.0000, 0.0000, 0.0000]])
tensor([[-0.9209,  1.0000,  0.0000,  0.0000,  0.0000,  0.0000]])
tensor([[0.4107, 1.0000, 0.0000, 0.0000, 0.0000, 0.0000]])
tensor([[-0.2376,  1.0000,  0.0000,  0.0000,  0.0000,  0.0000]])
tensor([[-0.9529,  1.0000,  0.0000,  0.0000,  0.0000,  0.0000]])
tensor([[-0.7301,  1.0000,  0.0000,  0.0000,  0.0000,  0.0000]])
tensor([[0.4061, 1.0000, 0.0000, 0.0000, 0.0000, 0.0000]])
tensor([[-0.2283,  1.0000,  0.0000,  0.0000,  0.0000,  0.0000]])
tensor([[0.0083, 1.0000, 0.0000, 0.0000, 0.0000, 0.0000]])
tensor([[-0.9389,  1.0000,  0.0000,  0.0000,  0.0000,  0.0000]])
tensor([[-0.5045,  1.0000,  0.0000,  0.0000,  0.0000,  0.0000]])
tensor([[0.0723, 1.0000, 0.0000, 0.0000, 0.0000, 0.0000]])
tensor([[-0.3016,  1.0000,  0.0000,  0.0000,  0.0000,  0.0000]])
tensor([[0.1175, 1.0000, 0.0000, 0.0000, 0.0000, 0.0000]])
tensor([[-0.1238,  1.0000,  0.0000,  0.0000,  0.0000,  0.0000]])
tensor([[0.6698, 1.0000, 0.0000, 0.0000, 0.0000, 0.0000]])
tensor([[0.8787, 1.0000, 0.0000, 0.0000, 0.0000, 0.0000]])
tensor([[-0.7822,  1.0000,  0.0000,  0.0000,  0.0000,  0.0000]])
tensor([[0.4928, 1.0000, 0.0000, 0.0000, 0.0000, 0.0000]])
tensor([[-0.9137,  1.0000,  0.0000,  0.0000,  0.0000,  0.0000]])
tensor([[-0.8925,  1.0000,  0.0000,  0.0000,  0.0000,  0.0000]])
tensor([[0.1145, 0.0000, 0.0000, 0.0000, 0.0000, 0.0000]])
tensor([[0.0606, 1.0000, 0.0000, 0.0000, 0.0000, 0.0000]])
tensor([[-0.9878,  1.0000,  0.0000,  0.0000,  0.0000,  0.0000]])
tensor([[-0.9484,  1.0000,  0.0000,  0.0000,  0.0000,  0.0000]])
tensor([[-0.6598,  1.0000,  0.0000,  0.0000,  0.0000,  0.0000]])
tensor([[-0.6579,  1.0000,  0.0000,  0.0000,  0.0000,  0.0000]])
tensor([[0.7930, 1.0000, 0.0000, 0.0000, 0.0000, 0.0000]])
tensor([[-0.9141,  1.0000,  0.0000,  0.0000,  0.0000,  0.0000]])
tensor([[-0.4476,  1.0000,  0.0000,  0.0000,  0.0000,  0.0000]])
tensor([[-0.1847,  1.0000,  0.0000,  0.0000,  0.0000,  0.0000]])
tensor([[-0.8311,  1.0000,  0.0000,  0.0000,  0.0000,  0.0000]])
{"type": "results", "track": "ravenbridge_mansion", "results": [{"key": 0, "reward": -0.099835205078125, "position": 4, "name": "TQCars", "avg_action_time": 0.0009460422193636381}]}
