INFO:root:Loading the agents
INFO:root:Loaded player TQCars
INFO:root:Creating pystk-1
INFO:root:Adding wrapper <function get_wrappers.<locals>.<lambda> at 0x7e54794f7420>
INFO:root:Adding wrapper <function get_wrappers.<locals>.<lambda> at 0x7e54794f74c0>
INFO:root:Adding wrapper <function get_wrappers.<locals>.<lambda> at 0x7e54794f7560>
INFO:root:Adding wrapper <function get_wrappers.<locals>.<lambda> at 0x7e54794f7600>
INFO:root:(multi-env mono adapter) Setting main environment max_paths to 5
INFO:root:Loading trained model from CHECKPOINT-GPUFAC/tqc_EXP14RACING_1000000.pt...
INFO:root:Starting a race
tensor([[0.7489, 1.0000, 0.0000, 0.0000, 0.0000, 0.0000]])
tensor([[0.8859, 1.0000, 0.0000, 0.0000, 0.0000, 0.0000]])
tensor([[0.2842, 1.0000, 0.0000, 0.0000, 0.0000, 0.0000]])
tensor([[0.7189, 1.0000, 0.0000, 0.0000, 0.0000, 0.0000]])
tensor([[-0.0143,  1.0000,  0.0000,  0.0000,  0.0000,  0.0000]])
tensor([[-0.3251,  1.0000,  0.0000,  0.0000,  0.0000,  0.0000]])
tensor([[0.5734, 1.0000, 0.0000, 0.0000, 0.0000, 0.0000]])
tensor([[0.0652, 1.0000, 0.0000, 0.0000, 0.0000, 0.0000]])
tensor([[0.8719, 0.0000, 0.0000, 0.0000, 0.0000, 0.0000]])
tensor([[0.8975, 1.0000, 0.0000, 0.0000, 0.0000, 0.0000]])
tensor([[0.1740, 1.0000, 0.0000, 0.0000, 0.0000, 0.0000]])
tensor([[-0.5882,  0.0000,  0.0000,  0.0000,  0.0000,  0.0000]])
tensor([[0.7755, 1.0000, 0.0000, 0.0000, 0.0000, 0.0000]])
tensor([[0.4621, 1.0000, 0.0000, 0.0000, 0.0000, 0.0000]])
tensor([[0.1835, 1.0000, 0.0000, 0.0000, 0.0000, 0.0000]])
tensor([[0.1877, 1.0000, 0.0000, 0.0000, 0.0000, 0.0000]])
tensor([[0.2651, 1.0000, 0.0000, 0.0000, 0.0000, 0.0000]])
tensor([[0.9251, 1.0000, 0.0000, 0.0000, 0.0000, 0.0000]])
tensor([[0.7056, 1.0000, 0.0000, 0.0000, 0.0000, 0.0000]])
tensor([[0.8781, 1.0000, 0.0000, 0.0000, 0.0000, 0.0000]])
tensor([[0.6342, 1.0000, 0.0000, 0.0000, 0.0000, 0.0000]])
tensor([[0.5666, 1.0000, 0.0000, 0.0000, 0.0000, 0.0000]])
tensor([[-0.2095,  1.0000,  0.0000,  0.0000,  0.0000,  0.0000]])
tensor([[0.0189, 1.0000, 0.0000, 0.0000, 0.0000, 0.0000]])
tensor([[-0.5518,  1.0000,  0.0000,  0.0000,  0.0000,  0.0000]])
tensor([[0.7237, 1.0000, 0.0000, 0.0000, 0.0000, 0.0000]])
tensor([[-0.7873,  1.0000,  0.0000,  0.0000,  0.0000,  0.0000]])
tensor([[-0.6346,  1.0000,  0.0000,  0.0000,  0.0000,  0.0000]])
tensor([[-0.5679,  1.0000,  0.0000,  0.0000,  0.0000,  0.0000]])
tensor([[0.9810, 1.0000, 0.0000, 0.0000, 0.0000, 0.0000]])
tensor([[-0.3124,  1.0000,  0.0000,  0.0000,  0.0000,  0.0000]])
tensor([[0.7777, 1.0000, 0.0000, 0.0000, 0.0000, 0.0000]])
tensor([[0.8390, 1.0000, 0.0000, 0.0000, 0.0000, 0.0000]])
tensor([[0.7671, 1.0000, 0.0000, 0.0000, 0.0000, 0.0000]])
tensor([[0.1848, 1.0000, 0.0000, 0.0000, 0.0000, 0.0000]])
tensor([[-0.2076,  1.0000,  0.0000,  0.0000,  0.0000,  0.0000]])
tensor([[0.5565, 1.0000, 0.0000, 0.0000, 0.0000, 0.0000]])
tensor([[0.1534, 1.0000, 0.0000, 0.0000, 0.0000, 0.0000]])
tensor([[0.9154, 1.0000, 0.0000, 0.0000, 0.0000, 0.0000]])
tensor([[0.9910, 1.0000, 0.0000, 0.0000, 0.0000, 0.0000]])
tensor([[0.4379, 1.0000, 0.0000, 0.0000, 0.0000, 0.0000]])
tensor([[0.1364, 1.0000, 0.0000, 0.0000, 0.0000, 0.0000]])
tensor([[0.2781, 1.0000, 0.0000, 0.0000, 0.0000, 0.0000]])
tensor([[-0.3261,  1.0000,  0.0000,  0.0000,  0.0000,  0.0000]])
tensor([[-0.1259,  1.0000,  0.0000,  0.0000,  0.0000,  0.0000]])
tensor([[0.5539, 1.0000, 0.0000, 0.0000, 0.0000, 0.0000]])
tensor([[-0.6691,  1.0000,  0.0000,  0.0000,  0.0000,  0.0000]])
tensor([[-0.5122,  1.0000,  0.0000,  0.0000,  0.0000,  0.0000]])
tensor([[-0.8056,  1.0000,  0.0000,  0.0000,  0.0000,  0.0000]])
tensor([[-0.5571,  1.0000,  0.0000,  0.0000,  0.0000,  0.0000]])
tensor([[-0.1785,  1.0000,  0.0000,  0.0000,  0.0000,  0.0000]])
tensor([[-0.7775,  1.0000,  0.0000,  0.0000,  0.0000,  0.0000]])
tensor([[0.1812, 1.0000, 0.0000, 0.0000, 0.0000, 0.0000]])
tensor([[-0.1725,  1.0000,  0.0000,  0.0000,  0.0000,  0.0000]])
tensor([[-0.9219,  1.0000,  0.0000,  0.0000,  0.0000,  0.0000]])
tensor([[-0.8438,  1.0000,  0.0000,  0.0000,  0.0000,  0.0000]])
tensor([[-0.9892,  1.0000,  0.0000,  0.0000,  0.0000,  0.0000]])
tensor([[-0.9917,  1.0000,  0.0000,  0.0000,  0.0000,  0.0000]])
tensor([[-0.9499,  1.0000,  0.0000,  0.0000,  0.0000,  0.0000]])
tensor([[-0.9769,  1.0000,  0.0000,  0.0000,  0.0000,  0.0000]])
tensor([[-0.9910,  1.0000,  0.0000,  0.0000,  0.0000,  0.0000]])
tensor([[-0.9651,  1.0000,  0.0000,  0.0000,  0.0000,  0.0000]])
tensor([[-0.9390,  1.0000,  0.0000,  0.0000,  0.0000,  0.0000]])
tensor([[-0.9850,  1.0000,  0.0000,  0.0000,  0.0000,  0.0000]])
tensor([[-0.8353,  1.0000,  0.0000,  0.0000,  0.0000,  0.0000]])
tensor([[-0.2445,  1.0000,  0.0000,  0.0000,  0.0000,  0.0000]])
tensor([[-0.6878,  1.0000,  0.0000,  0.0000,  0.0000,  0.0000]])
tensor([[-0.1880,  1.0000,  0.0000,  0.0000,  0.0000,  0.0000]])
tensor([[0.0489, 1.0000, 0.0000, 0.0000, 0.0000, 0.0000]])
tensor([[-0.4665,  1.0000,  0.0000,  0.0000,  0.0000,  0.0000]])
tensor([[-0.6536,  1.0000,  0.0000,  0.0000,  0.0000,  0.0000]])
tensor([[0.7771, 1.0000, 0.0000, 0.0000, 0.0000, 0.0000]])
tensor([[-0.7482,  1.0000,  0.0000,  0.0000,  0.0000,  0.0000]])
tensor([[-0.9161,  1.0000,  0.0000,  0.0000,  0.0000,  0.0000]])
tensor([[0.2959, 1.0000, 0.0000, 0.0000, 0.0000, 0.0000]])
tensor([[-0.7475,  1.0000,  0.0000,  0.0000,  0.0000,  0.0000]])
tensor([[-0.7246,  1.0000,  0.0000,  0.0000,  0.0000,  0.0000]])
tensor([[0.7656, 1.0000, 0.0000, 0.0000, 0.0000, 0.0000]])
tensor([[-0.7033,  1.0000,  0.0000,  0.0000,  0.0000,  0.0000]])
tensor([[0.1245, 1.0000, 0.0000, 0.0000, 0.0000, 0.0000]])
tensor([[0.3606, 1.0000, 0.0000, 0.0000, 0.0000, 0.0000]])
tensor([[-0.4578,  1.0000,  0.0000,  0.0000,  0.0000,  0.0000]])
tensor([[0.6583, 1.0000, 0.0000, 0.0000, 0.0000, 0.0000]])
tensor([[0.9229, 1.0000, 0.0000, 0.0000, 0.0000, 0.0000]])
tensor([[0.2439, 1.0000, 0.0000, 0.0000, 0.0000, 0.0000]])
tensor([[-0.6923,  1.0000,  0.0000,  0.0000,  0.0000,  0.0000]])
tensor([[0.1329, 1.0000, 0.0000, 0.0000, 0.0000, 0.0000]])
tensor([[0.2691, 1.0000, 0.0000, 0.0000, 0.0000, 0.0000]])
tensor([[-0.9329,  1.0000,  0.0000,  0.0000,  0.0000,  0.0000]])
tensor([[0.7603, 1.0000, 0.0000, 0.0000, 0.0000, 0.0000]])
tensor([[-0.6090,  1.0000,  0.0000,  0.0000,  0.0000,  0.0000]])
tensor([[-0.5526,  1.0000,  0.0000,  0.0000,  0.0000,  0.0000]])
tensor([[0.9502, 1.0000, 0.0000, 0.0000, 0.0000, 0.0000]])
tensor([[0.4563, 1.0000, 0.0000, 0.0000, 0.0000, 0.0000]])
tensor([[0.0256, 1.0000, 0.0000, 0.0000, 0.0000, 0.0000]])
tensor([[0.1532, 1.0000, 0.0000, 0.0000, 0.0000, 0.0000]])
tensor([[0.6388, 1.0000, 0.0000, 0.0000, 0.0000, 0.0000]])
tensor([[0.4199, 1.0000, 0.0000, 0.0000, 0.0000, 0.0000]])
tensor([[0.2141, 1.0000, 0.0000, 0.0000, 0.0000, 0.0000]])
tensor([[0.9810, 1.0000, 0.0000, 0.0000, 0.0000, 0.0000]])
tensor([[0.9899, 1.0000, 0.0000, 0.0000, 0.0000, 0.0000]])
tensor([[0.6776, 1.0000, 0.0000, 0.0000, 0.0000, 0.0000]])
tensor([[0.8983, 1.0000, 0.0000, 0.0000, 0.0000, 0.0000]])
tensor([[0.5764, 1.0000, 0.0000, 0.0000, 0.0000, 0.0000]])
tensor([[0.6902, 1.0000, 0.0000, 0.0000, 0.0000, 0.0000]])
tensor([[-0.5018,  1.0000,  0.0000,  0.0000,  0.0000,  0.0000]])
tensor([[0.9326, 1.0000, 0.0000, 0.0000, 0.0000, 0.0000]])
tensor([[0.9763, 1.0000, 0.0000, 0.0000, 0.0000, 0.0000]])
tensor([[0.9904, 1.0000, 0.0000, 0.0000, 0.0000, 0.0000]])
tensor([[0.9779, 1.0000, 0.0000, 0.0000, 0.0000, 0.0000]])
tensor([[0.9175, 1.0000, 0.0000, 0.0000, 0.0000, 0.0000]])
tensor([[0.7636, 0.0000, 0.0000, 0.0000, 0.0000, 0.0000]])
tensor([[0.4228, 1.0000, 0.0000, 0.0000, 0.0000, 0.0000]])
tensor([[0.7609, 1.0000, 0.0000, 0.0000, 0.0000, 0.0000]])
tensor([[0.8904, 1.0000, 0.0000, 0.0000, 0.0000, 0.0000]])
tensor([[0.2965, 1.0000, 0.0000, 0.0000, 0.0000, 0.0000]])
tensor([[0.7407, 1.0000, 0.0000, 0.0000, 0.0000, 0.0000]])
tensor([[0.8321, 1.0000, 0.0000, 0.0000, 0.0000, 0.0000]])
tensor([[0.6289, 1.0000, 0.0000, 0.0000, 0.0000, 0.0000]])
tensor([[-0.3278,  1.0000,  0.0000,  0.0000,  0.0000,  0.0000]])
tensor([[0.8675, 1.0000, 0.0000, 0.0000, 0.0000, 0.0000]])
tensor([[-0.0734,  1.0000,  0.0000,  0.0000,  0.0000,  0.0000]])
tensor([[0.9700, 1.0000, 0.0000, 0.0000, 0.0000, 0.0000]])
tensor([[0.9511, 1.0000, 0.0000, 0.0000, 0.0000, 0.0000]])
tensor([[0.9665, 1.0000, 0.0000, 0.0000, 0.0000, 0.0000]])
tensor([[0.9678, 1.0000, 0.0000, 0.0000, 0.0000, 0.0000]])
tensor([[0.7488, 1.0000, 0.0000, 0.0000, 0.0000, 0.0000]])
tensor([[0.9102, 1.0000, 0.0000, 0.0000, 0.0000, 0.0000]])
tensor([[-0.4583,  1.0000,  0.0000,  0.0000,  0.0000,  0.0000]])
tensor([[0.5857, 1.0000, 0.0000, 0.0000, 0.0000, 0.0000]])
tensor([[0.9277, 1.0000, 0.0000, 0.0000, 0.0000, 0.0000]])
tensor([[-0.3328,  1.0000,  0.0000,  0.0000,  0.0000,  0.0000]])
tensor([[0.5149, 1.0000, 0.0000, 0.0000, 0.0000, 0.0000]])
tensor([[-0.2615,  1.0000,  0.0000,  0.0000,  0.0000,  0.0000]])
tensor([[-0.5284,  1.0000,  0.0000,  0.0000,  0.0000,  0.0000]])
tensor([[-0.7782,  1.0000,  0.0000,  0.0000,  0.0000,  0.0000]])
tensor([[-0.4711,  1.0000,  0.0000,  0.0000,  0.0000,  0.0000]])
tensor([[0.4243, 1.0000, 0.0000, 0.0000, 0.0000, 0.0000]])
tensor([[-0.1034,  1.0000,  0.0000,  0.0000,  0.0000,  0.0000]])
tensor([[-0.3483,  1.0000,  0.0000,  0.0000,  0.0000,  0.0000]])
tensor([[-0.7272,  1.0000,  0.0000,  0.0000,  0.0000,  0.0000]])
tensor([[-0.2677,  1.0000,  0.0000,  0.0000,  0.0000,  0.0000]])
tensor([[0.3020, 1.0000, 0.0000, 0.0000, 0.0000, 0.0000]])
tensor([[0.8271, 1.0000, 0.0000, 0.0000, 0.0000, 0.0000]])
tensor([[-0.5584,  1.0000,  0.0000,  0.0000,  0.0000,  0.0000]])
tensor([[0.5377, 1.0000, 0.0000, 0.0000, 0.0000, 0.0000]])
tensor([[0.1152, 1.0000, 0.0000, 0.0000, 0.0000, 0.0000]])
tensor([[-0.8905,  1.0000,  0.0000,  0.0000,  0.0000,  0.0000]])
tensor([[-0.7894,  1.0000,  0.0000,  0.0000,  0.0000,  0.0000]])
tensor([[-0.1035,  1.0000,  0.0000,  0.0000,  0.0000,  0.0000]])
tensor([[0.8553, 1.0000, 0.0000, 0.0000, 0.0000, 0.0000]])
tensor([[0.0986, 1.0000, 0.0000, 0.0000, 0.0000, 0.0000]])
tensor([[-0.4854,  1.0000,  0.0000,  0.0000,  0.0000,  0.0000]])
tensor([[-0.4705,  1.0000,  0.0000,  0.0000,  0.0000,  0.0000]])
tensor([[-0.4828,  1.0000,  0.0000,  0.0000,  0.0000,  0.0000]])
tensor([[-0.7440,  1.0000,  0.0000,  0.0000,  0.0000,  0.0000]])
tensor([[-0.3622,  1.0000,  0.0000,  0.0000,  0.0000,  0.0000]])
tensor([[0.0518, 1.0000, 0.0000, 0.0000, 0.0000, 0.0000]])
tensor([[0.7103, 1.0000, 0.0000, 0.0000, 0.0000, 0.0000]])
tensor([[0.4915, 1.0000, 0.0000, 0.0000, 0.0000, 0.0000]])
tensor([[-0.8346,  1.0000,  0.0000,  0.0000,  0.0000,  0.0000]])
tensor([[-0.7200,  1.0000,  0.0000,  0.0000,  0.0000,  0.0000]])
tensor([[0.4122, 1.0000, 0.0000, 0.0000, 0.0000, 0.0000]])
tensor([[-0.2787,  1.0000,  0.0000,  0.0000,  0.0000,  0.0000]])
tensor([[0.5096, 1.0000, 0.0000, 0.0000, 0.0000, 0.0000]])
tensor([[-0.5920,  1.0000,  0.0000,  0.0000,  0.0000,  0.0000]])
tensor([[-0.4886,  1.0000,  0.0000,  0.0000,  0.0000,  0.0000]])
tensor([[0.3575, 1.0000, 0.0000, 0.0000, 0.0000, 0.0000]])
tensor([[-0.9338,  1.0000,  0.0000,  0.0000,  0.0000,  0.0000]])
tensor([[-0.8484,  1.0000,  0.0000,  0.0000,  0.0000,  0.0000]])
tensor([[-0.8682,  1.0000,  0.0000,  0.0000,  0.0000,  0.0000]])
tensor([[0.3654, 1.0000, 0.0000, 0.0000, 0.0000, 0.0000]])
tensor([[0.6054, 1.0000, 0.0000, 0.0000, 0.0000, 0.0000]])
tensor([[-0.2257,  1.0000,  1.0000,  0.0000,  0.0000,  0.0000]])
tensor([[0.7793, 1.0000, 0.0000, 0.0000, 0.0000, 0.0000]])
tensor([[0.6251, 1.0000, 0.0000, 0.0000, 0.0000, 0.0000]])
tensor([[-0.0552,  1.0000,  0.0000,  0.0000,  0.0000,  0.0000]])
tensor([[0.8119, 1.0000, 0.0000, 0.0000, 0.0000, 0.0000]])
tensor([[0.8476, 1.0000, 0.0000, 0.0000, 0.0000, 0.0000]])
tensor([[0.7459, 1.0000, 0.0000, 0.0000, 0.0000, 0.0000]])
tensor([[0.7316, 1.0000, 0.0000, 0.0000, 0.0000, 0.0000]])
tensor([[0.1679, 1.0000, 0.0000, 0.0000, 0.0000, 0.0000]])
tensor([[-0.3730,  1.0000,  0.0000,  0.0000,  0.0000,  0.0000]])
tensor([[0.6042, 1.0000, 0.0000, 0.0000, 0.0000, 0.0000]])
tensor([[0.9327, 1.0000, 0.0000, 0.0000, 0.0000, 0.0000]])
tensor([[0.7443, 1.0000, 0.0000, 0.0000, 0.0000, 0.0000]])
tensor([[-0.3819,  1.0000,  0.0000,  0.0000,  0.0000,  0.0000]])
tensor([[-0.4482,  1.0000,  0.0000,  0.0000,  0.0000,  0.0000]])
tensor([[0.9291, 1.0000, 0.0000, 0.0000, 0.0000, 0.0000]])
tensor([[0.6909, 1.0000, 0.0000, 0.0000, 0.0000, 0.0000]])
tensor([[0.2640, 1.0000, 0.0000, 0.0000, 0.0000, 0.0000]])
tensor([[-0.1596,  1.0000,  0.0000,  0.0000,  0.0000,  0.0000]])
tensor([[0.3665, 1.0000, 0.0000, 0.0000, 0.0000, 0.0000]])
tensor([[-0.4820,  1.0000,  0.0000,  0.0000,  0.0000,  0.0000]])
tensor([[0.7625, 1.0000, 0.0000, 0.0000, 0.0000, 0.0000]])
tensor([[-0.9778,  1.0000,  0.0000,  0.0000,  0.0000,  0.0000]])
tensor([[-0.7648,  1.0000,  0.0000,  0.0000,  0.0000,  0.0000]])
tensor([[-0.7688,  1.0000,  0.0000,  0.0000,  0.0000,  0.0000]])
tensor([[0.7318, 1.0000, 0.0000, 0.0000, 0.0000, 0.0000]])
tensor([[0.9466, 1.0000, 0.0000, 0.0000, 0.0000, 0.0000]])
tensor([[-0.7524,  1.0000,  0.0000,  0.0000,  0.0000,  0.0000]])
tensor([[0.1209, 1.0000, 0.0000, 0.0000, 0.0000, 0.0000]])
tensor([[0.0898, 1.0000, 0.0000, 0.0000, 0.0000, 0.0000]])
tensor([[0.4334, 1.0000, 0.0000, 0.0000, 0.0000, 0.0000]])
tensor([[-0.4372,  1.0000,  0.0000,  0.0000,  0.0000,  0.0000]])
tensor([[-0.7651,  1.0000,  0.0000,  0.0000,  0.0000,  0.0000]])
tensor([[0.4341, 1.0000, 0.0000, 0.0000, 0.0000, 0.0000]])
tensor([[-0.0318,  1.0000,  0.0000,  0.0000,  0.0000,  0.0000]])
tensor([[0.8059, 1.0000, 0.0000, 0.0000, 0.0000, 0.0000]])
tensor([[-0.8820,  1.0000,  0.0000,  0.0000,  0.0000,  0.0000]])
tensor([[0.2551, 1.0000, 0.0000, 0.0000, 0.0000, 0.0000]])
tensor([[0.2419, 1.0000, 0.0000, 0.0000, 0.0000, 0.0000]])
tensor([[-0.9955,  1.0000,  0.0000,  0.0000,  0.0000,  0.0000]])
tensor([[-0.6704,  1.0000,  0.0000,  0.0000,  0.0000,  0.0000]])
tensor([[-0.7888,  1.0000,  0.0000,  0.0000,  0.0000,  0.0000]])
tensor([[-0.9367,  1.0000,  0.0000,  0.0000,  0.0000,  0.0000]])
tensor([[-0.9950,  1.0000,  0.0000,  0.0000,  0.0000,  0.0000]])
tensor([[-0.9850,  1.0000,  0.0000,  0.0000,  0.0000,  0.0000]])
tensor([[-0.9763,  1.0000,  0.0000,  0.0000,  0.0000,  0.0000]])
tensor([[-0.4687,  1.0000,  0.0000,  0.0000,  0.0000,  0.0000]])
tensor([[-0.9481,  1.0000,  0.0000,  0.0000,  0.0000,  0.0000]])
tensor([[0.3046, 1.0000, 0.0000, 0.0000, 0.0000, 0.0000]])
tensor([[-0.1813,  1.0000,  0.0000,  0.0000,  0.0000,  0.0000]])
tensor([[-0.4928,  1.0000,  0.0000,  0.0000,  0.0000,  0.0000]])
tensor([[0.8842, 1.0000, 0.0000, 0.0000, 0.0000, 0.0000]])
tensor([[0.7658, 1.0000, 0.0000, 0.0000, 0.0000, 0.0000]])
tensor([[0.8864, 1.0000, 0.0000, 0.0000, 0.0000, 0.0000]])
tensor([[0.5574, 1.0000, 0.0000, 0.0000, 0.0000, 0.0000]])
tensor([[0.7276, 1.0000, 0.0000, 0.0000, 0.0000, 0.0000]])
tensor([[-0.1020,  1.0000,  0.0000,  0.0000,  0.0000,  0.0000]])
tensor([[-0.4900,  1.0000,  0.0000,  0.0000,  0.0000,  0.0000]])
tensor([[-0.5760,  1.0000,  0.0000,  0.0000,  0.0000,  0.0000]])
tensor([[-0.1027,  1.0000,  0.0000,  0.0000,  0.0000,  0.0000]])
tensor([[-0.9614,  1.0000,  0.0000,  0.0000,  0.0000,  0.0000]])
tensor([[-0.6114,  1.0000,  0.0000,  0.0000,  0.0000,  0.0000]])
tensor([[0.8000, 1.0000, 0.0000, 0.0000, 0.0000, 0.0000]])
tensor([[-0.5064,  1.0000,  0.0000,  0.0000,  0.0000,  0.0000]])
tensor([[0.7164, 1.0000, 0.0000, 0.0000, 0.0000, 0.0000]])
tensor([[0.6021, 1.0000, 0.0000, 0.0000, 0.0000, 0.0000]])
tensor([[-0.4084,  1.0000,  0.0000,  0.0000,  0.0000,  0.0000]])
tensor([[0.7113, 1.0000, 0.0000, 0.0000, 0.0000, 0.0000]])
tensor([[0.7113, 1.0000, 0.0000, 0.0000, 0.0000, 0.0000]])
tensor([[0.8698, 1.0000, 0.0000, 0.0000, 0.0000, 0.0000]])
tensor([[0.4208, 1.0000, 0.0000, 0.0000, 0.0000, 0.0000]])
tensor([[-0.6924,  1.0000,  0.0000,  0.0000,  0.0000,  0.0000]])
tensor([[0.6776, 1.0000, 0.0000, 0.0000, 0.0000, 0.0000]])
tensor([[-0.0249,  1.0000,  0.0000,  0.0000,  0.0000,  0.0000]])
tensor([[-0.7026,  1.0000,  0.0000,  0.0000,  0.0000,  0.0000]])
tensor([[0.7288, 1.0000, 0.0000, 0.0000, 0.0000, 0.0000]])
tensor([[0.8295, 1.0000, 0.0000, 0.0000, 0.0000, 0.0000]])
tensor([[0.6674, 1.0000, 0.0000, 0.0000, 0.0000, 0.0000]])
tensor([[-0.0690,  1.0000,  0.0000,  0.0000,  0.0000,  0.0000]])
tensor([[-0.3248,  1.0000,  0.0000,  0.0000,  0.0000,  0.0000]])
tensor([[-0.0295,  1.0000,  0.0000,  0.0000,  0.0000,  0.0000]])
tensor([[0.8749, 1.0000, 0.0000, 0.0000, 0.0000, 0.0000]])
tensor([[0.9110, 1.0000, 0.0000, 0.0000, 0.0000, 0.0000]])
tensor([[0.9152, 1.0000, 0.0000, 0.0000, 0.0000, 0.0000]])
tensor([[-0.5813,  1.0000,  0.0000,  0.0000,  0.0000,  0.0000]])
tensor([[0.3662, 1.0000, 0.0000, 0.0000, 0.0000, 0.0000]])
tensor([[0.5542, 1.0000, 0.0000, 0.0000, 0.0000, 0.0000]])
tensor([[0.3646, 1.0000, 0.0000, 0.0000, 0.0000, 0.0000]])
tensor([[0.6851, 1.0000, 0.0000, 0.0000, 0.0000, 0.0000]])
tensor([[0.3423, 1.0000, 0.0000, 0.0000, 0.0000, 0.0000]])
tensor([[-0.0727,  1.0000,  0.0000,  0.0000,  0.0000,  0.0000]])
tensor([[0.4695, 1.0000, 0.0000, 0.0000, 0.0000, 0.0000]])
tensor([[-0.7028,  1.0000,  0.0000,  0.0000,  0.0000,  0.0000]])
tensor([[0.6314, 1.0000, 0.0000, 0.0000, 0.0000, 0.0000]])
tensor([[-0.4710,  1.0000,  0.0000,  0.0000,  0.0000,  0.0000]])
tensor([[-0.6426,  1.0000,  0.0000,  0.0000,  0.0000,  0.0000]])
tensor([[-0.1439,  1.0000,  0.0000,  0.0000,  0.0000,  0.0000]])
tensor([[0.2845, 1.0000, 0.0000, 0.0000, 0.0000, 0.0000]])
tensor([[0.9654, 1.0000, 0.0000, 0.0000, 0.0000, 0.0000]])
tensor([[0.7115, 1.0000, 0.0000, 0.0000, 0.0000, 0.0000]])
tensor([[0.7521, 1.0000, 0.0000, 0.0000, 0.0000, 0.0000]])
tensor([[0.9079, 1.0000, 0.0000, 0.0000, 0.0000, 0.0000]])
tensor([[-0.1472,  1.0000,  0.0000,  0.0000,  0.0000,  0.0000]])
tensor([[0.4026, 1.0000, 0.0000, 0.0000, 0.0000, 0.0000]])
tensor([[0.4958, 1.0000, 0.0000, 0.0000, 0.0000, 0.0000]])
tensor([[-0.2466,  1.0000,  0.0000,  0.0000,  0.0000,  0.0000]])
tensor([[0.7715, 1.0000, 0.0000, 0.0000, 0.0000, 0.0000]])
tensor([[0.5516, 1.0000, 0.0000, 0.0000, 0.0000, 0.0000]])
tensor([[-0.5072,  1.0000,  0.0000,  0.0000,  0.0000,  0.0000]])
tensor([[0.6923, 1.0000, 0.0000, 0.0000, 0.0000, 0.0000]])
tensor([[0.5520, 1.0000, 0.0000, 0.0000, 0.0000, 0.0000]])
tensor([[0.9508, 1.0000, 0.0000, 0.0000, 0.0000, 0.0000]])
tensor([[0.8582, 1.0000, 0.0000, 0.0000, 0.0000, 0.0000]])
tensor([[0.7362, 1.0000, 0.0000, 0.0000, 0.0000, 0.0000]])
tensor([[0.6604, 1.0000, 0.0000, 0.0000, 0.0000, 0.0000]])
tensor([[-0.5363,  1.0000,  0.0000,  0.0000,  0.0000,  0.0000]])
tensor([[0.2240, 1.0000, 0.0000, 0.0000, 0.0000, 0.0000]])
tensor([[-0.5694,  1.0000,  0.0000,  0.0000,  0.0000,  0.0000]])
tensor([[0.4563, 1.0000, 0.0000, 0.0000, 0.0000, 0.0000]])
tensor([[0.6489, 1.0000, 0.0000, 0.0000, 0.0000, 0.0000]])
tensor([[0.7406, 1.0000, 0.0000, 0.0000, 0.0000, 0.0000]])
tensor([[0.8954, 1.0000, 0.0000, 0.0000, 0.0000, 0.0000]])
tensor([[0.8859, 1.0000, 0.0000, 0.0000, 0.0000, 0.0000]])
tensor([[-0.1932,  1.0000,  0.0000,  0.0000,  0.0000,  0.0000]])
tensor([[0.5971, 1.0000, 0.0000, 0.0000, 0.0000, 0.0000]])
tensor([[0.8558, 1.0000, 0.0000, 0.0000, 0.0000, 0.0000]])
tensor([[0.0423, 1.0000, 0.0000, 0.0000, 0.0000, 0.0000]])
tensor([[-0.0720,  1.0000,  0.0000,  0.0000,  0.0000,  0.0000]])
tensor([[0.3673, 1.0000, 0.0000, 0.0000, 0.0000, 0.0000]])
tensor([[-0.2184,  1.0000,  0.0000,  0.0000,  0.0000,  0.0000]])
tensor([[0.7378, 1.0000, 0.0000, 0.0000, 0.0000, 0.0000]])
tensor([[-0.1845,  1.0000,  0.0000,  0.0000,  0.0000,  0.0000]])
tensor([[0.6274, 1.0000, 0.0000, 0.0000, 0.0000, 0.0000]])
tensor([[0.1898, 1.0000, 0.0000, 0.0000, 0.0000, 0.0000]])
tensor([[-0.0666,  1.0000,  0.0000,  0.0000,  0.0000,  0.0000]])
tensor([[-0.7849,  1.0000,  0.0000,  0.0000,  0.0000,  0.0000]])
tensor([[-0.8413,  1.0000,  0.0000,  0.0000,  0.0000,  0.0000]])
tensor([[-0.1109,  1.0000,  0.0000,  0.0000,  0.0000,  0.0000]])
tensor([[-0.7569,  1.0000,  0.0000,  0.0000,  0.0000,  0.0000]])
tensor([[0.4248, 1.0000, 0.0000, 0.0000, 0.0000, 0.0000]])
tensor([[-0.9392,  1.0000,  0.0000,  0.0000,  0.0000,  0.0000]])
tensor([[-0.9118,  1.0000,  0.0000,  0.0000,  0.0000,  0.0000]])
tensor([[-0.8798,  1.0000,  0.0000,  0.0000,  0.0000,  0.0000]])
tensor([[-0.5283,  1.0000,  0.0000,  0.0000,  0.0000,  0.0000]])
tensor([[-0.7099,  1.0000,  0.0000,  0.0000,  0.0000,  0.0000]])
tensor([[-0.9943,  1.0000,  0.0000,  0.0000,  0.0000,  0.0000]])
tensor([[-0.8265,  1.0000,  0.0000,  0.0000,  0.0000,  0.0000]])
tensor([[-0.6874,  1.0000,  0.0000,  0.0000,  0.0000,  0.0000]])
tensor([[-0.5754,  1.0000,  0.0000,  0.0000,  0.0000,  0.0000]])
tensor([[-0.8396,  1.0000,  0.0000,  0.0000,  0.0000,  0.0000]])
tensor([[-0.4644,  1.0000,  0.0000,  0.0000,  0.0000,  0.0000]])
tensor([[-0.3483,  1.0000,  0.0000,  0.0000,  0.0000,  0.0000]])
tensor([[0.2811, 1.0000, 0.0000, 0.0000, 0.0000, 0.0000]])
tensor([[-0.9614,  1.0000,  0.0000,  0.0000,  0.0000,  0.0000]])
tensor([[-0.8722,  1.0000,  0.0000,  0.0000,  0.0000,  0.0000]])
tensor([[-0.4543,  1.0000,  0.0000,  0.0000,  0.0000,  0.0000]])
tensor([[-0.3594,  1.0000,  0.0000,  0.0000,  0.0000,  0.0000]])
tensor([[-0.8950,  1.0000,  0.0000,  0.0000,  0.0000,  0.0000]])
tensor([[-0.7826,  1.0000,  0.0000,  0.0000,  0.0000,  0.0000]])
tensor([[-0.6076,  1.0000,  0.0000,  0.0000,  0.0000,  0.0000]])
tensor([[-0.6612,  1.0000,  0.0000,  0.0000,  0.0000,  0.0000]])
tensor([[-0.7825,  1.0000,  0.0000,  0.0000,  0.0000,  0.0000]])
tensor([[0.1695, 1.0000, 0.0000, 0.0000, 0.0000, 0.0000]])
tensor([[-0.7169,  1.0000,  0.0000,  0.0000,  0.0000,  0.0000]])
tensor([[0.1911, 1.0000, 0.0000, 0.0000, 0.0000, 0.0000]])
tensor([[0.3330, 1.0000, 0.0000, 0.0000, 0.0000, 0.0000]])
tensor([[0.9906, 1.0000, 0.0000, 0.0000, 0.0000, 0.0000]])
tensor([[0.9726, 1.0000, 0.0000, 0.0000, 0.0000, 0.0000]])
tensor([[0.9808, 1.0000, 0.0000, 0.0000, 0.0000, 0.0000]])
tensor([[0.8679, 1.0000, 0.0000, 0.0000, 0.0000, 0.0000]])
tensor([[0.9943, 1.0000, 0.0000, 0.0000, 0.0000, 0.0000]])
tensor([[0.9695, 1.0000, 0.0000, 0.0000, 0.0000, 0.0000]])
tensor([[0.9847, 1.0000, 0.0000, 0.0000, 0.0000, 0.0000]])
tensor([[0.9847, 1.0000, 0.0000, 0.0000, 0.0000, 0.0000]])
tensor([[0.9720, 1.0000, 0.0000, 0.0000, 0.0000, 0.0000]])
tensor([[0.9133, 1.0000, 0.0000, 0.0000, 0.0000, 0.0000]])
tensor([[0.9702, 1.0000, 0.0000, 0.0000, 0.0000, 0.0000]])
tensor([[0.9685, 1.0000, 0.0000, 0.0000, 0.0000, 0.0000]])
tensor([[0.8318, 1.0000, 0.0000, 0.0000, 0.0000, 0.0000]])
tensor([[0.0812, 1.0000, 0.0000, 0.0000, 0.0000, 0.0000]])
tensor([[0.5231, 1.0000, 0.0000, 0.0000, 0.0000, 0.0000]])
tensor([[-0.3983,  1.0000,  0.0000,  0.0000,  0.0000,  0.0000]])
tensor([[-0.2319,  1.0000,  0.0000,  0.0000,  0.0000,  0.0000]])
tensor([[-0.3481,  1.0000,  0.0000,  0.0000,  0.0000,  0.0000]])
tensor([[-0.6328,  1.0000,  0.0000,  0.0000,  0.0000,  0.0000]])
tensor([[-0.7600,  1.0000,  0.0000,  0.0000,  0.0000,  0.0000]])
tensor([[0.1658, 1.0000, 0.0000, 0.0000, 0.0000, 0.0000]])
tensor([[-0.9167,  1.0000,  0.0000,  0.0000,  0.0000,  0.0000]])
tensor([[-0.8459,  1.0000,  0.0000,  0.0000,  0.0000,  0.0000]])
tensor([[-0.3560,  1.0000,  0.0000,  0.0000,  0.0000,  0.0000]])
tensor([[-0.9696,  1.0000,  0.0000,  0.0000,  0.0000,  0.0000]])
tensor([[-0.9874,  1.0000,  0.0000,  0.0000,  0.0000,  0.0000]])
tensor([[-0.9819,  1.0000,  0.0000,  0.0000,  0.0000,  0.0000]])
tensor([[-0.9940,  1.0000,  0.0000,  0.0000,  0.0000,  0.0000]])
tensor([[-0.9968,  1.0000,  0.0000,  0.0000,  0.0000,  0.0000]])
tensor([[-0.9598,  1.0000,  0.0000,  0.0000,  0.0000,  0.0000]])
tensor([[-0.9616,  1.0000,  0.0000,  0.0000,  0.0000,  0.0000]])
tensor([[-0.9619,  1.0000,  0.0000,  0.0000,  0.0000,  0.0000]])
tensor([[-0.9883,  1.0000,  0.0000,  0.0000,  0.0000,  0.0000]])
tensor([[-0.6854,  1.0000,  0.0000,  0.0000,  0.0000,  0.0000]])
tensor([[-0.8828,  1.0000,  0.0000,  0.0000,  0.0000,  0.0000]])
tensor([[-0.2365,  1.0000,  0.0000,  0.0000,  0.0000,  0.0000]])
tensor([[-0.1552,  1.0000,  0.0000,  0.0000,  0.0000,  0.0000]])
tensor([[0.7606, 1.0000, 0.0000, 0.0000, 0.0000, 0.0000]])
tensor([[0.9263, 1.0000, 0.0000, 0.0000, 0.0000, 0.0000]])
tensor([[0.9496, 1.0000, 0.0000, 0.0000, 0.0000, 0.0000]])
tensor([[0.9778, 1.0000, 0.0000, 0.0000, 0.0000, 0.0000]])
tensor([[0.8679, 1.0000, 0.0000, 0.0000, 0.0000, 0.0000]])
tensor([[0.9306, 1.0000, 0.0000, 0.0000, 0.0000, 0.0000]])
tensor([[-0.4175,  1.0000,  0.0000,  0.0000,  0.0000,  0.0000]])
tensor([[0.8524, 1.0000, 0.0000, 0.0000, 0.0000, 0.0000]])
tensor([[0.7408, 1.0000, 0.0000, 0.0000, 0.0000, 0.0000]])
tensor([[0.7956, 1.0000, 0.0000, 0.0000, 0.0000, 0.0000]])
tensor([[0.8337, 1.0000, 0.0000, 0.0000, 0.0000, 0.0000]])
tensor([[0.5803, 1.0000, 0.0000, 0.0000, 0.0000, 0.0000]])
tensor([[0.8232, 1.0000, 0.0000, 0.0000, 0.0000, 0.0000]])
tensor([[-0.0589,  1.0000,  0.0000,  0.0000,  0.0000,  0.0000]])
tensor([[0.3433, 1.0000, 0.0000, 0.0000, 0.0000, 0.0000]])
tensor([[0.6527, 1.0000, 0.0000, 0.0000, 0.0000, 0.0000]])
tensor([[0.9679, 1.0000, 0.0000, 0.0000, 0.0000, 0.0000]])
tensor([[0.8249, 1.0000, 0.0000, 0.0000, 0.0000, 0.0000]])
tensor([[-0.0974,  1.0000,  0.0000,  0.0000,  0.0000,  0.0000]])
tensor([[0.8920, 1.0000, 0.0000, 0.0000, 0.0000, 0.0000]])
tensor([[0.6910, 1.0000, 0.0000, 0.0000, 0.0000, 0.0000]])
tensor([[-0.1091,  1.0000,  0.0000,  0.0000,  0.0000,  0.0000]])
tensor([[0.6999, 1.0000, 0.0000, 0.0000, 0.0000, 0.0000]])
tensor([[0.7205, 1.0000, 0.0000, 0.0000, 0.0000, 0.0000]])
tensor([[0.7168, 1.0000, 0.0000, 0.0000, 0.0000, 0.0000]])
tensor([[0.2780, 1.0000, 0.0000, 0.0000, 0.0000, 0.0000]])
tensor([[-0.2925,  1.0000,  0.0000,  0.0000,  0.0000,  0.0000]])
tensor([[-0.1126,  1.0000,  0.0000,  0.0000,  0.0000,  0.0000]])
tensor([[0.0903, 1.0000, 0.0000, 0.0000, 0.0000, 0.0000]])
tensor([[0.7774, 1.0000, 0.0000, 0.0000, 0.0000, 0.0000]])
tensor([[0.9410, 1.0000, 0.0000, 0.0000, 0.0000, 0.0000]])
tensor([[0.7648, 1.0000, 0.0000, 0.0000, 0.0000, 0.0000]])
tensor([[-0.5201,  1.0000,  0.0000,  0.0000,  0.0000,  0.0000]])
tensor([[0.9466, 1.0000, 0.0000, 0.0000, 0.0000, 0.0000]])
tensor([[0.7270, 1.0000, 0.0000, 0.0000, 0.0000, 0.0000]])
tensor([[0.8612, 1.0000, 0.0000, 0.0000, 0.0000, 0.0000]])
tensor([[-0.0994,  1.0000,  1.0000,  0.0000,  0.0000,  0.0000]])
tensor([[0.1320, 1.0000, 0.0000, 0.0000, 0.0000, 0.0000]])
tensor([[-0.6074,  1.0000,  0.0000,  0.0000,  0.0000,  0.0000]])
tensor([[-0.0777,  1.0000,  0.0000,  0.0000,  0.0000,  0.0000]])
tensor([[0.2748, 1.0000, 0.0000, 0.0000, 0.0000, 0.0000]])
tensor([[0.4668, 1.0000, 0.0000, 0.0000, 0.0000, 0.0000]])
tensor([[-0.1605,  1.0000,  0.0000,  0.0000,  0.0000,  0.0000]])
tensor([[0.9763, 1.0000, 0.0000, 0.0000, 0.0000, 0.0000]])
tensor([[0.5948, 1.0000, 0.0000, 0.0000, 0.0000, 0.0000]])
tensor([[0.0243, 1.0000, 0.0000, 0.0000, 0.0000, 0.0000]])
tensor([[-0.0451,  1.0000,  0.0000,  0.0000,  0.0000,  0.0000]])
tensor([[0.5796, 1.0000, 0.0000, 0.0000, 0.0000, 0.0000]])
tensor([[-0.5834,  1.0000,  0.0000,  0.0000,  0.0000,  0.0000]])
tensor([[-0.0691,  1.0000,  0.0000,  0.0000,  0.0000,  0.0000]])
tensor([[0.3754, 1.0000, 0.0000, 0.0000, 0.0000, 0.0000]])
tensor([[0.6166, 1.0000, 0.0000, 0.0000, 0.0000, 0.0000]])
tensor([[-0.0953,  1.0000,  0.0000,  0.0000,  0.0000,  0.0000]])
tensor([[0.6386, 1.0000, 0.0000, 0.0000, 0.0000, 0.0000]])
tensor([[-0.3486,  1.0000,  0.0000,  0.0000,  0.0000,  0.0000]])
tensor([[0.6116, 1.0000, 0.0000, 0.0000, 0.0000, 0.0000]])
tensor([[0.7542, 1.0000, 0.0000, 0.0000, 0.0000, 0.0000]])
tensor([[0.5565, 1.0000, 0.0000, 0.0000, 0.0000, 0.0000]])
tensor([[-0.2896,  1.0000,  0.0000,  0.0000,  0.0000,  0.0000]])
tensor([[0.3015, 1.0000, 0.0000, 0.0000, 0.0000, 0.0000]])
tensor([[-0.9081,  1.0000,  0.0000,  0.0000,  0.0000,  0.0000]])
tensor([[-0.6129,  1.0000,  0.0000,  0.0000,  0.0000,  0.0000]])
tensor([[0.9582, 1.0000, 0.0000, 0.0000, 0.0000, 0.0000]])
tensor([[-0.4125,  1.0000,  0.0000,  0.0000,  0.0000,  0.0000]])
tensor([[-0.2320,  1.0000,  0.0000,  0.0000,  0.0000,  0.0000]])
tensor([[0.7032, 1.0000, 0.0000, 0.0000, 0.0000, 0.0000]])
tensor([[0.3975, 1.0000, 0.0000, 0.0000, 0.0000, 0.0000]])
tensor([[0.8061, 1.0000, 0.0000, 0.0000, 0.0000, 0.0000]])
tensor([[0.4344, 1.0000, 0.0000, 0.0000, 0.0000, 0.0000]])
tensor([[-0.1905,  1.0000,  0.0000,  0.0000,  0.0000,  0.0000]])
tensor([[-0.7566,  1.0000,  0.0000,  0.0000,  0.0000,  0.0000]])
tensor([[-0.7362,  1.0000,  0.0000,  0.0000,  0.0000,  0.0000]])
tensor([[-0.7250,  1.0000,  0.0000,  0.0000,  0.0000,  0.0000]])
tensor([[-0.6012,  1.0000,  0.0000,  0.0000,  0.0000,  0.0000]])
tensor([[0.1778, 1.0000, 0.0000, 0.0000, 0.0000, 0.0000]])
tensor([[0.7680, 1.0000, 0.0000, 0.0000, 1.0000, 0.0000]])
tensor([[-0.4553,  1.0000,  0.0000,  0.0000,  0.0000,  0.0000]])
tensor([[0.4599, 1.0000, 0.0000, 0.0000, 0.0000, 0.0000]])
tensor([[0.7019, 1.0000, 0.0000, 0.0000, 0.0000, 0.0000]])
tensor([[-0.1624,  1.0000,  0.0000,  0.0000,  0.0000,  0.0000]])
tensor([[-0.7879,  1.0000,  0.0000,  0.0000,  0.0000,  0.0000]])
tensor([[-0.5890,  1.0000,  0.0000,  0.0000,  0.0000,  0.0000]])
tensor([[-0.3999,  1.0000,  0.0000,  0.0000,  0.0000,  0.0000]])
tensor([[-0.5613,  1.0000,  0.0000,  0.0000,  0.0000,  0.0000]])
tensor([[-0.8315,  1.0000,  0.0000,  0.0000,  0.0000,  0.0000]])
tensor([[-0.9313,  1.0000,  0.0000,  0.0000,  0.0000,  0.0000]])
tensor([[0.7549, 1.0000, 0.0000, 0.0000, 0.0000, 0.0000]])
tensor([[-0.3119,  1.0000,  0.0000,  0.0000,  0.0000,  0.0000]])
tensor([[-0.4240,  1.0000,  0.0000,  0.0000,  0.0000,  0.0000]])
tensor([[0.3709, 1.0000, 0.0000, 0.0000, 0.0000, 0.0000]])
tensor([[-0.7664,  1.0000,  0.0000,  0.0000,  0.0000,  0.0000]])
tensor([[0.0569, 1.0000, 0.0000, 0.0000, 0.0000, 0.0000]])
tensor([[0.1938, 1.0000, 0.0000, 0.0000, 0.0000, 0.0000]])
tensor([[-0.2275,  1.0000,  0.0000,  0.0000,  0.0000,  0.0000]])
tensor([[0.4185, 1.0000, 0.0000, 0.0000, 0.0000, 0.0000]])
tensor([[-0.7381,  1.0000,  0.0000,  0.0000,  0.0000,  0.0000]])
tensor([[-0.9562,  1.0000,  0.0000,  0.0000,  0.0000,  0.0000]])
tensor([[-0.8687,  1.0000,  0.0000,  0.0000,  0.0000,  0.0000]])
tensor([[-0.9767,  1.0000,  0.0000,  0.0000,  0.0000,  0.0000]])
tensor([[-0.9724,  1.0000,  0.0000,  0.0000,  0.0000,  0.0000]])
tensor([[-0.0253,  1.0000,  0.0000,  0.0000,  0.0000,  0.0000]])
tensor([[-0.2762,  1.0000,  0.0000,  0.0000,  0.0000,  0.0000]])
tensor([[-0.4658,  1.0000,  0.0000,  0.0000,  0.0000,  0.0000]])
tensor([[-0.3127,  1.0000,  0.0000,  0.0000,  0.0000,  0.0000]])
tensor([[-0.8903,  1.0000,  0.0000,  0.0000,  0.0000,  0.0000]])
tensor([[-0.1171,  1.0000,  0.0000,  0.0000,  0.0000,  0.0000]])
tensor([[0.8383, 1.0000, 0.0000, 0.0000, 0.0000, 0.0000]])
tensor([[0.4316, 1.0000, 0.0000, 0.0000, 0.0000, 0.0000]])
tensor([[-0.9162,  1.0000,  0.0000,  0.0000,  0.0000,  0.0000]])
tensor([[0.3608, 1.0000, 0.0000, 0.0000, 0.0000, 0.0000]])
tensor([[-0.7176,  1.0000,  0.0000,  0.0000,  0.0000,  0.0000]])
tensor([[-0.1116,  1.0000,  0.0000,  0.0000,  0.0000,  0.0000]])
tensor([[-0.8535,  1.0000,  0.0000,  0.0000,  0.0000,  0.0000]])
tensor([[0.2898, 1.0000, 0.0000, 0.0000, 0.0000, 0.0000]])
tensor([[0.9787, 1.0000, 0.0000, 0.0000, 0.0000, 0.0000]])
tensor([[0.5525, 0.0000, 0.0000, 0.0000, 0.0000, 0.0000]])
tensor([[0.7099, 1.0000, 0.0000, 0.0000, 0.0000, 0.0000]])
tensor([[0.8064, 1.0000, 0.0000, 0.0000, 0.0000, 0.0000]])
tensor([[0.7378, 1.0000, 0.0000, 0.0000, 0.0000, 0.0000]])
tensor([[0.7842, 1.0000, 0.0000, 0.0000, 0.0000, 0.0000]])
tensor([[0.4922, 1.0000, 0.0000, 0.0000, 0.0000, 0.0000]])
tensor([[0.4932, 1.0000, 0.0000, 0.0000, 0.0000, 0.0000]])
tensor([[0.8925, 1.0000, 0.0000, 0.0000, 0.0000, 0.0000]])
tensor([[-0.1909,  1.0000,  0.0000,  0.0000,  0.0000,  1.0000]])
tensor([[-0.2124,  1.0000,  0.0000,  0.0000,  0.0000,  0.0000]])
tensor([[0.6960, 1.0000, 0.0000, 0.0000, 0.0000, 0.0000]])
tensor([[0.3486, 1.0000, 0.0000, 0.0000, 0.0000, 0.0000]])
tensor([[0.5529, 1.0000, 0.0000, 0.0000, 0.0000, 0.0000]])
tensor([[0.7727, 1.0000, 0.0000, 0.0000, 0.0000, 0.0000]])
tensor([[-0.7723,  1.0000,  0.0000,  0.0000,  0.0000,  0.0000]])
tensor([[-0.0829,  1.0000,  0.0000,  0.0000,  0.0000,  0.0000]])
tensor([[0.6106, 1.0000, 0.0000, 0.0000, 0.0000, 0.0000]])
tensor([[0.7717, 1.0000, 0.0000, 0.0000, 0.0000, 0.0000]])
tensor([[-0.9346,  1.0000,  0.0000,  0.0000,  0.0000,  0.0000]])
tensor([[0.2496, 1.0000, 0.0000, 0.0000, 0.0000, 0.0000]])
tensor([[0.1939, 1.0000, 0.0000, 0.0000, 0.0000, 0.0000]])
tensor([[0.4094, 1.0000, 0.0000, 0.0000, 0.0000, 0.0000]])
tensor([[0.8229, 1.0000, 0.0000, 0.0000, 0.0000, 0.0000]])
tensor([[-0.7640,  1.0000,  0.0000,  0.0000,  0.0000,  0.0000]])
tensor([[0.7392, 1.0000, 0.0000, 0.0000, 0.0000, 0.0000]])
tensor([[0.3217, 1.0000, 0.0000, 0.0000, 0.0000, 0.0000]])
tensor([[-0.3664,  1.0000,  0.0000,  0.0000,  0.0000,  0.0000]])
tensor([[0.8448, 1.0000, 0.0000, 0.0000, 0.0000, 0.0000]])
tensor([[-0.0635,  1.0000,  0.0000,  0.0000,  0.0000,  0.0000]])
tensor([[0.0031, 1.0000, 0.0000, 0.0000, 0.0000, 0.0000]])
tensor([[0.5258, 1.0000, 0.0000, 0.0000, 0.0000, 0.0000]])
tensor([[0.8481, 1.0000, 0.0000, 0.0000, 0.0000, 0.0000]])
tensor([[0.7284, 1.0000, 0.0000, 0.0000, 0.0000, 0.0000]])
tensor([[0.7018, 1.0000, 0.0000, 0.0000, 0.0000, 0.0000]])
tensor([[0.5502, 1.0000, 0.0000, 0.0000, 0.0000, 0.0000]])
tensor([[-0.5507,  1.0000,  0.0000,  0.0000,  0.0000,  0.0000]])
tensor([[-0.9620,  1.0000,  0.0000,  0.0000,  0.0000,  0.0000]])
tensor([[-0.0452,  1.0000,  0.0000,  0.0000,  0.0000,  0.0000]])
INFO:root:Agent 0 (TQCars): avg action time = 0.0009s
tensor([[0.7800, 1.0000, 0.0000, 0.0000, 0.0000, 0.0000]])
tensor([[0.7816, 1.0000, 0.0000, 0.0000, 0.0000, 0.0000]])
tensor([[-0.4473,  1.0000,  0.0000,  0.0000,  0.0000,  0.0000]])
tensor([[-0.1607,  1.0000,  0.0000,  0.0000,  0.0000,  0.0000]])
tensor([[-0.1762,  1.0000,  0.0000,  0.0000,  0.0000,  0.0000]])
tensor([[-0.4580,  1.0000,  0.0000,  0.0000,  0.0000,  0.0000]])
tensor([[0.9281, 1.0000, 0.0000, 0.0000, 0.0000, 0.0000]])
tensor([[0.8741, 1.0000, 0.0000, 0.0000, 0.0000, 0.0000]])
tensor([[0.8698, 1.0000, 0.0000, 0.0000, 0.0000, 0.0000]])
tensor([[0.6176, 1.0000, 0.0000, 0.0000, 0.0000, 0.0000]])
tensor([[-0.1078,  1.0000,  0.0000,  0.0000,  0.0000,  0.0000]])
tensor([[0.8534, 1.0000, 0.0000, 0.0000, 0.0000, 0.0000]])
tensor([[0.3800, 1.0000, 0.0000, 0.0000, 0.0000, 0.0000]])
tensor([[0.0783, 1.0000, 0.0000, 0.0000, 0.0000, 0.0000]])
tensor([[0.2145, 1.0000, 0.0000, 0.0000, 0.0000, 0.0000]])
tensor([[-0.4266,  1.0000,  0.0000,  0.0000,  0.0000,  0.0000]])
tensor([[-0.4209,  1.0000,  0.0000,  0.0000,  0.0000,  0.0000]])
tensor([[0.8751, 1.0000, 0.0000, 0.0000, 0.0000, 0.0000]])
tensor([[-0.0913,  1.0000,  0.0000,  0.0000,  0.0000,  0.0000]])
tensor([[0.4046, 1.0000, 0.0000, 0.0000, 0.0000, 0.0000]])
tensor([[0.7632, 1.0000, 0.0000, 0.0000, 0.0000, 0.0000]])
tensor([[0.8482, 1.0000, 0.0000, 0.0000, 0.0000, 0.0000]])
tensor([[-0.4699,  1.0000,  0.0000,  0.0000,  0.0000,  0.0000]])
tensor([[0.5316, 1.0000, 0.0000, 0.0000, 0.0000, 0.0000]])
tensor([[0.6826, 1.0000, 0.0000, 0.0000, 0.0000, 0.0000]])
tensor([[0.3097, 1.0000, 0.0000, 0.0000, 0.0000, 0.0000]])
tensor([[-0.2332,  1.0000,  0.0000,  0.0000,  0.0000,  0.0000]])
tensor([[0.8481, 1.0000, 0.0000, 0.0000, 0.0000, 0.0000]])
tensor([[-0.4166,  1.0000,  0.0000,  0.0000,  0.0000,  0.0000]])
tensor([[-0.6917,  1.0000,  0.0000,  0.0000,  0.0000,  0.0000]])
tensor([[0.8604, 1.0000, 0.0000, 0.0000, 0.0000, 0.0000]])
tensor([[0.6872, 1.0000, 0.0000, 0.0000, 0.0000, 0.0000]])
tensor([[0.7638, 1.0000, 0.0000, 0.0000, 0.0000, 0.0000]])
tensor([[0.5447, 1.0000, 0.0000, 0.0000, 0.0000, 0.0000]])
tensor([[-0.0659,  1.0000,  0.0000,  0.0000,  0.0000,  0.0000]])
tensor([[-0.2855,  1.0000,  0.0000,  0.0000,  0.0000,  0.0000]])
tensor([[-0.2600,  1.0000,  0.0000,  0.0000,  0.0000,  0.0000]])
tensor([[-0.5660,  1.0000,  0.0000,  0.0000,  0.0000,  0.0000]])
tensor([[0.8196, 1.0000, 0.0000, 0.0000, 0.0000, 0.0000]])
tensor([[0.6390, 1.0000, 0.0000, 0.0000, 0.0000, 0.0000]])
tensor([[0.9383, 1.0000, 0.0000, 0.0000, 0.0000, 0.0000]])
tensor([[0.8841, 1.0000, 0.0000, 0.0000, 0.0000, 0.0000]])
tensor([[0.6538, 1.0000, 0.0000, 0.0000, 0.0000, 0.0000]])
tensor([[0.2500, 1.0000, 0.0000, 0.0000, 0.0000, 0.0000]])
tensor([[0.6067, 1.0000, 0.0000, 0.0000, 0.0000, 0.0000]])
tensor([[0.3620, 1.0000, 0.0000, 0.0000, 0.0000, 0.0000]])
tensor([[-0.6422,  1.0000,  1.0000,  0.0000,  0.0000,  0.0000]])
tensor([[-0.3237,  1.0000,  0.0000,  0.0000,  0.0000,  0.0000]])
tensor([[-0.4309,  1.0000,  0.0000,  0.0000,  0.0000,  0.0000]])
tensor([[0.6563, 1.0000, 0.0000, 0.0000, 0.0000, 0.0000]])
tensor([[0.2549, 1.0000, 0.0000, 0.0000, 0.0000, 0.0000]])
tensor([[-0.3576,  1.0000,  0.0000,  0.0000,  0.0000,  0.0000]])
tensor([[-0.1286,  1.0000,  0.0000,  0.0000,  0.0000,  0.0000]])
tensor([[-0.2677,  1.0000,  0.0000,  0.0000,  0.0000,  0.0000]])
tensor([[-0.8206,  1.0000,  0.0000,  0.0000,  0.0000,  0.0000]])
tensor([[-0.9053,  1.0000,  1.0000,  0.0000,  0.0000,  0.0000]])
tensor([[-0.9795,  1.0000,  0.0000,  0.0000,  0.0000,  0.0000]])
tensor([[0.0790, 1.0000, 0.0000, 0.0000, 0.0000, 0.0000]])
tensor([[-0.9427,  1.0000,  0.0000,  0.0000,  0.0000,  0.0000]])
tensor([[-0.5657,  1.0000,  0.0000,  0.0000,  0.0000,  0.0000]])
tensor([[-0.7819,  1.0000,  0.0000,  0.0000,  0.0000,  0.0000]])
tensor([[-0.1916,  1.0000,  0.0000,  0.0000,  0.0000,  0.0000]])
tensor([[-0.3266,  1.0000,  0.0000,  0.0000,  0.0000,  0.0000]])
tensor([[-0.3586,  1.0000,  0.0000,  0.0000,  0.0000,  0.0000]])
tensor([[0.0812, 1.0000, 0.0000, 0.0000, 0.0000, 0.0000]])
tensor([[0.7913, 1.0000, 0.0000, 0.0000, 0.0000, 0.0000]])
tensor([[0.0098, 1.0000, 0.0000, 0.0000, 0.0000, 0.0000]])
tensor([[0.2519, 1.0000, 0.0000, 0.0000, 0.0000, 0.0000]])
tensor([[-0.1219,  1.0000,  0.0000,  0.0000,  0.0000,  0.0000]])
tensor([[0.7133, 1.0000, 0.0000, 0.0000, 0.0000, 0.0000]])
tensor([[0.5697, 1.0000, 0.0000, 0.0000, 0.0000, 0.0000]])
tensor([[-0.9638,  1.0000,  0.0000,  0.0000,  0.0000,  0.0000]])
tensor([[-0.2587,  1.0000,  0.0000,  0.0000,  0.0000,  0.0000]])
tensor([[-0.3885,  1.0000,  0.0000,  0.0000,  0.0000,  0.0000]])
tensor([[-0.8418,  1.0000,  0.0000,  0.0000,  0.0000,  0.0000]])
{"type": "results", "track": "scotland", "results": [{"key": 0, "reward": 9.98507080078125, "position": 4, "name": "TQCars", "avg_action_time": 0.0009250561837935968}]}
