INFO:root:Loading the agents
INFO:root:Loaded player TQCars
INFO:root:Creating pystk-1
INFO:root:Adding wrapper <function get_wrappers.<locals>.<lambda> at 0x798acd2ff420>
INFO:root:Adding wrapper <function get_wrappers.<locals>.<lambda> at 0x798acd2ff4c0>
INFO:root:Adding wrapper <function get_wrappers.<locals>.<lambda> at 0x798acd2ff560>
INFO:root:Adding wrapper <function get_wrappers.<locals>.<lambda> at 0x798acd2ff600>
INFO:root:(multi-env mono adapter) Setting main environment max_paths to 5
INFO:root:Loading trained model from CHECKPOINT-GPUFAC/tqc_EXP16BASEREWARD_400000.pt...
INFO:root:Starting a race
tensor([[-0.2603,  1.0000,  0.0000,  0.0000,  0.0000,  0.0000]])
tensor([[-0.9047,  1.0000,  0.0000,  0.0000,  0.0000,  0.0000]])
tensor([[-0.3768,  1.0000,  0.0000,  0.0000,  0.0000,  0.0000]])
tensor([[-0.3700,  1.0000,  0.0000,  0.0000,  0.0000,  0.0000]])
tensor([[-0.5954,  1.0000,  0.0000,  0.0000,  0.0000,  0.0000]])
tensor([[-0.8903,  1.0000,  0.0000,  0.0000,  0.0000,  0.0000]])
tensor([[0.2008, 1.0000, 0.0000, 0.0000, 0.0000, 0.0000]])
tensor([[-0.9727,  1.0000,  0.0000,  0.0000,  0.0000,  0.0000]])
tensor([[-0.7934,  1.0000,  0.0000,  0.0000,  0.0000,  0.0000]])
tensor([[-0.6740,  0.0000,  0.0000,  0.0000,  0.0000,  0.0000]])
tensor([[-0.9561,  1.0000,  0.0000,  1.0000,  0.0000,  0.0000]])
tensor([[-0.8891,  1.0000,  0.0000,  0.0000,  0.0000,  0.0000]])
tensor([[-0.0887,  1.0000,  0.0000,  0.0000,  0.0000,  0.0000]])
tensor([[-0.6754,  1.0000,  0.0000,  0.0000,  0.0000,  0.0000]])
tensor([[-0.5606,  1.0000,  0.0000,  0.0000,  0.0000,  0.0000]])
tensor([[-0.6810,  1.0000,  0.0000,  0.0000,  0.0000,  0.0000]])
tensor([[-0.9462,  1.0000,  0.0000,  0.0000,  0.0000,  0.0000]])
tensor([[-0.5157,  1.0000,  0.0000,  0.0000,  0.0000,  0.0000]])
tensor([[-0.8979,  1.0000,  0.0000,  0.0000,  0.0000,  0.0000]])
tensor([[-0.4535,  1.0000,  0.0000,  0.0000,  0.0000,  0.0000]])
tensor([[-0.8656,  1.0000,  0.0000,  0.0000,  0.0000,  0.0000]])
tensor([[-0.8973,  1.0000,  0.0000,  0.0000,  0.0000,  0.0000]])
tensor([[0.0406, 1.0000, 0.0000, 0.0000, 0.0000, 0.0000]])
tensor([[-0.4240,  1.0000,  0.0000,  0.0000,  0.0000,  0.0000]])
tensor([[0.3175, 1.0000, 0.0000, 0.0000, 0.0000, 0.0000]])
tensor([[0.0086, 1.0000, 0.0000, 0.0000, 0.0000, 0.0000]])
tensor([[0.3850, 1.0000, 0.0000, 0.0000, 0.0000, 0.0000]])
tensor([[-0.1592,  1.0000,  0.0000,  0.0000,  0.0000,  0.0000]])
tensor([[0.0312, 1.0000, 0.0000, 0.0000, 0.0000, 0.0000]])
tensor([[-0.0470,  1.0000,  0.0000,  0.0000,  0.0000,  0.0000]])
tensor([[0.7976, 1.0000, 0.0000, 0.0000, 0.0000, 0.0000]])
tensor([[0.1228, 1.0000, 0.0000, 0.0000, 0.0000, 0.0000]])
tensor([[0.7835, 1.0000, 0.0000, 0.0000, 0.0000, 0.0000]])
tensor([[0.2033, 1.0000, 0.0000, 0.0000, 0.0000, 0.0000]])
tensor([[0.5066, 1.0000, 0.0000, 0.0000, 0.0000, 0.0000]])
tensor([[0.1916, 1.0000, 0.0000, 0.0000, 0.0000, 0.0000]])
tensor([[0.0716, 1.0000, 0.0000, 0.0000, 0.0000, 0.0000]])
tensor([[-0.4120,  1.0000,  0.0000,  0.0000,  0.0000,  0.0000]])
tensor([[0.3869, 1.0000, 0.0000, 0.0000, 0.0000, 0.0000]])
tensor([[0.5567, 1.0000, 0.0000, 0.0000, 0.0000, 0.0000]])
tensor([[-0.1627,  1.0000,  0.0000,  0.0000,  0.0000,  0.0000]])
tensor([[-0.5096,  0.0000,  0.0000,  0.0000,  0.0000,  0.0000]])
tensor([[-0.6495,  1.0000,  0.0000,  0.0000,  0.0000,  0.0000]])
tensor([[0.7381, 1.0000, 0.0000, 0.0000, 0.0000, 0.0000]])
tensor([[-0.8231,  1.0000,  0.0000,  0.0000,  0.0000,  0.0000]])
tensor([[-0.2739,  1.0000,  0.0000,  0.0000,  0.0000,  0.0000]])
tensor([[-0.4618,  1.0000,  0.0000,  0.0000,  0.0000,  0.0000]])
tensor([[0.3758, 1.0000, 0.0000, 0.0000, 0.0000, 0.0000]])
tensor([[-0.6393,  1.0000,  0.0000,  0.0000,  0.0000,  0.0000]])
tensor([[0.2205, 1.0000, 0.0000, 0.0000, 0.0000, 0.0000]])
tensor([[0.8339, 1.0000, 0.0000, 0.0000, 0.0000, 0.0000]])
tensor([[-0.4024,  1.0000,  0.0000,  0.0000,  0.0000,  0.0000]])
tensor([[-0.7002,  1.0000,  0.0000,  0.0000,  0.0000,  0.0000]])
tensor([[0.6893, 1.0000, 0.0000, 0.0000, 0.0000, 0.0000]])
tensor([[-0.3648,  1.0000,  0.0000,  0.0000,  0.0000,  0.0000]])
tensor([[0.5732, 1.0000, 0.0000, 0.0000, 0.0000, 0.0000]])
tensor([[-0.6626,  1.0000,  0.0000,  0.0000,  0.0000,  0.0000]])
tensor([[0.4241, 1.0000, 0.0000, 0.0000, 0.0000, 0.0000]])
tensor([[0.0172, 1.0000, 0.0000, 0.0000, 0.0000, 0.0000]])
tensor([[0.6187, 1.0000, 0.0000, 0.0000, 0.0000, 0.0000]])
tensor([[0.3336, 1.0000, 0.0000, 0.0000, 0.0000, 0.0000]])
tensor([[-0.7522,  1.0000,  0.0000,  0.0000,  0.0000,  0.0000]])
tensor([[0.2872, 1.0000, 0.0000, 0.0000, 0.0000, 0.0000]])
tensor([[-0.4333,  1.0000,  0.0000,  0.0000,  0.0000,  0.0000]])
tensor([[0.5031, 0.0000, 0.0000, 0.0000, 0.0000, 0.0000]])
tensor([[-0.8262,  1.0000,  0.0000,  0.0000,  0.0000,  0.0000]])
tensor([[0.4065, 1.0000, 0.0000, 0.0000, 0.0000, 0.0000]])
tensor([[0.4502, 1.0000, 0.0000, 0.0000, 0.0000, 0.0000]])
tensor([[0.9501, 1.0000, 0.0000, 0.0000, 0.0000, 0.0000]])
tensor([[0.5228, 1.0000, 0.0000, 0.0000, 0.0000, 0.0000]])
tensor([[0.6208, 1.0000, 0.0000, 0.0000, 0.0000, 0.0000]])
tensor([[0.9166, 1.0000, 0.0000, 0.0000, 0.0000, 0.0000]])
tensor([[0.7998, 1.0000, 0.0000, 0.0000, 0.0000, 0.0000]])
tensor([[0.4645, 1.0000, 0.0000, 0.0000, 0.0000, 0.0000]])
tensor([[0.8444, 1.0000, 0.0000, 0.0000, 0.0000, 0.0000]])
tensor([[0.7585, 1.0000, 0.0000, 0.0000, 0.0000, 0.0000]])
tensor([[0.6279, 1.0000, 0.0000, 0.0000, 0.0000, 0.0000]])
tensor([[-0.6946,  1.0000,  0.0000,  0.0000,  0.0000,  0.0000]])
tensor([[0.5338, 1.0000, 0.0000, 0.0000, 0.0000, 0.0000]])
tensor([[0.1270, 1.0000, 0.0000, 0.0000, 0.0000, 0.0000]])
tensor([[0.4371, 1.0000, 0.0000, 0.0000, 0.0000, 0.0000]])
tensor([[0.6766, 1.0000, 0.0000, 0.0000, 0.0000, 0.0000]])
tensor([[0.7015, 1.0000, 0.0000, 0.0000, 0.0000, 0.0000]])
tensor([[-0.4902,  1.0000,  0.0000,  0.0000,  0.0000,  0.0000]])
tensor([[0.7672, 1.0000, 0.0000, 0.0000, 0.0000, 0.0000]])
tensor([[-0.8110,  1.0000,  0.0000,  0.0000,  0.0000,  0.0000]])
tensor([[-0.4833,  1.0000,  0.0000,  0.0000,  0.0000,  0.0000]])
tensor([[0.8434, 1.0000, 0.0000, 0.0000, 0.0000, 0.0000]])
tensor([[0.3522, 1.0000, 1.0000, 0.0000, 0.0000, 0.0000]])
tensor([[0.3327, 1.0000, 0.0000, 0.0000, 0.0000, 0.0000]])
tensor([[-0.0034,  1.0000,  0.0000,  0.0000,  1.0000,  0.0000]])
tensor([[0.0225, 1.0000, 1.0000, 0.0000, 0.0000, 0.0000]])
tensor([[0.2230, 0.0000, 0.0000, 0.0000, 0.0000, 0.0000]])
tensor([[-0.1245,  1.0000,  0.0000,  0.0000,  0.0000,  0.0000]])
tensor([[0.0296, 1.0000, 0.0000, 0.0000, 0.0000, 0.0000]])
tensor([[-0.3735,  1.0000,  0.0000,  0.0000,  0.0000,  0.0000]])
tensor([[-0.5018,  1.0000,  0.0000,  0.0000,  0.0000,  0.0000]])
tensor([[0.5270, 1.0000, 0.0000, 0.0000, 0.0000, 0.0000]])
tensor([[-0.4656,  1.0000,  0.0000,  0.0000,  0.0000,  0.0000]])
tensor([[0.6968, 1.0000, 0.0000, 0.0000, 0.0000, 0.0000]])
tensor([[-0.1648,  1.0000,  0.0000,  0.0000,  0.0000,  0.0000]])
tensor([[-0.0499,  1.0000,  0.0000,  0.0000,  0.0000,  0.0000]])
tensor([[0.5941, 1.0000, 0.0000, 0.0000, 0.0000, 0.0000]])
tensor([[0.3764, 1.0000, 0.0000, 0.0000, 0.0000, 0.0000]])
tensor([[0.1328, 1.0000, 0.0000, 0.0000, 0.0000, 0.0000]])
tensor([[-0.3132,  1.0000,  0.0000,  0.0000,  0.0000,  0.0000]])
tensor([[0.2693, 1.0000, 0.0000, 0.0000, 0.0000, 0.0000]])
tensor([[0.1242, 1.0000, 0.0000, 0.0000, 0.0000, 0.0000]])
tensor([[-0.8049,  1.0000,  0.0000,  0.0000,  0.0000,  0.0000]])
tensor([[0.2284, 1.0000, 0.0000, 0.0000, 0.0000, 0.0000]])
tensor([[0.7408, 1.0000, 0.0000, 0.0000, 0.0000, 0.0000]])
tensor([[-0.0579,  1.0000,  0.0000,  0.0000,  0.0000,  0.0000]])
tensor([[-0.3696,  1.0000,  0.0000,  0.0000,  0.0000,  0.0000]])
tensor([[-0.4424,  1.0000,  0.0000,  0.0000,  0.0000,  0.0000]])
tensor([[0.7701, 1.0000, 0.0000, 0.0000, 0.0000, 0.0000]])
tensor([[0.4844, 1.0000, 0.0000, 0.0000, 0.0000, 0.0000]])
tensor([[0.5898, 1.0000, 0.0000, 0.0000, 0.0000, 0.0000]])
tensor([[0.8064, 1.0000, 0.0000, 0.0000, 0.0000, 0.0000]])
tensor([[-0.0255,  1.0000,  0.0000,  0.0000,  0.0000,  0.0000]])
tensor([[-0.5620,  1.0000,  0.0000,  1.0000,  0.0000,  0.0000]])
tensor([[0.2503, 1.0000, 0.0000, 0.0000, 0.0000, 0.0000]])
tensor([[-0.7117,  1.0000,  0.0000,  0.0000,  0.0000,  0.0000]])
tensor([[0.8780, 1.0000, 0.0000, 0.0000, 0.0000, 0.0000]])
tensor([[0.7662, 1.0000, 0.0000, 0.0000, 0.0000, 0.0000]])
tensor([[-0.3370,  1.0000,  0.0000,  0.0000,  0.0000,  0.0000]])
tensor([[-0.3499,  1.0000,  0.0000,  0.0000,  0.0000,  0.0000]])
tensor([[-0.8046,  1.0000,  0.0000,  0.0000,  0.0000,  0.0000]])
tensor([[-0.3293,  1.0000,  0.0000,  0.0000,  0.0000,  0.0000]])
tensor([[-0.4219,  0.0000,  0.0000,  0.0000,  0.0000,  0.0000]])
tensor([[-0.0435,  1.0000,  0.0000,  0.0000,  0.0000,  0.0000]])
tensor([[0.4278, 1.0000, 0.0000, 0.0000, 0.0000, 0.0000]])
tensor([[-0.4496,  1.0000,  0.0000,  0.0000,  0.0000,  0.0000]])
tensor([[0.1075, 1.0000, 0.0000, 0.0000, 0.0000, 0.0000]])
tensor([[0.3818, 1.0000, 0.0000, 0.0000, 0.0000, 0.0000]])
tensor([[-0.4844,  1.0000,  0.0000,  0.0000,  0.0000,  0.0000]])
tensor([[0.3136, 1.0000, 0.0000, 0.0000, 0.0000, 0.0000]])
tensor([[0.0966, 1.0000, 0.0000, 0.0000, 0.0000, 0.0000]])
tensor([[0.7725, 1.0000, 0.0000, 0.0000, 0.0000, 0.0000]])
tensor([[0.5109, 1.0000, 0.0000, 0.0000, 0.0000, 0.0000]])
tensor([[-0.3871,  1.0000,  0.0000,  0.0000,  0.0000,  0.0000]])
tensor([[-0.4838,  1.0000,  0.0000,  0.0000,  0.0000,  0.0000]])
tensor([[-0.1107,  1.0000,  0.0000,  0.0000,  0.0000,  0.0000]])
tensor([[0.6957, 1.0000, 0.0000, 0.0000, 0.0000, 0.0000]])
tensor([[0.0440, 1.0000, 0.0000, 0.0000, 0.0000, 0.0000]])
tensor([[-0.0737,  1.0000,  0.0000,  0.0000,  0.0000,  0.0000]])
tensor([[0.1921, 1.0000, 0.0000, 0.0000, 0.0000, 0.0000]])
tensor([[-0.0121,  1.0000,  0.0000,  0.0000,  0.0000,  0.0000]])
tensor([[-0.2650,  1.0000,  1.0000,  0.0000,  0.0000,  0.0000]])
tensor([[0.0035, 1.0000, 0.0000, 0.0000, 0.0000, 0.0000]])
tensor([[0.2269, 1.0000, 0.0000, 0.0000, 0.0000, 0.0000]])
tensor([[-0.2152,  1.0000,  0.0000,  0.0000,  0.0000,  0.0000]])
tensor([[-0.1341,  1.0000,  0.0000,  0.0000,  0.0000,  0.0000]])
tensor([[0.4261, 1.0000, 0.0000, 0.0000, 0.0000, 0.0000]])
tensor([[-0.0697,  1.0000,  0.0000,  0.0000,  0.0000,  0.0000]])
tensor([[-0.1038,  1.0000,  0.0000,  0.0000,  0.0000,  0.0000]])
tensor([[-0.2087,  1.0000,  0.0000,  0.0000,  0.0000,  0.0000]])
tensor([[-0.3776,  1.0000,  0.0000,  0.0000,  0.0000,  0.0000]])
tensor([[0.6063, 1.0000, 0.0000, 0.0000, 0.0000, 0.0000]])
tensor([[0.5072, 1.0000, 0.0000, 0.0000, 0.0000, 0.0000]])
tensor([[-0.2268,  1.0000,  0.0000,  0.0000,  0.0000,  0.0000]])
tensor([[-0.8927,  1.0000,  0.0000,  0.0000,  0.0000,  0.0000]])
tensor([[-0.8057,  1.0000,  0.0000,  0.0000,  1.0000,  0.0000]])
tensor([[-0.3576,  1.0000,  0.0000,  0.0000,  0.0000,  0.0000]])
tensor([[0.5885, 1.0000, 0.0000, 0.0000, 0.0000, 0.0000]])
tensor([[0.5482, 1.0000, 0.0000, 0.0000, 0.0000, 0.0000]])
tensor([[0.4237, 1.0000, 0.0000, 0.0000, 0.0000, 0.0000]])
tensor([[-0.3074,  1.0000,  0.0000,  0.0000,  0.0000,  0.0000]])
tensor([[0.3810, 1.0000, 0.0000, 0.0000, 0.0000, 0.0000]])
tensor([[0.1544, 1.0000, 0.0000, 0.0000, 0.0000, 0.0000]])
tensor([[-0.5221,  1.0000,  0.0000,  0.0000,  0.0000,  0.0000]])
tensor([[-0.4858,  1.0000,  0.0000,  0.0000,  0.0000,  0.0000]])
tensor([[-0.1901,  1.0000,  0.0000,  0.0000,  0.0000,  0.0000]])
tensor([[0.3708, 1.0000, 0.0000, 0.0000, 0.0000, 0.0000]])
tensor([[-0.4950,  1.0000,  0.0000,  0.0000,  0.0000,  0.0000]])
tensor([[0.0932, 1.0000, 0.0000, 0.0000, 0.0000, 0.0000]])
tensor([[0.0336, 1.0000, 0.0000, 0.0000, 0.0000, 0.0000]])
tensor([[0.6190, 1.0000, 0.0000, 0.0000, 0.0000, 0.0000]])
tensor([[-0.1290,  1.0000,  0.0000,  0.0000,  0.0000,  0.0000]])
tensor([[-0.6220,  1.0000,  0.0000,  0.0000,  0.0000,  0.0000]])
tensor([[-0.4566,  1.0000,  0.0000,  0.0000,  0.0000,  0.0000]])
tensor([[-0.4634,  1.0000,  0.0000,  0.0000,  0.0000,  0.0000]])
tensor([[-0.7933,  1.0000,  0.0000,  0.0000,  0.0000,  0.0000]])
tensor([[-0.2047,  1.0000,  0.0000,  0.0000,  0.0000,  0.0000]])
tensor([[0.0046, 1.0000, 0.0000, 0.0000, 0.0000, 0.0000]])
tensor([[-0.3287,  1.0000,  0.0000,  0.0000,  0.0000,  0.0000]])
tensor([[0.1394, 1.0000, 0.0000, 0.0000, 0.0000, 0.0000]])
tensor([[-0.2949,  1.0000,  0.0000,  0.0000,  0.0000,  0.0000]])
tensor([[0.1671, 1.0000, 0.0000, 0.0000, 0.0000, 0.0000]])
tensor([[0.1405, 1.0000, 0.0000, 0.0000, 0.0000, 0.0000]])
tensor([[-0.5850,  1.0000,  0.0000,  0.0000,  0.0000,  0.0000]])
tensor([[-0.5796,  1.0000,  0.0000,  0.0000,  0.0000,  0.0000]])
tensor([[-0.4407,  1.0000,  0.0000,  0.0000,  0.0000,  0.0000]])
tensor([[0.5292, 1.0000, 0.0000, 0.0000, 0.0000, 0.0000]])
tensor([[-0.6039,  1.0000,  0.0000,  0.0000,  0.0000,  0.0000]])
tensor([[-0.6453,  1.0000,  0.0000,  0.0000,  0.0000,  0.0000]])
tensor([[-0.7514,  1.0000,  0.0000,  0.0000,  0.0000,  0.0000]])
tensor([[-0.6056,  1.0000,  0.0000,  0.0000,  0.0000,  0.0000]])
tensor([[-0.5633,  1.0000,  0.0000,  0.0000,  0.0000,  0.0000]])
tensor([[-0.6583,  1.0000,  0.0000,  0.0000,  0.0000,  0.0000]])
tensor([[-0.9107,  1.0000,  0.0000,  0.0000,  0.0000,  0.0000]])
tensor([[-0.5625,  1.0000,  0.0000,  0.0000,  0.0000,  0.0000]])
tensor([[0.2056, 1.0000, 0.0000, 0.0000, 0.0000, 0.0000]])
tensor([[-0.8438,  1.0000,  0.0000,  0.0000,  0.0000,  0.0000]])
tensor([[-0.7199,  1.0000,  0.0000,  0.0000,  0.0000,  0.0000]])
tensor([[-0.3355,  1.0000,  0.0000,  0.0000,  0.0000,  0.0000]])
tensor([[-0.6138,  1.0000,  0.0000,  0.0000,  0.0000,  0.0000]])
tensor([[-0.9268,  1.0000,  0.0000,  0.0000,  0.0000,  0.0000]])
tensor([[-0.0259,  1.0000,  0.0000,  0.0000,  0.0000,  0.0000]])
tensor([[-0.4644,  1.0000,  0.0000,  0.0000,  0.0000,  0.0000]])
tensor([[-0.8316,  1.0000,  0.0000,  0.0000,  0.0000,  0.0000]])
tensor([[-0.4494,  1.0000,  0.0000,  0.0000,  0.0000,  0.0000]])
tensor([[-0.9478,  1.0000,  0.0000,  0.0000,  0.0000,  0.0000]])
tensor([[-0.3656,  1.0000,  0.0000,  0.0000,  0.0000,  0.0000]])
tensor([[-0.5889,  1.0000,  0.0000,  0.0000,  0.0000,  0.0000]])
tensor([[-0.5773,  1.0000,  0.0000,  0.0000,  0.0000,  0.0000]])
tensor([[0.6101, 0.0000, 0.0000, 0.0000, 0.0000, 0.0000]])
tensor([[0.0443, 1.0000, 0.0000, 0.0000, 0.0000, 0.0000]])
tensor([[-0.7423,  1.0000,  0.0000,  0.0000,  0.0000,  0.0000]])
tensor([[-0.5272,  1.0000,  0.0000,  0.0000,  0.0000,  0.0000]])
tensor([[-0.1982,  1.0000,  0.0000,  0.0000,  0.0000,  0.0000]])
tensor([[-0.5086,  1.0000,  0.0000,  0.0000,  0.0000,  0.0000]])
tensor([[-0.8209,  1.0000,  0.0000,  0.0000,  0.0000,  0.0000]])
tensor([[-0.7492,  1.0000,  0.0000,  0.0000,  0.0000,  0.0000]])
tensor([[0.0289, 1.0000, 0.0000, 0.0000, 0.0000, 0.0000]])
tensor([[-0.8223,  1.0000,  0.0000,  0.0000,  0.0000,  0.0000]])
tensor([[-0.5692,  1.0000,  0.0000,  0.0000,  0.0000,  0.0000]])
tensor([[-0.4173,  1.0000,  0.0000,  0.0000,  0.0000,  0.0000]])
tensor([[-0.4397,  1.0000,  0.0000,  0.0000,  0.0000,  0.0000]])
tensor([[-0.4696,  1.0000,  0.0000,  0.0000,  0.0000,  0.0000]])
tensor([[-0.7776,  1.0000,  0.0000,  0.0000,  0.0000,  0.0000]])
tensor([[-0.2872,  1.0000,  0.0000,  0.0000,  0.0000,  0.0000]])
tensor([[-0.9133,  1.0000,  0.0000,  0.0000,  0.0000,  0.0000]])
tensor([[-0.5963,  1.0000,  0.0000,  0.0000,  0.0000,  0.0000]])
tensor([[-0.3411,  1.0000,  0.0000,  0.0000,  0.0000,  0.0000]])
tensor([[-0.5947,  1.0000,  0.0000,  0.0000,  0.0000,  0.0000]])
tensor([[-0.9261,  1.0000,  0.0000,  0.0000,  0.0000,  0.0000]])
tensor([[-0.3690,  1.0000,  0.0000,  0.0000,  0.0000,  0.0000]])
tensor([[0.0986, 1.0000, 0.0000, 0.0000, 0.0000, 0.0000]])
tensor([[-0.7459,  1.0000,  0.0000,  0.0000,  0.0000,  0.0000]])
tensor([[-0.7909,  1.0000,  0.0000,  0.0000,  0.0000,  0.0000]])
tensor([[-0.3849,  1.0000,  0.0000,  0.0000,  0.0000,  0.0000]])
tensor([[-0.2472,  1.0000,  0.0000,  0.0000,  0.0000,  0.0000]])
tensor([[-0.0514,  1.0000,  0.0000,  0.0000,  0.0000,  0.0000]])
tensor([[0.5104, 1.0000, 0.0000, 0.0000, 0.0000, 0.0000]])
tensor([[0.4199, 1.0000, 0.0000, 0.0000, 0.0000, 0.0000]])
tensor([[-0.1809,  1.0000,  0.0000,  0.0000,  0.0000,  0.0000]])
tensor([[0.0168, 1.0000, 0.0000, 0.0000, 0.0000, 0.0000]])
tensor([[-0.2810,  1.0000,  0.0000,  0.0000,  0.0000,  0.0000]])
tensor([[-0.6918,  1.0000,  0.0000,  0.0000,  0.0000,  0.0000]])
tensor([[-0.2686,  1.0000,  0.0000,  0.0000,  0.0000,  0.0000]])
tensor([[0.4231, 1.0000, 0.0000, 0.0000, 0.0000, 0.0000]])
tensor([[-0.8704,  1.0000,  0.0000,  0.0000,  0.0000,  0.0000]])
tensor([[0.2225, 1.0000, 0.0000, 0.0000, 0.0000, 0.0000]])
tensor([[0.3995, 1.0000, 0.0000, 0.0000, 0.0000, 0.0000]])
tensor([[0.3745, 1.0000, 0.0000, 0.0000, 0.0000, 0.0000]])
tensor([[-0.6698,  1.0000,  0.0000,  0.0000,  0.0000,  0.0000]])
tensor([[-0.2610,  1.0000,  0.0000,  0.0000,  0.0000,  0.0000]])
tensor([[-0.3741,  1.0000,  0.0000,  0.0000,  0.0000,  0.0000]])
tensor([[0.2460, 1.0000, 0.0000, 0.0000, 0.0000, 0.0000]])
tensor([[-0.8424,  1.0000,  0.0000,  0.0000,  0.0000,  0.0000]])
tensor([[-0.3776,  1.0000,  0.0000,  0.0000,  0.0000,  0.0000]])
tensor([[0.0146, 1.0000, 0.0000, 0.0000, 0.0000, 0.0000]])
tensor([[0.4468, 1.0000, 0.0000, 0.0000, 0.0000, 0.0000]])
tensor([[0.2484, 1.0000, 0.0000, 0.0000, 0.0000, 0.0000]])
tensor([[-0.1453,  1.0000,  0.0000,  0.0000,  0.0000,  0.0000]])
tensor([[0.2126, 1.0000, 0.0000, 0.0000, 0.0000, 0.0000]])
tensor([[-0.7424,  1.0000,  0.0000,  0.0000,  0.0000,  0.0000]])
tensor([[0.3246, 1.0000, 0.0000, 0.0000, 0.0000, 0.0000]])
tensor([[-0.0898,  1.0000,  0.0000,  0.0000,  0.0000,  0.0000]])
tensor([[-0.1189,  1.0000,  0.0000,  0.0000,  0.0000,  0.0000]])
tensor([[-0.6328,  1.0000,  0.0000,  0.0000,  0.0000,  0.0000]])
tensor([[0.4579, 1.0000, 0.0000, 0.0000, 0.0000, 0.0000]])
tensor([[0.3367, 1.0000, 0.0000, 0.0000, 0.0000, 0.0000]])
tensor([[0.6064, 1.0000, 0.0000, 0.0000, 0.0000, 0.0000]])
tensor([[0.4580, 1.0000, 0.0000, 0.0000, 0.0000, 0.0000]])
tensor([[-0.7065,  1.0000,  0.0000,  0.0000,  0.0000,  0.0000]])
tensor([[-0.6236,  1.0000,  0.0000,  0.0000,  0.0000,  0.0000]])
tensor([[-0.4562,  1.0000,  0.0000,  0.0000,  0.0000,  0.0000]])
tensor([[-0.4315,  1.0000,  0.0000,  0.0000,  0.0000,  0.0000]])
tensor([[0.2131, 1.0000, 0.0000, 0.0000, 0.0000, 0.0000]])
tensor([[0.5285, 1.0000, 0.0000, 0.0000, 0.0000, 0.0000]])
tensor([[-0.5375,  1.0000,  0.0000,  0.0000,  0.0000,  0.0000]])
tensor([[-0.3611,  1.0000,  0.0000,  0.0000,  0.0000,  0.0000]])
tensor([[0.4719, 1.0000, 0.0000, 0.0000, 0.0000, 0.0000]])
tensor([[0.4077, 1.0000, 0.0000, 0.0000, 0.0000, 0.0000]])
tensor([[-0.7502,  1.0000,  0.0000,  0.0000,  0.0000,  0.0000]])
tensor([[-0.3011,  1.0000,  0.0000,  0.0000,  0.0000,  0.0000]])
tensor([[-0.5636,  1.0000,  0.0000,  0.0000,  0.0000,  0.0000]])
tensor([[-0.8840,  1.0000,  0.0000,  0.0000,  0.0000,  0.0000]])
tensor([[0.4621, 1.0000, 0.0000, 0.0000, 0.0000, 0.0000]])
tensor([[-0.1274,  1.0000,  0.0000,  0.0000,  0.0000,  0.0000]])
tensor([[0.5503, 1.0000, 0.0000, 0.0000, 0.0000, 0.0000]])
tensor([[-0.4362,  1.0000,  0.0000,  0.0000,  0.0000,  0.0000]])
tensor([[0.1885, 1.0000, 1.0000, 0.0000, 0.0000, 0.0000]])
tensor([[0.3933, 1.0000, 0.0000, 0.0000, 0.0000, 0.0000]])
tensor([[-0.5259,  1.0000,  0.0000,  0.0000,  0.0000,  0.0000]])
tensor([[-0.2872,  1.0000,  0.0000,  0.0000,  0.0000,  0.0000]])
tensor([[0.2981, 1.0000, 0.0000, 0.0000, 0.0000, 0.0000]])
tensor([[-0.1972,  1.0000,  0.0000,  0.0000,  0.0000,  0.0000]])
tensor([[-0.3582,  1.0000,  0.0000,  0.0000,  0.0000,  0.0000]])
tensor([[-0.4235,  1.0000,  0.0000,  0.0000,  0.0000,  0.0000]])
tensor([[-0.1396,  1.0000,  0.0000,  0.0000,  0.0000,  0.0000]])
tensor([[-0.1627,  1.0000,  0.0000,  0.0000,  0.0000,  0.0000]])
tensor([[0.4927, 1.0000, 0.0000, 0.0000, 0.0000, 0.0000]])
tensor([[-0.4480,  1.0000,  0.0000,  0.0000,  0.0000,  0.0000]])
tensor([[0.6328, 0.0000, 0.0000, 0.0000, 0.0000, 0.0000]])
tensor([[0.2006, 1.0000, 0.0000, 0.0000, 0.0000, 0.0000]])
tensor([[0.5031, 1.0000, 0.0000, 0.0000, 0.0000, 0.0000]])
tensor([[0.2213, 1.0000, 0.0000, 0.0000, 0.0000, 0.0000]])
tensor([[-0.9569,  1.0000,  0.0000,  0.0000,  0.0000,  0.0000]])
tensor([[0.0084, 1.0000, 0.0000, 0.0000, 0.0000, 0.0000]])
tensor([[0.7096, 1.0000, 0.0000, 0.0000, 0.0000, 0.0000]])
tensor([[-0.4702,  1.0000,  0.0000,  0.0000,  0.0000,  0.0000]])
tensor([[0.2073, 1.0000, 1.0000, 0.0000, 0.0000, 0.0000]])
tensor([[-0.3211,  1.0000,  0.0000,  0.0000,  0.0000,  0.0000]])
tensor([[0.8864, 1.0000, 0.0000, 0.0000, 0.0000, 0.0000]])
tensor([[0.8954, 1.0000, 0.0000, 0.0000, 0.0000, 0.0000]])
tensor([[0.2384, 1.0000, 0.0000, 0.0000, 0.0000, 0.0000]])
tensor([[0.8647, 1.0000, 0.0000, 0.0000, 1.0000, 0.0000]])
tensor([[0.8020, 1.0000, 0.0000, 0.0000, 0.0000, 0.0000]])
tensor([[0.3167, 1.0000, 0.0000, 0.0000, 0.0000, 0.0000]])
tensor([[0.5665, 1.0000, 0.0000, 0.0000, 0.0000, 0.0000]])
tensor([[0.8352, 1.0000, 0.0000, 0.0000, 0.0000, 0.0000]])
tensor([[0.1965, 1.0000, 0.0000, 0.0000, 0.0000, 0.0000]])
tensor([[0.0110, 1.0000, 0.0000, 0.0000, 0.0000, 0.0000]])
tensor([[0.4982, 1.0000, 0.0000, 0.0000, 0.0000, 0.0000]])
tensor([[0.5821, 1.0000, 0.0000, 0.0000, 0.0000, 0.0000]])
tensor([[-0.1366,  1.0000,  0.0000,  0.0000,  0.0000,  0.0000]])
tensor([[0.4207, 1.0000, 0.0000, 0.0000, 0.0000, 0.0000]])
tensor([[0.2677, 1.0000, 0.0000, 0.0000, 0.0000, 0.0000]])
tensor([[0.8172, 1.0000, 1.0000, 0.0000, 0.0000, 0.0000]])
tensor([[0.9143, 1.0000, 0.0000, 0.0000, 0.0000, 0.0000]])
tensor([[0.4223, 1.0000, 0.0000, 0.0000, 0.0000, 0.0000]])
tensor([[-0.9008,  1.0000,  0.0000,  0.0000,  0.0000,  0.0000]])
tensor([[-0.5555,  1.0000,  0.0000,  0.0000,  0.0000,  0.0000]])
tensor([[0.8975, 1.0000, 0.0000, 0.0000, 0.0000, 0.0000]])
tensor([[0.2455, 1.0000, 0.0000, 0.0000, 0.0000, 0.0000]])
tensor([[-0.2661,  1.0000,  0.0000,  0.0000,  0.0000,  0.0000]])
tensor([[0.1118, 1.0000, 0.0000, 0.0000, 0.0000, 0.0000]])
tensor([[0.8884, 1.0000, 0.0000, 0.0000, 0.0000, 0.0000]])
tensor([[-0.1800,  1.0000,  0.0000,  0.0000,  0.0000,  0.0000]])
tensor([[0.7010, 1.0000, 0.0000, 0.0000, 0.0000, 0.0000]])
tensor([[0.7498, 1.0000, 0.0000, 0.0000, 0.0000, 0.0000]])
tensor([[0.8463, 1.0000, 0.0000, 0.0000, 0.0000, 0.0000]])
tensor([[0.7859, 1.0000, 0.0000, 0.0000, 0.0000, 0.0000]])
tensor([[0.9632, 1.0000, 0.0000, 0.0000, 0.0000, 0.0000]])
tensor([[0.9813, 0.0000, 0.0000, 0.0000, 0.0000, 0.0000]])
tensor([[0.6508, 1.0000, 0.0000, 0.0000, 0.0000, 0.0000]])
tensor([[0.9794, 0.0000, 0.0000, 0.0000, 0.0000, 0.0000]])
tensor([[0.7756, 1.0000, 0.0000, 0.0000, 0.0000, 0.0000]])
tensor([[0.8705, 1.0000, 0.0000, 0.0000, 0.0000, 0.0000]])
tensor([[0.9638, 1.0000, 0.0000, 0.0000, 0.0000, 0.0000]])
tensor([[0.4701, 1.0000, 0.0000, 0.0000, 0.0000, 0.0000]])
tensor([[0.7685, 1.0000, 0.0000, 0.0000, 0.0000, 0.0000]])
tensor([[0.7971, 1.0000, 0.0000, 0.0000, 0.0000, 0.0000]])
tensor([[0.5933, 1.0000, 0.0000, 0.0000, 0.0000, 0.0000]])
tensor([[0.3600, 1.0000, 0.0000, 0.0000, 0.0000, 0.0000]])
tensor([[0.4033, 1.0000, 0.0000, 0.0000, 0.0000, 0.0000]])
tensor([[0.8630, 1.0000, 0.0000, 0.0000, 0.0000, 0.0000]])
tensor([[0.0187, 1.0000, 0.0000, 0.0000, 0.0000, 0.0000]])
tensor([[-0.9570,  1.0000,  0.0000,  0.0000,  0.0000,  0.0000]])
tensor([[-0.9600,  1.0000,  0.0000,  0.0000,  0.0000,  0.0000]])
tensor([[-0.9577,  1.0000,  1.0000,  0.0000,  0.0000,  0.0000]])
tensor([[-0.9844,  1.0000,  0.0000,  0.0000,  0.0000,  0.0000]])
tensor([[-0.9474,  1.0000,  0.0000,  0.0000,  0.0000,  0.0000]])
tensor([[-0.7157,  1.0000,  0.0000,  0.0000,  0.0000,  0.0000]])
tensor([[0.7002, 1.0000, 0.0000, 0.0000, 0.0000, 0.0000]])
tensor([[0.8281, 1.0000, 0.0000, 0.0000, 0.0000, 0.0000]])
tensor([[0.2156, 1.0000, 0.0000, 0.0000, 0.0000, 0.0000]])
tensor([[0.8287, 1.0000, 0.0000, 0.0000, 0.0000, 0.0000]])
tensor([[-0.6749,  1.0000,  0.0000,  0.0000,  0.0000,  0.0000]])
tensor([[-0.7763,  1.0000,  0.0000,  0.0000,  0.0000,  0.0000]])
tensor([[-0.2425,  0.0000,  0.0000,  0.0000,  0.0000,  0.0000]])
tensor([[-0.4098,  1.0000,  0.0000,  0.0000,  0.0000,  0.0000]])
tensor([[0.4867, 1.0000, 0.0000, 0.0000, 0.0000, 0.0000]])
tensor([[0.0282, 1.0000, 0.0000, 0.0000, 0.0000, 0.0000]])
tensor([[-0.9881,  1.0000,  0.0000,  0.0000,  0.0000,  0.0000]])
tensor([[-0.9483,  1.0000,  1.0000,  0.0000,  0.0000,  0.0000]])
tensor([[-0.7754,  1.0000,  0.0000,  0.0000,  0.0000,  0.0000]])
tensor([[-0.6764,  1.0000,  0.0000,  0.0000,  0.0000,  0.0000]])
tensor([[-0.2514,  1.0000,  0.0000,  0.0000,  0.0000,  0.0000]])
tensor([[-0.8914,  1.0000,  0.0000,  0.0000,  0.0000,  0.0000]])
tensor([[-0.9763,  1.0000,  0.0000,  0.0000,  0.0000,  0.0000]])
tensor([[-0.8746,  1.0000,  0.0000,  0.0000,  0.0000,  0.0000]])
tensor([[-0.7747,  1.0000,  0.0000,  0.0000,  0.0000,  0.0000]])
tensor([[-0.8553,  1.0000,  0.0000,  0.0000,  0.0000,  0.0000]])
tensor([[-0.9805,  1.0000,  0.0000,  0.0000,  0.0000,  0.0000]])
tensor([[-0.9689,  1.0000,  0.0000,  0.0000,  0.0000,  0.0000]])
tensor([[-0.2937,  1.0000,  0.0000,  0.0000,  0.0000,  0.0000]])
tensor([[-0.9152,  1.0000,  0.0000,  0.0000,  0.0000,  0.0000]])
tensor([[-0.9820,  1.0000,  0.0000,  0.0000,  0.0000,  0.0000]])
tensor([[-0.9232,  1.0000,  0.0000,  0.0000,  0.0000,  0.0000]])
tensor([[-0.7041,  1.0000,  0.0000,  0.0000,  0.0000,  0.0000]])
INFO:root:Agent 0 (TQCars): avg action time = 0.0009s
tensor([[0.8518, 1.0000, 0.0000, 0.0000, 0.0000, 0.0000]])
tensor([[-0.2784,  1.0000,  0.0000,  0.0000,  0.0000,  0.0000]])
tensor([[-0.6655,  1.0000,  0.0000,  0.0000,  0.0000,  0.0000]])
tensor([[0.9677, 1.0000, 0.0000, 0.0000, 0.0000, 0.0000]])
tensor([[-0.3454,  1.0000,  0.0000,  0.0000,  0.0000,  0.0000]])
tensor([[0.6818, 1.0000, 0.0000, 0.0000, 0.0000, 0.0000]])
tensor([[-0.9124,  1.0000,  0.0000,  0.0000,  0.0000,  0.0000]])
tensor([[-0.4445,  1.0000,  0.0000,  0.0000,  0.0000,  0.0000]])
tensor([[0.5417, 1.0000, 0.0000, 0.0000, 0.0000, 0.0000]])
tensor([[-0.1402,  0.0000,  0.0000,  0.0000,  0.0000,  0.0000]])
tensor([[-0.2432,  1.0000,  0.0000,  0.0000,  0.0000,  0.0000]])
tensor([[-0.6489,  1.0000,  0.0000,  0.0000,  0.0000,  0.0000]])
tensor([[0.0545, 1.0000, 0.0000, 0.0000, 0.0000, 0.0000]])
tensor([[-0.6839,  0.0000,  0.0000,  0.0000,  0.0000,  0.0000]])
tensor([[0.3413, 1.0000, 0.0000, 0.0000, 0.0000, 0.0000]])
tensor([[-0.3864,  1.0000,  0.0000,  0.0000,  0.0000,  0.0000]])
tensor([[0.7575, 0.0000, 0.0000, 0.0000, 0.0000, 0.0000]])
tensor([[0.5530, 1.0000, 0.0000, 0.0000, 0.0000, 0.0000]])
tensor([[0.8534, 1.0000, 0.0000, 0.0000, 1.0000, 0.0000]])
tensor([[-0.9798,  1.0000,  0.0000,  0.0000,  0.0000,  0.0000]])
tensor([[0.5078, 1.0000, 0.0000, 0.0000, 0.0000, 0.0000]])
tensor([[-0.8192,  1.0000,  0.0000,  0.0000,  0.0000,  0.0000]])
tensor([[-0.7065,  1.0000,  0.0000,  0.0000,  0.0000,  0.0000]])
tensor([[-0.4955,  1.0000,  0.0000,  0.0000,  1.0000,  0.0000]])
tensor([[0.7965, 1.0000, 0.0000, 0.0000, 0.0000, 0.0000]])
tensor([[-0.3760,  1.0000,  0.0000,  0.0000,  0.0000,  0.0000]])
tensor([[0.4500, 1.0000, 0.0000, 0.0000, 0.0000, 0.0000]])
tensor([[-0.7575,  1.0000,  0.0000,  0.0000,  0.0000,  0.0000]])
tensor([[0.4520, 1.0000, 0.0000, 0.0000, 0.0000, 0.0000]])
tensor([[0.9584, 1.0000, 0.0000, 0.0000, 0.0000, 0.0000]])
tensor([[-0.4945,  1.0000,  0.0000,  0.0000,  0.0000,  0.0000]])
tensor([[-0.4340,  1.0000,  0.0000,  0.0000,  0.0000,  0.0000]])
tensor([[0.9704, 1.0000, 1.0000, 0.0000, 0.0000, 0.0000]])
tensor([[0.2387, 1.0000, 0.0000, 0.0000, 0.0000, 0.0000]])
tensor([[0.7359, 1.0000, 0.0000, 0.0000, 0.0000, 0.0000]])
tensor([[0.3670, 1.0000, 0.0000, 0.0000, 0.0000, 0.0000]])
tensor([[-0.1998,  1.0000,  0.0000,  0.0000,  0.0000,  0.0000]])
tensor([[-0.4950,  1.0000,  0.0000,  0.0000,  0.0000,  0.0000]])
tensor([[0.9612, 1.0000, 0.0000, 0.0000, 0.0000, 0.0000]])
tensor([[0.9803, 1.0000, 0.0000, 0.0000, 0.0000, 0.0000]])
tensor([[0.8484, 1.0000, 0.0000, 0.0000, 0.0000, 0.0000]])
tensor([[0.9162, 1.0000, 0.0000, 0.0000, 0.0000, 0.0000]])
tensor([[0.3190, 1.0000, 0.0000, 0.0000, 0.0000, 0.0000]])
tensor([[0.9602, 1.0000, 0.0000, 1.0000, 0.0000, 0.0000]])
tensor([[0.8150, 1.0000, 0.0000, 0.0000, 0.0000, 0.0000]])
tensor([[0.9348, 1.0000, 0.0000, 0.0000, 0.0000, 0.0000]])
tensor([[0.9199, 1.0000, 0.0000, 0.0000, 0.0000, 0.0000]])
tensor([[0.7590, 1.0000, 0.0000, 0.0000, 0.0000, 0.0000]])
tensor([[-0.7898,  1.0000,  0.0000,  0.0000,  0.0000,  0.0000]])
tensor([[-0.5080,  1.0000,  0.0000,  0.0000,  0.0000,  0.0000]])
tensor([[0.7342, 1.0000, 0.0000, 0.0000, 0.0000, 0.0000]])
tensor([[0.9880, 1.0000, 0.0000, 0.0000, 0.0000, 0.0000]])
tensor([[0.9346, 1.0000, 0.0000, 0.0000, 0.0000, 0.0000]])
tensor([[0.0521, 1.0000, 0.0000, 0.0000, 0.0000, 0.0000]])
tensor([[0.9075, 1.0000, 0.0000, 0.0000, 0.0000, 0.0000]])
tensor([[0.9948, 1.0000, 0.0000, 0.0000, 0.0000, 0.0000]])
tensor([[0.9816, 1.0000, 0.0000, 0.0000, 0.0000, 0.0000]])
tensor([[0.9618, 1.0000, 0.0000, 0.0000, 1.0000, 0.0000]])
tensor([[0.9007, 1.0000, 0.0000, 0.0000, 0.0000, 0.0000]])
tensor([[-0.1775,  1.0000,  0.0000,  0.0000,  0.0000,  0.0000]])
tensor([[0.3760, 1.0000, 0.0000, 0.0000, 0.0000, 0.0000]])
tensor([[-0.9164,  1.0000,  0.0000,  0.0000,  0.0000,  0.0000]])
tensor([[0.4998, 0.0000, 0.0000, 0.0000, 0.0000, 0.0000]])
tensor([[-0.3621,  1.0000,  0.0000,  0.0000,  0.0000,  0.0000]])
tensor([[0.8134, 1.0000, 0.0000, 0.0000, 0.0000, 0.0000]])
tensor([[0.9649, 1.0000, 0.0000, 0.0000, 0.0000, 0.0000]])
tensor([[0.4056, 1.0000, 0.0000, 0.0000, 0.0000, 0.0000]])
tensor([[0.8441, 1.0000, 1.0000, 0.0000, 0.0000, 0.0000]])
tensor([[0.3393, 1.0000, 0.0000, 0.0000, 0.0000, 0.0000]])
tensor([[0.0699, 1.0000, 0.0000, 0.0000, 0.0000, 0.0000]])
tensor([[-0.9366,  1.0000,  0.0000,  0.0000,  0.0000,  0.0000]])
tensor([[-0.8902,  1.0000,  0.0000,  0.0000,  0.0000,  0.0000]])
tensor([[-0.7502,  1.0000,  0.0000,  0.0000,  0.0000,  0.0000]])
tensor([[0.6601, 1.0000, 0.0000, 0.0000, 1.0000, 0.0000]])
tensor([[0.8587, 1.0000, 1.0000, 0.0000, 0.0000, 0.0000]])
tensor([[-0.9148,  1.0000,  0.0000,  0.0000,  0.0000,  0.0000]])
tensor([[-0.9757,  1.0000,  0.0000,  0.0000,  0.0000,  0.0000]])
tensor([[-0.9743,  1.0000,  0.0000,  0.0000,  0.0000,  0.0000]])
tensor([[-0.6245,  1.0000,  0.0000,  0.0000,  0.0000,  0.0000]])
tensor([[-0.9786,  1.0000,  0.0000,  0.0000,  0.0000,  0.0000]])
tensor([[-0.9455,  0.0000,  0.0000,  0.0000,  0.0000,  0.0000]])
tensor([[-0.0803,  1.0000,  0.0000,  0.0000,  0.0000,  0.0000]])
tensor([[-0.5454,  1.0000,  0.0000,  0.0000,  0.0000,  0.0000]])
tensor([[-0.8227,  1.0000,  0.0000,  0.0000,  0.0000,  0.0000]])
tensor([[0.0324, 1.0000, 0.0000, 0.0000, 0.0000, 0.0000]])
tensor([[0.4060, 1.0000, 0.0000, 0.0000, 0.0000, 0.0000]])
tensor([[-0.3739,  1.0000,  0.0000,  0.0000,  0.0000,  0.0000]])
tensor([[0.1651, 1.0000, 0.0000, 0.0000, 0.0000, 0.0000]])
tensor([[-0.4812,  1.0000,  0.0000,  0.0000,  0.0000,  0.0000]])
tensor([[0.4812, 1.0000, 0.0000, 0.0000, 0.0000, 0.0000]])
tensor([[-0.3197,  1.0000,  0.0000,  0.0000,  0.0000,  0.0000]])
tensor([[-0.0124,  1.0000,  0.0000,  0.0000,  0.0000,  0.0000]])
tensor([[0.4267, 1.0000, 0.0000, 0.0000, 0.0000, 0.0000]])
tensor([[0.8224, 1.0000, 0.0000, 0.0000, 0.0000, 0.0000]])
tensor([[0.8270, 1.0000, 0.0000, 0.0000, 0.0000, 0.0000]])
tensor([[0.8322, 1.0000, 0.0000, 0.0000, 0.0000, 0.0000]])
tensor([[-0.6233,  1.0000,  0.0000,  0.0000,  1.0000,  0.0000]])
tensor([[-0.0434,  1.0000,  0.0000,  0.0000,  0.0000,  0.0000]])
tensor([[0.9744, 1.0000, 0.0000, 0.0000, 0.0000, 0.0000]])
tensor([[0.9344, 1.0000, 0.0000, 0.0000, 0.0000, 0.0000]])
tensor([[0.8960, 1.0000, 0.0000, 0.0000, 0.0000, 0.0000]])
tensor([[0.8024, 1.0000, 0.0000, 0.0000, 0.0000, 0.0000]])
tensor([[0.9980, 1.0000, 0.0000, 0.0000, 0.0000, 0.0000]])
tensor([[0.9451, 1.0000, 0.0000, 0.0000, 0.0000, 0.0000]])
tensor([[0.9706, 1.0000, 0.0000, 0.0000, 0.0000, 0.0000]])
tensor([[0.9280, 1.0000, 0.0000, 0.0000, 0.0000, 0.0000]])
tensor([[0.8222, 1.0000, 0.0000, 0.0000, 0.0000, 0.0000]])
tensor([[0.0162, 1.0000, 0.0000, 0.0000, 0.0000, 0.0000]])
tensor([[-0.7943,  1.0000,  0.0000,  0.0000,  0.0000,  0.0000]])
tensor([[0.1185, 1.0000, 0.0000, 0.0000, 0.0000, 0.0000]])
tensor([[-0.6071,  1.0000,  0.0000,  0.0000,  0.0000,  0.0000]])
tensor([[0.7099, 1.0000, 0.0000, 0.0000, 0.0000, 0.0000]])
tensor([[0.1492, 1.0000, 0.0000, 0.0000, 0.0000, 0.0000]])
tensor([[0.2824, 1.0000, 0.0000, 0.0000, 0.0000, 0.0000]])
tensor([[0.4897, 1.0000, 0.0000, 0.0000, 0.0000, 0.0000]])
tensor([[-0.7098,  0.0000,  0.0000,  0.0000,  0.0000,  0.0000]])
tensor([[0.5454, 1.0000, 0.0000, 0.0000, 0.0000, 0.0000]])
tensor([[-0.9147,  1.0000,  0.0000,  0.0000,  0.0000,  0.0000]])
tensor([[-0.7982,  1.0000,  0.0000,  0.0000,  0.0000,  0.0000]])
tensor([[0.2423, 1.0000, 1.0000, 0.0000, 0.0000, 0.0000]])
tensor([[0.6093, 1.0000, 0.0000, 0.0000, 0.0000, 0.0000]])
tensor([[-0.5838,  1.0000,  0.0000,  0.0000,  0.0000,  0.0000]])
tensor([[-0.0800,  1.0000,  0.0000,  0.0000,  0.0000,  0.0000]])
tensor([[0.6984, 1.0000, 0.0000, 0.0000, 0.0000, 0.0000]])
tensor([[-0.8743,  1.0000,  0.0000,  0.0000,  0.0000,  0.0000]])
tensor([[-0.2455,  1.0000,  0.0000,  0.0000,  0.0000,  0.0000]])
tensor([[-0.2602,  1.0000,  0.0000,  0.0000,  0.0000,  0.0000]])
tensor([[0.8384, 1.0000, 0.0000, 0.0000, 0.0000, 0.0000]])
tensor([[0.6224, 1.0000, 0.0000, 1.0000, 0.0000, 0.0000]])
{"type": "results", "track": "hacienda", "results": [{"key": 0, "reward": 12.5396484375, "position": 3, "name": "TQCars", "avg_action_time": 0.0009259660210386494}]}
