INFO:root:Loading the agents
INFO:root:Loaded player TQCars
INFO:root:Creating pystk-1
INFO:root:Adding wrapper <function get_wrappers.<locals>.<lambda> at 0x737bbfb036a0>
INFO:root:Adding wrapper <function get_wrappers.<locals>.<lambda> at 0x737bbfb03740>
INFO:root:Adding wrapper <function get_wrappers.<locals>.<lambda> at 0x737bbfb037e0>
INFO:root:Adding wrapper <function get_wrappers.<locals>.<lambda> at 0x737bbfb03880>
INFO:root:(multi-env mono adapter) Setting main environment max_paths to 5
INFO:root:Loading trained model from CHECKPOINT-GPUFAC/tqc_EXP16BASEREWARD_1700000.pt...
INFO:root:Starting a race
..:: Antarctica Rendering Engine 2.0 ::..
tensor([[0.8949, 1.0000, 0.0000, 0.0000, 0.0000, 0.0000]])
tensor([[0.9397, 1.0000, 0.0000, 0.0000, 0.0000, 0.0000]])
tensor([[0.9604, 1.0000, 0.0000, 0.0000, 0.0000, 0.0000]])
tensor([[0.8385, 1.0000, 0.0000, 0.0000, 0.0000, 0.0000]])
tensor([[0.8901, 1.0000, 0.0000, 0.0000, 0.0000, 0.0000]])
tensor([[0.7955, 1.0000, 0.0000, 0.0000, 0.0000, 0.0000]])
tensor([[0.9481, 1.0000, 1.0000, 1.0000, 0.0000, 0.0000]])
tensor([[0.7023, 1.0000, 0.0000, 0.0000, 0.0000, 0.0000]])
tensor([[0.8746, 1.0000, 0.0000, 0.0000, 0.0000, 0.0000]])
tensor([[0.9243, 1.0000, 0.0000, 0.0000, 0.0000, 0.0000]])
tensor([[0.9881, 1.0000, 0.0000, 0.0000, 0.0000, 0.0000]])
tensor([[0.9190, 1.0000, 0.0000, 0.0000, 0.0000, 0.0000]])
tensor([[0.7970, 1.0000, 0.0000, 0.0000, 0.0000, 0.0000]])
tensor([[0.9473, 1.0000, 0.0000, 0.0000, 0.0000, 0.0000]])
tensor([[0.8712, 1.0000, 0.0000, 0.0000, 0.0000, 0.0000]])
tensor([[0.9194, 1.0000, 0.0000, 0.0000, 0.0000, 0.0000]])
tensor([[0.9665, 1.0000, 0.0000, 0.0000, 0.0000, 0.0000]])
tensor([[0.7776, 1.0000, 1.0000, 0.0000, 0.0000, 0.0000]])
tensor([[0.4327, 1.0000, 0.0000, 0.0000, 0.0000, 0.0000]])
tensor([[0.9151, 1.0000, 0.0000, 0.0000, 0.0000, 0.0000]])
tensor([[0.9094, 1.0000, 0.0000, 0.0000, 0.0000, 0.0000]])
tensor([[0.8114, 1.0000, 0.0000, 0.0000, 0.0000, 0.0000]])
tensor([[0.4197, 1.0000, 0.0000, 0.0000, 0.0000, 0.0000]])
tensor([[-0.0660,  1.0000,  0.0000,  1.0000,  0.0000,  0.0000]])
tensor([[-0.4872,  1.0000,  0.0000,  0.0000,  0.0000,  0.0000]])
tensor([[-0.4746,  1.0000,  0.0000,  0.0000,  0.0000,  0.0000]])
tensor([[-0.2676,  1.0000,  0.0000,  0.0000,  0.0000,  0.0000]])
tensor([[0.2699, 1.0000, 0.0000, 0.0000, 0.0000, 0.0000]])
tensor([[-0.4405,  1.0000,  0.0000,  0.0000,  0.0000,  0.0000]])
tensor([[0.4883, 1.0000, 0.0000, 0.0000, 0.0000, 0.0000]])
tensor([[0.6017, 1.0000, 0.0000, 0.0000, 0.0000, 0.0000]])
tensor([[0.6351, 1.0000, 0.0000, 0.0000, 0.0000, 0.0000]])
tensor([[0.0960, 1.0000, 1.0000, 0.0000, 0.0000, 0.0000]])
tensor([[-0.1576,  1.0000,  0.0000,  0.0000,  0.0000,  0.0000]])
tensor([[0.6443, 1.0000, 0.0000, 0.0000, 0.0000, 0.0000]])
tensor([[-0.6625,  1.0000,  0.0000,  0.0000,  0.0000,  0.0000]])
tensor([[-0.2859,  1.0000,  0.0000,  0.0000,  0.0000,  0.0000]])
tensor([[-0.2957,  1.0000,  0.0000,  0.0000,  0.0000,  0.0000]])
tensor([[0.7161, 1.0000, 0.0000, 0.0000, 0.0000, 0.0000]])
tensor([[0.3718, 1.0000, 0.0000, 0.0000, 0.0000, 0.0000]])
tensor([[0.1708, 1.0000, 0.0000, 0.0000, 0.0000, 0.0000]])
tensor([[0.4311, 1.0000, 0.0000, 0.0000, 0.0000, 0.0000]])
tensor([[-0.9257,  1.0000,  0.0000,  0.0000,  0.0000,  0.0000]])
tensor([[0.5351, 1.0000, 0.0000, 0.0000, 0.0000, 0.0000]])
tensor([[0.5838, 1.0000, 0.0000, 1.0000, 0.0000, 0.0000]])
tensor([[-0.9485,  1.0000,  0.0000,  0.0000,  0.0000,  0.0000]])
tensor([[-0.8792,  1.0000,  0.0000,  0.0000,  0.0000,  0.0000]])
tensor([[-0.9069,  1.0000,  0.0000,  0.0000,  0.0000,  0.0000]])
tensor([[-0.4368,  1.0000,  0.0000,  0.0000,  0.0000,  0.0000]])
tensor([[-0.0078,  1.0000,  0.0000,  0.0000,  0.0000,  0.0000]])
tensor([[0.7939, 1.0000, 0.0000, 0.0000, 0.0000, 0.0000]])
tensor([[-0.1329,  1.0000,  0.0000,  0.0000,  0.0000,  0.0000]])
tensor([[0.3256, 1.0000, 0.0000, 0.0000, 0.0000, 0.0000]])
tensor([[0.9659, 1.0000, 0.0000, 0.0000, 0.0000, 0.0000]])
tensor([[-0.7466,  1.0000,  0.0000,  0.0000,  0.0000,  0.0000]])
tensor([[-0.3653,  1.0000,  0.0000,  0.0000,  0.0000,  0.0000]])
tensor([[0.8790, 1.0000, 0.0000, 1.0000, 0.0000, 0.0000]])
tensor([[0.9853, 1.0000, 0.0000, 0.0000, 0.0000, 0.0000]])
tensor([[0.4712, 0.0000, 0.0000, 0.0000, 0.0000, 0.0000]])
tensor([[0.9249, 1.0000, 0.0000, 0.0000, 0.0000, 0.0000]])
tensor([[0.8252, 1.0000, 0.0000, 0.0000, 0.0000, 0.0000]])
tensor([[0.8686, 1.0000, 0.0000, 0.0000, 0.0000, 0.0000]])
tensor([[0.7848, 1.0000, 0.0000, 0.0000, 0.0000, 0.0000]])
tensor([[0.6814, 1.0000, 0.0000, 0.0000, 0.0000, 0.0000]])
tensor([[0.7385, 1.0000, 0.0000, 0.0000, 0.0000, 0.0000]])
tensor([[-0.0172,  1.0000,  0.0000,  0.0000,  0.0000,  0.0000]])
tensor([[0.0671, 1.0000, 0.0000, 0.0000, 0.0000, 0.0000]])
tensor([[-0.3209,  1.0000,  0.0000,  0.0000,  0.0000,  0.0000]])
tensor([[0.7736, 1.0000, 0.0000, 0.0000, 0.0000, 0.0000]])
tensor([[0.6026, 1.0000, 0.0000, 0.0000, 0.0000, 0.0000]])
tensor([[0.6145, 1.0000, 0.0000, 1.0000, 0.0000, 0.0000]])
tensor([[-0.1035,  1.0000,  0.0000,  0.0000,  0.0000,  0.0000]])
tensor([[-0.8981,  1.0000,  0.0000,  0.0000,  0.0000,  0.0000]])
tensor([[-0.6755,  1.0000,  0.0000,  0.0000,  0.0000,  0.0000]])
tensor([[0.7482, 1.0000, 0.0000, 0.0000, 0.0000, 0.0000]])
tensor([[-0.3844,  1.0000,  0.0000,  0.0000,  0.0000,  0.0000]])
tensor([[-0.5967,  1.0000,  0.0000,  0.0000,  0.0000,  0.0000]])
tensor([[-0.4751,  1.0000,  0.0000,  0.0000,  0.0000,  0.0000]])
tensor([[-0.7822,  1.0000,  0.0000,  0.0000,  0.0000,  0.0000]])
tensor([[-0.8839,  1.0000,  0.0000,  0.0000,  0.0000,  0.0000]])
tensor([[-0.5833,  1.0000,  0.0000,  0.0000,  0.0000,  0.0000]])
tensor([[0.1443, 1.0000, 0.0000, 0.0000, 0.0000, 0.0000]])
tensor([[0.9753, 1.0000, 0.0000, 0.0000, 0.0000, 0.0000]])
tensor([[0.9957, 1.0000, 0.0000, 0.0000, 0.0000, 0.0000]])
tensor([[0.9757, 1.0000, 0.0000, 0.0000, 0.0000, 0.0000]])
tensor([[0.9680, 1.0000, 0.0000, 0.0000, 0.0000, 0.0000]])
tensor([[0.9658, 1.0000, 0.0000, 0.0000, 0.0000, 0.0000]])
tensor([[0.9612, 1.0000, 0.0000, 0.0000, 0.0000, 0.0000]])
tensor([[0.9686, 1.0000, 0.0000, 0.0000, 0.0000, 0.0000]])
tensor([[0.8776, 1.0000, 0.0000, 0.0000, 0.0000, 0.0000]])
tensor([[0.9628, 1.0000, 0.0000, 0.0000, 0.0000, 0.0000]])
tensor([[0.4871, 1.0000, 0.0000, 0.0000, 0.0000, 0.0000]])
tensor([[-0.6569,  1.0000,  0.0000,  0.0000,  0.0000,  0.0000]])
tensor([[0.0154, 1.0000, 0.0000, 0.0000, 0.0000, 0.0000]])
tensor([[0.4840, 1.0000, 0.0000, 0.0000, 0.0000, 0.0000]])
tensor([[0.0812, 1.0000, 0.0000, 0.0000, 0.0000, 0.0000]])
tensor([[-0.7278,  0.0000,  0.0000,  0.0000,  0.0000,  0.0000]])
tensor([[-0.8271,  1.0000,  0.0000,  0.0000,  0.0000,  0.0000]])
tensor([[-0.9768,  1.0000,  0.0000,  0.0000,  0.0000,  0.0000]])
tensor([[-0.5979,  1.0000,  0.0000,  0.0000,  0.0000,  0.0000]])
tensor([[-0.4810,  1.0000,  0.0000,  0.0000,  0.0000,  0.0000]])
tensor([[-0.7087,  1.0000,  0.0000,  0.0000,  0.0000,  0.0000]])
tensor([[-0.7554,  1.0000,  0.0000,  0.0000,  0.0000,  0.0000]])
tensor([[0.1605, 1.0000, 0.0000, 0.0000, 0.0000, 0.0000]])
tensor([[0.3611, 1.0000, 0.0000, 0.0000, 0.0000, 0.0000]])
tensor([[-0.9057,  1.0000,  0.0000,  0.0000,  0.0000,  0.0000]])
tensor([[-0.4828,  1.0000,  0.0000,  0.0000,  0.0000,  0.0000]])
tensor([[-0.9153,  1.0000,  0.0000,  0.0000,  0.0000,  0.0000]])
tensor([[-0.7162,  1.0000,  0.0000,  0.0000,  0.0000,  0.0000]])
tensor([[-0.9260,  1.0000,  0.0000,  0.0000,  0.0000,  0.0000]])
tensor([[-0.7328,  1.0000,  0.0000,  0.0000,  0.0000,  0.0000]])
tensor([[-0.5872,  1.0000,  0.0000,  0.0000,  0.0000,  0.0000]])
tensor([[0.6300, 1.0000, 0.0000, 0.0000, 0.0000, 0.0000]])
tensor([[-0.4961,  1.0000,  0.0000,  0.0000,  0.0000,  0.0000]])
tensor([[0.8182, 1.0000, 0.0000, 0.0000, 0.0000, 0.0000]])
tensor([[-0.7286,  1.0000,  0.0000,  0.0000,  0.0000,  0.0000]])
tensor([[-0.8491,  1.0000,  0.0000,  0.0000,  0.0000,  0.0000]])
tensor([[0.3790, 1.0000, 0.0000, 0.0000, 0.0000, 0.0000]])
tensor([[0.4932, 1.0000, 0.0000, 0.0000, 0.0000, 0.0000]])
tensor([[-0.2920,  1.0000,  0.0000,  0.0000,  0.0000,  0.0000]])
tensor([[-0.9071,  1.0000,  0.0000,  0.0000,  0.0000,  0.0000]])
tensor([[0.6587, 1.0000, 0.0000, 0.0000, 0.0000, 0.0000]])
tensor([[-0.2458,  1.0000,  0.0000,  0.0000,  0.0000,  0.0000]])
tensor([[0.8192, 1.0000, 0.0000, 0.0000, 0.0000, 0.0000]])
tensor([[0.4123, 1.0000, 0.0000, 0.0000, 0.0000, 0.0000]])
tensor([[0.0401, 1.0000, 0.0000, 0.0000, 0.0000, 0.0000]])
tensor([[0.6906, 1.0000, 0.0000, 0.0000, 0.0000, 0.0000]])
tensor([[-0.9760,  1.0000,  0.0000,  0.0000,  0.0000,  0.0000]])
tensor([[-0.9887,  1.0000,  0.0000,  0.0000,  0.0000,  0.0000]])
tensor([[0.9319, 1.0000, 1.0000, 1.0000, 0.0000, 0.0000]])
tensor([[-0.9127,  1.0000,  0.0000,  0.0000,  0.0000,  0.0000]])
tensor([[-0.5417,  1.0000,  0.0000,  1.0000,  0.0000,  0.0000]])
tensor([[-0.9910,  1.0000,  0.0000,  0.0000,  0.0000,  0.0000]])
tensor([[-0.7589,  1.0000,  0.0000,  0.0000,  0.0000,  0.0000]])
tensor([[-0.6045,  1.0000,  0.0000,  0.0000,  0.0000,  0.0000]])
tensor([[-0.8793,  1.0000,  0.0000,  0.0000,  0.0000,  0.0000]])
tensor([[0.7982, 0.0000, 1.0000, 0.0000, 0.0000, 0.0000]])
tensor([[0.9463, 1.0000, 0.0000, 0.0000, 0.0000, 0.0000]])
tensor([[0.7558, 1.0000, 0.0000, 0.0000, 0.0000, 0.0000]])
tensor([[0.8545, 1.0000, 0.0000, 0.0000, 0.0000, 0.0000]])
tensor([[0.4292, 1.0000, 0.0000, 0.0000, 0.0000, 0.0000]])
tensor([[-0.7031,  1.0000,  0.0000,  0.0000,  0.0000,  0.0000]])
tensor([[0.8448, 1.0000, 0.0000, 0.0000, 0.0000, 0.0000]])
tensor([[0.9415, 1.0000, 0.0000, 0.0000, 0.0000, 0.0000]])
tensor([[-0.0743,  1.0000,  0.0000,  0.0000,  0.0000,  0.0000]])
tensor([[0.1215, 1.0000, 0.0000, 0.0000, 0.0000, 0.0000]])
tensor([[0.9941, 1.0000, 1.0000, 0.0000, 0.0000, 0.0000]])
tensor([[0.9391, 0.0000, 0.0000, 0.0000, 0.0000, 0.0000]])
tensor([[0.5415, 1.0000, 0.0000, 0.0000, 0.0000, 0.0000]])
tensor([[-0.6665,  1.0000,  0.0000,  0.0000,  0.0000,  0.0000]])
tensor([[0.9608, 1.0000, 0.0000, 0.0000, 0.0000, 0.0000]])
tensor([[0.7542, 1.0000, 0.0000, 0.0000, 0.0000, 0.0000]])
tensor([[0.7113, 1.0000, 0.0000, 0.0000, 0.0000, 0.0000]])
tensor([[0.5217, 1.0000, 0.0000, 0.0000, 0.0000, 0.0000]])
tensor([[0.9219, 1.0000, 0.0000, 0.0000, 0.0000, 0.0000]])
tensor([[0.6922, 1.0000, 0.0000, 0.0000, 0.0000, 0.0000]])
tensor([[0.3093, 1.0000, 0.0000, 0.0000, 0.0000, 0.0000]])
tensor([[-0.9236,  1.0000,  0.0000,  0.0000,  0.0000,  0.0000]])
tensor([[-0.1698,  1.0000,  0.0000,  0.0000,  0.0000,  0.0000]])
tensor([[0.4416, 1.0000, 0.0000, 0.0000, 0.0000, 0.0000]])
tensor([[-0.9347,  1.0000,  0.0000,  0.0000,  0.0000,  0.0000]])
tensor([[-0.3677,  1.0000,  0.0000,  0.0000,  0.0000,  0.0000]])
tensor([[0.3032, 1.0000, 0.0000, 0.0000, 0.0000, 0.0000]])
tensor([[0.9677, 1.0000, 0.0000, 0.0000, 0.0000, 0.0000]])
tensor([[0.2554, 1.0000, 0.0000, 0.0000, 0.0000, 0.0000]])
tensor([[-0.7303,  1.0000,  0.0000,  0.0000,  0.0000,  0.0000]])
tensor([[-0.8417,  1.0000,  0.0000,  0.0000,  0.0000,  0.0000]])
tensor([[-0.2970,  1.0000,  0.0000,  0.0000,  0.0000,  0.0000]])
tensor([[-0.5722,  1.0000,  0.0000,  0.0000,  0.0000,  0.0000]])
tensor([[-0.2191,  1.0000,  0.0000,  0.0000,  0.0000,  0.0000]])
tensor([[0.6031, 1.0000, 0.0000, 0.0000, 0.0000, 0.0000]])
tensor([[-0.3535,  1.0000,  0.0000,  0.0000,  0.0000,  0.0000]])
tensor([[0.7642, 1.0000, 0.0000, 0.0000, 0.0000, 0.0000]])
tensor([[0.0254, 1.0000, 0.0000, 0.0000, 0.0000, 0.0000]])
tensor([[-0.0654,  1.0000,  0.0000,  0.0000,  0.0000,  0.0000]])
tensor([[-0.3048,  1.0000,  0.0000,  0.0000,  0.0000,  0.0000]])
tensor([[-0.5616,  1.0000,  0.0000,  0.0000,  0.0000,  0.0000]])
tensor([[0.4305, 1.0000, 0.0000, 0.0000, 0.0000, 0.0000]])
tensor([[-0.1258,  1.0000,  0.0000,  0.0000,  0.0000,  0.0000]])
tensor([[-0.5250,  1.0000,  0.0000,  0.0000,  0.0000,  0.0000]])
tensor([[-0.0017,  1.0000,  0.0000,  0.0000,  0.0000,  0.0000]])
tensor([[-0.1658,  1.0000,  0.0000,  0.0000,  0.0000,  0.0000]])
tensor([[-0.2081,  1.0000,  0.0000,  0.0000,  0.0000,  0.0000]])
tensor([[-0.4107,  1.0000,  0.0000,  0.0000,  0.0000,  0.0000]])
tensor([[0.8090, 1.0000, 0.0000, 0.0000, 0.0000, 0.0000]])
tensor([[0.4156, 1.0000, 0.0000, 0.0000, 0.0000, 0.0000]])
tensor([[-0.1093,  1.0000,  0.0000,  0.0000,  0.0000,  0.0000]])
tensor([[0.6060, 1.0000, 0.0000, 0.0000, 0.0000, 0.0000]])
tensor([[0.1368, 1.0000, 0.0000, 0.0000, 1.0000, 0.0000]])
tensor([[0.3308, 1.0000, 0.0000, 0.0000, 0.0000, 0.0000]])
tensor([[0.9005, 1.0000, 0.0000, 0.0000, 0.0000, 0.0000]])
tensor([[-0.0268,  1.0000,  0.0000,  0.0000,  0.0000,  0.0000]])
tensor([[-0.8261,  1.0000,  0.0000,  0.0000,  0.0000,  0.0000]])
tensor([[0.3672, 1.0000, 0.0000, 0.0000, 0.0000, 0.0000]])
tensor([[0.6046, 1.0000, 0.0000, 0.0000, 0.0000, 0.0000]])
tensor([[0.3058, 1.0000, 0.0000, 0.0000, 0.0000, 0.0000]])
tensor([[0.9668, 1.0000, 0.0000, 0.0000, 0.0000, 0.0000]])
tensor([[0.6447, 1.0000, 0.0000, 0.0000, 0.0000, 0.0000]])
tensor([[0.8941, 1.0000, 0.0000, 0.0000, 0.0000, 0.0000]])
tensor([[0.4668, 1.0000, 0.0000, 0.0000, 0.0000, 0.0000]])
tensor([[0.1419, 1.0000, 0.0000, 0.0000, 0.0000, 0.0000]])
tensor([[0.9441, 1.0000, 0.0000, 0.0000, 0.0000, 0.0000]])
tensor([[-0.3204,  1.0000,  0.0000,  0.0000,  0.0000,  0.0000]])
tensor([[0.3607, 1.0000, 0.0000, 0.0000, 0.0000, 0.0000]])
tensor([[0.8122, 1.0000, 0.0000, 0.0000, 0.0000, 0.0000]])
tensor([[-0.0251,  1.0000,  0.0000,  0.0000,  0.0000,  0.0000]])
tensor([[0.2073, 1.0000, 0.0000, 0.0000, 0.0000, 0.0000]])
tensor([[0.5995, 1.0000, 0.0000, 0.0000, 0.0000, 0.0000]])
tensor([[0.3753, 1.0000, 0.0000, 0.0000, 0.0000, 0.0000]])
tensor([[0.5261, 1.0000, 0.0000, 0.0000, 0.0000, 0.0000]])
tensor([[0.4281, 1.0000, 0.0000, 0.0000, 0.0000, 0.0000]])
tensor([[-0.1927,  1.0000,  0.0000,  0.0000,  0.0000,  0.0000]])
tensor([[0.4442, 1.0000, 0.0000, 0.0000, 0.0000, 0.0000]])
tensor([[0.4643, 1.0000, 0.0000, 0.0000, 0.0000, 0.0000]])
tensor([[0.2642, 1.0000, 0.0000, 0.0000, 0.0000, 0.0000]])
tensor([[0.8880, 1.0000, 0.0000, 0.0000, 0.0000, 0.0000]])
tensor([[0.2805, 1.0000, 0.0000, 0.0000, 0.0000, 0.0000]])
tensor([[0.7188, 1.0000, 0.0000, 0.0000, 0.0000, 0.0000]])
tensor([[0.3615, 1.0000, 0.0000, 0.0000, 0.0000, 0.0000]])
tensor([[-0.2521,  1.0000,  0.0000,  0.0000,  0.0000,  0.0000]])
tensor([[0.2662, 1.0000, 0.0000, 0.0000, 0.0000, 0.0000]])
tensor([[-0.7157,  1.0000,  0.0000,  0.0000,  0.0000,  0.0000]])
tensor([[-0.8898,  1.0000,  0.0000,  0.0000,  0.0000,  0.0000]])
tensor([[-0.4349,  1.0000,  0.0000,  0.0000,  0.0000,  0.0000]])
tensor([[-0.2586,  1.0000,  0.0000,  0.0000,  0.0000,  0.0000]])
tensor([[-0.0597,  1.0000,  0.0000,  0.0000,  0.0000,  0.0000]])
tensor([[0.4225, 1.0000, 0.0000, 0.0000, 0.0000, 0.0000]])
tensor([[0.6646, 1.0000, 0.0000, 0.0000, 0.0000, 0.0000]])
tensor([[-0.8509,  1.0000,  0.0000,  0.0000,  0.0000,  0.0000]])
tensor([[-0.0793,  1.0000,  0.0000,  0.0000,  0.0000,  0.0000]])
tensor([[0.3645, 1.0000, 0.0000, 0.0000, 0.0000, 0.0000]])
tensor([[-0.7878,  1.0000,  0.0000,  0.0000,  0.0000,  0.0000]])
tensor([[0.8716, 1.0000, 0.0000, 0.0000, 0.0000, 0.0000]])
tensor([[0.8153, 1.0000, 0.0000, 0.0000, 0.0000, 0.0000]])
tensor([[-0.6354,  1.0000,  0.0000,  0.0000,  0.0000,  0.0000]])
tensor([[-0.0481,  1.0000,  0.0000,  0.0000,  0.0000,  0.0000]])
tensor([[0.2611, 1.0000, 0.0000, 0.0000, 0.0000, 0.0000]])
tensor([[0.3252, 1.0000, 0.0000, 0.0000, 0.0000, 0.0000]])
tensor([[-0.7184,  1.0000,  0.0000,  0.0000,  0.0000,  0.0000]])
tensor([[-0.0132,  1.0000,  0.0000,  0.0000,  0.0000,  0.0000]])
tensor([[-0.6443,  1.0000,  0.0000,  0.0000,  0.0000,  0.0000]])
tensor([[0.6953, 1.0000, 0.0000, 0.0000, 0.0000, 0.0000]])
tensor([[0.9475, 1.0000, 0.0000, 0.0000, 0.0000, 0.0000]])
tensor([[0.3454, 1.0000, 0.0000, 0.0000, 0.0000, 0.0000]])
tensor([[-0.8551,  1.0000,  0.0000,  0.0000,  0.0000,  0.0000]])
tensor([[0.3373, 1.0000, 0.0000, 0.0000, 0.0000, 0.0000]])
tensor([[0.3334, 1.0000, 0.0000, 0.0000, 0.0000, 0.0000]])
tensor([[0.2919, 1.0000, 0.0000, 0.0000, 0.0000, 0.0000]])
tensor([[-0.8470,  1.0000,  0.0000,  0.0000,  0.0000,  0.0000]])
tensor([[0.7227, 1.0000, 0.0000, 0.0000, 0.0000, 0.0000]])
tensor([[0.3469, 1.0000, 0.0000, 0.0000, 0.0000, 0.0000]])
tensor([[-0.3483,  1.0000,  0.0000,  0.0000,  0.0000,  0.0000]])
tensor([[0.8990, 1.0000, 0.0000, 0.0000, 0.0000, 0.0000]])
tensor([[0.2088, 1.0000, 0.0000, 0.0000, 0.0000, 0.0000]])
tensor([[0.0724, 1.0000, 0.0000, 0.0000, 0.0000, 0.0000]])
tensor([[0.8989, 1.0000, 0.0000, 0.0000, 0.0000, 0.0000]])
tensor([[0.4380, 1.0000, 0.0000, 0.0000, 0.0000, 0.0000]])
tensor([[-0.1887,  1.0000,  0.0000,  0.0000,  0.0000,  0.0000]])
tensor([[-0.2423,  1.0000,  0.0000,  0.0000,  0.0000,  0.0000]])
tensor([[0.7722, 1.0000, 0.0000, 0.0000, 0.0000, 0.0000]])
tensor([[0.9911, 1.0000, 0.0000, 0.0000, 0.0000, 0.0000]])
tensor([[-0.3659,  1.0000,  0.0000,  0.0000,  0.0000,  0.0000]])
tensor([[0.8678, 1.0000, 0.0000, 0.0000, 0.0000, 0.0000]])
tensor([[0.5250, 1.0000, 0.0000, 0.0000, 0.0000, 0.0000]])
tensor([[0.4587, 1.0000, 0.0000, 0.0000, 0.0000, 0.0000]])
tensor([[-0.2049,  1.0000,  0.0000,  0.0000,  0.0000,  0.0000]])
tensor([[0.3001, 1.0000, 0.0000, 0.0000, 0.0000, 0.0000]])
tensor([[0.3234, 1.0000, 0.0000, 0.0000, 0.0000, 0.0000]])
tensor([[-0.6985,  1.0000,  0.0000,  0.0000,  0.0000,  0.0000]])
tensor([[0.7311, 1.0000, 0.0000, 0.0000, 0.0000, 0.0000]])
tensor([[0.7193, 1.0000, 0.0000, 0.0000, 0.0000, 0.0000]])
tensor([[-0.2164,  1.0000,  0.0000,  0.0000,  0.0000,  0.0000]])
tensor([[0.6607, 1.0000, 0.0000, 0.0000, 0.0000, 0.0000]])
tensor([[0.9150, 1.0000, 0.0000, 0.0000, 0.0000, 0.0000]])
tensor([[-0.5225,  1.0000,  0.0000,  0.0000,  0.0000,  0.0000]])
tensor([[-0.4396,  1.0000,  0.0000,  0.0000,  0.0000,  0.0000]])
tensor([[0.4250, 1.0000, 0.0000, 0.0000, 0.0000, 0.0000]])
tensor([[0.3135, 1.0000, 0.0000, 0.0000, 0.0000, 0.0000]])
tensor([[0.6790, 1.0000, 0.0000, 0.0000, 0.0000, 0.0000]])
tensor([[0.2201, 1.0000, 0.0000, 0.0000, 0.0000, 0.0000]])
tensor([[0.3658, 1.0000, 0.0000, 0.0000, 0.0000, 0.0000]])
tensor([[0.5111, 1.0000, 0.0000, 0.0000, 0.0000, 0.0000]])
tensor([[0.9530, 1.0000, 0.0000, 0.0000, 0.0000, 0.0000]])
tensor([[0.7105, 1.0000, 0.0000, 0.0000, 0.0000, 0.0000]])
tensor([[-0.9033,  1.0000,  0.0000,  0.0000,  0.0000,  0.0000]])
tensor([[-0.8126,  1.0000,  0.0000,  0.0000,  0.0000,  0.0000]])
tensor([[0.9540, 1.0000, 0.0000, 0.0000, 0.0000, 0.0000]])
tensor([[0.1534, 1.0000, 0.0000, 0.0000, 0.0000, 0.0000]])
tensor([[0.3618, 1.0000, 0.0000, 0.0000, 0.0000, 0.0000]])
tensor([[0.8134, 1.0000, 0.0000, 0.0000, 0.0000, 0.0000]])
tensor([[0.1898, 1.0000, 0.0000, 0.0000, 0.0000, 0.0000]])
tensor([[0.5036, 1.0000, 0.0000, 0.0000, 0.0000, 0.0000]])
tensor([[0.6001, 1.0000, 0.0000, 0.0000, 0.0000, 0.0000]])
tensor([[0.6048, 1.0000, 0.0000, 0.0000, 0.0000, 0.0000]])
tensor([[0.0880, 1.0000, 0.0000, 0.0000, 0.0000, 0.0000]])
tensor([[0.5937, 1.0000, 0.0000, 0.0000, 0.0000, 0.0000]])
tensor([[0.7092, 1.0000, 0.0000, 0.0000, 0.0000, 0.0000]])
tensor([[0.4827, 1.0000, 0.0000, 0.0000, 0.0000, 0.0000]])
tensor([[0.4987, 1.0000, 0.0000, 0.0000, 0.0000, 0.0000]])
tensor([[0.0953, 1.0000, 0.0000, 0.0000, 0.0000, 0.0000]])
tensor([[-0.3595,  1.0000,  1.0000,  0.0000,  0.0000,  0.0000]])
tensor([[-0.0815,  1.0000,  0.0000,  0.0000,  0.0000,  0.0000]])
tensor([[0.8350, 1.0000, 0.0000, 0.0000, 0.0000, 0.0000]])
tensor([[-0.7192,  1.0000,  0.0000,  0.0000,  0.0000,  0.0000]])
tensor([[0.7762, 1.0000, 0.0000, 0.0000, 0.0000, 0.0000]])
tensor([[0.9776, 1.0000, 0.0000, 0.0000, 0.0000, 0.0000]])
tensor([[0.7022, 1.0000, 0.0000, 0.0000, 0.0000, 0.0000]])
tensor([[0.8063, 1.0000, 0.0000, 0.0000, 0.0000, 0.0000]])
tensor([[-0.8643,  0.0000,  0.0000,  0.0000,  0.0000,  0.0000]])
tensor([[0.6466, 1.0000, 0.0000, 0.0000, 0.0000, 0.0000]])
tensor([[0.1237, 1.0000, 0.0000, 0.0000, 0.0000, 0.0000]])
tensor([[-0.7265,  1.0000,  0.0000,  0.0000,  0.0000,  0.0000]])
tensor([[0.2851, 1.0000, 0.0000, 0.0000, 0.0000, 0.0000]])
tensor([[0.7636, 1.0000, 0.0000, 0.0000, 0.0000, 0.0000]])
tensor([[0.8775, 1.0000, 0.0000, 0.0000, 0.0000, 0.0000]])
tensor([[0.8683, 1.0000, 0.0000, 0.0000, 0.0000, 0.0000]])
tensor([[0.8273, 1.0000, 0.0000, 0.0000, 0.0000, 0.0000]])
tensor([[0.6624, 1.0000, 0.0000, 1.0000, 0.0000, 0.0000]])
tensor([[-0.4339,  1.0000,  0.0000,  0.0000,  0.0000,  0.0000]])
tensor([[-0.8934,  1.0000,  0.0000,  0.0000,  0.0000,  0.0000]])
tensor([[-0.5983,  1.0000,  0.0000,  0.0000,  0.0000,  0.0000]])
tensor([[-0.0204,  1.0000,  0.0000,  0.0000,  0.0000,  0.0000]])
tensor([[0.2010, 1.0000, 0.0000, 0.0000, 0.0000, 0.0000]])
tensor([[0.9395, 1.0000, 0.0000, 0.0000, 0.0000, 0.0000]])
tensor([[-0.4948,  1.0000,  0.0000,  0.0000,  0.0000,  0.0000]])
tensor([[0.9536, 1.0000, 0.0000, 0.0000, 0.0000, 0.0000]])
tensor([[0.7449, 1.0000, 0.0000, 0.0000, 0.0000, 0.0000]])
tensor([[0.7970, 1.0000, 0.0000, 0.0000, 0.0000, 0.0000]])
tensor([[0.5945, 1.0000, 0.0000, 0.0000, 0.0000, 0.0000]])
tensor([[0.0575, 1.0000, 0.0000, 0.0000, 0.0000, 0.0000]])
tensor([[0.8356, 1.0000, 1.0000, 0.0000, 0.0000, 0.0000]])
tensor([[0.8485, 1.0000, 0.0000, 0.0000, 0.0000, 0.0000]])
tensor([[0.2378, 1.0000, 0.0000, 0.0000, 0.0000, 0.0000]])
tensor([[-0.7145,  1.0000,  0.0000,  0.0000,  0.0000,  0.0000]])
tensor([[0.5206, 1.0000, 0.0000, 0.0000, 0.0000, 0.0000]])
tensor([[0.3290, 1.0000, 0.0000, 0.0000, 0.0000, 0.0000]])
tensor([[0.7867, 1.0000, 0.0000, 0.0000, 0.0000, 0.0000]])
tensor([[0.6549, 1.0000, 0.0000, 0.0000, 0.0000, 0.0000]])
tensor([[0.8817, 1.0000, 0.0000, 0.0000, 0.0000, 0.0000]])
tensor([[0.6873, 1.0000, 0.0000, 0.0000, 0.0000, 0.0000]])
tensor([[-0.4948,  1.0000,  0.0000,  0.0000,  0.0000,  0.0000]])
tensor([[0.0401, 1.0000, 0.0000, 0.0000, 0.0000, 0.0000]])
tensor([[0.4791, 1.0000, 0.0000, 0.0000, 0.0000, 0.0000]])
tensor([[0.9687, 1.0000, 0.0000, 0.0000, 0.0000, 0.0000]])
tensor([[0.7867, 1.0000, 0.0000, 0.0000, 0.0000, 0.0000]])
tensor([[0.4974, 1.0000, 0.0000, 0.0000, 0.0000, 0.0000]])
tensor([[0.9196, 1.0000, 0.0000, 0.0000, 0.0000, 0.0000]])
tensor([[0.0414, 1.0000, 0.0000, 0.0000, 0.0000, 0.0000]])
tensor([[-0.6169,  1.0000,  0.0000,  0.0000,  0.0000,  0.0000]])
tensor([[0.8907, 1.0000, 0.0000, 0.0000, 0.0000, 0.0000]])
tensor([[0.7967, 1.0000, 0.0000, 0.0000, 0.0000, 0.0000]])
tensor([[0.7969, 1.0000, 0.0000, 0.0000, 0.0000, 0.0000]])
tensor([[0.2432, 1.0000, 0.0000, 0.0000, 0.0000, 0.0000]])
tensor([[0.0541, 1.0000, 0.0000, 0.0000, 0.0000, 0.0000]])
tensor([[-0.0119,  1.0000,  0.0000,  0.0000,  0.0000,  0.0000]])
tensor([[0.8938, 1.0000, 0.0000, 0.0000, 0.0000, 0.0000]])
tensor([[0.8870, 1.0000, 0.0000, 0.0000, 0.0000, 0.0000]])
tensor([[-0.8252,  1.0000,  0.0000,  0.0000,  0.0000,  0.0000]])
tensor([[0.7608, 1.0000, 0.0000, 0.0000, 0.0000, 0.0000]])
tensor([[0.4714, 1.0000, 0.0000, 0.0000, 0.0000, 0.0000]])
tensor([[0.3089, 1.0000, 0.0000, 0.0000, 1.0000, 0.0000]])
tensor([[0.9445, 1.0000, 0.0000, 0.0000, 0.0000, 0.0000]])
tensor([[0.5873, 1.0000, 0.0000, 0.0000, 0.0000, 0.0000]])
tensor([[0.7318, 1.0000, 0.0000, 0.0000, 0.0000, 0.0000]])
tensor([[0.9203, 1.0000, 0.0000, 0.0000, 0.0000, 0.0000]])
tensor([[-0.5971,  1.0000,  0.0000,  0.0000,  0.0000,  0.0000]])
tensor([[0.6414, 1.0000, 0.0000, 0.0000, 0.0000, 0.0000]])
tensor([[0.9305, 1.0000, 0.0000, 0.0000, 1.0000, 0.0000]])
tensor([[0.0372, 1.0000, 0.0000, 0.0000, 0.0000, 0.0000]])
tensor([[0.9732, 1.0000, 0.0000, 0.0000, 0.0000, 0.0000]])
tensor([[0.2441, 1.0000, 0.0000, 0.0000, 0.0000, 0.0000]])
tensor([[0.9266, 1.0000, 0.0000, 0.0000, 0.0000, 0.0000]])
tensor([[0.9503, 1.0000, 0.0000, 0.0000, 0.0000, 0.0000]])
tensor([[0.2589, 1.0000, 0.0000, 0.0000, 0.0000, 0.0000]])
tensor([[0.8519, 1.0000, 0.0000, 0.0000, 0.0000, 0.0000]])
tensor([[0.6603, 1.0000, 0.0000, 0.0000, 0.0000, 0.0000]])
tensor([[0.6373, 1.0000, 0.0000, 0.0000, 0.0000, 0.0000]])
tensor([[0.7519, 1.0000, 0.0000, 0.0000, 0.0000, 0.0000]])
tensor([[0.3399, 1.0000, 0.0000, 0.0000, 0.0000, 0.0000]])
tensor([[0.3875, 1.0000, 0.0000, 0.0000, 0.0000, 0.0000]])
tensor([[0.0465, 1.0000, 0.0000, 0.0000, 0.0000, 0.0000]])
tensor([[-0.5240,  1.0000,  0.0000,  0.0000,  0.0000,  0.0000]])
tensor([[0.9741, 1.0000, 0.0000, 0.0000, 0.0000, 0.0000]])
tensor([[0.7705, 1.0000, 0.0000, 0.0000, 0.0000, 0.0000]])
tensor([[0.8803, 1.0000, 0.0000, 0.0000, 0.0000, 0.0000]])
tensor([[0.9227, 1.0000, 0.0000, 0.0000, 0.0000, 0.0000]])
tensor([[0.6533, 1.0000, 0.0000, 0.0000, 0.0000, 0.0000]])
tensor([[0.7595, 1.0000, 0.0000, 0.0000, 0.0000, 0.0000]])
tensor([[-0.4256,  1.0000,  0.0000,  0.0000,  0.0000,  0.0000]])
tensor([[0.0022, 1.0000, 0.0000, 0.0000, 0.0000, 0.0000]])
tensor([[-0.3059,  1.0000,  0.0000,  0.0000,  0.0000,  0.0000]])
tensor([[0.3200, 1.0000, 0.0000, 0.0000, 0.0000, 0.0000]])
tensor([[0.1268, 1.0000, 0.0000, 0.0000, 0.0000, 0.0000]])
tensor([[0.9212, 1.0000, 0.0000, 0.0000, 0.0000, 0.0000]])
tensor([[0.1714, 1.0000, 0.0000, 0.0000, 0.0000, 0.0000]])
tensor([[-0.3398,  1.0000,  0.0000,  0.0000,  0.0000,  0.0000]])
tensor([[-0.7218,  1.0000,  0.0000,  0.0000,  0.0000,  0.0000]])
tensor([[0.9441, 1.0000, 0.0000, 0.0000, 0.0000, 0.0000]])
tensor([[-0.8972,  1.0000,  0.0000,  0.0000,  0.0000,  0.0000]])
tensor([[-0.6557,  1.0000,  0.0000,  0.0000,  0.0000,  0.0000]])
tensor([[0.4995, 1.0000, 0.0000, 0.0000, 0.0000, 0.0000]])
tensor([[-0.1530,  1.0000,  0.0000,  0.0000,  0.0000,  0.0000]])
tensor([[0.4611, 1.0000, 0.0000, 0.0000, 0.0000, 0.0000]])
tensor([[0.8653, 1.0000, 0.0000, 0.0000, 0.0000, 0.0000]])
tensor([[0.3812, 1.0000, 0.0000, 0.0000, 0.0000, 0.0000]])
tensor([[0.1536, 1.0000, 0.0000, 0.0000, 0.0000, 0.0000]])
tensor([[-0.4471,  1.0000,  0.0000,  0.0000,  0.0000,  0.0000]])
tensor([[-0.5919,  1.0000,  0.0000,  0.0000,  0.0000,  0.0000]])
tensor([[-0.6504,  1.0000,  0.0000,  0.0000,  0.0000,  0.0000]])
tensor([[-0.4601,  1.0000,  0.0000,  0.0000,  0.0000,  0.0000]])
tensor([[-0.4926,  1.0000,  0.0000,  0.0000,  0.0000,  0.0000]])
tensor([[0.5932, 1.0000, 0.0000, 0.0000, 0.0000, 0.0000]])
tensor([[0.8135, 1.0000, 0.0000, 0.0000, 0.0000, 0.0000]])
tensor([[0.0809, 1.0000, 0.0000, 0.0000, 0.0000, 0.0000]])
tensor([[0.7424, 1.0000, 0.0000, 0.0000, 0.0000, 0.0000]])
tensor([[0.2051, 1.0000, 0.0000, 0.0000, 0.0000, 0.0000]])
tensor([[-0.9195,  1.0000,  0.0000,  0.0000,  0.0000,  0.0000]])
tensor([[-0.6566,  1.0000,  0.0000,  0.0000,  0.0000,  0.0000]])
tensor([[-0.6682,  1.0000,  0.0000,  0.0000,  0.0000,  0.0000]])
tensor([[-0.1665,  1.0000,  0.0000,  0.0000,  0.0000,  0.0000]])
tensor([[-0.2936,  1.0000,  0.0000,  0.0000,  0.0000,  0.0000]])
tensor([[0.3238, 1.0000, 0.0000, 0.0000, 0.0000, 0.0000]])
tensor([[0.6166, 1.0000, 0.0000, 0.0000, 0.0000, 0.0000]])
tensor([[0.1964, 1.0000, 0.0000, 0.0000, 0.0000, 0.0000]])
tensor([[-0.4598,  1.0000,  0.0000,  0.0000,  0.0000,  0.0000]])
tensor([[-0.1769,  1.0000,  0.0000,  0.0000,  0.0000,  0.0000]])
tensor([[0.4102, 1.0000, 0.0000, 0.0000, 0.0000, 0.0000]])
tensor([[0.7494, 1.0000, 0.0000, 0.0000, 0.0000, 0.0000]])
tensor([[-0.2175,  1.0000,  0.0000,  0.0000,  0.0000,  0.0000]])
tensor([[-0.0857,  1.0000,  0.0000,  0.0000,  0.0000,  0.0000]])
tensor([[-0.5489,  1.0000,  0.0000,  0.0000,  0.0000,  0.0000]])
tensor([[0.8307, 1.0000, 0.0000, 0.0000, 0.0000, 0.0000]])
tensor([[-0.7805,  1.0000,  0.0000,  0.0000,  0.0000,  0.0000]])
tensor([[-0.2353,  1.0000,  0.0000,  0.0000,  0.0000,  0.0000]])
tensor([[0.1014, 1.0000, 0.0000, 0.0000, 0.0000, 0.0000]])
tensor([[0.6431, 1.0000, 0.0000, 0.0000, 0.0000, 0.0000]])
tensor([[-0.4348,  1.0000,  0.0000,  0.0000,  0.0000,  0.0000]])
tensor([[0.5792, 1.0000, 0.0000, 0.0000, 0.0000, 0.0000]])
tensor([[0.3204, 1.0000, 0.0000, 0.0000, 0.0000, 0.0000]])
tensor([[-0.9302,  1.0000,  0.0000,  0.0000,  0.0000,  0.0000]])
tensor([[-0.5260,  1.0000,  0.0000,  0.0000,  0.0000,  0.0000]])
tensor([[0.9472, 1.0000, 0.0000, 0.0000, 0.0000, 0.0000]])
tensor([[0.4706, 1.0000, 0.0000, 0.0000, 0.0000, 0.0000]])
tensor([[-0.6795,  1.0000,  0.0000,  0.0000,  0.0000,  0.0000]])
tensor([[-0.0260,  1.0000,  0.0000,  0.0000,  0.0000,  0.0000]])
tensor([[0.9308, 1.0000, 0.0000, 0.0000, 0.0000, 0.0000]])
tensor([[-0.1427,  1.0000,  0.0000,  0.0000,  0.0000,  0.0000]])
tensor([[-0.2227,  1.0000,  0.0000,  0.0000,  0.0000,  0.0000]])
tensor([[0.3719, 1.0000, 0.0000, 0.0000, 0.0000, 0.0000]])
tensor([[-0.6398,  1.0000,  0.0000,  0.0000,  0.0000,  0.0000]])
tensor([[0.0753, 1.0000, 0.0000, 0.0000, 0.0000, 0.0000]])
tensor([[-0.6684,  1.0000,  0.0000,  0.0000,  0.0000,  0.0000]])
tensor([[0.8971, 1.0000, 0.0000, 0.0000, 0.0000, 0.0000]])
tensor([[-0.1977,  1.0000,  0.0000,  0.0000,  0.0000,  0.0000]])
tensor([[-0.2275,  1.0000,  0.0000,  0.0000,  0.0000,  0.0000]])
tensor([[-0.7498,  1.0000,  0.0000,  0.0000,  0.0000,  0.0000]])
tensor([[-0.7074,  1.0000,  0.0000,  0.0000,  0.0000,  0.0000]])
tensor([[0.4241, 1.0000, 0.0000, 0.0000, 0.0000, 0.0000]])
tensor([[-0.7089,  0.0000,  0.0000,  0.0000,  0.0000,  0.0000]])
tensor([[-0.4377,  1.0000,  0.0000,  0.0000,  0.0000,  0.0000]])
tensor([[-0.3563,  1.0000,  0.0000,  0.0000,  0.0000,  0.0000]])
tensor([[-0.3462,  1.0000,  0.0000,  0.0000,  0.0000,  0.0000]])
tensor([[-0.4874,  1.0000,  0.0000,  0.0000,  0.0000,  0.0000]])
tensor([[0.6590, 1.0000, 0.0000, 0.0000, 0.0000, 0.0000]])
tensor([[-0.6059,  1.0000,  0.0000,  0.0000,  0.0000,  0.0000]])
tensor([[-0.6032,  1.0000,  0.0000,  0.0000,  0.0000,  0.0000]])
tensor([[0.4525, 1.0000, 0.0000, 0.0000, 0.0000, 0.0000]])
tensor([[-0.4683,  1.0000,  0.0000,  0.0000,  0.0000,  0.0000]])
tensor([[-0.8770,  1.0000,  0.0000,  0.0000,  0.0000,  0.0000]])
tensor([[-0.9066,  1.0000,  0.0000,  0.0000,  0.0000,  0.0000]])
tensor([[-0.6769,  1.0000,  0.0000,  0.0000,  0.0000,  0.0000]])
tensor([[0.3575, 1.0000, 0.0000, 0.0000, 0.0000, 0.0000]])
tensor([[-0.6302,  1.0000,  0.0000,  0.0000,  0.0000,  0.0000]])
tensor([[0.1634, 1.0000, 0.0000, 0.0000, 0.0000, 0.0000]])
tensor([[-0.6065,  1.0000,  0.0000,  0.0000,  0.0000,  0.0000]])
tensor([[-0.0382,  1.0000,  0.0000,  0.0000,  0.0000,  0.0000]])
tensor([[-0.7722,  1.0000,  0.0000,  0.0000,  0.0000,  0.0000]])
tensor([[-0.8167,  1.0000,  0.0000,  0.0000,  0.0000,  0.0000]])
tensor([[-0.8210,  1.0000,  0.0000,  0.0000,  0.0000,  0.0000]])
tensor([[-0.8439,  1.0000,  0.0000,  0.0000,  0.0000,  0.0000]])
tensor([[0.1682, 1.0000, 0.0000, 0.0000, 0.0000, 0.0000]])
tensor([[0.4741, 1.0000, 0.0000, 0.0000, 0.0000, 0.0000]])
tensor([[-0.4219,  1.0000,  0.0000,  0.0000,  0.0000,  0.0000]])
tensor([[-0.8830,  1.0000,  0.0000,  0.0000,  0.0000,  0.0000]])
tensor([[-0.8184,  1.0000,  0.0000,  0.0000,  0.0000,  0.0000]])
tensor([[0.2560, 1.0000, 0.0000, 0.0000, 0.0000, 0.0000]])
tensor([[-0.9116,  1.0000,  0.0000,  0.0000,  0.0000,  0.0000]])
tensor([[0.0703, 1.0000, 0.0000, 0.0000, 0.0000, 0.0000]])
tensor([[-0.0025,  1.0000,  0.0000,  0.0000,  0.0000,  0.0000]])
tensor([[-0.7907,  1.0000,  0.0000,  0.0000,  0.0000,  0.0000]])
tensor([[-0.7450,  1.0000,  0.0000,  0.0000,  0.0000,  0.0000]])
tensor([[-0.7218,  1.0000,  0.0000,  0.0000,  0.0000,  0.0000]])
tensor([[0.4283, 1.0000, 0.0000, 0.0000, 0.0000, 0.0000]])
tensor([[-0.8640,  1.0000,  0.0000,  0.0000,  0.0000,  0.0000]])
tensor([[-0.8508,  1.0000,  0.0000,  0.0000,  0.0000,  0.0000]])
tensor([[-0.4991,  1.0000,  0.0000,  0.0000,  0.0000,  0.0000]])
tensor([[-0.2908,  1.0000,  0.0000,  0.0000,  0.0000,  0.0000]])
tensor([[-0.4211,  1.0000,  0.0000,  0.0000,  0.0000,  0.0000]])
tensor([[-0.6928,  1.0000,  0.0000,  0.0000,  0.0000,  0.0000]])
tensor([[-0.3225,  1.0000,  0.0000,  0.0000,  0.0000,  0.0000]])
tensor([[-0.6510,  1.0000,  0.0000,  0.0000,  0.0000,  0.0000]])
tensor([[0.4082, 1.0000, 0.0000, 0.0000, 0.0000, 0.0000]])
tensor([[0.1799, 1.0000, 0.0000, 0.0000, 0.0000, 0.0000]])
tensor([[-0.1462,  1.0000,  0.0000,  0.0000,  0.0000,  0.0000]])
tensor([[0.4598, 1.0000, 0.0000, 0.0000, 0.0000, 0.0000]])
tensor([[-0.6743,  1.0000,  0.0000,  0.0000,  0.0000,  0.0000]])
tensor([[-0.9349,  1.0000,  0.0000,  0.0000,  0.0000,  0.0000]])
tensor([[-0.9594,  1.0000,  0.0000,  0.0000,  0.0000,  0.0000]])
tensor([[-0.9397,  1.0000,  0.0000,  0.0000,  0.0000,  0.0000]])
tensor([[-0.7547,  1.0000,  0.0000,  0.0000,  0.0000,  0.0000]])
tensor([[0.0282, 1.0000, 0.0000, 0.0000, 0.0000, 0.0000]])
tensor([[-0.3988,  1.0000,  0.0000,  0.0000,  0.0000,  0.0000]])
tensor([[0.2271, 1.0000, 0.0000, 0.0000, 0.0000, 0.0000]])
tensor([[0.5858, 1.0000, 0.0000, 0.0000, 0.0000, 0.0000]])
tensor([[-0.8639,  1.0000,  0.0000,  0.0000,  0.0000,  0.0000]])
tensor([[-0.8026,  1.0000,  0.0000,  0.0000,  0.0000,  0.0000]])
tensor([[-0.5398,  1.0000,  0.0000,  0.0000,  0.0000,  0.0000]])
tensor([[0.0110, 1.0000, 0.0000, 0.0000, 0.0000, 0.0000]])
tensor([[-0.4775,  1.0000,  0.0000,  0.0000,  0.0000,  0.0000]])
tensor([[-0.0063,  1.0000,  0.0000,  0.0000,  0.0000,  0.0000]])
tensor([[-0.4173,  1.0000,  0.0000,  0.0000,  0.0000,  0.0000]])
tensor([[0.0653, 1.0000, 0.0000, 0.0000, 0.0000, 0.0000]])
tensor([[-0.7207,  0.0000,  0.0000,  0.0000,  0.0000,  0.0000]])
tensor([[-0.5707,  1.0000,  0.0000,  0.0000,  0.0000,  0.0000]])
tensor([[0.3902, 1.0000, 0.0000, 0.0000, 0.0000, 0.0000]])
tensor([[-0.8793,  1.0000,  0.0000,  0.0000,  0.0000,  0.0000]])
tensor([[-0.7902,  1.0000,  0.0000,  0.0000,  0.0000,  0.0000]])
tensor([[-0.5724,  1.0000,  0.0000,  0.0000,  0.0000,  0.0000]])
tensor([[-0.8425,  1.0000,  0.0000,  0.0000,  0.0000,  0.0000]])
tensor([[-0.0593,  1.0000,  0.0000,  0.0000,  0.0000,  0.0000]])
tensor([[0.0885, 1.0000, 0.0000, 0.0000, 0.0000, 0.0000]])
tensor([[0.1883, 1.0000, 0.0000, 0.0000, 0.0000, 0.0000]])
tensor([[0.3841, 1.0000, 0.0000, 0.0000, 0.0000, 0.0000]])
tensor([[-0.4945,  1.0000,  0.0000,  0.0000,  0.0000,  0.0000]])
tensor([[-0.8084,  1.0000,  0.0000,  0.0000,  0.0000,  0.0000]])
tensor([[-0.5355,  1.0000,  0.0000,  0.0000,  0.0000,  0.0000]])
tensor([[-0.9561,  1.0000,  0.0000,  0.0000,  0.0000,  0.0000]])
tensor([[-0.8198,  1.0000,  0.0000,  0.0000,  0.0000,  0.0000]])
tensor([[0.8082, 1.0000, 0.0000, 0.0000, 0.0000, 0.0000]])
tensor([[-0.2102,  1.0000,  0.0000,  0.0000,  0.0000,  0.0000]])
tensor([[-0.8132,  1.0000,  0.0000,  0.0000,  0.0000,  0.0000]])
tensor([[-0.6574,  1.0000,  0.0000,  0.0000,  0.0000,  0.0000]])
tensor([[-0.2727,  1.0000,  0.0000,  0.0000,  0.0000,  0.0000]])
tensor([[-0.6172,  1.0000,  0.0000,  0.0000,  0.0000,  0.0000]])
tensor([[0.5219, 1.0000, 0.0000, 0.0000, 0.0000, 0.0000]])
tensor([[-0.5542,  1.0000,  0.0000,  0.0000,  0.0000,  0.0000]])
tensor([[0.4718, 1.0000, 0.0000, 0.0000, 0.0000, 0.0000]])
tensor([[-0.0459,  1.0000,  0.0000,  0.0000,  0.0000,  0.0000]])
tensor([[0.1657, 1.0000, 0.0000, 0.0000, 0.0000, 0.0000]])
tensor([[-0.5945,  1.0000,  0.0000,  0.0000,  0.0000,  0.0000]])
tensor([[-0.9425,  1.0000,  0.0000,  0.0000,  0.0000,  0.0000]])
tensor([[-0.8085,  1.0000,  0.0000,  0.0000,  0.0000,  0.0000]])
tensor([[-0.7777,  1.0000,  0.0000,  0.0000,  0.0000,  0.0000]])
tensor([[-0.8850,  1.0000,  0.0000,  0.0000,  0.0000,  0.0000]])
tensor([[-0.2863,  1.0000,  0.0000,  0.0000,  0.0000,  0.0000]])
tensor([[-0.4544,  1.0000,  0.0000,  0.0000,  0.0000,  0.0000]])
tensor([[-0.2605,  1.0000,  0.0000,  0.0000,  0.0000,  0.0000]])
tensor([[0.8583, 1.0000, 0.0000, 0.0000, 0.0000, 0.0000]])
tensor([[0.0589, 1.0000, 0.0000, 0.0000, 0.0000, 0.0000]])
tensor([[0.0896, 1.0000, 0.0000, 0.0000, 0.0000, 0.0000]])
tensor([[-0.9320,  1.0000,  0.0000,  0.0000,  0.0000,  0.0000]])
tensor([[0.5338, 1.0000, 0.0000, 0.0000, 0.0000, 0.0000]])
tensor([[-0.7692,  1.0000,  0.0000,  0.0000,  0.0000,  0.0000]])
tensor([[-0.6260,  1.0000,  0.0000,  0.0000,  0.0000,  0.0000]])
tensor([[-0.6168,  1.0000,  0.0000,  0.0000,  0.0000,  0.0000]])
tensor([[-0.2932,  1.0000,  0.0000,  0.0000,  0.0000,  0.0000]])
tensor([[-0.7343,  1.0000,  0.0000,  0.0000,  0.0000,  0.0000]])
tensor([[-0.2728,  1.0000,  0.0000,  0.0000,  0.0000,  0.0000]])
tensor([[0.6338, 1.0000, 0.0000, 0.0000, 0.0000, 0.0000]])
tensor([[0.0394, 1.0000, 0.0000, 0.0000, 0.0000, 0.0000]])
tensor([[-0.8532,  1.0000,  0.0000,  0.0000,  0.0000,  0.0000]])
tensor([[-0.3741,  1.0000,  0.0000,  0.0000,  0.0000,  0.0000]])
tensor([[0.2263, 1.0000, 0.0000, 0.0000, 0.0000, 0.0000]])
tensor([[-0.7933,  1.0000,  0.0000,  0.0000,  0.0000,  0.0000]])
tensor([[0.1158, 1.0000, 0.0000, 0.0000, 0.0000, 0.0000]])
tensor([[-0.3882,  1.0000,  0.0000,  1.0000,  0.0000,  0.0000]])
tensor([[-0.7462,  1.0000,  0.0000,  0.0000,  0.0000,  0.0000]])
tensor([[0.6848, 1.0000, 0.0000, 0.0000, 0.0000, 0.0000]])
tensor([[0.8049, 1.0000, 0.0000, 0.0000, 0.0000, 0.0000]])
tensor([[-0.7690,  1.0000,  0.0000,  0.0000,  0.0000,  0.0000]])
tensor([[-0.7835,  1.0000,  0.0000,  0.0000,  0.0000,  0.0000]])
tensor([[-0.2164,  0.0000,  0.0000,  0.0000,  0.0000,  0.0000]])
tensor([[-0.4591,  1.0000,  0.0000,  0.0000,  0.0000,  0.0000]])
tensor([[0.4241, 1.0000, 0.0000, 0.0000, 0.0000, 0.0000]])
tensor([[-0.4913,  1.0000,  0.0000,  0.0000,  0.0000,  0.0000]])
tensor([[-0.4463,  1.0000,  0.0000,  0.0000,  0.0000,  0.0000]])
tensor([[0.1171, 1.0000, 0.0000, 0.0000, 0.0000, 0.0000]])
tensor([[-0.6398,  1.0000,  0.0000,  0.0000,  0.0000,  0.0000]])
tensor([[-0.6885,  1.0000,  0.0000,  0.0000,  0.0000,  0.0000]])
tensor([[-0.5369,  1.0000,  0.0000,  0.0000,  0.0000,  0.0000]])
tensor([[-0.2408,  1.0000,  0.0000,  0.0000,  0.0000,  0.0000]])
tensor([[-0.4408,  1.0000,  0.0000,  0.0000,  0.0000,  0.0000]])
tensor([[-0.6669,  1.0000,  0.0000,  0.0000,  0.0000,  0.0000]])
tensor([[-0.6303,  1.0000,  0.0000,  0.0000,  0.0000,  0.0000]])
tensor([[-0.5591,  1.0000,  0.0000,  0.0000,  0.0000,  0.0000]])
tensor([[-0.4603,  1.0000,  0.0000,  0.0000,  0.0000,  0.0000]])
tensor([[-0.5397,  1.0000,  0.0000,  0.0000,  0.0000,  0.0000]])
tensor([[0.6724, 1.0000, 0.0000, 1.0000, 0.0000, 0.0000]])
tensor([[-0.1324,  1.0000,  0.0000,  0.0000,  0.0000,  0.0000]])
tensor([[0.1000, 1.0000, 0.0000, 0.0000, 0.0000, 0.0000]])
tensor([[0.5451, 1.0000, 0.0000, 0.0000, 0.0000, 0.0000]])
tensor([[-0.9516,  1.0000,  0.0000,  0.0000,  0.0000,  0.0000]])
tensor([[-0.6733,  1.0000,  0.0000,  0.0000,  0.0000,  0.0000]])
tensor([[-0.5188,  1.0000,  0.0000,  0.0000,  0.0000,  0.0000]])
tensor([[-0.9559,  0.0000,  0.0000,  0.0000,  0.0000,  0.0000]])
tensor([[-0.7933,  1.0000,  0.0000,  0.0000,  0.0000,  0.0000]])
tensor([[-0.7134,  1.0000,  0.0000,  0.0000,  0.0000,  0.0000]])
tensor([[-0.0654,  1.0000,  0.0000,  0.0000,  0.0000,  0.0000]])
tensor([[0.1885, 1.0000, 0.0000, 0.0000, 0.0000, 0.0000]])
tensor([[-0.5155,  1.0000,  0.0000,  0.0000,  0.0000,  0.0000]])
tensor([[-0.7273,  1.0000,  0.0000,  0.0000,  0.0000,  0.0000]])
tensor([[-0.7165,  1.0000,  0.0000,  0.0000,  0.0000,  0.0000]])
tensor([[0.7821, 1.0000, 0.0000, 0.0000, 0.0000, 0.0000]])
tensor([[0.0675, 1.0000, 0.0000, 0.0000, 0.0000, 0.0000]])
tensor([[0.0778, 1.0000, 0.0000, 0.0000, 0.0000, 0.0000]])
tensor([[0.9091, 1.0000, 0.0000, 0.0000, 0.0000, 0.0000]])
tensor([[0.4466, 1.0000, 0.0000, 0.0000, 0.0000, 0.0000]])
tensor([[-0.5609,  1.0000,  0.0000,  0.0000,  0.0000,  0.0000]])
tensor([[-0.2950,  1.0000,  0.0000,  0.0000,  0.0000,  0.0000]])
tensor([[-0.1985,  1.0000,  0.0000,  0.0000,  0.0000,  0.0000]])
tensor([[-0.4987,  1.0000,  0.0000,  0.0000,  0.0000,  0.0000]])
tensor([[0.4461, 1.0000, 1.0000, 0.0000, 0.0000, 0.0000]])
tensor([[-0.6892,  1.0000,  0.0000,  0.0000,  0.0000,  0.0000]])
tensor([[0.3287, 1.0000, 0.0000, 0.0000, 0.0000, 0.0000]])
tensor([[-0.0790,  1.0000,  0.0000,  0.0000,  0.0000,  0.0000]])
tensor([[0.1156, 1.0000, 0.0000, 0.0000, 0.0000, 0.0000]])
tensor([[0.6659, 1.0000, 0.0000, 0.0000, 0.0000, 0.0000]])
tensor([[-0.4590,  1.0000,  0.0000,  0.0000,  0.0000,  0.0000]])
tensor([[-0.9474,  1.0000,  0.0000,  0.0000,  0.0000,  0.0000]])
tensor([[-0.9296,  1.0000,  0.0000,  0.0000,  0.0000,  0.0000]])
tensor([[-0.6072,  1.0000,  0.0000,  0.0000,  0.0000,  0.0000]])
tensor([[-0.2963,  1.0000,  0.0000,  0.0000,  1.0000,  0.0000]])
tensor([[0.8228, 1.0000, 0.0000, 0.0000, 0.0000, 0.0000]])
tensor([[-0.2859,  1.0000,  0.0000,  0.0000,  0.0000,  0.0000]])
tensor([[0.2674, 1.0000, 0.0000, 0.0000, 0.0000, 0.0000]])
tensor([[0.4832, 1.0000, 0.0000, 0.0000, 0.0000, 0.0000]])
tensor([[0.0531, 1.0000, 0.0000, 0.0000, 0.0000, 0.0000]])
tensor([[-0.2074,  1.0000,  0.0000,  0.0000,  0.0000,  0.0000]])
tensor([[0.2631, 1.0000, 0.0000, 0.0000, 0.0000, 0.0000]])
tensor([[0.4814, 1.0000, 0.0000, 0.0000, 0.0000, 0.0000]])
tensor([[0.5076, 1.0000, 0.0000, 0.0000, 0.0000, 0.0000]])
tensor([[-0.3351,  1.0000,  0.0000,  0.0000,  0.0000,  0.0000]])
tensor([[-0.1823,  1.0000,  0.0000,  0.0000,  0.0000,  0.0000]])
tensor([[-0.3576,  1.0000,  0.0000,  0.0000,  0.0000,  0.0000]])
tensor([[-0.7530,  1.0000,  0.0000,  0.0000,  0.0000,  0.0000]])
tensor([[0.6945, 1.0000, 0.0000, 0.0000, 0.0000, 0.0000]])
tensor([[-0.9435,  1.0000,  0.0000,  0.0000,  0.0000,  0.0000]])
tensor([[-0.3938,  1.0000,  0.0000,  0.0000,  0.0000,  0.0000]])
tensor([[0.5221, 1.0000, 0.0000, 0.0000, 0.0000, 0.0000]])
tensor([[0.0998, 1.0000, 0.0000, 0.0000, 0.0000, 0.0000]])
tensor([[-0.7551,  1.0000,  0.0000,  0.0000,  0.0000,  0.0000]])
tensor([[0.1866, 1.0000, 0.0000, 0.0000, 0.0000, 0.0000]])
tensor([[0.5826, 1.0000, 0.0000, 0.0000, 0.0000, 0.0000]])
tensor([[-0.2841,  1.0000,  0.0000,  0.0000,  0.0000,  0.0000]])
tensor([[0.0628, 1.0000, 0.0000, 0.0000, 0.0000, 0.0000]])
tensor([[-0.7128,  1.0000,  0.0000,  1.0000,  0.0000,  0.0000]])
tensor([[0.3252, 1.0000, 0.0000, 0.0000, 0.0000, 0.0000]])
tensor([[0.8087, 1.0000, 0.0000, 0.0000, 0.0000, 0.0000]])
tensor([[0.5419, 1.0000, 0.0000, 1.0000, 0.0000, 0.0000]])
tensor([[-0.3956,  1.0000,  0.0000,  0.0000,  0.0000,  0.0000]])
tensor([[0.0580, 1.0000, 0.0000, 1.0000, 0.0000, 0.0000]])
tensor([[-0.1960,  1.0000,  0.0000,  0.0000,  0.0000,  0.0000]])
tensor([[0.6615, 1.0000, 0.0000, 0.0000, 0.0000, 0.0000]])
tensor([[-0.7644,  1.0000,  0.0000,  0.0000,  0.0000,  0.0000]])
tensor([[-0.6835,  1.0000,  0.0000,  0.0000,  0.0000,  0.0000]])
tensor([[-0.2883,  1.0000,  0.0000,  0.0000,  0.0000,  0.0000]])
tensor([[-0.2489,  1.0000,  0.0000,  0.0000,  0.0000,  0.0000]])
tensor([[0.2271, 1.0000, 0.0000, 0.0000, 0.0000, 0.0000]])
tensor([[0.5241, 1.0000, 0.0000, 0.0000, 0.0000, 0.0000]])
tensor([[-0.6727,  1.0000,  0.0000,  0.0000,  0.0000,  0.0000]])
tensor([[-0.4136,  1.0000,  0.0000,  0.0000,  0.0000,  0.0000]])
tensor([[0.0113, 1.0000, 0.0000, 0.0000, 0.0000, 0.0000]])
tensor([[-0.1207,  1.0000,  0.0000,  0.0000,  0.0000,  0.0000]])
tensor([[-0.9336,  1.0000,  0.0000,  0.0000,  0.0000,  0.0000]])
tensor([[-0.5733,  1.0000,  0.0000,  0.0000,  0.0000,  0.0000]])
tensor([[-0.1647,  1.0000,  0.0000,  0.0000,  0.0000,  0.0000]])
tensor([[0.4685, 1.0000, 0.0000, 0.0000, 0.0000, 0.0000]])
tensor([[-0.4238,  1.0000,  0.0000,  0.0000,  0.0000,  0.0000]])
tensor([[-0.4426,  1.0000,  0.0000,  0.0000,  0.0000,  0.0000]])
tensor([[-0.6021,  1.0000,  0.0000,  0.0000,  0.0000,  0.0000]])
tensor([[-0.8126,  1.0000,  0.0000,  0.0000,  0.0000,  0.0000]])
tensor([[0.7271, 1.0000, 0.0000, 1.0000, 0.0000, 0.0000]])
tensor([[0.9139, 1.0000, 0.0000, 0.0000, 0.0000, 0.0000]])
tensor([[0.3437, 1.0000, 0.0000, 0.0000, 0.0000, 0.0000]])
tensor([[-0.7208,  1.0000,  0.0000,  0.0000,  0.0000,  0.0000]])
tensor([[-0.7962,  1.0000,  0.0000,  0.0000,  0.0000,  0.0000]])
tensor([[-0.8359,  1.0000,  0.0000,  0.0000,  0.0000,  0.0000]])
tensor([[-0.9213,  1.0000,  0.0000,  0.0000,  0.0000,  0.0000]])
tensor([[-0.9156,  1.0000,  0.0000,  0.0000,  0.0000,  0.0000]])
tensor([[-0.7823,  1.0000,  0.0000,  0.0000,  0.0000,  0.0000]])
tensor([[0.3307, 1.0000, 0.0000, 0.0000, 0.0000, 0.0000]])
tensor([[-0.4138,  1.0000,  0.0000,  0.0000,  0.0000,  0.0000]])
tensor([[-0.4217,  1.0000,  0.0000,  0.0000,  0.0000,  0.0000]])
tensor([[-0.1255,  1.0000,  0.0000,  0.0000,  0.0000,  0.0000]])
tensor([[0.4999, 1.0000, 0.0000, 0.0000, 0.0000, 0.0000]])
tensor([[-0.1336,  1.0000,  0.0000,  0.0000,  0.0000,  0.0000]])
tensor([[0.6702, 1.0000, 0.0000, 0.0000, 0.0000, 0.0000]])
tensor([[-0.2637,  1.0000,  0.0000,  0.0000,  0.0000,  0.0000]])
tensor([[-0.8681,  1.0000,  0.0000,  0.0000,  0.0000,  0.0000]])
tensor([[-0.8807,  1.0000,  1.0000,  0.0000,  0.0000,  0.0000]])
tensor([[-0.3052,  1.0000,  0.0000,  0.0000,  0.0000,  0.0000]])
tensor([[-0.5320,  1.0000,  0.0000,  0.0000,  0.0000,  0.0000]])
tensor([[-0.2454,  1.0000,  0.0000,  0.0000,  0.0000,  0.0000]])
tensor([[0.6281, 1.0000, 0.0000, 0.0000, 0.0000, 0.0000]])
tensor([[-0.7387,  1.0000,  0.0000,  0.0000,  0.0000,  0.0000]])
tensor([[-0.6768,  1.0000,  0.0000,  0.0000,  0.0000,  0.0000]])
tensor([[-0.7054,  1.0000,  0.0000,  0.0000,  0.0000,  0.0000]])
tensor([[0.7105, 1.0000, 0.0000, 0.0000, 0.0000, 0.0000]])
tensor([[-0.9429,  1.0000,  0.0000,  0.0000,  0.0000,  0.0000]])
tensor([[0.0318, 1.0000, 0.0000, 0.0000, 0.0000, 0.0000]])
tensor([[-0.8522,  1.0000,  0.0000,  0.0000,  0.0000,  0.0000]])
tensor([[-0.0254,  1.0000,  0.0000,  0.0000,  0.0000,  0.0000]])
tensor([[0.2115, 1.0000, 0.0000, 0.0000, 0.0000, 0.0000]])
tensor([[-0.2758,  1.0000,  0.0000,  0.0000,  0.0000,  0.0000]])
tensor([[-0.2930,  1.0000,  0.0000,  0.0000,  0.0000,  0.0000]])
tensor([[0.6821, 1.0000, 0.0000, 0.0000, 0.0000, 0.0000]])
tensor([[-0.6001,  1.0000,  0.0000,  0.0000,  0.0000,  0.0000]])
tensor([[0.5696, 1.0000, 0.0000, 0.0000, 0.0000, 0.0000]])
tensor([[-0.4403,  1.0000,  0.0000,  0.0000,  0.0000,  0.0000]])
tensor([[0.5098, 1.0000, 0.0000, 0.0000, 0.0000, 0.0000]])
tensor([[-0.2480,  1.0000,  0.0000,  0.0000,  0.0000,  0.0000]])
tensor([[0.5547, 1.0000, 0.0000, 0.0000, 0.0000, 0.0000]])
tensor([[0.8769, 1.0000, 0.0000, 0.0000, 0.0000, 0.0000]])
tensor([[0.0474, 1.0000, 0.0000, 0.0000, 0.0000, 0.0000]])
tensor([[0.8557, 1.0000, 0.0000, 0.0000, 0.0000, 0.0000]])
tensor([[0.9595, 1.0000, 0.0000, 0.0000, 0.0000, 0.0000]])
tensor([[0.3214, 1.0000, 0.0000, 0.0000, 0.0000, 0.0000]])
tensor([[0.8183, 1.0000, 0.0000, 0.0000, 0.0000, 0.0000]])
tensor([[0.3499, 1.0000, 0.0000, 0.0000, 0.0000, 0.0000]])
tensor([[0.5305, 1.0000, 0.0000, 0.0000, 0.0000, 0.0000]])
tensor([[0.8286, 1.0000, 1.0000, 0.0000, 0.0000, 0.0000]])
tensor([[0.8168, 1.0000, 0.0000, 0.0000, 0.0000, 0.0000]])
tensor([[0.1362, 1.0000, 0.0000, 0.0000, 0.0000, 0.0000]])
tensor([[0.0360, 1.0000, 0.0000, 1.0000, 0.0000, 0.0000]])
tensor([[-0.1647,  1.0000,  0.0000,  0.0000,  0.0000,  0.0000]])
tensor([[0.5276, 1.0000, 0.0000, 0.0000, 0.0000, 0.0000]])
tensor([[0.7256, 1.0000, 0.0000, 0.0000, 0.0000, 0.0000]])
tensor([[-0.8702,  1.0000,  0.0000,  0.0000,  0.0000,  0.0000]])
tensor([[0.5776, 1.0000, 0.0000, 0.0000, 0.0000, 0.0000]])
tensor([[0.3892, 1.0000, 0.0000, 0.0000, 0.0000, 0.0000]])
tensor([[-0.7686,  1.0000,  0.0000,  0.0000,  0.0000,  0.0000]])
tensor([[-0.4269,  1.0000,  0.0000,  0.0000,  0.0000,  0.0000]])
tensor([[0.0332, 1.0000, 0.0000, 0.0000, 0.0000, 0.0000]])
tensor([[-0.4375,  1.0000,  0.0000,  0.0000,  0.0000,  0.0000]])
tensor([[0.0511, 1.0000, 0.0000, 0.0000, 0.0000, 0.0000]])
tensor([[0.2585, 1.0000, 0.0000, 0.0000, 0.0000, 0.0000]])
tensor([[0.6672, 1.0000, 0.0000, 0.0000, 0.0000, 0.0000]])
tensor([[-0.5132,  1.0000,  0.0000,  0.0000,  0.0000,  0.0000]])
tensor([[0.8642, 1.0000, 0.0000, 0.0000, 0.0000, 0.0000]])
tensor([[0.7849, 1.0000, 0.0000, 0.0000, 0.0000, 0.0000]])
tensor([[-0.2424,  1.0000,  0.0000,  0.0000,  0.0000,  0.0000]])
tensor([[0.2835, 1.0000, 0.0000, 0.0000, 0.0000, 0.0000]])
tensor([[-0.5849,  1.0000,  0.0000,  0.0000,  0.0000,  0.0000]])
tensor([[0.6976, 1.0000, 0.0000, 0.0000, 0.0000, 0.0000]])
tensor([[0.4934, 1.0000, 0.0000, 0.0000, 0.0000, 0.0000]])
tensor([[0.0946, 1.0000, 0.0000, 0.0000, 0.0000, 0.0000]])
tensor([[-0.5243,  1.0000,  0.0000,  0.0000,  0.0000,  0.0000]])
tensor([[0.2896, 1.0000, 0.0000, 0.0000, 0.0000, 0.0000]])
tensor([[0.0778, 1.0000, 0.0000, 0.0000, 0.0000, 0.0000]])
tensor([[0.7840, 1.0000, 0.0000, 0.0000, 0.0000, 0.0000]])
tensor([[-0.6659,  1.0000,  1.0000,  0.0000,  0.0000,  0.0000]])
tensor([[-0.7150,  1.0000,  0.0000,  0.0000,  0.0000,  0.0000]])
tensor([[-0.8225,  1.0000,  0.0000,  0.0000,  0.0000,  0.0000]])
tensor([[0.3838, 1.0000, 0.0000, 0.0000, 0.0000, 0.0000]])
tensor([[0.3233, 1.0000, 0.0000, 0.0000, 0.0000, 0.0000]])
tensor([[0.3855, 1.0000, 0.0000, 0.0000, 0.0000, 0.0000]])
tensor([[0.0903, 1.0000, 0.0000, 0.0000, 0.0000, 0.0000]])
tensor([[0.0075, 1.0000, 0.0000, 0.0000, 0.0000, 0.0000]])
tensor([[-0.8038,  1.0000,  0.0000,  0.0000,  0.0000,  0.0000]])
tensor([[-0.8616,  1.0000,  0.0000,  0.0000,  0.0000,  0.0000]])
tensor([[-0.8132,  1.0000,  0.0000,  0.0000,  0.0000,  0.0000]])
tensor([[0.7358, 1.0000, 0.0000, 0.0000, 0.0000, 0.0000]])
tensor([[-0.6320,  1.0000,  0.0000,  0.0000,  0.0000,  0.0000]])
tensor([[-0.0994,  1.0000,  0.0000,  0.0000,  0.0000,  0.0000]])
tensor([[-0.8415,  1.0000,  0.0000,  0.0000,  0.0000,  0.0000]])
tensor([[-0.0282,  1.0000,  0.0000,  0.0000,  0.0000,  0.0000]])
tensor([[-0.3548,  1.0000,  0.0000,  0.0000,  0.0000,  0.0000]])
tensor([[-0.3825,  1.0000,  0.0000,  0.0000,  0.0000,  0.0000]])
tensor([[-0.4533,  1.0000,  0.0000,  0.0000,  0.0000,  0.0000]])
tensor([[-0.8278,  1.0000,  0.0000,  0.0000,  0.0000,  0.0000]])
tensor([[0.1085, 1.0000, 0.0000, 0.0000, 0.0000, 0.0000]])
tensor([[-0.7698,  1.0000,  0.0000,  0.0000,  0.0000,  0.0000]])
tensor([[-0.0289,  1.0000,  0.0000,  0.0000,  0.0000,  0.0000]])
tensor([[-0.3850,  1.0000,  0.0000,  0.0000,  0.0000,  0.0000]])
tensor([[-0.7759,  1.0000,  0.0000,  0.0000,  0.0000,  0.0000]])
tensor([[0.0478, 1.0000, 0.0000, 0.0000, 0.0000, 0.0000]])
tensor([[-0.5814,  1.0000,  0.0000,  0.0000,  0.0000,  0.0000]])
tensor([[-0.5765,  1.0000,  0.0000,  0.0000,  0.0000,  0.0000]])
tensor([[-0.3563,  1.0000,  0.0000,  0.0000,  0.0000,  0.0000]])
tensor([[0.8823, 1.0000, 0.0000, 0.0000, 0.0000, 0.0000]])
tensor([[0.1029, 1.0000, 0.0000, 0.0000, 0.0000, 0.0000]])
tensor([[-0.6884,  1.0000,  0.0000,  0.0000,  0.0000,  0.0000]])
tensor([[-0.2001,  1.0000,  0.0000,  0.0000,  0.0000,  0.0000]])
tensor([[-0.4318,  1.0000,  0.0000,  0.0000,  0.0000,  0.0000]])
tensor([[-0.8887,  1.0000,  0.0000,  0.0000,  0.0000,  0.0000]])
tensor([[-0.6666,  1.0000,  0.0000,  0.0000,  0.0000,  0.0000]])
tensor([[-0.3572,  1.0000,  0.0000,  0.0000,  0.0000,  0.0000]])
tensor([[0.0386, 1.0000, 0.0000, 0.0000, 0.0000, 0.0000]])
tensor([[0.3352, 1.0000, 0.0000, 0.0000, 0.0000, 0.0000]])
tensor([[0.1880, 1.0000, 0.0000, 0.0000, 0.0000, 0.0000]])
tensor([[0.0695, 1.0000, 0.0000, 0.0000, 0.0000, 0.0000]])
tensor([[-0.5473,  1.0000,  0.0000,  0.0000,  0.0000,  0.0000]])
tensor([[-0.7655,  1.0000,  0.0000,  1.0000,  0.0000,  0.0000]])
tensor([[-0.5015,  1.0000,  0.0000,  0.0000,  0.0000,  0.0000]])
tensor([[-0.3400,  1.0000,  0.0000,  0.0000,  0.0000,  0.0000]])
tensor([[0.7295, 1.0000, 0.0000, 0.0000, 0.0000, 0.0000]])
tensor([[0.4361, 1.0000, 0.0000, 0.0000, 0.0000, 0.0000]])
tensor([[0.7276, 1.0000, 0.0000, 1.0000, 0.0000, 0.0000]])
tensor([[0.9484, 1.0000, 0.0000, 0.0000, 0.0000, 0.0000]])
tensor([[-0.0490,  1.0000,  0.0000,  0.0000,  0.0000,  0.0000]])
tensor([[0.0972, 1.0000, 0.0000, 0.0000, 0.0000, 0.0000]])
tensor([[-0.9544,  1.0000,  0.0000,  0.0000,  0.0000,  0.0000]])
tensor([[-0.9540,  0.0000,  0.0000,  0.0000,  0.0000,  0.0000]])
tensor([[-0.9141,  1.0000,  0.0000,  0.0000,  0.0000,  0.0000]])
tensor([[-0.9005,  1.0000,  0.0000,  0.0000,  0.0000,  0.0000]])
tensor([[-0.6207,  1.0000,  0.0000,  0.0000,  0.0000,  0.0000]])
tensor([[-0.6153,  1.0000,  0.0000,  0.0000,  0.0000,  0.0000]])
tensor([[-0.6288,  1.0000,  0.0000,  0.0000,  0.0000,  0.0000]])
tensor([[-0.4776,  1.0000,  0.0000,  0.0000,  0.0000,  0.0000]])
tensor([[-0.4115,  1.0000,  0.0000,  0.0000,  0.0000,  0.0000]])
tensor([[0.7603, 1.0000, 0.0000, 0.0000, 0.0000, 0.0000]])
tensor([[-0.5228,  1.0000,  0.0000,  0.0000,  0.0000,  0.0000]])
tensor([[-0.1304,  1.0000,  0.0000,  0.0000,  0.0000,  0.0000]])
tensor([[0.2880, 1.0000, 0.0000, 0.0000, 0.0000, 0.0000]])
tensor([[0.7115, 1.0000, 0.0000, 0.0000, 0.0000, 0.0000]])
tensor([[-0.7999,  1.0000,  0.0000,  0.0000,  0.0000,  0.0000]])
tensor([[-0.6716,  1.0000,  0.0000,  0.0000,  0.0000,  0.0000]])
tensor([[-0.3930,  1.0000,  0.0000,  0.0000,  0.0000,  0.0000]])
tensor([[-0.4745,  1.0000,  0.0000,  0.0000,  0.0000,  0.0000]])
tensor([[0.1124, 1.0000, 0.0000, 0.0000, 0.0000, 0.0000]])
tensor([[-0.0124,  1.0000,  0.0000,  0.0000,  0.0000,  0.0000]])
tensor([[0.5435, 1.0000, 0.0000, 0.0000, 0.0000, 0.0000]])
tensor([[0.1867, 1.0000, 0.0000, 0.0000, 0.0000, 0.0000]])
tensor([[-0.4299,  1.0000,  0.0000,  0.0000,  0.0000,  0.0000]])
tensor([[-0.4777,  1.0000,  0.0000,  0.0000,  0.0000,  0.0000]])
tensor([[0.4532, 1.0000, 0.0000, 0.0000, 0.0000, 0.0000]])
tensor([[-0.3391,  1.0000,  0.0000,  0.0000,  0.0000,  0.0000]])
tensor([[0.4791, 1.0000, 0.0000, 0.0000, 0.0000, 0.0000]])
tensor([[-0.5123,  1.0000,  0.0000,  0.0000,  0.0000,  0.0000]])
tensor([[-0.7942,  1.0000,  0.0000,  1.0000,  0.0000,  0.0000]])
tensor([[-0.8029,  1.0000,  0.0000,  1.0000,  0.0000,  0.0000]])
tensor([[-0.6387,  1.0000,  0.0000,  0.0000,  0.0000,  0.0000]])
tensor([[-0.1869,  1.0000,  0.0000,  0.0000,  0.0000,  0.0000]])
tensor([[0.5619, 1.0000, 0.0000, 0.0000, 0.0000, 0.0000]])
tensor([[-0.1883,  1.0000,  0.0000,  0.0000,  0.0000,  0.0000]])
tensor([[0.6884, 1.0000, 0.0000, 0.0000, 0.0000, 0.0000]])
tensor([[0.7387, 1.0000, 0.0000, 0.0000, 0.0000, 0.0000]])
tensor([[-0.0210,  1.0000,  0.0000,  0.0000,  0.0000,  0.0000]])
tensor([[0.7832, 1.0000, 0.0000, 0.0000, 0.0000, 0.0000]])
tensor([[0.7799, 1.0000, 0.0000, 0.0000, 0.0000, 0.0000]])
tensor([[-0.6584,  1.0000,  1.0000,  0.0000,  0.0000,  0.0000]])
tensor([[-0.4300,  1.0000,  0.0000,  0.0000,  0.0000,  0.0000]])
tensor([[-0.0706,  1.0000,  0.0000,  0.0000,  0.0000,  0.0000]])
tensor([[-0.6311,  1.0000,  0.0000,  0.0000,  0.0000,  0.0000]])
tensor([[-0.5257,  1.0000,  0.0000,  0.0000,  0.0000,  0.0000]])
tensor([[-0.4540,  1.0000,  0.0000,  0.0000,  0.0000,  0.0000]])
tensor([[-0.3293,  1.0000,  0.0000,  0.0000,  0.0000,  0.0000]])
tensor([[0.0295, 1.0000, 0.0000, 0.0000, 0.0000, 0.0000]])
tensor([[0.1335, 1.0000, 0.0000, 0.0000, 0.0000, 0.0000]])
tensor([[0.5257, 1.0000, 0.0000, 0.0000, 0.0000, 0.0000]])
tensor([[-0.6748,  1.0000,  0.0000,  0.0000,  0.0000,  0.0000]])
tensor([[-0.2966,  1.0000,  0.0000,  0.0000,  0.0000,  0.0000]])
tensor([[-0.6088,  1.0000,  0.0000,  0.0000,  0.0000,  0.0000]])
tensor([[-0.2825,  1.0000,  0.0000,  0.0000,  0.0000,  0.0000]])
tensor([[0.3130, 1.0000, 0.0000, 0.0000, 0.0000, 0.0000]])
tensor([[0.4424, 1.0000, 0.0000, 0.0000, 0.0000, 0.0000]])
tensor([[-0.8101,  1.0000,  0.0000,  0.0000,  0.0000,  0.0000]])
tensor([[-0.1216,  1.0000,  0.0000,  0.0000,  0.0000,  0.0000]])
tensor([[-0.8476,  1.0000,  0.0000,  0.0000,  0.0000,  0.0000]])
tensor([[-0.1828,  1.0000,  0.0000,  0.0000,  0.0000,  0.0000]])
tensor([[-0.8747,  1.0000,  0.0000,  0.0000,  0.0000,  0.0000]])
tensor([[-0.2815,  1.0000,  0.0000,  0.0000,  0.0000,  0.0000]])
tensor([[0.2178, 1.0000, 0.0000, 0.0000, 0.0000, 0.0000]])
tensor([[0.9585, 1.0000, 0.0000, 0.0000, 0.0000, 0.0000]])
tensor([[0.5079, 1.0000, 0.0000, 0.0000, 0.0000, 0.0000]])
tensor([[-0.0479,  1.0000,  0.0000,  0.0000,  0.0000,  0.0000]])
tensor([[-0.3266,  1.0000,  0.0000,  0.0000,  0.0000,  0.0000]])
tensor([[0.3051, 1.0000, 0.0000, 0.0000, 0.0000, 0.0000]])
tensor([[-0.6497,  1.0000,  0.0000,  0.0000,  0.0000,  0.0000]])
tensor([[-0.4022,  1.0000,  0.0000,  0.0000,  0.0000,  0.0000]])
tensor([[-0.5755,  1.0000,  0.0000,  0.0000,  0.0000,  0.0000]])
tensor([[-0.8984,  1.0000,  0.0000,  0.0000,  0.0000,  0.0000]])
tensor([[0.9054, 1.0000, 0.0000, 0.0000, 0.0000, 0.0000]])
tensor([[0.0973, 1.0000, 0.0000, 0.0000, 0.0000, 0.0000]])
tensor([[-0.1658,  1.0000,  0.0000,  0.0000,  0.0000,  0.0000]])
tensor([[0.0449, 1.0000, 0.0000, 0.0000, 0.0000, 0.0000]])
tensor([[-0.7641,  1.0000,  0.0000,  0.0000,  0.0000,  0.0000]])
tensor([[-0.5547,  1.0000,  0.0000,  0.0000,  0.0000,  0.0000]])
tensor([[0.6822, 1.0000, 0.0000, 0.0000, 0.0000, 0.0000]])
tensor([[0.2584, 1.0000, 0.0000, 0.0000, 0.0000, 0.0000]])
tensor([[-0.3472,  1.0000,  0.0000,  0.0000,  0.0000,  0.0000]])
tensor([[-0.4804,  1.0000,  0.0000,  0.0000,  0.0000,  0.0000]])
tensor([[-0.3574,  1.0000,  0.0000,  0.0000,  0.0000,  0.0000]])
tensor([[0.7484, 1.0000, 0.0000, 0.0000, 0.0000, 0.0000]])
tensor([[-0.6506,  1.0000,  0.0000,  0.0000,  0.0000,  0.0000]])
tensor([[-0.2972,  1.0000,  0.0000,  0.0000,  0.0000,  0.0000]])
tensor([[0.1003, 1.0000, 0.0000, 0.0000, 0.0000, 0.0000]])
tensor([[0.4627, 1.0000, 0.0000, 0.0000, 0.0000, 0.0000]])
tensor([[-0.2943,  1.0000,  0.0000,  0.0000,  0.0000,  0.0000]])
tensor([[-0.1242,  1.0000,  0.0000,  0.0000,  0.0000,  0.0000]])
tensor([[-0.6624,  1.0000,  0.0000,  0.0000,  0.0000,  0.0000]])
tensor([[-6.2451e-04,  1.0000e+00,  0.0000e+00,  0.0000e+00,  0.0000e+00,
          0.0000e+00]])
tensor([[-0.1391,  1.0000,  0.0000,  0.0000,  0.0000,  0.0000]])
tensor([[-0.0505,  1.0000,  0.0000,  0.0000,  0.0000,  0.0000]])
tensor([[0.1728, 1.0000, 0.0000, 0.0000, 0.0000, 0.0000]])
tensor([[-0.9198,  1.0000,  0.0000,  0.0000,  0.0000,  0.0000]])
tensor([[0.4715, 1.0000, 0.0000, 0.0000, 0.0000, 0.0000]])
tensor([[0.2636, 1.0000, 0.0000, 0.0000, 0.0000, 0.0000]])
tensor([[0.5374, 1.0000, 0.0000, 0.0000, 0.0000, 0.0000]])
tensor([[-0.6989,  1.0000,  0.0000,  0.0000,  0.0000,  0.0000]])
tensor([[-0.5839,  1.0000,  0.0000,  0.0000,  0.0000,  0.0000]])
tensor([[0.0321, 1.0000, 0.0000, 0.0000, 0.0000, 0.0000]])
tensor([[0.2980, 1.0000, 0.0000, 0.0000, 0.0000, 0.0000]])
tensor([[0.2145, 1.0000, 0.0000, 0.0000, 0.0000, 0.0000]])
tensor([[-0.6773,  1.0000,  0.0000,  0.0000,  0.0000,  0.0000]])
tensor([[-0.0139,  1.0000,  0.0000,  0.0000,  0.0000,  0.0000]])
tensor([[-0.0035,  1.0000,  0.0000,  0.0000,  0.0000,  0.0000]])
tensor([[-0.5040,  1.0000,  0.0000,  0.0000,  0.0000,  0.0000]])
tensor([[-0.5354,  1.0000,  0.0000,  0.0000,  0.0000,  0.0000]])
tensor([[-0.5897,  1.0000,  0.0000,  0.0000,  0.0000,  0.0000]])
tensor([[-0.8237,  1.0000,  0.0000,  0.0000,  0.0000,  0.0000]])
INFO:root:Agent 0 (TQCars): avg action time = 0.0012s
tensor([[-0.5133,  1.0000,  0.0000,  0.0000,  0.0000,  0.0000]])
tensor([[-0.3529,  1.0000,  0.0000,  0.0000,  0.0000,  0.0000]])
tensor([[0.8706, 1.0000, 0.0000, 0.0000, 0.0000, 0.0000]])
tensor([[0.6091, 1.0000, 0.0000, 0.0000, 0.0000, 0.0000]])
tensor([[0.7594, 1.0000, 0.0000, 0.0000, 0.0000, 0.0000]])
tensor([[0.4409, 1.0000, 0.0000, 0.0000, 0.0000, 0.0000]])
tensor([[-0.2117,  1.0000,  0.0000,  0.0000,  0.0000,  0.0000]])
tensor([[0.0409, 1.0000, 0.0000, 0.0000, 0.0000, 0.0000]])
tensor([[-0.0365,  1.0000,  0.0000,  0.0000,  0.0000,  0.0000]])
tensor([[0.1539, 1.0000, 0.0000, 0.0000, 0.0000, 0.0000]])
tensor([[0.3639, 1.0000, 0.0000, 0.0000, 0.0000, 0.0000]])
tensor([[0.0813, 1.0000, 0.0000, 0.0000, 0.0000, 0.0000]])
tensor([[0.6800, 1.0000, 0.0000, 0.0000, 0.0000, 0.0000]])
tensor([[-0.2194,  1.0000,  0.0000,  0.0000,  0.0000,  0.0000]])
tensor([[0.3737, 1.0000, 0.0000, 0.0000, 0.0000, 0.0000]])
tensor([[0.7049, 1.0000, 0.0000, 0.0000, 0.0000, 0.0000]])
tensor([[-0.1128,  1.0000,  0.0000,  0.0000,  0.0000,  0.0000]])
tensor([[-0.4462,  1.0000,  0.0000,  0.0000,  0.0000,  0.0000]])
tensor([[0.8513, 1.0000, 0.0000, 0.0000, 0.0000, 0.0000]])
tensor([[0.8913, 1.0000, 0.0000, 0.0000, 0.0000, 0.0000]])
tensor([[0.6940, 1.0000, 0.0000, 0.0000, 0.0000, 0.0000]])
tensor([[0.7100, 1.0000, 0.0000, 0.0000, 0.0000, 0.0000]])
tensor([[0.9546, 1.0000, 0.0000, 0.0000, 0.0000, 0.0000]])
tensor([[0.8708, 1.0000, 0.0000, 0.0000, 0.0000, 0.0000]])
tensor([[0.6345, 1.0000, 0.0000, 0.0000, 0.0000, 0.0000]])
tensor([[0.9032, 1.0000, 0.0000, 0.0000, 0.0000, 0.0000]])
tensor([[-0.0593,  1.0000,  0.0000,  0.0000,  0.0000,  0.0000]])
tensor([[-0.3442,  1.0000,  1.0000,  0.0000,  0.0000,  0.0000]])
tensor([[-0.8979,  1.0000,  0.0000,  0.0000,  0.0000,  0.0000]])
tensor([[-0.4027,  1.0000,  0.0000,  0.0000,  0.0000,  0.0000]])
tensor([[0.4383, 1.0000, 0.0000, 0.0000, 0.0000, 0.0000]])
tensor([[0.7216, 1.0000, 0.0000, 0.0000, 0.0000, 0.0000]])
tensor([[-0.0376,  1.0000,  0.0000,  0.0000,  0.0000,  0.0000]])
tensor([[0.7046, 1.0000, 0.0000, 0.0000, 0.0000, 0.0000]])
tensor([[0.7167, 1.0000, 0.0000, 0.0000, 0.0000, 0.0000]])
tensor([[-0.4408,  1.0000,  0.0000,  0.0000,  0.0000,  0.0000]])
tensor([[0.7746, 1.0000, 0.0000, 0.0000, 0.0000, 0.0000]])
tensor([[0.8841, 1.0000, 0.0000, 0.0000, 0.0000, 0.0000]])
tensor([[0.3826, 1.0000, 0.0000, 0.0000, 0.0000, 0.0000]])
tensor([[0.3195, 1.0000, 0.0000, 0.0000, 0.0000, 0.0000]])
tensor([[0.5541, 1.0000, 0.0000, 0.0000, 0.0000, 0.0000]])
tensor([[-0.3559,  1.0000,  0.0000,  0.0000,  0.0000,  0.0000]])
tensor([[0.6269, 1.0000, 0.0000, 1.0000, 0.0000, 0.0000]])
tensor([[0.5240, 1.0000, 0.0000, 0.0000, 0.0000, 0.0000]])
tensor([[0.4072, 1.0000, 0.0000, 0.0000, 0.0000, 0.0000]])
tensor([[-0.0071,  1.0000,  0.0000,  0.0000,  0.0000,  0.0000]])
tensor([[-0.8042,  1.0000,  0.0000,  0.0000,  0.0000,  0.0000]])
tensor([[-0.0360,  1.0000,  0.0000,  0.0000,  0.0000,  0.0000]])
tensor([[0.4420, 1.0000, 0.0000, 0.0000, 0.0000, 0.0000]])
tensor([[0.5018, 1.0000, 0.0000, 0.0000, 0.0000, 0.0000]])
tensor([[-0.8452,  1.0000,  0.0000,  0.0000,  0.0000,  0.0000]])
tensor([[0.5474, 1.0000, 0.0000, 0.0000, 0.0000, 0.0000]])
tensor([[-0.2066,  1.0000,  0.0000,  0.0000,  0.0000,  0.0000]])
tensor([[0.5931, 1.0000, 0.0000, 0.0000, 0.0000, 0.0000]])
tensor([[0.6107, 1.0000, 0.0000, 0.0000, 0.0000, 0.0000]])
tensor([[0.7086, 1.0000, 0.0000, 0.0000, 0.0000, 0.0000]])
tensor([[-0.4679,  1.0000,  0.0000,  0.0000,  0.0000,  0.0000]])
tensor([[-0.6077,  1.0000,  0.0000,  0.0000,  0.0000,  0.0000]])
tensor([[0.7748, 1.0000, 0.0000, 0.0000, 0.0000, 0.0000]])
tensor([[-0.5196,  1.0000,  0.0000,  0.0000,  0.0000,  0.0000]])
tensor([[-0.5147,  1.0000,  0.0000,  0.0000,  0.0000,  0.0000]])
tensor([[0.8862, 1.0000, 0.0000, 0.0000, 0.0000, 0.0000]])
tensor([[0.7474, 1.0000, 0.0000, 0.0000, 0.0000, 0.0000]])
tensor([[-0.8608,  1.0000,  0.0000,  0.0000,  0.0000,  0.0000]])
tensor([[-0.8421,  1.0000,  0.0000,  0.0000,  0.0000,  0.0000]])
tensor([[0.6548, 1.0000, 0.0000, 0.0000, 0.0000, 0.0000]])
tensor([[0.7495, 1.0000, 0.0000, 0.0000, 0.0000, 0.0000]])
tensor([[0.0374, 1.0000, 0.0000, 0.0000, 0.0000, 0.0000]])
tensor([[-0.8740,  1.0000,  0.0000,  0.0000,  0.0000,  0.0000]])
tensor([[-0.7921,  1.0000,  0.0000,  0.0000,  0.0000,  0.0000]])
tensor([[-0.1337,  1.0000,  0.0000,  0.0000,  0.0000,  0.0000]])
tensor([[0.6855, 1.0000, 0.0000, 0.0000, 0.0000, 0.0000]])
tensor([[0.3990, 1.0000, 0.0000, 0.0000, 0.0000, 0.0000]])
tensor([[0.1162, 1.0000, 0.0000, 0.0000, 0.0000, 0.0000]])
tensor([[0.2936, 1.0000, 0.0000, 0.0000, 0.0000, 0.0000]])
{"type": "results", "track": "volcano_island", "results": [{"key": 0, "reward": 10.05302734375, "position": 4, "name": "TQCars", "avg_action_time": 0.001200864539158606}]}
