INFO:root:Loading the agents
INFO:root:Loaded player TQCars
INFO:root:Creating pystk-1
INFO:root:Adding wrapper <function get_wrappers.<locals>.<lambda> at 0x744fab103420>
INFO:root:Adding wrapper <function get_wrappers.<locals>.<lambda> at 0x744fab1034c0>
INFO:root:Adding wrapper <function get_wrappers.<locals>.<lambda> at 0x744fab103560>
INFO:root:Adding wrapper <function get_wrappers.<locals>.<lambda> at 0x744fab103600>
INFO:root:(multi-env mono adapter) Setting main environment max_paths to 5
INFO:root:Loading trained model from CHECKPOINT-GPUFAC/tqc_EXP16BASEREWARD_1700000.pt...
INFO:root:Starting a race
..:: Antarctica Rendering Engine 2.0 ::..
tensor([[0.8281, 1.0000, 0.0000, 0.0000, 0.0000, 0.0000]])
tensor([[0.6864, 1.0000, 0.0000, 0.0000, 0.0000, 0.0000]])
tensor([[0.8232, 1.0000, 0.0000, 1.0000, 0.0000, 0.0000]])
tensor([[0.7744, 1.0000, 0.0000, 0.0000, 0.0000, 0.0000]])
tensor([[0.8089, 1.0000, 0.0000, 0.0000, 0.0000, 0.0000]])
tensor([[0.7709, 1.0000, 0.0000, 0.0000, 0.0000, 0.0000]])
tensor([[0.7705, 1.0000, 0.0000, 0.0000, 0.0000, 0.0000]])
tensor([[0.9284, 1.0000, 0.0000, 0.0000, 0.0000, 0.0000]])
tensor([[0.4250, 1.0000, 0.0000, 0.0000, 0.0000, 0.0000]])
tensor([[0.7508, 1.0000, 1.0000, 0.0000, 0.0000, 0.0000]])
tensor([[0.7317, 1.0000, 0.0000, 0.0000, 0.0000, 0.0000]])
tensor([[0.7063, 1.0000, 0.0000, 0.0000, 0.0000, 0.0000]])
tensor([[0.8107, 1.0000, 0.0000, 0.0000, 0.0000, 0.0000]])
tensor([[0.6895, 1.0000, 0.0000, 0.0000, 0.0000, 0.0000]])
tensor([[0.6948, 1.0000, 0.0000, 0.0000, 0.0000, 0.0000]])
tensor([[0.9531, 1.0000, 0.0000, 0.0000, 0.0000, 0.0000]])
tensor([[0.6948, 1.0000, 0.0000, 0.0000, 0.0000, 0.0000]])
tensor([[0.8595, 1.0000, 0.0000, 0.0000, 0.0000, 0.0000]])
tensor([[0.8849, 1.0000, 1.0000, 0.0000, 0.0000, 0.0000]])
tensor([[0.8213, 1.0000, 0.0000, 0.0000, 0.0000, 0.0000]])
tensor([[0.7114, 1.0000, 1.0000, 0.0000, 0.0000, 0.0000]])
tensor([[-0.1413,  1.0000,  0.0000,  0.0000,  0.0000,  0.0000]])
tensor([[0.4421, 1.0000, 0.0000, 0.0000, 0.0000, 0.0000]])
tensor([[0.5532, 1.0000, 0.0000, 0.0000, 0.0000, 0.0000]])
tensor([[-0.2705,  1.0000,  0.0000,  0.0000,  0.0000,  0.0000]])
tensor([[-0.7440,  1.0000,  0.0000,  0.0000,  0.0000,  0.0000]])
tensor([[-0.3588,  1.0000,  0.0000,  0.0000,  0.0000,  0.0000]])
tensor([[0.9490, 1.0000, 0.0000, 0.0000, 0.0000, 0.0000]])
tensor([[0.4971, 1.0000, 0.0000, 0.0000, 0.0000, 0.0000]])
tensor([[0.8936, 1.0000, 0.0000, 0.0000, 0.0000, 0.0000]])
tensor([[0.2310, 1.0000, 0.0000, 0.0000, 0.0000, 0.0000]])
tensor([[-0.7206,  1.0000,  0.0000,  0.0000,  0.0000,  0.0000]])
tensor([[-0.3187,  1.0000,  0.0000,  0.0000,  0.0000,  0.0000]])
tensor([[0.9371, 1.0000, 0.0000, 0.0000, 0.0000, 0.0000]])
tensor([[0.2952, 1.0000, 0.0000, 0.0000, 0.0000, 0.0000]])
tensor([[0.4218, 1.0000, 0.0000, 0.0000, 0.0000, 0.0000]])
tensor([[-0.5272,  1.0000,  0.0000,  0.0000,  0.0000,  0.0000]])
tensor([[0.3303, 1.0000, 0.0000, 0.0000, 0.0000, 0.0000]])
tensor([[-0.2133,  1.0000,  0.0000,  0.0000,  0.0000,  0.0000]])
tensor([[0.0886, 1.0000, 0.0000, 0.0000, 0.0000, 0.0000]])
tensor([[-0.9351,  1.0000,  0.0000,  0.0000,  0.0000,  0.0000]])
tensor([[-0.7304,  1.0000,  0.0000,  0.0000,  0.0000,  0.0000]])
tensor([[0.0147, 1.0000, 0.0000, 0.0000, 0.0000, 0.0000]])
tensor([[0.1944, 1.0000, 0.0000, 0.0000, 0.0000, 0.0000]])
tensor([[0.3268, 1.0000, 0.0000, 0.0000, 0.0000, 0.0000]])
tensor([[-0.6623,  1.0000,  0.0000,  0.0000,  0.0000,  0.0000]])
tensor([[-0.5855,  1.0000,  0.0000,  1.0000,  0.0000,  0.0000]])
tensor([[0.8404, 1.0000, 0.0000, 0.0000, 0.0000, 0.0000]])
tensor([[0.7515, 1.0000, 0.0000, 0.0000, 0.0000, 0.0000]])
tensor([[-0.0521,  1.0000,  0.0000,  0.0000,  0.0000,  0.0000]])
tensor([[0.3038, 1.0000, 0.0000, 0.0000, 0.0000, 0.0000]])
tensor([[0.9680, 1.0000, 0.0000, 0.0000, 0.0000, 0.0000]])
tensor([[0.6765, 1.0000, 0.0000, 0.0000, 0.0000, 0.0000]])
tensor([[-0.2203,  1.0000,  0.0000,  0.0000,  0.0000,  0.0000]])
tensor([[0.8204, 1.0000, 0.0000, 0.0000, 0.0000, 0.0000]])
tensor([[0.1614, 1.0000, 0.0000, 0.0000, 0.0000, 0.0000]])
tensor([[0.2821, 1.0000, 0.0000, 0.0000, 0.0000, 0.0000]])
tensor([[0.7561, 1.0000, 0.0000, 0.0000, 0.0000, 0.0000]])
tensor([[0.9610, 1.0000, 1.0000, 0.0000, 0.0000, 0.0000]])
tensor([[0.5716, 1.0000, 0.0000, 0.0000, 0.0000, 0.0000]])
tensor([[0.2948, 1.0000, 0.0000, 0.0000, 0.0000, 0.0000]])
tensor([[0.9805, 1.0000, 0.0000, 0.0000, 0.0000, 0.0000]])
tensor([[0.7858, 1.0000, 0.0000, 0.0000, 0.0000, 0.0000]])
tensor([[0.5041, 1.0000, 0.0000, 0.0000, 0.0000, 0.0000]])
tensor([[0.7865, 1.0000, 0.0000, 0.0000, 0.0000, 0.0000]])
tensor([[-0.4246,  1.0000,  0.0000,  0.0000,  0.0000,  0.0000]])
tensor([[0.1462, 1.0000, 0.0000, 0.0000, 0.0000, 0.0000]])
tensor([[0.8767, 1.0000, 0.0000, 0.0000, 0.0000, 0.0000]])
tensor([[0.1783, 1.0000, 0.0000, 0.0000, 0.0000, 0.0000]])
tensor([[0.8841, 1.0000, 0.0000, 0.0000, 0.0000, 0.0000]])
tensor([[-0.1236,  1.0000,  0.0000,  0.0000,  0.0000,  0.0000]])
tensor([[0.2270, 1.0000, 0.0000, 0.0000, 0.0000, 0.0000]])
tensor([[-0.3361,  1.0000,  0.0000,  0.0000,  0.0000,  0.0000]])
tensor([[-0.8281,  1.0000,  0.0000,  0.0000,  0.0000,  0.0000]])
tensor([[0.0718, 1.0000, 0.0000, 0.0000, 0.0000, 0.0000]])
tensor([[0.5951, 1.0000, 0.0000, 0.0000, 0.0000, 0.0000]])
tensor([[-0.9280,  1.0000,  0.0000,  0.0000,  0.0000,  0.0000]])
tensor([[-0.9672,  1.0000,  0.0000,  0.0000,  0.0000,  0.0000]])
tensor([[-0.9471,  1.0000,  0.0000,  0.0000,  0.0000,  0.0000]])
tensor([[0.9785, 1.0000, 0.0000, 0.0000, 0.0000, 0.0000]])
tensor([[0.9900, 1.0000, 0.0000, 0.0000, 0.0000, 0.0000]])
tensor([[0.9654, 1.0000, 0.0000, 0.0000, 0.0000, 0.0000]])
tensor([[0.9905, 1.0000, 0.0000, 0.0000, 0.0000, 0.0000]])
tensor([[0.9641, 1.0000, 0.0000, 0.0000, 0.0000, 0.0000]])
tensor([[0.9954, 1.0000, 0.0000, 0.0000, 0.0000, 0.0000]])
tensor([[0.9208, 1.0000, 0.0000, 0.0000, 0.0000, 0.0000]])
tensor([[0.4577, 1.0000, 0.0000, 0.0000, 0.0000, 0.0000]])
tensor([[0.8804, 1.0000, 0.0000, 0.0000, 0.0000, 0.0000]])
tensor([[0.8345, 1.0000, 0.0000, 0.0000, 0.0000, 0.0000]])
tensor([[0.1335, 1.0000, 0.0000, 0.0000, 0.0000, 0.0000]])
tensor([[-0.9705,  1.0000,  0.0000,  0.0000,  0.0000,  0.0000]])
tensor([[-0.9898,  1.0000,  0.0000,  1.0000,  0.0000,  0.0000]])
tensor([[-0.9724,  1.0000,  0.0000,  0.0000,  0.0000,  0.0000]])
tensor([[-0.8043,  1.0000,  0.0000,  1.0000,  0.0000,  0.0000]])
tensor([[-0.2164,  1.0000,  0.0000,  0.0000,  0.0000,  0.0000]])
tensor([[-0.2915,  1.0000,  0.0000,  0.0000,  0.0000,  0.0000]])
tensor([[-0.8261,  1.0000,  0.0000,  0.0000,  0.0000,  0.0000]])
tensor([[0.8638, 1.0000, 0.0000, 0.0000, 0.0000, 0.0000]])
tensor([[0.2385, 1.0000, 0.0000, 0.0000, 0.0000, 0.0000]])
tensor([[-0.8892,  1.0000,  0.0000,  0.0000,  0.0000,  0.0000]])
tensor([[-0.0156,  1.0000,  0.0000,  0.0000,  0.0000,  0.0000]])
tensor([[0.3763, 1.0000, 0.0000, 0.0000, 0.0000, 0.0000]])
tensor([[-0.8732,  1.0000,  0.0000,  0.0000,  0.0000,  0.0000]])
tensor([[-0.9419,  1.0000,  0.0000,  0.0000,  0.0000,  0.0000]])
tensor([[-0.8989,  1.0000,  0.0000,  0.0000,  0.0000,  0.0000]])
tensor([[-0.3012,  1.0000,  0.0000,  0.0000,  0.0000,  0.0000]])
tensor([[0.0573, 1.0000, 0.0000, 0.0000, 0.0000, 0.0000]])
tensor([[0.1108, 1.0000, 0.0000, 0.0000, 0.0000, 0.0000]])
tensor([[-0.8452,  1.0000,  0.0000,  0.0000,  0.0000,  0.0000]])
tensor([[-0.9221,  1.0000,  0.0000,  0.0000,  0.0000,  0.0000]])
tensor([[-0.9115,  1.0000,  0.0000,  0.0000,  0.0000,  0.0000]])
tensor([[0.3992, 1.0000, 0.0000, 0.0000, 0.0000, 0.0000]])
tensor([[-0.8147,  1.0000,  0.0000,  0.0000,  0.0000,  0.0000]])
tensor([[0.0888, 1.0000, 0.0000, 0.0000, 0.0000, 0.0000]])
tensor([[0.5634, 1.0000, 0.0000, 0.0000, 0.0000, 0.0000]])
tensor([[-0.8479,  1.0000,  0.0000,  1.0000,  0.0000,  0.0000]])
tensor([[-0.3288,  1.0000,  0.0000,  0.0000,  0.0000,  0.0000]])
tensor([[0.0125, 1.0000, 0.0000, 0.0000, 0.0000, 0.0000]])
tensor([[-0.1452,  1.0000,  0.0000,  0.0000,  0.0000,  0.0000]])
tensor([[0.4741, 1.0000, 0.0000, 0.0000, 0.0000, 0.0000]])
tensor([[-0.7507,  1.0000,  0.0000,  0.0000,  0.0000,  0.0000]])
tensor([[0.9530, 1.0000, 0.0000, 0.0000, 0.0000, 0.0000]])
tensor([[0.8649, 1.0000, 0.0000, 0.0000, 0.0000, 0.0000]])
tensor([[0.8301, 1.0000, 0.0000, 0.0000, 0.0000, 0.0000]])
tensor([[-0.9226,  1.0000,  0.0000,  0.0000,  0.0000,  0.0000]])
tensor([[-0.7537,  1.0000,  0.0000,  0.0000,  0.0000,  0.0000]])
tensor([[-0.8741,  1.0000,  0.0000,  0.0000,  0.0000,  0.0000]])
tensor([[0.4048, 1.0000, 0.0000, 0.0000, 0.0000, 0.0000]])
tensor([[0.2805, 1.0000, 0.0000, 0.0000, 0.0000, 0.0000]])
tensor([[0.8662, 1.0000, 0.0000, 0.0000, 0.0000, 0.0000]])
tensor([[0.1941, 1.0000, 0.0000, 0.0000, 0.0000, 0.0000]])
tensor([[-0.7893,  1.0000,  0.0000,  0.0000,  0.0000,  0.0000]])
tensor([[0.7387, 1.0000, 0.0000, 0.0000, 0.0000, 0.0000]])
tensor([[0.7918, 1.0000, 0.0000, 0.0000, 0.0000, 0.0000]])
tensor([[-0.2584,  1.0000,  0.0000,  0.0000,  0.0000,  0.0000]])
tensor([[0.8555, 1.0000, 0.0000, 0.0000, 0.0000, 0.0000]])
tensor([[0.8552, 1.0000, 0.0000, 0.0000, 0.0000, 0.0000]])
tensor([[0.5365, 1.0000, 0.0000, 0.0000, 0.0000, 0.0000]])
tensor([[0.8418, 1.0000, 0.0000, 0.0000, 0.0000, 0.0000]])
tensor([[0.8420, 1.0000, 0.0000, 0.0000, 0.0000, 0.0000]])
tensor([[0.2282, 1.0000, 0.0000, 0.0000, 0.0000, 0.0000]])
tensor([[0.8279, 1.0000, 0.0000, 0.0000, 0.0000, 0.0000]])
tensor([[-0.2574,  1.0000,  0.0000,  0.0000,  0.0000,  0.0000]])
tensor([[-0.2447,  1.0000,  0.0000,  0.0000,  0.0000,  0.0000]])
tensor([[0.8180, 1.0000, 0.0000, 0.0000, 0.0000, 0.0000]])
tensor([[0.7180, 1.0000, 0.0000, 0.0000, 0.0000, 0.0000]])
tensor([[0.4205, 1.0000, 0.0000, 0.0000, 0.0000, 0.0000]])
tensor([[-0.4895,  1.0000,  0.0000,  0.0000,  0.0000,  0.0000]])
tensor([[0.5823, 1.0000, 0.0000, 0.0000, 0.0000, 0.0000]])
tensor([[0.1793, 1.0000, 0.0000, 0.0000, 0.0000, 0.0000]])
tensor([[-0.9652,  1.0000,  0.0000,  0.0000,  0.0000,  0.0000]])
tensor([[-0.2879,  1.0000,  0.0000,  0.0000,  0.0000,  0.0000]])
tensor([[-0.0291,  1.0000,  0.0000,  0.0000,  0.0000,  0.0000]])
tensor([[0.8289, 1.0000, 0.0000, 0.0000, 0.0000, 0.0000]])
tensor([[-0.5751,  1.0000,  0.0000,  0.0000,  0.0000,  0.0000]])
tensor([[-0.4939,  1.0000,  0.0000,  0.0000,  0.0000,  0.0000]])
tensor([[-0.8694,  1.0000,  0.0000,  0.0000,  0.0000,  0.0000]])
tensor([[0.1598, 1.0000, 0.0000, 0.0000, 0.0000, 0.0000]])
tensor([[0.8335, 1.0000, 0.0000, 0.0000, 0.0000, 0.0000]])
tensor([[-0.3014,  1.0000,  0.0000,  0.0000,  0.0000,  0.0000]])
tensor([[0.2777, 1.0000, 0.0000, 0.0000, 0.0000, 0.0000]])
tensor([[0.8959, 1.0000, 0.0000, 0.0000, 0.0000, 0.0000]])
tensor([[-0.4246,  1.0000,  0.0000,  0.0000,  0.0000,  0.0000]])
tensor([[-0.7776,  1.0000,  0.0000,  0.0000,  0.0000,  0.0000]])
tensor([[-0.2973,  1.0000,  0.0000,  0.0000,  0.0000,  0.0000]])
tensor([[-0.2126,  1.0000,  0.0000,  0.0000,  0.0000,  0.0000]])
tensor([[-0.3083,  1.0000,  0.0000,  0.0000,  0.0000,  0.0000]])
tensor([[-0.6442,  1.0000,  0.0000,  0.0000,  0.0000,  0.0000]])
tensor([[0.2708, 0.0000, 0.0000, 0.0000, 0.0000, 0.0000]])
tensor([[-0.5840,  1.0000,  0.0000,  0.0000,  0.0000,  0.0000]])
tensor([[0.5032, 1.0000, 0.0000, 0.0000, 0.0000, 0.0000]])
tensor([[0.8446, 1.0000, 0.0000, 0.0000, 0.0000, 0.0000]])
tensor([[0.4484, 1.0000, 0.0000, 0.0000, 0.0000, 0.0000]])
tensor([[-0.4162,  1.0000,  0.0000,  0.0000,  0.0000,  0.0000]])
tensor([[0.3759, 1.0000, 0.0000, 0.0000, 0.0000, 0.0000]])
tensor([[-0.0545,  1.0000,  0.0000,  0.0000,  0.0000,  0.0000]])
tensor([[-0.1616,  1.0000,  0.0000,  0.0000,  0.0000,  0.0000]])
tensor([[0.1802, 1.0000, 0.0000, 0.0000, 0.0000, 0.0000]])
tensor([[0.3248, 1.0000, 0.0000, 0.0000, 0.0000, 0.0000]])
tensor([[-0.9473,  1.0000,  0.0000,  0.0000,  0.0000,  0.0000]])
tensor([[0.8259, 1.0000, 0.0000, 0.0000, 0.0000, 0.0000]])
tensor([[0.1275, 1.0000, 0.0000, 0.0000, 0.0000, 0.0000]])
tensor([[0.8461, 1.0000, 0.0000, 0.0000, 0.0000, 0.0000]])
tensor([[0.3753, 1.0000, 0.0000, 0.0000, 0.0000, 0.0000]])
tensor([[0.7762, 1.0000, 0.0000, 0.0000, 0.0000, 0.0000]])
tensor([[-0.3706,  1.0000,  0.0000,  0.0000,  0.0000,  0.0000]])
tensor([[0.7546, 1.0000, 0.0000, 0.0000, 0.0000, 0.0000]])
tensor([[0.7495, 1.0000, 0.0000, 0.0000, 0.0000, 0.0000]])
tensor([[0.1159, 1.0000, 0.0000, 0.0000, 0.0000, 0.0000]])
tensor([[0.6262, 1.0000, 0.0000, 0.0000, 0.0000, 0.0000]])
tensor([[0.1418, 1.0000, 0.0000, 0.0000, 0.0000, 0.0000]])
tensor([[-0.1215,  1.0000,  0.0000,  0.0000,  0.0000,  0.0000]])
tensor([[0.8324, 0.0000, 0.0000, 0.0000, 0.0000, 0.0000]])
tensor([[0.3469, 1.0000, 0.0000, 0.0000, 0.0000, 0.0000]])
tensor([[-0.5683,  1.0000,  0.0000,  0.0000,  0.0000,  0.0000]])
tensor([[0.7051, 1.0000, 0.0000, 0.0000, 0.0000, 0.0000]])
tensor([[0.9493, 1.0000, 0.0000, 0.0000, 0.0000, 0.0000]])
tensor([[0.6042, 1.0000, 0.0000, 0.0000, 0.0000, 0.0000]])
tensor([[0.7772, 1.0000, 0.0000, 0.0000, 0.0000, 0.0000]])
tensor([[-0.2588,  1.0000,  0.0000,  0.0000,  0.0000,  0.0000]])
tensor([[-0.3928,  1.0000,  0.0000,  0.0000,  0.0000,  0.0000]])
tensor([[0.8807, 1.0000, 0.0000, 0.0000, 0.0000, 0.0000]])
tensor([[0.9327, 1.0000, 0.0000, 0.0000, 0.0000, 0.0000]])
tensor([[0.6465, 1.0000, 0.0000, 0.0000, 0.0000, 0.0000]])
tensor([[-0.0933,  1.0000,  0.0000,  0.0000,  0.0000,  0.0000]])
tensor([[-0.0354,  1.0000,  0.0000,  0.0000,  0.0000,  0.0000]])
tensor([[-0.0540,  1.0000,  0.0000,  0.0000,  0.0000,  0.0000]])
tensor([[-0.2843,  1.0000,  0.0000,  0.0000,  0.0000,  0.0000]])
tensor([[0.3405, 1.0000, 0.0000, 0.0000, 0.0000, 0.0000]])
tensor([[0.9279, 1.0000, 0.0000, 0.0000, 0.0000, 0.0000]])
tensor([[0.0240, 1.0000, 0.0000, 0.0000, 0.0000, 0.0000]])
tensor([[0.0667, 1.0000, 0.0000, 0.0000, 0.0000, 0.0000]])
tensor([[-0.4786,  1.0000,  0.0000,  0.0000,  0.0000,  0.0000]])
tensor([[-0.3385,  1.0000,  0.0000,  0.0000,  0.0000,  0.0000]])
tensor([[-0.0278,  1.0000,  0.0000,  0.0000,  0.0000,  0.0000]])
tensor([[-0.5394,  1.0000,  0.0000,  0.0000,  0.0000,  0.0000]])
tensor([[0.5355, 1.0000, 0.0000, 0.0000, 0.0000, 0.0000]])
tensor([[0.3811, 1.0000, 0.0000, 0.0000, 0.0000, 0.0000]])
tensor([[0.7340, 1.0000, 0.0000, 0.0000, 0.0000, 0.0000]])
tensor([[0.7708, 1.0000, 0.0000, 0.0000, 0.0000, 0.0000]])
tensor([[-0.4155,  1.0000,  0.0000,  0.0000,  0.0000,  0.0000]])
tensor([[-0.8720,  1.0000,  0.0000,  0.0000,  0.0000,  0.0000]])
tensor([[0.2287, 1.0000, 0.0000, 0.0000, 0.0000, 0.0000]])
tensor([[-0.3335,  1.0000,  0.0000,  0.0000,  0.0000,  0.0000]])
tensor([[0.7039, 1.0000, 0.0000, 0.0000, 0.0000, 0.0000]])
tensor([[-0.1239,  1.0000,  0.0000,  0.0000,  0.0000,  0.0000]])
tensor([[-0.6544,  1.0000,  0.0000,  0.0000,  0.0000,  0.0000]])
tensor([[-0.2487,  1.0000,  0.0000,  0.0000,  0.0000,  0.0000]])
tensor([[-0.1299,  1.0000,  0.0000,  0.0000,  0.0000,  0.0000]])
tensor([[-0.7931,  1.0000,  0.0000,  0.0000,  0.0000,  0.0000]])
tensor([[0.6984, 1.0000, 0.0000, 0.0000, 0.0000, 0.0000]])
tensor([[0.3851, 1.0000, 0.0000, 0.0000, 0.0000, 0.0000]])
tensor([[0.0846, 1.0000, 0.0000, 0.0000, 0.0000, 0.0000]])
tensor([[0.0800, 1.0000, 0.0000, 0.0000, 0.0000, 0.0000]])
tensor([[0.8592, 1.0000, 0.0000, 0.0000, 0.0000, 0.0000]])
tensor([[0.6360, 1.0000, 0.0000, 0.0000, 0.0000, 0.0000]])
tensor([[-0.9119,  1.0000,  0.0000,  0.0000,  0.0000,  0.0000]])
tensor([[-0.8501,  1.0000,  0.0000,  0.0000,  0.0000,  0.0000]])
tensor([[0.4552, 1.0000, 0.0000, 0.0000, 0.0000, 0.0000]])
tensor([[0.5152, 1.0000, 0.0000, 0.0000, 0.0000, 0.0000]])
tensor([[0.2903, 1.0000, 0.0000, 0.0000, 0.0000, 0.0000]])
tensor([[-0.1656,  1.0000,  0.0000,  0.0000,  0.0000,  0.0000]])
tensor([[-0.0298,  1.0000,  0.0000,  0.0000,  0.0000,  0.0000]])
tensor([[0.9423, 1.0000, 0.0000, 0.0000, 0.0000, 0.0000]])
tensor([[0.7262, 1.0000, 0.0000, 0.0000, 0.0000, 0.0000]])
tensor([[-0.6868,  1.0000,  0.0000,  0.0000,  0.0000,  0.0000]])
tensor([[0.4519, 1.0000, 0.0000, 0.0000, 0.0000, 0.0000]])
tensor([[0.1384, 1.0000, 0.0000, 0.0000, 0.0000, 0.0000]])
tensor([[-0.4354,  1.0000,  0.0000,  0.0000,  0.0000,  0.0000]])
tensor([[0.0324, 1.0000, 0.0000, 0.0000, 0.0000, 0.0000]])
tensor([[0.0124, 1.0000, 0.0000, 0.0000, 0.0000, 0.0000]])
tensor([[0.9575, 1.0000, 1.0000, 0.0000, 0.0000, 0.0000]])
tensor([[0.9142, 1.0000, 0.0000, 0.0000, 0.0000, 0.0000]])
tensor([[0.9351, 1.0000, 0.0000, 0.0000, 0.0000, 0.0000]])
tensor([[0.7580, 1.0000, 0.0000, 0.0000, 0.0000, 0.0000]])
tensor([[-0.2653,  1.0000,  0.0000,  0.0000,  0.0000,  0.0000]])
tensor([[0.4713, 1.0000, 0.0000, 0.0000, 0.0000, 0.0000]])
tensor([[0.6862, 1.0000, 0.0000, 0.0000, 0.0000, 0.0000]])
tensor([[-0.9055,  1.0000,  0.0000,  0.0000,  0.0000,  0.0000]])
tensor([[0.7909, 1.0000, 0.0000, 0.0000, 0.0000, 0.0000]])
tensor([[0.9665, 1.0000, 0.0000, 0.0000, 0.0000, 0.0000]])
tensor([[-0.4872,  1.0000,  0.0000,  0.0000,  0.0000,  0.0000]])
tensor([[0.2715, 1.0000, 0.0000, 0.0000, 0.0000, 0.0000]])
tensor([[0.7864, 1.0000, 0.0000, 0.0000, 0.0000, 0.0000]])
tensor([[0.6094, 1.0000, 0.0000, 0.0000, 0.0000, 0.0000]])
tensor([[-0.6639,  1.0000,  0.0000,  0.0000,  0.0000,  0.0000]])
tensor([[0.3931, 0.0000, 0.0000, 0.0000, 0.0000, 0.0000]])
tensor([[0.3647, 1.0000, 0.0000, 0.0000, 0.0000, 0.0000]])
tensor([[0.4991, 1.0000, 0.0000, 0.0000, 0.0000, 0.0000]])
tensor([[-0.6509,  1.0000,  0.0000,  0.0000,  0.0000,  0.0000]])
tensor([[-0.7863,  1.0000,  0.0000,  0.0000,  0.0000,  0.0000]])
tensor([[0.4459, 1.0000, 0.0000, 0.0000, 0.0000, 0.0000]])
tensor([[0.6271, 1.0000, 0.0000, 1.0000, 0.0000, 0.0000]])
tensor([[0.8571, 1.0000, 0.0000, 0.0000, 0.0000, 0.0000]])
tensor([[0.4950, 1.0000, 0.0000, 0.0000, 0.0000, 0.0000]])
tensor([[-0.7606,  1.0000,  0.0000,  0.0000,  0.0000,  0.0000]])
tensor([[0.1864, 1.0000, 0.0000, 0.0000, 0.0000, 0.0000]])
tensor([[0.4593, 1.0000, 0.0000, 0.0000, 0.0000, 0.0000]])
tensor([[0.9733, 1.0000, 0.0000, 0.0000, 0.0000, 0.0000]])
tensor([[0.7089, 1.0000, 0.0000, 0.0000, 0.0000, 0.0000]])
tensor([[-0.8927,  1.0000,  0.0000,  0.0000,  0.0000,  0.0000]])
tensor([[0.1191, 1.0000, 0.0000, 0.0000, 0.0000, 0.0000]])
tensor([[0.5961, 1.0000, 0.0000, 0.0000, 0.0000, 0.0000]])
tensor([[0.9631, 1.0000, 0.0000, 0.0000, 0.0000, 0.0000]])
tensor([[0.8644, 1.0000, 0.0000, 0.0000, 0.0000, 0.0000]])
tensor([[-0.5976,  1.0000,  0.0000,  0.0000,  0.0000,  0.0000]])
tensor([[0.9276, 1.0000, 0.0000, 0.0000, 0.0000, 0.0000]])
tensor([[0.8374, 1.0000, 0.0000, 0.0000, 0.0000, 0.0000]])
tensor([[-0.1635,  1.0000,  0.0000,  0.0000,  0.0000,  0.0000]])
tensor([[0.7810, 1.0000, 0.0000, 0.0000, 0.0000, 0.0000]])
tensor([[0.2614, 1.0000, 0.0000, 0.0000, 0.0000, 0.0000]])
tensor([[-0.5359,  1.0000,  0.0000,  0.0000,  0.0000,  0.0000]])
tensor([[0.7826, 1.0000, 0.0000, 0.0000, 0.0000, 0.0000]])
tensor([[0.2710, 1.0000, 0.0000, 0.0000, 0.0000, 0.0000]])
tensor([[-0.8741,  1.0000,  0.0000,  0.0000,  0.0000,  0.0000]])
tensor([[0.7426, 1.0000, 0.0000, 1.0000, 0.0000, 0.0000]])
tensor([[0.9444, 1.0000, 0.0000, 0.0000, 0.0000, 0.0000]])
tensor([[0.1498, 1.0000, 0.0000, 0.0000, 0.0000, 0.0000]])
tensor([[0.5287, 1.0000, 0.0000, 0.0000, 0.0000, 0.0000]])
tensor([[-0.9831,  1.0000,  0.0000,  0.0000,  0.0000,  0.0000]])
tensor([[0.7534, 1.0000, 0.0000, 0.0000, 0.0000, 0.0000]])
tensor([[0.6031, 1.0000, 0.0000, 0.0000, 0.0000, 0.0000]])
tensor([[-0.4452,  1.0000,  0.0000,  0.0000,  0.0000,  0.0000]])
tensor([[0.4824, 1.0000, 0.0000, 0.0000, 0.0000, 0.0000]])
tensor([[0.7623, 1.0000, 0.0000, 0.0000, 0.0000, 0.0000]])
tensor([[0.9552, 1.0000, 0.0000, 0.0000, 0.0000, 0.0000]])
tensor([[-0.1584,  1.0000,  0.0000,  0.0000,  0.0000,  0.0000]])
tensor([[0.6876, 1.0000, 0.0000, 0.0000, 0.0000, 0.0000]])
tensor([[0.4352, 1.0000, 0.0000, 0.0000, 0.0000, 0.0000]])
tensor([[0.3084, 1.0000, 0.0000, 0.0000, 0.0000, 0.0000]])
tensor([[0.1371, 1.0000, 0.0000, 0.0000, 0.0000, 0.0000]])
tensor([[0.5213, 1.0000, 0.0000, 0.0000, 0.0000, 0.0000]])
tensor([[0.0098, 1.0000, 0.0000, 0.0000, 0.0000, 0.0000]])
tensor([[-0.3662,  1.0000,  0.0000,  0.0000,  0.0000,  0.0000]])
tensor([[0.6535, 1.0000, 0.0000, 0.0000, 0.0000, 0.0000]])
tensor([[-0.4960,  1.0000,  0.0000,  0.0000,  0.0000,  0.0000]])
tensor([[0.5962, 1.0000, 0.0000, 0.0000, 0.0000, 0.0000]])
tensor([[0.7232, 1.0000, 0.0000, 0.0000, 0.0000, 0.0000]])
tensor([[0.4792, 1.0000, 0.0000, 0.0000, 0.0000, 0.0000]])
tensor([[0.9124, 1.0000, 0.0000, 0.0000, 0.0000, 0.0000]])
tensor([[-0.0912,  1.0000,  0.0000,  0.0000,  0.0000,  0.0000]])
tensor([[-0.8412,  1.0000,  0.0000,  0.0000,  0.0000,  0.0000]])
tensor([[0.0977, 1.0000, 0.0000, 0.0000, 0.0000, 0.0000]])
tensor([[0.9588, 1.0000, 0.0000, 0.0000, 0.0000, 0.0000]])
tensor([[0.9697, 1.0000, 0.0000, 0.0000, 0.0000, 0.0000]])
tensor([[0.7303, 1.0000, 0.0000, 0.0000, 0.0000, 0.0000]])
tensor([[0.4284, 1.0000, 0.0000, 0.0000, 0.0000, 0.0000]])
tensor([[0.3127, 1.0000, 0.0000, 0.0000, 0.0000, 0.0000]])
tensor([[0.4344, 1.0000, 0.0000, 0.0000, 0.0000, 0.0000]])
tensor([[0.7365, 1.0000, 0.0000, 0.0000, 0.0000, 0.0000]])
tensor([[0.5462, 1.0000, 0.0000, 0.0000, 0.0000, 0.0000]])
tensor([[0.6411, 1.0000, 0.0000, 0.0000, 0.0000, 0.0000]])
tensor([[0.9802, 1.0000, 0.0000, 0.0000, 0.0000, 0.0000]])
tensor([[-0.7738,  1.0000,  0.0000,  0.0000,  0.0000,  0.0000]])
tensor([[0.8396, 1.0000, 0.0000, 0.0000, 0.0000, 0.0000]])
tensor([[0.8991, 1.0000, 0.0000, 0.0000, 0.0000, 0.0000]])
tensor([[-0.3889,  1.0000,  0.0000,  0.0000,  0.0000,  0.0000]])
tensor([[0.9086, 1.0000, 0.0000, 0.0000, 0.0000, 0.0000]])
tensor([[0.4411, 1.0000, 0.0000, 0.0000, 0.0000, 0.0000]])
tensor([[-0.1425,  1.0000,  0.0000,  0.0000,  0.0000,  0.0000]])
tensor([[0.8781, 1.0000, 0.0000, 0.0000, 0.0000, 0.0000]])
tensor([[-0.5563,  1.0000,  0.0000,  0.0000,  0.0000,  0.0000]])
tensor([[0.9595, 1.0000, 0.0000, 0.0000, 0.0000, 0.0000]])
tensor([[0.8337, 1.0000, 0.0000, 0.0000, 0.0000, 0.0000]])
tensor([[0.7038, 1.0000, 0.0000, 0.0000, 0.0000, 0.0000]])
tensor([[-0.1222,  1.0000,  0.0000,  0.0000,  0.0000,  0.0000]])
tensor([[0.6464, 1.0000, 0.0000, 0.0000, 0.0000, 0.0000]])
tensor([[0.9311, 1.0000, 0.0000, 0.0000, 0.0000, 0.0000]])
tensor([[0.8312, 1.0000, 0.0000, 0.0000, 0.0000, 0.0000]])
tensor([[-0.3666,  1.0000,  0.0000,  0.0000,  0.0000,  0.0000]])
tensor([[0.1048, 1.0000, 0.0000, 0.0000, 0.0000, 0.0000]])
tensor([[0.8359, 1.0000, 0.0000, 0.0000, 0.0000, 0.0000]])
tensor([[-0.1457,  1.0000,  0.0000,  0.0000,  0.0000,  0.0000]])
tensor([[0.7330, 1.0000, 0.0000, 0.0000, 0.0000, 0.0000]])
tensor([[0.9605, 0.0000, 0.0000, 0.0000, 0.0000, 0.0000]])
tensor([[0.4826, 1.0000, 0.0000, 0.0000, 0.0000, 0.0000]])
tensor([[-0.5609,  1.0000,  0.0000,  0.0000,  0.0000,  0.0000]])
tensor([[0.8168, 1.0000, 0.0000, 0.0000, 0.0000, 0.0000]])
tensor([[0.4960, 1.0000, 0.0000, 0.0000, 0.0000, 0.0000]])
tensor([[0.9629, 1.0000, 0.0000, 0.0000, 0.0000, 0.0000]])
tensor([[0.7900, 1.0000, 0.0000, 0.0000, 0.0000, 0.0000]])
tensor([[0.3419, 1.0000, 0.0000, 0.0000, 0.0000, 0.0000]])
tensor([[-0.7844,  1.0000,  0.0000,  0.0000,  0.0000,  0.0000]])
tensor([[0.7629, 1.0000, 0.0000, 0.0000, 0.0000, 0.0000]])
tensor([[0.6119, 1.0000, 0.0000, 0.0000, 0.0000, 0.0000]])
tensor([[0.7997, 1.0000, 0.0000, 0.0000, 0.0000, 0.0000]])
tensor([[0.6031, 1.0000, 0.0000, 0.0000, 0.0000, 0.0000]])
tensor([[-0.0515,  1.0000,  0.0000,  0.0000,  0.0000,  0.0000]])
tensor([[0.9975, 1.0000, 0.0000, 0.0000, 0.0000, 0.0000]])
tensor([[0.9195, 1.0000, 0.0000, 0.0000, 0.0000, 0.0000]])
tensor([[0.5539, 1.0000, 0.0000, 0.0000, 0.0000, 0.0000]])
tensor([[0.6849, 1.0000, 0.0000, 0.0000, 0.0000, 0.0000]])
tensor([[0.7969, 1.0000, 0.0000, 0.0000, 0.0000, 0.0000]])
tensor([[-0.0943,  1.0000,  0.0000,  0.0000,  0.0000,  0.0000]])
tensor([[0.4731, 1.0000, 0.0000, 0.0000, 0.0000, 0.0000]])
tensor([[-0.3195,  1.0000,  0.0000,  0.0000,  0.0000,  0.0000]])
tensor([[0.6171, 1.0000, 0.0000, 0.0000, 0.0000, 0.0000]])
tensor([[0.4940, 1.0000, 1.0000, 0.0000, 0.0000, 0.0000]])
tensor([[0.6664, 1.0000, 0.0000, 0.0000, 0.0000, 0.0000]])
tensor([[0.6806, 1.0000, 0.0000, 0.0000, 0.0000, 0.0000]])
tensor([[0.4017, 1.0000, 0.0000, 0.0000, 0.0000, 0.0000]])
tensor([[-0.7442,  1.0000,  0.0000,  0.0000,  0.0000,  0.0000]])
tensor([[0.9659, 1.0000, 0.0000, 0.0000, 0.0000, 0.0000]])
tensor([[0.1945, 1.0000, 0.0000, 0.0000, 0.0000, 0.0000]])
tensor([[0.9747, 1.0000, 0.0000, 0.0000, 0.0000, 0.0000]])
tensor([[0.7652, 1.0000, 0.0000, 0.0000, 0.0000, 0.0000]])
tensor([[0.0474, 1.0000, 0.0000, 0.0000, 0.0000, 0.0000]])
tensor([[-0.3238,  1.0000,  0.0000,  0.0000,  0.0000,  0.0000]])
tensor([[0.7795, 1.0000, 0.0000, 0.0000, 0.0000, 0.0000]])
tensor([[-0.0927,  1.0000,  0.0000,  0.0000,  0.0000,  0.0000]])
tensor([[-0.6183,  1.0000,  0.0000,  0.0000,  0.0000,  0.0000]])
tensor([[0.3265, 1.0000, 0.0000, 0.0000, 0.0000, 0.0000]])
tensor([[0.6977, 1.0000, 0.0000, 0.0000, 0.0000, 0.0000]])
tensor([[-0.9219,  1.0000,  0.0000,  0.0000,  0.0000,  0.0000]])
tensor([[-0.7968,  1.0000,  0.0000,  0.0000,  0.0000,  0.0000]])
tensor([[-0.9298,  1.0000,  0.0000,  0.0000,  0.0000,  0.0000]])
tensor([[0.8838, 1.0000, 0.0000, 0.0000, 0.0000, 0.0000]])
tensor([[0.8060, 1.0000, 0.0000, 0.0000, 0.0000, 0.0000]])
tensor([[0.6326, 1.0000, 0.0000, 0.0000, 0.0000, 0.0000]])
tensor([[-0.1218,  1.0000,  0.0000,  0.0000,  0.0000,  0.0000]])
tensor([[-0.0133,  1.0000,  0.0000,  0.0000,  0.0000,  0.0000]])
tensor([[0.1284, 1.0000, 0.0000, 0.0000, 0.0000, 0.0000]])
tensor([[0.5391, 1.0000, 0.0000, 0.0000, 0.0000, 0.0000]])
tensor([[-0.7380,  1.0000,  0.0000,  0.0000,  1.0000,  0.0000]])
tensor([[-0.5151,  1.0000,  0.0000,  0.0000,  0.0000,  0.0000]])
tensor([[-0.6531,  1.0000,  0.0000,  0.0000,  0.0000,  0.0000]])
tensor([[-0.1558,  1.0000,  0.0000,  0.0000,  0.0000,  0.0000]])
tensor([[-0.3451,  1.0000,  0.0000,  0.0000,  0.0000,  0.0000]])
tensor([[0.6818, 1.0000, 0.0000, 0.0000, 0.0000, 0.0000]])
tensor([[0.7012, 1.0000, 0.0000, 0.0000, 0.0000, 0.0000]])
tensor([[-0.0697,  1.0000,  0.0000,  0.0000,  0.0000,  0.0000]])
tensor([[0.0474, 1.0000, 0.0000, 0.0000, 0.0000, 0.0000]])
tensor([[-0.1513,  1.0000,  0.0000,  0.0000,  0.0000,  0.0000]])
tensor([[-0.3558,  1.0000,  0.0000,  0.0000,  0.0000,  0.0000]])
tensor([[0.1902, 1.0000, 0.0000, 0.0000, 0.0000, 0.0000]])
tensor([[-0.6670,  1.0000,  0.0000,  0.0000,  0.0000,  0.0000]])
tensor([[-0.1842,  1.0000,  0.0000,  0.0000,  0.0000,  0.0000]])
tensor([[0.4167, 1.0000, 0.0000, 0.0000, 0.0000, 0.0000]])
tensor([[0.1971, 1.0000, 0.0000, 0.0000, 0.0000, 0.0000]])
tensor([[0.3038, 1.0000, 0.0000, 0.0000, 0.0000, 0.0000]])
tensor([[-0.4308,  1.0000,  0.0000,  0.0000,  0.0000,  0.0000]])
tensor([[-0.1862,  1.0000,  0.0000,  0.0000,  0.0000,  0.0000]])
tensor([[-0.2299,  1.0000,  1.0000,  0.0000,  0.0000,  0.0000]])
tensor([[0.0535, 1.0000, 0.0000, 0.0000, 0.0000, 0.0000]])
tensor([[0.4552, 1.0000, 0.0000, 0.0000, 0.0000, 0.0000]])
tensor([[0.7994, 1.0000, 0.0000, 0.0000, 0.0000, 0.0000]])
tensor([[-0.7888,  1.0000,  0.0000,  0.0000,  0.0000,  0.0000]])
tensor([[0.4447, 1.0000, 0.0000, 0.0000, 0.0000, 0.0000]])
tensor([[0.3613, 1.0000, 0.0000, 1.0000, 0.0000, 0.0000]])
tensor([[0.1861, 1.0000, 0.0000, 0.0000, 0.0000, 0.0000]])
tensor([[-0.8229,  1.0000,  0.0000,  0.0000,  0.0000,  0.0000]])
tensor([[-0.8100,  1.0000,  0.0000,  0.0000,  0.0000,  0.0000]])
tensor([[-0.6209,  1.0000,  0.0000,  0.0000,  0.0000,  0.0000]])
tensor([[0.3398, 1.0000, 0.0000, 0.0000, 0.0000, 0.0000]])
tensor([[-0.0922,  1.0000,  0.0000,  0.0000,  0.0000,  0.0000]])
tensor([[0.5700, 1.0000, 0.0000, 0.0000, 0.0000, 0.0000]])
tensor([[0.0901, 1.0000, 0.0000, 0.0000, 0.0000, 0.0000]])
tensor([[-0.3734,  1.0000,  0.0000,  0.0000,  0.0000,  0.0000]])
tensor([[-0.5278,  1.0000,  0.0000,  0.0000,  0.0000,  0.0000]])
tensor([[-0.9172,  1.0000,  0.0000,  0.0000,  0.0000,  0.0000]])
tensor([[0.3891, 1.0000, 0.0000, 0.0000, 0.0000, 0.0000]])
tensor([[-0.3921,  1.0000,  0.0000,  0.0000,  0.0000,  0.0000]])
tensor([[0.2804, 1.0000, 0.0000, 0.0000, 0.0000, 0.0000]])
tensor([[-0.6956,  1.0000,  0.0000,  0.0000,  0.0000,  0.0000]])
tensor([[0.6717, 1.0000, 0.0000, 0.0000, 0.0000, 0.0000]])
tensor([[0.6251, 1.0000, 0.0000, 0.0000, 0.0000, 0.0000]])
tensor([[-0.8143,  1.0000,  0.0000,  0.0000,  0.0000,  0.0000]])
tensor([[0.8043, 1.0000, 0.0000, 0.0000, 0.0000, 0.0000]])
tensor([[-0.3239,  1.0000,  0.0000,  0.0000,  0.0000,  0.0000]])
tensor([[-0.9375,  1.0000,  0.0000,  0.0000,  0.0000,  0.0000]])
tensor([[-0.3142,  1.0000,  0.0000,  0.0000,  0.0000,  0.0000]])
tensor([[0.4742, 1.0000, 0.0000, 0.0000, 0.0000, 0.0000]])
tensor([[0.2990, 1.0000, 0.0000, 0.0000, 0.0000, 0.0000]])
tensor([[-0.6938,  1.0000,  0.0000,  0.0000,  0.0000,  0.0000]])
tensor([[-0.5622,  1.0000,  0.0000,  0.0000,  0.0000,  0.0000]])
tensor([[-0.5723,  1.0000,  0.0000,  0.0000,  0.0000,  0.0000]])
tensor([[0.3755, 1.0000, 0.0000, 0.0000, 0.0000, 0.0000]])
tensor([[-0.8507,  0.0000,  0.0000,  0.0000,  0.0000,  0.0000]])
tensor([[-0.8939,  1.0000,  0.0000,  0.0000,  0.0000,  0.0000]])
tensor([[-0.2326,  1.0000,  0.0000,  0.0000,  0.0000,  0.0000]])
tensor([[0.4870, 1.0000, 0.0000, 0.0000, 0.0000, 0.0000]])
tensor([[-0.7238,  1.0000,  0.0000,  0.0000,  0.0000,  0.0000]])
tensor([[0.0268, 1.0000, 0.0000, 0.0000, 0.0000, 0.0000]])
tensor([[-0.6749,  1.0000,  0.0000,  0.0000,  0.0000,  0.0000]])
tensor([[-0.7184,  1.0000,  0.0000,  0.0000,  0.0000,  0.0000]])
tensor([[0.1206, 1.0000, 0.0000, 0.0000, 0.0000, 0.0000]])
tensor([[-0.7947,  1.0000,  0.0000,  0.0000,  0.0000,  0.0000]])
tensor([[-0.1201,  1.0000,  0.0000,  0.0000,  0.0000,  0.0000]])
tensor([[-0.4761,  1.0000,  0.0000,  0.0000,  0.0000,  0.0000]])
tensor([[0.5934, 1.0000, 0.0000, 0.0000, 0.0000, 0.0000]])
tensor([[-0.9484,  1.0000,  0.0000,  0.0000,  0.0000,  0.0000]])
tensor([[-0.9051,  1.0000,  0.0000,  0.0000,  0.0000,  0.0000]])
tensor([[-0.4679,  1.0000,  0.0000,  0.0000,  0.0000,  0.0000]])
tensor([[-0.9538,  1.0000,  1.0000,  0.0000,  0.0000,  0.0000]])
tensor([[-0.3460,  1.0000,  0.0000,  0.0000,  0.0000,  0.0000]])
tensor([[-0.1069,  1.0000,  0.0000,  0.0000,  0.0000,  0.0000]])
tensor([[0.4646, 1.0000, 0.0000, 0.0000, 0.0000, 0.0000]])
tensor([[-0.3662,  1.0000,  0.0000,  0.0000,  0.0000,  0.0000]])
tensor([[-0.8960,  1.0000,  0.0000,  0.0000,  0.0000,  0.0000]])
tensor([[-0.3950,  1.0000,  0.0000,  0.0000,  0.0000,  0.0000]])
tensor([[-0.6853,  1.0000,  0.0000,  0.0000,  0.0000,  0.0000]])
tensor([[-0.3591,  1.0000,  0.0000,  0.0000,  0.0000,  0.0000]])
tensor([[-0.6342,  1.0000,  0.0000,  0.0000,  0.0000,  0.0000]])
tensor([[-0.6078,  1.0000,  0.0000,  0.0000,  0.0000,  0.0000]])
tensor([[-0.7532,  1.0000,  0.0000,  0.0000,  0.0000,  0.0000]])
tensor([[0.1175, 1.0000, 0.0000, 0.0000, 0.0000, 0.0000]])
tensor([[-0.2313,  1.0000,  0.0000,  0.0000,  0.0000,  0.0000]])
tensor([[-0.7294,  1.0000,  0.0000,  0.0000,  0.0000,  0.0000]])
tensor([[0.0037, 1.0000, 0.0000, 0.0000, 0.0000, 0.0000]])
tensor([[-0.1800,  1.0000,  0.0000,  0.0000,  0.0000,  0.0000]])
tensor([[-0.6572,  1.0000,  0.0000,  0.0000,  0.0000,  0.0000]])
tensor([[0.0670, 1.0000, 0.0000, 0.0000, 0.0000, 0.0000]])
tensor([[-0.2888,  1.0000,  0.0000,  0.0000,  0.0000,  0.0000]])
tensor([[-0.5368,  1.0000,  0.0000,  0.0000,  0.0000,  0.0000]])
tensor([[-0.4233,  1.0000,  0.0000,  0.0000,  0.0000,  0.0000]])
tensor([[-0.9234,  1.0000,  0.0000,  0.0000,  0.0000,  0.0000]])
tensor([[0.0645, 1.0000, 0.0000, 0.0000, 0.0000, 0.0000]])
tensor([[-0.6298,  1.0000,  0.0000,  0.0000,  0.0000,  0.0000]])
tensor([[-0.7134,  0.0000,  0.0000,  0.0000,  0.0000,  0.0000]])
tensor([[-0.5977,  1.0000,  0.0000,  0.0000,  0.0000,  0.0000]])
tensor([[-0.3724,  1.0000,  0.0000,  0.0000,  0.0000,  0.0000]])
tensor([[-0.4972,  1.0000,  0.0000,  0.0000,  0.0000,  0.0000]])
tensor([[0.3852, 1.0000, 0.0000, 0.0000, 0.0000, 0.0000]])
tensor([[-0.8037,  1.0000,  0.0000,  0.0000,  0.0000,  0.0000]])
tensor([[0.0525, 1.0000, 0.0000, 0.0000, 0.0000, 0.0000]])
tensor([[-0.2651,  1.0000,  0.0000,  0.0000,  0.0000,  0.0000]])
tensor([[-0.7935,  1.0000,  0.0000,  0.0000,  0.0000,  0.0000]])
tensor([[0.1190, 1.0000, 0.0000, 0.0000, 0.0000, 0.0000]])
tensor([[-0.1949,  1.0000,  0.0000,  0.0000,  0.0000,  0.0000]])
tensor([[-0.8144,  1.0000,  0.0000,  0.0000,  0.0000,  0.0000]])
tensor([[-0.6781,  1.0000,  0.0000,  0.0000,  0.0000,  0.0000]])
tensor([[0.4228, 1.0000, 0.0000, 0.0000, 0.0000, 0.0000]])
tensor([[-0.9355,  1.0000,  0.0000,  0.0000,  0.0000,  0.0000]])
tensor([[0.0378, 1.0000, 0.0000, 0.0000, 0.0000, 0.0000]])
tensor([[0.8360, 1.0000, 0.0000, 0.0000, 0.0000, 0.0000]])
tensor([[-0.7652,  1.0000,  0.0000,  0.0000,  0.0000,  0.0000]])
tensor([[-0.8321,  1.0000,  0.0000,  1.0000,  0.0000,  0.0000]])
tensor([[-0.7063,  1.0000,  0.0000,  0.0000,  0.0000,  0.0000]])
tensor([[0.3126, 1.0000, 0.0000, 0.0000, 0.0000, 0.0000]])
tensor([[-0.8897,  1.0000,  0.0000,  0.0000,  0.0000,  0.0000]])
tensor([[-0.2246,  1.0000,  0.0000,  0.0000,  0.0000,  0.0000]])
tensor([[0.7515, 1.0000, 0.0000, 0.0000, 0.0000, 0.0000]])
tensor([[-0.4110,  1.0000,  0.0000,  0.0000,  0.0000,  0.0000]])
tensor([[-0.3816,  1.0000,  0.0000,  0.0000,  0.0000,  0.0000]])
tensor([[0.0466, 1.0000, 0.0000, 0.0000, 0.0000, 0.0000]])
tensor([[-0.5185,  1.0000,  0.0000,  0.0000,  0.0000,  0.0000]])
tensor([[-0.9267,  1.0000,  0.0000,  1.0000,  0.0000,  0.0000]])
tensor([[-0.7609,  1.0000,  0.0000,  0.0000,  0.0000,  0.0000]])
tensor([[0.3847, 1.0000, 0.0000, 0.0000, 0.0000, 0.0000]])
tensor([[-0.7334,  1.0000,  1.0000,  0.0000,  0.0000,  0.0000]])
tensor([[-0.4215,  1.0000,  0.0000,  0.0000,  0.0000,  0.0000]])
tensor([[-0.5562,  1.0000,  0.0000,  0.0000,  0.0000,  0.0000]])
tensor([[-0.0329,  1.0000,  0.0000,  0.0000,  0.0000,  0.0000]])
tensor([[-0.4062,  1.0000,  0.0000,  0.0000,  0.0000,  0.0000]])
tensor([[0.8404, 1.0000, 0.0000, 0.0000, 0.0000, 0.0000]])
tensor([[0.5138, 1.0000, 0.0000, 0.0000, 0.0000, 0.0000]])
tensor([[-0.3419,  1.0000,  0.0000,  0.0000,  0.0000,  0.0000]])
tensor([[-0.3182,  1.0000,  0.0000,  0.0000,  0.0000,  0.0000]])
tensor([[-0.8098,  1.0000,  0.0000,  0.0000,  0.0000,  0.0000]])
tensor([[-0.8928,  1.0000,  0.0000,  0.0000,  0.0000,  0.0000]])
tensor([[-0.9250,  1.0000,  0.0000,  0.0000,  0.0000,  0.0000]])
tensor([[-0.3184,  1.0000,  0.0000,  0.0000,  0.0000,  0.0000]])
tensor([[-0.5610,  1.0000,  0.0000,  0.0000,  0.0000,  0.0000]])
tensor([[0.6280, 1.0000, 0.0000, 0.0000, 0.0000, 0.0000]])
tensor([[0.0366, 1.0000, 0.0000, 0.0000, 0.0000, 0.0000]])
tensor([[-0.7773,  1.0000,  0.0000,  0.0000,  0.0000,  0.0000]])
tensor([[-0.5890,  1.0000,  0.0000,  0.0000,  0.0000,  0.0000]])
tensor([[-0.7249,  1.0000,  0.0000,  0.0000,  0.0000,  0.0000]])
tensor([[-0.4018,  1.0000,  0.0000,  0.0000,  0.0000,  0.0000]])
tensor([[-0.4182,  1.0000,  0.0000,  0.0000,  0.0000,  0.0000]])
tensor([[-0.6628,  1.0000,  0.0000,  0.0000,  0.0000,  0.0000]])
tensor([[0.0087, 1.0000, 0.0000, 0.0000, 0.0000, 0.0000]])
tensor([[0.6956, 1.0000, 0.0000, 0.0000, 0.0000, 0.0000]])
tensor([[0.4267, 1.0000, 0.0000, 0.0000, 0.0000, 0.0000]])
tensor([[-0.6954,  1.0000,  0.0000,  0.0000,  0.0000,  0.0000]])
tensor([[-0.5756,  1.0000,  0.0000,  0.0000,  0.0000,  0.0000]])
tensor([[-0.4686,  1.0000,  0.0000,  0.0000,  0.0000,  0.0000]])
tensor([[-0.7403,  1.0000,  0.0000,  0.0000,  0.0000,  0.0000]])
tensor([[0.1102, 1.0000, 0.0000, 0.0000, 0.0000, 0.0000]])
tensor([[-0.4931,  1.0000,  0.0000,  0.0000,  0.0000,  0.0000]])
tensor([[-0.5917,  1.0000,  0.0000,  0.0000,  0.0000,  0.0000]])
tensor([[0.5324, 1.0000, 0.0000, 0.0000, 0.0000, 0.0000]])
tensor([[0.4368, 1.0000, 0.0000, 0.0000, 0.0000, 0.0000]])
tensor([[0.2804, 1.0000, 0.0000, 0.0000, 0.0000, 0.0000]])
tensor([[-0.8146,  1.0000,  0.0000,  0.0000,  0.0000,  0.0000]])
tensor([[-0.8474,  1.0000,  0.0000,  0.0000,  0.0000,  0.0000]])
tensor([[-0.2311,  0.0000,  0.0000,  0.0000,  0.0000,  0.0000]])
tensor([[-0.9013,  1.0000,  0.0000,  0.0000,  0.0000,  0.0000]])
tensor([[-0.6733,  1.0000,  0.0000,  0.0000,  0.0000,  0.0000]])
tensor([[-0.6845,  1.0000,  0.0000,  0.0000,  0.0000,  0.0000]])
tensor([[0.6382, 1.0000, 0.0000, 0.0000, 0.0000, 0.0000]])
tensor([[0.6601, 1.0000, 0.0000, 1.0000, 0.0000, 0.0000]])
tensor([[-0.6825,  1.0000,  0.0000,  0.0000,  0.0000,  0.0000]])
tensor([[-0.9709,  1.0000,  0.0000,  0.0000,  0.0000,  0.0000]])
tensor([[-0.9552,  1.0000,  0.0000,  0.0000,  0.0000,  0.0000]])
tensor([[-0.7030,  1.0000,  0.0000,  0.0000,  0.0000,  0.0000]])
tensor([[-0.2823,  1.0000,  0.0000,  0.0000,  0.0000,  0.0000]])
tensor([[-0.9405,  1.0000,  0.0000,  0.0000,  0.0000,  0.0000]])
tensor([[0.2193, 1.0000, 0.0000, 0.0000, 0.0000, 0.0000]])
tensor([[-0.3721,  1.0000,  0.0000,  0.0000,  0.0000,  0.0000]])
tensor([[-0.1488,  1.0000,  0.0000,  0.0000,  0.0000,  0.0000]])
tensor([[-0.6634,  1.0000,  0.0000,  0.0000,  0.0000,  0.0000]])
tensor([[-0.3572,  1.0000,  0.0000,  1.0000,  0.0000,  0.0000]])
tensor([[0.0487, 1.0000, 0.0000, 0.0000, 0.0000, 0.0000]])
tensor([[0.6452, 1.0000, 0.0000, 1.0000, 0.0000, 0.0000]])
tensor([[-0.1216,  1.0000,  0.0000,  0.0000,  0.0000,  0.0000]])
tensor([[0.3933, 1.0000, 0.0000, 0.0000, 0.0000, 0.0000]])
tensor([[0.2270, 1.0000, 0.0000, 0.0000, 0.0000, 0.0000]])
tensor([[-0.2678,  1.0000,  0.0000,  0.0000,  0.0000,  0.0000]])
tensor([[-0.9322,  1.0000,  0.0000,  0.0000,  0.0000,  0.0000]])
tensor([[-0.8070,  1.0000,  0.0000,  1.0000,  0.0000,  0.0000]])
tensor([[-0.2986,  1.0000,  0.0000,  0.0000,  0.0000,  0.0000]])
tensor([[-0.6325,  1.0000,  0.0000,  0.0000,  0.0000,  0.0000]])
tensor([[0.4252, 1.0000, 0.0000, 0.0000, 0.0000, 0.0000]])
tensor([[-0.0496,  1.0000,  0.0000,  0.0000,  0.0000,  0.0000]])
tensor([[-0.4448,  1.0000,  0.0000,  0.0000,  0.0000,  0.0000]])
tensor([[-0.8165,  1.0000,  0.0000,  0.0000,  0.0000,  0.0000]])
tensor([[-0.1215,  1.0000,  0.0000,  0.0000,  0.0000,  0.0000]])
tensor([[-0.3065,  1.0000,  0.0000,  0.0000,  0.0000,  0.0000]])
tensor([[0.5687, 1.0000, 0.0000, 0.0000, 0.0000, 0.0000]])
tensor([[-0.4062,  1.0000,  0.0000,  0.0000,  0.0000,  0.0000]])
tensor([[0.0164, 1.0000, 0.0000, 0.0000, 0.0000, 0.0000]])
tensor([[0.2712, 1.0000, 0.0000, 0.0000, 0.0000, 0.0000]])
tensor([[-0.7342,  1.0000,  0.0000,  0.0000,  0.0000,  0.0000]])
tensor([[-0.5972,  1.0000,  0.0000,  0.0000,  0.0000,  0.0000]])
tensor([[-0.7295,  1.0000,  0.0000,  0.0000,  0.0000,  0.0000]])
tensor([[-0.3485,  1.0000,  0.0000,  0.0000,  0.0000,  0.0000]])
tensor([[-0.2086,  1.0000,  0.0000,  0.0000,  0.0000,  0.0000]])
tensor([[-0.8353,  1.0000,  0.0000,  0.0000,  0.0000,  0.0000]])
tensor([[-0.8757,  1.0000,  0.0000,  0.0000,  0.0000,  0.0000]])
tensor([[0.3270, 1.0000, 0.0000, 0.0000, 0.0000, 0.0000]])
tensor([[0.9214, 1.0000, 0.0000, 0.0000, 0.0000, 0.0000]])
tensor([[-0.4275,  1.0000,  0.0000,  0.0000,  0.0000,  0.0000]])
tensor([[0.9542, 1.0000, 0.0000, 0.0000, 0.0000, 0.0000]])
tensor([[0.3349, 1.0000, 0.0000, 1.0000, 0.0000, 0.0000]])
tensor([[0.9043, 1.0000, 0.0000, 0.0000, 0.0000, 0.0000]])
tensor([[-0.3823,  1.0000,  0.0000,  0.0000,  0.0000,  0.0000]])
tensor([[-0.9129,  1.0000,  0.0000,  1.0000,  0.0000,  0.0000]])
tensor([[-0.8597,  1.0000,  0.0000,  0.0000,  0.0000,  0.0000]])
tensor([[-0.7962,  1.0000,  0.0000,  0.0000,  0.0000,  0.0000]])
tensor([[-0.6055,  1.0000,  0.0000,  0.0000,  0.0000,  0.0000]])
tensor([[-0.9579,  1.0000,  0.0000,  0.0000,  0.0000,  0.0000]])
tensor([[-0.5234,  1.0000,  0.0000,  0.0000,  0.0000,  0.0000]])
tensor([[0.6152, 1.0000, 0.0000, 0.0000, 0.0000, 0.0000]])
tensor([[0.5363, 1.0000, 0.0000, 0.0000, 0.0000, 0.0000]])
tensor([[0.9745, 1.0000, 0.0000, 0.0000, 0.0000, 0.0000]])
tensor([[0.7282, 1.0000, 0.0000, 0.0000, 0.0000, 0.0000]])
tensor([[0.6483, 1.0000, 0.0000, 0.0000, 0.0000, 0.0000]])
tensor([[0.1301, 1.0000, 0.0000, 1.0000, 0.0000, 0.0000]])
tensor([[-0.4876,  1.0000,  0.0000,  0.0000,  0.0000,  0.0000]])
tensor([[-0.9009,  1.0000,  0.0000,  0.0000,  0.0000,  0.0000]])
tensor([[-0.8772,  1.0000,  0.0000,  0.0000,  0.0000,  0.0000]])
tensor([[-0.9325,  1.0000,  0.0000,  0.0000,  0.0000,  0.0000]])
tensor([[-0.9315,  1.0000,  0.0000,  0.0000,  0.0000,  0.0000]])
tensor([[-0.1906,  1.0000,  0.0000,  0.0000,  0.0000,  0.0000]])
tensor([[0.0487, 1.0000, 0.0000, 0.0000, 0.0000, 0.0000]])
tensor([[0.2383, 1.0000, 0.0000, 0.0000, 0.0000, 0.0000]])
tensor([[0.0533, 1.0000, 0.0000, 0.0000, 0.0000, 0.0000]])
tensor([[0.0106, 1.0000, 0.0000, 0.0000, 0.0000, 0.0000]])
tensor([[-0.8375,  1.0000,  0.0000,  0.0000,  0.0000,  0.0000]])
tensor([[-0.0596,  1.0000,  0.0000,  0.0000,  0.0000,  0.0000]])
tensor([[0.7813, 1.0000, 0.0000, 0.0000, 0.0000, 0.0000]])
tensor([[0.7116, 1.0000, 1.0000, 0.0000, 0.0000, 0.0000]])
tensor([[0.1896, 1.0000, 0.0000, 0.0000, 0.0000, 0.0000]])
tensor([[-0.6290,  1.0000,  0.0000,  0.0000,  0.0000,  0.0000]])
tensor([[-0.0143,  1.0000,  0.0000,  0.0000,  0.0000,  0.0000]])
tensor([[0.0295, 1.0000, 0.0000, 0.0000, 0.0000, 0.0000]])
tensor([[-0.5438,  1.0000,  0.0000,  0.0000,  0.0000,  0.0000]])
tensor([[0.5180, 1.0000, 0.0000, 0.0000, 0.0000, 0.0000]])
tensor([[-0.6454,  1.0000,  0.0000,  0.0000,  0.0000,  0.0000]])
tensor([[-0.2346,  1.0000,  0.0000,  0.0000,  0.0000,  0.0000]])
tensor([[-0.8974,  1.0000,  0.0000,  0.0000,  0.0000,  0.0000]])
tensor([[-0.9010,  1.0000,  0.0000,  0.0000,  0.0000,  0.0000]])
tensor([[-0.3539,  1.0000,  0.0000,  0.0000,  0.0000,  0.0000]])
tensor([[-0.7270,  1.0000,  0.0000,  0.0000,  0.0000,  0.0000]])
tensor([[0.3192, 1.0000, 0.0000, 0.0000, 0.0000, 0.0000]])
tensor([[0.5334, 1.0000, 0.0000, 0.0000, 0.0000, 0.0000]])
tensor([[0.8501, 1.0000, 0.0000, 0.0000, 0.0000, 0.0000]])
tensor([[-0.2074,  1.0000,  0.0000,  1.0000,  0.0000,  0.0000]])
tensor([[-0.3291,  1.0000,  0.0000,  0.0000,  0.0000,  0.0000]])
tensor([[-0.6928,  1.0000,  0.0000,  0.0000,  0.0000,  0.0000]])
tensor([[-0.0267,  1.0000,  0.0000,  0.0000,  0.0000,  0.0000]])
tensor([[0.1406, 1.0000, 0.0000, 0.0000, 0.0000, 0.0000]])
tensor([[-0.6051,  1.0000,  0.0000,  0.0000,  0.0000,  0.0000]])
tensor([[-0.0320,  1.0000,  0.0000,  0.0000,  0.0000,  0.0000]])
tensor([[0.1485, 1.0000, 0.0000, 0.0000, 0.0000, 0.0000]])
tensor([[0.1992, 1.0000, 0.0000, 0.0000, 0.0000, 0.0000]])
tensor([[0.2315, 1.0000, 0.0000, 0.0000, 0.0000, 0.0000]])
tensor([[-0.8199,  1.0000,  0.0000,  0.0000,  0.0000,  0.0000]])
tensor([[0.2414, 1.0000, 0.0000, 0.0000, 0.0000, 0.0000]])
tensor([[-0.8883,  1.0000,  0.0000,  0.0000,  0.0000,  0.0000]])
tensor([[-0.5562,  1.0000,  0.0000,  0.0000,  0.0000,  0.0000]])
tensor([[-0.9229,  1.0000,  0.0000,  0.0000,  0.0000,  0.0000]])
tensor([[-0.7757,  1.0000,  0.0000,  0.0000,  0.0000,  0.0000]])
tensor([[0.4175, 1.0000, 0.0000, 0.0000, 0.0000, 0.0000]])
tensor([[-0.3875,  1.0000,  0.0000,  0.0000,  0.0000,  0.0000]])
tensor([[-0.5926,  1.0000,  0.0000,  0.0000,  0.0000,  0.0000]])
tensor([[-0.2052,  1.0000,  0.0000,  0.0000,  0.0000,  0.0000]])
tensor([[-0.7050,  1.0000,  0.0000,  0.0000,  0.0000,  0.0000]])
tensor([[-0.9436,  1.0000,  0.0000,  0.0000,  0.0000,  0.0000]])
tensor([[0.7788, 1.0000, 0.0000, 0.0000, 0.0000, 0.0000]])
tensor([[-0.7020,  1.0000,  0.0000,  0.0000,  0.0000,  0.0000]])
tensor([[0.6074, 1.0000, 0.0000, 0.0000, 0.0000, 0.0000]])
tensor([[0.5464, 1.0000, 0.0000, 0.0000, 0.0000, 0.0000]])
tensor([[-0.0430,  1.0000,  0.0000,  0.0000,  0.0000,  0.0000]])
tensor([[-0.4418,  1.0000,  0.0000,  0.0000,  0.0000,  0.0000]])
tensor([[-0.8286,  1.0000,  0.0000,  0.0000,  0.0000,  0.0000]])
tensor([[-0.8802,  1.0000,  0.0000,  0.0000,  0.0000,  0.0000]])
tensor([[-0.4964,  1.0000,  0.0000,  0.0000,  0.0000,  0.0000]])
tensor([[-0.6977,  1.0000,  0.0000,  0.0000,  0.0000,  0.0000]])
tensor([[0.7041, 1.0000, 0.0000, 0.0000, 0.0000, 0.0000]])
tensor([[0.1433, 1.0000, 0.0000, 0.0000, 0.0000, 0.0000]])
tensor([[-0.7012,  1.0000,  0.0000,  0.0000,  0.0000,  0.0000]])
tensor([[0.2982, 1.0000, 0.0000, 0.0000, 0.0000, 0.0000]])
tensor([[-0.5070,  1.0000,  0.0000,  0.0000,  0.0000,  0.0000]])
tensor([[-0.1184,  1.0000,  0.0000,  0.0000,  0.0000,  0.0000]])
tensor([[-0.2222,  1.0000,  0.0000,  0.0000,  0.0000,  0.0000]])
tensor([[0.8792, 1.0000, 0.0000, 0.0000, 0.0000, 0.0000]])
tensor([[0.7144, 1.0000, 0.0000, 0.0000, 0.0000, 0.0000]])
tensor([[0.4277, 1.0000, 0.0000, 0.0000, 0.0000, 0.0000]])
tensor([[0.9668, 1.0000, 0.0000, 0.0000, 0.0000, 0.0000]])
tensor([[0.9372, 1.0000, 0.0000, 0.0000, 0.0000, 0.0000]])
tensor([[0.8979, 1.0000, 0.0000, 0.0000, 0.0000, 0.0000]])
tensor([[0.7811, 1.0000, 0.0000, 0.0000, 0.0000, 0.0000]])
tensor([[0.7765, 1.0000, 0.0000, 0.0000, 0.0000, 0.0000]])
tensor([[-0.3082,  1.0000,  0.0000,  0.0000,  0.0000,  0.0000]])
tensor([[0.6577, 1.0000, 0.0000, 0.0000, 0.0000, 0.0000]])
tensor([[0.9797, 1.0000, 0.0000, 0.0000, 0.0000, 0.0000]])
tensor([[0.9701, 1.0000, 0.0000, 0.0000, 0.0000, 0.0000]])
tensor([[0.7353, 1.0000, 0.0000, 0.0000, 0.0000, 0.0000]])
tensor([[0.9274, 1.0000, 0.0000, 0.0000, 0.0000, 0.0000]])
tensor([[0.1300, 0.0000, 0.0000, 0.0000, 0.0000, 0.0000]])
tensor([[0.4745, 1.0000, 0.0000, 0.0000, 0.0000, 0.0000]])
tensor([[-0.1997,  1.0000,  0.0000,  0.0000,  0.0000,  0.0000]])
tensor([[0.3649, 1.0000, 0.0000, 0.0000, 0.0000, 0.0000]])
tensor([[0.1791, 1.0000, 0.0000, 0.0000, 0.0000, 0.0000]])
tensor([[0.8283, 1.0000, 0.0000, 0.0000, 0.0000, 0.0000]])
tensor([[0.1914, 1.0000, 0.0000, 0.0000, 0.0000, 0.0000]])
tensor([[0.4928, 1.0000, 0.0000, 0.0000, 0.0000, 0.0000]])
tensor([[-0.8655,  1.0000,  0.0000,  0.0000,  0.0000,  0.0000]])
tensor([[-0.7557,  1.0000,  0.0000,  0.0000,  0.0000,  0.0000]])
tensor([[-0.4810,  1.0000,  0.0000,  0.0000,  0.0000,  0.0000]])
tensor([[0.6313, 1.0000, 0.0000, 0.0000, 0.0000, 0.0000]])
tensor([[-0.8573,  1.0000,  0.0000,  0.0000,  0.0000,  0.0000]])
tensor([[-0.3859,  1.0000,  0.0000,  0.0000,  0.0000,  0.0000]])
tensor([[0.6789, 1.0000, 0.0000, 0.0000, 0.0000, 0.0000]])
tensor([[0.5863, 1.0000, 0.0000, 0.0000, 0.0000, 0.0000]])
tensor([[0.1270, 1.0000, 0.0000, 0.0000, 0.0000, 0.0000]])
tensor([[0.8407, 1.0000, 0.0000, 0.0000, 0.0000, 0.0000]])
tensor([[-0.2382,  1.0000,  0.0000,  0.0000,  0.0000,  0.0000]])
tensor([[0.8513, 1.0000, 0.0000, 0.0000, 0.0000, 0.0000]])
tensor([[0.8417, 1.0000, 0.0000, 0.0000, 0.0000, 0.0000]])
tensor([[-0.2712,  1.0000,  0.0000,  0.0000,  0.0000,  0.0000]])
tensor([[-0.6627,  1.0000,  0.0000,  0.0000,  0.0000,  0.0000]])
tensor([[-0.4505,  1.0000,  1.0000,  0.0000,  0.0000,  0.0000]])
tensor([[-0.1883,  1.0000,  0.0000,  0.0000,  0.0000,  0.0000]])
tensor([[0.6715, 1.0000, 0.0000, 0.0000, 0.0000, 0.0000]])
tensor([[0.7415, 1.0000, 0.0000, 0.0000, 0.0000, 0.0000]])
tensor([[-0.3644,  1.0000,  0.0000,  0.0000,  0.0000,  0.0000]])
tensor([[0.3550, 1.0000, 0.0000, 0.0000, 0.0000, 0.0000]])
tensor([[-0.7779,  1.0000,  0.0000,  0.0000,  0.0000,  0.0000]])
tensor([[-0.3702,  1.0000,  0.0000,  0.0000,  0.0000,  0.0000]])
tensor([[0.8409, 1.0000, 0.0000, 0.0000, 0.0000, 0.0000]])
tensor([[-0.6683,  1.0000,  0.0000,  0.0000,  0.0000,  0.0000]])
tensor([[-0.5711,  1.0000,  0.0000,  0.0000,  0.0000,  0.0000]])
tensor([[0.0692, 1.0000, 0.0000, 0.0000, 0.0000, 0.0000]])
tensor([[-0.3502,  1.0000,  0.0000,  0.0000,  0.0000,  0.0000]])
tensor([[-0.8474,  1.0000,  0.0000,  0.0000,  0.0000,  0.0000]])
tensor([[0.3939, 1.0000, 0.0000, 0.0000, 0.0000, 0.0000]])
tensor([[-0.0309,  1.0000,  0.0000,  1.0000,  0.0000,  0.0000]])
tensor([[-0.2691,  1.0000,  0.0000,  0.0000,  0.0000,  0.0000]])
tensor([[-0.5529,  1.0000,  0.0000,  0.0000,  0.0000,  0.0000]])
tensor([[0.7606, 1.0000, 0.0000, 0.0000, 0.0000, 0.0000]])
tensor([[0.8062, 1.0000, 0.0000, 0.0000, 0.0000, 0.0000]])
tensor([[-0.4948,  1.0000,  0.0000,  0.0000,  0.0000,  0.0000]])
tensor([[-0.6419,  1.0000,  0.0000,  0.0000,  0.0000,  0.0000]])
tensor([[-0.5973,  1.0000,  0.0000,  0.0000,  0.0000,  0.0000]])
tensor([[-0.8331,  1.0000,  0.0000,  1.0000,  0.0000,  0.0000]])
tensor([[-0.6282,  1.0000,  0.0000,  0.0000,  0.0000,  0.0000]])
tensor([[-0.1772,  1.0000,  0.0000,  0.0000,  0.0000,  0.0000]])
tensor([[-0.4576,  1.0000,  0.0000,  0.0000,  0.0000,  0.0000]])
tensor([[-0.7176,  1.0000,  0.0000,  0.0000,  0.0000,  0.0000]])
tensor([[0.1482, 1.0000, 0.0000, 0.0000, 0.0000, 0.0000]])
tensor([[-0.8939,  1.0000,  0.0000,  0.0000,  0.0000,  0.0000]])
tensor([[0.8402, 1.0000, 0.0000, 0.0000, 0.0000, 0.0000]])
tensor([[-0.6328,  1.0000,  0.0000,  0.0000,  0.0000,  0.0000]])
tensor([[-0.8168,  1.0000,  0.0000,  0.0000,  0.0000,  0.0000]])
tensor([[-0.0064,  1.0000,  0.0000,  0.0000,  0.0000,  0.0000]])
tensor([[-0.4380,  1.0000,  0.0000,  0.0000,  0.0000,  0.0000]])
tensor([[0.1389, 1.0000, 0.0000, 0.0000, 0.0000, 0.0000]])
tensor([[-0.6332,  1.0000,  0.0000,  0.0000,  0.0000,  0.0000]])
tensor([[-0.1076,  1.0000,  0.0000,  0.0000,  0.0000,  0.0000]])
tensor([[-0.1994,  1.0000,  0.0000,  0.0000,  0.0000,  0.0000]])
tensor([[0.7222, 1.0000, 0.0000, 0.0000, 0.0000, 0.0000]])
tensor([[-0.5019,  1.0000,  0.0000,  0.0000,  0.0000,  0.0000]])
tensor([[-0.2017,  1.0000,  0.0000,  0.0000,  0.0000,  0.0000]])
tensor([[-0.1992,  1.0000,  0.0000,  0.0000,  0.0000,  0.0000]])
tensor([[-0.1624,  1.0000,  0.0000,  0.0000,  0.0000,  0.0000]])
tensor([[-0.7711,  1.0000,  0.0000,  0.0000,  0.0000,  0.0000]])
tensor([[0.4036, 1.0000, 0.0000, 0.0000, 0.0000, 0.0000]])
tensor([[0.1393, 1.0000, 0.0000, 0.0000, 0.0000, 0.0000]])
tensor([[-0.9465,  1.0000,  0.0000,  0.0000,  0.0000,  0.0000]])
tensor([[-0.3313,  1.0000,  0.0000,  0.0000,  0.0000,  0.0000]])
tensor([[0.7321, 1.0000, 0.0000, 0.0000, 0.0000, 0.0000]])
tensor([[-0.4908,  1.0000,  0.0000,  0.0000,  0.0000,  0.0000]])
tensor([[-0.5177,  1.0000,  0.0000,  0.0000,  0.0000,  0.0000]])
tensor([[0.0385, 1.0000, 0.0000, 0.0000, 0.0000, 0.0000]])
tensor([[-0.3912,  1.0000,  0.0000,  0.0000,  0.0000,  0.0000]])
tensor([[-0.3861,  1.0000,  0.0000,  0.0000,  0.0000,  0.0000]])
tensor([[0.1604, 1.0000, 0.0000, 0.0000, 0.0000, 0.0000]])
tensor([[-0.2490,  1.0000,  0.0000,  0.0000,  0.0000,  0.0000]])
tensor([[0.4401, 1.0000, 0.0000, 0.0000, 0.0000, 0.0000]])
tensor([[-0.8027,  1.0000,  0.0000,  1.0000,  0.0000,  0.0000]])
tensor([[-0.7687,  1.0000,  0.0000,  0.0000,  0.0000,  0.0000]])
tensor([[0.2174, 1.0000, 0.0000, 0.0000, 0.0000, 0.0000]])
tensor([[0.7031, 1.0000, 0.0000, 0.0000, 0.0000, 0.0000]])
tensor([[-0.2471,  1.0000,  0.0000,  0.0000,  0.0000,  0.0000]])
tensor([[-0.6605,  1.0000,  0.0000,  0.0000,  0.0000,  0.0000]])
tensor([[-0.2111,  1.0000,  0.0000,  0.0000,  0.0000,  0.0000]])
tensor([[-0.8923,  1.0000,  0.0000,  0.0000,  0.0000,  0.0000]])
tensor([[-0.0732,  1.0000,  0.0000,  0.0000,  0.0000,  0.0000]])
tensor([[-0.5547,  1.0000,  0.0000,  0.0000,  0.0000,  0.0000]])
tensor([[0.1026, 1.0000, 0.0000, 0.0000, 0.0000, 0.0000]])
tensor([[-0.3000,  1.0000,  0.0000,  0.0000,  0.0000,  0.0000]])
tensor([[-0.4939,  1.0000,  0.0000,  0.0000,  0.0000,  0.0000]])
tensor([[0.2745, 1.0000, 0.0000, 0.0000, 0.0000, 0.0000]])
tensor([[0.1094, 1.0000, 0.0000, 0.0000, 0.0000, 0.0000]])
tensor([[0.5440, 1.0000, 0.0000, 0.0000, 0.0000, 0.0000]])
tensor([[0.2195, 1.0000, 0.0000, 0.0000, 0.0000, 0.0000]])
tensor([[-0.7158,  1.0000,  0.0000,  0.0000,  0.0000,  0.0000]])
tensor([[0.3298, 1.0000, 0.0000, 0.0000, 0.0000, 0.0000]])
tensor([[-0.4034,  1.0000,  0.0000,  0.0000,  0.0000,  0.0000]])
tensor([[-0.4901,  1.0000,  0.0000,  0.0000,  0.0000,  0.0000]])
tensor([[-0.1915,  1.0000,  0.0000,  0.0000,  0.0000,  0.0000]])
tensor([[-0.8466,  1.0000,  0.0000,  0.0000,  0.0000,  0.0000]])
tensor([[-0.8585,  1.0000,  0.0000,  0.0000,  0.0000,  0.0000]])
tensor([[0.1006, 1.0000, 0.0000, 0.0000, 0.0000, 0.0000]])
tensor([[0.2551, 1.0000, 0.0000, 0.0000, 0.0000, 0.0000]])
tensor([[0.4924, 1.0000, 0.0000, 0.0000, 0.0000, 0.0000]])
tensor([[0.6178, 1.0000, 0.0000, 0.0000, 0.0000, 0.0000]])
tensor([[-0.0746,  1.0000,  0.0000,  1.0000,  0.0000,  0.0000]])
tensor([[-0.8030,  1.0000,  0.0000,  0.0000,  0.0000,  0.0000]])
tensor([[-0.1943,  1.0000,  0.0000,  0.0000,  0.0000,  0.0000]])
tensor([[0.5149, 1.0000, 0.0000, 0.0000, 0.0000, 0.0000]])
tensor([[0.7600, 1.0000, 0.0000, 0.0000, 0.0000, 0.0000]])
tensor([[-0.0542,  1.0000,  0.0000,  0.0000,  0.0000,  0.0000]])
tensor([[0.1713, 1.0000, 0.0000, 0.0000, 0.0000, 0.0000]])
tensor([[-0.9377,  1.0000,  0.0000,  0.0000,  0.0000,  0.0000]])
tensor([[-0.3804,  1.0000,  0.0000,  0.0000,  0.0000,  0.0000]])
tensor([[-0.6054,  1.0000,  0.0000,  0.0000,  0.0000,  0.0000]])
tensor([[0.3093, 1.0000, 0.0000, 0.0000, 0.0000, 0.0000]])
tensor([[-0.8835,  1.0000,  0.0000,  0.0000,  0.0000,  0.0000]])
tensor([[-0.6106,  1.0000,  0.0000,  0.0000,  0.0000,  0.0000]])
tensor([[-0.6581,  1.0000,  0.0000,  0.0000,  0.0000,  0.0000]])
tensor([[0.2339, 1.0000, 0.0000, 0.0000, 0.0000, 0.0000]])
tensor([[-0.7980,  1.0000,  0.0000,  0.0000,  0.0000,  0.0000]])
tensor([[0.3962, 1.0000, 0.0000, 0.0000, 0.0000, 0.0000]])
tensor([[0.6264, 1.0000, 0.0000, 0.0000, 0.0000, 0.0000]])
tensor([[0.7434, 1.0000, 0.0000, 0.0000, 0.0000, 0.0000]])
tensor([[0.3899, 1.0000, 0.0000, 0.0000, 0.0000, 0.0000]])
tensor([[0.6664, 1.0000, 0.0000, 0.0000, 0.0000, 0.0000]])
tensor([[-0.0251,  1.0000,  0.0000,  0.0000,  0.0000,  0.0000]])
tensor([[-0.8295,  1.0000,  0.0000,  0.0000,  0.0000,  0.0000]])
tensor([[-0.3647,  1.0000,  0.0000,  0.0000,  0.0000,  0.0000]])
tensor([[-0.9428,  1.0000,  0.0000,  0.0000,  0.0000,  0.0000]])
tensor([[-0.5435,  1.0000,  0.0000,  0.0000,  0.0000,  0.0000]])
tensor([[-0.8698,  1.0000,  0.0000,  0.0000,  0.0000,  0.0000]])
tensor([[-0.3222,  1.0000,  0.0000,  0.0000,  0.0000,  0.0000]])
tensor([[-0.5850,  1.0000,  0.0000,  0.0000,  0.0000,  0.0000]])
tensor([[-0.5077,  1.0000,  0.0000,  0.0000,  0.0000,  0.0000]])
tensor([[0.1102, 1.0000, 0.0000, 0.0000, 0.0000, 0.0000]])
tensor([[0.3720, 1.0000, 0.0000, 0.0000, 0.0000, 0.0000]])
tensor([[-0.4015,  1.0000,  0.0000,  0.0000,  0.0000,  0.0000]])
tensor([[-0.3170,  1.0000,  0.0000,  0.0000,  0.0000,  0.0000]])
tensor([[0.6296, 1.0000, 0.0000, 0.0000, 0.0000, 0.0000]])
tensor([[0.8431, 1.0000, 0.0000, 0.0000, 0.0000, 0.0000]])
tensor([[0.9662, 1.0000, 0.0000, 0.0000, 0.0000, 0.0000]])
tensor([[0.4163, 1.0000, 0.0000, 0.0000, 0.0000, 0.0000]])
tensor([[-0.2642,  1.0000,  0.0000,  0.0000,  0.0000,  0.0000]])
tensor([[-0.7085,  1.0000,  0.0000,  0.0000,  0.0000,  0.0000]])
tensor([[-0.3679,  1.0000,  0.0000,  0.0000,  0.0000,  0.0000]])
tensor([[0.4318, 1.0000, 0.0000, 0.0000, 0.0000, 0.0000]])
tensor([[-0.9316,  1.0000,  0.0000,  0.0000,  0.0000,  0.0000]])
tensor([[-0.9353,  1.0000,  0.0000,  0.0000,  0.0000,  0.0000]])
tensor([[-0.9341,  1.0000,  0.0000,  0.0000,  0.0000,  0.0000]])
tensor([[0.5149, 1.0000, 0.0000, 0.0000, 0.0000, 0.0000]])
tensor([[-0.5378,  1.0000,  0.0000,  0.0000,  0.0000,  0.0000]])
tensor([[0.6035, 1.0000, 0.0000, 0.0000, 0.0000, 0.0000]])
tensor([[-0.3697,  1.0000,  0.0000,  0.0000,  0.0000,  0.0000]])
tensor([[-0.4317,  1.0000,  0.0000,  0.0000,  0.0000,  0.0000]])
tensor([[-0.4552,  1.0000,  0.0000,  0.0000,  0.0000,  0.0000]])
tensor([[-0.2348,  1.0000,  0.0000,  0.0000,  0.0000,  0.0000]])
tensor([[-0.6679,  1.0000,  0.0000,  0.0000,  0.0000,  0.0000]])
tensor([[0.8863, 1.0000, 0.0000, 0.0000, 0.0000, 0.0000]])
tensor([[-0.3305,  1.0000,  0.0000,  0.0000,  0.0000,  0.0000]])
tensor([[0.8792, 1.0000, 0.0000, 0.0000, 0.0000, 0.0000]])
tensor([[0.8302, 1.0000, 0.0000, 0.0000, 0.0000, 0.0000]])
tensor([[-0.2033,  1.0000,  0.0000,  0.0000,  0.0000,  0.0000]])
tensor([[-0.7386,  1.0000,  0.0000,  0.0000,  0.0000,  0.0000]])
tensor([[-0.6656,  1.0000,  0.0000,  0.0000,  0.0000,  0.0000]])
tensor([[-0.1398,  1.0000,  0.0000,  0.0000,  0.0000,  0.0000]])
tensor([[-0.1984,  1.0000,  0.0000,  0.0000,  1.0000,  0.0000]])
tensor([[-0.0903,  1.0000,  0.0000,  0.0000,  0.0000,  0.0000]])
tensor([[0.3281, 1.0000, 0.0000, 0.0000, 0.0000, 0.0000]])
tensor([[0.3736, 1.0000, 0.0000, 0.0000, 0.0000, 0.0000]])
tensor([[-0.1746,  1.0000,  0.0000,  0.0000,  0.0000,  0.0000]])
tensor([[-0.8904,  1.0000,  0.0000,  0.0000,  0.0000,  0.0000]])
tensor([[-0.7873,  1.0000,  0.0000,  0.0000,  0.0000,  0.0000]])
tensor([[0.5241, 1.0000, 0.0000, 0.0000, 0.0000, 0.0000]])
tensor([[0.2880, 1.0000, 0.0000, 0.0000, 0.0000, 0.0000]])
tensor([[0.0803, 1.0000, 0.0000, 0.0000, 0.0000, 0.0000]])
tensor([[-0.3403,  0.0000,  0.0000,  0.0000,  0.0000,  0.0000]])
tensor([[-0.5812,  1.0000,  0.0000,  0.0000,  0.0000,  0.0000]])
tensor([[-0.2708,  1.0000,  0.0000,  0.0000,  0.0000,  0.0000]])
tensor([[-0.2714,  1.0000,  0.0000,  0.0000,  0.0000,  0.0000]])
tensor([[-0.3546,  1.0000,  0.0000,  0.0000,  0.0000,  0.0000]])
tensor([[0.7825, 1.0000, 0.0000, 0.0000, 0.0000, 0.0000]])
tensor([[-0.0377,  1.0000,  0.0000,  0.0000,  0.0000,  0.0000]])
tensor([[0.6618, 1.0000, 0.0000, 0.0000, 0.0000, 0.0000]])
tensor([[0.4824, 1.0000, 0.0000, 0.0000, 0.0000, 0.0000]])
tensor([[-0.5908,  1.0000,  0.0000,  0.0000,  0.0000,  0.0000]])
tensor([[-0.6593,  1.0000,  0.0000,  0.0000,  0.0000,  0.0000]])
tensor([[0.6094, 1.0000, 0.0000, 0.0000, 0.0000, 0.0000]])
tensor([[-0.3338,  1.0000,  1.0000,  0.0000,  0.0000,  0.0000]])
tensor([[-0.8416,  1.0000,  0.0000,  0.0000,  0.0000,  0.0000]])
tensor([[-0.3429,  1.0000,  0.0000,  0.0000,  0.0000,  0.0000]])
tensor([[0.5999, 1.0000, 0.0000, 0.0000, 0.0000, 0.0000]])
tensor([[0.5318, 1.0000, 0.0000, 0.0000, 0.0000, 0.0000]])
tensor([[0.8969, 1.0000, 0.0000, 0.0000, 0.0000, 0.0000]])
tensor([[-0.3877,  1.0000,  0.0000,  0.0000,  0.0000,  0.0000]])
tensor([[0.8197, 1.0000, 0.0000, 0.0000, 0.0000, 0.0000]])
tensor([[0.0473, 1.0000, 0.0000, 0.0000, 0.0000, 0.0000]])
tensor([[0.9647, 1.0000, 0.0000, 0.0000, 0.0000, 0.0000]])
tensor([[0.7591, 1.0000, 0.0000, 0.0000, 0.0000, 0.0000]])
tensor([[0.5202, 1.0000, 0.0000, 0.0000, 0.0000, 0.0000]])
tensor([[0.9164, 1.0000, 0.0000, 1.0000, 0.0000, 0.0000]])
tensor([[0.9490, 1.0000, 0.0000, 0.0000, 0.0000, 0.0000]])
tensor([[0.8696, 1.0000, 1.0000, 0.0000, 0.0000, 0.0000]])
tensor([[0.8181, 1.0000, 0.0000, 0.0000, 0.0000, 0.0000]])
tensor([[0.2215, 1.0000, 0.0000, 0.0000, 0.0000, 0.0000]])
tensor([[0.1547, 1.0000, 0.0000, 0.0000, 0.0000, 0.0000]])
tensor([[0.9348, 1.0000, 0.0000, 0.0000, 0.0000, 0.0000]])
tensor([[0.7490, 1.0000, 0.0000, 0.0000, 0.0000, 0.0000]])
tensor([[0.4810, 1.0000, 0.0000, 0.0000, 0.0000, 0.0000]])
INFO:root:Agent 0 (TQCars): avg action time = 0.0009s
tensor([[0.9922, 1.0000, 0.0000, 0.0000, 0.0000, 0.0000]])
tensor([[0.8267, 1.0000, 0.0000, 0.0000, 0.0000, 0.0000]])
tensor([[0.7850, 1.0000, 0.0000, 0.0000, 0.0000, 0.0000]])
tensor([[0.5015, 1.0000, 0.0000, 0.0000, 0.0000, 0.0000]])
tensor([[0.5808, 1.0000, 0.0000, 0.0000, 0.0000, 0.0000]])
tensor([[0.7358, 1.0000, 0.0000, 0.0000, 0.0000, 0.0000]])
tensor([[0.1719, 1.0000, 0.0000, 0.0000, 0.0000, 0.0000]])
tensor([[0.9686, 1.0000, 0.0000, 0.0000, 0.0000, 0.0000]])
tensor([[0.8881, 1.0000, 0.0000, 0.0000, 0.0000, 0.0000]])
tensor([[-0.5165,  1.0000,  0.0000,  0.0000,  0.0000,  0.0000]])
tensor([[-0.4427,  0.0000,  0.0000,  0.0000,  0.0000,  0.0000]])
tensor([[0.9678, 1.0000, 0.0000, 0.0000, 0.0000, 0.0000]])
tensor([[0.9473, 1.0000, 0.0000, 0.0000, 0.0000, 0.0000]])
tensor([[0.8715, 1.0000, 0.0000, 0.0000, 0.0000, 0.0000]])
tensor([[0.9090, 1.0000, 0.0000, 0.0000, 0.0000, 0.0000]])
tensor([[-0.5745,  1.0000,  0.0000,  0.0000,  0.0000,  0.0000]])
tensor([[-0.3845,  1.0000,  0.0000,  0.0000,  0.0000,  0.0000]])
tensor([[-0.0238,  1.0000,  0.0000,  1.0000,  0.0000,  0.0000]])
tensor([[0.4673, 1.0000, 0.0000, 0.0000, 0.0000, 0.0000]])
tensor([[0.3479, 1.0000, 0.0000, 0.0000, 0.0000, 0.0000]])
tensor([[0.7147, 1.0000, 0.0000, 0.0000, 0.0000, 0.0000]])
tensor([[-0.7336,  1.0000,  0.0000,  0.0000,  0.0000,  0.0000]])
tensor([[-0.8560,  1.0000,  0.0000,  0.0000,  0.0000,  0.0000]])
tensor([[-0.5190,  1.0000,  0.0000,  0.0000,  0.0000,  0.0000]])
tensor([[0.2764, 1.0000, 0.0000, 0.0000, 0.0000, 0.0000]])
tensor([[-0.4583,  1.0000,  0.0000,  0.0000,  0.0000,  0.0000]])
tensor([[0.1219, 1.0000, 0.0000, 0.0000, 0.0000, 0.0000]])
tensor([[-0.2576,  1.0000,  0.0000,  0.0000,  0.0000,  0.0000]])
tensor([[0.3798, 1.0000, 0.0000, 0.0000, 0.0000, 0.0000]])
tensor([[-0.0838,  1.0000,  0.0000,  0.0000,  0.0000,  0.0000]])
tensor([[0.5996, 1.0000, 0.0000, 0.0000, 0.0000, 0.0000]])
tensor([[0.7758, 1.0000, 0.0000, 0.0000, 0.0000, 0.0000]])
tensor([[0.2608, 1.0000, 0.0000, 1.0000, 0.0000, 0.0000]])
tensor([[-0.7008,  1.0000,  0.0000,  0.0000,  0.0000,  0.0000]])
tensor([[0.3750, 1.0000, 0.0000, 0.0000, 0.0000, 0.0000]])
tensor([[-0.1275,  1.0000,  0.0000,  0.0000,  0.0000,  0.0000]])
tensor([[-0.3573,  1.0000,  0.0000,  0.0000,  0.0000,  0.0000]])
tensor([[-0.2592,  1.0000,  0.0000,  0.0000,  0.0000,  0.0000]])
tensor([[0.8658, 1.0000, 0.0000, 0.0000, 0.0000, 0.0000]])
tensor([[0.8931, 1.0000, 0.0000, 0.0000, 0.0000, 0.0000]])
tensor([[0.6852, 1.0000, 0.0000, 0.0000, 0.0000, 0.0000]])
tensor([[0.4441, 1.0000, 0.0000, 0.0000, 0.0000, 0.0000]])
tensor([[0.0484, 1.0000, 0.0000, 0.0000, 0.0000, 0.0000]])
tensor([[0.0134, 1.0000, 0.0000, 0.0000, 0.0000, 0.0000]])
tensor([[-0.1254,  1.0000,  0.0000,  0.0000,  0.0000,  0.0000]])
tensor([[0.3402, 1.0000, 0.0000, 0.0000, 0.0000, 0.0000]])
tensor([[0.3712, 1.0000, 0.0000, 0.0000, 0.0000, 0.0000]])
tensor([[0.1287, 1.0000, 0.0000, 0.0000, 0.0000, 0.0000]])
tensor([[0.7192, 1.0000, 0.0000, 0.0000, 0.0000, 0.0000]])
tensor([[0.5695, 1.0000, 0.0000, 0.0000, 0.0000, 0.0000]])
tensor([[-0.5113,  1.0000,  0.0000,  0.0000,  0.0000,  0.0000]])
tensor([[-0.2065,  1.0000,  0.0000,  0.0000,  0.0000,  0.0000]])
tensor([[-0.2611,  1.0000,  0.0000,  0.0000,  0.0000,  0.0000]])
tensor([[0.0222, 1.0000, 0.0000, 0.0000, 0.0000, 0.0000]])
tensor([[0.5571, 1.0000, 0.0000, 0.0000, 0.0000, 0.0000]])
tensor([[-0.2989,  1.0000,  0.0000,  0.0000,  0.0000,  0.0000]])
tensor([[0.4022, 1.0000, 0.0000, 0.0000, 0.0000, 0.0000]])
tensor([[0.2829, 1.0000, 0.0000, 0.0000, 0.0000, 0.0000]])
tensor([[-0.3329,  1.0000,  0.0000,  0.0000,  0.0000,  0.0000]])
tensor([[0.4709, 1.0000, 0.0000, 0.0000, 0.0000, 0.0000]])
tensor([[0.3284, 1.0000, 0.0000, 0.0000, 0.0000, 0.0000]])
tensor([[-0.7789,  1.0000,  0.0000,  0.0000,  0.0000,  0.0000]])
tensor([[0.1081, 1.0000, 0.0000, 0.0000, 0.0000, 0.0000]])
tensor([[0.6881, 1.0000, 0.0000, 0.0000, 0.0000, 0.0000]])
tensor([[0.6500, 1.0000, 0.0000, 0.0000, 0.0000, 0.0000]])
tensor([[-0.4573,  1.0000,  0.0000,  0.0000,  0.0000,  0.0000]])
tensor([[0.1637, 1.0000, 0.0000, 0.0000, 0.0000, 0.0000]])
tensor([[-0.2251,  1.0000,  0.0000,  0.0000,  0.0000,  0.0000]])
tensor([[0.6421, 1.0000, 0.0000, 0.0000, 0.0000, 0.0000]])
tensor([[-0.7791,  1.0000,  0.0000,  0.0000,  0.0000,  0.0000]])
tensor([[-0.7867,  1.0000,  0.0000,  0.0000,  0.0000,  0.0000]])
tensor([[0.2164, 1.0000, 0.0000, 0.0000, 0.0000, 0.0000]])
tensor([[-0.2609,  1.0000,  0.0000,  0.0000,  0.0000,  0.0000]])
tensor([[-0.1994,  1.0000,  0.0000,  0.0000,  0.0000,  0.0000]])
tensor([[-0.0045,  1.0000,  0.0000,  0.0000,  0.0000,  0.0000]])
{"type": "results", "track": "volcano_island", "results": [{"key": 0, "reward": 10.128076171875, "position": 4, "name": "TQCars", "avg_action_time": 0.0009192448468346518}]}
