INFO:root:Loading the agents
INFO:root:Loaded player TQCars
INFO:root:Creating pystk-1
INFO:root:Adding wrapper <function get_wrappers.<locals>.<lambda> at 0x7c8fb37f7420>
INFO:root:Adding wrapper <function get_wrappers.<locals>.<lambda> at 0x7c8fb37f74c0>
INFO:root:Adding wrapper <function get_wrappers.<locals>.<lambda> at 0x7c8fb37f7560>
INFO:root:Adding wrapper <function get_wrappers.<locals>.<lambda> at 0x7c8fb37f7600>
INFO:root:(multi-env mono adapter) Setting main environment max_paths to 5
INFO:root:Loading trained model from CHECKPOINT-GPUFAC/tqc_EXP16BASEREWARD_1700000.pt...
INFO:root:Starting a race
tensor([[0.8730, 1.0000, 0.0000, 0.0000, 0.0000, 0.0000]])
tensor([[0.9048, 1.0000, 0.0000, 0.0000, 0.0000, 0.0000]])
tensor([[0.8992, 1.0000, 0.0000, 0.0000, 0.0000, 0.0000]])
tensor([[0.7165, 1.0000, 0.0000, 0.0000, 0.0000, 0.0000]])
tensor([[0.5579, 1.0000, 0.0000, 0.0000, 0.0000, 0.0000]])
tensor([[0.9859, 1.0000, 0.0000, 0.0000, 0.0000, 0.0000]])
tensor([[0.8502, 1.0000, 0.0000, 0.0000, 0.0000, 0.0000]])
tensor([[0.9114, 1.0000, 0.0000, 0.0000, 0.0000, 0.0000]])
tensor([[0.8920, 1.0000, 0.0000, 0.0000, 0.0000, 0.0000]])
tensor([[0.9360, 0.0000, 0.0000, 0.0000, 0.0000, 0.0000]])
tensor([[0.7956, 1.0000, 0.0000, 0.0000, 0.0000, 0.0000]])
tensor([[-0.2544,  1.0000,  0.0000,  0.0000,  0.0000,  0.0000]])
tensor([[0.8090, 1.0000, 0.0000, 0.0000, 0.0000, 0.0000]])
tensor([[0.6219, 1.0000, 0.0000, 0.0000, 0.0000, 0.0000]])
tensor([[0.9232, 1.0000, 0.0000, 0.0000, 0.0000, 0.0000]])
tensor([[0.7166, 1.0000, 0.0000, 0.0000, 0.0000, 0.0000]])
tensor([[0.8420, 1.0000, 1.0000, 0.0000, 0.0000, 0.0000]])
tensor([[0.9311, 1.0000, 0.0000, 0.0000, 0.0000, 0.0000]])
tensor([[0.7625, 1.0000, 0.0000, 0.0000, 0.0000, 0.0000]])
tensor([[0.8936, 1.0000, 0.0000, 0.0000, 0.0000, 0.0000]])
tensor([[0.8251, 1.0000, 0.0000, 0.0000, 0.0000, 0.0000]])
tensor([[0.6342, 1.0000, 0.0000, 0.0000, 0.0000, 0.0000]])
tensor([[0.6648, 1.0000, 0.0000, 0.0000, 0.0000, 0.0000]])
tensor([[-0.2366,  1.0000,  0.0000,  0.0000,  0.0000,  0.0000]])
tensor([[-0.0098,  1.0000,  0.0000,  0.0000,  0.0000,  0.0000]])
tensor([[-0.1379,  1.0000,  0.0000,  0.0000,  0.0000,  0.0000]])
tensor([[0.6127, 1.0000, 0.0000, 0.0000, 0.0000, 0.0000]])
tensor([[-0.2206,  1.0000,  0.0000,  0.0000,  0.0000,  0.0000]])
tensor([[-0.5112,  1.0000,  0.0000,  0.0000,  0.0000,  0.0000]])
tensor([[0.4419, 1.0000, 0.0000, 0.0000, 0.0000, 0.0000]])
tensor([[0.2257, 1.0000, 0.0000, 0.0000, 0.0000, 0.0000]])
tensor([[0.8014, 1.0000, 0.0000, 0.0000, 0.0000, 0.0000]])
tensor([[0.3110, 1.0000, 0.0000, 0.0000, 0.0000, 0.0000]])
tensor([[-0.6175,  1.0000,  0.0000,  0.0000,  0.0000,  0.0000]])
tensor([[0.0625, 1.0000, 0.0000, 0.0000, 0.0000, 0.0000]])
tensor([[0.2116, 1.0000, 0.0000, 0.0000, 0.0000, 0.0000]])
tensor([[-0.4760,  1.0000,  0.0000,  0.0000,  0.0000,  0.0000]])
tensor([[-0.2379,  1.0000,  0.0000,  0.0000,  0.0000,  0.0000]])
tensor([[0.6153, 1.0000, 0.0000, 0.0000, 0.0000, 0.0000]])
tensor([[0.8780, 1.0000, 0.0000, 0.0000, 0.0000, 0.0000]])
tensor([[0.6971, 1.0000, 0.0000, 0.0000, 0.0000, 0.0000]])
tensor([[0.3353, 1.0000, 0.0000, 0.0000, 0.0000, 0.0000]])
tensor([[0.0235, 1.0000, 0.0000, 0.0000, 0.0000, 0.0000]])
tensor([[0.9622, 1.0000, 1.0000, 0.0000, 0.0000, 0.0000]])
tensor([[0.9752, 1.0000, 0.0000, 0.0000, 0.0000, 0.0000]])
tensor([[0.1530, 1.0000, 0.0000, 0.0000, 0.0000, 0.0000]])
tensor([[0.8167, 1.0000, 0.0000, 0.0000, 0.0000, 0.0000]])
tensor([[0.3514, 1.0000, 0.0000, 0.0000, 0.0000, 0.0000]])
tensor([[0.5828, 1.0000, 0.0000, 0.0000, 0.0000, 0.0000]])
tensor([[-0.9159,  1.0000,  0.0000,  0.0000,  0.0000,  0.0000]])
tensor([[-0.9381,  1.0000,  0.0000,  0.0000,  0.0000,  0.0000]])
tensor([[-0.7842,  1.0000,  0.0000,  0.0000,  0.0000,  0.0000]])
tensor([[-0.8304,  1.0000,  0.0000,  0.0000,  0.0000,  0.0000]])
tensor([[-0.9284,  1.0000,  0.0000,  0.0000,  0.0000,  0.0000]])
tensor([[-0.9941,  1.0000,  0.0000,  0.0000,  0.0000,  0.0000]])
tensor([[-0.8977,  1.0000,  0.0000,  0.0000,  0.0000,  0.0000]])
tensor([[-0.9645,  1.0000,  0.0000,  0.0000,  0.0000,  0.0000]])
tensor([[-0.9948,  1.0000,  0.0000,  0.0000,  0.0000,  0.0000]])
tensor([[-0.9905,  1.0000,  0.0000,  0.0000,  0.0000,  0.0000]])
tensor([[-0.7203,  1.0000,  0.0000,  0.0000,  0.0000,  0.0000]])
tensor([[-0.8076,  1.0000,  0.0000,  0.0000,  0.0000,  0.0000]])
tensor([[0.4704, 1.0000, 0.0000, 0.0000, 0.0000, 0.0000]])
tensor([[0.4786, 1.0000, 0.0000, 0.0000, 0.0000, 0.0000]])
tensor([[0.5674, 1.0000, 0.0000, 0.0000, 0.0000, 0.0000]])
tensor([[-0.3517,  1.0000,  0.0000,  0.0000,  0.0000,  0.0000]])
tensor([[0.1578, 1.0000, 0.0000, 1.0000, 0.0000, 0.0000]])
tensor([[-0.4779,  1.0000,  0.0000,  0.0000,  0.0000,  0.0000]])
tensor([[-0.4708,  1.0000,  0.0000,  0.0000,  0.0000,  0.0000]])
tensor([[0.6931, 1.0000, 0.0000, 0.0000, 0.0000, 0.0000]])
tensor([[0.8998, 1.0000, 1.0000, 0.0000, 0.0000, 0.0000]])
tensor([[-0.4777,  1.0000,  0.0000,  0.0000,  0.0000,  0.0000]])
tensor([[0.9076, 1.0000, 0.0000, 0.0000, 0.0000, 0.0000]])
tensor([[-0.2383,  0.0000,  0.0000,  0.0000,  0.0000,  0.0000]])
tensor([[-0.8209,  1.0000,  0.0000,  0.0000,  0.0000,  0.0000]])
tensor([[0.5260, 1.0000, 0.0000, 0.0000, 0.0000, 0.0000]])
tensor([[-0.0363,  1.0000,  0.0000,  0.0000,  0.0000,  0.0000]])
tensor([[-0.3342,  1.0000,  0.0000,  0.0000,  0.0000,  0.0000]])
tensor([[-0.1578,  1.0000,  0.0000,  0.0000,  0.0000,  0.0000]])
tensor([[-0.5533,  1.0000,  0.0000,  0.0000,  0.0000,  0.0000]])
tensor([[0.1297, 1.0000, 0.0000, 0.0000, 0.0000, 0.0000]])
tensor([[-0.1968,  1.0000,  0.0000,  0.0000,  0.0000,  0.0000]])
tensor([[0.0179, 1.0000, 0.0000, 0.0000, 0.0000, 0.0000]])
tensor([[-0.5757,  1.0000,  0.0000,  0.0000,  0.0000,  0.0000]])
tensor([[0.0588, 1.0000, 0.0000, 0.0000, 0.0000, 0.0000]])
tensor([[0.2374, 1.0000, 0.0000, 0.0000, 0.0000, 0.0000]])
tensor([[0.8257, 1.0000, 0.0000, 0.0000, 0.0000, 0.0000]])
tensor([[0.6594, 1.0000, 0.0000, 0.0000, 0.0000, 0.0000]])
tensor([[0.5968, 1.0000, 0.0000, 0.0000, 0.0000, 0.0000]])
tensor([[0.8789, 1.0000, 0.0000, 0.0000, 0.0000, 0.0000]])
tensor([[0.3338, 1.0000, 0.0000, 0.0000, 0.0000, 0.0000]])
tensor([[0.7583, 1.0000, 0.0000, 0.0000, 0.0000, 0.0000]])
tensor([[0.2893, 1.0000, 0.0000, 0.0000, 0.0000, 0.0000]])
tensor([[0.8911, 1.0000, 0.0000, 0.0000, 0.0000, 0.0000]])
tensor([[0.9082, 1.0000, 0.0000, 0.0000, 0.0000, 0.0000]])
tensor([[-0.7163,  1.0000,  0.0000,  0.0000,  0.0000,  0.0000]])
tensor([[0.8531, 1.0000, 0.0000, 0.0000, 0.0000, 0.0000]])
tensor([[0.6416, 1.0000, 0.0000, 0.0000, 0.0000, 0.0000]])
tensor([[0.7803, 1.0000, 0.0000, 0.0000, 0.0000, 0.0000]])
tensor([[0.5469, 1.0000, 0.0000, 0.0000, 0.0000, 0.0000]])
tensor([[0.4685, 1.0000, 0.0000, 0.0000, 0.0000, 0.0000]])
tensor([[0.0701, 1.0000, 0.0000, 0.0000, 0.0000, 0.0000]])
tensor([[0.2978, 1.0000, 0.0000, 0.0000, 0.0000, 0.0000]])
tensor([[0.2221, 1.0000, 0.0000, 0.0000, 0.0000, 0.0000]])
tensor([[0.9823, 1.0000, 0.0000, 0.0000, 0.0000, 0.0000]])
tensor([[0.8290, 1.0000, 0.0000, 0.0000, 0.0000, 0.0000]])
tensor([[-0.0573,  1.0000,  0.0000,  0.0000,  0.0000,  0.0000]])
tensor([[0.9054, 1.0000, 0.0000, 0.0000, 0.0000, 0.0000]])
tensor([[0.3408, 1.0000, 0.0000, 0.0000, 0.0000, 0.0000]])
tensor([[0.9308, 1.0000, 0.0000, 0.0000, 0.0000, 0.0000]])
tensor([[0.8259, 1.0000, 0.0000, 0.0000, 0.0000, 0.0000]])
tensor([[-0.1254,  1.0000,  0.0000,  0.0000,  0.0000,  0.0000]])
tensor([[0.5580, 1.0000, 0.0000, 0.0000, 0.0000, 0.0000]])
tensor([[0.9487, 1.0000, 0.0000, 0.0000, 0.0000, 0.0000]])
tensor([[0.7564, 1.0000, 0.0000, 0.0000, 0.0000, 0.0000]])
tensor([[0.9015, 1.0000, 0.0000, 0.0000, 0.0000, 0.0000]])
tensor([[0.7341, 1.0000, 0.0000, 0.0000, 0.0000, 0.0000]])
tensor([[0.7841, 1.0000, 0.0000, 0.0000, 0.0000, 0.0000]])
tensor([[0.5043, 1.0000, 0.0000, 0.0000, 0.0000, 0.0000]])
tensor([[0.7243, 1.0000, 0.0000, 0.0000, 0.0000, 0.0000]])
tensor([[-0.2625,  1.0000,  0.0000,  0.0000,  1.0000,  0.0000]])
tensor([[0.1863, 1.0000, 0.0000, 0.0000, 0.0000, 0.0000]])
tensor([[-0.1259,  1.0000,  0.0000,  0.0000,  0.0000,  0.0000]])
tensor([[-0.0496,  1.0000,  0.0000,  0.0000,  0.0000,  0.0000]])
tensor([[0.3536, 1.0000, 0.0000, 0.0000, 0.0000, 0.0000]])
tensor([[-0.1609,  1.0000,  0.0000,  0.0000,  0.0000,  0.0000]])
tensor([[0.8845, 1.0000, 0.0000, 0.0000, 0.0000, 0.0000]])
tensor([[0.6929, 0.0000, 0.0000, 0.0000, 0.0000, 0.0000]])
tensor([[-0.0783,  1.0000,  0.0000,  0.0000,  0.0000,  0.0000]])
tensor([[0.6430, 1.0000, 0.0000, 0.0000, 0.0000, 0.0000]])
tensor([[-0.6427,  1.0000,  0.0000,  0.0000,  0.0000,  0.0000]])
tensor([[0.1792, 1.0000, 0.0000, 0.0000, 0.0000, 0.0000]])
tensor([[-0.7133,  1.0000,  0.0000,  0.0000,  0.0000,  0.0000]])
tensor([[-0.6591,  1.0000,  0.0000,  0.0000,  0.0000,  0.0000]])
tensor([[0.7076, 1.0000, 0.0000, 0.0000, 0.0000, 0.0000]])
tensor([[0.2250, 1.0000, 0.0000, 0.0000, 0.0000, 0.0000]])
tensor([[-0.5416,  1.0000,  0.0000,  0.0000,  0.0000,  0.0000]])
tensor([[0.5645, 1.0000, 0.0000, 0.0000, 0.0000, 0.0000]])
tensor([[-0.1658,  1.0000,  0.0000,  0.0000,  0.0000,  0.0000]])
tensor([[-0.7070,  1.0000,  0.0000,  0.0000,  0.0000,  0.0000]])
tensor([[-0.6888,  1.0000,  0.0000,  1.0000,  0.0000,  0.0000]])
tensor([[-0.6707,  1.0000,  0.0000,  0.0000,  0.0000,  0.0000]])
tensor([[-0.9337,  1.0000,  0.0000,  0.0000,  0.0000,  0.0000]])
tensor([[-0.9895,  1.0000,  0.0000,  0.0000,  0.0000,  0.0000]])
tensor([[-0.9696,  1.0000,  0.0000,  0.0000,  0.0000,  0.0000]])
tensor([[-0.9472,  1.0000,  0.0000,  0.0000,  0.0000,  0.0000]])
tensor([[-0.9867,  1.0000,  0.0000,  0.0000,  0.0000,  0.0000]])
tensor([[-0.9957,  1.0000,  0.0000,  0.0000,  0.0000,  0.0000]])
tensor([[-0.9739,  1.0000,  0.0000,  1.0000,  1.0000,  0.0000]])
tensor([[-0.8347,  1.0000,  0.0000,  0.0000,  0.0000,  0.0000]])
tensor([[-0.7681,  1.0000,  0.0000,  0.0000,  0.0000,  0.0000]])
tensor([[-0.4229,  1.0000,  0.0000,  0.0000,  0.0000,  0.0000]])
tensor([[0.1502, 1.0000, 0.0000, 0.0000, 0.0000, 0.0000]])
tensor([[0.9554, 1.0000, 0.0000, 0.0000, 0.0000, 0.0000]])
tensor([[-0.6464,  1.0000,  0.0000,  0.0000,  0.0000,  0.0000]])
tensor([[0.6759, 1.0000, 0.0000, 0.0000, 1.0000, 0.0000]])
tensor([[0.7675, 1.0000, 0.0000, 0.0000, 0.0000, 0.0000]])
tensor([[0.9459, 1.0000, 0.0000, 0.0000, 0.0000, 0.0000]])
tensor([[0.9736, 1.0000, 0.0000, 0.0000, 0.0000, 0.0000]])
tensor([[0.8625, 1.0000, 0.0000, 0.0000, 0.0000, 0.0000]])
tensor([[0.9806, 1.0000, 0.0000, 0.0000, 1.0000, 0.0000]])
tensor([[0.9342, 1.0000, 0.0000, 0.0000, 0.0000, 0.0000]])
tensor([[0.9706, 1.0000, 0.0000, 0.0000, 0.0000, 0.0000]])
tensor([[0.8098, 1.0000, 0.0000, 0.0000, 0.0000, 0.0000]])
tensor([[0.2273, 1.0000, 0.0000, 0.0000, 0.0000, 0.0000]])
tensor([[0.3836, 1.0000, 0.0000, 0.0000, 0.0000, 0.0000]])
tensor([[0.9207, 1.0000, 0.0000, 0.0000, 0.0000, 0.0000]])
tensor([[0.9759, 1.0000, 0.0000, 0.0000, 0.0000, 0.0000]])
tensor([[0.4227, 1.0000, 0.0000, 0.0000, 0.0000, 0.0000]])
tensor([[0.9658, 1.0000, 0.0000, 0.0000, 0.0000, 0.0000]])
tensor([[0.9547, 1.0000, 0.0000, 0.0000, 0.0000, 0.0000]])
tensor([[0.6293, 1.0000, 0.0000, 0.0000, 0.0000, 0.0000]])
tensor([[0.6025, 1.0000, 0.0000, 0.0000, 0.0000, 0.0000]])
tensor([[0.0740, 1.0000, 0.0000, 0.0000, 0.0000, 0.0000]])
tensor([[0.8993, 1.0000, 0.0000, 0.0000, 0.0000, 0.0000]])
tensor([[0.9542, 1.0000, 0.0000, 0.0000, 0.0000, 0.0000]])
tensor([[0.6760, 1.0000, 0.0000, 0.0000, 0.0000, 0.0000]])
tensor([[-0.1003,  1.0000,  0.0000,  0.0000,  0.0000,  0.0000]])
tensor([[-0.8686,  1.0000,  0.0000,  0.0000,  0.0000,  0.0000]])
tensor([[-0.7834,  1.0000,  0.0000,  0.0000,  0.0000,  0.0000]])
tensor([[-0.9961,  1.0000,  0.0000,  0.0000,  0.0000,  0.0000]])
tensor([[-0.7970,  1.0000,  0.0000,  1.0000,  0.0000,  0.0000]])
tensor([[-0.5099,  1.0000,  0.0000,  0.0000,  0.0000,  0.0000]])
tensor([[0.9218, 1.0000, 0.0000, 0.0000, 0.0000, 0.0000]])
tensor([[-0.3602,  1.0000,  0.0000,  0.0000,  0.0000,  0.0000]])
tensor([[0.6053, 1.0000, 0.0000, 0.0000, 0.0000, 0.0000]])
tensor([[0.0845, 1.0000, 0.0000, 0.0000, 0.0000, 0.0000]])
tensor([[-0.2385,  1.0000,  0.0000,  0.0000,  0.0000,  0.0000]])
tensor([[-0.9719,  1.0000,  0.0000,  0.0000,  0.0000,  0.0000]])
tensor([[-0.7765,  1.0000,  0.0000,  0.0000,  0.0000,  0.0000]])
tensor([[0.5411, 1.0000, 0.0000, 0.0000, 0.0000, 0.0000]])
tensor([[0.7948, 1.0000, 0.0000, 0.0000, 0.0000, 0.0000]])
tensor([[-0.3872,  1.0000,  0.0000,  0.0000,  0.0000,  0.0000]])
tensor([[-0.9555,  1.0000,  0.0000,  0.0000,  0.0000,  0.0000]])
tensor([[-0.6953,  1.0000,  0.0000,  0.0000,  0.0000,  0.0000]])
tensor([[-0.6473,  1.0000,  0.0000,  0.0000,  0.0000,  0.0000]])
tensor([[-0.5180,  1.0000,  0.0000,  0.0000,  0.0000,  0.0000]])
tensor([[0.7061, 1.0000, 0.0000, 0.0000, 0.0000, 0.0000]])
tensor([[-0.0739,  1.0000,  0.0000,  0.0000,  0.0000,  0.0000]])
tensor([[-0.9535,  1.0000,  0.0000,  0.0000,  0.0000,  0.0000]])
tensor([[-0.8565,  1.0000,  0.0000,  0.0000,  0.0000,  0.0000]])
tensor([[-0.9711,  1.0000,  0.0000,  0.0000,  0.0000,  0.0000]])
tensor([[0.9641, 1.0000, 0.0000, 0.0000, 0.0000, 0.0000]])
tensor([[0.6412, 1.0000, 0.0000, 0.0000, 0.0000, 0.0000]])
tensor([[0.3994, 1.0000, 0.0000, 0.0000, 0.0000, 0.0000]])
tensor([[-0.1216,  1.0000,  0.0000,  0.0000,  0.0000,  0.0000]])
tensor([[-0.9122,  1.0000,  0.0000,  0.0000,  0.0000,  0.0000]])
tensor([[-0.7802,  1.0000,  0.0000,  0.0000,  0.0000,  0.0000]])
tensor([[-0.1515,  1.0000,  0.0000,  0.0000,  0.0000,  0.0000]])
tensor([[-0.3601,  1.0000,  0.0000,  0.0000,  0.0000,  0.0000]])
tensor([[-0.9944,  1.0000,  0.0000,  1.0000,  0.0000,  0.0000]])
tensor([[-0.9665,  1.0000,  0.0000,  0.0000,  0.0000,  0.0000]])
tensor([[-0.9895,  1.0000,  0.0000,  0.0000,  0.0000,  0.0000]])
tensor([[-0.6585,  1.0000,  0.0000,  0.0000,  0.0000,  0.0000]])
tensor([[-0.1833,  1.0000,  0.0000,  0.0000,  0.0000,  0.0000]])
tensor([[0.7540, 1.0000, 0.0000, 0.0000, 0.0000, 0.0000]])
tensor([[0.1772, 1.0000, 0.0000, 0.0000, 0.0000, 0.0000]])
tensor([[0.7872, 1.0000, 0.0000, 0.0000, 0.0000, 0.0000]])
tensor([[0.6313, 1.0000, 0.0000, 0.0000, 0.0000, 0.0000]])
tensor([[0.2903, 1.0000, 0.0000, 0.0000, 0.0000, 0.0000]])
tensor([[0.6823, 1.0000, 0.0000, 0.0000, 0.0000, 0.0000]])
tensor([[0.9874, 1.0000, 0.0000, 0.0000, 0.0000, 0.0000]])
tensor([[0.9720, 1.0000, 0.0000, 0.0000, 0.0000, 0.0000]])
tensor([[0.9668, 1.0000, 0.0000, 0.0000, 0.0000, 0.0000]])
tensor([[0.8383, 1.0000, 0.0000, 0.0000, 0.0000, 0.0000]])
tensor([[0.7604, 1.0000, 0.0000, 0.0000, 0.0000, 0.0000]])
tensor([[0.7941, 1.0000, 0.0000, 0.0000, 0.0000, 0.0000]])
tensor([[-0.8734,  1.0000,  0.0000,  0.0000,  0.0000,  0.0000]])
tensor([[-0.9189,  1.0000,  0.0000,  0.0000,  0.0000,  0.0000]])
tensor([[-0.8447,  1.0000,  0.0000,  0.0000,  0.0000,  0.0000]])
tensor([[-0.8378,  1.0000,  0.0000,  0.0000,  0.0000,  0.0000]])
tensor([[-0.9803,  1.0000,  0.0000,  0.0000,  0.0000,  0.0000]])
tensor([[-0.3189,  1.0000,  0.0000,  0.0000,  0.0000,  0.0000]])
tensor([[-0.9127,  1.0000,  0.0000,  0.0000,  0.0000,  0.0000]])
tensor([[-0.9697,  1.0000,  0.0000,  0.0000,  0.0000,  0.0000]])
tensor([[-0.7623,  1.0000,  0.0000,  0.0000,  0.0000,  0.0000]])
tensor([[-0.9908,  1.0000,  0.0000,  0.0000,  0.0000,  0.0000]])
tensor([[-0.6334,  1.0000,  0.0000,  1.0000,  0.0000,  0.0000]])
tensor([[-0.8751,  1.0000,  0.0000,  0.0000,  0.0000,  0.0000]])
tensor([[0.1743, 1.0000, 0.0000, 0.0000, 0.0000, 0.0000]])
tensor([[0.6027, 1.0000, 0.0000, 0.0000, 0.0000, 0.0000]])
tensor([[-0.0251,  1.0000,  0.0000,  0.0000,  0.0000,  0.0000]])
tensor([[-0.4572,  1.0000,  0.0000,  0.0000,  0.0000,  0.0000]])
tensor([[0.5187, 1.0000, 0.0000, 0.0000, 0.0000, 0.0000]])
tensor([[0.5070, 1.0000, 0.0000, 0.0000, 0.0000, 0.0000]])
tensor([[-0.7627,  0.0000,  0.0000,  0.0000,  0.0000,  0.0000]])
tensor([[0.6657, 1.0000, 0.0000, 0.0000, 0.0000, 0.0000]])
tensor([[0.3735, 1.0000, 0.0000, 0.0000, 0.0000, 0.0000]])
tensor([[0.6015, 1.0000, 0.0000, 0.0000, 1.0000, 0.0000]])
tensor([[-0.0707,  1.0000,  0.0000,  0.0000,  1.0000,  0.0000]])
tensor([[-0.7394,  1.0000,  0.0000,  0.0000,  0.0000,  0.0000]])
tensor([[-0.2629,  1.0000,  0.0000,  0.0000,  0.0000,  0.0000]])
tensor([[-0.6863,  1.0000,  0.0000,  0.0000,  0.0000,  0.0000]])
tensor([[-0.9293,  1.0000,  0.0000,  0.0000,  0.0000,  0.0000]])
tensor([[-0.8312,  1.0000,  0.0000,  0.0000,  0.0000,  0.0000]])
tensor([[-0.9076,  1.0000,  0.0000,  0.0000,  0.0000,  0.0000]])
tensor([[-0.9421,  1.0000,  0.0000,  0.0000,  0.0000,  0.0000]])
tensor([[-0.7163,  1.0000,  0.0000,  0.0000,  0.0000,  0.0000]])
tensor([[-0.9924,  1.0000,  0.0000,  0.0000,  0.0000,  0.0000]])
tensor([[-0.9881,  1.0000,  0.0000,  0.0000,  0.0000,  0.0000]])
tensor([[-0.9907,  1.0000,  0.0000,  0.0000,  0.0000,  0.0000]])
tensor([[-0.9538,  1.0000,  0.0000,  0.0000,  0.0000,  0.0000]])
tensor([[-0.9989,  1.0000,  0.0000,  0.0000,  0.0000,  0.0000]])
tensor([[-0.9875,  1.0000,  0.0000,  0.0000,  0.0000,  0.0000]])
tensor([[-0.9088,  1.0000,  0.0000,  0.0000,  0.0000,  0.0000]])
tensor([[-0.9829,  0.0000,  0.0000,  0.0000,  0.0000,  0.0000]])
tensor([[-0.9855,  1.0000,  0.0000,  1.0000,  0.0000,  0.0000]])
tensor([[-0.9386,  1.0000,  0.0000,  1.0000,  0.0000,  0.0000]])
tensor([[-0.9151,  1.0000,  0.0000,  0.0000,  0.0000,  0.0000]])
tensor([[-0.9774,  1.0000,  0.0000,  0.0000,  0.0000,  0.0000]])
tensor([[-0.9925,  1.0000,  0.0000,  0.0000,  0.0000,  0.0000]])
tensor([[-0.6868,  1.0000,  0.0000,  0.0000,  0.0000,  0.0000]])
tensor([[-0.6938,  1.0000,  0.0000,  0.0000,  0.0000,  0.0000]])
tensor([[-0.9365,  1.0000,  0.0000,  0.0000,  0.0000,  0.0000]])
tensor([[-0.9879,  1.0000,  0.0000,  0.0000,  0.0000,  0.0000]])
tensor([[-0.9877,  1.0000,  0.0000,  0.0000,  0.0000,  0.0000]])
tensor([[-0.8500,  1.0000,  0.0000,  0.0000,  0.0000,  0.0000]])
tensor([[-0.9935,  1.0000,  0.0000,  0.0000,  0.0000,  0.0000]])
tensor([[-0.9940,  1.0000,  0.0000,  0.0000,  0.0000,  0.0000]])
tensor([[-0.9963,  1.0000,  0.0000,  0.0000,  0.0000,  0.0000]])
tensor([[-0.9925,  1.0000,  0.0000,  0.0000,  0.0000,  0.0000]])
tensor([[-0.9996,  1.0000,  0.0000,  0.0000,  0.0000,  0.0000]])
tensor([[-0.9847,  1.0000,  0.0000,  0.0000,  0.0000,  0.0000]])
tensor([[-0.9298,  1.0000,  0.0000,  0.0000,  0.0000,  0.0000]])
tensor([[-0.9598,  1.0000,  0.0000,  0.0000,  0.0000,  0.0000]])
tensor([[-0.2100,  1.0000,  0.0000,  0.0000,  0.0000,  0.0000]])
tensor([[-0.6013,  1.0000,  0.0000,  0.0000,  0.0000,  0.0000]])
tensor([[-0.0596,  1.0000,  0.0000,  0.0000,  0.0000,  0.0000]])
tensor([[-0.0758,  1.0000,  0.0000,  0.0000,  0.0000,  0.0000]])
tensor([[0.5349, 1.0000, 0.0000, 0.0000, 0.0000, 0.0000]])
tensor([[0.2197, 1.0000, 0.0000, 0.0000, 0.0000, 0.0000]])
tensor([[0.9166, 1.0000, 0.0000, 0.0000, 0.0000, 0.0000]])
tensor([[0.6244, 1.0000, 0.0000, 0.0000, 0.0000, 0.0000]])
tensor([[-0.2128,  1.0000,  0.0000,  0.0000,  0.0000,  0.0000]])
tensor([[-0.4051,  1.0000,  0.0000,  0.0000,  0.0000,  0.0000]])
tensor([[-0.4250,  1.0000,  0.0000,  0.0000,  0.0000,  0.0000]])
tensor([[0.2194, 1.0000, 0.0000, 0.0000, 0.0000, 0.0000]])
tensor([[0.6765, 1.0000, 0.0000, 0.0000, 0.0000, 0.0000]])
tensor([[0.5724, 1.0000, 0.0000, 0.0000, 0.0000, 0.0000]])
tensor([[0.0030, 1.0000, 0.0000, 0.0000, 0.0000, 0.0000]])
tensor([[-0.1639,  1.0000,  0.0000,  0.0000,  0.0000,  0.0000]])
tensor([[0.8693, 1.0000, 0.0000, 0.0000, 0.0000, 0.0000]])
tensor([[0.0938, 1.0000, 0.0000, 0.0000, 0.0000, 0.0000]])
tensor([[-0.5279,  1.0000,  0.0000,  0.0000,  0.0000,  0.0000]])
tensor([[-0.2506,  1.0000,  0.0000,  0.0000,  0.0000,  0.0000]])
tensor([[-0.0893,  1.0000,  1.0000,  0.0000,  0.0000,  0.0000]])
tensor([[-0.2269,  1.0000,  0.0000,  0.0000,  0.0000,  0.0000]])
tensor([[-0.3359,  1.0000,  0.0000,  0.0000,  0.0000,  0.0000]])
tensor([[1.1194e-04, 1.0000e+00, 0.0000e+00, 0.0000e+00, 0.0000e+00, 0.0000e+00]])
tensor([[0.1503, 1.0000, 0.0000, 0.0000, 0.0000, 0.0000]])
tensor([[0.9770, 1.0000, 0.0000, 0.0000, 0.0000, 0.0000]])
tensor([[0.9858, 1.0000, 0.0000, 0.0000, 0.0000, 0.0000]])
tensor([[0.9866, 1.0000, 0.0000, 0.0000, 0.0000, 0.0000]])
tensor([[0.9222, 1.0000, 0.0000, 0.0000, 0.0000, 0.0000]])
tensor([[0.0330, 1.0000, 0.0000, 0.0000, 0.0000, 0.0000]])
tensor([[0.4184, 1.0000, 0.0000, 0.0000, 0.0000, 0.0000]])
tensor([[-0.5250,  1.0000,  0.0000,  0.0000,  0.0000,  0.0000]])
tensor([[-0.2575,  1.0000,  0.0000,  0.0000,  0.0000,  0.0000]])
tensor([[-0.7170,  1.0000,  0.0000,  0.0000,  0.0000,  0.0000]])
tensor([[-0.1188,  1.0000,  0.0000,  0.0000,  0.0000,  0.0000]])
tensor([[-0.1388,  1.0000,  0.0000,  0.0000,  0.0000,  0.0000]])
tensor([[0.4420, 1.0000, 0.0000, 0.0000, 0.0000, 0.0000]])
tensor([[-0.0071,  1.0000,  0.0000,  0.0000,  0.0000,  0.0000]])
tensor([[-0.2842,  1.0000,  0.0000,  0.0000,  0.0000,  0.0000]])
tensor([[0.0816, 1.0000, 0.0000, 0.0000, 0.0000, 0.0000]])
tensor([[-0.4800,  1.0000,  0.0000,  0.0000,  0.0000,  0.0000]])
tensor([[0.1205, 1.0000, 0.0000, 0.0000, 0.0000, 0.0000]])
tensor([[-0.2074,  1.0000,  0.0000,  0.0000,  0.0000,  0.0000]])
tensor([[-0.0163,  1.0000,  0.0000,  0.0000,  0.0000,  0.0000]])
tensor([[-0.4178,  1.0000,  0.0000,  0.0000,  0.0000,  0.0000]])
tensor([[-0.2141,  1.0000,  0.0000,  1.0000,  0.0000,  0.0000]])
tensor([[0.1541, 1.0000, 1.0000, 0.0000, 0.0000, 0.0000]])
tensor([[0.4928, 1.0000, 0.0000, 0.0000, 0.0000, 0.0000]])
tensor([[-0.3585,  0.0000,  0.0000,  0.0000,  0.0000,  0.0000]])
tensor([[0.6509, 0.0000, 1.0000, 0.0000, 0.0000, 0.0000]])
tensor([[0.6302, 1.0000, 0.0000, 0.0000, 0.0000, 0.0000]])
tensor([[-0.6072,  1.0000,  0.0000,  0.0000,  0.0000,  0.0000]])
tensor([[-0.2462,  1.0000,  0.0000,  0.0000,  0.0000,  0.0000]])
tensor([[0.5688, 1.0000, 0.0000, 1.0000, 0.0000, 0.0000]])
tensor([[0.0349, 1.0000, 0.0000, 0.0000, 1.0000, 0.0000]])
tensor([[0.2455, 1.0000, 0.0000, 0.0000, 0.0000, 0.0000]])
tensor([[-0.2938,  1.0000,  0.0000,  0.0000,  0.0000,  0.0000]])
tensor([[-0.0821,  1.0000,  0.0000,  0.0000,  0.0000,  0.0000]])
tensor([[0.3687, 1.0000, 0.0000, 0.0000, 0.0000, 0.0000]])
tensor([[0.3895, 1.0000, 0.0000, 0.0000, 0.0000, 0.0000]])
tensor([[0.5147, 1.0000, 0.0000, 0.0000, 0.0000, 0.0000]])
tensor([[0.0419, 1.0000, 0.0000, 0.0000, 0.0000, 0.0000]])
tensor([[0.4863, 1.0000, 0.0000, 0.0000, 0.0000, 0.0000]])
tensor([[0.7756, 1.0000, 0.0000, 0.0000, 0.0000, 0.0000]])
tensor([[0.9185, 1.0000, 0.0000, 0.0000, 0.0000, 0.0000]])
tensor([[0.6541, 1.0000, 0.0000, 0.0000, 0.0000, 0.0000]])
tensor([[0.8244, 1.0000, 0.0000, 0.0000, 0.0000, 0.0000]])
tensor([[0.4564, 1.0000, 0.0000, 0.0000, 0.0000, 0.0000]])
tensor([[0.8707, 1.0000, 0.0000, 0.0000, 0.0000, 0.0000]])
tensor([[0.5044, 1.0000, 1.0000, 0.0000, 0.0000, 0.0000]])
tensor([[0.9403, 1.0000, 0.0000, 0.0000, 0.0000, 0.0000]])
tensor([[0.5563, 1.0000, 0.0000, 0.0000, 0.0000, 0.0000]])
tensor([[0.9835, 1.0000, 0.0000, 0.0000, 0.0000, 0.0000]])
tensor([[0.9648, 1.0000, 0.0000, 0.0000, 0.0000, 0.0000]])
tensor([[0.9785, 1.0000, 0.0000, 0.0000, 0.0000, 0.0000]])
tensor([[0.9103, 1.0000, 0.0000, 0.0000, 0.0000, 0.0000]])
tensor([[0.8639, 1.0000, 0.0000, 0.0000, 0.0000, 0.0000]])
tensor([[0.9009, 1.0000, 0.0000, 0.0000, 0.0000, 0.0000]])
tensor([[-2.3925e-04,  1.0000e+00,  0.0000e+00,  0.0000e+00,  0.0000e+00,
          0.0000e+00]])
tensor([[-0.5224,  1.0000,  0.0000,  0.0000,  0.0000,  0.0000]])
tensor([[0.9125, 1.0000, 0.0000, 0.0000, 0.0000, 0.0000]])
tensor([[0.5839, 1.0000, 0.0000, 0.0000, 0.0000, 0.0000]])
tensor([[0.9806, 1.0000, 1.0000, 0.0000, 0.0000, 0.0000]])
tensor([[0.8753, 1.0000, 0.0000, 0.0000, 0.0000, 0.0000]])
tensor([[-0.5327,  1.0000,  0.0000,  0.0000,  0.0000,  0.0000]])
tensor([[0.9146, 1.0000, 0.0000, 0.0000, 0.0000, 0.0000]])
tensor([[0.6444, 1.0000, 0.0000, 0.0000, 0.0000, 0.0000]])
tensor([[0.7733, 1.0000, 0.0000, 0.0000, 0.0000, 0.0000]])
tensor([[-0.6776,  1.0000,  0.0000,  0.0000,  0.0000,  0.0000]])
tensor([[-0.7295,  1.0000,  0.0000,  0.0000,  0.0000,  0.0000]])
tensor([[-0.9879,  1.0000,  0.0000,  0.0000,  0.0000,  0.0000]])
tensor([[-0.9938,  1.0000,  0.0000,  0.0000,  0.0000,  0.0000]])
tensor([[-0.9528,  1.0000,  0.0000,  0.0000,  0.0000,  0.0000]])
tensor([[-0.8146,  1.0000,  0.0000,  0.0000,  0.0000,  0.0000]])
tensor([[-0.8068,  1.0000,  0.0000,  0.0000,  0.0000,  0.0000]])
tensor([[0.6029, 1.0000, 0.0000, 0.0000, 0.0000, 0.0000]])
tensor([[0.7748, 1.0000, 0.0000, 0.0000, 0.0000, 0.0000]])
tensor([[0.9723, 1.0000, 0.0000, 0.0000, 0.0000, 0.0000]])
tensor([[0.4061, 1.0000, 0.0000, 0.0000, 0.0000, 0.0000]])
tensor([[0.9385, 1.0000, 0.0000, 0.0000, 0.0000, 0.0000]])
tensor([[0.9211, 1.0000, 0.0000, 0.0000, 0.0000, 0.0000]])
tensor([[0.9695, 1.0000, 0.0000, 0.0000, 0.0000, 0.0000]])
tensor([[-0.7374,  1.0000,  0.0000,  0.0000,  0.0000,  0.0000]])
tensor([[-0.9950,  1.0000,  0.0000,  0.0000,  0.0000,  0.0000]])
tensor([[-0.9340,  1.0000,  0.0000,  0.0000,  0.0000,  0.0000]])
tensor([[-0.7889,  1.0000,  0.0000,  0.0000,  0.0000,  0.0000]])
tensor([[0.9859, 1.0000, 0.0000, 0.0000, 0.0000, 0.0000]])
tensor([[0.9676, 1.0000, 0.0000, 0.0000, 0.0000, 0.0000]])
tensor([[0.3082, 1.0000, 0.0000, 0.0000, 0.0000, 0.0000]])
tensor([[-0.8968,  1.0000,  0.0000,  0.0000,  0.0000,  0.0000]])
tensor([[-0.9378,  1.0000,  0.0000,  0.0000,  0.0000,  0.0000]])
tensor([[-0.6918,  1.0000,  0.0000,  0.0000,  0.0000,  0.0000]])
INFO:root:Agent 0 (TQCars): avg action time = 0.0010s
tensor([[-0.3712,  1.0000,  0.0000,  0.0000,  0.0000,  0.0000]])
tensor([[0.3974, 1.0000, 0.0000, 0.0000, 0.0000, 0.0000]])
tensor([[0.8933, 1.0000, 0.0000, 0.0000, 0.0000, 0.0000]])
{"type": "results", "track": "minigolf", "results": [{"key": 0, "reward": 17.625018310546874, "position": 1, "name": "TQCars", "avg_action_time": 0.0010295713433142715}]}
