INFO:root:Loading the agents
INFO:root:Loaded player TQCars
INFO:root:Creating pystk-1
INFO:root:Adding wrapper <function get_wrappers.<locals>.<lambda> at 0x75d0d48ef420>
INFO:root:Adding wrapper <function get_wrappers.<locals>.<lambda> at 0x75d0d48ef4c0>
INFO:root:Adding wrapper <function get_wrappers.<locals>.<lambda> at 0x75d0d48ef560>
INFO:root:Adding wrapper <function get_wrappers.<locals>.<lambda> at 0x75d0d48ef600>
INFO:root:(multi-env mono adapter) Setting main environment max_paths to 5
INFO:root:Loading trained model from CHECKPOINT-GPUFAC/tqc_EXP12_1000000.pt...
INFO:root:Starting a race
..:: Antarctica Rendering Engine 2.0 ::..
tensor([[-0.5065,  1.0000,  0.0000,  0.0000,  0.0000,  0.0000]])
tensor([[0.2798, 1.0000, 0.0000, 0.0000, 0.0000, 0.0000]])
tensor([[-0.3074,  0.0000,  0.0000,  0.0000,  0.0000,  0.0000]])
tensor([[0.4316, 0.0000, 0.0000, 0.0000, 0.0000, 0.0000]])
tensor([[-0.3043,  1.0000,  0.0000,  0.0000,  0.0000,  0.0000]])
tensor([[-0.2682,  0.0000,  0.0000,  0.0000,  0.0000,  0.0000]])
tensor([[-0.5406,  1.0000,  0.0000,  0.0000,  0.0000,  0.0000]])
tensor([[0.7744, 1.0000, 0.0000, 0.0000, 0.0000, 0.0000]])
tensor([[0.1002, 1.0000, 0.0000, 0.0000, 1.0000, 0.0000]])
tensor([[-0.8237,  0.0000,  0.0000,  0.0000,  0.0000,  0.0000]])
tensor([[-0.6086,  0.0000,  0.0000,  0.0000,  0.0000,  0.0000]])
tensor([[-0.3832,  1.0000,  0.0000,  0.0000,  0.0000,  0.0000]])
tensor([[0.3259, 1.0000, 0.0000, 0.0000, 0.0000, 0.0000]])
tensor([[-0.3759,  1.0000,  0.0000,  0.0000,  0.0000,  0.0000]])
tensor([[-0.1627,  1.0000,  0.0000,  0.0000,  0.0000,  0.0000]])
tensor([[0.3691, 1.0000, 0.0000, 0.0000, 0.0000, 0.0000]])
tensor([[-0.0273,  1.0000,  0.0000,  0.0000,  0.0000,  0.0000]])
tensor([[0.3811, 1.0000, 0.0000, 0.0000, 0.0000, 0.0000]])
tensor([[-0.2724,  1.0000,  0.0000,  0.0000,  0.0000,  0.0000]])
tensor([[-0.5400,  1.0000,  0.0000,  0.0000,  0.0000,  0.0000]])
tensor([[-0.0832,  1.0000,  0.0000,  0.0000,  0.0000,  0.0000]])
tensor([[0.9093, 1.0000, 0.0000, 0.0000, 1.0000, 0.0000]])
tensor([[0.9871, 1.0000, 0.0000, 0.0000, 0.0000, 0.0000]])
tensor([[0.7377, 1.0000, 0.0000, 0.0000, 0.0000, 0.0000]])
tensor([[0.7123, 1.0000, 0.0000, 0.0000, 0.0000, 0.0000]])
tensor([[-0.8820,  1.0000,  0.0000,  0.0000,  0.0000,  0.0000]])
tensor([[0.7159, 0.0000, 0.0000, 0.0000, 0.0000, 0.0000]])
tensor([[-0.9726,  0.0000,  0.0000,  0.0000,  0.0000,  0.0000]])
tensor([[-0.9295,  1.0000,  0.0000,  0.0000,  0.0000,  0.0000]])
tensor([[0.9829, 1.0000, 0.0000, 0.0000, 0.0000, 0.0000]])
tensor([[0.7218, 1.0000, 0.0000, 0.0000, 0.0000, 0.0000]])
tensor([[-0.9649,  1.0000,  0.0000,  0.0000,  0.0000,  0.0000]])
tensor([[0.0240, 1.0000, 0.0000, 0.0000, 0.0000, 0.0000]])
tensor([[-0.1959,  0.0000,  0.0000,  0.0000,  0.0000,  0.0000]])
tensor([[-0.7425,  1.0000,  0.0000,  0.0000,  0.0000,  0.0000]])
tensor([[0.1956, 1.0000, 0.0000, 0.0000, 0.0000, 0.0000]])
tensor([[-0.0306,  1.0000,  0.0000,  0.0000,  0.0000,  0.0000]])
tensor([[-0.2720,  0.0000,  0.0000,  0.0000,  0.0000,  0.0000]])
tensor([[-0.7029,  1.0000,  0.0000,  0.0000,  0.0000,  0.0000]])
tensor([[0.8113, 1.0000, 0.0000, 0.0000, 0.0000, 0.0000]])
tensor([[-0.2223,  0.0000,  0.0000,  0.0000,  0.0000,  0.0000]])
tensor([[-0.7613,  1.0000,  0.0000,  0.0000,  0.0000,  0.0000]])
tensor([[0.4352, 1.0000, 0.0000, 0.0000, 0.0000, 0.0000]])
tensor([[-0.1327,  1.0000,  0.0000,  0.0000,  0.0000,  0.0000]])
tensor([[0.5445, 1.0000, 0.0000, 0.0000, 0.0000, 0.0000]])
tensor([[-0.3040,  0.0000,  1.0000,  0.0000,  0.0000,  0.0000]])
tensor([[-0.6591,  0.0000,  0.0000,  0.0000,  0.0000,  0.0000]])
tensor([[-0.5782,  1.0000,  0.0000,  1.0000,  0.0000,  0.0000]])
tensor([[0.7540, 0.0000, 0.0000, 0.0000, 0.0000, 0.0000]])
tensor([[0.9417, 0.0000, 0.0000, 0.0000, 0.0000, 0.0000]])
tensor([[0.3390, 0.0000, 0.0000, 0.0000, 0.0000, 0.0000]])
tensor([[0.1427, 0.0000, 0.0000, 0.0000, 0.0000, 0.0000]])
tensor([[-0.7755,  0.0000,  0.0000,  0.0000,  0.0000,  0.0000]])
tensor([[-0.4416,  0.0000,  0.0000,  0.0000,  0.0000,  0.0000]])
tensor([[0.9493, 1.0000, 0.0000, 0.0000, 0.0000, 0.0000]])
tensor([[0.9419, 1.0000, 0.0000, 0.0000, 0.0000, 0.0000]])
tensor([[0.9902, 0.0000, 0.0000, 0.0000, 0.0000, 0.0000]])
tensor([[-0.2215,  1.0000,  0.0000,  0.0000,  0.0000,  0.0000]])
tensor([[0.9554, 1.0000, 0.0000, 0.0000, 0.0000, 0.0000]])
tensor([[0.5726, 1.0000, 0.0000, 0.0000, 0.0000, 0.0000]])
tensor([[-0.6323,  1.0000,  0.0000,  0.0000,  0.0000,  0.0000]])
tensor([[-0.3883,  0.0000,  0.0000,  0.0000,  0.0000,  0.0000]])
tensor([[0.6075, 1.0000, 0.0000, 0.0000, 0.0000, 0.0000]])
tensor([[0.6732, 1.0000, 0.0000, 0.0000, 0.0000, 0.0000]])
tensor([[-0.1068,  1.0000,  0.0000,  1.0000,  0.0000,  0.0000]])
tensor([[0.0809, 1.0000, 0.0000, 0.0000, 0.0000, 0.0000]])
tensor([[0.9921, 1.0000, 0.0000, 0.0000, 0.0000, 0.0000]])
tensor([[0.8477, 1.0000, 0.0000, 0.0000, 0.0000, 0.0000]])
tensor([[0.2605, 0.0000, 1.0000, 0.0000, 0.0000, 0.0000]])
tensor([[-0.7977,  0.0000,  0.0000,  0.0000,  0.0000,  0.0000]])
tensor([[-0.7591,  1.0000,  0.0000,  0.0000,  0.0000,  0.0000]])
tensor([[0.1578, 1.0000, 0.0000, 0.0000, 0.0000, 0.0000]])
tensor([[0.0552, 1.0000, 0.0000, 0.0000, 0.0000, 0.0000]])
tensor([[-0.2903,  1.0000,  0.0000,  0.0000,  0.0000,  0.0000]])
tensor([[-0.2416,  1.0000,  0.0000,  0.0000,  1.0000,  0.0000]])
tensor([[0.0893, 1.0000, 0.0000, 0.0000, 0.0000, 0.0000]])
tensor([[-0.5310,  1.0000,  0.0000,  0.0000,  0.0000,  0.0000]])
tensor([[0.0686, 1.0000, 0.0000, 0.0000, 0.0000, 0.0000]])
tensor([[-0.0580,  0.0000,  0.0000,  0.0000,  0.0000,  0.0000]])
tensor([[-0.4463,  1.0000,  0.0000,  0.0000,  0.0000,  0.0000]])
tensor([[-0.2286,  1.0000,  0.0000,  0.0000,  0.0000,  0.0000]])
tensor([[-0.5521,  1.0000,  0.0000,  0.0000,  0.0000,  0.0000]])
tensor([[0.0684, 1.0000, 0.0000, 0.0000, 0.0000, 0.0000]])
tensor([[-0.7051,  0.0000,  0.0000,  0.0000,  0.0000,  0.0000]])
tensor([[-0.3759,  1.0000,  0.0000,  0.0000,  0.0000,  0.0000]])
tensor([[0.2404, 1.0000, 0.0000, 0.0000, 0.0000, 0.0000]])
tensor([[-0.6953,  1.0000,  0.0000,  0.0000,  0.0000,  0.0000]])
tensor([[-0.2702,  1.0000,  0.0000,  0.0000,  0.0000,  0.0000]])
tensor([[-0.6718,  1.0000,  0.0000,  0.0000,  0.0000,  0.0000]])
tensor([[7.7846e-04, 1.0000e+00, 0.0000e+00, 0.0000e+00, 0.0000e+00, 0.0000e+00]])
tensor([[-0.5225,  1.0000,  0.0000,  0.0000,  0.0000,  0.0000]])
tensor([[-0.2081,  1.0000,  0.0000,  0.0000,  0.0000,  0.0000]])
tensor([[-0.3602,  1.0000,  0.0000,  0.0000,  0.0000,  0.0000]])
tensor([[-0.6959,  1.0000,  0.0000,  0.0000,  0.0000,  0.0000]])
tensor([[0.2477, 0.0000, 0.0000, 0.0000, 0.0000, 0.0000]])
tensor([[0.1415, 0.0000, 0.0000, 0.0000, 1.0000, 0.0000]])
tensor([[-0.9800,  1.0000,  0.0000,  0.0000,  0.0000,  0.0000]])
tensor([[-0.8998,  0.0000,  0.0000,  0.0000,  0.0000,  0.0000]])
tensor([[-0.1791,  1.0000,  0.0000,  0.0000,  0.0000,  0.0000]])
tensor([[-0.7878,  0.0000,  0.0000,  0.0000,  0.0000,  0.0000]])
tensor([[0.3569, 1.0000, 0.0000, 0.0000, 0.0000, 0.0000]])
tensor([[-0.2128,  1.0000,  0.0000,  0.0000,  0.0000,  0.0000]])
tensor([[-0.7996,  1.0000,  0.0000,  0.0000,  0.0000,  0.0000]])
tensor([[-0.5478,  1.0000,  0.0000,  0.0000,  0.0000,  0.0000]])
tensor([[-0.5022,  1.0000,  0.0000,  0.0000,  0.0000,  0.0000]])
tensor([[0.6562, 1.0000, 0.0000, 1.0000, 0.0000, 0.0000]])
tensor([[0.1091, 0.0000, 0.0000, 0.0000, 0.0000, 0.0000]])
tensor([[-0.9035,  0.0000,  0.0000,  0.0000,  0.0000,  0.0000]])
tensor([[-0.9463,  1.0000,  0.0000,  0.0000,  0.0000,  0.0000]])
tensor([[-0.9354,  0.0000,  0.0000,  0.0000,  0.0000,  0.0000]])
tensor([[-0.8983,  0.0000,  0.0000,  1.0000,  0.0000,  0.0000]])
tensor([[-0.2404,  0.0000,  0.0000,  0.0000,  0.0000,  0.0000]])
tensor([[0.9086, 1.0000, 0.0000, 0.0000, 0.0000, 0.0000]])
tensor([[0.8926, 1.0000, 0.0000, 0.0000, 0.0000, 0.0000]])
tensor([[0.5377, 0.0000, 0.0000, 0.0000, 0.0000, 0.0000]])
tensor([[-0.8604,  1.0000,  0.0000,  0.0000,  0.0000,  0.0000]])
tensor([[0.0707, 1.0000, 0.0000, 0.0000, 0.0000, 0.0000]])
tensor([[0.9622, 0.0000, 0.0000, 0.0000, 0.0000, 0.0000]])
tensor([[0.9139, 1.0000, 0.0000, 0.0000, 0.0000, 0.0000]])
tensor([[0.6995, 1.0000, 0.0000, 0.0000, 0.0000, 0.0000]])
tensor([[0.4750, 1.0000, 0.0000, 0.0000, 0.0000, 0.0000]])
tensor([[-0.9885,  1.0000,  0.0000,  0.0000,  0.0000,  0.0000]])
tensor([[-0.2587,  0.0000,  0.0000,  0.0000,  0.0000,  0.0000]])
tensor([[0.9875, 1.0000, 0.0000, 0.0000, 0.0000, 0.0000]])
tensor([[0.3328, 0.0000, 0.0000, 0.0000, 0.0000, 0.0000]])
tensor([[0.8616, 1.0000, 0.0000, 0.0000, 0.0000, 0.0000]])
tensor([[0.6900, 1.0000, 0.0000, 0.0000, 0.0000, 0.0000]])
tensor([[0.9499, 1.0000, 0.0000, 0.0000, 0.0000, 0.0000]])
tensor([[0.9930, 1.0000, 0.0000, 0.0000, 0.0000, 0.0000]])
tensor([[0.9619, 0.0000, 0.0000, 0.0000, 0.0000, 0.0000]])
tensor([[0.9900, 1.0000, 0.0000, 0.0000, 0.0000, 0.0000]])
tensor([[0.9657, 1.0000, 0.0000, 0.0000, 0.0000, 0.0000]])
tensor([[-0.9839,  1.0000,  0.0000,  0.0000,  0.0000,  0.0000]])
tensor([[-0.9927,  1.0000,  0.0000,  0.0000,  0.0000,  0.0000]])
tensor([[-0.9597,  1.0000,  0.0000,  0.0000,  0.0000,  0.0000]])
tensor([[-0.6847,  1.0000,  0.0000,  0.0000,  0.0000,  0.0000]])
tensor([[0.8528, 1.0000, 0.0000, 0.0000, 0.0000, 0.0000]])
tensor([[0.6322, 1.0000, 0.0000, 0.0000, 0.0000, 0.0000]])
tensor([[0.9501, 1.0000, 0.0000, 0.0000, 0.0000, 0.0000]])
tensor([[0.9580, 0.0000, 0.0000, 0.0000, 0.0000, 0.0000]])
tensor([[0.9988, 1.0000, 0.0000, 0.0000, 0.0000, 0.0000]])
tensor([[0.9927, 0.0000, 0.0000, 0.0000, 0.0000, 0.0000]])
tensor([[-0.4588,  1.0000,  0.0000,  0.0000,  0.0000,  0.0000]])
tensor([[-0.9997,  1.0000,  0.0000,  0.0000,  0.0000,  0.0000]])
tensor([[-0.9982,  1.0000,  0.0000,  0.0000,  0.0000,  0.0000]])
tensor([[-0.0259,  0.0000,  0.0000,  0.0000,  0.0000,  0.0000]])
tensor([[0.5055, 1.0000, 0.0000, 0.0000, 0.0000, 0.0000]])
tensor([[0.8867, 1.0000, 0.0000, 0.0000, 0.0000, 0.0000]])
tensor([[0.9622, 1.0000, 0.0000, 0.0000, 0.0000, 0.0000]])
tensor([[0.8403, 1.0000, 0.0000, 0.0000, 0.0000, 0.0000]])
tensor([[-0.4849,  1.0000,  0.0000,  0.0000,  0.0000,  0.0000]])
tensor([[0.9516, 1.0000, 0.0000, 0.0000, 0.0000, 0.0000]])
tensor([[0.9464, 1.0000, 0.0000, 0.0000, 0.0000, 0.0000]])
tensor([[-0.6703,  1.0000,  0.0000,  0.0000,  0.0000,  0.0000]])
tensor([[-0.5367,  0.0000,  0.0000,  0.0000,  0.0000,  0.0000]])
tensor([[0.0651, 1.0000, 0.0000, 0.0000, 0.0000, 0.0000]])
tensor([[0.8214, 1.0000, 0.0000, 0.0000, 0.0000, 0.0000]])
tensor([[0.9962, 1.0000, 0.0000, 0.0000, 0.0000, 0.0000]])
tensor([[0.9818, 1.0000, 0.0000, 0.0000, 0.0000, 0.0000]])
tensor([[0.4298, 1.0000, 0.0000, 0.0000, 0.0000, 0.0000]])
tensor([[-0.7690,  1.0000,  0.0000,  0.0000,  0.0000,  0.0000]])
tensor([[-0.0455,  1.0000,  0.0000,  0.0000,  0.0000,  0.0000]])
tensor([[0.1081, 1.0000, 0.0000, 0.0000, 0.0000, 0.0000]])
tensor([[-0.9840,  1.0000,  0.0000,  0.0000,  0.0000,  0.0000]])
tensor([[0.9851, 1.0000, 0.0000, 0.0000, 0.0000, 0.0000]])
tensor([[0.9911, 0.0000, 0.0000, 0.0000, 0.0000, 0.0000]])
tensor([[0.9816, 1.0000, 0.0000, 0.0000, 0.0000, 0.0000]])
tensor([[0.9997, 0.0000, 0.0000, 0.0000, 0.0000, 0.0000]])
tensor([[-0.3617,  1.0000,  0.0000,  0.0000,  0.0000,  0.0000]])
tensor([[-0.4975,  1.0000,  0.0000,  0.0000,  0.0000,  0.0000]])
tensor([[0.9132, 1.0000, 0.0000, 0.0000, 0.0000, 0.0000]])
tensor([[0.0695, 0.0000, 0.0000, 0.0000, 0.0000, 0.0000]])
tensor([[-0.7537,  0.0000,  0.0000,  0.0000,  0.0000,  0.0000]])
tensor([[-0.8778,  1.0000,  0.0000,  0.0000,  0.0000,  0.0000]])
tensor([[0.9650, 0.0000, 0.0000, 0.0000, 0.0000, 0.0000]])
tensor([[0.9960, 1.0000, 0.0000, 0.0000, 0.0000, 0.0000]])
tensor([[0.9177, 1.0000, 0.0000, 0.0000, 0.0000, 0.0000]])
tensor([[0.8002, 1.0000, 0.0000, 0.0000, 0.0000, 0.0000]])
tensor([[-0.7941,  1.0000,  0.0000,  0.0000,  0.0000,  0.0000]])
tensor([[-0.9735,  1.0000,  0.0000,  0.0000,  0.0000,  0.0000]])
tensor([[-0.7096,  1.0000,  0.0000,  0.0000,  0.0000,  0.0000]])
tensor([[0.9999, 0.0000, 0.0000, 0.0000, 0.0000, 0.0000]])
tensor([[0.9997, 1.0000, 0.0000, 0.0000, 0.0000, 0.0000]])
tensor([[0.9879, 1.0000, 0.0000, 0.0000, 0.0000, 0.0000]])
tensor([[0.9505, 1.0000, 0.0000, 0.0000, 0.0000, 0.0000]])
tensor([[-0.8215,  1.0000,  0.0000,  0.0000,  0.0000,  0.0000]])
tensor([[-0.9443,  0.0000,  0.0000,  0.0000,  0.0000,  0.0000]])
tensor([[-0.4344,  1.0000,  0.0000,  0.0000,  0.0000,  0.0000]])
tensor([[0.9988, 1.0000, 0.0000, 0.0000, 0.0000, 0.0000]])
tensor([[0.9751, 1.0000, 0.0000, 0.0000, 0.0000, 0.0000]])
tensor([[0.3813, 1.0000, 0.0000, 0.0000, 0.0000, 0.0000]])
tensor([[-0.9489,  1.0000,  0.0000,  0.0000,  0.0000,  0.0000]])
tensor([[0.4362, 1.0000, 0.0000, 0.0000, 0.0000, 0.0000]])
tensor([[0.2718, 1.0000, 0.0000, 0.0000, 0.0000, 0.0000]])
tensor([[-0.0162,  1.0000,  0.0000,  0.0000,  0.0000,  0.0000]])
tensor([[-0.5330,  1.0000,  0.0000,  0.0000,  0.0000,  0.0000]])
tensor([[0.6736, 1.0000, 0.0000, 0.0000, 0.0000, 0.0000]])
tensor([[0.3314, 1.0000, 0.0000, 0.0000, 0.0000, 0.0000]])
tensor([[-0.6324,  1.0000,  0.0000,  0.0000,  0.0000,  0.0000]])
tensor([[-0.3209,  1.0000,  0.0000,  0.0000,  1.0000,  0.0000]])
tensor([[0.4370, 1.0000, 0.0000, 0.0000, 0.0000, 0.0000]])
tensor([[0.1196, 1.0000, 0.0000, 0.0000, 0.0000, 0.0000]])
tensor([[-0.3388,  0.0000,  0.0000,  0.0000,  0.0000,  0.0000]])
tensor([[-0.6542,  1.0000,  0.0000,  0.0000,  0.0000,  0.0000]])
tensor([[0.4037, 1.0000, 0.0000, 0.0000, 0.0000, 0.0000]])
tensor([[0.3610, 1.0000, 0.0000, 0.0000, 1.0000, 0.0000]])
tensor([[-0.6742,  1.0000,  0.0000,  0.0000,  0.0000,  0.0000]])
tensor([[-0.0274,  1.0000,  0.0000,  0.0000,  0.0000,  0.0000]])
tensor([[0.1943, 1.0000, 0.0000, 0.0000, 0.0000, 0.0000]])
tensor([[-0.2720,  0.0000,  0.0000,  0.0000,  0.0000,  0.0000]])
tensor([[-0.5440,  1.0000,  0.0000,  0.0000,  0.0000,  0.0000]])
tensor([[-0.1696,  1.0000,  0.0000,  0.0000,  0.0000,  0.0000]])
tensor([[0.3841, 1.0000, 0.0000, 0.0000, 0.0000, 0.0000]])
tensor([[-0.5239,  0.0000,  0.0000,  0.0000,  0.0000,  0.0000]])
tensor([[-0.5235,  1.0000,  0.0000,  0.0000,  0.0000,  0.0000]])
tensor([[0.4244, 1.0000, 0.0000, 0.0000, 0.0000, 1.0000]])
tensor([[-0.4614,  1.0000,  0.0000,  0.0000,  0.0000,  0.0000]])
tensor([[-0.4492,  1.0000,  0.0000,  0.0000,  0.0000,  0.0000]])
tensor([[-0.6725,  1.0000,  0.0000,  0.0000,  0.0000,  0.0000]])
tensor([[0.1601, 1.0000, 0.0000, 0.0000, 0.0000, 0.0000]])
tensor([[-0.4756,  0.0000,  0.0000,  0.0000,  0.0000,  0.0000]])
tensor([[-0.5542,  1.0000,  0.0000,  0.0000,  0.0000,  0.0000]])
tensor([[0.2521, 0.0000, 0.0000, 0.0000, 0.0000, 0.0000]])
tensor([[-0.4691,  0.0000,  0.0000,  0.0000,  0.0000,  0.0000]])
tensor([[-0.9154,  0.0000,  0.0000,  0.0000,  0.0000,  0.0000]])
tensor([[-0.8907,  0.0000,  0.0000,  0.0000,  0.0000,  0.0000]])
tensor([[0.7101, 0.0000, 0.0000, 0.0000, 0.0000, 0.0000]])
tensor([[-0.9738,  1.0000,  0.0000,  0.0000,  0.0000,  0.0000]])
tensor([[-0.2924,  1.0000,  0.0000,  0.0000,  0.0000,  0.0000]])
tensor([[0.9096, 1.0000, 0.0000, 0.0000, 0.0000, 0.0000]])
tensor([[-0.9008,  0.0000,  0.0000,  0.0000,  0.0000,  0.0000]])
tensor([[-0.7607,  0.0000,  0.0000,  0.0000,  0.0000,  0.0000]])
tensor([[0.0568, 0.0000, 0.0000, 0.0000, 0.0000, 0.0000]])
tensor([[-0.5681,  1.0000,  0.0000,  0.0000,  0.0000,  0.0000]])
tensor([[0.8892, 1.0000, 0.0000, 0.0000, 0.0000, 0.0000]])
tensor([[-0.7798,  1.0000,  0.0000,  0.0000,  0.0000,  0.0000]])
tensor([[-0.2263,  1.0000,  0.0000,  0.0000,  0.0000,  0.0000]])
tensor([[0.8511, 1.0000, 0.0000, 0.0000, 0.0000, 0.0000]])
tensor([[0.0712, 1.0000, 0.0000, 0.0000, 0.0000, 0.0000]])
tensor([[-0.9308,  1.0000,  0.0000,  0.0000,  0.0000,  0.0000]])
tensor([[-0.5544,  0.0000,  0.0000,  0.0000,  0.0000,  0.0000]])
tensor([[0.9873, 1.0000, 0.0000, 0.0000, 0.0000, 0.0000]])
tensor([[0.7763, 1.0000, 0.0000, 0.0000, 0.0000, 0.0000]])
tensor([[0.9626, 1.0000, 0.0000, 0.0000, 0.0000, 0.0000]])
tensor([[0.3366, 1.0000, 0.0000, 0.0000, 0.0000, 0.0000]])
tensor([[0.2440, 1.0000, 0.0000, 0.0000, 0.0000, 0.0000]])
tensor([[0.0144, 1.0000, 0.0000, 0.0000, 0.0000, 0.0000]])
tensor([[0.2354, 0.0000, 0.0000, 0.0000, 0.0000, 0.0000]])
tensor([[-0.9985,  0.0000,  0.0000,  0.0000,  0.0000,  0.0000]])
tensor([[-0.8958,  1.0000,  0.0000,  0.0000,  0.0000,  0.0000]])
tensor([[-0.8603,  1.0000,  0.0000,  0.0000,  0.0000,  0.0000]])
tensor([[0.9390, 1.0000, 0.0000, 0.0000, 0.0000, 0.0000]])
tensor([[0.9972, 1.0000, 0.0000, 0.0000, 0.0000, 0.0000]])
tensor([[0.9635, 1.0000, 0.0000, 0.0000, 0.0000, 0.0000]])
tensor([[0.4585, 1.0000, 0.0000, 0.0000, 0.0000, 0.0000]])
tensor([[-0.9717,  1.0000,  0.0000,  0.0000,  0.0000,  0.0000]])
tensor([[0.4205, 1.0000, 0.0000, 0.0000, 0.0000, 0.0000]])
tensor([[-0.4914,  1.0000,  0.0000,  0.0000,  0.0000,  0.0000]])
tensor([[0.7344, 1.0000, 0.0000, 0.0000, 0.0000, 0.0000]])
tensor([[0.8559, 1.0000, 0.0000, 0.0000, 0.0000, 0.0000]])
tensor([[-0.6842,  1.0000,  0.0000,  0.0000,  0.0000,  0.0000]])
tensor([[0.8362, 1.0000, 0.0000, 0.0000, 0.0000, 0.0000]])
tensor([[0.7763, 1.0000, 0.0000, 0.0000, 0.0000, 0.0000]])
tensor([[-0.2312,  1.0000,  0.0000,  0.0000,  0.0000,  0.0000]])
tensor([[0.9927, 1.0000, 0.0000, 0.0000, 0.0000, 0.0000]])
tensor([[0.9991, 1.0000, 0.0000, 0.0000, 0.0000, 0.0000]])
tensor([[0.9994, 1.0000, 0.0000, 0.0000, 0.0000, 0.0000]])
tensor([[0.9710, 0.0000, 0.0000, 0.0000, 0.0000, 0.0000]])
tensor([[0.8474, 1.0000, 0.0000, 0.0000, 0.0000, 0.0000]])
tensor([[-0.9778,  1.0000,  0.0000,  0.0000,  0.0000,  0.0000]])
tensor([[-0.9168,  1.0000,  0.0000,  0.0000,  0.0000,  0.0000]])
tensor([[-0.3830,  1.0000,  0.0000,  0.0000,  0.0000,  0.0000]])
tensor([[-0.6047,  1.0000,  0.0000,  0.0000,  0.0000,  0.0000]])
tensor([[0.5133, 1.0000, 0.0000, 0.0000, 0.0000, 0.0000]])
tensor([[0.9854, 0.0000, 0.0000, 0.0000, 0.0000, 0.0000]])
tensor([[0.9975, 0.0000, 0.0000, 0.0000, 0.0000, 0.0000]])
tensor([[0.9999, 1.0000, 0.0000, 0.0000, 0.0000, 0.0000]])
tensor([[0.9881, 1.0000, 0.0000, 0.0000, 0.0000, 0.0000]])
tensor([[0.8361, 0.0000, 0.0000, 0.0000, 0.0000, 0.0000]])
tensor([[-0.9226,  1.0000,  0.0000,  0.0000,  0.0000,  0.0000]])
tensor([[-0.6693,  1.0000,  0.0000,  0.0000,  0.0000,  0.0000]])
tensor([[-0.8588,  0.0000,  0.0000,  0.0000,  0.0000,  0.0000]])
tensor([[0.9924, 1.0000, 0.0000, 0.0000, 0.0000, 0.0000]])
tensor([[0.9989, 1.0000, 0.0000, 0.0000, 0.0000, 0.0000]])
tensor([[0.9725, 1.0000, 0.0000, 0.0000, 0.0000, 0.0000]])
tensor([[0.9987, 1.0000, 0.0000, 0.0000, 0.0000, 0.0000]])
tensor([[0.8797, 1.0000, 0.0000, 0.0000, 0.0000, 0.0000]])
tensor([[0.4869, 0.0000, 0.0000, 0.0000, 1.0000, 0.0000]])
tensor([[-0.5830,  1.0000,  0.0000,  0.0000,  0.0000,  0.0000]])
tensor([[-0.6285,  1.0000,  0.0000,  0.0000,  0.0000,  0.0000]])
tensor([[0.6757, 1.0000, 1.0000, 0.0000, 0.0000, 0.0000]])
tensor([[0.3242, 1.0000, 0.0000, 0.0000, 0.0000, 0.0000]])
tensor([[0.7562, 1.0000, 0.0000, 0.0000, 0.0000, 0.0000]])
tensor([[0.3016, 1.0000, 0.0000, 0.0000, 0.0000, 0.0000]])
tensor([[0.7361, 1.0000, 0.0000, 0.0000, 0.0000, 0.0000]])
tensor([[-0.2112,  0.0000,  0.0000,  0.0000,  0.0000,  1.0000]])
tensor([[-0.1527,  1.0000,  0.0000,  0.0000,  0.0000,  0.0000]])
tensor([[0.2324, 1.0000, 1.0000, 0.0000, 0.0000, 0.0000]])
tensor([[0.3566, 1.0000, 0.0000, 0.0000, 0.0000, 0.0000]])
tensor([[-0.3080,  1.0000,  0.0000,  0.0000,  0.0000,  0.0000]])
tensor([[0.0487, 1.0000, 0.0000, 0.0000, 0.0000, 0.0000]])
tensor([[-0.1386,  1.0000,  0.0000,  0.0000,  0.0000,  0.0000]])
tensor([[-0.4957,  0.0000,  0.0000,  0.0000,  0.0000,  0.0000]])
tensor([[-0.5420,  1.0000,  0.0000,  0.0000,  0.0000,  0.0000]])
tensor([[-0.1169,  1.0000,  0.0000,  0.0000,  0.0000,  0.0000]])
tensor([[-0.2751,  1.0000,  0.0000,  0.0000,  0.0000,  0.0000]])
tensor([[-0.7235,  1.0000,  0.0000,  0.0000,  0.0000,  0.0000]])
tensor([[-0.3707,  1.0000,  1.0000,  0.0000,  1.0000,  0.0000]])
tensor([[0.3136, 1.0000, 0.0000, 0.0000, 0.0000, 0.0000]])
tensor([[-0.9445,  0.0000,  0.0000,  0.0000,  0.0000,  0.0000]])
tensor([[-0.9168,  0.0000,  0.0000,  0.0000,  0.0000,  0.0000]])
tensor([[-0.9838,  1.0000,  0.0000,  0.0000,  0.0000,  0.0000]])
tensor([[-0.6824,  0.0000,  0.0000,  0.0000,  0.0000,  0.0000]])
tensor([[0.5766, 1.0000, 0.0000, 0.0000, 0.0000, 0.0000]])
tensor([[-0.8944,  1.0000,  0.0000,  0.0000,  0.0000,  0.0000]])
tensor([[-0.7438,  0.0000,  0.0000,  0.0000,  0.0000,  0.0000]])
tensor([[-0.7135,  1.0000,  0.0000,  0.0000,  0.0000,  0.0000]])
tensor([[0.0681, 1.0000, 0.0000, 0.0000, 0.0000, 0.0000]])
tensor([[0.5661, 1.0000, 0.0000, 0.0000, 0.0000, 0.0000]])
tensor([[-0.5928,  0.0000,  0.0000,  0.0000,  0.0000,  0.0000]])
tensor([[0.4278, 1.0000, 0.0000, 0.0000, 0.0000, 0.0000]])
tensor([[-0.3280,  1.0000,  1.0000,  0.0000,  0.0000,  0.0000]])
tensor([[0.3616, 1.0000, 0.0000, 0.0000, 0.0000, 0.0000]])
tensor([[0.9742, 1.0000, 0.0000, 0.0000, 0.0000, 0.0000]])
tensor([[0.9845, 1.0000, 0.0000, 0.0000, 0.0000, 0.0000]])
tensor([[-0.3504,  1.0000,  0.0000,  0.0000,  0.0000,  0.0000]])
tensor([[0.9982, 1.0000, 0.0000, 0.0000, 0.0000, 0.0000]])
tensor([[0.4074, 1.0000, 0.0000, 0.0000, 0.0000, 0.0000]])
tensor([[-0.2834,  1.0000,  0.0000,  0.0000,  0.0000,  0.0000]])
tensor([[-0.8113,  1.0000,  0.0000,  0.0000,  0.0000,  0.0000]])
tensor([[0.9918, 0.0000, 0.0000, 0.0000, 0.0000, 0.0000]])
tensor([[0.9965, 1.0000, 0.0000, 0.0000, 0.0000, 0.0000]])
tensor([[0.9998, 1.0000, 0.0000, 0.0000, 0.0000, 0.0000]])
tensor([[0.8347, 0.0000, 0.0000, 0.0000, 0.0000, 1.0000]])
tensor([[0.9605, 1.0000, 0.0000, 0.0000, 0.0000, 0.0000]])
tensor([[-0.6087,  0.0000,  0.0000,  1.0000,  0.0000,  0.0000]])
tensor([[0.8755, 1.0000, 0.0000, 0.0000, 1.0000, 0.0000]])
tensor([[0.9233, 1.0000, 0.0000, 0.0000, 0.0000, 0.0000]])
tensor([[0.9128, 1.0000, 0.0000, 0.0000, 0.0000, 0.0000]])
tensor([[-0.5732,  0.0000,  0.0000,  0.0000,  0.0000,  0.0000]])
tensor([[-0.5393,  1.0000,  0.0000,  0.0000,  0.0000,  0.0000]])
tensor([[0.2936, 1.0000, 0.0000, 0.0000, 1.0000, 0.0000]])
tensor([[0.6209, 1.0000, 0.0000, 0.0000, 0.0000, 0.0000]])
tensor([[0.5255, 1.0000, 0.0000, 0.0000, 0.0000, 0.0000]])
tensor([[-0.5601,  1.0000,  0.0000,  0.0000,  0.0000,  0.0000]])
tensor([[-0.6683,  0.0000,  0.0000,  0.0000,  1.0000,  0.0000]])
tensor([[0.3121, 1.0000, 0.0000, 0.0000, 0.0000, 0.0000]])
tensor([[0.9419, 1.0000, 0.0000, 0.0000, 0.0000, 0.0000]])
tensor([[0.2763, 1.0000, 0.0000, 0.0000, 0.0000, 0.0000]])
tensor([[-0.3713,  1.0000,  0.0000,  0.0000,  0.0000,  0.0000]])
tensor([[-0.1515,  1.0000,  0.0000,  0.0000,  0.0000,  0.0000]])
tensor([[0.0521, 1.0000, 0.0000, 0.0000, 0.0000, 0.0000]])
tensor([[0.4513, 0.0000, 0.0000, 0.0000, 0.0000, 0.0000]])
tensor([[0.1093, 0.0000, 0.0000, 0.0000, 0.0000, 0.0000]])
tensor([[-0.2601,  1.0000,  0.0000,  0.0000,  0.0000,  0.0000]])
tensor([[-0.1705,  1.0000,  0.0000,  0.0000,  1.0000,  0.0000]])
tensor([[-0.0174,  0.0000,  0.0000,  0.0000,  0.0000,  0.0000]])
tensor([[-0.3315,  1.0000,  0.0000,  0.0000,  0.0000,  0.0000]])
tensor([[0.9321, 1.0000, 0.0000, 0.0000, 0.0000, 0.0000]])
tensor([[0.5016, 0.0000, 0.0000, 0.0000, 0.0000, 0.0000]])
tensor([[-0.3342,  1.0000,  0.0000,  0.0000,  0.0000,  0.0000]])
tensor([[0.2102, 1.0000, 0.0000, 1.0000, 0.0000, 0.0000]])
tensor([[-0.1040,  1.0000,  0.0000,  0.0000,  0.0000,  0.0000]])
tensor([[-0.9810,  1.0000,  0.0000,  0.0000,  0.0000,  0.0000]])
tensor([[-0.8944,  1.0000,  0.0000,  0.0000,  0.0000,  0.0000]])
tensor([[-0.3831,  0.0000,  0.0000,  0.0000,  0.0000,  0.0000]])
tensor([[0.6635, 1.0000, 0.0000, 0.0000, 0.0000, 0.0000]])
tensor([[0.7203, 1.0000, 0.0000, 0.0000, 0.0000, 0.0000]])
tensor([[-0.1228,  0.0000,  0.0000,  0.0000,  0.0000,  0.0000]])
tensor([[-0.5965,  1.0000,  0.0000,  0.0000,  0.0000,  0.0000]])
tensor([[-0.1571,  0.0000,  1.0000,  0.0000,  0.0000,  0.0000]])
tensor([[-0.8236,  1.0000,  0.0000,  0.0000,  0.0000,  0.0000]])
tensor([[-0.0812,  1.0000,  0.0000,  0.0000,  0.0000,  0.0000]])
tensor([[0.3942, 1.0000, 0.0000, 0.0000, 0.0000, 0.0000]])
tensor([[0.5933, 1.0000, 0.0000, 0.0000, 0.0000, 0.0000]])
tensor([[0.8910, 0.0000, 0.0000, 0.0000, 0.0000, 0.0000]])
tensor([[0.2463, 1.0000, 0.0000, 0.0000, 0.0000, 0.0000]])
tensor([[-0.1239,  1.0000,  0.0000,  0.0000,  0.0000,  0.0000]])
tensor([[-0.1226,  1.0000,  0.0000,  0.0000,  0.0000,  0.0000]])
tensor([[0.1092, 1.0000, 0.0000, 0.0000, 0.0000, 0.0000]])
tensor([[0.2065, 1.0000, 0.0000, 0.0000, 0.0000, 0.0000]])
tensor([[-0.4581,  1.0000,  1.0000,  0.0000,  0.0000,  0.0000]])
tensor([[0.4022, 1.0000, 0.0000, 0.0000, 0.0000, 0.0000]])
tensor([[0.2375, 1.0000, 0.0000, 0.0000, 0.0000, 0.0000]])
tensor([[-0.4043,  1.0000,  0.0000,  0.0000,  0.0000,  0.0000]])
tensor([[-0.5188,  1.0000,  0.0000,  0.0000,  0.0000,  0.0000]])
tensor([[0.3517, 0.0000, 0.0000, 0.0000, 0.0000, 0.0000]])
tensor([[-0.2718,  1.0000,  0.0000,  0.0000,  0.0000,  0.0000]])
tensor([[-0.4617,  1.0000,  0.0000,  0.0000,  0.0000,  0.0000]])
tensor([[-0.2149,  1.0000,  0.0000,  0.0000,  0.0000,  0.0000]])
tensor([[-0.0716,  1.0000,  0.0000,  0.0000,  0.0000,  0.0000]])
tensor([[-0.1329,  1.0000,  0.0000,  0.0000,  0.0000,  0.0000]])
tensor([[-0.2592,  1.0000,  0.0000,  0.0000,  0.0000,  0.0000]])
tensor([[0.2784, 1.0000, 0.0000, 0.0000, 0.0000, 0.0000]])
tensor([[-0.5518,  1.0000,  0.0000,  0.0000,  0.0000,  0.0000]])
tensor([[-0.9159,  0.0000,  0.0000,  0.0000,  1.0000,  0.0000]])
tensor([[-0.8871,  1.0000,  0.0000,  0.0000,  1.0000,  0.0000]])
tensor([[0.4997, 1.0000, 0.0000, 0.0000, 0.0000, 0.0000]])
tensor([[0.3293, 1.0000, 0.0000, 0.0000, 0.0000, 0.0000]])
tensor([[-0.5016,  0.0000,  0.0000,  0.0000,  0.0000,  0.0000]])
tensor([[-0.9139,  0.0000,  0.0000,  1.0000,  0.0000,  0.0000]])
tensor([[-0.7912,  1.0000,  0.0000,  0.0000,  0.0000,  0.0000]])
tensor([[0.3335, 1.0000, 0.0000, 0.0000, 0.0000, 0.0000]])
tensor([[0.9912, 1.0000, 0.0000, 0.0000, 0.0000, 0.0000]])
tensor([[-0.3943,  1.0000,  0.0000,  0.0000,  0.0000,  0.0000]])
tensor([[-0.0817,  1.0000,  0.0000,  0.0000,  0.0000,  0.0000]])
tensor([[-0.6939,  1.0000,  0.0000,  0.0000,  0.0000,  0.0000]])
tensor([[0.0266, 0.0000, 0.0000, 0.0000, 0.0000, 0.0000]])
tensor([[-0.7535,  0.0000,  0.0000,  0.0000,  0.0000,  0.0000]])
tensor([[-0.7135,  1.0000,  0.0000,  0.0000,  0.0000,  0.0000]])
tensor([[0.9978, 1.0000, 0.0000, 0.0000, 0.0000, 0.0000]])
tensor([[0.9888, 1.0000, 0.0000, 0.0000, 0.0000, 0.0000]])
tensor([[0.5318, 1.0000, 0.0000, 0.0000, 0.0000, 0.0000]])
tensor([[-0.9944,  1.0000,  0.0000,  0.0000,  0.0000,  0.0000]])
tensor([[-0.9803,  0.0000,  0.0000,  0.0000,  0.0000,  0.0000]])
tensor([[-0.8889,  0.0000,  0.0000,  0.0000,  0.0000,  0.0000]])
tensor([[-0.7390,  1.0000,  0.0000,  0.0000,  0.0000,  0.0000]])
tensor([[0.7489, 0.0000, 1.0000, 0.0000, 0.0000, 0.0000]])
tensor([[-0.7545,  1.0000,  1.0000,  0.0000,  0.0000,  0.0000]])
tensor([[-0.0557,  0.0000,  0.0000,  0.0000,  0.0000,  0.0000]])
tensor([[0.8734, 0.0000, 0.0000, 0.0000, 0.0000, 0.0000]])
tensor([[0.9933, 1.0000, 0.0000, 0.0000, 0.0000, 0.0000]])
tensor([[0.3870, 1.0000, 0.0000, 0.0000, 0.0000, 1.0000]])
tensor([[-0.9476,  1.0000,  0.0000,  0.0000,  0.0000,  0.0000]])
tensor([[-0.9970,  0.0000,  0.0000,  0.0000,  0.0000,  0.0000]])
tensor([[-0.9936,  0.0000,  0.0000,  0.0000,  0.0000,  0.0000]])
tensor([[0.9983, 0.0000, 0.0000, 0.0000, 0.0000, 0.0000]])
tensor([[0.9856, 1.0000, 0.0000, 0.0000, 0.0000, 0.0000]])
tensor([[0.9958, 1.0000, 0.0000, 0.0000, 0.0000, 0.0000]])
tensor([[0.9879, 1.0000, 0.0000, 0.0000, 1.0000, 0.0000]])
tensor([[0.5615, 1.0000, 0.0000, 0.0000, 0.0000, 0.0000]])
tensor([[-0.4942,  1.0000,  0.0000,  0.0000,  0.0000,  0.0000]])
tensor([[-0.9952,  0.0000,  0.0000,  0.0000,  0.0000,  0.0000]])
tensor([[-0.9906,  1.0000,  1.0000,  0.0000,  0.0000,  0.0000]])
tensor([[-0.1404,  1.0000,  0.0000,  0.0000,  0.0000,  0.0000]])
tensor([[-0.4316,  0.0000,  0.0000,  0.0000,  0.0000,  0.0000]])
tensor([[0.8956, 0.0000, 0.0000, 0.0000, 0.0000, 0.0000]])
tensor([[0.9315, 0.0000, 0.0000, 0.0000, 0.0000, 0.0000]])
tensor([[0.7828, 1.0000, 0.0000, 0.0000, 0.0000, 0.0000]])
tensor([[0.0587, 0.0000, 0.0000, 0.0000, 0.0000, 0.0000]])
tensor([[-0.9999,  0.0000,  1.0000,  0.0000,  0.0000,  0.0000]])
tensor([[-0.9999,  1.0000,  0.0000,  0.0000,  0.0000,  0.0000]])
tensor([[-0.9997,  0.0000,  0.0000,  0.0000,  0.0000,  0.0000]])
tensor([[-0.9987,  0.0000,  0.0000,  0.0000,  0.0000,  0.0000]])
tensor([[0.7161, 1.0000, 0.0000, 0.0000, 0.0000, 0.0000]])
tensor([[0.4206, 0.0000, 0.0000, 0.0000, 0.0000, 0.0000]])
tensor([[0.1217, 0.0000, 0.0000, 0.0000, 0.0000, 0.0000]])
tensor([[0.2104, 1.0000, 0.0000, 0.0000, 0.0000, 0.0000]])
tensor([[0.3151, 0.0000, 0.0000, 0.0000, 0.0000, 0.0000]])
tensor([[0.9822, 0.0000, 0.0000, 0.0000, 0.0000, 0.0000]])
tensor([[0.6061, 1.0000, 0.0000, 0.0000, 0.0000, 0.0000]])
tensor([[0.9092, 1.0000, 0.0000, 0.0000, 0.0000, 0.0000]])
tensor([[0.9585, 1.0000, 0.0000, 0.0000, 0.0000, 0.0000]])
tensor([[0.8834, 1.0000, 0.0000, 0.0000, 0.0000, 0.0000]])
tensor([[0.9411, 1.0000, 0.0000, 0.0000, 0.0000, 0.0000]])
tensor([[0.9967, 1.0000, 0.0000, 0.0000, 0.0000, 0.0000]])
tensor([[0.9896, 1.0000, 0.0000, 0.0000, 0.0000, 0.0000]])
tensor([[0.8788, 0.0000, 0.0000, 0.0000, 1.0000, 0.0000]])
tensor([[-0.9905,  1.0000,  0.0000,  0.0000,  0.0000,  0.0000]])
tensor([[-0.9988,  0.0000,  0.0000,  0.0000,  0.0000,  0.0000]])
tensor([[-0.9781,  1.0000,  0.0000,  0.0000,  0.0000,  0.0000]])
tensor([[-0.9999,  1.0000,  0.0000,  0.0000,  0.0000,  0.0000]])
tensor([[-0.9866,  0.0000,  0.0000,  0.0000,  0.0000,  0.0000]])
tensor([[-0.7611,  1.0000,  0.0000,  0.0000,  0.0000,  0.0000]])
tensor([[0.7750, 1.0000, 0.0000, 0.0000, 0.0000, 0.0000]])
tensor([[0.9797, 1.0000, 0.0000, 0.0000, 0.0000, 0.0000]])
tensor([[0.9913, 1.0000, 0.0000, 0.0000, 0.0000, 0.0000]])
tensor([[0.9868, 1.0000, 0.0000, 0.0000, 0.0000, 0.0000]])
tensor([[0.9849, 1.0000, 0.0000, 0.0000, 0.0000, 0.0000]])
tensor([[0.8073, 1.0000, 0.0000, 0.0000, 0.0000, 0.0000]])
tensor([[0.9994, 1.0000, 0.0000, 0.0000, 0.0000, 0.0000]])
tensor([[0.4829, 1.0000, 0.0000, 0.0000, 0.0000, 0.0000]])
tensor([[-0.9010,  1.0000,  0.0000,  0.0000,  0.0000,  0.0000]])
tensor([[-0.9322,  1.0000,  0.0000,  0.0000,  0.0000,  0.0000]])
tensor([[-0.9622,  1.0000,  0.0000,  0.0000,  0.0000,  0.0000]])
tensor([[-0.8351,  1.0000,  0.0000,  0.0000,  0.0000,  0.0000]])
tensor([[0.9826, 0.0000, 0.0000, 0.0000, 0.0000, 0.0000]])
tensor([[0.8897, 0.0000, 0.0000, 0.0000, 0.0000, 0.0000]])
tensor([[0.9367, 1.0000, 0.0000, 0.0000, 0.0000, 0.0000]])
tensor([[0.9360, 1.0000, 0.0000, 0.0000, 0.0000, 0.0000]])
tensor([[0.9978, 1.0000, 0.0000, 0.0000, 0.0000, 0.0000]])
tensor([[0.9979, 1.0000, 0.0000, 0.0000, 0.0000, 0.0000]])
tensor([[0.6667, 1.0000, 0.0000, 0.0000, 0.0000, 0.0000]])
tensor([[-0.8906,  1.0000,  0.0000,  0.0000,  0.0000,  0.0000]])
tensor([[-0.8803,  0.0000,  0.0000,  0.0000,  0.0000,  0.0000]])
tensor([[-0.9252,  1.0000,  0.0000,  0.0000,  0.0000,  0.0000]])
tensor([[0.8749, 1.0000, 0.0000, 0.0000, 0.0000, 0.0000]])
tensor([[0.9572, 1.0000, 0.0000, 0.0000, 0.0000, 0.0000]])
tensor([[0.9572, 0.0000, 0.0000, 0.0000, 0.0000, 0.0000]])
tensor([[-0.7730,  1.0000,  0.0000,  0.0000,  0.0000,  0.0000]])
tensor([[-0.6726,  1.0000,  0.0000,  0.0000,  0.0000,  1.0000]])
tensor([[0.9996, 1.0000, 0.0000, 0.0000, 0.0000, 0.0000]])
tensor([[0.8659, 0.0000, 1.0000, 0.0000, 0.0000, 0.0000]])
tensor([[0.9816, 1.0000, 0.0000, 0.0000, 0.0000, 0.0000]])
tensor([[-0.9308,  0.0000,  1.0000,  0.0000,  0.0000,  0.0000]])
tensor([[-0.9255,  1.0000,  0.0000,  0.0000,  0.0000,  0.0000]])
tensor([[0.9967, 1.0000, 0.0000, 0.0000, 0.0000, 0.0000]])
tensor([[0.9473, 0.0000, 0.0000, 0.0000, 0.0000, 0.0000]])
tensor([[0.4044, 1.0000, 0.0000, 0.0000, 0.0000, 0.0000]])
tensor([[-0.9320,  0.0000,  0.0000,  0.0000,  0.0000,  0.0000]])
tensor([[-0.8342,  1.0000,  0.0000,  0.0000,  0.0000,  0.0000]])
tensor([[0.9946, 1.0000, 0.0000, 0.0000, 1.0000, 0.0000]])
tensor([[0.9846, 1.0000, 0.0000, 0.0000, 0.0000, 0.0000]])
tensor([[-0.6644,  0.0000,  0.0000,  0.0000,  0.0000,  0.0000]])
tensor([[0.7307, 1.0000, 0.0000, 0.0000, 0.0000, 0.0000]])
tensor([[-0.4672,  1.0000,  0.0000,  0.0000,  0.0000,  0.0000]])
tensor([[-0.8852,  1.0000,  0.0000,  0.0000,  1.0000,  0.0000]])
tensor([[0.9974, 1.0000, 0.0000, 0.0000, 0.0000, 0.0000]])
tensor([[0.9786, 1.0000, 0.0000, 0.0000, 1.0000, 0.0000]])
tensor([[0.1531, 1.0000, 0.0000, 0.0000, 0.0000, 0.0000]])
tensor([[-0.6546,  1.0000,  0.0000,  0.0000,  0.0000,  0.0000]])
tensor([[0.3973, 1.0000, 0.0000, 0.0000, 0.0000, 0.0000]])
tensor([[0.9261, 0.0000, 0.0000, 0.0000, 0.0000, 0.0000]])
tensor([[-0.7924,  1.0000,  0.0000,  0.0000,  0.0000,  0.0000]])
tensor([[-0.9165,  1.0000,  0.0000,  0.0000,  0.0000,  0.0000]])
tensor([[0.9592, 1.0000, 0.0000, 0.0000, 0.0000, 0.0000]])
tensor([[0.6303, 1.0000, 0.0000, 0.0000, 0.0000, 0.0000]])
tensor([[-0.5156,  0.0000,  0.0000,  0.0000,  0.0000,  0.0000]])
tensor([[-0.5880,  1.0000,  0.0000,  0.0000,  0.0000,  0.0000]])
tensor([[0.6216, 0.0000, 1.0000, 0.0000, 0.0000, 0.0000]])
tensor([[0.6041, 1.0000, 0.0000, 0.0000, 0.0000, 0.0000]])
tensor([[-0.8140,  1.0000,  0.0000,  0.0000,  0.0000,  0.0000]])
tensor([[0.1069, 0.0000, 0.0000, 0.0000, 0.0000, 0.0000]])
tensor([[0.6733, 0.0000, 0.0000, 0.0000, 0.0000, 0.0000]])
tensor([[-0.4490,  0.0000,  1.0000,  0.0000,  0.0000,  0.0000]])
tensor([[-0.3056,  1.0000,  0.0000,  0.0000,  0.0000,  0.0000]])
tensor([[0.7468, 1.0000, 0.0000, 0.0000, 0.0000, 0.0000]])
INFO:root:Agent 0 (TQCars): avg action time = 0.0015s
tensor([[-0.4345,  0.0000,  0.0000,  0.0000,  0.0000,  0.0000]])
tensor([[0.0356, 1.0000, 0.0000, 0.0000, 0.0000, 0.0000]])
tensor([[0.1268, 1.0000, 0.0000, 0.0000, 0.0000, 0.0000]])
tensor([[0.0965, 0.0000, 0.0000, 0.0000, 0.0000, 0.0000]])
tensor([[0.1268, 1.0000, 0.0000, 0.0000, 0.0000, 0.0000]])
tensor([[0.1605, 1.0000, 0.0000, 0.0000, 0.0000, 0.0000]])
tensor([[0.2200, 1.0000, 0.0000, 0.0000, 0.0000, 0.0000]])
tensor([[-0.3893,  0.0000,  0.0000,  0.0000,  0.0000,  0.0000]])
tensor([[0.4294, 1.0000, 0.0000, 0.0000, 0.0000, 0.0000]])
tensor([[-0.4390,  1.0000,  0.0000,  0.0000,  0.0000,  0.0000]])
tensor([[0.4229, 1.0000, 0.0000, 0.0000, 0.0000, 0.0000]])
tensor([[0.3161, 0.0000, 0.0000, 0.0000, 0.0000, 0.0000]])
tensor([[-0.1699,  1.0000,  0.0000,  0.0000,  0.0000,  0.0000]])
tensor([[-0.0554,  1.0000,  0.0000,  0.0000,  0.0000,  0.0000]])
tensor([[0.9956, 1.0000, 0.0000, 1.0000, 0.0000, 0.0000]])
tensor([[0.8409, 0.0000, 0.0000, 0.0000, 0.0000, 0.0000]])
tensor([[0.7698, 0.0000, 0.0000, 0.0000, 0.0000, 0.0000]])
tensor([[0.1160, 0.0000, 0.0000, 0.0000, 1.0000, 0.0000]])
tensor([[0.8915, 0.0000, 0.0000, 0.0000, 0.0000, 0.0000]])
tensor([[-0.4635,  1.0000,  0.0000,  0.0000,  0.0000,  0.0000]])
tensor([[-0.5434,  1.0000,  0.0000,  0.0000,  0.0000,  0.0000]])
tensor([[0.2683, 1.0000, 0.0000, 0.0000, 0.0000, 0.0000]])
tensor([[-0.9051,  0.0000,  0.0000,  0.0000,  0.0000,  0.0000]])
tensor([[-0.9814,  1.0000,  1.0000,  0.0000,  0.0000,  0.0000]])
tensor([[-0.4059,  1.0000,  0.0000,  0.0000,  0.0000,  0.0000]])
tensor([[0.9029, 1.0000, 0.0000, 0.0000, 0.0000, 0.0000]])
tensor([[0.6339, 1.0000, 0.0000, 0.0000, 0.0000, 0.0000]])
tensor([[-0.8034,  1.0000,  0.0000,  0.0000,  0.0000,  0.0000]])
tensor([[-0.2870,  1.0000,  0.0000,  0.0000,  0.0000,  0.0000]])
tensor([[0.4589, 1.0000, 0.0000, 0.0000, 0.0000, 0.0000]])
tensor([[0.1170, 0.0000, 0.0000, 0.0000, 0.0000, 0.0000]])
tensor([[-0.4641,  1.0000,  1.0000,  0.0000,  0.0000,  0.0000]])
tensor([[-0.3419,  1.0000,  0.0000,  0.0000,  0.0000,  0.0000]])
tensor([[-0.1703,  1.0000,  0.0000,  0.0000,  0.0000,  0.0000]])
tensor([[-0.3358,  1.0000,  0.0000,  0.0000,  0.0000,  0.0000]])
tensor([[-0.1103,  1.0000,  0.0000,  0.0000,  0.0000,  0.0000]])
tensor([[0.0792, 1.0000, 0.0000, 0.0000, 0.0000, 0.0000]])
tensor([[0.3205, 0.0000, 0.0000, 0.0000, 0.0000, 0.0000]])
tensor([[-0.5692,  0.0000,  0.0000,  0.0000,  0.0000,  0.0000]])
tensor([[-0.2543,  1.0000,  0.0000,  0.0000,  0.0000,  0.0000]])
tensor([[-0.0163,  0.0000,  0.0000,  0.0000,  0.0000,  0.0000]])
tensor([[0.1570, 1.0000, 0.0000, 0.0000, 0.0000, 0.0000]])
tensor([[0.1851, 0.0000, 0.0000, 0.0000, 0.0000, 0.0000]])
tensor([[-0.9256,  1.0000,  0.0000,  0.0000,  0.0000,  0.0000]])
tensor([[-0.8313,  1.0000,  0.0000,  0.0000,  0.0000,  0.0000]])
tensor([[-0.9738,  1.0000,  0.0000,  0.0000,  0.0000,  0.0000]])
tensor([[0.9610, 1.0000, 0.0000, 0.0000, 0.0000, 0.0000]])
tensor([[0.9822, 1.0000, 0.0000, 0.0000, 0.0000, 0.0000]])
tensor([[0.9502, 1.0000, 0.0000, 0.0000, 0.0000, 0.0000]])
tensor([[0.5370, 1.0000, 0.0000, 0.0000, 0.0000, 0.0000]])
tensor([[-0.7055,  1.0000,  0.0000,  0.0000,  0.0000,  0.0000]])
tensor([[-0.3015,  1.0000,  0.0000,  0.0000,  0.0000,  0.0000]])
tensor([[-0.9868,  0.0000,  0.0000,  0.0000,  0.0000,  0.0000]])
tensor([[-0.7370,  1.0000,  0.0000,  0.0000,  0.0000,  0.0000]])
tensor([[-0.7045,  1.0000,  0.0000,  0.0000,  0.0000,  0.0000]])
tensor([[0.0037, 1.0000, 0.0000, 0.0000, 0.0000, 0.0000]])
tensor([[0.7952, 0.0000, 0.0000, 0.0000, 0.0000, 0.0000]])
tensor([[0.0961, 0.0000, 0.0000, 0.0000, 0.0000, 0.0000]])
tensor([[-0.9880,  0.0000,  0.0000,  0.0000,  0.0000,  0.0000]])
tensor([[0.1889, 0.0000, 0.0000, 0.0000, 0.0000, 0.0000]])
tensor([[0.9450, 1.0000, 0.0000, 0.0000, 0.0000, 0.0000]])
tensor([[0.2617, 1.0000, 0.0000, 0.0000, 0.0000, 0.0000]])
tensor([[-0.9089,  1.0000,  0.0000,  0.0000,  0.0000,  0.0000]])
tensor([[0.1009, 1.0000, 0.0000, 0.0000, 0.0000, 0.0000]])
tensor([[0.8487, 1.0000, 0.0000, 0.0000, 0.0000, 0.0000]])
tensor([[-0.6976,  1.0000,  0.0000,  0.0000,  0.0000,  0.0000]])
tensor([[-0.5368,  1.0000,  0.0000,  0.0000,  0.0000,  0.0000]])
tensor([[0.7589, 1.0000, 0.0000, 0.0000, 0.0000, 0.0000]])
tensor([[0.9351, 1.0000, 0.0000, 0.0000, 0.0000, 0.0000]])
tensor([[0.9993, 1.0000, 0.0000, 0.0000, 0.0000, 0.0000]])
tensor([[0.9954, 1.0000, 0.0000, 0.0000, 0.0000, 0.0000]])
tensor([[0.9829, 1.0000, 0.0000, 0.0000, 0.0000, 0.0000]])
tensor([[-0.6868,  1.0000,  0.0000,  0.0000,  0.0000,  0.0000]])
tensor([[0.9284, 1.0000, 0.0000, 0.0000, 0.0000, 0.0000]])
tensor([[0.7727, 1.0000, 0.0000, 0.0000, 0.0000, 0.0000]])
tensor([[-0.7782,  1.0000,  0.0000,  0.0000,  0.0000,  0.0000]])
tensor([[-0.2956,  1.0000,  0.0000,  0.0000,  0.0000,  0.0000]])
tensor([[-0.9971,  1.0000,  0.0000,  0.0000,  0.0000,  0.0000]])
tensor([[0.5992, 0.0000, 0.0000, 0.0000, 0.0000, 0.0000]])
tensor([[0.8434, 0.0000, 0.0000, 0.0000, 0.0000, 0.0000]])
tensor([[0.8793, 1.0000, 0.0000, 0.0000, 0.0000, 0.0000]])
tensor([[0.6795, 0.0000, 0.0000, 0.0000, 0.0000, 0.0000]])
tensor([[0.0587, 1.0000, 0.0000, 0.0000, 0.0000, 0.0000]])
tensor([[0.1125, 1.0000, 0.0000, 0.0000, 0.0000, 0.0000]])
tensor([[0.2064, 0.0000, 0.0000, 0.0000, 0.0000, 0.0000]])
tensor([[-0.1000,  0.0000,  0.0000,  0.0000,  0.0000,  0.0000]])
tensor([[0.5619, 0.0000, 0.0000, 0.0000, 0.0000, 0.0000]])
tensor([[-0.2549,  1.0000,  0.0000,  0.0000,  0.0000,  0.0000]])
tensor([[0.3842, 1.0000, 0.0000, 0.0000, 0.0000, 0.0000]])
tensor([[0.5929, 1.0000, 0.0000, 0.0000, 0.0000, 0.0000]])
tensor([[0.9396, 1.0000, 0.0000, 0.0000, 0.0000, 0.0000]])
tensor([[0.9897, 1.0000, 0.0000, 0.0000, 0.0000, 0.0000]])
tensor([[0.9846, 1.0000, 0.0000, 0.0000, 0.0000, 0.0000]])
tensor([[0.5897, 1.0000, 0.0000, 0.0000, 0.0000, 0.0000]])
tensor([[0.5994, 1.0000, 0.0000, 0.0000, 0.0000, 0.0000]])
tensor([[-0.5925,  0.0000,  0.0000,  0.0000,  0.0000,  0.0000]])
tensor([[-0.8681,  0.0000,  0.0000,  0.0000,  0.0000,  0.0000]])
tensor([[-0.7845,  0.0000,  0.0000,  0.0000,  0.0000,  0.0000]])
tensor([[-0.8921,  0.0000,  0.0000,  0.0000,  0.0000,  0.0000]])
tensor([[0.9740, 0.0000, 0.0000, 0.0000, 0.0000, 0.0000]])
tensor([[0.9343, 1.0000, 0.0000, 0.0000, 0.0000, 1.0000]])
tensor([[0.9380, 1.0000, 0.0000, 0.0000, 0.0000, 0.0000]])
tensor([[0.9715, 1.0000, 0.0000, 0.0000, 0.0000, 0.0000]])
tensor([[0.9059, 1.0000, 0.0000, 0.0000, 0.0000, 0.0000]])
tensor([[0.9870, 1.0000, 0.0000, 0.0000, 0.0000, 0.0000]])
tensor([[0.9718, 0.0000, 0.0000, 0.0000, 0.0000, 0.0000]])
tensor([[0.9928, 1.0000, 0.0000, 0.0000, 0.0000, 0.0000]])
tensor([[0.9887, 1.0000, 0.0000, 0.0000, 0.0000, 0.0000]])
tensor([[0.9960, 1.0000, 0.0000, 0.0000, 1.0000, 0.0000]])
tensor([[0.9532, 1.0000, 0.0000, 0.0000, 0.0000, 0.0000]])
tensor([[0.9748, 1.0000, 0.0000, 0.0000, 0.0000, 0.0000]])
tensor([[0.9954, 0.0000, 0.0000, 0.0000, 0.0000, 0.0000]])
tensor([[0.9870, 1.0000, 0.0000, 0.0000, 0.0000, 0.0000]])
tensor([[0.9524, 1.0000, 0.0000, 0.0000, 0.0000, 0.0000]])
tensor([[0.9745, 1.0000, 0.0000, 0.0000, 0.0000, 0.0000]])
tensor([[-0.2120,  1.0000,  0.0000,  0.0000,  0.0000,  0.0000]])
tensor([[0.0092, 1.0000, 0.0000, 0.0000, 0.0000, 0.0000]])
tensor([[-0.5843,  0.0000,  0.0000,  0.0000,  0.0000,  0.0000]])
tensor([[-0.3195,  1.0000,  0.0000,  0.0000,  0.0000,  0.0000]])
tensor([[0.1435, 1.0000, 0.0000, 0.0000, 0.0000, 0.0000]])
tensor([[0.6347, 1.0000, 0.0000, 0.0000, 0.0000, 0.0000]])
tensor([[-0.0164,  0.0000,  0.0000,  0.0000,  0.0000,  0.0000]])
tensor([[-0.5678,  0.0000,  0.0000,  0.0000,  0.0000,  0.0000]])
tensor([[-0.9280,  1.0000,  0.0000,  0.0000,  0.0000,  0.0000]])
tensor([[-0.9864,  1.0000,  0.0000,  0.0000,  0.0000,  0.0000]])
tensor([[-0.9406,  1.0000,  0.0000,  0.0000,  0.0000,  0.0000]])
tensor([[-0.9156,  1.0000,  0.0000,  0.0000,  0.0000,  0.0000]])
tensor([[2.0076e-04, 1.0000e+00, 0.0000e+00, 0.0000e+00, 0.0000e+00, 0.0000e+00]])
tensor([[0.5852, 1.0000, 1.0000, 0.0000, 0.0000, 0.0000]])
tensor([[-0.4004,  1.0000,  0.0000,  0.0000,  0.0000,  0.0000]])
tensor([[-0.8966,  1.0000,  0.0000,  0.0000,  0.0000,  0.0000]])
tensor([[0.3835, 1.0000, 0.0000, 0.0000, 0.0000, 0.0000]])
{"type": "results", "track": "cocoa_temple", "results": [{"key": 0, "reward": 10.05264892578125, "position": 4, "name": "TQCars", "avg_action_time": 0.0015153841077542546}]}
