INFO:root:Loading the agents
INFO:root:Loaded player TQCars
INFO:root:Creating pystk-1
INFO:root:Adding wrapper <function get_wrappers.<locals>.<lambda> at 0x7ed84e303420>
INFO:root:Adding wrapper <function get_wrappers.<locals>.<lambda> at 0x7ed84e3034c0>
INFO:root:Adding wrapper <function get_wrappers.<locals>.<lambda> at 0x7ed84e303560>
INFO:root:Adding wrapper <function get_wrappers.<locals>.<lambda> at 0x7ed84e303600>
INFO:root:(multi-env mono adapter) Setting main environment max_paths to 5
INFO:root:Loading trained model from CHECKPOINT-GPUFAC/tqc_EXP12_1000000.pt...
INFO:root:Starting a race
tensor([[-0.5023,  0.0000,  0.0000,  0.0000,  0.0000,  0.0000]])
tensor([[0.0113, 0.0000, 0.0000, 0.0000, 0.0000, 0.0000]])
tensor([[-0.7678,  1.0000,  1.0000,  0.0000,  0.0000,  0.0000]])
tensor([[-0.7471,  1.0000,  0.0000,  0.0000,  0.0000,  0.0000]])
tensor([[-0.6656,  1.0000,  0.0000,  0.0000,  0.0000,  0.0000]])
tensor([[-0.9186,  0.0000,  0.0000,  0.0000,  0.0000,  0.0000]])
tensor([[-0.5859,  0.0000,  0.0000,  0.0000,  0.0000,  0.0000]])
tensor([[-0.5792,  0.0000,  0.0000,  0.0000,  0.0000,  0.0000]])
tensor([[-0.5602,  1.0000,  0.0000,  0.0000,  0.0000,  0.0000]])
tensor([[-0.8762,  1.0000,  1.0000,  0.0000,  0.0000,  0.0000]])
tensor([[-0.8989,  0.0000,  0.0000,  0.0000,  0.0000,  0.0000]])
tensor([[-0.4037,  1.0000,  0.0000,  0.0000,  0.0000,  0.0000]])
tensor([[-0.3818,  1.0000,  0.0000,  0.0000,  0.0000,  0.0000]])
tensor([[-0.8235,  1.0000,  0.0000,  0.0000,  0.0000,  0.0000]])
tensor([[-0.6245,  0.0000,  0.0000,  0.0000,  0.0000,  0.0000]])
tensor([[-0.3795,  1.0000,  0.0000,  0.0000,  0.0000,  0.0000]])
tensor([[-0.5595,  1.0000,  0.0000,  0.0000,  0.0000,  0.0000]])
tensor([[-0.8918,  1.0000,  0.0000,  0.0000,  0.0000,  0.0000]])
tensor([[-0.4326,  1.0000,  0.0000,  0.0000,  0.0000,  0.0000]])
tensor([[-0.8841,  0.0000,  0.0000,  0.0000,  0.0000,  0.0000]])
tensor([[-0.5976,  1.0000,  0.0000,  0.0000,  0.0000,  0.0000]])
tensor([[-0.9587,  0.0000,  0.0000,  0.0000,  0.0000,  0.0000]])
tensor([[-0.4928,  1.0000,  1.0000,  0.0000,  0.0000,  0.0000]])
tensor([[-0.9675,  0.0000,  0.0000,  0.0000,  0.0000,  0.0000]])
tensor([[0.2151, 0.0000, 0.0000, 0.0000, 0.0000, 0.0000]])
tensor([[-0.5699,  0.0000,  0.0000,  0.0000,  0.0000,  0.0000]])
tensor([[-0.7995,  1.0000,  0.0000,  0.0000,  0.0000,  0.0000]])
tensor([[-0.9606,  1.0000,  0.0000,  0.0000,  0.0000,  0.0000]])
tensor([[-0.9856,  1.0000,  0.0000,  0.0000,  0.0000,  0.0000]])
tensor([[0.0161, 1.0000, 0.0000, 0.0000, 0.0000, 0.0000]])
tensor([[0.8653, 1.0000, 0.0000, 0.0000, 0.0000, 0.0000]])
tensor([[0.8985, 1.0000, 0.0000, 0.0000, 0.0000, 0.0000]])
tensor([[0.9626, 1.0000, 0.0000, 0.0000, 0.0000, 0.0000]])
tensor([[0.0832, 0.0000, 0.0000, 0.0000, 0.0000, 0.0000]])
tensor([[-0.7686,  1.0000,  0.0000,  0.0000,  0.0000,  0.0000]])
tensor([[0.6114, 1.0000, 0.0000, 0.0000, 0.0000, 0.0000]])
tensor([[0.0768, 1.0000, 1.0000, 0.0000, 0.0000, 0.0000]])
tensor([[0.0371, 1.0000, 0.0000, 0.0000, 0.0000, 0.0000]])
tensor([[-0.8105,  1.0000,  0.0000,  0.0000,  0.0000,  0.0000]])
tensor([[-0.4327,  0.0000,  0.0000,  0.0000,  0.0000,  0.0000]])
tensor([[-0.1238,  1.0000,  0.0000,  0.0000,  0.0000,  0.0000]])
tensor([[-0.0908,  1.0000,  0.0000,  0.0000,  0.0000,  0.0000]])
tensor([[-0.6868,  1.0000,  0.0000,  0.0000,  0.0000,  0.0000]])
tensor([[-0.0574,  0.0000,  0.0000,  0.0000,  0.0000,  0.0000]])
tensor([[0.3045, 0.0000, 0.0000, 0.0000, 0.0000, 0.0000]])
tensor([[-0.9034,  1.0000,  0.0000,  0.0000,  0.0000,  0.0000]])
tensor([[-0.3265,  1.0000,  1.0000,  0.0000,  0.0000,  0.0000]])
tensor([[0.4151, 1.0000, 0.0000, 0.0000, 0.0000, 0.0000]])
tensor([[0.0775, 1.0000, 0.0000, 0.0000, 0.0000, 0.0000]])
tensor([[-0.9847,  0.0000,  0.0000,  0.0000,  0.0000,  0.0000]])
tensor([[-0.9519,  1.0000,  0.0000,  0.0000,  0.0000,  0.0000]])
tensor([[-0.1832,  1.0000,  0.0000,  0.0000,  0.0000,  0.0000]])
tensor([[0.2456, 1.0000, 0.0000, 0.0000, 0.0000, 0.0000]])
tensor([[0.0912, 1.0000, 0.0000, 0.0000, 0.0000, 0.0000]])
tensor([[-0.0988,  1.0000,  0.0000,  0.0000,  0.0000,  0.0000]])
tensor([[-0.1130,  1.0000,  0.0000,  0.0000,  0.0000,  0.0000]])
tensor([[-0.9730,  1.0000,  0.0000,  0.0000,  0.0000,  0.0000]])
tensor([[-0.9795,  1.0000,  0.0000,  0.0000,  0.0000,  0.0000]])
tensor([[-0.9890,  0.0000,  0.0000,  0.0000,  0.0000,  0.0000]])
tensor([[-0.8682,  1.0000,  0.0000,  0.0000,  0.0000,  0.0000]])
tensor([[-0.1063,  1.0000,  0.0000,  0.0000,  0.0000,  0.0000]])
tensor([[0.9000, 1.0000, 0.0000, 0.0000, 0.0000, 0.0000]])
tensor([[0.8290, 0.0000, 0.0000, 0.0000, 0.0000, 0.0000]])
tensor([[-0.3980,  1.0000,  0.0000,  0.0000,  0.0000,  0.0000]])
tensor([[-0.9961,  1.0000,  0.0000,  0.0000,  0.0000,  0.0000]])
tensor([[-0.9944,  1.0000,  0.0000,  0.0000,  0.0000,  0.0000]])
tensor([[-0.9966,  0.0000,  0.0000,  0.0000,  0.0000,  0.0000]])
tensor([[-0.9870,  1.0000,  0.0000,  0.0000,  0.0000,  0.0000]])
tensor([[0.4280, 1.0000, 0.0000, 0.0000, 0.0000, 0.0000]])
tensor([[0.6883, 0.0000, 0.0000, 0.0000, 0.0000, 0.0000]])
tensor([[-0.9552,  1.0000,  0.0000,  0.0000,  0.0000,  0.0000]])
tensor([[0.9095, 1.0000, 0.0000, 0.0000, 0.0000, 0.0000]])
tensor([[0.6814, 1.0000, 0.0000, 0.0000, 0.0000, 0.0000]])
tensor([[-0.9756,  0.0000,  0.0000,  0.0000,  0.0000,  0.0000]])
tensor([[-0.9793,  1.0000,  0.0000,  0.0000,  0.0000,  0.0000]])
tensor([[-0.7827,  0.0000,  0.0000,  0.0000,  1.0000,  0.0000]])
tensor([[0.9731, 1.0000, 0.0000, 0.0000, 0.0000, 0.0000]])
tensor([[-0.2260,  0.0000,  0.0000,  0.0000,  0.0000,  0.0000]])
tensor([[-0.7590,  0.0000,  0.0000,  0.0000,  0.0000,  0.0000]])
tensor([[0.9899, 1.0000, 0.0000, 0.0000, 0.0000, 0.0000]])
tensor([[0.8180, 1.0000, 0.0000, 0.0000, 0.0000, 0.0000]])
tensor([[-0.9240,  0.0000,  0.0000,  0.0000,  0.0000,  0.0000]])
tensor([[-0.3533,  1.0000,  0.0000,  0.0000,  0.0000,  0.0000]])
tensor([[0.3445, 0.0000, 0.0000, 0.0000, 0.0000, 0.0000]])
tensor([[0.1317, 1.0000, 0.0000, 0.0000, 0.0000, 0.0000]])
tensor([[-0.9584,  0.0000,  0.0000,  0.0000,  0.0000,  0.0000]])
tensor([[-0.8467,  0.0000,  0.0000,  0.0000,  0.0000,  0.0000]])
tensor([[0.9979, 1.0000, 0.0000, 0.0000, 0.0000, 0.0000]])
tensor([[0.9916, 1.0000, 0.0000, 0.0000, 0.0000, 0.0000]])
tensor([[-0.4538,  1.0000,  0.0000,  0.0000,  0.0000,  0.0000]])
tensor([[0.8580, 1.0000, 0.0000, 0.0000, 0.0000, 0.0000]])
tensor([[0.0841, 1.0000, 0.0000, 0.0000, 0.0000, 0.0000]])
tensor([[-0.6673,  1.0000,  0.0000,  0.0000,  0.0000,  0.0000]])
tensor([[0.9374, 1.0000, 0.0000, 0.0000, 0.0000, 0.0000]])
tensor([[0.1670, 0.0000, 0.0000, 0.0000, 0.0000, 0.0000]])
tensor([[-0.5253,  1.0000,  0.0000,  0.0000,  1.0000,  0.0000]])
tensor([[-0.1976,  1.0000,  0.0000,  0.0000,  0.0000,  0.0000]])
tensor([[-0.5024,  1.0000,  0.0000,  0.0000,  0.0000,  0.0000]])
tensor([[-0.4895,  1.0000,  0.0000,  0.0000,  0.0000,  0.0000]])
tensor([[0.9342, 1.0000, 0.0000, 0.0000, 0.0000, 0.0000]])
tensor([[0.2915, 0.0000, 0.0000, 0.0000, 0.0000, 0.0000]])
tensor([[-0.6037,  1.0000,  0.0000,  0.0000,  1.0000,  0.0000]])
tensor([[-0.1682,  0.0000,  0.0000,  0.0000,  0.0000,  0.0000]])
tensor([[-0.3764,  1.0000,  0.0000,  0.0000,  0.0000,  0.0000]])
tensor([[-0.7672,  1.0000,  0.0000,  0.0000,  0.0000,  0.0000]])
tensor([[0.8353, 1.0000, 0.0000, 0.0000, 0.0000, 0.0000]])
tensor([[0.4937, 1.0000, 0.0000, 0.0000, 0.0000, 0.0000]])
tensor([[-0.4213,  1.0000,  0.0000,  0.0000,  0.0000,  0.0000]])
tensor([[-0.6716,  1.0000,  0.0000,  0.0000,  1.0000,  0.0000]])
tensor([[0.0098, 1.0000, 0.0000, 0.0000, 0.0000, 0.0000]])
tensor([[0.2611, 1.0000, 0.0000, 0.0000, 0.0000, 0.0000]])
tensor([[-0.4080,  1.0000,  0.0000,  0.0000,  0.0000,  0.0000]])
tensor([[-0.1573,  1.0000,  0.0000,  0.0000,  0.0000,  0.0000]])
tensor([[-0.3812,  1.0000,  1.0000,  0.0000,  0.0000,  0.0000]])
tensor([[0.2476, 1.0000, 0.0000, 0.0000, 0.0000, 0.0000]])
tensor([[-0.7173,  1.0000,  0.0000,  0.0000,  0.0000,  0.0000]])
tensor([[0.0230, 1.0000, 1.0000, 0.0000, 0.0000, 0.0000]])
tensor([[0.0727, 1.0000, 0.0000, 0.0000, 0.0000, 0.0000]])
tensor([[-0.9709,  1.0000,  0.0000,  0.0000,  0.0000,  0.0000]])
tensor([[-0.9095,  0.0000,  0.0000,  0.0000,  0.0000,  0.0000]])
tensor([[-0.9717,  0.0000,  0.0000,  0.0000,  0.0000,  0.0000]])
tensor([[0.6048, 1.0000, 0.0000, 0.0000, 0.0000, 0.0000]])
tensor([[0.5042, 1.0000, 0.0000, 0.0000, 0.0000, 0.0000]])
tensor([[0.0202, 1.0000, 0.0000, 0.0000, 0.0000, 0.0000]])
tensor([[-0.9951,  1.0000,  0.0000,  0.0000,  0.0000,  0.0000]])
tensor([[-0.9928,  1.0000,  0.0000,  0.0000,  0.0000,  0.0000]])
tensor([[-0.9969,  0.0000,  1.0000,  0.0000,  0.0000,  0.0000]])
tensor([[-0.9798,  1.0000,  1.0000,  0.0000,  0.0000,  0.0000]])
tensor([[-0.9531,  1.0000,  0.0000,  0.0000,  0.0000,  0.0000]])
tensor([[0.0161, 0.0000, 0.0000, 0.0000, 0.0000, 0.0000]])
tensor([[0.4986, 1.0000, 0.0000, 0.0000, 0.0000, 0.0000]])
tensor([[-0.9639,  1.0000,  0.0000,  0.0000,  0.0000,  0.0000]])
tensor([[-0.9493,  1.0000,  0.0000,  0.0000,  0.0000,  0.0000]])
tensor([[0.7137, 0.0000, 0.0000, 0.0000, 0.0000, 0.0000]])
tensor([[0.5796, 1.0000, 0.0000, 0.0000, 0.0000, 0.0000]])
tensor([[-0.7985,  1.0000,  0.0000,  0.0000,  0.0000,  0.0000]])
tensor([[-0.6448,  1.0000,  0.0000,  0.0000,  0.0000,  0.0000]])
tensor([[0.9960, 1.0000, 0.0000, 0.0000, 0.0000, 0.0000]])
tensor([[0.8718, 1.0000, 0.0000, 0.0000, 0.0000, 0.0000]])
tensor([[-0.8894,  1.0000,  0.0000,  0.0000,  0.0000,  0.0000]])
tensor([[-0.9304,  0.0000,  0.0000,  0.0000,  0.0000,  0.0000]])
tensor([[-0.9464,  1.0000,  0.0000,  0.0000,  0.0000,  0.0000]])
tensor([[0.9562, 0.0000, 0.0000, 0.0000, 0.0000, 0.0000]])
tensor([[0.5446, 1.0000, 0.0000, 0.0000, 0.0000, 0.0000]])
tensor([[-0.9575,  0.0000,  0.0000,  0.0000,  0.0000,  0.0000]])
tensor([[-0.8864,  1.0000,  1.0000,  0.0000,  1.0000,  0.0000]])
tensor([[0.9983, 1.0000, 0.0000, 0.0000, 0.0000, 0.0000]])
tensor([[0.9789, 1.0000, 0.0000, 0.0000, 0.0000, 0.0000]])
tensor([[-0.9400,  0.0000,  0.0000,  0.0000,  0.0000,  0.0000]])
tensor([[-0.6680,  1.0000,  0.0000,  0.0000,  0.0000,  0.0000]])
tensor([[0.7440, 1.0000, 0.0000, 0.0000, 0.0000, 0.0000]])
tensor([[-0.5238,  1.0000,  0.0000,  0.0000,  0.0000,  0.0000]])
tensor([[-0.4199,  0.0000,  0.0000,  0.0000,  0.0000,  0.0000]])
tensor([[0.9994, 1.0000, 0.0000, 0.0000, 0.0000, 0.0000]])
tensor([[0.9992, 1.0000, 0.0000, 0.0000, 0.0000, 0.0000]])
tensor([[0.8392, 1.0000, 0.0000, 0.0000, 0.0000, 0.0000]])
tensor([[-0.8414,  1.0000,  0.0000,  0.0000,  0.0000,  0.0000]])
tensor([[0.9938, 0.0000, 0.0000, 0.0000, 0.0000, 0.0000]])
tensor([[0.8767, 1.0000, 0.0000, 0.0000, 0.0000, 0.0000]])
tensor([[-0.9481,  1.0000,  0.0000,  0.0000,  0.0000,  1.0000]])
tensor([[-0.0692,  1.0000,  0.0000,  0.0000,  0.0000,  0.0000]])
tensor([[0.8851, 1.0000, 0.0000, 0.0000, 0.0000, 0.0000]])
tensor([[-0.6559,  1.0000,  0.0000,  0.0000,  0.0000,  0.0000]])
tensor([[-0.8169,  1.0000,  0.0000,  0.0000,  0.0000,  0.0000]])
tensor([[0.9457, 0.0000, 0.0000, 0.0000, 0.0000, 0.0000]])
tensor([[-0.2013,  1.0000,  0.0000,  0.0000,  0.0000,  0.0000]])
tensor([[-0.9238,  1.0000,  0.0000,  0.0000,  0.0000,  0.0000]])
tensor([[0.8792, 1.0000, 0.0000, 0.0000, 0.0000, 0.0000]])
tensor([[0.9966, 1.0000, 0.0000, 0.0000, 0.0000, 0.0000]])
tensor([[0.8235, 1.0000, 0.0000, 0.0000, 0.0000, 0.0000]])
tensor([[-0.7261,  1.0000,  0.0000,  0.0000,  0.0000,  0.0000]])
tensor([[-0.9454,  1.0000,  0.0000,  0.0000,  0.0000,  0.0000]])
tensor([[-0.9052,  0.0000,  0.0000,  0.0000,  0.0000,  0.0000]])
tensor([[0.9881, 1.0000, 0.0000, 0.0000, 0.0000, 0.0000]])
tensor([[0.9316, 1.0000, 0.0000, 0.0000, 0.0000, 0.0000]])
tensor([[-0.3285,  1.0000,  0.0000,  0.0000,  0.0000,  0.0000]])
tensor([[-0.9557,  1.0000,  0.0000,  0.0000,  0.0000,  0.0000]])
tensor([[-0.8644,  1.0000,  0.0000,  0.0000,  0.0000,  0.0000]])
tensor([[0.9168, 1.0000, 0.0000, 0.0000, 0.0000, 0.0000]])
tensor([[0.9265, 1.0000, 0.0000, 0.0000, 0.0000, 0.0000]])
tensor([[-0.1772,  1.0000,  0.0000,  0.0000,  0.0000,  0.0000]])
tensor([[-0.7847,  1.0000,  0.0000,  0.0000,  0.0000,  0.0000]])
tensor([[-0.6365,  1.0000,  0.0000,  0.0000,  0.0000,  0.0000]])
tensor([[0.5466, 1.0000, 0.0000, 0.0000, 0.0000, 0.0000]])
tensor([[-0.7194,  1.0000,  0.0000,  0.0000,  0.0000,  1.0000]])
tensor([[-0.9283,  1.0000,  0.0000,  0.0000,  0.0000,  0.0000]])
tensor([[0.5318, 1.0000, 0.0000, 0.0000, 0.0000, 0.0000]])
tensor([[0.2790, 0.0000, 0.0000, 0.0000, 0.0000, 0.0000]])
tensor([[-0.5542,  1.0000,  0.0000,  0.0000,  0.0000,  0.0000]])
tensor([[-0.4925,  1.0000,  0.0000,  0.0000,  0.0000,  0.0000]])
tensor([[0.0440, 1.0000, 0.0000, 0.0000, 0.0000, 0.0000]])
tensor([[-0.9871,  0.0000,  0.0000,  0.0000,  0.0000,  1.0000]])
tensor([[-0.9825,  0.0000,  1.0000,  0.0000,  0.0000,  0.0000]])
tensor([[-0.9829,  0.0000,  0.0000,  0.0000,  0.0000,  0.0000]])
tensor([[-0.9794,  1.0000,  0.0000,  1.0000,  0.0000,  0.0000]])
tensor([[-0.9016,  1.0000,  0.0000,  0.0000,  0.0000,  0.0000]])
tensor([[0.9948, 1.0000, 0.0000, 0.0000, 0.0000, 0.0000]])
tensor([[0.9927, 1.0000, 0.0000, 0.0000, 0.0000, 0.0000]])
tensor([[-0.9459,  1.0000,  0.0000,  0.0000,  0.0000,  0.0000]])
tensor([[-0.9924,  1.0000,  0.0000,  0.0000,  0.0000,  0.0000]])
tensor([[-0.9205,  0.0000,  0.0000,  0.0000,  0.0000,  0.0000]])
tensor([[-0.9752,  0.0000,  1.0000,  0.0000,  0.0000,  0.0000]])
tensor([[0.9665, 1.0000, 0.0000, 0.0000, 0.0000, 0.0000]])
tensor([[0.8914, 1.0000, 0.0000, 0.0000, 0.0000, 0.0000]])
tensor([[-0.8075,  1.0000,  0.0000,  0.0000,  0.0000,  0.0000]])
tensor([[-0.8581,  1.0000,  0.0000,  0.0000,  0.0000,  0.0000]])
tensor([[-0.9613,  1.0000,  0.0000,  0.0000,  0.0000,  0.0000]])
tensor([[0.7424, 0.0000, 0.0000, 0.0000, 0.0000, 0.0000]])
tensor([[0.9311, 1.0000, 0.0000, 0.0000, 0.0000, 0.0000]])
tensor([[-0.7863,  1.0000,  0.0000,  0.0000,  0.0000,  0.0000]])
tensor([[-0.9629,  1.0000,  0.0000,  0.0000,  0.0000,  0.0000]])
tensor([[0.2169, 1.0000, 0.0000, 0.0000, 0.0000, 0.0000]])
tensor([[0.9850, 1.0000, 0.0000, 0.0000, 0.0000, 0.0000]])
tensor([[-0.2609,  1.0000,  0.0000,  0.0000,  0.0000,  0.0000]])
tensor([[-0.8357,  1.0000,  0.0000,  0.0000,  0.0000,  0.0000]])
tensor([[0.0219, 0.0000, 0.0000, 0.0000, 0.0000, 0.0000]])
tensor([[0.9633, 0.0000, 0.0000, 0.0000, 0.0000, 0.0000]])
tensor([[-0.8815,  0.0000,  0.0000,  0.0000,  0.0000,  0.0000]])
tensor([[-0.8929,  0.0000,  0.0000,  0.0000,  0.0000,  0.0000]])
tensor([[0.9772, 1.0000, 0.0000, 0.0000, 0.0000, 0.0000]])
tensor([[0.9281, 1.0000, 0.0000, 0.0000, 0.0000, 0.0000]])
tensor([[-0.9171,  0.0000,  0.0000,  0.0000,  0.0000,  0.0000]])
tensor([[-0.9763,  0.0000,  0.0000,  0.0000,  0.0000,  0.0000]])
tensor([[0.8749, 1.0000, 0.0000, 0.0000, 0.0000, 0.0000]])
tensor([[0.9843, 1.0000, 0.0000, 0.0000, 0.0000, 0.0000]])
tensor([[-0.0115,  1.0000,  0.0000,  0.0000,  0.0000,  0.0000]])
tensor([[-0.9905,  1.0000,  0.0000,  0.0000,  0.0000,  0.0000]])
tensor([[-0.8891,  0.0000,  0.0000,  0.0000,  0.0000,  0.0000]])
tensor([[-0.5726,  0.0000,  0.0000,  0.0000,  0.0000,  0.0000]])
tensor([[0.9994, 0.0000, 0.0000, 0.0000, 0.0000, 0.0000]])
tensor([[0.9888, 1.0000, 0.0000, 0.0000, 0.0000, 0.0000]])
tensor([[-0.7020,  1.0000,  0.0000,  0.0000,  0.0000,  0.0000]])
tensor([[0.8840, 1.0000, 0.0000, 0.0000, 0.0000, 0.0000]])
tensor([[0.2764, 1.0000, 0.0000, 0.0000, 0.0000, 0.0000]])
tensor([[-0.5591,  0.0000,  0.0000,  0.0000,  0.0000,  0.0000]])
tensor([[-0.7145,  1.0000,  0.0000,  0.0000,  0.0000,  0.0000]])
tensor([[-0.4272,  0.0000,  0.0000,  0.0000,  0.0000,  1.0000]])
tensor([[-0.0011,  1.0000,  0.0000,  0.0000,  0.0000,  0.0000]])
tensor([[0.0783, 0.0000, 0.0000, 0.0000, 0.0000, 0.0000]])
tensor([[-0.3798,  1.0000,  0.0000,  0.0000,  0.0000,  0.0000]])
tensor([[-0.9798,  1.0000,  0.0000,  0.0000,  0.0000,  0.0000]])
tensor([[-0.9301,  0.0000,  0.0000,  0.0000,  0.0000,  0.0000]])
tensor([[0.2491, 0.0000, 0.0000, 0.0000, 0.0000, 0.0000]])
tensor([[0.5682, 1.0000, 0.0000, 0.0000, 0.0000, 0.0000]])
tensor([[0.1580, 1.0000, 0.0000, 0.0000, 0.0000, 0.0000]])
tensor([[-0.6748,  1.0000,  0.0000,  0.0000,  0.0000,  0.0000]])
tensor([[-0.9909,  1.0000,  0.0000,  0.0000,  0.0000,  0.0000]])
tensor([[-0.7848,  1.0000,  0.0000,  0.0000,  0.0000,  1.0000]])
tensor([[0.1710, 1.0000, 0.0000, 0.0000, 0.0000, 0.0000]])
tensor([[0.8638, 1.0000, 0.0000, 0.0000, 0.0000, 0.0000]])
tensor([[0.1715, 1.0000, 0.0000, 0.0000, 0.0000, 0.0000]])
tensor([[-0.7349,  1.0000,  0.0000,  0.0000,  0.0000,  0.0000]])
tensor([[-0.9888,  1.0000,  0.0000,  0.0000,  0.0000,  0.0000]])
tensor([[-0.9515,  1.0000,  0.0000,  0.0000,  0.0000,  0.0000]])
tensor([[-0.7490,  1.0000,  0.0000,  0.0000,  0.0000,  0.0000]])
tensor([[0.4630, 1.0000, 0.0000, 0.0000, 0.0000, 0.0000]])
tensor([[0.0915, 1.0000, 0.0000, 0.0000, 0.0000, 0.0000]])
tensor([[-0.0503,  1.0000,  0.0000,  0.0000,  0.0000,  0.0000]])
tensor([[-0.9643,  0.0000,  0.0000,  0.0000,  0.0000,  0.0000]])
tensor([[-0.9731,  0.0000,  0.0000,  0.0000,  0.0000,  0.0000]])
tensor([[-0.9974,  0.0000,  0.0000,  0.0000,  0.0000,  0.0000]])
tensor([[-0.9650,  0.0000,  0.0000,  0.0000,  0.0000,  0.0000]])
tensor([[-0.9495,  0.0000,  0.0000,  0.0000,  0.0000,  0.0000]])
tensor([[-0.2949,  1.0000,  0.0000,  0.0000,  0.0000,  0.0000]])
tensor([[-0.8920,  1.0000,  0.0000,  0.0000,  0.0000,  0.0000]])
tensor([[-0.9207,  1.0000,  1.0000,  0.0000,  0.0000,  0.0000]])
tensor([[0.1509, 1.0000, 0.0000, 0.0000, 0.0000, 0.0000]])
tensor([[0.4787, 1.0000, 0.0000, 0.0000, 0.0000, 0.0000]])
tensor([[-0.0250,  1.0000,  0.0000,  0.0000,  0.0000,  0.0000]])
tensor([[-0.7151,  0.0000,  0.0000,  0.0000,  0.0000,  0.0000]])
tensor([[-0.2480,  1.0000,  0.0000,  0.0000,  0.0000,  0.0000]])
tensor([[-0.4850,  1.0000,  0.0000,  0.0000,  0.0000,  0.0000]])
tensor([[0.1634, 1.0000, 0.0000, 0.0000, 0.0000, 0.0000]])
tensor([[0.1284, 1.0000, 0.0000, 0.0000, 0.0000, 0.0000]])
tensor([[-0.9973,  1.0000,  0.0000,  0.0000,  0.0000,  0.0000]])
tensor([[-0.9671,  1.0000,  0.0000,  0.0000,  0.0000,  0.0000]])
tensor([[-0.9779,  1.0000,  0.0000,  0.0000,  0.0000,  0.0000]])
tensor([[-0.9837,  0.0000,  0.0000,  0.0000,  0.0000,  0.0000]])
tensor([[-0.9681,  1.0000,  0.0000,  0.0000,  1.0000,  0.0000]])
tensor([[-0.1379,  1.0000,  0.0000,  0.0000,  0.0000,  0.0000]])
tensor([[0.7633, 1.0000, 0.0000, 0.0000, 0.0000, 0.0000]])
tensor([[-0.5433,  0.0000,  0.0000,  0.0000,  0.0000,  0.0000]])
tensor([[-0.9748,  0.0000,  0.0000,  0.0000,  0.0000,  0.0000]])
tensor([[-0.9966,  0.0000,  0.0000,  0.0000,  0.0000,  0.0000]])
tensor([[-0.9458,  1.0000,  0.0000,  0.0000,  0.0000,  0.0000]])
tensor([[0.9850, 0.0000, 0.0000, 0.0000, 0.0000, 0.0000]])
tensor([[0.2212, 0.0000, 1.0000, 0.0000, 0.0000, 0.0000]])
tensor([[-0.9899,  1.0000,  0.0000,  0.0000,  0.0000,  0.0000]])
tensor([[0.4329, 0.0000, 0.0000, 0.0000, 0.0000, 0.0000]])
tensor([[-0.9945,  0.0000,  0.0000,  0.0000,  0.0000,  0.0000]])
tensor([[-0.9923,  0.0000,  0.0000,  0.0000,  0.0000,  0.0000]])
tensor([[-0.9246,  0.0000,  0.0000,  0.0000,  0.0000,  0.0000]])
tensor([[0.9964, 1.0000, 0.0000, 0.0000, 0.0000, 0.0000]])
tensor([[0.9960, 1.0000, 0.0000, 0.0000, 0.0000, 0.0000]])
tensor([[0.9961, 1.0000, 0.0000, 0.0000, 0.0000, 0.0000]])
tensor([[0.7779, 1.0000, 0.0000, 0.0000, 0.0000, 0.0000]])
tensor([[-0.9979,  1.0000,  0.0000,  0.0000,  0.0000,  0.0000]])
tensor([[-0.9848,  1.0000,  0.0000,  0.0000,  0.0000,  0.0000]])
tensor([[-0.5960,  0.0000,  0.0000,  0.0000,  0.0000,  0.0000]])
tensor([[0.9306, 1.0000, 0.0000, 0.0000, 0.0000, 0.0000]])
tensor([[0.7773, 1.0000, 0.0000, 0.0000, 0.0000, 0.0000]])
tensor([[0.2134, 1.0000, 0.0000, 0.0000, 0.0000, 0.0000]])
tensor([[-0.8886,  0.0000,  0.0000,  0.0000,  0.0000,  0.0000]])
tensor([[-0.5047,  1.0000,  0.0000,  0.0000,  0.0000,  0.0000]])
tensor([[0.9567, 1.0000, 0.0000, 0.0000, 0.0000, 0.0000]])
tensor([[0.9935, 1.0000, 0.0000, 0.0000, 0.0000, 0.0000]])
tensor([[0.9946, 1.0000, 0.0000, 0.0000, 0.0000, 0.0000]])
tensor([[0.9977, 1.0000, 0.0000, 0.0000, 0.0000, 0.0000]])
tensor([[0.9728, 1.0000, 0.0000, 0.0000, 0.0000, 0.0000]])
tensor([[0.9447, 1.0000, 0.0000, 0.0000, 0.0000, 0.0000]])
tensor([[0.9794, 1.0000, 0.0000, 0.0000, 1.0000, 0.0000]])
tensor([[0.9471, 1.0000, 0.0000, 0.0000, 0.0000, 0.0000]])
tensor([[0.9841, 1.0000, 0.0000, 0.0000, 0.0000, 0.0000]])
tensor([[0.9924, 1.0000, 0.0000, 0.0000, 0.0000, 0.0000]])
tensor([[0.9005, 1.0000, 0.0000, 0.0000, 0.0000, 0.0000]])
tensor([[0.8721, 1.0000, 0.0000, 0.0000, 0.0000, 0.0000]])
tensor([[0.9992, 1.0000, 0.0000, 0.0000, 0.0000, 0.0000]])
tensor([[0.9966, 1.0000, 0.0000, 0.0000, 0.0000, 0.0000]])
tensor([[0.9625, 1.0000, 0.0000, 0.0000, 0.0000, 0.0000]])
tensor([[0.7850, 1.0000, 0.0000, 0.0000, 0.0000, 0.0000]])
tensor([[-0.9754,  1.0000,  0.0000,  0.0000,  0.0000,  0.0000]])
tensor([[-0.9953,  0.0000,  0.0000,  0.0000,  1.0000,  0.0000]])
tensor([[-0.9692,  0.0000,  0.0000,  0.0000,  0.0000,  0.0000]])
tensor([[-0.9883,  0.0000,  0.0000,  0.0000,  0.0000,  0.0000]])
tensor([[-0.9762,  0.0000,  0.0000,  0.0000,  0.0000,  0.0000]])
tensor([[-0.9966,  0.0000,  0.0000,  0.0000,  0.0000,  0.0000]])
tensor([[-0.9975,  0.0000,  0.0000,  0.0000,  0.0000,  0.0000]])
tensor([[-0.9172,  1.0000,  0.0000,  0.0000,  0.0000,  0.0000]])
tensor([[0.9881, 1.0000, 0.0000, 0.0000, 1.0000, 0.0000]])
tensor([[0.9971, 1.0000, 0.0000, 0.0000, 0.0000, 0.0000]])
tensor([[0.9916, 1.0000, 0.0000, 0.0000, 0.0000, 0.0000]])
tensor([[0.9887, 1.0000, 0.0000, 0.0000, 0.0000, 0.0000]])
tensor([[0.7760, 1.0000, 0.0000, 0.0000, 0.0000, 0.0000]])
tensor([[-0.9241,  1.0000,  0.0000,  0.0000,  0.0000,  0.0000]])
tensor([[-0.1607,  1.0000,  0.0000,  0.0000,  0.0000,  0.0000]])
tensor([[0.6838, 1.0000, 0.0000, 0.0000, 0.0000, 0.0000]])
tensor([[-0.0490,  1.0000,  0.0000,  0.0000,  0.0000,  0.0000]])
tensor([[0.9847, 1.0000, 0.0000, 0.0000, 0.0000, 0.0000]])
tensor([[0.9870, 0.0000, 0.0000, 0.0000, 0.0000, 0.0000]])
tensor([[0.8843, 0.0000, 0.0000, 0.0000, 0.0000, 0.0000]])
tensor([[0.8748, 1.0000, 0.0000, 0.0000, 0.0000, 0.0000]])
tensor([[0.8501, 1.0000, 0.0000, 0.0000, 0.0000, 0.0000]])
tensor([[0.9912, 0.0000, 0.0000, 0.0000, 1.0000, 0.0000]])
tensor([[0.9876, 1.0000, 0.0000, 0.0000, 0.0000, 0.0000]])
tensor([[0.9942, 1.0000, 0.0000, 0.0000, 0.0000, 0.0000]])
tensor([[0.9857, 1.0000, 0.0000, 0.0000, 0.0000, 0.0000]])
tensor([[0.9271, 1.0000, 0.0000, 0.0000, 0.0000, 0.0000]])
tensor([[0.9922, 1.0000, 0.0000, 0.0000, 1.0000, 0.0000]])
tensor([[0.9942, 1.0000, 0.0000, 0.0000, 0.0000, 0.0000]])
tensor([[0.9447, 1.0000, 0.0000, 0.0000, 0.0000, 0.0000]])
tensor([[0.4668, 1.0000, 0.0000, 0.0000, 0.0000, 0.0000]])
tensor([[-0.9796,  1.0000,  0.0000,  0.0000,  0.0000,  0.0000]])
tensor([[-0.9843,  1.0000,  0.0000,  0.0000,  0.0000,  0.0000]])
tensor([[-0.9965,  0.0000,  0.0000,  0.0000,  0.0000,  0.0000]])
tensor([[-0.9852,  0.0000,  0.0000,  0.0000,  0.0000,  0.0000]])
tensor([[-0.9827,  0.0000,  0.0000,  0.0000,  0.0000,  0.0000]])
tensor([[0.5464, 1.0000, 0.0000, 0.0000, 0.0000, 0.0000]])
tensor([[-0.5850,  1.0000,  0.0000,  0.0000,  0.0000,  0.0000]])
tensor([[0.3090, 0.0000, 0.0000, 0.0000, 0.0000, 0.0000]])
tensor([[-0.7104,  0.0000,  0.0000,  0.0000,  0.0000,  0.0000]])
tensor([[0.6710, 1.0000, 1.0000, 0.0000, 0.0000, 0.0000]])
tensor([[-0.7474,  0.0000,  0.0000,  0.0000,  0.0000,  0.0000]])
tensor([[0.9985, 1.0000, 0.0000, 0.0000, 0.0000, 0.0000]])
tensor([[0.9757, 1.0000, 0.0000, 0.0000, 0.0000, 0.0000]])
tensor([[0.8653, 1.0000, 0.0000, 0.0000, 0.0000, 0.0000]])
tensor([[-0.7164,  1.0000,  0.0000,  0.0000,  0.0000,  0.0000]])
tensor([[-0.7830,  1.0000,  0.0000,  0.0000,  0.0000,  0.0000]])
tensor([[0.5954, 1.0000, 0.0000, 0.0000, 0.0000, 0.0000]])
tensor([[0.5778, 1.0000, 0.0000, 0.0000, 0.0000, 0.0000]])
tensor([[0.8766, 1.0000, 0.0000, 0.0000, 0.0000, 0.0000]])
tensor([[-0.1585,  1.0000,  0.0000,  0.0000,  0.0000,  0.0000]])
tensor([[0.1617, 1.0000, 0.0000, 0.0000, 0.0000, 0.0000]])
tensor([[0.9940, 0.0000, 0.0000, 0.0000, 0.0000, 0.0000]])
tensor([[0.9917, 1.0000, 0.0000, 0.0000, 0.0000, 0.0000]])
tensor([[0.9097, 0.0000, 0.0000, 0.0000, 0.0000, 0.0000]])
tensor([[0.9458, 1.0000, 0.0000, 0.0000, 0.0000, 0.0000]])
tensor([[0.9959, 1.0000, 0.0000, 0.0000, 0.0000, 0.0000]])
tensor([[0.9595, 1.0000, 0.0000, 0.0000, 0.0000, 0.0000]])
tensor([[0.9846, 1.0000, 0.0000, 0.0000, 0.0000, 0.0000]])
tensor([[0.9549, 1.0000, 0.0000, 0.0000, 0.0000, 0.0000]])
tensor([[0.9832, 1.0000, 0.0000, 0.0000, 0.0000, 0.0000]])
tensor([[0.9741, 1.0000, 0.0000, 0.0000, 0.0000, 0.0000]])
tensor([[0.9968, 1.0000, 0.0000, 0.0000, 0.0000, 0.0000]])
tensor([[0.9504, 1.0000, 0.0000, 0.0000, 0.0000, 0.0000]])
tensor([[0.9949, 1.0000, 0.0000, 0.0000, 0.0000, 0.0000]])
tensor([[0.9943, 1.0000, 0.0000, 0.0000, 0.0000, 0.0000]])
tensor([[0.9543, 1.0000, 0.0000, 0.0000, 0.0000, 0.0000]])
tensor([[-0.9952,  1.0000,  0.0000,  0.0000,  0.0000,  0.0000]])
tensor([[-0.9935,  1.0000,  0.0000,  0.0000,  0.0000,  0.0000]])
tensor([[-0.9989,  1.0000,  0.0000,  0.0000,  0.0000,  0.0000]])
tensor([[-0.9783,  0.0000,  1.0000,  0.0000,  0.0000,  0.0000]])
tensor([[-0.9917,  0.0000,  1.0000,  0.0000,  0.0000,  0.0000]])
tensor([[-0.9897,  0.0000,  0.0000,  0.0000,  0.0000,  0.0000]])
tensor([[-0.7042,  1.0000,  0.0000,  0.0000,  0.0000,  0.0000]])
tensor([[-0.8951,  1.0000,  0.0000,  0.0000,  0.0000,  0.0000]])
tensor([[-0.8280,  0.0000,  0.0000,  0.0000,  0.0000,  0.0000]])
tensor([[0.6528, 1.0000, 0.0000, 0.0000, 0.0000, 0.0000]])
tensor([[0.5826, 1.0000, 0.0000, 0.0000, 0.0000, 0.0000]])
tensor([[0.4562, 1.0000, 0.0000, 0.0000, 0.0000, 0.0000]])
tensor([[-0.9871,  0.0000,  0.0000,  0.0000,  0.0000,  0.0000]])
tensor([[-0.9953,  0.0000,  1.0000,  0.0000,  0.0000,  0.0000]])
tensor([[-0.9920,  0.0000,  0.0000,  0.0000,  0.0000,  0.0000]])
tensor([[-0.9900,  0.0000,  0.0000,  0.0000,  0.0000,  0.0000]])
tensor([[-0.9834,  0.0000,  0.0000,  0.0000,  0.0000,  0.0000]])
tensor([[-0.8247,  1.0000,  0.0000,  1.0000,  0.0000,  0.0000]])
tensor([[0.8428, 1.0000, 0.0000, 0.0000, 0.0000, 0.0000]])
tensor([[-0.9995,  0.0000,  0.0000,  0.0000,  0.0000,  0.0000]])
tensor([[-0.9688,  1.0000,  0.0000,  0.0000,  0.0000,  0.0000]])
tensor([[-0.9918,  0.0000,  0.0000,  0.0000,  1.0000,  0.0000]])
tensor([[-0.9931,  1.0000,  0.0000,  0.0000,  0.0000,  0.0000]])
tensor([[-0.9951,  1.0000,  1.0000,  0.0000,  0.0000,  0.0000]])
tensor([[-0.9927,  0.0000,  0.0000,  0.0000,  0.0000,  0.0000]])
tensor([[-0.9752,  0.0000,  0.0000,  0.0000,  0.0000,  0.0000]])
tensor([[-0.9893,  1.0000,  0.0000,  0.0000,  1.0000,  0.0000]])
tensor([[0.9407, 1.0000, 0.0000, 0.0000, 0.0000, 0.0000]])
tensor([[0.9905, 1.0000, 0.0000, 0.0000, 0.0000, 0.0000]])
tensor([[-0.8627,  1.0000,  0.0000,  0.0000,  1.0000,  0.0000]])
tensor([[-0.5470,  0.0000,  0.0000,  0.0000,  0.0000,  0.0000]])
tensor([[0.9957, 1.0000, 0.0000, 0.0000, 0.0000, 0.0000]])
tensor([[0.9283, 1.0000, 0.0000, 0.0000, 0.0000, 0.0000]])
tensor([[-0.9598,  1.0000,  0.0000,  0.0000,  0.0000,  0.0000]])
tensor([[0.7914, 1.0000, 0.0000, 0.0000, 0.0000, 0.0000]])
tensor([[-0.8882,  1.0000,  0.0000,  0.0000,  0.0000,  0.0000]])
tensor([[0.7913, 1.0000, 0.0000, 0.0000, 0.0000, 0.0000]])
tensor([[-0.5741,  0.0000,  0.0000,  0.0000,  0.0000,  0.0000]])
tensor([[-0.8256,  0.0000,  0.0000,  0.0000,  0.0000,  0.0000]])
tensor([[0.9998, 1.0000, 0.0000, 0.0000, 0.0000, 0.0000]])
tensor([[0.9993, 1.0000, 0.0000, 0.0000, 0.0000, 0.0000]])
tensor([[-0.7027,  1.0000,  0.0000,  0.0000,  0.0000,  0.0000]])
tensor([[-0.9610,  1.0000,  0.0000,  0.0000,  0.0000,  0.0000]])
tensor([[0.2094, 1.0000, 0.0000, 0.0000, 0.0000, 0.0000]])
tensor([[0.9994, 1.0000, 0.0000, 0.0000, 0.0000, 0.0000]])
tensor([[0.9063, 1.0000, 0.0000, 0.0000, 0.0000, 0.0000]])
tensor([[-0.9131,  1.0000,  0.0000,  0.0000,  0.0000,  0.0000]])
tensor([[-0.8950,  0.0000,  0.0000,  0.0000,  1.0000,  0.0000]])
tensor([[-0.4417,  1.0000,  1.0000,  0.0000,  0.0000,  0.0000]])
tensor([[0.9309, 0.0000, 0.0000, 0.0000, 0.0000, 0.0000]])
tensor([[-0.8237,  1.0000,  0.0000,  0.0000,  0.0000,  0.0000]])
tensor([[-0.6221,  1.0000,  0.0000,  0.0000,  0.0000,  0.0000]])
tensor([[0.8841, 1.0000, 0.0000, 0.0000, 0.0000, 0.0000]])
tensor([[0.3798, 1.0000, 0.0000, 0.0000, 0.0000, 0.0000]])
tensor([[-0.6654,  0.0000,  0.0000,  0.0000,  0.0000,  0.0000]])
tensor([[0.0895, 1.0000, 0.0000, 0.0000, 0.0000, 0.0000]])
tensor([[0.9110, 1.0000, 0.0000, 0.0000, 0.0000, 0.0000]])
tensor([[-0.0079,  0.0000,  0.0000,  0.0000,  0.0000,  0.0000]])
tensor([[0.4501, 1.0000, 0.0000, 0.0000, 0.0000, 0.0000]])
tensor([[-0.2059,  1.0000,  0.0000,  0.0000,  1.0000,  0.0000]])
tensor([[0.9968, 1.0000, 0.0000, 0.0000, 0.0000, 0.0000]])
tensor([[0.9909, 1.0000, 0.0000, 0.0000, 0.0000, 0.0000]])
tensor([[0.9928, 1.0000, 0.0000, 0.0000, 0.0000, 0.0000]])
tensor([[0.9813, 1.0000, 0.0000, 0.0000, 0.0000, 0.0000]])
tensor([[0.9435, 1.0000, 0.0000, 0.0000, 0.0000, 0.0000]])
tensor([[0.9970, 1.0000, 0.0000, 0.0000, 0.0000, 0.0000]])
tensor([[0.9960, 1.0000, 0.0000, 0.0000, 0.0000, 0.0000]])
tensor([[0.9950, 1.0000, 0.0000, 0.0000, 0.0000, 0.0000]])
tensor([[0.9714, 1.0000, 0.0000, 0.0000, 0.0000, 0.0000]])
tensor([[0.9707, 1.0000, 0.0000, 0.0000, 0.0000, 0.0000]])
tensor([[0.8166, 1.0000, 0.0000, 0.0000, 0.0000, 0.0000]])
tensor([[0.8886, 1.0000, 0.0000, 0.0000, 0.0000, 0.0000]])
tensor([[0.9649, 1.0000, 0.0000, 0.0000, 0.0000, 0.0000]])
tensor([[0.9086, 1.0000, 0.0000, 0.0000, 0.0000, 0.0000]])
tensor([[0.9644, 1.0000, 0.0000, 0.0000, 0.0000, 0.0000]])
tensor([[0.9385, 1.0000, 1.0000, 0.0000, 0.0000, 0.0000]])
tensor([[0.9388, 0.0000, 0.0000, 0.0000, 0.0000, 0.0000]])
tensor([[-0.8909,  1.0000,  0.0000,  0.0000,  0.0000,  0.0000]])
tensor([[-0.6977,  1.0000,  0.0000,  0.0000,  0.0000,  0.0000]])
tensor([[-0.7337,  1.0000,  0.0000,  0.0000,  0.0000,  0.0000]])
tensor([[-0.9221,  1.0000,  0.0000,  0.0000,  0.0000,  0.0000]])
tensor([[0.0086, 1.0000, 0.0000, 0.0000, 0.0000, 0.0000]])
tensor([[0.4741, 1.0000, 0.0000, 0.0000, 0.0000, 0.0000]])
tensor([[0.6281, 0.0000, 0.0000, 0.0000, 0.0000, 0.0000]])
tensor([[0.5437, 1.0000, 0.0000, 0.0000, 0.0000, 0.0000]])
tensor([[0.7777, 1.0000, 0.0000, 0.0000, 0.0000, 0.0000]])
tensor([[0.7886, 1.0000, 0.0000, 0.0000, 0.0000, 0.0000]])
tensor([[0.8836, 1.0000, 0.0000, 0.0000, 0.0000, 0.0000]])
tensor([[0.9291, 0.0000, 0.0000, 0.0000, 0.0000, 0.0000]])
tensor([[0.8364, 1.0000, 0.0000, 0.0000, 0.0000, 0.0000]])
tensor([[0.7993, 0.0000, 0.0000, 0.0000, 0.0000, 0.0000]])
tensor([[0.9504, 0.0000, 0.0000, 0.0000, 0.0000, 0.0000]])
tensor([[-1.0000,  0.0000,  0.0000,  0.0000,  0.0000,  0.0000]])
tensor([[-1.0000,  1.0000,  0.0000,  0.0000,  0.0000,  0.0000]])
tensor([[-1.0000,  1.0000,  0.0000,  0.0000,  0.0000,  0.0000]])
tensor([[-1.0000,  1.0000,  0.0000,  0.0000,  0.0000,  0.0000]])
tensor([[-1.0000,  1.0000,  0.0000,  0.0000,  0.0000,  0.0000]])
tensor([[-1.0000,  1.0000,  0.0000,  0.0000,  0.0000,  0.0000]])
tensor([[-0.9999,  0.0000,  0.0000,  0.0000,  0.0000,  0.0000]])
tensor([[-0.9770,  0.0000,  0.0000,  0.0000,  0.0000,  0.0000]])
tensor([[-0.9726,  1.0000,  0.0000,  0.0000,  1.0000,  0.0000]])
tensor([[-0.9906,  0.0000,  0.0000,  0.0000,  0.0000,  0.0000]])
tensor([[-0.9787,  0.0000,  0.0000,  0.0000,  0.0000,  0.0000]])
tensor([[-0.9522,  0.0000,  0.0000,  0.0000,  0.0000,  0.0000]])
tensor([[-0.9665,  1.0000,  0.0000,  0.0000,  0.0000,  0.0000]])
tensor([[-0.9773,  0.0000,  0.0000,  0.0000,  0.0000,  0.0000]])
tensor([[-0.9709,  1.0000,  0.0000,  0.0000,  0.0000,  0.0000]])
tensor([[-0.9834,  0.0000,  0.0000,  0.0000,  0.0000,  0.0000]])
tensor([[-0.9123,  1.0000,  0.0000,  0.0000,  0.0000,  0.0000]])
tensor([[-0.9823,  1.0000,  0.0000,  0.0000,  0.0000,  0.0000]])
tensor([[-0.9405,  1.0000,  0.0000,  0.0000,  0.0000,  0.0000]])
tensor([[-0.5626,  1.0000,  0.0000,  0.0000,  0.0000,  0.0000]])
tensor([[0.8490, 1.0000, 0.0000, 0.0000, 0.0000, 0.0000]])
tensor([[0.7119, 1.0000, 0.0000, 0.0000, 0.0000, 0.0000]])
tensor([[0.9296, 1.0000, 0.0000, 0.0000, 0.0000, 0.0000]])
tensor([[0.9805, 0.0000, 0.0000, 0.0000, 0.0000, 0.0000]])
tensor([[0.8139, 1.0000, 0.0000, 0.0000, 0.0000, 0.0000]])
tensor([[0.9591, 1.0000, 0.0000, 0.0000, 0.0000, 0.0000]])
tensor([[0.9885, 1.0000, 0.0000, 0.0000, 0.0000, 0.0000]])
tensor([[0.8878, 1.0000, 0.0000, 0.0000, 0.0000, 0.0000]])
tensor([[0.7737, 1.0000, 0.0000, 0.0000, 0.0000, 0.0000]])
tensor([[0.9724, 0.0000, 0.0000, 0.0000, 0.0000, 0.0000]])
tensor([[0.9756, 1.0000, 0.0000, 0.0000, 0.0000, 0.0000]])
tensor([[0.8824, 0.0000, 0.0000, 0.0000, 0.0000, 0.0000]])
tensor([[0.7316, 0.0000, 0.0000, 0.0000, 0.0000, 0.0000]])
tensor([[0.9982, 1.0000, 1.0000, 0.0000, 0.0000, 0.0000]])
tensor([[0.9958, 1.0000, 0.0000, 0.0000, 0.0000, 0.0000]])
tensor([[0.9884, 1.0000, 0.0000, 0.0000, 0.0000, 0.0000]])
tensor([[0.5116, 1.0000, 0.0000, 0.0000, 0.0000, 0.0000]])
tensor([[0.2746, 1.0000, 0.0000, 0.0000, 0.0000, 0.0000]])
tensor([[0.9985, 1.0000, 0.0000, 0.0000, 0.0000, 0.0000]])
tensor([[0.9986, 1.0000, 0.0000, 0.0000, 0.0000, 0.0000]])
tensor([[0.9950, 1.0000, 0.0000, 0.0000, 0.0000, 0.0000]])
tensor([[0.9927, 1.0000, 0.0000, 0.0000, 0.0000, 0.0000]])
tensor([[-0.2781,  1.0000,  0.0000,  0.0000,  0.0000,  0.0000]])
tensor([[-0.9395,  1.0000,  0.0000,  0.0000,  0.0000,  0.0000]])
tensor([[-0.9216,  1.0000,  0.0000,  0.0000,  0.0000,  0.0000]])
tensor([[-0.9811,  0.0000,  0.0000,  0.0000,  0.0000,  0.0000]])
tensor([[-0.9464,  1.0000,  0.0000,  0.0000,  0.0000,  0.0000]])
INFO:root:Agent 0 (TQCars): avg action time = 0.0014s
tensor([[0.8726, 1.0000, 0.0000, 0.0000, 0.0000, 0.0000]])
tensor([[0.9488, 1.0000, 0.0000, 0.0000, 0.0000, 0.0000]])
tensor([[-0.8587,  0.0000,  0.0000,  0.0000,  0.0000,  0.0000]])
tensor([[0.1655, 1.0000, 0.0000, 0.0000, 0.0000, 0.0000]])
tensor([[-0.6703,  1.0000,  0.0000,  0.0000,  0.0000,  0.0000]])
tensor([[0.6513, 1.0000, 0.0000, 0.0000, 1.0000, 0.0000]])
tensor([[0.9377, 1.0000, 0.0000, 0.0000, 0.0000, 0.0000]])
tensor([[0.2704, 1.0000, 0.0000, 0.0000, 0.0000, 0.0000]])
tensor([[-0.9917,  0.0000,  0.0000,  0.0000,  0.0000,  0.0000]])
tensor([[-0.9634,  0.0000,  0.0000,  0.0000,  0.0000,  0.0000]])
tensor([[-0.4916,  0.0000,  0.0000,  0.0000,  0.0000,  0.0000]])
tensor([[0.0879, 0.0000, 1.0000, 0.0000, 0.0000, 0.0000]])
tensor([[0.6562, 0.0000, 0.0000, 0.0000, 0.0000, 0.0000]])
tensor([[-0.3356,  0.0000,  0.0000,  0.0000,  0.0000,  0.0000]])
tensor([[0.9012, 1.0000, 0.0000, 0.0000, 0.0000, 0.0000]])
tensor([[-0.4236,  0.0000,  0.0000,  0.0000,  0.0000,  0.0000]])
tensor([[-0.4564,  0.0000,  0.0000,  0.0000,  0.0000,  0.0000]])
tensor([[0.4427, 0.0000, 0.0000, 0.0000, 0.0000, 0.0000]])
tensor([[-0.1297,  0.0000,  0.0000,  0.0000,  0.0000,  0.0000]])
tensor([[1.0000, 1.0000, 0.0000, 0.0000, 0.0000, 0.0000]])
tensor([[0.9999, 1.0000, 0.0000, 0.0000, 0.0000, 0.0000]])
tensor([[1.0000, 1.0000, 0.0000, 0.0000, 0.0000, 0.0000]])
tensor([[0.9992, 1.0000, 0.0000, 0.0000, 0.0000, 0.0000]])
tensor([[0.9954, 1.0000, 0.0000, 0.0000, 0.0000, 0.0000]])
tensor([[0.9969, 1.0000, 0.0000, 0.0000, 0.0000, 0.0000]])
tensor([[0.9938, 1.0000, 0.0000, 0.0000, 0.0000, 0.0000]])
tensor([[0.9998, 1.0000, 0.0000, 0.0000, 0.0000, 0.0000]])
tensor([[0.9988, 1.0000, 0.0000, 0.0000, 0.0000, 0.0000]])
tensor([[0.9994, 1.0000, 0.0000, 0.0000, 0.0000, 0.0000]])
tensor([[0.9986, 1.0000, 0.0000, 0.0000, 0.0000, 0.0000]])
tensor([[0.9985, 0.0000, 0.0000, 0.0000, 0.0000, 0.0000]])
tensor([[0.9695, 1.0000, 0.0000, 0.0000, 0.0000, 0.0000]])
tensor([[-0.1673,  1.0000,  0.0000,  0.0000,  0.0000,  0.0000]])
tensor([[-0.9755,  1.0000,  0.0000,  0.0000,  0.0000,  0.0000]])
tensor([[-0.9901,  1.0000,  0.0000,  0.0000,  0.0000,  0.0000]])
tensor([[-0.9468,  1.0000,  0.0000,  0.0000,  0.0000,  0.0000]])
tensor([[-0.8074,  1.0000,  0.0000,  1.0000,  0.0000,  0.0000]])
tensor([[-0.0913,  1.0000,  0.0000,  0.0000,  0.0000,  0.0000]])
tensor([[0.9196, 1.0000, 0.0000, 0.0000, 0.0000, 0.0000]])
tensor([[0.7418, 1.0000, 0.0000, 0.0000, 0.0000, 0.0000]])
tensor([[-0.4139,  1.0000,  0.0000,  0.0000,  0.0000,  0.0000]])
tensor([[-0.6930,  1.0000,  0.0000,  0.0000,  0.0000,  0.0000]])
tensor([[0.2768, 1.0000, 0.0000, 0.0000, 1.0000, 0.0000]])
tensor([[-0.2338,  1.0000,  0.0000,  0.0000,  0.0000,  0.0000]])
tensor([[-0.4704,  1.0000,  0.0000,  0.0000,  0.0000,  0.0000]])
tensor([[0.9888, 1.0000, 0.0000, 0.0000, 0.0000, 0.0000]])
tensor([[0.6745, 1.0000, 0.0000, 0.0000, 0.0000, 0.0000]])
tensor([[-0.8529,  1.0000,  0.0000,  0.0000,  0.0000,  0.0000]])
tensor([[-0.8346,  0.0000,  0.0000,  0.0000,  0.0000,  0.0000]])
tensor([[0.0206, 1.0000, 0.0000, 0.0000, 0.0000, 0.0000]])
tensor([[0.9826, 1.0000, 0.0000, 0.0000, 0.0000, 0.0000]])
tensor([[0.5998, 1.0000, 0.0000, 0.0000, 0.0000, 0.0000]])
tensor([[-0.4422,  0.0000,  0.0000,  0.0000,  0.0000,  0.0000]])
tensor([[-0.9468,  1.0000,  0.0000,  0.0000,  0.0000,  0.0000]])
tensor([[-0.6073,  0.0000,  0.0000,  0.0000,  1.0000,  0.0000]])
tensor([[0.9799, 1.0000, 0.0000, 0.0000, 0.0000, 0.0000]])
tensor([[0.9170, 1.0000, 0.0000, 0.0000, 0.0000, 0.0000]])
tensor([[-0.7333,  1.0000,  0.0000,  0.0000,  0.0000,  0.0000]])
tensor([[-0.5984,  0.0000,  0.0000,  0.0000,  0.0000,  0.0000]])
tensor([[-0.5789,  0.0000,  0.0000,  0.0000,  0.0000,  0.0000]])
{"type": "results", "track": "snowtuxpeak", "results": [{"key": 0, "reward": 10.027862548828125, "position": 4, "name": "TQCars", "avg_action_time": 0.0014028261381788688}]}
