INFO:root:Loading the agents
INFO:root:Loaded player TQCars
INFO:root:Creating pystk-1
INFO:root:Adding wrapper <function get_wrappers.<locals>.<lambda> at 0x7fd5f50ef420>
INFO:root:Adding wrapper <function get_wrappers.<locals>.<lambda> at 0x7fd5f50ef4c0>
INFO:root:Adding wrapper <function get_wrappers.<locals>.<lambda> at 0x7fd5f50ef560>
INFO:root:Adding wrapper <function get_wrappers.<locals>.<lambda> at 0x7fd5f50ef600>
INFO:root:(multi-env mono adapter) Setting main environment max_paths to 5
INFO:root:Loading trained model from CHECKPOINT-GPUFAC/tqc_EXP14RACING_800000.pt...
INFO:root:Starting a race
tensor([[0.8544, 1.0000, 0.0000, 0.0000, 0.0000, 0.0000]])
tensor([[0.7294, 1.0000, 0.0000, 0.0000, 0.0000, 0.0000]])
tensor([[0.7511, 1.0000, 0.0000, 0.0000, 0.0000, 0.0000]])
tensor([[0.7061, 1.0000, 0.0000, 0.0000, 0.0000, 0.0000]])
tensor([[0.4084, 1.0000, 0.0000, 0.0000, 0.0000, 0.0000]])
tensor([[-0.4617,  1.0000,  0.0000,  0.0000,  0.0000,  0.0000]])
tensor([[0.9390, 1.0000, 0.0000, 0.0000, 0.0000, 0.0000]])
tensor([[0.7331, 1.0000, 0.0000, 0.0000, 0.0000, 0.0000]])
tensor([[0.5908, 1.0000, 0.0000, 0.0000, 0.0000, 0.0000]])
tensor([[0.7126, 1.0000, 0.0000, 0.0000, 0.0000, 0.0000]])
tensor([[0.7177, 1.0000, 0.0000, 0.0000, 0.0000, 0.0000]])
tensor([[0.8683, 1.0000, 0.0000, 0.0000, 0.0000, 0.0000]])
tensor([[0.8604, 1.0000, 0.0000, 1.0000, 0.0000, 0.0000]])
tensor([[0.9829, 1.0000, 0.0000, 0.0000, 0.0000, 0.0000]])
tensor([[0.7890, 1.0000, 0.0000, 0.0000, 0.0000, 0.0000]])
tensor([[0.8031, 1.0000, 0.0000, 0.0000, 0.0000, 0.0000]])
tensor([[0.9276, 1.0000, 0.0000, 0.0000, 0.0000, 0.0000]])
tensor([[-0.1032,  1.0000,  0.0000,  0.0000,  0.0000,  0.0000]])
tensor([[0.8806, 1.0000, 0.0000, 0.0000, 0.0000, 0.0000]])
tensor([[0.8386, 1.0000, 0.0000, 0.0000, 0.0000, 0.0000]])
tensor([[0.6833, 1.0000, 0.0000, 0.0000, 0.0000, 0.0000]])
tensor([[0.6321, 1.0000, 0.0000, 0.0000, 0.0000, 0.0000]])
tensor([[0.5443, 1.0000, 0.0000, 0.0000, 0.0000, 0.0000]])
tensor([[0.5780, 1.0000, 0.0000, 0.0000, 0.0000, 0.0000]])
tensor([[0.3849, 1.0000, 0.0000, 0.0000, 0.0000, 0.0000]])
tensor([[-0.1670,  1.0000,  0.0000,  0.0000,  0.0000,  0.0000]])
tensor([[-0.6451,  1.0000,  0.0000,  0.0000,  0.0000,  0.0000]])
tensor([[-0.8155,  1.0000,  0.0000,  0.0000,  0.0000,  0.0000]])
tensor([[0.9435, 1.0000, 0.0000, 0.0000, 0.0000, 0.0000]])
tensor([[-0.6302,  1.0000,  0.0000,  0.0000,  0.0000,  0.0000]])
tensor([[-0.7047,  1.0000,  0.0000,  0.0000,  0.0000,  0.0000]])
tensor([[-0.2477,  1.0000,  0.0000,  0.0000,  0.0000,  0.0000]])
tensor([[0.4615, 1.0000, 0.0000, 0.0000, 0.0000, 0.0000]])
tensor([[-0.2824,  1.0000,  0.0000,  0.0000,  0.0000,  0.0000]])
tensor([[-0.2519,  1.0000,  0.0000,  0.0000,  0.0000,  0.0000]])
tensor([[0.8458, 1.0000, 0.0000, 0.0000, 0.0000, 0.0000]])
tensor([[-0.0983,  1.0000,  0.0000,  0.0000,  0.0000,  0.0000]])
tensor([[-0.8773,  1.0000,  0.0000,  0.0000,  0.0000,  0.0000]])
tensor([[0.1293, 1.0000, 0.0000, 0.0000, 0.0000, 0.0000]])
tensor([[0.0731, 1.0000, 0.0000, 0.0000, 0.0000, 0.0000]])
tensor([[-0.4638,  1.0000,  0.0000,  0.0000,  0.0000,  0.0000]])
tensor([[-0.4755,  1.0000,  0.0000,  0.0000,  0.0000,  0.0000]])
tensor([[0.4503, 1.0000, 0.0000, 0.0000, 0.0000, 0.0000]])
tensor([[0.6164, 1.0000, 0.0000, 0.0000, 0.0000, 0.0000]])
tensor([[-0.0438,  1.0000,  0.0000,  0.0000,  0.0000,  0.0000]])
tensor([[-0.7368,  1.0000,  0.0000,  0.0000,  0.0000,  0.0000]])
tensor([[0.6568, 1.0000, 0.0000, 0.0000, 0.0000, 0.0000]])
tensor([[-0.1377,  1.0000,  0.0000,  0.0000,  0.0000,  0.0000]])
tensor([[0.7663, 1.0000, 0.0000, 0.0000, 0.0000, 0.0000]])
tensor([[-0.2356,  1.0000,  0.0000,  0.0000,  0.0000,  0.0000]])
tensor([[-0.8980,  1.0000,  0.0000,  0.0000,  0.0000,  0.0000]])
tensor([[0.2719, 1.0000, 0.0000, 0.0000, 0.0000, 0.0000]])
tensor([[-0.7807,  1.0000,  1.0000,  0.0000,  0.0000,  0.0000]])
tensor([[0.2058, 1.0000, 0.0000, 0.0000, 0.0000, 0.0000]])
tensor([[0.6584, 1.0000, 0.0000, 0.0000, 0.0000, 0.0000]])
tensor([[-0.1086,  1.0000,  0.0000,  0.0000,  0.0000,  0.0000]])
tensor([[0.6458, 1.0000, 0.0000, 0.0000, 0.0000, 0.0000]])
tensor([[-0.3567,  1.0000,  0.0000,  0.0000,  0.0000,  0.0000]])
tensor([[-0.6527,  1.0000,  0.0000,  0.0000,  0.0000,  0.0000]])
tensor([[0.7435, 1.0000, 0.0000, 0.0000, 0.0000, 0.0000]])
tensor([[-0.9028,  1.0000,  0.0000,  0.0000,  0.0000,  0.0000]])
tensor([[0.3465, 1.0000, 0.0000, 0.0000, 0.0000, 0.0000]])
tensor([[0.8830, 1.0000, 0.0000, 0.0000, 0.0000, 0.0000]])
tensor([[-0.3694,  1.0000,  0.0000,  0.0000,  0.0000,  0.0000]])
tensor([[-0.7955,  1.0000,  0.0000,  0.0000,  0.0000,  0.0000]])
tensor([[-0.9591,  1.0000,  0.0000,  0.0000,  0.0000,  0.0000]])
tensor([[0.2609, 1.0000, 0.0000, 0.0000, 0.0000, 0.0000]])
tensor([[0.7827, 1.0000, 0.0000, 0.0000, 0.0000, 0.0000]])
tensor([[-0.9912,  1.0000,  0.0000,  0.0000,  0.0000,  0.0000]])
tensor([[-0.2423,  1.0000,  0.0000,  0.0000,  0.0000,  0.0000]])
tensor([[0.0648, 1.0000, 0.0000, 0.0000, 0.0000, 0.0000]])
tensor([[0.5703, 1.0000, 0.0000, 0.0000, 0.0000, 0.0000]])
tensor([[-0.3603,  1.0000,  0.0000,  0.0000,  0.0000,  0.0000]])
tensor([[0.5081, 1.0000, 0.0000, 0.0000, 0.0000, 0.0000]])
tensor([[0.6986, 1.0000, 0.0000, 0.0000, 0.0000, 0.0000]])
tensor([[-0.3254,  1.0000,  0.0000,  0.0000,  0.0000,  0.0000]])
tensor([[0.4017, 1.0000, 0.0000, 0.0000, 0.0000, 0.0000]])
tensor([[-0.1942,  1.0000,  0.0000,  0.0000,  0.0000,  0.0000]])
tensor([[0.7216, 1.0000, 0.0000, 0.0000, 0.0000, 0.0000]])
tensor([[0.5601, 1.0000, 0.0000, 0.0000, 0.0000, 0.0000]])
tensor([[0.6882, 1.0000, 0.0000, 0.0000, 0.0000, 0.0000]])
tensor([[0.3233, 1.0000, 0.0000, 0.0000, 0.0000, 0.0000]])
tensor([[-0.4100,  1.0000,  0.0000,  0.0000,  0.0000,  0.0000]])
tensor([[-0.7584,  1.0000,  0.0000,  0.0000,  0.0000,  0.0000]])
tensor([[0.0580, 1.0000, 0.0000, 0.0000, 0.0000, 0.0000]])
tensor([[0.4209, 1.0000, 0.0000, 0.0000, 0.0000, 0.0000]])
tensor([[0.3045, 1.0000, 0.0000, 0.0000, 0.0000, 0.0000]])
tensor([[0.4552, 1.0000, 0.0000, 0.0000, 0.0000, 0.0000]])
tensor([[-0.0210,  1.0000,  0.0000,  0.0000,  0.0000,  0.0000]])
tensor([[-0.4592,  1.0000,  0.0000,  0.0000,  0.0000,  0.0000]])
tensor([[-0.6306,  1.0000,  0.0000,  0.0000,  0.0000,  0.0000]])
tensor([[0.0609, 1.0000, 0.0000, 0.0000, 0.0000, 0.0000]])
tensor([[0.2252, 1.0000, 0.0000, 0.0000, 0.0000, 0.0000]])
tensor([[0.3602, 1.0000, 0.0000, 0.0000, 0.0000, 0.0000]])
tensor([[-0.1693,  1.0000,  0.0000,  0.0000,  0.0000,  0.0000]])
tensor([[0.1862, 1.0000, 0.0000, 0.0000, 0.0000, 0.0000]])
tensor([[-0.6264,  1.0000,  0.0000,  0.0000,  0.0000,  0.0000]])
tensor([[0.4228, 1.0000, 0.0000, 0.0000, 0.0000, 0.0000]])
tensor([[-0.8201,  1.0000,  0.0000,  0.0000,  0.0000,  0.0000]])
tensor([[0.6294, 1.0000, 0.0000, 0.0000, 0.0000, 0.0000]])
tensor([[-0.7650,  1.0000,  0.0000,  0.0000,  0.0000,  0.0000]])
tensor([[0.0641, 1.0000, 0.0000, 0.0000, 0.0000, 0.0000]])
tensor([[0.1484, 1.0000, 0.0000, 0.0000, 0.0000, 0.0000]])
tensor([[0.4175, 1.0000, 0.0000, 0.0000, 0.0000, 0.0000]])
tensor([[-0.6041,  1.0000,  0.0000,  0.0000,  0.0000,  0.0000]])
tensor([[-0.5195,  1.0000,  0.0000,  0.0000,  0.0000,  0.0000]])
tensor([[0.7880, 1.0000, 0.0000, 0.0000, 0.0000, 0.0000]])
tensor([[0.3799, 1.0000, 0.0000, 0.0000, 0.0000, 0.0000]])
tensor([[-0.5816,  1.0000,  0.0000,  0.0000,  0.0000,  0.0000]])
tensor([[-0.7946,  1.0000,  0.0000,  0.0000,  0.0000,  0.0000]])
tensor([[0.7177, 1.0000, 0.0000, 0.0000, 0.0000, 0.0000]])
tensor([[0.3390, 1.0000, 0.0000, 0.0000, 0.0000, 0.0000]])
tensor([[-0.8360,  1.0000,  0.0000,  0.0000,  0.0000,  0.0000]])
tensor([[-0.7492,  1.0000,  0.0000,  0.0000,  0.0000,  0.0000]])
tensor([[0.7496, 1.0000, 0.0000, 0.0000, 0.0000, 0.0000]])
tensor([[-0.3322,  1.0000,  0.0000,  0.0000,  0.0000,  0.0000]])
tensor([[0.7981, 1.0000, 0.0000, 0.0000, 0.0000, 0.0000]])
tensor([[-0.7559,  1.0000,  0.0000,  0.0000,  0.0000,  0.0000]])
tensor([[0.4685, 1.0000, 0.0000, 0.0000, 0.0000, 0.0000]])
tensor([[0.6898, 1.0000, 0.0000, 0.0000, 0.0000, 0.0000]])
tensor([[-0.9149,  1.0000,  0.0000,  0.0000,  0.0000,  0.0000]])
tensor([[-0.2157,  1.0000,  0.0000,  0.0000,  0.0000,  0.0000]])
tensor([[-0.9368,  1.0000,  0.0000,  0.0000,  0.0000,  0.0000]])
tensor([[-0.4456,  1.0000,  0.0000,  0.0000,  0.0000,  0.0000]])
tensor([[0.1462, 1.0000, 0.0000, 0.0000, 0.0000, 0.0000]])
tensor([[0.3998, 1.0000, 0.0000, 0.0000, 0.0000, 0.0000]])
tensor([[-0.2746,  1.0000,  0.0000,  0.0000,  0.0000,  0.0000]])
tensor([[-0.8421,  1.0000,  0.0000,  0.0000,  0.0000,  0.0000]])
tensor([[0.0323, 1.0000, 0.0000, 0.0000, 0.0000, 0.0000]])
tensor([[-0.9251,  1.0000,  0.0000,  0.0000,  0.0000,  0.0000]])
tensor([[0.8459, 1.0000, 0.0000, 0.0000, 0.0000, 0.0000]])
tensor([[-0.3831,  1.0000,  0.0000,  0.0000,  0.0000,  0.0000]])
tensor([[0.7534, 1.0000, 0.0000, 0.0000, 0.0000, 0.0000]])
tensor([[0.2850, 1.0000, 0.0000, 0.0000, 0.0000, 0.0000]])
tensor([[0.3991, 1.0000, 0.0000, 0.0000, 0.0000, 0.0000]])
tensor([[0.0657, 1.0000, 0.0000, 0.0000, 0.0000, 0.0000]])
tensor([[0.6632, 1.0000, 0.0000, 0.0000, 0.0000, 0.0000]])
tensor([[-0.5320,  1.0000,  0.0000,  0.0000,  0.0000,  0.0000]])
tensor([[0.2039, 1.0000, 0.0000, 0.0000, 0.0000, 0.0000]])
tensor([[-0.3323,  1.0000,  0.0000,  0.0000,  0.0000,  0.0000]])
tensor([[-0.9045,  1.0000,  0.0000,  0.0000,  0.0000,  0.0000]])
tensor([[-0.2449,  1.0000,  0.0000,  0.0000,  0.0000,  0.0000]])
tensor([[0.5318, 1.0000, 0.0000, 0.0000, 0.0000, 0.0000]])
tensor([[0.8807, 1.0000, 0.0000, 0.0000, 0.0000, 0.0000]])
tensor([[-0.6760,  1.0000,  0.0000,  0.0000,  0.0000,  0.0000]])
tensor([[0.3691, 1.0000, 0.0000, 0.0000, 0.0000, 0.0000]])
tensor([[-0.2066,  1.0000,  0.0000,  0.0000,  0.0000,  0.0000]])
tensor([[-0.3471,  1.0000,  1.0000,  0.0000,  0.0000,  0.0000]])
tensor([[-0.8041,  1.0000,  0.0000,  0.0000,  0.0000,  0.0000]])
tensor([[-0.5967,  1.0000,  0.0000,  0.0000,  0.0000,  0.0000]])
tensor([[0.2341, 1.0000, 0.0000, 0.0000, 0.0000, 0.0000]])
tensor([[0.0044, 1.0000, 0.0000, 0.0000, 0.0000, 0.0000]])
tensor([[0.2078, 1.0000, 0.0000, 0.0000, 0.0000, 0.0000]])
tensor([[-0.7725,  1.0000,  0.0000,  0.0000,  0.0000,  0.0000]])
tensor([[-0.9081,  0.0000,  0.0000,  0.0000,  0.0000,  0.0000]])
tensor([[0.1879, 1.0000, 0.0000, 0.0000, 0.0000, 0.0000]])
tensor([[0.7363, 1.0000, 0.0000, 0.0000, 0.0000, 0.0000]])
tensor([[-0.4217,  1.0000,  0.0000,  0.0000,  0.0000,  0.0000]])
tensor([[-0.1304,  1.0000,  0.0000,  0.0000,  0.0000,  0.0000]])
tensor([[0.4623, 1.0000, 0.0000, 0.0000, 0.0000, 0.0000]])
tensor([[-0.8060,  1.0000,  0.0000,  0.0000,  0.0000,  0.0000]])
tensor([[-0.1108,  1.0000,  0.0000,  0.0000,  0.0000,  0.0000]])
tensor([[0.7389, 1.0000, 0.0000, 0.0000, 0.0000, 0.0000]])
tensor([[-0.4677,  1.0000,  0.0000,  0.0000,  0.0000,  0.0000]])
tensor([[-0.5367,  1.0000,  0.0000,  0.0000,  0.0000,  0.0000]])
tensor([[-0.2937,  1.0000,  0.0000,  0.0000,  0.0000,  0.0000]])
tensor([[-0.5322,  1.0000,  0.0000,  0.0000,  0.0000,  0.0000]])
tensor([[0.1563, 1.0000, 0.0000, 0.0000, 0.0000, 0.0000]])
tensor([[0.3817, 1.0000, 0.0000, 0.0000, 0.0000, 0.0000]])
tensor([[-0.8131,  1.0000,  0.0000,  0.0000,  0.0000,  0.0000]])
tensor([[-0.1047,  1.0000,  0.0000,  0.0000,  0.0000,  0.0000]])
tensor([[-0.4320,  1.0000,  0.0000,  0.0000,  0.0000,  0.0000]])
tensor([[-0.1989,  1.0000,  0.0000,  0.0000,  0.0000,  0.0000]])
tensor([[-0.6296,  1.0000,  0.0000,  0.0000,  0.0000,  0.0000]])
tensor([[-0.1135,  1.0000,  0.0000,  0.0000,  0.0000,  0.0000]])
tensor([[-0.0348,  1.0000,  0.0000,  0.0000,  0.0000,  0.0000]])
tensor([[-0.0451,  1.0000,  0.0000,  0.0000,  0.0000,  0.0000]])
tensor([[-0.1489,  1.0000,  0.0000,  0.0000,  0.0000,  0.0000]])
tensor([[-0.0051,  1.0000,  0.0000,  0.0000,  0.0000,  0.0000]])
tensor([[-0.4324,  1.0000,  0.0000,  0.0000,  0.0000,  0.0000]])
tensor([[0.6706, 1.0000, 0.0000, 0.0000, 0.0000, 0.0000]])
tensor([[-0.7196,  1.0000,  0.0000,  0.0000,  0.0000,  0.0000]])
tensor([[-0.0306,  1.0000,  0.0000,  0.0000,  0.0000,  0.0000]])
tensor([[0.4984, 1.0000, 0.0000, 0.0000, 0.0000, 0.0000]])
tensor([[0.2736, 1.0000, 0.0000, 0.0000, 0.0000, 0.0000]])
tensor([[-0.8206,  1.0000,  0.0000,  0.0000,  0.0000,  0.0000]])
tensor([[-0.2020,  1.0000,  0.0000,  0.0000,  0.0000,  0.0000]])
tensor([[0.4618, 1.0000, 0.0000, 0.0000, 0.0000, 0.0000]])
tensor([[-0.5413,  1.0000,  0.0000,  0.0000,  0.0000,  0.0000]])
tensor([[0.5600, 1.0000, 0.0000, 0.0000, 0.0000, 0.0000]])
tensor([[-0.9262,  1.0000,  0.0000,  0.0000,  0.0000,  0.0000]])
tensor([[0.8059, 1.0000, 0.0000, 0.0000, 0.0000, 0.0000]])
tensor([[-0.8680,  1.0000,  0.0000,  0.0000,  0.0000,  0.0000]])
tensor([[0.0394, 1.0000, 0.0000, 0.0000, 0.0000, 0.0000]])
tensor([[-0.4043,  1.0000,  0.0000,  0.0000,  0.0000,  0.0000]])
tensor([[-0.9346,  1.0000,  0.0000,  0.0000,  0.0000,  0.0000]])
tensor([[0.0300, 1.0000, 0.0000, 0.0000, 0.0000, 0.0000]])
tensor([[-0.3828,  1.0000,  0.0000,  0.0000,  0.0000,  0.0000]])
tensor([[-0.9250,  1.0000,  0.0000,  0.0000,  0.0000,  0.0000]])
tensor([[0.1437, 1.0000, 0.0000, 0.0000, 0.0000, 0.0000]])
tensor([[0.6285, 1.0000, 0.0000, 0.0000, 0.0000, 0.0000]])
tensor([[-0.2169,  1.0000,  0.0000,  0.0000,  0.0000,  0.0000]])
tensor([[-0.2503,  1.0000,  0.0000,  0.0000,  0.0000,  0.0000]])
tensor([[0.5067, 1.0000, 0.0000, 0.0000, 0.0000, 0.0000]])
tensor([[-0.8211,  1.0000,  0.0000,  0.0000,  0.0000,  0.0000]])
tensor([[0.8720, 1.0000, 0.0000, 0.0000, 0.0000, 0.0000]])
tensor([[0.6758, 1.0000, 0.0000, 0.0000, 0.0000, 0.0000]])
tensor([[-0.3584,  1.0000,  0.0000,  0.0000,  0.0000,  0.0000]])
tensor([[-0.8622,  1.0000,  0.0000,  0.0000,  0.0000,  0.0000]])
tensor([[-0.6934,  1.0000,  0.0000,  0.0000,  0.0000,  0.0000]])
tensor([[-0.6387,  1.0000,  0.0000,  0.0000,  0.0000,  0.0000]])
tensor([[-0.4426,  1.0000,  0.0000,  0.0000,  0.0000,  0.0000]])
tensor([[0.1567, 1.0000, 0.0000, 0.0000, 0.0000, 0.0000]])
tensor([[-0.3527,  1.0000,  0.0000,  0.0000,  0.0000,  0.0000]])
tensor([[-0.2749,  1.0000,  0.0000,  0.0000,  0.0000,  0.0000]])
tensor([[-0.1008,  1.0000,  0.0000,  0.0000,  0.0000,  0.0000]])
tensor([[0.8898, 1.0000, 0.0000, 0.0000, 0.0000, 0.0000]])
tensor([[0.1578, 1.0000, 0.0000, 0.0000, 0.0000, 0.0000]])
tensor([[-0.9325,  1.0000,  0.0000,  0.0000,  0.0000,  0.0000]])
tensor([[-0.5349,  1.0000,  0.0000,  0.0000,  0.0000,  0.0000]])
tensor([[0.9259, 1.0000, 1.0000, 0.0000, 0.0000, 0.0000]])
tensor([[-0.1192,  1.0000,  0.0000,  0.0000,  0.0000,  0.0000]])
tensor([[-0.4262,  1.0000,  0.0000,  0.0000,  0.0000,  0.0000]])
tensor([[1.9336e-04, 1.0000e+00, 0.0000e+00, 0.0000e+00, 0.0000e+00, 0.0000e+00]])
tensor([[-0.4192,  1.0000,  0.0000,  0.0000,  0.0000,  0.0000]])
tensor([[-0.3130,  1.0000,  0.0000,  0.0000,  0.0000,  0.0000]])
tensor([[0.6546, 1.0000, 0.0000, 0.0000, 0.0000, 0.0000]])
tensor([[-0.9342,  1.0000,  0.0000,  0.0000,  0.0000,  0.0000]])
tensor([[-0.6020,  1.0000,  0.0000,  0.0000,  0.0000,  0.0000]])
tensor([[-0.5049,  1.0000,  0.0000,  0.0000,  0.0000,  0.0000]])
tensor([[0.4799, 1.0000, 0.0000, 0.0000, 0.0000, 0.0000]])
tensor([[-0.1644,  1.0000,  0.0000,  0.0000,  0.0000,  0.0000]])
tensor([[-0.8557,  1.0000,  0.0000,  0.0000,  0.0000,  0.0000]])
tensor([[-0.2473,  1.0000,  0.0000,  0.0000,  0.0000,  0.0000]])
tensor([[-0.5398,  1.0000,  0.0000,  0.0000,  0.0000,  0.0000]])
tensor([[-0.7902,  1.0000,  0.0000,  0.0000,  0.0000,  0.0000]])
tensor([[-0.1383,  1.0000,  0.0000,  0.0000,  0.0000,  0.0000]])
tensor([[0.1464, 1.0000, 0.0000, 0.0000, 0.0000, 0.0000]])
tensor([[0.0209, 1.0000, 0.0000, 0.0000, 0.0000, 0.0000]])
tensor([[-0.8635,  1.0000,  0.0000,  0.0000,  0.0000,  0.0000]])
tensor([[-0.7786,  1.0000,  0.0000,  0.0000,  0.0000,  0.0000]])
tensor([[0.7390, 1.0000, 0.0000, 0.0000, 0.0000, 0.0000]])
tensor([[0.1530, 1.0000, 0.0000, 0.0000, 0.0000, 0.0000]])
tensor([[0.9186, 1.0000, 0.0000, 0.0000, 0.0000, 0.0000]])
tensor([[0.0965, 1.0000, 0.0000, 0.0000, 0.0000, 0.0000]])
tensor([[-0.9007,  1.0000,  0.0000,  0.0000,  0.0000,  0.0000]])
tensor([[-0.9512,  1.0000,  0.0000,  0.0000,  0.0000,  0.0000]])
tensor([[-0.9214,  1.0000,  0.0000,  0.0000,  0.0000,  0.0000]])
tensor([[-0.9316,  1.0000,  0.0000,  0.0000,  0.0000,  0.0000]])
tensor([[-0.2149,  1.0000,  0.0000,  0.0000,  0.0000,  0.0000]])
tensor([[0.2167, 1.0000, 0.0000, 0.0000, 0.0000, 0.0000]])
tensor([[0.6329, 1.0000, 0.0000, 0.0000, 0.0000, 0.0000]])
tensor([[0.7827, 1.0000, 0.0000, 0.0000, 0.0000, 0.0000]])
tensor([[-0.4006,  1.0000,  0.0000,  0.0000,  0.0000,  0.0000]])
tensor([[-0.5209,  1.0000,  0.0000,  0.0000,  0.0000,  0.0000]])
tensor([[-0.2383,  1.0000,  0.0000,  0.0000,  0.0000,  0.0000]])
tensor([[-0.8420,  1.0000,  0.0000,  0.0000,  0.0000,  0.0000]])
tensor([[-0.5831,  1.0000,  0.0000,  0.0000,  0.0000,  0.0000]])
tensor([[0.2847, 1.0000, 0.0000, 0.0000, 0.0000, 0.0000]])
tensor([[0.7222, 1.0000, 0.0000, 0.0000, 0.0000, 0.0000]])
tensor([[-0.8461,  1.0000,  0.0000,  0.0000,  0.0000,  0.0000]])
tensor([[0.6237, 1.0000, 0.0000, 0.0000, 0.0000, 0.0000]])
tensor([[-0.7069,  1.0000,  0.0000,  0.0000,  0.0000,  0.0000]])
tensor([[0.9821, 1.0000, 0.0000, 0.0000, 0.0000, 0.0000]])
tensor([[0.0619, 1.0000, 0.0000, 0.0000, 0.0000, 0.0000]])
tensor([[0.8033, 1.0000, 0.0000, 0.0000, 0.0000, 0.0000]])
tensor([[-0.2834,  1.0000,  0.0000,  0.0000,  0.0000,  0.0000]])
tensor([[-0.7054,  1.0000,  0.0000,  0.0000,  0.0000,  0.0000]])
tensor([[-0.9278,  1.0000,  0.0000,  0.0000,  0.0000,  0.0000]])
tensor([[0.4103, 1.0000, 0.0000, 0.0000, 0.0000, 0.0000]])
tensor([[-0.1214,  1.0000,  0.0000,  0.0000,  0.0000,  0.0000]])
tensor([[-0.4258,  1.0000,  0.0000,  0.0000,  0.0000,  0.0000]])
tensor([[0.8446, 1.0000, 0.0000, 0.0000, 0.0000, 0.0000]])
tensor([[0.8127, 1.0000, 0.0000, 0.0000, 0.0000, 0.0000]])
tensor([[0.4164, 1.0000, 0.0000, 0.0000, 0.0000, 0.0000]])
tensor([[0.7938, 1.0000, 0.0000, 0.0000, 0.0000, 0.0000]])
tensor([[0.5103, 1.0000, 0.0000, 0.0000, 0.0000, 0.0000]])
tensor([[-0.5694,  1.0000,  0.0000,  0.0000,  0.0000,  0.0000]])
tensor([[0.2871, 1.0000, 0.0000, 0.0000, 0.0000, 0.0000]])
tensor([[0.7761, 1.0000, 0.0000, 0.0000, 0.0000, 0.0000]])
tensor([[0.5962, 1.0000, 0.0000, 0.0000, 0.0000, 0.0000]])
tensor([[0.4316, 1.0000, 0.0000, 0.0000, 0.0000, 0.0000]])
tensor([[0.6950, 1.0000, 0.0000, 0.0000, 0.0000, 0.0000]])
tensor([[0.4976, 1.0000, 0.0000, 0.0000, 0.0000, 0.0000]])
tensor([[0.8109, 1.0000, 0.0000, 0.0000, 0.0000, 0.0000]])
tensor([[0.9300, 1.0000, 0.0000, 0.0000, 0.0000, 0.0000]])
tensor([[-0.6649,  1.0000,  0.0000,  0.0000,  0.0000,  0.0000]])
tensor([[-0.0193,  1.0000,  0.0000,  0.0000,  0.0000,  0.0000]])
tensor([[0.9543, 1.0000, 0.0000, 0.0000, 0.0000, 0.0000]])
tensor([[-0.6726,  1.0000,  0.0000,  0.0000,  0.0000,  0.0000]])
tensor([[0.4353, 1.0000, 0.0000, 0.0000, 0.0000, 0.0000]])
tensor([[0.9870, 1.0000, 0.0000, 0.0000, 0.0000, 0.0000]])
tensor([[0.5262, 1.0000, 0.0000, 0.0000, 0.0000, 0.0000]])
tensor([[0.9493, 1.0000, 0.0000, 0.0000, 0.0000, 0.0000]])
tensor([[0.4460, 1.0000, 0.0000, 0.0000, 0.0000, 0.0000]])
tensor([[0.8738, 1.0000, 0.0000, 0.0000, 0.0000, 0.0000]])
tensor([[0.5505, 1.0000, 0.0000, 0.0000, 0.0000, 0.0000]])
tensor([[-0.6709,  1.0000,  0.0000,  0.0000,  0.0000,  0.0000]])
tensor([[0.4879, 1.0000, 0.0000, 0.0000, 0.0000, 0.0000]])
tensor([[-0.5297,  1.0000,  0.0000,  0.0000,  0.0000,  0.0000]])
tensor([[-0.7448,  1.0000,  0.0000,  0.0000,  0.0000,  0.0000]])
tensor([[-0.4950,  1.0000,  0.0000,  0.0000,  0.0000,  0.0000]])
tensor([[-0.9549,  1.0000,  0.0000,  0.0000,  0.0000,  0.0000]])
tensor([[0.5965, 1.0000, 0.0000, 0.0000, 0.0000, 0.0000]])
tensor([[-0.4476,  1.0000,  0.0000,  0.0000,  0.0000,  0.0000]])
tensor([[-0.5664,  1.0000,  0.0000,  0.0000,  0.0000,  0.0000]])
tensor([[0.2577, 1.0000, 0.0000, 0.0000, 0.0000, 0.0000]])
tensor([[0.8043, 1.0000, 0.0000, 0.0000, 0.0000, 0.0000]])
tensor([[0.4804, 1.0000, 0.0000, 0.0000, 0.0000, 0.0000]])
tensor([[0.5519, 1.0000, 0.0000, 0.0000, 0.0000, 0.0000]])
tensor([[0.5301, 1.0000, 0.0000, 0.0000, 0.0000, 0.0000]])
tensor([[-0.3669,  1.0000,  0.0000,  0.0000,  0.0000,  0.0000]])
tensor([[-0.0161,  1.0000,  0.0000,  0.0000,  0.0000,  0.0000]])
tensor([[0.6755, 1.0000, 0.0000, 0.0000, 0.0000, 0.0000]])
tensor([[0.4614, 1.0000, 0.0000, 0.0000, 0.0000, 0.0000]])
tensor([[0.1689, 1.0000, 0.0000, 0.0000, 0.0000, 0.0000]])
tensor([[-0.0303,  1.0000,  0.0000,  0.0000,  0.0000,  0.0000]])
tensor([[-0.7121,  1.0000,  0.0000,  0.0000,  0.0000,  0.0000]])
tensor([[-0.5138,  1.0000,  0.0000,  0.0000,  0.0000,  0.0000]])
tensor([[0.5157, 1.0000, 0.0000, 0.0000, 0.0000, 0.0000]])
tensor([[0.9287, 1.0000, 0.0000, 0.0000, 0.0000, 0.0000]])
tensor([[-0.4169,  1.0000,  0.0000,  0.0000,  0.0000,  0.0000]])
tensor([[-0.3063,  1.0000,  0.0000,  0.0000,  0.0000,  0.0000]])
tensor([[-0.0619,  1.0000,  0.0000,  0.0000,  0.0000,  0.0000]])
tensor([[0.0325, 1.0000, 0.0000, 0.0000, 0.0000, 0.0000]])
tensor([[-0.6010,  1.0000,  0.0000,  0.0000,  0.0000,  0.0000]])
tensor([[-0.4586,  1.0000,  0.0000,  0.0000,  0.0000,  0.0000]])
tensor([[-0.4309,  1.0000,  0.0000,  0.0000,  0.0000,  0.0000]])
tensor([[-0.6017,  1.0000,  0.0000,  0.0000,  0.0000,  0.0000]])
tensor([[0.8136, 1.0000, 0.0000, 0.0000, 0.0000, 0.0000]])
tensor([[-0.2415,  1.0000,  0.0000,  0.0000,  0.0000,  0.0000]])
tensor([[0.3744, 1.0000, 0.0000, 0.0000, 0.0000, 0.0000]])
tensor([[0.3077, 1.0000, 0.0000, 0.0000, 0.0000, 0.0000]])
tensor([[-0.8944,  1.0000,  0.0000,  0.0000,  0.0000,  0.0000]])
tensor([[-0.8421,  1.0000,  0.0000,  0.0000,  0.0000,  0.0000]])
tensor([[-0.9580,  1.0000,  0.0000,  0.0000,  0.0000,  0.0000]])
tensor([[-0.9574,  1.0000,  0.0000,  0.0000,  0.0000,  0.0000]])
tensor([[0.5125, 1.0000, 0.0000, 0.0000, 0.0000, 0.0000]])
tensor([[-0.2889,  1.0000,  0.0000,  0.0000,  0.0000,  0.0000]])
tensor([[-0.8880,  1.0000,  0.0000,  0.0000,  0.0000,  0.0000]])
tensor([[0.6043, 1.0000, 0.0000, 0.0000, 0.0000, 0.0000]])
tensor([[-0.9553,  1.0000,  0.0000,  0.0000,  0.0000,  0.0000]])
tensor([[0.3212, 1.0000, 0.0000, 0.0000, 0.0000, 0.0000]])
tensor([[0.7665, 1.0000, 0.0000, 0.0000, 0.0000, 0.0000]])
tensor([[-0.9318,  1.0000,  0.0000,  0.0000,  0.0000,  0.0000]])
tensor([[-0.7911,  1.0000,  0.0000,  0.0000,  0.0000,  0.0000]])
tensor([[-0.8428,  1.0000,  0.0000,  0.0000,  0.0000,  0.0000]])
tensor([[-0.9287,  1.0000,  0.0000,  0.0000,  0.0000,  0.0000]])
tensor([[-0.7115,  1.0000,  0.0000,  0.0000,  0.0000,  0.0000]])
tensor([[0.2331, 1.0000, 0.0000, 0.0000, 0.0000, 0.0000]])
tensor([[0.5247, 1.0000, 0.0000, 0.0000, 0.0000, 0.0000]])
tensor([[-0.5488,  1.0000,  0.0000,  0.0000,  0.0000,  0.0000]])
tensor([[-0.4905,  1.0000,  0.0000,  0.0000,  0.0000,  0.0000]])
tensor([[0.4128, 1.0000, 0.0000, 0.0000, 0.0000, 0.0000]])
tensor([[-0.1155,  1.0000,  0.0000,  0.0000,  0.0000,  0.0000]])
tensor([[-0.2528,  1.0000,  0.0000,  0.0000,  0.0000,  0.0000]])
tensor([[0.6344, 1.0000, 0.0000, 0.0000, 0.0000, 0.0000]])
tensor([[-0.4105,  1.0000,  0.0000,  0.0000,  0.0000,  0.0000]])
tensor([[-0.8717,  1.0000,  0.0000,  0.0000,  0.0000,  0.0000]])
tensor([[-0.6203,  1.0000,  0.0000,  0.0000,  0.0000,  0.0000]])
tensor([[-0.0208,  1.0000,  0.0000,  0.0000,  0.0000,  0.0000]])
tensor([[-0.8469,  1.0000,  0.0000,  0.0000,  0.0000,  0.0000]])
tensor([[-0.9617,  0.0000,  0.0000,  0.0000,  0.0000,  0.0000]])
tensor([[-0.9321,  1.0000,  0.0000,  0.0000,  0.0000,  0.0000]])
tensor([[-0.3330,  1.0000,  0.0000,  0.0000,  0.0000,  0.0000]])
tensor([[0.1939, 1.0000, 0.0000, 0.0000, 0.0000, 0.0000]])
tensor([[0.7744, 1.0000, 0.0000, 0.0000, 0.0000, 0.0000]])
tensor([[0.6161, 1.0000, 0.0000, 0.0000, 0.0000, 0.0000]])
tensor([[-0.7444,  1.0000,  0.0000,  0.0000,  0.0000,  0.0000]])
tensor([[0.7990, 1.0000, 0.0000, 0.0000, 0.0000, 0.0000]])
tensor([[-0.7770,  1.0000,  0.0000,  0.0000,  0.0000,  0.0000]])
tensor([[-0.8085,  1.0000,  0.0000,  0.0000,  0.0000,  0.0000]])
tensor([[0.4078, 1.0000, 0.0000, 0.0000, 0.0000, 0.0000]])
tensor([[0.3320, 1.0000, 0.0000, 0.0000, 0.0000, 0.0000]])
tensor([[-0.0906,  1.0000,  0.0000,  0.0000,  0.0000,  0.0000]])
tensor([[-0.9439,  1.0000,  0.0000,  0.0000,  0.0000,  0.0000]])
tensor([[0.5192, 1.0000, 0.0000, 0.0000, 0.0000, 0.0000]])
tensor([[0.4100, 1.0000, 0.0000, 0.0000, 0.0000, 0.0000]])
tensor([[-0.8098,  1.0000,  0.0000,  0.0000,  0.0000,  0.0000]])
tensor([[-0.9874,  1.0000,  0.0000,  0.0000,  0.0000,  0.0000]])
tensor([[-0.8747,  1.0000,  0.0000,  0.0000,  0.0000,  0.0000]])
tensor([[-0.9497,  1.0000,  0.0000,  0.0000,  0.0000,  0.0000]])
tensor([[-0.5125,  1.0000,  0.0000,  0.0000,  0.0000,  0.0000]])
tensor([[-0.6664,  1.0000,  0.0000,  0.0000,  0.0000,  0.0000]])
tensor([[0.6303, 1.0000, 0.0000, 0.0000, 0.0000, 0.0000]])
tensor([[0.9566, 1.0000, 0.0000, 0.0000, 0.0000, 0.0000]])
tensor([[0.4995, 1.0000, 0.0000, 0.0000, 0.0000, 0.0000]])
tensor([[-0.4708,  1.0000,  0.0000,  0.0000,  0.0000,  0.0000]])
tensor([[0.4224, 1.0000, 0.0000, 0.0000, 0.0000, 0.0000]])
tensor([[-0.2836,  1.0000,  0.0000,  0.0000,  0.0000,  0.0000]])
tensor([[0.4362, 1.0000, 0.0000, 0.0000, 0.0000, 0.0000]])
tensor([[-0.4863,  1.0000,  0.0000,  0.0000,  0.0000,  0.0000]])
tensor([[-0.5947,  1.0000,  0.0000,  0.0000,  0.0000,  0.0000]])
tensor([[-0.6753,  1.0000,  0.0000,  0.0000,  0.0000,  0.0000]])
tensor([[-0.8347,  1.0000,  0.0000,  0.0000,  0.0000,  0.0000]])
tensor([[-0.5711,  1.0000,  0.0000,  0.0000,  0.0000,  0.0000]])
tensor([[0.7800, 1.0000, 0.0000, 0.0000, 0.0000, 0.0000]])
tensor([[-0.3147,  1.0000,  0.0000,  0.0000,  0.0000,  0.0000]])
tensor([[-0.5143,  1.0000,  0.0000,  0.0000,  0.0000,  0.0000]])
tensor([[-0.1668,  1.0000,  0.0000,  0.0000,  0.0000,  0.0000]])
tensor([[0.6622, 1.0000, 0.0000, 0.0000, 0.0000, 0.0000]])
tensor([[0.4028, 1.0000, 0.0000, 0.0000, 0.0000, 0.0000]])
tensor([[0.2227, 1.0000, 0.0000, 0.0000, 0.0000, 0.0000]])
tensor([[0.3088, 1.0000, 0.0000, 0.0000, 0.0000, 0.0000]])
tensor([[-0.4668,  1.0000,  0.0000,  0.0000,  0.0000,  0.0000]])
tensor([[-0.6510,  1.0000,  0.0000,  0.0000,  0.0000,  0.0000]])
tensor([[-0.2814,  1.0000,  0.0000,  0.0000,  0.0000,  0.0000]])
tensor([[-0.5325,  1.0000,  0.0000,  0.0000,  0.0000,  0.0000]])
tensor([[-0.1823,  1.0000,  0.0000,  0.0000,  0.0000,  0.0000]])
tensor([[-0.7556,  1.0000,  0.0000,  0.0000,  0.0000,  0.0000]])
tensor([[-0.5089,  1.0000,  0.0000,  0.0000,  0.0000,  0.0000]])
tensor([[-0.9175,  1.0000,  0.0000,  0.0000,  0.0000,  0.0000]])
tensor([[-0.5400,  1.0000,  0.0000,  0.0000,  0.0000,  0.0000]])
tensor([[0.1437, 1.0000, 0.0000, 0.0000, 0.0000, 0.0000]])
tensor([[-0.7207,  1.0000,  0.0000,  0.0000,  0.0000,  0.0000]])
tensor([[0.5813, 1.0000, 0.0000, 0.0000, 0.0000, 0.0000]])
tensor([[0.8053, 1.0000, 0.0000, 0.0000, 0.0000, 0.0000]])
tensor([[0.2468, 1.0000, 0.0000, 0.0000, 0.0000, 0.0000]])
tensor([[0.6447, 1.0000, 0.0000, 0.0000, 0.0000, 0.0000]])
tensor([[-0.4437,  1.0000,  0.0000,  0.0000,  0.0000,  0.0000]])
tensor([[0.3591, 1.0000, 0.0000, 0.0000, 0.0000, 0.0000]])
tensor([[0.3994, 1.0000, 1.0000, 0.0000, 0.0000, 0.0000]])
tensor([[-0.9404,  1.0000,  0.0000,  0.0000,  0.0000,  0.0000]])
tensor([[-0.6062,  1.0000,  0.0000,  0.0000,  0.0000,  0.0000]])
tensor([[-0.4746,  1.0000,  0.0000,  0.0000,  0.0000,  0.0000]])
tensor([[0.6787, 1.0000, 0.0000, 0.0000, 0.0000, 0.0000]])
tensor([[0.5094, 1.0000, 0.0000, 0.0000, 0.0000, 0.0000]])
tensor([[-0.7874,  1.0000,  0.0000,  0.0000,  0.0000,  0.0000]])
tensor([[-0.9293,  1.0000,  0.0000,  0.0000,  0.0000,  0.0000]])
tensor([[-0.8616,  1.0000,  0.0000,  0.0000,  0.0000,  0.0000]])
tensor([[-0.2846,  1.0000,  0.0000,  0.0000,  0.0000,  0.0000]])
tensor([[-0.8132,  1.0000,  0.0000,  0.0000,  0.0000,  0.0000]])
tensor([[-0.8135,  1.0000,  0.0000,  0.0000,  0.0000,  0.0000]])
tensor([[-0.5545,  1.0000,  0.0000,  0.0000,  0.0000,  0.0000]])
tensor([[-0.1560,  1.0000,  0.0000,  0.0000,  0.0000,  0.0000]])
tensor([[0.5784, 1.0000, 0.0000, 0.0000, 0.0000, 0.0000]])
tensor([[-0.4508,  1.0000,  0.0000,  0.0000,  0.0000,  0.0000]])
tensor([[-0.8297,  1.0000,  0.0000,  0.0000,  0.0000,  0.0000]])
tensor([[0.6707, 1.0000, 0.0000, 0.0000, 0.0000, 0.0000]])
tensor([[-0.3755,  1.0000,  0.0000,  0.0000,  0.0000,  0.0000]])
tensor([[-0.9042,  1.0000,  0.0000,  0.0000,  0.0000,  0.0000]])
tensor([[-0.4248,  1.0000,  0.0000,  0.0000,  0.0000,  0.0000]])
tensor([[-0.9024,  1.0000,  0.0000,  0.0000,  0.0000,  0.0000]])
tensor([[-0.5518,  1.0000,  0.0000,  0.0000,  0.0000,  0.0000]])
tensor([[0.2470, 1.0000, 0.0000, 0.0000, 0.0000, 0.0000]])
tensor([[-0.4568,  1.0000,  0.0000,  0.0000,  0.0000,  0.0000]])
tensor([[-0.7653,  1.0000,  0.0000,  0.0000,  0.0000,  0.0000]])
tensor([[-0.3635,  1.0000,  0.0000,  0.0000,  0.0000,  0.0000]])
tensor([[0.6652, 1.0000, 0.0000, 0.0000, 0.0000, 0.0000]])
tensor([[0.4259, 1.0000, 1.0000, 0.0000, 0.0000, 0.0000]])
tensor([[-0.4537,  1.0000,  0.0000,  0.0000,  0.0000,  0.0000]])
tensor([[0.9322, 1.0000, 0.0000, 0.0000, 0.0000, 0.0000]])
tensor([[0.7181, 1.0000, 0.0000, 0.0000, 0.0000, 0.0000]])
tensor([[0.3860, 1.0000, 0.0000, 0.0000, 0.0000, 0.0000]])
tensor([[0.9474, 1.0000, 0.0000, 0.0000, 0.0000, 0.0000]])
tensor([[0.1336, 1.0000, 0.0000, 0.0000, 0.0000, 0.0000]])
tensor([[0.2536, 1.0000, 0.0000, 0.0000, 0.0000, 0.0000]])
tensor([[0.2892, 1.0000, 0.0000, 0.0000, 0.0000, 0.0000]])
tensor([[0.6472, 1.0000, 0.0000, 0.0000, 0.0000, 0.0000]])
tensor([[-0.8766,  1.0000,  0.0000,  0.0000,  0.0000,  0.0000]])
tensor([[-0.5224,  1.0000,  0.0000,  0.0000,  0.0000,  0.0000]])
tensor([[-0.0518,  1.0000,  0.0000,  0.0000,  0.0000,  0.0000]])
tensor([[0.3995, 1.0000, 0.0000, 0.0000, 0.0000, 0.0000]])
tensor([[0.0638, 1.0000, 0.0000, 0.0000, 0.0000, 0.0000]])
tensor([[0.5673, 1.0000, 0.0000, 0.0000, 0.0000, 0.0000]])
tensor([[0.7912, 1.0000, 0.0000, 0.0000, 0.0000, 0.0000]])
tensor([[0.9851, 1.0000, 0.0000, 0.0000, 0.0000, 0.0000]])
tensor([[0.8200, 1.0000, 0.0000, 0.0000, 0.0000, 0.0000]])
tensor([[0.9653, 1.0000, 0.0000, 0.0000, 0.0000, 0.0000]])
tensor([[0.8620, 1.0000, 0.0000, 0.0000, 0.0000, 0.0000]])
tensor([[0.9962, 1.0000, 0.0000, 0.0000, 0.0000, 0.0000]])
tensor([[0.7350, 1.0000, 0.0000, 0.0000, 0.0000, 0.0000]])
tensor([[0.8467, 1.0000, 0.0000, 0.0000, 0.0000, 0.0000]])
tensor([[0.9027, 1.0000, 0.0000, 0.0000, 0.0000, 0.0000]])
tensor([[0.4703, 1.0000, 0.0000, 0.0000, 0.0000, 0.0000]])
tensor([[0.9573, 1.0000, 0.0000, 0.0000, 0.0000, 0.0000]])
tensor([[0.3426, 1.0000, 0.0000, 0.0000, 0.0000, 0.0000]])
tensor([[0.9239, 1.0000, 0.0000, 0.0000, 0.0000, 0.0000]])
tensor([[0.9564, 1.0000, 0.0000, 0.0000, 0.0000, 0.0000]])
tensor([[0.8860, 1.0000, 0.0000, 0.0000, 0.0000, 0.0000]])
tensor([[0.7756, 1.0000, 0.0000, 0.0000, 0.0000, 0.0000]])
tensor([[0.7865, 1.0000, 0.0000, 0.0000, 0.0000, 0.0000]])
tensor([[-0.1224,  1.0000,  0.0000,  0.0000,  0.0000,  0.0000]])
tensor([[-0.7107,  1.0000,  0.0000,  0.0000,  0.0000,  0.0000]])
tensor([[-0.0538,  1.0000,  0.0000,  0.0000,  0.0000,  0.0000]])
tensor([[-0.2161,  1.0000,  0.0000,  0.0000,  0.0000,  0.0000]])
tensor([[0.5538, 1.0000, 0.0000, 0.0000, 0.0000, 0.0000]])
tensor([[0.7339, 1.0000, 0.0000, 0.0000, 0.0000, 0.0000]])
tensor([[-0.1407,  1.0000,  0.0000,  0.0000,  0.0000,  0.0000]])
tensor([[-0.3642,  1.0000,  0.0000,  0.0000,  0.0000,  0.0000]])
tensor([[-0.5897,  1.0000,  0.0000,  0.0000,  0.0000,  0.0000]])
tensor([[-0.4179,  1.0000,  0.0000,  0.0000,  0.0000,  0.0000]])
tensor([[-0.8530,  1.0000,  1.0000,  0.0000,  0.0000,  0.0000]])
tensor([[0.3290, 1.0000, 0.0000, 0.0000, 0.0000, 0.0000]])
tensor([[-0.2462,  1.0000,  0.0000,  0.0000,  0.0000,  0.0000]])
tensor([[-0.0611,  1.0000,  0.0000,  0.0000,  0.0000,  0.0000]])
tensor([[0.3884, 1.0000, 0.0000, 0.0000, 0.0000, 0.0000]])
tensor([[0.4766, 1.0000, 0.0000, 0.0000, 0.0000, 0.0000]])
tensor([[0.0339, 1.0000, 0.0000, 0.0000, 0.0000, 0.0000]])
tensor([[-0.3514,  1.0000,  0.0000,  0.0000,  0.0000,  0.0000]])
tensor([[0.9346, 1.0000, 0.0000, 0.0000, 0.0000, 0.0000]])
tensor([[0.9065, 1.0000, 0.0000, 0.0000, 0.0000, 0.0000]])
tensor([[-0.4967,  1.0000,  0.0000,  0.0000,  0.0000,  0.0000]])
tensor([[0.6475, 1.0000, 0.0000, 0.0000, 0.0000, 0.0000]])
tensor([[-0.6296,  1.0000,  0.0000,  0.0000,  0.0000,  0.0000]])
tensor([[0.9340, 1.0000, 0.0000, 0.0000, 0.0000, 0.0000]])
tensor([[-0.0551,  1.0000,  0.0000,  0.0000,  0.0000,  0.0000]])
tensor([[-0.6853,  1.0000,  0.0000,  0.0000,  0.0000,  0.0000]])
tensor([[-0.7490,  1.0000,  0.0000,  0.0000,  0.0000,  0.0000]])
tensor([[-0.4756,  1.0000,  0.0000,  0.0000,  0.0000,  0.0000]])
tensor([[0.7237, 1.0000, 0.0000, 0.0000, 0.0000, 0.0000]])
tensor([[-0.7486,  1.0000,  0.0000,  0.0000,  0.0000,  0.0000]])
tensor([[-0.7780,  1.0000,  0.0000,  0.0000,  0.0000,  0.0000]])
tensor([[0.5955, 1.0000, 0.0000, 0.0000, 0.0000, 0.0000]])
tensor([[-0.1858,  0.0000,  0.0000,  0.0000,  0.0000,  0.0000]])
tensor([[-0.2963,  1.0000,  0.0000,  0.0000,  0.0000,  0.0000]])
tensor([[0.9445, 1.0000, 0.0000, 0.0000, 0.0000, 0.0000]])
tensor([[0.4261, 1.0000, 0.0000, 0.0000, 0.0000, 0.0000]])
tensor([[0.7311, 1.0000, 0.0000, 0.0000, 0.0000, 0.0000]])
tensor([[0.3512, 1.0000, 0.0000, 0.0000, 0.0000, 0.0000]])
tensor([[-0.1398,  1.0000,  0.0000,  0.0000,  0.0000,  0.0000]])
tensor([[-0.4790,  1.0000,  0.0000,  0.0000,  0.0000,  0.0000]])
tensor([[-0.6337,  0.0000,  0.0000,  0.0000,  0.0000,  0.0000]])
tensor([[-0.6480,  1.0000,  0.0000,  0.0000,  0.0000,  0.0000]])
tensor([[0.4728, 1.0000, 0.0000, 0.0000, 0.0000, 0.0000]])
tensor([[0.3467, 1.0000, 0.0000, 0.0000, 0.0000, 0.0000]])
INFO:root:Agent 0 (TQCars): avg action time = 0.0011s
tensor([[-0.6615,  1.0000,  0.0000,  0.0000,  0.0000,  0.0000]])
tensor([[0.2741, 1.0000, 0.0000, 0.0000, 0.0000, 0.0000]])
tensor([[0.5658, 1.0000, 0.0000, 0.0000, 0.0000, 0.0000]])
tensor([[-0.6785,  1.0000,  0.0000,  0.0000,  0.0000,  0.0000]])
tensor([[0.4428, 1.0000, 0.0000, 0.0000, 0.0000, 0.0000]])
tensor([[0.3440, 1.0000, 0.0000, 0.0000, 0.0000, 0.0000]])
tensor([[-0.7514,  1.0000,  0.0000,  0.0000,  0.0000,  0.0000]])
tensor([[-0.8847,  1.0000,  0.0000,  0.0000,  0.0000,  0.0000]])
tensor([[-0.6409,  1.0000,  0.0000,  0.0000,  0.0000,  0.0000]])
tensor([[0.0620, 1.0000, 0.0000, 0.0000, 0.0000, 0.0000]])
tensor([[0.2154, 1.0000, 0.0000, 0.0000, 0.0000, 0.0000]])
tensor([[0.7977, 1.0000, 0.0000, 0.0000, 0.0000, 0.0000]])
tensor([[-0.5434,  1.0000,  0.0000,  0.0000,  0.0000,  0.0000]])
tensor([[-0.6498,  1.0000,  0.0000,  0.0000,  0.0000,  0.0000]])
tensor([[-0.5592,  1.0000,  0.0000,  0.0000,  0.0000,  0.0000]])
tensor([[0.4592, 1.0000, 0.0000, 0.0000, 0.0000, 0.0000]])
tensor([[-0.5851,  1.0000,  0.0000,  0.0000,  0.0000,  0.0000]])
tensor([[-0.9752,  1.0000,  0.0000,  0.0000,  0.0000,  0.0000]])
tensor([[-0.6818,  1.0000,  0.0000,  0.0000,  0.0000,  0.0000]])
tensor([[-0.1762,  1.0000,  0.0000,  0.0000,  0.0000,  0.0000]])
tensor([[-0.7829,  1.0000,  0.0000,  0.0000,  0.0000,  0.0000]])
tensor([[0.8867, 1.0000, 0.0000, 0.0000, 0.0000, 0.0000]])
tensor([[0.2402, 1.0000, 0.0000, 0.0000, 0.0000, 0.0000]])
tensor([[0.2771, 1.0000, 0.0000, 0.0000, 0.0000, 0.0000]])
tensor([[0.7692, 1.0000, 0.0000, 0.0000, 0.0000, 0.0000]])
tensor([[-0.8560,  1.0000,  0.0000,  0.0000,  0.0000,  0.0000]])
tensor([[-0.7409,  1.0000,  0.0000,  0.0000,  0.0000,  0.0000]])
tensor([[-0.9555,  1.0000,  0.0000,  0.0000,  0.0000,  0.0000]])
tensor([[-0.6028,  1.0000,  0.0000,  0.0000,  0.0000,  0.0000]])
tensor([[-0.1900,  1.0000,  0.0000,  0.0000,  0.0000,  0.0000]])
tensor([[-0.1095,  1.0000,  0.0000,  0.0000,  0.0000,  0.0000]])
tensor([[-0.6612,  1.0000,  0.0000,  0.0000,  0.0000,  0.0000]])
tensor([[-0.8842,  0.0000,  0.0000,  0.0000,  0.0000,  0.0000]])
tensor([[-0.1122,  1.0000,  0.0000,  0.0000,  0.0000,  0.0000]])
tensor([[-0.9037,  1.0000,  0.0000,  0.0000,  0.0000,  0.0000]])
tensor([[-0.9611,  1.0000,  0.0000,  0.0000,  0.0000,  0.0000]])
tensor([[-0.9094,  1.0000,  0.0000,  0.0000,  0.0000,  0.0000]])
tensor([[-0.7093,  1.0000,  0.0000,  0.0000,  0.0000,  0.0000]])
tensor([[0.2300, 1.0000, 0.0000, 0.0000, 0.0000, 0.0000]])
tensor([[-0.6428,  1.0000,  0.0000,  0.0000,  0.0000,  0.0000]])
tensor([[0.0791, 1.0000, 0.0000, 0.0000, 0.0000, 0.0000]])
tensor([[-0.7347,  1.0000,  0.0000,  0.0000,  0.0000,  0.0000]])
tensor([[-0.7565,  1.0000,  0.0000,  0.0000,  0.0000,  0.0000]])
tensor([[0.5580, 1.0000, 0.0000, 0.0000, 0.0000, 0.0000]])
tensor([[-0.5099,  1.0000,  0.0000,  0.0000,  0.0000,  0.0000]])
tensor([[0.2862, 1.0000, 0.0000, 0.0000, 0.0000, 0.0000]])
tensor([[0.0641, 1.0000, 0.0000, 0.0000, 0.0000, 0.0000]])
tensor([[-0.3914,  1.0000,  0.0000,  0.0000,  0.0000,  0.0000]])
tensor([[0.5372, 1.0000, 0.0000, 0.0000, 0.0000, 0.0000]])
tensor([[-0.7012,  1.0000,  0.0000,  0.0000,  0.0000,  0.0000]])
tensor([[-0.8127,  1.0000,  0.0000,  0.0000,  0.0000,  0.0000]])
tensor([[-0.5739,  1.0000,  0.0000,  0.0000,  0.0000,  0.0000]])
tensor([[-0.3069,  1.0000,  0.0000,  0.0000,  0.0000,  0.0000]])
tensor([[-0.8934,  1.0000,  0.0000,  0.0000,  0.0000,  0.0000]])
tensor([[0.5898, 1.0000, 0.0000, 0.0000, 0.0000, 0.0000]])
tensor([[0.0289, 1.0000, 0.0000, 0.0000, 0.0000, 0.0000]])
tensor([[-0.7682,  1.0000,  0.0000,  0.0000,  0.0000,  0.0000]])
tensor([[-0.0461,  1.0000,  0.0000,  0.0000,  0.0000,  0.0000]])
tensor([[-0.6838,  1.0000,  0.0000,  0.0000,  0.0000,  0.0000]])
tensor([[-0.8657,  1.0000,  0.0000,  0.0000,  0.0000,  0.0000]])
tensor([[-0.4054,  1.0000,  0.0000,  0.0000,  0.0000,  0.0000]])
tensor([[-0.2969,  1.0000,  0.0000,  0.0000,  0.0000,  0.0000]])
tensor([[0.4907, 1.0000, 0.0000, 0.0000, 0.0000, 0.0000]])
tensor([[-0.4600,  1.0000,  0.0000,  0.0000,  0.0000,  0.0000]])
tensor([[-0.4906,  1.0000,  0.0000,  0.0000,  0.0000,  0.0000]])
tensor([[-0.8310,  1.0000,  0.0000,  0.0000,  0.0000,  0.0000]])
tensor([[0.6467, 1.0000, 0.0000, 0.0000, 0.0000, 0.0000]])
tensor([[-0.1586,  1.0000,  0.0000,  0.0000,  0.0000,  0.0000]])
tensor([[-0.3874,  1.0000,  0.0000,  0.0000,  0.0000,  0.0000]])
tensor([[-0.0569,  1.0000,  0.0000,  0.0000,  0.0000,  0.0000]])
tensor([[-0.9299,  1.0000,  0.0000,  0.0000,  0.0000,  0.0000]])
tensor([[-0.8320,  1.0000,  0.0000,  0.0000,  0.0000,  0.0000]])
tensor([[-0.6679,  1.0000,  0.0000,  0.0000,  0.0000,  0.0000]])
tensor([[-0.2218,  1.0000,  0.0000,  0.0000,  0.0000,  0.0000]])
tensor([[-0.7877,  1.0000,  0.0000,  0.0000,  0.0000,  0.0000]])
tensor([[-0.4896,  1.0000,  0.0000,  0.0000,  0.0000,  0.0000]])
tensor([[-0.8787,  1.0000,  0.0000,  0.0000,  0.0000,  0.0000]])
tensor([[-0.1032,  1.0000,  0.0000,  0.0000,  0.0000,  0.0000]])
tensor([[0.2235, 1.0000, 0.0000, 0.0000, 0.0000, 0.0000]])
tensor([[0.7987, 1.0000, 0.0000, 0.0000, 0.0000, 0.0000]])
tensor([[0.6967, 1.0000, 0.0000, 0.0000, 0.0000, 0.0000]])
tensor([[0.4341, 1.0000, 0.0000, 0.0000, 0.0000, 0.0000]])
tensor([[0.3885, 0.0000, 0.0000, 0.0000, 0.0000, 0.0000]])
tensor([[0.9204, 1.0000, 0.0000, 0.0000, 0.0000, 0.0000]])
tensor([[0.1936, 1.0000, 0.0000, 0.0000, 0.0000, 0.0000]])
tensor([[0.6117, 1.0000, 0.0000, 0.0000, 0.0000, 0.0000]])
tensor([[0.1615, 1.0000, 0.0000, 0.0000, 0.0000, 0.0000]])
tensor([[0.4036, 1.0000, 0.0000, 0.0000, 0.0000, 0.0000]])
tensor([[-0.0317,  1.0000,  0.0000,  0.0000,  0.0000,  0.0000]])
tensor([[0.3094, 1.0000, 0.0000, 0.0000, 0.0000, 0.0000]])
tensor([[-0.9627,  1.0000,  0.0000,  0.0000,  0.0000,  0.0000]])
tensor([[-0.9626,  1.0000,  0.0000,  0.0000,  0.0000,  0.0000]])
tensor([[-0.9063,  1.0000,  0.0000,  0.0000,  0.0000,  0.0000]])
tensor([[0.2686, 1.0000, 0.0000, 0.0000, 0.0000, 0.0000]])
tensor([[-0.3204,  1.0000,  0.0000,  0.0000,  0.0000,  0.0000]])
tensor([[-0.1078,  1.0000,  0.0000,  0.0000,  0.0000,  0.0000]])
tensor([[-0.0387,  1.0000,  0.0000,  0.0000,  0.0000,  0.0000]])
tensor([[-0.1263,  1.0000,  0.0000,  0.0000,  0.0000,  0.0000]])
tensor([[-0.5577,  1.0000,  0.0000,  0.0000,  0.0000,  0.0000]])
tensor([[0.2621, 1.0000, 0.0000, 0.0000, 0.0000, 0.0000]])
tensor([[0.2054, 1.0000, 0.0000, 0.0000, 0.0000, 1.0000]])
tensor([[0.7877, 1.0000, 0.0000, 0.0000, 0.0000, 0.0000]])
tensor([[0.8739, 1.0000, 0.0000, 0.0000, 0.0000, 0.0000]])
tensor([[-0.6642,  1.0000,  0.0000,  0.0000,  0.0000,  0.0000]])
tensor([[-0.5203,  1.0000,  0.0000,  0.0000,  0.0000,  0.0000]])
tensor([[-0.4066,  1.0000,  0.0000,  0.0000,  0.0000,  0.0000]])
tensor([[-0.2501,  1.0000,  0.0000,  0.0000,  0.0000,  0.0000]])
tensor([[0.5647, 1.0000, 0.0000, 0.0000, 0.0000, 0.0000]])
tensor([[0.7962, 1.0000, 0.0000, 0.0000, 0.0000, 0.0000]])
tensor([[0.4900, 1.0000, 0.0000, 0.0000, 0.0000, 0.0000]])
tensor([[0.7929, 1.0000, 0.0000, 0.0000, 0.0000, 0.0000]])
tensor([[0.8273, 1.0000, 0.0000, 0.0000, 0.0000, 0.0000]])
tensor([[0.7663, 1.0000, 0.0000, 0.0000, 0.0000, 0.0000]])
tensor([[0.8904, 1.0000, 0.0000, 0.0000, 0.0000, 0.0000]])
tensor([[-0.3615,  1.0000,  0.0000,  0.0000,  0.0000,  0.0000]])
tensor([[0.1103, 1.0000, 0.0000, 0.0000, 0.0000, 0.0000]])
tensor([[-0.2432,  1.0000,  0.0000,  0.0000,  0.0000,  0.0000]])
tensor([[-0.7963,  1.0000,  0.0000,  0.0000,  0.0000,  0.0000]])
tensor([[-0.8982,  1.0000,  1.0000,  0.0000,  0.0000,  0.0000]])
tensor([[-0.7278,  1.0000,  0.0000,  0.0000,  0.0000,  0.0000]])
tensor([[-0.5342,  1.0000,  0.0000,  0.0000,  0.0000,  0.0000]])
tensor([[-0.6506,  1.0000,  0.0000,  0.0000,  0.0000,  0.0000]])
{"type": "results", "track": "sandtrack", "results": [{"key": 0, "reward": 10.1139892578125, "position": 4, "name": "TQCars", "avg_action_time": 0.0010775331373219003}]}
