INFO:root:Loading the agents
INFO:root:Loaded player TQCars
INFO:root:Creating pystk-1
INFO:root:Adding wrapper <function get_wrappers.<locals>.<lambda> at 0x74698e0fb420>
INFO:root:Adding wrapper <function get_wrappers.<locals>.<lambda> at 0x74698e0fb4c0>
INFO:root:Adding wrapper <function get_wrappers.<locals>.<lambda> at 0x74698e0fb560>
INFO:root:Adding wrapper <function get_wrappers.<locals>.<lambda> at 0x74698e0fb600>
INFO:root:(multi-env mono adapter) Setting main environment max_paths to 5
INFO:root:Loading trained model from CHECKPOINT-GPUFAC/tqc_EXP12_100000.pt...
INFO:root:Starting a race
tensor([[-0.0697,  1.0000,  0.0000,  0.0000,  0.0000,  0.0000]])
tensor([[-0.6049,  1.0000,  0.0000,  0.0000,  0.0000,  0.0000]])
tensor([[0.3954, 1.0000, 0.0000, 0.0000, 0.0000, 0.0000]])
tensor([[0.5022, 0.0000, 1.0000, 0.0000, 0.0000, 0.0000]])
tensor([[-0.3108,  1.0000,  0.0000,  0.0000,  0.0000,  0.0000]])
tensor([[0.3545, 1.0000, 0.0000, 0.0000, 0.0000, 0.0000]])
tensor([[-0.6650,  1.0000,  0.0000,  0.0000,  0.0000,  0.0000]])
tensor([[0.3716, 1.0000, 0.0000, 0.0000, 0.0000, 0.0000]])
tensor([[0.8881, 1.0000, 1.0000, 0.0000, 0.0000, 0.0000]])
tensor([[0.9712, 1.0000, 0.0000, 0.0000, 0.0000, 0.0000]])
tensor([[0.9822, 1.0000, 0.0000, 1.0000, 0.0000, 0.0000]])
tensor([[-0.7245,  1.0000,  0.0000,  0.0000,  0.0000,  0.0000]])
tensor([[0.6358, 1.0000, 0.0000, 0.0000, 0.0000, 0.0000]])
tensor([[0.1269, 1.0000, 0.0000, 0.0000, 0.0000, 0.0000]])
tensor([[0.9150, 1.0000, 0.0000, 0.0000, 0.0000, 0.0000]])
tensor([[-0.7202,  1.0000,  0.0000,  0.0000,  0.0000,  0.0000]])
tensor([[0.9518, 1.0000, 0.0000, 0.0000, 0.0000, 0.0000]])
tensor([[-0.3084,  1.0000,  0.0000,  0.0000,  0.0000,  0.0000]])
tensor([[0.1971, 1.0000, 0.0000, 0.0000, 0.0000, 0.0000]])
tensor([[0.7013, 1.0000, 0.0000, 0.0000, 0.0000, 0.0000]])
tensor([[0.2584, 1.0000, 0.0000, 0.0000, 0.0000, 0.0000]])
tensor([[0.6137, 1.0000, 0.0000, 0.0000, 0.0000, 0.0000]])
tensor([[-0.9136,  1.0000,  0.0000,  0.0000,  0.0000,  0.0000]])
tensor([[-0.9983,  1.0000,  0.0000,  0.0000,  0.0000,  0.0000]])
tensor([[-0.8592,  1.0000,  0.0000,  0.0000,  0.0000,  0.0000]])
tensor([[-0.9730,  1.0000,  0.0000,  0.0000,  0.0000,  0.0000]])
tensor([[0.9614, 1.0000, 0.0000, 1.0000, 0.0000, 0.0000]])
tensor([[-0.5002,  1.0000,  0.0000,  0.0000,  0.0000,  0.0000]])
tensor([[-0.0443,  1.0000,  0.0000,  0.0000,  0.0000,  0.0000]])
tensor([[0.7077, 1.0000, 1.0000, 0.0000, 0.0000, 0.0000]])
tensor([[-0.2266,  1.0000,  0.0000,  0.0000,  0.0000,  0.0000]])
tensor([[0.8871, 1.0000, 0.0000, 0.0000, 0.0000, 0.0000]])
tensor([[0.8648, 1.0000, 0.0000, 0.0000, 0.0000, 0.0000]])
tensor([[0.7424, 1.0000, 0.0000, 0.0000, 0.0000, 0.0000]])
tensor([[0.6418, 1.0000, 0.0000, 0.0000, 0.0000, 0.0000]])
tensor([[0.9937, 1.0000, 0.0000, 0.0000, 0.0000, 0.0000]])
tensor([[0.8659, 1.0000, 0.0000, 0.0000, 0.0000, 0.0000]])
tensor([[-0.0853,  1.0000,  0.0000,  0.0000,  0.0000,  0.0000]])
tensor([[-0.1342,  1.0000,  0.0000,  0.0000,  0.0000,  0.0000]])
tensor([[-0.3913,  1.0000,  0.0000,  0.0000,  0.0000,  0.0000]])
tensor([[-0.4081,  1.0000,  0.0000,  0.0000,  0.0000,  0.0000]])
tensor([[-0.7674,  1.0000,  0.0000,  0.0000,  0.0000,  0.0000]])
tensor([[-0.9918,  1.0000,  0.0000,  0.0000,  0.0000,  0.0000]])
tensor([[0.3516, 1.0000, 0.0000, 0.0000, 0.0000, 0.0000]])
tensor([[-0.7450,  1.0000,  0.0000,  0.0000,  0.0000,  0.0000]])
tensor([[-0.2688,  1.0000,  0.0000,  0.0000,  0.0000,  0.0000]])
tensor([[-0.8844,  1.0000,  0.0000,  0.0000,  0.0000,  0.0000]])
tensor([[-0.0642,  1.0000,  0.0000,  0.0000,  0.0000,  0.0000]])
tensor([[-0.8553,  1.0000,  0.0000,  0.0000,  0.0000,  0.0000]])
tensor([[-0.8668,  1.0000,  0.0000,  0.0000,  0.0000,  0.0000]])
tensor([[-0.7300,  1.0000,  0.0000,  0.0000,  0.0000,  0.0000]])
tensor([[-0.3463,  1.0000,  0.0000,  0.0000,  0.0000,  0.0000]])
tensor([[-0.8788,  1.0000,  0.0000,  0.0000,  0.0000,  0.0000]])
tensor([[-0.4357,  1.0000,  1.0000,  0.0000,  0.0000,  0.0000]])
tensor([[0.9843, 1.0000, 0.0000, 1.0000, 0.0000, 0.0000]])
tensor([[0.8226, 1.0000, 0.0000, 0.0000, 0.0000, 0.0000]])
tensor([[0.8929, 1.0000, 0.0000, 0.0000, 0.0000, 0.0000]])
tensor([[-0.2434,  1.0000,  0.0000,  0.0000,  0.0000,  0.0000]])
tensor([[0.6436, 1.0000, 0.0000, 0.0000, 0.0000, 0.0000]])
tensor([[-0.4385,  1.0000,  0.0000,  0.0000,  0.0000,  0.0000]])
tensor([[-0.2829,  1.0000,  0.0000,  0.0000,  0.0000,  0.0000]])
tensor([[-0.6738,  1.0000,  0.0000,  0.0000,  0.0000,  0.0000]])
tensor([[-0.7028,  1.0000,  0.0000,  0.0000,  0.0000,  0.0000]])
tensor([[-0.0119,  1.0000,  0.0000,  0.0000,  0.0000,  0.0000]])
tensor([[-0.5829,  1.0000,  0.0000,  0.0000,  0.0000,  0.0000]])
tensor([[-0.8373,  1.0000,  0.0000,  0.0000,  0.0000,  0.0000]])
tensor([[-0.7200,  1.0000,  0.0000,  0.0000,  0.0000,  0.0000]])
tensor([[-0.5540,  1.0000,  0.0000,  0.0000,  0.0000,  0.0000]])
tensor([[-0.7001,  1.0000,  0.0000,  0.0000,  0.0000,  0.0000]])
tensor([[0.7432, 1.0000, 0.0000, 0.0000, 0.0000, 0.0000]])
tensor([[0.7554, 1.0000, 0.0000, 0.0000, 0.0000, 0.0000]])
tensor([[-0.4169,  1.0000,  0.0000,  0.0000,  0.0000,  0.0000]])
tensor([[-0.8258,  1.0000,  0.0000,  0.0000,  0.0000,  0.0000]])
tensor([[0.1027, 1.0000, 0.0000, 1.0000, 0.0000, 0.0000]])
tensor([[-0.3292,  1.0000,  0.0000,  0.0000,  0.0000,  0.0000]])
tensor([[0.0954, 1.0000, 0.0000, 0.0000, 0.0000, 0.0000]])
tensor([[0.5893, 1.0000, 0.0000, 0.0000, 0.0000, 0.0000]])
tensor([[-0.4779,  1.0000,  1.0000,  0.0000,  0.0000,  0.0000]])
tensor([[-0.6607,  1.0000,  0.0000,  0.0000,  0.0000,  0.0000]])
tensor([[-0.3811,  1.0000,  0.0000,  0.0000,  0.0000,  0.0000]])
tensor([[-0.5655,  1.0000,  1.0000,  0.0000,  0.0000,  0.0000]])
tensor([[0.7789, 1.0000, 0.0000, 0.0000, 0.0000, 0.0000]])
tensor([[0.0925, 1.0000, 0.0000, 0.0000, 0.0000, 0.0000]])
tensor([[-0.8489,  1.0000,  0.0000,  0.0000,  0.0000,  0.0000]])
tensor([[-0.7621,  1.0000,  0.0000,  0.0000,  0.0000,  0.0000]])
tensor([[0.1976, 1.0000, 0.0000, 0.0000, 0.0000, 0.0000]])
tensor([[0.7155, 1.0000, 0.0000, 0.0000, 0.0000, 0.0000]])
tensor([[0.9254, 1.0000, 0.0000, 0.0000, 0.0000, 0.0000]])
tensor([[-0.7407,  0.0000,  0.0000,  0.0000,  0.0000,  0.0000]])
tensor([[-0.8951,  1.0000,  0.0000,  0.0000,  0.0000,  0.0000]])
tensor([[-0.9542,  1.0000,  0.0000,  0.0000,  0.0000,  0.0000]])
tensor([[-0.8683,  1.0000,  0.0000,  0.0000,  0.0000,  0.0000]])
tensor([[0.7983, 1.0000, 0.0000, 0.0000, 0.0000, 0.0000]])
tensor([[0.1716, 1.0000, 0.0000, 0.0000, 0.0000, 0.0000]])
tensor([[-0.1825,  1.0000,  0.0000,  0.0000,  0.0000,  0.0000]])
tensor([[0.3480, 1.0000, 0.0000, 0.0000, 0.0000, 0.0000]])
tensor([[-0.5698,  1.0000,  0.0000,  0.0000,  0.0000,  0.0000]])
tensor([[0.4020, 1.0000, 0.0000, 0.0000, 0.0000, 0.0000]])
tensor([[0.4284, 1.0000, 1.0000, 1.0000, 0.0000, 0.0000]])
tensor([[0.8664, 1.0000, 0.0000, 0.0000, 0.0000, 0.0000]])
tensor([[0.6227, 1.0000, 0.0000, 0.0000, 0.0000, 0.0000]])
tensor([[0.7161, 0.0000, 0.0000, 0.0000, 0.0000, 0.0000]])
tensor([[0.8209, 1.0000, 0.0000, 0.0000, 0.0000, 0.0000]])
tensor([[-0.2841,  1.0000,  0.0000,  0.0000,  0.0000,  0.0000]])
tensor([[0.9326, 1.0000, 1.0000, 0.0000, 0.0000, 0.0000]])
tensor([[0.4803, 1.0000, 1.0000, 0.0000, 0.0000, 0.0000]])
tensor([[0.7189, 1.0000, 0.0000, 0.0000, 0.0000, 0.0000]])
tensor([[-0.0758,  1.0000,  0.0000,  0.0000,  0.0000,  0.0000]])
tensor([[-0.6383,  1.0000,  1.0000,  0.0000,  0.0000,  0.0000]])
tensor([[-0.7244,  1.0000,  0.0000,  0.0000,  0.0000,  0.0000]])
tensor([[-0.4063,  1.0000,  0.0000,  0.0000,  0.0000,  0.0000]])
tensor([[0.1600, 1.0000, 0.0000, 0.0000, 0.0000, 0.0000]])
tensor([[0.2367, 1.0000, 0.0000, 1.0000, 0.0000, 0.0000]])
tensor([[-0.1596,  1.0000,  0.0000,  0.0000,  0.0000,  0.0000]])
tensor([[0.9370, 1.0000, 0.0000, 0.0000, 0.0000, 0.0000]])
tensor([[-0.0059,  1.0000,  0.0000,  0.0000,  0.0000,  0.0000]])
tensor([[0.6503, 1.0000, 0.0000, 0.0000, 0.0000, 0.0000]])
tensor([[0.9948, 1.0000, 0.0000, 0.0000, 0.0000, 0.0000]])
tensor([[0.7985, 1.0000, 0.0000, 0.0000, 0.0000, 0.0000]])
tensor([[0.3946, 1.0000, 0.0000, 0.0000, 0.0000, 0.0000]])
tensor([[0.8014, 1.0000, 1.0000, 1.0000, 0.0000, 0.0000]])
tensor([[0.3609, 1.0000, 0.0000, 0.0000, 0.0000, 0.0000]])
tensor([[0.2476, 1.0000, 1.0000, 0.0000, 0.0000, 0.0000]])
tensor([[0.4852, 1.0000, 0.0000, 0.0000, 0.0000, 0.0000]])
tensor([[-0.1758,  1.0000,  0.0000,  0.0000,  0.0000,  0.0000]])
tensor([[-0.7865,  1.0000,  0.0000,  0.0000,  0.0000,  0.0000]])
tensor([[0.8553, 1.0000, 0.0000, 0.0000, 0.0000, 0.0000]])
tensor([[0.7250, 1.0000, 0.0000, 0.0000, 0.0000, 0.0000]])
tensor([[0.2481, 1.0000, 0.0000, 0.0000, 0.0000, 0.0000]])
tensor([[0.7626, 1.0000, 0.0000, 0.0000, 0.0000, 0.0000]])
tensor([[0.6611, 1.0000, 0.0000, 0.0000, 0.0000, 0.0000]])
tensor([[0.9385, 1.0000, 0.0000, 0.0000, 0.0000, 0.0000]])
tensor([[0.6083, 1.0000, 0.0000, 0.0000, 0.0000, 0.0000]])
tensor([[0.5534, 1.0000, 0.0000, 0.0000, 0.0000, 0.0000]])
tensor([[0.6886, 1.0000, 0.0000, 0.0000, 0.0000, 0.0000]])
tensor([[-0.8398,  1.0000,  0.0000,  0.0000,  0.0000,  0.0000]])
tensor([[0.2160, 1.0000, 0.0000, 0.0000, 0.0000, 0.0000]])
tensor([[0.0416, 1.0000, 0.0000, 0.0000, 0.0000, 0.0000]])
tensor([[-0.3159,  1.0000,  1.0000,  0.0000,  0.0000,  0.0000]])
tensor([[0.8655, 1.0000, 0.0000, 0.0000, 0.0000, 0.0000]])
tensor([[0.7934, 1.0000, 0.0000, 0.0000, 0.0000, 0.0000]])
tensor([[0.5975, 1.0000, 0.0000, 0.0000, 0.0000, 0.0000]])
tensor([[0.4626, 1.0000, 0.0000, 0.0000, 0.0000, 0.0000]])
tensor([[-0.6521,  1.0000,  0.0000,  0.0000,  0.0000,  0.0000]])
tensor([[0.8454, 1.0000, 0.0000, 0.0000, 0.0000, 0.0000]])
tensor([[-0.7744,  1.0000,  0.0000,  0.0000,  0.0000,  0.0000]])
tensor([[0.9436, 1.0000, 0.0000, 0.0000, 0.0000, 0.0000]])
tensor([[0.9397, 1.0000, 0.0000, 0.0000, 0.0000, 0.0000]])
tensor([[0.8284, 1.0000, 0.0000, 0.0000, 0.0000, 0.0000]])
tensor([[0.9423, 1.0000, 0.0000, 0.0000, 0.0000, 0.0000]])
tensor([[-0.9382,  1.0000,  0.0000,  1.0000,  0.0000,  0.0000]])
tensor([[0.4940, 1.0000, 0.0000, 0.0000, 0.0000, 0.0000]])
tensor([[-0.8727,  1.0000,  0.0000,  0.0000,  0.0000,  0.0000]])
tensor([[-0.2815,  1.0000,  0.0000,  0.0000,  0.0000,  0.0000]])
tensor([[0.0764, 1.0000, 0.0000, 1.0000, 0.0000, 0.0000]])
tensor([[0.1899, 1.0000, 0.0000, 0.0000, 0.0000, 0.0000]])
tensor([[0.9051, 1.0000, 0.0000, 0.0000, 0.0000, 0.0000]])
tensor([[0.0123, 1.0000, 0.0000, 0.0000, 0.0000, 0.0000]])
tensor([[0.8690, 1.0000, 0.0000, 0.0000, 0.0000, 0.0000]])
tensor([[0.9752, 1.0000, 0.0000, 0.0000, 0.0000, 0.0000]])
tensor([[-0.2292,  1.0000,  0.0000,  0.0000,  0.0000,  0.0000]])
tensor([[0.9323, 1.0000, 0.0000, 0.0000, 0.0000, 0.0000]])
tensor([[-0.0138,  1.0000,  0.0000,  0.0000,  0.0000,  0.0000]])
tensor([[0.2113, 1.0000, 0.0000, 0.0000, 0.0000, 0.0000]])
tensor([[0.4439, 1.0000, 0.0000, 0.0000, 0.0000, 0.0000]])
tensor([[0.7908, 1.0000, 0.0000, 0.0000, 0.0000, 0.0000]])
tensor([[0.2585, 1.0000, 0.0000, 0.0000, 0.0000, 0.0000]])
tensor([[0.1760, 1.0000, 0.0000, 0.0000, 0.0000, 0.0000]])
tensor([[-0.7337,  1.0000,  0.0000,  0.0000,  0.0000,  0.0000]])
tensor([[0.5878, 1.0000, 0.0000, 0.0000, 0.0000, 0.0000]])
tensor([[0.0516, 1.0000, 0.0000, 0.0000, 0.0000, 0.0000]])
tensor([[0.1419, 1.0000, 0.0000, 0.0000, 0.0000, 0.0000]])
tensor([[0.7814, 1.0000, 0.0000, 0.0000, 0.0000, 0.0000]])
tensor([[0.3547, 1.0000, 1.0000, 0.0000, 0.0000, 0.0000]])
tensor([[0.8598, 1.0000, 0.0000, 0.0000, 0.0000, 0.0000]])
tensor([[0.5361, 1.0000, 0.0000, 0.0000, 0.0000, 0.0000]])
tensor([[-0.4837,  1.0000,  0.0000,  0.0000,  0.0000,  0.0000]])
tensor([[0.1913, 1.0000, 0.0000, 0.0000, 0.0000, 0.0000]])
tensor([[0.0179, 1.0000, 0.0000, 0.0000, 0.0000, 0.0000]])
tensor([[-0.8383,  1.0000,  1.0000,  0.0000,  0.0000,  0.0000]])
tensor([[0.1250, 1.0000, 0.0000, 1.0000, 0.0000, 0.0000]])
tensor([[-0.4297,  1.0000,  0.0000,  0.0000,  0.0000,  0.0000]])
tensor([[0.9254, 1.0000, 0.0000, 0.0000, 0.0000, 0.0000]])
tensor([[-0.2528,  1.0000,  0.0000,  0.0000,  0.0000,  0.0000]])
tensor([[-0.2663,  1.0000,  0.0000,  0.0000,  0.0000,  0.0000]])
tensor([[0.9117, 1.0000, 0.0000, 0.0000, 0.0000, 0.0000]])
tensor([[0.0076, 1.0000, 0.0000, 0.0000, 1.0000, 0.0000]])
tensor([[0.9068, 1.0000, 0.0000, 0.0000, 0.0000, 0.0000]])
tensor([[-0.4998,  1.0000,  0.0000,  0.0000,  0.0000,  0.0000]])
tensor([[0.9034, 1.0000, 0.0000, 0.0000, 0.0000, 0.0000]])
tensor([[0.7107, 1.0000, 0.0000, 1.0000, 0.0000, 0.0000]])
tensor([[0.7833, 1.0000, 0.0000, 0.0000, 0.0000, 0.0000]])
tensor([[-0.2511,  1.0000,  0.0000,  0.0000,  0.0000,  0.0000]])
tensor([[0.2678, 1.0000, 0.0000, 0.0000, 1.0000, 0.0000]])
tensor([[0.8562, 1.0000, 0.0000, 0.0000, 0.0000, 0.0000]])
tensor([[0.8177, 1.0000, 0.0000, 0.0000, 0.0000, 0.0000]])
tensor([[0.2308, 1.0000, 0.0000, 1.0000, 0.0000, 0.0000]])
tensor([[-0.8953,  1.0000,  0.0000,  0.0000,  0.0000,  0.0000]])
tensor([[0.3085, 1.0000, 0.0000, 0.0000, 0.0000, 0.0000]])
tensor([[0.6543, 1.0000, 0.0000, 0.0000, 0.0000, 0.0000]])
tensor([[0.1480, 1.0000, 0.0000, 0.0000, 0.0000, 0.0000]])
tensor([[-0.2032,  1.0000,  0.0000,  0.0000,  0.0000,  0.0000]])
tensor([[0.6284, 1.0000, 0.0000, 0.0000, 0.0000, 0.0000]])
tensor([[0.7024, 1.0000, 0.0000, 0.0000, 0.0000, 0.0000]])
tensor([[-0.8521,  1.0000,  0.0000,  0.0000,  0.0000,  0.0000]])
tensor([[0.3280, 1.0000, 0.0000, 0.0000, 0.0000, 0.0000]])
tensor([[-0.0412,  1.0000,  0.0000,  0.0000,  0.0000,  0.0000]])
tensor([[0.2172, 1.0000, 0.0000, 0.0000, 0.0000, 0.0000]])
tensor([[0.0145, 1.0000, 0.0000, 0.0000, 0.0000, 0.0000]])
tensor([[0.8931, 1.0000, 0.0000, 0.0000, 0.0000, 0.0000]])
tensor([[0.3512, 1.0000, 0.0000, 0.0000, 0.0000, 0.0000]])
tensor([[0.3972, 1.0000, 0.0000, 0.0000, 0.0000, 0.0000]])
tensor([[-0.0038,  1.0000,  0.0000,  0.0000,  0.0000,  0.0000]])
tensor([[-0.7267,  1.0000,  1.0000,  0.0000,  0.0000,  0.0000]])
tensor([[0.7644, 1.0000, 0.0000, 0.0000, 0.0000, 0.0000]])
tensor([[0.4021, 1.0000, 0.0000, 0.0000, 0.0000, 0.0000]])
tensor([[0.1876, 1.0000, 0.0000, 0.0000, 0.0000, 0.0000]])
tensor([[0.9087, 1.0000, 0.0000, 0.0000, 0.0000, 0.0000]])
tensor([[-0.1116,  1.0000,  0.0000,  0.0000,  0.0000,  0.0000]])
tensor([[-0.7064,  1.0000,  0.0000,  0.0000,  0.0000,  0.0000]])
tensor([[0.5111, 1.0000, 0.0000, 0.0000, 0.0000, 0.0000]])
tensor([[0.4886, 1.0000, 0.0000, 0.0000, 0.0000, 0.0000]])
tensor([[0.6574, 1.0000, 0.0000, 0.0000, 0.0000, 0.0000]])
tensor([[-0.6590,  1.0000,  0.0000,  0.0000,  0.0000,  0.0000]])
tensor([[0.4669, 1.0000, 0.0000, 0.0000, 0.0000, 0.0000]])
tensor([[0.1518, 1.0000, 0.0000, 0.0000, 0.0000, 0.0000]])
tensor([[0.9059, 1.0000, 0.0000, 0.0000, 0.0000, 0.0000]])
tensor([[0.8154, 1.0000, 0.0000, 0.0000, 0.0000, 0.0000]])
tensor([[-0.4515,  1.0000,  0.0000,  0.0000,  0.0000,  0.0000]])
tensor([[0.7997, 1.0000, 0.0000, 0.0000, 0.0000, 0.0000]])
tensor([[-0.7497,  1.0000,  0.0000,  0.0000,  0.0000,  0.0000]])
tensor([[0.8323, 1.0000, 0.0000, 0.0000, 0.0000, 0.0000]])
tensor([[0.3893, 1.0000, 0.0000, 0.0000, 0.0000, 0.0000]])
tensor([[0.5225, 1.0000, 0.0000, 0.0000, 0.0000, 0.0000]])
tensor([[0.2769, 1.0000, 0.0000, 0.0000, 0.0000, 0.0000]])
tensor([[-0.3231,  1.0000,  0.0000,  0.0000,  0.0000,  0.0000]])
tensor([[0.4549, 1.0000, 0.0000, 0.0000, 0.0000, 0.0000]])
tensor([[-0.7856,  1.0000,  0.0000,  0.0000,  0.0000,  0.0000]])
tensor([[0.6116, 0.0000, 0.0000, 0.0000, 0.0000, 0.0000]])
tensor([[-0.5214,  1.0000,  0.0000,  0.0000,  0.0000,  0.0000]])
tensor([[0.5209, 1.0000, 0.0000, 0.0000, 0.0000, 0.0000]])
tensor([[-0.8395,  1.0000,  0.0000,  0.0000,  0.0000,  0.0000]])
tensor([[0.9084, 1.0000, 0.0000, 0.0000, 1.0000, 0.0000]])
tensor([[-0.6550,  1.0000,  0.0000,  0.0000,  0.0000,  0.0000]])
tensor([[-0.1566,  0.0000,  0.0000,  1.0000,  0.0000,  0.0000]])
tensor([[-0.2064,  1.0000,  0.0000,  0.0000,  0.0000,  0.0000]])
tensor([[-0.3610,  1.0000,  1.0000,  0.0000,  0.0000,  0.0000]])
tensor([[0.9250, 1.0000, 0.0000, 0.0000, 0.0000, 0.0000]])
tensor([[-0.9031,  1.0000,  0.0000,  0.0000,  0.0000,  0.0000]])
tensor([[-0.8738,  1.0000,  0.0000,  0.0000,  0.0000,  0.0000]])
tensor([[0.0877, 1.0000, 0.0000, 0.0000, 0.0000, 0.0000]])
tensor([[0.6404, 1.0000, 0.0000, 0.0000, 0.0000, 0.0000]])
tensor([[-0.7674,  1.0000,  0.0000,  0.0000,  0.0000,  0.0000]])
tensor([[0.9821, 1.0000, 0.0000, 0.0000, 0.0000, 0.0000]])
tensor([[-0.9393,  1.0000,  0.0000,  0.0000,  0.0000,  0.0000]])
tensor([[0.9594, 1.0000, 0.0000, 0.0000, 0.0000, 0.0000]])
tensor([[-0.9338,  1.0000,  0.0000,  1.0000,  0.0000,  0.0000]])
tensor([[0.9926, 0.0000, 0.0000, 1.0000, 0.0000, 0.0000]])
tensor([[0.8767, 1.0000, 0.0000, 0.0000, 0.0000, 0.0000]])
tensor([[0.2491, 1.0000, 0.0000, 1.0000, 0.0000, 0.0000]])
tensor([[0.0796, 1.0000, 0.0000, 0.0000, 0.0000, 0.0000]])
tensor([[-0.4724,  1.0000,  1.0000,  0.0000,  0.0000,  0.0000]])
tensor([[-0.8587,  1.0000,  1.0000,  0.0000,  0.0000,  0.0000]])
tensor([[-0.6256,  1.0000,  0.0000,  0.0000,  0.0000,  0.0000]])
tensor([[0.4069, 1.0000, 1.0000, 0.0000, 0.0000, 0.0000]])
tensor([[0.4785, 1.0000, 0.0000, 0.0000, 0.0000, 0.0000]])
tensor([[-0.7603,  1.0000,  0.0000,  0.0000,  0.0000,  0.0000]])
tensor([[0.6965, 1.0000, 0.0000, 0.0000, 0.0000, 0.0000]])
tensor([[0.1779, 1.0000, 0.0000, 1.0000, 0.0000, 0.0000]])
tensor([[-0.5928,  1.0000,  0.0000,  0.0000,  0.0000,  0.0000]])
tensor([[0.0948, 1.0000, 0.0000, 0.0000, 0.0000, 0.0000]])
tensor([[-0.7098,  1.0000,  0.0000,  0.0000,  0.0000,  0.0000]])
tensor([[-0.0511,  1.0000,  0.0000,  0.0000,  0.0000,  0.0000]])
tensor([[-0.3563,  1.0000,  0.0000,  0.0000,  0.0000,  0.0000]])
tensor([[0.0414, 1.0000, 0.0000, 0.0000, 0.0000, 0.0000]])
tensor([[-0.7354,  1.0000,  0.0000,  1.0000,  0.0000,  0.0000]])
tensor([[0.5260, 1.0000, 0.0000, 1.0000, 0.0000, 0.0000]])
tensor([[0.2114, 1.0000, 0.0000, 0.0000, 0.0000, 0.0000]])
tensor([[-0.0631,  1.0000,  0.0000,  0.0000,  0.0000,  0.0000]])
tensor([[-0.9677,  1.0000,  0.0000,  0.0000,  0.0000,  0.0000]])
tensor([[0.6897, 1.0000, 0.0000, 0.0000, 0.0000, 0.0000]])
tensor([[0.5137, 1.0000, 1.0000, 0.0000, 0.0000, 0.0000]])
tensor([[0.4200, 1.0000, 0.0000, 0.0000, 0.0000, 0.0000]])
tensor([[-0.9071,  1.0000,  0.0000,  0.0000,  0.0000,  0.0000]])
tensor([[0.7639, 1.0000, 0.0000, 0.0000, 0.0000, 0.0000]])
tensor([[0.6653, 1.0000, 0.0000, 0.0000, 0.0000, 0.0000]])
tensor([[0.1195, 1.0000, 0.0000, 0.0000, 0.0000, 0.0000]])
tensor([[0.9103, 1.0000, 0.0000, 0.0000, 0.0000, 0.0000]])
tensor([[-0.6990,  1.0000,  0.0000,  0.0000,  0.0000,  0.0000]])
tensor([[0.5673, 1.0000, 0.0000, 0.0000, 0.0000, 0.0000]])
tensor([[-0.0735,  1.0000,  0.0000,  0.0000,  0.0000,  0.0000]])
tensor([[-0.1931,  1.0000,  0.0000,  0.0000,  0.0000,  0.0000]])
tensor([[-0.5512,  1.0000,  0.0000,  0.0000,  0.0000,  0.0000]])
tensor([[-0.8850,  1.0000,  0.0000,  0.0000,  0.0000,  0.0000]])
tensor([[0.8328, 1.0000, 0.0000, 0.0000, 0.0000, 0.0000]])
tensor([[0.7875, 1.0000, 0.0000, 0.0000, 0.0000, 0.0000]])
tensor([[0.8962, 0.0000, 0.0000, 1.0000, 0.0000, 0.0000]])
tensor([[0.4799, 1.0000, 0.0000, 0.0000, 0.0000, 0.0000]])
tensor([[0.8975, 1.0000, 0.0000, 0.0000, 0.0000, 0.0000]])
tensor([[0.8306, 1.0000, 0.0000, 0.0000, 0.0000, 0.0000]])
tensor([[-0.3939,  1.0000,  0.0000,  0.0000,  1.0000,  0.0000]])
tensor([[0.8185, 1.0000, 0.0000, 0.0000, 0.0000, 0.0000]])
tensor([[0.9393, 1.0000, 0.0000, 0.0000, 0.0000, 0.0000]])
tensor([[0.4378, 1.0000, 0.0000, 0.0000, 0.0000, 0.0000]])
tensor([[-0.0847,  1.0000,  0.0000,  0.0000,  0.0000,  0.0000]])
tensor([[-0.5112,  1.0000,  0.0000,  0.0000,  0.0000,  0.0000]])
tensor([[0.8803, 1.0000, 0.0000, 0.0000, 0.0000, 0.0000]])
tensor([[-0.1451,  1.0000,  1.0000,  0.0000,  0.0000,  0.0000]])
tensor([[-0.6717,  1.0000,  0.0000,  0.0000,  0.0000,  0.0000]])
tensor([[-0.5469,  1.0000,  0.0000,  0.0000,  0.0000,  0.0000]])
tensor([[0.1762, 1.0000, 0.0000, 0.0000, 0.0000, 0.0000]])
tensor([[0.5184, 1.0000, 0.0000, 0.0000, 0.0000, 0.0000]])
tensor([[0.9496, 1.0000, 0.0000, 0.0000, 0.0000, 0.0000]])
tensor([[0.9629, 1.0000, 0.0000, 0.0000, 0.0000, 0.0000]])
tensor([[0.8227, 1.0000, 0.0000, 0.0000, 0.0000, 0.0000]])
tensor([[-0.5430,  1.0000,  0.0000,  1.0000,  0.0000,  0.0000]])
tensor([[0.6305, 1.0000, 0.0000, 1.0000, 0.0000, 0.0000]])
tensor([[0.9201, 1.0000, 0.0000, 0.0000, 0.0000, 0.0000]])
tensor([[0.1035, 1.0000, 0.0000, 1.0000, 0.0000, 0.0000]])
tensor([[0.7750, 1.0000, 0.0000, 0.0000, 0.0000, 0.0000]])
tensor([[-0.8223,  1.0000,  1.0000,  0.0000,  0.0000,  0.0000]])
tensor([[-0.8684,  1.0000,  0.0000,  0.0000,  0.0000,  0.0000]])
tensor([[0.7501, 1.0000, 0.0000, 0.0000, 0.0000, 0.0000]])
tensor([[-0.6134,  1.0000,  0.0000,  0.0000,  0.0000,  0.0000]])
tensor([[-0.6500,  1.0000,  0.0000,  0.0000,  0.0000,  0.0000]])
tensor([[0.7958, 1.0000, 0.0000, 0.0000, 0.0000, 0.0000]])
tensor([[0.2779, 1.0000, 0.0000, 0.0000, 0.0000, 0.0000]])
tensor([[-0.2652,  1.0000,  0.0000,  0.0000,  1.0000,  0.0000]])
tensor([[-0.8810,  1.0000,  0.0000,  0.0000,  0.0000,  0.0000]])
tensor([[-0.8681,  1.0000,  0.0000,  0.0000,  0.0000,  0.0000]])
tensor([[0.2219, 1.0000, 1.0000, 0.0000, 0.0000, 0.0000]])
tensor([[0.3362, 1.0000, 0.0000, 0.0000, 0.0000, 0.0000]])
tensor([[0.8000, 1.0000, 0.0000, 0.0000, 0.0000, 0.0000]])
tensor([[0.4763, 1.0000, 0.0000, 0.0000, 0.0000, 0.0000]])
tensor([[0.6708, 1.0000, 0.0000, 0.0000, 0.0000, 0.0000]])
tensor([[0.2604, 1.0000, 0.0000, 0.0000, 0.0000, 0.0000]])
tensor([[-0.8197,  1.0000,  0.0000,  1.0000,  0.0000,  0.0000]])
tensor([[0.8772, 1.0000, 0.0000, 1.0000, 0.0000, 0.0000]])
tensor([[0.7452, 1.0000, 0.0000, 0.0000, 0.0000, 0.0000]])
tensor([[0.4866, 1.0000, 0.0000, 0.0000, 0.0000, 0.0000]])
tensor([[0.4751, 1.0000, 0.0000, 0.0000, 0.0000, 0.0000]])
tensor([[-0.5146,  1.0000,  0.0000,  0.0000,  0.0000,  0.0000]])
tensor([[-0.1045,  1.0000,  0.0000,  0.0000,  0.0000,  0.0000]])
tensor([[0.6844, 1.0000, 0.0000, 0.0000, 0.0000, 0.0000]])
tensor([[0.8138, 1.0000, 0.0000, 0.0000, 0.0000, 0.0000]])
tensor([[0.3698, 1.0000, 0.0000, 0.0000, 0.0000, 0.0000]])
tensor([[-0.6623,  1.0000,  0.0000,  0.0000,  0.0000,  0.0000]])
tensor([[0.9725, 1.0000, 0.0000, 0.0000, 0.0000, 0.0000]])
tensor([[-0.2029,  1.0000,  1.0000,  0.0000,  0.0000,  0.0000]])
tensor([[0.0771, 0.0000, 0.0000, 0.0000, 0.0000, 0.0000]])
tensor([[-0.3728,  1.0000,  0.0000,  0.0000,  0.0000,  0.0000]])
tensor([[0.4914, 1.0000, 0.0000, 0.0000, 0.0000, 0.0000]])
tensor([[-0.6371,  1.0000,  0.0000,  0.0000,  0.0000,  0.0000]])
tensor([[-0.7959,  1.0000,  1.0000,  1.0000,  0.0000,  0.0000]])
tensor([[-0.4470,  1.0000,  1.0000,  0.0000,  0.0000,  0.0000]])
tensor([[0.3498, 0.0000, 0.0000, 0.0000, 0.0000, 0.0000]])
tensor([[0.4657, 1.0000, 0.0000, 0.0000, 0.0000, 0.0000]])
tensor([[0.5937, 1.0000, 0.0000, 0.0000, 0.0000, 0.0000]])
tensor([[0.8661, 1.0000, 0.0000, 0.0000, 0.0000, 0.0000]])
tensor([[-0.4055,  1.0000,  0.0000,  0.0000,  0.0000,  0.0000]])
tensor([[0.8488, 1.0000, 0.0000, 0.0000, 0.0000, 0.0000]])
tensor([[0.7659, 1.0000, 0.0000, 0.0000, 0.0000, 0.0000]])
tensor([[0.5174, 1.0000, 1.0000, 0.0000, 0.0000, 0.0000]])
tensor([[-0.0335,  1.0000,  0.0000,  0.0000,  0.0000,  0.0000]])
tensor([[-0.2014,  1.0000,  1.0000,  1.0000,  0.0000,  0.0000]])
tensor([[-0.2505,  1.0000,  0.0000,  0.0000,  0.0000,  0.0000]])
tensor([[0.8192, 1.0000, 0.0000, 0.0000, 0.0000, 0.0000]])
tensor([[0.7420, 1.0000, 0.0000, 0.0000, 0.0000, 0.0000]])
tensor([[-0.4326,  1.0000,  0.0000,  0.0000,  0.0000,  0.0000]])
tensor([[0.9056, 1.0000, 0.0000, 0.0000, 0.0000, 0.0000]])
tensor([[-0.4648,  1.0000,  0.0000,  0.0000,  0.0000,  0.0000]])
tensor([[-0.5321,  1.0000,  0.0000,  0.0000,  0.0000,  0.0000]])
tensor([[-0.6179,  1.0000,  0.0000,  0.0000,  0.0000,  0.0000]])
tensor([[0.7440, 0.0000, 0.0000, 0.0000, 0.0000, 0.0000]])
tensor([[0.8213, 1.0000, 1.0000, 0.0000, 0.0000, 0.0000]])
tensor([[0.9838, 1.0000, 0.0000, 0.0000, 0.0000, 0.0000]])
tensor([[0.6547, 1.0000, 0.0000, 0.0000, 0.0000, 0.0000]])
tensor([[-0.7782,  1.0000,  0.0000,  0.0000,  0.0000,  0.0000]])
tensor([[-0.2724,  1.0000,  0.0000,  1.0000,  0.0000,  0.0000]])
tensor([[0.8162, 1.0000, 1.0000, 0.0000, 0.0000, 0.0000]])
tensor([[0.6070, 1.0000, 0.0000, 0.0000, 0.0000, 0.0000]])
tensor([[0.1610, 1.0000, 0.0000, 0.0000, 0.0000, 0.0000]])
tensor([[0.9184, 1.0000, 0.0000, 0.0000, 0.0000, 0.0000]])
tensor([[-0.2970,  1.0000,  0.0000,  0.0000,  0.0000,  0.0000]])
tensor([[0.3597, 1.0000, 0.0000, 0.0000, 0.0000, 0.0000]])
tensor([[0.5581, 1.0000, 0.0000, 0.0000, 0.0000, 0.0000]])
tensor([[0.8831, 1.0000, 0.0000, 0.0000, 0.0000, 0.0000]])
tensor([[-0.3995,  1.0000,  1.0000,  0.0000,  0.0000,  0.0000]])
tensor([[0.9680, 1.0000, 0.0000, 1.0000, 0.0000, 0.0000]])
tensor([[-0.4131,  1.0000,  0.0000,  0.0000,  0.0000,  0.0000]])
tensor([[0.3858, 1.0000, 0.0000, 0.0000, 0.0000, 0.0000]])
tensor([[0.6412, 1.0000, 0.0000, 0.0000, 0.0000, 0.0000]])
tensor([[-0.1901,  1.0000,  0.0000,  0.0000,  0.0000,  0.0000]])
tensor([[-0.8488,  1.0000,  0.0000,  0.0000,  0.0000,  0.0000]])
tensor([[0.9846, 1.0000, 0.0000, 0.0000, 0.0000, 0.0000]])
tensor([[-0.7369,  1.0000,  0.0000,  0.0000,  0.0000,  0.0000]])
tensor([[-0.2678,  1.0000,  1.0000,  0.0000,  0.0000,  0.0000]])
tensor([[-0.1592,  1.0000,  0.0000,  0.0000,  0.0000,  0.0000]])
tensor([[0.9829, 1.0000, 0.0000, 0.0000, 0.0000, 0.0000]])
tensor([[0.9412, 1.0000, 0.0000, 0.0000, 0.0000, 0.0000]])
tensor([[-0.2458,  1.0000,  0.0000,  0.0000,  0.0000,  0.0000]])
tensor([[-0.4500,  0.0000,  0.0000,  1.0000,  0.0000,  0.0000]])
tensor([[0.9783, 1.0000, 0.0000, 0.0000, 0.0000, 0.0000]])
tensor([[-0.7341,  1.0000,  0.0000,  0.0000,  0.0000,  0.0000]])
tensor([[-0.7414,  1.0000,  0.0000,  0.0000,  0.0000,  0.0000]])
tensor([[0.6298, 1.0000, 1.0000, 0.0000, 1.0000, 0.0000]])
tensor([[0.6548, 0.0000, 0.0000, 0.0000, 0.0000, 0.0000]])
tensor([[-0.4907,  1.0000,  0.0000,  0.0000,  0.0000,  0.0000]])
tensor([[0.6565, 1.0000, 0.0000, 0.0000, 0.0000, 0.0000]])
tensor([[0.8629, 1.0000, 1.0000, 0.0000, 0.0000, 0.0000]])
tensor([[0.6823, 1.0000, 0.0000, 0.0000, 0.0000, 0.0000]])
tensor([[0.7308, 1.0000, 0.0000, 0.0000, 0.0000, 0.0000]])
tensor([[0.6726, 1.0000, 0.0000, 0.0000, 0.0000, 0.0000]])
tensor([[0.8182, 1.0000, 0.0000, 0.0000, 0.0000, 0.0000]])
tensor([[-0.5704,  1.0000,  0.0000,  0.0000,  0.0000,  0.0000]])
tensor([[-0.6085,  1.0000,  0.0000,  0.0000,  0.0000,  0.0000]])
tensor([[-0.6125,  1.0000,  0.0000,  0.0000,  0.0000,  0.0000]])
tensor([[-0.2480,  1.0000,  0.0000,  1.0000,  0.0000,  0.0000]])
tensor([[-0.1412,  1.0000,  0.0000,  0.0000,  0.0000,  0.0000]])
tensor([[0.6691, 1.0000, 0.0000, 1.0000, 0.0000, 0.0000]])
tensor([[0.3725, 1.0000, 0.0000, 0.0000, 0.0000, 0.0000]])
tensor([[0.2807, 1.0000, 0.0000, 1.0000, 0.0000, 0.0000]])
tensor([[0.9704, 1.0000, 0.0000, 0.0000, 0.0000, 0.0000]])
tensor([[0.7663, 1.0000, 0.0000, 1.0000, 0.0000, 0.0000]])
tensor([[0.8406, 1.0000, 0.0000, 0.0000, 0.0000, 0.0000]])
tensor([[0.4493, 1.0000, 0.0000, 1.0000, 0.0000, 0.0000]])
tensor([[-0.3716,  1.0000,  0.0000,  0.0000,  0.0000,  0.0000]])
tensor([[0.1754, 1.0000, 0.0000, 0.0000, 0.0000, 0.0000]])
tensor([[-0.4505,  1.0000,  0.0000,  0.0000,  0.0000,  0.0000]])
tensor([[0.4831, 1.0000, 1.0000, 0.0000, 0.0000, 0.0000]])
tensor([[0.9839, 1.0000, 0.0000, 0.0000, 0.0000, 0.0000]])
tensor([[0.6784, 1.0000, 0.0000, 0.0000, 0.0000, 0.0000]])
tensor([[0.0209, 1.0000, 0.0000, 0.0000, 0.0000, 0.0000]])
tensor([[0.6140, 1.0000, 0.0000, 0.0000, 0.0000, 0.0000]])
tensor([[0.4175, 1.0000, 0.0000, 0.0000, 0.0000, 0.0000]])
tensor([[0.3246, 1.0000, 0.0000, 0.0000, 0.0000, 0.0000]])
tensor([[0.1750, 1.0000, 0.0000, 0.0000, 0.0000, 0.0000]])
tensor([[0.2685, 1.0000, 0.0000, 0.0000, 0.0000, 0.0000]])
tensor([[0.8299, 1.0000, 0.0000, 0.0000, 0.0000, 0.0000]])
tensor([[-0.3756,  1.0000,  0.0000,  0.0000,  0.0000,  0.0000]])
tensor([[-0.3253,  1.0000,  0.0000,  0.0000,  0.0000,  0.0000]])
tensor([[0.2132, 1.0000, 0.0000, 0.0000, 0.0000, 0.0000]])
tensor([[-0.0651,  1.0000,  0.0000,  0.0000,  0.0000,  0.0000]])
tensor([[0.5863, 1.0000, 0.0000, 0.0000, 0.0000, 0.0000]])
tensor([[-0.9478,  1.0000,  0.0000,  0.0000,  0.0000,  0.0000]])
tensor([[0.7204, 1.0000, 0.0000, 0.0000, 0.0000, 0.0000]])
tensor([[0.9843, 1.0000, 0.0000, 0.0000, 0.0000, 0.0000]])
tensor([[-0.5019,  1.0000,  1.0000,  0.0000,  0.0000,  0.0000]])
tensor([[-0.8798,  1.0000,  0.0000,  0.0000,  0.0000,  0.0000]])
tensor([[-0.8760,  1.0000,  0.0000,  0.0000,  0.0000,  0.0000]])
tensor([[-0.2422,  1.0000,  0.0000,  0.0000,  0.0000,  0.0000]])
tensor([[0.9218, 1.0000, 0.0000, 0.0000, 0.0000, 0.0000]])
tensor([[-0.9148,  1.0000,  0.0000,  1.0000,  0.0000,  0.0000]])
tensor([[0.8041, 1.0000, 0.0000, 0.0000, 0.0000, 0.0000]])
tensor([[0.0178, 0.0000, 0.0000, 0.0000, 0.0000, 0.0000]])
tensor([[-0.0778,  1.0000,  0.0000,  0.0000,  0.0000,  0.0000]])
tensor([[0.7144, 1.0000, 0.0000, 1.0000, 0.0000, 0.0000]])
tensor([[-0.5781,  1.0000,  0.0000,  0.0000,  0.0000,  0.0000]])
tensor([[-0.0359,  1.0000,  0.0000,  0.0000,  0.0000,  0.0000]])
tensor([[0.9765, 1.0000, 0.0000, 0.0000, 0.0000, 0.0000]])
tensor([[-0.2071,  1.0000,  0.0000,  1.0000,  1.0000,  0.0000]])
tensor([[0.8982, 1.0000, 0.0000, 0.0000, 0.0000, 0.0000]])
tensor([[0.6105, 1.0000, 0.0000, 0.0000, 0.0000, 0.0000]])
tensor([[-0.2781,  1.0000,  0.0000,  0.0000,  0.0000,  0.0000]])
tensor([[-0.4412,  1.0000,  0.0000,  0.0000,  0.0000,  0.0000]])
tensor([[0.8750, 1.0000, 0.0000, 1.0000, 0.0000, 0.0000]])
tensor([[0.8439, 1.0000, 0.0000, 0.0000, 0.0000, 0.0000]])
tensor([[0.0309, 0.0000, 0.0000, 0.0000, 0.0000, 0.0000]])
tensor([[-0.6704,  1.0000,  0.0000,  0.0000,  0.0000,  0.0000]])
tensor([[-0.3679,  1.0000,  0.0000,  0.0000,  0.0000,  0.0000]])
tensor([[0.7912, 1.0000, 0.0000, 1.0000, 0.0000, 0.0000]])
tensor([[0.6854, 1.0000, 0.0000, 0.0000, 0.0000, 0.0000]])
tensor([[0.1752, 1.0000, 0.0000, 0.0000, 0.0000, 0.0000]])
tensor([[0.8762, 1.0000, 0.0000, 0.0000, 0.0000, 0.0000]])
tensor([[0.5499, 1.0000, 0.0000, 1.0000, 0.0000, 0.0000]])
tensor([[0.5705, 1.0000, 0.0000, 0.0000, 0.0000, 0.0000]])
tensor([[0.8618, 1.0000, 0.0000, 1.0000, 0.0000, 0.0000]])
tensor([[0.7768, 1.0000, 1.0000, 1.0000, 0.0000, 0.0000]])
tensor([[0.9931, 1.0000, 0.0000, 1.0000, 0.0000, 0.0000]])
tensor([[-0.4091,  1.0000,  0.0000,  0.0000,  0.0000,  0.0000]])
tensor([[0.0172, 1.0000, 0.0000, 0.0000, 0.0000, 0.0000]])
tensor([[0.9225, 1.0000, 0.0000, 0.0000, 0.0000, 0.0000]])
tensor([[0.2506, 1.0000, 0.0000, 0.0000, 0.0000, 0.0000]])
tensor([[0.7703, 1.0000, 0.0000, 0.0000, 0.0000, 0.0000]])
tensor([[0.8172, 1.0000, 0.0000, 0.0000, 0.0000, 0.0000]])
tensor([[-0.4706,  1.0000,  0.0000,  0.0000,  0.0000,  0.0000]])
tensor([[0.2682, 1.0000, 0.0000, 0.0000, 0.0000, 0.0000]])
tensor([[0.6868, 1.0000, 0.0000, 1.0000, 0.0000, 0.0000]])
tensor([[0.5716, 1.0000, 0.0000, 0.0000, 0.0000, 0.0000]])
tensor([[-0.0592,  1.0000,  0.0000,  0.0000,  0.0000,  0.0000]])
tensor([[0.7637, 1.0000, 0.0000, 0.0000, 0.0000, 0.0000]])
tensor([[0.8581, 1.0000, 0.0000, 0.0000, 0.0000, 0.0000]])
tensor([[0.1227, 1.0000, 0.0000, 0.0000, 0.0000, 0.0000]])
tensor([[0.9573, 1.0000, 1.0000, 1.0000, 0.0000, 0.0000]])
tensor([[0.7337, 1.0000, 0.0000, 0.0000, 0.0000, 0.0000]])
tensor([[-0.5909,  1.0000,  0.0000,  0.0000,  0.0000,  0.0000]])
tensor([[0.7122, 1.0000, 0.0000, 1.0000, 0.0000, 0.0000]])
tensor([[0.6638, 1.0000, 0.0000, 0.0000, 0.0000, 0.0000]])
tensor([[0.6806, 1.0000, 0.0000, 0.0000, 0.0000, 0.0000]])
tensor([[0.3455, 1.0000, 0.0000, 0.0000, 0.0000, 0.0000]])
tensor([[-0.9159,  1.0000,  0.0000,  0.0000,  0.0000,  0.0000]])
tensor([[-0.8012,  1.0000,  0.0000,  0.0000,  0.0000,  0.0000]])
tensor([[0.7588, 1.0000, 0.0000, 0.0000, 0.0000, 0.0000]])
tensor([[-0.2102,  1.0000,  0.0000,  0.0000,  0.0000,  0.0000]])
tensor([[0.9192, 1.0000, 1.0000, 0.0000, 0.0000, 0.0000]])
tensor([[0.8282, 1.0000, 0.0000, 0.0000, 0.0000, 0.0000]])
tensor([[-0.0537,  1.0000,  0.0000,  0.0000,  0.0000,  0.0000]])
tensor([[-0.6874,  1.0000,  0.0000,  1.0000,  0.0000,  0.0000]])
tensor([[0.9751, 0.0000, 0.0000, 0.0000, 0.0000, 0.0000]])
tensor([[0.8673, 1.0000, 0.0000, 0.0000, 0.0000, 0.0000]])
tensor([[-0.6010,  1.0000,  0.0000,  0.0000,  0.0000,  0.0000]])
tensor([[0.5792, 1.0000, 0.0000, 0.0000, 0.0000, 0.0000]])
tensor([[-0.8642,  1.0000,  0.0000,  0.0000,  0.0000,  0.0000]])
tensor([[0.0681, 1.0000, 0.0000, 0.0000, 0.0000, 0.0000]])
tensor([[0.0764, 1.0000, 0.0000, 0.0000, 0.0000, 0.0000]])
tensor([[0.4251, 1.0000, 0.0000, 0.0000, 0.0000, 0.0000]])
tensor([[0.8491, 1.0000, 0.0000, 0.0000, 0.0000, 0.0000]])
tensor([[0.9590, 1.0000, 0.0000, 0.0000, 0.0000, 0.0000]])
tensor([[-0.7899,  1.0000,  0.0000,  0.0000,  0.0000,  0.0000]])
tensor([[0.5977, 1.0000, 0.0000, 0.0000, 0.0000, 0.0000]])
tensor([[-0.7394,  1.0000,  0.0000,  0.0000,  0.0000,  0.0000]])
tensor([[-0.8541,  1.0000,  0.0000,  1.0000,  0.0000,  0.0000]])
tensor([[-0.0656,  1.0000,  0.0000,  0.0000,  0.0000,  0.0000]])
tensor([[0.4045, 1.0000, 0.0000, 0.0000, 0.0000, 0.0000]])
tensor([[0.7302, 1.0000, 0.0000, 0.0000, 0.0000, 0.0000]])
tensor([[-0.1601,  1.0000,  0.0000,  0.0000,  0.0000,  0.0000]])
tensor([[-0.3697,  0.0000,  0.0000,  1.0000,  0.0000,  0.0000]])
tensor([[0.5420, 1.0000, 0.0000, 0.0000, 0.0000, 0.0000]])
tensor([[-0.6108,  1.0000,  0.0000,  0.0000,  0.0000,  0.0000]])
tensor([[0.7881, 1.0000, 0.0000, 0.0000, 0.0000, 0.0000]])
tensor([[-0.8587,  1.0000,  0.0000,  0.0000,  0.0000,  0.0000]])
tensor([[0.1143, 1.0000, 0.0000, 0.0000, 0.0000, 0.0000]])
tensor([[-0.6045,  0.0000,  0.0000,  0.0000,  0.0000,  0.0000]])
tensor([[0.7394, 1.0000, 0.0000, 0.0000, 0.0000, 0.0000]])
tensor([[0.7943, 1.0000, 0.0000, 0.0000, 0.0000, 0.0000]])
tensor([[-0.3469,  1.0000,  0.0000,  0.0000,  0.0000,  0.0000]])
tensor([[0.9960, 1.0000, 1.0000, 0.0000, 0.0000, 0.0000]])
tensor([[0.8516, 1.0000, 0.0000, 1.0000, 0.0000, 0.0000]])
tensor([[0.9952, 1.0000, 0.0000, 0.0000, 0.0000, 0.0000]])
tensor([[0.3305, 1.0000, 0.0000, 0.0000, 0.0000, 0.0000]])
tensor([[-0.2101,  1.0000,  0.0000,  0.0000,  0.0000,  0.0000]])
tensor([[0.7105, 1.0000, 0.0000, 0.0000, 0.0000, 0.0000]])
tensor([[0.0920, 1.0000, 0.0000, 0.0000, 0.0000, 0.0000]])
tensor([[0.4781, 1.0000, 0.0000, 0.0000, 0.0000, 0.0000]])
tensor([[-0.9004,  1.0000,  0.0000,  0.0000,  0.0000,  0.0000]])
tensor([[-0.8561,  1.0000,  0.0000,  0.0000,  0.0000,  0.0000]])
tensor([[-0.2348,  1.0000,  0.0000,  0.0000,  0.0000,  0.0000]])
tensor([[0.8508, 1.0000, 0.0000, 0.0000, 0.0000, 0.0000]])
tensor([[0.0725, 1.0000, 0.0000, 0.0000, 0.0000, 0.0000]])
tensor([[-0.2421,  1.0000,  0.0000,  0.0000,  0.0000,  0.0000]])
tensor([[-0.7200,  0.0000,  0.0000,  0.0000,  0.0000,  0.0000]])
tensor([[0.8182, 1.0000, 0.0000, 0.0000, 0.0000, 0.0000]])
tensor([[-0.4202,  1.0000,  0.0000,  1.0000,  0.0000,  0.0000]])
tensor([[0.7531, 1.0000, 0.0000, 0.0000, 0.0000, 0.0000]])
tensor([[-0.4122,  1.0000,  0.0000,  1.0000,  0.0000,  0.0000]])
tensor([[-0.3446,  0.0000,  0.0000,  0.0000,  0.0000,  0.0000]])
tensor([[0.9351, 1.0000, 0.0000, 0.0000, 0.0000, 0.0000]])
tensor([[0.1280, 1.0000, 0.0000, 0.0000, 0.0000, 0.0000]])
tensor([[0.9315, 1.0000, 0.0000, 0.0000, 0.0000, 0.0000]])
tensor([[0.4154, 1.0000, 0.0000, 0.0000, 0.0000, 0.0000]])
tensor([[0.9436, 1.0000, 0.0000, 0.0000, 0.0000, 0.0000]])
tensor([[-0.0643,  1.0000,  0.0000,  0.0000,  0.0000,  0.0000]])
tensor([[0.5448, 0.0000, 0.0000, 0.0000, 0.0000, 0.0000]])
tensor([[-0.8001,  1.0000,  1.0000,  0.0000,  0.0000,  0.0000]])
tensor([[0.9152, 1.0000, 0.0000, 1.0000, 0.0000, 0.0000]])
tensor([[0.7181, 1.0000, 0.0000, 0.0000, 0.0000, 0.0000]])
tensor([[-0.6246,  1.0000,  0.0000,  0.0000,  0.0000,  0.0000]])
tensor([[0.9385, 1.0000, 0.0000, 0.0000, 0.0000, 0.0000]])
tensor([[0.6769, 1.0000, 0.0000, 0.0000, 0.0000, 0.0000]])
tensor([[0.8723, 1.0000, 0.0000, 0.0000, 0.0000, 0.0000]])
tensor([[-0.0507,  1.0000,  0.0000,  0.0000,  0.0000,  0.0000]])
tensor([[-0.0671,  1.0000,  0.0000,  0.0000,  0.0000,  0.0000]])
tensor([[0.2845, 1.0000, 0.0000, 0.0000, 0.0000, 0.0000]])
tensor([[0.6977, 1.0000, 0.0000, 0.0000, 0.0000, 0.0000]])
tensor([[-0.4773,  1.0000,  0.0000,  0.0000,  0.0000,  0.0000]])
tensor([[0.7642, 1.0000, 0.0000, 0.0000, 0.0000, 0.0000]])
tensor([[-0.9296,  1.0000,  0.0000,  0.0000,  0.0000,  0.0000]])
tensor([[0.3925, 1.0000, 0.0000, 1.0000, 0.0000, 0.0000]])
tensor([[-0.2643,  0.0000,  0.0000,  0.0000,  0.0000,  0.0000]])
tensor([[0.8573, 1.0000, 0.0000, 0.0000, 0.0000, 0.0000]])
tensor([[0.5944, 0.0000, 0.0000, 0.0000, 0.0000, 0.0000]])
tensor([[0.8966, 1.0000, 1.0000, 0.0000, 0.0000, 0.0000]])
tensor([[-0.7648,  0.0000,  0.0000,  0.0000,  0.0000,  0.0000]])
tensor([[-0.3164,  1.0000,  0.0000,  0.0000,  0.0000,  0.0000]])
tensor([[0.7789, 1.0000, 0.0000, 0.0000, 0.0000, 0.0000]])
tensor([[0.8614, 1.0000, 0.0000, 0.0000, 0.0000, 0.0000]])
tensor([[0.9944, 1.0000, 0.0000, 0.0000, 0.0000, 0.0000]])
tensor([[0.5555, 1.0000, 1.0000, 0.0000, 0.0000, 0.0000]])
tensor([[-0.7632,  1.0000,  0.0000,  0.0000,  0.0000,  0.0000]])
tensor([[-0.3462,  1.0000,  0.0000,  0.0000,  0.0000,  0.0000]])
tensor([[0.2039, 1.0000, 0.0000, 1.0000, 0.0000, 0.0000]])
tensor([[0.6945, 1.0000, 0.0000, 1.0000, 0.0000, 0.0000]])
tensor([[-0.1645,  1.0000,  0.0000,  1.0000,  0.0000,  0.0000]])
tensor([[0.6246, 1.0000, 0.0000, 0.0000, 0.0000, 0.0000]])
tensor([[-0.1354,  1.0000,  0.0000,  0.0000,  0.0000,  0.0000]])
tensor([[0.7639, 1.0000, 1.0000, 0.0000, 0.0000, 0.0000]])
tensor([[0.9046, 1.0000, 0.0000, 0.0000, 0.0000, 0.0000]])
tensor([[0.1408, 1.0000, 1.0000, 0.0000, 0.0000, 0.0000]])
tensor([[0.1289, 1.0000, 0.0000, 0.0000, 0.0000, 0.0000]])
tensor([[0.2985, 1.0000, 0.0000, 0.0000, 0.0000, 0.0000]])
tensor([[-0.8788,  1.0000,  0.0000,  0.0000,  0.0000,  0.0000]])
tensor([[-0.0431,  1.0000,  1.0000,  0.0000,  0.0000,  0.0000]])
tensor([[-0.6739,  1.0000,  0.0000,  0.0000,  0.0000,  0.0000]])
tensor([[0.8799, 1.0000, 0.0000, 0.0000, 0.0000, 0.0000]])
tensor([[0.8456, 0.0000, 0.0000, 0.0000, 1.0000, 0.0000]])
tensor([[-0.4539,  1.0000,  0.0000,  0.0000,  0.0000,  0.0000]])
tensor([[0.7945, 1.0000, 0.0000, 0.0000, 0.0000, 0.0000]])
tensor([[0.6607, 1.0000, 0.0000, 1.0000, 0.0000, 0.0000]])
tensor([[0.4973, 1.0000, 1.0000, 0.0000, 0.0000, 0.0000]])
tensor([[-0.5868,  1.0000,  0.0000,  0.0000,  0.0000,  0.0000]])
tensor([[0.8769, 1.0000, 0.0000, 0.0000, 0.0000, 0.0000]])
tensor([[0.6605, 1.0000, 0.0000, 0.0000, 0.0000, 0.0000]])
tensor([[0.2182, 1.0000, 1.0000, 0.0000, 0.0000, 0.0000]])
tensor([[-0.0017,  1.0000,  0.0000,  0.0000,  0.0000,  0.0000]])
tensor([[0.2069, 1.0000, 0.0000, 0.0000, 0.0000, 0.0000]])
tensor([[0.8095, 1.0000, 0.0000, 0.0000, 0.0000, 0.0000]])
tensor([[0.3015, 1.0000, 0.0000, 0.0000, 0.0000, 0.0000]])
tensor([[0.5874, 1.0000, 0.0000, 0.0000, 0.0000, 0.0000]])
tensor([[0.9267, 1.0000, 0.0000, 0.0000, 0.0000, 0.0000]])
tensor([[0.4410, 1.0000, 0.0000, 0.0000, 0.0000, 0.0000]])
tensor([[-0.5520,  1.0000,  0.0000,  0.0000,  0.0000,  0.0000]])
tensor([[-0.0430,  1.0000,  0.0000,  0.0000,  0.0000,  0.0000]])
tensor([[-0.6538,  1.0000,  0.0000,  0.0000,  0.0000,  0.0000]])
tensor([[0.7247, 1.0000, 0.0000, 0.0000, 0.0000, 0.0000]])
tensor([[-0.0501,  1.0000,  1.0000,  1.0000,  0.0000,  0.0000]])
tensor([[0.9295, 1.0000, 0.0000, 0.0000, 0.0000, 0.0000]])
tensor([[0.9763, 1.0000, 0.0000, 0.0000, 0.0000, 0.0000]])
tensor([[0.2631, 1.0000, 0.0000, 0.0000, 0.0000, 0.0000]])
tensor([[-0.4474,  1.0000,  0.0000,  0.0000,  0.0000,  0.0000]])
tensor([[-0.7024,  1.0000,  0.0000,  0.0000,  0.0000,  0.0000]])
tensor([[-0.8245,  1.0000,  0.0000,  0.0000,  0.0000,  0.0000]])
tensor([[-0.0982,  1.0000,  0.0000,  0.0000,  0.0000,  0.0000]])
tensor([[0.7700, 1.0000, 0.0000, 0.0000, 0.0000, 0.0000]])
tensor([[0.9769, 1.0000, 0.0000, 0.0000, 0.0000, 0.0000]])
tensor([[0.8001, 1.0000, 0.0000, 0.0000, 0.0000, 0.0000]])
tensor([[-0.2112,  1.0000,  0.0000,  0.0000,  0.0000,  0.0000]])
tensor([[0.4996, 1.0000, 0.0000, 0.0000, 0.0000, 0.0000]])
tensor([[0.9332, 1.0000, 0.0000, 0.0000, 0.0000, 0.0000]])
tensor([[0.8658, 1.0000, 1.0000, 0.0000, 0.0000, 0.0000]])
tensor([[-0.5858,  1.0000,  0.0000,  0.0000,  0.0000,  0.0000]])
tensor([[-0.9100,  1.0000,  0.0000,  0.0000,  0.0000,  0.0000]])
tensor([[0.0484, 0.0000, 0.0000, 0.0000, 0.0000, 0.0000]])
tensor([[-0.8675,  1.0000,  0.0000,  0.0000,  0.0000,  0.0000]])
tensor([[0.8910, 1.0000, 0.0000, 1.0000, 0.0000, 0.0000]])
tensor([[-0.9644,  1.0000,  0.0000,  0.0000,  0.0000,  0.0000]])
tensor([[-0.5850,  1.0000,  0.0000,  0.0000,  0.0000,  0.0000]])
tensor([[-0.6473,  1.0000,  0.0000,  0.0000,  0.0000,  0.0000]])
tensor([[-0.7592,  1.0000,  0.0000,  0.0000,  0.0000,  0.0000]])
tensor([[0.9774, 1.0000, 0.0000, 0.0000, 0.0000, 0.0000]])
tensor([[0.4486, 1.0000, 0.0000, 0.0000, 0.0000, 0.0000]])
tensor([[0.4908, 1.0000, 0.0000, 0.0000, 0.0000, 0.0000]])
tensor([[0.8758, 0.0000, 0.0000, 0.0000, 0.0000, 0.0000]])
tensor([[0.8097, 1.0000, 0.0000, 0.0000, 0.0000, 0.0000]])
tensor([[-0.1124,  1.0000,  0.0000,  0.0000,  0.0000,  0.0000]])
tensor([[0.4620, 0.0000, 0.0000, 0.0000, 0.0000, 0.0000]])
tensor([[0.4344, 1.0000, 0.0000, 1.0000, 0.0000, 0.0000]])
tensor([[-0.6180,  1.0000,  1.0000,  0.0000,  0.0000,  0.0000]])
tensor([[0.9567, 1.0000, 0.0000, 0.0000, 0.0000, 0.0000]])
tensor([[-0.6451,  1.0000,  0.0000,  0.0000,  0.0000,  0.0000]])
tensor([[0.5615, 0.0000, 0.0000, 0.0000, 0.0000, 0.0000]])
tensor([[0.3149, 1.0000, 0.0000, 0.0000, 0.0000, 0.0000]])
tensor([[0.5198, 1.0000, 0.0000, 0.0000, 0.0000, 0.0000]])
tensor([[0.3979, 1.0000, 0.0000, 0.0000, 0.0000, 0.0000]])
tensor([[0.2640, 1.0000, 0.0000, 1.0000, 0.0000, 0.0000]])
tensor([[0.7997, 1.0000, 0.0000, 0.0000, 0.0000, 0.0000]])
tensor([[0.0699, 1.0000, 0.0000, 0.0000, 0.0000, 0.0000]])
tensor([[0.8078, 1.0000, 0.0000, 0.0000, 0.0000, 0.0000]])
tensor([[-0.1188,  1.0000,  0.0000,  0.0000,  0.0000,  0.0000]])
tensor([[-0.9904,  1.0000,  0.0000,  0.0000,  0.0000,  0.0000]])
tensor([[0.1588, 1.0000, 0.0000, 0.0000, 0.0000, 0.0000]])
tensor([[0.9852, 1.0000, 0.0000, 0.0000, 0.0000, 0.0000]])
tensor([[0.5348, 1.0000, 0.0000, 0.0000, 0.0000, 0.0000]])
tensor([[0.0747, 1.0000, 0.0000, 0.0000, 0.0000, 0.0000]])
tensor([[0.8224, 1.0000, 0.0000, 0.0000, 0.0000, 0.0000]])
tensor([[0.7157, 1.0000, 0.0000, 0.0000, 1.0000, 0.0000]])
tensor([[-0.0407,  1.0000,  0.0000,  0.0000,  0.0000,  0.0000]])
tensor([[0.0280, 1.0000, 0.0000, 0.0000, 0.0000, 0.0000]])
tensor([[0.6041, 1.0000, 0.0000, 0.0000, 0.0000, 0.0000]])
tensor([[0.2029, 1.0000, 0.0000, 0.0000, 0.0000, 0.0000]])
tensor([[-0.0731,  1.0000,  0.0000,  0.0000,  0.0000,  0.0000]])
tensor([[0.0194, 1.0000, 0.0000, 0.0000, 0.0000, 0.0000]])
tensor([[0.6655, 1.0000, 0.0000, 0.0000, 0.0000, 0.0000]])
tensor([[0.6280, 1.0000, 0.0000, 0.0000, 0.0000, 0.0000]])
tensor([[0.6250, 1.0000, 0.0000, 0.0000, 0.0000, 0.0000]])
tensor([[0.7929, 1.0000, 0.0000, 0.0000, 0.0000, 0.0000]])
tensor([[0.4085, 1.0000, 0.0000, 0.0000, 0.0000, 0.0000]])
tensor([[-0.3880,  1.0000,  0.0000,  0.0000,  0.0000,  0.0000]])
tensor([[-0.6026,  1.0000,  0.0000,  0.0000,  0.0000,  0.0000]])
tensor([[0.8272, 1.0000, 0.0000, 0.0000, 0.0000, 0.0000]])
tensor([[-0.9127,  1.0000,  0.0000,  0.0000,  0.0000,  0.0000]])
tensor([[0.9373, 1.0000, 0.0000, 0.0000, 0.0000, 0.0000]])
tensor([[0.6305, 1.0000, 0.0000, 0.0000, 0.0000, 0.0000]])
tensor([[0.9789, 1.0000, 0.0000, 0.0000, 0.0000, 0.0000]])
tensor([[-0.4800,  1.0000,  0.0000,  0.0000,  0.0000,  0.0000]])
tensor([[-0.3499,  1.0000,  0.0000,  0.0000,  0.0000,  0.0000]])
tensor([[-0.8773,  1.0000,  0.0000,  0.0000,  0.0000,  0.0000]])
tensor([[-0.7824,  1.0000,  0.0000,  0.0000,  0.0000,  0.0000]])
tensor([[-0.7352,  1.0000,  0.0000,  0.0000,  0.0000,  0.0000]])
tensor([[-0.9350,  1.0000,  0.0000,  0.0000,  0.0000,  0.0000]])
tensor([[0.7017, 1.0000, 0.0000, 0.0000, 0.0000, 0.0000]])
tensor([[0.7121, 1.0000, 0.0000, 1.0000, 0.0000, 0.0000]])
tensor([[0.7008, 1.0000, 0.0000, 0.0000, 0.0000, 0.0000]])
tensor([[0.2797, 1.0000, 0.0000, 0.0000, 0.0000, 0.0000]])
tensor([[0.5119, 1.0000, 0.0000, 0.0000, 0.0000, 0.0000]])
tensor([[-0.7164,  1.0000,  1.0000,  1.0000,  0.0000,  0.0000]])
tensor([[-0.0063,  1.0000,  0.0000,  0.0000,  0.0000,  0.0000]])
tensor([[-0.5502,  1.0000,  0.0000,  0.0000,  0.0000,  0.0000]])
tensor([[-0.5748,  1.0000,  0.0000,  0.0000,  0.0000,  0.0000]])
tensor([[0.7149, 1.0000, 0.0000, 0.0000, 1.0000, 0.0000]])
tensor([[-0.3154,  1.0000,  0.0000,  0.0000,  0.0000,  0.0000]])
tensor([[0.3133, 1.0000, 0.0000, 0.0000, 0.0000, 0.0000]])
tensor([[0.9522, 1.0000, 0.0000, 0.0000, 0.0000, 0.0000]])
tensor([[0.5158, 1.0000, 0.0000, 0.0000, 0.0000, 0.0000]])
tensor([[-0.7840,  1.0000,  0.0000,  1.0000,  0.0000,  0.0000]])
tensor([[0.7322, 1.0000, 0.0000, 0.0000, 0.0000, 0.0000]])
tensor([[0.6316, 1.0000, 0.0000, 0.0000, 0.0000, 0.0000]])
tensor([[-0.9459,  1.0000,  0.0000,  0.0000,  0.0000,  0.0000]])
tensor([[-0.3102,  1.0000,  0.0000,  0.0000,  0.0000,  0.0000]])
tensor([[0.6954, 0.0000, 0.0000, 0.0000, 0.0000, 0.0000]])
tensor([[0.7182, 1.0000, 0.0000, 0.0000, 0.0000, 0.0000]])
tensor([[-0.7195,  1.0000,  0.0000,  0.0000,  0.0000,  0.0000]])
tensor([[0.7546, 1.0000, 0.0000, 0.0000, 0.0000, 1.0000]])
tensor([[0.9898, 1.0000, 0.0000, 0.0000, 0.0000, 0.0000]])
tensor([[-0.7036,  1.0000,  0.0000,  0.0000,  0.0000,  0.0000]])
tensor([[-0.6177,  1.0000,  0.0000,  0.0000,  0.0000,  0.0000]])
tensor([[-0.8451,  1.0000,  0.0000,  0.0000,  0.0000,  0.0000]])
tensor([[0.8962, 1.0000, 0.0000, 0.0000, 0.0000, 0.0000]])
tensor([[0.6398, 1.0000, 0.0000, 0.0000, 0.0000, 0.0000]])
tensor([[0.9580, 1.0000, 0.0000, 0.0000, 0.0000, 0.0000]])
tensor([[-0.3626,  1.0000,  0.0000,  0.0000,  0.0000,  0.0000]])
tensor([[0.0943, 1.0000, 0.0000, 0.0000, 0.0000, 0.0000]])
tensor([[0.1521, 1.0000, 0.0000, 0.0000, 0.0000, 0.0000]])
tensor([[0.6434, 1.0000, 0.0000, 0.0000, 0.0000, 0.0000]])
tensor([[0.3287, 1.0000, 0.0000, 0.0000, 0.0000, 0.0000]])
tensor([[0.5849, 1.0000, 0.0000, 0.0000, 0.0000, 0.0000]])
tensor([[0.8114, 1.0000, 0.0000, 0.0000, 0.0000, 0.0000]])
tensor([[0.9002, 1.0000, 0.0000, 0.0000, 0.0000, 0.0000]])
tensor([[0.8601, 1.0000, 0.0000, 0.0000, 0.0000, 0.0000]])
tensor([[-0.6555,  1.0000,  0.0000,  0.0000,  0.0000,  0.0000]])
tensor([[0.1188, 1.0000, 0.0000, 0.0000, 0.0000, 0.0000]])
tensor([[0.8083, 1.0000, 0.0000, 0.0000, 0.0000, 0.0000]])
tensor([[0.6700, 1.0000, 0.0000, 0.0000, 0.0000, 0.0000]])
tensor([[0.9557, 1.0000, 0.0000, 0.0000, 0.0000, 0.0000]])
tensor([[0.6724, 1.0000, 0.0000, 0.0000, 0.0000, 0.0000]])
tensor([[-0.4895,  1.0000,  0.0000,  0.0000,  0.0000,  0.0000]])
tensor([[0.9708, 1.0000, 0.0000, 0.0000, 0.0000, 0.0000]])
tensor([[-0.7047,  1.0000,  0.0000,  0.0000,  0.0000,  0.0000]])
tensor([[-0.6320,  1.0000,  0.0000,  0.0000,  0.0000,  0.0000]])
tensor([[-0.2595,  1.0000,  0.0000,  0.0000,  0.0000,  0.0000]])
tensor([[-0.9762,  1.0000,  0.0000,  0.0000,  0.0000,  0.0000]])
tensor([[-0.5967,  1.0000,  0.0000,  0.0000,  0.0000,  0.0000]])
tensor([[-0.8048,  1.0000,  0.0000,  0.0000,  0.0000,  0.0000]])
tensor([[0.6964, 1.0000, 0.0000, 0.0000, 0.0000, 0.0000]])
tensor([[0.6550, 1.0000, 0.0000, 0.0000, 0.0000, 0.0000]])
tensor([[-0.4202,  1.0000,  0.0000,  0.0000,  0.0000,  0.0000]])
tensor([[0.9363, 1.0000, 0.0000, 0.0000, 0.0000, 0.0000]])
tensor([[0.8031, 1.0000, 0.0000, 0.0000, 0.0000, 0.0000]])
tensor([[0.7735, 1.0000, 0.0000, 0.0000, 0.0000, 0.0000]])
tensor([[0.2786, 1.0000, 0.0000, 0.0000, 0.0000, 0.0000]])
tensor([[-0.8695,  1.0000,  0.0000,  0.0000,  0.0000,  0.0000]])
tensor([[-0.9071,  1.0000,  0.0000,  0.0000,  0.0000,  0.0000]])
tensor([[0.9445, 1.0000, 0.0000, 0.0000, 0.0000, 0.0000]])
tensor([[0.2906, 1.0000, 0.0000, 0.0000, 0.0000, 0.0000]])
tensor([[0.8516, 1.0000, 0.0000, 0.0000, 0.0000, 0.0000]])
tensor([[0.1643, 1.0000, 0.0000, 0.0000, 0.0000, 0.0000]])
tensor([[0.8616, 1.0000, 0.0000, 0.0000, 0.0000, 0.0000]])
tensor([[-0.6163,  1.0000,  0.0000,  0.0000,  0.0000,  0.0000]])
tensor([[0.9556, 1.0000, 0.0000, 0.0000, 0.0000, 0.0000]])
tensor([[-0.8863,  1.0000,  0.0000,  0.0000,  0.0000,  0.0000]])
tensor([[0.9404, 1.0000, 0.0000, 0.0000, 0.0000, 0.0000]])
tensor([[-0.2151,  1.0000,  0.0000,  0.0000,  0.0000,  0.0000]])
tensor([[0.5478, 1.0000, 0.0000, 0.0000, 0.0000, 0.0000]])
tensor([[0.7190, 1.0000, 0.0000, 1.0000, 0.0000, 0.0000]])
tensor([[-0.7735,  1.0000,  0.0000,  0.0000,  0.0000,  0.0000]])
tensor([[0.2438, 1.0000, 0.0000, 0.0000, 0.0000, 0.0000]])
tensor([[-0.4127,  1.0000,  0.0000,  0.0000,  0.0000,  0.0000]])
tensor([[-0.1509,  1.0000,  0.0000,  0.0000,  0.0000,  0.0000]])
tensor([[0.5211, 1.0000, 0.0000, 0.0000, 0.0000, 1.0000]])
tensor([[0.5977, 1.0000, 0.0000, 0.0000, 0.0000, 0.0000]])
tensor([[-0.6205,  1.0000,  0.0000,  1.0000,  0.0000,  0.0000]])
tensor([[0.7040, 1.0000, 0.0000, 0.0000, 0.0000, 0.0000]])
tensor([[0.4775, 1.0000, 1.0000, 0.0000, 0.0000, 0.0000]])
tensor([[-0.4231,  1.0000,  0.0000,  0.0000,  0.0000,  0.0000]])
tensor([[-0.0331,  1.0000,  1.0000,  0.0000,  0.0000,  0.0000]])
tensor([[0.9025, 1.0000, 0.0000, 1.0000, 0.0000, 0.0000]])
tensor([[0.3995, 1.0000, 0.0000, 0.0000, 0.0000, 0.0000]])
tensor([[-0.6018,  1.0000,  1.0000,  0.0000,  0.0000,  0.0000]])
tensor([[-0.4872,  1.0000,  0.0000,  0.0000,  0.0000,  0.0000]])
tensor([[0.6562, 1.0000, 0.0000, 0.0000, 0.0000, 0.0000]])
tensor([[-0.6571,  1.0000,  0.0000,  0.0000,  0.0000,  0.0000]])
tensor([[0.0708, 1.0000, 0.0000, 0.0000, 0.0000, 0.0000]])
tensor([[0.6872, 1.0000, 0.0000, 0.0000, 0.0000, 0.0000]])
tensor([[0.4395, 1.0000, 0.0000, 0.0000, 0.0000, 0.0000]])
tensor([[0.9146, 1.0000, 0.0000, 0.0000, 0.0000, 0.0000]])
tensor([[0.9636, 1.0000, 1.0000, 0.0000, 0.0000, 0.0000]])
tensor([[0.4287, 1.0000, 0.0000, 0.0000, 0.0000, 0.0000]])
tensor([[-0.4666,  1.0000,  0.0000,  0.0000,  0.0000,  0.0000]])
tensor([[-0.5792,  1.0000,  0.0000,  0.0000,  0.0000,  0.0000]])
tensor([[0.1289, 1.0000, 0.0000, 0.0000, 0.0000, 0.0000]])
tensor([[-0.4563,  1.0000,  0.0000,  0.0000,  0.0000,  0.0000]])
tensor([[0.5431, 1.0000, 0.0000, 0.0000, 0.0000, 0.0000]])
tensor([[0.4008, 1.0000, 1.0000, 0.0000, 0.0000, 0.0000]])
tensor([[0.7036, 0.0000, 0.0000, 0.0000, 0.0000, 0.0000]])
tensor([[-0.5335,  1.0000,  0.0000,  0.0000,  0.0000,  0.0000]])
tensor([[0.0380, 1.0000, 0.0000, 0.0000, 0.0000, 0.0000]])
tensor([[0.8798, 1.0000, 0.0000, 0.0000, 0.0000, 0.0000]])
tensor([[-0.5989,  1.0000,  0.0000,  1.0000,  0.0000,  0.0000]])
tensor([[-0.8867,  1.0000,  0.0000,  1.0000,  1.0000,  0.0000]])
tensor([[0.9625, 1.0000, 0.0000, 0.0000, 0.0000, 0.0000]])
tensor([[-0.3384,  1.0000,  0.0000,  0.0000,  0.0000,  0.0000]])
tensor([[0.9095, 1.0000, 0.0000, 1.0000, 0.0000, 0.0000]])
tensor([[0.3900, 1.0000, 0.0000, 1.0000, 0.0000, 0.0000]])
tensor([[0.5918, 1.0000, 0.0000, 0.0000, 0.0000, 0.0000]])
tensor([[0.8467, 1.0000, 0.0000, 0.0000, 0.0000, 0.0000]])
tensor([[0.8667, 1.0000, 0.0000, 0.0000, 0.0000, 0.0000]])
tensor([[0.1662, 1.0000, 0.0000, 1.0000, 0.0000, 0.0000]])
tensor([[0.1895, 1.0000, 1.0000, 0.0000, 0.0000, 0.0000]])
tensor([[-0.7475,  1.0000,  0.0000,  0.0000,  0.0000,  0.0000]])
tensor([[0.8223, 1.0000, 0.0000, 0.0000, 0.0000, 0.0000]])
tensor([[0.8199, 1.0000, 0.0000, 0.0000, 0.0000, 0.0000]])
tensor([[0.6298, 1.0000, 0.0000, 0.0000, 0.0000, 0.0000]])
tensor([[-0.4034,  1.0000,  0.0000,  0.0000,  0.0000,  0.0000]])
tensor([[0.3394, 1.0000, 0.0000, 0.0000, 0.0000, 0.0000]])
tensor([[-0.6438,  1.0000,  0.0000,  0.0000,  0.0000,  0.0000]])
tensor([[0.6353, 1.0000, 0.0000, 1.0000, 0.0000, 0.0000]])
tensor([[-0.1917,  1.0000,  0.0000,  0.0000,  0.0000,  0.0000]])
tensor([[-0.6173,  1.0000,  0.0000,  0.0000,  0.0000,  0.0000]])
tensor([[-0.6146,  1.0000,  0.0000,  0.0000,  0.0000,  0.0000]])
tensor([[-0.2462,  1.0000,  0.0000,  0.0000,  0.0000,  0.0000]])
tensor([[-0.2881,  1.0000,  0.0000,  0.0000,  0.0000,  0.0000]])
tensor([[0.7343, 1.0000, 0.0000, 0.0000, 0.0000, 0.0000]])
tensor([[-0.4004,  1.0000,  0.0000,  0.0000,  0.0000,  0.0000]])
tensor([[0.6701, 1.0000, 0.0000, 0.0000, 0.0000, 0.0000]])
tensor([[0.4458, 1.0000, 1.0000, 0.0000, 0.0000, 0.0000]])
tensor([[0.3688, 1.0000, 0.0000, 0.0000, 0.0000, 0.0000]])
tensor([[-0.8058,  1.0000,  0.0000,  0.0000,  0.0000,  0.0000]])
tensor([[0.4109, 1.0000, 0.0000, 0.0000, 0.0000, 0.0000]])
tensor([[0.4800, 1.0000, 0.0000, 0.0000, 0.0000, 0.0000]])
tensor([[0.1912, 1.0000, 0.0000, 0.0000, 0.0000, 0.0000]])
tensor([[0.6420, 1.0000, 0.0000, 1.0000, 0.0000, 0.0000]])
tensor([[-0.7445,  1.0000,  0.0000,  0.0000,  0.0000,  0.0000]])
tensor([[0.8142, 1.0000, 0.0000, 1.0000, 0.0000, 0.0000]])
tensor([[0.7418, 1.0000, 0.0000, 0.0000, 0.0000, 0.0000]])
tensor([[-0.6970,  1.0000,  0.0000,  0.0000,  0.0000,  0.0000]])
tensor([[-0.2461,  1.0000,  0.0000,  0.0000,  0.0000,  0.0000]])
tensor([[0.3743, 1.0000, 0.0000, 0.0000, 0.0000, 0.0000]])
tensor([[-0.0856,  1.0000,  0.0000,  0.0000,  0.0000,  0.0000]])
tensor([[-0.3177,  1.0000,  0.0000,  0.0000,  0.0000,  0.0000]])
tensor([[0.2036, 1.0000, 0.0000, 0.0000, 0.0000, 0.0000]])
tensor([[0.8994, 1.0000, 0.0000, 1.0000, 0.0000, 0.0000]])
tensor([[0.6400, 1.0000, 0.0000, 0.0000, 0.0000, 0.0000]])
tensor([[0.7869, 1.0000, 0.0000, 0.0000, 0.0000, 0.0000]])
tensor([[0.8766, 1.0000, 1.0000, 0.0000, 0.0000, 0.0000]])
tensor([[0.8086, 0.0000, 0.0000, 0.0000, 0.0000, 0.0000]])
tensor([[0.0331, 1.0000, 0.0000, 0.0000, 0.0000, 0.0000]])
tensor([[0.6748, 1.0000, 0.0000, 0.0000, 0.0000, 0.0000]])
tensor([[0.0558, 1.0000, 0.0000, 0.0000, 0.0000, 0.0000]])
tensor([[-0.2941,  1.0000,  0.0000,  0.0000,  0.0000,  0.0000]])
tensor([[-0.3466,  1.0000,  0.0000,  0.0000,  0.0000,  0.0000]])
tensor([[0.6802, 1.0000, 0.0000, 0.0000, 0.0000, 0.0000]])
tensor([[-0.8598,  1.0000,  0.0000,  0.0000,  0.0000,  0.0000]])
tensor([[-0.5648,  1.0000,  0.0000,  0.0000,  0.0000,  0.0000]])
tensor([[-0.7781,  1.0000,  0.0000,  0.0000,  0.0000,  0.0000]])
tensor([[0.9653, 1.0000, 0.0000, 0.0000, 0.0000, 0.0000]])
tensor([[0.5797, 0.0000, 0.0000, 0.0000, 0.0000, 0.0000]])
tensor([[0.7763, 1.0000, 0.0000, 0.0000, 0.0000, 0.0000]])
tensor([[0.9601, 1.0000, 0.0000, 0.0000, 0.0000, 0.0000]])
tensor([[0.8901, 1.0000, 0.0000, 0.0000, 0.0000, 0.0000]])
tensor([[0.9338, 1.0000, 0.0000, 0.0000, 0.0000, 0.0000]])
tensor([[0.0758, 0.0000, 0.0000, 0.0000, 0.0000, 0.0000]])
tensor([[0.6351, 1.0000, 0.0000, 0.0000, 0.0000, 0.0000]])
tensor([[-0.1413,  1.0000,  0.0000,  0.0000,  0.0000,  0.0000]])
tensor([[0.7706, 1.0000, 0.0000, 0.0000, 0.0000, 0.0000]])
tensor([[0.1564, 1.0000, 0.0000, 1.0000, 0.0000, 0.0000]])
tensor([[0.0879, 1.0000, 0.0000, 0.0000, 0.0000, 0.0000]])
tensor([[0.5341, 1.0000, 0.0000, 0.0000, 0.0000, 0.0000]])
tensor([[0.3366, 1.0000, 0.0000, 0.0000, 0.0000, 0.0000]])
tensor([[-0.8553,  1.0000,  0.0000,  0.0000,  0.0000,  0.0000]])
tensor([[0.9229, 1.0000, 0.0000, 0.0000, 0.0000, 0.0000]])
tensor([[0.8157, 1.0000, 0.0000, 0.0000, 0.0000, 0.0000]])
tensor([[-0.0159,  1.0000,  0.0000,  0.0000,  0.0000,  0.0000]])
tensor([[0.5981, 1.0000, 0.0000, 0.0000, 0.0000, 0.0000]])
tensor([[0.9189, 1.0000, 0.0000, 1.0000, 0.0000, 0.0000]])
tensor([[0.7992, 1.0000, 0.0000, 0.0000, 0.0000, 0.0000]])
tensor([[0.8999, 1.0000, 1.0000, 1.0000, 0.0000, 0.0000]])
tensor([[0.7621, 1.0000, 0.0000, 0.0000, 0.0000, 0.0000]])
tensor([[0.2375, 1.0000, 0.0000, 0.0000, 0.0000, 0.0000]])
tensor([[0.0335, 1.0000, 0.0000, 0.0000, 0.0000, 0.0000]])
tensor([[0.0237, 1.0000, 0.0000, 0.0000, 0.0000, 0.0000]])
tensor([[-0.2385,  1.0000,  1.0000,  0.0000,  0.0000,  0.0000]])
tensor([[-0.6662,  1.0000,  1.0000,  0.0000,  0.0000,  0.0000]])
tensor([[-0.2390,  1.0000,  0.0000,  0.0000,  0.0000,  0.0000]])
tensor([[0.8968, 1.0000, 0.0000, 0.0000, 0.0000, 0.0000]])
tensor([[0.9011, 1.0000, 0.0000, 0.0000, 0.0000, 0.0000]])
tensor([[-0.1513,  1.0000,  0.0000,  0.0000,  0.0000,  0.0000]])
tensor([[0.1504, 1.0000, 0.0000, 0.0000, 0.0000, 0.0000]])
tensor([[0.4493, 1.0000, 0.0000, 1.0000, 0.0000, 0.0000]])
tensor([[0.6193, 1.0000, 0.0000, 0.0000, 0.0000, 0.0000]])
tensor([[0.6105, 1.0000, 0.0000, 0.0000, 0.0000, 0.0000]])
tensor([[-0.1665,  0.0000,  0.0000,  0.0000,  0.0000,  0.0000]])
tensor([[0.6937, 1.0000, 0.0000, 0.0000, 0.0000, 0.0000]])
tensor([[-0.4001,  1.0000,  0.0000,  0.0000,  0.0000,  0.0000]])
tensor([[0.6600, 1.0000, 0.0000, 0.0000, 0.0000, 0.0000]])
tensor([[-0.0721,  0.0000,  0.0000,  0.0000,  0.0000,  0.0000]])
tensor([[0.6658, 1.0000, 1.0000, 0.0000, 0.0000, 0.0000]])
tensor([[-0.0291,  1.0000,  0.0000,  1.0000,  0.0000,  0.0000]])
tensor([[0.3161, 1.0000, 1.0000, 1.0000, 0.0000, 0.0000]])
tensor([[0.2869, 1.0000, 1.0000, 0.0000, 0.0000, 0.0000]])
tensor([[0.8326, 1.0000, 0.0000, 0.0000, 0.0000, 0.0000]])
tensor([[0.2814, 1.0000, 0.0000, 0.0000, 0.0000, 0.0000]])
tensor([[0.6596, 1.0000, 1.0000, 0.0000, 0.0000, 0.0000]])
tensor([[-0.1965,  1.0000,  0.0000,  0.0000,  0.0000,  0.0000]])
tensor([[0.6924, 1.0000, 1.0000, 0.0000, 0.0000, 0.0000]])
tensor([[0.5064, 1.0000, 0.0000, 0.0000, 0.0000, 0.0000]])
tensor([[0.9667, 1.0000, 0.0000, 0.0000, 0.0000, 0.0000]])
tensor([[0.4828, 1.0000, 0.0000, 0.0000, 0.0000, 0.0000]])
tensor([[0.6077, 1.0000, 0.0000, 0.0000, 0.0000, 0.0000]])
tensor([[0.3004, 1.0000, 0.0000, 1.0000, 0.0000, 0.0000]])
tensor([[0.8361, 1.0000, 0.0000, 0.0000, 0.0000, 0.0000]])
tensor([[0.3316, 1.0000, 0.0000, 1.0000, 0.0000, 0.0000]])
tensor([[-0.6003,  1.0000,  0.0000,  0.0000,  0.0000,  0.0000]])
tensor([[0.6941, 1.0000, 0.0000, 1.0000, 0.0000, 0.0000]])
tensor([[0.0853, 1.0000, 1.0000, 0.0000, 0.0000, 0.0000]])
tensor([[0.3826, 1.0000, 0.0000, 0.0000, 0.0000, 0.0000]])
tensor([[-0.9410,  1.0000,  0.0000,  0.0000,  0.0000,  0.0000]])
tensor([[-0.4981,  1.0000,  0.0000,  0.0000,  0.0000,  0.0000]])
tensor([[0.9843, 1.0000, 0.0000, 0.0000, 0.0000, 0.0000]])
tensor([[-0.3083,  1.0000,  0.0000,  0.0000,  0.0000,  0.0000]])
tensor([[0.9239, 0.0000, 0.0000, 0.0000, 0.0000, 0.0000]])
tensor([[0.0374, 1.0000, 0.0000, 0.0000, 0.0000, 0.0000]])
tensor([[0.1152, 1.0000, 0.0000, 0.0000, 0.0000, 0.0000]])
tensor([[-0.9582,  1.0000,  0.0000,  1.0000,  0.0000,  0.0000]])
tensor([[0.2950, 1.0000, 1.0000, 0.0000, 0.0000, 0.0000]])
tensor([[-0.3716,  1.0000,  1.0000,  0.0000,  0.0000,  0.0000]])
tensor([[0.4760, 1.0000, 0.0000, 0.0000, 0.0000, 0.0000]])
tensor([[-0.2038,  1.0000,  1.0000,  0.0000,  0.0000,  0.0000]])
tensor([[0.1528, 1.0000, 0.0000, 0.0000, 0.0000, 0.0000]])
tensor([[-0.0643,  1.0000,  0.0000,  0.0000,  0.0000,  0.0000]])
tensor([[0.8832, 1.0000, 0.0000, 0.0000, 0.0000, 0.0000]])
tensor([[0.8685, 1.0000, 0.0000, 0.0000, 0.0000, 0.0000]])
tensor([[0.1327, 1.0000, 0.0000, 0.0000, 0.0000, 0.0000]])
tensor([[0.8492, 1.0000, 0.0000, 0.0000, 0.0000, 0.0000]])
tensor([[0.8228, 1.0000, 0.0000, 0.0000, 0.0000, 0.0000]])
tensor([[-0.0427,  1.0000,  1.0000,  0.0000,  0.0000,  0.0000]])
tensor([[0.8892, 1.0000, 0.0000, 0.0000, 0.0000, 0.0000]])
tensor([[0.8897, 1.0000, 0.0000, 0.0000, 0.0000, 0.0000]])
tensor([[0.9546, 1.0000, 0.0000, 0.0000, 0.0000, 0.0000]])
tensor([[-0.9614,  1.0000,  0.0000,  0.0000,  0.0000,  0.0000]])
tensor([[-0.0068,  1.0000,  0.0000,  0.0000,  0.0000,  0.0000]])
tensor([[-0.0737,  1.0000,  0.0000,  0.0000,  0.0000,  0.0000]])
tensor([[0.4303, 1.0000, 0.0000, 0.0000, 0.0000, 0.0000]])
tensor([[-0.5986,  1.0000,  0.0000,  0.0000,  0.0000,  0.0000]])
tensor([[-0.1333,  1.0000,  1.0000,  0.0000,  0.0000,  0.0000]])
tensor([[0.9154, 1.0000, 0.0000, 0.0000, 0.0000, 0.0000]])
tensor([[-0.5702,  1.0000,  0.0000,  0.0000,  0.0000,  0.0000]])
tensor([[0.7657, 1.0000, 0.0000, 0.0000, 0.0000, 0.0000]])
tensor([[-0.6712,  0.0000,  0.0000,  0.0000,  0.0000,  0.0000]])
tensor([[0.9219, 1.0000, 0.0000, 0.0000, 0.0000, 0.0000]])
tensor([[0.2273, 1.0000, 0.0000, 0.0000, 0.0000, 0.0000]])
tensor([[0.9656, 1.0000, 0.0000, 0.0000, 0.0000, 0.0000]])
tensor([[0.8374, 1.0000, 0.0000, 0.0000, 0.0000, 0.0000]])
tensor([[-0.4607,  1.0000,  0.0000,  0.0000,  0.0000,  0.0000]])
tensor([[-0.2824,  1.0000,  0.0000,  0.0000,  0.0000,  0.0000]])
tensor([[0.6179, 1.0000, 0.0000, 0.0000, 0.0000, 0.0000]])
tensor([[0.7562, 1.0000, 0.0000, 0.0000, 0.0000, 0.0000]])
tensor([[0.9612, 1.0000, 0.0000, 0.0000, 0.0000, 0.0000]])
tensor([[-0.7038,  1.0000,  0.0000,  0.0000,  0.0000,  0.0000]])
tensor([[-0.0598,  1.0000,  1.0000,  0.0000,  0.0000,  0.0000]])
tensor([[0.9834, 1.0000, 0.0000, 0.0000, 0.0000, 0.0000]])
tensor([[0.8973, 1.0000, 1.0000, 0.0000, 0.0000, 0.0000]])
tensor([[-0.0588,  1.0000,  0.0000,  0.0000,  0.0000,  0.0000]])
tensor([[-0.9914,  1.0000,  0.0000,  0.0000,  0.0000,  0.0000]])
tensor([[0.8822, 1.0000, 0.0000, 0.0000, 0.0000, 0.0000]])
tensor([[0.8053, 1.0000, 0.0000, 0.0000, 0.0000, 0.0000]])
tensor([[0.8194, 0.0000, 0.0000, 0.0000, 0.0000, 0.0000]])
tensor([[0.2792, 1.0000, 0.0000, 0.0000, 0.0000, 0.0000]])
tensor([[0.4365, 1.0000, 0.0000, 0.0000, 0.0000, 0.0000]])
tensor([[0.5425, 1.0000, 0.0000, 0.0000, 0.0000, 0.0000]])
tensor([[0.2609, 1.0000, 0.0000, 1.0000, 0.0000, 0.0000]])
tensor([[0.3404, 0.0000, 0.0000, 0.0000, 0.0000, 0.0000]])
tensor([[-0.1651,  1.0000,  0.0000,  1.0000,  0.0000,  0.0000]])
tensor([[-0.4923,  1.0000,  0.0000,  0.0000,  0.0000,  0.0000]])
tensor([[0.5882, 1.0000, 1.0000, 0.0000, 0.0000, 0.0000]])
tensor([[-0.0611,  1.0000,  1.0000,  0.0000,  0.0000,  0.0000]])
tensor([[-0.3225,  1.0000,  0.0000,  0.0000,  0.0000,  0.0000]])
tensor([[0.3361, 1.0000, 0.0000, 0.0000, 0.0000, 0.0000]])
tensor([[-0.6291,  1.0000,  0.0000,  1.0000,  0.0000,  0.0000]])
tensor([[-0.9071,  1.0000,  0.0000,  0.0000,  0.0000,  0.0000]])
tensor([[0.8575, 1.0000, 1.0000, 0.0000, 0.0000, 0.0000]])
tensor([[0.1151, 1.0000, 0.0000, 0.0000, 0.0000, 0.0000]])
tensor([[0.7481, 1.0000, 0.0000, 0.0000, 0.0000, 0.0000]])
tensor([[0.4694, 1.0000, 0.0000, 0.0000, 0.0000, 0.0000]])
tensor([[-0.9509,  1.0000,  0.0000,  0.0000,  0.0000,  0.0000]])
tensor([[0.6360, 1.0000, 0.0000, 0.0000, 0.0000, 0.0000]])
tensor([[0.9568, 1.0000, 0.0000, 0.0000, 0.0000, 0.0000]])
tensor([[0.6803, 1.0000, 0.0000, 0.0000, 0.0000, 0.0000]])
tensor([[0.4561, 1.0000, 0.0000, 0.0000, 0.0000, 0.0000]])
tensor([[-0.4752,  1.0000,  0.0000,  1.0000,  0.0000,  0.0000]])
tensor([[-0.2728,  1.0000,  0.0000,  0.0000,  0.0000,  0.0000]])
tensor([[0.2730, 1.0000, 0.0000, 0.0000, 0.0000, 0.0000]])
tensor([[0.8423, 1.0000, 0.0000, 0.0000, 0.0000, 0.0000]])
tensor([[0.7091, 1.0000, 0.0000, 0.0000, 0.0000, 0.0000]])
tensor([[0.9506, 1.0000, 0.0000, 1.0000, 0.0000, 0.0000]])
tensor([[-0.2172,  1.0000,  0.0000,  0.0000,  0.0000,  0.0000]])
tensor([[0.8030, 0.0000, 0.0000, 0.0000, 0.0000, 0.0000]])
tensor([[-0.9827,  1.0000,  1.0000,  0.0000,  0.0000,  0.0000]])
tensor([[0.4421, 1.0000, 0.0000, 0.0000, 0.0000, 0.0000]])
tensor([[-0.3355,  1.0000,  0.0000,  0.0000,  0.0000,  0.0000]])
tensor([[-0.0887,  1.0000,  0.0000,  0.0000,  0.0000,  0.0000]])
tensor([[0.1332, 1.0000, 0.0000, 0.0000, 0.0000, 0.0000]])
tensor([[0.8145, 1.0000, 0.0000, 0.0000, 0.0000, 0.0000]])
tensor([[-0.1154,  1.0000,  0.0000,  0.0000,  0.0000,  0.0000]])
tensor([[0.6763, 1.0000, 0.0000, 0.0000, 0.0000, 0.0000]])
tensor([[0.9480, 1.0000, 0.0000, 0.0000, 0.0000, 0.0000]])
tensor([[0.4631, 1.0000, 0.0000, 1.0000, 0.0000, 0.0000]])
tensor([[0.8070, 1.0000, 0.0000, 0.0000, 0.0000, 0.0000]])
tensor([[0.5150, 1.0000, 0.0000, 0.0000, 0.0000, 0.0000]])
tensor([[-0.7351,  1.0000,  0.0000,  1.0000,  0.0000,  0.0000]])
tensor([[0.9653, 1.0000, 0.0000, 0.0000, 0.0000, 0.0000]])
tensor([[0.7978, 1.0000, 0.0000, 0.0000, 0.0000, 0.0000]])
tensor([[-0.6773,  1.0000,  0.0000,  0.0000,  0.0000,  0.0000]])
tensor([[0.6268, 1.0000, 0.0000, 0.0000, 0.0000, 0.0000]])
tensor([[-0.6466,  1.0000,  0.0000,  0.0000,  0.0000,  0.0000]])
tensor([[-0.5867,  1.0000,  0.0000,  0.0000,  0.0000,  0.0000]])
tensor([[0.3205, 1.0000, 0.0000, 0.0000, 0.0000, 0.0000]])
tensor([[0.2060, 1.0000, 0.0000, 0.0000, 0.0000, 0.0000]])
tensor([[-0.3288,  1.0000,  0.0000,  1.0000,  0.0000,  0.0000]])
tensor([[-0.2019,  1.0000,  0.0000,  0.0000,  0.0000,  0.0000]])
tensor([[-0.7450,  1.0000,  0.0000,  0.0000,  0.0000,  0.0000]])
tensor([[0.0836, 1.0000, 0.0000, 0.0000, 0.0000, 0.0000]])
tensor([[0.9465, 1.0000, 0.0000, 0.0000, 0.0000, 0.0000]])
tensor([[0.9216, 1.0000, 0.0000, 0.0000, 0.0000, 0.0000]])
tensor([[0.6116, 1.0000, 0.0000, 0.0000, 0.0000, 0.0000]])
tensor([[-0.7065,  1.0000,  0.0000,  0.0000,  0.0000,  0.0000]])
tensor([[0.4144, 1.0000, 0.0000, 0.0000, 0.0000, 0.0000]])
tensor([[0.9471, 1.0000, 1.0000, 0.0000, 0.0000, 0.0000]])
tensor([[0.9363, 1.0000, 0.0000, 0.0000, 0.0000, 0.0000]])
tensor([[-0.3619,  1.0000,  0.0000,  0.0000,  0.0000,  0.0000]])
tensor([[0.7054, 1.0000, 0.0000, 0.0000, 0.0000, 0.0000]])
tensor([[0.9235, 1.0000, 0.0000, 0.0000, 0.0000, 0.0000]])
tensor([[-0.9162,  1.0000,  0.0000,  0.0000,  0.0000,  0.0000]])
tensor([[0.9601, 1.0000, 0.0000, 0.0000, 0.0000, 0.0000]])
tensor([[0.0668, 1.0000, 0.0000, 0.0000, 0.0000, 0.0000]])
tensor([[0.5257, 1.0000, 1.0000, 0.0000, 0.0000, 0.0000]])
tensor([[-0.8783,  1.0000,  0.0000,  0.0000,  0.0000,  0.0000]])
tensor([[0.9033, 1.0000, 0.0000, 0.0000, 0.0000, 0.0000]])
tensor([[-0.0621,  0.0000,  0.0000,  0.0000,  0.0000,  0.0000]])
tensor([[-0.0374,  1.0000,  0.0000,  0.0000,  0.0000,  0.0000]])
tensor([[0.7581, 1.0000, 0.0000, 0.0000, 0.0000, 0.0000]])
tensor([[0.7319, 1.0000, 0.0000, 0.0000, 0.0000, 0.0000]])
tensor([[-0.4961,  1.0000,  0.0000,  0.0000,  0.0000,  0.0000]])
tensor([[0.8127, 1.0000, 1.0000, 0.0000, 0.0000, 0.0000]])
tensor([[-0.7952,  1.0000,  0.0000,  0.0000,  0.0000,  0.0000]])
tensor([[0.2317, 1.0000, 0.0000, 1.0000, 0.0000, 0.0000]])
tensor([[-0.8300,  1.0000,  0.0000,  1.0000,  0.0000,  0.0000]])
tensor([[-0.0100,  1.0000,  0.0000,  0.0000,  0.0000,  0.0000]])
tensor([[0.8161, 1.0000, 0.0000, 0.0000, 0.0000, 0.0000]])
tensor([[-0.3415,  1.0000,  0.0000,  0.0000,  0.0000,  0.0000]])
tensor([[-0.3555,  1.0000,  1.0000,  0.0000,  0.0000,  0.0000]])
tensor([[-0.6463,  1.0000,  0.0000,  0.0000,  0.0000,  0.0000]])
tensor([[-0.4507,  1.0000,  0.0000,  1.0000,  0.0000,  0.0000]])
tensor([[0.9421, 1.0000, 0.0000, 0.0000, 0.0000, 0.0000]])
tensor([[0.6035, 0.0000, 0.0000, 0.0000, 0.0000, 0.0000]])
tensor([[-0.5224,  1.0000,  0.0000,  0.0000,  0.0000,  0.0000]])
tensor([[0.9459, 1.0000, 0.0000, 0.0000, 0.0000, 0.0000]])
tensor([[0.5492, 1.0000, 0.0000, 0.0000, 0.0000, 0.0000]])
tensor([[-0.0776,  1.0000,  0.0000,  0.0000,  0.0000,  0.0000]])
tensor([[0.2985, 1.0000, 0.0000, 0.0000, 0.0000, 0.0000]])
tensor([[-0.7436,  1.0000,  0.0000,  0.0000,  0.0000,  0.0000]])
tensor([[-0.6875,  1.0000,  0.0000,  0.0000,  0.0000,  0.0000]])
tensor([[-0.5218,  1.0000,  0.0000,  0.0000,  0.0000,  0.0000]])
tensor([[0.8454, 1.0000, 0.0000, 0.0000, 0.0000, 0.0000]])
tensor([[-0.9326,  1.0000,  1.0000,  0.0000,  0.0000,  0.0000]])
tensor([[-0.3272,  1.0000,  0.0000,  0.0000,  0.0000,  0.0000]])
tensor([[0.8700, 0.0000, 0.0000, 0.0000, 0.0000, 0.0000]])
tensor([[0.2654, 0.0000, 0.0000, 0.0000, 0.0000, 0.0000]])
tensor([[0.6667, 1.0000, 0.0000, 0.0000, 0.0000, 0.0000]])
tensor([[0.9864, 1.0000, 0.0000, 0.0000, 0.0000, 0.0000]])
tensor([[0.9800, 1.0000, 0.0000, 0.0000, 0.0000, 0.0000]])
tensor([[0.5743, 1.0000, 0.0000, 0.0000, 0.0000, 0.0000]])
tensor([[0.1045, 1.0000, 0.0000, 0.0000, 0.0000, 0.0000]])
tensor([[0.7133, 1.0000, 0.0000, 0.0000, 0.0000, 0.0000]])
tensor([[-0.8924,  1.0000,  0.0000,  0.0000,  0.0000,  0.0000]])
tensor([[-0.7375,  1.0000,  0.0000,  0.0000,  0.0000,  0.0000]])
tensor([[-0.7695,  1.0000,  0.0000,  0.0000,  0.0000,  0.0000]])
tensor([[0.6367, 1.0000, 0.0000, 0.0000, 0.0000, 0.0000]])
tensor([[0.0013, 1.0000, 1.0000, 0.0000, 0.0000, 0.0000]])
tensor([[-0.7871,  0.0000,  0.0000,  0.0000,  0.0000,  0.0000]])
tensor([[0.1732, 1.0000, 0.0000, 0.0000, 0.0000, 0.0000]])
tensor([[-0.3666,  1.0000,  0.0000,  0.0000,  0.0000,  0.0000]])
tensor([[-0.7164,  1.0000,  0.0000,  0.0000,  0.0000,  0.0000]])
tensor([[-0.3514,  1.0000,  1.0000,  0.0000,  0.0000,  0.0000]])
tensor([[0.9737, 1.0000, 0.0000, 0.0000, 0.0000, 0.0000]])
tensor([[0.4118, 1.0000, 0.0000, 0.0000, 0.0000, 0.0000]])
tensor([[0.3014, 1.0000, 0.0000, 0.0000, 0.0000, 0.0000]])
tensor([[0.9357, 1.0000, 0.0000, 0.0000, 0.0000, 0.0000]])
tensor([[0.4982, 1.0000, 0.0000, 1.0000, 0.0000, 0.0000]])
tensor([[-0.5798,  1.0000,  1.0000,  0.0000,  0.0000,  0.0000]])
tensor([[-0.5490,  1.0000,  0.0000,  0.0000,  0.0000,  0.0000]])
tensor([[0.6162, 1.0000, 0.0000, 0.0000, 0.0000, 0.0000]])
tensor([[-0.2420,  1.0000,  0.0000,  1.0000,  0.0000,  0.0000]])
tensor([[-0.2262,  1.0000,  0.0000,  0.0000,  0.0000,  0.0000]])
tensor([[-0.9285,  1.0000,  0.0000,  0.0000,  0.0000,  0.0000]])
tensor([[-0.7308,  1.0000,  0.0000,  0.0000,  0.0000,  0.0000]])
tensor([[0.8572, 1.0000, 0.0000, 1.0000, 0.0000, 0.0000]])
tensor([[0.9879, 1.0000, 0.0000, 0.0000, 0.0000, 0.0000]])
tensor([[0.0301, 1.0000, 0.0000, 0.0000, 0.0000, 0.0000]])
tensor([[-0.7610,  1.0000,  0.0000,  0.0000,  0.0000,  0.0000]])
tensor([[-0.6082,  1.0000,  0.0000,  1.0000,  0.0000,  0.0000]])
tensor([[0.6881, 0.0000, 0.0000, 0.0000, 0.0000, 0.0000]])
tensor([[-0.7630,  1.0000,  0.0000,  0.0000,  0.0000,  0.0000]])
tensor([[0.5134, 1.0000, 0.0000, 0.0000, 1.0000, 0.0000]])
tensor([[-0.6371,  1.0000,  0.0000,  0.0000,  0.0000,  0.0000]])
tensor([[0.3592, 1.0000, 0.0000, 0.0000, 0.0000, 0.0000]])
tensor([[-0.1401,  1.0000,  0.0000,  1.0000,  0.0000,  0.0000]])
tensor([[0.9060, 1.0000, 0.0000, 0.0000, 0.0000, 0.0000]])
tensor([[0.7230, 1.0000, 0.0000, 0.0000, 0.0000, 0.0000]])
tensor([[-0.3181,  0.0000,  0.0000,  1.0000,  0.0000,  0.0000]])
tensor([[-0.4529,  1.0000,  0.0000,  0.0000,  0.0000,  0.0000]])
tensor([[0.7284, 1.0000, 0.0000, 0.0000, 0.0000, 0.0000]])
tensor([[-0.0490,  1.0000,  0.0000,  0.0000,  0.0000,  0.0000]])
tensor([[0.4550, 1.0000, 0.0000, 0.0000, 0.0000, 0.0000]])
tensor([[-0.4843,  1.0000,  0.0000,  0.0000,  0.0000,  0.0000]])
tensor([[-0.8489,  1.0000,  0.0000,  0.0000,  0.0000,  0.0000]])
tensor([[-0.6667,  1.0000,  0.0000,  0.0000,  0.0000,  0.0000]])
tensor([[-0.7237,  1.0000,  0.0000,  0.0000,  0.0000,  0.0000]])
tensor([[0.2858, 1.0000, 0.0000, 0.0000, 0.0000, 0.0000]])
tensor([[0.6672, 1.0000, 0.0000, 0.0000, 0.0000, 0.0000]])
tensor([[-0.5050,  1.0000,  0.0000,  0.0000,  0.0000,  0.0000]])
tensor([[-0.2668,  1.0000,  0.0000,  0.0000,  0.0000,  0.0000]])
tensor([[-0.7530,  1.0000,  0.0000,  0.0000,  0.0000,  0.0000]])
tensor([[-0.4531,  1.0000,  0.0000,  0.0000,  0.0000,  0.0000]])
tensor([[-0.5499,  1.0000,  0.0000,  0.0000,  0.0000,  0.0000]])
tensor([[-0.0912,  1.0000,  0.0000,  0.0000,  0.0000,  0.0000]])
tensor([[-0.3971,  1.0000,  0.0000,  0.0000,  0.0000,  0.0000]])
tensor([[0.1356, 1.0000, 0.0000, 0.0000, 0.0000, 0.0000]])
tensor([[-0.1644,  1.0000,  0.0000,  0.0000,  0.0000,  0.0000]])
tensor([[-0.1310,  1.0000,  0.0000,  0.0000,  0.0000,  0.0000]])
tensor([[0.1950, 1.0000, 0.0000, 0.0000, 0.0000, 0.0000]])
tensor([[0.0954, 1.0000, 0.0000, 0.0000, 0.0000, 0.0000]])
tensor([[-0.0912,  1.0000,  1.0000,  0.0000,  0.0000,  0.0000]])
tensor([[0.9550, 0.0000, 0.0000, 0.0000, 0.0000, 0.0000]])
tensor([[-0.5952,  1.0000,  0.0000,  0.0000,  0.0000,  0.0000]])
tensor([[0.9036, 1.0000, 0.0000, 0.0000, 0.0000, 0.0000]])
tensor([[-0.7778,  1.0000,  0.0000,  0.0000,  0.0000,  0.0000]])
tensor([[-0.4851,  1.0000,  0.0000,  0.0000,  0.0000,  0.0000]])
tensor([[0.1362, 1.0000, 0.0000, 0.0000, 0.0000, 0.0000]])
tensor([[0.7167, 1.0000, 0.0000, 0.0000, 0.0000, 0.0000]])
tensor([[0.4948, 1.0000, 0.0000, 0.0000, 0.0000, 0.0000]])
tensor([[0.6492, 1.0000, 1.0000, 0.0000, 0.0000, 0.0000]])
tensor([[0.8635, 1.0000, 0.0000, 0.0000, 0.0000, 0.0000]])
tensor([[0.1271, 1.0000, 0.0000, 0.0000, 0.0000, 0.0000]])
tensor([[-0.9264,  1.0000,  0.0000,  0.0000,  0.0000,  0.0000]])
tensor([[-0.9874,  1.0000,  0.0000,  0.0000,  0.0000,  0.0000]])
tensor([[0.0896, 1.0000, 0.0000, 0.0000, 0.0000, 0.0000]])
tensor([[0.6887, 1.0000, 0.0000, 1.0000, 0.0000, 0.0000]])
tensor([[0.8572, 1.0000, 0.0000, 0.0000, 0.0000, 0.0000]])
tensor([[0.9211, 1.0000, 0.0000, 0.0000, 0.0000, 0.0000]])
tensor([[0.0790, 1.0000, 0.0000, 0.0000, 0.0000, 0.0000]])
tensor([[0.9041, 1.0000, 0.0000, 0.0000, 0.0000, 0.0000]])
tensor([[0.9220, 1.0000, 0.0000, 0.0000, 0.0000, 0.0000]])
tensor([[-0.4084,  1.0000,  0.0000,  0.0000,  0.0000,  0.0000]])
tensor([[0.7683, 1.0000, 0.0000, 0.0000, 0.0000, 0.0000]])
tensor([[0.3764, 1.0000, 0.0000, 0.0000, 0.0000, 0.0000]])
tensor([[0.9806, 1.0000, 1.0000, 0.0000, 0.0000, 0.0000]])
tensor([[-0.6287,  1.0000,  0.0000,  0.0000,  0.0000,  0.0000]])
tensor([[-0.1851,  1.0000,  0.0000,  0.0000,  0.0000,  0.0000]])
tensor([[0.6319, 1.0000, 0.0000, 0.0000, 0.0000, 0.0000]])
tensor([[0.9302, 1.0000, 0.0000, 0.0000, 0.0000, 0.0000]])
tensor([[-0.4787,  1.0000,  0.0000,  1.0000,  0.0000,  0.0000]])
tensor([[0.2793, 1.0000, 0.0000, 0.0000, 0.0000, 0.0000]])
tensor([[0.1667, 1.0000, 0.0000, 0.0000, 0.0000, 0.0000]])
tensor([[-0.1989,  1.0000,  0.0000,  0.0000,  0.0000,  0.0000]])
tensor([[0.9299, 1.0000, 0.0000, 1.0000, 0.0000, 0.0000]])
tensor([[0.4084, 1.0000, 0.0000, 0.0000, 0.0000, 0.0000]])
tensor([[-0.4322,  1.0000,  0.0000,  0.0000,  0.0000,  0.0000]])
tensor([[-0.5859,  1.0000,  0.0000,  0.0000,  0.0000,  0.0000]])
tensor([[-0.7323,  1.0000,  0.0000,  1.0000,  0.0000,  0.0000]])
tensor([[0.6845, 1.0000, 0.0000, 0.0000, 0.0000, 0.0000]])
tensor([[-0.3181,  1.0000,  1.0000,  0.0000,  0.0000,  0.0000]])
tensor([[-0.0280,  1.0000,  0.0000,  0.0000,  0.0000,  0.0000]])
tensor([[0.8027, 1.0000, 0.0000, 0.0000, 0.0000, 0.0000]])
tensor([[0.2776, 1.0000, 0.0000, 0.0000, 0.0000, 0.0000]])
tensor([[0.5933, 1.0000, 0.0000, 1.0000, 0.0000, 0.0000]])
tensor([[-0.9003,  1.0000,  0.0000,  0.0000,  0.0000,  0.0000]])
tensor([[-0.8559,  1.0000,  0.0000,  1.0000,  0.0000,  0.0000]])
tensor([[0.7200, 1.0000, 0.0000, 0.0000, 0.0000, 0.0000]])
tensor([[0.2134, 1.0000, 1.0000, 0.0000, 0.0000, 0.0000]])
tensor([[0.6505, 1.0000, 0.0000, 0.0000, 0.0000, 0.0000]])
tensor([[-0.9537,  1.0000,  0.0000,  0.0000,  0.0000,  0.0000]])
tensor([[0.8554, 1.0000, 0.0000, 0.0000, 0.0000, 0.0000]])
tensor([[-0.1477,  1.0000,  0.0000,  0.0000,  0.0000,  0.0000]])
tensor([[0.9200, 1.0000, 0.0000, 0.0000, 1.0000, 0.0000]])
tensor([[0.5359, 1.0000, 0.0000, 0.0000, 0.0000, 0.0000]])
tensor([[0.4496, 1.0000, 0.0000, 0.0000, 0.0000, 0.0000]])
tensor([[-0.2624,  1.0000,  0.0000,  0.0000,  0.0000,  0.0000]])
tensor([[0.7081, 1.0000, 0.0000, 0.0000, 0.0000, 0.0000]])
tensor([[-0.7188,  1.0000,  0.0000,  0.0000,  0.0000,  0.0000]])
tensor([[0.9212, 1.0000, 0.0000, 0.0000, 0.0000, 0.0000]])
tensor([[-0.0219,  0.0000,  0.0000,  0.0000,  0.0000,  0.0000]])
tensor([[0.7306, 1.0000, 0.0000, 0.0000, 0.0000, 0.0000]])
tensor([[-0.0852,  1.0000,  0.0000,  0.0000,  0.0000,  0.0000]])
tensor([[0.1633, 1.0000, 0.0000, 0.0000, 0.0000, 0.0000]])
tensor([[-0.0102,  1.0000,  0.0000,  0.0000,  0.0000,  0.0000]])
tensor([[0.6350, 1.0000, 0.0000, 0.0000, 0.0000, 0.0000]])
tensor([[-0.3445,  1.0000,  1.0000,  0.0000,  0.0000,  0.0000]])
tensor([[0.1994, 1.0000, 0.0000, 0.0000, 0.0000, 0.0000]])
tensor([[-0.4645,  1.0000,  1.0000,  0.0000,  1.0000,  0.0000]])
tensor([[0.7342, 1.0000, 0.0000, 0.0000, 0.0000, 0.0000]])
tensor([[0.9788, 1.0000, 0.0000, 0.0000, 0.0000, 0.0000]])
tensor([[0.5186, 1.0000, 0.0000, 0.0000, 0.0000, 0.0000]])
tensor([[0.8024, 1.0000, 0.0000, 0.0000, 0.0000, 0.0000]])
tensor([[0.6538, 1.0000, 0.0000, 0.0000, 0.0000, 0.0000]])
tensor([[0.7018, 1.0000, 0.0000, 0.0000, 0.0000, 0.0000]])
tensor([[0.5605, 1.0000, 0.0000, 0.0000, 0.0000, 0.0000]])
tensor([[0.4669, 1.0000, 0.0000, 0.0000, 0.0000, 0.0000]])
tensor([[0.1581, 1.0000, 0.0000, 0.0000, 0.0000, 0.0000]])
tensor([[-0.6762,  1.0000,  0.0000,  0.0000,  0.0000,  0.0000]])
tensor([[0.1066, 1.0000, 0.0000, 0.0000, 0.0000, 0.0000]])
tensor([[-0.7649,  1.0000,  0.0000,  0.0000,  0.0000,  0.0000]])
tensor([[0.8064, 1.0000, 0.0000, 0.0000, 0.0000, 0.0000]])
tensor([[-0.0650,  1.0000,  0.0000,  0.0000,  0.0000,  0.0000]])
tensor([[-0.1630,  1.0000,  0.0000,  0.0000,  0.0000,  0.0000]])
tensor([[-0.7969,  1.0000,  0.0000,  0.0000,  0.0000,  0.0000]])
tensor([[-0.1359,  1.0000,  0.0000,  0.0000,  0.0000,  0.0000]])
tensor([[-0.4218,  1.0000,  0.0000,  0.0000,  0.0000,  0.0000]])
tensor([[-0.5106,  1.0000,  0.0000,  0.0000,  0.0000,  0.0000]])
tensor([[0.9057, 1.0000, 0.0000, 0.0000, 0.0000, 0.0000]])
tensor([[-0.5372,  1.0000,  0.0000,  0.0000,  0.0000,  0.0000]])
tensor([[-0.2570,  1.0000,  0.0000,  0.0000,  0.0000,  0.0000]])
tensor([[0.6931, 1.0000, 0.0000, 0.0000, 0.0000, 0.0000]])
tensor([[0.5595, 0.0000, 1.0000, 0.0000, 0.0000, 0.0000]])
tensor([[-0.7999,  1.0000,  0.0000,  0.0000,  0.0000,  0.0000]])
tensor([[0.6244, 1.0000, 0.0000, 0.0000, 0.0000, 0.0000]])
tensor([[0.3018, 1.0000, 0.0000, 1.0000, 0.0000, 0.0000]])
tensor([[0.7957, 1.0000, 0.0000, 0.0000, 0.0000, 0.0000]])
tensor([[-0.9299,  1.0000,  0.0000,  0.0000,  0.0000,  0.0000]])
tensor([[-0.0980,  1.0000,  0.0000,  0.0000,  0.0000,  0.0000]])
tensor([[0.5914, 1.0000, 0.0000, 1.0000, 0.0000, 0.0000]])
tensor([[0.6615, 1.0000, 0.0000, 1.0000, 0.0000, 0.0000]])
tensor([[-0.7599,  1.0000,  0.0000,  0.0000,  0.0000,  0.0000]])
tensor([[0.9613, 1.0000, 0.0000, 0.0000, 0.0000, 0.0000]])
tensor([[0.9251, 1.0000, 0.0000, 1.0000, 0.0000, 0.0000]])
tensor([[-0.6766,  0.0000,  0.0000,  0.0000,  0.0000,  0.0000]])
tensor([[-0.5236,  1.0000,  0.0000,  0.0000,  0.0000,  0.0000]])
tensor([[0.2586, 1.0000, 0.0000, 0.0000, 1.0000, 0.0000]])
tensor([[0.8057, 1.0000, 0.0000, 0.0000, 0.0000, 0.0000]])
tensor([[0.5459, 1.0000, 0.0000, 0.0000, 0.0000, 0.0000]])
tensor([[0.6989, 1.0000, 1.0000, 0.0000, 0.0000, 0.0000]])
tensor([[-0.8097,  1.0000,  0.0000,  0.0000,  0.0000,  0.0000]])
tensor([[0.5706, 1.0000, 0.0000, 0.0000, 0.0000, 0.0000]])
tensor([[-0.2681,  1.0000,  0.0000,  0.0000,  1.0000,  0.0000]])
tensor([[-0.9429,  1.0000,  0.0000,  0.0000,  0.0000,  0.0000]])
tensor([[0.3400, 1.0000, 0.0000, 0.0000, 0.0000, 0.0000]])
tensor([[-0.9432,  1.0000,  0.0000,  0.0000,  0.0000,  0.0000]])
tensor([[0.1253, 1.0000, 0.0000, 0.0000, 0.0000, 0.0000]])
tensor([[0.6965, 1.0000, 0.0000, 0.0000, 0.0000, 0.0000]])
tensor([[0.6093, 1.0000, 0.0000, 0.0000, 0.0000, 0.0000]])
tensor([[0.3993, 1.0000, 0.0000, 0.0000, 0.0000, 0.0000]])
tensor([[-0.3550,  1.0000,  1.0000,  0.0000,  0.0000,  0.0000]])
tensor([[0.0458, 1.0000, 1.0000, 0.0000, 0.0000, 0.0000]])
tensor([[0.9571, 1.0000, 0.0000, 0.0000, 0.0000, 0.0000]])
tensor([[0.6193, 1.0000, 0.0000, 0.0000, 0.0000, 0.0000]])
tensor([[0.9336, 1.0000, 0.0000, 0.0000, 0.0000, 0.0000]])
tensor([[0.8670, 1.0000, 0.0000, 0.0000, 0.0000, 0.0000]])
tensor([[0.8863, 1.0000, 0.0000, 0.0000, 0.0000, 0.0000]])
tensor([[-0.1286,  1.0000,  0.0000,  0.0000,  0.0000,  0.0000]])
tensor([[0.9939, 1.0000, 0.0000, 0.0000, 0.0000, 0.0000]])
tensor([[-0.8116,  1.0000,  0.0000,  0.0000,  0.0000,  0.0000]])
tensor([[-0.8959,  1.0000,  0.0000,  1.0000,  0.0000,  0.0000]])
tensor([[0.3425, 1.0000, 0.0000, 0.0000, 0.0000, 0.0000]])
tensor([[-0.2302,  1.0000,  0.0000,  0.0000,  0.0000,  0.0000]])
tensor([[0.9123, 1.0000, 0.0000, 0.0000, 0.0000, 0.0000]])
tensor([[0.3928, 1.0000, 0.0000, 0.0000, 0.0000, 0.0000]])
tensor([[-0.9269,  1.0000,  0.0000,  0.0000,  0.0000,  0.0000]])
tensor([[0.5167, 1.0000, 1.0000, 0.0000, 0.0000, 0.0000]])
tensor([[0.3133, 1.0000, 0.0000, 0.0000, 0.0000, 0.0000]])
tensor([[0.8541, 1.0000, 0.0000, 0.0000, 0.0000, 0.0000]])
tensor([[-0.1946,  1.0000,  0.0000,  0.0000,  0.0000,  0.0000]])
tensor([[0.3996, 0.0000, 0.0000, 0.0000, 0.0000, 0.0000]])
tensor([[-0.1124,  1.0000,  0.0000,  0.0000,  0.0000,  0.0000]])
tensor([[0.9706, 1.0000, 0.0000, 0.0000, 0.0000, 0.0000]])
tensor([[0.7653, 1.0000, 0.0000, 0.0000, 0.0000, 0.0000]])
tensor([[0.6848, 1.0000, 0.0000, 0.0000, 0.0000, 0.0000]])
tensor([[0.3906, 1.0000, 0.0000, 0.0000, 0.0000, 0.0000]])
tensor([[-0.2946,  1.0000,  0.0000,  0.0000,  0.0000,  0.0000]])
tensor([[0.6867, 1.0000, 0.0000, 0.0000, 0.0000, 0.0000]])
tensor([[0.6110, 1.0000, 0.0000, 0.0000, 0.0000, 0.0000]])
tensor([[0.9836, 1.0000, 0.0000, 0.0000, 0.0000, 0.0000]])
tensor([[0.4438, 1.0000, 0.0000, 0.0000, 0.0000, 0.0000]])
tensor([[0.5952, 1.0000, 0.0000, 0.0000, 0.0000, 0.0000]])
tensor([[0.9259, 1.0000, 0.0000, 0.0000, 0.0000, 0.0000]])
tensor([[0.9680, 1.0000, 0.0000, 0.0000, 0.0000, 0.0000]])
tensor([[-0.8078,  1.0000,  0.0000,  0.0000,  0.0000,  0.0000]])
tensor([[-0.0046,  1.0000,  0.0000,  0.0000,  0.0000,  0.0000]])
tensor([[-0.5226,  1.0000,  0.0000,  0.0000,  0.0000,  0.0000]])
tensor([[0.1209, 1.0000, 0.0000, 0.0000, 0.0000, 0.0000]])
tensor([[0.2413, 1.0000, 0.0000, 0.0000, 0.0000, 0.0000]])
tensor([[0.9617, 1.0000, 0.0000, 0.0000, 0.0000, 0.0000]])
tensor([[0.9815, 1.0000, 0.0000, 1.0000, 0.0000, 0.0000]])
tensor([[0.9148, 0.0000, 0.0000, 1.0000, 0.0000, 0.0000]])
tensor([[0.4818, 1.0000, 0.0000, 0.0000, 0.0000, 0.0000]])
tensor([[0.7966, 1.0000, 0.0000, 0.0000, 0.0000, 0.0000]])
tensor([[-0.2274,  1.0000,  0.0000,  0.0000,  0.0000,  0.0000]])
tensor([[0.5705, 1.0000, 0.0000, 0.0000, 0.0000, 0.0000]])
tensor([[0.2077, 1.0000, 0.0000, 0.0000, 0.0000, 0.0000]])
tensor([[-0.9629,  1.0000,  0.0000,  0.0000,  0.0000,  0.0000]])
tensor([[-0.5155,  1.0000,  0.0000,  1.0000,  0.0000,  0.0000]])
tensor([[-0.8656,  1.0000,  0.0000,  0.0000,  0.0000,  0.0000]])
tensor([[-0.3862,  1.0000,  0.0000,  0.0000,  0.0000,  0.0000]])
tensor([[-0.2611,  1.0000,  1.0000,  0.0000,  0.0000,  0.0000]])
tensor([[0.1822, 1.0000, 0.0000, 0.0000, 0.0000, 0.0000]])
tensor([[0.7407, 1.0000, 0.0000, 0.0000, 0.0000, 0.0000]])
tensor([[0.7328, 1.0000, 0.0000, 0.0000, 0.0000, 0.0000]])
tensor([[-0.0355,  1.0000,  0.0000,  0.0000,  1.0000,  0.0000]])
tensor([[0.8399, 1.0000, 0.0000, 0.0000, 0.0000, 0.0000]])
tensor([[-0.8904,  1.0000,  0.0000,  1.0000,  0.0000,  0.0000]])
tensor([[0.2758, 1.0000, 0.0000, 0.0000, 0.0000, 0.0000]])
tensor([[0.6091, 1.0000, 1.0000, 0.0000, 0.0000, 0.0000]])
tensor([[0.9492, 1.0000, 0.0000, 0.0000, 0.0000, 0.0000]])
tensor([[-0.7204,  1.0000,  0.0000,  1.0000,  0.0000,  0.0000]])
tensor([[0.8931, 1.0000, 0.0000, 0.0000, 0.0000, 0.0000]])
tensor([[0.8166, 1.0000, 0.0000, 0.0000, 0.0000, 0.0000]])
tensor([[-0.7882,  0.0000,  0.0000,  0.0000,  0.0000,  0.0000]])
tensor([[-0.2747,  1.0000,  0.0000,  0.0000,  0.0000,  0.0000]])
tensor([[-0.1041,  1.0000,  0.0000,  0.0000,  0.0000,  0.0000]])
tensor([[-0.5652,  1.0000,  0.0000,  1.0000,  0.0000,  0.0000]])
tensor([[-0.7725,  1.0000,  0.0000,  1.0000,  0.0000,  0.0000]])
tensor([[0.8270, 1.0000, 0.0000, 0.0000, 0.0000, 0.0000]])
tensor([[-0.0983,  1.0000,  0.0000,  0.0000,  0.0000,  0.0000]])
tensor([[-0.3204,  1.0000,  0.0000,  0.0000,  0.0000,  0.0000]])
tensor([[-0.5195,  1.0000,  0.0000,  0.0000,  0.0000,  0.0000]])
tensor([[0.9594, 1.0000, 0.0000, 0.0000, 0.0000, 0.0000]])
tensor([[-0.6757,  1.0000,  0.0000,  0.0000,  0.0000,  0.0000]])
tensor([[0.4578, 1.0000, 0.0000, 0.0000, 0.0000, 0.0000]])
tensor([[-0.2084,  1.0000,  0.0000,  0.0000,  0.0000,  0.0000]])
tensor([[-0.5987,  1.0000,  0.0000,  0.0000,  0.0000,  0.0000]])
tensor([[0.9157, 1.0000, 0.0000, 0.0000, 0.0000, 0.0000]])
tensor([[0.1542, 1.0000, 0.0000, 0.0000, 0.0000, 0.0000]])
tensor([[0.2896, 1.0000, 0.0000, 0.0000, 0.0000, 0.0000]])
tensor([[-0.9271,  0.0000,  0.0000,  0.0000,  0.0000,  0.0000]])
tensor([[0.4286, 1.0000, 0.0000, 0.0000, 0.0000, 0.0000]])
tensor([[-0.0980,  1.0000,  1.0000,  0.0000,  0.0000,  0.0000]])
tensor([[0.2074, 1.0000, 0.0000, 0.0000, 0.0000, 0.0000]])
tensor([[0.6544, 1.0000, 0.0000, 0.0000, 0.0000, 0.0000]])
tensor([[-0.7675,  1.0000,  0.0000,  0.0000,  0.0000,  0.0000]])
tensor([[0.8434, 1.0000, 0.0000, 0.0000, 0.0000, 0.0000]])
tensor([[0.1663, 1.0000, 0.0000, 0.0000, 0.0000, 0.0000]])
tensor([[-0.3167,  1.0000,  0.0000,  0.0000,  0.0000,  0.0000]])
tensor([[0.9817, 1.0000, 0.0000, 0.0000, 0.0000, 0.0000]])
tensor([[0.7022, 1.0000, 0.0000, 0.0000, 0.0000, 0.0000]])
tensor([[0.7847, 1.0000, 0.0000, 1.0000, 0.0000, 0.0000]])
tensor([[0.9822, 1.0000, 0.0000, 0.0000, 0.0000, 0.0000]])
tensor([[-0.6078,  1.0000,  0.0000,  0.0000,  0.0000,  0.0000]])
tensor([[-0.9783,  1.0000,  0.0000,  0.0000,  0.0000,  0.0000]])
tensor([[-0.7969,  1.0000,  0.0000,  0.0000,  0.0000,  0.0000]])
tensor([[0.0747, 1.0000, 0.0000, 0.0000, 0.0000, 0.0000]])
tensor([[0.7603, 1.0000, 0.0000, 0.0000, 0.0000, 0.0000]])
tensor([[0.9026, 1.0000, 0.0000, 0.0000, 0.0000, 0.0000]])
tensor([[-0.4188,  1.0000,  0.0000,  0.0000,  0.0000,  0.0000]])
tensor([[-0.2321,  0.0000,  0.0000,  0.0000,  0.0000,  0.0000]])
tensor([[0.7128, 1.0000, 0.0000, 0.0000, 0.0000, 0.0000]])
tensor([[-0.1345,  1.0000,  0.0000,  0.0000,  0.0000,  0.0000]])
tensor([[-0.8441,  1.0000,  0.0000,  0.0000,  0.0000,  0.0000]])
tensor([[0.7599, 1.0000, 0.0000, 0.0000, 0.0000, 0.0000]])
tensor([[0.6941, 1.0000, 0.0000, 0.0000, 0.0000, 0.0000]])
tensor([[0.8931, 1.0000, 0.0000, 0.0000, 0.0000, 0.0000]])
tensor([[-0.5246,  1.0000,  0.0000,  0.0000,  1.0000,  0.0000]])
tensor([[-0.3721,  1.0000,  0.0000,  0.0000,  0.0000,  0.0000]])
tensor([[0.6915, 1.0000, 0.0000, 0.0000, 0.0000, 0.0000]])
tensor([[0.0987, 1.0000, 0.0000, 0.0000, 0.0000, 0.0000]])
tensor([[0.6421, 1.0000, 0.0000, 0.0000, 0.0000, 0.0000]])
tensor([[0.9508, 1.0000, 0.0000, 0.0000, 0.0000, 0.0000]])
tensor([[-0.2565,  1.0000,  0.0000,  0.0000,  0.0000,  0.0000]])
tensor([[-0.4083,  1.0000,  0.0000,  0.0000,  0.0000,  0.0000]])
tensor([[0.4600, 1.0000, 1.0000, 0.0000, 0.0000, 0.0000]])
tensor([[0.7151, 1.0000, 0.0000, 0.0000, 0.0000, 0.0000]])
tensor([[0.8173, 1.0000, 0.0000, 0.0000, 0.0000, 0.0000]])
tensor([[0.4899, 1.0000, 0.0000, 0.0000, 0.0000, 0.0000]])
tensor([[-0.2403,  1.0000,  0.0000,  0.0000,  0.0000,  0.0000]])
tensor([[-0.2207,  1.0000,  0.0000,  0.0000,  0.0000,  0.0000]])
tensor([[-0.1474,  1.0000,  0.0000,  1.0000,  0.0000,  0.0000]])
tensor([[0.6763, 1.0000, 0.0000, 0.0000, 0.0000, 0.0000]])
tensor([[-0.3497,  1.0000,  0.0000,  0.0000,  0.0000,  0.0000]])
tensor([[0.0993, 1.0000, 0.0000, 0.0000, 0.0000, 0.0000]])
tensor([[0.9379, 1.0000, 1.0000, 0.0000, 0.0000, 0.0000]])
tensor([[0.8464, 1.0000, 0.0000, 0.0000, 0.0000, 0.0000]])
tensor([[-0.5381,  1.0000,  0.0000,  0.0000,  0.0000,  0.0000]])
tensor([[0.7497, 1.0000, 0.0000, 0.0000, 0.0000, 0.0000]])
tensor([[0.5258, 1.0000, 0.0000, 0.0000, 0.0000, 0.0000]])
tensor([[0.6114, 1.0000, 0.0000, 0.0000, 0.0000, 0.0000]])
tensor([[-0.8811,  1.0000,  0.0000,  0.0000,  0.0000,  0.0000]])
tensor([[-0.4652,  1.0000,  0.0000,  0.0000,  0.0000,  0.0000]])
tensor([[0.0941, 1.0000, 0.0000, 0.0000, 0.0000, 0.0000]])
tensor([[0.9163, 1.0000, 0.0000, 1.0000, 0.0000, 0.0000]])
tensor([[0.9683, 1.0000, 1.0000, 0.0000, 0.0000, 0.0000]])
tensor([[0.2618, 1.0000, 0.0000, 0.0000, 0.0000, 0.0000]])
tensor([[-0.6603,  1.0000,  0.0000,  0.0000,  0.0000,  0.0000]])
tensor([[0.8058, 1.0000, 0.0000, 0.0000, 0.0000, 0.0000]])
tensor([[-0.1868,  1.0000,  0.0000,  0.0000,  0.0000,  0.0000]])
tensor([[0.2304, 1.0000, 0.0000, 1.0000, 0.0000, 0.0000]])
tensor([[0.1966, 1.0000, 0.0000, 0.0000, 0.0000, 0.0000]])
tensor([[0.5276, 1.0000, 0.0000, 0.0000, 0.0000, 0.0000]])
tensor([[0.2592, 1.0000, 0.0000, 0.0000, 0.0000, 0.0000]])
tensor([[-0.4313,  1.0000,  0.0000,  0.0000,  0.0000,  0.0000]])
tensor([[0.8426, 1.0000, 0.0000, 0.0000, 0.0000, 0.0000]])
tensor([[0.9407, 1.0000, 0.0000, 0.0000, 0.0000, 0.0000]])
tensor([[0.5116, 1.0000, 0.0000, 0.0000, 0.0000, 0.0000]])
tensor([[0.0939, 1.0000, 0.0000, 0.0000, 0.0000, 0.0000]])
tensor([[0.6022, 1.0000, 0.0000, 0.0000, 0.0000, 0.0000]])
tensor([[-0.4450,  1.0000,  0.0000,  0.0000,  0.0000,  0.0000]])
tensor([[0.7520, 1.0000, 0.0000, 1.0000, 0.0000, 0.0000]])
tensor([[-0.3718,  1.0000,  0.0000,  0.0000,  0.0000,  0.0000]])
tensor([[0.4482, 1.0000, 0.0000, 0.0000, 0.0000, 0.0000]])
tensor([[0.6713, 1.0000, 0.0000, 0.0000, 0.0000, 0.0000]])
tensor([[-0.6895,  1.0000,  0.0000,  0.0000,  0.0000,  0.0000]])
tensor([[0.9811, 1.0000, 0.0000, 0.0000, 0.0000, 0.0000]])
tensor([[-0.6630,  1.0000,  0.0000,  0.0000,  0.0000,  0.0000]])
tensor([[0.0551, 1.0000, 0.0000, 0.0000, 0.0000, 0.0000]])
tensor([[0.5169, 1.0000, 0.0000, 0.0000, 0.0000, 0.0000]])
tensor([[0.2033, 1.0000, 0.0000, 0.0000, 0.0000, 0.0000]])
tensor([[-0.6354,  1.0000,  0.0000,  1.0000,  0.0000,  0.0000]])
tensor([[-0.5690,  1.0000,  0.0000,  0.0000,  0.0000,  0.0000]])
tensor([[-0.2852,  1.0000,  1.0000,  0.0000,  0.0000,  0.0000]])
tensor([[0.3009, 1.0000, 0.0000, 0.0000, 0.0000, 0.0000]])
tensor([[0.1592, 1.0000, 0.0000, 0.0000, 0.0000, 0.0000]])
tensor([[0.8545, 1.0000, 0.0000, 0.0000, 0.0000, 0.0000]])
tensor([[-0.0228,  1.0000,  0.0000,  0.0000,  0.0000,  0.0000]])
tensor([[0.2854, 1.0000, 0.0000, 0.0000, 0.0000, 0.0000]])
tensor([[0.9270, 1.0000, 0.0000, 0.0000, 0.0000, 0.0000]])
tensor([[-0.3819,  1.0000,  0.0000,  0.0000,  0.0000,  0.0000]])
tensor([[0.0810, 1.0000, 0.0000, 0.0000, 0.0000, 0.0000]])
tensor([[-0.3647,  1.0000,  0.0000,  0.0000,  0.0000,  0.0000]])
tensor([[0.6685, 1.0000, 1.0000, 0.0000, 0.0000, 0.0000]])
tensor([[0.3569, 1.0000, 0.0000, 1.0000, 0.0000, 0.0000]])
tensor([[0.6551, 1.0000, 0.0000, 0.0000, 0.0000, 0.0000]])
tensor([[-0.9084,  1.0000,  0.0000,  1.0000,  0.0000,  0.0000]])
tensor([[-0.1367,  1.0000,  0.0000,  0.0000,  0.0000,  0.0000]])
tensor([[0.5197, 1.0000, 0.0000, 0.0000, 0.0000, 0.0000]])
tensor([[0.1623, 1.0000, 0.0000, 0.0000, 0.0000, 0.0000]])
tensor([[-0.1589,  1.0000,  0.0000,  1.0000,  0.0000,  0.0000]])
tensor([[0.0607, 0.0000, 0.0000, 0.0000, 0.0000, 0.0000]])
tensor([[0.0825, 1.0000, 0.0000, 0.0000, 0.0000, 0.0000]])
tensor([[0.9559, 1.0000, 0.0000, 0.0000, 0.0000, 0.0000]])
tensor([[0.0719, 1.0000, 0.0000, 0.0000, 0.0000, 0.0000]])
tensor([[0.0213, 1.0000, 1.0000, 0.0000, 0.0000, 0.0000]])
tensor([[0.6065, 1.0000, 0.0000, 0.0000, 0.0000, 0.0000]])
tensor([[-0.5373,  1.0000,  0.0000,  1.0000,  0.0000,  0.0000]])
tensor([[0.6059, 1.0000, 0.0000, 0.0000, 0.0000, 0.0000]])
tensor([[-0.1252,  1.0000,  0.0000,  0.0000,  0.0000,  0.0000]])
tensor([[-0.1492,  1.0000,  0.0000,  0.0000,  0.0000,  0.0000]])
tensor([[0.9517, 1.0000, 0.0000, 0.0000, 0.0000, 0.0000]])
tensor([[0.4585, 1.0000, 0.0000, 0.0000, 0.0000, 0.0000]])
tensor([[0.7767, 1.0000, 0.0000, 0.0000, 0.0000, 0.0000]])
tensor([[0.1241, 1.0000, 1.0000, 0.0000, 0.0000, 0.0000]])
tensor([[-0.7381,  1.0000,  0.0000,  0.0000,  0.0000,  0.0000]])
tensor([[0.6399, 1.0000, 1.0000, 0.0000, 0.0000, 0.0000]])
tensor([[0.7633, 1.0000, 0.0000, 0.0000, 0.0000, 0.0000]])
tensor([[0.7631, 1.0000, 0.0000, 0.0000, 0.0000, 0.0000]])
tensor([[0.4324, 1.0000, 1.0000, 0.0000, 0.0000, 0.0000]])
tensor([[0.2077, 1.0000, 0.0000, 1.0000, 0.0000, 0.0000]])
tensor([[0.8850, 1.0000, 0.0000, 0.0000, 0.0000, 0.0000]])
tensor([[0.1241, 1.0000, 1.0000, 0.0000, 0.0000, 0.0000]])
tensor([[0.6928, 1.0000, 0.0000, 0.0000, 0.0000, 0.0000]])
INFO:root:Agent 0 (TQCars): avg action time = 0.0016s
tensor([[-0.3017,  1.0000,  0.0000,  0.0000,  0.0000,  0.0000]])
tensor([[0.8720, 1.0000, 0.0000, 0.0000, 0.0000, 0.0000]])
tensor([[-0.9705,  0.0000,  1.0000,  0.0000,  0.0000,  0.0000]])
tensor([[-0.0270,  1.0000,  1.0000,  0.0000,  0.0000,  0.0000]])
tensor([[0.8643, 1.0000, 0.0000, 0.0000, 0.0000, 0.0000]])
tensor([[0.6104, 1.0000, 0.0000, 0.0000, 0.0000, 0.0000]])
tensor([[-0.3601,  0.0000,  0.0000,  0.0000,  0.0000,  0.0000]])
tensor([[0.9467, 1.0000, 0.0000, 0.0000, 0.0000, 0.0000]])
tensor([[0.6929, 1.0000, 0.0000, 0.0000, 0.0000, 0.0000]])
tensor([[-0.3934,  1.0000,  0.0000,  0.0000,  0.0000,  0.0000]])
tensor([[0.7922, 1.0000, 0.0000, 0.0000, 0.0000, 0.0000]])
tensor([[0.2702, 0.0000, 0.0000, 0.0000, 0.0000, 0.0000]])
tensor([[-0.6462,  1.0000,  0.0000,  0.0000,  0.0000,  0.0000]])
tensor([[-0.9055,  1.0000,  0.0000,  0.0000,  0.0000,  0.0000]])
tensor([[-0.5316,  1.0000,  0.0000,  0.0000,  0.0000,  0.0000]])
tensor([[-0.7150,  1.0000,  0.0000,  0.0000,  0.0000,  0.0000]])
tensor([[-0.5336,  1.0000,  0.0000,  0.0000,  0.0000,  0.0000]])
tensor([[0.2368, 1.0000, 0.0000, 0.0000, 0.0000, 0.0000]])
tensor([[0.6391, 1.0000, 0.0000, 0.0000, 0.0000, 0.0000]])
tensor([[0.5049, 1.0000, 0.0000, 1.0000, 0.0000, 0.0000]])
tensor([[-0.6128,  1.0000,  0.0000,  0.0000,  0.0000,  0.0000]])
tensor([[0.9360, 1.0000, 0.0000, 0.0000, 0.0000, 0.0000]])
tensor([[0.1963, 1.0000, 1.0000, 0.0000, 0.0000, 0.0000]])
tensor([[0.8335, 1.0000, 0.0000, 0.0000, 0.0000, 0.0000]])
tensor([[-0.9019,  1.0000,  0.0000,  0.0000,  0.0000,  0.0000]])
tensor([[-0.1608,  1.0000,  0.0000,  0.0000,  0.0000,  0.0000]])
tensor([[0.4192, 1.0000, 1.0000, 0.0000, 0.0000, 0.0000]])
tensor([[0.8655, 1.0000, 0.0000, 0.0000, 0.0000, 0.0000]])
tensor([[0.7675, 1.0000, 0.0000, 0.0000, 0.0000, 0.0000]])
tensor([[0.7480, 1.0000, 0.0000, 0.0000, 0.0000, 0.0000]])
tensor([[0.9832, 1.0000, 0.0000, 0.0000, 0.0000, 0.0000]])
tensor([[0.6560, 1.0000, 0.0000, 0.0000, 0.0000, 0.0000]])
tensor([[0.8624, 1.0000, 0.0000, 0.0000, 0.0000, 0.0000]])
tensor([[0.8305, 1.0000, 0.0000, 0.0000, 0.0000, 0.0000]])
tensor([[-0.3019,  1.0000,  0.0000,  0.0000,  0.0000,  0.0000]])
tensor([[-0.8553,  1.0000,  0.0000,  0.0000,  0.0000,  0.0000]])
{"type": "results", "track": "abyss", "results": [{"key": 0, "reward": -0.10037002563476563, "position": 4, "name": "TQCars", "avg_action_time": 0.0015730021946922838}]}
