INFO:root:Loading the agents
INFO:root:Loaded player TQCars
INFO:root:Creating pystk-1
INFO:root:Adding wrapper <function get_wrappers.<locals>.<lambda> at 0x7478fdf03420>
INFO:root:Adding wrapper <function get_wrappers.<locals>.<lambda> at 0x7478fdf034c0>
INFO:root:Adding wrapper <function get_wrappers.<locals>.<lambda> at 0x7478fdf03560>
INFO:root:Adding wrapper <function get_wrappers.<locals>.<lambda> at 0x7478fdf03600>
INFO:root:(multi-env mono adapter) Setting main environment max_paths to 5
INFO:root:Loading trained model from CHECKPOINT-GPUFAC/tqc_EXP12_100000.pt...
INFO:root:Starting a race
tensor([[-0.5612,  1.0000,  0.0000,  0.0000,  0.0000,  0.0000]])
tensor([[0.7304, 1.0000, 0.0000, 0.0000, 0.0000, 0.0000]])
tensor([[-0.5975,  1.0000,  0.0000,  0.0000,  0.0000,  0.0000]])
tensor([[0.6990, 1.0000, 0.0000, 0.0000, 0.0000, 0.0000]])
tensor([[0.4718, 1.0000, 0.0000, 0.0000, 0.0000, 0.0000]])
tensor([[-0.1841,  1.0000,  0.0000,  0.0000,  1.0000,  0.0000]])
tensor([[-0.6730,  1.0000,  0.0000,  0.0000,  0.0000,  0.0000]])
tensor([[0.8463, 1.0000, 0.0000, 0.0000, 0.0000, 0.0000]])
tensor([[0.5658, 1.0000, 0.0000, 0.0000, 0.0000, 0.0000]])
tensor([[-0.4091,  1.0000,  0.0000,  0.0000,  0.0000,  0.0000]])
tensor([[0.6968, 0.0000, 0.0000, 0.0000, 0.0000, 0.0000]])
tensor([[-0.3780,  1.0000,  0.0000,  0.0000,  0.0000,  0.0000]])
tensor([[-0.8778,  1.0000,  0.0000,  0.0000,  0.0000,  0.0000]])
tensor([[0.1649, 1.0000, 0.0000, 0.0000, 0.0000, 0.0000]])
tensor([[-0.5955,  1.0000,  0.0000,  0.0000,  0.0000,  0.0000]])
tensor([[-0.5881,  1.0000,  0.0000,  1.0000,  0.0000,  0.0000]])
tensor([[-0.6064,  1.0000,  0.0000,  0.0000,  0.0000,  0.0000]])
tensor([[0.9225, 1.0000, 0.0000, 0.0000, 0.0000, 0.0000]])
tensor([[-0.2046,  1.0000,  0.0000,  0.0000,  0.0000,  0.0000]])
tensor([[-0.9732,  1.0000,  0.0000,  0.0000,  0.0000,  0.0000]])
tensor([[-0.4326,  1.0000,  0.0000,  0.0000,  0.0000,  0.0000]])
tensor([[-0.1482,  1.0000,  0.0000,  0.0000,  0.0000,  0.0000]])
tensor([[0.3817, 1.0000, 0.0000, 0.0000, 0.0000, 0.0000]])
tensor([[-0.8113,  1.0000,  0.0000,  0.0000,  0.0000,  0.0000]])
tensor([[0.3325, 1.0000, 0.0000, 0.0000, 0.0000, 0.0000]])
tensor([[0.1868, 1.0000, 0.0000, 0.0000, 0.0000, 0.0000]])
tensor([[-0.8872,  1.0000,  0.0000,  0.0000,  0.0000,  0.0000]])
tensor([[0.8422, 1.0000, 0.0000, 0.0000, 0.0000, 0.0000]])
tensor([[-0.6658,  1.0000,  0.0000,  0.0000,  0.0000,  0.0000]])
tensor([[-0.9215,  1.0000,  0.0000,  0.0000,  0.0000,  0.0000]])
tensor([[-0.1438,  1.0000,  0.0000,  0.0000,  0.0000,  0.0000]])
tensor([[-0.2166,  1.0000,  0.0000,  0.0000,  0.0000,  0.0000]])
tensor([[-0.0948,  1.0000,  0.0000,  0.0000,  0.0000,  0.0000]])
tensor([[0.8769, 1.0000, 0.0000, 0.0000, 0.0000, 0.0000]])
tensor([[0.9961, 1.0000, 0.0000, 0.0000, 0.0000, 0.0000]])
tensor([[-0.9661,  1.0000,  0.0000,  0.0000,  0.0000,  0.0000]])
tensor([[0.9544, 1.0000, 0.0000, 0.0000, 0.0000, 0.0000]])
tensor([[0.3132, 1.0000, 0.0000, 0.0000, 0.0000, 0.0000]])
tensor([[0.1695, 1.0000, 0.0000, 0.0000, 0.0000, 0.0000]])
tensor([[0.2216, 1.0000, 0.0000, 1.0000, 0.0000, 0.0000]])
tensor([[0.6872, 1.0000, 0.0000, 0.0000, 0.0000, 0.0000]])
tensor([[-0.7710,  1.0000,  0.0000,  0.0000,  0.0000,  0.0000]])
tensor([[-0.9877,  1.0000,  0.0000,  0.0000,  0.0000,  0.0000]])
tensor([[-0.9417,  1.0000,  0.0000,  0.0000,  0.0000,  0.0000]])
tensor([[-0.9842,  1.0000,  0.0000,  0.0000,  0.0000,  0.0000]])
tensor([[-0.8454,  1.0000,  0.0000,  0.0000,  0.0000,  0.0000]])
tensor([[-0.9426,  1.0000,  0.0000,  0.0000,  0.0000,  0.0000]])
tensor([[-0.9690,  0.0000,  0.0000,  0.0000,  0.0000,  0.0000]])
tensor([[-0.7140,  1.0000,  0.0000,  0.0000,  0.0000,  0.0000]])
tensor([[-0.6943,  1.0000,  0.0000,  0.0000,  0.0000,  0.0000]])
tensor([[0.9181, 1.0000, 0.0000, 0.0000, 0.0000, 0.0000]])
tensor([[0.9130, 1.0000, 0.0000, 0.0000, 0.0000, 0.0000]])
tensor([[-0.7197,  1.0000,  0.0000,  0.0000,  0.0000,  0.0000]])
tensor([[0.7531, 1.0000, 0.0000, 0.0000, 0.0000, 0.0000]])
tensor([[0.7843, 1.0000, 0.0000, 0.0000, 0.0000, 0.0000]])
tensor([[-0.8632,  1.0000,  0.0000,  0.0000,  0.0000,  0.0000]])
tensor([[0.6119, 1.0000, 0.0000, 0.0000, 0.0000, 0.0000]])
tensor([[-0.3037,  1.0000,  0.0000,  0.0000,  0.0000,  0.0000]])
tensor([[-0.9668,  1.0000,  0.0000,  0.0000,  0.0000,  0.0000]])
tensor([[-0.9570,  1.0000,  0.0000,  0.0000,  0.0000,  0.0000]])
tensor([[-0.5776,  1.0000,  0.0000,  0.0000,  0.0000,  0.0000]])
tensor([[-0.9508,  1.0000,  0.0000,  0.0000,  0.0000,  0.0000]])
tensor([[-0.9787,  1.0000,  0.0000,  0.0000,  0.0000,  0.0000]])
tensor([[-0.1936,  1.0000,  0.0000,  0.0000,  1.0000,  0.0000]])
tensor([[-0.7533,  1.0000,  0.0000,  0.0000,  0.0000,  0.0000]])
tensor([[-0.4212,  1.0000,  0.0000,  0.0000,  0.0000,  0.0000]])
tensor([[-0.9823,  1.0000,  0.0000,  0.0000,  0.0000,  0.0000]])
tensor([[-0.0586,  1.0000,  0.0000,  0.0000,  0.0000,  0.0000]])
tensor([[-0.9775,  1.0000,  0.0000,  0.0000,  0.0000,  0.0000]])
tensor([[0.8364, 1.0000, 0.0000, 0.0000, 0.0000, 0.0000]])
tensor([[-0.7489,  1.0000,  0.0000,  0.0000,  0.0000,  0.0000]])
tensor([[0.8719, 1.0000, 0.0000, 0.0000, 0.0000, 0.0000]])
tensor([[0.5387, 1.0000, 0.0000, 0.0000, 0.0000, 0.0000]])
tensor([[-0.7160,  1.0000,  0.0000,  1.0000,  0.0000,  0.0000]])
tensor([[0.7126, 1.0000, 0.0000, 0.0000, 0.0000, 0.0000]])
tensor([[-0.8914,  1.0000,  0.0000,  0.0000,  0.0000,  0.0000]])
tensor([[0.2597, 1.0000, 0.0000, 0.0000, 0.0000, 0.0000]])
tensor([[-0.9215,  1.0000,  0.0000,  0.0000,  0.0000,  0.0000]])
tensor([[-0.3970,  1.0000,  0.0000,  0.0000,  0.0000,  0.0000]])
tensor([[-0.9862,  1.0000,  0.0000,  0.0000,  0.0000,  0.0000]])
tensor([[-0.0903,  1.0000,  0.0000,  0.0000,  0.0000,  0.0000]])
tensor([[-0.4504,  1.0000,  0.0000,  0.0000,  0.0000,  0.0000]])
tensor([[0.0130, 1.0000, 1.0000, 0.0000, 0.0000, 0.0000]])
tensor([[0.7267, 1.0000, 0.0000, 0.0000, 0.0000, 0.0000]])
tensor([[-0.4770,  1.0000,  0.0000,  0.0000,  0.0000,  0.0000]])
tensor([[0.5663, 1.0000, 1.0000, 0.0000, 0.0000, 0.0000]])
tensor([[0.6452, 1.0000, 0.0000, 0.0000, 0.0000, 0.0000]])
tensor([[-0.4491,  1.0000,  0.0000,  0.0000,  0.0000,  0.0000]])
tensor([[0.2535, 1.0000, 0.0000, 0.0000, 0.0000, 0.0000]])
tensor([[-0.6892,  0.0000,  0.0000,  0.0000,  0.0000,  0.0000]])
tensor([[-0.5913,  1.0000,  0.0000,  0.0000,  0.0000,  0.0000]])
tensor([[-0.7443,  1.0000,  1.0000,  0.0000,  0.0000,  0.0000]])
tensor([[0.4742, 1.0000, 0.0000, 0.0000, 0.0000, 0.0000]])
tensor([[0.3631, 1.0000, 0.0000, 0.0000, 0.0000, 0.0000]])
tensor([[-0.8594,  0.0000,  0.0000,  0.0000,  0.0000,  0.0000]])
tensor([[0.5216, 1.0000, 0.0000, 0.0000, 0.0000, 0.0000]])
tensor([[0.9476, 1.0000, 0.0000, 0.0000, 0.0000, 0.0000]])
tensor([[-0.7061,  1.0000,  0.0000,  0.0000,  0.0000,  0.0000]])
tensor([[-0.6654,  1.0000,  0.0000,  0.0000,  0.0000,  0.0000]])
tensor([[0.6288, 1.0000, 0.0000, 0.0000, 0.0000, 0.0000]])
tensor([[-0.4687,  1.0000,  0.0000,  0.0000,  0.0000,  0.0000]])
tensor([[-0.8314,  1.0000,  0.0000,  0.0000,  0.0000,  0.0000]])
tensor([[-0.4649,  1.0000,  0.0000,  0.0000,  0.0000,  0.0000]])
tensor([[-0.5837,  1.0000,  0.0000,  0.0000,  0.0000,  0.0000]])
tensor([[0.7929, 1.0000, 0.0000, 0.0000, 0.0000, 0.0000]])
tensor([[0.8657, 1.0000, 0.0000, 0.0000, 0.0000, 0.0000]])
tensor([[0.8212, 1.0000, 0.0000, 1.0000, 0.0000, 0.0000]])
tensor([[-0.8864,  1.0000,  0.0000,  0.0000,  0.0000,  0.0000]])
tensor([[-0.9762,  1.0000,  0.0000,  0.0000,  0.0000,  0.0000]])
tensor([[0.3227, 1.0000, 0.0000, 0.0000, 0.0000, 0.0000]])
tensor([[0.5966, 1.0000, 0.0000, 0.0000, 0.0000, 0.0000]])
tensor([[0.6179, 1.0000, 0.0000, 0.0000, 0.0000, 0.0000]])
tensor([[-0.2237,  1.0000,  0.0000,  0.0000,  0.0000,  0.0000]])
tensor([[0.8680, 1.0000, 0.0000, 0.0000, 0.0000, 0.0000]])
tensor([[0.1322, 1.0000, 0.0000, 0.0000, 0.0000, 0.0000]])
tensor([[0.9151, 1.0000, 0.0000, 0.0000, 0.0000, 0.0000]])
tensor([[-0.9892,  1.0000,  0.0000,  0.0000,  0.0000,  0.0000]])
tensor([[-0.8219,  1.0000,  0.0000,  0.0000,  0.0000,  0.0000]])
tensor([[-0.1017,  1.0000,  0.0000,  0.0000,  0.0000,  0.0000]])
tensor([[-0.8894,  1.0000,  0.0000,  0.0000,  0.0000,  0.0000]])
tensor([[-0.9584,  1.0000,  0.0000,  0.0000,  0.0000,  0.0000]])
tensor([[-0.9667,  1.0000,  0.0000,  0.0000,  0.0000,  0.0000]])
tensor([[0.7095, 1.0000, 0.0000, 0.0000, 0.0000, 0.0000]])
tensor([[-0.9216,  1.0000,  0.0000,  1.0000,  0.0000,  0.0000]])
tensor([[-0.4262,  1.0000,  0.0000,  0.0000,  0.0000,  0.0000]])
tensor([[-0.2413,  1.0000,  0.0000,  0.0000,  0.0000,  0.0000]])
tensor([[-0.9202,  1.0000,  0.0000,  0.0000,  0.0000,  0.0000]])
tensor([[0.1907, 1.0000, 0.0000, 0.0000, 0.0000, 0.0000]])
tensor([[-0.2711,  1.0000,  1.0000,  0.0000,  0.0000,  0.0000]])
tensor([[-0.3827,  1.0000,  0.0000,  0.0000,  0.0000,  0.0000]])
tensor([[-0.2670,  1.0000,  0.0000,  0.0000,  0.0000,  0.0000]])
tensor([[-0.5655,  1.0000,  0.0000,  0.0000,  0.0000,  0.0000]])
tensor([[0.9304, 1.0000, 1.0000, 0.0000, 0.0000, 0.0000]])
tensor([[-0.6983,  1.0000,  1.0000,  0.0000,  0.0000,  0.0000]])
tensor([[0.4791, 1.0000, 0.0000, 0.0000, 0.0000, 0.0000]])
tensor([[-0.5415,  1.0000,  1.0000,  0.0000,  0.0000,  0.0000]])
tensor([[-0.4918,  1.0000,  0.0000,  0.0000,  0.0000,  0.0000]])
tensor([[0.3823, 1.0000, 0.0000, 0.0000, 0.0000, 0.0000]])
tensor([[0.2209, 1.0000, 0.0000, 0.0000, 0.0000, 0.0000]])
tensor([[-0.4697,  1.0000,  0.0000,  0.0000,  0.0000,  0.0000]])
tensor([[-0.8600,  1.0000,  0.0000,  0.0000,  0.0000,  0.0000]])
tensor([[0.4252, 1.0000, 0.0000, 0.0000, 0.0000, 0.0000]])
tensor([[0.8559, 1.0000, 0.0000, 0.0000, 0.0000, 0.0000]])
tensor([[0.2225, 1.0000, 0.0000, 0.0000, 0.0000, 0.0000]])
tensor([[0.6975, 1.0000, 0.0000, 0.0000, 0.0000, 0.0000]])
tensor([[-0.7652,  1.0000,  0.0000,  0.0000,  0.0000,  0.0000]])
tensor([[0.3351, 1.0000, 0.0000, 0.0000, 0.0000, 0.0000]])
tensor([[-0.7092,  1.0000,  0.0000,  0.0000,  0.0000,  0.0000]])
tensor([[0.1908, 1.0000, 0.0000, 0.0000, 0.0000, 0.0000]])
tensor([[0.0596, 1.0000, 0.0000, 0.0000, 0.0000, 0.0000]])
tensor([[-0.7888,  1.0000,  0.0000,  0.0000,  0.0000,  0.0000]])
tensor([[-0.2961,  1.0000,  0.0000,  0.0000,  0.0000,  0.0000]])
tensor([[0.9140, 1.0000, 0.0000, 0.0000, 0.0000, 0.0000]])
tensor([[0.3744, 1.0000, 0.0000, 0.0000, 0.0000, 0.0000]])
tensor([[0.9809, 1.0000, 0.0000, 0.0000, 0.0000, 0.0000]])
tensor([[0.1282, 1.0000, 0.0000, 0.0000, 0.0000, 0.0000]])
tensor([[0.7031, 1.0000, 0.0000, 0.0000, 0.0000, 0.0000]])
tensor([[-0.5302,  1.0000,  0.0000,  0.0000,  0.0000,  0.0000]])
tensor([[-0.7810,  1.0000,  0.0000,  0.0000,  0.0000,  0.0000]])
tensor([[0.8970, 1.0000, 0.0000, 0.0000, 0.0000, 0.0000]])
tensor([[-0.3713,  1.0000,  0.0000,  0.0000,  0.0000,  0.0000]])
tensor([[-0.3470,  1.0000,  0.0000,  0.0000,  0.0000,  0.0000]])
tensor([[-0.7486,  1.0000,  0.0000,  0.0000,  0.0000,  0.0000]])
tensor([[-0.0649,  1.0000,  0.0000,  0.0000,  0.0000,  0.0000]])
tensor([[-0.7787,  1.0000,  0.0000,  0.0000,  0.0000,  0.0000]])
tensor([[-0.4012,  1.0000,  0.0000,  0.0000,  0.0000,  0.0000]])
tensor([[-0.9016,  1.0000,  0.0000,  1.0000,  0.0000,  0.0000]])
tensor([[0.7999, 1.0000, 0.0000, 0.0000, 0.0000, 0.0000]])
tensor([[0.3426, 0.0000, 0.0000, 0.0000, 0.0000, 0.0000]])
tensor([[-0.0322,  1.0000,  0.0000,  0.0000,  0.0000,  0.0000]])
tensor([[-0.7560,  1.0000,  0.0000,  0.0000,  0.0000,  0.0000]])
tensor([[-0.3621,  1.0000,  0.0000,  0.0000,  0.0000,  0.0000]])
tensor([[-0.7654,  1.0000,  0.0000,  0.0000,  0.0000,  0.0000]])
tensor([[0.0418, 1.0000, 0.0000, 0.0000, 0.0000, 0.0000]])
tensor([[-0.7345,  1.0000,  0.0000,  0.0000,  0.0000,  0.0000]])
tensor([[0.4405, 1.0000, 1.0000, 0.0000, 0.0000, 0.0000]])
tensor([[0.5054, 1.0000, 0.0000, 0.0000, 0.0000, 0.0000]])
tensor([[-0.7253,  1.0000,  0.0000,  0.0000,  0.0000,  0.0000]])
tensor([[-0.5525,  1.0000,  0.0000,  0.0000,  0.0000,  0.0000]])
tensor([[0.7722, 1.0000, 0.0000, 0.0000, 0.0000, 0.0000]])
tensor([[0.2853, 1.0000, 0.0000, 0.0000, 0.0000, 0.0000]])
tensor([[-0.5768,  1.0000,  1.0000,  0.0000,  0.0000,  0.0000]])
tensor([[-0.0098,  1.0000,  0.0000,  0.0000,  0.0000,  0.0000]])
tensor([[-0.3543,  1.0000,  0.0000,  0.0000,  0.0000,  0.0000]])
tensor([[-0.9332,  1.0000,  0.0000,  0.0000,  0.0000,  0.0000]])
tensor([[-0.0658,  1.0000,  0.0000,  0.0000,  0.0000,  0.0000]])
tensor([[-0.7455,  1.0000,  0.0000,  0.0000,  0.0000,  0.0000]])
tensor([[0.7844, 1.0000, 1.0000, 0.0000, 0.0000, 0.0000]])
tensor([[0.9247, 1.0000, 0.0000, 1.0000, 0.0000, 0.0000]])
tensor([[0.3119, 1.0000, 0.0000, 0.0000, 0.0000, 0.0000]])
tensor([[0.0557, 1.0000, 0.0000, 0.0000, 0.0000, 0.0000]])
tensor([[0.8721, 1.0000, 0.0000, 0.0000, 0.0000, 0.0000]])
tensor([[0.1319, 1.0000, 0.0000, 0.0000, 0.0000, 0.0000]])
tensor([[-0.9398,  1.0000,  0.0000,  1.0000,  0.0000,  0.0000]])
tensor([[0.8201, 1.0000, 0.0000, 0.0000, 0.0000, 0.0000]])
tensor([[0.6532, 1.0000, 0.0000, 0.0000, 0.0000, 0.0000]])
tensor([[0.6988, 1.0000, 0.0000, 0.0000, 0.0000, 0.0000]])
tensor([[0.6734, 1.0000, 0.0000, 0.0000, 0.0000, 0.0000]])
tensor([[-0.9861,  1.0000,  0.0000,  0.0000,  0.0000,  0.0000]])
tensor([[0.8649, 1.0000, 0.0000, 0.0000, 0.0000, 0.0000]])
tensor([[-0.0879,  1.0000,  0.0000,  0.0000,  0.0000,  0.0000]])
tensor([[0.3697, 1.0000, 0.0000, 0.0000, 0.0000, 0.0000]])
tensor([[0.7576, 1.0000, 0.0000, 0.0000, 0.0000, 0.0000]])
tensor([[-0.4730,  1.0000,  0.0000,  0.0000,  0.0000,  0.0000]])
tensor([[-0.5679,  1.0000,  0.0000,  0.0000,  0.0000,  0.0000]])
tensor([[0.1879, 1.0000, 0.0000, 0.0000, 0.0000, 0.0000]])
tensor([[0.7258, 1.0000, 0.0000, 0.0000, 0.0000, 0.0000]])
tensor([[0.4541, 1.0000, 0.0000, 0.0000, 0.0000, 0.0000]])
tensor([[0.1676, 1.0000, 0.0000, 0.0000, 0.0000, 0.0000]])
tensor([[0.0915, 1.0000, 0.0000, 0.0000, 0.0000, 0.0000]])
tensor([[-0.9043,  1.0000,  0.0000,  0.0000,  0.0000,  0.0000]])
tensor([[-0.1559,  1.0000,  0.0000,  0.0000,  0.0000,  0.0000]])
tensor([[-0.5941,  1.0000,  0.0000,  0.0000,  0.0000,  0.0000]])
tensor([[-0.1101,  1.0000,  0.0000,  0.0000,  0.0000,  0.0000]])
tensor([[-0.8858,  1.0000,  0.0000,  0.0000,  0.0000,  0.0000]])
tensor([[-0.7951,  1.0000,  0.0000,  0.0000,  0.0000,  0.0000]])
tensor([[-0.9872,  1.0000,  0.0000,  0.0000,  0.0000,  0.0000]])
tensor([[0.7067, 1.0000, 0.0000, 0.0000, 0.0000, 0.0000]])
tensor([[-0.7131,  1.0000,  0.0000,  0.0000,  0.0000,  0.0000]])
tensor([[0.0829, 1.0000, 0.0000, 0.0000, 0.0000, 0.0000]])
tensor([[0.3999, 1.0000, 0.0000, 0.0000, 0.0000, 0.0000]])
tensor([[-0.6967,  1.0000,  0.0000,  1.0000,  0.0000,  0.0000]])
tensor([[0.9121, 1.0000, 0.0000, 0.0000, 0.0000, 0.0000]])
tensor([[0.9370, 1.0000, 0.0000, 0.0000, 0.0000, 0.0000]])
tensor([[0.9229, 1.0000, 0.0000, 0.0000, 0.0000, 0.0000]])
tensor([[0.6953, 1.0000, 0.0000, 0.0000, 0.0000, 0.0000]])
tensor([[0.8415, 1.0000, 0.0000, 0.0000, 0.0000, 0.0000]])
tensor([[0.1554, 1.0000, 1.0000, 0.0000, 0.0000, 0.0000]])
tensor([[-0.7437,  1.0000,  0.0000,  0.0000,  0.0000,  0.0000]])
tensor([[-0.8392,  1.0000,  0.0000,  0.0000,  0.0000,  0.0000]])
tensor([[-0.1859,  1.0000,  0.0000,  1.0000,  0.0000,  0.0000]])
tensor([[-0.1582,  1.0000,  0.0000,  0.0000,  0.0000,  0.0000]])
tensor([[0.8583, 1.0000, 0.0000, 0.0000, 0.0000, 0.0000]])
tensor([[0.4760, 1.0000, 0.0000, 0.0000, 0.0000, 0.0000]])
tensor([[-0.0313,  1.0000,  0.0000,  0.0000,  0.0000,  0.0000]])
tensor([[0.6620, 1.0000, 0.0000, 0.0000, 0.0000, 0.0000]])
tensor([[-0.4579,  1.0000,  0.0000,  0.0000,  0.0000,  0.0000]])
tensor([[0.6617, 1.0000, 0.0000, 0.0000, 0.0000, 0.0000]])
tensor([[-0.2479,  1.0000,  1.0000,  0.0000,  0.0000,  0.0000]])
tensor([[0.5228, 1.0000, 0.0000, 0.0000, 0.0000, 0.0000]])
tensor([[0.2578, 1.0000, 0.0000, 0.0000, 0.0000, 0.0000]])
tensor([[-0.4598,  1.0000,  0.0000,  0.0000,  0.0000,  0.0000]])
tensor([[0.6042, 1.0000, 0.0000, 1.0000, 0.0000, 0.0000]])
tensor([[-0.6322,  1.0000,  0.0000,  1.0000,  0.0000,  0.0000]])
tensor([[-0.4833,  1.0000,  0.0000,  0.0000,  0.0000,  0.0000]])
tensor([[0.7766, 1.0000, 0.0000, 0.0000, 0.0000, 0.0000]])
tensor([[-0.0815,  1.0000,  0.0000,  0.0000,  0.0000,  0.0000]])
tensor([[0.5855, 1.0000, 0.0000, 0.0000, 0.0000, 0.0000]])
tensor([[0.7363, 1.0000, 0.0000, 0.0000, 0.0000, 0.0000]])
tensor([[0.1968, 1.0000, 0.0000, 0.0000, 0.0000, 0.0000]])
tensor([[0.7878, 1.0000, 0.0000, 0.0000, 0.0000, 0.0000]])
tensor([[-0.1008,  1.0000,  0.0000,  0.0000,  0.0000,  0.0000]])
tensor([[0.2175, 1.0000, 0.0000, 0.0000, 0.0000, 0.0000]])
tensor([[0.1759, 1.0000, 0.0000, 0.0000, 0.0000, 0.0000]])
tensor([[0.5234, 1.0000, 0.0000, 1.0000, 0.0000, 0.0000]])
tensor([[0.4939, 1.0000, 0.0000, 0.0000, 0.0000, 0.0000]])
tensor([[0.5583, 1.0000, 0.0000, 0.0000, 0.0000, 0.0000]])
tensor([[-0.7684,  1.0000,  0.0000,  0.0000,  0.0000,  0.0000]])
tensor([[0.1682, 1.0000, 0.0000, 0.0000, 0.0000, 0.0000]])
tensor([[0.2589, 1.0000, 0.0000, 0.0000, 0.0000, 0.0000]])
tensor([[0.6121, 1.0000, 0.0000, 0.0000, 0.0000, 0.0000]])
tensor([[-0.1289,  1.0000,  0.0000,  0.0000,  0.0000,  0.0000]])
tensor([[-0.3243,  1.0000,  0.0000,  0.0000,  0.0000,  0.0000]])
tensor([[0.7507, 1.0000, 0.0000, 0.0000, 0.0000, 0.0000]])
tensor([[0.7911, 1.0000, 0.0000, 0.0000, 0.0000, 0.0000]])
tensor([[0.8497, 1.0000, 0.0000, 0.0000, 0.0000, 0.0000]])
tensor([[0.8778, 1.0000, 0.0000, 0.0000, 0.0000, 0.0000]])
tensor([[-0.6781,  1.0000,  0.0000,  0.0000,  0.0000,  0.0000]])
tensor([[-0.0579,  1.0000,  0.0000,  0.0000,  0.0000,  0.0000]])
tensor([[-0.1257,  1.0000,  0.0000,  0.0000,  0.0000,  0.0000]])
tensor([[0.6406, 1.0000, 0.0000, 1.0000, 0.0000, 0.0000]])
tensor([[0.3941, 1.0000, 0.0000, 0.0000, 0.0000, 0.0000]])
tensor([[0.7349, 1.0000, 0.0000, 0.0000, 0.0000, 0.0000]])
tensor([[0.1483, 1.0000, 0.0000, 0.0000, 0.0000, 0.0000]])
tensor([[-0.2504,  1.0000,  0.0000,  0.0000,  0.0000,  0.0000]])
tensor([[-0.7826,  1.0000,  0.0000,  0.0000,  0.0000,  0.0000]])
tensor([[-0.3537,  1.0000,  0.0000,  0.0000,  0.0000,  0.0000]])
tensor([[-0.1295,  1.0000,  0.0000,  1.0000,  0.0000,  0.0000]])
tensor([[-0.0018,  1.0000,  0.0000,  0.0000,  0.0000,  0.0000]])
tensor([[0.9792, 1.0000, 0.0000, 0.0000, 0.0000, 0.0000]])
tensor([[0.9394, 1.0000, 0.0000, 0.0000, 0.0000, 0.0000]])
tensor([[0.9420, 1.0000, 0.0000, 0.0000, 0.0000, 0.0000]])
tensor([[0.9478, 1.0000, 0.0000, 0.0000, 0.0000, 0.0000]])
tensor([[0.9593, 1.0000, 0.0000, 0.0000, 0.0000, 0.0000]])
tensor([[0.9609, 1.0000, 0.0000, 0.0000, 0.0000, 0.0000]])
tensor([[0.5424, 1.0000, 0.0000, 0.0000, 0.0000, 0.0000]])
tensor([[0.9694, 1.0000, 0.0000, 0.0000, 0.0000, 0.0000]])
tensor([[0.4685, 1.0000, 0.0000, 0.0000, 1.0000, 0.0000]])
tensor([[0.2656, 1.0000, 0.0000, 0.0000, 0.0000, 0.0000]])
tensor([[-0.6814,  1.0000,  0.0000,  1.0000,  0.0000,  0.0000]])
tensor([[-0.8812,  1.0000,  0.0000,  0.0000,  0.0000,  0.0000]])
tensor([[-0.7612,  1.0000,  0.0000,  0.0000,  0.0000,  0.0000]])
tensor([[-0.1625,  1.0000,  0.0000,  0.0000,  0.0000,  0.0000]])
tensor([[-0.8604,  1.0000,  0.0000,  0.0000,  0.0000,  0.0000]])
tensor([[0.7355, 1.0000, 0.0000, 0.0000, 0.0000, 0.0000]])
tensor([[0.9262, 1.0000, 0.0000, 0.0000, 0.0000, 0.0000]])
tensor([[0.7695, 1.0000, 0.0000, 0.0000, 0.0000, 0.0000]])
tensor([[0.9673, 1.0000, 0.0000, 0.0000, 0.0000, 0.0000]])
tensor([[0.7057, 1.0000, 0.0000, 0.0000, 0.0000, 0.0000]])
tensor([[0.9262, 0.0000, 0.0000, 0.0000, 0.0000, 0.0000]])
tensor([[0.3685, 1.0000, 0.0000, 0.0000, 0.0000, 0.0000]])
tensor([[0.7794, 1.0000, 0.0000, 0.0000, 1.0000, 0.0000]])
tensor([[-0.8925,  1.0000,  0.0000,  0.0000,  0.0000,  0.0000]])
tensor([[0.9343, 1.0000, 0.0000, 0.0000, 0.0000, 0.0000]])
tensor([[0.8867, 1.0000, 0.0000, 0.0000, 0.0000, 0.0000]])
tensor([[0.8565, 1.0000, 0.0000, 0.0000, 0.0000, 0.0000]])
tensor([[0.9142, 1.0000, 0.0000, 0.0000, 0.0000, 0.0000]])
tensor([[0.5790, 1.0000, 0.0000, 0.0000, 0.0000, 0.0000]])
tensor([[0.2635, 1.0000, 0.0000, 0.0000, 0.0000, 0.0000]])
tensor([[-0.9606,  1.0000,  0.0000,  0.0000,  0.0000,  0.0000]])
tensor([[-0.9812,  1.0000,  0.0000,  0.0000,  0.0000,  0.0000]])
tensor([[-0.6296,  1.0000,  0.0000,  0.0000,  0.0000,  0.0000]])
tensor([[-0.2094,  1.0000,  0.0000,  0.0000,  0.0000,  0.0000]])
tensor([[-0.7887,  1.0000,  0.0000,  0.0000,  0.0000,  0.0000]])
tensor([[0.6104, 1.0000, 0.0000, 0.0000, 0.0000, 0.0000]])
tensor([[-0.2649,  1.0000,  1.0000,  0.0000,  0.0000,  0.0000]])
tensor([[-0.6579,  1.0000,  0.0000,  0.0000,  0.0000,  0.0000]])
tensor([[0.5130, 1.0000, 0.0000, 0.0000, 0.0000, 0.0000]])
tensor([[-0.2456,  1.0000,  0.0000,  0.0000,  0.0000,  0.0000]])
tensor([[-0.8019,  1.0000,  0.0000,  1.0000,  1.0000,  0.0000]])
tensor([[0.9116, 1.0000, 0.0000, 0.0000, 1.0000, 0.0000]])
tensor([[-0.9195,  0.0000,  0.0000,  0.0000,  0.0000,  0.0000]])
tensor([[-0.1729,  1.0000,  0.0000,  0.0000,  0.0000,  0.0000]])
tensor([[0.6796, 1.0000, 0.0000, 0.0000, 0.0000, 0.0000]])
tensor([[0.4277, 1.0000, 0.0000, 0.0000, 0.0000, 0.0000]])
tensor([[0.4987, 1.0000, 0.0000, 0.0000, 0.0000, 0.0000]])
tensor([[0.2634, 1.0000, 0.0000, 0.0000, 0.0000, 0.0000]])
tensor([[-0.0669,  1.0000,  0.0000,  0.0000,  0.0000,  0.0000]])
tensor([[0.7298, 1.0000, 0.0000, 0.0000, 0.0000, 0.0000]])
tensor([[0.6382, 1.0000, 0.0000, 0.0000, 0.0000, 0.0000]])
tensor([[7.6187e-04, 1.0000e+00, 0.0000e+00, 0.0000e+00, 0.0000e+00, 0.0000e+00]])
tensor([[0.5666, 1.0000, 0.0000, 0.0000, 0.0000, 0.0000]])
tensor([[0.5031, 1.0000, 0.0000, 0.0000, 0.0000, 0.0000]])
tensor([[0.0468, 1.0000, 0.0000, 0.0000, 0.0000, 0.0000]])
tensor([[0.6550, 1.0000, 0.0000, 0.0000, 0.0000, 0.0000]])
tensor([[-0.1764,  1.0000,  0.0000,  0.0000,  0.0000,  0.0000]])
tensor([[0.5843, 1.0000, 0.0000, 0.0000, 0.0000, 0.0000]])
tensor([[0.2817, 1.0000, 0.0000, 0.0000, 0.0000, 0.0000]])
tensor([[-0.1635,  1.0000,  0.0000,  0.0000,  0.0000,  0.0000]])
tensor([[-0.7808,  1.0000,  0.0000,  0.0000,  0.0000,  0.0000]])
tensor([[-0.7778,  1.0000,  0.0000,  0.0000,  0.0000,  0.0000]])
tensor([[-0.9365,  1.0000,  0.0000,  0.0000,  0.0000,  0.0000]])
tensor([[-0.8615,  1.0000,  0.0000,  0.0000,  0.0000,  0.0000]])
tensor([[-0.9607,  1.0000,  0.0000,  0.0000,  0.0000,  0.0000]])
tensor([[-0.5756,  1.0000,  0.0000,  0.0000,  0.0000,  0.0000]])
tensor([[-0.6347,  1.0000,  0.0000,  0.0000,  0.0000,  0.0000]])
tensor([[-0.5413,  1.0000,  0.0000,  0.0000,  0.0000,  0.0000]])
tensor([[-0.1711,  1.0000,  0.0000,  0.0000,  0.0000,  0.0000]])
tensor([[-0.2511,  1.0000,  0.0000,  0.0000,  0.0000,  0.0000]])
tensor([[0.3837, 1.0000, 0.0000, 0.0000, 0.0000, 0.0000]])
tensor([[-0.3682,  1.0000,  0.0000,  0.0000,  0.0000,  0.0000]])
tensor([[0.4498, 1.0000, 0.0000, 0.0000, 0.0000, 0.0000]])
tensor([[-0.1545,  1.0000,  0.0000,  0.0000,  0.0000,  0.0000]])
tensor([[0.3388, 1.0000, 0.0000, 0.0000, 0.0000, 0.0000]])
tensor([[0.5317, 1.0000, 0.0000, 0.0000, 0.0000, 0.0000]])
tensor([[0.6419, 1.0000, 1.0000, 0.0000, 0.0000, 0.0000]])
tensor([[0.6462, 1.0000, 0.0000, 0.0000, 0.0000, 0.0000]])
tensor([[0.5791, 1.0000, 0.0000, 0.0000, 0.0000, 0.0000]])
tensor([[-0.5694,  1.0000,  0.0000,  0.0000,  0.0000,  0.0000]])
tensor([[-0.8561,  1.0000,  0.0000,  0.0000,  0.0000,  0.0000]])
tensor([[-0.8910,  1.0000,  0.0000,  0.0000,  0.0000,  0.0000]])
tensor([[-0.8311,  1.0000,  0.0000,  0.0000,  0.0000,  0.0000]])
tensor([[-0.9899,  1.0000,  0.0000,  0.0000,  0.0000,  0.0000]])
tensor([[-0.4743,  1.0000,  0.0000,  0.0000,  0.0000,  0.0000]])
tensor([[-0.7404,  1.0000,  0.0000,  0.0000,  0.0000,  0.0000]])
tensor([[-0.8159,  1.0000,  0.0000,  0.0000,  0.0000,  0.0000]])
tensor([[-0.6612,  1.0000,  0.0000,  0.0000,  0.0000,  0.0000]])
tensor([[-0.3522,  1.0000,  1.0000,  0.0000,  0.0000,  0.0000]])
tensor([[0.1369, 1.0000, 0.0000, 0.0000, 0.0000, 0.0000]])
tensor([[0.7805, 1.0000, 0.0000, 0.0000, 0.0000, 0.0000]])
tensor([[0.2260, 1.0000, 0.0000, 0.0000, 0.0000, 0.0000]])
tensor([[0.1986, 1.0000, 0.0000, 0.0000, 0.0000, 0.0000]])
tensor([[0.4897, 0.0000, 0.0000, 0.0000, 0.0000, 0.0000]])
tensor([[-0.6723,  1.0000,  0.0000,  0.0000,  0.0000,  0.0000]])
tensor([[-0.7725,  1.0000,  0.0000,  0.0000,  0.0000,  0.0000]])
tensor([[-0.9740,  1.0000,  0.0000,  0.0000,  0.0000,  0.0000]])
tensor([[-0.9749,  1.0000,  0.0000,  0.0000,  0.0000,  0.0000]])
tensor([[-0.8546,  1.0000,  0.0000,  0.0000,  0.0000,  0.0000]])
tensor([[-0.9926,  1.0000,  0.0000,  0.0000,  0.0000,  0.0000]])
tensor([[-0.9594,  1.0000,  0.0000,  0.0000,  0.0000,  0.0000]])
tensor([[-0.7468,  1.0000,  0.0000,  0.0000,  0.0000,  0.0000]])
tensor([[-0.5719,  1.0000,  0.0000,  0.0000,  0.0000,  0.0000]])
tensor([[-0.8754,  1.0000,  0.0000,  0.0000,  0.0000,  0.0000]])
tensor([[-0.2551,  1.0000,  0.0000,  0.0000,  0.0000,  0.0000]])
tensor([[-0.5201,  1.0000,  0.0000,  0.0000,  0.0000,  0.0000]])
tensor([[-0.1513,  1.0000,  0.0000,  0.0000,  0.0000,  0.0000]])
tensor([[-0.6684,  1.0000,  0.0000,  0.0000,  0.0000,  0.0000]])
tensor([[0.1016, 1.0000, 0.0000, 0.0000, 0.0000, 0.0000]])
tensor([[0.3769, 1.0000, 0.0000, 0.0000, 0.0000, 0.0000]])
tensor([[-0.8542,  1.0000,  0.0000,  0.0000,  0.0000,  0.0000]])
tensor([[-0.0722,  1.0000,  0.0000,  0.0000,  0.0000,  0.0000]])
tensor([[-0.9023,  1.0000,  0.0000,  0.0000,  0.0000,  0.0000]])
tensor([[-0.9196,  1.0000,  0.0000,  0.0000,  0.0000,  0.0000]])
tensor([[-0.7278,  1.0000,  1.0000,  0.0000,  0.0000,  0.0000]])
tensor([[0.2365, 1.0000, 0.0000, 0.0000, 0.0000, 0.0000]])
tensor([[-0.7182,  1.0000,  0.0000,  0.0000,  0.0000,  0.0000]])
tensor([[-0.6727,  1.0000,  0.0000,  0.0000,  0.0000,  0.0000]])
tensor([[-0.5758,  1.0000,  0.0000,  0.0000,  0.0000,  0.0000]])
tensor([[0.2006, 1.0000, 0.0000, 0.0000, 0.0000, 0.0000]])
tensor([[-0.1065,  1.0000,  0.0000,  0.0000,  0.0000,  0.0000]])
tensor([[-0.9179,  1.0000,  0.0000,  0.0000,  0.0000,  0.0000]])
tensor([[-0.5834,  1.0000,  0.0000,  0.0000,  0.0000,  0.0000]])
tensor([[-0.7009,  1.0000,  0.0000,  0.0000,  0.0000,  0.0000]])
tensor([[-0.0336,  1.0000,  0.0000,  0.0000,  0.0000,  0.0000]])
tensor([[0.7142, 1.0000, 0.0000, 0.0000, 0.0000, 0.0000]])
tensor([[0.3150, 1.0000, 0.0000, 0.0000, 0.0000, 0.0000]])
tensor([[-0.8615,  1.0000,  0.0000,  1.0000,  0.0000,  0.0000]])
tensor([[-0.6549,  1.0000,  0.0000,  0.0000,  0.0000,  0.0000]])
tensor([[-0.6958,  1.0000,  0.0000,  0.0000,  0.0000,  0.0000]])
tensor([[-0.7532,  1.0000,  0.0000,  0.0000,  0.0000,  0.0000]])
tensor([[-0.1838,  1.0000,  0.0000,  0.0000,  0.0000,  0.0000]])
tensor([[-0.5158,  1.0000,  0.0000,  0.0000,  0.0000,  0.0000]])
tensor([[0.7715, 1.0000, 0.0000, 0.0000, 0.0000, 0.0000]])
tensor([[0.6712, 1.0000, 0.0000, 0.0000, 0.0000, 0.0000]])
tensor([[0.7681, 1.0000, 0.0000, 0.0000, 0.0000, 0.0000]])
tensor([[0.8983, 1.0000, 0.0000, 0.0000, 0.0000, 0.0000]])
tensor([[0.9142, 1.0000, 1.0000, 0.0000, 0.0000, 0.0000]])
tensor([[0.6954, 1.0000, 0.0000, 0.0000, 0.0000, 0.0000]])
tensor([[0.8554, 1.0000, 0.0000, 0.0000, 0.0000, 0.0000]])
tensor([[0.9310, 1.0000, 0.0000, 0.0000, 0.0000, 0.0000]])
tensor([[0.9858, 1.0000, 0.0000, 0.0000, 0.0000, 0.0000]])
tensor([[0.9155, 1.0000, 0.0000, 0.0000, 0.0000, 0.0000]])
tensor([[0.9864, 1.0000, 0.0000, 0.0000, 0.0000, 0.0000]])
tensor([[0.8848, 1.0000, 0.0000, 0.0000, 0.0000, 0.0000]])
tensor([[0.9694, 1.0000, 0.0000, 0.0000, 0.0000, 0.0000]])
tensor([[0.2398, 1.0000, 0.0000, 0.0000, 0.0000, 0.0000]])
tensor([[-0.8043,  1.0000,  0.0000,  1.0000,  0.0000,  0.0000]])
tensor([[-0.4900,  1.0000,  1.0000,  0.0000,  0.0000,  0.0000]])
tensor([[-0.9131,  1.0000,  0.0000,  0.0000,  0.0000,  0.0000]])
tensor([[0.2638, 1.0000, 0.0000, 0.0000, 0.0000, 0.0000]])
tensor([[0.4363, 1.0000, 0.0000, 0.0000, 0.0000, 0.0000]])
tensor([[0.8100, 1.0000, 0.0000, 0.0000, 0.0000, 0.0000]])
tensor([[0.5126, 1.0000, 0.0000, 0.0000, 0.0000, 0.0000]])
tensor([[0.4594, 1.0000, 0.0000, 0.0000, 0.0000, 0.0000]])
tensor([[0.6858, 1.0000, 0.0000, 0.0000, 0.0000, 0.0000]])
tensor([[0.3050, 1.0000, 0.0000, 0.0000, 0.0000, 0.0000]])
tensor([[0.7399, 1.0000, 0.0000, 0.0000, 0.0000, 0.0000]])
tensor([[0.5581, 1.0000, 0.0000, 0.0000, 0.0000, 0.0000]])
tensor([[0.8868, 1.0000, 0.0000, 0.0000, 0.0000, 0.0000]])
tensor([[0.7573, 1.0000, 0.0000, 0.0000, 0.0000, 0.0000]])
tensor([[-0.4499,  1.0000,  0.0000,  0.0000,  0.0000,  0.0000]])
tensor([[-0.7372,  1.0000,  0.0000,  1.0000,  0.0000,  0.0000]])
tensor([[-0.3790,  1.0000,  0.0000,  0.0000,  0.0000,  0.0000]])
tensor([[-0.3954,  1.0000,  0.0000,  0.0000,  0.0000,  0.0000]])
tensor([[-0.5864,  1.0000,  0.0000,  0.0000,  0.0000,  0.0000]])
tensor([[0.6690, 0.0000, 0.0000, 0.0000, 0.0000, 0.0000]])
tensor([[-0.0525,  1.0000,  0.0000,  0.0000,  0.0000,  0.0000]])
tensor([[0.0719, 1.0000, 0.0000, 0.0000, 0.0000, 0.0000]])
tensor([[0.4768, 1.0000, 0.0000, 0.0000, 0.0000, 0.0000]])
tensor([[0.0181, 1.0000, 0.0000, 0.0000, 0.0000, 0.0000]])
tensor([[-0.2784,  1.0000,  0.0000,  0.0000,  0.0000,  0.0000]])
tensor([[-0.5128,  1.0000,  0.0000,  0.0000,  0.0000,  0.0000]])
tensor([[-0.0063,  1.0000,  0.0000,  0.0000,  0.0000,  0.0000]])
tensor([[0.5927, 1.0000, 0.0000, 0.0000, 0.0000, 0.0000]])
tensor([[0.7442, 1.0000, 0.0000, 0.0000, 0.0000, 0.0000]])
tensor([[0.5219, 1.0000, 0.0000, 0.0000, 0.0000, 0.0000]])
tensor([[0.1372, 1.0000, 0.0000, 0.0000, 0.0000, 0.0000]])
tensor([[-0.1835,  1.0000,  0.0000,  0.0000,  0.0000,  0.0000]])
tensor([[-0.8351,  1.0000,  0.0000,  0.0000,  0.0000,  0.0000]])
tensor([[0.0200, 1.0000, 1.0000, 0.0000, 0.0000, 0.0000]])
tensor([[0.2861, 1.0000, 0.0000, 0.0000, 0.0000, 0.0000]])
tensor([[-0.2153,  1.0000,  0.0000,  0.0000,  0.0000,  0.0000]])
tensor([[-0.0652,  1.0000,  0.0000,  1.0000,  0.0000,  0.0000]])
tensor([[-0.2376,  1.0000,  0.0000,  0.0000,  0.0000,  0.0000]])
tensor([[-0.8148,  1.0000,  0.0000,  0.0000,  0.0000,  0.0000]])
tensor([[0.0457, 1.0000, 0.0000, 0.0000, 0.0000, 0.0000]])
tensor([[-0.9684,  1.0000,  0.0000,  0.0000,  0.0000,  0.0000]])
tensor([[0.9625, 1.0000, 0.0000, 0.0000, 0.0000, 0.0000]])
tensor([[0.0430, 1.0000, 0.0000, 0.0000, 0.0000, 0.0000]])
tensor([[0.5948, 1.0000, 0.0000, 0.0000, 0.0000, 0.0000]])
tensor([[0.9682, 1.0000, 0.0000, 0.0000, 1.0000, 0.0000]])
tensor([[-0.4631,  1.0000,  0.0000,  0.0000,  0.0000,  0.0000]])
tensor([[-0.7942,  1.0000,  0.0000,  0.0000,  0.0000,  0.0000]])
tensor([[0.5804, 1.0000, 0.0000, 0.0000, 0.0000, 0.0000]])
tensor([[0.8179, 1.0000, 0.0000, 0.0000, 0.0000, 0.0000]])
tensor([[0.6749, 1.0000, 0.0000, 0.0000, 0.0000, 0.0000]])
tensor([[0.6720, 1.0000, 0.0000, 0.0000, 0.0000, 0.0000]])
tensor([[0.0714, 1.0000, 0.0000, 0.0000, 0.0000, 0.0000]])
tensor([[0.2058, 1.0000, 0.0000, 0.0000, 0.0000, 0.0000]])
tensor([[-0.1179,  1.0000,  0.0000,  0.0000,  0.0000,  0.0000]])
tensor([[-0.8461,  1.0000,  0.0000,  0.0000,  0.0000,  0.0000]])
tensor([[-0.8558,  1.0000,  0.0000,  0.0000,  0.0000,  0.0000]])
tensor([[-0.9482,  1.0000,  0.0000,  0.0000,  0.0000,  0.0000]])
tensor([[-0.9914,  1.0000,  0.0000,  0.0000,  0.0000,  0.0000]])
tensor([[-0.9788,  1.0000,  0.0000,  0.0000,  0.0000,  0.0000]])
tensor([[-0.8127,  1.0000,  0.0000,  0.0000,  0.0000,  0.0000]])
tensor([[-0.7665,  1.0000,  0.0000,  0.0000,  0.0000,  0.0000]])
tensor([[-0.9918,  1.0000,  0.0000,  1.0000,  0.0000,  0.0000]])
tensor([[-0.9038,  0.0000,  0.0000,  0.0000,  0.0000,  0.0000]])
tensor([[-0.6748,  1.0000,  0.0000,  0.0000,  0.0000,  0.0000]])
tensor([[-0.1349,  1.0000,  0.0000,  0.0000,  0.0000,  0.0000]])
tensor([[-0.7505,  0.0000,  0.0000,  1.0000,  0.0000,  0.0000]])
tensor([[0.6848, 1.0000, 0.0000, 0.0000, 0.0000, 0.0000]])
tensor([[0.1574, 1.0000, 0.0000, 1.0000, 0.0000, 0.0000]])
tensor([[0.0994, 1.0000, 0.0000, 0.0000, 0.0000, 0.0000]])
tensor([[-0.0228,  1.0000,  0.0000,  0.0000,  0.0000,  0.0000]])
tensor([[0.2239, 1.0000, 0.0000, 0.0000, 0.0000, 0.0000]])
tensor([[0.3579, 0.0000, 0.0000, 0.0000, 0.0000, 0.0000]])
tensor([[0.5218, 1.0000, 0.0000, 0.0000, 0.0000, 0.0000]])
tensor([[-0.1877,  1.0000,  0.0000,  0.0000,  0.0000,  0.0000]])
tensor([[-0.4286,  1.0000,  0.0000,  0.0000,  0.0000,  0.0000]])
tensor([[0.7188, 1.0000, 1.0000, 0.0000, 0.0000, 0.0000]])
tensor([[0.4956, 1.0000, 0.0000, 0.0000, 0.0000, 0.0000]])
tensor([[0.0526, 1.0000, 0.0000, 0.0000, 0.0000, 0.0000]])
tensor([[0.3338, 1.0000, 0.0000, 0.0000, 0.0000, 0.0000]])
tensor([[0.2992, 1.0000, 0.0000, 0.0000, 0.0000, 0.0000]])
tensor([[0.0429, 1.0000, 1.0000, 0.0000, 0.0000, 0.0000]])
tensor([[0.2363, 1.0000, 0.0000, 0.0000, 0.0000, 0.0000]])
tensor([[0.0573, 0.0000, 0.0000, 0.0000, 0.0000, 0.0000]])
tensor([[0.7482, 1.0000, 0.0000, 0.0000, 0.0000, 0.0000]])
tensor([[0.4797, 1.0000, 0.0000, 0.0000, 0.0000, 0.0000]])
tensor([[-0.1831,  1.0000,  0.0000,  0.0000,  0.0000,  0.0000]])
tensor([[-0.5311,  1.0000,  0.0000,  0.0000,  0.0000,  0.0000]])
tensor([[-0.8535,  1.0000,  0.0000,  1.0000,  0.0000,  0.0000]])
tensor([[-0.8904,  1.0000,  0.0000,  1.0000,  0.0000,  0.0000]])
tensor([[-0.8413,  1.0000,  0.0000,  1.0000,  0.0000,  0.0000]])
tensor([[-0.9450,  1.0000,  0.0000,  0.0000,  0.0000,  0.0000]])
tensor([[-0.8361,  1.0000,  0.0000,  0.0000,  0.0000,  0.0000]])
tensor([[-0.9415,  1.0000,  0.0000,  0.0000,  0.0000,  0.0000]])
tensor([[-0.7835,  1.0000,  0.0000,  0.0000,  0.0000,  0.0000]])
tensor([[0.1676, 1.0000, 0.0000, 0.0000, 0.0000, 0.0000]])
tensor([[-0.3442,  1.0000,  0.0000,  0.0000,  0.0000,  0.0000]])
tensor([[-0.7372,  1.0000,  0.0000,  1.0000,  0.0000,  0.0000]])
tensor([[0.3217, 1.0000, 0.0000, 1.0000, 0.0000, 0.0000]])
tensor([[0.4725, 1.0000, 0.0000, 0.0000, 0.0000, 0.0000]])
tensor([[0.4444, 1.0000, 0.0000, 0.0000, 0.0000, 0.0000]])
tensor([[-0.0637,  1.0000,  0.0000,  1.0000,  0.0000,  0.0000]])
tensor([[0.9271, 0.0000, 0.0000, 0.0000, 0.0000, 0.0000]])
tensor([[0.8407, 1.0000, 0.0000, 0.0000, 0.0000, 0.0000]])
tensor([[-0.4880,  1.0000,  0.0000,  1.0000,  0.0000,  0.0000]])
tensor([[0.9308, 1.0000, 0.0000, 0.0000, 0.0000, 0.0000]])
tensor([[-0.9037,  1.0000,  0.0000,  0.0000,  0.0000,  0.0000]])
tensor([[0.6620, 1.0000, 0.0000, 0.0000, 0.0000, 0.0000]])
tensor([[0.9650, 1.0000, 0.0000, 0.0000, 0.0000, 0.0000]])
tensor([[-0.1743,  0.0000,  0.0000,  0.0000,  0.0000,  0.0000]])
tensor([[0.5395, 1.0000, 0.0000, 0.0000, 0.0000, 0.0000]])
tensor([[-0.4640,  1.0000,  0.0000,  0.0000,  0.0000,  0.0000]])
tensor([[0.3445, 1.0000, 0.0000, 0.0000, 0.0000, 0.0000]])
tensor([[-0.8490,  0.0000,  0.0000,  0.0000,  0.0000,  0.0000]])
tensor([[-0.9144,  1.0000,  0.0000,  0.0000,  0.0000,  0.0000]])
tensor([[-0.8691,  1.0000,  0.0000,  0.0000,  0.0000,  0.0000]])
tensor([[-0.9483,  1.0000,  0.0000,  1.0000,  0.0000,  0.0000]])
tensor([[-0.5118,  1.0000,  0.0000,  0.0000,  0.0000,  0.0000]])
tensor([[0.1315, 1.0000, 0.0000, 0.0000, 0.0000, 0.0000]])
tensor([[-0.0883,  0.0000,  0.0000,  0.0000,  0.0000,  0.0000]])
tensor([[-0.5890,  1.0000,  0.0000,  0.0000,  0.0000,  0.0000]])
tensor([[-0.1570,  1.0000,  0.0000,  0.0000,  0.0000,  0.0000]])
tensor([[-0.1558,  1.0000,  0.0000,  0.0000,  0.0000,  0.0000]])
tensor([[-0.2199,  1.0000,  0.0000,  0.0000,  0.0000,  0.0000]])
tensor([[-0.8806,  1.0000,  0.0000,  0.0000,  0.0000,  0.0000]])
tensor([[-0.6721,  1.0000,  0.0000,  0.0000,  0.0000,  0.0000]])
tensor([[-0.9161,  1.0000,  0.0000,  0.0000,  0.0000,  0.0000]])
tensor([[-0.0016,  1.0000,  0.0000,  0.0000,  0.0000,  0.0000]])
tensor([[0.2474, 1.0000, 0.0000, 0.0000, 0.0000, 0.0000]])
tensor([[0.8002, 1.0000, 0.0000, 0.0000, 0.0000, 0.0000]])
tensor([[-0.3089,  1.0000,  0.0000,  0.0000,  0.0000,  0.0000]])
tensor([[0.6143, 1.0000, 0.0000, 0.0000, 0.0000, 0.0000]])
tensor([[-0.7025,  1.0000,  0.0000,  1.0000,  0.0000,  0.0000]])
tensor([[0.7568, 1.0000, 0.0000, 0.0000, 0.0000, 0.0000]])
tensor([[0.8095, 1.0000, 0.0000, 0.0000, 0.0000, 0.0000]])
tensor([[0.9411, 1.0000, 0.0000, 0.0000, 0.0000, 0.0000]])
tensor([[0.5593, 1.0000, 0.0000, 0.0000, 0.0000, 0.0000]])
tensor([[-0.1737,  1.0000,  0.0000,  0.0000,  0.0000,  0.0000]])
tensor([[0.0290, 1.0000, 0.0000, 0.0000, 0.0000, 0.0000]])
tensor([[-0.3416,  1.0000,  0.0000,  0.0000,  0.0000,  0.0000]])
tensor([[-0.4460,  1.0000,  0.0000,  0.0000,  0.0000,  0.0000]])
tensor([[-0.3354,  1.0000,  0.0000,  0.0000,  0.0000,  0.0000]])
tensor([[0.2180, 1.0000, 0.0000, 0.0000, 0.0000, 0.0000]])
tensor([[-0.4934,  1.0000,  0.0000,  0.0000,  0.0000,  0.0000]])
tensor([[-0.8735,  1.0000,  0.0000,  0.0000,  0.0000,  0.0000]])
tensor([[-0.5618,  1.0000,  0.0000,  0.0000,  0.0000,  0.0000]])
tensor([[-0.7331,  1.0000,  0.0000,  0.0000,  0.0000,  0.0000]])
tensor([[0.6090, 1.0000, 0.0000, 0.0000, 0.0000, 0.0000]])
tensor([[-0.4147,  1.0000,  0.0000,  0.0000,  0.0000,  0.0000]])
tensor([[0.1879, 1.0000, 0.0000, 0.0000, 0.0000, 0.0000]])
tensor([[-0.1984,  1.0000,  0.0000,  0.0000,  0.0000,  0.0000]])
tensor([[0.5901, 1.0000, 0.0000, 1.0000, 0.0000, 0.0000]])
tensor([[-0.1206,  1.0000,  0.0000,  0.0000,  0.0000,  0.0000]])
tensor([[0.7534, 1.0000, 0.0000, 0.0000, 0.0000, 0.0000]])
tensor([[-0.5805,  1.0000,  0.0000,  0.0000,  0.0000,  0.0000]])
tensor([[-0.8218,  1.0000,  0.0000,  0.0000,  0.0000,  0.0000]])
tensor([[-0.6709,  1.0000,  0.0000,  0.0000,  0.0000,  0.0000]])
tensor([[-0.9333,  1.0000,  0.0000,  0.0000,  0.0000,  0.0000]])
tensor([[-0.6788,  1.0000,  0.0000,  0.0000,  0.0000,  0.0000]])
tensor([[-0.8884,  1.0000,  0.0000,  0.0000,  1.0000,  0.0000]])
tensor([[-0.6462,  1.0000,  1.0000,  0.0000,  0.0000,  0.0000]])
tensor([[-0.3600,  1.0000,  0.0000,  0.0000,  0.0000,  0.0000]])
tensor([[-0.9587,  1.0000,  0.0000,  0.0000,  0.0000,  0.0000]])
tensor([[-0.5529,  1.0000,  0.0000,  0.0000,  0.0000,  0.0000]])
tensor([[-0.9461,  1.0000,  1.0000,  0.0000,  0.0000,  0.0000]])
tensor([[0.4927, 1.0000, 0.0000, 0.0000, 0.0000, 0.0000]])
tensor([[-0.1952,  1.0000,  0.0000,  0.0000,  0.0000,  0.0000]])
tensor([[-0.3144,  1.0000,  0.0000,  0.0000,  0.0000,  0.0000]])
tensor([[0.4472, 1.0000, 0.0000, 0.0000, 0.0000, 0.0000]])
tensor([[0.9021, 1.0000, 0.0000, 0.0000, 0.0000, 0.0000]])
tensor([[0.3219, 1.0000, 0.0000, 0.0000, 0.0000, 0.0000]])
tensor([[-0.3447,  1.0000,  0.0000,  0.0000,  0.0000,  0.0000]])
tensor([[-0.7292,  1.0000,  0.0000,  0.0000,  0.0000,  0.0000]])
tensor([[-0.7702,  1.0000,  0.0000,  0.0000,  0.0000,  0.0000]])
tensor([[-0.9495,  1.0000,  0.0000,  0.0000,  0.0000,  0.0000]])
tensor([[-0.9033,  1.0000,  0.0000,  0.0000,  0.0000,  0.0000]])
tensor([[-0.3119,  1.0000,  0.0000,  1.0000,  0.0000,  0.0000]])
tensor([[-0.4819,  1.0000,  0.0000,  0.0000,  0.0000,  0.0000]])
tensor([[-0.9747,  1.0000,  0.0000,  0.0000,  0.0000,  0.0000]])
tensor([[-0.9087,  0.0000,  0.0000,  0.0000,  0.0000,  0.0000]])
tensor([[-0.3795,  1.0000,  0.0000,  0.0000,  0.0000,  0.0000]])
tensor([[-0.5472,  1.0000,  0.0000,  0.0000,  0.0000,  0.0000]])
tensor([[-0.6890,  1.0000,  0.0000,  0.0000,  0.0000,  0.0000]])
tensor([[-0.6760,  1.0000,  0.0000,  0.0000,  0.0000,  0.0000]])
tensor([[-0.9555,  1.0000,  0.0000,  0.0000,  0.0000,  0.0000]])
tensor([[0.3699, 1.0000, 0.0000, 0.0000, 0.0000, 0.0000]])
tensor([[0.8736, 1.0000, 0.0000, 1.0000, 0.0000, 0.0000]])
tensor([[-0.3280,  1.0000,  0.0000,  0.0000,  0.0000,  0.0000]])
tensor([[0.5438, 1.0000, 0.0000, 0.0000, 0.0000, 0.0000]])
tensor([[0.9337, 1.0000, 0.0000, 0.0000, 0.0000, 0.0000]])
tensor([[0.8784, 1.0000, 0.0000, 0.0000, 0.0000, 0.0000]])
tensor([[0.8455, 1.0000, 0.0000, 0.0000, 0.0000, 0.0000]])
tensor([[0.9497, 1.0000, 0.0000, 0.0000, 0.0000, 0.0000]])
tensor([[0.6728, 1.0000, 0.0000, 0.0000, 0.0000, 0.0000]])
tensor([[0.0556, 1.0000, 0.0000, 0.0000, 0.0000, 0.0000]])
tensor([[-0.9493,  1.0000,  0.0000,  0.0000,  0.0000,  0.0000]])
tensor([[-0.4745,  1.0000,  0.0000,  1.0000,  0.0000,  0.0000]])
tensor([[-0.5422,  1.0000,  1.0000,  1.0000,  0.0000,  0.0000]])
tensor([[-0.8045,  1.0000,  0.0000,  0.0000,  0.0000,  0.0000]])
tensor([[-0.9848,  1.0000,  0.0000,  0.0000,  0.0000,  0.0000]])
tensor([[0.0075, 1.0000, 0.0000, 0.0000, 0.0000, 0.0000]])
tensor([[-0.9769,  1.0000,  0.0000,  0.0000,  0.0000,  0.0000]])
tensor([[-0.9085,  0.0000,  0.0000,  0.0000,  0.0000,  0.0000]])
tensor([[-0.0278,  1.0000,  0.0000,  0.0000,  0.0000,  0.0000]])
tensor([[-0.8269,  1.0000,  0.0000,  0.0000,  0.0000,  0.0000]])
tensor([[-0.9029,  1.0000,  0.0000,  0.0000,  0.0000,  0.0000]])
tensor([[-0.9300,  1.0000,  1.0000,  0.0000,  0.0000,  0.0000]])
tensor([[-0.5062,  1.0000,  0.0000,  0.0000,  0.0000,  0.0000]])
tensor([[-0.9316,  0.0000,  1.0000,  0.0000,  0.0000,  0.0000]])
tensor([[0.8500, 1.0000, 0.0000, 0.0000, 0.0000, 0.0000]])
tensor([[3.0574e-04, 1.0000e+00, 0.0000e+00, 0.0000e+00, 0.0000e+00, 0.0000e+00]])
tensor([[-0.3907,  1.0000,  0.0000,  0.0000,  0.0000,  0.0000]])
tensor([[-0.0904,  1.0000,  0.0000,  0.0000,  0.0000,  0.0000]])
tensor([[-0.4782,  1.0000,  0.0000,  0.0000,  0.0000,  0.0000]])
tensor([[0.4296, 1.0000, 0.0000, 0.0000, 0.0000, 0.0000]])
tensor([[-0.1801,  1.0000,  0.0000,  0.0000,  0.0000,  0.0000]])
tensor([[0.2549, 1.0000, 0.0000, 0.0000, 0.0000, 0.0000]])
tensor([[-7.1403e-04,  1.0000e+00,  0.0000e+00,  0.0000e+00,  0.0000e+00,
          0.0000e+00]])
tensor([[-0.1831,  1.0000,  0.0000,  0.0000,  0.0000,  0.0000]])
tensor([[0.4703, 1.0000, 0.0000, 0.0000, 0.0000, 0.0000]])
tensor([[0.1965, 1.0000, 0.0000, 0.0000, 0.0000, 0.0000]])
tensor([[0.4220, 1.0000, 0.0000, 0.0000, 0.0000, 0.0000]])
tensor([[0.8371, 1.0000, 0.0000, 0.0000, 0.0000, 0.0000]])
tensor([[0.9886, 1.0000, 0.0000, 1.0000, 0.0000, 0.0000]])
tensor([[0.2847, 1.0000, 0.0000, 0.0000, 0.0000, 0.0000]])
tensor([[0.8062, 1.0000, 0.0000, 0.0000, 0.0000, 0.0000]])
tensor([[-0.5943,  1.0000,  0.0000,  0.0000,  0.0000,  0.0000]])
tensor([[-0.2040,  1.0000,  0.0000,  0.0000,  0.0000,  0.0000]])
tensor([[0.3146, 1.0000, 0.0000, 0.0000, 0.0000, 0.0000]])
tensor([[0.9070, 1.0000, 0.0000, 0.0000, 0.0000, 0.0000]])
tensor([[0.8820, 1.0000, 0.0000, 0.0000, 0.0000, 0.0000]])
tensor([[0.2474, 1.0000, 0.0000, 0.0000, 0.0000, 0.0000]])
tensor([[-0.0770,  1.0000,  0.0000,  0.0000,  0.0000,  0.0000]])
tensor([[-0.5859,  1.0000,  0.0000,  0.0000,  0.0000,  0.0000]])
tensor([[-0.0824,  1.0000,  0.0000,  0.0000,  0.0000,  0.0000]])
tensor([[0.6078, 1.0000, 0.0000, 0.0000, 0.0000, 0.0000]])
tensor([[0.8226, 1.0000, 0.0000, 0.0000, 0.0000, 0.0000]])
tensor([[-0.5734,  1.0000,  0.0000,  0.0000,  1.0000,  0.0000]])
tensor([[-0.0139,  1.0000,  0.0000,  0.0000,  0.0000,  0.0000]])
tensor([[0.7784, 1.0000, 0.0000, 0.0000, 0.0000, 0.0000]])
tensor([[0.8876, 1.0000, 0.0000, 0.0000, 0.0000, 0.0000]])
tensor([[0.9421, 1.0000, 0.0000, 0.0000, 0.0000, 0.0000]])
tensor([[-0.4314,  1.0000,  0.0000,  0.0000,  0.0000,  0.0000]])
tensor([[0.5863, 1.0000, 0.0000, 0.0000, 0.0000, 0.0000]])
tensor([[-0.9911,  1.0000,  0.0000,  0.0000,  0.0000,  0.0000]])
tensor([[-0.4962,  1.0000,  0.0000,  1.0000,  0.0000,  0.0000]])
tensor([[-0.4361,  1.0000,  0.0000,  0.0000,  0.0000,  0.0000]])
tensor([[0.9556, 1.0000, 0.0000, 0.0000, 0.0000, 0.0000]])
tensor([[-0.0834,  1.0000,  0.0000,  0.0000,  0.0000,  0.0000]])
tensor([[0.7549, 1.0000, 1.0000, 0.0000, 0.0000, 0.0000]])
tensor([[0.1967, 1.0000, 0.0000, 0.0000, 0.0000, 0.0000]])
tensor([[-0.4966,  1.0000,  0.0000,  1.0000,  0.0000,  0.0000]])
tensor([[0.7860, 1.0000, 0.0000, 0.0000, 0.0000, 0.0000]])
tensor([[-0.2983,  1.0000,  0.0000,  0.0000,  0.0000,  0.0000]])
tensor([[0.7300, 1.0000, 0.0000, 0.0000, 0.0000, 0.0000]])
tensor([[-0.7197,  1.0000,  0.0000,  0.0000,  0.0000,  0.0000]])
tensor([[-0.7849,  1.0000,  0.0000,  1.0000,  0.0000,  0.0000]])
tensor([[-0.7484,  1.0000,  0.0000,  0.0000,  0.0000,  0.0000]])
tensor([[0.2339, 1.0000, 0.0000, 0.0000, 0.0000, 0.0000]])
tensor([[-0.4482,  1.0000,  0.0000,  0.0000,  0.0000,  0.0000]])
tensor([[0.8326, 1.0000, 0.0000, 0.0000, 0.0000, 0.0000]])
tensor([[-0.3698,  1.0000,  0.0000,  0.0000,  0.0000,  0.0000]])
tensor([[0.8164, 1.0000, 0.0000, 0.0000, 0.0000, 0.0000]])
tensor([[-0.3808,  1.0000,  0.0000,  0.0000,  0.0000,  0.0000]])
tensor([[0.9069, 1.0000, 1.0000, 1.0000, 0.0000, 0.0000]])
tensor([[0.1494, 1.0000, 0.0000, 0.0000, 0.0000, 0.0000]])
tensor([[0.2027, 1.0000, 1.0000, 0.0000, 0.0000, 0.0000]])
tensor([[0.9555, 1.0000, 0.0000, 0.0000, 0.0000, 0.0000]])
tensor([[0.8842, 1.0000, 0.0000, 0.0000, 0.0000, 0.0000]])
tensor([[-0.6874,  1.0000,  0.0000,  0.0000,  0.0000,  0.0000]])
tensor([[-0.7608,  1.0000,  0.0000,  0.0000,  0.0000,  0.0000]])
tensor([[-0.6739,  1.0000,  1.0000,  0.0000,  0.0000,  0.0000]])
tensor([[0.9322, 1.0000, 0.0000, 0.0000, 0.0000, 0.0000]])
tensor([[-0.9063,  1.0000,  0.0000,  0.0000,  0.0000,  0.0000]])
tensor([[-0.2471,  1.0000,  0.0000,  0.0000,  0.0000,  0.0000]])
tensor([[0.9487, 1.0000, 0.0000, 0.0000, 0.0000, 0.0000]])
tensor([[0.7027, 1.0000, 0.0000, 0.0000, 0.0000, 0.0000]])
tensor([[0.1303, 1.0000, 0.0000, 0.0000, 0.0000, 0.0000]])
tensor([[0.6407, 1.0000, 0.0000, 0.0000, 0.0000, 0.0000]])
tensor([[0.7419, 1.0000, 0.0000, 0.0000, 0.0000, 0.0000]])
tensor([[0.4840, 1.0000, 0.0000, 0.0000, 0.0000, 0.0000]])
tensor([[0.0829, 1.0000, 0.0000, 0.0000, 0.0000, 0.0000]])
tensor([[0.8457, 1.0000, 0.0000, 0.0000, 0.0000, 0.0000]])
tensor([[0.8053, 1.0000, 0.0000, 0.0000, 0.0000, 0.0000]])
tensor([[0.0071, 1.0000, 0.0000, 0.0000, 0.0000, 0.0000]])
tensor([[0.6921, 1.0000, 0.0000, 0.0000, 0.0000, 0.0000]])
tensor([[-0.5519,  1.0000,  0.0000,  0.0000,  0.0000,  0.0000]])
tensor([[0.2366, 1.0000, 0.0000, 0.0000, 0.0000, 0.0000]])
tensor([[0.3729, 1.0000, 0.0000, 0.0000, 0.0000, 0.0000]])
tensor([[-0.8470,  1.0000,  0.0000,  0.0000,  0.0000,  0.0000]])
tensor([[0.8558, 1.0000, 0.0000, 0.0000, 0.0000, 0.0000]])
tensor([[-0.2533,  1.0000,  0.0000,  0.0000,  0.0000,  0.0000]])
tensor([[-0.9659,  1.0000,  0.0000,  1.0000,  0.0000,  0.0000]])
tensor([[0.8141, 1.0000, 0.0000, 0.0000, 0.0000, 0.0000]])
tensor([[0.9800, 1.0000, 0.0000, 0.0000, 0.0000, 0.0000]])
tensor([[0.7942, 1.0000, 0.0000, 0.0000, 0.0000, 0.0000]])
tensor([[0.6423, 1.0000, 0.0000, 0.0000, 0.0000, 0.0000]])
tensor([[-0.3506,  1.0000,  0.0000,  0.0000,  0.0000,  0.0000]])
tensor([[-0.2091,  1.0000,  0.0000,  0.0000,  0.0000,  0.0000]])
tensor([[-0.6862,  1.0000,  0.0000,  0.0000,  0.0000,  0.0000]])
tensor([[0.0678, 1.0000, 0.0000, 0.0000, 0.0000, 0.0000]])
tensor([[-0.0460,  1.0000,  0.0000,  0.0000,  0.0000,  0.0000]])
tensor([[0.1692, 1.0000, 0.0000, 0.0000, 0.0000, 0.0000]])
tensor([[0.8736, 1.0000, 0.0000, 0.0000, 0.0000, 0.0000]])
tensor([[0.5684, 1.0000, 0.0000, 1.0000, 0.0000, 0.0000]])
tensor([[0.0409, 1.0000, 0.0000, 0.0000, 0.0000, 0.0000]])
tensor([[0.0078, 1.0000, 0.0000, 0.0000, 0.0000, 0.0000]])
tensor([[-0.4703,  1.0000,  0.0000,  0.0000,  0.0000,  0.0000]])
tensor([[-0.6990,  1.0000,  1.0000,  0.0000,  0.0000,  0.0000]])
tensor([[0.0409, 1.0000, 0.0000, 0.0000, 0.0000, 0.0000]])
tensor([[0.7942, 1.0000, 0.0000, 1.0000, 0.0000, 0.0000]])
tensor([[-0.2531,  1.0000,  0.0000,  0.0000,  0.0000,  0.0000]])
tensor([[0.0976, 1.0000, 0.0000, 0.0000, 0.0000, 0.0000]])
tensor([[0.4547, 1.0000, 0.0000, 0.0000, 0.0000, 0.0000]])
tensor([[0.7692, 1.0000, 0.0000, 0.0000, 0.0000, 0.0000]])
tensor([[-0.1654,  1.0000,  0.0000,  0.0000,  0.0000,  0.0000]])
tensor([[0.2875, 1.0000, 0.0000, 0.0000, 0.0000, 0.0000]])
tensor([[-0.0417,  1.0000,  0.0000,  0.0000,  0.0000,  0.0000]])
tensor([[0.9868, 1.0000, 0.0000, 0.0000, 0.0000, 0.0000]])
tensor([[0.8881, 1.0000, 0.0000, 0.0000, 0.0000, 0.0000]])
tensor([[0.9563, 1.0000, 0.0000, 0.0000, 0.0000, 0.0000]])
tensor([[0.6526, 1.0000, 0.0000, 0.0000, 0.0000, 0.0000]])
tensor([[-0.0665,  1.0000,  0.0000,  0.0000,  0.0000,  0.0000]])
tensor([[-0.2148,  1.0000,  0.0000,  0.0000,  0.0000,  0.0000]])
tensor([[0.5310, 1.0000, 0.0000, 0.0000, 0.0000, 0.0000]])
tensor([[0.7859, 1.0000, 0.0000, 0.0000, 0.0000, 0.0000]])
tensor([[0.7684, 1.0000, 0.0000, 0.0000, 0.0000, 0.0000]])
tensor([[-0.8265,  1.0000,  0.0000,  0.0000,  0.0000,  0.0000]])
tensor([[0.6720, 1.0000, 0.0000, 0.0000, 0.0000, 0.0000]])
tensor([[0.9129, 1.0000, 1.0000, 0.0000, 0.0000, 0.0000]])
tensor([[0.1755, 1.0000, 0.0000, 0.0000, 0.0000, 0.0000]])
tensor([[0.6111, 1.0000, 0.0000, 0.0000, 0.0000, 0.0000]])
tensor([[0.7268, 1.0000, 1.0000, 0.0000, 0.0000, 0.0000]])
tensor([[-0.8756,  1.0000,  0.0000,  1.0000,  0.0000,  0.0000]])
tensor([[-0.9121,  1.0000,  0.0000,  0.0000,  0.0000,  0.0000]])
tensor([[-0.4448,  1.0000,  0.0000,  0.0000,  0.0000,  0.0000]])
tensor([[0.4817, 1.0000, 0.0000, 0.0000, 0.0000, 0.0000]])
tensor([[-0.4281,  1.0000,  0.0000,  0.0000,  0.0000,  0.0000]])
tensor([[0.4021, 1.0000, 1.0000, 1.0000, 0.0000, 0.0000]])
tensor([[-0.6659,  1.0000,  0.0000,  0.0000,  0.0000,  0.0000]])
tensor([[-0.6089,  1.0000,  0.0000,  0.0000,  0.0000,  0.0000]])
tensor([[0.2439, 1.0000, 0.0000, 0.0000, 0.0000, 0.0000]])
tensor([[0.3568, 1.0000, 0.0000, 0.0000, 0.0000, 0.0000]])
tensor([[0.4339, 1.0000, 0.0000, 0.0000, 0.0000, 0.0000]])
tensor([[0.8916, 1.0000, 0.0000, 0.0000, 0.0000, 0.0000]])
tensor([[0.6789, 1.0000, 0.0000, 1.0000, 0.0000, 0.0000]])
tensor([[0.4407, 1.0000, 0.0000, 0.0000, 0.0000, 0.0000]])
tensor([[0.0793, 1.0000, 0.0000, 0.0000, 0.0000, 0.0000]])
tensor([[-0.0568,  1.0000,  0.0000,  0.0000,  0.0000,  0.0000]])
tensor([[-0.0849,  1.0000,  0.0000,  0.0000,  0.0000,  0.0000]])
tensor([[-0.9604,  1.0000,  1.0000,  0.0000,  0.0000,  0.0000]])
tensor([[-0.9867,  1.0000,  0.0000,  0.0000,  0.0000,  0.0000]])
tensor([[0.4586, 1.0000, 0.0000, 0.0000, 0.0000, 0.0000]])
tensor([[0.4414, 1.0000, 0.0000, 0.0000, 0.0000, 0.0000]])
tensor([[-0.8240,  1.0000,  0.0000,  0.0000,  0.0000,  0.0000]])
tensor([[0.9634, 1.0000, 0.0000, 0.0000, 0.0000, 0.0000]])
tensor([[-0.1005,  1.0000,  0.0000,  0.0000,  0.0000,  0.0000]])
tensor([[-0.3349,  1.0000,  0.0000,  0.0000,  0.0000,  0.0000]])
tensor([[-0.0502,  1.0000,  0.0000,  1.0000,  0.0000,  0.0000]])
tensor([[-0.0302,  1.0000,  0.0000,  0.0000,  0.0000,  0.0000]])
tensor([[0.6587, 1.0000, 0.0000, 0.0000, 0.0000, 0.0000]])
tensor([[0.5579, 1.0000, 1.0000, 0.0000, 0.0000, 0.0000]])
tensor([[0.8132, 1.0000, 0.0000, 0.0000, 0.0000, 0.0000]])
tensor([[0.0233, 1.0000, 0.0000, 0.0000, 0.0000, 0.0000]])
tensor([[-0.6271,  1.0000,  0.0000,  0.0000,  0.0000,  0.0000]])
tensor([[-0.1830,  1.0000,  0.0000,  0.0000,  0.0000,  0.0000]])
tensor([[0.7681, 1.0000, 0.0000, 0.0000, 0.0000, 0.0000]])
tensor([[0.6622, 1.0000, 0.0000, 0.0000, 0.0000, 0.0000]])
tensor([[0.9153, 1.0000, 0.0000, 0.0000, 0.0000, 0.0000]])
tensor([[-0.7599,  1.0000,  0.0000,  0.0000,  0.0000,  0.0000]])
tensor([[0.3668, 1.0000, 0.0000, 0.0000, 0.0000, 0.0000]])
tensor([[0.7436, 1.0000, 0.0000, 0.0000, 0.0000, 0.0000]])
tensor([[-0.3219,  1.0000,  0.0000,  0.0000,  0.0000,  0.0000]])
tensor([[0.8441, 1.0000, 0.0000, 1.0000, 0.0000, 0.0000]])
tensor([[-0.2244,  1.0000,  0.0000,  0.0000,  1.0000,  0.0000]])
tensor([[-0.8847,  1.0000,  0.0000,  0.0000,  0.0000,  0.0000]])
tensor([[-0.8561,  1.0000,  0.0000,  1.0000,  0.0000,  0.0000]])
tensor([[0.9532, 1.0000, 0.0000, 0.0000, 0.0000, 0.0000]])
tensor([[-0.3016,  1.0000,  0.0000,  0.0000,  0.0000,  0.0000]])
tensor([[0.7645, 1.0000, 0.0000, 1.0000, 0.0000, 0.0000]])
tensor([[0.1042, 1.0000, 0.0000, 0.0000, 0.0000, 0.0000]])
tensor([[0.4145, 1.0000, 0.0000, 0.0000, 0.0000, 0.0000]])
tensor([[0.2079, 1.0000, 0.0000, 0.0000, 0.0000, 0.0000]])
tensor([[-0.5783,  1.0000,  0.0000,  0.0000,  0.0000,  0.0000]])
tensor([[-0.0430,  1.0000,  0.0000,  0.0000,  0.0000,  0.0000]])
tensor([[0.7505, 1.0000, 0.0000, 0.0000, 0.0000, 0.0000]])
tensor([[0.3523, 1.0000, 0.0000, 0.0000, 0.0000, 0.0000]])
tensor([[0.4246, 1.0000, 0.0000, 1.0000, 0.0000, 0.0000]])
tensor([[0.7614, 1.0000, 0.0000, 0.0000, 0.0000, 0.0000]])
tensor([[0.3730, 1.0000, 0.0000, 0.0000, 0.0000, 0.0000]])
tensor([[-0.9847,  1.0000,  0.0000,  1.0000,  0.0000,  0.0000]])
tensor([[-0.2366,  1.0000,  0.0000,  0.0000,  0.0000,  0.0000]])
tensor([[-0.8211,  1.0000,  0.0000,  1.0000,  0.0000,  0.0000]])
tensor([[0.7354, 1.0000, 0.0000, 0.0000, 0.0000, 0.0000]])
tensor([[0.7908, 1.0000, 0.0000, 0.0000, 0.0000, 0.0000]])
tensor([[0.8245, 1.0000, 1.0000, 0.0000, 0.0000, 0.0000]])
tensor([[0.4054, 1.0000, 0.0000, 0.0000, 0.0000, 0.0000]])
tensor([[0.4654, 1.0000, 0.0000, 0.0000, 0.0000, 0.0000]])
tensor([[0.0768, 1.0000, 0.0000, 0.0000, 0.0000, 0.0000]])
tensor([[-0.5379,  1.0000,  0.0000,  1.0000,  0.0000,  0.0000]])
tensor([[-0.5785,  1.0000,  0.0000,  0.0000,  0.0000,  0.0000]])
tensor([[-0.6313,  1.0000,  0.0000,  0.0000,  0.0000,  0.0000]])
tensor([[0.0653, 1.0000, 0.0000, 1.0000, 0.0000, 0.0000]])
tensor([[0.4609, 1.0000, 0.0000, 0.0000, 0.0000, 0.0000]])
tensor([[0.0293, 1.0000, 0.0000, 0.0000, 0.0000, 0.0000]])
tensor([[0.7485, 1.0000, 0.0000, 0.0000, 0.0000, 0.0000]])
tensor([[-0.6603,  1.0000,  0.0000,  0.0000,  0.0000,  0.0000]])
tensor([[0.8623, 1.0000, 0.0000, 0.0000, 0.0000, 0.0000]])
tensor([[0.0927, 1.0000, 0.0000, 1.0000, 0.0000, 0.0000]])
tensor([[0.3697, 1.0000, 0.0000, 0.0000, 0.0000, 0.0000]])
tensor([[-0.7741,  1.0000,  0.0000,  0.0000,  0.0000,  0.0000]])
tensor([[0.3628, 1.0000, 0.0000, 0.0000, 0.0000, 0.0000]])
tensor([[0.8490, 1.0000, 0.0000, 0.0000, 0.0000, 0.0000]])
tensor([[0.5238, 1.0000, 0.0000, 0.0000, 0.0000, 0.0000]])
tensor([[-0.7715,  1.0000,  0.0000,  0.0000,  0.0000,  0.0000]])
tensor([[0.7644, 1.0000, 0.0000, 0.0000, 0.0000, 0.0000]])
tensor([[0.4610, 1.0000, 0.0000, 0.0000, 0.0000, 0.0000]])
tensor([[0.9481, 1.0000, 0.0000, 0.0000, 0.0000, 0.0000]])
tensor([[0.7876, 1.0000, 0.0000, 0.0000, 0.0000, 0.0000]])
tensor([[0.6646, 1.0000, 0.0000, 0.0000, 0.0000, 0.0000]])
tensor([[-0.1011,  1.0000,  0.0000,  0.0000,  0.0000,  0.0000]])
tensor([[0.8570, 1.0000, 0.0000, 0.0000, 0.0000, 0.0000]])
tensor([[0.7684, 1.0000, 0.0000, 0.0000, 0.0000, 0.0000]])
tensor([[0.7169, 1.0000, 0.0000, 0.0000, 0.0000, 0.0000]])
tensor([[0.6989, 1.0000, 0.0000, 0.0000, 0.0000, 0.0000]])
tensor([[-0.8021,  1.0000,  1.0000,  0.0000,  0.0000,  0.0000]])
tensor([[0.4460, 1.0000, 0.0000, 0.0000, 0.0000, 0.0000]])
tensor([[0.6862, 1.0000, 0.0000, 0.0000, 0.0000, 0.0000]])
tensor([[-0.6120,  1.0000,  0.0000,  0.0000,  0.0000,  0.0000]])
tensor([[-0.9179,  1.0000,  0.0000,  0.0000,  0.0000,  0.0000]])
tensor([[0.8873, 1.0000, 0.0000, 0.0000, 0.0000, 0.0000]])
tensor([[0.9243, 1.0000, 0.0000, 0.0000, 0.0000, 0.0000]])
tensor([[0.3465, 1.0000, 0.0000, 0.0000, 0.0000, 0.0000]])
tensor([[-0.2520,  1.0000,  0.0000,  0.0000,  0.0000,  0.0000]])
tensor([[0.8104, 0.0000, 0.0000, 0.0000, 0.0000, 0.0000]])
tensor([[0.8139, 1.0000, 0.0000, 0.0000, 0.0000, 0.0000]])
tensor([[-0.2828,  1.0000,  0.0000,  0.0000,  0.0000,  0.0000]])
tensor([[0.0852, 1.0000, 0.0000, 0.0000, 0.0000, 0.0000]])
tensor([[-0.9636,  1.0000,  0.0000,  0.0000,  0.0000,  0.0000]])
tensor([[0.8588, 1.0000, 0.0000, 0.0000, 0.0000, 0.0000]])
tensor([[0.6269, 1.0000, 1.0000, 1.0000, 0.0000, 0.0000]])
tensor([[0.6017, 1.0000, 0.0000, 0.0000, 0.0000, 0.0000]])
tensor([[0.2768, 1.0000, 0.0000, 0.0000, 0.0000, 0.0000]])
tensor([[0.6881, 1.0000, 0.0000, 0.0000, 0.0000, 0.0000]])
tensor([[0.1904, 1.0000, 0.0000, 0.0000, 0.0000, 0.0000]])
tensor([[0.7253, 1.0000, 0.0000, 0.0000, 0.0000, 0.0000]])
tensor([[-0.7176,  0.0000,  0.0000,  1.0000,  0.0000,  0.0000]])
tensor([[0.3608, 1.0000, 0.0000, 0.0000, 0.0000, 0.0000]])
tensor([[0.3662, 1.0000, 0.0000, 0.0000, 0.0000, 0.0000]])
tensor([[0.9556, 1.0000, 0.0000, 0.0000, 0.0000, 0.0000]])
tensor([[-0.9108,  1.0000,  1.0000,  0.0000,  0.0000,  0.0000]])
tensor([[0.7783, 1.0000, 0.0000, 0.0000, 0.0000, 0.0000]])
tensor([[-0.2201,  1.0000,  0.0000,  0.0000,  0.0000,  0.0000]])
tensor([[0.7155, 1.0000, 0.0000, 0.0000, 0.0000, 0.0000]])
tensor([[-0.1964,  1.0000,  0.0000,  0.0000,  0.0000,  0.0000]])
tensor([[0.6646, 1.0000, 0.0000, 0.0000, 0.0000, 0.0000]])
tensor([[-0.6267,  1.0000,  0.0000,  0.0000,  0.0000,  0.0000]])
tensor([[-0.4145,  1.0000,  0.0000,  0.0000,  0.0000,  0.0000]])
tensor([[0.7928, 0.0000, 0.0000, 0.0000, 0.0000, 0.0000]])
tensor([[-0.3436,  1.0000,  0.0000,  0.0000,  0.0000,  0.0000]])
tensor([[-0.1422,  1.0000,  1.0000,  0.0000,  1.0000,  0.0000]])
tensor([[0.9779, 1.0000, 0.0000, 0.0000, 0.0000, 0.0000]])
tensor([[0.9128, 1.0000, 0.0000, 0.0000, 0.0000, 0.0000]])
tensor([[-0.2416,  1.0000,  1.0000,  1.0000,  0.0000,  0.0000]])
tensor([[-0.8355,  1.0000,  0.0000,  0.0000,  0.0000,  0.0000]])
tensor([[-0.7699,  1.0000,  0.0000,  1.0000,  0.0000,  0.0000]])
tensor([[0.5224, 1.0000, 0.0000, 0.0000, 0.0000, 0.0000]])
tensor([[-0.6781,  1.0000,  0.0000,  0.0000,  0.0000,  0.0000]])
tensor([[-0.1201,  1.0000,  0.0000,  0.0000,  0.0000,  0.0000]])
tensor([[0.6241, 1.0000, 0.0000, 0.0000, 0.0000, 0.0000]])
tensor([[-0.1273,  1.0000,  0.0000,  0.0000,  0.0000,  0.0000]])
tensor([[0.0523, 1.0000, 0.0000, 0.0000, 0.0000, 0.0000]])
tensor([[-0.6746,  1.0000,  1.0000,  0.0000,  0.0000,  0.0000]])
tensor([[0.8806, 1.0000, 0.0000, 0.0000, 0.0000, 0.0000]])
tensor([[0.7907, 0.0000, 0.0000, 0.0000, 0.0000, 0.0000]])
tensor([[0.9575, 1.0000, 0.0000, 0.0000, 0.0000, 0.0000]])
tensor([[0.2438, 0.0000, 1.0000, 1.0000, 0.0000, 0.0000]])
tensor([[0.3888, 1.0000, 0.0000, 0.0000, 0.0000, 0.0000]])
tensor([[-0.6758,  1.0000,  1.0000,  0.0000,  0.0000,  0.0000]])
tensor([[0.1650, 1.0000, 0.0000, 1.0000, 0.0000, 0.0000]])
tensor([[0.1481, 1.0000, 0.0000, 0.0000, 0.0000, 0.0000]])
tensor([[0.7698, 1.0000, 0.0000, 0.0000, 0.0000, 0.0000]])
tensor([[0.7827, 1.0000, 0.0000, 0.0000, 0.0000, 0.0000]])
tensor([[0.8654, 1.0000, 0.0000, 0.0000, 0.0000, 0.0000]])
tensor([[-0.9466,  1.0000,  0.0000,  0.0000,  0.0000,  0.0000]])
tensor([[-0.1736,  1.0000,  1.0000,  0.0000,  0.0000,  0.0000]])
tensor([[0.5741, 1.0000, 0.0000, 0.0000, 0.0000, 0.0000]])
tensor([[0.7156, 1.0000, 0.0000, 0.0000, 0.0000, 0.0000]])
tensor([[-0.0751,  1.0000,  0.0000,  1.0000,  0.0000,  0.0000]])
tensor([[0.6993, 1.0000, 0.0000, 0.0000, 0.0000, 0.0000]])
tensor([[-0.5757,  1.0000,  0.0000,  0.0000,  0.0000,  0.0000]])
tensor([[0.6680, 1.0000, 0.0000, 0.0000, 0.0000, 0.0000]])
tensor([[-0.8922,  1.0000,  0.0000,  0.0000,  0.0000,  0.0000]])
tensor([[0.7950, 1.0000, 0.0000, 0.0000, 0.0000, 0.0000]])
tensor([[0.5496, 1.0000, 0.0000, 0.0000, 0.0000, 0.0000]])
tensor([[-0.6994,  1.0000,  0.0000,  0.0000,  0.0000,  0.0000]])
tensor([[0.3663, 1.0000, 0.0000, 0.0000, 0.0000, 0.0000]])
tensor([[0.7803, 1.0000, 0.0000, 0.0000, 0.0000, 0.0000]])
tensor([[0.4492, 1.0000, 0.0000, 0.0000, 0.0000, 0.0000]])
tensor([[0.6801, 1.0000, 0.0000, 0.0000, 0.0000, 0.0000]])
tensor([[0.1928, 1.0000, 0.0000, 0.0000, 0.0000, 0.0000]])
tensor([[0.8537, 1.0000, 0.0000, 0.0000, 0.0000, 0.0000]])
tensor([[0.2584, 1.0000, 1.0000, 0.0000, 0.0000, 0.0000]])
tensor([[0.7333, 1.0000, 1.0000, 0.0000, 0.0000, 0.0000]])
tensor([[0.1593, 1.0000, 0.0000, 1.0000, 0.0000, 0.0000]])
tensor([[0.6891, 1.0000, 1.0000, 0.0000, 0.0000, 0.0000]])
tensor([[-0.1422,  1.0000,  0.0000,  0.0000,  0.0000,  0.0000]])
tensor([[0.0630, 1.0000, 0.0000, 0.0000, 0.0000, 0.0000]])
tensor([[-0.6424,  1.0000,  0.0000,  0.0000,  0.0000,  0.0000]])
tensor([[0.1165, 1.0000, 0.0000, 0.0000, 0.0000, 0.0000]])
tensor([[0.5243, 1.0000, 1.0000, 0.0000, 1.0000, 0.0000]])
tensor([[-0.1073,  0.0000,  0.0000,  0.0000,  0.0000,  0.0000]])
tensor([[0.3407, 1.0000, 0.0000, 0.0000, 0.0000, 0.0000]])
tensor([[0.0733, 1.0000, 0.0000, 0.0000, 0.0000, 0.0000]])
tensor([[0.5300, 1.0000, 0.0000, 0.0000, 0.0000, 0.0000]])
tensor([[0.9404, 1.0000, 1.0000, 0.0000, 0.0000, 0.0000]])
tensor([[0.9222, 1.0000, 1.0000, 0.0000, 0.0000, 0.0000]])
tensor([[0.1920, 1.0000, 0.0000, 1.0000, 0.0000, 0.0000]])
tensor([[-0.3387,  1.0000,  0.0000,  0.0000,  0.0000,  0.0000]])
tensor([[0.8421, 1.0000, 0.0000, 0.0000, 0.0000, 0.0000]])
tensor([[0.2403, 0.0000, 0.0000, 0.0000, 0.0000, 0.0000]])
tensor([[-0.9338,  1.0000,  0.0000,  0.0000,  0.0000,  0.0000]])
tensor([[-0.0413,  1.0000,  0.0000,  0.0000,  0.0000,  0.0000]])
tensor([[-0.7906,  1.0000,  0.0000,  0.0000,  0.0000,  0.0000]])
tensor([[0.5210, 1.0000, 0.0000, 0.0000, 0.0000, 0.0000]])
tensor([[-0.6791,  1.0000,  0.0000,  0.0000,  0.0000,  0.0000]])
tensor([[0.9443, 1.0000, 0.0000, 0.0000, 0.0000, 0.0000]])
tensor([[0.5318, 1.0000, 0.0000, 0.0000, 0.0000, 0.0000]])
tensor([[0.4935, 1.0000, 0.0000, 1.0000, 0.0000, 0.0000]])
tensor([[-0.5969,  1.0000,  1.0000,  0.0000,  0.0000,  0.0000]])
tensor([[0.9813, 1.0000, 0.0000, 0.0000, 0.0000, 0.0000]])
tensor([[0.6401, 1.0000, 0.0000, 0.0000, 0.0000, 0.0000]])
tensor([[0.7475, 1.0000, 0.0000, 0.0000, 0.0000, 0.0000]])
tensor([[-0.8361,  1.0000,  0.0000,  0.0000,  0.0000,  0.0000]])
tensor([[0.6394, 1.0000, 0.0000, 1.0000, 0.0000, 0.0000]])
tensor([[-0.9001,  0.0000,  0.0000,  0.0000,  1.0000,  0.0000]])
tensor([[-0.8915,  1.0000,  0.0000,  0.0000,  0.0000,  0.0000]])
tensor([[-0.6300,  1.0000,  0.0000,  1.0000,  0.0000,  0.0000]])
tensor([[-0.3617,  1.0000,  0.0000,  0.0000,  0.0000,  0.0000]])
tensor([[-0.2084,  1.0000,  0.0000,  0.0000,  0.0000,  0.0000]])
tensor([[0.7186, 1.0000, 0.0000, 0.0000, 0.0000, 0.0000]])
tensor([[0.6180, 1.0000, 0.0000, 0.0000, 0.0000, 0.0000]])
tensor([[-0.8656,  1.0000,  0.0000,  0.0000,  0.0000,  0.0000]])
tensor([[-0.6688,  1.0000,  0.0000,  0.0000,  0.0000,  0.0000]])
tensor([[-0.5649,  1.0000,  0.0000,  0.0000,  0.0000,  0.0000]])
tensor([[0.1207, 1.0000, 1.0000, 0.0000, 0.0000, 0.0000]])
tensor([[0.6947, 1.0000, 0.0000, 0.0000, 0.0000, 0.0000]])
tensor([[-0.7946,  1.0000,  0.0000,  1.0000,  0.0000,  0.0000]])
tensor([[0.5304, 1.0000, 0.0000, 0.0000, 0.0000, 0.0000]])
tensor([[0.6850, 1.0000, 0.0000, 0.0000, 0.0000, 0.0000]])
tensor([[-0.3123,  1.0000,  0.0000,  0.0000,  0.0000,  0.0000]])
tensor([[0.1561, 1.0000, 0.0000, 0.0000, 0.0000, 0.0000]])
tensor([[0.9747, 0.0000, 0.0000, 0.0000, 0.0000, 0.0000]])
tensor([[-0.8551,  1.0000,  0.0000,  0.0000,  0.0000,  0.0000]])
tensor([[-0.5851,  1.0000,  0.0000,  1.0000,  0.0000,  0.0000]])
tensor([[0.4923, 1.0000, 0.0000, 0.0000, 0.0000, 0.0000]])
tensor([[0.9489, 1.0000, 0.0000, 0.0000, 0.0000, 0.0000]])
tensor([[0.2352, 1.0000, 0.0000, 1.0000, 0.0000, 0.0000]])
tensor([[-0.3775,  1.0000,  0.0000,  0.0000,  0.0000,  0.0000]])
tensor([[-0.4346,  1.0000,  0.0000,  0.0000,  0.0000,  0.0000]])
tensor([[-0.1292,  1.0000,  0.0000,  0.0000,  0.0000,  0.0000]])
tensor([[-0.6669,  1.0000,  0.0000,  0.0000,  0.0000,  0.0000]])
tensor([[0.1725, 1.0000, 0.0000, 0.0000, 0.0000, 0.0000]])
tensor([[0.5486, 1.0000, 0.0000, 1.0000, 0.0000, 0.0000]])
tensor([[-0.2405,  1.0000,  0.0000,  0.0000,  0.0000,  0.0000]])
tensor([[0.8710, 1.0000, 0.0000, 0.0000, 0.0000, 0.0000]])
tensor([[-0.5659,  1.0000,  0.0000,  0.0000,  0.0000,  0.0000]])
tensor([[0.8616, 1.0000, 0.0000, 0.0000, 0.0000, 0.0000]])
tensor([[0.1549, 1.0000, 0.0000, 0.0000, 0.0000, 0.0000]])
tensor([[-0.0952,  1.0000,  0.0000,  0.0000,  0.0000,  0.0000]])
tensor([[-0.4695,  1.0000,  0.0000,  0.0000,  0.0000,  0.0000]])
tensor([[-0.0174,  1.0000,  0.0000,  0.0000,  0.0000,  0.0000]])
tensor([[0.9549, 1.0000, 0.0000, 0.0000, 0.0000, 0.0000]])
tensor([[-0.6543,  1.0000,  0.0000,  0.0000,  0.0000,  0.0000]])
tensor([[0.7070, 1.0000, 0.0000, 0.0000, 0.0000, 0.0000]])
tensor([[0.0815, 1.0000, 0.0000, 0.0000, 0.0000, 0.0000]])
tensor([[0.9304, 1.0000, 0.0000, 0.0000, 0.0000, 0.0000]])
tensor([[-0.2583,  1.0000,  0.0000,  0.0000,  0.0000,  0.0000]])
tensor([[0.8317, 1.0000, 0.0000, 0.0000, 0.0000, 0.0000]])
tensor([[-0.0853,  1.0000,  0.0000,  0.0000,  0.0000,  0.0000]])
tensor([[0.8666, 1.0000, 1.0000, 0.0000, 0.0000, 0.0000]])
tensor([[-0.5664,  1.0000,  0.0000,  0.0000,  0.0000,  0.0000]])
tensor([[0.8759, 1.0000, 0.0000, 0.0000, 0.0000, 0.0000]])
tensor([[0.0263, 1.0000, 0.0000, 0.0000, 0.0000, 0.0000]])
tensor([[0.5010, 1.0000, 0.0000, 0.0000, 0.0000, 0.0000]])
tensor([[-0.0981,  1.0000,  0.0000,  0.0000,  0.0000,  0.0000]])
tensor([[-0.3698,  1.0000,  0.0000,  1.0000,  0.0000,  0.0000]])
tensor([[-0.9579,  0.0000,  0.0000,  0.0000,  0.0000,  0.0000]])
tensor([[0.0253, 1.0000, 0.0000, 0.0000, 0.0000, 0.0000]])
tensor([[0.8790, 0.0000, 0.0000, 0.0000, 0.0000, 0.0000]])
tensor([[0.7284, 1.0000, 0.0000, 0.0000, 0.0000, 0.0000]])
tensor([[0.4943, 1.0000, 0.0000, 0.0000, 0.0000, 0.0000]])
tensor([[0.3838, 0.0000, 0.0000, 0.0000, 0.0000, 0.0000]])
tensor([[-0.3043,  1.0000,  0.0000,  0.0000,  0.0000,  0.0000]])
tensor([[0.2907, 1.0000, 0.0000, 0.0000, 0.0000, 0.0000]])
tensor([[-0.2427,  1.0000,  0.0000,  1.0000,  0.0000,  0.0000]])
tensor([[-0.7133,  1.0000,  0.0000,  0.0000,  0.0000,  0.0000]])
tensor([[0.0477, 1.0000, 1.0000, 0.0000, 0.0000, 0.0000]])
tensor([[0.3378, 1.0000, 1.0000, 0.0000, 0.0000, 0.0000]])
tensor([[-0.8325,  1.0000,  0.0000,  0.0000,  0.0000,  0.0000]])
tensor([[-0.7303,  1.0000,  0.0000,  0.0000,  0.0000,  0.0000]])
tensor([[0.9012, 1.0000, 0.0000, 0.0000, 0.0000, 0.0000]])
tensor([[0.7582, 1.0000, 0.0000, 0.0000, 0.0000, 0.0000]])
tensor([[-0.6400,  1.0000,  0.0000,  0.0000,  0.0000,  0.0000]])
tensor([[0.8540, 1.0000, 0.0000, 0.0000, 0.0000, 0.0000]])
tensor([[0.5381, 0.0000, 0.0000, 0.0000, 0.0000, 0.0000]])
tensor([[0.4695, 1.0000, 0.0000, 0.0000, 0.0000, 0.0000]])
tensor([[0.9489, 1.0000, 0.0000, 0.0000, 0.0000, 0.0000]])
tensor([[0.7625, 1.0000, 0.0000, 0.0000, 0.0000, 0.0000]])
tensor([[0.4494, 1.0000, 0.0000, 0.0000, 0.0000, 0.0000]])
tensor([[-0.3328,  1.0000,  0.0000,  0.0000,  0.0000,  0.0000]])
tensor([[0.9887, 1.0000, 0.0000, 0.0000, 0.0000, 0.0000]])
tensor([[0.5111, 1.0000, 0.0000, 0.0000, 0.0000, 0.0000]])
tensor([[0.9519, 1.0000, 0.0000, 0.0000, 0.0000, 0.0000]])
tensor([[-0.9000,  1.0000,  0.0000,  0.0000,  0.0000,  0.0000]])
tensor([[0.9452, 1.0000, 0.0000, 0.0000, 0.0000, 0.0000]])
tensor([[0.5497, 1.0000, 0.0000, 0.0000, 0.0000, 0.0000]])
tensor([[-0.2129,  1.0000,  0.0000,  0.0000,  0.0000,  0.0000]])
tensor([[-0.9601,  1.0000,  0.0000,  0.0000,  0.0000,  0.0000]])
tensor([[0.3956, 1.0000, 0.0000, 0.0000, 0.0000, 0.0000]])
tensor([[-0.7043,  0.0000,  0.0000,  0.0000,  0.0000,  0.0000]])
tensor([[0.6149, 1.0000, 0.0000, 0.0000, 0.0000, 0.0000]])
tensor([[-0.1660,  1.0000,  0.0000,  0.0000,  0.0000,  0.0000]])
tensor([[0.0345, 0.0000, 0.0000, 0.0000, 0.0000, 0.0000]])
tensor([[-0.1293,  1.0000,  0.0000,  0.0000,  0.0000,  0.0000]])
tensor([[0.5650, 1.0000, 0.0000, 0.0000, 0.0000, 0.0000]])
tensor([[-0.9320,  1.0000,  0.0000,  0.0000,  0.0000,  0.0000]])
tensor([[0.9627, 1.0000, 0.0000, 0.0000, 0.0000, 0.0000]])
tensor([[0.9757, 1.0000, 1.0000, 0.0000, 0.0000, 0.0000]])
tensor([[-0.9216,  1.0000,  0.0000,  0.0000,  0.0000,  0.0000]])
tensor([[0.5871, 1.0000, 0.0000, 1.0000, 0.0000, 0.0000]])
tensor([[0.8941, 1.0000, 0.0000, 0.0000, 0.0000, 0.0000]])
tensor([[0.3673, 1.0000, 0.0000, 0.0000, 0.0000, 0.0000]])
tensor([[-0.2656,  1.0000,  0.0000,  0.0000,  0.0000,  0.0000]])
tensor([[0.8480, 1.0000, 0.0000, 0.0000, 0.0000, 0.0000]])
tensor([[-0.4836,  1.0000,  0.0000,  0.0000,  0.0000,  0.0000]])
tensor([[-0.5518,  1.0000,  0.0000,  0.0000,  0.0000,  0.0000]])
tensor([[-0.1332,  1.0000,  0.0000,  0.0000,  0.0000,  0.0000]])
tensor([[0.0698, 1.0000, 0.0000, 0.0000, 0.0000, 0.0000]])
tensor([[-0.1785,  1.0000,  0.0000,  0.0000,  0.0000,  0.0000]])
tensor([[0.7488, 1.0000, 0.0000, 0.0000, 0.0000, 0.0000]])
tensor([[0.7096, 1.0000, 0.0000, 0.0000, 1.0000, 0.0000]])
tensor([[-0.8842,  1.0000,  0.0000,  0.0000,  0.0000,  0.0000]])
tensor([[-0.7779,  1.0000,  0.0000,  0.0000,  0.0000,  0.0000]])
tensor([[-0.8404,  1.0000,  0.0000,  0.0000,  0.0000,  0.0000]])
tensor([[-0.5398,  1.0000,  0.0000,  0.0000,  0.0000,  0.0000]])
tensor([[0.2766, 1.0000, 1.0000, 0.0000, 0.0000, 0.0000]])
tensor([[-0.8364,  1.0000,  0.0000,  0.0000,  0.0000,  0.0000]])
tensor([[-0.5083,  1.0000,  0.0000,  0.0000,  0.0000,  0.0000]])
tensor([[0.0216, 1.0000, 0.0000, 0.0000, 0.0000, 0.0000]])
tensor([[0.6349, 1.0000, 0.0000, 0.0000, 0.0000, 0.0000]])
tensor([[-0.1840,  1.0000,  0.0000,  0.0000,  0.0000,  0.0000]])
tensor([[0.1763, 1.0000, 0.0000, 0.0000, 0.0000, 0.0000]])
tensor([[0.4955, 1.0000, 0.0000, 0.0000, 0.0000, 0.0000]])
tensor([[-0.0155,  1.0000,  0.0000,  0.0000,  0.0000,  0.0000]])
tensor([[-0.8857,  1.0000,  0.0000,  0.0000,  0.0000,  0.0000]])
tensor([[0.4409, 1.0000, 0.0000, 0.0000, 0.0000, 0.0000]])
tensor([[0.3369, 1.0000, 0.0000, 0.0000, 0.0000, 0.0000]])
tensor([[-0.1733,  1.0000,  0.0000,  1.0000,  0.0000,  0.0000]])
tensor([[-0.2763,  1.0000,  0.0000,  0.0000,  0.0000,  0.0000]])
tensor([[-0.8192,  1.0000,  0.0000,  1.0000,  0.0000,  0.0000]])
tensor([[0.8897, 1.0000, 0.0000, 0.0000, 0.0000, 0.0000]])
tensor([[0.6607, 1.0000, 0.0000, 1.0000, 0.0000, 0.0000]])
tensor([[0.4438, 1.0000, 0.0000, 0.0000, 0.0000, 0.0000]])
tensor([[-0.0392,  1.0000,  0.0000,  0.0000,  0.0000,  0.0000]])
tensor([[0.5997, 1.0000, 0.0000, 0.0000, 0.0000, 0.0000]])
tensor([[-0.2099,  1.0000,  0.0000,  0.0000,  0.0000,  0.0000]])
tensor([[0.1121, 1.0000, 0.0000, 0.0000, 0.0000, 0.0000]])
tensor([[-0.9069,  1.0000,  0.0000,  0.0000,  0.0000,  0.0000]])
tensor([[-0.4100,  1.0000,  0.0000,  0.0000,  0.0000,  0.0000]])
tensor([[0.8954, 1.0000, 0.0000, 0.0000, 0.0000, 0.0000]])
tensor([[0.8873, 1.0000, 0.0000, 0.0000, 0.0000, 0.0000]])
tensor([[-0.3386,  1.0000,  0.0000,  0.0000,  0.0000,  0.0000]])
tensor([[0.7665, 1.0000, 0.0000, 0.0000, 0.0000, 0.0000]])
tensor([[-0.3028,  1.0000,  0.0000,  0.0000,  0.0000,  0.0000]])
tensor([[0.5994, 1.0000, 0.0000, 1.0000, 0.0000, 0.0000]])
tensor([[-0.6487,  1.0000,  0.0000,  0.0000,  0.0000,  0.0000]])
tensor([[0.1830, 1.0000, 0.0000, 0.0000, 0.0000, 0.0000]])
tensor([[-0.7527,  1.0000,  0.0000,  0.0000,  0.0000,  0.0000]])
tensor([[-0.6904,  1.0000,  0.0000,  0.0000,  0.0000,  0.0000]])
tensor([[0.1573, 1.0000, 0.0000, 0.0000, 0.0000, 0.0000]])
tensor([[-0.7664,  1.0000,  0.0000,  0.0000,  0.0000,  0.0000]])
tensor([[0.1114, 1.0000, 0.0000, 0.0000, 0.0000, 0.0000]])
tensor([[0.4635, 1.0000, 0.0000, 0.0000, 0.0000, 0.0000]])
tensor([[-0.7599,  1.0000,  0.0000,  0.0000,  0.0000,  0.0000]])
tensor([[-0.2730,  1.0000,  0.0000,  0.0000,  0.0000,  0.0000]])
tensor([[0.1690, 1.0000, 0.0000, 0.0000, 0.0000, 0.0000]])
tensor([[0.0024, 1.0000, 0.0000, 0.0000, 0.0000, 0.0000]])
tensor([[0.2413, 1.0000, 0.0000, 0.0000, 0.0000, 0.0000]])
tensor([[0.9871, 1.0000, 0.0000, 0.0000, 0.0000, 0.0000]])
tensor([[-0.5794,  1.0000,  0.0000,  0.0000,  0.0000,  0.0000]])
tensor([[-0.7649,  1.0000,  0.0000,  0.0000,  0.0000,  0.0000]])
tensor([[0.7685, 1.0000, 0.0000, 0.0000, 0.0000, 0.0000]])
tensor([[0.4791, 1.0000, 0.0000, 0.0000, 0.0000, 0.0000]])
tensor([[-0.5746,  1.0000,  0.0000,  1.0000,  0.0000,  0.0000]])
tensor([[-0.8480,  1.0000,  0.0000,  0.0000,  0.0000,  0.0000]])
tensor([[0.3195, 1.0000, 0.0000, 0.0000, 0.0000, 0.0000]])
tensor([[-0.3748,  1.0000,  1.0000,  0.0000,  0.0000,  0.0000]])
tensor([[0.8516, 0.0000, 0.0000, 0.0000, 0.0000, 0.0000]])
tensor([[-0.8752,  1.0000,  0.0000,  0.0000,  0.0000,  0.0000]])
tensor([[-0.0507,  1.0000,  0.0000,  0.0000,  0.0000,  0.0000]])
tensor([[0.8701, 1.0000, 0.0000, 0.0000, 0.0000, 0.0000]])
tensor([[0.4895, 1.0000, 0.0000, 0.0000, 0.0000, 0.0000]])
tensor([[-0.2658,  1.0000,  0.0000,  0.0000,  0.0000,  0.0000]])
tensor([[0.1279, 0.0000, 0.0000, 0.0000, 0.0000, 0.0000]])
tensor([[-0.2143,  1.0000,  1.0000,  0.0000,  0.0000,  0.0000]])
tensor([[0.0628, 1.0000, 0.0000, 1.0000, 0.0000, 0.0000]])
tensor([[-0.3956,  1.0000,  0.0000,  0.0000,  0.0000,  0.0000]])
tensor([[-0.1782,  1.0000,  0.0000,  0.0000,  0.0000,  0.0000]])
tensor([[-0.5321,  1.0000,  0.0000,  0.0000,  0.0000,  0.0000]])
tensor([[-0.1274,  1.0000,  0.0000,  0.0000,  0.0000,  0.0000]])
tensor([[-0.9077,  1.0000,  0.0000,  0.0000,  0.0000,  0.0000]])
tensor([[0.8911, 1.0000, 0.0000, 0.0000, 0.0000, 0.0000]])
tensor([[0.7358, 1.0000, 0.0000, 0.0000, 0.0000, 0.0000]])
tensor([[-0.7389,  1.0000,  1.0000,  0.0000,  0.0000,  0.0000]])
tensor([[0.9270, 1.0000, 0.0000, 0.0000, 0.0000, 0.0000]])
tensor([[0.7952, 1.0000, 0.0000, 0.0000, 0.0000, 0.0000]])
tensor([[0.7751, 1.0000, 0.0000, 1.0000, 0.0000, 0.0000]])
tensor([[0.5154, 1.0000, 0.0000, 0.0000, 0.0000, 0.0000]])
tensor([[-0.2768,  1.0000,  0.0000,  1.0000,  0.0000,  0.0000]])
tensor([[-0.8358,  1.0000,  0.0000,  0.0000,  0.0000,  0.0000]])
tensor([[-0.5777,  1.0000,  0.0000,  0.0000,  0.0000,  0.0000]])
tensor([[-0.5134,  1.0000,  0.0000,  1.0000,  0.0000,  0.0000]])
tensor([[-0.3356,  1.0000,  0.0000,  0.0000,  0.0000,  0.0000]])
tensor([[0.5050, 1.0000, 0.0000, 0.0000, 0.0000, 0.0000]])
tensor([[0.9699, 1.0000, 0.0000, 0.0000, 0.0000, 0.0000]])
tensor([[0.0168, 1.0000, 0.0000, 0.0000, 0.0000, 0.0000]])
tensor([[0.4453, 1.0000, 0.0000, 0.0000, 0.0000, 0.0000]])
tensor([[0.2412, 1.0000, 0.0000, 1.0000, 0.0000, 0.0000]])
tensor([[-0.6277,  1.0000,  0.0000,  1.0000,  0.0000,  0.0000]])
tensor([[-0.4173,  1.0000,  0.0000,  1.0000,  0.0000,  0.0000]])
tensor([[0.3860, 1.0000, 0.0000, 0.0000, 0.0000, 0.0000]])
tensor([[-0.9585,  1.0000,  0.0000,  0.0000,  0.0000,  0.0000]])
tensor([[-0.6808,  1.0000,  0.0000,  0.0000,  0.0000,  0.0000]])
tensor([[0.6503, 1.0000, 0.0000, 0.0000, 0.0000, 0.0000]])
tensor([[0.0019, 1.0000, 0.0000, 0.0000, 0.0000, 0.0000]])
tensor([[0.9704, 1.0000, 0.0000, 0.0000, 0.0000, 0.0000]])
tensor([[-0.5049,  1.0000,  0.0000,  0.0000,  0.0000,  0.0000]])
tensor([[-0.0075,  1.0000,  0.0000,  0.0000,  0.0000,  0.0000]])
tensor([[0.9902, 1.0000, 0.0000, 0.0000, 0.0000, 0.0000]])
tensor([[0.4974, 1.0000, 0.0000, 0.0000, 0.0000, 0.0000]])
tensor([[-0.7297,  1.0000,  0.0000,  0.0000,  0.0000,  0.0000]])
tensor([[-0.7221,  1.0000,  0.0000,  0.0000,  0.0000,  0.0000]])
tensor([[0.1621, 1.0000, 0.0000, 0.0000, 0.0000, 0.0000]])
tensor([[0.5437, 1.0000, 0.0000, 0.0000, 0.0000, 0.0000]])
tensor([[0.5616, 1.0000, 0.0000, 0.0000, 1.0000, 0.0000]])
tensor([[-0.3891,  1.0000,  0.0000,  0.0000,  0.0000,  0.0000]])
tensor([[0.5601, 1.0000, 0.0000, 0.0000, 0.0000, 0.0000]])
tensor([[-0.7588,  1.0000,  0.0000,  0.0000,  0.0000,  0.0000]])
tensor([[-0.5421,  0.0000,  0.0000,  0.0000,  0.0000,  0.0000]])
tensor([[-0.8319,  1.0000,  0.0000,  0.0000,  0.0000,  0.0000]])
tensor([[0.9798, 1.0000, 0.0000, 0.0000, 0.0000, 0.0000]])
tensor([[0.6604, 1.0000, 0.0000, 0.0000, 0.0000, 0.0000]])
tensor([[0.5643, 1.0000, 0.0000, 0.0000, 0.0000, 0.0000]])
tensor([[-0.0975,  1.0000,  0.0000,  0.0000,  0.0000,  0.0000]])
tensor([[0.1474, 1.0000, 0.0000, 0.0000, 0.0000, 0.0000]])
tensor([[0.8691, 1.0000, 0.0000, 0.0000, 0.0000, 0.0000]])
tensor([[0.0967, 1.0000, 0.0000, 0.0000, 0.0000, 0.0000]])
tensor([[-0.2681,  1.0000,  1.0000,  1.0000,  0.0000,  0.0000]])
tensor([[0.5953, 1.0000, 0.0000, 0.0000, 0.0000, 0.0000]])
tensor([[-0.7828,  1.0000,  0.0000,  0.0000,  1.0000,  0.0000]])
tensor([[0.7526, 1.0000, 0.0000, 0.0000, 0.0000, 0.0000]])
tensor([[0.7216, 1.0000, 0.0000, 0.0000, 0.0000, 0.0000]])
tensor([[0.8620, 1.0000, 0.0000, 0.0000, 0.0000, 0.0000]])
tensor([[0.7879, 1.0000, 0.0000, 0.0000, 0.0000, 0.0000]])
tensor([[0.4334, 1.0000, 0.0000, 0.0000, 0.0000, 0.0000]])
tensor([[-0.1675,  1.0000,  0.0000,  0.0000,  0.0000,  0.0000]])
tensor([[0.9168, 1.0000, 0.0000, 1.0000, 0.0000, 0.0000]])
tensor([[0.1624, 1.0000, 0.0000, 0.0000, 0.0000, 0.0000]])
tensor([[0.5468, 1.0000, 0.0000, 0.0000, 0.0000, 0.0000]])
tensor([[0.0166, 1.0000, 0.0000, 0.0000, 0.0000, 0.0000]])
tensor([[0.0946, 1.0000, 1.0000, 0.0000, 0.0000, 0.0000]])
tensor([[-0.5532,  1.0000,  1.0000,  0.0000,  0.0000,  0.0000]])
tensor([[-0.1341,  1.0000,  0.0000,  0.0000,  0.0000,  0.0000]])
tensor([[-0.6526,  1.0000,  0.0000,  0.0000,  0.0000,  0.0000]])
tensor([[-0.3611,  1.0000,  0.0000,  0.0000,  0.0000,  0.0000]])
tensor([[-0.2815,  1.0000,  0.0000,  0.0000,  0.0000,  0.0000]])
tensor([[-0.9079,  1.0000,  0.0000,  0.0000,  0.0000,  0.0000]])
tensor([[0.9222, 1.0000, 1.0000, 0.0000, 0.0000, 0.0000]])
tensor([[0.1977, 1.0000, 0.0000, 0.0000, 0.0000, 0.0000]])
tensor([[0.3895, 1.0000, 0.0000, 0.0000, 0.0000, 0.0000]])
tensor([[0.1565, 1.0000, 0.0000, 0.0000, 0.0000, 0.0000]])
tensor([[0.9142, 1.0000, 0.0000, 0.0000, 0.0000, 0.0000]])
tensor([[-0.2484,  1.0000,  0.0000,  0.0000,  0.0000,  0.0000]])
tensor([[-0.3416,  1.0000,  0.0000,  0.0000,  0.0000,  0.0000]])
tensor([[0.4510, 1.0000, 0.0000, 0.0000, 0.0000, 0.0000]])
tensor([[0.9574, 1.0000, 0.0000, 0.0000, 0.0000, 0.0000]])
tensor([[0.9728, 1.0000, 0.0000, 0.0000, 0.0000, 0.0000]])
tensor([[-0.5807,  1.0000,  0.0000,  0.0000,  0.0000,  0.0000]])
tensor([[-0.0124,  1.0000,  0.0000,  0.0000,  0.0000,  0.0000]])
tensor([[0.9247, 0.0000, 0.0000, 0.0000, 0.0000, 0.0000]])
tensor([[-0.0229,  1.0000,  0.0000,  0.0000,  0.0000,  0.0000]])
tensor([[0.7271, 1.0000, 0.0000, 0.0000, 0.0000, 0.0000]])
tensor([[0.3418, 1.0000, 0.0000, 0.0000, 0.0000, 0.0000]])
tensor([[-0.6385,  1.0000,  0.0000,  0.0000,  0.0000,  0.0000]])
tensor([[0.0294, 1.0000, 0.0000, 0.0000, 0.0000, 0.0000]])
tensor([[0.5103, 1.0000, 0.0000, 0.0000, 0.0000, 0.0000]])
tensor([[0.4519, 1.0000, 0.0000, 0.0000, 0.0000, 0.0000]])
tensor([[-0.2997,  1.0000,  0.0000,  0.0000,  0.0000,  0.0000]])
tensor([[-0.3742,  1.0000,  0.0000,  0.0000,  0.0000,  0.0000]])
tensor([[-0.9078,  1.0000,  0.0000,  0.0000,  0.0000,  0.0000]])
tensor([[-0.3251,  0.0000,  0.0000,  0.0000,  0.0000,  0.0000]])
tensor([[0.7282, 1.0000, 0.0000, 0.0000, 0.0000, 0.0000]])
tensor([[0.2092, 1.0000, 0.0000, 0.0000, 0.0000, 0.0000]])
tensor([[0.9718, 1.0000, 0.0000, 0.0000, 0.0000, 0.0000]])
tensor([[-0.6672,  1.0000,  0.0000,  0.0000,  0.0000,  0.0000]])
tensor([[0.9805, 1.0000, 0.0000, 0.0000, 0.0000, 0.0000]])
tensor([[0.7737, 0.0000, 1.0000, 0.0000, 0.0000, 0.0000]])
tensor([[0.1411, 1.0000, 0.0000, 0.0000, 0.0000, 0.0000]])
tensor([[0.4300, 1.0000, 0.0000, 0.0000, 0.0000, 0.0000]])
tensor([[0.0513, 1.0000, 0.0000, 0.0000, 0.0000, 0.0000]])
tensor([[0.0372, 1.0000, 0.0000, 0.0000, 0.0000, 0.0000]])
tensor([[-0.5783,  1.0000,  0.0000,  0.0000,  0.0000,  0.0000]])
tensor([[0.0420, 1.0000, 0.0000, 0.0000, 0.0000, 0.0000]])
tensor([[0.8155, 1.0000, 0.0000, 0.0000, 0.0000, 0.0000]])
tensor([[-0.8807,  1.0000,  0.0000,  0.0000,  0.0000,  0.0000]])
tensor([[-0.5772,  1.0000,  1.0000,  0.0000,  0.0000,  0.0000]])
tensor([[0.4164, 1.0000, 0.0000, 1.0000, 0.0000, 0.0000]])
tensor([[-0.5771,  1.0000,  0.0000,  0.0000,  0.0000,  0.0000]])
tensor([[0.1223, 1.0000, 0.0000, 0.0000, 0.0000, 0.0000]])
tensor([[0.7011, 1.0000, 0.0000, 0.0000, 0.0000, 0.0000]])
tensor([[0.3231, 1.0000, 0.0000, 0.0000, 0.0000, 0.0000]])
tensor([[0.2422, 1.0000, 0.0000, 0.0000, 0.0000, 0.0000]])
tensor([[0.8683, 1.0000, 0.0000, 0.0000, 0.0000, 0.0000]])
tensor([[0.9072, 1.0000, 0.0000, 0.0000, 0.0000, 0.0000]])
tensor([[0.0921, 1.0000, 0.0000, 0.0000, 0.0000, 0.0000]])
tensor([[0.1504, 1.0000, 0.0000, 0.0000, 0.0000, 0.0000]])
tensor([[-0.7743,  1.0000,  0.0000,  0.0000,  0.0000,  0.0000]])
tensor([[-0.5383,  1.0000,  0.0000,  0.0000,  0.0000,  0.0000]])
tensor([[-0.2780,  1.0000,  0.0000,  0.0000,  0.0000,  0.0000]])
tensor([[0.8846, 1.0000, 0.0000, 0.0000, 0.0000, 0.0000]])
tensor([[0.2149, 1.0000, 0.0000, 0.0000, 0.0000, 0.0000]])
tensor([[0.7473, 1.0000, 0.0000, 0.0000, 0.0000, 0.0000]])
tensor([[0.9247, 1.0000, 0.0000, 0.0000, 0.0000, 0.0000]])
tensor([[0.5046, 1.0000, 1.0000, 0.0000, 0.0000, 0.0000]])
tensor([[-0.8272,  1.0000,  0.0000,  0.0000,  0.0000,  0.0000]])
tensor([[-0.8461,  1.0000,  0.0000,  1.0000,  0.0000,  0.0000]])
tensor([[0.9047, 1.0000, 0.0000, 0.0000, 0.0000, 0.0000]])
tensor([[0.0877, 1.0000, 0.0000, 0.0000, 0.0000, 0.0000]])
tensor([[0.2653, 1.0000, 0.0000, 0.0000, 0.0000, 0.0000]])
tensor([[0.9678, 1.0000, 0.0000, 0.0000, 0.0000, 0.0000]])
tensor([[0.5439, 1.0000, 0.0000, 0.0000, 0.0000, 0.0000]])
tensor([[0.9770, 1.0000, 0.0000, 0.0000, 0.0000, 0.0000]])
tensor([[0.2687, 1.0000, 0.0000, 1.0000, 0.0000, 1.0000]])
tensor([[0.9039, 1.0000, 0.0000, 0.0000, 0.0000, 0.0000]])
tensor([[0.9843, 1.0000, 0.0000, 0.0000, 0.0000, 0.0000]])
tensor([[-0.1840,  1.0000,  0.0000,  0.0000,  0.0000,  0.0000]])
tensor([[-0.0608,  1.0000,  0.0000,  0.0000,  0.0000,  0.0000]])
tensor([[-0.2647,  1.0000,  0.0000,  0.0000,  0.0000,  0.0000]])
tensor([[0.0250, 1.0000, 0.0000, 0.0000, 0.0000, 0.0000]])
tensor([[0.7510, 1.0000, 0.0000, 0.0000, 0.0000, 0.0000]])
tensor([[-0.0169,  1.0000,  0.0000,  0.0000,  0.0000,  0.0000]])
tensor([[0.7188, 1.0000, 0.0000, 0.0000, 0.0000, 0.0000]])
tensor([[0.9088, 1.0000, 0.0000, 1.0000, 0.0000, 0.0000]])
tensor([[0.7724, 1.0000, 0.0000, 0.0000, 0.0000, 0.0000]])
tensor([[0.2699, 1.0000, 0.0000, 1.0000, 0.0000, 0.0000]])
tensor([[0.4763, 1.0000, 0.0000, 0.0000, 0.0000, 0.0000]])
tensor([[-0.6735,  1.0000,  0.0000,  0.0000,  0.0000,  0.0000]])
tensor([[0.3893, 1.0000, 0.0000, 0.0000, 0.0000, 0.0000]])
tensor([[0.7649, 1.0000, 0.0000, 0.0000, 0.0000, 0.0000]])
tensor([[-0.8647,  1.0000,  1.0000,  0.0000,  0.0000,  0.0000]])
tensor([[-0.0033,  1.0000,  0.0000,  0.0000,  0.0000,  0.0000]])
tensor([[0.0201, 1.0000, 0.0000, 0.0000, 0.0000, 0.0000]])
tensor([[0.9320, 1.0000, 0.0000, 0.0000, 0.0000, 0.0000]])
tensor([[-0.4407,  1.0000,  0.0000,  0.0000,  0.0000,  0.0000]])
tensor([[0.5274, 1.0000, 0.0000, 0.0000, 0.0000, 0.0000]])
tensor([[-0.3101,  1.0000,  0.0000,  0.0000,  0.0000,  0.0000]])
tensor([[-0.2392,  1.0000,  0.0000,  0.0000,  0.0000,  0.0000]])
tensor([[0.6475, 1.0000, 0.0000, 0.0000, 0.0000, 0.0000]])
tensor([[-0.1329,  1.0000,  1.0000,  0.0000,  0.0000,  0.0000]])
tensor([[-0.2455,  1.0000,  0.0000,  0.0000,  1.0000,  0.0000]])
tensor([[-0.9675,  1.0000,  0.0000,  0.0000,  0.0000,  0.0000]])
tensor([[0.6374, 1.0000, 1.0000, 0.0000, 0.0000, 0.0000]])
tensor([[0.5859, 1.0000, 0.0000, 0.0000, 0.0000, 0.0000]])
tensor([[-0.3646,  1.0000,  0.0000,  0.0000,  0.0000,  0.0000]])
tensor([[0.6731, 1.0000, 0.0000, 0.0000, 0.0000, 0.0000]])
tensor([[-0.0307,  1.0000,  0.0000,  0.0000,  0.0000,  0.0000]])
tensor([[-0.0846,  1.0000,  0.0000,  0.0000,  0.0000,  0.0000]])
tensor([[0.1486, 1.0000, 0.0000, 1.0000, 0.0000, 0.0000]])
tensor([[-0.1344,  1.0000,  0.0000,  0.0000,  0.0000,  0.0000]])
tensor([[-0.6030,  1.0000,  0.0000,  0.0000,  0.0000,  0.0000]])
tensor([[0.0105, 1.0000, 0.0000, 0.0000, 0.0000, 0.0000]])
tensor([[0.8088, 1.0000, 0.0000, 0.0000, 0.0000, 0.0000]])
tensor([[0.9507, 1.0000, 0.0000, 0.0000, 0.0000, 0.0000]])
tensor([[-0.8055,  1.0000,  0.0000,  0.0000,  0.0000,  0.0000]])
tensor([[0.1729, 1.0000, 0.0000, 0.0000, 0.0000, 0.0000]])
tensor([[-0.6579,  1.0000,  0.0000,  0.0000,  0.0000,  0.0000]])
tensor([[0.6554, 1.0000, 0.0000, 0.0000, 0.0000, 0.0000]])
tensor([[-0.1920,  1.0000,  0.0000,  0.0000,  0.0000,  0.0000]])
tensor([[0.3148, 1.0000, 0.0000, 0.0000, 0.0000, 0.0000]])
tensor([[0.4080, 1.0000, 0.0000, 0.0000, 0.0000, 0.0000]])
tensor([[0.5975, 1.0000, 0.0000, 0.0000, 0.0000, 0.0000]])
tensor([[-0.2675,  1.0000,  0.0000,  1.0000,  0.0000,  0.0000]])
tensor([[-0.6031,  1.0000,  0.0000,  0.0000,  0.0000,  0.0000]])
tensor([[-0.3879,  1.0000,  0.0000,  0.0000,  0.0000,  0.0000]])
tensor([[0.9670, 1.0000, 0.0000, 0.0000, 0.0000, 0.0000]])
tensor([[-0.9606,  1.0000,  0.0000,  0.0000,  0.0000,  0.0000]])
tensor([[0.4308, 1.0000, 0.0000, 0.0000, 0.0000, 0.0000]])
tensor([[0.7072, 1.0000, 0.0000, 0.0000, 0.0000, 0.0000]])
tensor([[0.2750, 1.0000, 0.0000, 0.0000, 1.0000, 0.0000]])
tensor([[0.0817, 1.0000, 0.0000, 0.0000, 0.0000, 0.0000]])
tensor([[0.7142, 1.0000, 0.0000, 0.0000, 0.0000, 0.0000]])
tensor([[0.5780, 1.0000, 0.0000, 1.0000, 0.0000, 0.0000]])
tensor([[0.9190, 1.0000, 0.0000, 0.0000, 0.0000, 0.0000]])
tensor([[-0.5490,  1.0000,  0.0000,  0.0000,  0.0000,  0.0000]])
tensor([[0.5808, 1.0000, 0.0000, 0.0000, 0.0000, 0.0000]])
tensor([[0.5432, 1.0000, 0.0000, 1.0000, 0.0000, 0.0000]])
tensor([[0.6194, 1.0000, 0.0000, 0.0000, 0.0000, 0.0000]])
tensor([[0.8614, 1.0000, 0.0000, 0.0000, 0.0000, 0.0000]])
tensor([[-0.5229,  1.0000,  0.0000,  0.0000,  0.0000,  0.0000]])
tensor([[0.5998, 1.0000, 0.0000, 0.0000, 0.0000, 0.0000]])
tensor([[0.9696, 1.0000, 0.0000, 0.0000, 0.0000, 0.0000]])
tensor([[0.4731, 1.0000, 0.0000, 0.0000, 0.0000, 0.0000]])
tensor([[-0.0028,  1.0000,  0.0000,  0.0000,  0.0000,  0.0000]])
tensor([[0.0250, 1.0000, 0.0000, 0.0000, 0.0000, 0.0000]])
tensor([[0.4039, 1.0000, 0.0000, 0.0000, 0.0000, 0.0000]])
tensor([[0.8846, 1.0000, 0.0000, 0.0000, 0.0000, 0.0000]])
tensor([[-0.1771,  1.0000,  0.0000,  0.0000,  0.0000,  0.0000]])
tensor([[0.8698, 1.0000, 0.0000, 0.0000, 0.0000, 0.0000]])
tensor([[0.5468, 1.0000, 0.0000, 1.0000, 0.0000, 0.0000]])
tensor([[-0.2657,  1.0000,  0.0000,  0.0000,  0.0000,  0.0000]])
tensor([[-0.0174,  1.0000,  0.0000,  0.0000,  0.0000,  0.0000]])
tensor([[0.6163, 1.0000, 0.0000, 0.0000, 0.0000, 0.0000]])
tensor([[0.0712, 1.0000, 0.0000, 0.0000, 0.0000, 0.0000]])
tensor([[-0.6505,  1.0000,  0.0000,  0.0000,  0.0000,  0.0000]])
tensor([[0.0434, 1.0000, 0.0000, 0.0000, 0.0000, 0.0000]])
tensor([[-0.2946,  1.0000,  0.0000,  0.0000,  0.0000,  0.0000]])
tensor([[-0.0437,  1.0000,  0.0000,  0.0000,  0.0000,  0.0000]])
tensor([[-0.8119,  1.0000,  0.0000,  0.0000,  0.0000,  0.0000]])
tensor([[0.7586, 1.0000, 0.0000, 0.0000, 0.0000, 0.0000]])
tensor([[0.7874, 1.0000, 0.0000, 0.0000, 0.0000, 0.0000]])
tensor([[-0.8607,  1.0000,  1.0000,  1.0000,  1.0000,  0.0000]])
tensor([[-0.4195,  1.0000,  0.0000,  0.0000,  0.0000,  0.0000]])
tensor([[-0.4488,  1.0000,  0.0000,  0.0000,  0.0000,  0.0000]])
tensor([[0.5298, 1.0000, 0.0000, 0.0000, 0.0000, 0.0000]])
tensor([[0.1919, 1.0000, 0.0000, 0.0000, 0.0000, 0.0000]])
tensor([[0.7864, 1.0000, 0.0000, 0.0000, 0.0000, 0.0000]])
tensor([[-0.3185,  1.0000,  0.0000,  0.0000,  0.0000,  0.0000]])
tensor([[0.9466, 1.0000, 0.0000, 1.0000, 0.0000, 0.0000]])
tensor([[0.1469, 1.0000, 0.0000, 0.0000, 0.0000, 0.0000]])
tensor([[0.7510, 1.0000, 0.0000, 0.0000, 0.0000, 0.0000]])
tensor([[0.8009, 1.0000, 0.0000, 0.0000, 0.0000, 0.0000]])
tensor([[0.7783, 1.0000, 0.0000, 0.0000, 0.0000, 0.0000]])
tensor([[0.3326, 1.0000, 0.0000, 0.0000, 0.0000, 0.0000]])
tensor([[0.9471, 1.0000, 1.0000, 0.0000, 0.0000, 0.0000]])
tensor([[0.4908, 1.0000, 0.0000, 0.0000, 0.0000, 0.0000]])
tensor([[-0.1536,  1.0000,  0.0000,  0.0000,  0.0000,  0.0000]])
tensor([[0.9797, 1.0000, 0.0000, 0.0000, 0.0000, 0.0000]])
tensor([[-0.9265,  1.0000,  0.0000,  0.0000,  0.0000,  0.0000]])
tensor([[0.5824, 1.0000, 0.0000, 0.0000, 0.0000, 0.0000]])
tensor([[-0.0630,  1.0000,  0.0000,  0.0000,  0.0000,  0.0000]])
tensor([[0.7211, 1.0000, 0.0000, 0.0000, 0.0000, 0.0000]])
tensor([[-0.2977,  1.0000,  0.0000,  0.0000,  0.0000,  0.0000]])
tensor([[0.6869, 1.0000, 0.0000, 0.0000, 0.0000, 0.0000]])
tensor([[-0.9509,  1.0000,  0.0000,  0.0000,  0.0000,  0.0000]])
tensor([[0.0218, 1.0000, 0.0000, 0.0000, 0.0000, 0.0000]])
tensor([[0.7364, 0.0000, 0.0000, 0.0000, 0.0000, 0.0000]])
tensor([[0.5266, 1.0000, 0.0000, 1.0000, 0.0000, 0.0000]])
tensor([[-0.2589,  1.0000,  0.0000,  0.0000,  0.0000,  0.0000]])
tensor([[0.6518, 1.0000, 0.0000, 0.0000, 0.0000, 0.0000]])
tensor([[-0.3743,  1.0000,  0.0000,  1.0000,  0.0000,  0.0000]])
tensor([[-0.0363,  1.0000,  0.0000,  0.0000,  0.0000,  0.0000]])
tensor([[-0.9464,  1.0000,  0.0000,  0.0000,  0.0000,  0.0000]])
tensor([[0.3410, 1.0000, 0.0000, 0.0000, 0.0000, 0.0000]])
tensor([[0.8621, 1.0000, 0.0000, 0.0000, 0.0000, 0.0000]])
tensor([[0.3750, 1.0000, 0.0000, 0.0000, 0.0000, 0.0000]])
tensor([[-0.4249,  1.0000,  0.0000,  0.0000,  0.0000,  0.0000]])
tensor([[0.4041, 1.0000, 0.0000, 1.0000, 0.0000, 0.0000]])
tensor([[0.7376, 1.0000, 0.0000, 0.0000, 0.0000, 0.0000]])
tensor([[-0.9681,  1.0000,  0.0000,  0.0000,  0.0000,  0.0000]])
tensor([[-0.5968,  1.0000,  0.0000,  0.0000,  0.0000,  0.0000]])
tensor([[-0.5967,  1.0000,  0.0000,  0.0000,  0.0000,  0.0000]])
tensor([[0.9595, 1.0000, 0.0000, 0.0000, 0.0000, 0.0000]])
tensor([[0.5651, 1.0000, 1.0000, 0.0000, 0.0000, 0.0000]])
tensor([[0.6572, 0.0000, 0.0000, 1.0000, 0.0000, 0.0000]])
tensor([[-0.5874,  1.0000,  0.0000,  0.0000,  0.0000,  0.0000]])
tensor([[-0.3151,  1.0000,  0.0000,  0.0000,  0.0000,  0.0000]])
tensor([[-0.9385,  1.0000,  0.0000,  0.0000,  0.0000,  0.0000]])
tensor([[0.1625, 1.0000, 0.0000, 0.0000, 0.0000, 0.0000]])
tensor([[0.3180, 1.0000, 0.0000, 0.0000, 0.0000, 0.0000]])
tensor([[0.2159, 0.0000, 0.0000, 1.0000, 0.0000, 0.0000]])
tensor([[0.7494, 1.0000, 0.0000, 0.0000, 0.0000, 0.0000]])
tensor([[0.3020, 1.0000, 0.0000, 0.0000, 0.0000, 0.0000]])
tensor([[-0.9357,  1.0000,  0.0000,  0.0000,  0.0000,  0.0000]])
tensor([[-0.7050,  1.0000,  0.0000,  0.0000,  0.0000,  0.0000]])
tensor([[0.4972, 1.0000, 0.0000, 0.0000, 0.0000, 0.0000]])
tensor([[0.0476, 1.0000, 0.0000, 0.0000, 0.0000, 0.0000]])
tensor([[0.1879, 1.0000, 0.0000, 0.0000, 0.0000, 0.0000]])
tensor([[0.1284, 1.0000, 0.0000, 0.0000, 0.0000, 0.0000]])
tensor([[0.3793, 1.0000, 1.0000, 0.0000, 0.0000, 0.0000]])
tensor([[-0.0093,  1.0000,  0.0000,  0.0000,  0.0000,  0.0000]])
tensor([[0.7012, 1.0000, 0.0000, 0.0000, 0.0000, 0.0000]])
tensor([[-0.9406,  1.0000,  0.0000,  0.0000,  0.0000,  0.0000]])
tensor([[0.1992, 1.0000, 0.0000, 0.0000, 0.0000, 0.0000]])
tensor([[0.1843, 1.0000, 0.0000, 0.0000, 0.0000, 0.0000]])
tensor([[0.9016, 1.0000, 0.0000, 0.0000, 0.0000, 0.0000]])
tensor([[0.6690, 1.0000, 0.0000, 0.0000, 0.0000, 0.0000]])
tensor([[-0.1489,  1.0000,  0.0000,  0.0000,  0.0000,  0.0000]])
tensor([[0.9776, 1.0000, 0.0000, 0.0000, 0.0000, 0.0000]])
tensor([[0.7130, 1.0000, 0.0000, 0.0000, 0.0000, 0.0000]])
tensor([[-0.6090,  1.0000,  0.0000,  0.0000,  0.0000,  0.0000]])
tensor([[-0.3639,  1.0000,  0.0000,  1.0000,  0.0000,  0.0000]])
tensor([[0.9274, 1.0000, 0.0000, 1.0000, 0.0000, 0.0000]])
tensor([[0.3407, 1.0000, 0.0000, 0.0000, 0.0000, 0.0000]])
tensor([[0.7857, 1.0000, 0.0000, 0.0000, 0.0000, 0.0000]])
tensor([[0.6159, 1.0000, 0.0000, 0.0000, 0.0000, 0.0000]])
tensor([[-0.0235,  1.0000,  0.0000,  0.0000,  0.0000,  0.0000]])
tensor([[0.9967, 1.0000, 0.0000, 0.0000, 0.0000, 0.0000]])
tensor([[0.6455, 1.0000, 0.0000, 0.0000, 0.0000, 0.0000]])
tensor([[0.1947, 1.0000, 0.0000, 0.0000, 0.0000, 0.0000]])
tensor([[0.8700, 1.0000, 0.0000, 0.0000, 0.0000, 0.0000]])
tensor([[-0.0445,  1.0000,  1.0000,  0.0000,  0.0000,  0.0000]])
tensor([[0.8792, 1.0000, 0.0000, 0.0000, 0.0000, 0.0000]])
tensor([[0.4939, 1.0000, 1.0000, 1.0000, 0.0000, 0.0000]])
tensor([[0.6448, 1.0000, 0.0000, 0.0000, 0.0000, 0.0000]])
tensor([[0.9662, 1.0000, 0.0000, 0.0000, 0.0000, 0.0000]])
tensor([[-0.3179,  1.0000,  0.0000,  0.0000,  0.0000,  0.0000]])
tensor([[0.4106, 1.0000, 0.0000, 0.0000, 0.0000, 0.0000]])
tensor([[0.7006, 1.0000, 0.0000, 0.0000, 0.0000, 0.0000]])
tensor([[0.9052, 1.0000, 0.0000, 0.0000, 0.0000, 0.0000]])
tensor([[0.1202, 1.0000, 0.0000, 0.0000, 0.0000, 0.0000]])
tensor([[0.4881, 1.0000, 0.0000, 0.0000, 0.0000, 0.0000]])
tensor([[0.7270, 1.0000, 0.0000, 0.0000, 0.0000, 0.0000]])
tensor([[-0.3652,  1.0000,  0.0000,  0.0000,  0.0000,  0.0000]])
tensor([[-0.8777,  1.0000,  0.0000,  0.0000,  0.0000,  0.0000]])
tensor([[0.9536, 1.0000, 0.0000, 0.0000, 0.0000, 0.0000]])
tensor([[0.5101, 1.0000, 0.0000, 0.0000, 0.0000, 0.0000]])
INFO:root:Agent 0 (TQCars): avg action time = 0.0015s
tensor([[0.0821, 1.0000, 0.0000, 0.0000, 0.0000, 0.0000]])
tensor([[-0.9388,  1.0000,  0.0000,  0.0000,  0.0000,  0.0000]])
tensor([[0.0053, 1.0000, 0.0000, 0.0000, 0.0000, 0.0000]])
tensor([[0.7355, 1.0000, 0.0000, 0.0000, 0.0000, 0.0000]])
tensor([[0.3640, 1.0000, 1.0000, 1.0000, 0.0000, 0.0000]])
tensor([[0.6619, 1.0000, 0.0000, 0.0000, 0.0000, 0.0000]])
tensor([[0.8555, 1.0000, 0.0000, 0.0000, 0.0000, 0.0000]])
tensor([[0.1801, 1.0000, 0.0000, 1.0000, 0.0000, 0.0000]])
tensor([[0.7967, 1.0000, 0.0000, 0.0000, 0.0000, 0.0000]])
tensor([[0.8561, 1.0000, 0.0000, 0.0000, 0.0000, 0.0000]])
tensor([[-0.9347,  1.0000,  0.0000,  0.0000,  0.0000,  0.0000]])
tensor([[-0.0203,  1.0000,  0.0000,  0.0000,  0.0000,  0.0000]])
tensor([[0.0020, 1.0000, 0.0000, 0.0000, 0.0000, 0.0000]])
tensor([[-0.1990,  1.0000,  0.0000,  0.0000,  0.0000,  0.0000]])
tensor([[-0.2066,  1.0000,  1.0000,  0.0000,  0.0000,  0.0000]])
tensor([[-0.2789,  1.0000,  0.0000,  0.0000,  0.0000,  0.0000]])
tensor([[0.4797, 1.0000, 1.0000, 0.0000, 0.0000, 0.0000]])
tensor([[-0.0755,  1.0000,  1.0000,  0.0000,  0.0000,  0.0000]])
tensor([[0.5413, 1.0000, 0.0000, 0.0000, 0.0000, 0.0000]])
tensor([[0.7829, 0.0000, 0.0000, 0.0000, 0.0000, 0.0000]])
tensor([[0.6160, 1.0000, 0.0000, 0.0000, 0.0000, 0.0000]])
tensor([[0.2023, 1.0000, 0.0000, 0.0000, 0.0000, 0.0000]])
tensor([[-0.9277,  1.0000,  0.0000,  0.0000,  0.0000,  0.0000]])
tensor([[0.9135, 1.0000, 0.0000, 0.0000, 0.0000, 0.0000]])
tensor([[-0.5971,  1.0000,  1.0000,  1.0000,  0.0000,  0.0000]])
tensor([[0.5312, 1.0000, 0.0000, 0.0000, 0.0000, 0.0000]])
tensor([[-0.1564,  1.0000,  0.0000,  0.0000,  0.0000,  0.0000]])
tensor([[-0.7653,  1.0000,  0.0000,  0.0000,  0.0000,  0.0000]])
tensor([[0.4914, 1.0000, 1.0000, 0.0000, 0.0000, 0.0000]])
tensor([[0.2688, 1.0000, 1.0000, 0.0000, 0.0000, 0.0000]])
tensor([[-0.1178,  1.0000,  0.0000,  0.0000,  0.0000,  0.0000]])
tensor([[-0.6996,  1.0000,  0.0000,  0.0000,  0.0000,  0.0000]])
tensor([[0.2643, 1.0000, 0.0000, 0.0000, 0.0000, 0.0000]])
tensor([[0.5832, 1.0000, 0.0000, 1.0000, 0.0000, 0.0000]])
tensor([[0.4115, 1.0000, 0.0000, 0.0000, 0.0000, 0.0000]])
tensor([[-0.8086,  1.0000,  0.0000,  0.0000,  0.0000,  0.0000]])
tensor([[0.7551, 1.0000, 0.0000, 0.0000, 0.0000, 0.0000]])
tensor([[0.1353, 1.0000, 0.0000, 0.0000, 0.0000, 0.0000]])
tensor([[-0.4586,  1.0000,  0.0000,  0.0000,  0.0000,  0.0000]])
tensor([[0.7006, 1.0000, 0.0000, 0.0000, 0.0000, 0.0000]])
tensor([[0.1726, 1.0000, 0.0000, 0.0000, 0.0000, 0.0000]])
tensor([[-0.0557,  1.0000,  0.0000,  0.0000,  0.0000,  0.0000]])
tensor([[0.1926, 1.0000, 0.0000, 0.0000, 0.0000, 0.0000]])
tensor([[0.9141, 1.0000, 1.0000, 0.0000, 0.0000, 0.0000]])
tensor([[-0.1254,  1.0000,  0.0000,  0.0000,  0.0000,  0.0000]])
tensor([[-0.3645,  1.0000,  0.0000,  0.0000,  0.0000,  0.0000]])
tensor([[-0.6345,  1.0000,  0.0000,  0.0000,  0.0000,  0.0000]])
tensor([[0.0473, 1.0000, 0.0000, 1.0000, 0.0000, 0.0000]])
{"type": "results", "track": "ravenbridge_mansion", "results": [{"key": 0, "reward": -0.1, "position": 4, "name": "TQCars", "avg_action_time": 0.0014714201886502755}]}
