INFO:root:Loading the agents
INFO:root:Loaded player TQCars
INFO:root:Creating pystk-1
INFO:root:Adding wrapper <function get_wrappers.<locals>.<lambda> at 0x7ec948cff420>
INFO:root:Adding wrapper <function get_wrappers.<locals>.<lambda> at 0x7ec948cff4c0>
INFO:root:Adding wrapper <function get_wrappers.<locals>.<lambda> at 0x7ec948cff560>
INFO:root:Adding wrapper <function get_wrappers.<locals>.<lambda> at 0x7ec948cff600>
INFO:root:(multi-env mono adapter) Setting main environment max_paths to 5
INFO:root:Loading trained model from CHECKPOINT-GPUFAC/tqc_EXP16BASEREWARD_700000.pt...
INFO:root:Starting a race
tensor([[-0.1344,  1.0000,  0.0000,  0.0000,  0.0000,  0.0000]])
tensor([[-0.6147,  1.0000,  0.0000,  0.0000,  0.0000,  0.0000]])
tensor([[0.2359, 1.0000, 0.0000, 0.0000, 0.0000, 0.0000]])
tensor([[-0.1043,  1.0000,  0.0000,  0.0000,  0.0000,  0.0000]])
tensor([[-0.4034,  1.0000,  0.0000,  0.0000,  0.0000,  0.0000]])
tensor([[-0.8364,  1.0000,  0.0000,  0.0000,  0.0000,  0.0000]])
tensor([[0.1839, 1.0000, 0.0000, 0.0000, 0.0000, 0.0000]])
tensor([[-0.2874,  1.0000,  0.0000,  0.0000,  0.0000,  0.0000]])
tensor([[0.6695, 1.0000, 0.0000, 0.0000, 0.0000, 0.0000]])
tensor([[-0.1103,  1.0000,  0.0000,  0.0000,  0.0000,  0.0000]])
tensor([[-0.7824,  1.0000,  0.0000,  0.0000,  0.0000,  0.0000]])
tensor([[0.6493, 1.0000, 0.0000, 0.0000, 0.0000, 0.0000]])
tensor([[-0.0367,  1.0000,  0.0000,  0.0000,  0.0000,  0.0000]])
tensor([[-0.8277,  1.0000,  0.0000,  0.0000,  0.0000,  0.0000]])
tensor([[0.2987, 1.0000, 0.0000, 0.0000, 0.0000, 0.0000]])
tensor([[0.4702, 1.0000, 0.0000, 0.0000, 1.0000, 0.0000]])
tensor([[-0.7991,  1.0000,  0.0000,  0.0000,  0.0000,  0.0000]])
tensor([[-0.5252,  1.0000,  0.0000,  0.0000,  0.0000,  0.0000]])
tensor([[-0.2330,  1.0000,  0.0000,  0.0000,  0.0000,  0.0000]])
tensor([[0.5344, 1.0000, 0.0000, 0.0000, 0.0000, 0.0000]])
tensor([[-0.6258,  1.0000,  0.0000,  0.0000,  0.0000,  0.0000]])
tensor([[0.4244, 1.0000, 0.0000, 0.0000, 0.0000, 0.0000]])
tensor([[-0.6488,  1.0000,  0.0000,  0.0000,  0.0000,  0.0000]])
tensor([[0.2651, 1.0000, 0.0000, 0.0000, 0.0000, 0.0000]])
tensor([[0.9183, 1.0000, 0.0000, 0.0000, 0.0000, 0.0000]])
tensor([[0.9672, 1.0000, 0.0000, 0.0000, 0.0000, 0.0000]])
tensor([[-0.9038,  1.0000,  0.0000,  0.0000,  0.0000,  0.0000]])
tensor([[-0.9097,  1.0000,  0.0000,  0.0000,  0.0000,  0.0000]])
tensor([[-0.8677,  1.0000,  0.0000,  0.0000,  0.0000,  0.0000]])
tensor([[0.4882, 1.0000, 0.0000, 0.0000, 0.0000, 0.0000]])
tensor([[-0.2031,  1.0000,  1.0000,  0.0000,  0.0000,  0.0000]])
tensor([[0.5165, 1.0000, 0.0000, 0.0000, 0.0000, 0.0000]])
tensor([[0.1328, 1.0000, 0.0000, 0.0000, 0.0000, 0.0000]])
tensor([[-0.5617,  1.0000,  0.0000,  0.0000,  0.0000,  0.0000]])
tensor([[-0.3531,  1.0000,  0.0000,  1.0000,  0.0000,  0.0000]])
tensor([[0.7505, 1.0000, 0.0000, 0.0000, 0.0000, 0.0000]])
tensor([[-0.6346,  1.0000,  0.0000,  0.0000,  0.0000,  0.0000]])
tensor([[-0.3441,  1.0000,  0.0000,  0.0000,  0.0000,  0.0000]])
tensor([[-0.2591,  1.0000,  0.0000,  0.0000,  0.0000,  0.0000]])
tensor([[-0.9609,  1.0000,  0.0000,  0.0000,  0.0000,  0.0000]])
tensor([[0.3584, 1.0000, 0.0000, 0.0000, 0.0000, 0.0000]])
tensor([[0.5166, 1.0000, 0.0000, 0.0000, 0.0000, 0.0000]])
tensor([[-0.3155,  1.0000,  0.0000,  0.0000,  0.0000,  0.0000]])
tensor([[-0.8464,  1.0000,  0.0000,  0.0000,  0.0000,  0.0000]])
tensor([[0.1692, 1.0000, 0.0000, 0.0000, 0.0000, 0.0000]])
tensor([[-0.5809,  1.0000,  0.0000,  0.0000,  0.0000,  0.0000]])
tensor([[-0.7109,  1.0000,  0.0000,  0.0000,  0.0000,  0.0000]])
tensor([[-0.2090,  1.0000,  0.0000,  0.0000,  0.0000,  0.0000]])
tensor([[-0.1739,  0.0000,  0.0000,  0.0000,  1.0000,  0.0000]])
tensor([[-0.5953,  1.0000,  0.0000,  0.0000,  0.0000,  0.0000]])
tensor([[-0.0835,  1.0000,  0.0000,  0.0000,  0.0000,  0.0000]])
tensor([[-0.8689,  1.0000,  0.0000,  0.0000,  0.0000,  0.0000]])
tensor([[0.2891, 1.0000, 0.0000, 0.0000, 0.0000, 0.0000]])
tensor([[-0.0893,  1.0000,  0.0000,  0.0000,  0.0000,  0.0000]])
tensor([[-0.7620,  1.0000,  0.0000,  0.0000,  0.0000,  0.0000]])
tensor([[-0.3371,  1.0000,  0.0000,  0.0000,  0.0000,  0.0000]])
tensor([[0.5417, 1.0000, 0.0000, 0.0000, 0.0000, 0.0000]])
tensor([[0.4377, 1.0000, 0.0000, 0.0000, 0.0000, 0.0000]])
tensor([[0.4330, 1.0000, 0.0000, 0.0000, 0.0000, 0.0000]])
tensor([[0.5791, 1.0000, 0.0000, 0.0000, 0.0000, 0.0000]])
tensor([[-0.3332,  1.0000,  0.0000,  0.0000,  0.0000,  0.0000]])
tensor([[-0.1866,  1.0000,  0.0000,  0.0000,  0.0000,  0.0000]])
tensor([[-0.8044,  1.0000,  0.0000,  0.0000,  0.0000,  0.0000]])
tensor([[-0.6498,  1.0000,  0.0000,  0.0000,  0.0000,  0.0000]])
tensor([[-0.3954,  1.0000,  0.0000,  0.0000,  0.0000,  0.0000]])
tensor([[-0.0381,  1.0000,  1.0000,  0.0000,  0.0000,  0.0000]])
tensor([[0.5818, 1.0000, 0.0000, 0.0000, 0.0000, 0.0000]])
tensor([[0.4930, 0.0000, 0.0000, 0.0000, 0.0000, 0.0000]])
tensor([[0.7176, 1.0000, 0.0000, 0.0000, 0.0000, 0.0000]])
tensor([[-0.5390,  1.0000,  0.0000,  0.0000,  0.0000,  0.0000]])
tensor([[-0.5695,  1.0000,  0.0000,  0.0000,  0.0000,  0.0000]])
tensor([[0.0186, 1.0000, 0.0000, 0.0000, 0.0000, 0.0000]])
tensor([[-0.7543,  1.0000,  0.0000,  0.0000,  0.0000,  0.0000]])
tensor([[-0.5466,  1.0000,  0.0000,  0.0000,  0.0000,  0.0000]])
tensor([[-0.4956,  1.0000,  0.0000,  0.0000,  0.0000,  0.0000]])
tensor([[-0.3261,  1.0000,  0.0000,  0.0000,  0.0000,  0.0000]])
tensor([[0.7648, 1.0000, 0.0000, 0.0000, 0.0000, 0.0000]])
tensor([[-0.7639,  1.0000,  0.0000,  0.0000,  0.0000,  0.0000]])
tensor([[0.5183, 1.0000, 1.0000, 0.0000, 0.0000, 0.0000]])
tensor([[-0.3518,  1.0000,  0.0000,  0.0000,  0.0000,  0.0000]])
tensor([[-0.0578,  1.0000,  0.0000,  0.0000,  0.0000,  0.0000]])
tensor([[-0.0573,  1.0000,  0.0000,  0.0000,  0.0000,  0.0000]])
tensor([[-0.5720,  1.0000,  0.0000,  0.0000,  0.0000,  0.0000]])
tensor([[0.6866, 1.0000, 0.0000, 0.0000, 0.0000, 0.0000]])
tensor([[0.4374, 1.0000, 0.0000, 0.0000, 0.0000, 0.0000]])
tensor([[0.3869, 1.0000, 0.0000, 0.0000, 0.0000, 0.0000]])
tensor([[-0.5753,  1.0000,  0.0000,  1.0000,  0.0000,  0.0000]])
tensor([[-0.0492,  1.0000,  0.0000,  0.0000,  0.0000,  0.0000]])
tensor([[-0.6325,  1.0000,  0.0000,  1.0000,  0.0000,  0.0000]])
tensor([[0.2541, 1.0000, 0.0000, 0.0000, 0.0000, 0.0000]])
tensor([[0.9042, 1.0000, 1.0000, 0.0000, 0.0000, 0.0000]])
tensor([[-0.0536,  1.0000,  0.0000,  0.0000,  0.0000,  0.0000]])
tensor([[0.4590, 1.0000, 0.0000, 0.0000, 0.0000, 0.0000]])
tensor([[-0.3992,  1.0000,  0.0000,  0.0000,  0.0000,  0.0000]])
tensor([[-0.9461,  1.0000,  0.0000,  0.0000,  0.0000,  0.0000]])
tensor([[-0.4795,  1.0000,  0.0000,  0.0000,  0.0000,  0.0000]])
tensor([[-0.6415,  1.0000,  0.0000,  0.0000,  0.0000,  0.0000]])
tensor([[0.8317, 1.0000, 0.0000, 0.0000, 0.0000, 0.0000]])
tensor([[-0.2260,  1.0000,  0.0000,  0.0000,  0.0000,  0.0000]])
tensor([[0.2322, 1.0000, 0.0000, 0.0000, 0.0000, 0.0000]])
tensor([[-0.4314,  1.0000,  0.0000,  0.0000,  0.0000,  0.0000]])
tensor([[-0.9950,  1.0000,  1.0000,  0.0000,  0.0000,  0.0000]])
tensor([[-0.7207,  1.0000,  0.0000,  0.0000,  0.0000,  0.0000]])
tensor([[-0.5994,  1.0000,  0.0000,  0.0000,  0.0000,  0.0000]])
tensor([[-0.9165,  1.0000,  0.0000,  0.0000,  0.0000,  0.0000]])
tensor([[-0.2245,  1.0000,  0.0000,  0.0000,  0.0000,  0.0000]])
tensor([[-0.6575,  1.0000,  0.0000,  0.0000,  0.0000,  0.0000]])
tensor([[-0.0972,  1.0000,  0.0000,  0.0000,  0.0000,  0.0000]])
tensor([[-0.7692,  1.0000,  0.0000,  0.0000,  0.0000,  0.0000]])
tensor([[-0.6491,  1.0000,  0.0000,  0.0000,  0.0000,  0.0000]])
tensor([[0.3625, 1.0000, 0.0000, 0.0000, 0.0000, 0.0000]])
tensor([[-0.3432,  1.0000,  0.0000,  0.0000,  0.0000,  0.0000]])
tensor([[-0.8288,  1.0000,  0.0000,  0.0000,  0.0000,  0.0000]])
tensor([[0.4175, 1.0000, 0.0000, 0.0000, 0.0000, 0.0000]])
tensor([[-0.7537,  1.0000,  0.0000,  0.0000,  0.0000,  0.0000]])
tensor([[0.6348, 1.0000, 0.0000, 0.0000, 0.0000, 0.0000]])
tensor([[0.4779, 1.0000, 0.0000, 1.0000, 0.0000, 0.0000]])
tensor([[0.4453, 1.0000, 0.0000, 0.0000, 0.0000, 0.0000]])
tensor([[-0.8727,  1.0000,  0.0000,  0.0000,  0.0000,  0.0000]])
tensor([[-0.6589,  1.0000,  0.0000,  0.0000,  0.0000,  0.0000]])
tensor([[-0.8930,  1.0000,  0.0000,  0.0000,  0.0000,  0.0000]])
tensor([[-0.8363,  1.0000,  0.0000,  1.0000,  0.0000,  0.0000]])
tensor([[0.9383, 1.0000, 0.0000, 0.0000, 0.0000, 0.0000]])
tensor([[-0.9422,  1.0000,  0.0000,  0.0000,  0.0000,  0.0000]])
tensor([[0.7056, 1.0000, 0.0000, 0.0000, 0.0000, 0.0000]])
tensor([[-0.1115,  1.0000,  0.0000,  0.0000,  0.0000,  0.0000]])
tensor([[0.5796, 1.0000, 0.0000, 0.0000, 0.0000, 0.0000]])
tensor([[-0.7185,  1.0000,  0.0000,  0.0000,  0.0000,  0.0000]])
tensor([[0.1996, 1.0000, 0.0000, 0.0000, 0.0000, 0.0000]])
tensor([[0.9359, 1.0000, 0.0000, 0.0000, 0.0000, 0.0000]])
tensor([[0.1870, 1.0000, 0.0000, 0.0000, 0.0000, 0.0000]])
tensor([[-0.7538,  1.0000,  0.0000,  0.0000,  0.0000,  0.0000]])
tensor([[-0.9207,  1.0000,  0.0000,  0.0000,  0.0000,  0.0000]])
tensor([[0.1157, 1.0000, 0.0000, 0.0000, 0.0000, 0.0000]])
tensor([[-0.2827,  1.0000,  0.0000,  0.0000,  0.0000,  0.0000]])
tensor([[-0.8830,  1.0000,  0.0000,  0.0000,  0.0000,  0.0000]])
tensor([[0.0434, 1.0000, 0.0000, 0.0000, 0.0000, 0.0000]])
tensor([[0.9550, 1.0000, 0.0000, 0.0000, 0.0000, 0.0000]])
tensor([[0.8964, 1.0000, 0.0000, 0.0000, 0.0000, 0.0000]])
tensor([[0.2067, 1.0000, 0.0000, 1.0000, 0.0000, 0.0000]])
tensor([[0.8232, 1.0000, 0.0000, 0.0000, 0.0000, 0.0000]])
tensor([[0.4423, 1.0000, 0.0000, 0.0000, 0.0000, 0.0000]])
tensor([[0.7690, 1.0000, 0.0000, 0.0000, 0.0000, 0.0000]])
tensor([[-0.6075,  1.0000,  0.0000,  0.0000,  0.0000,  0.0000]])
tensor([[-0.0862,  1.0000,  0.0000,  0.0000,  0.0000,  0.0000]])
tensor([[0.6098, 1.0000, 0.0000, 0.0000, 0.0000, 0.0000]])
tensor([[0.4166, 1.0000, 0.0000, 0.0000, 0.0000, 0.0000]])
tensor([[0.2198, 1.0000, 0.0000, 0.0000, 0.0000, 0.0000]])
tensor([[0.8053, 1.0000, 0.0000, 0.0000, 0.0000, 0.0000]])
tensor([[0.6018, 1.0000, 0.0000, 0.0000, 0.0000, 0.0000]])
tensor([[0.1423, 1.0000, 0.0000, 1.0000, 0.0000, 0.0000]])
tensor([[0.3731, 1.0000, 0.0000, 0.0000, 0.0000, 0.0000]])
tensor([[-0.7502,  1.0000,  0.0000,  0.0000,  0.0000,  0.0000]])
tensor([[-0.3485,  1.0000,  0.0000,  0.0000,  0.0000,  0.0000]])
tensor([[-0.2981,  1.0000,  0.0000,  0.0000,  0.0000,  0.0000]])
tensor([[0.7067, 1.0000, 0.0000, 0.0000, 0.0000, 0.0000]])
tensor([[-0.0693,  1.0000,  0.0000,  0.0000,  0.0000,  0.0000]])
tensor([[-0.3794,  1.0000,  0.0000,  0.0000,  0.0000,  0.0000]])
tensor([[0.1589, 1.0000, 0.0000, 0.0000, 0.0000, 0.0000]])
tensor([[0.3218, 1.0000, 0.0000, 0.0000, 0.0000, 0.0000]])
tensor([[0.2575, 1.0000, 0.0000, 0.0000, 0.0000, 0.0000]])
tensor([[-0.4522,  1.0000,  0.0000,  0.0000,  0.0000,  0.0000]])
tensor([[-0.3656,  1.0000,  0.0000,  0.0000,  0.0000,  0.0000]])
tensor([[-0.1991,  1.0000,  0.0000,  0.0000,  0.0000,  0.0000]])
tensor([[0.1671, 1.0000, 0.0000, 0.0000, 0.0000, 0.0000]])
tensor([[0.7090, 1.0000, 0.0000, 0.0000, 0.0000, 0.0000]])
tensor([[-0.0632,  1.0000,  0.0000,  0.0000,  0.0000,  0.0000]])
tensor([[0.3566, 1.0000, 0.0000, 0.0000, 0.0000, 0.0000]])
tensor([[-0.8699,  0.0000,  0.0000,  0.0000,  0.0000,  0.0000]])
tensor([[-0.1045,  1.0000,  0.0000,  0.0000,  0.0000,  0.0000]])
tensor([[0.4987, 1.0000, 0.0000, 1.0000, 0.0000, 0.0000]])
tensor([[-0.2575,  1.0000,  0.0000,  0.0000,  0.0000,  0.0000]])
tensor([[0.7115, 1.0000, 0.0000, 0.0000, 0.0000, 0.0000]])
tensor([[-0.1429,  1.0000,  0.0000,  0.0000,  0.0000,  0.0000]])
tensor([[-0.5461,  1.0000,  0.0000,  0.0000,  0.0000,  0.0000]])
tensor([[-0.9168,  1.0000,  0.0000,  0.0000,  0.0000,  0.0000]])
tensor([[0.5566, 1.0000, 0.0000, 0.0000, 0.0000, 0.0000]])
tensor([[0.2239, 1.0000, 0.0000, 0.0000, 0.0000, 0.0000]])
tensor([[-0.3693,  1.0000,  0.0000,  0.0000,  0.0000,  0.0000]])
tensor([[0.8483, 1.0000, 0.0000, 0.0000, 0.0000, 0.0000]])
tensor([[0.2784, 1.0000, 0.0000, 0.0000, 0.0000, 0.0000]])
tensor([[-0.5775,  1.0000,  0.0000,  1.0000,  0.0000,  0.0000]])
tensor([[-0.6546,  1.0000,  0.0000,  0.0000,  0.0000,  0.0000]])
tensor([[-0.7513,  1.0000,  0.0000,  0.0000,  0.0000,  0.0000]])
tensor([[-0.8509,  1.0000,  0.0000,  0.0000,  0.0000,  0.0000]])
tensor([[-0.8657,  1.0000,  0.0000,  0.0000,  0.0000,  0.0000]])
tensor([[0.5128, 1.0000, 0.0000, 0.0000, 0.0000, 0.0000]])
tensor([[0.7422, 1.0000, 0.0000, 0.0000, 0.0000, 0.0000]])
tensor([[-0.3457,  1.0000,  0.0000,  0.0000,  0.0000,  0.0000]])
tensor([[0.6249, 1.0000, 1.0000, 0.0000, 0.0000, 0.0000]])
tensor([[-0.7380,  0.0000,  0.0000,  0.0000,  0.0000,  0.0000]])
tensor([[0.3100, 1.0000, 0.0000, 0.0000, 0.0000, 0.0000]])
tensor([[-0.2266,  1.0000,  0.0000,  0.0000,  0.0000,  0.0000]])
tensor([[-0.6368,  1.0000,  0.0000,  0.0000,  1.0000,  0.0000]])
tensor([[-0.1106,  1.0000,  0.0000,  0.0000,  0.0000,  0.0000]])
tensor([[0.2246, 1.0000, 1.0000, 0.0000, 0.0000, 0.0000]])
tensor([[-0.1159,  1.0000,  0.0000,  0.0000,  0.0000,  0.0000]])
tensor([[0.0343, 1.0000, 0.0000, 0.0000, 0.0000, 0.0000]])
tensor([[-0.7255,  0.0000,  0.0000,  0.0000,  0.0000,  0.0000]])
tensor([[0.9035, 1.0000, 0.0000, 0.0000, 0.0000, 0.0000]])
tensor([[0.6090, 1.0000, 0.0000, 0.0000, 0.0000, 0.0000]])
tensor([[-0.5967,  1.0000,  0.0000,  0.0000,  0.0000,  0.0000]])
tensor([[-0.7983,  1.0000,  1.0000,  0.0000,  0.0000,  0.0000]])
tensor([[0.4758, 1.0000, 0.0000, 0.0000, 0.0000, 0.0000]])
tensor([[0.7334, 1.0000, 0.0000, 0.0000, 0.0000, 0.0000]])
tensor([[-0.9565,  1.0000,  0.0000,  0.0000,  0.0000,  0.0000]])
tensor([[-0.7045,  1.0000,  0.0000,  0.0000,  0.0000,  0.0000]])
tensor([[0.4232, 1.0000, 0.0000, 0.0000, 0.0000, 0.0000]])
tensor([[0.7447, 1.0000, 0.0000, 0.0000, 0.0000, 0.0000]])
tensor([[-0.9624,  1.0000,  0.0000,  1.0000,  0.0000,  0.0000]])
tensor([[0.8762, 1.0000, 0.0000, 0.0000, 0.0000, 0.0000]])
tensor([[-0.6488,  1.0000,  0.0000,  0.0000,  0.0000,  0.0000]])
tensor([[0.7987, 1.0000, 0.0000, 0.0000, 0.0000, 0.0000]])
tensor([[2.1813e-04, 1.0000e+00, 0.0000e+00, 0.0000e+00, 0.0000e+00, 0.0000e+00]])
tensor([[-0.9079,  1.0000,  0.0000,  0.0000,  1.0000,  0.0000]])
tensor([[0.3254, 1.0000, 0.0000, 0.0000, 0.0000, 0.0000]])
tensor([[0.8306, 1.0000, 0.0000, 0.0000, 0.0000, 0.0000]])
tensor([[-0.4470,  1.0000,  0.0000,  0.0000,  0.0000,  0.0000]])
tensor([[0.1305, 1.0000, 0.0000, 0.0000, 0.0000, 0.0000]])
tensor([[-0.1509,  1.0000,  0.0000,  0.0000,  0.0000,  0.0000]])
tensor([[-0.2716,  1.0000,  0.0000,  0.0000,  0.0000,  0.0000]])
tensor([[0.8748, 1.0000, 0.0000, 1.0000, 0.0000, 0.0000]])
tensor([[-0.0097,  1.0000,  0.0000,  0.0000,  0.0000,  0.0000]])
tensor([[0.1225, 1.0000, 0.0000, 0.0000, 0.0000, 0.0000]])
tensor([[0.6765, 1.0000, 0.0000, 0.0000, 0.0000, 0.0000]])
tensor([[0.1648, 0.0000, 0.0000, 0.0000, 0.0000, 0.0000]])
tensor([[-0.2543,  1.0000,  0.0000,  0.0000,  0.0000,  0.0000]])
tensor([[0.7553, 1.0000, 0.0000, 0.0000, 0.0000, 0.0000]])
tensor([[-0.0230,  1.0000,  0.0000,  0.0000,  0.0000,  0.0000]])
tensor([[-0.6645,  1.0000,  0.0000,  0.0000,  0.0000,  0.0000]])
tensor([[0.8437, 1.0000, 0.0000, 0.0000, 0.0000, 0.0000]])
tensor([[-0.2978,  1.0000,  0.0000,  0.0000,  0.0000,  0.0000]])
tensor([[0.9575, 0.0000, 0.0000, 0.0000, 0.0000, 0.0000]])
tensor([[0.3526, 1.0000, 0.0000, 0.0000, 0.0000, 0.0000]])
tensor([[-0.8289,  1.0000,  0.0000,  0.0000,  0.0000,  0.0000]])
tensor([[-0.8598,  1.0000,  0.0000,  0.0000,  0.0000,  0.0000]])
tensor([[0.1513, 1.0000, 0.0000, 0.0000, 0.0000, 0.0000]])
tensor([[0.9098, 1.0000, 0.0000, 0.0000, 0.0000, 0.0000]])
tensor([[0.7733, 1.0000, 1.0000, 0.0000, 0.0000, 0.0000]])
tensor([[0.3925, 1.0000, 0.0000, 0.0000, 0.0000, 0.0000]])
tensor([[-0.8613,  1.0000,  0.0000,  0.0000,  0.0000,  0.0000]])
tensor([[0.9330, 1.0000, 1.0000, 1.0000, 0.0000, 0.0000]])
tensor([[0.4045, 1.0000, 0.0000, 0.0000, 0.0000, 0.0000]])
tensor([[-0.4046,  1.0000,  0.0000,  0.0000,  0.0000,  0.0000]])
tensor([[0.6179, 1.0000, 0.0000, 0.0000, 0.0000, 0.0000]])
tensor([[-0.1236,  1.0000,  0.0000,  0.0000,  0.0000,  0.0000]])
tensor([[-0.4584,  1.0000,  0.0000,  0.0000,  0.0000,  0.0000]])
tensor([[0.2397, 1.0000, 0.0000, 0.0000, 0.0000, 0.0000]])
tensor([[0.2255, 1.0000, 0.0000, 0.0000, 0.0000, 0.0000]])
tensor([[-0.1455,  1.0000,  0.0000,  0.0000,  0.0000,  0.0000]])
tensor([[0.8547, 1.0000, 0.0000, 0.0000, 0.0000, 0.0000]])
tensor([[-0.5614,  1.0000,  0.0000,  0.0000,  0.0000,  0.0000]])
tensor([[-0.2277,  1.0000,  0.0000,  0.0000,  0.0000,  0.0000]])
tensor([[0.1523, 1.0000, 0.0000, 0.0000, 0.0000, 0.0000]])
tensor([[-0.2472,  1.0000,  0.0000,  1.0000,  0.0000,  0.0000]])
tensor([[0.1365, 1.0000, 0.0000, 0.0000, 0.0000, 0.0000]])
tensor([[-0.5969,  1.0000,  0.0000,  0.0000,  0.0000,  0.0000]])
tensor([[-0.1908,  1.0000,  0.0000,  0.0000,  0.0000,  0.0000]])
tensor([[0.7631, 1.0000, 0.0000, 0.0000, 0.0000, 0.0000]])
tensor([[0.4646, 1.0000, 0.0000, 0.0000, 0.0000, 0.0000]])
tensor([[-0.2636,  1.0000,  0.0000,  0.0000,  0.0000,  0.0000]])
tensor([[0.9170, 1.0000, 0.0000, 0.0000, 0.0000, 0.0000]])
tensor([[0.6007, 1.0000, 0.0000, 0.0000, 0.0000, 0.0000]])
tensor([[0.8707, 1.0000, 0.0000, 0.0000, 0.0000, 0.0000]])
tensor([[0.4880, 1.0000, 0.0000, 0.0000, 0.0000, 0.0000]])
tensor([[0.2948, 1.0000, 0.0000, 0.0000, 0.0000, 0.0000]])
tensor([[0.7370, 1.0000, 0.0000, 0.0000, 0.0000, 0.0000]])
tensor([[0.8812, 1.0000, 0.0000, 0.0000, 0.0000, 0.0000]])
tensor([[0.9873, 1.0000, 0.0000, 1.0000, 0.0000, 0.0000]])
tensor([[-0.0408,  1.0000,  0.0000,  0.0000,  0.0000,  0.0000]])
tensor([[0.9047, 1.0000, 0.0000, 0.0000, 0.0000, 0.0000]])
tensor([[0.1525, 1.0000, 0.0000, 0.0000, 0.0000, 0.0000]])
tensor([[0.7032, 1.0000, 0.0000, 0.0000, 0.0000, 0.0000]])
tensor([[0.4644, 1.0000, 0.0000, 0.0000, 0.0000, 0.0000]])
tensor([[-0.2286,  1.0000,  0.0000,  0.0000,  0.0000,  0.0000]])
tensor([[-0.6218,  1.0000,  0.0000,  1.0000,  0.0000,  0.0000]])
tensor([[0.6464, 1.0000, 0.0000, 0.0000, 0.0000, 0.0000]])
tensor([[0.9149, 1.0000, 0.0000, 0.0000, 0.0000, 0.0000]])
tensor([[0.4650, 1.0000, 0.0000, 0.0000, 0.0000, 0.0000]])
tensor([[0.6345, 0.0000, 0.0000, 0.0000, 0.0000, 0.0000]])
tensor([[0.2028, 1.0000, 0.0000, 0.0000, 0.0000, 0.0000]])
tensor([[0.9571, 0.0000, 0.0000, 0.0000, 0.0000, 0.0000]])
tensor([[0.2577, 1.0000, 0.0000, 0.0000, 0.0000, 0.0000]])
tensor([[0.1854, 1.0000, 0.0000, 0.0000, 0.0000, 0.0000]])
tensor([[-0.1678,  1.0000,  0.0000,  0.0000,  0.0000,  0.0000]])
tensor([[-0.0047,  1.0000,  0.0000,  0.0000,  0.0000,  0.0000]])
tensor([[0.0459, 1.0000, 0.0000, 0.0000, 0.0000, 0.0000]])
tensor([[0.8574, 1.0000, 0.0000, 0.0000, 0.0000, 0.0000]])
tensor([[-0.4877,  1.0000,  0.0000,  0.0000,  0.0000,  0.0000]])
tensor([[-0.8832,  1.0000,  0.0000,  0.0000,  0.0000,  0.0000]])
tensor([[-0.7799,  1.0000,  0.0000,  0.0000,  0.0000,  0.0000]])
tensor([[0.3277, 1.0000, 0.0000, 0.0000, 0.0000, 0.0000]])
tensor([[0.3059, 1.0000, 0.0000, 0.0000, 0.0000, 0.0000]])
tensor([[0.1764, 1.0000, 0.0000, 0.0000, 0.0000, 0.0000]])
tensor([[-0.7408,  1.0000,  0.0000,  0.0000,  0.0000,  0.0000]])
tensor([[0.9331, 1.0000, 0.0000, 0.0000, 0.0000, 0.0000]])
tensor([[0.5682, 1.0000, 0.0000, 1.0000, 0.0000, 0.0000]])
tensor([[-0.8877,  1.0000,  0.0000,  0.0000,  0.0000,  0.0000]])
tensor([[0.0944, 1.0000, 0.0000, 0.0000, 0.0000, 0.0000]])
tensor([[0.1325, 1.0000, 0.0000, 0.0000, 0.0000, 0.0000]])
tensor([[-0.3238,  1.0000,  0.0000,  0.0000,  0.0000,  0.0000]])
tensor([[0.0958, 1.0000, 0.0000, 1.0000, 1.0000, 0.0000]])
tensor([[0.1041, 1.0000, 0.0000, 0.0000, 0.0000, 0.0000]])
tensor([[0.4738, 1.0000, 0.0000, 0.0000, 0.0000, 0.0000]])
tensor([[-0.6330,  1.0000,  0.0000,  0.0000,  0.0000,  0.0000]])
tensor([[0.4158, 1.0000, 0.0000, 0.0000, 0.0000, 0.0000]])
tensor([[0.8098, 1.0000, 0.0000, 0.0000, 0.0000, 0.0000]])
tensor([[-0.6687,  1.0000,  0.0000,  0.0000,  0.0000,  0.0000]])
tensor([[0.2166, 1.0000, 0.0000, 0.0000, 0.0000, 0.0000]])
tensor([[0.7095, 1.0000, 0.0000, 0.0000, 1.0000, 0.0000]])
tensor([[0.7602, 1.0000, 0.0000, 0.0000, 0.0000, 0.0000]])
tensor([[-0.2619,  1.0000,  0.0000,  0.0000,  0.0000,  0.0000]])
tensor([[-0.1854,  0.0000,  0.0000,  0.0000,  0.0000,  0.0000]])
tensor([[0.6678, 1.0000, 0.0000, 0.0000, 0.0000, 0.0000]])
tensor([[-0.7129,  1.0000,  1.0000,  0.0000,  0.0000,  0.0000]])
tensor([[0.0016, 1.0000, 0.0000, 0.0000, 0.0000, 0.0000]])
tensor([[-0.7748,  1.0000,  0.0000,  0.0000,  0.0000,  0.0000]])
tensor([[-0.2575,  1.0000,  0.0000,  0.0000,  0.0000,  0.0000]])
tensor([[-0.3064,  1.0000,  0.0000,  0.0000,  0.0000,  0.0000]])
tensor([[-0.7009,  1.0000,  0.0000,  0.0000,  0.0000,  0.0000]])
tensor([[-0.6811,  1.0000,  0.0000,  0.0000,  0.0000,  0.0000]])
tensor([[-0.5510,  1.0000,  0.0000,  0.0000,  0.0000,  0.0000]])
tensor([[-0.1751,  1.0000,  0.0000,  0.0000,  0.0000,  0.0000]])
tensor([[-0.0847,  1.0000,  0.0000,  0.0000,  0.0000,  0.0000]])
tensor([[0.6896, 1.0000, 0.0000, 0.0000, 0.0000, 0.0000]])
tensor([[-0.9656,  1.0000,  0.0000,  0.0000,  0.0000,  0.0000]])
tensor([[0.5802, 1.0000, 0.0000, 1.0000, 0.0000, 0.0000]])
tensor([[0.8366, 1.0000, 0.0000, 0.0000, 0.0000, 0.0000]])
tensor([[0.0319, 1.0000, 0.0000, 1.0000, 0.0000, 0.0000]])
tensor([[-0.7804,  1.0000,  0.0000,  0.0000,  0.0000,  0.0000]])
tensor([[0.3922, 1.0000, 0.0000, 0.0000, 0.0000, 0.0000]])
tensor([[0.5284, 1.0000, 0.0000, 0.0000, 0.0000, 0.0000]])
tensor([[0.9619, 1.0000, 0.0000, 0.0000, 0.0000, 0.0000]])
tensor([[0.8367, 1.0000, 0.0000, 0.0000, 0.0000, 0.0000]])
tensor([[-0.4876,  1.0000,  0.0000,  0.0000,  0.0000,  0.0000]])
tensor([[0.7185, 1.0000, 0.0000, 1.0000, 0.0000, 0.0000]])
tensor([[0.2924, 1.0000, 0.0000, 0.0000, 0.0000, 0.0000]])
tensor([[-0.5643,  1.0000,  1.0000,  0.0000,  0.0000,  0.0000]])
tensor([[0.8093, 1.0000, 0.0000, 0.0000, 0.0000, 0.0000]])
tensor([[-0.3401,  1.0000,  0.0000,  0.0000,  0.0000,  0.0000]])
tensor([[0.2598, 1.0000, 1.0000, 0.0000, 0.0000, 0.0000]])
tensor([[-0.3594,  1.0000,  0.0000,  0.0000,  0.0000,  0.0000]])
tensor([[-0.0538,  1.0000,  0.0000,  0.0000,  0.0000,  0.0000]])
tensor([[0.6227, 1.0000, 0.0000, 0.0000, 0.0000, 0.0000]])
tensor([[0.4311, 1.0000, 0.0000, 1.0000, 0.0000, 0.0000]])
tensor([[-0.4081,  1.0000,  0.0000,  0.0000,  1.0000,  0.0000]])
tensor([[0.7584, 0.0000, 0.0000, 0.0000, 0.0000, 0.0000]])
tensor([[0.6935, 1.0000, 0.0000, 0.0000, 0.0000, 0.0000]])
tensor([[-0.3788,  1.0000,  0.0000,  0.0000,  0.0000,  0.0000]])
tensor([[0.6188, 1.0000, 0.0000, 0.0000, 0.0000, 0.0000]])
tensor([[0.2502, 1.0000, 0.0000, 0.0000, 0.0000, 0.0000]])
tensor([[-0.5380,  1.0000,  1.0000,  1.0000,  0.0000,  0.0000]])
tensor([[-0.6364,  1.0000,  0.0000,  0.0000,  0.0000,  0.0000]])
tensor([[-0.3964,  1.0000,  0.0000,  0.0000,  0.0000,  0.0000]])
tensor([[0.7134, 1.0000, 0.0000, 0.0000, 0.0000, 0.0000]])
tensor([[-0.4396,  1.0000,  0.0000,  0.0000,  0.0000,  0.0000]])
tensor([[0.2083, 1.0000, 0.0000, 0.0000, 0.0000, 0.0000]])
tensor([[0.1265, 0.0000, 0.0000, 0.0000, 0.0000, 0.0000]])
tensor([[0.4321, 1.0000, 0.0000, 0.0000, 0.0000, 0.0000]])
tensor([[-0.6226,  1.0000,  0.0000,  0.0000,  0.0000,  0.0000]])
tensor([[0.3959, 1.0000, 0.0000, 0.0000, 0.0000, 0.0000]])
tensor([[-2.6336e-04,  1.0000e+00,  0.0000e+00,  0.0000e+00,  0.0000e+00,
          0.0000e+00]])
tensor([[-0.7799,  1.0000,  0.0000,  0.0000,  0.0000,  0.0000]])
tensor([[-0.5110,  1.0000,  0.0000,  0.0000,  0.0000,  0.0000]])
tensor([[-0.3924,  1.0000,  0.0000,  0.0000,  0.0000,  0.0000]])
tensor([[-0.7947,  1.0000,  0.0000,  0.0000,  0.0000,  0.0000]])
tensor([[-0.9552,  0.0000,  0.0000,  0.0000,  0.0000,  0.0000]])
tensor([[-0.4322,  1.0000,  0.0000,  0.0000,  0.0000,  0.0000]])
tensor([[-0.7345,  1.0000,  0.0000,  0.0000,  0.0000,  0.0000]])
tensor([[0.9534, 1.0000, 0.0000, 0.0000, 0.0000, 0.0000]])
tensor([[-0.7417,  1.0000,  0.0000,  0.0000,  0.0000,  0.0000]])
tensor([[0.1330, 1.0000, 0.0000, 0.0000, 0.0000, 0.0000]])
tensor([[0.7554, 1.0000, 0.0000, 0.0000, 0.0000, 0.0000]])
tensor([[-0.0466,  1.0000,  0.0000,  0.0000,  0.0000,  0.0000]])
tensor([[0.6589, 1.0000, 0.0000, 0.0000, 0.0000, 0.0000]])
tensor([[-0.1873,  1.0000,  0.0000,  0.0000,  0.0000,  0.0000]])
tensor([[0.2428, 1.0000, 0.0000, 0.0000, 0.0000, 0.0000]])
tensor([[-0.4747,  1.0000,  0.0000,  1.0000,  0.0000,  0.0000]])
tensor([[-0.3027,  1.0000,  0.0000,  0.0000,  0.0000,  0.0000]])
tensor([[0.7294, 1.0000, 0.0000, 0.0000, 0.0000, 0.0000]])
tensor([[-0.0180,  1.0000,  0.0000,  0.0000,  0.0000,  0.0000]])
tensor([[0.3184, 1.0000, 0.0000, 0.0000, 0.0000, 0.0000]])
tensor([[0.9014, 1.0000, 0.0000, 0.0000, 0.0000, 0.0000]])
tensor([[0.1032, 1.0000, 0.0000, 0.0000, 0.0000, 0.0000]])
tensor([[0.5031, 1.0000, 0.0000, 0.0000, 0.0000, 0.0000]])
tensor([[0.0540, 1.0000, 0.0000, 0.0000, 0.0000, 0.0000]])
tensor([[0.7496, 1.0000, 0.0000, 0.0000, 0.0000, 0.0000]])
tensor([[0.0218, 1.0000, 0.0000, 0.0000, 0.0000, 0.0000]])
tensor([[-0.4531,  1.0000,  0.0000,  0.0000,  0.0000,  0.0000]])
tensor([[-0.5576,  1.0000,  0.0000,  0.0000,  0.0000,  0.0000]])
tensor([[-0.8015,  1.0000,  0.0000,  0.0000,  0.0000,  0.0000]])
tensor([[-0.3996,  1.0000,  0.0000,  0.0000,  0.0000,  0.0000]])
tensor([[0.7235, 1.0000, 0.0000, 0.0000, 0.0000, 0.0000]])
tensor([[0.9537, 1.0000, 0.0000, 0.0000, 0.0000, 0.0000]])
tensor([[0.2261, 1.0000, 0.0000, 0.0000, 0.0000, 0.0000]])
tensor([[0.1007, 1.0000, 0.0000, 0.0000, 0.0000, 0.0000]])
tensor([[-0.3926,  1.0000,  0.0000,  0.0000,  0.0000,  0.0000]])
tensor([[-0.5530,  1.0000,  0.0000,  0.0000,  0.0000,  0.0000]])
tensor([[0.1419, 0.0000, 0.0000, 0.0000, 0.0000, 0.0000]])
tensor([[-0.5034,  1.0000,  0.0000,  0.0000,  0.0000,  0.0000]])
tensor([[-0.1609,  1.0000,  0.0000,  0.0000,  0.0000,  0.0000]])
tensor([[0.8242, 1.0000, 0.0000, 0.0000, 0.0000, 0.0000]])
tensor([[-0.8595,  1.0000,  0.0000,  0.0000,  0.0000,  0.0000]])
tensor([[-0.7786,  0.0000,  0.0000,  0.0000,  0.0000,  0.0000]])
tensor([[0.3272, 1.0000, 0.0000, 0.0000, 0.0000, 0.0000]])
tensor([[-0.0024,  1.0000,  0.0000,  0.0000,  0.0000,  0.0000]])
tensor([[0.1301, 0.0000, 0.0000, 0.0000, 0.0000, 0.0000]])
tensor([[0.3274, 1.0000, 0.0000, 0.0000, 0.0000, 0.0000]])
tensor([[-0.8734,  1.0000,  0.0000,  0.0000,  0.0000,  0.0000]])
tensor([[-0.1667,  1.0000,  0.0000,  0.0000,  0.0000,  0.0000]])
tensor([[-0.3438,  1.0000,  0.0000,  0.0000,  0.0000,  0.0000]])
tensor([[0.0138, 1.0000, 0.0000, 1.0000, 0.0000, 0.0000]])
tensor([[0.0485, 1.0000, 0.0000, 0.0000, 0.0000, 0.0000]])
tensor([[0.0445, 1.0000, 0.0000, 0.0000, 0.0000, 0.0000]])
tensor([[0.1969, 1.0000, 0.0000, 1.0000, 0.0000, 0.0000]])
tensor([[-0.2868,  1.0000,  0.0000,  0.0000,  0.0000,  0.0000]])
tensor([[0.0239, 0.0000, 0.0000, 0.0000, 0.0000, 0.0000]])
tensor([[-0.6138,  1.0000,  0.0000,  0.0000,  0.0000,  0.0000]])
tensor([[-0.0362,  1.0000,  0.0000,  0.0000,  0.0000,  0.0000]])
tensor([[0.2488, 1.0000, 0.0000, 0.0000, 0.0000, 0.0000]])
tensor([[-0.3018,  1.0000,  0.0000,  0.0000,  0.0000,  0.0000]])
tensor([[-0.9133,  1.0000,  0.0000,  0.0000,  0.0000,  0.0000]])
tensor([[0.5738, 1.0000, 0.0000, 0.0000, 0.0000, 0.0000]])
tensor([[-0.5500,  1.0000,  0.0000,  0.0000,  1.0000,  0.0000]])
tensor([[-0.9349,  1.0000,  0.0000,  1.0000,  0.0000,  0.0000]])
tensor([[0.2267, 1.0000, 0.0000, 0.0000, 0.0000, 0.0000]])
tensor([[-0.0386,  1.0000,  0.0000,  0.0000,  0.0000,  0.0000]])
tensor([[-0.3064,  1.0000,  0.0000,  0.0000,  0.0000,  0.0000]])
tensor([[0.2723, 1.0000, 0.0000, 0.0000, 0.0000, 0.0000]])
tensor([[0.2024, 1.0000, 0.0000, 0.0000, 0.0000, 0.0000]])
tensor([[-0.3928,  1.0000,  0.0000,  0.0000,  0.0000,  0.0000]])
tensor([[0.4226, 1.0000, 0.0000, 0.0000, 0.0000, 0.0000]])
tensor([[0.3559, 1.0000, 0.0000, 0.0000, 0.0000, 0.0000]])
tensor([[0.1265, 1.0000, 0.0000, 0.0000, 0.0000, 0.0000]])
tensor([[0.3175, 0.0000, 0.0000, 0.0000, 0.0000, 0.0000]])
tensor([[-0.1487,  1.0000,  0.0000,  0.0000,  0.0000,  0.0000]])
tensor([[0.1515, 1.0000, 0.0000, 1.0000, 0.0000, 0.0000]])
tensor([[0.8347, 1.0000, 0.0000, 0.0000, 0.0000, 0.0000]])
tensor([[0.0302, 0.0000, 0.0000, 0.0000, 0.0000, 0.0000]])
tensor([[0.8047, 1.0000, 0.0000, 0.0000, 0.0000, 0.0000]])
tensor([[0.8814, 1.0000, 0.0000, 0.0000, 0.0000, 0.0000]])
tensor([[-0.3517,  1.0000,  0.0000,  0.0000,  0.0000,  0.0000]])
tensor([[0.6215, 1.0000, 0.0000, 0.0000, 0.0000, 0.0000]])
tensor([[-0.1220,  1.0000,  0.0000,  0.0000,  0.0000,  0.0000]])
tensor([[0.8410, 1.0000, 0.0000, 0.0000, 0.0000, 0.0000]])
tensor([[-0.9230,  1.0000,  0.0000,  0.0000,  0.0000,  0.0000]])
tensor([[0.2375, 1.0000, 0.0000, 0.0000, 0.0000, 0.0000]])
tensor([[-0.4388,  1.0000,  0.0000,  0.0000,  1.0000,  0.0000]])
tensor([[0.1828, 1.0000, 0.0000, 0.0000, 0.0000, 0.0000]])
tensor([[0.0749, 1.0000, 0.0000, 0.0000, 0.0000, 0.0000]])
tensor([[0.6646, 1.0000, 0.0000, 0.0000, 0.0000, 0.0000]])
tensor([[0.3359, 1.0000, 0.0000, 0.0000, 0.0000, 0.0000]])
tensor([[0.5979, 1.0000, 0.0000, 0.0000, 0.0000, 0.0000]])
tensor([[0.8092, 1.0000, 0.0000, 0.0000, 0.0000, 0.0000]])
tensor([[-0.6754,  1.0000,  0.0000,  0.0000,  0.0000,  0.0000]])
tensor([[-0.9739,  0.0000,  0.0000,  0.0000,  0.0000,  0.0000]])
tensor([[0.5420, 1.0000, 0.0000, 0.0000, 0.0000, 0.0000]])
tensor([[-0.9917,  1.0000,  0.0000,  0.0000,  0.0000,  0.0000]])
tensor([[0.4107, 1.0000, 0.0000, 0.0000, 0.0000, 0.0000]])
tensor([[0.9022, 1.0000, 0.0000, 0.0000, 0.0000, 0.0000]])
tensor([[-0.0093,  1.0000,  0.0000,  0.0000,  0.0000,  0.0000]])
tensor([[-0.5922,  1.0000,  0.0000,  0.0000,  0.0000,  0.0000]])
tensor([[0.3725, 1.0000, 0.0000, 0.0000, 0.0000, 0.0000]])
tensor([[0.4747, 1.0000, 0.0000, 0.0000, 0.0000, 0.0000]])
tensor([[-0.6399,  1.0000,  0.0000,  0.0000,  0.0000,  0.0000]])
tensor([[-0.5127,  1.0000,  0.0000,  0.0000,  0.0000,  0.0000]])
tensor([[-0.5114,  1.0000,  0.0000,  0.0000,  0.0000,  0.0000]])
tensor([[-0.7034,  1.0000,  0.0000,  0.0000,  0.0000,  0.0000]])
tensor([[0.2982, 1.0000, 0.0000, 0.0000, 0.0000, 0.0000]])
tensor([[0.0248, 0.0000, 0.0000, 0.0000, 0.0000, 0.0000]])
tensor([[0.1873, 1.0000, 0.0000, 0.0000, 0.0000, 0.0000]])
tensor([[-0.5387,  1.0000,  0.0000,  0.0000,  0.0000,  0.0000]])
tensor([[0.4517, 1.0000, 0.0000, 0.0000, 0.0000, 0.0000]])
tensor([[0.6844, 1.0000, 0.0000, 0.0000, 0.0000, 0.0000]])
tensor([[-0.1394,  1.0000,  0.0000,  0.0000,  0.0000,  0.0000]])
tensor([[0.5018, 1.0000, 0.0000, 0.0000, 0.0000, 0.0000]])
tensor([[-0.1110,  1.0000,  0.0000,  0.0000,  0.0000,  0.0000]])
tensor([[-0.0541,  1.0000,  0.0000,  0.0000,  0.0000,  0.0000]])
tensor([[-0.4518,  1.0000,  0.0000,  0.0000,  0.0000,  0.0000]])
tensor([[0.3017, 1.0000, 0.0000, 0.0000, 0.0000, 0.0000]])
tensor([[0.8219, 1.0000, 0.0000, 0.0000, 0.0000, 0.0000]])
tensor([[-0.4630,  1.0000,  0.0000,  0.0000,  0.0000,  0.0000]])
tensor([[-0.1381,  1.0000,  0.0000,  0.0000,  0.0000,  0.0000]])
tensor([[-0.5418,  1.0000,  0.0000,  0.0000,  0.0000,  0.0000]])
tensor([[-0.7904,  1.0000,  0.0000,  0.0000,  0.0000,  0.0000]])
tensor([[0.9294, 1.0000, 0.0000, 0.0000, 0.0000, 0.0000]])
tensor([[-0.0506,  1.0000,  0.0000,  0.0000,  0.0000,  0.0000]])
tensor([[0.8062, 1.0000, 0.0000, 0.0000, 0.0000, 0.0000]])
tensor([[-0.2121,  1.0000,  0.0000,  0.0000,  0.0000,  0.0000]])
tensor([[0.3094, 1.0000, 1.0000, 0.0000, 0.0000, 0.0000]])
tensor([[0.9101, 1.0000, 0.0000, 0.0000, 0.0000, 0.0000]])
tensor([[-0.1320,  1.0000,  0.0000,  0.0000,  0.0000,  0.0000]])
tensor([[-0.0521,  1.0000,  0.0000,  0.0000,  0.0000,  0.0000]])
tensor([[-0.8072,  1.0000,  0.0000,  0.0000,  0.0000,  0.0000]])
tensor([[-0.0208,  1.0000,  0.0000,  0.0000,  0.0000,  0.0000]])
tensor([[0.3422, 1.0000, 0.0000, 0.0000, 0.0000, 0.0000]])
tensor([[0.9177, 1.0000, 0.0000, 0.0000, 0.0000, 0.0000]])
tensor([[0.2190, 1.0000, 0.0000, 0.0000, 0.0000, 0.0000]])
tensor([[0.1125, 1.0000, 0.0000, 0.0000, 0.0000, 0.0000]])
tensor([[-0.7353,  1.0000,  0.0000,  0.0000,  0.0000,  0.0000]])
tensor([[0.4478, 1.0000, 0.0000, 0.0000, 0.0000, 0.0000]])
tensor([[-0.5630,  1.0000,  0.0000,  0.0000,  0.0000,  0.0000]])
tensor([[-0.4208,  0.0000,  0.0000,  0.0000,  0.0000,  0.0000]])
tensor([[0.9781, 1.0000, 0.0000, 0.0000, 0.0000, 0.0000]])
tensor([[0.8764, 1.0000, 0.0000, 0.0000, 0.0000, 0.0000]])
tensor([[0.2217, 1.0000, 0.0000, 0.0000, 0.0000, 0.0000]])
tensor([[-0.9202,  1.0000,  0.0000,  0.0000,  0.0000,  0.0000]])
tensor([[-0.5846,  1.0000,  0.0000,  0.0000,  0.0000,  0.0000]])
tensor([[-0.8137,  1.0000,  0.0000,  0.0000,  0.0000,  0.0000]])
tensor([[0.2914, 1.0000, 0.0000, 0.0000, 0.0000, 0.0000]])
tensor([[0.6265, 0.0000, 0.0000, 0.0000, 0.0000, 0.0000]])
tensor([[0.9493, 1.0000, 0.0000, 0.0000, 0.0000, 0.0000]])
tensor([[0.1184, 1.0000, 0.0000, 0.0000, 0.0000, 0.0000]])
tensor([[0.1386, 1.0000, 0.0000, 0.0000, 0.0000, 0.0000]])
tensor([[0.1151, 1.0000, 0.0000, 0.0000, 0.0000, 0.0000]])
tensor([[0.4135, 1.0000, 0.0000, 0.0000, 0.0000, 0.0000]])
tensor([[-0.3699,  1.0000,  0.0000,  0.0000,  0.0000,  0.0000]])
tensor([[0.6106, 1.0000, 0.0000, 0.0000, 0.0000, 0.0000]])
tensor([[-0.1593,  1.0000,  0.0000,  0.0000,  0.0000,  0.0000]])
tensor([[0.5357, 1.0000, 0.0000, 0.0000, 0.0000, 0.0000]])
tensor([[0.1629, 1.0000, 0.0000, 0.0000, 0.0000, 0.0000]])
tensor([[0.7849, 1.0000, 0.0000, 0.0000, 1.0000, 0.0000]])
tensor([[-0.4875,  1.0000,  0.0000,  0.0000,  0.0000,  0.0000]])
tensor([[0.0890, 1.0000, 0.0000, 0.0000, 0.0000, 0.0000]])
tensor([[-0.2464,  1.0000,  0.0000,  0.0000,  0.0000,  0.0000]])
tensor([[-0.0489,  1.0000,  0.0000,  0.0000,  0.0000,  0.0000]])
tensor([[0.9621, 1.0000, 0.0000, 0.0000, 0.0000, 0.0000]])
tensor([[0.1150, 1.0000, 0.0000, 0.0000, 0.0000, 0.0000]])
tensor([[-0.8273,  1.0000,  0.0000,  0.0000,  0.0000,  0.0000]])
tensor([[-0.6018,  1.0000,  0.0000,  0.0000,  0.0000,  0.0000]])
tensor([[-0.5239,  1.0000,  0.0000,  0.0000,  0.0000,  0.0000]])
tensor([[0.8360, 1.0000, 0.0000, 0.0000, 0.0000, 0.0000]])
tensor([[0.1204, 1.0000, 0.0000, 0.0000, 0.0000, 0.0000]])
tensor([[0.9681, 1.0000, 0.0000, 0.0000, 0.0000, 0.0000]])
tensor([[0.6440, 1.0000, 0.0000, 0.0000, 0.0000, 0.0000]])
tensor([[0.9085, 1.0000, 0.0000, 0.0000, 0.0000, 0.0000]])
tensor([[-0.5170,  0.0000,  0.0000,  0.0000,  0.0000,  0.0000]])
tensor([[-0.9561,  1.0000,  0.0000,  0.0000,  0.0000,  0.0000]])
tensor([[0.3091, 1.0000, 0.0000, 0.0000, 0.0000, 0.0000]])
tensor([[0.9780, 1.0000, 0.0000, 0.0000, 0.0000, 0.0000]])
tensor([[0.6575, 1.0000, 0.0000, 0.0000, 0.0000, 0.0000]])
tensor([[-0.9502,  1.0000,  0.0000,  0.0000,  0.0000,  0.0000]])
tensor([[-0.3920,  1.0000,  0.0000,  0.0000,  0.0000,  0.0000]])
tensor([[-0.9110,  1.0000,  0.0000,  0.0000,  0.0000,  0.0000]])
tensor([[0.7652, 1.0000, 0.0000, 0.0000, 0.0000, 0.0000]])
tensor([[-0.3933,  1.0000,  1.0000,  0.0000,  0.0000,  0.0000]])
tensor([[-0.7851,  1.0000,  0.0000,  0.0000,  0.0000,  0.0000]])
tensor([[-0.7716,  1.0000,  0.0000,  0.0000,  0.0000,  0.0000]])
tensor([[-0.7625,  1.0000,  0.0000,  0.0000,  0.0000,  0.0000]])
tensor([[-0.3496,  1.0000,  0.0000,  0.0000,  0.0000,  0.0000]])
tensor([[-0.6106,  1.0000,  0.0000,  0.0000,  0.0000,  0.0000]])
tensor([[-0.0357,  0.0000,  0.0000,  0.0000,  0.0000,  0.0000]])
tensor([[-0.7393,  1.0000,  0.0000,  0.0000,  0.0000,  0.0000]])
tensor([[0.3914, 1.0000, 0.0000, 0.0000, 0.0000, 0.0000]])
tensor([[-0.1403,  1.0000,  0.0000,  0.0000,  0.0000,  0.0000]])
tensor([[0.6108, 1.0000, 0.0000, 0.0000, 0.0000, 0.0000]])
tensor([[0.5806, 1.0000, 0.0000, 0.0000, 0.0000, 0.0000]])
tensor([[0.8253, 1.0000, 0.0000, 1.0000, 0.0000, 0.0000]])
tensor([[0.1147, 1.0000, 0.0000, 0.0000, 0.0000, 0.0000]])
tensor([[-0.1866,  1.0000,  0.0000,  0.0000,  0.0000,  0.0000]])
tensor([[0.0207, 1.0000, 0.0000, 0.0000, 0.0000, 0.0000]])
tensor([[-0.1504,  1.0000,  0.0000,  0.0000,  0.0000,  0.0000]])
tensor([[0.2092, 1.0000, 0.0000, 0.0000, 0.0000, 0.0000]])
tensor([[0.1613, 1.0000, 0.0000, 0.0000, 0.0000, 0.0000]])
tensor([[-0.3546,  1.0000,  0.0000,  0.0000,  0.0000,  0.0000]])
tensor([[-0.5371,  1.0000,  0.0000,  0.0000,  0.0000,  0.0000]])
tensor([[0.2301, 1.0000, 0.0000, 0.0000, 0.0000, 0.0000]])
tensor([[0.6780, 1.0000, 0.0000, 0.0000, 0.0000, 0.0000]])
tensor([[0.6601, 1.0000, 0.0000, 0.0000, 0.0000, 0.0000]])
tensor([[-0.7541,  1.0000,  0.0000,  0.0000,  0.0000,  0.0000]])
tensor([[0.8678, 1.0000, 0.0000, 0.0000, 0.0000, 0.0000]])
tensor([[-0.1568,  1.0000,  0.0000,  0.0000,  0.0000,  0.0000]])
tensor([[0.1056, 1.0000, 0.0000, 0.0000, 0.0000, 0.0000]])
tensor([[0.5034, 1.0000, 0.0000, 0.0000, 0.0000, 0.0000]])
tensor([[0.7164, 1.0000, 0.0000, 0.0000, 0.0000, 0.0000]])
tensor([[0.9962, 1.0000, 0.0000, 0.0000, 0.0000, 0.0000]])
tensor([[0.4397, 1.0000, 0.0000, 0.0000, 0.0000, 0.0000]])
tensor([[-0.8416,  0.0000,  0.0000,  1.0000,  0.0000,  0.0000]])
tensor([[-0.9540,  1.0000,  0.0000,  0.0000,  0.0000,  0.0000]])
tensor([[-0.4429,  1.0000,  0.0000,  0.0000,  0.0000,  0.0000]])
tensor([[-0.7020,  1.0000,  0.0000,  0.0000,  0.0000,  0.0000]])
tensor([[0.3913, 1.0000, 0.0000, 0.0000, 0.0000, 0.0000]])
tensor([[0.4015, 1.0000, 0.0000, 1.0000, 0.0000, 0.0000]])
tensor([[-0.4817,  1.0000,  0.0000,  0.0000,  0.0000,  0.0000]])
tensor([[-0.8987,  1.0000,  0.0000,  0.0000,  0.0000,  0.0000]])
tensor([[-0.9004,  1.0000,  0.0000,  0.0000,  0.0000,  0.0000]])
tensor([[0.5160, 1.0000, 0.0000, 0.0000, 0.0000, 0.0000]])
tensor([[0.7006, 1.0000, 0.0000, 0.0000, 0.0000, 0.0000]])
tensor([[-0.4465,  1.0000,  0.0000,  0.0000,  0.0000,  0.0000]])
tensor([[-0.6368,  1.0000,  0.0000,  0.0000,  0.0000,  0.0000]])
tensor([[0.8159, 1.0000, 0.0000, 0.0000, 0.0000, 0.0000]])
tensor([[-0.1270,  1.0000,  0.0000,  0.0000,  0.0000,  0.0000]])
tensor([[-0.9925,  1.0000,  0.0000,  0.0000,  0.0000,  0.0000]])
tensor([[0.6057, 1.0000, 0.0000, 0.0000, 0.0000, 0.0000]])
tensor([[-0.2295,  1.0000,  0.0000,  0.0000,  0.0000,  0.0000]])
tensor([[0.2991, 1.0000, 0.0000, 0.0000, 0.0000, 0.0000]])
tensor([[-0.3921,  1.0000,  0.0000,  0.0000,  0.0000,  0.0000]])
tensor([[0.9164, 1.0000, 0.0000, 0.0000, 0.0000, 0.0000]])
tensor([[0.7325, 1.0000, 0.0000, 0.0000, 0.0000, 0.0000]])
tensor([[-0.9616,  1.0000,  0.0000,  0.0000,  0.0000,  0.0000]])
tensor([[0.1501, 1.0000, 0.0000, 0.0000, 0.0000, 0.0000]])
tensor([[0.6354, 1.0000, 0.0000, 0.0000, 0.0000, 0.0000]])
tensor([[0.1429, 1.0000, 0.0000, 0.0000, 0.0000, 0.0000]])
tensor([[0.7495, 1.0000, 0.0000, 0.0000, 0.0000, 0.0000]])
tensor([[-0.7623,  1.0000,  0.0000,  0.0000,  0.0000,  0.0000]])
tensor([[-0.3841,  1.0000,  0.0000,  0.0000,  0.0000,  0.0000]])
tensor([[0.7739, 0.0000, 0.0000, 0.0000, 0.0000, 0.0000]])
tensor([[0.8924, 1.0000, 0.0000, 0.0000, 0.0000, 0.0000]])
tensor([[0.5074, 1.0000, 0.0000, 0.0000, 0.0000, 0.0000]])
tensor([[-0.3476,  1.0000,  0.0000,  0.0000,  0.0000,  0.0000]])
tensor([[0.5562, 0.0000, 0.0000, 0.0000, 0.0000, 0.0000]])
tensor([[0.8639, 1.0000, 0.0000, 0.0000, 0.0000, 0.0000]])
tensor([[0.5424, 1.0000, 0.0000, 0.0000, 0.0000, 0.0000]])
tensor([[-0.5407,  1.0000,  0.0000,  0.0000,  0.0000,  0.0000]])
tensor([[0.2279, 1.0000, 0.0000, 0.0000, 0.0000, 0.0000]])
tensor([[0.2691, 1.0000, 0.0000, 0.0000, 0.0000, 0.0000]])
tensor([[0.9580, 1.0000, 0.0000, 0.0000, 0.0000, 0.0000]])
tensor([[0.7081, 1.0000, 0.0000, 0.0000, 0.0000, 0.0000]])
tensor([[-0.1560,  1.0000,  0.0000,  0.0000,  0.0000,  0.0000]])
tensor([[0.4376, 1.0000, 0.0000, 0.0000, 0.0000, 0.0000]])
tensor([[0.5810, 1.0000, 0.0000, 0.0000, 0.0000, 0.0000]])
tensor([[0.7753, 1.0000, 0.0000, 0.0000, 0.0000, 0.0000]])
tensor([[0.6077, 1.0000, 0.0000, 0.0000, 0.0000, 0.0000]])
tensor([[0.7344, 1.0000, 0.0000, 0.0000, 0.0000, 0.0000]])
tensor([[-0.4177,  1.0000,  0.0000,  0.0000,  0.0000,  0.0000]])
tensor([[-0.3200,  1.0000,  0.0000,  0.0000,  0.0000,  0.0000]])
tensor([[0.4451, 1.0000, 0.0000, 0.0000, 0.0000, 0.0000]])
tensor([[-0.1833,  1.0000,  0.0000,  0.0000,  0.0000,  0.0000]])
tensor([[0.7790, 1.0000, 0.0000, 0.0000, 0.0000, 0.0000]])
tensor([[0.5654, 1.0000, 0.0000, 0.0000, 0.0000, 0.0000]])
tensor([[0.8094, 1.0000, 0.0000, 0.0000, 0.0000, 0.0000]])
tensor([[0.7439, 1.0000, 0.0000, 0.0000, 0.0000, 0.0000]])
tensor([[0.3173, 1.0000, 0.0000, 0.0000, 0.0000, 0.0000]])
tensor([[0.2065, 1.0000, 0.0000, 0.0000, 0.0000, 0.0000]])
tensor([[-0.4809,  0.0000,  0.0000,  0.0000,  0.0000,  0.0000]])
tensor([[0.8194, 1.0000, 0.0000, 0.0000, 0.0000, 0.0000]])
tensor([[-0.0111,  1.0000,  0.0000,  0.0000,  0.0000,  0.0000]])
tensor([[-0.1239,  1.0000,  0.0000,  0.0000,  0.0000,  0.0000]])
tensor([[-0.8042,  1.0000,  0.0000,  0.0000,  0.0000,  0.0000]])
tensor([[-0.9930,  1.0000,  0.0000,  0.0000,  0.0000,  0.0000]])
tensor([[0.2442, 1.0000, 0.0000, 0.0000, 0.0000, 0.0000]])
tensor([[-0.3051,  1.0000,  0.0000,  0.0000,  0.0000,  0.0000]])
tensor([[0.6348, 1.0000, 0.0000, 0.0000, 0.0000, 0.0000]])
tensor([[0.2481, 1.0000, 0.0000, 0.0000, 0.0000, 0.0000]])
tensor([[-0.7658,  1.0000,  0.0000,  0.0000,  0.0000,  0.0000]])
tensor([[0.9778, 1.0000, 0.0000, 0.0000, 0.0000, 0.0000]])
tensor([[0.4757, 1.0000, 0.0000, 0.0000, 0.0000, 0.0000]])
tensor([[-0.3042,  1.0000,  0.0000,  0.0000,  0.0000,  0.0000]])
tensor([[-0.8548,  1.0000,  0.0000,  0.0000,  0.0000,  0.0000]])
tensor([[-0.4628,  1.0000,  0.0000,  0.0000,  0.0000,  0.0000]])
tensor([[0.5408, 1.0000, 0.0000, 0.0000, 0.0000, 0.0000]])
tensor([[0.8870, 1.0000, 0.0000, 1.0000, 0.0000, 0.0000]])
tensor([[0.9017, 0.0000, 0.0000, 0.0000, 0.0000, 0.0000]])
tensor([[-0.1550,  1.0000,  0.0000,  0.0000,  0.0000,  0.0000]])
tensor([[-0.1969,  1.0000,  0.0000,  0.0000,  0.0000,  0.0000]])
tensor([[0.4862, 1.0000, 0.0000, 0.0000, 0.0000, 0.0000]])
tensor([[0.9539, 1.0000, 0.0000, 0.0000, 0.0000, 0.0000]])
tensor([[0.9753, 1.0000, 0.0000, 0.0000, 0.0000, 0.0000]])
tensor([[0.7807, 1.0000, 0.0000, 0.0000, 0.0000, 0.0000]])
tensor([[0.6763, 1.0000, 0.0000, 0.0000, 0.0000, 0.0000]])
tensor([[-0.5239,  1.0000,  0.0000,  0.0000,  0.0000,  0.0000]])
tensor([[-0.6062,  1.0000,  0.0000,  0.0000,  0.0000,  0.0000]])
tensor([[-0.0028,  1.0000,  0.0000,  0.0000,  0.0000,  0.0000]])
tensor([[-0.7796,  1.0000,  0.0000,  0.0000,  0.0000,  0.0000]])
tensor([[-0.2154,  1.0000,  0.0000,  0.0000,  0.0000,  0.0000]])
tensor([[-0.3890,  1.0000,  0.0000,  0.0000,  0.0000,  0.0000]])
tensor([[0.7842, 1.0000, 0.0000, 0.0000, 0.0000, 0.0000]])
tensor([[0.5925, 1.0000, 0.0000, 0.0000, 0.0000, 0.0000]])
tensor([[-0.9430,  1.0000,  0.0000,  0.0000,  0.0000,  0.0000]])
tensor([[-0.7539,  1.0000,  0.0000,  0.0000,  0.0000,  0.0000]])
tensor([[0.0063, 1.0000, 0.0000, 0.0000, 0.0000, 0.0000]])
tensor([[0.3450, 1.0000, 0.0000, 0.0000, 0.0000, 0.0000]])
tensor([[0.7299, 1.0000, 0.0000, 0.0000, 0.0000, 0.0000]])
tensor([[-0.7573,  1.0000,  0.0000,  0.0000,  0.0000,  0.0000]])
tensor([[-0.3788,  1.0000,  0.0000,  0.0000,  0.0000,  0.0000]])
tensor([[-0.3332,  1.0000,  0.0000,  0.0000,  0.0000,  0.0000]])
tensor([[-0.4707,  1.0000,  0.0000,  0.0000,  0.0000,  0.0000]])
tensor([[-0.3277,  1.0000,  0.0000,  0.0000,  0.0000,  0.0000]])
tensor([[-0.0883,  1.0000,  0.0000,  0.0000,  0.0000,  0.0000]])
tensor([[0.3951, 1.0000, 0.0000, 1.0000, 0.0000, 0.0000]])
tensor([[-0.8862,  1.0000,  0.0000,  0.0000,  0.0000,  0.0000]])
tensor([[-0.9366,  1.0000,  0.0000,  0.0000,  0.0000,  0.0000]])
tensor([[-0.9337,  1.0000,  0.0000,  0.0000,  0.0000,  0.0000]])
tensor([[-0.2160,  1.0000,  0.0000,  0.0000,  0.0000,  0.0000]])
tensor([[-0.3569,  1.0000,  0.0000,  0.0000,  0.0000,  0.0000]])
tensor([[-0.9407,  1.0000,  0.0000,  0.0000,  0.0000,  0.0000]])
tensor([[-0.5218,  1.0000,  0.0000,  0.0000,  0.0000,  0.0000]])
tensor([[-0.8090,  1.0000,  0.0000,  0.0000,  0.0000,  0.0000]])
tensor([[-0.5310,  1.0000,  0.0000,  0.0000,  0.0000,  0.0000]])
tensor([[-0.5150,  1.0000,  0.0000,  0.0000,  0.0000,  0.0000]])
tensor([[-0.5701,  1.0000,  0.0000,  0.0000,  0.0000,  0.0000]])
tensor([[0.4093, 1.0000, 0.0000, 0.0000, 0.0000, 0.0000]])
tensor([[-0.6557,  1.0000,  0.0000,  0.0000,  0.0000,  0.0000]])
tensor([[0.7854, 1.0000, 0.0000, 0.0000, 0.0000, 0.0000]])
tensor([[0.5813, 1.0000, 0.0000, 0.0000, 0.0000, 0.0000]])
tensor([[0.6993, 1.0000, 0.0000, 0.0000, 0.0000, 0.0000]])
tensor([[-0.0936,  1.0000,  0.0000,  0.0000,  0.0000,  0.0000]])
tensor([[-0.3348,  1.0000,  0.0000,  0.0000,  0.0000,  0.0000]])
tensor([[0.3416, 1.0000, 0.0000, 0.0000, 0.0000, 0.0000]])
tensor([[-0.8598,  1.0000,  0.0000,  0.0000,  0.0000,  0.0000]])
tensor([[0.6320, 1.0000, 0.0000, 0.0000, 0.0000, 0.0000]])
tensor([[0.5429, 1.0000, 0.0000, 0.0000, 0.0000, 0.0000]])
tensor([[0.3756, 1.0000, 0.0000, 1.0000, 0.0000, 0.0000]])
tensor([[0.6963, 1.0000, 0.0000, 0.0000, 0.0000, 0.0000]])
tensor([[0.3598, 1.0000, 0.0000, 0.0000, 0.0000, 0.0000]])
tensor([[-0.5538,  1.0000,  0.0000,  0.0000,  0.0000,  0.0000]])
tensor([[0.4277, 1.0000, 0.0000, 0.0000, 0.0000, 0.0000]])
tensor([[0.8134, 1.0000, 0.0000, 1.0000, 0.0000, 0.0000]])
tensor([[-0.3801,  1.0000,  0.0000,  0.0000,  0.0000,  0.0000]])
tensor([[0.0909, 1.0000, 0.0000, 0.0000, 0.0000, 0.0000]])
tensor([[-0.1902,  1.0000,  0.0000,  0.0000,  0.0000,  0.0000]])
tensor([[0.8356, 1.0000, 0.0000, 0.0000, 0.0000, 0.0000]])
tensor([[0.0098, 1.0000, 0.0000, 0.0000, 0.0000, 0.0000]])
tensor([[-0.3002,  1.0000,  0.0000,  0.0000,  0.0000,  0.0000]])
tensor([[-0.7039,  1.0000,  0.0000,  0.0000,  0.0000,  0.0000]])
tensor([[-0.3442,  1.0000,  0.0000,  0.0000,  0.0000,  0.0000]])
tensor([[0.3640, 1.0000, 0.0000, 0.0000, 0.0000, 0.0000]])
tensor([[-0.5182,  1.0000,  0.0000,  0.0000,  0.0000,  0.0000]])
tensor([[-0.9760,  1.0000,  0.0000,  0.0000,  0.0000,  0.0000]])
tensor([[0.4496, 1.0000, 0.0000, 0.0000, 0.0000, 0.0000]])
tensor([[-0.4788,  1.0000,  0.0000,  0.0000,  0.0000,  0.0000]])
tensor([[-0.5256,  1.0000,  0.0000,  0.0000,  0.0000,  0.0000]])
tensor([[-0.5495,  1.0000,  0.0000,  0.0000,  0.0000,  0.0000]])
tensor([[-0.4078,  1.0000,  0.0000,  0.0000,  0.0000,  0.0000]])
tensor([[0.3476, 1.0000, 0.0000, 0.0000, 0.0000, 0.0000]])
tensor([[0.4341, 1.0000, 0.0000, 0.0000, 0.0000, 0.0000]])
tensor([[-0.2263,  1.0000,  0.0000,  0.0000,  0.0000,  0.0000]])
tensor([[0.5053, 1.0000, 0.0000, 0.0000, 0.0000, 0.0000]])
tensor([[0.7876, 1.0000, 0.0000, 0.0000, 0.0000, 0.0000]])
tensor([[-0.3309,  1.0000,  0.0000,  0.0000,  0.0000,  0.0000]])
tensor([[-0.5307,  1.0000,  0.0000,  0.0000,  0.0000,  0.0000]])
tensor([[0.7065, 1.0000, 0.0000, 0.0000, 0.0000, 0.0000]])
tensor([[0.3310, 1.0000, 0.0000, 0.0000, 0.0000, 0.0000]])
tensor([[-0.4984,  1.0000,  0.0000,  0.0000,  0.0000,  0.0000]])
tensor([[0.8035, 1.0000, 0.0000, 0.0000, 0.0000, 0.0000]])
tensor([[-0.8701,  1.0000,  0.0000,  0.0000,  0.0000,  0.0000]])
tensor([[-0.2242,  1.0000,  0.0000,  0.0000,  0.0000,  0.0000]])
tensor([[-0.9584,  1.0000,  1.0000,  0.0000,  0.0000,  0.0000]])
tensor([[-0.6872,  0.0000,  0.0000,  0.0000,  0.0000,  0.0000]])
tensor([[0.1599, 1.0000, 0.0000, 0.0000, 0.0000, 0.0000]])
tensor([[-0.2540,  1.0000,  0.0000,  0.0000,  0.0000,  0.0000]])
tensor([[0.0594, 1.0000, 0.0000, 1.0000, 0.0000, 0.0000]])
tensor([[-0.2854,  1.0000,  0.0000,  0.0000,  0.0000,  0.0000]])
tensor([[0.1573, 1.0000, 0.0000, 0.0000, 0.0000, 0.0000]])
tensor([[-0.8607,  1.0000,  0.0000,  0.0000,  0.0000,  0.0000]])
tensor([[0.4274, 1.0000, 0.0000, 0.0000, 0.0000, 0.0000]])
tensor([[-0.8953,  1.0000,  0.0000,  0.0000,  0.0000,  0.0000]])
tensor([[0.7571, 1.0000, 0.0000, 0.0000, 0.0000, 0.0000]])
tensor([[-0.5942,  1.0000,  0.0000,  0.0000,  0.0000,  0.0000]])
tensor([[-0.7092,  1.0000,  0.0000,  0.0000,  0.0000,  0.0000]])
tensor([[-0.3857,  1.0000,  0.0000,  0.0000,  0.0000,  0.0000]])
tensor([[-0.3027,  1.0000,  0.0000,  0.0000,  0.0000,  0.0000]])
tensor([[-0.4795,  1.0000,  0.0000,  0.0000,  0.0000,  0.0000]])
tensor([[-0.8873,  1.0000,  0.0000,  0.0000,  0.0000,  0.0000]])
tensor([[-0.9006,  1.0000,  0.0000,  0.0000,  0.0000,  0.0000]])
tensor([[-0.7478,  1.0000,  0.0000,  0.0000,  0.0000,  0.0000]])
tensor([[-0.9908,  1.0000,  0.0000,  0.0000,  0.0000,  0.0000]])
tensor([[-0.6435,  1.0000,  0.0000,  0.0000,  0.0000,  0.0000]])
tensor([[-0.3623,  1.0000,  0.0000,  0.0000,  0.0000,  0.0000]])
tensor([[0.1729, 1.0000, 0.0000, 0.0000, 0.0000, 0.0000]])
tensor([[-0.2749,  1.0000,  0.0000,  0.0000,  0.0000,  0.0000]])
tensor([[-0.5780,  1.0000,  0.0000,  0.0000,  0.0000,  0.0000]])
tensor([[-0.6493,  1.0000,  0.0000,  0.0000,  0.0000,  0.0000]])
tensor([[-0.5932,  1.0000,  0.0000,  0.0000,  0.0000,  0.0000]])
tensor([[0.2283, 1.0000, 0.0000, 0.0000, 0.0000, 0.0000]])
tensor([[0.6905, 1.0000, 0.0000, 0.0000, 0.0000, 0.0000]])
tensor([[0.7763, 1.0000, 0.0000, 0.0000, 0.0000, 0.0000]])
tensor([[0.6801, 1.0000, 0.0000, 0.0000, 0.0000, 0.0000]])
tensor([[0.1813, 1.0000, 0.0000, 0.0000, 0.0000, 0.0000]])
tensor([[-0.5405,  1.0000,  0.0000,  0.0000,  0.0000,  0.0000]])
tensor([[0.6474, 1.0000, 0.0000, 0.0000, 0.0000, 0.0000]])
tensor([[-0.4756,  1.0000,  0.0000,  1.0000,  0.0000,  0.0000]])
tensor([[0.6360, 1.0000, 0.0000, 0.0000, 0.0000, 0.0000]])
tensor([[-0.1436,  1.0000,  0.0000,  0.0000,  0.0000,  0.0000]])
tensor([[-0.7062,  1.0000,  0.0000,  0.0000,  0.0000,  0.0000]])
tensor([[0.5041, 1.0000, 0.0000, 0.0000, 0.0000, 0.0000]])
tensor([[0.5588, 1.0000, 0.0000, 0.0000, 0.0000, 0.0000]])
tensor([[0.7701, 1.0000, 0.0000, 0.0000, 0.0000, 0.0000]])
tensor([[0.8238, 1.0000, 0.0000, 0.0000, 0.0000, 0.0000]])
tensor([[-0.7314,  1.0000,  0.0000,  0.0000,  0.0000,  0.0000]])
tensor([[0.3780, 1.0000, 0.0000, 0.0000, 0.0000, 0.0000]])
tensor([[-0.7333,  1.0000,  0.0000,  0.0000,  0.0000,  0.0000]])
tensor([[0.6974, 1.0000, 0.0000, 0.0000, 0.0000, 0.0000]])
tensor([[0.7610, 1.0000, 0.0000, 0.0000, 0.0000, 0.0000]])
tensor([[0.5063, 1.0000, 0.0000, 0.0000, 0.0000, 0.0000]])
tensor([[-0.1543,  1.0000,  0.0000,  0.0000,  0.0000,  0.0000]])
tensor([[-0.4756,  1.0000,  0.0000,  0.0000,  0.0000,  0.0000]])
tensor([[-0.5397,  1.0000,  0.0000,  0.0000,  0.0000,  0.0000]])
tensor([[-0.2935,  1.0000,  0.0000,  0.0000,  0.0000,  0.0000]])
tensor([[0.4845, 1.0000, 0.0000, 0.0000, 0.0000, 0.0000]])
tensor([[-0.3073,  1.0000,  0.0000,  0.0000,  0.0000,  0.0000]])
tensor([[0.1420, 1.0000, 0.0000, 0.0000, 0.0000, 0.0000]])
tensor([[-0.0604,  1.0000,  0.0000,  0.0000,  0.0000,  0.0000]])
tensor([[0.0280, 1.0000, 0.0000, 0.0000, 0.0000, 0.0000]])
tensor([[-0.2053,  1.0000,  0.0000,  0.0000,  0.0000,  0.0000]])
tensor([[-0.3591,  1.0000,  0.0000,  0.0000,  0.0000,  0.0000]])
tensor([[-0.2865,  1.0000,  0.0000,  0.0000,  0.0000,  0.0000]])
tensor([[-0.2392,  1.0000,  0.0000,  0.0000,  0.0000,  0.0000]])
tensor([[0.3285, 1.0000, 0.0000, 0.0000, 0.0000, 0.0000]])
tensor([[-0.8500,  1.0000,  0.0000,  0.0000,  0.0000,  0.0000]])
tensor([[-0.0682,  1.0000,  0.0000,  0.0000,  0.0000,  0.0000]])
tensor([[0.0234, 1.0000, 0.0000, 0.0000, 0.0000, 0.0000]])
tensor([[0.2029, 1.0000, 0.0000, 0.0000, 0.0000, 0.0000]])
tensor([[-0.4238,  1.0000,  0.0000,  0.0000,  0.0000,  0.0000]])
tensor([[0.5141, 1.0000, 0.0000, 0.0000, 0.0000, 0.0000]])
tensor([[-0.5917,  1.0000,  0.0000,  0.0000,  0.0000,  0.0000]])
tensor([[-0.4426,  1.0000,  0.0000,  1.0000,  0.0000,  0.0000]])
tensor([[0.2387, 1.0000, 0.0000, 0.0000, 0.0000, 0.0000]])
tensor([[-0.1578,  1.0000,  0.0000,  0.0000,  1.0000,  0.0000]])
tensor([[-0.2309,  1.0000,  0.0000,  0.0000,  0.0000,  0.0000]])
tensor([[0.9556, 1.0000, 0.0000, 0.0000, 0.0000, 0.0000]])
tensor([[-0.4242,  1.0000,  0.0000,  0.0000,  0.0000,  0.0000]])
tensor([[0.7008, 1.0000, 0.0000, 0.0000, 0.0000, 0.0000]])
tensor([[0.9787, 1.0000, 0.0000, 0.0000, 0.0000, 0.0000]])
tensor([[0.3854, 1.0000, 0.0000, 0.0000, 0.0000, 0.0000]])
tensor([[-0.7520,  1.0000,  0.0000,  0.0000,  0.0000,  0.0000]])
tensor([[0.8852, 1.0000, 0.0000, 0.0000, 0.0000, 0.0000]])
tensor([[0.5780, 1.0000, 0.0000, 0.0000, 0.0000, 0.0000]])
tensor([[0.8704, 1.0000, 0.0000, 0.0000, 0.0000, 0.0000]])
tensor([[-0.7726,  1.0000,  0.0000,  0.0000,  0.0000,  0.0000]])
tensor([[-0.2338,  1.0000,  0.0000,  0.0000,  0.0000,  0.0000]])
tensor([[-0.6120,  1.0000,  0.0000,  0.0000,  0.0000,  0.0000]])
tensor([[-0.0346,  1.0000,  0.0000,  0.0000,  0.0000,  0.0000]])
tensor([[-0.1258,  1.0000,  0.0000,  0.0000,  0.0000,  0.0000]])
tensor([[0.7900, 1.0000, 0.0000, 0.0000, 0.0000, 0.0000]])
tensor([[-0.1398,  1.0000,  0.0000,  0.0000,  0.0000,  0.0000]])
tensor([[0.4130, 1.0000, 0.0000, 0.0000, 0.0000, 0.0000]])
tensor([[-0.8760,  1.0000,  0.0000,  0.0000,  0.0000,  0.0000]])
tensor([[-0.6681,  1.0000,  0.0000,  0.0000,  0.0000,  0.0000]])
tensor([[-0.1403,  1.0000,  0.0000,  0.0000,  1.0000,  0.0000]])
tensor([[-0.1130,  1.0000,  0.0000,  0.0000,  0.0000,  0.0000]])
tensor([[-0.8856,  1.0000,  0.0000,  0.0000,  0.0000,  0.0000]])
tensor([[0.0038, 1.0000, 0.0000, 0.0000, 0.0000, 0.0000]])
tensor([[0.3834, 1.0000, 0.0000, 0.0000, 0.0000, 0.0000]])
tensor([[0.6186, 1.0000, 0.0000, 0.0000, 0.0000, 0.0000]])
tensor([[0.7775, 1.0000, 0.0000, 0.0000, 0.0000, 0.0000]])
tensor([[0.4925, 1.0000, 0.0000, 0.0000, 0.0000, 0.0000]])
tensor([[-0.7664,  1.0000,  0.0000,  0.0000,  0.0000,  0.0000]])
tensor([[0.2430, 1.0000, 0.0000, 0.0000, 0.0000, 0.0000]])
tensor([[0.5831, 0.0000, 0.0000, 0.0000, 0.0000, 0.0000]])
tensor([[-0.0614,  1.0000,  0.0000,  0.0000,  0.0000,  0.0000]])
tensor([[0.8352, 1.0000, 0.0000, 0.0000, 0.0000, 0.0000]])
tensor([[-0.0434,  1.0000,  0.0000,  0.0000,  0.0000,  0.0000]])
tensor([[0.7196, 1.0000, 0.0000, 0.0000, 0.0000, 0.0000]])
tensor([[0.4520, 1.0000, 0.0000, 0.0000, 0.0000, 0.0000]])
tensor([[-0.6633,  1.0000,  0.0000,  0.0000,  0.0000,  0.0000]])
tensor([[-0.2261,  1.0000,  0.0000,  0.0000,  0.0000,  0.0000]])
tensor([[0.9272, 1.0000, 0.0000, 0.0000, 0.0000, 0.0000]])
tensor([[0.0107, 1.0000, 0.0000, 0.0000, 0.0000, 0.0000]])
tensor([[-0.7486,  1.0000,  0.0000,  1.0000,  0.0000,  0.0000]])
tensor([[0.2840, 1.0000, 0.0000, 0.0000, 0.0000, 0.0000]])
tensor([[0.5185, 1.0000, 0.0000, 0.0000, 0.0000, 0.0000]])
tensor([[0.6510, 1.0000, 0.0000, 0.0000, 0.0000, 0.0000]])
tensor([[-0.3313,  1.0000,  0.0000,  0.0000,  0.0000,  0.0000]])
tensor([[-0.7338,  0.0000,  0.0000,  0.0000,  0.0000,  0.0000]])
tensor([[-0.0859,  0.0000,  0.0000,  0.0000,  0.0000,  0.0000]])
tensor([[0.1258, 1.0000, 0.0000, 0.0000, 0.0000, 0.0000]])
tensor([[-0.6259,  1.0000,  0.0000,  0.0000,  0.0000,  0.0000]])
tensor([[-0.8628,  1.0000,  0.0000,  0.0000,  0.0000,  0.0000]])
tensor([[-0.5156,  1.0000,  0.0000,  0.0000,  0.0000,  0.0000]])
tensor([[-7.5641e-04,  1.0000e+00,  0.0000e+00,  0.0000e+00,  0.0000e+00,
          0.0000e+00]])
tensor([[-0.0951,  1.0000,  0.0000,  0.0000,  0.0000,  0.0000]])
tensor([[0.8657, 1.0000, 0.0000, 0.0000, 0.0000, 0.0000]])
tensor([[0.4715, 1.0000, 0.0000, 1.0000, 0.0000, 0.0000]])
tensor([[0.8216, 1.0000, 0.0000, 0.0000, 0.0000, 0.0000]])
tensor([[0.6954, 1.0000, 0.0000, 0.0000, 0.0000, 0.0000]])
tensor([[0.1342, 1.0000, 0.0000, 0.0000, 0.0000, 0.0000]])
tensor([[-0.5587,  1.0000,  0.0000,  0.0000,  0.0000,  0.0000]])
tensor([[0.7324, 1.0000, 0.0000, 0.0000, 0.0000, 0.0000]])
tensor([[-0.9463,  1.0000,  0.0000,  0.0000,  0.0000,  0.0000]])
tensor([[-0.9969,  1.0000,  0.0000,  0.0000,  0.0000,  0.0000]])
tensor([[-0.3369,  1.0000,  0.0000,  0.0000,  0.0000,  0.0000]])
tensor([[-0.8655,  1.0000,  0.0000,  0.0000,  0.0000,  0.0000]])
tensor([[-0.7423,  1.0000,  1.0000,  0.0000,  0.0000,  0.0000]])
tensor([[-0.3785,  1.0000,  0.0000,  0.0000,  0.0000,  0.0000]])
tensor([[0.4417, 1.0000, 0.0000, 0.0000, 0.0000, 0.0000]])
tensor([[-0.4505,  1.0000,  0.0000,  0.0000,  0.0000,  0.0000]])
tensor([[-0.3646,  1.0000,  0.0000,  0.0000,  0.0000,  0.0000]])
tensor([[0.2671, 1.0000, 0.0000, 0.0000, 0.0000, 0.0000]])
tensor([[-0.3773,  1.0000,  0.0000,  0.0000,  0.0000,  0.0000]])
tensor([[0.5325, 1.0000, 0.0000, 0.0000, 0.0000, 0.0000]])
tensor([[0.6025, 1.0000, 1.0000, 0.0000, 0.0000, 0.0000]])
tensor([[-0.7187,  1.0000,  0.0000,  0.0000,  0.0000,  0.0000]])
tensor([[-0.1265,  1.0000,  0.0000,  0.0000,  0.0000,  0.0000]])
tensor([[0.0317, 1.0000, 0.0000, 0.0000, 0.0000, 0.0000]])
tensor([[-0.7631,  1.0000,  0.0000,  0.0000,  0.0000,  0.0000]])
tensor([[-0.5515,  1.0000,  0.0000,  0.0000,  0.0000,  0.0000]])
tensor([[-0.8117,  1.0000,  0.0000,  0.0000,  0.0000,  0.0000]])
tensor([[-0.7586,  1.0000,  0.0000,  0.0000,  0.0000,  0.0000]])
tensor([[-0.0187,  1.0000,  0.0000,  0.0000,  0.0000,  0.0000]])
tensor([[-0.3701,  1.0000,  0.0000,  0.0000,  0.0000,  0.0000]])
tensor([[0.9027, 1.0000, 0.0000, 0.0000, 0.0000, 0.0000]])
tensor([[-0.3891,  1.0000,  0.0000,  0.0000,  1.0000,  0.0000]])
tensor([[-0.0164,  1.0000,  0.0000,  0.0000,  0.0000,  0.0000]])
tensor([[-0.9330,  1.0000,  0.0000,  0.0000,  1.0000,  0.0000]])
tensor([[-0.9383,  1.0000,  0.0000,  0.0000,  0.0000,  0.0000]])
tensor([[0.4285, 1.0000, 0.0000, 0.0000, 0.0000, 0.0000]])
tensor([[0.0804, 1.0000, 0.0000, 0.0000, 0.0000, 0.0000]])
tensor([[-0.0424,  1.0000,  0.0000,  0.0000,  0.0000,  0.0000]])
tensor([[-0.6073,  1.0000,  0.0000,  0.0000,  0.0000,  0.0000]])
tensor([[0.7757, 1.0000, 0.0000, 0.0000, 0.0000, 0.0000]])
tensor([[0.9720, 1.0000, 0.0000, 0.0000, 0.0000, 0.0000]])
tensor([[0.7994, 1.0000, 0.0000, 0.0000, 0.0000, 0.0000]])
tensor([[0.3765, 1.0000, 0.0000, 0.0000, 0.0000, 0.0000]])
tensor([[0.5295, 1.0000, 0.0000, 0.0000, 0.0000, 0.0000]])
tensor([[-0.6693,  1.0000,  0.0000,  0.0000,  0.0000,  0.0000]])
tensor([[-0.1949,  1.0000,  0.0000,  0.0000,  0.0000,  0.0000]])
tensor([[0.6107, 1.0000, 0.0000, 0.0000, 0.0000, 0.0000]])
tensor([[0.3496, 1.0000, 0.0000, 0.0000, 0.0000, 0.0000]])
tensor([[-0.7214,  1.0000,  0.0000,  0.0000,  0.0000,  0.0000]])
tensor([[0.7215, 1.0000, 0.0000, 0.0000, 0.0000, 0.0000]])
tensor([[0.4877, 1.0000, 0.0000, 0.0000, 0.0000, 0.0000]])
tensor([[-0.5995,  1.0000,  0.0000,  0.0000,  0.0000,  0.0000]])
tensor([[-0.4324,  1.0000,  0.0000,  0.0000,  0.0000,  0.0000]])
tensor([[-0.9622,  1.0000,  0.0000,  0.0000,  0.0000,  0.0000]])
tensor([[-0.2742,  1.0000,  0.0000,  0.0000,  0.0000,  0.0000]])
tensor([[-0.8712,  1.0000,  0.0000,  0.0000,  0.0000,  0.0000]])
tensor([[-0.8817,  1.0000,  0.0000,  0.0000,  0.0000,  0.0000]])
tensor([[0.0144, 1.0000, 0.0000, 0.0000, 0.0000, 0.0000]])
tensor([[0.8706, 1.0000, 0.0000, 0.0000, 0.0000, 0.0000]])
tensor([[-0.3255,  1.0000,  0.0000,  0.0000,  0.0000,  0.0000]])
tensor([[-0.6850,  1.0000,  0.0000,  0.0000,  0.0000,  0.0000]])
tensor([[-0.1632,  1.0000,  0.0000,  0.0000,  0.0000,  0.0000]])
tensor([[-0.8949,  1.0000,  0.0000,  0.0000,  0.0000,  0.0000]])
tensor([[-0.6011,  1.0000,  0.0000,  0.0000,  0.0000,  0.0000]])
tensor([[-0.7341,  1.0000,  0.0000,  0.0000,  0.0000,  0.0000]])
tensor([[0.3248, 1.0000, 0.0000, 0.0000, 0.0000, 0.0000]])
tensor([[0.3697, 1.0000, 0.0000, 0.0000, 0.0000, 0.0000]])
tensor([[-0.9214,  1.0000,  0.0000,  0.0000,  0.0000,  0.0000]])
tensor([[0.4195, 1.0000, 0.0000, 0.0000, 0.0000, 0.0000]])
tensor([[0.2972, 1.0000, 0.0000, 0.0000, 0.0000, 0.0000]])
tensor([[-0.1346,  1.0000,  0.0000,  0.0000,  0.0000,  0.0000]])
tensor([[-0.7259,  1.0000,  0.0000,  0.0000,  0.0000,  0.0000]])
tensor([[-0.6203,  1.0000,  0.0000,  0.0000,  0.0000,  0.0000]])
tensor([[-0.7676,  1.0000,  0.0000,  0.0000,  0.0000,  0.0000]])
tensor([[-0.1221,  1.0000,  0.0000,  0.0000,  0.0000,  0.0000]])
tensor([[-0.0360,  1.0000,  1.0000,  0.0000,  0.0000,  0.0000]])
tensor([[-0.4436,  1.0000,  0.0000,  0.0000,  0.0000,  0.0000]])
tensor([[-0.7373,  1.0000,  0.0000,  0.0000,  0.0000,  0.0000]])
tensor([[0.8090, 1.0000, 0.0000, 0.0000, 0.0000, 0.0000]])
tensor([[-0.0702,  1.0000,  0.0000,  0.0000,  0.0000,  0.0000]])
tensor([[0.1102, 1.0000, 0.0000, 0.0000, 0.0000, 0.0000]])
tensor([[-0.2668,  1.0000,  0.0000,  0.0000,  0.0000,  0.0000]])
tensor([[0.3259, 1.0000, 0.0000, 0.0000, 0.0000, 0.0000]])
tensor([[-0.1817,  1.0000,  1.0000,  0.0000,  0.0000,  0.0000]])
tensor([[0.4462, 1.0000, 1.0000, 0.0000, 0.0000, 0.0000]])
tensor([[-0.4193,  1.0000,  0.0000,  0.0000,  0.0000,  0.0000]])
tensor([[-0.1258,  1.0000,  0.0000,  0.0000,  0.0000,  0.0000]])
tensor([[-0.5462,  1.0000,  0.0000,  0.0000,  0.0000,  0.0000]])
tensor([[-0.1883,  1.0000,  0.0000,  0.0000,  0.0000,  0.0000]])
tensor([[0.2408, 1.0000, 0.0000, 0.0000, 0.0000, 0.0000]])
tensor([[0.1128, 1.0000, 0.0000, 0.0000, 0.0000, 0.0000]])
tensor([[-0.5739,  1.0000,  0.0000,  0.0000,  0.0000,  0.0000]])
tensor([[0.6321, 1.0000, 0.0000, 0.0000, 0.0000, 0.0000]])
tensor([[-0.4131,  1.0000,  0.0000,  0.0000,  0.0000,  0.0000]])
tensor([[0.0295, 1.0000, 0.0000, 0.0000, 0.0000, 0.0000]])
tensor([[-0.7495,  1.0000,  0.0000,  0.0000,  0.0000,  0.0000]])
tensor([[-0.4336,  1.0000,  0.0000,  0.0000,  0.0000,  0.0000]])
tensor([[-0.5856,  0.0000,  0.0000,  0.0000,  0.0000,  0.0000]])
tensor([[-0.6468,  1.0000,  0.0000,  0.0000,  0.0000,  0.0000]])
tensor([[-0.7160,  1.0000,  0.0000,  0.0000,  0.0000,  0.0000]])
tensor([[-0.3429,  1.0000,  0.0000,  0.0000,  0.0000,  0.0000]])
tensor([[0.8649, 1.0000, 0.0000, 0.0000, 0.0000, 0.0000]])
tensor([[0.0235, 0.0000, 0.0000, 0.0000, 0.0000, 0.0000]])
tensor([[0.2735, 1.0000, 0.0000, 0.0000, 0.0000, 0.0000]])
tensor([[-0.7132,  1.0000,  0.0000,  0.0000,  0.0000,  0.0000]])
tensor([[0.2982, 1.0000, 0.0000, 0.0000, 0.0000, 0.0000]])
tensor([[-0.5306,  1.0000,  0.0000,  0.0000,  0.0000,  0.0000]])
tensor([[-0.4042,  1.0000,  0.0000,  1.0000,  0.0000,  0.0000]])
tensor([[-0.9512,  1.0000,  0.0000,  0.0000,  0.0000,  0.0000]])
tensor([[-0.0090,  1.0000,  0.0000,  0.0000,  0.0000,  0.0000]])
tensor([[-0.1090,  1.0000,  0.0000,  0.0000,  0.0000,  0.0000]])
tensor([[-0.5731,  1.0000,  0.0000,  0.0000,  0.0000,  0.0000]])
tensor([[0.8740, 1.0000, 0.0000, 0.0000, 0.0000, 0.0000]])
tensor([[-0.7278,  1.0000,  1.0000,  0.0000,  0.0000,  0.0000]])
tensor([[-0.9682,  1.0000,  0.0000,  0.0000,  0.0000,  0.0000]])
tensor([[-0.1148,  1.0000,  0.0000,  0.0000,  0.0000,  0.0000]])
tensor([[-0.2824,  1.0000,  0.0000,  0.0000,  0.0000,  0.0000]])
tensor([[-0.8329,  1.0000,  0.0000,  0.0000,  0.0000,  0.0000]])
tensor([[-0.4186,  1.0000,  0.0000,  0.0000,  0.0000,  0.0000]])
tensor([[-0.3189,  1.0000,  0.0000,  0.0000,  0.0000,  0.0000]])
tensor([[0.2189, 1.0000, 0.0000, 0.0000, 0.0000, 0.0000]])
tensor([[-0.0056,  1.0000,  1.0000,  0.0000,  0.0000,  0.0000]])
tensor([[-0.6499,  1.0000,  0.0000,  0.0000,  0.0000,  0.0000]])
tensor([[-0.0248,  1.0000,  0.0000,  0.0000,  0.0000,  0.0000]])
tensor([[0.4186, 1.0000, 0.0000, 0.0000, 0.0000, 0.0000]])
tensor([[-0.4281,  1.0000,  1.0000,  0.0000,  0.0000,  0.0000]])
tensor([[-0.6554,  1.0000,  0.0000,  0.0000,  0.0000,  0.0000]])
tensor([[-0.9192,  1.0000,  0.0000,  0.0000,  0.0000,  0.0000]])
tensor([[0.6437, 1.0000, 0.0000, 0.0000, 0.0000, 0.0000]])
tensor([[-0.0665,  1.0000,  0.0000,  0.0000,  0.0000,  0.0000]])
tensor([[-0.8449,  1.0000,  0.0000,  0.0000,  0.0000,  0.0000]])
tensor([[-0.4921,  1.0000,  0.0000,  0.0000,  0.0000,  0.0000]])
tensor([[-0.7150,  1.0000,  0.0000,  0.0000,  0.0000,  0.0000]])
tensor([[-0.7202,  1.0000,  0.0000,  0.0000,  0.0000,  0.0000]])
tensor([[-0.0229,  1.0000,  0.0000,  0.0000,  0.0000,  0.0000]])
tensor([[-0.7688,  1.0000,  0.0000,  0.0000,  0.0000,  0.0000]])
tensor([[-0.1892,  1.0000,  0.0000,  0.0000,  0.0000,  0.0000]])
tensor([[0.5141, 1.0000, 0.0000, 0.0000, 0.0000, 0.0000]])
tensor([[-0.1344,  1.0000,  0.0000,  1.0000,  0.0000,  0.0000]])
tensor([[-0.0326,  1.0000,  0.0000,  0.0000,  0.0000,  0.0000]])
tensor([[-0.8330,  1.0000,  0.0000,  0.0000,  0.0000,  0.0000]])
tensor([[-0.4679,  1.0000,  0.0000,  0.0000,  0.0000,  0.0000]])
tensor([[-0.8452,  1.0000,  0.0000,  0.0000,  0.0000,  0.0000]])
tensor([[-0.7869,  1.0000,  0.0000,  0.0000,  0.0000,  0.0000]])
tensor([[-0.4392,  0.0000,  0.0000,  0.0000,  0.0000,  0.0000]])
tensor([[0.1882, 1.0000, 0.0000, 0.0000, 0.0000, 0.0000]])
tensor([[0.4708, 1.0000, 0.0000, 0.0000, 0.0000, 0.0000]])
tensor([[-0.7570,  1.0000,  0.0000,  0.0000,  0.0000,  0.0000]])
tensor([[0.3639, 1.0000, 0.0000, 0.0000, 0.0000, 0.0000]])
tensor([[-0.0765,  1.0000,  0.0000,  0.0000,  0.0000,  0.0000]])
tensor([[-0.1447,  1.0000,  0.0000,  0.0000,  0.0000,  0.0000]])
tensor([[-0.5326,  1.0000,  0.0000,  0.0000,  0.0000,  0.0000]])
tensor([[-0.9885,  1.0000,  0.0000,  0.0000,  0.0000,  0.0000]])
tensor([[0.8250, 1.0000, 0.0000, 0.0000, 0.0000, 0.0000]])
tensor([[-0.9170,  1.0000,  0.0000,  0.0000,  0.0000,  0.0000]])
tensor([[-0.9037,  1.0000,  0.0000,  1.0000,  0.0000,  0.0000]])
tensor([[-0.9479,  1.0000,  0.0000,  0.0000,  0.0000,  0.0000]])
tensor([[-0.4454,  1.0000,  0.0000,  0.0000,  0.0000,  0.0000]])
tensor([[-0.3045,  1.0000,  0.0000,  0.0000,  0.0000,  0.0000]])
tensor([[0.6660, 1.0000, 0.0000, 0.0000, 0.0000, 0.0000]])
tensor([[-0.3609,  1.0000,  0.0000,  1.0000,  0.0000,  0.0000]])
tensor([[-0.2648,  1.0000,  0.0000,  0.0000,  0.0000,  0.0000]])
tensor([[-0.8599,  1.0000,  0.0000,  0.0000,  0.0000,  0.0000]])
tensor([[-0.7469,  1.0000,  0.0000,  0.0000,  0.0000,  0.0000]])
tensor([[-0.4767,  1.0000,  1.0000,  0.0000,  0.0000,  0.0000]])
tensor([[0.5587, 1.0000, 0.0000, 0.0000, 0.0000, 0.0000]])
tensor([[0.6713, 1.0000, 0.0000, 0.0000, 0.0000, 0.0000]])
tensor([[0.0930, 1.0000, 0.0000, 0.0000, 0.0000, 0.0000]])
tensor([[-0.0793,  1.0000,  0.0000,  0.0000,  0.0000,  0.0000]])
tensor([[-0.1691,  1.0000,  0.0000,  0.0000,  0.0000,  0.0000]])
tensor([[-0.7425,  1.0000,  0.0000,  0.0000,  0.0000,  0.0000]])
tensor([[0.9161, 1.0000, 0.0000, 0.0000, 0.0000, 0.0000]])
tensor([[0.5158, 1.0000, 0.0000, 0.0000, 0.0000, 0.0000]])
tensor([[-0.3564,  1.0000,  0.0000,  1.0000,  0.0000,  0.0000]])
tensor([[-0.3067,  1.0000,  0.0000,  0.0000,  0.0000,  0.0000]])
tensor([[0.4030, 1.0000, 0.0000, 0.0000, 0.0000, 0.0000]])
tensor([[0.6531, 1.0000, 0.0000, 0.0000, 0.0000, 0.0000]])
tensor([[-0.4371,  1.0000,  0.0000,  0.0000,  0.0000,  0.0000]])
tensor([[-0.3161,  1.0000,  0.0000,  0.0000,  0.0000,  0.0000]])
tensor([[0.2774, 1.0000, 0.0000, 0.0000, 0.0000, 0.0000]])
tensor([[0.0492, 1.0000, 0.0000, 0.0000, 0.0000, 0.0000]])
tensor([[-0.5111,  1.0000,  1.0000,  0.0000,  0.0000,  0.0000]])
tensor([[-0.0119,  1.0000,  0.0000,  0.0000,  0.0000,  0.0000]])
tensor([[-0.9215,  1.0000,  0.0000,  0.0000,  0.0000,  0.0000]])
tensor([[-0.1931,  1.0000,  0.0000,  0.0000,  0.0000,  0.0000]])
tensor([[-0.1734,  1.0000,  0.0000,  0.0000,  0.0000,  0.0000]])
tensor([[-0.6582,  1.0000,  0.0000,  0.0000,  0.0000,  0.0000]])
tensor([[0.8582, 1.0000, 0.0000, 0.0000, 0.0000, 0.0000]])
tensor([[0.1294, 1.0000, 0.0000, 0.0000, 0.0000, 0.0000]])
tensor([[-0.2495,  1.0000,  0.0000,  0.0000,  0.0000,  0.0000]])
tensor([[0.3648, 1.0000, 0.0000, 0.0000, 0.0000, 0.0000]])
tensor([[-0.2762,  1.0000,  0.0000,  0.0000,  0.0000,  0.0000]])
tensor([[-0.5966,  1.0000,  0.0000,  0.0000,  0.0000,  0.0000]])
tensor([[0.6963, 0.0000, 0.0000, 0.0000, 0.0000, 0.0000]])
tensor([[-0.3220,  1.0000,  0.0000,  0.0000,  0.0000,  0.0000]])
tensor([[0.6987, 1.0000, 0.0000, 0.0000, 0.0000, 0.0000]])
tensor([[0.8494, 1.0000, 0.0000, 0.0000, 0.0000, 0.0000]])
tensor([[0.6513, 1.0000, 0.0000, 0.0000, 0.0000, 0.0000]])
tensor([[0.0769, 1.0000, 0.0000, 0.0000, 0.0000, 0.0000]])
tensor([[0.5924, 1.0000, 0.0000, 0.0000, 0.0000, 0.0000]])
tensor([[0.5784, 1.0000, 0.0000, 0.0000, 0.0000, 0.0000]])
tensor([[-0.1466,  1.0000,  0.0000,  0.0000,  0.0000,  0.0000]])
tensor([[-0.6615,  1.0000,  0.0000,  0.0000,  0.0000,  0.0000]])
tensor([[0.6219, 1.0000, 0.0000, 1.0000, 0.0000, 0.0000]])
tensor([[-0.3470,  1.0000,  0.0000,  0.0000,  0.0000,  0.0000]])
tensor([[0.1007, 1.0000, 0.0000, 0.0000, 0.0000, 0.0000]])
tensor([[-0.6390,  1.0000,  0.0000,  0.0000,  0.0000,  0.0000]])
tensor([[0.6935, 0.0000, 0.0000, 0.0000, 0.0000, 0.0000]])
tensor([[-0.8407,  1.0000,  0.0000,  0.0000,  0.0000,  0.0000]])
tensor([[0.2463, 1.0000, 0.0000, 0.0000, 0.0000, 0.0000]])
tensor([[0.2564, 1.0000, 0.0000, 0.0000, 0.0000, 0.0000]])
tensor([[-0.2980,  1.0000,  0.0000,  0.0000,  0.0000,  0.0000]])
tensor([[0.6507, 1.0000, 0.0000, 0.0000, 0.0000, 0.0000]])
tensor([[0.7011, 1.0000, 0.0000, 0.0000, 0.0000, 0.0000]])
tensor([[-0.4390,  1.0000,  0.0000,  0.0000,  0.0000,  0.0000]])
tensor([[-0.2191,  1.0000,  0.0000,  0.0000,  0.0000,  0.0000]])
tensor([[0.9494, 0.0000, 0.0000, 0.0000, 0.0000, 0.0000]])
tensor([[0.4645, 1.0000, 0.0000, 0.0000, 0.0000, 0.0000]])
tensor([[-0.1382,  1.0000,  0.0000,  0.0000,  0.0000,  0.0000]])
tensor([[-0.7167,  1.0000,  0.0000,  0.0000,  0.0000,  0.0000]])
tensor([[-0.3529,  1.0000,  0.0000,  0.0000,  0.0000,  0.0000]])
tensor([[-0.8521,  1.0000,  0.0000,  0.0000,  0.0000,  0.0000]])
tensor([[0.7781, 1.0000, 0.0000, 0.0000, 0.0000, 0.0000]])
tensor([[0.0906, 1.0000, 0.0000, 0.0000, 0.0000, 0.0000]])
tensor([[0.3875, 0.0000, 0.0000, 0.0000, 0.0000, 0.0000]])
tensor([[0.6181, 1.0000, 0.0000, 0.0000, 0.0000, 0.0000]])
tensor([[0.4979, 1.0000, 0.0000, 0.0000, 0.0000, 0.0000]])
tensor([[-0.8249,  1.0000,  0.0000,  0.0000,  0.0000,  0.0000]])
tensor([[-0.5603,  1.0000,  0.0000,  0.0000,  0.0000,  0.0000]])
tensor([[-0.7061,  1.0000,  0.0000,  0.0000,  0.0000,  0.0000]])
tensor([[-0.3037,  1.0000,  0.0000,  0.0000,  0.0000,  0.0000]])
tensor([[-0.5127,  1.0000,  0.0000,  0.0000,  0.0000,  0.0000]])
tensor([[-0.5063,  1.0000,  0.0000,  0.0000,  0.0000,  0.0000]])
tensor([[0.5436, 1.0000, 0.0000, 0.0000, 0.0000, 0.0000]])
tensor([[0.9007, 1.0000, 0.0000, 0.0000, 0.0000, 0.0000]])
tensor([[0.0748, 1.0000, 0.0000, 0.0000, 0.0000, 0.0000]])
tensor([[-0.4320,  1.0000,  0.0000,  0.0000,  0.0000,  0.0000]])
tensor([[0.1647, 1.0000, 0.0000, 0.0000, 0.0000, 0.0000]])
tensor([[0.2011, 1.0000, 0.0000, 0.0000, 0.0000, 0.0000]])
tensor([[0.6543, 1.0000, 0.0000, 0.0000, 0.0000, 0.0000]])
tensor([[0.8652, 1.0000, 0.0000, 0.0000, 0.0000, 0.0000]])
tensor([[0.6489, 1.0000, 0.0000, 0.0000, 0.0000, 0.0000]])
tensor([[0.8137, 1.0000, 0.0000, 0.0000, 0.0000, 0.0000]])
tensor([[-0.3899,  1.0000,  0.0000,  0.0000,  0.0000,  0.0000]])
tensor([[-0.1113,  1.0000,  0.0000,  0.0000,  0.0000,  0.0000]])
tensor([[0.1768, 1.0000, 0.0000, 0.0000, 0.0000, 0.0000]])
tensor([[-0.0149,  1.0000,  0.0000,  0.0000,  0.0000,  0.0000]])
tensor([[-0.4683,  1.0000,  0.0000,  0.0000,  0.0000,  0.0000]])
tensor([[0.3381, 1.0000, 0.0000, 0.0000, 0.0000, 0.0000]])
tensor([[-0.2024,  1.0000,  0.0000,  0.0000,  0.0000,  0.0000]])
tensor([[0.6310, 1.0000, 0.0000, 0.0000, 0.0000, 0.0000]])
tensor([[-0.2048,  1.0000,  0.0000,  0.0000,  0.0000,  0.0000]])
tensor([[-0.4143,  1.0000,  0.0000,  0.0000,  0.0000,  0.0000]])
tensor([[-0.9481,  1.0000,  0.0000,  0.0000,  0.0000,  0.0000]])
tensor([[-0.5476,  1.0000,  0.0000,  0.0000,  0.0000,  0.0000]])
tensor([[-0.6002,  1.0000,  0.0000,  0.0000,  0.0000,  0.0000]])
tensor([[0.8616, 1.0000, 0.0000, 0.0000, 0.0000, 0.0000]])
tensor([[0.4522, 1.0000, 0.0000, 0.0000, 0.0000, 0.0000]])
tensor([[-0.5672,  1.0000,  0.0000,  0.0000,  0.0000,  0.0000]])
tensor([[-0.6987,  1.0000,  0.0000,  0.0000,  0.0000,  0.0000]])
tensor([[0.1460, 1.0000, 0.0000, 0.0000, 0.0000, 0.0000]])
tensor([[0.9419, 1.0000, 0.0000, 1.0000, 0.0000, 0.0000]])
tensor([[-0.6968,  1.0000,  0.0000,  0.0000,  0.0000,  0.0000]])
tensor([[-0.2289,  1.0000,  0.0000,  0.0000,  0.0000,  0.0000]])
tensor([[-0.6428,  1.0000,  0.0000,  0.0000,  0.0000,  0.0000]])
tensor([[-0.0935,  1.0000,  0.0000,  0.0000,  0.0000,  0.0000]])
tensor([[-0.2415,  1.0000,  0.0000,  0.0000,  0.0000,  0.0000]])
tensor([[0.5057, 1.0000, 0.0000, 0.0000, 0.0000, 0.0000]])
tensor([[0.2378, 1.0000, 1.0000, 0.0000, 0.0000, 0.0000]])
tensor([[-0.7497,  1.0000,  0.0000,  0.0000,  0.0000,  0.0000]])
tensor([[-0.2537,  1.0000,  0.0000,  0.0000,  0.0000,  0.0000]])
tensor([[0.2740, 1.0000, 0.0000, 0.0000, 0.0000, 0.0000]])
tensor([[-0.5789,  1.0000,  0.0000,  0.0000,  0.0000,  0.0000]])
tensor([[-0.3165,  1.0000,  0.0000,  0.0000,  0.0000,  0.0000]])
tensor([[0.9232, 1.0000, 0.0000, 0.0000, 0.0000, 0.0000]])
tensor([[-0.1903,  1.0000,  0.0000,  0.0000,  0.0000,  0.0000]])
tensor([[-0.2216,  1.0000,  0.0000,  0.0000,  0.0000,  0.0000]])
tensor([[0.6710, 1.0000, 0.0000, 0.0000, 0.0000, 0.0000]])
tensor([[0.2264, 1.0000, 0.0000, 0.0000, 0.0000, 0.0000]])
tensor([[0.4355, 1.0000, 0.0000, 0.0000, 0.0000, 0.0000]])
tensor([[0.5613, 1.0000, 0.0000, 0.0000, 0.0000, 0.0000]])
tensor([[0.4329, 1.0000, 0.0000, 1.0000, 0.0000, 0.0000]])
tensor([[-0.3987,  1.0000,  0.0000,  0.0000,  0.0000,  0.0000]])
tensor([[0.5013, 1.0000, 0.0000, 0.0000, 0.0000, 0.0000]])
tensor([[-0.1058,  1.0000,  0.0000,  0.0000,  0.0000,  0.0000]])
tensor([[0.0047, 1.0000, 0.0000, 0.0000, 0.0000, 0.0000]])
tensor([[-0.8743,  0.0000,  0.0000,  0.0000,  0.0000,  0.0000]])
tensor([[-0.8741,  1.0000,  0.0000,  1.0000,  0.0000,  0.0000]])
tensor([[-0.6059,  1.0000,  0.0000,  0.0000,  0.0000,  0.0000]])
tensor([[-0.9416,  1.0000,  0.0000,  0.0000,  0.0000,  0.0000]])
tensor([[0.7664, 1.0000, 0.0000, 0.0000, 0.0000, 0.0000]])
tensor([[0.0319, 1.0000, 0.0000, 0.0000, 0.0000, 0.0000]])
tensor([[0.1469, 1.0000, 0.0000, 0.0000, 0.0000, 0.0000]])
tensor([[0.9139, 1.0000, 0.0000, 0.0000, 0.0000, 0.0000]])
tensor([[-0.2846,  1.0000,  0.0000,  0.0000,  0.0000,  0.0000]])
tensor([[-0.4385,  1.0000,  0.0000,  0.0000,  0.0000,  0.0000]])
tensor([[-0.5794,  1.0000,  0.0000,  1.0000,  0.0000,  0.0000]])
tensor([[0.4671, 1.0000, 0.0000, 0.0000, 0.0000, 0.0000]])
tensor([[0.1488, 1.0000, 0.0000, 0.0000, 0.0000, 0.0000]])
tensor([[-0.9331,  1.0000,  0.0000,  0.0000,  0.0000,  0.0000]])
tensor([[-0.4410,  1.0000,  0.0000,  1.0000,  0.0000,  0.0000]])
tensor([[-0.8968,  1.0000,  0.0000,  0.0000,  0.0000,  0.0000]])
tensor([[-0.6991,  1.0000,  0.0000,  0.0000,  0.0000,  0.0000]])
tensor([[-0.6906,  1.0000,  0.0000,  0.0000,  0.0000,  0.0000]])
tensor([[-0.6309,  1.0000,  0.0000,  0.0000,  0.0000,  0.0000]])
tensor([[-0.9350,  1.0000,  0.0000,  0.0000,  0.0000,  0.0000]])
tensor([[-0.7270,  1.0000,  0.0000,  0.0000,  0.0000,  0.0000]])
tensor([[-0.5785,  1.0000,  0.0000,  0.0000,  0.0000,  0.0000]])
tensor([[-0.5949,  1.0000,  0.0000,  0.0000,  0.0000,  0.0000]])
tensor([[0.7805, 1.0000, 0.0000, 0.0000, 0.0000, 0.0000]])
tensor([[-0.9638,  1.0000,  0.0000,  0.0000,  0.0000,  0.0000]])
tensor([[-0.9165,  1.0000,  0.0000,  0.0000,  0.0000,  0.0000]])
tensor([[-0.9552,  1.0000,  0.0000,  0.0000,  0.0000,  0.0000]])
tensor([[-0.8687,  1.0000,  0.0000,  0.0000,  0.0000,  0.0000]])
tensor([[-0.6598,  1.0000,  0.0000,  0.0000,  0.0000,  0.0000]])
tensor([[0.9939, 1.0000, 0.0000, 0.0000, 1.0000, 0.0000]])
tensor([[0.4537, 1.0000, 0.0000, 0.0000, 0.0000, 0.0000]])
tensor([[-0.9866,  1.0000,  0.0000,  0.0000,  0.0000,  0.0000]])
tensor([[-0.6334,  1.0000,  0.0000,  0.0000,  1.0000,  0.0000]])
tensor([[0.9022, 1.0000, 0.0000, 0.0000, 0.0000, 0.0000]])
tensor([[0.6927, 1.0000, 0.0000, 0.0000, 0.0000, 0.0000]])
tensor([[-0.7246,  1.0000,  0.0000,  1.0000,  0.0000,  0.0000]])
tensor([[-0.9568,  1.0000,  0.0000,  0.0000,  0.0000,  0.0000]])
tensor([[0.3959, 1.0000, 0.0000, 0.0000, 0.0000, 0.0000]])
tensor([[0.8284, 1.0000, 0.0000, 0.0000, 0.0000, 0.0000]])
tensor([[-0.8444,  1.0000,  0.0000,  0.0000,  0.0000,  0.0000]])
tensor([[0.1564, 1.0000, 0.0000, 0.0000, 0.0000, 0.0000]])
tensor([[-0.9736,  1.0000,  0.0000,  0.0000,  0.0000,  0.0000]])
tensor([[-0.9590,  1.0000,  0.0000,  0.0000,  0.0000,  0.0000]])
tensor([[-0.4892,  1.0000,  0.0000,  0.0000,  0.0000,  0.0000]])
tensor([[-0.3643,  1.0000,  0.0000,  0.0000,  0.0000,  0.0000]])
tensor([[-0.3393,  1.0000,  0.0000,  0.0000,  0.0000,  0.0000]])
tensor([[0.4359, 1.0000, 0.0000, 0.0000, 0.0000, 0.0000]])
tensor([[-0.9529,  1.0000,  0.0000,  0.0000,  0.0000,  0.0000]])
tensor([[-0.8140,  1.0000,  0.0000,  0.0000,  0.0000,  0.0000]])
tensor([[-0.8780,  1.0000,  0.0000,  0.0000,  0.0000,  0.0000]])
tensor([[-0.8988,  1.0000,  0.0000,  0.0000,  0.0000,  0.0000]])
tensor([[0.7715, 1.0000, 1.0000, 0.0000, 0.0000, 0.0000]])
tensor([[-0.3951,  1.0000,  0.0000,  0.0000,  0.0000,  0.0000]])
tensor([[0.1156, 1.0000, 0.0000, 0.0000, 0.0000, 0.0000]])
tensor([[-0.7334,  1.0000,  0.0000,  0.0000,  0.0000,  0.0000]])
tensor([[-0.4572,  1.0000,  1.0000,  0.0000,  0.0000,  0.0000]])
tensor([[-0.8256,  1.0000,  0.0000,  0.0000,  0.0000,  0.0000]])
tensor([[0.3810, 1.0000, 0.0000, 0.0000, 0.0000, 0.0000]])
tensor([[0.0978, 1.0000, 0.0000, 0.0000, 0.0000, 0.0000]])
tensor([[-0.7986,  1.0000,  0.0000,  0.0000,  0.0000,  0.0000]])
tensor([[0.1717, 1.0000, 0.0000, 0.0000, 1.0000, 0.0000]])
tensor([[-0.3395,  1.0000,  0.0000,  0.0000,  0.0000,  0.0000]])
tensor([[0.3076, 1.0000, 0.0000, 0.0000, 0.0000, 0.0000]])
tensor([[-0.6983,  1.0000,  0.0000,  0.0000,  0.0000,  0.0000]])
tensor([[-0.9485,  1.0000,  1.0000,  0.0000,  0.0000,  0.0000]])
tensor([[-0.8019,  1.0000,  0.0000,  0.0000,  0.0000,  0.0000]])
tensor([[-0.6983,  1.0000,  0.0000,  0.0000,  0.0000,  0.0000]])
tensor([[0.2675, 1.0000, 0.0000, 0.0000, 0.0000, 0.0000]])
tensor([[-0.1855,  1.0000,  1.0000,  0.0000,  0.0000,  0.0000]])
tensor([[-0.8813,  1.0000,  0.0000,  0.0000,  0.0000,  0.0000]])
tensor([[-0.7894,  1.0000,  0.0000,  0.0000,  0.0000,  0.0000]])
tensor([[-0.8304,  1.0000,  0.0000,  0.0000,  0.0000,  0.0000]])
tensor([[-0.6501,  1.0000,  1.0000,  0.0000,  0.0000,  0.0000]])
tensor([[-0.2854,  1.0000,  0.0000,  0.0000,  0.0000,  0.0000]])
tensor([[0.5671, 1.0000, 0.0000, 0.0000, 0.0000, 0.0000]])
tensor([[0.5541, 1.0000, 0.0000, 0.0000, 0.0000, 0.0000]])
tensor([[-0.0446,  1.0000,  0.0000,  0.0000,  0.0000,  0.0000]])
tensor([[-0.0621,  1.0000,  0.0000,  0.0000,  0.0000,  0.0000]])
tensor([[0.0686, 1.0000, 0.0000, 0.0000, 0.0000, 0.0000]])
tensor([[-0.3872,  1.0000,  0.0000,  0.0000,  0.0000,  0.0000]])
tensor([[-0.8689,  1.0000,  0.0000,  0.0000,  0.0000,  0.0000]])
tensor([[-0.9288,  1.0000,  0.0000,  0.0000,  0.0000,  0.0000]])
tensor([[-0.7276,  1.0000,  0.0000,  0.0000,  0.0000,  0.0000]])
tensor([[0.5374, 1.0000, 0.0000, 0.0000, 0.0000, 0.0000]])
tensor([[0.3343, 1.0000, 0.0000, 0.0000, 0.0000, 0.0000]])
tensor([[-0.8019,  1.0000,  0.0000,  0.0000,  0.0000,  0.0000]])
tensor([[0.0805, 1.0000, 0.0000, 0.0000, 0.0000, 0.0000]])
tensor([[0.2094, 1.0000, 0.0000, 0.0000, 0.0000, 0.0000]])
tensor([[0.2843, 1.0000, 0.0000, 0.0000, 0.0000, 0.0000]])
tensor([[-0.8247,  1.0000,  0.0000,  0.0000,  0.0000,  0.0000]])
tensor([[-0.6976,  1.0000,  0.0000,  0.0000,  0.0000,  0.0000]])
tensor([[0.8385, 1.0000, 0.0000, 1.0000, 0.0000, 0.0000]])
tensor([[0.2901, 1.0000, 0.0000, 0.0000, 0.0000, 0.0000]])
tensor([[0.7894, 1.0000, 0.0000, 0.0000, 0.0000, 0.0000]])
tensor([[-0.0716,  1.0000,  0.0000,  0.0000,  0.0000,  0.0000]])
tensor([[-0.4132,  1.0000,  0.0000,  0.0000,  0.0000,  0.0000]])
tensor([[-0.3254,  1.0000,  0.0000,  0.0000,  0.0000,  0.0000]])
tensor([[0.9131, 1.0000, 0.0000, 0.0000, 0.0000, 0.0000]])
tensor([[-0.7590,  1.0000,  0.0000,  0.0000,  0.0000,  0.0000]])
tensor([[-0.4805,  1.0000,  0.0000,  0.0000,  0.0000,  0.0000]])
tensor([[-0.3665,  1.0000,  0.0000,  0.0000,  0.0000,  0.0000]])
tensor([[-0.0082,  1.0000,  0.0000,  0.0000,  0.0000,  0.0000]])
tensor([[-0.5364,  1.0000,  0.0000,  0.0000,  0.0000,  0.0000]])
tensor([[-0.5598,  1.0000,  0.0000,  0.0000,  0.0000,  0.0000]])
tensor([[-0.7995,  1.0000,  0.0000,  0.0000,  0.0000,  0.0000]])
tensor([[-0.9755,  1.0000,  0.0000,  0.0000,  0.0000,  0.0000]])
tensor([[-0.8968,  0.0000,  0.0000,  0.0000,  0.0000,  0.0000]])
tensor([[-0.9941,  1.0000,  0.0000,  0.0000,  0.0000,  0.0000]])
tensor([[-0.9248,  1.0000,  0.0000,  0.0000,  0.0000,  0.0000]])
tensor([[-0.6680,  1.0000,  0.0000,  0.0000,  0.0000,  0.0000]])
tensor([[-0.6952,  1.0000,  0.0000,  0.0000,  0.0000,  0.0000]])
tensor([[0.1532, 1.0000, 0.0000, 0.0000, 0.0000, 0.0000]])
tensor([[0.5642, 1.0000, 0.0000, 0.0000, 0.0000, 0.0000]])
tensor([[0.8231, 1.0000, 0.0000, 0.0000, 0.0000, 0.0000]])
tensor([[0.5986, 1.0000, 0.0000, 0.0000, 0.0000, 0.0000]])
tensor([[0.5284, 1.0000, 0.0000, 0.0000, 0.0000, 0.0000]])
tensor([[-0.0974,  1.0000,  0.0000,  0.0000,  0.0000,  0.0000]])
tensor([[-0.3286,  1.0000,  0.0000,  0.0000,  0.0000,  0.0000]])
tensor([[-0.2436,  1.0000,  0.0000,  0.0000,  0.0000,  0.0000]])
tensor([[-0.7645,  1.0000,  0.0000,  0.0000,  0.0000,  0.0000]])
tensor([[0.7214, 1.0000, 0.0000, 0.0000, 0.0000, 0.0000]])
tensor([[-0.3315,  1.0000,  0.0000,  0.0000,  0.0000,  0.0000]])
tensor([[-0.5709,  1.0000,  0.0000,  0.0000,  0.0000,  0.0000]])
tensor([[-0.2839,  1.0000,  0.0000,  0.0000,  0.0000,  0.0000]])
tensor([[-0.5952,  1.0000,  1.0000,  0.0000,  0.0000,  0.0000]])
tensor([[-0.0294,  1.0000,  0.0000,  0.0000,  0.0000,  0.0000]])
tensor([[-0.5413,  1.0000,  0.0000,  0.0000,  0.0000,  0.0000]])
tensor([[0.8371, 1.0000, 0.0000, 0.0000, 0.0000, 0.0000]])
tensor([[0.5020, 1.0000, 0.0000, 0.0000, 0.0000, 0.0000]])
tensor([[0.3121, 1.0000, 1.0000, 0.0000, 0.0000, 0.0000]])
tensor([[0.7585, 1.0000, 1.0000, 0.0000, 0.0000, 0.0000]])
tensor([[-0.3959,  1.0000,  0.0000,  0.0000,  1.0000,  0.0000]])
tensor([[0.9086, 1.0000, 0.0000, 0.0000, 0.0000, 0.0000]])
tensor([[0.8162, 1.0000, 0.0000, 0.0000, 0.0000, 0.0000]])
tensor([[0.8279, 1.0000, 0.0000, 0.0000, 0.0000, 0.0000]])
tensor([[0.8122, 1.0000, 0.0000, 0.0000, 0.0000, 0.0000]])
tensor([[0.4325, 1.0000, 0.0000, 0.0000, 0.0000, 0.0000]])
tensor([[0.9476, 1.0000, 0.0000, 0.0000, 0.0000, 0.0000]])
tensor([[0.9023, 1.0000, 1.0000, 0.0000, 0.0000, 0.0000]])
tensor([[0.4988, 1.0000, 0.0000, 0.0000, 0.0000, 0.0000]])
tensor([[0.4974, 1.0000, 0.0000, 0.0000, 0.0000, 0.0000]])
tensor([[0.2039, 1.0000, 0.0000, 0.0000, 0.0000, 0.0000]])
tensor([[0.2469, 1.0000, 0.0000, 0.0000, 0.0000, 0.0000]])
tensor([[0.9518, 1.0000, 0.0000, 0.0000, 0.0000, 0.0000]])
tensor([[0.5633, 1.0000, 0.0000, 0.0000, 0.0000, 0.0000]])
tensor([[-0.2112,  1.0000,  0.0000,  1.0000,  0.0000,  0.0000]])
tensor([[0.1402, 1.0000, 0.0000, 0.0000, 0.0000, 0.0000]])
tensor([[0.4209, 1.0000, 0.0000, 0.0000, 0.0000, 0.0000]])
tensor([[0.2464, 1.0000, 0.0000, 0.0000, 0.0000, 0.0000]])
tensor([[0.6528, 1.0000, 0.0000, 0.0000, 0.0000, 0.0000]])
tensor([[0.8632, 0.0000, 0.0000, 0.0000, 0.0000, 0.0000]])
tensor([[0.1179, 1.0000, 0.0000, 0.0000, 0.0000, 0.0000]])
tensor([[0.7474, 1.0000, 0.0000, 0.0000, 0.0000, 0.0000]])
tensor([[0.2381, 1.0000, 0.0000, 0.0000, 0.0000, 0.0000]])
tensor([[0.9879, 1.0000, 0.0000, 0.0000, 0.0000, 0.0000]])
tensor([[-0.6505,  1.0000,  0.0000,  0.0000,  0.0000,  0.0000]])
tensor([[-0.8265,  1.0000,  0.0000,  0.0000,  1.0000,  0.0000]])
tensor([[-0.8721,  1.0000,  0.0000,  0.0000,  0.0000,  0.0000]])
tensor([[-0.6648,  1.0000,  0.0000,  0.0000,  0.0000,  0.0000]])
tensor([[-0.9846,  1.0000,  0.0000,  0.0000,  0.0000,  0.0000]])
tensor([[-0.6853,  1.0000,  0.0000,  0.0000,  0.0000,  0.0000]])
tensor([[-0.1394,  1.0000,  0.0000,  0.0000,  0.0000,  0.0000]])
tensor([[-0.5380,  1.0000,  0.0000,  1.0000,  0.0000,  0.0000]])
tensor([[-0.3275,  1.0000,  0.0000,  0.0000,  0.0000,  0.0000]])
tensor([[0.1988, 1.0000, 0.0000, 0.0000, 0.0000, 0.0000]])
tensor([[0.0400, 1.0000, 0.0000, 0.0000, 0.0000, 0.0000]])
tensor([[0.3201, 1.0000, 0.0000, 0.0000, 0.0000, 0.0000]])
tensor([[0.6904, 1.0000, 0.0000, 0.0000, 0.0000, 0.0000]])
tensor([[-0.3631,  1.0000,  0.0000,  0.0000,  0.0000,  0.0000]])
tensor([[-0.8357,  1.0000,  0.0000,  0.0000,  0.0000,  0.0000]])
tensor([[0.7756, 1.0000, 0.0000, 0.0000, 0.0000, 0.0000]])
tensor([[-0.3197,  1.0000,  0.0000,  0.0000,  0.0000,  0.0000]])
tensor([[0.0204, 1.0000, 0.0000, 0.0000, 0.0000, 0.0000]])
tensor([[0.2665, 1.0000, 0.0000, 0.0000, 0.0000, 0.0000]])
tensor([[-0.8517,  1.0000,  0.0000,  0.0000,  0.0000,  0.0000]])
tensor([[-0.9327,  1.0000,  0.0000,  0.0000,  0.0000,  0.0000]])
tensor([[-0.4606,  1.0000,  0.0000,  0.0000,  0.0000,  0.0000]])
tensor([[0.6565, 1.0000, 0.0000, 0.0000, 0.0000, 0.0000]])
tensor([[-0.0728,  1.0000,  0.0000,  0.0000,  0.0000,  0.0000]])
tensor([[0.8755, 1.0000, 0.0000, 0.0000, 0.0000, 0.0000]])
tensor([[-0.4326,  1.0000,  0.0000,  0.0000,  0.0000,  0.0000]])
tensor([[-0.5974,  1.0000,  0.0000,  0.0000,  0.0000,  0.0000]])
tensor([[-0.4370,  1.0000,  0.0000,  0.0000,  0.0000,  0.0000]])
tensor([[-0.8805,  1.0000,  0.0000,  0.0000,  0.0000,  0.0000]])
tensor([[-0.1508,  1.0000,  0.0000,  0.0000,  0.0000,  0.0000]])
tensor([[0.5979, 1.0000, 0.0000, 0.0000, 0.0000, 0.0000]])
tensor([[-0.2368,  1.0000,  0.0000,  0.0000,  0.0000,  0.0000]])
tensor([[-0.9456,  1.0000,  0.0000,  0.0000,  0.0000,  0.0000]])
tensor([[-0.4116,  1.0000,  0.0000,  0.0000,  0.0000,  0.0000]])
tensor([[-0.6060,  1.0000,  0.0000,  0.0000,  0.0000,  0.0000]])
tensor([[-0.0455,  1.0000,  0.0000,  0.0000,  0.0000,  0.0000]])
tensor([[0.0916, 1.0000, 0.0000, 0.0000, 0.0000, 0.0000]])
tensor([[-0.4037,  1.0000,  0.0000,  1.0000,  0.0000,  0.0000]])
tensor([[0.1545, 1.0000, 0.0000, 0.0000, 0.0000, 0.0000]])
tensor([[-0.8529,  1.0000,  0.0000,  0.0000,  0.0000,  0.0000]])
tensor([[-0.8906,  1.0000,  0.0000,  0.0000,  0.0000,  0.0000]])
tensor([[-0.7882,  1.0000,  0.0000,  0.0000,  0.0000,  0.0000]])
tensor([[0.3249, 1.0000, 0.0000, 0.0000, 0.0000, 0.0000]])
tensor([[-0.7040,  1.0000,  0.0000,  0.0000,  0.0000,  0.0000]])
tensor([[-0.4429,  1.0000,  0.0000,  0.0000,  0.0000,  0.0000]])
tensor([[-0.6841,  1.0000,  0.0000,  0.0000,  0.0000,  0.0000]])
tensor([[0.8177, 1.0000, 0.0000, 1.0000, 0.0000, 0.0000]])
tensor([[-0.9327,  1.0000,  0.0000,  0.0000,  0.0000,  0.0000]])
tensor([[0.7346, 1.0000, 0.0000, 0.0000, 0.0000, 0.0000]])
tensor([[-0.7947,  1.0000,  0.0000,  0.0000,  0.0000,  0.0000]])
tensor([[-0.4166,  1.0000,  0.0000,  0.0000,  0.0000,  0.0000]])
tensor([[-0.9444,  1.0000,  0.0000,  0.0000,  0.0000,  0.0000]])
tensor([[-0.6280,  1.0000,  0.0000,  0.0000,  0.0000,  0.0000]])
tensor([[-0.9423,  1.0000,  0.0000,  0.0000,  0.0000,  0.0000]])
tensor([[-0.9433,  1.0000,  0.0000,  0.0000,  0.0000,  0.0000]])
tensor([[-0.7341,  1.0000,  0.0000,  0.0000,  0.0000,  0.0000]])
tensor([[-0.6799,  1.0000,  0.0000,  0.0000,  0.0000,  0.0000]])
tensor([[-0.3728,  0.0000,  0.0000,  0.0000,  0.0000,  0.0000]])
tensor([[0.0803, 1.0000, 0.0000, 0.0000, 0.0000, 0.0000]])
tensor([[-0.5938,  1.0000,  0.0000,  0.0000,  0.0000,  0.0000]])
tensor([[-0.7572,  1.0000,  0.0000,  0.0000,  0.0000,  0.0000]])
tensor([[0.1434, 1.0000, 0.0000, 0.0000, 0.0000, 0.0000]])
tensor([[-0.4010,  1.0000,  0.0000,  0.0000,  0.0000,  0.0000]])
tensor([[-0.1503,  1.0000,  0.0000,  0.0000,  0.0000,  0.0000]])
tensor([[-0.8337,  1.0000,  0.0000,  0.0000,  0.0000,  0.0000]])
tensor([[-0.6511,  1.0000,  0.0000,  0.0000,  0.0000,  0.0000]])
tensor([[0.4135, 1.0000, 0.0000, 0.0000, 0.0000, 0.0000]])
tensor([[0.6818, 1.0000, 0.0000, 0.0000, 0.0000, 0.0000]])
tensor([[-0.3817,  1.0000,  0.0000,  0.0000,  0.0000,  0.0000]])
tensor([[0.0275, 1.0000, 0.0000, 0.0000, 0.0000, 0.0000]])
tensor([[-0.1029,  1.0000,  0.0000,  0.0000,  0.0000,  0.0000]])
tensor([[0.1834, 1.0000, 0.0000, 0.0000, 0.0000, 0.0000]])
tensor([[0.4393, 1.0000, 0.0000, 0.0000, 0.0000, 0.0000]])
tensor([[0.4682, 1.0000, 0.0000, 0.0000, 0.0000, 0.0000]])
tensor([[0.2291, 1.0000, 0.0000, 0.0000, 0.0000, 0.0000]])
tensor([[0.2338, 1.0000, 0.0000, 0.0000, 0.0000, 0.0000]])
tensor([[-0.8353,  0.0000,  0.0000,  0.0000,  0.0000,  0.0000]])
tensor([[-0.7062,  1.0000,  0.0000,  0.0000,  0.0000,  0.0000]])
tensor([[0.6700, 1.0000, 1.0000, 0.0000, 0.0000, 0.0000]])
tensor([[-0.4291,  1.0000,  0.0000,  0.0000,  0.0000,  0.0000]])
tensor([[-0.0633,  0.0000,  0.0000,  0.0000,  0.0000,  0.0000]])
tensor([[-0.8372,  1.0000,  0.0000,  0.0000,  0.0000,  0.0000]])
tensor([[-0.9642,  1.0000,  0.0000,  0.0000,  0.0000,  0.0000]])
tensor([[-0.9618,  1.0000,  0.0000,  0.0000,  0.0000,  0.0000]])
tensor([[-0.6493,  1.0000,  0.0000,  0.0000,  0.0000,  0.0000]])
tensor([[0.5170, 1.0000, 0.0000, 0.0000, 0.0000, 0.0000]])
tensor([[-0.2547,  1.0000,  0.0000,  0.0000,  0.0000,  0.0000]])
tensor([[0.7296, 1.0000, 0.0000, 0.0000, 0.0000, 0.0000]])
tensor([[0.5049, 1.0000, 0.0000, 0.0000, 0.0000, 0.0000]])
tensor([[0.4590, 1.0000, 0.0000, 0.0000, 0.0000, 0.0000]])
tensor([[-0.6617,  1.0000,  0.0000,  1.0000,  0.0000,  0.0000]])
tensor([[0.2120, 1.0000, 0.0000, 0.0000, 0.0000, 0.0000]])
tensor([[0.2976, 1.0000, 0.0000, 0.0000, 0.0000, 0.0000]])
tensor([[-0.3608,  1.0000,  0.0000,  0.0000,  0.0000,  0.0000]])
tensor([[0.0532, 1.0000, 0.0000, 0.0000, 0.0000, 0.0000]])
tensor([[0.4143, 1.0000, 0.0000, 1.0000, 0.0000, 0.0000]])
tensor([[-0.2003,  1.0000,  0.0000,  0.0000,  0.0000,  0.0000]])
tensor([[0.0452, 1.0000, 0.0000, 0.0000, 0.0000, 0.0000]])
tensor([[-0.4247,  1.0000,  0.0000,  0.0000,  0.0000,  0.0000]])
tensor([[-0.9037,  1.0000,  0.0000,  0.0000,  0.0000,  0.0000]])
tensor([[0.8053, 1.0000, 0.0000, 0.0000, 0.0000, 0.0000]])
tensor([[-0.4826,  1.0000,  0.0000,  0.0000,  0.0000,  0.0000]])
tensor([[0.1336, 1.0000, 0.0000, 0.0000, 0.0000, 0.0000]])
tensor([[0.5315, 1.0000, 0.0000, 0.0000, 0.0000, 0.0000]])
tensor([[0.6564, 1.0000, 0.0000, 0.0000, 0.0000, 0.0000]])
tensor([[0.0323, 1.0000, 0.0000, 0.0000, 0.0000, 0.0000]])
tensor([[0.8125, 1.0000, 0.0000, 0.0000, 0.0000, 0.0000]])
tensor([[-0.8894,  1.0000,  0.0000,  0.0000,  0.0000,  0.0000]])
tensor([[-0.5287,  1.0000,  1.0000,  0.0000,  0.0000,  0.0000]])
tensor([[-0.5682,  1.0000,  0.0000,  0.0000,  0.0000,  0.0000]])
tensor([[-0.9048,  1.0000,  0.0000,  0.0000,  0.0000,  0.0000]])
tensor([[-0.3131,  1.0000,  0.0000,  0.0000,  0.0000,  0.0000]])
tensor([[0.2849, 1.0000, 0.0000, 0.0000, 0.0000, 0.0000]])
tensor([[-0.8797,  1.0000,  0.0000,  1.0000,  0.0000,  0.0000]])
tensor([[-0.7341,  1.0000,  0.0000,  0.0000,  0.0000,  0.0000]])
tensor([[0.4551, 0.0000, 0.0000, 0.0000, 0.0000, 0.0000]])
tensor([[0.5566, 1.0000, 0.0000, 1.0000, 0.0000, 0.0000]])
tensor([[0.8646, 1.0000, 1.0000, 0.0000, 0.0000, 0.0000]])
tensor([[0.3142, 1.0000, 0.0000, 0.0000, 0.0000, 0.0000]])
tensor([[0.6908, 1.0000, 0.0000, 0.0000, 0.0000, 0.0000]])
tensor([[0.6235, 1.0000, 0.0000, 0.0000, 0.0000, 0.0000]])
tensor([[0.7614, 1.0000, 0.0000, 0.0000, 0.0000, 0.0000]])
tensor([[0.5392, 1.0000, 0.0000, 0.0000, 0.0000, 0.0000]])
tensor([[-0.8140,  1.0000,  0.0000,  0.0000,  0.0000,  0.0000]])
tensor([[0.8672, 1.0000, 0.0000, 0.0000, 0.0000, 0.0000]])
tensor([[0.8463, 1.0000, 0.0000, 0.0000, 0.0000, 0.0000]])
tensor([[0.3612, 1.0000, 0.0000, 0.0000, 0.0000, 0.0000]])
tensor([[0.4972, 1.0000, 0.0000, 0.0000, 0.0000, 0.0000]])
tensor([[0.9971, 1.0000, 0.0000, 0.0000, 0.0000, 0.0000]])
tensor([[0.9647, 1.0000, 0.0000, 0.0000, 0.0000, 0.0000]])
tensor([[0.8617, 1.0000, 0.0000, 0.0000, 0.0000, 0.0000]])
tensor([[-0.5559,  1.0000,  0.0000,  0.0000,  0.0000,  0.0000]])
tensor([[-0.8481,  1.0000,  0.0000,  0.0000,  0.0000,  0.0000]])
tensor([[-0.9467,  1.0000,  0.0000,  0.0000,  0.0000,  0.0000]])
tensor([[-0.8635,  0.0000,  0.0000,  0.0000,  0.0000,  0.0000]])
tensor([[-0.9218,  1.0000,  0.0000,  0.0000,  0.0000,  0.0000]])
tensor([[-0.8717,  1.0000,  0.0000,  0.0000,  0.0000,  0.0000]])
tensor([[-0.4047,  1.0000,  0.0000,  0.0000,  0.0000,  0.0000]])
tensor([[0.6143, 1.0000, 0.0000, 0.0000, 0.0000, 0.0000]])
INFO:root:Agent 0 (TQCars): avg action time = 0.0009s
tensor([[-0.2210,  1.0000,  1.0000,  0.0000,  0.0000,  0.0000]])
tensor([[0.1530, 1.0000, 0.0000, 0.0000, 0.0000, 0.0000]])
tensor([[0.5061, 1.0000, 0.0000, 0.0000, 0.0000, 0.0000]])
tensor([[-0.2103,  1.0000,  0.0000,  0.0000,  1.0000,  0.0000]])
tensor([[0.8676, 1.0000, 0.0000, 0.0000, 0.0000, 0.0000]])
tensor([[-0.1478,  1.0000,  0.0000,  0.0000,  0.0000,  0.0000]])
tensor([[0.9725, 0.0000, 0.0000, 0.0000, 0.0000, 0.0000]])
tensor([[0.9399, 1.0000, 0.0000, 0.0000, 0.0000, 0.0000]])
tensor([[-0.3780,  1.0000,  0.0000,  0.0000,  0.0000,  0.0000]])
tensor([[0.2568, 1.0000, 0.0000, 0.0000, 0.0000, 0.0000]])
tensor([[0.5822, 1.0000, 0.0000, 0.0000, 0.0000, 0.0000]])
tensor([[0.5484, 1.0000, 0.0000, 0.0000, 0.0000, 0.0000]])
tensor([[0.7400, 1.0000, 1.0000, 0.0000, 1.0000, 0.0000]])
tensor([[0.2106, 1.0000, 0.0000, 0.0000, 0.0000, 0.0000]])
tensor([[0.0399, 1.0000, 0.0000, 0.0000, 0.0000, 0.0000]])
tensor([[0.9480, 1.0000, 0.0000, 0.0000, 0.0000, 0.0000]])
tensor([[0.8344, 1.0000, 0.0000, 0.0000, 0.0000, 0.0000]])
tensor([[-0.0388,  1.0000,  0.0000,  0.0000,  0.0000,  0.0000]])
tensor([[-0.1371,  1.0000,  0.0000,  0.0000,  0.0000,  0.0000]])
tensor([[-0.1218,  1.0000,  0.0000,  0.0000,  0.0000,  0.0000]])
tensor([[0.5049, 1.0000, 0.0000, 0.0000, 0.0000, 0.0000]])
tensor([[-0.3599,  1.0000,  0.0000,  0.0000,  0.0000,  0.0000]])
tensor([[-0.0541,  1.0000,  0.0000,  0.0000,  0.0000,  0.0000]])
tensor([[0.6526, 1.0000, 0.0000, 0.0000, 0.0000, 0.0000]])
tensor([[0.7873, 1.0000, 0.0000, 0.0000, 0.0000, 0.0000]])
tensor([[-0.3731,  1.0000,  0.0000,  0.0000,  0.0000,  0.0000]])
tensor([[0.6759, 0.0000, 1.0000, 0.0000, 0.0000, 0.0000]])
tensor([[0.7776, 1.0000, 0.0000, 0.0000, 0.0000, 0.0000]])
tensor([[-0.1081,  1.0000,  0.0000,  0.0000,  0.0000,  0.0000]])
tensor([[-0.4144,  1.0000,  0.0000,  0.0000,  1.0000,  0.0000]])
tensor([[0.9372, 1.0000, 0.0000, 0.0000, 0.0000, 0.0000]])
tensor([[0.9161, 1.0000, 0.0000, 0.0000, 0.0000, 0.0000]])
tensor([[0.9635, 0.0000, 0.0000, 1.0000, 0.0000, 0.0000]])
tensor([[0.9671, 1.0000, 0.0000, 0.0000, 0.0000, 0.0000]])
tensor([[0.6672, 1.0000, 0.0000, 0.0000, 0.0000, 0.0000]])
tensor([[-0.6261,  1.0000,  1.0000,  0.0000,  0.0000,  0.0000]])
tensor([[-0.5465,  1.0000,  0.0000,  0.0000,  0.0000,  0.0000]])
tensor([[0.7118, 1.0000, 0.0000, 0.0000, 0.0000, 0.0000]])
tensor([[0.0392, 1.0000, 0.0000, 0.0000, 0.0000, 0.0000]])
tensor([[-0.7507,  0.0000,  0.0000,  0.0000,  1.0000,  0.0000]])
tensor([[0.3724, 1.0000, 0.0000, 0.0000, 0.0000, 0.0000]])
tensor([[0.5998, 1.0000, 0.0000, 0.0000, 0.0000, 0.0000]])
tensor([[0.1244, 1.0000, 1.0000, 0.0000, 0.0000, 0.0000]])
tensor([[0.1791, 1.0000, 0.0000, 0.0000, 0.0000, 0.0000]])
tensor([[0.3670, 1.0000, 0.0000, 0.0000, 0.0000, 0.0000]])
tensor([[-0.0739,  1.0000,  0.0000,  0.0000,  0.0000,  0.0000]])
tensor([[0.2078, 1.0000, 0.0000, 0.0000, 0.0000, 0.0000]])
tensor([[-0.2705,  1.0000,  0.0000,  0.0000,  0.0000,  0.0000]])
tensor([[-0.4960,  1.0000,  0.0000,  0.0000,  0.0000,  0.0000]])
tensor([[-0.9323,  1.0000,  0.0000,  0.0000,  0.0000,  0.0000]])
tensor([[-0.8402,  1.0000,  0.0000,  0.0000,  0.0000,  0.0000]])
tensor([[-0.0210,  1.0000,  0.0000,  0.0000,  0.0000,  0.0000]])
tensor([[-0.6864,  1.0000,  0.0000,  0.0000,  0.0000,  0.0000]])
tensor([[0.5254, 1.0000, 0.0000, 0.0000, 0.0000, 0.0000]])
tensor([[-0.2428,  0.0000,  0.0000,  0.0000,  0.0000,  0.0000]])
tensor([[0.6823, 1.0000, 0.0000, 0.0000, 0.0000, 0.0000]])
tensor([[-0.8930,  1.0000,  0.0000,  0.0000,  0.0000,  0.0000]])
tensor([[-0.6228,  1.0000,  0.0000,  0.0000,  0.0000,  0.0000]])
tensor([[0.2188, 1.0000, 0.0000, 0.0000, 0.0000, 0.0000]])
{"type": "results", "track": "fortmagma", "results": [{"key": 0, "reward": -0.09996337890625001, "position": 4, "name": "TQCars", "avg_action_time": 0.0009322379353458624}]}
