INFO:root:Loading the agents
INFO:root:Loaded player TQCars
INFO:root:Creating pystk-1
INFO:root:Adding wrapper <function get_wrappers.<locals>.<lambda> at 0x72c1875f7420>
INFO:root:Adding wrapper <function get_wrappers.<locals>.<lambda> at 0x72c1875f74c0>
INFO:root:Adding wrapper <function get_wrappers.<locals>.<lambda> at 0x72c1875f7560>
INFO:root:Adding wrapper <function get_wrappers.<locals>.<lambda> at 0x72c1875f7600>
INFO:root:(multi-env mono adapter) Setting main environment max_paths to 5
INFO:root:Loading trained model from CHECKPOINT-GPUFAC/tqc_EXP16BASEREWARD_700000.pt...
INFO:root:Starting a race
tensor([[0.1379, 1.0000, 0.0000, 0.0000, 0.0000, 0.0000]])
tensor([[-0.4860,  1.0000,  0.0000,  0.0000,  0.0000,  0.0000]])
tensor([[0.5974, 1.0000, 0.0000, 0.0000, 0.0000, 0.0000]])
tensor([[-0.8753,  1.0000,  0.0000,  0.0000,  0.0000,  0.0000]])
tensor([[-0.8051,  1.0000,  1.0000,  0.0000,  0.0000,  0.0000]])
tensor([[0.0590, 1.0000, 0.0000, 0.0000, 0.0000, 0.0000]])
tensor([[-0.6491,  1.0000,  0.0000,  0.0000,  0.0000,  0.0000]])
tensor([[-0.6368,  1.0000,  0.0000,  0.0000,  0.0000,  0.0000]])
tensor([[-0.7395,  1.0000,  0.0000,  0.0000,  0.0000,  0.0000]])
tensor([[-0.3891,  1.0000,  0.0000,  0.0000,  0.0000,  0.0000]])
tensor([[0.5998, 1.0000, 0.0000, 0.0000, 0.0000, 0.0000]])
tensor([[0.6990, 1.0000, 0.0000, 0.0000, 0.0000, 0.0000]])
tensor([[0.5560, 1.0000, 0.0000, 0.0000, 0.0000, 0.0000]])
tensor([[0.7842, 1.0000, 0.0000, 0.0000, 0.0000, 0.0000]])
tensor([[0.7052, 0.0000, 0.0000, 0.0000, 0.0000, 0.0000]])
tensor([[0.2726, 0.0000, 0.0000, 0.0000, 0.0000, 0.0000]])
tensor([[-0.7074,  0.0000,  0.0000,  0.0000,  0.0000,  0.0000]])
tensor([[-0.3798,  1.0000,  0.0000,  0.0000,  0.0000,  0.0000]])
tensor([[-0.5154,  1.0000,  0.0000,  0.0000,  0.0000,  0.0000]])
tensor([[0.0283, 1.0000, 1.0000, 0.0000, 0.0000, 0.0000]])
tensor([[0.2387, 1.0000, 0.0000, 0.0000, 0.0000, 0.0000]])
tensor([[-0.0042,  1.0000,  0.0000,  0.0000,  0.0000,  0.0000]])
tensor([[0.1311, 1.0000, 0.0000, 0.0000, 0.0000, 0.0000]])
tensor([[0.9154, 1.0000, 0.0000, 0.0000, 0.0000, 0.0000]])
tensor([[0.8583, 1.0000, 0.0000, 0.0000, 0.0000, 0.0000]])
tensor([[0.8713, 1.0000, 0.0000, 0.0000, 0.0000, 0.0000]])
tensor([[0.2453, 1.0000, 0.0000, 0.0000, 0.0000, 0.0000]])
tensor([[0.9691, 1.0000, 0.0000, 0.0000, 0.0000, 0.0000]])
tensor([[0.8448, 1.0000, 0.0000, 0.0000, 0.0000, 0.0000]])
tensor([[0.6171, 0.0000, 0.0000, 0.0000, 0.0000, 0.0000]])
tensor([[0.0041, 1.0000, 0.0000, 0.0000, 0.0000, 0.0000]])
tensor([[-0.8799,  1.0000,  0.0000,  0.0000,  0.0000,  0.0000]])
tensor([[-0.9903,  1.0000,  0.0000,  0.0000,  0.0000,  0.0000]])
tensor([[-0.9574,  1.0000,  0.0000,  0.0000,  0.0000,  0.0000]])
tensor([[-0.7883,  1.0000,  0.0000,  0.0000,  0.0000,  0.0000]])
tensor([[-0.9353,  1.0000,  0.0000,  0.0000,  0.0000,  0.0000]])
tensor([[-0.8626,  0.0000,  0.0000,  0.0000,  0.0000,  0.0000]])
tensor([[-0.7844,  1.0000,  0.0000,  0.0000,  0.0000,  0.0000]])
tensor([[0.4961, 1.0000, 0.0000, 0.0000, 0.0000, 0.0000]])
tensor([[0.0853, 1.0000, 0.0000, 0.0000, 0.0000, 0.0000]])
tensor([[-0.5230,  1.0000,  0.0000,  0.0000,  0.0000,  0.0000]])
tensor([[-0.9622,  1.0000,  0.0000,  0.0000,  0.0000,  0.0000]])
tensor([[-0.7283,  1.0000,  0.0000,  0.0000,  0.0000,  0.0000]])
tensor([[0.6173, 1.0000, 0.0000, 0.0000, 0.0000, 0.0000]])
tensor([[0.4757, 1.0000, 0.0000, 0.0000, 0.0000, 0.0000]])
tensor([[0.6995, 1.0000, 0.0000, 0.0000, 0.0000, 0.0000]])
tensor([[0.6613, 1.0000, 0.0000, 0.0000, 0.0000, 0.0000]])
tensor([[0.0305, 1.0000, 0.0000, 0.0000, 0.0000, 0.0000]])
tensor([[0.4975, 1.0000, 0.0000, 0.0000, 0.0000, 0.0000]])
tensor([[-0.2624,  1.0000,  0.0000,  0.0000,  0.0000,  0.0000]])
tensor([[-0.3772,  1.0000,  0.0000,  0.0000,  0.0000,  0.0000]])
tensor([[0.5359, 1.0000, 0.0000, 0.0000, 0.0000, 0.0000]])
tensor([[0.2557, 1.0000, 0.0000, 0.0000, 0.0000, 0.0000]])
tensor([[-0.6749,  1.0000,  0.0000,  0.0000,  0.0000,  0.0000]])
tensor([[-0.5703,  1.0000,  0.0000,  0.0000,  0.0000,  0.0000]])
tensor([[-0.0108,  1.0000,  0.0000,  0.0000,  0.0000,  0.0000]])
tensor([[0.4675, 1.0000, 0.0000, 0.0000, 0.0000, 0.0000]])
tensor([[0.4042, 1.0000, 0.0000, 0.0000, 0.0000, 0.0000]])
tensor([[0.2822, 1.0000, 0.0000, 0.0000, 0.0000, 0.0000]])
tensor([[0.6662, 1.0000, 0.0000, 0.0000, 0.0000, 0.0000]])
tensor([[-0.2498,  1.0000,  0.0000,  0.0000,  0.0000,  0.0000]])
tensor([[-0.2598,  1.0000,  0.0000,  0.0000,  0.0000,  0.0000]])
tensor([[-0.1704,  1.0000,  0.0000,  0.0000,  0.0000,  0.0000]])
tensor([[0.3329, 1.0000, 0.0000, 0.0000, 0.0000, 0.0000]])
tensor([[-0.6414,  1.0000,  0.0000,  0.0000,  0.0000,  0.0000]])
tensor([[0.2058, 1.0000, 0.0000, 0.0000, 0.0000, 0.0000]])
tensor([[-0.2389,  0.0000,  0.0000,  0.0000,  0.0000,  0.0000]])
tensor([[0.0098, 1.0000, 0.0000, 0.0000, 0.0000, 0.0000]])
tensor([[0.6985, 1.0000, 0.0000, 0.0000, 0.0000, 0.0000]])
tensor([[0.2520, 1.0000, 0.0000, 0.0000, 0.0000, 0.0000]])
tensor([[0.8121, 1.0000, 0.0000, 0.0000, 0.0000, 0.0000]])
tensor([[0.2779, 1.0000, 0.0000, 0.0000, 0.0000, 0.0000]])
tensor([[0.4734, 1.0000, 0.0000, 0.0000, 0.0000, 0.0000]])
tensor([[0.6682, 1.0000, 0.0000, 0.0000, 0.0000, 0.0000]])
tensor([[-0.1427,  1.0000,  0.0000,  0.0000,  0.0000,  0.0000]])
tensor([[0.3279, 1.0000, 0.0000, 0.0000, 0.0000, 0.0000]])
tensor([[0.8772, 1.0000, 0.0000, 0.0000, 0.0000, 0.0000]])
tensor([[0.7248, 1.0000, 0.0000, 0.0000, 0.0000, 0.0000]])
tensor([[0.4503, 1.0000, 0.0000, 0.0000, 0.0000, 0.0000]])
tensor([[0.9425, 1.0000, 0.0000, 0.0000, 0.0000, 0.0000]])
tensor([[0.7562, 1.0000, 0.0000, 0.0000, 0.0000, 0.0000]])
tensor([[0.4950, 1.0000, 0.0000, 0.0000, 0.0000, 0.0000]])
tensor([[-0.3618,  1.0000,  0.0000,  0.0000,  0.0000,  0.0000]])
tensor([[0.5171, 1.0000, 0.0000, 0.0000, 0.0000, 0.0000]])
tensor([[0.5898, 1.0000, 0.0000, 0.0000, 0.0000, 0.0000]])
tensor([[0.0719, 0.0000, 0.0000, 1.0000, 0.0000, 0.0000]])
tensor([[-0.0527,  1.0000,  0.0000,  0.0000,  0.0000,  0.0000]])
tensor([[-0.0856,  1.0000,  0.0000,  0.0000,  0.0000,  0.0000]])
tensor([[-0.3984,  1.0000,  0.0000,  0.0000,  0.0000,  0.0000]])
tensor([[0.6699, 1.0000, 0.0000, 0.0000, 0.0000, 0.0000]])
tensor([[0.5923, 1.0000, 0.0000, 0.0000, 0.0000, 0.0000]])
tensor([[0.3331, 1.0000, 0.0000, 0.0000, 0.0000, 0.0000]])
tensor([[-0.6727,  1.0000,  0.0000,  0.0000,  1.0000,  0.0000]])
tensor([[-0.4574,  1.0000,  0.0000,  0.0000,  0.0000,  0.0000]])
tensor([[-0.2867,  1.0000,  0.0000,  1.0000,  0.0000,  0.0000]])
tensor([[-0.5588,  1.0000,  0.0000,  0.0000,  0.0000,  0.0000]])
tensor([[-0.3575,  1.0000,  0.0000,  0.0000,  0.0000,  0.0000]])
tensor([[0.3746, 1.0000, 0.0000, 0.0000, 0.0000, 0.0000]])
tensor([[0.1231, 1.0000, 0.0000, 0.0000, 0.0000, 0.0000]])
tensor([[0.8774, 1.0000, 0.0000, 0.0000, 0.0000, 0.0000]])
tensor([[0.3911, 1.0000, 0.0000, 0.0000, 0.0000, 0.0000]])
tensor([[0.2737, 1.0000, 0.0000, 0.0000, 0.0000, 0.0000]])
tensor([[-0.2239,  1.0000,  0.0000,  0.0000,  0.0000,  0.0000]])
tensor([[-0.7912,  1.0000,  0.0000,  0.0000,  0.0000,  0.0000]])
tensor([[-0.4741,  1.0000,  0.0000,  0.0000,  0.0000,  0.0000]])
tensor([[0.7809, 1.0000, 0.0000, 0.0000, 0.0000, 0.0000]])
tensor([[-0.0280,  1.0000,  0.0000,  0.0000,  0.0000,  0.0000]])
tensor([[0.5449, 1.0000, 0.0000, 0.0000, 0.0000, 0.0000]])
tensor([[0.4252, 1.0000, 0.0000, 0.0000, 0.0000, 0.0000]])
tensor([[0.7691, 1.0000, 0.0000, 0.0000, 0.0000, 0.0000]])
tensor([[0.4123, 1.0000, 0.0000, 0.0000, 0.0000, 0.0000]])
tensor([[0.9230, 1.0000, 0.0000, 0.0000, 0.0000, 0.0000]])
tensor([[0.5509, 1.0000, 0.0000, 0.0000, 0.0000, 0.0000]])
tensor([[0.0707, 1.0000, 0.0000, 0.0000, 0.0000, 0.0000]])
tensor([[-0.0695,  1.0000,  0.0000,  0.0000,  0.0000,  0.0000]])
tensor([[0.0818, 1.0000, 0.0000, 0.0000, 0.0000, 0.0000]])
tensor([[0.3015, 1.0000, 0.0000, 0.0000, 0.0000, 0.0000]])
tensor([[0.2530, 1.0000, 0.0000, 0.0000, 0.0000, 0.0000]])
tensor([[-0.7566,  1.0000,  0.0000,  0.0000,  0.0000,  0.0000]])
tensor([[-0.6590,  1.0000,  0.0000,  0.0000,  0.0000,  0.0000]])
tensor([[-0.6178,  1.0000,  0.0000,  0.0000,  0.0000,  0.0000]])
tensor([[0.9278, 1.0000, 0.0000, 0.0000, 0.0000, 0.0000]])
tensor([[0.1795, 1.0000, 0.0000, 0.0000, 0.0000, 0.0000]])
tensor([[-0.7249,  0.0000,  0.0000,  0.0000,  0.0000,  0.0000]])
tensor([[-0.9586,  1.0000,  0.0000,  0.0000,  0.0000,  0.0000]])
tensor([[-0.4342,  1.0000,  0.0000,  0.0000,  0.0000,  0.0000]])
tensor([[-0.2996,  1.0000,  0.0000,  0.0000,  0.0000,  0.0000]])
tensor([[-0.6115,  1.0000,  0.0000,  0.0000,  0.0000,  0.0000]])
tensor([[-0.2478,  1.0000,  0.0000,  0.0000,  0.0000,  0.0000]])
tensor([[-0.4020,  1.0000,  0.0000,  0.0000,  0.0000,  0.0000]])
tensor([[-0.6755,  1.0000,  0.0000,  0.0000,  0.0000,  0.0000]])
tensor([[-0.5656,  1.0000,  0.0000,  1.0000,  0.0000,  0.0000]])
tensor([[-0.6997,  1.0000,  0.0000,  0.0000,  0.0000,  0.0000]])
tensor([[0.5611, 1.0000, 0.0000, 0.0000, 0.0000, 0.0000]])
tensor([[-0.6054,  1.0000,  0.0000,  0.0000,  0.0000,  0.0000]])
tensor([[-0.1251,  1.0000,  0.0000,  0.0000,  0.0000,  0.0000]])
tensor([[0.3129, 1.0000, 0.0000, 0.0000, 0.0000, 0.0000]])
tensor([[0.1525, 1.0000, 0.0000, 0.0000, 0.0000, 0.0000]])
tensor([[-0.0470,  1.0000,  0.0000,  0.0000,  0.0000,  0.0000]])
tensor([[0.1816, 1.0000, 0.0000, 0.0000, 0.0000, 0.0000]])
tensor([[0.5747, 1.0000, 0.0000, 0.0000, 0.0000, 0.0000]])
tensor([[-0.0606,  1.0000,  0.0000,  0.0000,  0.0000,  0.0000]])
tensor([[0.7202, 1.0000, 0.0000, 0.0000, 0.0000, 0.0000]])
tensor([[-0.3236,  1.0000,  0.0000,  0.0000,  0.0000,  0.0000]])
tensor([[-0.2346,  1.0000,  0.0000,  0.0000,  0.0000,  0.0000]])
tensor([[0.4291, 1.0000, 0.0000, 0.0000, 0.0000, 0.0000]])
tensor([[0.4761, 1.0000, 0.0000, 0.0000, 0.0000, 0.0000]])
tensor([[-0.1106,  1.0000,  0.0000,  0.0000,  0.0000,  0.0000]])
tensor([[-0.1420,  1.0000,  0.0000,  0.0000,  0.0000,  0.0000]])
tensor([[0.4290, 1.0000, 0.0000, 0.0000, 0.0000, 0.0000]])
tensor([[0.8147, 1.0000, 0.0000, 0.0000, 0.0000, 0.0000]])
tensor([[0.2389, 1.0000, 0.0000, 0.0000, 0.0000, 0.0000]])
tensor([[-0.6521,  1.0000,  0.0000,  0.0000,  0.0000,  0.0000]])
tensor([[-0.2193,  1.0000,  0.0000,  0.0000,  0.0000,  0.0000]])
tensor([[0.4022, 1.0000, 0.0000, 0.0000, 0.0000, 0.0000]])
tensor([[-0.5222,  1.0000,  0.0000,  0.0000,  0.0000,  0.0000]])
tensor([[0.4430, 1.0000, 0.0000, 0.0000, 0.0000, 0.0000]])
tensor([[-0.1395,  1.0000,  0.0000,  0.0000,  0.0000,  0.0000]])
tensor([[-0.3971,  1.0000,  0.0000,  0.0000,  0.0000,  0.0000]])
tensor([[0.2772, 1.0000, 0.0000, 0.0000, 0.0000, 0.0000]])
tensor([[-0.4721,  1.0000,  0.0000,  0.0000,  0.0000,  0.0000]])
tensor([[0.5869, 1.0000, 0.0000, 0.0000, 0.0000, 0.0000]])
tensor([[0.5418, 1.0000, 0.0000, 0.0000, 0.0000, 0.0000]])
tensor([[-0.0098,  1.0000,  0.0000,  0.0000,  0.0000,  0.0000]])
tensor([[-0.3116,  1.0000,  0.0000,  0.0000,  0.0000,  0.0000]])
tensor([[-0.4695,  1.0000,  0.0000,  0.0000,  0.0000,  0.0000]])
tensor([[-0.2807,  1.0000,  0.0000,  0.0000,  0.0000,  0.0000]])
tensor([[-0.1498,  1.0000,  0.0000,  0.0000,  0.0000,  0.0000]])
tensor([[-0.7453,  1.0000,  0.0000,  0.0000,  0.0000,  0.0000]])
tensor([[-0.4139,  1.0000,  0.0000,  0.0000,  0.0000,  0.0000]])
tensor([[0.5709, 1.0000, 0.0000, 0.0000, 0.0000, 0.0000]])
tensor([[-0.3102,  1.0000,  0.0000,  1.0000,  0.0000,  0.0000]])
tensor([[-0.4241,  1.0000,  0.0000,  0.0000,  0.0000,  0.0000]])
tensor([[-7.4536e-04,  1.0000e+00,  0.0000e+00,  0.0000e+00,  0.0000e+00,
          0.0000e+00]])
tensor([[0.8052, 1.0000, 0.0000, 0.0000, 0.0000, 0.0000]])
tensor([[0.3028, 1.0000, 0.0000, 0.0000, 0.0000, 0.0000]])
tensor([[0.7844, 1.0000, 0.0000, 0.0000, 0.0000, 0.0000]])
tensor([[0.3830, 1.0000, 0.0000, 0.0000, 0.0000, 0.0000]])
tensor([[0.4217, 1.0000, 0.0000, 0.0000, 0.0000, 0.0000]])
tensor([[-0.1099,  1.0000,  0.0000,  0.0000,  0.0000,  0.0000]])
tensor([[0.0856, 1.0000, 0.0000, 0.0000, 0.0000, 0.0000]])
tensor([[-0.3262,  1.0000,  0.0000,  0.0000,  0.0000,  0.0000]])
tensor([[0.6805, 1.0000, 0.0000, 0.0000, 0.0000, 0.0000]])
tensor([[-0.2527,  1.0000,  0.0000,  0.0000,  1.0000,  0.0000]])
tensor([[0.1558, 1.0000, 0.0000, 0.0000, 0.0000, 0.0000]])
tensor([[-0.0560,  1.0000,  0.0000,  0.0000,  0.0000,  0.0000]])
tensor([[0.7319, 1.0000, 0.0000, 0.0000, 0.0000, 0.0000]])
tensor([[-0.0693,  1.0000,  0.0000,  0.0000,  0.0000,  0.0000]])
tensor([[-0.5488,  1.0000,  0.0000,  0.0000,  0.0000,  0.0000]])
tensor([[-0.7041,  1.0000,  0.0000,  0.0000,  0.0000,  0.0000]])
tensor([[-0.8467,  1.0000,  0.0000,  1.0000,  0.0000,  0.0000]])
tensor([[-0.7854,  1.0000,  0.0000,  0.0000,  0.0000,  0.0000]])
tensor([[-0.2801,  1.0000,  0.0000,  0.0000,  0.0000,  0.0000]])
tensor([[-0.8290,  1.0000,  0.0000,  0.0000,  0.0000,  0.0000]])
tensor([[-0.0525,  1.0000,  0.0000,  0.0000,  0.0000,  0.0000]])
tensor([[-0.3833,  1.0000,  0.0000,  0.0000,  0.0000,  0.0000]])
tensor([[-0.3920,  1.0000,  0.0000,  0.0000,  0.0000,  0.0000]])
tensor([[0.6733, 1.0000, 0.0000, 0.0000, 0.0000, 0.0000]])
tensor([[0.7623, 1.0000, 0.0000, 0.0000, 0.0000, 0.0000]])
tensor([[0.9810, 1.0000, 0.0000, 0.0000, 0.0000, 0.0000]])
tensor([[0.7469, 1.0000, 0.0000, 0.0000, 0.0000, 0.0000]])
tensor([[0.8621, 1.0000, 0.0000, 0.0000, 0.0000, 0.0000]])
tensor([[0.8830, 1.0000, 0.0000, 0.0000, 0.0000, 0.0000]])
tensor([[-0.0296,  0.0000,  0.0000,  0.0000,  0.0000,  0.0000]])
tensor([[-0.1480,  1.0000,  0.0000,  0.0000,  0.0000,  0.0000]])
tensor([[0.0905, 1.0000, 0.0000, 0.0000, 0.0000, 0.0000]])
tensor([[0.6244, 1.0000, 0.0000, 1.0000, 0.0000, 0.0000]])
tensor([[0.7602, 1.0000, 1.0000, 0.0000, 0.0000, 0.0000]])
tensor([[-0.7435,  1.0000,  0.0000,  0.0000,  0.0000,  0.0000]])
tensor([[-0.9656,  1.0000,  0.0000,  0.0000,  0.0000,  0.0000]])
tensor([[-0.9032,  1.0000,  0.0000,  0.0000,  0.0000,  0.0000]])
tensor([[-0.0398,  1.0000,  0.0000,  0.0000,  0.0000,  0.0000]])
tensor([[-0.9522,  1.0000,  0.0000,  0.0000,  0.0000,  0.0000]])
tensor([[0.8827, 1.0000, 0.0000, 0.0000, 0.0000, 0.0000]])
tensor([[-0.8341,  1.0000,  0.0000,  0.0000,  0.0000,  0.0000]])
tensor([[-0.4720,  1.0000,  0.0000,  0.0000,  0.0000,  0.0000]])
tensor([[-0.7596,  1.0000,  0.0000,  0.0000,  0.0000,  0.0000]])
tensor([[-0.9257,  1.0000,  0.0000,  0.0000,  0.0000,  0.0000]])
tensor([[-0.6758,  1.0000,  0.0000,  0.0000,  0.0000,  0.0000]])
tensor([[-0.9531,  1.0000,  0.0000,  0.0000,  0.0000,  0.0000]])
tensor([[-0.4809,  1.0000,  0.0000,  1.0000,  0.0000,  0.0000]])
tensor([[-0.8828,  1.0000,  0.0000,  1.0000,  0.0000,  0.0000]])
tensor([[-0.7401,  1.0000,  0.0000,  0.0000,  0.0000,  0.0000]])
tensor([[0.2558, 1.0000, 0.0000, 0.0000, 0.0000, 0.0000]])
tensor([[0.2477, 1.0000, 0.0000, 0.0000, 0.0000, 0.0000]])
tensor([[0.8733, 1.0000, 0.0000, 0.0000, 0.0000, 0.0000]])
tensor([[-0.6412,  0.0000,  0.0000,  0.0000,  1.0000,  0.0000]])
tensor([[0.2177, 0.0000, 0.0000, 0.0000, 0.0000, 0.0000]])
tensor([[0.0742, 1.0000, 0.0000, 0.0000, 0.0000, 0.0000]])
tensor([[0.8266, 1.0000, 0.0000, 0.0000, 0.0000, 0.0000]])
tensor([[-0.4610,  1.0000,  0.0000,  0.0000,  0.0000,  0.0000]])
tensor([[0.1683, 1.0000, 0.0000, 0.0000, 0.0000, 0.0000]])
tensor([[0.8219, 1.0000, 0.0000, 0.0000, 0.0000, 0.0000]])
tensor([[0.7434, 1.0000, 0.0000, 0.0000, 0.0000, 0.0000]])
tensor([[0.1391, 1.0000, 0.0000, 0.0000, 0.0000, 0.0000]])
tensor([[-0.9125,  1.0000,  0.0000,  0.0000,  0.0000,  0.0000]])
tensor([[-0.7090,  1.0000,  0.0000,  0.0000,  0.0000,  0.0000]])
tensor([[-0.7156,  1.0000,  0.0000,  0.0000,  0.0000,  0.0000]])
tensor([[-0.5494,  1.0000,  0.0000,  0.0000,  0.0000,  0.0000]])
tensor([[0.4735, 1.0000, 0.0000, 0.0000, 0.0000, 0.0000]])
tensor([[0.3542, 1.0000, 0.0000, 0.0000, 0.0000, 0.0000]])
tensor([[-0.9030,  1.0000,  0.0000,  0.0000,  0.0000,  0.0000]])
tensor([[0.2155, 1.0000, 0.0000, 0.0000, 0.0000, 0.0000]])
tensor([[-0.9363,  1.0000,  0.0000,  0.0000,  0.0000,  0.0000]])
tensor([[-0.0936,  1.0000,  0.0000,  0.0000,  0.0000,  0.0000]])
tensor([[-0.5587,  1.0000,  0.0000,  0.0000,  0.0000,  0.0000]])
tensor([[0.1264, 1.0000, 0.0000, 0.0000, 0.0000, 0.0000]])
tensor([[0.8797, 1.0000, 0.0000, 0.0000, 0.0000, 0.0000]])
tensor([[-0.7282,  1.0000,  0.0000,  0.0000,  0.0000,  0.0000]])
tensor([[0.3112, 1.0000, 0.0000, 0.0000, 0.0000, 0.0000]])
tensor([[0.1516, 1.0000, 0.0000, 0.0000, 0.0000, 0.0000]])
tensor([[-0.8379,  1.0000,  0.0000,  0.0000,  0.0000,  0.0000]])
tensor([[-0.7772,  1.0000,  0.0000,  0.0000,  0.0000,  0.0000]])
tensor([[-0.4920,  1.0000,  0.0000,  0.0000,  0.0000,  0.0000]])
tensor([[-0.1369,  1.0000,  0.0000,  0.0000,  0.0000,  0.0000]])
tensor([[-0.6420,  1.0000,  1.0000,  0.0000,  0.0000,  0.0000]])
tensor([[-0.8327,  1.0000,  0.0000,  0.0000,  0.0000,  0.0000]])
tensor([[-0.1519,  1.0000,  1.0000,  1.0000,  0.0000,  0.0000]])
tensor([[-0.3774,  1.0000,  0.0000,  0.0000,  0.0000,  0.0000]])
tensor([[0.6787, 1.0000, 0.0000, 0.0000, 0.0000, 0.0000]])
tensor([[-0.9322,  1.0000,  0.0000,  0.0000,  0.0000,  0.0000]])
tensor([[-0.9924,  1.0000,  0.0000,  0.0000,  0.0000,  0.0000]])
tensor([[-0.9524,  1.0000,  0.0000,  0.0000,  0.0000,  0.0000]])
tensor([[-0.4909,  1.0000,  0.0000,  0.0000,  0.0000,  0.0000]])
tensor([[0.7839, 1.0000, 0.0000, 0.0000, 0.0000, 0.0000]])
tensor([[-0.5743,  1.0000,  0.0000,  0.0000,  0.0000,  0.0000]])
tensor([[-0.5695,  1.0000,  0.0000,  0.0000,  0.0000,  0.0000]])
tensor([[0.5796, 1.0000, 0.0000, 0.0000, 0.0000, 0.0000]])
tensor([[-0.8678,  1.0000,  0.0000,  0.0000,  0.0000,  0.0000]])
tensor([[-0.9720,  1.0000,  0.0000,  0.0000,  0.0000,  0.0000]])
tensor([[-0.8052,  1.0000,  0.0000,  0.0000,  0.0000,  0.0000]])
tensor([[-0.0160,  1.0000,  0.0000,  1.0000,  0.0000,  0.0000]])
tensor([[0.9343, 0.0000, 0.0000, 0.0000, 0.0000, 0.0000]])
tensor([[-0.2698,  1.0000,  0.0000,  0.0000,  0.0000,  0.0000]])
tensor([[0.1858, 1.0000, 0.0000, 0.0000, 0.0000, 0.0000]])
tensor([[-0.7440,  1.0000,  0.0000,  0.0000,  0.0000,  0.0000]])
tensor([[-0.8645,  1.0000,  0.0000,  0.0000,  0.0000,  0.0000]])
tensor([[0.4125, 1.0000, 0.0000, 0.0000, 0.0000, 0.0000]])
tensor([[-0.9627,  1.0000,  0.0000,  0.0000,  0.0000,  0.0000]])
tensor([[0.3560, 1.0000, 0.0000, 1.0000, 0.0000, 0.0000]])
tensor([[-0.6284,  1.0000,  0.0000,  0.0000,  0.0000,  0.0000]])
tensor([[-0.7389,  1.0000,  0.0000,  0.0000,  0.0000,  0.0000]])
tensor([[0.1915, 1.0000, 0.0000, 0.0000, 0.0000, 0.0000]])
tensor([[-0.2915,  1.0000,  0.0000,  0.0000,  0.0000,  0.0000]])
tensor([[-0.8637,  1.0000,  0.0000,  0.0000,  0.0000,  0.0000]])
tensor([[0.6714, 0.0000, 0.0000, 0.0000, 0.0000, 0.0000]])
tensor([[-0.5914,  1.0000,  0.0000,  1.0000,  0.0000,  0.0000]])
tensor([[0.1940, 0.0000, 0.0000, 0.0000, 0.0000, 0.0000]])
tensor([[-0.9406,  1.0000,  0.0000,  0.0000,  0.0000,  0.0000]])
tensor([[-0.9415,  1.0000,  0.0000,  0.0000,  0.0000,  0.0000]])
tensor([[0.1231, 0.0000, 0.0000, 0.0000, 0.0000, 0.0000]])
tensor([[0.2467, 1.0000, 0.0000, 0.0000, 0.0000, 0.0000]])
tensor([[-0.0044,  1.0000,  0.0000,  0.0000,  0.0000,  0.0000]])
tensor([[0.5206, 1.0000, 0.0000, 0.0000, 0.0000, 0.0000]])
tensor([[-0.8184,  0.0000,  0.0000,  0.0000,  0.0000,  0.0000]])
tensor([[-0.7837,  1.0000,  0.0000,  0.0000,  0.0000,  0.0000]])
tensor([[-0.0417,  1.0000,  0.0000,  1.0000,  0.0000,  0.0000]])
tensor([[0.6327, 1.0000, 0.0000, 0.0000, 0.0000, 0.0000]])
tensor([[0.1556, 1.0000, 0.0000, 0.0000, 0.0000, 0.0000]])
tensor([[0.9550, 1.0000, 0.0000, 0.0000, 0.0000, 0.0000]])
tensor([[0.8109, 1.0000, 0.0000, 1.0000, 0.0000, 0.0000]])
tensor([[0.4798, 1.0000, 0.0000, 0.0000, 0.0000, 0.0000]])
tensor([[-0.1401,  1.0000,  0.0000,  0.0000,  0.0000,  0.0000]])
tensor([[-0.5250,  1.0000,  0.0000,  0.0000,  0.0000,  0.0000]])
tensor([[-0.0020,  1.0000,  0.0000,  1.0000,  0.0000,  0.0000]])
tensor([[-0.1079,  1.0000,  0.0000,  0.0000,  0.0000,  0.0000]])
tensor([[-0.8927,  1.0000,  0.0000,  0.0000,  0.0000,  0.0000]])
tensor([[-0.1738,  1.0000,  0.0000,  0.0000,  0.0000,  0.0000]])
tensor([[-0.3147,  1.0000,  0.0000,  0.0000,  0.0000,  0.0000]])
tensor([[0.2759, 1.0000, 0.0000, 0.0000, 0.0000, 0.0000]])
tensor([[0.2367, 1.0000, 0.0000, 0.0000, 0.0000, 0.0000]])
tensor([[0.5417, 1.0000, 0.0000, 0.0000, 0.0000, 0.0000]])
tensor([[-0.7323,  1.0000,  0.0000,  0.0000,  0.0000,  0.0000]])
tensor([[0.5992, 1.0000, 0.0000, 0.0000, 0.0000, 0.0000]])
tensor([[-0.5058,  1.0000,  0.0000,  0.0000,  0.0000,  0.0000]])
tensor([[0.8086, 1.0000, 0.0000, 0.0000, 0.0000, 0.0000]])
tensor([[0.4328, 1.0000, 0.0000, 0.0000, 0.0000, 0.0000]])
tensor([[-0.2670,  1.0000,  0.0000,  0.0000,  0.0000,  0.0000]])
tensor([[0.2515, 1.0000, 0.0000, 0.0000, 0.0000, 0.0000]])
tensor([[0.6419, 1.0000, 0.0000, 0.0000, 0.0000, 0.0000]])
tensor([[-0.8334,  1.0000,  0.0000,  0.0000,  0.0000,  0.0000]])
tensor([[-0.5791,  1.0000,  0.0000,  0.0000,  0.0000,  0.0000]])
tensor([[-0.7562,  1.0000,  0.0000,  0.0000,  0.0000,  0.0000]])
tensor([[0.0842, 0.0000, 0.0000, 0.0000, 0.0000, 0.0000]])
tensor([[-0.2344,  1.0000,  0.0000,  0.0000,  0.0000,  0.0000]])
tensor([[0.8035, 1.0000, 0.0000, 0.0000, 0.0000, 0.0000]])
tensor([[0.1989, 1.0000, 0.0000, 0.0000, 0.0000, 0.0000]])
tensor([[0.9792, 1.0000, 0.0000, 0.0000, 0.0000, 0.0000]])
tensor([[-0.7146,  1.0000,  0.0000,  0.0000,  0.0000,  0.0000]])
tensor([[-0.3089,  1.0000,  0.0000,  0.0000,  0.0000,  0.0000]])
tensor([[-0.6960,  1.0000,  0.0000,  0.0000,  0.0000,  0.0000]])
tensor([[-0.6152,  1.0000,  0.0000,  0.0000,  0.0000,  0.0000]])
tensor([[0.8714, 1.0000, 0.0000, 0.0000, 0.0000, 0.0000]])
tensor([[-0.4643,  1.0000,  0.0000,  0.0000,  0.0000,  0.0000]])
tensor([[-0.7088,  1.0000,  0.0000,  0.0000,  0.0000,  0.0000]])
tensor([[0.2735, 1.0000, 0.0000, 0.0000, 0.0000, 0.0000]])
tensor([[0.7834, 1.0000, 0.0000, 0.0000, 0.0000, 0.0000]])
tensor([[0.0881, 1.0000, 0.0000, 0.0000, 0.0000, 0.0000]])
tensor([[0.9016, 1.0000, 0.0000, 0.0000, 0.0000, 0.0000]])
tensor([[-0.2526,  1.0000,  0.0000,  0.0000,  0.0000,  0.0000]])
tensor([[-0.9280,  1.0000,  0.0000,  0.0000,  0.0000,  0.0000]])
tensor([[-0.8909,  1.0000,  0.0000,  0.0000,  0.0000,  0.0000]])
tensor([[0.2717, 1.0000, 0.0000, 0.0000, 0.0000, 0.0000]])
tensor([[-0.5519,  1.0000,  0.0000,  0.0000,  0.0000,  0.0000]])
tensor([[0.0541, 1.0000, 0.0000, 0.0000, 0.0000, 0.0000]])
tensor([[-0.1466,  1.0000,  0.0000,  0.0000,  1.0000,  0.0000]])
tensor([[-0.6538,  1.0000,  0.0000,  0.0000,  0.0000,  0.0000]])
tensor([[-0.1508,  1.0000,  0.0000,  0.0000,  0.0000,  0.0000]])
tensor([[0.7320, 1.0000, 0.0000, 0.0000, 0.0000, 0.0000]])
tensor([[0.9680, 1.0000, 0.0000, 0.0000, 0.0000, 0.0000]])
tensor([[0.0867, 1.0000, 0.0000, 0.0000, 0.0000, 0.0000]])
tensor([[0.0961, 1.0000, 0.0000, 0.0000, 0.0000, 0.0000]])
tensor([[-0.6776,  1.0000,  0.0000,  0.0000,  0.0000,  0.0000]])
tensor([[-0.7937,  1.0000,  0.0000,  0.0000,  0.0000,  0.0000]])
tensor([[0.1417, 1.0000, 0.0000, 0.0000, 0.0000, 0.0000]])
tensor([[0.9517, 1.0000, 0.0000, 0.0000, 0.0000, 0.0000]])
tensor([[-0.2503,  1.0000,  0.0000,  0.0000,  0.0000,  0.0000]])
tensor([[0.3440, 1.0000, 0.0000, 0.0000, 0.0000, 0.0000]])
tensor([[0.8909, 1.0000, 0.0000, 0.0000, 0.0000, 0.0000]])
tensor([[0.0138, 1.0000, 0.0000, 0.0000, 0.0000, 0.0000]])
tensor([[-0.2411,  1.0000,  0.0000,  0.0000,  0.0000,  0.0000]])
tensor([[-0.3230,  1.0000,  0.0000,  0.0000,  0.0000,  0.0000]])
tensor([[-0.2508,  1.0000,  0.0000,  1.0000,  0.0000,  0.0000]])
tensor([[0.5867, 1.0000, 0.0000, 0.0000, 0.0000, 0.0000]])
tensor([[-0.9645,  1.0000,  0.0000,  0.0000,  0.0000,  0.0000]])
tensor([[0.7077, 1.0000, 1.0000, 0.0000, 0.0000, 0.0000]])
tensor([[0.0051, 1.0000, 0.0000, 0.0000, 0.0000, 0.0000]])
tensor([[0.5458, 1.0000, 0.0000, 1.0000, 0.0000, 0.0000]])
tensor([[-0.2070,  1.0000,  0.0000,  0.0000,  0.0000,  0.0000]])
tensor([[-0.3444,  1.0000,  0.0000,  0.0000,  0.0000,  0.0000]])
tensor([[-0.6552,  1.0000,  0.0000,  0.0000,  0.0000,  0.0000]])
tensor([[-0.1936,  1.0000,  0.0000,  0.0000,  0.0000,  0.0000]])
tensor([[-0.9484,  1.0000,  0.0000,  0.0000,  0.0000,  0.0000]])
tensor([[0.6610, 0.0000, 0.0000, 0.0000, 0.0000, 0.0000]])
tensor([[0.7510, 1.0000, 0.0000, 0.0000, 0.0000, 0.0000]])
tensor([[-0.1306,  1.0000,  0.0000,  0.0000,  0.0000,  0.0000]])
tensor([[-0.3166,  1.0000,  0.0000,  0.0000,  0.0000,  0.0000]])
tensor([[0.7440, 1.0000, 0.0000, 0.0000, 0.0000, 0.0000]])
tensor([[-0.6080,  1.0000,  0.0000,  0.0000,  0.0000,  0.0000]])
tensor([[0.6267, 1.0000, 0.0000, 0.0000, 0.0000, 0.0000]])
tensor([[0.3733, 1.0000, 0.0000, 0.0000, 0.0000, 0.0000]])
tensor([[0.2151, 1.0000, 0.0000, 0.0000, 0.0000, 0.0000]])
tensor([[0.2393, 1.0000, 0.0000, 0.0000, 0.0000, 0.0000]])
tensor([[0.2740, 1.0000, 0.0000, 0.0000, 0.0000, 0.0000]])
tensor([[0.6193, 1.0000, 0.0000, 0.0000, 0.0000, 0.0000]])
tensor([[0.7318, 0.0000, 0.0000, 0.0000, 0.0000, 0.0000]])
tensor([[-0.8668,  1.0000,  0.0000,  0.0000,  0.0000,  0.0000]])
tensor([[0.7720, 1.0000, 0.0000, 0.0000, 0.0000, 0.0000]])
tensor([[0.3031, 1.0000, 0.0000, 0.0000, 0.0000, 0.0000]])
tensor([[0.8072, 1.0000, 0.0000, 0.0000, 0.0000, 0.0000]])
tensor([[0.3137, 1.0000, 0.0000, 0.0000, 0.0000, 0.0000]])
tensor([[0.6713, 1.0000, 0.0000, 0.0000, 0.0000, 0.0000]])
tensor([[0.5078, 1.0000, 0.0000, 0.0000, 0.0000, 0.0000]])
tensor([[0.0583, 1.0000, 0.0000, 1.0000, 0.0000, 0.0000]])
tensor([[0.2443, 1.0000, 0.0000, 0.0000, 0.0000, 0.0000]])
tensor([[-0.4410,  1.0000,  0.0000,  0.0000,  0.0000,  0.0000]])
tensor([[0.3404, 1.0000, 0.0000, 0.0000, 0.0000, 0.0000]])
tensor([[-0.4058,  1.0000,  0.0000,  0.0000,  0.0000,  0.0000]])
tensor([[0.2237, 1.0000, 0.0000, 0.0000, 0.0000, 0.0000]])
tensor([[0.3606, 1.0000, 0.0000, 0.0000, 0.0000, 0.0000]])
tensor([[0.3770, 1.0000, 0.0000, 0.0000, 0.0000, 0.0000]])
tensor([[-0.0187,  1.0000,  0.0000,  0.0000,  0.0000,  0.0000]])
tensor([[-0.2608,  1.0000,  0.0000,  0.0000,  0.0000,  0.0000]])
tensor([[-0.7598,  1.0000,  0.0000,  0.0000,  0.0000,  0.0000]])
tensor([[0.8222, 0.0000, 0.0000, 0.0000, 0.0000, 0.0000]])
tensor([[0.2463, 1.0000, 0.0000, 0.0000, 0.0000, 0.0000]])
tensor([[0.2129, 0.0000, 0.0000, 0.0000, 0.0000, 0.0000]])
tensor([[-0.6323,  1.0000,  0.0000,  0.0000,  0.0000,  0.0000]])
tensor([[-0.4344,  1.0000,  0.0000,  1.0000,  0.0000,  0.0000]])
tensor([[-0.2048,  1.0000,  0.0000,  0.0000,  0.0000,  0.0000]])
tensor([[0.1218, 1.0000, 0.0000, 0.0000, 0.0000, 0.0000]])
tensor([[0.1727, 1.0000, 0.0000, 0.0000, 0.0000, 0.0000]])
tensor([[-0.4490,  1.0000,  0.0000,  0.0000,  0.0000,  0.0000]])
tensor([[-0.6942,  1.0000,  0.0000,  0.0000,  0.0000,  0.0000]])
tensor([[-0.7626,  1.0000,  0.0000,  0.0000,  0.0000,  0.0000]])
tensor([[-0.9361,  1.0000,  0.0000,  0.0000,  0.0000,  0.0000]])
tensor([[0.5538, 1.0000, 0.0000, 0.0000, 0.0000, 0.0000]])
tensor([[-0.5582,  0.0000,  0.0000,  1.0000,  0.0000,  0.0000]])
tensor([[-0.2622,  1.0000,  0.0000,  0.0000,  0.0000,  0.0000]])
tensor([[-0.1935,  1.0000,  0.0000,  0.0000,  0.0000,  0.0000]])
tensor([[-0.7850,  1.0000,  0.0000,  0.0000,  0.0000,  0.0000]])
tensor([[0.8076, 1.0000, 0.0000, 0.0000, 0.0000, 0.0000]])
tensor([[-0.4453,  1.0000,  0.0000,  0.0000,  0.0000,  0.0000]])
tensor([[0.8263, 1.0000, 0.0000, 0.0000, 0.0000, 0.0000]])
tensor([[-0.7760,  1.0000,  0.0000,  0.0000,  0.0000,  0.0000]])
tensor([[0.9695, 0.0000, 0.0000, 0.0000, 0.0000, 0.0000]])
tensor([[-0.0266,  1.0000,  0.0000,  0.0000,  0.0000,  0.0000]])
tensor([[-0.1917,  1.0000,  0.0000,  0.0000,  0.0000,  0.0000]])
tensor([[-0.6971,  1.0000,  0.0000,  0.0000,  0.0000,  0.0000]])
tensor([[0.8582, 1.0000, 0.0000, 0.0000, 0.0000, 0.0000]])
tensor([[0.1421, 1.0000, 0.0000, 0.0000, 0.0000, 0.0000]])
tensor([[-0.5140,  1.0000,  0.0000,  0.0000,  0.0000,  0.0000]])
tensor([[0.6815, 1.0000, 0.0000, 0.0000, 0.0000, 0.0000]])
tensor([[-0.2778,  1.0000,  0.0000,  0.0000,  0.0000,  0.0000]])
tensor([[0.0703, 0.0000, 0.0000, 0.0000, 0.0000, 0.0000]])
tensor([[-0.5469,  1.0000,  0.0000,  0.0000,  0.0000,  0.0000]])
tensor([[-0.7027,  1.0000,  0.0000,  0.0000,  0.0000,  0.0000]])
tensor([[-0.3291,  1.0000,  0.0000,  0.0000,  0.0000,  0.0000]])
tensor([[-0.0155,  1.0000,  0.0000,  0.0000,  0.0000,  0.0000]])
tensor([[-0.8290,  1.0000,  0.0000,  0.0000,  0.0000,  0.0000]])
tensor([[0.1415, 1.0000, 0.0000, 0.0000, 0.0000, 0.0000]])
tensor([[0.1630, 1.0000, 0.0000, 0.0000, 0.0000, 0.0000]])
tensor([[-0.5771,  1.0000,  0.0000,  0.0000,  0.0000,  0.0000]])
tensor([[-0.3694,  1.0000,  0.0000,  0.0000,  0.0000,  0.0000]])
tensor([[-0.7805,  1.0000,  0.0000,  0.0000,  0.0000,  0.0000]])
tensor([[-0.7012,  1.0000,  0.0000,  0.0000,  0.0000,  0.0000]])
tensor([[-0.6573,  1.0000,  0.0000,  0.0000,  0.0000,  0.0000]])
tensor([[-0.2111,  1.0000,  0.0000,  0.0000,  0.0000,  0.0000]])
tensor([[-0.3505,  1.0000,  0.0000,  0.0000,  0.0000,  0.0000]])
tensor([[0.8615, 1.0000, 0.0000, 0.0000, 0.0000, 0.0000]])
tensor([[0.5478, 1.0000, 0.0000, 0.0000, 0.0000, 0.0000]])
tensor([[-0.6509,  1.0000,  0.0000,  0.0000,  0.0000,  0.0000]])
tensor([[0.3293, 1.0000, 0.0000, 0.0000, 0.0000, 0.0000]])
tensor([[0.5068, 1.0000, 0.0000, 0.0000, 0.0000, 0.0000]])
tensor([[0.4579, 1.0000, 0.0000, 0.0000, 0.0000, 0.0000]])
tensor([[-0.0760,  1.0000,  0.0000,  0.0000,  0.0000,  0.0000]])
tensor([[-0.4983,  1.0000,  0.0000,  0.0000,  0.0000,  0.0000]])
tensor([[0.4489, 1.0000, 0.0000, 0.0000, 0.0000, 0.0000]])
tensor([[-0.7731,  1.0000,  0.0000,  0.0000,  0.0000,  0.0000]])
tensor([[0.7405, 1.0000, 0.0000, 1.0000, 0.0000, 0.0000]])
tensor([[-0.4917,  1.0000,  0.0000,  0.0000,  0.0000,  0.0000]])
tensor([[-0.5877,  1.0000,  0.0000,  0.0000,  1.0000,  0.0000]])
tensor([[-0.3216,  1.0000,  0.0000,  0.0000,  0.0000,  0.0000]])
tensor([[-0.3380,  1.0000,  0.0000,  0.0000,  0.0000,  0.0000]])
tensor([[0.7071, 1.0000, 0.0000, 0.0000, 0.0000, 0.0000]])
tensor([[0.7919, 1.0000, 0.0000, 0.0000, 0.0000, 0.0000]])
tensor([[-0.8330,  1.0000,  0.0000,  0.0000,  0.0000,  0.0000]])
tensor([[-0.2581,  1.0000,  0.0000,  0.0000,  0.0000,  0.0000]])
tensor([[-0.8510,  1.0000,  0.0000,  0.0000,  0.0000,  0.0000]])
tensor([[0.9637, 1.0000, 1.0000, 0.0000, 0.0000, 0.0000]])
tensor([[-0.6565,  1.0000,  0.0000,  0.0000,  0.0000,  0.0000]])
tensor([[-0.4969,  1.0000,  1.0000,  0.0000,  0.0000,  0.0000]])
tensor([[0.8079, 1.0000, 0.0000, 0.0000, 0.0000, 0.0000]])
tensor([[0.3550, 1.0000, 0.0000, 0.0000, 0.0000, 0.0000]])
tensor([[0.6937, 1.0000, 0.0000, 0.0000, 0.0000, 0.0000]])
tensor([[0.6644, 1.0000, 1.0000, 0.0000, 0.0000, 0.0000]])
tensor([[-0.0929,  1.0000,  0.0000,  0.0000,  0.0000,  0.0000]])
tensor([[-0.9594,  1.0000,  1.0000,  0.0000,  0.0000,  0.0000]])
tensor([[0.1343, 1.0000, 0.0000, 0.0000, 0.0000, 0.0000]])
tensor([[0.7174, 1.0000, 0.0000, 1.0000, 0.0000, 0.0000]])
tensor([[0.6944, 1.0000, 0.0000, 0.0000, 0.0000, 0.0000]])
tensor([[-0.6021,  1.0000,  0.0000,  0.0000,  0.0000,  0.0000]])
tensor([[-0.6877,  1.0000,  1.0000,  0.0000,  0.0000,  0.0000]])
tensor([[0.2384, 1.0000, 0.0000, 0.0000, 0.0000, 0.0000]])
tensor([[0.2406, 1.0000, 0.0000, 0.0000, 0.0000, 0.0000]])
tensor([[0.6589, 1.0000, 0.0000, 0.0000, 0.0000, 0.0000]])
tensor([[-0.3343,  1.0000,  0.0000,  0.0000,  0.0000,  0.0000]])
tensor([[0.7502, 1.0000, 0.0000, 0.0000, 0.0000, 0.0000]])
tensor([[-0.3607,  1.0000,  0.0000,  0.0000,  0.0000,  0.0000]])
tensor([[-0.8615,  1.0000,  0.0000,  0.0000,  0.0000,  0.0000]])
tensor([[0.2650, 1.0000, 0.0000, 0.0000, 0.0000, 0.0000]])
tensor([[-0.4693,  1.0000,  0.0000,  0.0000,  0.0000,  0.0000]])
tensor([[0.3266, 1.0000, 0.0000, 0.0000, 0.0000, 0.0000]])
tensor([[0.3803, 1.0000, 0.0000, 0.0000, 0.0000, 0.0000]])
tensor([[0.9434, 1.0000, 0.0000, 0.0000, 0.0000, 0.0000]])
tensor([[0.3857, 1.0000, 0.0000, 0.0000, 0.0000, 0.0000]])
tensor([[-0.3755,  1.0000,  0.0000,  0.0000,  0.0000,  0.0000]])
tensor([[0.6687, 1.0000, 0.0000, 0.0000, 0.0000, 0.0000]])
tensor([[0.2362, 1.0000, 0.0000, 0.0000, 0.0000, 0.0000]])
tensor([[0.7992, 0.0000, 0.0000, 0.0000, 0.0000, 0.0000]])
tensor([[0.1800, 1.0000, 0.0000, 0.0000, 0.0000, 0.0000]])
tensor([[-0.8408,  1.0000,  1.0000,  0.0000,  0.0000,  0.0000]])
tensor([[0.5243, 1.0000, 0.0000, 0.0000, 0.0000, 0.0000]])
tensor([[-0.7579,  1.0000,  0.0000,  0.0000,  0.0000,  0.0000]])
tensor([[0.6954, 1.0000, 0.0000, 0.0000, 0.0000, 0.0000]])
tensor([[-0.7601,  0.0000,  0.0000,  0.0000,  0.0000,  0.0000]])
tensor([[0.4659, 1.0000, 0.0000, 0.0000, 0.0000, 0.0000]])
tensor([[-0.3810,  1.0000,  0.0000,  0.0000,  0.0000,  0.0000]])
tensor([[-0.8848,  1.0000,  0.0000,  1.0000,  0.0000,  0.0000]])
tensor([[-0.0221,  1.0000,  0.0000,  0.0000,  0.0000,  0.0000]])
tensor([[-0.8367,  1.0000,  0.0000,  0.0000,  0.0000,  0.0000]])
tensor([[-0.4519,  1.0000,  0.0000,  0.0000,  0.0000,  0.0000]])
tensor([[0.4925, 1.0000, 0.0000, 0.0000, 0.0000, 0.0000]])
tensor([[-0.4397,  1.0000,  1.0000,  0.0000,  0.0000,  0.0000]])
tensor([[-0.9375,  1.0000,  0.0000,  0.0000,  0.0000,  0.0000]])
tensor([[0.7784, 0.0000, 0.0000, 0.0000, 0.0000, 0.0000]])
tensor([[-0.9584,  1.0000,  0.0000,  0.0000,  0.0000,  0.0000]])
tensor([[0.7713, 1.0000, 0.0000, 0.0000, 0.0000, 0.0000]])
tensor([[0.7969, 1.0000, 0.0000, 0.0000, 0.0000, 0.0000]])
tensor([[0.0566, 1.0000, 0.0000, 0.0000, 0.0000, 0.0000]])
tensor([[0.1899, 1.0000, 0.0000, 0.0000, 0.0000, 0.0000]])
tensor([[0.1008, 1.0000, 0.0000, 0.0000, 0.0000, 0.0000]])
tensor([[-0.5140,  0.0000,  0.0000,  0.0000,  0.0000,  0.0000]])
tensor([[0.5505, 1.0000, 0.0000, 1.0000, 0.0000, 0.0000]])
tensor([[-0.4052,  1.0000,  1.0000,  0.0000,  0.0000,  0.0000]])
tensor([[0.3332, 1.0000, 0.0000, 0.0000, 0.0000, 0.0000]])
tensor([[0.5176, 1.0000, 0.0000, 0.0000, 0.0000, 0.0000]])
tensor([[0.2376, 1.0000, 0.0000, 0.0000, 0.0000, 0.0000]])
tensor([[-0.2520,  1.0000,  0.0000,  0.0000,  0.0000,  0.0000]])
tensor([[-0.9118,  1.0000,  1.0000,  1.0000,  0.0000,  0.0000]])
tensor([[0.4303, 1.0000, 0.0000, 0.0000, 0.0000, 0.0000]])
tensor([[-0.8773,  1.0000,  0.0000,  0.0000,  0.0000,  0.0000]])
tensor([[-0.7501,  1.0000,  0.0000,  0.0000,  0.0000,  0.0000]])
tensor([[-0.3113,  1.0000,  0.0000,  0.0000,  0.0000,  0.0000]])
tensor([[-0.7243,  1.0000,  0.0000,  0.0000,  0.0000,  0.0000]])
tensor([[-0.4808,  1.0000,  0.0000,  0.0000,  0.0000,  0.0000]])
tensor([[-0.8033,  0.0000,  0.0000,  0.0000,  0.0000,  0.0000]])
tensor([[0.6020, 1.0000, 0.0000, 0.0000, 0.0000, 0.0000]])
tensor([[-0.5223,  1.0000,  0.0000,  0.0000,  1.0000,  0.0000]])
tensor([[0.8309, 1.0000, 0.0000, 0.0000, 0.0000, 0.0000]])
tensor([[0.8232, 1.0000, 0.0000, 0.0000, 0.0000, 0.0000]])
tensor([[0.0402, 1.0000, 1.0000, 0.0000, 0.0000, 0.0000]])
tensor([[-0.6319,  1.0000,  0.0000,  0.0000,  0.0000,  0.0000]])
tensor([[-0.9157,  0.0000,  0.0000,  0.0000,  0.0000,  0.0000]])
tensor([[0.6306, 1.0000, 0.0000, 0.0000, 0.0000, 0.0000]])
tensor([[-0.7510,  1.0000,  0.0000,  0.0000,  0.0000,  0.0000]])
tensor([[-0.9754,  1.0000,  0.0000,  0.0000,  0.0000,  0.0000]])
tensor([[0.7646, 1.0000, 0.0000, 0.0000, 0.0000, 0.0000]])
tensor([[0.6384, 0.0000, 0.0000, 1.0000, 0.0000, 0.0000]])
tensor([[0.3177, 1.0000, 0.0000, 0.0000, 0.0000, 0.0000]])
tensor([[0.4891, 1.0000, 1.0000, 0.0000, 0.0000, 0.0000]])
tensor([[-0.9597,  1.0000,  0.0000,  0.0000,  0.0000,  0.0000]])
tensor([[0.5888, 1.0000, 1.0000, 0.0000, 0.0000, 0.0000]])
tensor([[0.5724, 0.0000, 0.0000, 0.0000, 0.0000, 0.0000]])
tensor([[-0.3651,  0.0000,  0.0000,  0.0000,  0.0000,  0.0000]])
tensor([[-0.4889,  1.0000,  0.0000,  0.0000,  0.0000,  0.0000]])
tensor([[-0.7008,  1.0000,  0.0000,  0.0000,  0.0000,  0.0000]])
tensor([[-0.5887,  1.0000,  0.0000,  0.0000,  0.0000,  0.0000]])
tensor([[-0.1214,  1.0000,  0.0000,  0.0000,  0.0000,  0.0000]])
tensor([[-0.4017,  1.0000,  0.0000,  0.0000,  0.0000,  0.0000]])
tensor([[0.1334, 1.0000, 0.0000, 0.0000, 0.0000, 0.0000]])
tensor([[0.6431, 1.0000, 0.0000, 0.0000, 0.0000, 0.0000]])
tensor([[0.2100, 0.0000, 0.0000, 0.0000, 0.0000, 0.0000]])
tensor([[-0.6034,  1.0000,  0.0000,  0.0000,  0.0000,  0.0000]])
tensor([[-0.1337,  1.0000,  0.0000,  0.0000,  0.0000,  0.0000]])
tensor([[-0.3919,  1.0000,  0.0000,  1.0000,  0.0000,  0.0000]])
tensor([[-0.4658,  1.0000,  0.0000,  0.0000,  0.0000,  0.0000]])
tensor([[0.3689, 1.0000, 0.0000, 0.0000, 0.0000, 0.0000]])
tensor([[0.0864, 1.0000, 0.0000, 0.0000, 0.0000, 0.0000]])
tensor([[-0.4984,  1.0000,  0.0000,  0.0000,  0.0000,  0.0000]])
tensor([[-0.4313,  1.0000,  0.0000,  0.0000,  0.0000,  0.0000]])
tensor([[-0.6628,  1.0000,  0.0000,  0.0000,  0.0000,  0.0000]])
tensor([[0.2857, 0.0000, 1.0000, 0.0000, 1.0000, 0.0000]])
tensor([[0.5621, 1.0000, 0.0000, 0.0000, 0.0000, 0.0000]])
tensor([[0.3248, 1.0000, 0.0000, 0.0000, 1.0000, 0.0000]])
tensor([[-0.3574,  1.0000,  0.0000,  0.0000,  0.0000,  0.0000]])
tensor([[0.7293, 1.0000, 0.0000, 0.0000, 0.0000, 0.0000]])
tensor([[0.2113, 0.0000, 0.0000, 0.0000, 0.0000, 0.0000]])
tensor([[-0.5187,  0.0000,  1.0000,  0.0000,  0.0000,  0.0000]])
tensor([[-0.1709,  1.0000,  1.0000,  0.0000,  0.0000,  0.0000]])
tensor([[0.6369, 1.0000, 0.0000, 0.0000, 0.0000, 0.0000]])
tensor([[-0.0865,  1.0000,  0.0000,  0.0000,  0.0000,  0.0000]])
tensor([[0.5107, 1.0000, 0.0000, 0.0000, 0.0000, 0.0000]])
tensor([[0.4893, 0.0000, 0.0000, 0.0000, 0.0000, 0.0000]])
tensor([[0.4552, 0.0000, 1.0000, 0.0000, 0.0000, 0.0000]])
tensor([[-0.0241,  1.0000,  0.0000,  0.0000,  0.0000,  0.0000]])
tensor([[0.7567, 1.0000, 0.0000, 0.0000, 0.0000, 0.0000]])
tensor([[-0.2820,  1.0000,  0.0000,  0.0000,  0.0000,  0.0000]])
tensor([[-0.7690,  1.0000,  0.0000,  0.0000,  0.0000,  0.0000]])
tensor([[-0.4932,  1.0000,  0.0000,  0.0000,  0.0000,  0.0000]])
tensor([[0.6346, 1.0000, 0.0000, 0.0000, 0.0000, 0.0000]])
tensor([[-0.3972,  1.0000,  0.0000,  0.0000,  0.0000,  0.0000]])
tensor([[0.5663, 1.0000, 0.0000, 0.0000, 0.0000, 0.0000]])
tensor([[-0.6268,  1.0000,  0.0000,  0.0000,  0.0000,  0.0000]])
tensor([[0.0703, 1.0000, 0.0000, 0.0000, 0.0000, 0.0000]])
tensor([[-0.0855,  0.0000,  0.0000,  0.0000,  0.0000,  0.0000]])
tensor([[-0.7668,  1.0000,  0.0000,  0.0000,  0.0000,  0.0000]])
tensor([[0.1530, 1.0000, 0.0000, 0.0000, 0.0000, 0.0000]])
tensor([[-0.1556,  1.0000,  1.0000,  0.0000,  0.0000,  0.0000]])
tensor([[-0.6163,  1.0000,  0.0000,  0.0000,  0.0000,  0.0000]])
tensor([[-0.3805,  1.0000,  0.0000,  0.0000,  0.0000,  0.0000]])
tensor([[-0.0490,  1.0000,  0.0000,  0.0000,  0.0000,  0.0000]])
tensor([[0.8995, 1.0000, 0.0000, 0.0000, 0.0000, 0.0000]])
tensor([[0.6577, 1.0000, 0.0000, 0.0000, 0.0000, 0.0000]])
tensor([[0.2059, 1.0000, 0.0000, 0.0000, 0.0000, 0.0000]])
tensor([[-0.2859,  1.0000,  0.0000,  0.0000,  0.0000,  0.0000]])
tensor([[-0.6616,  1.0000,  0.0000,  0.0000,  0.0000,  0.0000]])
tensor([[0.0237, 1.0000, 0.0000, 0.0000, 0.0000, 0.0000]])
tensor([[-0.1788,  1.0000,  1.0000,  0.0000,  0.0000,  0.0000]])
tensor([[-0.7374,  1.0000,  1.0000,  0.0000,  0.0000,  0.0000]])
tensor([[-0.4183,  1.0000,  0.0000,  0.0000,  0.0000,  0.0000]])
tensor([[-0.5794,  1.0000,  0.0000,  0.0000,  0.0000,  0.0000]])
tensor([[-0.5194,  1.0000,  1.0000,  0.0000,  0.0000,  0.0000]])
tensor([[-0.5335,  1.0000,  0.0000,  0.0000,  0.0000,  0.0000]])
tensor([[-0.8523,  1.0000,  0.0000,  0.0000,  0.0000,  0.0000]])
tensor([[-0.8818,  1.0000,  0.0000,  0.0000,  0.0000,  0.0000]])
tensor([[-0.9484,  1.0000,  1.0000,  0.0000,  0.0000,  0.0000]])
tensor([[-0.5862,  1.0000,  0.0000,  0.0000,  0.0000,  0.0000]])
tensor([[-0.0333,  1.0000,  0.0000,  0.0000,  0.0000,  0.0000]])
tensor([[0.1956, 1.0000, 0.0000, 0.0000, 0.0000, 0.0000]])
tensor([[-0.5123,  1.0000,  0.0000,  0.0000,  0.0000,  0.0000]])
tensor([[0.6848, 1.0000, 1.0000, 0.0000, 0.0000, 0.0000]])
tensor([[-0.8621,  1.0000,  0.0000,  0.0000,  0.0000,  0.0000]])
tensor([[0.6794, 1.0000, 0.0000, 1.0000, 0.0000, 0.0000]])
tensor([[-0.7444,  1.0000,  0.0000,  0.0000,  0.0000,  0.0000]])
tensor([[0.2707, 1.0000, 0.0000, 0.0000, 0.0000, 0.0000]])
tensor([[0.3558, 1.0000, 0.0000, 0.0000, 0.0000, 0.0000]])
tensor([[0.0227, 1.0000, 0.0000, 0.0000, 0.0000, 0.0000]])
tensor([[-0.7320,  0.0000,  1.0000,  0.0000,  0.0000,  0.0000]])
tensor([[-0.7895,  1.0000,  0.0000,  0.0000,  0.0000,  0.0000]])
tensor([[-0.4205,  0.0000,  0.0000,  0.0000,  0.0000,  0.0000]])
tensor([[0.4516, 1.0000, 0.0000, 0.0000, 0.0000, 0.0000]])
tensor([[0.2111, 1.0000, 0.0000, 0.0000, 0.0000, 0.0000]])
tensor([[0.2715, 1.0000, 0.0000, 0.0000, 0.0000, 0.0000]])
tensor([[0.5634, 1.0000, 0.0000, 0.0000, 0.0000, 0.0000]])
tensor([[0.3077, 1.0000, 0.0000, 0.0000, 0.0000, 0.0000]])
tensor([[-0.6996,  1.0000,  0.0000,  0.0000,  0.0000,  0.0000]])
tensor([[-0.3174,  0.0000,  1.0000,  0.0000,  0.0000,  0.0000]])
tensor([[0.3026, 1.0000, 0.0000, 0.0000, 0.0000, 0.0000]])
tensor([[0.2991, 1.0000, 0.0000, 0.0000, 0.0000, 0.0000]])
tensor([[-0.7893,  1.0000,  0.0000,  0.0000,  0.0000,  0.0000]])
tensor([[-0.4681,  1.0000,  1.0000,  0.0000,  0.0000,  0.0000]])
tensor([[0.1727, 1.0000, 0.0000, 0.0000, 0.0000, 0.0000]])
tensor([[0.0168, 1.0000, 0.0000, 0.0000, 0.0000, 0.0000]])
tensor([[-0.3544,  1.0000,  0.0000,  0.0000,  0.0000,  0.0000]])
tensor([[-0.1933,  1.0000,  0.0000,  0.0000,  0.0000,  0.0000]])
tensor([[0.4519, 0.0000, 0.0000, 0.0000, 0.0000, 0.0000]])
tensor([[0.4336, 0.0000, 0.0000, 0.0000, 0.0000, 0.0000]])
tensor([[0.3702, 1.0000, 0.0000, 0.0000, 0.0000, 0.0000]])
tensor([[-0.9649,  1.0000,  0.0000,  0.0000,  0.0000,  0.0000]])
tensor([[-0.4682,  1.0000,  0.0000,  0.0000,  0.0000,  0.0000]])
tensor([[0.0127, 1.0000, 0.0000, 0.0000, 0.0000, 0.0000]])
tensor([[0.4192, 1.0000, 0.0000, 0.0000, 0.0000, 0.0000]])
tensor([[0.5815, 1.0000, 0.0000, 0.0000, 0.0000, 0.0000]])
tensor([[0.4263, 1.0000, 0.0000, 1.0000, 0.0000, 0.0000]])
tensor([[-0.2398,  1.0000,  0.0000,  1.0000,  0.0000,  0.0000]])
tensor([[-0.5852,  1.0000,  0.0000,  0.0000,  0.0000,  0.0000]])
tensor([[-0.0709,  1.0000,  0.0000,  0.0000,  0.0000,  0.0000]])
tensor([[0.0498, 1.0000, 0.0000, 0.0000, 0.0000, 0.0000]])
tensor([[-0.8438,  0.0000,  0.0000,  0.0000,  0.0000,  0.0000]])
tensor([[-0.2708,  1.0000,  1.0000,  0.0000,  0.0000,  0.0000]])
tensor([[0.4096, 1.0000, 0.0000, 0.0000, 0.0000, 0.0000]])
tensor([[-0.6189,  0.0000,  0.0000,  0.0000,  0.0000,  0.0000]])
tensor([[-0.0066,  1.0000,  0.0000,  0.0000,  0.0000,  0.0000]])
tensor([[-0.8844,  1.0000,  0.0000,  0.0000,  0.0000,  0.0000]])
tensor([[-0.5729,  0.0000,  0.0000,  0.0000,  0.0000,  0.0000]])
tensor([[0.5194, 1.0000, 0.0000, 0.0000, 0.0000, 0.0000]])
tensor([[-0.0537,  1.0000,  0.0000,  0.0000,  1.0000,  0.0000]])
tensor([[0.6327, 1.0000, 0.0000, 0.0000, 0.0000, 0.0000]])
tensor([[0.5280, 0.0000, 0.0000, 0.0000, 0.0000, 0.0000]])
tensor([[-0.0384,  1.0000,  1.0000,  0.0000,  0.0000,  0.0000]])
tensor([[0.2241, 1.0000, 0.0000, 0.0000, 0.0000, 0.0000]])
tensor([[0.3482, 1.0000, 0.0000, 0.0000, 0.0000, 0.0000]])
tensor([[0.2708, 1.0000, 0.0000, 0.0000, 0.0000, 0.0000]])
tensor([[0.3774, 1.0000, 0.0000, 0.0000, 0.0000, 0.0000]])
tensor([[-0.8279,  0.0000,  0.0000,  0.0000,  0.0000,  0.0000]])
tensor([[-0.7700,  1.0000,  0.0000,  0.0000,  0.0000,  0.0000]])
tensor([[-0.1163,  0.0000,  0.0000,  0.0000,  0.0000,  0.0000]])
tensor([[0.6141, 1.0000, 0.0000, 0.0000, 1.0000, 0.0000]])
tensor([[0.5611, 1.0000, 0.0000, 0.0000, 0.0000, 0.0000]])
tensor([[0.7775, 1.0000, 0.0000, 0.0000, 0.0000, 0.0000]])
tensor([[-0.7508,  1.0000,  0.0000,  0.0000,  0.0000,  0.0000]])
tensor([[0.7075, 1.0000, 0.0000, 0.0000, 0.0000, 0.0000]])
tensor([[-0.8238,  0.0000,  0.0000,  0.0000,  0.0000,  0.0000]])
tensor([[-0.4566,  1.0000,  1.0000,  0.0000,  0.0000,  0.0000]])
tensor([[-0.8252,  1.0000,  0.0000,  0.0000,  0.0000,  0.0000]])
tensor([[0.3975, 1.0000, 0.0000, 0.0000, 0.0000, 0.0000]])
tensor([[-0.7583,  1.0000,  0.0000,  0.0000,  0.0000,  0.0000]])
tensor([[-0.2685,  1.0000,  0.0000,  0.0000,  0.0000,  0.0000]])
tensor([[-0.3521,  1.0000,  1.0000,  0.0000,  0.0000,  0.0000]])
tensor([[0.3292, 1.0000, 1.0000, 0.0000, 0.0000, 0.0000]])
tensor([[0.0163, 1.0000, 0.0000, 0.0000, 0.0000, 0.0000]])
tensor([[-0.7663,  1.0000,  0.0000,  0.0000,  0.0000,  0.0000]])
tensor([[0.0822, 1.0000, 0.0000, 0.0000, 0.0000, 0.0000]])
tensor([[-0.1725,  0.0000,  0.0000,  0.0000,  0.0000,  0.0000]])
tensor([[-0.7123,  1.0000,  0.0000,  1.0000,  0.0000,  0.0000]])
tensor([[-0.4672,  1.0000,  0.0000,  0.0000,  0.0000,  0.0000]])
tensor([[0.5606, 0.0000, 0.0000, 0.0000, 0.0000, 0.0000]])
tensor([[-0.8118,  0.0000,  0.0000,  0.0000,  0.0000,  0.0000]])
tensor([[0.0113, 1.0000, 0.0000, 0.0000, 0.0000, 0.0000]])
tensor([[0.6443, 1.0000, 0.0000, 0.0000, 0.0000, 0.0000]])
tensor([[-0.2324,  1.0000,  0.0000,  0.0000,  0.0000,  0.0000]])
tensor([[-0.0903,  1.0000,  0.0000,  0.0000,  0.0000,  0.0000]])
tensor([[0.6973, 1.0000, 0.0000, 0.0000, 0.0000, 0.0000]])
tensor([[0.1760, 1.0000, 0.0000, 0.0000, 0.0000, 0.0000]])
tensor([[0.0274, 1.0000, 0.0000, 0.0000, 0.0000, 0.0000]])
tensor([[-0.0752,  1.0000,  1.0000,  0.0000,  0.0000,  0.0000]])
tensor([[0.4191, 1.0000, 0.0000, 0.0000, 0.0000, 0.0000]])
tensor([[-0.5961,  1.0000,  0.0000,  0.0000,  0.0000,  0.0000]])
tensor([[0.1011, 1.0000, 0.0000, 0.0000, 0.0000, 0.0000]])
tensor([[-0.4104,  1.0000,  0.0000,  0.0000,  0.0000,  0.0000]])
tensor([[0.6377, 1.0000, 1.0000, 0.0000, 0.0000, 0.0000]])
tensor([[-0.9377,  1.0000,  0.0000,  0.0000,  0.0000,  0.0000]])
tensor([[-0.9225,  1.0000,  1.0000,  0.0000,  0.0000,  0.0000]])
tensor([[0.4180, 1.0000, 0.0000, 0.0000, 0.0000, 0.0000]])
tensor([[0.1196, 0.0000, 1.0000, 0.0000, 0.0000, 0.0000]])
tensor([[-0.4163,  0.0000,  1.0000,  0.0000,  0.0000,  0.0000]])
tensor([[0.0393, 1.0000, 0.0000, 0.0000, 0.0000, 0.0000]])
tensor([[-0.4324,  1.0000,  1.0000,  0.0000,  0.0000,  0.0000]])
tensor([[-0.4185,  1.0000,  0.0000,  0.0000,  0.0000,  0.0000]])
tensor([[0.2072, 1.0000, 0.0000, 0.0000, 0.0000, 0.0000]])
tensor([[-0.3680,  1.0000,  1.0000,  0.0000,  0.0000,  0.0000]])
tensor([[0.7911, 1.0000, 0.0000, 0.0000, 0.0000, 0.0000]])
tensor([[0.6498, 1.0000, 0.0000, 0.0000, 0.0000, 0.0000]])
tensor([[-0.7251,  1.0000,  0.0000,  0.0000,  0.0000,  0.0000]])
tensor([[0.1740, 1.0000, 0.0000, 0.0000, 0.0000, 0.0000]])
tensor([[-0.9098,  0.0000,  0.0000,  0.0000,  0.0000,  0.0000]])
tensor([[-0.8945,  1.0000,  0.0000,  0.0000,  0.0000,  0.0000]])
tensor([[-0.6702,  1.0000,  0.0000,  0.0000,  0.0000,  0.0000]])
tensor([[0.9086, 1.0000, 0.0000, 0.0000, 0.0000, 0.0000]])
tensor([[-0.6279,  1.0000,  0.0000,  0.0000,  0.0000,  0.0000]])
tensor([[-0.6803,  1.0000,  0.0000,  0.0000,  0.0000,  0.0000]])
tensor([[-0.5614,  1.0000,  0.0000,  0.0000,  0.0000,  0.0000]])
tensor([[-0.3864,  1.0000,  0.0000,  0.0000,  0.0000,  0.0000]])
tensor([[-0.8775,  1.0000,  0.0000,  0.0000,  0.0000,  0.0000]])
tensor([[0.0954, 1.0000, 0.0000, 0.0000, 0.0000, 0.0000]])
tensor([[0.4497, 1.0000, 0.0000, 0.0000, 0.0000, 0.0000]])
tensor([[0.4542, 1.0000, 0.0000, 0.0000, 0.0000, 0.0000]])
tensor([[0.4091, 1.0000, 0.0000, 0.0000, 0.0000, 0.0000]])
tensor([[-0.4830,  0.0000,  0.0000,  1.0000,  0.0000,  0.0000]])
tensor([[-0.7310,  1.0000,  0.0000,  0.0000,  0.0000,  0.0000]])
tensor([[-0.5674,  1.0000,  0.0000,  0.0000,  0.0000,  0.0000]])
tensor([[0.1146, 0.0000, 1.0000, 0.0000, 0.0000, 0.0000]])
tensor([[0.5760, 1.0000, 0.0000, 0.0000, 0.0000, 0.0000]])
tensor([[0.6941, 1.0000, 0.0000, 0.0000, 0.0000, 0.0000]])
tensor([[0.1300, 1.0000, 0.0000, 0.0000, 0.0000, 0.0000]])
tensor([[0.9508, 1.0000, 0.0000, 0.0000, 0.0000, 0.0000]])
tensor([[0.8993, 0.0000, 0.0000, 1.0000, 0.0000, 0.0000]])
tensor([[-0.5230,  1.0000,  0.0000,  0.0000,  0.0000,  0.0000]])
tensor([[-0.2341,  1.0000,  0.0000,  0.0000,  0.0000,  0.0000]])
tensor([[0.1052, 1.0000, 0.0000, 0.0000, 0.0000, 0.0000]])
tensor([[0.7485, 1.0000, 0.0000, 0.0000, 0.0000, 0.0000]])
tensor([[0.5768, 1.0000, 0.0000, 0.0000, 0.0000, 0.0000]])
tensor([[-0.9312,  1.0000,  0.0000,  0.0000,  0.0000,  0.0000]])
tensor([[0.0089, 1.0000, 0.0000, 0.0000, 0.0000, 0.0000]])
tensor([[-0.0934,  1.0000,  0.0000,  0.0000,  0.0000,  0.0000]])
tensor([[0.7971, 1.0000, 0.0000, 0.0000, 0.0000, 0.0000]])
tensor([[0.1012, 1.0000, 0.0000, 0.0000, 0.0000, 0.0000]])
tensor([[-0.4229,  1.0000,  0.0000,  0.0000,  0.0000,  0.0000]])
tensor([[0.6663, 1.0000, 1.0000, 0.0000, 0.0000, 0.0000]])
tensor([[0.6643, 1.0000, 0.0000, 0.0000, 0.0000, 0.0000]])
tensor([[-0.0651,  1.0000,  0.0000,  0.0000,  0.0000,  0.0000]])
tensor([[0.0983, 1.0000, 0.0000, 0.0000, 0.0000, 0.0000]])
tensor([[-0.0023,  1.0000,  0.0000,  0.0000,  1.0000,  0.0000]])
tensor([[-0.6516,  1.0000,  0.0000,  0.0000,  0.0000,  0.0000]])
tensor([[0.4134, 1.0000, 0.0000, 0.0000, 0.0000, 0.0000]])
tensor([[-0.3291,  0.0000,  0.0000,  0.0000,  0.0000,  0.0000]])
tensor([[0.6966, 1.0000, 0.0000, 0.0000, 0.0000, 0.0000]])
tensor([[-0.1505,  1.0000,  0.0000,  0.0000,  0.0000,  0.0000]])
tensor([[-0.9342,  0.0000,  0.0000,  0.0000,  0.0000,  0.0000]])
tensor([[0.4806, 0.0000, 0.0000, 0.0000, 0.0000, 0.0000]])
tensor([[-0.3409,  1.0000,  0.0000,  0.0000,  0.0000,  0.0000]])
tensor([[-0.2231,  0.0000,  0.0000,  0.0000,  0.0000,  0.0000]])
tensor([[-0.4573,  1.0000,  0.0000,  0.0000,  0.0000,  0.0000]])
tensor([[0.2614, 1.0000, 0.0000, 0.0000, 0.0000, 0.0000]])
tensor([[0.3807, 1.0000, 1.0000, 0.0000, 0.0000, 0.0000]])
tensor([[0.7487, 1.0000, 0.0000, 0.0000, 0.0000, 0.0000]])
tensor([[-0.4908,  1.0000,  0.0000,  0.0000,  0.0000,  0.0000]])
tensor([[-0.1267,  1.0000,  0.0000,  0.0000,  0.0000,  0.0000]])
tensor([[-0.8146,  1.0000,  0.0000,  0.0000,  0.0000,  0.0000]])
tensor([[-0.3323,  1.0000,  0.0000,  0.0000,  0.0000,  0.0000]])
tensor([[-0.4910,  1.0000,  0.0000,  0.0000,  0.0000,  0.0000]])
tensor([[0.5195, 1.0000, 0.0000, 0.0000, 0.0000, 0.0000]])
tensor([[-0.2459,  1.0000,  1.0000,  0.0000,  0.0000,  0.0000]])
tensor([[0.8473, 0.0000, 0.0000, 0.0000, 0.0000, 0.0000]])
tensor([[-0.5881,  0.0000,  1.0000,  0.0000,  0.0000,  0.0000]])
tensor([[-0.4122,  1.0000,  0.0000,  0.0000,  0.0000,  0.0000]])
tensor([[-0.4240,  1.0000,  0.0000,  0.0000,  0.0000,  0.0000]])
tensor([[-0.5627,  1.0000,  0.0000,  0.0000,  0.0000,  0.0000]])
tensor([[-0.9470,  1.0000,  0.0000,  0.0000,  0.0000,  0.0000]])
tensor([[0.1255, 1.0000, 1.0000, 0.0000, 0.0000, 0.0000]])
tensor([[-0.3062,  1.0000,  0.0000,  0.0000,  0.0000,  0.0000]])
tensor([[0.5994, 1.0000, 0.0000, 0.0000, 0.0000, 0.0000]])
tensor([[-0.9403,  1.0000,  0.0000,  0.0000,  0.0000,  0.0000]])
tensor([[-0.1362,  0.0000,  1.0000,  0.0000,  0.0000,  0.0000]])
tensor([[-0.8218,  1.0000,  1.0000,  0.0000,  0.0000,  0.0000]])
tensor([[0.5322, 1.0000, 0.0000, 0.0000, 0.0000, 0.0000]])
tensor([[-0.2601,  0.0000,  0.0000,  0.0000,  0.0000,  0.0000]])
tensor([[-0.5276,  1.0000,  1.0000,  0.0000,  0.0000,  0.0000]])
tensor([[0.4174, 1.0000, 0.0000, 0.0000, 0.0000, 0.0000]])
tensor([[-0.7468,  1.0000,  1.0000,  0.0000,  0.0000,  0.0000]])
tensor([[-0.4157,  1.0000,  0.0000,  0.0000,  0.0000,  0.0000]])
tensor([[-0.5162,  0.0000,  0.0000,  0.0000,  0.0000,  0.0000]])
tensor([[-0.0375,  1.0000,  0.0000,  0.0000,  0.0000,  0.0000]])
tensor([[-0.2481,  1.0000,  0.0000,  0.0000,  0.0000,  0.0000]])
tensor([[0.2417, 1.0000, 0.0000, 0.0000, 0.0000, 0.0000]])
tensor([[0.7832, 1.0000, 0.0000, 0.0000, 0.0000, 0.0000]])
tensor([[0.7383, 1.0000, 0.0000, 0.0000, 0.0000, 0.0000]])
tensor([[0.1844, 0.0000, 0.0000, 0.0000, 0.0000, 0.0000]])
tensor([[-0.1628,  0.0000,  0.0000,  0.0000,  0.0000,  0.0000]])
tensor([[-0.7615,  1.0000,  1.0000,  0.0000,  0.0000,  0.0000]])
tensor([[-0.5399,  1.0000,  0.0000,  0.0000,  0.0000,  0.0000]])
tensor([[-0.8984,  1.0000,  1.0000,  0.0000,  0.0000,  0.0000]])
tensor([[-0.7125,  0.0000,  0.0000,  0.0000,  0.0000,  0.0000]])
tensor([[-0.0255,  1.0000,  1.0000,  0.0000,  0.0000,  0.0000]])
tensor([[0.3310, 1.0000, 0.0000, 0.0000, 0.0000, 0.0000]])
tensor([[-0.7890,  1.0000,  0.0000,  0.0000,  0.0000,  0.0000]])
tensor([[-0.9238,  1.0000,  0.0000,  0.0000,  0.0000,  0.0000]])
tensor([[0.1182, 0.0000, 0.0000, 0.0000, 0.0000, 0.0000]])
tensor([[-0.9175,  1.0000,  0.0000,  0.0000,  0.0000,  0.0000]])
tensor([[-0.2874,  0.0000,  0.0000,  0.0000,  0.0000,  0.0000]])
tensor([[0.5045, 0.0000, 1.0000, 0.0000, 0.0000, 0.0000]])
tensor([[-0.3871,  1.0000,  0.0000,  1.0000,  0.0000,  0.0000]])
tensor([[0.4492, 0.0000, 0.0000, 1.0000, 0.0000, 0.0000]])
tensor([[0.1283, 1.0000, 0.0000, 0.0000, 0.0000, 0.0000]])
tensor([[-0.6398,  1.0000,  1.0000,  1.0000,  0.0000,  0.0000]])
tensor([[0.1775, 0.0000, 0.0000, 0.0000, 0.0000, 0.0000]])
tensor([[0.8801, 1.0000, 0.0000, 0.0000, 0.0000, 0.0000]])
tensor([[-0.3704,  1.0000,  0.0000,  0.0000,  0.0000,  0.0000]])
tensor([[-0.5282,  1.0000,  0.0000,  0.0000,  0.0000,  0.0000]])
tensor([[0.5265, 1.0000, 0.0000, 0.0000, 0.0000, 0.0000]])
tensor([[-0.1946,  1.0000,  0.0000,  0.0000,  0.0000,  0.0000]])
tensor([[-0.0918,  1.0000,  0.0000,  0.0000,  0.0000,  0.0000]])
tensor([[0.3809, 0.0000, 0.0000, 0.0000, 0.0000, 0.0000]])
tensor([[0.8183, 1.0000, 0.0000, 0.0000, 0.0000, 0.0000]])
tensor([[-0.7218,  1.0000,  0.0000,  0.0000,  0.0000,  0.0000]])
tensor([[-0.7384,  1.0000,  0.0000,  0.0000,  0.0000,  0.0000]])
tensor([[-0.1217,  1.0000,  0.0000,  0.0000,  0.0000,  0.0000]])
tensor([[-0.4744,  0.0000,  0.0000,  0.0000,  0.0000,  0.0000]])
tensor([[0.3148, 1.0000, 0.0000, 0.0000, 0.0000, 0.0000]])
tensor([[-0.8314,  1.0000,  0.0000,  0.0000,  0.0000,  0.0000]])
tensor([[-0.3331,  1.0000,  0.0000,  0.0000,  0.0000,  0.0000]])
tensor([[0.4357, 1.0000, 0.0000, 0.0000, 0.0000, 0.0000]])
tensor([[0.7871, 1.0000, 0.0000, 0.0000, 0.0000, 0.0000]])
tensor([[0.1471, 1.0000, 0.0000, 0.0000, 0.0000, 0.0000]])
tensor([[-0.7111,  1.0000,  1.0000,  0.0000,  0.0000,  0.0000]])
tensor([[0.6317, 1.0000, 0.0000, 0.0000, 0.0000, 0.0000]])
tensor([[-0.5536,  1.0000,  1.0000,  0.0000,  0.0000,  0.0000]])
tensor([[0.5086, 1.0000, 0.0000, 0.0000, 0.0000, 0.0000]])
tensor([[-0.5303,  1.0000,  1.0000,  1.0000,  0.0000,  0.0000]])
tensor([[-0.6630,  1.0000,  0.0000,  0.0000,  0.0000,  0.0000]])
tensor([[-0.7482,  1.0000,  0.0000,  0.0000,  0.0000,  0.0000]])
tensor([[-0.5319,  1.0000,  1.0000,  0.0000,  0.0000,  0.0000]])
tensor([[-0.4116,  1.0000,  0.0000,  0.0000,  0.0000,  0.0000]])
tensor([[-0.4216,  1.0000,  0.0000,  0.0000,  0.0000,  0.0000]])
tensor([[0.2608, 1.0000, 0.0000, 0.0000, 0.0000, 0.0000]])
tensor([[0.8841, 1.0000, 0.0000, 0.0000, 0.0000, 0.0000]])
tensor([[0.4301, 1.0000, 0.0000, 0.0000, 0.0000, 0.0000]])
tensor([[-0.5634,  1.0000,  0.0000,  0.0000,  0.0000,  0.0000]])
tensor([[-0.4918,  1.0000,  0.0000,  0.0000,  0.0000,  0.0000]])
tensor([[-0.2517,  1.0000,  1.0000,  0.0000,  0.0000,  0.0000]])
tensor([[0.0793, 1.0000, 0.0000, 0.0000, 0.0000, 0.0000]])
tensor([[-0.1537,  1.0000,  1.0000,  0.0000,  0.0000,  0.0000]])
tensor([[-0.0330,  1.0000,  0.0000,  0.0000,  0.0000,  0.0000]])
tensor([[0.1039, 1.0000, 0.0000, 0.0000, 0.0000, 0.0000]])
tensor([[-0.6392,  1.0000,  0.0000,  0.0000,  0.0000,  0.0000]])
tensor([[0.0453, 0.0000, 0.0000, 0.0000, 0.0000, 0.0000]])
tensor([[-0.6120,  1.0000,  0.0000,  0.0000,  0.0000,  0.0000]])
tensor([[0.4711, 1.0000, 0.0000, 0.0000, 0.0000, 0.0000]])
tensor([[0.3448, 1.0000, 0.0000, 0.0000, 0.0000, 0.0000]])
tensor([[0.4351, 1.0000, 0.0000, 0.0000, 0.0000, 0.0000]])
tensor([[0.6540, 1.0000, 0.0000, 0.0000, 0.0000, 0.0000]])
tensor([[-0.9216,  1.0000,  1.0000,  0.0000,  0.0000,  0.0000]])
tensor([[0.2994, 1.0000, 0.0000, 0.0000, 0.0000, 0.0000]])
tensor([[-0.9132,  1.0000,  0.0000,  0.0000,  0.0000,  0.0000]])
tensor([[0.2469, 1.0000, 0.0000, 0.0000, 0.0000, 0.0000]])
tensor([[-0.7708,  1.0000,  0.0000,  1.0000,  0.0000,  0.0000]])
tensor([[0.0618, 1.0000, 0.0000, 0.0000, 0.0000, 0.0000]])
tensor([[-0.0908,  1.0000,  1.0000,  0.0000,  0.0000,  0.0000]])
tensor([[-0.9316,  1.0000,  1.0000,  0.0000,  0.0000,  0.0000]])
tensor([[-0.5155,  1.0000,  0.0000,  0.0000,  0.0000,  0.0000]])
tensor([[0.2054, 1.0000, 0.0000, 0.0000, 0.0000, 0.0000]])
tensor([[-0.7688,  1.0000,  0.0000,  0.0000,  0.0000,  0.0000]])
tensor([[0.8217, 1.0000, 1.0000, 0.0000, 0.0000, 0.0000]])
tensor([[-0.6020,  1.0000,  0.0000,  0.0000,  0.0000,  0.0000]])
tensor([[-0.5712,  1.0000,  0.0000,  0.0000,  0.0000,  0.0000]])
tensor([[-0.3037,  1.0000,  0.0000,  0.0000,  0.0000,  0.0000]])
tensor([[-0.1987,  1.0000,  0.0000,  0.0000,  0.0000,  0.0000]])
tensor([[0.4494, 1.0000, 0.0000, 0.0000, 0.0000, 0.0000]])
tensor([[-0.4370,  1.0000,  0.0000,  0.0000,  0.0000,  0.0000]])
tensor([[-0.4585,  1.0000,  0.0000,  0.0000,  0.0000,  0.0000]])
tensor([[0.3793, 0.0000, 0.0000, 0.0000, 0.0000, 0.0000]])
tensor([[-0.8788,  1.0000,  0.0000,  0.0000,  0.0000,  0.0000]])
tensor([[0.5411, 1.0000, 0.0000, 0.0000, 0.0000, 0.0000]])
tensor([[-0.0476,  1.0000,  0.0000,  0.0000,  0.0000,  0.0000]])
tensor([[-0.0871,  1.0000,  1.0000,  0.0000,  0.0000,  0.0000]])
tensor([[-0.7251,  1.0000,  0.0000,  0.0000,  0.0000,  0.0000]])
tensor([[-0.9469,  1.0000,  0.0000,  0.0000,  0.0000,  0.0000]])
tensor([[-0.7992,  1.0000,  0.0000,  0.0000,  0.0000,  0.0000]])
tensor([[-0.0492,  1.0000,  0.0000,  1.0000,  0.0000,  0.0000]])
tensor([[0.5744, 1.0000, 0.0000, 0.0000, 0.0000, 0.0000]])
tensor([[0.2022, 0.0000, 0.0000, 0.0000, 0.0000, 0.0000]])
tensor([[-0.6429,  1.0000,  0.0000,  0.0000,  0.0000,  0.0000]])
tensor([[0.8833, 1.0000, 1.0000, 0.0000, 0.0000, 0.0000]])
tensor([[-0.0457,  1.0000,  1.0000,  0.0000,  0.0000,  0.0000]])
tensor([[0.8707, 0.0000, 0.0000, 0.0000, 0.0000, 0.0000]])
tensor([[-0.9623,  1.0000,  0.0000,  0.0000,  0.0000,  0.0000]])
tensor([[-0.8914,  1.0000,  0.0000,  0.0000,  0.0000,  0.0000]])
tensor([[0.6816, 0.0000, 0.0000, 0.0000, 0.0000, 0.0000]])
tensor([[-0.4769,  0.0000,  0.0000,  0.0000,  0.0000,  0.0000]])
tensor([[0.3599, 1.0000, 0.0000, 0.0000, 0.0000, 0.0000]])
tensor([[-0.8473,  1.0000,  0.0000,  0.0000,  0.0000,  0.0000]])
tensor([[-0.5038,  1.0000,  0.0000,  0.0000,  0.0000,  0.0000]])
tensor([[0.5601, 1.0000, 0.0000, 0.0000, 0.0000, 0.0000]])
tensor([[-0.3294,  1.0000,  0.0000,  0.0000,  0.0000,  0.0000]])
tensor([[-0.9153,  0.0000,  0.0000,  0.0000,  0.0000,  0.0000]])
tensor([[-0.4964,  1.0000,  0.0000,  0.0000,  0.0000,  0.0000]])
tensor([[-0.3241,  1.0000,  0.0000,  0.0000,  0.0000,  0.0000]])
tensor([[0.5843, 1.0000, 0.0000, 0.0000, 0.0000, 0.0000]])
tensor([[0.3243, 1.0000, 0.0000, 0.0000, 0.0000, 0.0000]])
tensor([[-0.0831,  1.0000,  0.0000,  0.0000,  0.0000,  0.0000]])
tensor([[-0.5297,  1.0000,  0.0000,  1.0000,  0.0000,  0.0000]])
tensor([[0.7001, 1.0000, 0.0000, 0.0000, 0.0000, 0.0000]])
tensor([[0.8643, 1.0000, 0.0000, 0.0000, 0.0000, 0.0000]])
tensor([[-0.6407,  1.0000,  0.0000,  0.0000,  0.0000,  0.0000]])
tensor([[0.1122, 1.0000, 1.0000, 0.0000, 0.0000, 0.0000]])
tensor([[-0.4854,  1.0000,  0.0000,  0.0000,  0.0000,  0.0000]])
tensor([[0.3980, 1.0000, 0.0000, 0.0000, 0.0000, 0.0000]])
tensor([[0.8044, 1.0000, 0.0000, 0.0000, 0.0000, 0.0000]])
tensor([[-0.9266,  1.0000,  0.0000,  0.0000,  0.0000,  0.0000]])
tensor([[-0.4785,  1.0000,  0.0000,  0.0000,  0.0000,  0.0000]])
tensor([[-0.9617,  0.0000,  0.0000,  0.0000,  0.0000,  0.0000]])
tensor([[-0.2928,  1.0000,  0.0000,  0.0000,  0.0000,  0.0000]])
tensor([[-0.5910,  1.0000,  0.0000,  0.0000,  0.0000,  0.0000]])
tensor([[0.0811, 0.0000, 0.0000, 0.0000, 0.0000, 0.0000]])
tensor([[-0.5700,  1.0000,  0.0000,  0.0000,  0.0000,  0.0000]])
tensor([[-0.3401,  1.0000,  0.0000,  0.0000,  0.0000,  0.0000]])
tensor([[-0.9379,  1.0000,  0.0000,  0.0000,  0.0000,  0.0000]])
tensor([[-0.2319,  1.0000,  0.0000,  0.0000,  0.0000,  0.0000]])
tensor([[-0.6857,  1.0000,  0.0000,  0.0000,  0.0000,  0.0000]])
tensor([[0.6648, 1.0000, 0.0000, 0.0000, 0.0000, 0.0000]])
tensor([[0.3783, 1.0000, 0.0000, 0.0000, 0.0000, 0.0000]])
tensor([[-0.2052,  1.0000,  0.0000,  0.0000,  0.0000,  0.0000]])
tensor([[0.0226, 1.0000, 0.0000, 0.0000, 0.0000, 0.0000]])
tensor([[-0.9578,  1.0000,  0.0000,  0.0000,  0.0000,  0.0000]])
tensor([[-0.9234,  0.0000,  0.0000,  1.0000,  0.0000,  0.0000]])
tensor([[-0.3769,  1.0000,  0.0000,  0.0000,  0.0000,  0.0000]])
tensor([[0.3107, 1.0000, 1.0000, 0.0000, 0.0000, 0.0000]])
tensor([[-0.0208,  1.0000,  0.0000,  0.0000,  0.0000,  0.0000]])
tensor([[0.6746, 1.0000, 0.0000, 0.0000, 0.0000, 0.0000]])
tensor([[0.7429, 1.0000, 0.0000, 0.0000, 0.0000, 0.0000]])
tensor([[0.0603, 1.0000, 0.0000, 0.0000, 0.0000, 0.0000]])
tensor([[-0.0869,  1.0000,  0.0000,  0.0000,  0.0000,  0.0000]])
tensor([[0.9168, 1.0000, 0.0000, 0.0000, 0.0000, 0.0000]])
tensor([[0.1994, 1.0000, 0.0000, 0.0000, 0.0000, 0.0000]])
tensor([[0.5186, 1.0000, 0.0000, 0.0000, 0.0000, 0.0000]])
tensor([[-0.0817,  0.0000,  0.0000,  0.0000,  0.0000,  0.0000]])
tensor([[-0.9006,  1.0000,  1.0000,  0.0000,  0.0000,  0.0000]])
tensor([[-0.8828,  1.0000,  0.0000,  0.0000,  0.0000,  0.0000]])
tensor([[0.0032, 1.0000, 1.0000, 0.0000, 0.0000, 0.0000]])
tensor([[0.6814, 1.0000, 0.0000, 0.0000, 0.0000, 0.0000]])
tensor([[-0.9677,  1.0000,  0.0000,  0.0000,  0.0000,  0.0000]])
tensor([[-0.9464,  1.0000,  0.0000,  0.0000,  0.0000,  0.0000]])
tensor([[-0.8873,  1.0000,  0.0000,  0.0000,  0.0000,  0.0000]])
tensor([[-0.8462,  1.0000,  0.0000,  0.0000,  0.0000,  0.0000]])
tensor([[0.8841, 1.0000, 0.0000, 0.0000, 0.0000, 0.0000]])
tensor([[3.0851e-04, 1.0000e+00, 0.0000e+00, 0.0000e+00, 0.0000e+00, 0.0000e+00]])
tensor([[-0.9602,  1.0000,  0.0000,  0.0000,  0.0000,  0.0000]])
tensor([[0.8368, 1.0000, 0.0000, 0.0000, 0.0000, 0.0000]])
tensor([[-0.7263,  1.0000,  0.0000,  0.0000,  0.0000,  0.0000]])
tensor([[-0.8813,  1.0000,  0.0000,  0.0000,  0.0000,  0.0000]])
tensor([[-0.5399,  1.0000,  0.0000,  0.0000,  0.0000,  0.0000]])
tensor([[-0.8951,  0.0000,  0.0000,  0.0000,  0.0000,  0.0000]])
tensor([[-0.9094,  1.0000,  0.0000,  0.0000,  0.0000,  0.0000]])
tensor([[-0.3778,  0.0000,  0.0000,  0.0000,  0.0000,  0.0000]])
tensor([[0.0692, 1.0000, 0.0000, 0.0000, 0.0000, 0.0000]])
tensor([[0.4987, 1.0000, 0.0000, 0.0000, 0.0000, 0.0000]])
tensor([[-0.6823,  1.0000,  0.0000,  0.0000,  0.0000,  0.0000]])
tensor([[-0.8887,  0.0000,  0.0000,  0.0000,  0.0000,  0.0000]])
tensor([[0.0553, 1.0000, 0.0000, 0.0000, 0.0000, 0.0000]])
tensor([[0.2184, 1.0000, 1.0000, 0.0000, 0.0000, 0.0000]])
tensor([[0.2214, 1.0000, 0.0000, 0.0000, 0.0000, 0.0000]])
tensor([[0.9075, 1.0000, 0.0000, 0.0000, 0.0000, 0.0000]])
tensor([[-0.7009,  1.0000,  0.0000,  0.0000,  0.0000,  0.0000]])
tensor([[-0.0700,  1.0000,  0.0000,  0.0000,  0.0000,  0.0000]])
tensor([[-0.5905,  1.0000,  0.0000,  0.0000,  0.0000,  0.0000]])
tensor([[-0.2516,  1.0000,  0.0000,  0.0000,  0.0000,  0.0000]])
tensor([[-0.5676,  1.0000,  0.0000,  0.0000,  0.0000,  0.0000]])
tensor([[0.8273, 1.0000, 0.0000, 0.0000, 0.0000, 0.0000]])
tensor([[-0.9592,  1.0000,  1.0000,  0.0000,  0.0000,  0.0000]])
tensor([[-0.7496,  1.0000,  1.0000,  0.0000,  1.0000,  0.0000]])
tensor([[-0.1438,  1.0000,  0.0000,  0.0000,  0.0000,  0.0000]])
tensor([[-0.8392,  1.0000,  0.0000,  0.0000,  0.0000,  0.0000]])
tensor([[-0.9976,  1.0000,  0.0000,  0.0000,  0.0000,  0.0000]])
tensor([[-0.0859,  1.0000,  0.0000,  0.0000,  0.0000,  0.0000]])
tensor([[-0.2884,  1.0000,  0.0000,  0.0000,  0.0000,  0.0000]])
tensor([[0.5059, 1.0000, 0.0000, 0.0000, 0.0000, 0.0000]])
tensor([[0.1758, 1.0000, 0.0000, 0.0000, 0.0000, 0.0000]])
tensor([[0.2655, 1.0000, 0.0000, 0.0000, 0.0000, 0.0000]])
tensor([[-0.8331,  1.0000,  0.0000,  0.0000,  0.0000,  0.0000]])
tensor([[-0.0576,  1.0000,  1.0000,  0.0000,  0.0000,  0.0000]])
tensor([[-0.3064,  1.0000,  1.0000,  0.0000,  0.0000,  0.0000]])
tensor([[-0.5136,  1.0000,  0.0000,  0.0000,  0.0000,  0.0000]])
tensor([[-0.9593,  1.0000,  0.0000,  0.0000,  0.0000,  0.0000]])
tensor([[-0.8681,  1.0000,  0.0000,  0.0000,  0.0000,  0.0000]])
tensor([[-0.4337,  1.0000,  0.0000,  0.0000,  0.0000,  0.0000]])
tensor([[-0.6072,  1.0000,  1.0000,  0.0000,  0.0000,  0.0000]])
tensor([[0.7319, 1.0000, 0.0000, 0.0000, 0.0000, 0.0000]])
tensor([[0.3646, 1.0000, 0.0000, 0.0000, 0.0000, 0.0000]])
tensor([[-0.6471,  1.0000,  0.0000,  0.0000,  0.0000,  0.0000]])
tensor([[-0.4775,  1.0000,  0.0000,  0.0000,  0.0000,  0.0000]])
tensor([[-0.7523,  1.0000,  0.0000,  0.0000,  0.0000,  0.0000]])
tensor([[0.9274, 0.0000, 0.0000, 0.0000, 0.0000, 0.0000]])
tensor([[0.6758, 1.0000, 1.0000, 0.0000, 0.0000, 0.0000]])
tensor([[-0.0172,  1.0000,  0.0000,  0.0000,  0.0000,  0.0000]])
tensor([[-0.7201,  0.0000,  0.0000,  0.0000,  0.0000,  0.0000]])
tensor([[-0.5087,  1.0000,  0.0000,  1.0000,  0.0000,  0.0000]])
tensor([[-0.1766,  1.0000,  0.0000,  0.0000,  0.0000,  0.0000]])
tensor([[-0.7106,  0.0000,  0.0000,  0.0000,  0.0000,  0.0000]])
tensor([[0.8614, 1.0000, 0.0000, 0.0000, 0.0000, 0.0000]])
tensor([[0.2405, 1.0000, 1.0000, 0.0000, 0.0000, 0.0000]])
tensor([[-0.6093,  1.0000,  0.0000,  0.0000,  0.0000,  0.0000]])
tensor([[-0.1796,  1.0000,  0.0000,  0.0000,  0.0000,  0.0000]])
tensor([[0.0279, 1.0000, 0.0000, 0.0000, 0.0000, 0.0000]])
tensor([[-0.9118,  0.0000,  0.0000,  0.0000,  0.0000,  0.0000]])
tensor([[0.9643, 1.0000, 0.0000, 0.0000, 0.0000, 0.0000]])
tensor([[-0.8230,  0.0000,  0.0000,  0.0000,  0.0000,  0.0000]])
tensor([[-0.9470,  0.0000,  0.0000,  0.0000,  0.0000,  0.0000]])
tensor([[-0.5753,  1.0000,  0.0000,  0.0000,  0.0000,  0.0000]])
tensor([[0.7088, 1.0000, 0.0000, 0.0000, 0.0000, 0.0000]])
tensor([[-0.2164,  1.0000,  0.0000,  0.0000,  0.0000,  0.0000]])
tensor([[0.1322, 1.0000, 1.0000, 0.0000, 0.0000, 0.0000]])
tensor([[0.0021, 1.0000, 0.0000, 0.0000, 0.0000, 0.0000]])
tensor([[0.0789, 1.0000, 0.0000, 0.0000, 0.0000, 0.0000]])
tensor([[-0.8779,  0.0000,  0.0000,  0.0000,  0.0000,  0.0000]])
tensor([[-0.6373,  1.0000,  1.0000,  0.0000,  0.0000,  0.0000]])
tensor([[0.3043, 1.0000, 0.0000, 0.0000, 0.0000, 0.0000]])
tensor([[-0.4350,  1.0000,  0.0000,  0.0000,  0.0000,  0.0000]])
tensor([[-0.9768,  1.0000,  0.0000,  0.0000,  0.0000,  0.0000]])
tensor([[0.1931, 1.0000, 0.0000, 0.0000, 0.0000, 0.0000]])
tensor([[-0.1084,  1.0000,  0.0000,  0.0000,  0.0000,  0.0000]])
tensor([[-0.6655,  1.0000,  0.0000,  0.0000,  0.0000,  0.0000]])
tensor([[0.2684, 1.0000, 0.0000, 0.0000, 0.0000, 0.0000]])
tensor([[0.6074, 1.0000, 0.0000, 0.0000, 0.0000, 0.0000]])
tensor([[-0.6158,  1.0000,  0.0000,  0.0000,  0.0000,  0.0000]])
tensor([[0.5034, 1.0000, 0.0000, 0.0000, 0.0000, 0.0000]])
tensor([[0.9568, 1.0000, 0.0000, 0.0000, 0.0000, 0.0000]])
tensor([[0.5758, 1.0000, 0.0000, 0.0000, 0.0000, 0.0000]])
tensor([[-0.2649,  1.0000,  1.0000,  0.0000,  0.0000,  0.0000]])
tensor([[0.8973, 1.0000, 0.0000, 0.0000, 0.0000, 0.0000]])
tensor([[0.6424, 1.0000, 0.0000, 0.0000, 0.0000, 0.0000]])
tensor([[0.9512, 1.0000, 0.0000, 0.0000, 0.0000, 0.0000]])
tensor([[0.1183, 1.0000, 1.0000, 0.0000, 0.0000, 0.0000]])
tensor([[-0.6554,  1.0000,  0.0000,  0.0000,  0.0000,  0.0000]])
tensor([[-0.8082,  0.0000,  0.0000,  0.0000,  0.0000,  0.0000]])
tensor([[0.2021, 1.0000, 0.0000, 0.0000, 0.0000, 0.0000]])
tensor([[0.5880, 1.0000, 0.0000, 0.0000, 0.0000, 0.0000]])
tensor([[0.0852, 1.0000, 1.0000, 0.0000, 0.0000, 0.0000]])
tensor([[-0.6531,  1.0000,  0.0000,  0.0000,  0.0000,  0.0000]])
tensor([[-0.0958,  0.0000,  0.0000,  0.0000,  0.0000,  0.0000]])
tensor([[-0.4229,  1.0000,  0.0000,  0.0000,  0.0000,  0.0000]])
tensor([[0.4907, 1.0000, 0.0000, 0.0000, 0.0000, 0.0000]])
tensor([[0.6568, 1.0000, 0.0000, 0.0000, 0.0000, 0.0000]])
tensor([[-0.4985,  1.0000,  0.0000,  0.0000,  0.0000,  0.0000]])
tensor([[-0.5485,  1.0000,  0.0000,  0.0000,  0.0000,  0.0000]])
tensor([[0.5989, 1.0000, 0.0000, 0.0000, 0.0000, 0.0000]])
tensor([[-0.8176,  1.0000,  0.0000,  0.0000,  0.0000,  0.0000]])
tensor([[0.0683, 1.0000, 0.0000, 0.0000, 0.0000, 0.0000]])
tensor([[-0.4504,  1.0000,  0.0000,  0.0000,  0.0000,  0.0000]])
tensor([[0.1683, 0.0000, 0.0000, 0.0000, 0.0000, 0.0000]])
tensor([[-0.1190,  1.0000,  0.0000,  0.0000,  0.0000,  0.0000]])
tensor([[-0.0570,  1.0000,  1.0000,  0.0000,  0.0000,  0.0000]])
tensor([[-0.6716,  1.0000,  0.0000,  0.0000,  0.0000,  0.0000]])
tensor([[-0.9471,  1.0000,  0.0000,  0.0000,  0.0000,  0.0000]])
tensor([[0.2038, 1.0000, 0.0000, 0.0000, 0.0000, 0.0000]])
tensor([[-0.0067,  1.0000,  1.0000,  0.0000,  0.0000,  0.0000]])
tensor([[-0.7164,  1.0000,  0.0000,  0.0000,  0.0000,  0.0000]])
tensor([[-0.2805,  0.0000,  0.0000,  0.0000,  0.0000,  0.0000]])
tensor([[-0.7755,  0.0000,  0.0000,  0.0000,  0.0000,  0.0000]])
tensor([[-0.7329,  0.0000,  0.0000,  0.0000,  0.0000,  0.0000]])
tensor([[-0.2613,  1.0000,  0.0000,  0.0000,  0.0000,  0.0000]])
tensor([[-0.2381,  1.0000,  0.0000,  0.0000,  0.0000,  0.0000]])
tensor([[0.1642, 1.0000, 0.0000, 0.0000, 0.0000, 0.0000]])
tensor([[-0.0571,  0.0000,  0.0000,  0.0000,  0.0000,  0.0000]])
tensor([[0.9026, 1.0000, 0.0000, 0.0000, 0.0000, 0.0000]])
tensor([[0.7989, 1.0000, 0.0000, 0.0000, 0.0000, 0.0000]])
tensor([[0.6606, 0.0000, 0.0000, 0.0000, 0.0000, 0.0000]])
tensor([[-0.5404,  1.0000,  0.0000,  0.0000,  0.0000,  0.0000]])
tensor([[-0.4549,  1.0000,  1.0000,  0.0000,  0.0000,  0.0000]])
tensor([[-0.5407,  1.0000,  0.0000,  0.0000,  0.0000,  0.0000]])
tensor([[0.0476, 0.0000, 0.0000, 0.0000, 0.0000, 0.0000]])
tensor([[-0.9508,  1.0000,  1.0000,  1.0000,  0.0000,  0.0000]])
tensor([[0.0355, 1.0000, 1.0000, 0.0000, 0.0000, 0.0000]])
tensor([[-0.1476,  1.0000,  0.0000,  0.0000,  0.0000,  0.0000]])
tensor([[0.9777, 1.0000, 0.0000, 0.0000, 0.0000, 0.0000]])
tensor([[-0.5603,  1.0000,  0.0000,  1.0000,  0.0000,  0.0000]])
tensor([[0.6753, 1.0000, 0.0000, 0.0000, 0.0000, 0.0000]])
tensor([[-0.4176,  1.0000,  0.0000,  0.0000,  0.0000,  0.0000]])
tensor([[-0.5366,  1.0000,  0.0000,  0.0000,  0.0000,  0.0000]])
tensor([[-0.8737,  0.0000,  0.0000,  0.0000,  0.0000,  0.0000]])
tensor([[-0.7252,  1.0000,  0.0000,  0.0000,  0.0000,  0.0000]])
tensor([[-0.1398,  1.0000,  0.0000,  0.0000,  0.0000,  0.0000]])
tensor([[-0.5155,  1.0000,  0.0000,  0.0000,  0.0000,  0.0000]])
tensor([[-0.4110,  0.0000,  0.0000,  0.0000,  0.0000,  0.0000]])
tensor([[-0.1921,  1.0000,  0.0000,  0.0000,  0.0000,  0.0000]])
tensor([[0.1527, 1.0000, 0.0000, 0.0000, 0.0000, 0.0000]])
tensor([[0.8168, 1.0000, 0.0000, 0.0000, 0.0000, 0.0000]])
tensor([[-0.3948,  1.0000,  1.0000,  0.0000,  0.0000,  0.0000]])
tensor([[0.4758, 1.0000, 0.0000, 0.0000, 0.0000, 0.0000]])
tensor([[0.0773, 0.0000, 0.0000, 0.0000, 0.0000, 0.0000]])
tensor([[-0.1729,  0.0000,  1.0000,  0.0000,  0.0000,  0.0000]])
tensor([[0.5342, 1.0000, 0.0000, 0.0000, 0.0000, 0.0000]])
tensor([[0.1146, 1.0000, 1.0000, 0.0000, 0.0000, 0.0000]])
tensor([[-0.7144,  1.0000,  0.0000,  0.0000,  0.0000,  0.0000]])
tensor([[0.5474, 0.0000, 0.0000, 0.0000, 0.0000, 0.0000]])
tensor([[-0.7725,  1.0000,  0.0000,  0.0000,  0.0000,  0.0000]])
tensor([[-0.8454,  1.0000,  0.0000,  0.0000,  0.0000,  0.0000]])
tensor([[0.3384, 1.0000, 0.0000, 0.0000, 0.0000, 0.0000]])
tensor([[-0.9008,  1.0000,  0.0000,  0.0000,  0.0000,  0.0000]])
tensor([[-0.9109,  1.0000,  0.0000,  0.0000,  0.0000,  0.0000]])
tensor([[-0.5603,  0.0000,  0.0000,  0.0000,  0.0000,  0.0000]])
tensor([[-0.9148,  1.0000,  0.0000,  0.0000,  0.0000,  0.0000]])
tensor([[0.2833, 1.0000, 0.0000, 0.0000, 0.0000, 0.0000]])
tensor([[-0.8348,  1.0000,  0.0000,  0.0000,  0.0000,  0.0000]])
tensor([[-0.6863,  1.0000,  1.0000,  0.0000,  0.0000,  0.0000]])
tensor([[0.4395, 1.0000, 0.0000, 0.0000, 0.0000, 0.0000]])
tensor([[-0.3920,  1.0000,  0.0000,  0.0000,  0.0000,  0.0000]])
tensor([[-0.3555,  1.0000,  0.0000,  0.0000,  0.0000,  0.0000]])
tensor([[0.1322, 1.0000, 0.0000, 0.0000, 0.0000, 0.0000]])
tensor([[0.0225, 1.0000, 0.0000, 0.0000, 0.0000, 0.0000]])
tensor([[-0.3334,  1.0000,  0.0000,  0.0000,  0.0000,  0.0000]])
tensor([[-0.4928,  1.0000,  0.0000,  0.0000,  0.0000,  0.0000]])
tensor([[-0.6963,  1.0000,  0.0000,  0.0000,  0.0000,  0.0000]])
tensor([[-0.0217,  1.0000,  0.0000,  0.0000,  0.0000,  0.0000]])
tensor([[-0.9494,  0.0000,  0.0000,  0.0000,  0.0000,  0.0000]])
tensor([[-0.0642,  1.0000,  1.0000,  0.0000,  0.0000,  0.0000]])
tensor([[-0.7295,  1.0000,  0.0000,  0.0000,  0.0000,  0.0000]])
tensor([[0.0045, 1.0000, 0.0000, 0.0000, 0.0000, 0.0000]])
tensor([[0.9504, 1.0000, 0.0000, 0.0000, 0.0000, 0.0000]])
tensor([[0.7777, 1.0000, 0.0000, 0.0000, 0.0000, 0.0000]])
tensor([[-0.0860,  1.0000,  0.0000,  0.0000,  0.0000,  0.0000]])
tensor([[-0.5334,  1.0000,  1.0000,  0.0000,  0.0000,  0.0000]])
tensor([[-0.2341,  0.0000,  0.0000,  0.0000,  0.0000,  0.0000]])
tensor([[-0.4437,  1.0000,  1.0000,  0.0000,  0.0000,  0.0000]])
tensor([[0.5624, 1.0000, 0.0000, 0.0000, 0.0000, 0.0000]])
tensor([[-0.2773,  1.0000,  0.0000,  0.0000,  0.0000,  0.0000]])
tensor([[-0.8887,  1.0000,  1.0000,  0.0000,  0.0000,  0.0000]])
tensor([[0.8564, 1.0000, 0.0000, 1.0000, 0.0000, 0.0000]])
tensor([[-0.1416,  1.0000,  0.0000,  0.0000,  0.0000,  0.0000]])
tensor([[0.4212, 1.0000, 0.0000, 0.0000, 0.0000, 0.0000]])
tensor([[-0.3644,  1.0000,  1.0000,  0.0000,  0.0000,  0.0000]])
tensor([[0.5965, 1.0000, 1.0000, 0.0000, 0.0000, 0.0000]])
tensor([[-0.8391,  1.0000,  0.0000,  0.0000,  0.0000,  0.0000]])
tensor([[0.0829, 1.0000, 0.0000, 0.0000, 0.0000, 0.0000]])
tensor([[-0.9116,  1.0000,  0.0000,  0.0000,  0.0000,  0.0000]])
tensor([[-0.7402,  0.0000,  1.0000,  0.0000,  0.0000,  0.0000]])
tensor([[-0.6761,  1.0000,  0.0000,  0.0000,  0.0000,  0.0000]])
tensor([[0.2574, 1.0000, 1.0000, 0.0000, 0.0000, 0.0000]])
tensor([[0.9756, 1.0000, 0.0000, 0.0000, 0.0000, 0.0000]])
tensor([[0.5051, 1.0000, 0.0000, 0.0000, 0.0000, 0.0000]])
tensor([[-0.8692,  1.0000,  0.0000,  0.0000,  0.0000,  0.0000]])
tensor([[0.3845, 1.0000, 1.0000, 0.0000, 0.0000, 0.0000]])
tensor([[0.8852, 0.0000, 0.0000, 0.0000, 0.0000, 0.0000]])
tensor([[-0.3886,  0.0000,  0.0000,  1.0000,  0.0000,  0.0000]])
tensor([[-0.5463,  1.0000,  1.0000,  0.0000,  0.0000,  0.0000]])
tensor([[-0.3178,  0.0000,  0.0000,  0.0000,  0.0000,  0.0000]])
tensor([[0.2947, 1.0000, 0.0000, 0.0000, 0.0000, 0.0000]])
tensor([[-0.1933,  1.0000,  0.0000,  0.0000,  0.0000,  0.0000]])
tensor([[-0.2777,  1.0000,  1.0000,  0.0000,  0.0000,  0.0000]])
tensor([[-0.8719,  1.0000,  0.0000,  0.0000,  0.0000,  0.0000]])
tensor([[-0.3240,  1.0000,  0.0000,  0.0000,  0.0000,  0.0000]])
tensor([[-0.2997,  0.0000,  0.0000,  0.0000,  0.0000,  0.0000]])
tensor([[0.8823, 1.0000, 0.0000, 0.0000, 0.0000, 0.0000]])
tensor([[-0.8047,  1.0000,  0.0000,  0.0000,  0.0000,  0.0000]])
tensor([[-0.7025,  1.0000,  0.0000,  0.0000,  0.0000,  0.0000]])
tensor([[0.7366, 1.0000, 0.0000, 0.0000, 0.0000, 0.0000]])
tensor([[0.9817, 1.0000, 0.0000, 0.0000, 0.0000, 0.0000]])
tensor([[-0.4794,  1.0000,  1.0000,  0.0000,  0.0000,  0.0000]])
tensor([[0.0194, 1.0000, 0.0000, 0.0000, 0.0000, 0.0000]])
tensor([[0.4035, 1.0000, 0.0000, 0.0000, 0.0000, 0.0000]])
tensor([[-0.0018,  1.0000,  1.0000,  0.0000,  0.0000,  0.0000]])
tensor([[-0.2740,  1.0000,  0.0000,  0.0000,  0.0000,  0.0000]])
tensor([[0.6599, 1.0000, 0.0000, 0.0000, 0.0000, 0.0000]])
tensor([[0.0746, 1.0000, 0.0000, 0.0000, 0.0000, 0.0000]])
tensor([[0.7856, 1.0000, 0.0000, 0.0000, 0.0000, 0.0000]])
tensor([[0.3580, 0.0000, 0.0000, 0.0000, 0.0000, 0.0000]])
tensor([[-0.0951,  1.0000,  0.0000,  0.0000,  0.0000,  0.0000]])
tensor([[-0.0759,  1.0000,  0.0000,  0.0000,  0.0000,  0.0000]])
tensor([[-0.6879,  1.0000,  1.0000,  0.0000,  0.0000,  0.0000]])
tensor([[-0.5321,  1.0000,  1.0000,  0.0000,  0.0000,  0.0000]])
tensor([[-0.9924,  0.0000,  0.0000,  0.0000,  0.0000,  0.0000]])
tensor([[-0.6857,  1.0000,  0.0000,  1.0000,  0.0000,  0.0000]])
tensor([[0.3636, 1.0000, 0.0000, 0.0000, 0.0000, 0.0000]])
tensor([[-0.5200,  1.0000,  0.0000,  0.0000,  0.0000,  0.0000]])
tensor([[0.2841, 1.0000, 0.0000, 0.0000, 0.0000, 0.0000]])
tensor([[0.1078, 1.0000, 0.0000, 0.0000, 0.0000, 0.0000]])
tensor([[-0.2929,  1.0000,  0.0000,  0.0000,  0.0000,  0.0000]])
tensor([[-0.4302,  1.0000,  1.0000,  0.0000,  0.0000,  0.0000]])
tensor([[-0.1880,  0.0000,  0.0000,  0.0000,  0.0000,  0.0000]])
tensor([[-0.3755,  1.0000,  0.0000,  0.0000,  0.0000,  0.0000]])
tensor([[-0.6519,  1.0000,  0.0000,  0.0000,  0.0000,  0.0000]])
tensor([[0.2649, 1.0000, 0.0000, 0.0000, 0.0000, 0.0000]])
tensor([[-0.2824,  1.0000,  1.0000,  0.0000,  0.0000,  0.0000]])
tensor([[-0.7825,  1.0000,  0.0000,  0.0000,  0.0000,  0.0000]])
tensor([[-0.2341,  1.0000,  0.0000,  0.0000,  0.0000,  0.0000]])
tensor([[0.0380, 1.0000, 0.0000, 0.0000, 0.0000, 0.0000]])
tensor([[-0.8760,  1.0000,  1.0000,  0.0000,  0.0000,  0.0000]])
tensor([[-0.8812,  0.0000,  0.0000,  0.0000,  0.0000,  0.0000]])
tensor([[-0.7585,  1.0000,  0.0000,  0.0000,  0.0000,  0.0000]])
tensor([[0.5761, 1.0000, 0.0000, 0.0000, 0.0000, 0.0000]])
tensor([[0.5719, 1.0000, 0.0000, 0.0000, 0.0000, 0.0000]])
tensor([[0.1844, 1.0000, 0.0000, 0.0000, 0.0000, 0.0000]])
tensor([[-0.8565,  0.0000,  0.0000,  0.0000,  0.0000,  0.0000]])
tensor([[0.3816, 1.0000, 0.0000, 0.0000, 0.0000, 0.0000]])
tensor([[-0.8616,  1.0000,  0.0000,  0.0000,  0.0000,  0.0000]])
tensor([[-0.2575,  1.0000,  0.0000,  0.0000,  0.0000,  0.0000]])
tensor([[0.6085, 1.0000, 0.0000, 0.0000, 0.0000, 0.0000]])
tensor([[-0.4690,  1.0000,  1.0000,  0.0000,  0.0000,  0.0000]])
tensor([[-0.9268,  1.0000,  0.0000,  0.0000,  0.0000,  0.0000]])
tensor([[-0.7752,  1.0000,  0.0000,  0.0000,  0.0000,  0.0000]])
tensor([[-0.0341,  1.0000,  0.0000,  0.0000,  0.0000,  0.0000]])
tensor([[-0.1195,  1.0000,  0.0000,  0.0000,  0.0000,  0.0000]])
tensor([[0.7078, 1.0000, 1.0000, 0.0000, 0.0000, 0.0000]])
tensor([[0.5993, 1.0000, 0.0000, 0.0000, 0.0000, 0.0000]])
tensor([[0.0399, 1.0000, 0.0000, 0.0000, 0.0000, 0.0000]])
tensor([[0.6138, 1.0000, 0.0000, 0.0000, 0.0000, 0.0000]])
tensor([[-0.4806,  1.0000,  0.0000,  0.0000,  0.0000,  0.0000]])
tensor([[-0.7768,  1.0000,  0.0000,  0.0000,  0.0000,  0.0000]])
tensor([[-0.0539,  1.0000,  0.0000,  0.0000,  0.0000,  0.0000]])
tensor([[-0.5742,  0.0000,  0.0000,  0.0000,  0.0000,  0.0000]])
tensor([[-0.2743,  1.0000,  1.0000,  0.0000,  0.0000,  0.0000]])
tensor([[0.6765, 1.0000, 1.0000, 0.0000, 0.0000, 0.0000]])
tensor([[-0.8631,  1.0000,  0.0000,  0.0000,  0.0000,  0.0000]])
tensor([[0.6436, 1.0000, 0.0000, 0.0000, 0.0000, 0.0000]])
tensor([[0.2646, 1.0000, 0.0000, 0.0000, 0.0000, 0.0000]])
tensor([[-0.2749,  1.0000,  0.0000,  1.0000,  0.0000,  0.0000]])
tensor([[-0.4840,  1.0000,  0.0000,  0.0000,  0.0000,  0.0000]])
tensor([[0.8006, 1.0000, 0.0000, 0.0000, 0.0000, 0.0000]])
tensor([[0.5493, 1.0000, 0.0000, 0.0000, 0.0000, 0.0000]])
tensor([[-0.9382,  1.0000,  0.0000,  0.0000,  0.0000,  0.0000]])
tensor([[0.1584, 1.0000, 0.0000, 0.0000, 0.0000, 0.0000]])
tensor([[0.1153, 1.0000, 0.0000, 0.0000, 0.0000, 0.0000]])
tensor([[-0.7785,  0.0000,  0.0000,  0.0000,  0.0000,  0.0000]])
tensor([[0.5600, 1.0000, 0.0000, 0.0000, 0.0000, 0.0000]])
tensor([[-0.5752,  0.0000,  0.0000,  0.0000,  0.0000,  0.0000]])
tensor([[0.0033, 1.0000, 1.0000, 0.0000, 0.0000, 0.0000]])
tensor([[-0.1837,  1.0000,  0.0000,  0.0000,  0.0000,  0.0000]])
tensor([[-0.6861,  1.0000,  0.0000,  0.0000,  0.0000,  0.0000]])
tensor([[-0.2154,  1.0000,  0.0000,  0.0000,  0.0000,  0.0000]])
tensor([[-0.2823,  0.0000,  0.0000,  0.0000,  0.0000,  0.0000]])
tensor([[-0.6582,  1.0000,  0.0000,  0.0000,  0.0000,  0.0000]])
tensor([[-0.6825,  0.0000,  0.0000,  0.0000,  1.0000,  0.0000]])
tensor([[0.6112, 1.0000, 0.0000, 0.0000, 0.0000, 0.0000]])
tensor([[0.9338, 1.0000, 1.0000, 0.0000, 0.0000, 0.0000]])
tensor([[-0.2186,  1.0000,  0.0000,  0.0000,  0.0000,  0.0000]])
tensor([[0.2376, 1.0000, 0.0000, 0.0000, 0.0000, 0.0000]])
tensor([[-0.6749,  1.0000,  0.0000,  0.0000,  0.0000,  0.0000]])
tensor([[-0.9581,  1.0000,  1.0000,  0.0000,  0.0000,  0.0000]])
tensor([[-0.9072,  1.0000,  0.0000,  0.0000,  0.0000,  0.0000]])
tensor([[-0.3828,  1.0000,  0.0000,  0.0000,  0.0000,  0.0000]])
tensor([[-0.8829,  1.0000,  0.0000,  0.0000,  0.0000,  0.0000]])
tensor([[0.5305, 1.0000, 0.0000, 0.0000, 0.0000, 0.0000]])
tensor([[-0.2157,  1.0000,  1.0000,  0.0000,  0.0000,  0.0000]])
tensor([[-0.4291,  1.0000,  1.0000,  0.0000,  0.0000,  0.0000]])
tensor([[-0.6559,  1.0000,  0.0000,  0.0000,  0.0000,  0.0000]])
tensor([[-0.2633,  1.0000,  0.0000,  0.0000,  0.0000,  0.0000]])
tensor([[-0.4265,  1.0000,  1.0000,  0.0000,  0.0000,  0.0000]])
tensor([[-0.0627,  1.0000,  0.0000,  0.0000,  0.0000,  0.0000]])
tensor([[0.8109, 1.0000, 0.0000, 0.0000, 0.0000, 0.0000]])
tensor([[-0.9266,  1.0000,  0.0000,  0.0000,  0.0000,  0.0000]])
tensor([[-0.4810,  1.0000,  0.0000,  0.0000,  0.0000,  0.0000]])
tensor([[0.2205, 1.0000, 0.0000, 0.0000, 0.0000, 0.0000]])
tensor([[-0.1635,  1.0000,  0.0000,  0.0000,  0.0000,  0.0000]])
tensor([[-0.6221,  1.0000,  0.0000,  0.0000,  0.0000,  0.0000]])
tensor([[-0.2218,  1.0000,  0.0000,  0.0000,  0.0000,  0.0000]])
tensor([[0.5905, 1.0000, 0.0000, 0.0000, 0.0000, 0.0000]])
tensor([[0.6025, 1.0000, 0.0000, 0.0000, 0.0000, 0.0000]])
tensor([[0.4828, 1.0000, 0.0000, 0.0000, 0.0000, 0.0000]])
tensor([[0.8000, 1.0000, 0.0000, 0.0000, 0.0000, 0.0000]])
tensor([[-0.5806,  1.0000,  0.0000,  0.0000,  0.0000,  0.0000]])
tensor([[-0.6221,  1.0000,  0.0000,  0.0000,  0.0000,  0.0000]])
tensor([[-0.5006,  1.0000,  0.0000,  0.0000,  0.0000,  0.0000]])
tensor([[-0.3031,  1.0000,  0.0000,  0.0000,  0.0000,  0.0000]])
tensor([[-0.4963,  0.0000,  1.0000,  0.0000,  0.0000,  0.0000]])
tensor([[0.3370, 1.0000, 0.0000, 0.0000, 0.0000, 0.0000]])
tensor([[0.7685, 1.0000, 0.0000, 0.0000, 0.0000, 0.0000]])
tensor([[0.7733, 1.0000, 0.0000, 0.0000, 0.0000, 0.0000]])
tensor([[-0.2919,  1.0000,  0.0000,  0.0000,  0.0000,  0.0000]])
tensor([[0.7169, 1.0000, 0.0000, 1.0000, 0.0000, 0.0000]])
tensor([[-0.5660,  1.0000,  0.0000,  0.0000,  1.0000,  0.0000]])
tensor([[-0.8964,  0.0000,  0.0000,  0.0000,  0.0000,  0.0000]])
tensor([[0.2852, 1.0000, 1.0000, 0.0000, 0.0000, 0.0000]])
tensor([[0.3091, 1.0000, 1.0000, 0.0000, 0.0000, 0.0000]])
tensor([[0.9058, 1.0000, 0.0000, 0.0000, 0.0000, 0.0000]])
tensor([[-0.6686,  1.0000,  0.0000,  0.0000,  0.0000,  0.0000]])
tensor([[0.9222, 1.0000, 0.0000, 0.0000, 0.0000, 0.0000]])
tensor([[0.6259, 1.0000, 0.0000, 0.0000, 1.0000, 0.0000]])
tensor([[-0.3195,  1.0000,  0.0000,  0.0000,  0.0000,  0.0000]])
tensor([[-0.4051,  1.0000,  0.0000,  0.0000,  0.0000,  0.0000]])
tensor([[0.0076, 1.0000, 0.0000, 0.0000, 0.0000, 0.0000]])
tensor([[-0.1757,  1.0000,  0.0000,  0.0000,  0.0000,  0.0000]])
tensor([[0.1093, 1.0000, 0.0000, 0.0000, 0.0000, 0.0000]])
tensor([[-0.0859,  0.0000,  0.0000,  0.0000,  0.0000,  0.0000]])
tensor([[-0.0408,  1.0000,  0.0000,  0.0000,  0.0000,  0.0000]])
tensor([[0.0705, 1.0000, 0.0000, 0.0000, 0.0000, 0.0000]])
tensor([[-0.3425,  1.0000,  0.0000,  0.0000,  0.0000,  0.0000]])
tensor([[0.7209, 1.0000, 0.0000, 0.0000, 0.0000, 0.0000]])
tensor([[-0.9017,  1.0000,  0.0000,  0.0000,  0.0000,  0.0000]])
tensor([[0.5804, 1.0000, 1.0000, 0.0000, 0.0000, 0.0000]])
tensor([[0.7197, 0.0000, 0.0000, 0.0000, 0.0000, 0.0000]])
tensor([[-0.6251,  0.0000,  0.0000,  0.0000,  0.0000,  0.0000]])
tensor([[-0.6103,  1.0000,  0.0000,  0.0000,  0.0000,  0.0000]])
tensor([[0.4948, 1.0000, 0.0000, 0.0000, 0.0000, 0.0000]])
tensor([[-0.8546,  1.0000,  0.0000,  0.0000,  0.0000,  0.0000]])
tensor([[0.7326, 1.0000, 0.0000, 0.0000, 0.0000, 0.0000]])
tensor([[-0.7174,  1.0000,  0.0000,  0.0000,  0.0000,  0.0000]])
tensor([[-0.1044,  1.0000,  0.0000,  0.0000,  0.0000,  0.0000]])
tensor([[-0.3122,  1.0000,  0.0000,  0.0000,  0.0000,  0.0000]])
tensor([[-0.7441,  1.0000,  0.0000,  0.0000,  0.0000,  0.0000]])
tensor([[-0.7195,  1.0000,  0.0000,  0.0000,  0.0000,  0.0000]])
tensor([[-0.7058,  1.0000,  0.0000,  0.0000,  0.0000,  0.0000]])
tensor([[-0.0180,  1.0000,  0.0000,  0.0000,  0.0000,  0.0000]])
tensor([[-0.6957,  1.0000,  1.0000,  0.0000,  0.0000,  0.0000]])
tensor([[0.6805, 1.0000, 0.0000, 0.0000, 0.0000, 0.0000]])
tensor([[-0.1550,  1.0000,  0.0000,  0.0000,  0.0000,  0.0000]])
tensor([[-0.9708,  0.0000,  0.0000,  0.0000,  0.0000,  0.0000]])
tensor([[0.1152, 1.0000, 1.0000, 0.0000, 0.0000, 0.0000]])
tensor([[-0.7536,  1.0000,  0.0000,  0.0000,  0.0000,  0.0000]])
tensor([[-0.1426,  1.0000,  0.0000,  0.0000,  0.0000,  0.0000]])
tensor([[-0.0090,  1.0000,  0.0000,  0.0000,  0.0000,  0.0000]])
tensor([[0.8526, 1.0000, 0.0000, 0.0000, 0.0000, 0.0000]])
tensor([[0.3582, 1.0000, 0.0000, 0.0000, 0.0000, 0.0000]])
tensor([[0.7850, 1.0000, 0.0000, 0.0000, 0.0000, 0.0000]])
tensor([[-0.1517,  1.0000,  0.0000,  0.0000,  0.0000,  0.0000]])
tensor([[-0.9148,  1.0000,  1.0000,  0.0000,  0.0000,  0.0000]])
tensor([[0.2196, 1.0000, 0.0000, 0.0000, 0.0000, 0.0000]])
tensor([[0.3442, 1.0000, 0.0000, 0.0000, 0.0000, 0.0000]])
tensor([[-0.2250,  0.0000,  0.0000,  0.0000,  0.0000,  0.0000]])
tensor([[0.1475, 1.0000, 0.0000, 0.0000, 0.0000, 0.0000]])
tensor([[0.5082, 1.0000, 1.0000, 1.0000, 1.0000, 0.0000]])
tensor([[-0.8215,  1.0000,  0.0000,  0.0000,  0.0000,  0.0000]])
tensor([[0.7415, 1.0000, 1.0000, 0.0000, 0.0000, 0.0000]])
tensor([[0.1790, 1.0000, 0.0000, 0.0000, 0.0000, 0.0000]])
tensor([[-0.7141,  1.0000,  1.0000,  0.0000,  0.0000,  0.0000]])
tensor([[0.5089, 1.0000, 0.0000, 0.0000, 0.0000, 0.0000]])
tensor([[0.5047, 1.0000, 0.0000, 0.0000, 0.0000, 0.0000]])
tensor([[-0.4306,  1.0000,  0.0000,  0.0000,  0.0000,  0.0000]])
tensor([[-0.4597,  1.0000,  0.0000,  0.0000,  0.0000,  0.0000]])
tensor([[-0.9456,  1.0000,  0.0000,  0.0000,  0.0000,  0.0000]])
tensor([[0.4699, 1.0000, 0.0000, 0.0000, 0.0000, 0.0000]])
tensor([[-0.1792,  1.0000,  0.0000,  0.0000,  0.0000,  0.0000]])
tensor([[0.0262, 1.0000, 0.0000, 0.0000, 0.0000, 0.0000]])
tensor([[0.1600, 1.0000, 0.0000, 0.0000, 0.0000, 0.0000]])
tensor([[-0.7817,  0.0000,  1.0000,  0.0000,  0.0000,  0.0000]])
tensor([[-0.9711,  1.0000,  1.0000,  0.0000,  0.0000,  0.0000]])
tensor([[0.0862, 0.0000, 0.0000, 0.0000, 0.0000, 0.0000]])
tensor([[-0.4393,  1.0000,  0.0000,  0.0000,  0.0000,  0.0000]])
tensor([[0.0940, 1.0000, 0.0000, 0.0000, 0.0000, 0.0000]])
tensor([[-0.5968,  1.0000,  0.0000,  0.0000,  0.0000,  0.0000]])
tensor([[0.0113, 1.0000, 0.0000, 0.0000, 0.0000, 0.0000]])
tensor([[-0.8242,  1.0000,  0.0000,  0.0000,  0.0000,  0.0000]])
tensor([[-0.4504,  0.0000,  0.0000,  0.0000,  0.0000,  0.0000]])
tensor([[-0.5453,  0.0000,  0.0000,  0.0000,  0.0000,  0.0000]])
tensor([[0.5832, 1.0000, 0.0000, 0.0000, 0.0000, 0.0000]])
tensor([[0.5174, 1.0000, 1.0000, 0.0000, 0.0000, 0.0000]])
tensor([[-0.9429,  1.0000,  0.0000,  0.0000,  0.0000,  0.0000]])
tensor([[-0.7958,  1.0000,  0.0000,  0.0000,  0.0000,  0.0000]])
tensor([[-0.8322,  1.0000,  1.0000,  0.0000,  0.0000,  0.0000]])
tensor([[-0.9106,  1.0000,  0.0000,  0.0000,  0.0000,  0.0000]])
tensor([[0.0641, 1.0000, 0.0000, 0.0000, 0.0000, 0.0000]])
tensor([[0.2816, 1.0000, 0.0000, 0.0000, 0.0000, 0.0000]])
tensor([[-0.7652,  0.0000,  0.0000,  0.0000,  0.0000,  0.0000]])
tensor([[-0.6398,  1.0000,  0.0000,  0.0000,  0.0000,  0.0000]])
tensor([[0.6302, 1.0000, 0.0000, 0.0000, 0.0000, 0.0000]])
tensor([[-0.8004,  1.0000,  1.0000,  0.0000,  0.0000,  0.0000]])
tensor([[0.3359, 1.0000, 0.0000, 0.0000, 0.0000, 0.0000]])
tensor([[0.1762, 1.0000, 0.0000, 0.0000, 0.0000, 0.0000]])
tensor([[-0.1996,  1.0000,  0.0000,  1.0000,  0.0000,  0.0000]])
tensor([[-0.0824,  1.0000,  0.0000,  1.0000,  0.0000,  0.0000]])
tensor([[-0.9307,  1.0000,  0.0000,  0.0000,  0.0000,  0.0000]])
tensor([[-0.3595,  0.0000,  0.0000,  0.0000,  0.0000,  0.0000]])
tensor([[-0.2056,  0.0000,  0.0000,  1.0000,  0.0000,  0.0000]])
tensor([[0.1058, 1.0000, 0.0000, 0.0000, 0.0000, 0.0000]])
tensor([[0.1225, 0.0000, 0.0000, 0.0000, 0.0000, 0.0000]])
tensor([[-0.6954,  1.0000,  0.0000,  0.0000,  0.0000,  0.0000]])
tensor([[-0.8759,  1.0000,  0.0000,  0.0000,  0.0000,  0.0000]])
tensor([[0.6858, 1.0000, 0.0000, 0.0000, 0.0000, 0.0000]])
tensor([[-0.1359,  0.0000,  0.0000,  0.0000,  0.0000,  0.0000]])
tensor([[-0.1407,  1.0000,  0.0000,  0.0000,  0.0000,  0.0000]])
tensor([[0.4593, 0.0000, 0.0000, 0.0000, 0.0000, 0.0000]])
tensor([[-0.3733,  1.0000,  0.0000,  0.0000,  0.0000,  0.0000]])
tensor([[0.0613, 0.0000, 0.0000, 0.0000, 0.0000, 0.0000]])
tensor([[0.9499, 1.0000, 0.0000, 0.0000, 0.0000, 0.0000]])
tensor([[-0.5231,  0.0000,  0.0000,  0.0000,  0.0000,  0.0000]])
tensor([[0.7757, 1.0000, 0.0000, 0.0000, 0.0000, 0.0000]])
tensor([[0.0709, 1.0000, 0.0000, 0.0000, 0.0000, 0.0000]])
tensor([[-0.1551,  1.0000,  0.0000,  0.0000,  0.0000,  0.0000]])
tensor([[-0.8465,  1.0000,  0.0000,  0.0000,  0.0000,  0.0000]])
tensor([[-0.6667,  1.0000,  0.0000,  0.0000,  0.0000,  0.0000]])
tensor([[-0.5105,  1.0000,  0.0000,  0.0000,  0.0000,  0.0000]])
tensor([[-0.3924,  1.0000,  0.0000,  0.0000,  0.0000,  0.0000]])
tensor([[-0.9536,  1.0000,  0.0000,  0.0000,  0.0000,  0.0000]])
tensor([[-0.2696,  1.0000,  0.0000,  0.0000,  0.0000,  0.0000]])
tensor([[-0.2438,  1.0000,  0.0000,  0.0000,  0.0000,  0.0000]])
tensor([[-0.3013,  0.0000,  0.0000,  0.0000,  0.0000,  0.0000]])
tensor([[8.4817e-04, 0.0000e+00, 1.0000e+00, 0.0000e+00, 0.0000e+00, 0.0000e+00]])
tensor([[-0.3171,  0.0000,  0.0000,  0.0000,  0.0000,  0.0000]])
tensor([[-0.4493,  1.0000,  0.0000,  0.0000,  0.0000,  0.0000]])
tensor([[-0.6480,  1.0000,  1.0000,  0.0000,  0.0000,  0.0000]])
tensor([[-0.4149,  1.0000,  0.0000,  0.0000,  0.0000,  0.0000]])
tensor([[-0.3062,  1.0000,  0.0000,  0.0000,  0.0000,  0.0000]])
tensor([[-0.3876,  1.0000,  0.0000,  0.0000,  0.0000,  0.0000]])
tensor([[-0.9654,  1.0000,  0.0000,  0.0000,  0.0000,  0.0000]])
tensor([[-0.0708,  1.0000,  0.0000,  0.0000,  0.0000,  0.0000]])
tensor([[-0.4175,  0.0000,  0.0000,  0.0000,  0.0000,  0.0000]])
tensor([[-0.2036,  1.0000,  0.0000,  0.0000,  0.0000,  0.0000]])
tensor([[-0.9828,  1.0000,  0.0000,  0.0000,  0.0000,  0.0000]])
tensor([[-0.2861,  1.0000,  0.0000,  0.0000,  0.0000,  0.0000]])
tensor([[0.0092, 1.0000, 0.0000, 0.0000, 0.0000, 0.0000]])
tensor([[0.6772, 1.0000, 0.0000, 0.0000, 0.0000, 0.0000]])
tensor([[-0.9705,  1.0000,  0.0000,  0.0000,  0.0000,  0.0000]])
tensor([[-0.0672,  1.0000,  1.0000,  1.0000,  0.0000,  0.0000]])
tensor([[-0.3455,  1.0000,  0.0000,  0.0000,  0.0000,  0.0000]])
tensor([[-0.1669,  1.0000,  0.0000,  0.0000,  0.0000,  0.0000]])
tensor([[0.0513, 1.0000, 0.0000, 0.0000, 0.0000, 0.0000]])
tensor([[-0.8233,  0.0000,  0.0000,  0.0000,  0.0000,  0.0000]])
tensor([[-0.6170,  1.0000,  0.0000,  0.0000,  0.0000,  0.0000]])
tensor([[0.4432, 1.0000, 0.0000, 0.0000, 0.0000, 0.0000]])
tensor([[-0.5700,  1.0000,  0.0000,  0.0000,  0.0000,  0.0000]])
tensor([[0.3155, 0.0000, 0.0000, 0.0000, 0.0000, 0.0000]])
tensor([[0.1924, 0.0000, 0.0000, 0.0000, 0.0000, 0.0000]])
tensor([[-0.6124,  0.0000,  1.0000,  0.0000,  0.0000,  0.0000]])
tensor([[-0.2179,  1.0000,  0.0000,  0.0000,  0.0000,  0.0000]])
tensor([[-0.9220,  1.0000,  0.0000,  0.0000,  0.0000,  0.0000]])
tensor([[0.3796, 1.0000, 0.0000, 0.0000, 0.0000, 0.0000]])
tensor([[-0.6563,  0.0000,  1.0000,  0.0000,  0.0000,  0.0000]])
tensor([[0.1862, 1.0000, 0.0000, 0.0000, 0.0000, 0.0000]])
INFO:root:Agent 0 (TQCars): avg action time = 0.0009s
tensor([[0.8307, 0.0000, 1.0000, 1.0000, 0.0000, 0.0000]])
tensor([[0.5943, 1.0000, 0.0000, 0.0000, 0.0000, 0.0000]])
tensor([[-0.5595,  1.0000,  0.0000,  1.0000,  0.0000,  0.0000]])
tensor([[-0.8205,  1.0000,  0.0000,  0.0000,  0.0000,  0.0000]])
tensor([[-0.3460,  1.0000,  1.0000,  0.0000,  0.0000,  0.0000]])
tensor([[0.6882, 1.0000, 0.0000, 0.0000, 0.0000, 0.0000]])
tensor([[-0.9809,  1.0000,  0.0000,  0.0000,  0.0000,  0.0000]])
tensor([[-0.7106,  1.0000,  0.0000,  0.0000,  0.0000,  0.0000]])
tensor([[-0.7177,  0.0000,  0.0000,  0.0000,  0.0000,  0.0000]])
tensor([[-0.6754,  1.0000,  1.0000,  1.0000,  0.0000,  0.0000]])
tensor([[0.7304, 0.0000, 0.0000, 0.0000, 0.0000, 0.0000]])
tensor([[0.3157, 1.0000, 0.0000, 0.0000, 0.0000, 0.0000]])
tensor([[-0.6379,  1.0000,  0.0000,  0.0000,  0.0000,  0.0000]])
tensor([[-0.6281,  1.0000,  0.0000,  0.0000,  0.0000,  0.0000]])
tensor([[0.8089, 1.0000, 1.0000, 0.0000, 0.0000, 0.0000]])
tensor([[0.1135, 1.0000, 0.0000, 0.0000, 0.0000, 0.0000]])
tensor([[-0.3537,  1.0000,  0.0000,  0.0000,  0.0000,  0.0000]])
tensor([[0.4896, 1.0000, 0.0000, 0.0000, 0.0000, 0.0000]])
tensor([[-0.2585,  0.0000,  0.0000,  0.0000,  0.0000,  0.0000]])
tensor([[-0.6265,  1.0000,  0.0000,  0.0000,  0.0000,  0.0000]])
tensor([[-0.1571,  1.0000,  0.0000,  0.0000,  0.0000,  0.0000]])
tensor([[-0.6565,  1.0000,  0.0000,  0.0000,  0.0000,  0.0000]])
tensor([[0.1872, 1.0000, 0.0000, 0.0000, 0.0000, 0.0000]])
tensor([[-0.0562,  1.0000,  0.0000,  0.0000,  0.0000,  0.0000]])
tensor([[0.3423, 1.0000, 0.0000, 0.0000, 0.0000, 0.0000]])
tensor([[0.8951, 1.0000, 1.0000, 0.0000, 0.0000, 0.0000]])
tensor([[-0.4288,  1.0000,  0.0000,  0.0000,  0.0000,  0.0000]])
tensor([[-0.4386,  1.0000,  0.0000,  0.0000,  0.0000,  0.0000]])
tensor([[0.6715, 1.0000, 0.0000, 0.0000, 0.0000, 0.0000]])
tensor([[0.7840, 1.0000, 0.0000, 0.0000, 0.0000, 0.0000]])
tensor([[-0.9146,  1.0000,  0.0000,  0.0000,  0.0000,  0.0000]])
tensor([[-0.2025,  1.0000,  0.0000,  0.0000,  0.0000,  0.0000]])
tensor([[0.8930, 1.0000, 0.0000, 0.0000, 0.0000, 0.0000]])
tensor([[-0.4865,  1.0000,  0.0000,  0.0000,  0.0000,  0.0000]])
tensor([[0.4916, 1.0000, 0.0000, 0.0000, 0.0000, 0.0000]])
tensor([[-0.3390,  0.0000,  0.0000,  0.0000,  0.0000,  0.0000]])
tensor([[0.3583, 1.0000, 0.0000, 0.0000, 0.0000, 0.0000]])
tensor([[0.5762, 1.0000, 0.0000, 0.0000, 0.0000, 0.0000]])
tensor([[0.2533, 0.0000, 0.0000, 0.0000, 0.0000, 0.0000]])
tensor([[0.2217, 1.0000, 0.0000, 0.0000, 0.0000, 0.0000]])
tensor([[-0.1489,  1.0000,  0.0000,  0.0000,  0.0000,  0.0000]])
tensor([[-0.9389,  1.0000,  0.0000,  0.0000,  0.0000,  0.0000]])
tensor([[-0.1119,  0.0000,  0.0000,  0.0000,  0.0000,  0.0000]])
tensor([[0.9356, 1.0000, 0.0000, 0.0000, 0.0000, 0.0000]])
tensor([[-0.6747,  1.0000,  1.0000,  0.0000,  0.0000,  0.0000]])
tensor([[0.2508, 0.0000, 0.0000, 0.0000, 1.0000, 0.0000]])
tensor([[-0.6877,  1.0000,  0.0000,  0.0000,  0.0000,  0.0000]])
tensor([[-0.8265,  1.0000,  0.0000,  0.0000,  0.0000,  0.0000]])
tensor([[0.6180, 1.0000, 0.0000, 0.0000, 0.0000, 0.0000]])
tensor([[-0.3060,  1.0000,  0.0000,  0.0000,  0.0000,  0.0000]])
tensor([[0.4241, 1.0000, 0.0000, 0.0000, 0.0000, 0.0000]])
tensor([[-0.8244,  1.0000,  0.0000,  0.0000,  0.0000,  0.0000]])
tensor([[0.9516, 1.0000, 0.0000, 0.0000, 0.0000, 0.0000]])
tensor([[-0.6052,  1.0000,  0.0000,  0.0000,  0.0000,  0.0000]])
tensor([[-0.7918,  1.0000,  0.0000,  0.0000,  0.0000,  0.0000]])
tensor([[-0.0446,  1.0000,  0.0000,  0.0000,  0.0000,  0.0000]])
tensor([[-0.7341,  1.0000,  0.0000,  0.0000,  0.0000,  0.0000]])
tensor([[0.3863, 1.0000, 0.0000, 0.0000, 0.0000, 0.0000]])
tensor([[0.4527, 1.0000, 0.0000, 0.0000, 0.0000, 0.0000]])
tensor([[-0.5254,  1.0000,  0.0000,  0.0000,  0.0000,  0.0000]])
tensor([[-0.9796,  1.0000,  0.0000,  0.0000,  0.0000,  0.0000]])
tensor([[-0.9828,  1.0000,  0.0000,  0.0000,  0.0000,  0.0000]])
tensor([[0.8082, 0.0000, 0.0000, 0.0000, 0.0000, 0.0000]])
{"type": "results", "track": "hacienda", "results": [{"key": 0, "reward": -0.0995880126953125, "position": 4, "name": "TQCars", "avg_action_time": 0.0009229373346752254}]}
