INFO:root:Loading the agents
INFO:root:Loaded player TQCars
INFO:root:Creating pystk-1
INFO:root:Adding wrapper <function get_wrappers.<locals>.<lambda> at 0x72f8fc4f7420>
INFO:root:Adding wrapper <function get_wrappers.<locals>.<lambda> at 0x72f8fc4f74c0>
INFO:root:Adding wrapper <function get_wrappers.<locals>.<lambda> at 0x72f8fc4f7560>
INFO:root:Adding wrapper <function get_wrappers.<locals>.<lambda> at 0x72f8fc4f7600>
INFO:root:(multi-env mono adapter) Setting main environment max_paths to 5
INFO:root:Loading trained model from CHECKPOINT-GPUFAC/tqc_EXP12_900000.pt...
INFO:root:Starting a race
tensor([[-0.9456,  1.0000,  0.0000,  0.0000,  0.0000,  0.0000]])
tensor([[-0.3875,  1.0000,  0.0000,  0.0000,  0.0000,  0.0000]])
tensor([[-0.9330,  1.0000,  0.0000,  0.0000,  0.0000,  0.0000]])
tensor([[-0.2643,  1.0000,  0.0000,  0.0000,  0.0000,  0.0000]])
tensor([[-0.8966,  1.0000,  0.0000,  0.0000,  0.0000,  0.0000]])
tensor([[-0.9125,  1.0000,  0.0000,  0.0000,  0.0000,  0.0000]])
tensor([[-0.6602,  1.0000,  0.0000,  0.0000,  0.0000,  0.0000]])
tensor([[-0.5702,  1.0000,  0.0000,  0.0000,  0.0000,  0.0000]])
tensor([[0.1749, 1.0000, 0.0000, 0.0000, 0.0000, 0.0000]])
tensor([[-0.4275,  1.0000,  0.0000,  0.0000,  0.0000,  0.0000]])
tensor([[0.1856, 1.0000, 0.0000, 0.0000, 0.0000, 0.0000]])
tensor([[-0.6872,  1.0000,  0.0000,  0.0000,  0.0000,  0.0000]])
tensor([[-0.5042,  0.0000,  0.0000,  0.0000,  0.0000,  0.0000]])
tensor([[-0.7226,  1.0000,  0.0000,  0.0000,  0.0000,  0.0000]])
tensor([[-0.9202,  1.0000,  0.0000,  0.0000,  0.0000,  0.0000]])
tensor([[-0.9746,  1.0000,  0.0000,  0.0000,  0.0000,  0.0000]])
tensor([[0.3228, 0.0000, 0.0000, 0.0000, 0.0000, 0.0000]])
tensor([[-0.7783,  1.0000,  0.0000,  0.0000,  0.0000,  0.0000]])
tensor([[-0.9378,  1.0000,  0.0000,  0.0000,  0.0000,  0.0000]])
tensor([[-0.5294,  1.0000,  0.0000,  0.0000,  0.0000,  0.0000]])
tensor([[0.7169, 1.0000, 0.0000, 0.0000, 0.0000, 0.0000]])
tensor([[0.3240, 1.0000, 0.0000, 0.0000, 0.0000, 0.0000]])
tensor([[0.4861, 1.0000, 0.0000, 0.0000, 0.0000, 0.0000]])
tensor([[0.9831, 1.0000, 0.0000, 0.0000, 0.0000, 0.0000]])
tensor([[-0.0436,  1.0000,  0.0000,  0.0000,  0.0000,  0.0000]])
tensor([[0.9849, 1.0000, 0.0000, 0.0000, 0.0000, 0.0000]])
tensor([[0.9709, 1.0000, 0.0000, 0.0000, 0.0000, 0.0000]])
tensor([[0.9885, 1.0000, 0.0000, 0.0000, 0.0000, 0.0000]])
tensor([[0.9941, 1.0000, 0.0000, 0.0000, 0.0000, 0.0000]])
tensor([[0.9333, 1.0000, 0.0000, 0.0000, 0.0000, 0.0000]])
tensor([[-0.9402,  1.0000,  0.0000,  0.0000,  0.0000,  0.0000]])
tensor([[-0.9589,  1.0000,  0.0000,  0.0000,  0.0000,  0.0000]])
tensor([[0.9988, 1.0000, 0.0000, 0.0000, 0.0000, 0.0000]])
tensor([[0.3297, 1.0000, 0.0000, 0.0000, 1.0000, 0.0000]])
tensor([[-0.9990,  1.0000,  0.0000,  0.0000,  0.0000,  0.0000]])
tensor([[-0.9991,  1.0000,  0.0000,  0.0000,  0.0000,  0.0000]])
tensor([[-0.9869,  0.0000,  0.0000,  0.0000,  0.0000,  0.0000]])
tensor([[-0.8312,  1.0000,  0.0000,  0.0000,  0.0000,  0.0000]])
tensor([[-0.9427,  1.0000,  0.0000,  0.0000,  0.0000,  0.0000]])
tensor([[0.9996, 1.0000, 0.0000, 0.0000, 0.0000, 0.0000]])
tensor([[0.9987, 1.0000, 0.0000, 0.0000, 0.0000, 0.0000]])
tensor([[0.9939, 1.0000, 0.0000, 0.0000, 0.0000, 0.0000]])
tensor([[0.9656, 1.0000, 0.0000, 0.0000, 0.0000, 0.0000]])
tensor([[-0.8079,  1.0000,  0.0000,  0.0000,  0.0000,  0.0000]])
tensor([[-0.9804,  1.0000,  0.0000,  0.0000,  0.0000,  0.0000]])
tensor([[-0.5279,  0.0000,  0.0000,  0.0000,  0.0000,  0.0000]])
tensor([[-0.0354,  1.0000,  0.0000,  0.0000,  0.0000,  0.0000]])
tensor([[0.6609, 1.0000, 0.0000, 0.0000, 0.0000, 0.0000]])
tensor([[-0.6172,  1.0000,  0.0000,  0.0000,  0.0000,  0.0000]])
tensor([[-0.7726,  1.0000,  0.0000,  0.0000,  0.0000,  0.0000]])
tensor([[0.5902, 1.0000, 0.0000, 0.0000, 0.0000, 0.0000]])
tensor([[-0.6350,  1.0000,  0.0000,  0.0000,  0.0000,  0.0000]])
tensor([[-0.6864,  1.0000,  0.0000,  0.0000,  0.0000,  0.0000]])
tensor([[0.6907, 1.0000, 0.0000, 0.0000, 0.0000, 0.0000]])
tensor([[-0.1140,  0.0000,  0.0000,  0.0000,  0.0000,  0.0000]])
tensor([[-0.9814,  1.0000,  0.0000,  0.0000,  0.0000,  0.0000]])
tensor([[-0.9918,  0.0000,  0.0000,  0.0000,  0.0000,  0.0000]])
tensor([[-0.9965,  0.0000,  0.0000,  0.0000,  0.0000,  0.0000]])
tensor([[-0.9884,  1.0000,  0.0000,  0.0000,  0.0000,  0.0000]])
tensor([[-0.5131,  1.0000,  0.0000,  0.0000,  0.0000,  0.0000]])
tensor([[-0.9930,  1.0000,  0.0000,  0.0000,  0.0000,  0.0000]])
tensor([[-0.9822,  0.0000,  0.0000,  0.0000,  0.0000,  0.0000]])
tensor([[-0.9424,  0.0000,  0.0000,  0.0000,  0.0000,  0.0000]])
tensor([[0.3415, 0.0000, 0.0000, 0.0000, 0.0000, 0.0000]])
tensor([[0.4449, 1.0000, 0.0000, 0.0000, 0.0000, 0.0000]])
tensor([[-0.9885,  0.0000,  0.0000,  0.0000,  0.0000,  0.0000]])
tensor([[-0.9383,  1.0000,  0.0000,  0.0000,  0.0000,  0.0000]])
tensor([[-0.2044,  1.0000,  0.0000,  0.0000,  0.0000,  0.0000]])
tensor([[0.7377, 1.0000, 0.0000, 0.0000, 0.0000, 0.0000]])
tensor([[-0.3671,  1.0000,  0.0000,  0.0000,  0.0000,  0.0000]])
tensor([[-0.3044,  1.0000,  0.0000,  0.0000,  0.0000,  0.0000]])
tensor([[-0.9959,  1.0000,  0.0000,  0.0000,  0.0000,  0.0000]])
tensor([[-0.9609,  1.0000,  0.0000,  0.0000,  0.0000,  0.0000]])
tensor([[0.0732, 1.0000, 0.0000, 0.0000, 0.0000, 0.0000]])
tensor([[0.3638, 1.0000, 0.0000, 0.0000, 0.0000, 0.0000]])
tensor([[-0.8754,  1.0000,  0.0000,  0.0000,  0.0000,  0.0000]])
tensor([[-0.9252,  1.0000,  0.0000,  0.0000,  0.0000,  0.0000]])
tensor([[0.2231, 1.0000, 0.0000, 0.0000, 0.0000, 0.0000]])
tensor([[0.6403, 0.0000, 0.0000, 0.0000, 0.0000, 0.0000]])
tensor([[-0.9953,  1.0000,  0.0000,  0.0000,  0.0000,  0.0000]])
tensor([[-0.9499,  1.0000,  0.0000,  0.0000,  0.0000,  0.0000]])
tensor([[0.1895, 0.0000, 0.0000, 0.0000, 0.0000, 0.0000]])
tensor([[0.7708, 1.0000, 0.0000, 0.0000, 0.0000, 0.0000]])
tensor([[-0.7806,  0.0000,  0.0000,  0.0000,  1.0000,  0.0000]])
tensor([[-0.8708,  0.0000,  0.0000,  0.0000,  0.0000,  0.0000]])
tensor([[0.7117, 1.0000, 0.0000, 0.0000, 0.0000, 0.0000]])
tensor([[0.5089, 1.0000, 1.0000, 0.0000, 0.0000, 0.0000]])
tensor([[-0.7537,  1.0000,  0.0000,  0.0000,  0.0000,  0.0000]])
tensor([[-0.9203,  0.0000,  0.0000,  0.0000,  0.0000,  0.0000]])
tensor([[-0.5101,  0.0000,  0.0000,  0.0000,  0.0000,  0.0000]])
tensor([[0.9969, 0.0000, 0.0000, 0.0000, 0.0000, 0.0000]])
tensor([[0.9799, 1.0000, 0.0000, 0.0000, 0.0000, 0.0000]])
tensor([[-0.5316,  1.0000,  0.0000,  0.0000,  0.0000,  0.0000]])
tensor([[-0.2210,  1.0000,  0.0000,  0.0000,  0.0000,  0.0000]])
tensor([[-0.1429,  1.0000,  0.0000,  0.0000,  0.0000,  0.0000]])
tensor([[-0.6014,  1.0000,  0.0000,  0.0000,  0.0000,  0.0000]])
tensor([[0.6461, 1.0000, 0.0000, 0.0000, 0.0000, 0.0000]])
tensor([[0.3514, 1.0000, 0.0000, 0.0000, 0.0000, 0.0000]])
tensor([[-0.9756,  1.0000,  0.0000,  0.0000,  0.0000,  0.0000]])
tensor([[0.6221, 0.0000, 0.0000, 0.0000, 0.0000, 0.0000]])
tensor([[-0.9424,  1.0000,  0.0000,  0.0000,  0.0000,  0.0000]])
tensor([[-0.0415,  1.0000,  0.0000,  0.0000,  0.0000,  0.0000]])
tensor([[0.9680, 1.0000, 0.0000, 0.0000, 0.0000, 0.0000]])
tensor([[0.9868, 1.0000, 0.0000, 0.0000, 0.0000, 0.0000]])
tensor([[0.5206, 1.0000, 0.0000, 0.0000, 0.0000, 0.0000]])
tensor([[-0.9971,  1.0000,  0.0000,  0.0000,  0.0000,  0.0000]])
tensor([[0.9855, 1.0000, 0.0000, 0.0000, 0.0000, 0.0000]])
tensor([[0.9464, 1.0000, 0.0000, 0.0000, 0.0000, 0.0000]])
tensor([[0.8260, 1.0000, 0.0000, 0.0000, 0.0000, 0.0000]])
tensor([[0.9834, 1.0000, 0.0000, 0.0000, 0.0000, 0.0000]])
tensor([[0.9680, 1.0000, 0.0000, 0.0000, 0.0000, 0.0000]])
tensor([[0.8776, 0.0000, 0.0000, 0.0000, 0.0000, 0.0000]])
tensor([[0.9806, 1.0000, 0.0000, 0.0000, 0.0000, 0.0000]])
tensor([[0.9611, 1.0000, 0.0000, 0.0000, 0.0000, 0.0000]])
tensor([[0.9942, 1.0000, 0.0000, 0.0000, 0.0000, 0.0000]])
tensor([[0.9820, 1.0000, 0.0000, 0.0000, 0.0000, 0.0000]])
tensor([[0.9624, 1.0000, 0.0000, 0.0000, 0.0000, 0.0000]])
tensor([[0.9941, 1.0000, 0.0000, 0.0000, 0.0000, 0.0000]])
tensor([[0.9985, 1.0000, 0.0000, 0.0000, 0.0000, 0.0000]])
tensor([[0.9992, 1.0000, 0.0000, 0.0000, 0.0000, 0.0000]])
tensor([[0.9905, 1.0000, 0.0000, 0.0000, 0.0000, 0.0000]])
tensor([[0.9897, 1.0000, 0.0000, 0.0000, 0.0000, 0.0000]])
tensor([[0.9900, 1.0000, 0.0000, 0.0000, 0.0000, 0.0000]])
tensor([[0.9950, 1.0000, 0.0000, 0.0000, 0.0000, 0.0000]])
tensor([[-0.1992,  1.0000,  0.0000,  0.0000,  0.0000,  0.0000]])
tensor([[0.9197, 1.0000, 0.0000, 0.0000, 0.0000, 0.0000]])
tensor([[0.8782, 1.0000, 0.0000, 0.0000, 0.0000, 0.0000]])
tensor([[0.9971, 1.0000, 0.0000, 0.0000, 0.0000, 0.0000]])
tensor([[-0.6714,  1.0000,  0.0000,  0.0000,  0.0000,  0.0000]])
tensor([[0.9996, 1.0000, 0.0000, 0.0000, 0.0000, 0.0000]])
tensor([[0.9960, 1.0000, 0.0000, 0.0000, 0.0000, 0.0000]])
tensor([[0.9994, 1.0000, 0.0000, 0.0000, 0.0000, 0.0000]])
tensor([[0.1159, 0.0000, 0.0000, 0.0000, 0.0000, 0.0000]])
tensor([[0.4991, 1.0000, 0.0000, 0.0000, 0.0000, 0.0000]])
tensor([[-0.5245,  1.0000,  0.0000,  0.0000,  0.0000,  0.0000]])
tensor([[-0.6798,  1.0000,  0.0000,  0.0000,  0.0000,  0.0000]])
tensor([[0.7991, 1.0000, 0.0000, 0.0000, 0.0000, 0.0000]])
tensor([[0.2843, 1.0000, 0.0000, 0.0000, 0.0000, 0.0000]])
tensor([[-0.8203,  0.0000,  0.0000,  0.0000,  0.0000,  0.0000]])
tensor([[-0.5309,  1.0000,  0.0000,  0.0000,  0.0000,  0.0000]])
tensor([[0.5274, 1.0000, 0.0000, 0.0000, 0.0000, 0.0000]])
tensor([[-0.1642,  1.0000,  0.0000,  0.0000,  0.0000,  0.0000]])
tensor([[-0.3457,  1.0000,  0.0000,  0.0000,  0.0000,  0.0000]])
tensor([[-0.1939,  1.0000,  0.0000,  0.0000,  0.0000,  0.0000]])
tensor([[-0.0505,  1.0000,  0.0000,  0.0000,  0.0000,  0.0000]])
tensor([[-0.1977,  1.0000,  0.0000,  0.0000,  0.0000,  0.0000]])
tensor([[0.1325, 0.0000, 0.0000, 0.0000, 0.0000, 0.0000]])
tensor([[-0.6009,  0.0000,  0.0000,  0.0000,  0.0000,  0.0000]])
tensor([[-0.5907,  1.0000,  0.0000,  0.0000,  0.0000,  0.0000]])
tensor([[0.8788, 1.0000, 0.0000, 0.0000, 0.0000, 0.0000]])
tensor([[0.2782, 1.0000, 0.0000, 0.0000, 0.0000, 0.0000]])
tensor([[-0.5695,  1.0000,  0.0000,  0.0000,  0.0000,  0.0000]])
tensor([[-0.4133,  1.0000,  0.0000,  0.0000,  0.0000,  0.0000]])
tensor([[-0.3826,  1.0000,  0.0000,  0.0000,  0.0000,  0.0000]])
tensor([[0.6036, 1.0000, 0.0000, 0.0000, 0.0000, 0.0000]])
tensor([[0.2662, 1.0000, 0.0000, 0.0000, 0.0000, 1.0000]])
tensor([[-0.5699,  1.0000,  0.0000,  0.0000,  0.0000,  0.0000]])
tensor([[-0.0889,  1.0000,  0.0000,  0.0000,  0.0000,  0.0000]])
tensor([[0.1098, 1.0000, 0.0000, 0.0000, 0.0000, 0.0000]])
tensor([[0.1871, 1.0000, 0.0000, 0.0000, 0.0000, 0.0000]])
tensor([[-0.8885,  0.0000,  0.0000,  0.0000,  0.0000,  0.0000]])
tensor([[-0.8103,  0.0000,  0.0000,  0.0000,  0.0000,  0.0000]])
tensor([[-0.2260,  1.0000,  0.0000,  0.0000,  0.0000,  0.0000]])
tensor([[0.8201, 1.0000, 0.0000, 0.0000, 0.0000, 0.0000]])
tensor([[-0.3441,  0.0000,  0.0000,  0.0000,  0.0000,  0.0000]])
tensor([[-0.4393,  1.0000,  0.0000,  0.0000,  0.0000,  0.0000]])
tensor([[0.6117, 1.0000, 0.0000, 0.0000, 0.0000, 0.0000]])
tensor([[-0.7548,  0.0000,  0.0000,  0.0000,  0.0000,  0.0000]])
tensor([[-0.8929,  1.0000,  0.0000,  0.0000,  0.0000,  0.0000]])
tensor([[0.3912, 1.0000, 0.0000, 0.0000, 1.0000, 0.0000]])
tensor([[0.6639, 0.0000, 0.0000, 0.0000, 0.0000, 0.0000]])
tensor([[-0.8701,  1.0000,  0.0000,  0.0000,  0.0000,  0.0000]])
tensor([[-0.9577,  1.0000,  0.0000,  0.0000,  0.0000,  0.0000]])
tensor([[0.9328, 1.0000, 0.0000, 0.0000, 0.0000, 0.0000]])
tensor([[0.7893, 0.0000, 0.0000, 0.0000, 0.0000, 0.0000]])
tensor([[-0.9808,  0.0000,  0.0000,  0.0000,  0.0000,  0.0000]])
tensor([[-0.9934,  0.0000,  0.0000,  0.0000,  0.0000,  0.0000]])
tensor([[-0.9739,  1.0000,  0.0000,  0.0000,  0.0000,  0.0000]])
tensor([[-0.9990,  1.0000,  0.0000,  0.0000,  0.0000,  0.0000]])
tensor([[-0.0373,  1.0000,  0.0000,  0.0000,  0.0000,  0.0000]])
tensor([[0.9162, 1.0000, 0.0000, 0.0000, 0.0000, 0.0000]])
tensor([[0.1130, 1.0000, 0.0000, 0.0000, 0.0000, 0.0000]])
tensor([[-0.9369,  1.0000,  0.0000,  0.0000,  0.0000,  0.0000]])
tensor([[0.9983, 1.0000, 0.0000, 0.0000, 0.0000, 0.0000]])
tensor([[0.9995, 1.0000, 0.0000, 0.0000, 0.0000, 0.0000]])
tensor([[0.9869, 1.0000, 0.0000, 0.0000, 0.0000, 0.0000]])
tensor([[0.9843, 1.0000, 0.0000, 0.0000, 0.0000, 0.0000]])
tensor([[0.9968, 1.0000, 0.0000, 0.0000, 0.0000, 0.0000]])
tensor([[0.9994, 1.0000, 0.0000, 0.0000, 0.0000, 0.0000]])
tensor([[0.9933, 1.0000, 0.0000, 0.0000, 0.0000, 0.0000]])
tensor([[1.0000, 1.0000, 0.0000, 0.0000, 0.0000, 0.0000]])
tensor([[1.0000, 1.0000, 0.0000, 0.0000, 0.0000, 0.0000]])
tensor([[0.9999, 1.0000, 0.0000, 0.0000, 0.0000, 0.0000]])
tensor([[0.2776, 0.0000, 0.0000, 0.0000, 0.0000, 0.0000]])
tensor([[-0.9962,  1.0000,  0.0000,  0.0000,  0.0000,  0.0000]])
tensor([[-0.0151,  1.0000,  0.0000,  0.0000,  0.0000,  0.0000]])
tensor([[-0.3192,  1.0000,  0.0000,  0.0000,  0.0000,  0.0000]])
tensor([[-0.0860,  0.0000,  0.0000,  0.0000,  0.0000,  0.0000]])
tensor([[0.0189, 1.0000, 0.0000, 0.0000, 0.0000, 0.0000]])
tensor([[-0.3150,  1.0000,  0.0000,  0.0000,  0.0000,  0.0000]])
tensor([[-0.1539,  1.0000,  0.0000,  0.0000,  0.0000,  0.0000]])
tensor([[-0.5331,  1.0000,  0.0000,  0.0000,  0.0000,  0.0000]])
tensor([[0.1523, 1.0000, 0.0000, 0.0000, 0.0000, 0.0000]])
tensor([[0.2276, 0.0000, 0.0000, 0.0000, 0.0000, 0.0000]])
tensor([[0.0555, 1.0000, 0.0000, 0.0000, 0.0000, 0.0000]])
tensor([[-0.4429,  1.0000,  0.0000,  0.0000,  0.0000,  0.0000]])
tensor([[-0.0877,  1.0000,  0.0000,  0.0000,  0.0000,  0.0000]])
tensor([[0.3828, 1.0000, 0.0000, 0.0000, 0.0000, 0.0000]])
tensor([[-0.3584,  1.0000,  0.0000,  0.0000,  0.0000,  0.0000]])
tensor([[0.0015, 1.0000, 0.0000, 0.0000, 0.0000, 0.0000]])
tensor([[0.6746, 1.0000, 0.0000, 0.0000, 0.0000, 0.0000]])
tensor([[-0.5190,  1.0000,  0.0000,  0.0000,  0.0000,  0.0000]])
tensor([[-0.2458,  1.0000,  0.0000,  0.0000,  0.0000,  0.0000]])
tensor([[0.2497, 1.0000, 0.0000, 0.0000, 0.0000, 0.0000]])
tensor([[-0.1085,  1.0000,  0.0000,  0.0000,  0.0000,  0.0000]])
tensor([[0.0646, 1.0000, 0.0000, 0.0000, 0.0000, 0.0000]])
tensor([[0.2192, 1.0000, 0.0000, 0.0000, 0.0000, 0.0000]])
tensor([[-0.6718,  1.0000,  0.0000,  0.0000,  0.0000,  0.0000]])
tensor([[-0.4529,  1.0000,  0.0000,  0.0000,  0.0000,  0.0000]])
tensor([[-0.6798,  1.0000,  0.0000,  0.0000,  0.0000,  0.0000]])
tensor([[-0.3980,  1.0000,  0.0000,  0.0000,  0.0000,  0.0000]])
tensor([[0.3991, 1.0000, 0.0000, 0.0000, 0.0000, 0.0000]])
tensor([[-0.9939,  1.0000,  0.0000,  0.0000,  0.0000,  0.0000]])
tensor([[-0.9943,  1.0000,  0.0000,  0.0000,  0.0000,  0.0000]])
tensor([[-0.9682,  0.0000,  0.0000,  0.0000,  0.0000,  0.0000]])
tensor([[-0.2329,  1.0000,  0.0000,  0.0000,  0.0000,  0.0000]])
tensor([[0.8150, 1.0000, 0.0000, 0.0000, 0.0000, 0.0000]])
tensor([[-0.7029,  1.0000,  0.0000,  0.0000,  0.0000,  0.0000]])
tensor([[-0.8695,  0.0000,  0.0000,  0.0000,  0.0000,  0.0000]])
tensor([[-0.2695,  0.0000,  0.0000,  0.0000,  0.0000,  0.0000]])
tensor([[0.6159, 0.0000, 0.0000, 1.0000, 0.0000, 0.0000]])
tensor([[-0.8815,  1.0000,  0.0000,  0.0000,  0.0000,  0.0000]])
tensor([[-0.9074,  0.0000,  1.0000,  0.0000,  0.0000,  1.0000]])
tensor([[0.9891, 0.0000, 0.0000, 0.0000, 0.0000, 0.0000]])
tensor([[0.8470, 1.0000, 0.0000, 0.0000, 0.0000, 0.0000]])
tensor([[-0.8026,  1.0000,  0.0000,  0.0000,  0.0000,  0.0000]])
tensor([[-0.9209,  1.0000,  0.0000,  0.0000,  0.0000,  0.0000]])
tensor([[0.7906, 1.0000, 0.0000, 0.0000, 0.0000, 0.0000]])
tensor([[-0.2140,  1.0000,  0.0000,  0.0000,  0.0000,  0.0000]])
tensor([[-0.8753,  1.0000,  0.0000,  0.0000,  0.0000,  0.0000]])
tensor([[-0.6470,  1.0000,  0.0000,  0.0000,  0.0000,  0.0000]])
tensor([[-0.1503,  1.0000,  0.0000,  0.0000,  0.0000,  0.0000]])
tensor([[0.9223, 1.0000, 0.0000, 0.0000, 0.0000, 0.0000]])
tensor([[0.4128, 0.0000, 0.0000, 0.0000, 0.0000, 0.0000]])
tensor([[-0.9687,  1.0000,  0.0000,  0.0000,  0.0000,  0.0000]])
tensor([[-0.9035,  1.0000,  0.0000,  0.0000,  0.0000,  0.0000]])
tensor([[0.9753, 1.0000, 0.0000, 0.0000, 0.0000, 0.0000]])
tensor([[0.9856, 1.0000, 0.0000, 0.0000, 0.0000, 0.0000]])
tensor([[0.9964, 1.0000, 0.0000, 0.0000, 0.0000, 0.0000]])
tensor([[0.9822, 1.0000, 0.0000, 0.0000, 0.0000, 0.0000]])
tensor([[0.9349, 1.0000, 0.0000, 0.0000, 0.0000, 0.0000]])
tensor([[-0.9597,  1.0000,  0.0000,  0.0000,  0.0000,  0.0000]])
tensor([[-0.9932,  0.0000,  0.0000,  0.0000,  0.0000,  0.0000]])
tensor([[-0.9994,  1.0000,  0.0000,  0.0000,  0.0000,  0.0000]])
tensor([[-0.8940,  1.0000,  0.0000,  0.0000,  0.0000,  0.0000]])
tensor([[0.9888, 1.0000, 0.0000, 0.0000, 0.0000, 0.0000]])
tensor([[0.9829, 1.0000, 0.0000, 0.0000, 0.0000, 0.0000]])
tensor([[0.9903, 1.0000, 0.0000, 0.0000, 0.0000, 0.0000]])
tensor([[0.9895, 1.0000, 0.0000, 0.0000, 0.0000, 0.0000]])
tensor([[0.9859, 1.0000, 0.0000, 0.0000, 0.0000, 0.0000]])
tensor([[0.9974, 1.0000, 0.0000, 0.0000, 0.0000, 0.0000]])
tensor([[0.9948, 1.0000, 0.0000, 0.0000, 0.0000, 0.0000]])
tensor([[0.9998, 1.0000, 0.0000, 0.0000, 0.0000, 0.0000]])
tensor([[0.9957, 1.0000, 0.0000, 0.0000, 0.0000, 0.0000]])
tensor([[0.9989, 1.0000, 0.0000, 0.0000, 0.0000, 0.0000]])
tensor([[0.9998, 0.0000, 0.0000, 0.0000, 0.0000, 0.0000]])
tensor([[0.9988, 1.0000, 0.0000, 0.0000, 0.0000, 0.0000]])
tensor([[-0.9743,  1.0000,  0.0000,  0.0000,  0.0000,  0.0000]])
tensor([[-0.9916,  1.0000,  0.0000,  0.0000,  0.0000,  0.0000]])
tensor([[-0.9237,  1.0000,  0.0000,  0.0000,  0.0000,  0.0000]])
tensor([[-0.9552,  1.0000,  0.0000,  0.0000,  0.0000,  0.0000]])
tensor([[-0.9879,  1.0000,  0.0000,  0.0000,  0.0000,  0.0000]])
tensor([[0.4026, 1.0000, 0.0000, 0.0000, 0.0000, 0.0000]])
tensor([[0.3376, 0.0000, 0.0000, 0.0000, 0.0000, 0.0000]])
tensor([[-0.9098,  1.0000,  0.0000,  0.0000,  0.0000,  0.0000]])
tensor([[0.7519, 1.0000, 0.0000, 0.0000, 0.0000, 0.0000]])
tensor([[-0.7091,  1.0000,  0.0000,  0.0000,  0.0000,  0.0000]])
tensor([[0.9548, 0.0000, 0.0000, 0.0000, 0.0000, 0.0000]])
tensor([[0.9960, 1.0000, 1.0000, 0.0000, 0.0000, 0.0000]])
tensor([[0.9807, 1.0000, 0.0000, 0.0000, 0.0000, 0.0000]])
tensor([[0.9884, 1.0000, 0.0000, 0.0000, 0.0000, 0.0000]])
tensor([[0.9868, 1.0000, 0.0000, 0.0000, 0.0000, 0.0000]])
tensor([[0.9588, 1.0000, 0.0000, 0.0000, 0.0000, 0.0000]])
tensor([[0.9976, 1.0000, 0.0000, 0.0000, 0.0000, 0.0000]])
tensor([[-0.1553,  1.0000,  0.0000,  0.0000,  0.0000,  0.0000]])
tensor([[-0.9604,  0.0000,  0.0000,  0.0000,  0.0000,  0.0000]])
tensor([[-0.9835,  1.0000,  0.0000,  0.0000,  0.0000,  0.0000]])
tensor([[0.7530, 0.0000, 0.0000, 0.0000, 0.0000, 0.0000]])
tensor([[0.9625, 1.0000, 0.0000, 0.0000, 0.0000, 0.0000]])
tensor([[0.9986, 0.0000, 0.0000, 0.0000, 0.0000, 0.0000]])
tensor([[0.9995, 1.0000, 0.0000, 0.0000, 0.0000, 0.0000]])
tensor([[0.9978, 1.0000, 0.0000, 0.0000, 0.0000, 0.0000]])
tensor([[1.0000, 1.0000, 0.0000, 0.0000, 0.0000, 0.0000]])
tensor([[0.9968, 1.0000, 0.0000, 1.0000, 0.0000, 0.0000]])
tensor([[0.9961, 1.0000, 0.0000, 0.0000, 0.0000, 0.0000]])
tensor([[-0.8818,  0.0000,  0.0000,  0.0000,  0.0000,  0.0000]])
tensor([[-0.8611,  1.0000,  0.0000,  0.0000,  0.0000,  0.0000]])
tensor([[0.1543, 0.0000, 1.0000, 0.0000, 0.0000, 0.0000]])
tensor([[-0.7375,  0.0000,  0.0000,  0.0000,  0.0000,  0.0000]])
tensor([[0.9802, 0.0000, 1.0000, 0.0000, 0.0000, 0.0000]])
tensor([[0.9576, 1.0000, 0.0000, 0.0000, 0.0000, 0.0000]])
tensor([[-0.5062,  1.0000,  0.0000,  0.0000,  0.0000,  0.0000]])
tensor([[0.9461, 1.0000, 0.0000, 0.0000, 0.0000, 0.0000]])
tensor([[0.6566, 1.0000, 0.0000, 0.0000, 0.0000, 0.0000]])
tensor([[-0.6737,  0.0000,  0.0000,  0.0000,  0.0000,  0.0000]])
tensor([[0.9768, 1.0000, 0.0000, 0.0000, 0.0000, 0.0000]])
tensor([[0.7705, 0.0000, 0.0000, 0.0000, 0.0000, 0.0000]])
tensor([[-0.8221,  1.0000,  0.0000,  0.0000,  0.0000,  0.0000]])
tensor([[0.5805, 0.0000, 0.0000, 0.0000, 0.0000, 0.0000]])
tensor([[-0.3881,  1.0000,  0.0000,  0.0000,  0.0000,  0.0000]])
tensor([[-0.0927,  1.0000,  0.0000,  0.0000,  0.0000,  0.0000]])
tensor([[0.1710, 1.0000, 0.0000, 0.0000, 0.0000, 0.0000]])
tensor([[0.0847, 1.0000, 0.0000, 0.0000, 0.0000, 0.0000]])
tensor([[0.9340, 1.0000, 0.0000, 1.0000, 0.0000, 0.0000]])
tensor([[0.2901, 1.0000, 0.0000, 0.0000, 0.0000, 0.0000]])
tensor([[-0.9917,  1.0000,  0.0000,  0.0000,  0.0000,  0.0000]])
tensor([[-0.9913,  1.0000,  0.0000,  0.0000,  0.0000,  0.0000]])
tensor([[-0.9810,  0.0000,  0.0000,  0.0000,  0.0000,  0.0000]])
tensor([[-0.7405,  1.0000,  0.0000,  0.0000,  0.0000,  0.0000]])
tensor([[0.0867, 1.0000, 0.0000, 0.0000, 0.0000, 0.0000]])
tensor([[-0.8556,  1.0000,  0.0000,  0.0000,  0.0000,  0.0000]])
tensor([[-0.1536,  1.0000,  0.0000,  0.0000,  0.0000,  0.0000]])
tensor([[-0.2555,  1.0000,  0.0000,  0.0000,  0.0000,  0.0000]])
tensor([[0.4823, 1.0000, 0.0000, 0.0000, 0.0000, 0.0000]])
tensor([[-0.9965,  1.0000,  0.0000,  0.0000,  0.0000,  0.0000]])
tensor([[-0.9973,  1.0000,  0.0000,  0.0000,  0.0000,  0.0000]])
tensor([[-0.9513,  0.0000,  0.0000,  0.0000,  0.0000,  0.0000]])
tensor([[-0.7523,  1.0000,  0.0000,  0.0000,  0.0000,  0.0000]])
tensor([[-0.6410,  1.0000,  0.0000,  0.0000,  0.0000,  0.0000]])
tensor([[0.8002, 1.0000, 0.0000, 0.0000, 0.0000, 0.0000]])
tensor([[-0.9584,  0.0000,  0.0000,  0.0000,  0.0000,  0.0000]])
tensor([[-0.9617,  1.0000,  0.0000,  0.0000,  0.0000,  0.0000]])
tensor([[-0.1150,  1.0000,  0.0000,  0.0000,  0.0000,  0.0000]])
tensor([[0.6362, 0.0000, 0.0000, 0.0000, 0.0000, 0.0000]])
tensor([[-0.9948,  0.0000,  0.0000,  0.0000,  0.0000,  0.0000]])
tensor([[-0.9924,  1.0000,  0.0000,  0.0000,  0.0000,  0.0000]])
tensor([[-0.9791,  1.0000,  0.0000,  0.0000,  0.0000,  0.0000]])
tensor([[-0.8474,  0.0000,  0.0000,  0.0000,  0.0000,  0.0000]])
tensor([[0.3052, 1.0000, 0.0000, 0.0000, 0.0000, 0.0000]])
tensor([[0.6869, 0.0000, 0.0000, 0.0000, 0.0000, 0.0000]])
tensor([[-0.9882,  0.0000,  0.0000,  0.0000,  0.0000,  0.0000]])
tensor([[-0.7574,  0.0000,  0.0000,  0.0000,  0.0000,  0.0000]])
tensor([[0.7919, 1.0000, 0.0000, 0.0000, 0.0000, 0.0000]])
tensor([[-0.4347,  1.0000,  0.0000,  0.0000,  0.0000,  0.0000]])
tensor([[-0.3635,  1.0000,  0.0000,  0.0000,  0.0000,  0.0000]])
tensor([[-0.9857,  0.0000,  0.0000,  0.0000,  0.0000,  0.0000]])
tensor([[0.4460, 1.0000, 0.0000, 0.0000, 0.0000, 0.0000]])
tensor([[-0.5079,  1.0000,  0.0000,  0.0000,  0.0000,  0.0000]])
tensor([[0.3356, 1.0000, 0.0000, 0.0000, 0.0000, 0.0000]])
tensor([[0.9188, 1.0000, 0.0000, 0.0000, 0.0000, 0.0000]])
tensor([[0.9685, 0.0000, 0.0000, 0.0000, 0.0000, 0.0000]])
tensor([[-0.5717,  1.0000,  0.0000,  0.0000,  0.0000,  0.0000]])
tensor([[0.9881, 1.0000, 0.0000, 0.0000, 0.0000, 0.0000]])
tensor([[0.9953, 0.0000, 0.0000, 0.0000, 0.0000, 0.0000]])
tensor([[0.9908, 1.0000, 0.0000, 0.0000, 0.0000, 0.0000]])
tensor([[0.9902, 1.0000, 0.0000, 0.0000, 0.0000, 0.0000]])
tensor([[0.9992, 1.0000, 0.0000, 0.0000, 0.0000, 0.0000]])
tensor([[0.9960, 1.0000, 0.0000, 0.0000, 0.0000, 0.0000]])
tensor([[0.9980, 1.0000, 0.0000, 0.0000, 0.0000, 0.0000]])
tensor([[0.9955, 1.0000, 0.0000, 0.0000, 0.0000, 0.0000]])
tensor([[0.9999, 1.0000, 0.0000, 0.0000, 0.0000, 0.0000]])
tensor([[0.9993, 1.0000, 0.0000, 0.0000, 0.0000, 0.0000]])
tensor([[0.9999, 1.0000, 0.0000, 0.0000, 0.0000, 0.0000]])
tensor([[0.9999, 1.0000, 0.0000, 0.0000, 0.0000, 0.0000]])
tensor([[0.9924, 0.0000, 0.0000, 0.0000, 0.0000, 0.0000]])
tensor([[-0.9614,  1.0000,  0.0000,  0.0000,  0.0000,  0.0000]])
tensor([[-0.9984,  0.0000,  0.0000,  0.0000,  0.0000,  0.0000]])
tensor([[-0.9933,  1.0000,  0.0000,  0.0000,  0.0000,  0.0000]])
tensor([[-0.9919,  0.0000,  0.0000,  0.0000,  0.0000,  0.0000]])
tensor([[-0.9930,  1.0000,  0.0000,  0.0000,  0.0000,  0.0000]])
tensor([[-0.9757,  1.0000,  0.0000,  0.0000,  0.0000,  0.0000]])
tensor([[-0.7049,  1.0000,  0.0000,  0.0000,  0.0000,  0.0000]])
tensor([[-0.9923,  0.0000,  0.0000,  0.0000,  0.0000,  0.0000]])
tensor([[-0.8788,  0.0000,  0.0000,  0.0000,  0.0000,  0.0000]])
tensor([[0.4355, 1.0000, 0.0000, 0.0000, 0.0000, 0.0000]])
tensor([[0.2034, 1.0000, 0.0000, 0.0000, 0.0000, 0.0000]])
tensor([[-0.9811,  0.0000,  0.0000,  0.0000,  0.0000,  0.0000]])
tensor([[-0.9980,  1.0000,  0.0000,  0.0000,  0.0000,  0.0000]])
tensor([[-0.9477,  0.0000,  0.0000,  0.0000,  0.0000,  0.0000]])
tensor([[-0.9402,  0.0000,  0.0000,  0.0000,  0.0000,  0.0000]])
tensor([[-0.7109,  1.0000,  0.0000,  0.0000,  0.0000,  0.0000]])
tensor([[0.9006, 0.0000, 0.0000, 0.0000, 0.0000, 0.0000]])
tensor([[-0.1130,  1.0000,  0.0000,  0.0000,  0.0000,  0.0000]])
tensor([[-0.8320,  1.0000,  0.0000,  0.0000,  0.0000,  0.0000]])
tensor([[0.4070, 1.0000, 0.0000, 0.0000, 0.0000, 0.0000]])
tensor([[0.1414, 1.0000, 0.0000, 0.0000, 0.0000, 0.0000]])
tensor([[-0.3951,  0.0000,  1.0000,  0.0000,  0.0000,  0.0000]])
tensor([[-0.8173,  1.0000,  0.0000,  0.0000,  0.0000,  0.0000]])
tensor([[-0.9771,  0.0000,  0.0000,  0.0000,  0.0000,  0.0000]])
tensor([[-0.9888,  0.0000,  0.0000,  0.0000,  0.0000,  0.0000]])
tensor([[0.6632, 1.0000, 0.0000, 0.0000, 0.0000, 0.0000]])
tensor([[0.7477, 1.0000, 0.0000, 0.0000, 0.0000, 0.0000]])
tensor([[0.9539, 1.0000, 0.0000, 0.0000, 0.0000, 0.0000]])
tensor([[0.0045, 1.0000, 0.0000, 0.0000, 0.0000, 0.0000]])
tensor([[-0.2202,  1.0000,  0.0000,  0.0000,  0.0000,  0.0000]])
tensor([[0.5690, 1.0000, 0.0000, 0.0000, 0.0000, 0.0000]])
tensor([[0.8458, 1.0000, 0.0000, 0.0000, 0.0000, 0.0000]])
tensor([[0.9730, 1.0000, 0.0000, 0.0000, 0.0000, 0.0000]])
tensor([[-0.9005,  1.0000,  0.0000,  0.0000,  0.0000,  0.0000]])
tensor([[0.9987, 1.0000, 0.0000, 0.0000, 0.0000, 0.0000]])
tensor([[0.9850, 1.0000, 0.0000, 0.0000, 0.0000, 0.0000]])
tensor([[0.9245, 1.0000, 0.0000, 0.0000, 0.0000, 0.0000]])
tensor([[0.9722, 1.0000, 0.0000, 0.0000, 0.0000, 0.0000]])
tensor([[0.9777, 1.0000, 0.0000, 0.0000, 0.0000, 0.0000]])
tensor([[0.9584, 1.0000, 0.0000, 0.0000, 0.0000, 0.0000]])
tensor([[0.9870, 1.0000, 0.0000, 0.0000, 0.0000, 0.0000]])
tensor([[0.9979, 1.0000, 0.0000, 0.0000, 0.0000, 0.0000]])
tensor([[0.9907, 1.0000, 0.0000, 0.0000, 0.0000, 0.0000]])
tensor([[0.9967, 1.0000, 0.0000, 0.0000, 0.0000, 0.0000]])
tensor([[0.9999, 1.0000, 0.0000, 0.0000, 0.0000, 0.0000]])
tensor([[0.8314, 1.0000, 0.0000, 0.0000, 0.0000, 0.0000]])
tensor([[-0.9943,  0.0000,  0.0000,  0.0000,  0.0000,  0.0000]])
tensor([[-0.9069,  1.0000,  0.0000,  0.0000,  0.0000,  0.0000]])
tensor([[-0.8946,  1.0000,  0.0000,  0.0000,  0.0000,  0.0000]])
tensor([[0.9924, 1.0000, 0.0000, 0.0000, 0.0000, 0.0000]])
tensor([[0.9660, 1.0000, 0.0000, 0.0000, 0.0000, 0.0000]])
tensor([[0.7305, 1.0000, 0.0000, 0.0000, 0.0000, 0.0000]])
tensor([[0.9973, 1.0000, 0.0000, 0.0000, 0.0000, 0.0000]])
tensor([[0.9977, 0.0000, 0.0000, 0.0000, 0.0000, 0.0000]])
tensor([[0.9992, 0.0000, 0.0000, 0.0000, 0.0000, 0.0000]])
tensor([[0.9974, 1.0000, 0.0000, 0.0000, 0.0000, 0.0000]])
tensor([[-0.8588,  1.0000,  0.0000,  0.0000,  0.0000,  0.0000]])
tensor([[-0.9627,  1.0000,  0.0000,  0.0000,  0.0000,  0.0000]])
tensor([[0.9987, 1.0000, 0.0000, 0.0000, 0.0000, 0.0000]])
tensor([[0.9834, 1.0000, 0.0000, 0.0000, 0.0000, 0.0000]])
tensor([[-0.5352,  0.0000,  0.0000,  0.0000,  0.0000,  0.0000]])
tensor([[0.3948, 0.0000, 0.0000, 0.0000, 0.0000, 0.0000]])
tensor([[-0.3540,  0.0000,  1.0000,  0.0000,  0.0000,  0.0000]])
tensor([[-0.9884,  1.0000,  0.0000,  0.0000,  0.0000,  0.0000]])
tensor([[0.9839, 1.0000, 0.0000, 0.0000, 0.0000, 0.0000]])
tensor([[0.9926, 1.0000, 0.0000, 0.0000, 0.0000, 0.0000]])
tensor([[0.9678, 1.0000, 0.0000, 0.0000, 0.0000, 0.0000]])
tensor([[-0.7289,  1.0000,  0.0000,  0.0000,  0.0000,  0.0000]])
tensor([[0.9864, 1.0000, 0.0000, 0.0000, 0.0000, 0.0000]])
tensor([[0.8210, 1.0000, 0.0000, 0.0000, 0.0000, 0.0000]])
tensor([[-0.9616,  0.0000,  0.0000,  0.0000,  0.0000,  0.0000]])
tensor([[-0.4672,  0.0000,  0.0000,  0.0000,  0.0000,  0.0000]])
tensor([[0.9169, 0.0000, 0.0000, 0.0000, 0.0000, 0.0000]])
tensor([[-0.7432,  1.0000,  0.0000,  0.0000,  0.0000,  0.0000]])
tensor([[-0.0806,  1.0000,  0.0000,  0.0000,  0.0000,  0.0000]])
tensor([[0.9990, 0.0000, 0.0000, 0.0000, 0.0000, 0.0000]])
tensor([[0.8955, 1.0000, 0.0000, 0.0000, 0.0000, 0.0000]])
tensor([[0.4440, 1.0000, 0.0000, 0.0000, 0.0000, 0.0000]])
tensor([[0.5808, 1.0000, 0.0000, 0.0000, 0.0000, 0.0000]])
tensor([[-0.8925,  1.0000,  0.0000,  0.0000,  0.0000,  0.0000]])
tensor([[-0.3391,  0.0000,  0.0000,  0.0000,  0.0000,  0.0000]])
tensor([[0.6075, 1.0000, 0.0000, 0.0000, 0.0000, 0.0000]])
tensor([[-0.5076,  1.0000,  1.0000,  0.0000,  0.0000,  0.0000]])
tensor([[0.3123, 1.0000, 0.0000, 0.0000, 0.0000, 0.0000]])
tensor([[0.9092, 0.0000, 0.0000, 0.0000, 0.0000, 0.0000]])
tensor([[-0.7081,  1.0000,  0.0000,  0.0000,  0.0000,  0.0000]])
tensor([[-0.5063,  1.0000,  0.0000,  0.0000,  0.0000,  0.0000]])
tensor([[0.6417, 1.0000, 0.0000, 0.0000, 0.0000, 0.0000]])
tensor([[-0.0564,  0.0000,  0.0000,  0.0000,  0.0000,  0.0000]])
tensor([[-0.4782,  1.0000,  0.0000,  0.0000,  0.0000,  0.0000]])
tensor([[-0.1279,  1.0000,  0.0000,  0.0000,  0.0000,  0.0000]])
tensor([[0.3648, 1.0000, 0.0000, 0.0000, 0.0000, 0.0000]])
tensor([[-0.0913,  0.0000,  0.0000,  0.0000,  0.0000,  0.0000]])
tensor([[0.9681, 1.0000, 0.0000, 0.0000, 0.0000, 0.0000]])
tensor([[-0.0262,  1.0000,  0.0000,  0.0000,  0.0000,  0.0000]])
tensor([[-0.7927,  1.0000,  0.0000,  0.0000,  0.0000,  0.0000]])
tensor([[0.4771, 1.0000, 0.0000, 0.0000, 0.0000, 0.0000]])
tensor([[-0.3306,  1.0000,  0.0000,  0.0000,  0.0000,  0.0000]])
tensor([[0.1956, 1.0000, 0.0000, 0.0000, 0.0000, 0.0000]])
tensor([[-0.0006,  0.0000,  0.0000,  0.0000,  0.0000,  0.0000]])
tensor([[-0.3916,  0.0000,  0.0000,  0.0000,  0.0000,  0.0000]])
tensor([[-0.2319,  1.0000,  0.0000,  0.0000,  0.0000,  0.0000]])
tensor([[-0.2757,  1.0000,  0.0000,  0.0000,  0.0000,  0.0000]])
tensor([[0.8390, 1.0000, 0.0000, 0.0000, 0.0000, 0.0000]])
tensor([[-0.3345,  1.0000,  0.0000,  0.0000,  0.0000,  0.0000]])
tensor([[-0.4071,  1.0000,  0.0000,  0.0000,  0.0000,  0.0000]])
tensor([[0.6889, 1.0000, 0.0000, 0.0000, 0.0000, 0.0000]])
tensor([[-0.2583,  1.0000,  0.0000,  0.0000,  0.0000,  0.0000]])
tensor([[-0.2984,  0.0000,  0.0000,  0.0000,  0.0000,  0.0000]])
tensor([[0.2528, 0.0000, 0.0000, 0.0000, 0.0000, 0.0000]])
tensor([[0.1786, 1.0000, 0.0000, 0.0000, 0.0000, 0.0000]])
tensor([[-0.2905,  1.0000,  0.0000,  0.0000,  0.0000,  0.0000]])
tensor([[-0.2762,  1.0000,  0.0000,  0.0000,  0.0000,  0.0000]])
tensor([[0.7326, 1.0000, 0.0000, 0.0000, 0.0000, 0.0000]])
tensor([[0.0279, 1.0000, 0.0000, 0.0000, 0.0000, 0.0000]])
tensor([[0.1485, 1.0000, 0.0000, 0.0000, 0.0000, 0.0000]])
tensor([[-0.1865,  1.0000,  0.0000,  1.0000,  0.0000,  0.0000]])
tensor([[0.6822, 0.0000, 0.0000, 0.0000, 0.0000, 0.0000]])
tensor([[0.6382, 1.0000, 0.0000, 0.0000, 0.0000, 0.0000]])
tensor([[-0.4381,  1.0000,  0.0000,  0.0000,  0.0000,  0.0000]])
tensor([[-0.0295,  1.0000,  0.0000,  0.0000,  0.0000,  0.0000]])
tensor([[0.4566, 1.0000, 0.0000, 0.0000, 0.0000, 0.0000]])
tensor([[-0.0503,  1.0000,  0.0000,  0.0000,  0.0000,  0.0000]])
tensor([[-0.7981,  1.0000,  0.0000,  0.0000,  0.0000,  0.0000]])
tensor([[0.3102, 1.0000, 0.0000, 0.0000, 0.0000, 0.0000]])
tensor([[0.5601, 1.0000, 0.0000, 0.0000, 0.0000, 0.0000]])
tensor([[-0.4200,  1.0000,  0.0000,  0.0000,  0.0000,  0.0000]])
tensor([[-0.4659,  1.0000,  0.0000,  0.0000,  0.0000,  0.0000]])
tensor([[-0.0485,  1.0000,  0.0000,  0.0000,  0.0000,  0.0000]])
tensor([[0.9946, 1.0000, 0.0000, 0.0000, 0.0000, 0.0000]])
tensor([[0.8471, 0.0000, 0.0000, 0.0000, 0.0000, 0.0000]])
tensor([[-0.8140,  1.0000,  0.0000,  0.0000,  0.0000,  0.0000]])
tensor([[-0.9256,  1.0000,  0.0000,  0.0000,  0.0000,  0.0000]])
tensor([[-0.6490,  0.0000,  0.0000,  0.0000,  0.0000,  0.0000]])
tensor([[0.2484, 1.0000, 1.0000, 0.0000, 0.0000, 0.0000]])
tensor([[0.0241, 1.0000, 0.0000, 0.0000, 0.0000, 0.0000]])
tensor([[-0.1820,  0.0000,  0.0000,  0.0000,  0.0000,  0.0000]])
tensor([[-0.7333,  1.0000,  0.0000,  0.0000,  0.0000,  0.0000]])
tensor([[-0.1413,  0.0000,  0.0000,  0.0000,  0.0000,  0.0000]])
tensor([[-0.1401,  1.0000,  0.0000,  0.0000,  0.0000,  0.0000]])
tensor([[0.8474, 1.0000, 0.0000, 0.0000, 0.0000, 0.0000]])
tensor([[-0.2496,  1.0000,  0.0000,  0.0000,  0.0000,  0.0000]])
tensor([[-0.6984,  1.0000,  0.0000,  0.0000,  0.0000,  0.0000]])
tensor([[-0.4619,  1.0000,  0.0000,  0.0000,  0.0000,  0.0000]])
tensor([[0.9573, 1.0000, 0.0000, 0.0000, 0.0000, 0.0000]])
tensor([[0.9885, 1.0000, 0.0000, 0.0000, 0.0000, 0.0000]])
tensor([[0.6157, 1.0000, 0.0000, 0.0000, 0.0000, 0.0000]])
tensor([[-0.9366,  1.0000,  0.0000,  0.0000,  0.0000,  1.0000]])
tensor([[-0.9021,  0.0000,  0.0000,  0.0000,  0.0000,  0.0000]])
tensor([[-0.9799,  1.0000,  0.0000,  0.0000,  0.0000,  0.0000]])
tensor([[-0.2207,  1.0000,  0.0000,  0.0000,  0.0000,  0.0000]])
tensor([[0.3748, 0.0000, 0.0000, 0.0000, 0.0000, 0.0000]])
tensor([[-0.3298,  1.0000,  0.0000,  0.0000,  0.0000,  0.0000]])
tensor([[-0.3016,  1.0000,  1.0000,  0.0000,  0.0000,  0.0000]])
tensor([[-0.9432,  1.0000,  0.0000,  0.0000,  0.0000,  0.0000]])
tensor([[-0.5013,  1.0000,  0.0000,  0.0000,  0.0000,  0.0000]])
tensor([[0.4911, 1.0000, 0.0000, 0.0000, 0.0000, 0.0000]])
tensor([[0.9795, 1.0000, 0.0000, 0.0000, 0.0000, 0.0000]])
tensor([[0.3313, 1.0000, 0.0000, 0.0000, 0.0000, 0.0000]])
tensor([[-0.7854,  1.0000,  0.0000,  0.0000,  0.0000,  0.0000]])
tensor([[-0.7327,  0.0000,  0.0000,  0.0000,  0.0000,  0.0000]])
tensor([[0.3357, 1.0000, 0.0000, 0.0000, 0.0000, 0.0000]])
tensor([[0.7747, 1.0000, 0.0000, 0.0000, 0.0000, 0.0000]])
tensor([[-0.9977,  1.0000,  0.0000,  0.0000,  0.0000,  0.0000]])
tensor([[-0.9960,  1.0000,  0.0000,  0.0000,  0.0000,  0.0000]])
tensor([[-0.9836,  1.0000,  0.0000,  0.0000,  0.0000,  0.0000]])
tensor([[-0.9987,  1.0000,  0.0000,  0.0000,  0.0000,  0.0000]])
tensor([[0.1501, 1.0000, 0.0000, 0.0000, 0.0000, 0.0000]])
tensor([[-0.9996,  1.0000,  0.0000,  0.0000,  0.0000,  0.0000]])
tensor([[-0.3465,  1.0000,  0.0000,  0.0000,  0.0000,  0.0000]])
tensor([[0.7980, 1.0000, 0.0000, 0.0000, 0.0000, 0.0000]])
tensor([[-0.5696,  0.0000,  0.0000,  0.0000,  0.0000,  0.0000]])
tensor([[0.9955, 0.0000, 0.0000, 0.0000, 0.0000, 0.0000]])
tensor([[-0.5745,  1.0000,  0.0000,  0.0000,  0.0000,  0.0000]])
tensor([[0.3917, 1.0000, 0.0000, 0.0000, 0.0000, 0.0000]])
tensor([[0.8096, 1.0000, 0.0000, 0.0000, 0.0000, 0.0000]])
tensor([[0.9681, 1.0000, 0.0000, 0.0000, 0.0000, 0.0000]])
tensor([[0.5293, 0.0000, 0.0000, 0.0000, 0.0000, 0.0000]])
tensor([[-0.9999,  1.0000,  0.0000,  0.0000,  0.0000,  0.0000]])
tensor([[-0.9984,  1.0000,  0.0000,  0.0000,  0.0000,  0.0000]])
tensor([[-0.9998,  1.0000,  0.0000,  0.0000,  0.0000,  0.0000]])
tensor([[-0.9996,  1.0000,  0.0000,  0.0000,  0.0000,  0.0000]])
tensor([[-0.9999,  0.0000,  0.0000,  0.0000,  0.0000,  0.0000]])
tensor([[-1.0000,  0.0000,  0.0000,  0.0000,  0.0000,  0.0000]])
tensor([[-0.9999,  1.0000,  0.0000,  0.0000,  0.0000,  0.0000]])
tensor([[-0.8428,  1.0000,  1.0000,  0.0000,  0.0000,  0.0000]])
tensor([[0.9825, 1.0000, 0.0000, 0.0000, 0.0000, 0.0000]])
tensor([[0.8870, 1.0000, 0.0000, 0.0000, 0.0000, 0.0000]])
tensor([[0.8627, 1.0000, 0.0000, 0.0000, 0.0000, 0.0000]])
tensor([[0.9031, 1.0000, 0.0000, 0.0000, 0.0000, 0.0000]])
tensor([[0.1623, 0.0000, 0.0000, 0.0000, 0.0000, 0.0000]])
tensor([[-0.7906,  1.0000,  0.0000,  0.0000,  0.0000,  0.0000]])
tensor([[0.5928, 1.0000, 0.0000, 0.0000, 0.0000, 0.0000]])
tensor([[0.8226, 1.0000, 0.0000, 0.0000, 0.0000, 0.0000]])
tensor([[-0.5143,  1.0000,  0.0000,  0.0000,  0.0000,  0.0000]])
tensor([[0.0435, 1.0000, 0.0000, 0.0000, 0.0000, 0.0000]])
tensor([[-0.4755,  1.0000,  0.0000,  0.0000,  0.0000,  0.0000]])
tensor([[0.9924, 1.0000, 0.0000, 0.0000, 0.0000, 0.0000]])
tensor([[0.9695, 0.0000, 0.0000, 0.0000, 0.0000, 0.0000]])
tensor([[0.9015, 1.0000, 0.0000, 0.0000, 0.0000, 0.0000]])
tensor([[0.9695, 1.0000, 0.0000, 0.0000, 0.0000, 0.0000]])
tensor([[-0.4817,  1.0000,  0.0000,  0.0000,  0.0000,  0.0000]])
tensor([[0.9648, 1.0000, 0.0000, 0.0000, 0.0000, 0.0000]])
tensor([[0.9619, 1.0000, 0.0000, 0.0000, 0.0000, 0.0000]])
tensor([[0.5777, 1.0000, 0.0000, 0.0000, 0.0000, 0.0000]])
tensor([[0.6291, 1.0000, 0.0000, 0.0000, 0.0000, 0.0000]])
tensor([[-0.9830,  1.0000,  0.0000,  0.0000,  0.0000,  0.0000]])
tensor([[-0.9501,  1.0000,  0.0000,  0.0000,  0.0000,  0.0000]])
tensor([[0.9898, 1.0000, 0.0000, 0.0000, 0.0000, 0.0000]])
tensor([[0.9742, 1.0000, 0.0000, 0.0000, 0.0000, 0.0000]])
tensor([[0.9749, 1.0000, 0.0000, 0.0000, 0.0000, 0.0000]])
tensor([[0.9438, 1.0000, 0.0000, 0.0000, 0.0000, 0.0000]])
tensor([[-0.8521,  1.0000,  0.0000,  0.0000,  0.0000,  0.0000]])
tensor([[-0.9260,  1.0000,  0.0000,  0.0000,  0.0000,  0.0000]])
tensor([[0.4333, 1.0000, 0.0000, 0.0000, 0.0000, 0.0000]])
tensor([[0.7940, 1.0000, 0.0000, 0.0000, 0.0000, 0.0000]])
tensor([[0.6879, 1.0000, 0.0000, 0.0000, 0.0000, 0.0000]])
tensor([[-0.8780,  1.0000,  0.0000,  0.0000,  0.0000,  0.0000]])
tensor([[-0.6967,  1.0000,  0.0000,  0.0000,  0.0000,  0.0000]])
tensor([[0.7128, 1.0000, 0.0000, 0.0000, 0.0000, 0.0000]])
tensor([[0.8991, 1.0000, 0.0000, 0.0000, 0.0000, 0.0000]])
tensor([[0.2980, 1.0000, 0.0000, 0.0000, 0.0000, 0.0000]])
tensor([[-0.1418,  1.0000,  0.0000,  0.0000,  0.0000,  0.0000]])
tensor([[-0.2817,  0.0000,  0.0000,  0.0000,  0.0000,  0.0000]])
tensor([[0.8805, 1.0000, 0.0000, 0.0000, 0.0000, 0.0000]])
tensor([[0.8402, 1.0000, 0.0000, 0.0000, 0.0000, 0.0000]])
tensor([[0.4402, 1.0000, 0.0000, 0.0000, 0.0000, 0.0000]])
tensor([[0.0428, 1.0000, 0.0000, 0.0000, 0.0000, 0.0000]])
tensor([[-0.0089,  1.0000,  0.0000,  0.0000,  0.0000,  0.0000]])
tensor([[0.2432, 1.0000, 0.0000, 0.0000, 0.0000, 0.0000]])
tensor([[-0.4075,  1.0000,  0.0000,  0.0000,  0.0000,  0.0000]])
tensor([[0.6808, 1.0000, 0.0000, 0.0000, 0.0000, 0.0000]])
tensor([[-0.5901,  1.0000,  0.0000,  0.0000,  0.0000,  0.0000]])
tensor([[0.9659, 1.0000, 0.0000, 0.0000, 0.0000, 0.0000]])
tensor([[0.9877, 1.0000, 0.0000, 0.0000, 0.0000, 0.0000]])
tensor([[0.9856, 1.0000, 0.0000, 0.0000, 0.0000, 0.0000]])
tensor([[0.9336, 1.0000, 0.0000, 0.0000, 0.0000, 0.0000]])
tensor([[-0.7718,  1.0000,  0.0000,  0.0000,  0.0000,  0.0000]])
tensor([[0.8021, 1.0000, 0.0000, 0.0000, 0.0000, 0.0000]])
tensor([[-0.1221,  1.0000,  0.0000,  0.0000,  0.0000,  0.0000]])
tensor([[-0.3666,  1.0000,  0.0000,  0.0000,  0.0000,  0.0000]])
tensor([[-0.9949,  1.0000,  0.0000,  0.0000,  0.0000,  0.0000]])
tensor([[-0.9833,  1.0000,  0.0000,  0.0000,  0.0000,  0.0000]])
tensor([[0.9962, 0.0000, 0.0000, 0.0000, 0.0000, 0.0000]])
tensor([[0.9637, 0.0000, 0.0000, 0.0000, 0.0000, 0.0000]])
tensor([[0.9980, 1.0000, 0.0000, 0.0000, 0.0000, 0.0000]])
tensor([[0.9991, 1.0000, 0.0000, 0.0000, 0.0000, 0.0000]])
tensor([[0.9997, 0.0000, 0.0000, 0.0000, 0.0000, 0.0000]])
tensor([[0.9990, 1.0000, 0.0000, 0.0000, 0.0000, 0.0000]])
tensor([[0.9995, 1.0000, 0.0000, 0.0000, 0.0000, 0.0000]])
tensor([[0.9745, 1.0000, 0.0000, 0.0000, 0.0000, 0.0000]])
tensor([[-0.9979,  1.0000,  0.0000,  0.0000,  0.0000,  0.0000]])
tensor([[-0.9898,  1.0000,  0.0000,  0.0000,  0.0000,  0.0000]])
tensor([[-0.8926,  1.0000,  0.0000,  0.0000,  0.0000,  0.0000]])
tensor([[-1.9005e-04,  1.0000e+00,  0.0000e+00,  0.0000e+00,  0.0000e+00,
          0.0000e+00]])
tensor([[0.9624, 1.0000, 0.0000, 0.0000, 0.0000, 0.0000]])
tensor([[-0.7405,  1.0000,  0.0000,  0.0000,  0.0000,  0.0000]])
tensor([[0.9885, 1.0000, 0.0000, 0.0000, 0.0000, 0.0000]])
tensor([[0.9062, 1.0000, 0.0000, 0.0000, 0.0000, 0.0000]])
tensor([[-0.7998,  1.0000,  0.0000,  0.0000,  0.0000,  0.0000]])
tensor([[-0.3966,  0.0000,  0.0000,  0.0000,  0.0000,  0.0000]])
tensor([[0.5222, 1.0000, 0.0000, 0.0000, 0.0000, 0.0000]])
tensor([[0.9955, 1.0000, 0.0000, 0.0000, 0.0000, 0.0000]])
tensor([[0.9406, 1.0000, 0.0000, 0.0000, 0.0000, 0.0000]])
tensor([[-0.1009,  1.0000,  0.0000,  0.0000,  0.0000,  0.0000]])
tensor([[-0.5978,  1.0000,  0.0000,  0.0000,  0.0000,  0.0000]])
tensor([[0.9874, 1.0000, 0.0000, 0.0000, 0.0000, 0.0000]])
tensor([[0.9654, 1.0000, 0.0000, 0.0000, 0.0000, 0.0000]])
tensor([[-0.1699,  0.0000,  0.0000,  0.0000,  0.0000,  0.0000]])
tensor([[-0.9221,  1.0000,  0.0000,  0.0000,  0.0000,  0.0000]])
tensor([[0.0208, 0.0000, 0.0000, 0.0000, 0.0000, 0.0000]])
tensor([[0.9974, 1.0000, 0.0000, 0.0000, 0.0000, 0.0000]])
tensor([[0.9884, 0.0000, 0.0000, 0.0000, 0.0000, 0.0000]])
tensor([[0.8964, 1.0000, 0.0000, 0.0000, 0.0000, 0.0000]])
tensor([[-0.5974,  1.0000,  0.0000,  0.0000,  0.0000,  0.0000]])
tensor([[0.9934, 1.0000, 0.0000, 0.0000, 0.0000, 0.0000]])
tensor([[0.9925, 1.0000, 0.0000, 0.0000, 1.0000, 0.0000]])
tensor([[0.7789, 1.0000, 0.0000, 0.0000, 0.0000, 0.0000]])
tensor([[-0.5924,  1.0000,  0.0000,  0.0000,  0.0000,  0.0000]])
tensor([[-0.9403,  1.0000,  0.0000,  0.0000,  0.0000,  0.0000]])
tensor([[0.0530, 1.0000, 0.0000, 0.0000, 0.0000, 0.0000]])
tensor([[0.3407, 1.0000, 0.0000, 0.0000, 0.0000, 0.0000]])
tensor([[-0.3342,  1.0000,  0.0000,  0.0000,  0.0000,  0.0000]])
tensor([[-0.9876,  1.0000,  0.0000,  0.0000,  0.0000,  0.0000]])
tensor([[-0.9816,  0.0000,  0.0000,  0.0000,  0.0000,  0.0000]])
tensor([[-0.9056,  1.0000,  0.0000,  1.0000,  0.0000,  0.0000]])
tensor([[0.2164, 1.0000, 0.0000, 0.0000, 0.0000, 0.0000]])
tensor([[0.9346, 1.0000, 0.0000, 0.0000, 0.0000, 0.0000]])
tensor([[-0.7592,  0.0000,  0.0000,  0.0000,  0.0000,  0.0000]])
tensor([[-0.9234,  0.0000,  0.0000,  0.0000,  0.0000,  0.0000]])
tensor([[-0.3213,  1.0000,  0.0000,  0.0000,  0.0000,  0.0000]])
tensor([[0.7691, 1.0000, 0.0000, 0.0000, 0.0000, 0.0000]])
tensor([[-0.7186,  1.0000,  0.0000,  0.0000,  0.0000,  0.0000]])
INFO:root:Agent 0 (TQCars): avg action time = 0.0017s
tensor([[-0.7508,  1.0000,  0.0000,  0.0000,  0.0000,  0.0000]])
tensor([[0.2643, 1.0000, 0.0000, 1.0000, 0.0000, 0.0000]])
tensor([[0.9169, 1.0000, 0.0000, 0.0000, 0.0000, 0.0000]])
tensor([[-0.9573,  1.0000,  0.0000,  0.0000,  0.0000,  0.0000]])
tensor([[-0.8691,  0.0000,  0.0000,  0.0000,  0.0000,  0.0000]])
tensor([[-0.7730,  1.0000,  0.0000,  0.0000,  0.0000,  0.0000]])
tensor([[-0.7275,  0.0000,  0.0000,  0.0000,  0.0000,  0.0000]])
tensor([[0.6402, 1.0000, 0.0000, 0.0000, 0.0000, 0.0000]])
tensor([[-0.1623,  1.0000,  0.0000,  0.0000,  0.0000,  0.0000]])
tensor([[-0.2156,  0.0000,  0.0000,  0.0000,  0.0000,  0.0000]])
{"type": "results", "track": "scotland", "results": [{"key": 0, "reward": 10.260400390625, "position": 4, "name": "TQCars", "avg_action_time": 0.0016509952845013458}]}
