INFO:root:Loading the agents
INFO:root:Loaded player TQCars
INFO:root:Creating pystk-1
INFO:root:Adding wrapper <function get_wrappers.<locals>.<lambda> at 0x7b9bd78f3420>
INFO:root:Adding wrapper <function get_wrappers.<locals>.<lambda> at 0x7b9bd78f34c0>
INFO:root:Adding wrapper <function get_wrappers.<locals>.<lambda> at 0x7b9bd78f3560>
INFO:root:Adding wrapper <function get_wrappers.<locals>.<lambda> at 0x7b9bd78f3600>
INFO:root:(multi-env mono adapter) Setting main environment max_paths to 5
INFO:root:Loading trained model from CHECKPOINT-GPUFAC/tqc_EXP12_900000.pt...
INFO:root:Starting a race
..:: Antarctica Rendering Engine 2.0 ::..
tensor([[0.8193, 0.0000, 0.0000, 0.0000, 0.0000, 0.0000]])
tensor([[0.8133, 1.0000, 0.0000, 0.0000, 0.0000, 0.0000]])
tensor([[0.8186, 1.0000, 0.0000, 0.0000, 0.0000, 0.0000]])
tensor([[0.8429, 1.0000, 0.0000, 0.0000, 0.0000, 0.0000]])
tensor([[0.7302, 1.0000, 0.0000, 0.0000, 0.0000, 0.0000]])
tensor([[0.9085, 1.0000, 0.0000, 0.0000, 0.0000, 0.0000]])
tensor([[0.6910, 1.0000, 0.0000, 0.0000, 0.0000, 0.0000]])
tensor([[0.9023, 1.0000, 0.0000, 0.0000, 0.0000, 0.0000]])
tensor([[0.7984, 1.0000, 0.0000, 0.0000, 0.0000, 0.0000]])
tensor([[0.5113, 1.0000, 0.0000, 0.0000, 0.0000, 0.0000]])
tensor([[0.0945, 0.0000, 0.0000, 0.0000, 0.0000, 0.0000]])
tensor([[0.7718, 0.0000, 0.0000, 0.0000, 0.0000, 0.0000]])
tensor([[0.9254, 1.0000, 0.0000, 0.0000, 0.0000, 0.0000]])
tensor([[0.8573, 0.0000, 0.0000, 0.0000, 0.0000, 0.0000]])
tensor([[0.7194, 0.0000, 0.0000, 0.0000, 0.0000, 0.0000]])
tensor([[0.7886, 1.0000, 0.0000, 0.0000, 0.0000, 0.0000]])
tensor([[0.7506, 1.0000, 0.0000, 0.0000, 0.0000, 0.0000]])
tensor([[0.4504, 1.0000, 0.0000, 0.0000, 0.0000, 0.0000]])
tensor([[0.8349, 1.0000, 0.0000, 0.0000, 0.0000, 0.0000]])
tensor([[0.8401, 1.0000, 0.0000, 0.0000, 0.0000, 0.0000]])
tensor([[0.0205, 1.0000, 0.0000, 0.0000, 0.0000, 0.0000]])
tensor([[-0.4255,  0.0000,  0.0000,  0.0000,  0.0000,  0.0000]])
tensor([[0.5944, 1.0000, 0.0000, 0.0000, 0.0000, 0.0000]])
tensor([[0.3525, 1.0000, 0.0000, 0.0000, 0.0000, 0.0000]])
tensor([[-0.3961,  1.0000,  0.0000,  0.0000,  0.0000,  0.0000]])
tensor([[0.3914, 1.0000, 0.0000, 0.0000, 0.0000, 0.0000]])
tensor([[0.8747, 1.0000, 0.0000, 0.0000, 0.0000, 0.0000]])
tensor([[-0.2353,  1.0000,  0.0000,  0.0000,  0.0000,  0.0000]])
tensor([[0.8174, 1.0000, 0.0000, 0.0000, 0.0000, 0.0000]])
tensor([[-0.8956,  1.0000,  0.0000,  0.0000,  0.0000,  0.0000]])
tensor([[0.9940, 1.0000, 0.0000, 0.0000, 0.0000, 0.0000]])
tensor([[0.8279, 1.0000, 0.0000, 0.0000, 0.0000, 0.0000]])
tensor([[-0.9576,  1.0000,  0.0000,  0.0000,  0.0000,  0.0000]])
tensor([[-0.9867,  1.0000,  0.0000,  0.0000,  0.0000,  0.0000]])
tensor([[-0.4342,  1.0000,  0.0000,  0.0000,  0.0000,  0.0000]])
tensor([[0.7440, 1.0000, 0.0000, 0.0000, 0.0000, 0.0000]])
tensor([[-0.7232,  1.0000,  0.0000,  0.0000,  0.0000,  0.0000]])
tensor([[-0.7240,  0.0000,  0.0000,  0.0000,  0.0000,  0.0000]])
tensor([[0.8666, 1.0000, 0.0000, 0.0000, 0.0000, 0.0000]])
tensor([[-0.0149,  1.0000,  0.0000,  0.0000,  0.0000,  0.0000]])
tensor([[-0.6103,  1.0000,  0.0000,  0.0000,  0.0000,  0.0000]])
tensor([[-0.3126,  1.0000,  0.0000,  1.0000,  0.0000,  0.0000]])
tensor([[0.5045, 1.0000, 0.0000, 0.0000, 0.0000, 0.0000]])
tensor([[0.9856, 1.0000, 0.0000, 0.0000, 0.0000, 0.0000]])
tensor([[0.3005, 1.0000, 1.0000, 0.0000, 0.0000, 0.0000]])
tensor([[-0.9659,  0.0000,  0.0000,  0.0000,  0.0000,  0.0000]])
tensor([[-0.8307,  1.0000,  0.0000,  0.0000,  0.0000,  0.0000]])
tensor([[0.5756, 0.0000, 0.0000, 0.0000, 0.0000, 0.0000]])
tensor([[0.6953, 1.0000, 0.0000, 0.0000, 0.0000, 0.0000]])
tensor([[-0.9699,  1.0000,  0.0000,  0.0000,  0.0000,  0.0000]])
tensor([[-0.8598,  1.0000,  0.0000,  0.0000,  0.0000,  0.0000]])
tensor([[0.9076, 1.0000, 0.0000, 0.0000, 0.0000, 0.0000]])
tensor([[0.0442, 1.0000, 0.0000, 0.0000, 0.0000, 0.0000]])
tensor([[-0.2518,  0.0000,  0.0000,  0.0000,  0.0000,  0.0000]])
tensor([[-0.2142,  1.0000,  0.0000,  0.0000,  0.0000,  0.0000]])
tensor([[-0.1824,  1.0000,  0.0000,  0.0000,  0.0000,  0.0000]])
tensor([[0.3930, 1.0000, 0.0000, 0.0000, 0.0000, 0.0000]])
tensor([[0.5852, 0.0000, 0.0000, 0.0000, 0.0000, 0.0000]])
tensor([[-0.9345,  0.0000,  0.0000,  0.0000,  0.0000,  0.0000]])
tensor([[-0.5795,  1.0000,  0.0000,  0.0000,  0.0000,  0.0000]])
tensor([[0.8236, 1.0000, 0.0000, 0.0000, 0.0000, 0.0000]])
tensor([[0.9294, 1.0000, 0.0000, 0.0000, 0.0000, 0.0000]])
tensor([[-0.9256,  0.0000,  0.0000,  0.0000,  0.0000,  0.0000]])
tensor([[-0.6565,  0.0000,  0.0000,  0.0000,  0.0000,  0.0000]])
tensor([[0.2551, 1.0000, 0.0000, 0.0000, 0.0000, 0.0000]])
tensor([[0.5973, 0.0000, 0.0000, 0.0000, 0.0000, 0.0000]])
tensor([[0.9971, 0.0000, 0.0000, 0.0000, 0.0000, 0.0000]])
tensor([[0.7681, 1.0000, 0.0000, 0.0000, 0.0000, 0.0000]])
tensor([[0.9998, 1.0000, 0.0000, 0.0000, 0.0000, 0.0000]])
tensor([[0.9991, 1.0000, 0.0000, 0.0000, 0.0000, 0.0000]])
tensor([[0.8988, 1.0000, 0.0000, 0.0000, 0.0000, 0.0000]])
tensor([[0.0188, 1.0000, 0.0000, 0.0000, 0.0000, 0.0000]])
tensor([[-0.8614,  0.0000,  0.0000,  0.0000,  0.0000,  0.0000]])
tensor([[-0.4331,  1.0000,  0.0000,  0.0000,  0.0000,  0.0000]])
tensor([[0.7234, 1.0000, 0.0000, 0.0000, 0.0000, 0.0000]])
tensor([[-0.3803,  0.0000,  0.0000,  0.0000,  0.0000,  0.0000]])
tensor([[-0.0194,  1.0000,  0.0000,  0.0000,  0.0000,  0.0000]])
tensor([[-0.4953,  1.0000,  0.0000,  0.0000,  0.0000,  0.0000]])
tensor([[0.0648, 1.0000, 0.0000, 0.0000, 0.0000, 0.0000]])
tensor([[0.2517, 1.0000, 0.0000, 0.0000, 0.0000, 0.0000]])
tensor([[-0.6310,  1.0000,  0.0000,  0.0000,  0.0000,  1.0000]])
tensor([[0.0423, 1.0000, 0.0000, 0.0000, 0.0000, 0.0000]])
tensor([[-0.2850,  1.0000,  0.0000,  0.0000,  0.0000,  0.0000]])
tensor([[-0.2849,  1.0000,  0.0000,  0.0000,  0.0000,  0.0000]])
tensor([[-0.3798,  1.0000,  0.0000,  0.0000,  0.0000,  0.0000]])
tensor([[0.2264, 1.0000, 0.0000, 0.0000, 0.0000, 0.0000]])
tensor([[-0.6809,  1.0000,  0.0000,  0.0000,  0.0000,  0.0000]])
tensor([[-0.6701,  1.0000,  0.0000,  0.0000,  0.0000,  0.0000]])
tensor([[0.1154, 1.0000, 0.0000, 0.0000, 0.0000, 0.0000]])
tensor([[-0.2504,  1.0000,  0.0000,  0.0000,  0.0000,  0.0000]])
tensor([[-0.8168,  1.0000,  0.0000,  0.0000,  0.0000,  0.0000]])
tensor([[-0.2074,  1.0000,  0.0000,  0.0000,  0.0000,  0.0000]])
tensor([[-0.6829,  1.0000,  0.0000,  0.0000,  0.0000,  0.0000]])
tensor([[-0.1651,  1.0000,  0.0000,  0.0000,  0.0000,  0.0000]])
tensor([[0.0736, 1.0000, 0.0000, 0.0000, 0.0000, 0.0000]])
tensor([[-0.3737,  0.0000,  0.0000,  0.0000,  0.0000,  0.0000]])
tensor([[-0.7216,  1.0000,  0.0000,  0.0000,  0.0000,  0.0000]])
tensor([[0.0890, 1.0000, 0.0000, 0.0000, 0.0000, 0.0000]])
tensor([[0.5282, 0.0000, 0.0000, 0.0000, 0.0000, 0.0000]])
tensor([[-0.9835,  1.0000,  0.0000,  0.0000,  0.0000,  0.0000]])
tensor([[-0.8952,  1.0000,  0.0000,  0.0000,  0.0000,  0.0000]])
tensor([[0.0939, 1.0000, 0.0000, 0.0000, 0.0000, 0.0000]])
tensor([[-0.8396,  0.0000,  0.0000,  0.0000,  0.0000,  0.0000]])
tensor([[-0.5418,  1.0000,  0.0000,  0.0000,  0.0000,  0.0000]])
tensor([[0.2384, 0.0000, 0.0000, 0.0000, 0.0000, 0.0000]])
tensor([[0.1022, 1.0000, 0.0000, 0.0000, 0.0000, 0.0000]])
tensor([[-0.9634,  0.0000,  0.0000,  0.0000,  0.0000,  0.0000]])
tensor([[-0.9806,  1.0000,  0.0000,  0.0000,  0.0000,  0.0000]])
tensor([[-0.3686,  1.0000,  0.0000,  0.0000,  0.0000,  0.0000]])
tensor([[0.1576, 0.0000, 0.0000, 0.0000, 0.0000, 0.0000]])
tensor([[-0.7128,  0.0000,  0.0000,  0.0000,  0.0000,  0.0000]])
tensor([[0.0181, 1.0000, 0.0000, 0.0000, 0.0000, 0.0000]])
tensor([[0.1256, 1.0000, 0.0000, 0.0000, 0.0000, 0.0000]])
tensor([[-0.4152,  0.0000,  0.0000,  0.0000,  0.0000,  0.0000]])
tensor([[0.9197, 1.0000, 0.0000, 0.0000, 0.0000, 0.0000]])
tensor([[-0.2437,  0.0000,  0.0000,  0.0000,  0.0000,  0.0000]])
tensor([[-0.7213,  0.0000,  0.0000,  0.0000,  0.0000,  0.0000]])
tensor([[0.9942, 1.0000, 0.0000, 0.0000, 0.0000, 0.0000]])
tensor([[0.8896, 0.0000, 0.0000, 0.0000, 0.0000, 0.0000]])
tensor([[-0.9307,  1.0000,  0.0000,  0.0000,  0.0000,  0.0000]])
tensor([[0.9673, 1.0000, 0.0000, 0.0000, 0.0000, 0.0000]])
tensor([[0.5198, 1.0000, 0.0000, 0.0000, 0.0000, 0.0000]])
tensor([[-0.8667,  1.0000,  0.0000,  0.0000,  0.0000,  0.0000]])
tensor([[-0.1222,  1.0000,  0.0000,  0.0000,  0.0000,  0.0000]])
tensor([[0.2307, 1.0000, 0.0000, 0.0000, 0.0000, 0.0000]])
tensor([[0.9936, 1.0000, 0.0000, 0.0000, 0.0000, 0.0000]])
tensor([[0.6769, 1.0000, 0.0000, 0.0000, 0.0000, 0.0000]])
tensor([[-0.7214,  1.0000,  0.0000,  0.0000,  0.0000,  0.0000]])
tensor([[-0.4777,  1.0000,  0.0000,  0.0000,  0.0000,  0.0000]])
tensor([[0.3961, 0.0000, 0.0000, 0.0000, 0.0000, 0.0000]])
tensor([[-0.0375,  1.0000,  0.0000,  0.0000,  0.0000,  0.0000]])
tensor([[-0.2501,  1.0000,  0.0000,  0.0000,  0.0000,  0.0000]])
tensor([[0.9902, 1.0000, 0.0000, 0.0000, 0.0000, 0.0000]])
tensor([[0.9589, 1.0000, 0.0000, 0.0000, 0.0000, 0.0000]])
tensor([[0.0770, 1.0000, 0.0000, 0.0000, 0.0000, 0.0000]])
tensor([[-0.5817,  1.0000,  0.0000,  0.0000,  0.0000,  0.0000]])
tensor([[-0.1966,  1.0000,  0.0000,  0.0000,  0.0000,  0.0000]])
tensor([[0.2528, 1.0000, 0.0000, 0.0000, 0.0000, 0.0000]])
tensor([[-0.0956,  1.0000,  0.0000,  0.0000,  0.0000,  0.0000]])
tensor([[0.2408, 1.0000, 0.0000, 0.0000, 0.0000, 0.0000]])
tensor([[-0.2252,  1.0000,  0.0000,  0.0000,  0.0000,  0.0000]])
tensor([[-0.3997,  1.0000,  0.0000,  0.0000,  0.0000,  0.0000]])
tensor([[-0.1657,  1.0000,  0.0000,  0.0000,  0.0000,  0.0000]])
tensor([[0.0496, 1.0000, 0.0000, 0.0000, 0.0000, 0.0000]])
tensor([[0.0188, 1.0000, 0.0000, 0.0000, 0.0000, 0.0000]])
tensor([[-0.2387,  1.0000,  0.0000,  0.0000,  0.0000,  0.0000]])
tensor([[-0.9516,  0.0000,  0.0000,  0.0000,  0.0000,  0.0000]])
tensor([[-0.8472,  1.0000,  0.0000,  0.0000,  0.0000,  0.0000]])
tensor([[-0.3348,  0.0000,  0.0000,  0.0000,  0.0000,  0.0000]])
tensor([[-0.1971,  0.0000,  0.0000,  0.0000,  0.0000,  0.0000]])
tensor([[-0.5141,  1.0000,  0.0000,  0.0000,  0.0000,  0.0000]])
tensor([[0.8251, 1.0000, 0.0000, 0.0000, 0.0000, 0.0000]])
tensor([[0.2100, 1.0000, 0.0000, 0.0000, 0.0000, 0.0000]])
tensor([[-0.8554,  0.0000,  0.0000,  0.0000,  0.0000,  0.0000]])
tensor([[-0.8001,  1.0000,  0.0000,  0.0000,  0.0000,  0.0000]])
tensor([[0.0451, 1.0000, 0.0000, 0.0000, 1.0000, 0.0000]])
tensor([[0.7399, 1.0000, 0.0000, 0.0000, 0.0000, 0.0000]])
tensor([[0.0305, 1.0000, 0.0000, 0.0000, 0.0000, 0.0000]])
tensor([[-0.4900,  1.0000,  0.0000,  0.0000,  0.0000,  0.0000]])
tensor([[-0.0159,  1.0000,  0.0000,  0.0000,  0.0000,  0.0000]])
tensor([[-0.7073,  1.0000,  0.0000,  0.0000,  0.0000,  0.0000]])
tensor([[-0.6161,  1.0000,  0.0000,  0.0000,  0.0000,  0.0000]])
tensor([[0.4417, 1.0000, 0.0000, 0.0000, 0.0000, 0.0000]])
tensor([[-0.2642,  1.0000,  0.0000,  0.0000,  0.0000,  0.0000]])
tensor([[-0.1900,  1.0000,  0.0000,  0.0000,  0.0000,  0.0000]])
tensor([[-0.9771,  1.0000,  0.0000,  0.0000,  0.0000,  0.0000]])
tensor([[-0.7385,  1.0000,  0.0000,  0.0000,  0.0000,  0.0000]])
tensor([[0.2749, 1.0000, 0.0000, 0.0000, 0.0000, 0.0000]])
tensor([[-0.9829,  1.0000,  0.0000,  0.0000,  0.0000,  0.0000]])
tensor([[-0.9794,  1.0000,  0.0000,  0.0000,  0.0000,  0.0000]])
tensor([[-0.9654,  0.0000,  0.0000,  0.0000,  0.0000,  0.0000]])
tensor([[-0.3071,  1.0000,  0.0000,  0.0000,  0.0000,  0.0000]])
tensor([[-0.9958,  1.0000,  0.0000,  0.0000,  0.0000,  0.0000]])
tensor([[-0.9916,  1.0000,  0.0000,  0.0000,  0.0000,  0.0000]])
tensor([[-0.9593,  1.0000,  0.0000,  0.0000,  0.0000,  0.0000]])
tensor([[-0.9358,  1.0000,  0.0000,  0.0000,  0.0000,  0.0000]])
tensor([[0.3113, 1.0000, 0.0000, 0.0000, 0.0000, 0.0000]])
tensor([[0.1053, 1.0000, 0.0000, 0.0000, 0.0000, 0.0000]])
tensor([[-0.9506,  1.0000,  0.0000,  0.0000,  0.0000,  0.0000]])
tensor([[-0.9446,  1.0000,  0.0000,  0.0000,  0.0000,  0.0000]])
tensor([[-0.9818,  0.0000,  0.0000,  0.0000,  0.0000,  0.0000]])
tensor([[-0.8185,  1.0000,  0.0000,  0.0000,  0.0000,  0.0000]])
tensor([[0.4434, 1.0000, 0.0000, 0.0000, 0.0000, 0.0000]])
tensor([[-0.9817,  1.0000,  0.0000,  0.0000,  0.0000,  0.0000]])
tensor([[-0.9845,  1.0000,  0.0000,  0.0000,  0.0000,  0.0000]])
tensor([[-0.5945,  0.0000,  0.0000,  0.0000,  0.0000,  0.0000]])
tensor([[-0.9780,  1.0000,  0.0000,  0.0000,  0.0000,  0.0000]])
tensor([[-0.9833,  0.0000,  1.0000,  0.0000,  0.0000,  0.0000]])
tensor([[-0.9531,  0.0000,  0.0000,  0.0000,  0.0000,  1.0000]])
tensor([[0.0956, 1.0000, 0.0000, 0.0000, 0.0000, 0.0000]])
tensor([[0.9085, 1.0000, 0.0000, 0.0000, 0.0000, 0.0000]])
tensor([[0.0667, 1.0000, 0.0000, 0.0000, 0.0000, 0.0000]])
tensor([[-0.8192,  1.0000,  0.0000,  0.0000,  0.0000,  0.0000]])
tensor([[-0.2683,  1.0000,  0.0000,  0.0000,  0.0000,  0.0000]])
tensor([[0.9785, 1.0000, 0.0000, 0.0000, 0.0000, 0.0000]])
tensor([[0.9931, 1.0000, 0.0000, 0.0000, 0.0000, 0.0000]])
tensor([[0.9982, 1.0000, 0.0000, 0.0000, 0.0000, 0.0000]])
tensor([[0.6807, 1.0000, 0.0000, 0.0000, 0.0000, 0.0000]])
tensor([[-0.7591,  1.0000,  0.0000,  0.0000,  0.0000,  0.0000]])
tensor([[0.9996, 1.0000, 0.0000, 0.0000, 0.0000, 0.0000]])
tensor([[0.9978, 1.0000, 0.0000, 0.0000, 0.0000, 0.0000]])
tensor([[0.9997, 1.0000, 0.0000, 0.0000, 0.0000, 0.0000]])
tensor([[0.9981, 1.0000, 0.0000, 0.0000, 0.0000, 0.0000]])
tensor([[0.9991, 1.0000, 0.0000, 0.0000, 0.0000, 0.0000]])
tensor([[0.9984, 1.0000, 0.0000, 0.0000, 0.0000, 0.0000]])
tensor([[0.9005, 1.0000, 0.0000, 0.0000, 0.0000, 0.0000]])
tensor([[0.1425, 0.0000, 0.0000, 0.0000, 0.0000, 0.0000]])
tensor([[-0.9593,  0.0000,  0.0000,  0.0000,  0.0000,  0.0000]])
tensor([[-0.9602,  1.0000,  0.0000,  0.0000,  0.0000,  0.0000]])
tensor([[-0.3027,  0.0000,  0.0000,  0.0000,  0.0000,  0.0000]])
tensor([[-0.8118,  0.0000,  0.0000,  0.0000,  0.0000,  0.0000]])
tensor([[-0.6564,  1.0000,  0.0000,  0.0000,  0.0000,  0.0000]])
tensor([[-0.0250,  1.0000,  0.0000,  0.0000,  0.0000,  0.0000]])
tensor([[-0.9957,  1.0000,  0.0000,  0.0000,  0.0000,  0.0000]])
tensor([[-0.9993,  0.0000,  0.0000,  0.0000,  0.0000,  0.0000]])
tensor([[-0.9972,  0.0000,  0.0000,  0.0000,  0.0000,  0.0000]])
tensor([[-0.9900,  1.0000,  0.0000,  0.0000,  0.0000,  0.0000]])
tensor([[-0.9769,  1.0000,  0.0000,  0.0000,  0.0000,  0.0000]])
tensor([[-0.9664,  0.0000,  0.0000,  0.0000,  0.0000,  0.0000]])
tensor([[-0.7467,  0.0000,  0.0000,  0.0000,  0.0000,  0.0000]])
tensor([[0.9646, 0.0000, 0.0000, 0.0000, 0.0000, 0.0000]])
tensor([[0.6400, 1.0000, 0.0000, 0.0000, 0.0000, 0.0000]])
tensor([[0.0412, 1.0000, 0.0000, 0.0000, 0.0000, 0.0000]])
tensor([[-0.0621,  1.0000,  0.0000,  0.0000,  0.0000,  0.0000]])
tensor([[0.9810, 1.0000, 0.0000, 0.0000, 0.0000, 0.0000]])
tensor([[0.9257, 1.0000, 0.0000, 0.0000, 0.0000, 0.0000]])
tensor([[0.9901, 1.0000, 0.0000, 0.0000, 0.0000, 0.0000]])
tensor([[0.9790, 1.0000, 0.0000, 0.0000, 0.0000, 0.0000]])
tensor([[0.2468, 0.0000, 0.0000, 0.0000, 0.0000, 0.0000]])
tensor([[-0.8035,  1.0000,  0.0000,  0.0000,  0.0000,  0.0000]])
tensor([[-0.5153,  1.0000,  0.0000,  0.0000,  0.0000,  0.0000]])
tensor([[0.7055, 1.0000, 0.0000, 0.0000, 0.0000, 0.0000]])
tensor([[-0.1858,  1.0000,  0.0000,  0.0000,  0.0000,  0.0000]])
tensor([[-0.8327,  0.0000,  0.0000,  0.0000,  0.0000,  0.0000]])
tensor([[-0.5142,  1.0000,  0.0000,  0.0000,  0.0000,  0.0000]])
tensor([[-0.6825,  0.0000,  0.0000,  0.0000,  0.0000,  0.0000]])
tensor([[-0.0802,  1.0000,  0.0000,  0.0000,  0.0000,  0.0000]])
tensor([[-0.9232,  1.0000,  0.0000,  0.0000,  0.0000,  0.0000]])
tensor([[-0.9058,  0.0000,  0.0000,  0.0000,  0.0000,  0.0000]])
tensor([[-0.0805,  1.0000,  0.0000,  0.0000,  0.0000,  0.0000]])
tensor([[0.5885, 1.0000, 0.0000, 0.0000, 0.0000, 0.0000]])
tensor([[-0.9787,  1.0000,  0.0000,  0.0000,  0.0000,  0.0000]])
tensor([[-0.9928,  0.0000,  0.0000,  0.0000,  0.0000,  0.0000]])
tensor([[-0.9924,  0.0000,  0.0000,  0.0000,  0.0000,  0.0000]])
tensor([[-0.7300,  1.0000,  0.0000,  0.0000,  0.0000,  0.0000]])
tensor([[-0.9971,  0.0000,  0.0000,  0.0000,  0.0000,  0.0000]])
tensor([[-0.9734,  1.0000,  0.0000,  0.0000,  0.0000,  0.0000]])
tensor([[-0.9682,  1.0000,  0.0000,  0.0000,  0.0000,  0.0000]])
tensor([[0.9430, 1.0000, 1.0000, 0.0000, 0.0000, 0.0000]])
tensor([[-0.9459,  1.0000,  0.0000,  0.0000,  0.0000,  0.0000]])
tensor([[0.6313, 0.0000, 0.0000, 0.0000, 0.0000, 0.0000]])
tensor([[0.0888, 0.0000, 0.0000, 0.0000, 0.0000, 0.0000]])
tensor([[-0.3226,  0.0000,  0.0000,  0.0000,  0.0000,  0.0000]])
tensor([[0.8182, 0.0000, 0.0000, 0.0000, 0.0000, 0.0000]])
tensor([[-0.3600,  0.0000,  0.0000,  0.0000,  0.0000,  0.0000]])
tensor([[0.5524, 0.0000, 0.0000, 0.0000, 0.0000, 0.0000]])
tensor([[0.8576, 1.0000, 0.0000, 0.0000, 0.0000, 0.0000]])
tensor([[0.2165, 0.0000, 0.0000, 0.0000, 0.0000, 0.0000]])
tensor([[-0.7776,  1.0000,  0.0000,  0.0000,  0.0000,  0.0000]])
tensor([[0.6938, 0.0000, 1.0000, 0.0000, 0.0000, 0.0000]])
tensor([[-0.2297,  0.0000,  0.0000,  0.0000,  0.0000,  0.0000]])
tensor([[0.0026, 0.0000, 1.0000, 0.0000, 0.0000, 0.0000]])
tensor([[0.3344, 1.0000, 0.0000, 0.0000, 0.0000, 0.0000]])
tensor([[0.7892, 1.0000, 1.0000, 0.0000, 0.0000, 0.0000]])
tensor([[-0.6942,  0.0000,  0.0000,  0.0000,  0.0000,  0.0000]])
tensor([[-0.9324,  0.0000,  0.0000,  0.0000,  0.0000,  0.0000]])
tensor([[-0.5202,  0.0000,  0.0000,  0.0000,  0.0000,  0.0000]])
tensor([[0.8362, 1.0000, 0.0000, 0.0000, 0.0000, 0.0000]])
tensor([[-0.9321,  0.0000,  1.0000,  0.0000,  0.0000,  0.0000]])
tensor([[-0.8631,  0.0000,  0.0000,  0.0000,  0.0000,  0.0000]])
tensor([[-0.0651,  0.0000,  1.0000,  0.0000,  0.0000,  0.0000]])
tensor([[0.4092, 0.0000, 0.0000, 0.0000, 0.0000, 0.0000]])
tensor([[0.4713, 0.0000, 0.0000, 0.0000, 0.0000, 0.0000]])
tensor([[-0.2908,  0.0000,  0.0000,  0.0000,  0.0000,  0.0000]])
tensor([[-0.7315,  0.0000,  1.0000,  0.0000,  0.0000,  0.0000]])
tensor([[0.5090, 0.0000, 0.0000, 0.0000, 0.0000, 0.0000]])
tensor([[-0.9369,  0.0000,  0.0000,  0.0000,  0.0000,  0.0000]])
tensor([[-0.6917,  0.0000,  0.0000,  0.0000,  0.0000,  0.0000]])
tensor([[-0.9784,  1.0000,  0.0000,  0.0000,  0.0000,  0.0000]])
tensor([[-0.8928,  1.0000,  1.0000,  0.0000,  0.0000,  0.0000]])
tensor([[-0.9509,  1.0000,  0.0000,  0.0000,  0.0000,  0.0000]])
tensor([[-0.9551,  0.0000,  0.0000,  0.0000,  0.0000,  0.0000]])
tensor([[-0.8348,  0.0000,  1.0000,  0.0000,  0.0000,  0.0000]])
tensor([[0.6718, 0.0000, 1.0000, 0.0000, 0.0000, 0.0000]])
tensor([[-0.9447,  0.0000,  1.0000,  0.0000,  0.0000,  0.0000]])
tensor([[-0.8823,  0.0000,  0.0000,  0.0000,  0.0000,  0.0000]])
tensor([[-0.9006,  1.0000,  0.0000,  0.0000,  0.0000,  0.0000]])
tensor([[-0.4210,  0.0000,  0.0000,  0.0000,  0.0000,  0.0000]])
tensor([[-0.8741,  0.0000,  0.0000,  0.0000,  0.0000,  0.0000]])
tensor([[-0.7564,  0.0000,  1.0000,  0.0000,  0.0000,  0.0000]])
tensor([[-0.7539,  0.0000,  0.0000,  0.0000,  0.0000,  0.0000]])
tensor([[-0.9849,  0.0000,  0.0000,  0.0000,  0.0000,  0.0000]])
tensor([[0.4859, 0.0000, 0.0000, 0.0000, 0.0000, 0.0000]])
tensor([[-0.1262,  0.0000,  0.0000,  0.0000,  0.0000,  0.0000]])
tensor([[0.5901, 0.0000, 0.0000, 0.0000, 0.0000, 0.0000]])
tensor([[-0.6836,  0.0000,  0.0000,  0.0000,  0.0000,  0.0000]])
tensor([[-0.6794,  0.0000,  1.0000,  0.0000,  0.0000,  0.0000]])
tensor([[-0.4722,  0.0000,  1.0000,  0.0000,  0.0000,  0.0000]])
tensor([[-0.1751,  1.0000,  0.0000,  0.0000,  0.0000,  0.0000]])
tensor([[-0.7787,  0.0000,  0.0000,  0.0000,  0.0000,  0.0000]])
tensor([[-0.3240,  0.0000,  0.0000,  0.0000,  0.0000,  0.0000]])
tensor([[-0.9139,  0.0000,  0.0000,  0.0000,  0.0000,  0.0000]])
tensor([[-0.5621,  0.0000,  0.0000,  0.0000,  0.0000,  0.0000]])
tensor([[-0.9775,  0.0000,  0.0000,  0.0000,  0.0000,  0.0000]])
tensor([[0.4896, 0.0000, 0.0000, 0.0000, 0.0000, 0.0000]])
tensor([[-0.8292,  0.0000,  0.0000,  0.0000,  0.0000,  0.0000]])
tensor([[-0.9759,  0.0000,  0.0000,  0.0000,  0.0000,  0.0000]])
tensor([[-0.7528,  0.0000,  0.0000,  0.0000,  0.0000,  0.0000]])
tensor([[-0.8826,  0.0000,  0.0000,  0.0000,  0.0000,  0.0000]])
tensor([[-0.6585,  1.0000,  0.0000,  0.0000,  0.0000,  0.0000]])
tensor([[-0.3540,  0.0000,  0.0000,  0.0000,  0.0000,  0.0000]])
tensor([[-0.5121,  0.0000,  0.0000,  0.0000,  0.0000,  0.0000]])
tensor([[-0.3267,  1.0000,  0.0000,  0.0000,  0.0000,  0.0000]])
tensor([[-0.0019,  0.0000,  0.0000,  0.0000,  0.0000,  0.0000]])
tensor([[0.2892, 0.0000, 1.0000, 0.0000, 0.0000, 0.0000]])
tensor([[0.5913, 1.0000, 0.0000, 0.0000, 0.0000, 0.0000]])
tensor([[-0.3145,  0.0000,  0.0000,  0.0000,  0.0000,  0.0000]])
tensor([[0.3571, 1.0000, 0.0000, 0.0000, 0.0000, 0.0000]])
tensor([[0.0750, 1.0000, 0.0000, 0.0000, 0.0000, 0.0000]])
tensor([[-0.9680,  0.0000,  1.0000,  0.0000,  0.0000,  0.0000]])
tensor([[0.0269, 0.0000, 0.0000, 0.0000, 0.0000, 0.0000]])
tensor([[0.2384, 0.0000, 0.0000, 0.0000, 0.0000, 0.0000]])
tensor([[-0.6728,  0.0000,  0.0000,  0.0000,  0.0000,  0.0000]])
tensor([[-0.1077,  0.0000,  0.0000,  0.0000,  0.0000,  0.0000]])
tensor([[-0.7702,  1.0000,  0.0000,  0.0000,  0.0000,  0.0000]])
tensor([[-0.5860,  0.0000,  0.0000,  0.0000,  0.0000,  0.0000]])
tensor([[-0.1045,  1.0000,  0.0000,  0.0000,  0.0000,  0.0000]])
tensor([[-0.5286,  0.0000,  0.0000,  0.0000,  0.0000,  0.0000]])
tensor([[-0.8559,  0.0000,  1.0000,  0.0000,  0.0000,  0.0000]])
tensor([[0.2750, 0.0000, 0.0000, 0.0000, 0.0000, 0.0000]])
tensor([[-0.4868,  0.0000,  0.0000,  0.0000,  0.0000,  0.0000]])
tensor([[-0.2763,  0.0000,  0.0000,  0.0000,  0.0000,  0.0000]])
tensor([[-0.9432,  0.0000,  0.0000,  0.0000,  0.0000,  0.0000]])
tensor([[-0.7562,  0.0000,  0.0000,  0.0000,  0.0000,  0.0000]])
tensor([[-0.1304,  0.0000,  0.0000,  0.0000,  0.0000,  0.0000]])
tensor([[-0.0933,  1.0000,  0.0000,  0.0000,  0.0000,  0.0000]])
tensor([[0.1023, 0.0000, 0.0000, 0.0000, 0.0000, 0.0000]])
tensor([[-0.9658,  0.0000,  0.0000,  0.0000,  0.0000,  0.0000]])
tensor([[0.2127, 0.0000, 0.0000, 0.0000, 0.0000, 0.0000]])
tensor([[0.4560, 0.0000, 1.0000, 0.0000, 0.0000, 0.0000]])
tensor([[0.4782, 1.0000, 0.0000, 0.0000, 0.0000, 0.0000]])
tensor([[-0.4610,  0.0000,  1.0000,  0.0000,  0.0000,  0.0000]])
tensor([[0.0554, 0.0000, 0.0000, 0.0000, 0.0000, 0.0000]])
tensor([[-0.6715,  0.0000,  0.0000,  0.0000,  0.0000,  0.0000]])
tensor([[0.7506, 0.0000, 0.0000, 0.0000, 0.0000, 0.0000]])
tensor([[-0.3180,  0.0000,  0.0000,  0.0000,  0.0000,  0.0000]])
tensor([[-0.1516,  0.0000,  0.0000,  0.0000,  0.0000,  0.0000]])
tensor([[0.4510, 0.0000, 0.0000, 0.0000, 0.0000, 0.0000]])
tensor([[-0.6081,  0.0000,  0.0000,  0.0000,  0.0000,  0.0000]])
tensor([[-0.2440,  0.0000,  0.0000,  0.0000,  0.0000,  0.0000]])
tensor([[-0.9316,  0.0000,  0.0000,  0.0000,  0.0000,  0.0000]])
tensor([[-0.8166,  0.0000,  0.0000,  0.0000,  0.0000,  0.0000]])
tensor([[0.9735, 0.0000, 0.0000, 0.0000, 0.0000, 0.0000]])
tensor([[0.7312, 0.0000, 0.0000, 0.0000, 0.0000, 0.0000]])
tensor([[-0.5282,  1.0000,  0.0000,  0.0000,  0.0000,  0.0000]])
tensor([[-0.7471,  0.0000,  1.0000,  0.0000,  0.0000,  0.0000]])
tensor([[-0.6314,  1.0000,  1.0000,  0.0000,  0.0000,  0.0000]])
tensor([[-0.5789,  0.0000,  0.0000,  0.0000,  0.0000,  0.0000]])
tensor([[0.9866, 0.0000, 0.0000, 0.0000, 0.0000, 0.0000]])
tensor([[0.9863, 1.0000, 0.0000, 0.0000, 0.0000, 0.0000]])
tensor([[0.9858, 1.0000, 0.0000, 0.0000, 0.0000, 0.0000]])
tensor([[0.9942, 1.0000, 0.0000, 0.0000, 0.0000, 0.0000]])
tensor([[0.9877, 1.0000, 0.0000, 0.0000, 0.0000, 0.0000]])
tensor([[0.9975, 1.0000, 0.0000, 0.0000, 0.0000, 0.0000]])
tensor([[0.9959, 0.0000, 0.0000, 0.0000, 0.0000, 0.0000]])
tensor([[0.9854, 1.0000, 0.0000, 0.0000, 0.0000, 0.0000]])
tensor([[0.9957, 1.0000, 0.0000, 0.0000, 0.0000, 0.0000]])
tensor([[0.9985, 1.0000, 0.0000, 0.0000, 0.0000, 0.0000]])
tensor([[0.9995, 1.0000, 0.0000, 0.0000, 0.0000, 0.0000]])
tensor([[0.9995, 1.0000, 0.0000, 0.0000, 0.0000, 0.0000]])
tensor([[0.9992, 1.0000, 0.0000, 0.0000, 0.0000, 0.0000]])
tensor([[0.9465, 1.0000, 0.0000, 0.0000, 0.0000, 0.0000]])
tensor([[-0.9967,  1.0000,  0.0000,  0.0000,  0.0000,  0.0000]])
tensor([[-0.9981,  1.0000,  0.0000,  0.0000,  0.0000,  0.0000]])
tensor([[-0.9922,  1.0000,  0.0000,  0.0000,  0.0000,  0.0000]])
tensor([[-0.9882,  1.0000,  0.0000,  0.0000,  0.0000,  0.0000]])
tensor([[-0.9959,  0.0000,  0.0000,  0.0000,  0.0000,  0.0000]])
tensor([[-0.9864,  1.0000,  0.0000,  0.0000,  0.0000,  0.0000]])
tensor([[-0.3718,  0.0000,  0.0000,  0.0000,  0.0000,  0.0000]])
tensor([[-0.9953,  1.0000,  0.0000,  0.0000,  0.0000,  0.0000]])
tensor([[-0.9964,  1.0000,  0.0000,  0.0000,  0.0000,  0.0000]])
tensor([[0.8600, 0.0000, 0.0000, 1.0000, 0.0000, 0.0000]])
tensor([[-0.8544,  0.0000,  0.0000,  0.0000,  0.0000,  0.0000]])
tensor([[-0.9810,  1.0000,  0.0000,  0.0000,  0.0000,  0.0000]])
tensor([[-0.9879,  1.0000,  0.0000,  0.0000,  0.0000,  0.0000]])
tensor([[0.8853, 1.0000, 0.0000, 0.0000, 0.0000, 0.0000]])
tensor([[-0.9073,  0.0000,  0.0000,  0.0000,  0.0000,  0.0000]])
tensor([[-0.5208,  1.0000,  0.0000,  0.0000,  0.0000,  0.0000]])
tensor([[0.9963, 1.0000, 0.0000, 0.0000, 0.0000, 0.0000]])
tensor([[-0.9058,  1.0000,  0.0000,  0.0000,  0.0000,  0.0000]])
tensor([[-0.2075,  1.0000,  0.0000,  0.0000,  0.0000,  0.0000]])
tensor([[0.9904, 0.0000, 0.0000, 0.0000, 0.0000, 0.0000]])
tensor([[0.9965, 0.0000, 0.0000, 0.0000, 0.0000, 0.0000]])
tensor([[-0.5065,  1.0000,  0.0000,  0.0000,  0.0000,  0.0000]])
tensor([[-0.9941,  1.0000,  0.0000,  0.0000,  0.0000,  0.0000]])
tensor([[0.9762, 1.0000, 0.0000, 0.0000, 0.0000, 0.0000]])
tensor([[0.9646, 1.0000, 0.0000, 0.0000, 0.0000, 0.0000]])
tensor([[-0.7986,  1.0000,  0.0000,  0.0000,  0.0000,  0.0000]])
tensor([[-0.8655,  1.0000,  0.0000,  0.0000,  0.0000,  0.0000]])
tensor([[0.9993, 1.0000, 0.0000, 0.0000, 0.0000, 0.0000]])
tensor([[0.9681, 1.0000, 0.0000, 0.0000, 0.0000, 0.0000]])
tensor([[-0.9999,  0.0000,  0.0000,  0.0000,  0.0000,  0.0000]])
tensor([[-0.9993,  1.0000,  0.0000,  0.0000,  0.0000,  0.0000]])
tensor([[0.9832, 1.0000, 0.0000, 0.0000, 0.0000, 0.0000]])
tensor([[-0.5547,  1.0000,  0.0000,  0.0000,  0.0000,  0.0000]])
tensor([[0.9979, 1.0000, 0.0000, 0.0000, 0.0000, 0.0000]])
tensor([[0.8229, 1.0000, 0.0000, 0.0000, 0.0000, 0.0000]])
tensor([[-0.9988,  1.0000,  0.0000,  0.0000,  0.0000,  0.0000]])
tensor([[-0.9946,  1.0000,  0.0000,  0.0000,  0.0000,  0.0000]])
tensor([[0.9532, 1.0000, 0.0000, 0.0000, 0.0000, 0.0000]])
tensor([[-0.9782,  0.0000,  0.0000,  0.0000,  1.0000,  0.0000]])
tensor([[0.5596, 1.0000, 0.0000, 0.0000, 0.0000, 0.0000]])
tensor([[0.9841, 1.0000, 0.0000, 0.0000, 0.0000, 0.0000]])
tensor([[-0.9995,  1.0000,  0.0000,  0.0000,  0.0000,  0.0000]])
tensor([[-0.9851,  0.0000,  0.0000,  0.0000,  0.0000,  0.0000]])
tensor([[0.9992, 1.0000, 0.0000, 0.0000, 0.0000, 0.0000]])
tensor([[0.4173, 1.0000, 0.0000, 0.0000, 0.0000, 0.0000]])
tensor([[-0.9881,  1.0000,  0.0000,  0.0000,  0.0000,  0.0000]])
tensor([[0.9996, 0.0000, 0.0000, 0.0000, 0.0000, 0.0000]])
tensor([[0.9955, 1.0000, 0.0000, 0.0000, 0.0000, 0.0000]])
tensor([[-0.9770,  1.0000,  0.0000,  0.0000,  1.0000,  0.0000]])
tensor([[-0.9940,  0.0000,  0.0000,  0.0000,  0.0000,  0.0000]])
tensor([[0.7316, 0.0000, 0.0000, 0.0000, 0.0000, 0.0000]])
tensor([[0.6042, 0.0000, 0.0000, 0.0000, 0.0000, 0.0000]])
tensor([[-0.9965,  0.0000,  0.0000,  0.0000,  0.0000,  0.0000]])
tensor([[-0.9917,  1.0000,  0.0000,  0.0000,  1.0000,  0.0000]])
tensor([[0.9928, 1.0000, 0.0000, 0.0000, 0.0000, 0.0000]])
tensor([[0.9681, 1.0000, 0.0000, 0.0000, 0.0000, 0.0000]])
tensor([[-0.9977,  1.0000,  0.0000,  0.0000,  0.0000,  0.0000]])
tensor([[-0.9732,  1.0000,  0.0000,  0.0000,  0.0000,  0.0000]])
tensor([[0.9913, 1.0000, 0.0000, 0.0000, 0.0000, 0.0000]])
tensor([[-0.8928,  1.0000,  0.0000,  0.0000,  0.0000,  0.0000]])
tensor([[0.5161, 1.0000, 0.0000, 0.0000, 0.0000, 0.0000]])
tensor([[0.9376, 1.0000, 0.0000, 0.0000, 0.0000, 0.0000]])
tensor([[-0.0838,  1.0000,  0.0000,  0.0000,  0.0000,  0.0000]])
tensor([[0.1220, 1.0000, 0.0000, 0.0000, 0.0000, 0.0000]])
tensor([[0.9963, 0.0000, 0.0000, 0.0000, 0.0000, 0.0000]])
tensor([[0.9899, 1.0000, 0.0000, 0.0000, 0.0000, 0.0000]])
tensor([[0.9858, 1.0000, 0.0000, 0.0000, 0.0000, 0.0000]])
tensor([[0.9970, 1.0000, 0.0000, 0.0000, 0.0000, 0.0000]])
tensor([[0.9983, 1.0000, 0.0000, 0.0000, 0.0000, 0.0000]])
tensor([[0.9986, 1.0000, 0.0000, 0.0000, 0.0000, 0.0000]])
tensor([[0.9986, 1.0000, 0.0000, 0.0000, 0.0000, 0.0000]])
tensor([[0.9918, 1.0000, 0.0000, 0.0000, 0.0000, 0.0000]])
tensor([[0.9913, 1.0000, 0.0000, 0.0000, 0.0000, 0.0000]])
tensor([[0.9885, 1.0000, 0.0000, 0.0000, 0.0000, 0.0000]])
tensor([[0.9853, 1.0000, 0.0000, 0.0000, 0.0000, 0.0000]])
tensor([[0.9809, 1.0000, 0.0000, 0.0000, 0.0000, 0.0000]])
tensor([[0.9738, 1.0000, 0.0000, 0.0000, 0.0000, 0.0000]])
tensor([[0.9986, 1.0000, 0.0000, 0.0000, 0.0000, 0.0000]])
tensor([[0.9991, 1.0000, 0.0000, 0.0000, 0.0000, 0.0000]])
tensor([[0.9882, 1.0000, 0.0000, 0.0000, 0.0000, 0.0000]])
tensor([[0.9849, 1.0000, 0.0000, 0.0000, 0.0000, 0.0000]])
tensor([[0.9906, 1.0000, 0.0000, 0.0000, 0.0000, 0.0000]])
tensor([[0.9969, 0.0000, 0.0000, 0.0000, 0.0000, 0.0000]])
tensor([[0.9624, 1.0000, 0.0000, 0.0000, 0.0000, 0.0000]])
tensor([[0.9984, 0.0000, 0.0000, 0.0000, 0.0000, 0.0000]])
tensor([[0.9994, 1.0000, 0.0000, 0.0000, 0.0000, 0.0000]])
tensor([[0.9981, 1.0000, 0.0000, 0.0000, 0.0000, 0.0000]])
tensor([[0.9975, 1.0000, 0.0000, 0.0000, 0.0000, 0.0000]])
tensor([[0.9955, 1.0000, 0.0000, 0.0000, 0.0000, 0.0000]])
tensor([[-0.9936,  1.0000,  0.0000,  0.0000,  0.0000,  0.0000]])
tensor([[-0.9971,  1.0000,  0.0000,  0.0000,  0.0000,  0.0000]])
tensor([[-0.9920,  1.0000,  0.0000,  0.0000,  0.0000,  0.0000]])
tensor([[-0.9928,  0.0000,  0.0000,  0.0000,  0.0000,  0.0000]])
tensor([[-0.9923,  0.0000,  0.0000,  0.0000,  0.0000,  0.0000]])
tensor([[-0.8462,  1.0000,  0.0000,  0.0000,  0.0000,  0.0000]])
tensor([[0.7656, 1.0000, 0.0000, 0.0000, 0.0000, 0.0000]])
tensor([[-0.2349,  1.0000,  0.0000,  0.0000,  0.0000,  0.0000]])
tensor([[-0.0918,  1.0000,  0.0000,  0.0000,  0.0000,  0.0000]])
tensor([[0.2534, 1.0000, 0.0000, 0.0000, 0.0000, 0.0000]])
tensor([[-0.3820,  1.0000,  0.0000,  0.0000,  0.0000,  0.0000]])
tensor([[0.1242, 0.0000, 0.0000, 0.0000, 0.0000, 0.0000]])
tensor([[0.8921, 0.0000, 0.0000, 0.0000, 0.0000, 0.0000]])
tensor([[-0.6714,  1.0000,  0.0000,  0.0000,  0.0000,  0.0000]])
tensor([[-0.1128,  1.0000,  0.0000,  0.0000,  0.0000,  0.0000]])
tensor([[0.0643, 1.0000, 0.0000, 0.0000, 0.0000, 0.0000]])
tensor([[-0.1493,  0.0000,  0.0000,  0.0000,  0.0000,  0.0000]])
tensor([[-0.2843,  0.0000,  0.0000,  0.0000,  0.0000,  0.0000]])
tensor([[0.8316, 1.0000, 0.0000, 0.0000, 0.0000, 0.0000]])
tensor([[-0.1919,  0.0000,  0.0000,  0.0000,  0.0000,  0.0000]])
tensor([[-0.5719,  1.0000,  0.0000,  0.0000,  0.0000,  0.0000]])
tensor([[0.0411, 0.0000, 1.0000, 0.0000, 0.0000, 0.0000]])
tensor([[0.1373, 1.0000, 0.0000, 0.0000, 0.0000, 0.0000]])
tensor([[-0.0233,  1.0000,  0.0000,  0.0000,  0.0000,  0.0000]])
tensor([[-0.0327,  1.0000,  0.0000,  0.0000,  0.0000,  0.0000]])
tensor([[0.2333, 1.0000, 0.0000, 0.0000, 0.0000, 0.0000]])
tensor([[-0.4331,  1.0000,  0.0000,  0.0000,  0.0000,  0.0000]])
tensor([[0.1410, 1.0000, 0.0000, 0.0000, 0.0000, 0.0000]])
tensor([[-0.2209,  1.0000,  0.0000,  0.0000,  0.0000,  0.0000]])
tensor([[-0.1942,  1.0000,  0.0000,  0.0000,  0.0000,  0.0000]])
tensor([[0.3680, 0.0000, 0.0000, 0.0000, 0.0000, 0.0000]])
tensor([[0.9941, 1.0000, 0.0000, 0.0000, 0.0000, 0.0000]])
tensor([[0.9983, 1.0000, 0.0000, 0.0000, 0.0000, 0.0000]])
tensor([[0.9849, 0.0000, 0.0000, 0.0000, 0.0000, 0.0000]])
tensor([[0.9992, 1.0000, 0.0000, 0.0000, 0.0000, 0.0000]])
tensor([[0.9999, 1.0000, 0.0000, 0.0000, 0.0000, 0.0000]])
tensor([[0.9995, 1.0000, 0.0000, 0.0000, 0.0000, 0.0000]])
tensor([[0.9999, 1.0000, 0.0000, 0.0000, 0.0000, 0.0000]])
tensor([[0.9997, 0.0000, 0.0000, 0.0000, 1.0000, 0.0000]])
tensor([[0.9956, 1.0000, 0.0000, 0.0000, 0.0000, 0.0000]])
tensor([[0.9986, 1.0000, 0.0000, 0.0000, 0.0000, 0.0000]])
tensor([[0.9758, 1.0000, 0.0000, 0.0000, 0.0000, 0.0000]])
tensor([[0.9668, 1.0000, 0.0000, 0.0000, 0.0000, 0.0000]])
tensor([[0.9273, 0.0000, 0.0000, 0.0000, 0.0000, 0.0000]])
tensor([[-0.4392,  1.0000,  0.0000,  0.0000,  0.0000,  0.0000]])
tensor([[0.3389, 1.0000, 0.0000, 0.0000, 0.0000, 0.0000]])
tensor([[0.4842, 1.0000, 0.0000, 0.0000, 0.0000, 0.0000]])
tensor([[0.2388, 1.0000, 0.0000, 0.0000, 0.0000, 0.0000]])
tensor([[0.3794, 1.0000, 0.0000, 0.0000, 0.0000, 0.0000]])
tensor([[0.3287, 1.0000, 0.0000, 0.0000, 0.0000, 0.0000]])
tensor([[-0.6099,  1.0000,  0.0000,  0.0000,  0.0000,  0.0000]])
tensor([[0.4839, 0.0000, 0.0000, 0.0000, 0.0000, 0.0000]])
tensor([[0.5217, 1.0000, 0.0000, 0.0000, 0.0000, 0.0000]])
tensor([[0.1926, 1.0000, 0.0000, 0.0000, 0.0000, 0.0000]])
tensor([[-0.9353,  0.0000,  0.0000,  0.0000,  0.0000,  0.0000]])
tensor([[-0.9612,  1.0000,  0.0000,  0.0000,  1.0000,  0.0000]])
tensor([[-0.2477,  0.0000,  0.0000,  0.0000,  0.0000,  0.0000]])
tensor([[0.0897, 1.0000, 0.0000, 0.0000, 0.0000, 0.0000]])
tensor([[-0.9099,  1.0000,  0.0000,  0.0000,  0.0000,  0.0000]])
tensor([[-0.8907,  1.0000,  0.0000,  0.0000,  0.0000,  0.0000]])
tensor([[0.0734, 1.0000, 0.0000, 0.0000, 0.0000, 0.0000]])
tensor([[0.9941, 1.0000, 0.0000, 0.0000, 0.0000, 0.0000]])
tensor([[-0.1834,  0.0000,  0.0000,  0.0000,  0.0000,  0.0000]])
tensor([[-0.9917,  1.0000,  0.0000,  0.0000,  1.0000,  0.0000]])
tensor([[-0.8766,  1.0000,  0.0000,  0.0000,  0.0000,  0.0000]])
tensor([[0.8951, 1.0000, 0.0000, 0.0000, 0.0000, 0.0000]])
tensor([[-0.5376,  1.0000,  0.0000,  0.0000,  0.0000,  0.0000]])
tensor([[-0.7904,  0.0000,  0.0000,  0.0000,  0.0000,  0.0000]])
tensor([[-0.8307,  1.0000,  0.0000,  0.0000,  0.0000,  0.0000]])
tensor([[-0.4283,  0.0000,  0.0000,  0.0000,  0.0000,  0.0000]])
tensor([[-0.3660,  1.0000,  0.0000,  0.0000,  0.0000,  0.0000]])
tensor([[-0.9740,  1.0000,  0.0000,  0.0000,  0.0000,  0.0000]])
tensor([[-0.9970,  1.0000,  0.0000,  0.0000,  0.0000,  0.0000]])
tensor([[-0.9617,  1.0000,  0.0000,  0.0000,  0.0000,  0.0000]])
tensor([[-0.8460,  1.0000,  0.0000,  0.0000,  0.0000,  0.0000]])
tensor([[-0.9913,  1.0000,  0.0000,  0.0000,  0.0000,  0.0000]])
tensor([[-0.9917,  1.0000,  0.0000,  0.0000,  0.0000,  0.0000]])
tensor([[-0.9573,  1.0000,  0.0000,  0.0000,  0.0000,  0.0000]])
tensor([[-0.9939,  1.0000,  0.0000,  0.0000,  0.0000,  0.0000]])
tensor([[-0.9727,  1.0000,  0.0000,  0.0000,  0.0000,  0.0000]])
tensor([[-0.3357,  1.0000,  0.0000,  0.0000,  0.0000,  0.0000]])
tensor([[-0.9919,  1.0000,  0.0000,  0.0000,  0.0000,  0.0000]])
tensor([[-0.8279,  1.0000,  0.0000,  0.0000,  0.0000,  0.0000]])
tensor([[-0.7200,  1.0000,  0.0000,  0.0000,  0.0000,  0.0000]])
tensor([[-0.8724,  1.0000,  0.0000,  0.0000,  0.0000,  0.0000]])
tensor([[-0.9162,  1.0000,  0.0000,  0.0000,  0.0000,  0.0000]])
tensor([[-0.9220,  1.0000,  0.0000,  0.0000,  0.0000,  0.0000]])
tensor([[-0.3893,  0.0000,  0.0000,  0.0000,  0.0000,  0.0000]])
tensor([[-0.6435,  1.0000,  0.0000,  0.0000,  0.0000,  0.0000]])
tensor([[-0.9863,  0.0000,  0.0000,  0.0000,  0.0000,  0.0000]])
tensor([[-0.9935,  1.0000,  0.0000,  0.0000,  0.0000,  0.0000]])
tensor([[-0.9280,  1.0000,  0.0000,  0.0000,  0.0000,  0.0000]])
tensor([[-0.8672,  0.0000,  0.0000,  0.0000,  0.0000,  0.0000]])
tensor([[0.6595, 1.0000, 0.0000, 0.0000, 0.0000, 0.0000]])
tensor([[-0.1244,  1.0000,  0.0000,  0.0000,  0.0000,  0.0000]])
tensor([[-0.5603,  1.0000,  0.0000,  0.0000,  0.0000,  0.0000]])
tensor([[0.7124, 1.0000, 0.0000, 0.0000, 0.0000, 0.0000]])
tensor([[0.2424, 1.0000, 0.0000, 0.0000, 0.0000, 0.0000]])
tensor([[-0.6068,  0.0000,  0.0000,  0.0000,  0.0000,  0.0000]])
tensor([[0.3672, 1.0000, 0.0000, 0.0000, 0.0000, 0.0000]])
tensor([[0.3020, 1.0000, 0.0000, 0.0000, 0.0000, 0.0000]])
tensor([[-0.5772,  0.0000,  0.0000,  0.0000,  0.0000,  0.0000]])
tensor([[-0.3225,  1.0000,  0.0000,  0.0000,  0.0000,  0.0000]])
tensor([[0.8308, 1.0000, 0.0000, 0.0000, 0.0000, 0.0000]])
tensor([[-0.0167,  1.0000,  0.0000,  0.0000,  0.0000,  0.0000]])
tensor([[-0.7379,  0.0000,  0.0000,  0.0000,  0.0000,  0.0000]])
tensor([[0.9967, 1.0000, 0.0000, 0.0000, 0.0000, 0.0000]])
tensor([[0.9550, 0.0000, 0.0000, 0.0000, 0.0000, 0.0000]])
tensor([[0.9980, 1.0000, 0.0000, 0.0000, 0.0000, 0.0000]])
tensor([[0.9996, 1.0000, 0.0000, 0.0000, 0.0000, 0.0000]])
tensor([[0.9984, 1.0000, 0.0000, 0.0000, 0.0000, 0.0000]])
tensor([[0.9994, 1.0000, 0.0000, 0.0000, 0.0000, 0.0000]])
tensor([[0.9997, 1.0000, 0.0000, 0.0000, 0.0000, 0.0000]])
tensor([[0.9989, 1.0000, 0.0000, 0.0000, 0.0000, 0.0000]])
tensor([[0.9966, 1.0000, 0.0000, 0.0000, 0.0000, 0.0000]])
tensor([[0.9856, 1.0000, 0.0000, 0.0000, 0.0000, 0.0000]])
tensor([[0.9292, 1.0000, 0.0000, 0.0000, 0.0000, 0.0000]])
tensor([[0.9745, 1.0000, 0.0000, 0.0000, 0.0000, 0.0000]])
tensor([[0.9710, 1.0000, 0.0000, 0.0000, 0.0000, 0.0000]])
tensor([[0.9963, 1.0000, 0.0000, 0.0000, 0.0000, 0.0000]])
tensor([[0.9984, 1.0000, 0.0000, 0.0000, 0.0000, 0.0000]])
tensor([[0.9985, 0.0000, 0.0000, 0.0000, 0.0000, 0.0000]])
tensor([[0.9484, 1.0000, 0.0000, 0.0000, 0.0000, 0.0000]])
tensor([[-0.8364,  1.0000,  0.0000,  0.0000,  0.0000,  0.0000]])
tensor([[-0.9881,  1.0000,  0.0000,  0.0000,  0.0000,  0.0000]])
tensor([[-0.9452,  1.0000,  0.0000,  0.0000,  0.0000,  0.0000]])
tensor([[-0.9285,  1.0000,  0.0000,  0.0000,  0.0000,  0.0000]])
tensor([[0.3327, 0.0000, 0.0000, 0.0000, 1.0000, 0.0000]])
tensor([[-0.2248,  1.0000,  0.0000,  0.0000,  0.0000,  0.0000]])
tensor([[0.9951, 1.0000, 0.0000, 0.0000, 0.0000, 0.0000]])
tensor([[0.9994, 1.0000, 0.0000, 0.0000, 0.0000, 0.0000]])
tensor([[0.9953, 1.0000, 0.0000, 0.0000, 0.0000, 0.0000]])
tensor([[0.9828, 1.0000, 0.0000, 0.0000, 0.0000, 0.0000]])
tensor([[0.9981, 1.0000, 0.0000, 0.0000, 0.0000, 0.0000]])
tensor([[0.9909, 1.0000, 0.0000, 0.0000, 0.0000, 0.0000]])
tensor([[0.9876, 1.0000, 0.0000, 0.0000, 0.0000, 0.0000]])
tensor([[0.9348, 1.0000, 0.0000, 0.0000, 0.0000, 0.0000]])
tensor([[0.9935, 1.0000, 0.0000, 0.0000, 0.0000, 0.0000]])
tensor([[0.9928, 1.0000, 0.0000, 0.0000, 0.0000, 0.0000]])
tensor([[0.9896, 1.0000, 0.0000, 0.0000, 0.0000, 0.0000]])
tensor([[0.9941, 0.0000, 0.0000, 0.0000, 0.0000, 0.0000]])
tensor([[0.9967, 1.0000, 0.0000, 0.0000, 0.0000, 0.0000]])
tensor([[0.9996, 1.0000, 0.0000, 0.0000, 0.0000, 0.0000]])
tensor([[0.9949, 1.0000, 0.0000, 0.0000, 0.0000, 0.0000]])
tensor([[0.9553, 1.0000, 0.0000, 0.0000, 0.0000, 0.0000]])
tensor([[0.9974, 1.0000, 0.0000, 0.0000, 0.0000, 0.0000]])
tensor([[0.9878, 0.0000, 0.0000, 0.0000, 0.0000, 0.0000]])
tensor([[0.9939, 1.0000, 0.0000, 0.0000, 0.0000, 0.0000]])
tensor([[0.9820, 1.0000, 0.0000, 0.0000, 0.0000, 0.0000]])
tensor([[0.9831, 1.0000, 0.0000, 0.0000, 0.0000, 0.0000]])
tensor([[0.9455, 1.0000, 0.0000, 0.0000, 0.0000, 0.0000]])
tensor([[0.9810, 1.0000, 0.0000, 0.0000, 0.0000, 0.0000]])
tensor([[0.9571, 1.0000, 0.0000, 0.0000, 0.0000, 0.0000]])
tensor([[0.9991, 1.0000, 0.0000, 0.0000, 0.0000, 0.0000]])
tensor([[0.9919, 1.0000, 0.0000, 0.0000, 0.0000, 0.0000]])
tensor([[0.9898, 1.0000, 0.0000, 0.0000, 0.0000, 0.0000]])
tensor([[-0.9594,  1.0000,  0.0000,  0.0000,  0.0000,  0.0000]])
tensor([[0.9554, 1.0000, 0.0000, 0.0000, 0.0000, 0.0000]])
tensor([[0.4410, 1.0000, 0.0000, 0.0000, 0.0000, 0.0000]])
tensor([[0.9594, 1.0000, 0.0000, 0.0000, 0.0000, 0.0000]])
tensor([[-0.6787,  1.0000,  0.0000,  0.0000,  0.0000,  0.0000]])
tensor([[0.8967, 1.0000, 0.0000, 0.0000, 0.0000, 0.0000]])
tensor([[-0.4640,  0.0000,  0.0000,  0.0000,  0.0000,  0.0000]])
tensor([[-0.6945,  1.0000,  0.0000,  0.0000,  0.0000,  0.0000]])
tensor([[0.9905, 1.0000, 0.0000, 0.0000, 0.0000, 0.0000]])
tensor([[0.5102, 0.0000, 0.0000, 0.0000, 0.0000, 0.0000]])
tensor([[0.8023, 1.0000, 0.0000, 0.0000, 0.0000, 0.0000]])
tensor([[-0.7284,  1.0000,  0.0000,  0.0000,  0.0000,  0.0000]])
tensor([[-0.9066,  1.0000,  0.0000,  0.0000,  0.0000,  0.0000]])
tensor([[0.9246, 1.0000, 0.0000, 0.0000, 0.0000, 0.0000]])
tensor([[0.7856, 1.0000, 0.0000, 0.0000, 0.0000, 0.0000]])
tensor([[0.7325, 1.0000, 0.0000, 0.0000, 0.0000, 0.0000]])
tensor([[-0.8766,  1.0000,  0.0000,  0.0000,  0.0000,  0.0000]])
tensor([[0.0950, 1.0000, 0.0000, 0.0000, 0.0000, 0.0000]])
tensor([[0.1164, 0.0000, 0.0000, 0.0000, 0.0000, 0.0000]])
tensor([[0.9578, 0.0000, 0.0000, 0.0000, 0.0000, 0.0000]])
tensor([[-0.8460,  1.0000,  0.0000,  0.0000,  0.0000,  0.0000]])
tensor([[0.9966, 1.0000, 0.0000, 0.0000, 0.0000, 0.0000]])
tensor([[0.9964, 1.0000, 0.0000, 0.0000, 0.0000, 0.0000]])
tensor([[0.9998, 1.0000, 0.0000, 0.0000, 0.0000, 0.0000]])
tensor([[0.9995, 1.0000, 0.0000, 0.0000, 0.0000, 0.0000]])
tensor([[0.9623, 1.0000, 0.0000, 0.0000, 0.0000, 0.0000]])
tensor([[-0.9628,  0.0000,  0.0000,  0.0000,  0.0000,  0.0000]])
tensor([[-0.9867,  0.0000,  0.0000,  0.0000,  0.0000,  0.0000]])
tensor([[-0.9535,  1.0000,  0.0000,  0.0000,  0.0000,  0.0000]])
tensor([[-0.3474,  1.0000,  1.0000,  0.0000,  1.0000,  0.0000]])
tensor([[0.5160, 1.0000, 0.0000, 0.0000, 0.0000, 0.0000]])
tensor([[-0.0180,  1.0000,  0.0000,  0.0000,  0.0000,  0.0000]])
tensor([[-0.9841,  0.0000,  0.0000,  0.0000,  0.0000,  0.0000]])
tensor([[-0.9938,  0.0000,  0.0000,  0.0000,  0.0000,  0.0000]])
tensor([[-0.9048,  0.0000,  0.0000,  0.0000,  0.0000,  0.0000]])
tensor([[0.4720, 1.0000, 0.0000, 0.0000, 0.0000, 0.0000]])
tensor([[0.0153, 0.0000, 0.0000, 0.0000, 0.0000, 0.0000]])
tensor([[-0.4381,  1.0000,  0.0000,  0.0000,  0.0000,  0.0000]])
tensor([[-0.9967,  1.0000,  0.0000,  0.0000,  0.0000,  0.0000]])
tensor([[-0.9981,  1.0000,  0.0000,  0.0000,  0.0000,  0.0000]])
tensor([[-0.9225,  0.0000,  0.0000,  0.0000,  0.0000,  0.0000]])
tensor([[-0.0618,  1.0000,  0.0000,  0.0000,  0.0000,  0.0000]])
tensor([[0.6773, 1.0000, 0.0000, 0.0000, 0.0000, 0.0000]])
tensor([[0.0215, 1.0000, 0.0000, 0.0000, 0.0000, 0.0000]])
tensor([[-0.9987,  1.0000,  0.0000,  0.0000,  0.0000,  0.0000]])
tensor([[-0.9992,  1.0000,  0.0000,  0.0000,  0.0000,  0.0000]])
tensor([[-0.9928,  1.0000,  0.0000,  0.0000,  0.0000,  0.0000]])
tensor([[-0.8663,  1.0000,  0.0000,  0.0000,  0.0000,  0.0000]])
tensor([[0.9746, 1.0000, 0.0000, 0.0000, 0.0000, 0.0000]])
tensor([[0.7272, 1.0000, 0.0000, 0.0000, 0.0000, 0.0000]])
tensor([[-0.7742,  1.0000,  0.0000,  0.0000,  0.0000,  0.0000]])
tensor([[-0.8283,  1.0000,  0.0000,  0.0000,  0.0000,  0.0000]])
tensor([[0.9960, 1.0000, 0.0000, 0.0000, 0.0000, 0.0000]])
tensor([[0.9819, 1.0000, 0.0000, 0.0000, 0.0000, 0.0000]])
tensor([[0.9985, 1.0000, 0.0000, 0.0000, 0.0000, 0.0000]])
tensor([[0.2482, 1.0000, 0.0000, 0.0000, 0.0000, 0.0000]])
tensor([[-0.9760,  1.0000,  0.0000,  0.0000,  0.0000,  0.0000]])
tensor([[0.9528, 1.0000, 0.0000, 0.0000, 0.0000, 0.0000]])
tensor([[0.0261, 1.0000, 0.0000, 0.0000, 0.0000, 0.0000]])
tensor([[-0.9024,  1.0000,  0.0000,  0.0000,  0.0000,  0.0000]])
tensor([[-0.5702,  1.0000,  0.0000,  0.0000,  0.0000,  0.0000]])
tensor([[0.9987, 1.0000, 0.0000, 0.0000, 0.0000, 0.0000]])
tensor([[0.9997, 1.0000, 0.0000, 0.0000, 0.0000, 0.0000]])
tensor([[0.9983, 1.0000, 0.0000, 0.0000, 0.0000, 0.0000]])
tensor([[0.9049, 1.0000, 0.0000, 0.0000, 0.0000, 0.0000]])
tensor([[-0.8005,  1.0000,  0.0000,  0.0000,  0.0000,  0.0000]])
tensor([[-0.9847,  1.0000,  0.0000,  0.0000,  0.0000,  0.0000]])
tensor([[-0.9968,  1.0000,  0.0000,  0.0000,  0.0000,  0.0000]])
tensor([[-0.9974,  1.0000,  0.0000,  0.0000,  0.0000,  0.0000]])
tensor([[-0.9986,  1.0000,  0.0000,  1.0000,  0.0000,  0.0000]])
tensor([[-0.9912,  0.0000,  0.0000,  0.0000,  0.0000,  0.0000]])
tensor([[-0.2872,  1.0000,  0.0000,  0.0000,  0.0000,  0.0000]])
tensor([[-0.1305,  1.0000,  0.0000,  0.0000,  0.0000,  0.0000]])
tensor([[-0.0039,  1.0000,  0.0000,  0.0000,  0.0000,  0.0000]])
tensor([[0.8186, 1.0000, 0.0000, 0.0000, 0.0000, 0.0000]])
tensor([[-0.5939,  1.0000,  0.0000,  0.0000,  0.0000,  0.0000]])
tensor([[-0.7580,  1.0000,  0.0000,  0.0000,  0.0000,  0.0000]])
tensor([[-0.9947,  1.0000,  0.0000,  0.0000,  0.0000,  0.0000]])
tensor([[-0.9754,  1.0000,  0.0000,  0.0000,  0.0000,  0.0000]])
tensor([[-0.9175,  0.0000,  0.0000,  0.0000,  0.0000,  0.0000]])
tensor([[0.3795, 1.0000, 1.0000, 0.0000, 0.0000, 0.0000]])
tensor([[-0.9932,  1.0000,  0.0000,  0.0000,  0.0000,  0.0000]])
tensor([[-0.9990,  0.0000,  0.0000,  0.0000,  0.0000,  0.0000]])
tensor([[-0.9877,  1.0000,  0.0000,  0.0000,  0.0000,  0.0000]])
tensor([[-0.9689,  1.0000,  0.0000,  0.0000,  0.0000,  0.0000]])
tensor([[-0.8683,  1.0000,  0.0000,  0.0000,  0.0000,  0.0000]])
tensor([[-0.2748,  1.0000,  0.0000,  0.0000,  0.0000,  0.0000]])
tensor([[-0.8921,  1.0000,  0.0000,  0.0000,  0.0000,  1.0000]])
tensor([[-0.8243,  0.0000,  0.0000,  0.0000,  0.0000,  0.0000]])
tensor([[-0.5048,  1.0000,  0.0000,  0.0000,  0.0000,  0.0000]])
tensor([[-0.9476,  1.0000,  0.0000,  0.0000,  0.0000,  0.0000]])
tensor([[-0.8758,  1.0000,  0.0000,  0.0000,  0.0000,  0.0000]])
tensor([[-0.8996,  1.0000,  0.0000,  0.0000,  0.0000,  0.0000]])
tensor([[-0.9849,  0.0000,  0.0000,  0.0000,  0.0000,  0.0000]])
tensor([[-0.9582,  1.0000,  0.0000,  0.0000,  0.0000,  0.0000]])
tensor([[-0.9953,  0.0000,  0.0000,  0.0000,  0.0000,  0.0000]])
tensor([[-0.9503,  1.0000,  0.0000,  0.0000,  0.0000,  0.0000]])
tensor([[-0.9902,  0.0000,  0.0000,  0.0000,  0.0000,  0.0000]])
tensor([[-0.9757,  1.0000,  1.0000,  0.0000,  0.0000,  0.0000]])
tensor([[0.9613, 1.0000, 0.0000, 0.0000, 0.0000, 0.0000]])
tensor([[0.9874, 1.0000, 0.0000, 0.0000, 0.0000, 0.0000]])
tensor([[0.2725, 1.0000, 0.0000, 0.0000, 0.0000, 0.0000]])
tensor([[0.8477, 1.0000, 0.0000, 0.0000, 0.0000, 0.0000]])
tensor([[0.9630, 1.0000, 0.0000, 0.0000, 0.0000, 0.0000]])
tensor([[0.3272, 1.0000, 0.0000, 0.0000, 0.0000, 0.0000]])
tensor([[-0.9646,  1.0000,  0.0000,  0.0000,  0.0000,  0.0000]])
tensor([[-0.9411,  1.0000,  0.0000,  0.0000,  0.0000,  0.0000]])
tensor([[-0.4923,  1.0000,  0.0000,  0.0000,  0.0000,  0.0000]])
tensor([[-0.9389,  1.0000,  0.0000,  0.0000,  0.0000,  0.0000]])
tensor([[0.9846, 1.0000, 0.0000, 0.0000, 0.0000, 0.0000]])
tensor([[0.9341, 1.0000, 0.0000, 0.0000, 0.0000, 0.0000]])
tensor([[0.9718, 1.0000, 0.0000, 0.0000, 0.0000, 0.0000]])
tensor([[0.9880, 1.0000, 0.0000, 0.0000, 0.0000, 0.0000]])
tensor([[0.9106, 1.0000, 0.0000, 0.0000, 0.0000, 0.0000]])
tensor([[0.9896, 1.0000, 0.0000, 0.0000, 0.0000, 0.0000]])
tensor([[0.9700, 1.0000, 0.0000, 0.0000, 0.0000, 0.0000]])
tensor([[0.9823, 1.0000, 0.0000, 0.0000, 0.0000, 0.0000]])
tensor([[0.9838, 1.0000, 0.0000, 0.0000, 0.0000, 0.0000]])
tensor([[0.9725, 1.0000, 0.0000, 0.0000, 0.0000, 0.0000]])
tensor([[0.8203, 1.0000, 0.0000, 0.0000, 0.0000, 0.0000]])
tensor([[0.4287, 1.0000, 0.0000, 0.0000, 0.0000, 0.0000]])
tensor([[-0.2774,  1.0000,  0.0000,  0.0000,  0.0000,  0.0000]])
tensor([[-0.8263,  1.0000,  0.0000,  0.0000,  0.0000,  0.0000]])
tensor([[-0.7446,  1.0000,  0.0000,  0.0000,  0.0000,  0.0000]])
tensor([[0.2774, 1.0000, 0.0000, 0.0000, 0.0000, 0.0000]])
tensor([[-0.2711,  0.0000,  0.0000,  0.0000,  0.0000,  0.0000]])
tensor([[-0.6850,  1.0000,  0.0000,  0.0000,  0.0000,  0.0000]])
tensor([[-0.4003,  1.0000,  0.0000,  0.0000,  0.0000,  0.0000]])
tensor([[0.3211, 1.0000, 1.0000, 0.0000, 0.0000, 0.0000]])
tensor([[-0.4342,  1.0000,  0.0000,  0.0000,  0.0000,  0.0000]])
tensor([[-0.6816,  0.0000,  0.0000,  0.0000,  0.0000,  0.0000]])
tensor([[-0.6213,  1.0000,  0.0000,  0.0000,  0.0000,  0.0000]])
tensor([[-0.7007,  1.0000,  0.0000,  0.0000,  0.0000,  0.0000]])
tensor([[0.2904, 1.0000, 0.0000, 0.0000, 0.0000, 0.0000]])
tensor([[-0.0357,  1.0000,  0.0000,  0.0000,  0.0000,  0.0000]])
tensor([[-0.4899,  1.0000,  0.0000,  0.0000,  0.0000,  0.0000]])
tensor([[-0.8206,  1.0000,  0.0000,  0.0000,  0.0000,  0.0000]])
tensor([[-0.7531,  0.0000,  0.0000,  0.0000,  0.0000,  0.0000]])
tensor([[-0.5258,  1.0000,  0.0000,  0.0000,  0.0000,  0.0000]])
tensor([[-0.0816,  1.0000,  0.0000,  0.0000,  0.0000,  0.0000]])
tensor([[-0.2119,  1.0000,  0.0000,  0.0000,  0.0000,  0.0000]])
tensor([[-0.9592,  1.0000,  0.0000,  0.0000,  0.0000,  0.0000]])
tensor([[-0.7771,  1.0000,  0.0000,  0.0000,  0.0000,  0.0000]])
tensor([[0.6535, 1.0000, 0.0000, 0.0000, 0.0000, 0.0000]])
tensor([[0.9989, 1.0000, 0.0000, 0.0000, 0.0000, 0.0000]])
tensor([[0.9671, 0.0000, 0.0000, 1.0000, 0.0000, 0.0000]])
tensor([[0.9982, 1.0000, 0.0000, 0.0000, 0.0000, 0.0000]])
tensor([[0.9933, 1.0000, 0.0000, 0.0000, 0.0000, 0.0000]])
tensor([[0.3382, 1.0000, 0.0000, 0.0000, 0.0000, 0.0000]])
tensor([[0.7893, 0.0000, 0.0000, 0.0000, 0.0000, 0.0000]])
tensor([[-0.7779,  1.0000,  0.0000,  0.0000,  0.0000,  0.0000]])
tensor([[-0.8663,  1.0000,  0.0000,  0.0000,  0.0000,  0.0000]])
tensor([[0.9981, 1.0000, 0.0000, 0.0000, 0.0000, 0.0000]])
tensor([[0.9970, 1.0000, 0.0000, 0.0000, 0.0000, 0.0000]])
tensor([[0.9994, 1.0000, 0.0000, 0.0000, 0.0000, 0.0000]])
tensor([[0.9974, 1.0000, 0.0000, 0.0000, 0.0000, 0.0000]])
tensor([[0.9994, 1.0000, 0.0000, 0.0000, 0.0000, 0.0000]])
tensor([[0.9989, 1.0000, 0.0000, 0.0000, 0.0000, 0.0000]])
tensor([[0.9979, 0.0000, 0.0000, 0.0000, 0.0000, 0.0000]])
tensor([[0.9987, 1.0000, 0.0000, 0.0000, 0.0000, 0.0000]])
tensor([[0.9978, 1.0000, 0.0000, 0.0000, 0.0000, 0.0000]])
tensor([[0.9910, 1.0000, 0.0000, 0.0000, 0.0000, 0.0000]])
tensor([[0.9913, 1.0000, 0.0000, 0.0000, 0.0000, 0.0000]])
tensor([[0.9581, 1.0000, 0.0000, 0.0000, 0.0000, 0.0000]])
tensor([[0.9606, 1.0000, 0.0000, 0.0000, 0.0000, 0.0000]])
tensor([[0.9226, 1.0000, 0.0000, 0.0000, 0.0000, 0.0000]])
tensor([[0.7938, 1.0000, 0.0000, 0.0000, 0.0000, 0.0000]])
tensor([[0.4529, 1.0000, 0.0000, 0.0000, 0.0000, 0.0000]])
tensor([[0.9448, 1.0000, 0.0000, 0.0000, 0.0000, 0.0000]])
tensor([[0.8768, 1.0000, 0.0000, 0.0000, 0.0000, 0.0000]])
tensor([[0.6661, 1.0000, 0.0000, 0.0000, 0.0000, 0.0000]])
tensor([[0.8049, 1.0000, 0.0000, 0.0000, 0.0000, 0.0000]])
tensor([[0.3406, 1.0000, 0.0000, 0.0000, 0.0000, 0.0000]])
tensor([[0.8021, 1.0000, 0.0000, 0.0000, 0.0000, 0.0000]])
tensor([[0.7399, 1.0000, 0.0000, 0.0000, 0.0000, 0.0000]])
tensor([[0.8199, 1.0000, 0.0000, 0.0000, 0.0000, 0.0000]])
tensor([[0.5122, 1.0000, 0.0000, 0.0000, 0.0000, 0.0000]])
tensor([[0.7395, 1.0000, 0.0000, 0.0000, 0.0000, 0.0000]])
tensor([[0.8082, 1.0000, 0.0000, 0.0000, 0.0000, 0.0000]])
tensor([[0.8323, 1.0000, 0.0000, 0.0000, 0.0000, 0.0000]])
tensor([[0.7137, 1.0000, 1.0000, 0.0000, 0.0000, 0.0000]])
tensor([[-0.9176,  1.0000,  0.0000,  0.0000,  0.0000,  0.0000]])
tensor([[-0.7317,  1.0000,  0.0000,  0.0000,  0.0000,  0.0000]])
tensor([[-0.9799,  1.0000,  0.0000,  0.0000,  0.0000,  0.0000]])
tensor([[-0.9838,  1.0000,  0.0000,  0.0000,  0.0000,  0.0000]])
tensor([[-0.9931,  1.0000,  0.0000,  0.0000,  0.0000,  0.0000]])
tensor([[-0.9803,  1.0000,  0.0000,  0.0000,  0.0000,  0.0000]])
tensor([[-0.9339,  0.0000,  0.0000,  0.0000,  0.0000,  0.0000]])
tensor([[-0.9960,  0.0000,  0.0000,  0.0000,  0.0000,  0.0000]])
tensor([[-0.9785,  0.0000,  0.0000,  0.0000,  0.0000,  0.0000]])
tensor([[-0.9995,  1.0000,  0.0000,  0.0000,  0.0000,  0.0000]])
tensor([[-0.9972,  0.0000,  0.0000,  0.0000,  0.0000,  0.0000]])
tensor([[-0.9953,  0.0000,  0.0000,  0.0000,  0.0000,  0.0000]])
tensor([[-0.9903,  1.0000,  0.0000,  0.0000,  0.0000,  0.0000]])
tensor([[-0.9167,  1.0000,  0.0000,  0.0000,  0.0000,  0.0000]])
tensor([[0.6592, 1.0000, 0.0000, 0.0000, 0.0000, 0.0000]])
tensor([[0.6614, 1.0000, 0.0000, 0.0000, 0.0000, 0.0000]])
tensor([[-0.2333,  1.0000,  0.0000,  0.0000,  0.0000,  0.0000]])
tensor([[-0.9820,  1.0000,  0.0000,  0.0000,  0.0000,  0.0000]])
tensor([[-0.9939,  0.0000,  0.0000,  0.0000,  0.0000,  0.0000]])
tensor([[-0.3085,  1.0000,  0.0000,  0.0000,  0.0000,  0.0000]])
tensor([[-0.9920,  0.0000,  0.0000,  0.0000,  0.0000,  0.0000]])
tensor([[-0.7856,  1.0000,  0.0000,  0.0000,  0.0000,  0.0000]])
tensor([[-0.8809,  1.0000,  0.0000,  0.0000,  0.0000,  0.0000]])
tensor([[-0.1063,  1.0000,  0.0000,  0.0000,  0.0000,  0.0000]])
tensor([[-0.9852,  1.0000,  0.0000,  0.0000,  0.0000,  0.0000]])
tensor([[-0.9237,  1.0000,  0.0000,  0.0000,  0.0000,  0.0000]])
tensor([[-0.5634,  0.0000,  0.0000,  0.0000,  0.0000,  0.0000]])
tensor([[-0.6765,  1.0000,  0.0000,  0.0000,  0.0000,  0.0000]])
tensor([[-0.5336,  1.0000,  0.0000,  0.0000,  0.0000,  0.0000]])
tensor([[0.2511, 1.0000, 0.0000, 0.0000, 0.0000, 0.0000]])
tensor([[-0.8282,  1.0000,  0.0000,  0.0000,  0.0000,  0.0000]])
tensor([[-0.8895,  1.0000,  0.0000,  0.0000,  0.0000,  0.0000]])
tensor([[-0.6553,  0.0000,  0.0000,  0.0000,  0.0000,  0.0000]])
tensor([[-0.9357,  1.0000,  0.0000,  0.0000,  0.0000,  0.0000]])
tensor([[-0.5025,  1.0000,  0.0000,  0.0000,  0.0000,  0.0000]])
tensor([[0.0084, 1.0000, 0.0000, 0.0000, 0.0000, 0.0000]])
tensor([[-0.9064,  1.0000,  0.0000,  0.0000,  0.0000,  0.0000]])
tensor([[-0.5578,  1.0000,  0.0000,  0.0000,  0.0000,  0.0000]])
tensor([[-0.9891,  1.0000,  0.0000,  0.0000,  0.0000,  0.0000]])
tensor([[-0.9947,  0.0000,  0.0000,  0.0000,  0.0000,  0.0000]])
tensor([[-0.8809,  1.0000,  0.0000,  0.0000,  0.0000,  0.0000]])
tensor([[0.9011, 1.0000, 0.0000, 0.0000, 0.0000, 0.0000]])
tensor([[-0.9785,  1.0000,  0.0000,  0.0000,  0.0000,  0.0000]])
tensor([[-0.9947,  1.0000,  0.0000,  0.0000,  0.0000,  0.0000]])
tensor([[-0.9841,  1.0000,  0.0000,  0.0000,  0.0000,  0.0000]])
tensor([[-0.9408,  0.0000,  0.0000,  0.0000,  0.0000,  0.0000]])
tensor([[-0.9877,  1.0000,  0.0000,  0.0000,  0.0000,  0.0000]])
tensor([[0.7621, 1.0000, 0.0000, 0.0000, 0.0000, 0.0000]])
tensor([[0.6269, 0.0000, 0.0000, 0.0000, 0.0000, 0.0000]])
tensor([[-0.9323,  1.0000,  0.0000,  0.0000,  0.0000,  0.0000]])
tensor([[0.8997, 1.0000, 0.0000, 0.0000, 0.0000, 0.0000]])
tensor([[0.9430, 1.0000, 0.0000, 1.0000, 0.0000, 0.0000]])
tensor([[0.9537, 1.0000, 0.0000, 0.0000, 0.0000, 0.0000]])
tensor([[0.9960, 1.0000, 0.0000, 0.0000, 0.0000, 0.0000]])
tensor([[0.8601, 1.0000, 0.0000, 0.0000, 0.0000, 0.0000]])
tensor([[0.9968, 1.0000, 0.0000, 0.0000, 0.0000, 0.0000]])
tensor([[0.9990, 1.0000, 0.0000, 0.0000, 0.0000, 0.0000]])
tensor([[0.9982, 1.0000, 0.0000, 0.0000, 0.0000, 0.0000]])
tensor([[0.9998, 1.0000, 0.0000, 0.0000, 0.0000, 0.0000]])
tensor([[0.2950, 1.0000, 0.0000, 0.0000, 0.0000, 0.0000]])
tensor([[-0.9639,  1.0000,  0.0000,  0.0000,  0.0000,  0.0000]])
tensor([[-0.9589,  1.0000,  0.0000,  0.0000,  0.0000,  0.0000]])
tensor([[-0.7034,  0.0000,  0.0000,  0.0000,  0.0000,  0.0000]])
tensor([[0.4079, 1.0000, 0.0000, 0.0000, 0.0000, 0.0000]])
tensor([[-0.0620,  1.0000,  0.0000,  0.0000,  0.0000,  0.0000]])
tensor([[0.0960, 1.0000, 0.0000, 0.0000, 0.0000, 0.0000]])
tensor([[-0.2909,  0.0000,  0.0000,  0.0000,  0.0000,  0.0000]])
tensor([[0.7604, 1.0000, 0.0000, 0.0000, 0.0000, 0.0000]])
tensor([[0.0381, 1.0000, 0.0000, 0.0000, 0.0000, 0.0000]])
tensor([[-0.1812,  0.0000,  0.0000,  0.0000,  0.0000,  0.0000]])
tensor([[-0.7612,  1.0000,  0.0000,  0.0000,  0.0000,  0.0000]])
tensor([[0.0933, 1.0000, 0.0000, 0.0000, 0.0000, 0.0000]])
tensor([[0.8453, 1.0000, 0.0000, 0.0000, 0.0000, 0.0000]])
tensor([[0.6548, 1.0000, 0.0000, 0.0000, 0.0000, 0.0000]])
tensor([[-0.8720,  0.0000,  0.0000,  0.0000,  0.0000,  0.0000]])
tensor([[-0.8436,  0.0000,  0.0000,  0.0000,  0.0000,  0.0000]])
tensor([[-0.6116,  1.0000,  0.0000,  0.0000,  0.0000,  0.0000]])
tensor([[-0.1733,  0.0000,  0.0000,  0.0000,  0.0000,  0.0000]])
tensor([[0.7758, 1.0000, 1.0000, 0.0000, 0.0000, 0.0000]])
tensor([[0.0767, 1.0000, 0.0000, 0.0000, 0.0000, 0.0000]])
tensor([[-0.2117,  0.0000,  0.0000,  0.0000,  0.0000,  0.0000]])
tensor([[-0.8156,  0.0000,  0.0000,  0.0000,  0.0000,  0.0000]])
tensor([[-0.2901,  0.0000,  0.0000,  0.0000,  0.0000,  0.0000]])
tensor([[-0.7986,  0.0000,  0.0000,  0.0000,  0.0000,  0.0000]])
tensor([[-0.3117,  0.0000,  1.0000,  0.0000,  0.0000,  0.0000]])
tensor([[0.1437, 0.0000, 1.0000, 0.0000, 0.0000, 0.0000]])
tensor([[0.7495, 0.0000, 0.0000, 0.0000, 0.0000, 0.0000]])
tensor([[-0.2959,  1.0000,  0.0000,  0.0000,  0.0000,  0.0000]])
tensor([[-0.0256,  1.0000,  0.0000,  0.0000,  0.0000,  0.0000]])
tensor([[-0.7438,  0.0000,  0.0000,  0.0000,  0.0000,  0.0000]])
tensor([[-0.0842,  1.0000,  0.0000,  0.0000,  0.0000,  0.0000]])
tensor([[-0.5346,  1.0000,  0.0000,  0.0000,  0.0000,  0.0000]])
tensor([[-0.8669,  0.0000,  0.0000,  0.0000,  0.0000,  0.0000]])
tensor([[0.3292, 1.0000, 0.0000, 0.0000, 0.0000, 0.0000]])
tensor([[-0.7187,  0.0000,  0.0000,  0.0000,  0.0000,  0.0000]])
tensor([[0.1382, 1.0000, 0.0000, 0.0000, 0.0000, 0.0000]])
tensor([[0.2004, 0.0000, 1.0000, 0.0000, 0.0000, 0.0000]])
tensor([[0.1904, 0.0000, 1.0000, 0.0000, 0.0000, 0.0000]])
tensor([[0.0881, 1.0000, 0.0000, 0.0000, 0.0000, 0.0000]])
tensor([[-0.2907,  0.0000,  1.0000,  0.0000,  0.0000,  0.0000]])
tensor([[0.0885, 0.0000, 0.0000, 0.0000, 0.0000, 0.0000]])
tensor([[0.5398, 0.0000, 0.0000, 0.0000, 0.0000, 0.0000]])
tensor([[0.3420, 1.0000, 0.0000, 0.0000, 0.0000, 0.0000]])
tensor([[-0.3952,  0.0000,  0.0000,  0.0000,  0.0000,  0.0000]])
tensor([[0.1315, 0.0000, 0.0000, 0.0000, 0.0000, 0.0000]])
tensor([[0.0276, 0.0000, 0.0000, 0.0000, 0.0000, 0.0000]])
tensor([[0.1770, 0.0000, 0.0000, 0.0000, 0.0000, 0.0000]])
tensor([[0.5620, 0.0000, 0.0000, 0.0000, 0.0000, 0.0000]])
tensor([[0.3752, 0.0000, 0.0000, 0.0000, 0.0000, 0.0000]])
tensor([[0.5890, 0.0000, 0.0000, 0.0000, 0.0000, 0.0000]])
tensor([[-0.0295,  1.0000,  1.0000,  0.0000,  0.0000,  0.0000]])
tensor([[-0.3662,  0.0000,  0.0000,  0.0000,  0.0000,  0.0000]])
tensor([[-0.3488,  0.0000,  0.0000,  0.0000,  0.0000,  0.0000]])
tensor([[0.3962, 0.0000, 1.0000, 0.0000, 0.0000, 0.0000]])
tensor([[0.0671, 0.0000, 0.0000, 0.0000, 0.0000, 0.0000]])
tensor([[-0.6375,  0.0000,  0.0000,  0.0000,  0.0000,  0.0000]])
tensor([[0.2456, 0.0000, 1.0000, 0.0000, 0.0000, 0.0000]])
tensor([[0.3297, 0.0000, 0.0000, 0.0000, 0.0000, 0.0000]])
tensor([[0.6684, 1.0000, 0.0000, 0.0000, 0.0000, 0.0000]])
tensor([[-0.7650,  0.0000,  0.0000,  0.0000,  0.0000,  0.0000]])
tensor([[0.3457, 0.0000, 0.0000, 0.0000, 1.0000, 0.0000]])
INFO:root:Agent 0 (TQCars): avg action time = 0.0015s
tensor([[-0.5162,  0.0000,  0.0000,  0.0000,  0.0000,  0.0000]])
tensor([[0.2218, 0.0000, 0.0000, 0.0000, 0.0000, 0.0000]])
tensor([[0.3930, 0.0000, 1.0000, 0.0000, 0.0000, 0.0000]])
tensor([[-0.2804,  0.0000,  0.0000,  0.0000,  0.0000,  0.0000]])
tensor([[0.4725, 0.0000, 0.0000, 0.0000, 0.0000, 0.0000]])
tensor([[0.2394, 1.0000, 0.0000, 0.0000, 0.0000, 0.0000]])
tensor([[-0.7868,  1.0000,  0.0000,  0.0000,  0.0000,  0.0000]])
tensor([[-0.9049,  1.0000,  0.0000,  0.0000,  0.0000,  0.0000]])
tensor([[-0.9922,  1.0000,  0.0000,  0.0000,  0.0000,  0.0000]])
tensor([[-0.6198,  1.0000,  0.0000,  0.0000,  0.0000,  0.0000]])
tensor([[-0.5542,  0.0000,  0.0000,  0.0000,  0.0000,  0.0000]])
tensor([[-0.3203,  1.0000,  0.0000,  0.0000,  0.0000,  0.0000]])
tensor([[0.8624, 1.0000, 0.0000, 0.0000, 0.0000, 0.0000]])
tensor([[0.3561, 0.0000, 0.0000, 0.0000, 0.0000, 0.0000]])
tensor([[-0.7320,  1.0000,  0.0000,  0.0000,  0.0000,  0.0000]])
tensor([[-0.0451,  1.0000,  0.0000,  0.0000,  0.0000,  0.0000]])
{"type": "results", "track": "xr591", "results": [{"key": 0, "reward": 9.91490478515625, "position": 4, "name": "TQCars", "avg_action_time": 0.0015039065047581233}]}
