INFO:root:Loading the agents
INFO:root:Loaded player TQCars
INFO:root:Creating pystk-1
INFO:root:Adding wrapper <function get_wrappers.<locals>.<lambda> at 0x7d14da2ef420>
INFO:root:Adding wrapper <function get_wrappers.<locals>.<lambda> at 0x7d14da2ef4c0>
INFO:root:Adding wrapper <function get_wrappers.<locals>.<lambda> at 0x7d14da2ef560>
INFO:root:Adding wrapper <function get_wrappers.<locals>.<lambda> at 0x7d14da2ef600>
INFO:root:(multi-env mono adapter) Setting main environment max_paths to 5
INFO:root:Loading trained model from CHECKPOINT-GPUFAC/tqc_EXP16BASEREWARD_1000000.pt...
INFO:root:Starting a race
tensor([[0.0385, 1.0000, 0.0000, 0.0000, 0.0000, 0.0000]])
tensor([[-0.8896,  1.0000,  0.0000,  0.0000,  0.0000,  0.0000]])
tensor([[-0.6561,  1.0000,  0.0000,  0.0000,  0.0000,  0.0000]])
tensor([[-0.7345,  1.0000,  0.0000,  0.0000,  0.0000,  0.0000]])
tensor([[-0.6943,  1.0000,  0.0000,  0.0000,  0.0000,  0.0000]])
tensor([[-0.7301,  1.0000,  0.0000,  0.0000,  0.0000,  0.0000]])
tensor([[-0.4961,  1.0000,  0.0000,  0.0000,  0.0000,  0.0000]])
tensor([[0.0419, 1.0000, 0.0000, 0.0000, 0.0000, 0.0000]])
tensor([[-0.5866,  1.0000,  0.0000,  0.0000,  0.0000,  0.0000]])
tensor([[-0.8571,  1.0000,  1.0000,  0.0000,  0.0000,  0.0000]])
tensor([[-0.7054,  1.0000,  0.0000,  0.0000,  0.0000,  0.0000]])
tensor([[-0.8915,  1.0000,  0.0000,  0.0000,  0.0000,  0.0000]])
tensor([[-0.6062,  1.0000,  0.0000,  0.0000,  0.0000,  0.0000]])
tensor([[0.7494, 1.0000, 0.0000, 0.0000, 0.0000, 0.0000]])
tensor([[-0.3277,  1.0000,  0.0000,  0.0000,  0.0000,  0.0000]])
tensor([[-0.2775,  1.0000,  0.0000,  0.0000,  0.0000,  0.0000]])
tensor([[-0.6873,  1.0000,  0.0000,  0.0000,  0.0000,  0.0000]])
tensor([[-0.6895,  1.0000,  0.0000,  0.0000,  0.0000,  0.0000]])
tensor([[0.4148, 1.0000, 0.0000, 0.0000, 1.0000, 0.0000]])
tensor([[-0.7542,  1.0000,  0.0000,  0.0000,  0.0000,  0.0000]])
tensor([[-0.7158,  1.0000,  0.0000,  0.0000,  0.0000,  0.0000]])
tensor([[0.6603, 1.0000, 0.0000, 0.0000, 0.0000, 0.0000]])
tensor([[-0.2298,  1.0000,  0.0000,  0.0000,  0.0000,  0.0000]])
tensor([[-0.9145,  1.0000,  0.0000,  0.0000,  0.0000,  0.0000]])
tensor([[-0.6089,  1.0000,  0.0000,  0.0000,  0.0000,  0.0000]])
tensor([[0.9251, 1.0000, 0.0000, 0.0000, 0.0000, 0.0000]])
tensor([[-0.1633,  1.0000,  0.0000,  0.0000,  0.0000,  0.0000]])
tensor([[0.8417, 1.0000, 0.0000, 0.0000, 0.0000, 0.0000]])
tensor([[0.9810, 1.0000, 0.0000, 0.0000, 0.0000, 0.0000]])
tensor([[0.7644, 1.0000, 0.0000, 0.0000, 0.0000, 0.0000]])
tensor([[0.9277, 1.0000, 0.0000, 0.0000, 0.0000, 0.0000]])
tensor([[0.9073, 1.0000, 0.0000, 0.0000, 0.0000, 0.0000]])
tensor([[0.9803, 1.0000, 0.0000, 0.0000, 0.0000, 0.0000]])
tensor([[0.4025, 1.0000, 0.0000, 0.0000, 0.0000, 0.0000]])
tensor([[-0.6341,  1.0000,  0.0000,  0.0000,  0.0000,  0.0000]])
tensor([[0.0049, 1.0000, 0.0000, 0.0000, 0.0000, 0.0000]])
tensor([[0.3275, 1.0000, 1.0000, 0.0000, 0.0000, 0.0000]])
tensor([[-0.2856,  1.0000,  0.0000,  0.0000,  0.0000,  0.0000]])
tensor([[-0.0597,  1.0000,  0.0000,  0.0000,  0.0000,  0.0000]])
tensor([[0.4934, 1.0000, 0.0000, 0.0000, 0.0000, 0.0000]])
tensor([[0.6417, 1.0000, 0.0000, 0.0000, 0.0000, 0.0000]])
tensor([[-0.9734,  1.0000,  0.0000,  0.0000,  0.0000,  0.0000]])
tensor([[-0.9368,  1.0000,  0.0000,  0.0000,  0.0000,  0.0000]])
tensor([[-0.5470,  1.0000,  0.0000,  0.0000,  0.0000,  0.0000]])
tensor([[-0.9640,  1.0000,  0.0000,  0.0000,  0.0000,  0.0000]])
tensor([[-0.6229,  1.0000,  0.0000,  0.0000,  0.0000,  0.0000]])
tensor([[-0.2890,  1.0000,  0.0000,  0.0000,  0.0000,  0.0000]])
tensor([[-0.1845,  1.0000,  0.0000,  0.0000,  0.0000,  0.0000]])
tensor([[-0.6886,  1.0000,  0.0000,  0.0000,  0.0000,  0.0000]])
tensor([[-0.9883,  1.0000,  0.0000,  0.0000,  0.0000,  0.0000]])
tensor([[0.1355, 1.0000, 0.0000, 0.0000, 0.0000, 0.0000]])
tensor([[0.6642, 1.0000, 0.0000, 0.0000, 0.0000, 0.0000]])
tensor([[-0.9743,  1.0000,  0.0000,  0.0000,  0.0000,  0.0000]])
tensor([[-0.8124,  1.0000,  0.0000,  0.0000,  0.0000,  0.0000]])
tensor([[-0.5100,  1.0000,  0.0000,  0.0000,  0.0000,  0.0000]])
tensor([[-0.2602,  1.0000,  0.0000,  0.0000,  0.0000,  0.0000]])
tensor([[-0.5459,  1.0000,  0.0000,  0.0000,  0.0000,  0.0000]])
tensor([[-0.9465,  1.0000,  0.0000,  0.0000,  0.0000,  0.0000]])
tensor([[-0.9713,  1.0000,  0.0000,  0.0000,  0.0000,  0.0000]])
tensor([[-0.7685,  1.0000,  0.0000,  0.0000,  0.0000,  0.0000]])
tensor([[-0.7330,  1.0000,  0.0000,  0.0000,  0.0000,  0.0000]])
tensor([[-0.2499,  1.0000,  0.0000,  0.0000,  0.0000,  0.0000]])
tensor([[-0.4654,  1.0000,  0.0000,  0.0000,  0.0000,  0.0000]])
tensor([[-0.9311,  1.0000,  0.0000,  0.0000,  0.0000,  0.0000]])
tensor([[-0.9321,  1.0000,  0.0000,  0.0000,  0.0000,  0.0000]])
tensor([[-0.7702,  1.0000,  0.0000,  0.0000,  0.0000,  0.0000]])
tensor([[0.2160, 1.0000, 0.0000, 0.0000, 0.0000, 0.0000]])
tensor([[0.7949, 1.0000, 0.0000, 0.0000, 0.0000, 0.0000]])
tensor([[0.1400, 1.0000, 0.0000, 0.0000, 0.0000, 0.0000]])
tensor([[-0.5282,  1.0000,  0.0000,  0.0000,  0.0000,  0.0000]])
tensor([[-0.8535,  1.0000,  0.0000,  0.0000,  0.0000,  0.0000]])
tensor([[-0.2858,  1.0000,  0.0000,  0.0000,  0.0000,  0.0000]])
tensor([[-0.0860,  1.0000,  0.0000,  0.0000,  0.0000,  0.0000]])
tensor([[-0.7246,  1.0000,  0.0000,  0.0000,  0.0000,  0.0000]])
tensor([[0.4402, 1.0000, 0.0000, 0.0000, 0.0000, 0.0000]])
tensor([[0.4739, 1.0000, 0.0000, 0.0000, 0.0000, 0.0000]])
tensor([[0.7017, 1.0000, 0.0000, 0.0000, 0.0000, 0.0000]])
tensor([[-0.0239,  1.0000,  0.0000,  0.0000,  0.0000,  0.0000]])
tensor([[0.7652, 1.0000, 0.0000, 0.0000, 0.0000, 0.0000]])
tensor([[-0.9014,  1.0000,  0.0000,  0.0000,  0.0000,  0.0000]])
tensor([[-0.7869,  1.0000,  0.0000,  0.0000,  0.0000,  0.0000]])
tensor([[0.0604, 1.0000, 0.0000, 0.0000, 0.0000, 0.0000]])
tensor([[-0.3016,  1.0000,  0.0000,  0.0000,  0.0000,  0.0000]])
tensor([[-0.8673,  1.0000,  0.0000,  0.0000,  0.0000,  0.0000]])
tensor([[0.5268, 1.0000, 0.0000, 0.0000, 0.0000, 0.0000]])
tensor([[0.2027, 1.0000, 0.0000, 1.0000, 0.0000, 0.0000]])
tensor([[-0.6857,  1.0000,  0.0000,  0.0000,  0.0000,  0.0000]])
tensor([[-0.1266,  1.0000,  0.0000,  0.0000,  0.0000,  0.0000]])
tensor([[-0.0523,  1.0000,  0.0000,  0.0000,  0.0000,  0.0000]])
tensor([[0.6777, 1.0000, 0.0000, 0.0000, 0.0000, 0.0000]])
tensor([[0.5702, 1.0000, 0.0000, 0.0000, 0.0000, 0.0000]])
tensor([[0.7094, 1.0000, 0.0000, 0.0000, 0.0000, 0.0000]])
tensor([[0.7326, 1.0000, 0.0000, 0.0000, 0.0000, 0.0000]])
tensor([[0.5184, 1.0000, 0.0000, 0.0000, 0.0000, 0.0000]])
tensor([[0.7210, 1.0000, 0.0000, 0.0000, 0.0000, 0.0000]])
tensor([[0.9766, 1.0000, 0.0000, 0.0000, 0.0000, 0.0000]])
tensor([[0.8148, 1.0000, 0.0000, 0.0000, 0.0000, 0.0000]])
tensor([[0.8856, 1.0000, 0.0000, 0.0000, 0.0000, 0.0000]])
tensor([[0.9875, 1.0000, 0.0000, 0.0000, 0.0000, 0.0000]])
tensor([[0.9708, 0.0000, 0.0000, 0.0000, 0.0000, 0.0000]])
tensor([[0.9457, 1.0000, 0.0000, 0.0000, 0.0000, 0.0000]])
tensor([[0.7944, 1.0000, 0.0000, 0.0000, 0.0000, 0.0000]])
tensor([[0.8684, 1.0000, 0.0000, 0.0000, 0.0000, 0.0000]])
tensor([[0.8289, 1.0000, 0.0000, 0.0000, 0.0000, 0.0000]])
tensor([[0.9655, 1.0000, 0.0000, 0.0000, 0.0000, 0.0000]])
tensor([[0.9826, 1.0000, 0.0000, 0.0000, 0.0000, 0.0000]])
tensor([[0.8712, 1.0000, 0.0000, 0.0000, 0.0000, 0.0000]])
tensor([[0.9652, 1.0000, 0.0000, 0.0000, 0.0000, 0.0000]])
tensor([[0.9637, 1.0000, 0.0000, 0.0000, 0.0000, 0.0000]])
tensor([[0.9779, 1.0000, 0.0000, 0.0000, 0.0000, 0.0000]])
tensor([[0.9383, 1.0000, 0.0000, 0.0000, 0.0000, 0.0000]])
tensor([[0.9713, 1.0000, 0.0000, 0.0000, 0.0000, 0.0000]])
tensor([[-0.1409,  1.0000,  0.0000,  0.0000,  0.0000,  0.0000]])
tensor([[0.5773, 1.0000, 0.0000, 0.0000, 0.0000, 0.0000]])
tensor([[0.8926, 1.0000, 0.0000, 0.0000, 0.0000, 0.0000]])
tensor([[0.6765, 1.0000, 0.0000, 0.0000, 0.0000, 0.0000]])
tensor([[0.7106, 1.0000, 0.0000, 0.0000, 0.0000, 0.0000]])
tensor([[0.3235, 1.0000, 0.0000, 0.0000, 0.0000, 0.0000]])
tensor([[0.2554, 1.0000, 0.0000, 0.0000, 0.0000, 0.0000]])
tensor([[0.5590, 1.0000, 0.0000, 0.0000, 0.0000, 0.0000]])
tensor([[0.2705, 1.0000, 0.0000, 0.0000, 1.0000, 0.0000]])
tensor([[0.7609, 1.0000, 0.0000, 0.0000, 0.0000, 0.0000]])
tensor([[-0.2643,  1.0000,  0.0000,  0.0000,  0.0000,  0.0000]])
tensor([[-0.3366,  1.0000,  0.0000,  0.0000,  0.0000,  0.0000]])
tensor([[0.4612, 1.0000, 0.0000, 0.0000, 0.0000, 0.0000]])
tensor([[0.2919, 1.0000, 0.0000, 0.0000, 0.0000, 0.0000]])
tensor([[-0.8333,  1.0000,  0.0000,  0.0000,  0.0000,  0.0000]])
tensor([[-0.9674,  1.0000,  0.0000,  0.0000,  0.0000,  0.0000]])
tensor([[-0.9607,  1.0000,  0.0000,  0.0000,  0.0000,  0.0000]])
tensor([[-0.9537,  1.0000,  1.0000,  1.0000,  0.0000,  0.0000]])
tensor([[-0.0310,  1.0000,  0.0000,  0.0000,  0.0000,  0.0000]])
tensor([[-0.3579,  0.0000,  0.0000,  0.0000,  0.0000,  0.0000]])
tensor([[-0.1234,  1.0000,  0.0000,  0.0000,  0.0000,  0.0000]])
tensor([[0.2125, 1.0000, 0.0000, 1.0000, 0.0000, 0.0000]])
tensor([[0.0230, 1.0000, 0.0000, 0.0000, 0.0000, 0.0000]])
tensor([[0.9172, 1.0000, 0.0000, 0.0000, 0.0000, 0.0000]])
tensor([[0.6750, 1.0000, 0.0000, 0.0000, 0.0000, 0.0000]])
tensor([[-0.5661,  1.0000,  0.0000,  0.0000,  0.0000,  0.0000]])
tensor([[-0.7849,  1.0000,  0.0000,  0.0000,  0.0000,  0.0000]])
tensor([[-0.2730,  1.0000,  0.0000,  0.0000,  0.0000,  0.0000]])
tensor([[0.5863, 1.0000, 0.0000, 0.0000, 0.0000, 0.0000]])
tensor([[-0.9460,  1.0000,  0.0000,  0.0000,  0.0000,  0.0000]])
tensor([[0.7642, 1.0000, 0.0000, 0.0000, 0.0000, 0.0000]])
tensor([[-0.2195,  1.0000,  0.0000,  0.0000,  0.0000,  0.0000]])
tensor([[0.1629, 1.0000, 0.0000, 0.0000, 0.0000, 0.0000]])
tensor([[0.2134, 1.0000, 0.0000, 0.0000, 0.0000, 0.0000]])
tensor([[-0.8295,  1.0000,  0.0000,  0.0000,  0.0000,  0.0000]])
tensor([[-0.1474,  1.0000,  0.0000,  0.0000,  0.0000,  0.0000]])
tensor([[0.7214, 1.0000, 0.0000, 0.0000, 0.0000, 0.0000]])
tensor([[-0.2045,  1.0000,  0.0000,  0.0000,  0.0000,  0.0000]])
tensor([[-0.7419,  1.0000,  0.0000,  0.0000,  0.0000,  0.0000]])
tensor([[-0.8667,  1.0000,  0.0000,  1.0000,  0.0000,  0.0000]])
tensor([[-0.4990,  1.0000,  0.0000,  0.0000,  0.0000,  0.0000]])
tensor([[-0.0289,  1.0000,  0.0000,  0.0000,  0.0000,  0.0000]])
tensor([[0.1108, 1.0000, 0.0000, 0.0000, 0.0000, 0.0000]])
tensor([[-0.2379,  1.0000,  0.0000,  0.0000,  0.0000,  0.0000]])
tensor([[0.8596, 1.0000, 0.0000, 0.0000, 0.0000, 0.0000]])
tensor([[-0.0613,  1.0000,  0.0000,  0.0000,  0.0000,  0.0000]])
tensor([[0.4438, 1.0000, 0.0000, 0.0000, 0.0000, 0.0000]])
tensor([[0.7215, 1.0000, 0.0000, 0.0000, 0.0000, 0.0000]])
tensor([[0.4907, 1.0000, 0.0000, 0.0000, 0.0000, 0.0000]])
tensor([[-0.1127,  1.0000,  0.0000,  0.0000,  0.0000,  0.0000]])
tensor([[-0.0794,  1.0000,  0.0000,  0.0000,  0.0000,  0.0000]])
tensor([[-0.5073,  1.0000,  0.0000,  0.0000,  0.0000,  0.0000]])
tensor([[0.4516, 1.0000, 0.0000, 0.0000, 0.0000, 0.0000]])
tensor([[-0.8431,  1.0000,  0.0000,  0.0000,  0.0000,  0.0000]])
tensor([[-0.6896,  1.0000,  0.0000,  0.0000,  0.0000,  0.0000]])
tensor([[0.9636, 1.0000, 0.0000, 0.0000, 0.0000, 0.0000]])
tensor([[0.9177, 1.0000, 0.0000, 0.0000, 0.0000, 0.0000]])
tensor([[-0.7608,  1.0000,  0.0000,  0.0000,  0.0000,  0.0000]])
tensor([[0.7309, 1.0000, 0.0000, 0.0000, 0.0000, 0.0000]])
tensor([[0.8656, 1.0000, 0.0000, 0.0000, 0.0000, 0.0000]])
tensor([[0.8239, 1.0000, 0.0000, 0.0000, 0.0000, 0.0000]])
tensor([[0.6500, 1.0000, 0.0000, 1.0000, 0.0000, 0.0000]])
tensor([[0.0497, 1.0000, 0.0000, 0.0000, 0.0000, 0.0000]])
tensor([[-0.7273,  1.0000,  0.0000,  0.0000,  0.0000,  0.0000]])
tensor([[-0.2274,  1.0000,  0.0000,  0.0000,  0.0000,  0.0000]])
tensor([[-0.4859,  1.0000,  0.0000,  0.0000,  0.0000,  0.0000]])
tensor([[0.6608, 1.0000, 0.0000, 0.0000, 0.0000, 0.0000]])
tensor([[0.0279, 1.0000, 0.0000, 0.0000, 0.0000, 0.0000]])
tensor([[0.5943, 1.0000, 0.0000, 0.0000, 0.0000, 0.0000]])
tensor([[0.4330, 1.0000, 0.0000, 0.0000, 0.0000, 0.0000]])
tensor([[-0.8866,  1.0000,  0.0000,  0.0000,  0.0000,  0.0000]])
tensor([[0.7898, 1.0000, 0.0000, 0.0000, 0.0000, 0.0000]])
tensor([[0.4689, 1.0000, 0.0000, 0.0000, 0.0000, 0.0000]])
tensor([[0.0437, 1.0000, 0.0000, 0.0000, 0.0000, 0.0000]])
tensor([[-0.1958,  1.0000,  0.0000,  0.0000,  0.0000,  0.0000]])
tensor([[0.1747, 1.0000, 0.0000, 0.0000, 0.0000, 0.0000]])
tensor([[-0.1108,  1.0000,  0.0000,  0.0000,  0.0000,  0.0000]])
tensor([[-0.9472,  1.0000,  0.0000,  0.0000,  0.0000,  0.0000]])
tensor([[-0.1045,  1.0000,  0.0000,  0.0000,  0.0000,  0.0000]])
tensor([[0.4296, 1.0000, 0.0000, 0.0000, 0.0000, 0.0000]])
tensor([[0.1349, 1.0000, 0.0000, 0.0000, 0.0000, 0.0000]])
tensor([[0.3845, 1.0000, 0.0000, 0.0000, 0.0000, 0.0000]])
tensor([[0.3633, 1.0000, 0.0000, 0.0000, 0.0000, 0.0000]])
tensor([[-0.3357,  1.0000,  0.0000,  0.0000,  0.0000,  0.0000]])
tensor([[-0.6743,  1.0000,  0.0000,  0.0000,  0.0000,  0.0000]])
tensor([[-0.8563,  1.0000,  0.0000,  0.0000,  0.0000,  0.0000]])
tensor([[-0.8819,  1.0000,  0.0000,  0.0000,  0.0000,  0.0000]])
tensor([[-0.6851,  1.0000,  0.0000,  0.0000,  0.0000,  0.0000]])
tensor([[0.1263, 1.0000, 0.0000, 0.0000, 0.0000, 0.0000]])
tensor([[0.3514, 1.0000, 0.0000, 0.0000, 0.0000, 0.0000]])
tensor([[0.0049, 0.0000, 0.0000, 0.0000, 0.0000, 0.0000]])
tensor([[-0.3265,  1.0000,  0.0000,  0.0000,  0.0000,  0.0000]])
tensor([[-0.8456,  1.0000,  0.0000,  0.0000,  0.0000,  0.0000]])
tensor([[-0.6838,  0.0000,  0.0000,  0.0000,  0.0000,  0.0000]])
tensor([[-0.3372,  1.0000,  0.0000,  0.0000,  0.0000,  0.0000]])
tensor([[0.1844, 1.0000, 0.0000, 0.0000, 0.0000, 0.0000]])
tensor([[-0.0988,  1.0000,  0.0000,  0.0000,  0.0000,  0.0000]])
tensor([[0.2671, 1.0000, 0.0000, 0.0000, 0.0000, 0.0000]])
tensor([[-0.5652,  1.0000,  0.0000,  0.0000,  0.0000,  0.0000]])
tensor([[-0.4250,  1.0000,  0.0000,  0.0000,  0.0000,  0.0000]])
tensor([[-0.1057,  1.0000,  0.0000,  0.0000,  0.0000,  0.0000]])
tensor([[0.5536, 1.0000, 0.0000, 0.0000, 0.0000, 0.0000]])
tensor([[0.7035, 1.0000, 0.0000, 0.0000, 0.0000, 0.0000]])
tensor([[0.0717, 1.0000, 0.0000, 0.0000, 0.0000, 0.0000]])
tensor([[-0.0925,  1.0000,  0.0000,  0.0000,  0.0000,  0.0000]])
tensor([[-0.2229,  1.0000,  0.0000,  0.0000,  0.0000,  0.0000]])
tensor([[0.3038, 1.0000, 0.0000, 0.0000, 0.0000, 0.0000]])
tensor([[-0.3279,  1.0000,  0.0000,  0.0000,  0.0000,  0.0000]])
tensor([[-0.6254,  1.0000,  0.0000,  0.0000,  0.0000,  0.0000]])
tensor([[-0.0263,  1.0000,  0.0000,  0.0000,  0.0000,  0.0000]])
tensor([[0.3650, 1.0000, 0.0000, 0.0000, 0.0000, 0.0000]])
tensor([[-0.5431,  1.0000,  0.0000,  0.0000,  0.0000,  0.0000]])
tensor([[-0.6426,  1.0000,  0.0000,  0.0000,  0.0000,  0.0000]])
tensor([[0.2275, 1.0000, 0.0000, 0.0000, 0.0000, 0.0000]])
tensor([[0.8543, 1.0000, 0.0000, 0.0000, 0.0000, 0.0000]])
tensor([[0.1124, 1.0000, 0.0000, 0.0000, 0.0000, 0.0000]])
tensor([[0.7282, 1.0000, 0.0000, 0.0000, 0.0000, 0.0000]])
tensor([[0.4731, 1.0000, 0.0000, 0.0000, 0.0000, 0.0000]])
tensor([[0.4599, 1.0000, 0.0000, 0.0000, 0.0000, 0.0000]])
tensor([[-0.4418,  1.0000,  0.0000,  0.0000,  0.0000,  0.0000]])
tensor([[-0.1343,  1.0000,  0.0000,  0.0000,  0.0000,  0.0000]])
tensor([[-0.7465,  1.0000,  0.0000,  0.0000,  0.0000,  0.0000]])
tensor([[0.9218, 1.0000, 0.0000, 0.0000, 0.0000, 0.0000]])
tensor([[0.7421, 1.0000, 0.0000, 0.0000, 0.0000, 0.0000]])
tensor([[0.3563, 1.0000, 0.0000, 0.0000, 0.0000, 0.0000]])
tensor([[0.7256, 1.0000, 0.0000, 0.0000, 0.0000, 0.0000]])
tensor([[0.9393, 1.0000, 0.0000, 0.0000, 0.0000, 0.0000]])
tensor([[0.7071, 1.0000, 0.0000, 0.0000, 0.0000, 0.0000]])
tensor([[-0.7520,  1.0000,  0.0000,  0.0000,  0.0000,  0.0000]])
tensor([[0.2016, 1.0000, 0.0000, 0.0000, 0.0000, 0.0000]])
tensor([[-0.1375,  1.0000,  0.0000,  0.0000,  0.0000,  0.0000]])
tensor([[-0.2642,  1.0000,  0.0000,  0.0000,  0.0000,  0.0000]])
tensor([[0.8464, 1.0000, 0.0000, 0.0000, 0.0000, 0.0000]])
tensor([[0.5830, 1.0000, 0.0000, 0.0000, 0.0000, 0.0000]])
tensor([[0.6429, 1.0000, 0.0000, 0.0000, 0.0000, 0.0000]])
tensor([[0.7974, 1.0000, 0.0000, 0.0000, 0.0000, 0.0000]])
tensor([[0.3714, 1.0000, 0.0000, 0.0000, 0.0000, 0.0000]])
tensor([[-0.5658,  1.0000,  0.0000,  0.0000,  0.0000,  0.0000]])
tensor([[0.6818, 1.0000, 0.0000, 0.0000, 0.0000, 0.0000]])
tensor([[0.5652, 1.0000, 0.0000, 0.0000, 0.0000, 0.0000]])
tensor([[0.9881, 1.0000, 0.0000, 0.0000, 0.0000, 0.0000]])
tensor([[0.2719, 1.0000, 0.0000, 0.0000, 0.0000, 0.0000]])
tensor([[0.8710, 1.0000, 0.0000, 0.0000, 0.0000, 0.0000]])
tensor([[0.2242, 1.0000, 0.0000, 0.0000, 0.0000, 0.0000]])
tensor([[0.0384, 1.0000, 0.0000, 0.0000, 0.0000, 0.0000]])
tensor([[-0.3707,  1.0000,  0.0000,  0.0000,  0.0000,  0.0000]])
tensor([[0.2952, 1.0000, 0.0000, 0.0000, 0.0000, 0.0000]])
tensor([[-0.2903,  0.0000,  0.0000,  0.0000,  0.0000,  0.0000]])
tensor([[0.8710, 1.0000, 0.0000, 0.0000, 0.0000, 0.0000]])
tensor([[0.6706, 1.0000, 0.0000, 0.0000, 0.0000, 0.0000]])
tensor([[0.9301, 1.0000, 0.0000, 0.0000, 0.0000, 0.0000]])
tensor([[0.7841, 1.0000, 0.0000, 0.0000, 0.0000, 0.0000]])
tensor([[0.9839, 1.0000, 1.0000, 0.0000, 0.0000, 0.0000]])
tensor([[0.9224, 1.0000, 0.0000, 0.0000, 0.0000, 0.0000]])
tensor([[-0.2451,  1.0000,  0.0000,  0.0000,  0.0000,  0.0000]])
tensor([[0.9137, 1.0000, 0.0000, 0.0000, 0.0000, 0.0000]])
tensor([[0.2763, 1.0000, 0.0000, 0.0000, 0.0000, 0.0000]])
tensor([[0.9250, 1.0000, 0.0000, 0.0000, 0.0000, 0.0000]])
tensor([[0.4677, 1.0000, 0.0000, 0.0000, 0.0000, 0.0000]])
tensor([[-0.0119,  1.0000,  0.0000,  0.0000,  0.0000,  0.0000]])
tensor([[0.8696, 1.0000, 0.0000, 0.0000, 0.0000, 0.0000]])
tensor([[0.4284, 1.0000, 0.0000, 0.0000, 0.0000, 0.0000]])
tensor([[0.5867, 1.0000, 0.0000, 0.0000, 0.0000, 0.0000]])
tensor([[0.8495, 1.0000, 0.0000, 0.0000, 0.0000, 0.0000]])
tensor([[0.9267, 1.0000, 0.0000, 0.0000, 0.0000, 0.0000]])
tensor([[0.7276, 1.0000, 0.0000, 0.0000, 0.0000, 0.0000]])
tensor([[-0.7371,  1.0000,  0.0000,  0.0000,  0.0000,  0.0000]])
tensor([[0.4969, 1.0000, 0.0000, 0.0000, 0.0000, 0.0000]])
tensor([[0.3657, 1.0000, 0.0000, 0.0000, 0.0000, 0.0000]])
tensor([[0.6295, 1.0000, 1.0000, 0.0000, 0.0000, 0.0000]])
tensor([[0.5565, 1.0000, 0.0000, 0.0000, 0.0000, 0.0000]])
tensor([[0.4150, 1.0000, 0.0000, 1.0000, 0.0000, 0.0000]])
tensor([[0.9891, 1.0000, 0.0000, 0.0000, 0.0000, 0.0000]])
tensor([[-0.8287,  1.0000,  0.0000,  0.0000,  0.0000,  0.0000]])
tensor([[-0.3218,  1.0000,  0.0000,  0.0000,  0.0000,  0.0000]])
tensor([[0.8831, 1.0000, 0.0000, 0.0000, 0.0000, 0.0000]])
tensor([[0.0261, 1.0000, 1.0000, 0.0000, 0.0000, 0.0000]])
tensor([[-0.6734,  1.0000,  0.0000,  0.0000,  0.0000,  0.0000]])
tensor([[-0.8686,  1.0000,  0.0000,  0.0000,  0.0000,  0.0000]])
tensor([[-0.6953,  1.0000,  0.0000,  0.0000,  0.0000,  0.0000]])
tensor([[-0.9728,  1.0000,  0.0000,  0.0000,  0.0000,  0.0000]])
tensor([[-0.9663,  1.0000,  0.0000,  0.0000,  0.0000,  0.0000]])
tensor([[0.2226, 1.0000, 0.0000, 0.0000, 0.0000, 0.0000]])
tensor([[-0.7835,  1.0000,  0.0000,  0.0000,  0.0000,  0.0000]])
tensor([[-0.9918,  1.0000,  0.0000,  0.0000,  0.0000,  0.0000]])
tensor([[-0.4690,  1.0000,  0.0000,  0.0000,  0.0000,  0.0000]])
tensor([[-0.8236,  1.0000,  0.0000,  0.0000,  0.0000,  0.0000]])
tensor([[-0.8977,  1.0000,  0.0000,  0.0000,  0.0000,  0.0000]])
tensor([[-0.8056,  1.0000,  0.0000,  0.0000,  0.0000,  0.0000]])
tensor([[-0.7928,  1.0000,  0.0000,  0.0000,  0.0000,  0.0000]])
tensor([[-0.8216,  1.0000,  0.0000,  0.0000,  0.0000,  0.0000]])
tensor([[-0.3757,  1.0000,  0.0000,  0.0000,  0.0000,  0.0000]])
tensor([[-0.2980,  1.0000,  0.0000,  0.0000,  0.0000,  0.0000]])
tensor([[-0.4293,  1.0000,  0.0000,  0.0000,  0.0000,  0.0000]])
tensor([[-0.9258,  1.0000,  0.0000,  0.0000,  0.0000,  0.0000]])
tensor([[-0.1746,  1.0000,  0.0000,  0.0000,  0.0000,  0.0000]])
tensor([[-0.6930,  1.0000,  0.0000,  0.0000,  0.0000,  0.0000]])
tensor([[0.0094, 1.0000, 0.0000, 0.0000, 0.0000, 0.0000]])
tensor([[0.4783, 1.0000, 0.0000, 0.0000, 0.0000, 0.0000]])
tensor([[-0.4971,  1.0000,  0.0000,  0.0000,  0.0000,  0.0000]])
tensor([[0.6186, 1.0000, 0.0000, 0.0000, 0.0000, 0.0000]])
tensor([[-0.2356,  1.0000,  0.0000,  0.0000,  0.0000,  0.0000]])
tensor([[-0.0167,  1.0000,  0.0000,  0.0000,  0.0000,  0.0000]])
tensor([[0.9395, 1.0000, 0.0000, 0.0000, 0.0000, 0.0000]])
tensor([[0.8682, 1.0000, 0.0000, 0.0000, 0.0000, 0.0000]])
tensor([[0.9461, 1.0000, 0.0000, 0.0000, 0.0000, 0.0000]])
tensor([[0.5998, 1.0000, 0.0000, 0.0000, 0.0000, 0.0000]])
tensor([[-0.2331,  1.0000,  0.0000,  0.0000,  0.0000,  0.0000]])
tensor([[0.0568, 1.0000, 0.0000, 0.0000, 0.0000, 0.0000]])
tensor([[0.4180, 1.0000, 0.0000, 0.0000, 0.0000, 0.0000]])
tensor([[0.8972, 1.0000, 0.0000, 0.0000, 0.0000, 0.0000]])
tensor([[0.7563, 1.0000, 0.0000, 0.0000, 0.0000, 0.0000]])
tensor([[0.3199, 1.0000, 0.0000, 0.0000, 0.0000, 0.0000]])
tensor([[-0.0790,  1.0000,  0.0000,  0.0000,  0.0000,  0.0000]])
tensor([[-8.2424e-04,  1.0000e+00,  0.0000e+00,  0.0000e+00,  0.0000e+00,
          0.0000e+00]])
tensor([[-0.4893,  1.0000,  0.0000,  0.0000,  0.0000,  0.0000]])
tensor([[-0.2226,  1.0000,  0.0000,  0.0000,  0.0000,  0.0000]])
tensor([[-0.0284,  1.0000,  0.0000,  0.0000,  0.0000,  0.0000]])
tensor([[-0.1908,  1.0000,  0.0000,  0.0000,  0.0000,  0.0000]])
tensor([[0.4077, 1.0000, 0.0000, 0.0000, 0.0000, 0.0000]])
tensor([[-0.7399,  1.0000,  0.0000,  0.0000,  0.0000,  0.0000]])
tensor([[-0.3042,  1.0000,  0.0000,  0.0000,  0.0000,  0.0000]])
tensor([[-0.2255,  1.0000,  0.0000,  0.0000,  0.0000,  0.0000]])
tensor([[-0.8186,  1.0000,  0.0000,  0.0000,  0.0000,  0.0000]])
tensor([[-0.8637,  1.0000,  0.0000,  0.0000,  0.0000,  0.0000]])
tensor([[0.1564, 1.0000, 0.0000, 0.0000, 0.0000, 0.0000]])
tensor([[-0.9065,  1.0000,  0.0000,  0.0000,  0.0000,  0.0000]])
tensor([[-0.7082,  1.0000,  0.0000,  0.0000,  0.0000,  0.0000]])
tensor([[-0.4083,  1.0000,  0.0000,  0.0000,  0.0000,  0.0000]])
tensor([[-0.5358,  1.0000,  0.0000,  0.0000,  0.0000,  0.0000]])
tensor([[-0.1359,  1.0000,  0.0000,  0.0000,  0.0000,  0.0000]])
tensor([[0.5465, 0.0000, 0.0000, 0.0000, 0.0000, 0.0000]])
tensor([[0.2755, 1.0000, 0.0000, 0.0000, 0.0000, 0.0000]])
tensor([[-0.0518,  1.0000,  0.0000,  0.0000,  0.0000,  0.0000]])
tensor([[0.3750, 1.0000, 0.0000, 0.0000, 0.0000, 0.0000]])
tensor([[0.0060, 1.0000, 0.0000, 0.0000, 0.0000, 0.0000]])
tensor([[-0.4347,  1.0000,  0.0000,  0.0000,  0.0000,  0.0000]])
tensor([[0.4417, 1.0000, 0.0000, 0.0000, 0.0000, 0.0000]])
tensor([[0.5388, 1.0000, 0.0000, 0.0000, 0.0000, 0.0000]])
tensor([[0.2797, 1.0000, 0.0000, 0.0000, 0.0000, 0.0000]])
tensor([[0.1479, 1.0000, 0.0000, 1.0000, 0.0000, 0.0000]])
tensor([[0.1725, 1.0000, 0.0000, 0.0000, 0.0000, 0.0000]])
tensor([[-0.7198,  1.0000,  0.0000,  0.0000,  0.0000,  0.0000]])
tensor([[0.3577, 1.0000, 0.0000, 0.0000, 0.0000, 0.0000]])
tensor([[0.9515, 1.0000, 0.0000, 0.0000, 0.0000, 0.0000]])
tensor([[0.9854, 1.0000, 0.0000, 0.0000, 0.0000, 0.0000]])
tensor([[0.9316, 1.0000, 0.0000, 0.0000, 0.0000, 0.0000]])
tensor([[0.6130, 1.0000, 0.0000, 0.0000, 0.0000, 0.0000]])
tensor([[0.8862, 1.0000, 0.0000, 0.0000, 0.0000, 0.0000]])
tensor([[0.4004, 1.0000, 0.0000, 0.0000, 0.0000, 0.0000]])
tensor([[0.6978, 1.0000, 0.0000, 0.0000, 0.0000, 0.0000]])
tensor([[0.2984, 1.0000, 0.0000, 0.0000, 0.0000, 0.0000]])
tensor([[0.9110, 1.0000, 0.0000, 0.0000, 0.0000, 0.0000]])
tensor([[0.2838, 1.0000, 0.0000, 0.0000, 0.0000, 0.0000]])
tensor([[0.1309, 1.0000, 0.0000, 0.0000, 0.0000, 0.0000]])
tensor([[0.8017, 1.0000, 0.0000, 0.0000, 0.0000, 0.0000]])
tensor([[0.0455, 1.0000, 0.0000, 0.0000, 1.0000, 0.0000]])
tensor([[0.8193, 1.0000, 0.0000, 0.0000, 0.0000, 0.0000]])
tensor([[0.7916, 1.0000, 0.0000, 0.0000, 0.0000, 0.0000]])
tensor([[0.9507, 1.0000, 0.0000, 0.0000, 0.0000, 0.0000]])
tensor([[0.9184, 1.0000, 0.0000, 0.0000, 0.0000, 0.0000]])
tensor([[-0.2871,  1.0000,  0.0000,  0.0000,  0.0000,  0.0000]])
tensor([[0.5628, 1.0000, 0.0000, 0.0000, 0.0000, 0.0000]])
tensor([[-0.2188,  1.0000,  0.0000,  0.0000,  0.0000,  0.0000]])
tensor([[0.1353, 1.0000, 0.0000, 0.0000, 0.0000, 0.0000]])
tensor([[0.4379, 1.0000, 0.0000, 0.0000, 0.0000, 0.0000]])
tensor([[0.2756, 1.0000, 0.0000, 0.0000, 0.0000, 0.0000]])
tensor([[-0.3849,  1.0000,  0.0000,  0.0000,  0.0000,  0.0000]])
tensor([[0.7992, 1.0000, 0.0000, 0.0000, 0.0000, 0.0000]])
tensor([[0.2584, 1.0000, 0.0000, 0.0000, 0.0000, 0.0000]])
tensor([[-0.6373,  1.0000,  0.0000,  0.0000,  0.0000,  0.0000]])
tensor([[0.4487, 1.0000, 0.0000, 0.0000, 0.0000, 0.0000]])
tensor([[0.4471, 1.0000, 0.0000, 0.0000, 0.0000, 0.0000]])
tensor([[0.8111, 1.0000, 0.0000, 0.0000, 0.0000, 0.0000]])
tensor([[0.7738, 1.0000, 0.0000, 0.0000, 0.0000, 0.0000]])
tensor([[0.2903, 1.0000, 0.0000, 0.0000, 0.0000, 0.0000]])
tensor([[-0.0659,  1.0000,  0.0000,  0.0000,  0.0000,  0.0000]])
tensor([[-0.3432,  1.0000,  0.0000,  0.0000,  0.0000,  0.0000]])
tensor([[0.6389, 1.0000, 0.0000, 0.0000, 0.0000, 0.0000]])
tensor([[0.2738, 1.0000, 0.0000, 0.0000, 0.0000, 0.0000]])
tensor([[-0.5767,  1.0000,  0.0000,  0.0000,  0.0000,  0.0000]])
tensor([[-0.1235,  1.0000,  0.0000,  0.0000,  0.0000,  0.0000]])
tensor([[0.5732, 1.0000, 0.0000, 0.0000, 0.0000, 0.0000]])
tensor([[0.8624, 1.0000, 0.0000, 0.0000, 0.0000, 0.0000]])
tensor([[0.1162, 1.0000, 0.0000, 0.0000, 0.0000, 0.0000]])
tensor([[0.2962, 1.0000, 0.0000, 0.0000, 0.0000, 0.0000]])
tensor([[-0.7092,  1.0000,  0.0000,  0.0000,  0.0000,  0.0000]])
tensor([[0.3371, 1.0000, 0.0000, 0.0000, 0.0000, 0.0000]])
tensor([[0.0300, 1.0000, 0.0000, 0.0000, 0.0000, 0.0000]])
tensor([[-0.6980,  1.0000,  0.0000,  0.0000,  0.0000,  0.0000]])
tensor([[0.0329, 1.0000, 0.0000, 0.0000, 0.0000, 0.0000]])
tensor([[0.2250, 1.0000, 0.0000, 0.0000, 0.0000, 0.0000]])
tensor([[0.5894, 1.0000, 0.0000, 0.0000, 0.0000, 0.0000]])
tensor([[-0.9194,  1.0000,  0.0000,  0.0000,  0.0000,  0.0000]])
tensor([[0.1852, 1.0000, 0.0000, 0.0000, 0.0000, 0.0000]])
tensor([[0.0433, 1.0000, 0.0000, 0.0000, 0.0000, 0.0000]])
tensor([[0.4428, 1.0000, 0.0000, 0.0000, 0.0000, 0.0000]])
tensor([[0.0057, 1.0000, 0.0000, 0.0000, 0.0000, 0.0000]])
tensor([[-0.0550,  1.0000,  0.0000,  0.0000,  0.0000,  0.0000]])
tensor([[0.3542, 1.0000, 0.0000, 0.0000, 0.0000, 0.0000]])
tensor([[-0.1614,  1.0000,  0.0000,  0.0000,  0.0000,  0.0000]])
tensor([[0.4339, 1.0000, 0.0000, 0.0000, 0.0000, 0.0000]])
tensor([[0.3532, 1.0000, 0.0000, 0.0000, 0.0000, 0.0000]])
tensor([[-0.7739,  1.0000,  0.0000,  0.0000,  0.0000,  0.0000]])
tensor([[-0.0129,  1.0000,  0.0000,  0.0000,  0.0000,  0.0000]])
tensor([[-0.4100,  1.0000,  0.0000,  0.0000,  0.0000,  0.0000]])
tensor([[-0.6549,  1.0000,  0.0000,  0.0000,  0.0000,  0.0000]])
tensor([[0.1263, 1.0000, 0.0000, 0.0000, 0.0000, 0.0000]])
tensor([[0.2926, 1.0000, 0.0000, 0.0000, 0.0000, 0.0000]])
tensor([[-0.3021,  1.0000,  0.0000,  0.0000,  0.0000,  0.0000]])
tensor([[-0.4225,  1.0000,  0.0000,  0.0000,  0.0000,  0.0000]])
tensor([[-0.1704,  1.0000,  0.0000,  0.0000,  0.0000,  0.0000]])
tensor([[0.3163, 1.0000, 0.0000, 0.0000, 0.0000, 0.0000]])
tensor([[0.2160, 1.0000, 0.0000, 0.0000, 0.0000, 0.0000]])
tensor([[0.1056, 1.0000, 0.0000, 0.0000, 0.0000, 0.0000]])
tensor([[0.0812, 1.0000, 0.0000, 0.0000, 0.0000, 0.0000]])
tensor([[0.2197, 1.0000, 0.0000, 1.0000, 0.0000, 0.0000]])
tensor([[-0.1993,  1.0000,  0.0000,  0.0000,  0.0000,  0.0000]])
tensor([[-0.2528,  1.0000,  0.0000,  0.0000,  0.0000,  0.0000]])
tensor([[0.1879, 1.0000, 0.0000, 0.0000, 0.0000, 0.0000]])
tensor([[-0.3394,  1.0000,  0.0000,  0.0000,  0.0000,  0.0000]])
tensor([[-0.1685,  1.0000,  0.0000,  0.0000,  0.0000,  0.0000]])
tensor([[-0.7616,  1.0000,  0.0000,  0.0000,  0.0000,  0.0000]])
tensor([[-0.7692,  1.0000,  0.0000,  0.0000,  0.0000,  0.0000]])
tensor([[-0.9669,  1.0000,  0.0000,  0.0000,  0.0000,  0.0000]])
tensor([[0.2982, 1.0000, 0.0000, 0.0000, 0.0000, 0.0000]])
tensor([[-0.6959,  1.0000,  0.0000,  0.0000,  0.0000,  0.0000]])
tensor([[0.0144, 1.0000, 0.0000, 0.0000, 0.0000, 0.0000]])
tensor([[0.7023, 1.0000, 0.0000, 0.0000, 0.0000, 0.0000]])
tensor([[0.0153, 1.0000, 0.0000, 0.0000, 0.0000, 0.0000]])
tensor([[0.6906, 1.0000, 0.0000, 0.0000, 0.0000, 0.0000]])
tensor([[-0.7888,  1.0000,  0.0000,  0.0000,  0.0000,  0.0000]])
tensor([[-0.6310,  1.0000,  0.0000,  0.0000,  0.0000,  0.0000]])
tensor([[-0.2094,  1.0000,  0.0000,  0.0000,  0.0000,  0.0000]])
tensor([[0.3276, 1.0000, 0.0000, 1.0000, 0.0000, 0.0000]])
tensor([[0.0735, 1.0000, 0.0000, 0.0000, 0.0000, 0.0000]])
tensor([[-0.8592,  1.0000,  0.0000,  0.0000,  0.0000,  0.0000]])
tensor([[-0.8417,  1.0000,  0.0000,  0.0000,  0.0000,  0.0000]])
tensor([[-0.8550,  1.0000,  0.0000,  0.0000,  0.0000,  0.0000]])
tensor([[-0.3975,  1.0000,  0.0000,  0.0000,  0.0000,  0.0000]])
tensor([[-0.7523,  1.0000,  0.0000,  0.0000,  0.0000,  0.0000]])
tensor([[-0.8549,  1.0000,  0.0000,  0.0000,  0.0000,  0.0000]])
tensor([[0.0420, 1.0000, 0.0000, 0.0000, 0.0000, 0.0000]])
tensor([[-0.3338,  1.0000,  0.0000,  0.0000,  0.0000,  0.0000]])
tensor([[-0.0422,  1.0000,  0.0000,  0.0000,  0.0000,  0.0000]])
tensor([[-0.5074,  1.0000,  0.0000,  0.0000,  0.0000,  0.0000]])
tensor([[0.3546, 1.0000, 0.0000, 0.0000, 1.0000, 0.0000]])
tensor([[0.4608, 1.0000, 0.0000, 0.0000, 0.0000, 0.0000]])
tensor([[0.3197, 1.0000, 0.0000, 0.0000, 0.0000, 0.0000]])
tensor([[-0.1164,  1.0000,  0.0000,  0.0000,  0.0000,  0.0000]])
tensor([[-0.1583,  1.0000,  0.0000,  0.0000,  0.0000,  0.0000]])
tensor([[-0.3445,  1.0000,  0.0000,  0.0000,  0.0000,  0.0000]])
tensor([[-0.6391,  1.0000,  0.0000,  0.0000,  0.0000,  0.0000]])
tensor([[-0.0366,  1.0000,  0.0000,  0.0000,  0.0000,  0.0000]])
tensor([[0.8644, 1.0000, 0.0000, 0.0000, 0.0000, 0.0000]])
tensor([[-0.0843,  1.0000,  0.0000,  0.0000,  0.0000,  0.0000]])
tensor([[0.4236, 1.0000, 0.0000, 0.0000, 0.0000, 0.0000]])
tensor([[-0.1038,  1.0000,  0.0000,  0.0000,  0.0000,  0.0000]])
tensor([[-0.5955,  1.0000,  0.0000,  0.0000,  0.0000,  0.0000]])
tensor([[-0.5295,  1.0000,  0.0000,  0.0000,  0.0000,  0.0000]])
tensor([[-0.0635,  1.0000,  0.0000,  0.0000,  0.0000,  0.0000]])
tensor([[0.1597, 1.0000, 0.0000, 0.0000, 0.0000, 0.0000]])
tensor([[-0.1283,  1.0000,  0.0000,  0.0000,  0.0000,  0.0000]])
tensor([[-0.5025,  1.0000,  0.0000,  0.0000,  0.0000,  0.0000]])
tensor([[-0.1421,  1.0000,  0.0000,  0.0000,  0.0000,  0.0000]])
tensor([[-0.1328,  1.0000,  0.0000,  0.0000,  0.0000,  0.0000]])
tensor([[-0.6290,  1.0000,  0.0000,  0.0000,  0.0000,  0.0000]])
tensor([[0.3771, 1.0000, 0.0000, 0.0000, 0.0000, 0.0000]])
tensor([[0.4473, 1.0000, 0.0000, 0.0000, 0.0000, 0.0000]])
tensor([[0.6041, 1.0000, 0.0000, 0.0000, 0.0000, 0.0000]])
tensor([[-0.1127,  1.0000,  0.0000,  0.0000,  0.0000,  0.0000]])
tensor([[-0.2928,  1.0000,  0.0000,  0.0000,  0.0000,  0.0000]])
tensor([[0.0966, 1.0000, 0.0000, 0.0000, 0.0000, 0.0000]])
tensor([[0.8914, 1.0000, 0.0000, 0.0000, 0.0000, 0.0000]])
tensor([[0.5063, 1.0000, 0.0000, 0.0000, 0.0000, 0.0000]])
tensor([[-0.0850,  1.0000,  0.0000,  0.0000,  0.0000,  0.0000]])
tensor([[0.5556, 1.0000, 0.0000, 0.0000, 0.0000, 0.0000]])
tensor([[-0.1905,  1.0000,  0.0000,  1.0000,  0.0000,  0.0000]])
tensor([[0.3722, 1.0000, 0.0000, 0.0000, 0.0000, 0.0000]])
tensor([[0.1419, 1.0000, 0.0000, 0.0000, 0.0000, 0.0000]])
tensor([[0.9374, 1.0000, 0.0000, 0.0000, 0.0000, 0.0000]])
tensor([[0.2012, 1.0000, 0.0000, 0.0000, 0.0000, 0.0000]])
tensor([[-0.2146,  1.0000,  0.0000,  0.0000,  0.0000,  0.0000]])
tensor([[0.5530, 1.0000, 0.0000, 0.0000, 0.0000, 0.0000]])
tensor([[0.8958, 1.0000, 1.0000, 0.0000, 0.0000, 0.0000]])
tensor([[0.4101, 1.0000, 0.0000, 0.0000, 0.0000, 0.0000]])
tensor([[0.6094, 1.0000, 0.0000, 0.0000, 0.0000, 0.0000]])
tensor([[0.8896, 1.0000, 0.0000, 0.0000, 0.0000, 0.0000]])
tensor([[0.8490, 1.0000, 0.0000, 0.0000, 0.0000, 0.0000]])
tensor([[-0.4151,  1.0000,  0.0000,  0.0000,  0.0000,  0.0000]])
tensor([[0.4539, 1.0000, 0.0000, 0.0000, 0.0000, 0.0000]])
tensor([[0.0022, 1.0000, 0.0000, 0.0000, 0.0000, 0.0000]])
tensor([[0.2659, 1.0000, 0.0000, 0.0000, 0.0000, 0.0000]])
tensor([[-0.2328,  1.0000,  0.0000,  0.0000,  0.0000,  0.0000]])
tensor([[-0.0562,  1.0000,  0.0000,  0.0000,  0.0000,  0.0000]])
tensor([[0.8839, 1.0000, 0.0000, 0.0000, 0.0000, 0.0000]])
tensor([[0.7778, 1.0000, 0.0000, 0.0000, 0.0000, 0.0000]])
tensor([[-0.5805,  1.0000,  0.0000,  0.0000,  0.0000,  0.0000]])
tensor([[-0.6413,  1.0000,  0.0000,  0.0000,  0.0000,  0.0000]])
tensor([[0.6506, 1.0000, 0.0000, 0.0000, 0.0000, 0.0000]])
tensor([[0.8761, 1.0000, 0.0000, 0.0000, 0.0000, 0.0000]])
tensor([[0.5610, 1.0000, 0.0000, 0.0000, 0.0000, 0.0000]])
tensor([[0.1132, 1.0000, 0.0000, 0.0000, 0.0000, 0.0000]])
tensor([[0.2571, 1.0000, 0.0000, 0.0000, 0.0000, 0.0000]])
tensor([[0.8250, 1.0000, 0.0000, 0.0000, 0.0000, 0.0000]])
tensor([[0.6749, 1.0000, 0.0000, 0.0000, 0.0000, 0.0000]])
tensor([[-0.4944,  1.0000,  0.0000,  0.0000,  0.0000,  0.0000]])
tensor([[-0.0050,  1.0000,  0.0000,  0.0000,  0.0000,  0.0000]])
tensor([[0.0229, 1.0000, 0.0000, 0.0000, 0.0000, 0.0000]])
tensor([[-0.4173,  1.0000,  0.0000,  0.0000,  0.0000,  0.0000]])
tensor([[0.8932, 1.0000, 0.0000, 0.0000, 0.0000, 0.0000]])
tensor([[0.3865, 1.0000, 0.0000, 0.0000, 1.0000, 0.0000]])
tensor([[0.8059, 1.0000, 0.0000, 1.0000, 0.0000, 0.0000]])
tensor([[-0.2745,  1.0000,  0.0000,  0.0000,  0.0000,  0.0000]])
tensor([[0.2909, 1.0000, 0.0000, 0.0000, 0.0000, 0.0000]])
INFO:root:Agent 0 (TQCars): avg action time = 0.0009s
tensor([[0.2501, 1.0000, 0.0000, 0.0000, 0.0000, 0.0000]])
tensor([[-0.7965,  1.0000,  0.0000,  0.0000,  0.0000,  0.0000]])
tensor([[0.6150, 1.0000, 0.0000, 0.0000, 0.0000, 0.0000]])
tensor([[0.5159, 1.0000, 0.0000, 0.0000, 0.0000, 0.0000]])
tensor([[0.6712, 1.0000, 0.0000, 0.0000, 0.0000, 0.0000]])
tensor([[0.6219, 1.0000, 0.0000, 0.0000, 0.0000, 0.0000]])
tensor([[0.8510, 1.0000, 0.0000, 0.0000, 0.0000, 0.0000]])
tensor([[-0.8786,  1.0000,  0.0000,  0.0000,  0.0000,  0.0000]])
tensor([[0.4236, 1.0000, 0.0000, 0.0000, 0.0000, 0.0000]])
tensor([[0.8374, 1.0000, 0.0000, 0.0000, 0.0000, 0.0000]])
tensor([[0.2135, 1.0000, 0.0000, 0.0000, 0.0000, 0.0000]])
tensor([[-0.5700,  1.0000,  0.0000,  0.0000,  0.0000,  0.0000]])
tensor([[-0.2680,  1.0000,  0.0000,  0.0000,  0.0000,  0.0000]])
tensor([[0.7108, 1.0000, 0.0000, 0.0000, 0.0000, 0.0000]])
tensor([[0.9116, 1.0000, 0.0000, 0.0000, 0.0000, 0.0000]])
tensor([[0.4668, 1.0000, 0.0000, 0.0000, 0.0000, 0.0000]])
tensor([[0.5116, 1.0000, 0.0000, 0.0000, 0.0000, 0.0000]])
tensor([[0.1072, 1.0000, 0.0000, 0.0000, 0.0000, 0.0000]])
tensor([[0.3514, 1.0000, 0.0000, 0.0000, 0.0000, 0.0000]])
tensor([[0.1795, 1.0000, 0.0000, 0.0000, 0.0000, 0.0000]])
tensor([[0.8846, 1.0000, 0.0000, 0.0000, 0.0000, 0.0000]])
tensor([[0.2692, 1.0000, 0.0000, 0.0000, 0.0000, 0.0000]])
tensor([[-0.1656,  1.0000,  0.0000,  0.0000,  0.0000,  0.0000]])
tensor([[0.5821, 1.0000, 0.0000, 0.0000, 0.0000, 0.0000]])
tensor([[0.7823, 1.0000, 0.0000, 0.0000, 0.0000, 0.0000]])
tensor([[0.2416, 1.0000, 0.0000, 0.0000, 0.0000, 0.0000]])
tensor([[-0.2762,  1.0000,  0.0000,  0.0000,  0.0000,  0.0000]])
tensor([[-0.7297,  1.0000,  0.0000,  1.0000,  0.0000,  0.0000]])
tensor([[0.3204, 1.0000, 0.0000, 0.0000, 0.0000, 0.0000]])
tensor([[0.2137, 1.0000, 0.0000, 0.0000, 0.0000, 0.0000]])
tensor([[0.8404, 1.0000, 0.0000, 0.0000, 0.0000, 0.0000]])
tensor([[0.9378, 1.0000, 0.0000, 0.0000, 0.0000, 0.0000]])
tensor([[0.6678, 1.0000, 0.0000, 0.0000, 0.0000, 0.0000]])
tensor([[0.6608, 1.0000, 0.0000, 0.0000, 0.0000, 0.0000]])
tensor([[0.2978, 1.0000, 0.0000, 0.0000, 0.0000, 0.0000]])
tensor([[-0.0428,  1.0000,  0.0000,  0.0000,  0.0000,  0.0000]])
tensor([[-0.9021,  1.0000,  0.0000,  0.0000,  0.0000,  0.0000]])
tensor([[-0.6778,  1.0000,  0.0000,  0.0000,  0.0000,  0.0000]])
tensor([[0.2567, 1.0000, 0.0000, 0.0000, 0.0000, 0.0000]])
tensor([[-0.8488,  1.0000,  0.0000,  0.0000,  0.0000,  0.0000]])
tensor([[-0.6162,  1.0000,  0.0000,  0.0000,  0.0000,  0.0000]])
tensor([[-0.2767,  1.0000,  0.0000,  0.0000,  0.0000,  0.0000]])
tensor([[-0.7760,  1.0000,  0.0000,  0.0000,  1.0000,  0.0000]])
tensor([[-0.7164,  1.0000,  0.0000,  0.0000,  0.0000,  0.0000]])
tensor([[-0.4033,  1.0000,  0.0000,  0.0000,  0.0000,  0.0000]])
tensor([[-0.0517,  0.0000,  0.0000,  0.0000,  0.0000,  0.0000]])
tensor([[-0.8576,  1.0000,  0.0000,  0.0000,  0.0000,  0.0000]])
tensor([[-0.0137,  1.0000,  0.0000,  0.0000,  0.0000,  0.0000]])
tensor([[-0.0294,  1.0000,  0.0000,  0.0000,  0.0000,  0.0000]])
tensor([[0.5987, 1.0000, 0.0000, 0.0000, 0.0000, 0.0000]])
tensor([[0.6071, 1.0000, 0.0000, 0.0000, 0.0000, 0.0000]])
tensor([[0.4928, 1.0000, 0.0000, 0.0000, 0.0000, 0.0000]])
tensor([[0.0953, 1.0000, 0.0000, 0.0000, 0.0000, 0.0000]])
tensor([[0.3531, 1.0000, 0.0000, 0.0000, 0.0000, 0.0000]])
tensor([[0.0452, 1.0000, 0.0000, 0.0000, 0.0000, 0.0000]])
tensor([[0.3961, 1.0000, 0.0000, 0.0000, 0.0000, 0.0000]])
{"type": "results", "track": "scotland", "results": [{"key": 0, "reward": 10.1191650390625, "position": 4, "name": "TQCars", "avg_action_time": 0.0009040463241593957}]}
