INFO:root:Loading the agents
INFO:root:Loaded player TQCars
INFO:root:Creating pystk-1
INFO:root:Adding wrapper <function get_wrappers.<locals>.<lambda> at 0x7b470cdf7420>
INFO:root:Adding wrapper <function get_wrappers.<locals>.<lambda> at 0x7b470cdf74c0>
INFO:root:Adding wrapper <function get_wrappers.<locals>.<lambda> at 0x7b470cdf7560>
INFO:root:Adding wrapper <function get_wrappers.<locals>.<lambda> at 0x7b470cdf7600>
INFO:root:(multi-env mono adapter) Setting main environment max_paths to 5
INFO:root:Loading trained model from CHECKPOINT-GPUFAC/tqc_EXP16BASEREWARD_1000000.pt...
INFO:root:Starting a race
tensor([[0.0745, 1.0000, 0.0000, 0.0000, 0.0000, 0.0000]])
tensor([[0.3753, 0.0000, 0.0000, 0.0000, 0.0000, 0.0000]])
tensor([[0.6669, 1.0000, 0.0000, 0.0000, 0.0000, 0.0000]])
tensor([[0.2080, 1.0000, 0.0000, 0.0000, 0.0000, 0.0000]])
tensor([[-0.0513,  1.0000,  0.0000,  0.0000,  0.0000,  0.0000]])
tensor([[-0.7848,  1.0000,  0.0000,  0.0000,  0.0000,  0.0000]])
tensor([[0.6678, 1.0000, 1.0000, 0.0000, 0.0000, 0.0000]])
tensor([[0.5976, 1.0000, 0.0000, 0.0000, 0.0000, 0.0000]])
tensor([[0.7556, 1.0000, 1.0000, 0.0000, 0.0000, 0.0000]])
tensor([[-0.2111,  1.0000,  0.0000,  0.0000,  0.0000,  0.0000]])
tensor([[0.0601, 1.0000, 0.0000, 0.0000, 0.0000, 0.0000]])
tensor([[-0.5858,  1.0000,  0.0000,  0.0000,  0.0000,  0.0000]])
tensor([[0.9250, 1.0000, 0.0000, 0.0000, 0.0000, 0.0000]])
tensor([[0.3128, 1.0000, 0.0000, 0.0000, 0.0000, 0.0000]])
tensor([[0.5789, 1.0000, 0.0000, 0.0000, 0.0000, 0.0000]])
tensor([[-0.1496,  1.0000,  0.0000,  0.0000,  0.0000,  0.0000]])
tensor([[0.4069, 1.0000, 0.0000, 0.0000, 0.0000, 0.0000]])
tensor([[-0.4340,  1.0000,  0.0000,  0.0000,  0.0000,  0.0000]])
tensor([[-0.2646,  0.0000,  0.0000,  0.0000,  0.0000,  0.0000]])
tensor([[0.4030, 1.0000, 0.0000, 1.0000, 0.0000, 0.0000]])
tensor([[0.0100, 1.0000, 0.0000, 0.0000, 0.0000, 0.0000]])
tensor([[-0.1136,  1.0000,  0.0000,  0.0000,  0.0000,  0.0000]])
tensor([[0.5909, 1.0000, 0.0000, 0.0000, 0.0000, 0.0000]])
tensor([[0.7828, 1.0000, 0.0000, 0.0000, 0.0000, 0.0000]])
tensor([[0.5311, 1.0000, 0.0000, 0.0000, 0.0000, 0.0000]])
tensor([[-0.7083,  1.0000,  0.0000,  0.0000,  0.0000,  0.0000]])
tensor([[-0.1162,  1.0000,  0.0000,  0.0000,  0.0000,  0.0000]])
tensor([[0.0436, 1.0000, 0.0000, 0.0000, 0.0000, 0.0000]])
tensor([[-0.0408,  1.0000,  0.0000,  0.0000,  0.0000,  0.0000]])
tensor([[0.2717, 0.0000, 0.0000, 0.0000, 0.0000, 0.0000]])
tensor([[0.0084, 0.0000, 0.0000, 0.0000, 0.0000, 0.0000]])
tensor([[-0.6369,  1.0000,  0.0000,  0.0000,  0.0000,  0.0000]])
tensor([[-0.6112,  1.0000,  0.0000,  0.0000,  0.0000,  0.0000]])
tensor([[-0.8233,  1.0000,  0.0000,  0.0000,  0.0000,  0.0000]])
tensor([[-0.1134,  1.0000,  0.0000,  0.0000,  0.0000,  0.0000]])
tensor([[0.0043, 1.0000, 0.0000, 0.0000, 0.0000, 0.0000]])
tensor([[0.5944, 1.0000, 0.0000, 0.0000, 0.0000, 0.0000]])
tensor([[-0.5470,  1.0000,  0.0000,  0.0000,  0.0000,  0.0000]])
tensor([[-0.1513,  1.0000,  0.0000,  0.0000,  0.0000,  0.0000]])
tensor([[-0.6261,  1.0000,  0.0000,  0.0000,  0.0000,  0.0000]])
tensor([[0.2604, 1.0000, 0.0000, 0.0000, 0.0000, 0.0000]])
tensor([[-0.1664,  1.0000,  0.0000,  0.0000,  0.0000,  0.0000]])
tensor([[0.0574, 1.0000, 0.0000, 0.0000, 0.0000, 0.0000]])
tensor([[-0.5074,  1.0000,  0.0000,  0.0000,  0.0000,  0.0000]])
tensor([[-0.1385,  1.0000,  0.0000,  0.0000,  0.0000,  0.0000]])
tensor([[-0.6813,  1.0000,  0.0000,  0.0000,  0.0000,  0.0000]])
tensor([[0.0170, 1.0000, 0.0000, 0.0000, 0.0000, 0.0000]])
tensor([[-0.1900,  1.0000,  0.0000,  0.0000,  0.0000,  0.0000]])
tensor([[0.6615, 1.0000, 1.0000, 0.0000, 0.0000, 0.0000]])
tensor([[0.6779, 1.0000, 0.0000, 0.0000, 0.0000, 0.0000]])
tensor([[-0.8862,  1.0000,  0.0000,  0.0000,  0.0000,  0.0000]])
tensor([[-0.5589,  1.0000,  0.0000,  0.0000,  0.0000,  0.0000]])
tensor([[-0.9388,  1.0000,  0.0000,  0.0000,  0.0000,  0.0000]])
tensor([[-0.7534,  1.0000,  0.0000,  0.0000,  0.0000,  0.0000]])
tensor([[-0.7925,  1.0000,  0.0000,  0.0000,  0.0000,  0.0000]])
tensor([[0.0240, 1.0000, 0.0000, 0.0000, 0.0000, 0.0000]])
tensor([[-0.7915,  1.0000,  0.0000,  0.0000,  0.0000,  0.0000]])
tensor([[0.5609, 0.0000, 0.0000, 0.0000, 0.0000, 0.0000]])
tensor([[0.3793, 1.0000, 0.0000, 0.0000, 0.0000, 0.0000]])
tensor([[-0.8339,  1.0000,  0.0000,  0.0000,  0.0000,  0.0000]])
tensor([[-0.9036,  1.0000,  0.0000,  0.0000,  0.0000,  0.0000]])
tensor([[0.2163, 1.0000, 0.0000, 0.0000, 0.0000, 0.0000]])
tensor([[-0.0131,  1.0000,  0.0000,  0.0000,  0.0000,  0.0000]])
tensor([[-0.8550,  1.0000,  0.0000,  0.0000,  0.0000,  0.0000]])
tensor([[-0.1225,  1.0000,  0.0000,  0.0000,  0.0000,  0.0000]])
tensor([[-0.2068,  1.0000,  0.0000,  0.0000,  0.0000,  0.0000]])
tensor([[-0.4624,  1.0000,  0.0000,  0.0000,  0.0000,  0.0000]])
tensor([[-0.9496,  1.0000,  0.0000,  0.0000,  0.0000,  0.0000]])
tensor([[-0.8341,  1.0000,  0.0000,  0.0000,  0.0000,  0.0000]])
tensor([[0.5915, 1.0000, 0.0000, 0.0000, 0.0000, 0.0000]])
tensor([[-0.6397,  1.0000,  0.0000,  0.0000,  0.0000,  0.0000]])
tensor([[0.1233, 1.0000, 0.0000, 0.0000, 0.0000, 0.0000]])
tensor([[-0.5024,  1.0000,  0.0000,  0.0000,  0.0000,  0.0000]])
tensor([[0.5127, 1.0000, 0.0000, 0.0000, 0.0000, 0.0000]])
tensor([[-0.1562,  1.0000,  0.0000,  0.0000,  0.0000,  0.0000]])
tensor([[0.9730, 1.0000, 0.0000, 0.0000, 0.0000, 0.0000]])
tensor([[0.5360, 1.0000, 0.0000, 0.0000, 0.0000, 0.0000]])
tensor([[-0.0570,  1.0000,  0.0000,  0.0000,  0.0000,  0.0000]])
tensor([[0.4313, 1.0000, 0.0000, 0.0000, 0.0000, 0.0000]])
tensor([[-0.2993,  1.0000,  0.0000,  0.0000,  0.0000,  0.0000]])
tensor([[0.7014, 1.0000, 0.0000, 0.0000, 0.0000, 0.0000]])
tensor([[-0.0189,  1.0000,  0.0000,  0.0000,  0.0000,  0.0000]])
tensor([[0.1920, 1.0000, 0.0000, 0.0000, 0.0000, 0.0000]])
tensor([[0.3715, 1.0000, 0.0000, 0.0000, 0.0000, 0.0000]])
tensor([[-0.6139,  1.0000,  0.0000,  0.0000,  0.0000,  0.0000]])
tensor([[-0.6933,  1.0000,  0.0000,  0.0000,  0.0000,  0.0000]])
tensor([[0.9420, 1.0000, 0.0000, 0.0000, 0.0000, 0.0000]])
tensor([[0.8166, 1.0000, 0.0000, 0.0000, 0.0000, 0.0000]])
tensor([[0.7003, 1.0000, 0.0000, 0.0000, 0.0000, 0.0000]])
tensor([[0.9069, 1.0000, 0.0000, 0.0000, 0.0000, 0.0000]])
tensor([[0.9634, 1.0000, 0.0000, 0.0000, 0.0000, 0.0000]])
tensor([[0.6414, 1.0000, 0.0000, 0.0000, 0.0000, 0.0000]])
tensor([[0.5869, 1.0000, 0.0000, 0.0000, 0.0000, 0.0000]])
tensor([[0.9549, 1.0000, 0.0000, 0.0000, 0.0000, 0.0000]])
tensor([[0.5850, 1.0000, 0.0000, 0.0000, 0.0000, 0.0000]])
tensor([[0.2196, 1.0000, 0.0000, 0.0000, 1.0000, 0.0000]])
tensor([[0.5509, 1.0000, 0.0000, 0.0000, 0.0000, 0.0000]])
tensor([[0.8502, 1.0000, 0.0000, 0.0000, 0.0000, 0.0000]])
tensor([[0.8799, 1.0000, 0.0000, 0.0000, 0.0000, 0.0000]])
tensor([[0.9321, 1.0000, 0.0000, 0.0000, 0.0000, 0.0000]])
tensor([[0.8891, 1.0000, 0.0000, 0.0000, 0.0000, 0.0000]])
tensor([[-0.1031,  1.0000,  0.0000,  0.0000,  0.0000,  0.0000]])
tensor([[0.1835, 1.0000, 0.0000, 0.0000, 0.0000, 0.0000]])
tensor([[0.6842, 1.0000, 0.0000, 0.0000, 0.0000, 0.0000]])
tensor([[-0.5865,  1.0000,  0.0000,  0.0000,  0.0000,  0.0000]])
tensor([[0.5442, 1.0000, 0.0000, 0.0000, 0.0000, 0.0000]])
tensor([[0.9711, 1.0000, 0.0000, 0.0000, 0.0000, 0.0000]])
tensor([[0.9258, 1.0000, 0.0000, 0.0000, 0.0000, 0.0000]])
tensor([[0.9337, 1.0000, 0.0000, 0.0000, 0.0000, 0.0000]])
tensor([[0.3983, 1.0000, 0.0000, 0.0000, 0.0000, 0.0000]])
tensor([[0.7991, 1.0000, 0.0000, 0.0000, 0.0000, 0.0000]])
tensor([[0.5162, 1.0000, 0.0000, 0.0000, 0.0000, 0.0000]])
tensor([[0.6090, 1.0000, 0.0000, 0.0000, 0.0000, 0.0000]])
tensor([[0.4450, 0.0000, 0.0000, 0.0000, 0.0000, 0.0000]])
tensor([[-0.0302,  1.0000,  0.0000,  0.0000,  0.0000,  0.0000]])
tensor([[0.7190, 1.0000, 0.0000, 0.0000, 0.0000, 0.0000]])
tensor([[0.2577, 1.0000, 0.0000, 0.0000, 0.0000, 0.0000]])
tensor([[0.4388, 1.0000, 0.0000, 0.0000, 0.0000, 0.0000]])
tensor([[-0.2295,  1.0000,  1.0000,  0.0000,  0.0000,  0.0000]])
tensor([[0.4815, 1.0000, 0.0000, 0.0000, 0.0000, 0.0000]])
tensor([[-0.6093,  1.0000,  0.0000,  0.0000,  0.0000,  0.0000]])
tensor([[-0.0393,  1.0000,  0.0000,  0.0000,  0.0000,  0.0000]])
tensor([[-0.0496,  1.0000,  0.0000,  0.0000,  0.0000,  0.0000]])
tensor([[-0.0966,  1.0000,  0.0000,  0.0000,  0.0000,  0.0000]])
tensor([[0.4002, 1.0000, 0.0000, 0.0000, 0.0000, 0.0000]])
tensor([[0.4976, 1.0000, 0.0000, 0.0000, 0.0000, 0.0000]])
tensor([[0.6105, 1.0000, 0.0000, 0.0000, 0.0000, 0.0000]])
tensor([[0.4867, 1.0000, 0.0000, 0.0000, 0.0000, 0.0000]])
tensor([[-0.1641,  1.0000,  0.0000,  0.0000,  0.0000,  0.0000]])
tensor([[0.9578, 1.0000, 0.0000, 0.0000, 0.0000, 0.0000]])
tensor([[0.8415, 1.0000, 0.0000, 0.0000, 0.0000, 0.0000]])
tensor([[0.7819, 1.0000, 0.0000, 0.0000, 0.0000, 0.0000]])
tensor([[0.8165, 1.0000, 0.0000, 0.0000, 0.0000, 0.0000]])
tensor([[0.4102, 1.0000, 0.0000, 0.0000, 0.0000, 0.0000]])
tensor([[0.5122, 1.0000, 0.0000, 0.0000, 0.0000, 0.0000]])
tensor([[0.1308, 1.0000, 0.0000, 0.0000, 0.0000, 0.0000]])
tensor([[-0.8962,  1.0000,  0.0000,  1.0000,  0.0000,  0.0000]])
tensor([[0.3510, 1.0000, 0.0000, 0.0000, 0.0000, 0.0000]])
tensor([[-0.3766,  1.0000,  0.0000,  0.0000,  0.0000,  0.0000]])
tensor([[-0.7748,  1.0000,  0.0000,  0.0000,  0.0000,  0.0000]])
tensor([[-0.0275,  1.0000,  0.0000,  0.0000,  0.0000,  0.0000]])
tensor([[-0.1606,  1.0000,  0.0000,  0.0000,  0.0000,  0.0000]])
tensor([[-0.9250,  1.0000,  0.0000,  0.0000,  0.0000,  0.0000]])
tensor([[-0.2990,  1.0000,  0.0000,  0.0000,  0.0000,  0.0000]])
tensor([[-0.6618,  1.0000,  0.0000,  0.0000,  0.0000,  0.0000]])
tensor([[-0.4738,  1.0000,  0.0000,  0.0000,  0.0000,  0.0000]])
tensor([[-0.8186,  1.0000,  0.0000,  0.0000,  0.0000,  0.0000]])
tensor([[-0.2665,  1.0000,  0.0000,  0.0000,  0.0000,  0.0000]])
tensor([[-0.1178,  1.0000,  0.0000,  0.0000,  0.0000,  0.0000]])
tensor([[-0.2985,  1.0000,  0.0000,  0.0000,  0.0000,  0.0000]])
tensor([[-0.2986,  1.0000,  0.0000,  0.0000,  0.0000,  0.0000]])
tensor([[0.1605, 1.0000, 0.0000, 0.0000, 0.0000, 0.0000]])
tensor([[-0.2844,  1.0000,  0.0000,  0.0000,  0.0000,  0.0000]])
tensor([[0.4011, 1.0000, 0.0000, 0.0000, 0.0000, 0.0000]])
tensor([[-0.1544,  1.0000,  0.0000,  0.0000,  0.0000,  0.0000]])
tensor([[0.5263, 1.0000, 0.0000, 0.0000, 0.0000, 0.0000]])
tensor([[-0.5073,  1.0000,  0.0000,  0.0000,  0.0000,  0.0000]])
tensor([[0.7077, 1.0000, 0.0000, 0.0000, 0.0000, 0.0000]])
tensor([[-0.2611,  1.0000,  0.0000,  0.0000,  0.0000,  0.0000]])
tensor([[-0.0327,  1.0000,  0.0000,  0.0000,  0.0000,  0.0000]])
tensor([[-0.6579,  1.0000,  0.0000,  0.0000,  0.0000,  0.0000]])
tensor([[-0.2382,  1.0000,  0.0000,  0.0000,  0.0000,  0.0000]])
tensor([[-0.0571,  1.0000,  0.0000,  0.0000,  0.0000,  0.0000]])
tensor([[-0.7823,  1.0000,  0.0000,  0.0000,  0.0000,  0.0000]])
tensor([[-0.6359,  1.0000,  0.0000,  0.0000,  0.0000,  0.0000]])
tensor([[-0.5829,  1.0000,  0.0000,  0.0000,  0.0000,  0.0000]])
tensor([[-0.7513,  1.0000,  0.0000,  0.0000,  0.0000,  0.0000]])
tensor([[-0.7477,  1.0000,  0.0000,  0.0000,  0.0000,  0.0000]])
tensor([[-0.2459,  1.0000,  0.0000,  0.0000,  0.0000,  0.0000]])
tensor([[-0.4906,  1.0000,  0.0000,  0.0000,  0.0000,  0.0000]])
tensor([[-0.8054,  1.0000,  0.0000,  0.0000,  0.0000,  0.0000]])
tensor([[-0.4948,  1.0000,  0.0000,  0.0000,  0.0000,  0.0000]])
tensor([[-0.4609,  1.0000,  0.0000,  0.0000,  0.0000,  0.0000]])
tensor([[-0.4037,  1.0000,  0.0000,  0.0000,  0.0000,  0.0000]])
tensor([[0.0315, 1.0000, 0.0000, 0.0000, 0.0000, 0.0000]])
tensor([[-0.7182,  1.0000,  0.0000,  0.0000,  0.0000,  0.0000]])
tensor([[0.1212, 1.0000, 0.0000, 0.0000, 0.0000, 0.0000]])
tensor([[-0.9298,  1.0000,  0.0000,  0.0000,  0.0000,  0.0000]])
tensor([[0.0536, 1.0000, 0.0000, 0.0000, 0.0000, 0.0000]])
tensor([[-0.9249,  1.0000,  0.0000,  0.0000,  0.0000,  0.0000]])
tensor([[-0.9481,  1.0000,  0.0000,  0.0000,  0.0000,  0.0000]])
tensor([[-0.4437,  1.0000,  0.0000,  0.0000,  0.0000,  0.0000]])
tensor([[-0.7976,  1.0000,  0.0000,  0.0000,  0.0000,  0.0000]])
tensor([[-0.9397,  1.0000,  0.0000,  0.0000,  0.0000,  0.0000]])
tensor([[-0.9741,  1.0000,  0.0000,  0.0000,  0.0000,  0.0000]])
tensor([[-0.9552,  1.0000,  0.0000,  0.0000,  0.0000,  0.0000]])
tensor([[-0.9544,  1.0000,  0.0000,  0.0000,  0.0000,  0.0000]])
tensor([[-0.9242,  1.0000,  0.0000,  0.0000,  0.0000,  0.0000]])
tensor([[0.3622, 1.0000, 0.0000, 0.0000, 0.0000, 0.0000]])
tensor([[-0.0171,  1.0000,  0.0000,  0.0000,  0.0000,  0.0000]])
tensor([[-0.5743,  1.0000,  0.0000,  0.0000,  0.0000,  0.0000]])
tensor([[-0.8401,  1.0000,  0.0000,  0.0000,  0.0000,  0.0000]])
tensor([[-0.5447,  1.0000,  0.0000,  0.0000,  0.0000,  0.0000]])
tensor([[0.2793, 1.0000, 0.0000, 0.0000, 0.0000, 0.0000]])
tensor([[-0.1986,  1.0000,  0.0000,  0.0000,  0.0000,  0.0000]])
tensor([[-0.0354,  1.0000,  0.0000,  0.0000,  0.0000,  0.0000]])
tensor([[-0.3698,  1.0000,  0.0000,  0.0000,  0.0000,  0.0000]])
tensor([[-0.6969,  1.0000,  0.0000,  0.0000,  0.0000,  0.0000]])
tensor([[-0.1651,  1.0000,  0.0000,  0.0000,  0.0000,  0.0000]])
tensor([[-0.3904,  1.0000,  0.0000,  0.0000,  0.0000,  0.0000]])
tensor([[0.4846, 1.0000, 0.0000, 0.0000, 0.0000, 0.0000]])
tensor([[0.4492, 1.0000, 0.0000, 0.0000, 0.0000, 0.0000]])
tensor([[0.1345, 1.0000, 0.0000, 0.0000, 0.0000, 0.0000]])
tensor([[-0.1009,  1.0000,  0.0000,  0.0000,  0.0000,  0.0000]])
tensor([[-0.6410,  1.0000,  0.0000,  0.0000,  0.0000,  0.0000]])
tensor([[0.2056, 1.0000, 0.0000, 0.0000, 0.0000, 0.0000]])
tensor([[0.3908, 1.0000, 0.0000, 0.0000, 0.0000, 0.0000]])
tensor([[0.1102, 1.0000, 0.0000, 0.0000, 0.0000, 0.0000]])
tensor([[0.2206, 1.0000, 0.0000, 0.0000, 0.0000, 0.0000]])
tensor([[0.0083, 1.0000, 0.0000, 0.0000, 0.0000, 0.0000]])
tensor([[-0.7791,  1.0000,  0.0000,  0.0000,  0.0000,  0.0000]])
tensor([[0.0086, 1.0000, 0.0000, 0.0000, 0.0000, 0.0000]])
tensor([[-0.2989,  1.0000,  0.0000,  0.0000,  0.0000,  0.0000]])
tensor([[0.5492, 1.0000, 0.0000, 0.0000, 0.0000, 0.0000]])
tensor([[0.3051, 1.0000, 0.0000, 0.0000, 0.0000, 0.0000]])
tensor([[0.6407, 1.0000, 0.0000, 0.0000, 0.0000, 0.0000]])
tensor([[0.6828, 1.0000, 0.0000, 0.0000, 0.0000, 0.0000]])
tensor([[0.9596, 1.0000, 0.0000, 0.0000, 0.0000, 0.0000]])
tensor([[0.9570, 1.0000, 0.0000, 0.0000, 0.0000, 0.0000]])
tensor([[0.6070, 1.0000, 0.0000, 0.0000, 0.0000, 0.0000]])
tensor([[0.2364, 1.0000, 0.0000, 0.0000, 0.0000, 0.0000]])
tensor([[0.5831, 1.0000, 0.0000, 0.0000, 0.0000, 0.0000]])
tensor([[0.6289, 1.0000, 0.0000, 0.0000, 0.0000, 0.0000]])
tensor([[-0.4885,  1.0000,  0.0000,  0.0000,  0.0000,  0.0000]])
tensor([[0.4092, 1.0000, 0.0000, 0.0000, 0.0000, 0.0000]])
tensor([[0.5115, 1.0000, 0.0000, 0.0000, 0.0000, 0.0000]])
tensor([[0.8278, 1.0000, 0.0000, 0.0000, 0.0000, 0.0000]])
tensor([[0.4866, 1.0000, 0.0000, 0.0000, 0.0000, 0.0000]])
tensor([[0.4713, 1.0000, 0.0000, 0.0000, 0.0000, 0.0000]])
tensor([[0.8956, 1.0000, 0.0000, 0.0000, 0.0000, 0.0000]])
tensor([[0.2423, 1.0000, 0.0000, 0.0000, 0.0000, 0.0000]])
tensor([[0.2734, 1.0000, 0.0000, 0.0000, 0.0000, 0.0000]])
tensor([[-0.8306,  1.0000,  0.0000,  0.0000,  0.0000,  0.0000]])
tensor([[-0.4146,  1.0000,  0.0000,  0.0000,  0.0000,  0.0000]])
tensor([[0.6576, 1.0000, 0.0000, 0.0000, 0.0000, 0.0000]])
tensor([[0.6677, 1.0000, 0.0000, 0.0000, 0.0000, 0.0000]])
tensor([[0.0370, 1.0000, 0.0000, 0.0000, 0.0000, 0.0000]])
tensor([[-0.6032,  1.0000,  0.0000,  0.0000,  0.0000,  0.0000]])
tensor([[0.8889, 1.0000, 0.0000, 0.0000, 0.0000, 0.0000]])
tensor([[0.9686, 1.0000, 0.0000, 0.0000, 0.0000, 0.0000]])
tensor([[0.0804, 1.0000, 0.0000, 0.0000, 0.0000, 0.0000]])
tensor([[-0.7263,  1.0000,  0.0000,  0.0000,  0.0000,  0.0000]])
tensor([[0.0140, 1.0000, 0.0000, 1.0000, 0.0000, 0.0000]])
tensor([[0.2734, 1.0000, 0.0000, 0.0000, 0.0000, 0.0000]])
tensor([[0.0930, 0.0000, 0.0000, 0.0000, 0.0000, 0.0000]])
tensor([[-0.2570,  1.0000,  0.0000,  0.0000,  0.0000,  0.0000]])
tensor([[0.0015, 1.0000, 0.0000, 0.0000, 0.0000, 0.0000]])
tensor([[-0.6870,  1.0000,  0.0000,  0.0000,  0.0000,  0.0000]])
tensor([[0.3895, 1.0000, 0.0000, 0.0000, 0.0000, 0.0000]])
tensor([[0.1225, 1.0000, 0.0000, 0.0000, 0.0000, 0.0000]])
tensor([[0.0489, 1.0000, 0.0000, 0.0000, 0.0000, 0.0000]])
tensor([[-0.9008,  1.0000,  0.0000,  0.0000,  0.0000,  0.0000]])
tensor([[0.4313, 1.0000, 0.0000, 0.0000, 0.0000, 0.0000]])
tensor([[0.5629, 1.0000, 0.0000, 0.0000, 0.0000, 0.0000]])
tensor([[-0.4975,  1.0000,  0.0000,  0.0000,  0.0000,  0.0000]])
tensor([[-0.5923,  1.0000,  0.0000,  0.0000,  0.0000,  0.0000]])
tensor([[-0.6524,  1.0000,  0.0000,  0.0000,  0.0000,  0.0000]])
tensor([[0.7338, 1.0000, 0.0000, 0.0000, 0.0000, 0.0000]])
tensor([[-0.4786,  1.0000,  0.0000,  0.0000,  0.0000,  0.0000]])
tensor([[0.8259, 1.0000, 0.0000, 0.0000, 0.0000, 0.0000]])
tensor([[0.8371, 1.0000, 0.0000, 0.0000, 0.0000, 0.0000]])
tensor([[0.9289, 1.0000, 0.0000, 0.0000, 0.0000, 0.0000]])
tensor([[-0.7376,  1.0000,  0.0000,  0.0000,  0.0000,  0.0000]])
tensor([[0.8253, 1.0000, 0.0000, 0.0000, 0.0000, 0.0000]])
tensor([[0.3701, 1.0000, 0.0000, 0.0000, 0.0000, 0.0000]])
tensor([[-0.4939,  1.0000,  0.0000,  0.0000,  0.0000,  0.0000]])
tensor([[0.3116, 1.0000, 0.0000, 0.0000, 0.0000, 0.0000]])
tensor([[0.5643, 0.0000, 0.0000, 0.0000, 0.0000, 0.0000]])
tensor([[0.8840, 1.0000, 0.0000, 0.0000, 0.0000, 0.0000]])
tensor([[0.5925, 1.0000, 0.0000, 0.0000, 0.0000, 0.0000]])
tensor([[0.9991, 1.0000, 0.0000, 0.0000, 0.0000, 0.0000]])
tensor([[0.9978, 1.0000, 0.0000, 0.0000, 0.0000, 0.0000]])
tensor([[0.9967, 1.0000, 0.0000, 0.0000, 0.0000, 0.0000]])
tensor([[0.9968, 1.0000, 0.0000, 0.0000, 0.0000, 0.0000]])
tensor([[0.3207, 1.0000, 0.0000, 0.0000, 0.0000, 0.0000]])
tensor([[0.8878, 1.0000, 0.0000, 0.0000, 0.0000, 0.0000]])
tensor([[0.8171, 1.0000, 0.0000, 0.0000, 0.0000, 0.0000]])
tensor([[0.8803, 1.0000, 0.0000, 0.0000, 0.0000, 0.0000]])
tensor([[0.8579, 1.0000, 0.0000, 0.0000, 0.0000, 0.0000]])
tensor([[0.6714, 1.0000, 0.0000, 0.0000, 0.0000, 0.0000]])
tensor([[-0.0269,  1.0000,  0.0000,  0.0000,  0.0000,  0.0000]])
tensor([[0.5756, 1.0000, 0.0000, 0.0000, 0.0000, 0.0000]])
tensor([[0.7341, 1.0000, 0.0000, 0.0000, 0.0000, 0.0000]])
tensor([[-0.3777,  1.0000,  0.0000,  0.0000,  0.0000,  0.0000]])
tensor([[-0.3062,  1.0000,  0.0000,  0.0000,  0.0000,  0.0000]])
tensor([[0.9539, 1.0000, 0.0000, 0.0000, 0.0000, 0.0000]])
tensor([[0.6236, 1.0000, 0.0000, 0.0000, 0.0000, 0.0000]])
tensor([[0.6896, 1.0000, 0.0000, 1.0000, 0.0000, 0.0000]])
tensor([[0.7951, 1.0000, 0.0000, 0.0000, 0.0000, 0.0000]])
tensor([[0.0144, 1.0000, 0.0000, 0.0000, 0.0000, 0.0000]])
tensor([[0.9076, 1.0000, 0.0000, 0.0000, 0.0000, 0.0000]])
tensor([[0.0164, 1.0000, 0.0000, 0.0000, 0.0000, 0.0000]])
tensor([[-0.3800,  1.0000,  0.0000,  0.0000,  0.0000,  0.0000]])
tensor([[0.2958, 1.0000, 0.0000, 0.0000, 0.0000, 0.0000]])
tensor([[0.4601, 1.0000, 0.0000, 0.0000, 0.0000, 0.0000]])
tensor([[-0.7077,  1.0000,  0.0000,  0.0000,  0.0000,  0.0000]])
tensor([[-0.4527,  1.0000,  0.0000,  0.0000,  0.0000,  0.0000]])
tensor([[0.8737, 1.0000, 0.0000, 0.0000, 0.0000, 0.0000]])
tensor([[0.4770, 1.0000, 0.0000, 0.0000, 0.0000, 0.0000]])
tensor([[-0.0960,  1.0000,  0.0000,  0.0000,  0.0000,  0.0000]])
tensor([[-0.3600,  1.0000,  0.0000,  0.0000,  0.0000,  0.0000]])
tensor([[0.9318, 0.0000, 0.0000, 0.0000, 0.0000, 0.0000]])
tensor([[0.8851, 1.0000, 0.0000, 0.0000, 0.0000, 0.0000]])
tensor([[0.9756, 1.0000, 0.0000, 0.0000, 0.0000, 0.0000]])
tensor([[0.9087, 1.0000, 0.0000, 0.0000, 0.0000, 0.0000]])
tensor([[0.9676, 1.0000, 0.0000, 0.0000, 0.0000, 0.0000]])
tensor([[0.7896, 0.0000, 0.0000, 0.0000, 0.0000, 0.0000]])
tensor([[0.6138, 1.0000, 0.0000, 0.0000, 0.0000, 0.0000]])
tensor([[0.2925, 1.0000, 0.0000, 0.0000, 0.0000, 0.0000]])
tensor([[-0.4033,  1.0000,  0.0000,  0.0000,  0.0000,  0.0000]])
tensor([[0.0812, 1.0000, 0.0000, 0.0000, 0.0000, 0.0000]])
tensor([[-0.7487,  1.0000,  0.0000,  0.0000,  0.0000,  0.0000]])
tensor([[-0.6826,  1.0000,  0.0000,  0.0000,  0.0000,  0.0000]])
tensor([[0.6789, 1.0000, 0.0000, 0.0000, 0.0000, 0.0000]])
tensor([[-0.1773,  1.0000,  0.0000,  0.0000,  0.0000,  0.0000]])
tensor([[0.0628, 1.0000, 0.0000, 0.0000, 0.0000, 0.0000]])
tensor([[0.9524, 0.0000, 0.0000, 0.0000, 0.0000, 0.0000]])
tensor([[0.7208, 1.0000, 0.0000, 0.0000, 0.0000, 0.0000]])
tensor([[0.4793, 1.0000, 0.0000, 0.0000, 0.0000, 0.0000]])
tensor([[0.2148, 1.0000, 0.0000, 0.0000, 0.0000, 0.0000]])
tensor([[-0.3226,  1.0000,  0.0000,  0.0000,  0.0000,  0.0000]])
tensor([[0.6640, 1.0000, 0.0000, 1.0000, 0.0000, 0.0000]])
tensor([[-0.5706,  1.0000,  0.0000,  0.0000,  0.0000,  0.0000]])
tensor([[-0.9499,  1.0000,  0.0000,  0.0000,  0.0000,  0.0000]])
tensor([[-0.4070,  1.0000,  0.0000,  0.0000,  0.0000,  0.0000]])
tensor([[-0.7621,  1.0000,  0.0000,  0.0000,  0.0000,  0.0000]])
tensor([[0.7682, 1.0000, 0.0000, 0.0000, 0.0000, 0.0000]])
tensor([[-0.3076,  1.0000,  0.0000,  0.0000,  0.0000,  0.0000]])
tensor([[0.8896, 1.0000, 0.0000, 0.0000, 0.0000, 0.0000]])
tensor([[0.9546, 1.0000, 0.0000, 0.0000, 0.0000, 0.0000]])
tensor([[0.3948, 1.0000, 0.0000, 0.0000, 0.0000, 0.0000]])
tensor([[0.9809, 1.0000, 0.0000, 0.0000, 0.0000, 0.0000]])
tensor([[0.4332, 1.0000, 0.0000, 0.0000, 0.0000, 0.0000]])
tensor([[-0.4507,  1.0000,  1.0000,  0.0000,  0.0000,  0.0000]])
tensor([[0.3527, 1.0000, 0.0000, 0.0000, 0.0000, 0.0000]])
tensor([[0.2529, 1.0000, 0.0000, 0.0000, 0.0000, 0.0000]])
tensor([[-0.1253,  1.0000,  0.0000,  0.0000,  0.0000,  0.0000]])
tensor([[0.8324, 1.0000, 0.0000, 0.0000, 0.0000, 0.0000]])
tensor([[-0.9281,  1.0000,  0.0000,  0.0000,  0.0000,  0.0000]])
tensor([[-0.3040,  1.0000,  0.0000,  1.0000,  0.0000,  0.0000]])
tensor([[-0.0279,  1.0000,  0.0000,  0.0000,  0.0000,  0.0000]])
tensor([[-0.6106,  1.0000,  0.0000,  0.0000,  0.0000,  0.0000]])
tensor([[-0.0680,  1.0000,  0.0000,  0.0000,  0.0000,  0.0000]])
tensor([[0.6769, 1.0000, 0.0000, 0.0000, 0.0000, 0.0000]])
tensor([[0.4400, 1.0000, 0.0000, 0.0000, 0.0000, 0.0000]])
tensor([[0.9368, 1.0000, 0.0000, 0.0000, 0.0000, 0.0000]])
tensor([[0.9427, 1.0000, 0.0000, 0.0000, 0.0000, 0.0000]])
tensor([[0.8857, 1.0000, 0.0000, 0.0000, 0.0000, 0.0000]])
tensor([[0.9046, 1.0000, 0.0000, 0.0000, 0.0000, 0.0000]])
tensor([[-0.6704,  1.0000,  0.0000,  0.0000,  0.0000,  0.0000]])
tensor([[0.9928, 1.0000, 0.0000, 0.0000, 0.0000, 0.0000]])
tensor([[0.9889, 1.0000, 0.0000, 0.0000, 0.0000, 0.0000]])
tensor([[-0.6891,  1.0000,  0.0000,  0.0000,  0.0000,  0.0000]])
tensor([[0.0910, 1.0000, 0.0000, 0.0000, 0.0000, 0.0000]])
tensor([[-0.7521,  1.0000,  0.0000,  0.0000,  0.0000,  0.0000]])
tensor([[-0.4449,  1.0000,  0.0000,  0.0000,  0.0000,  0.0000]])
tensor([[0.4932, 1.0000, 0.0000, 0.0000, 0.0000, 0.0000]])
tensor([[0.4914, 1.0000, 0.0000, 0.0000, 0.0000, 0.0000]])
tensor([[-0.9089,  1.0000,  0.0000,  0.0000,  0.0000,  0.0000]])
tensor([[-0.7355,  1.0000,  0.0000,  0.0000,  0.0000,  0.0000]])
tensor([[-0.1069,  1.0000,  0.0000,  0.0000,  0.0000,  0.0000]])
tensor([[0.4681, 1.0000, 0.0000, 0.0000, 0.0000, 0.0000]])
tensor([[0.5361, 1.0000, 0.0000, 0.0000, 0.0000, 0.0000]])
tensor([[0.0237, 1.0000, 0.0000, 0.0000, 0.0000, 0.0000]])
tensor([[0.7538, 1.0000, 0.0000, 0.0000, 0.0000, 0.0000]])
tensor([[0.0263, 1.0000, 0.0000, 0.0000, 0.0000, 0.0000]])
tensor([[0.8038, 1.0000, 0.0000, 0.0000, 0.0000, 0.0000]])
tensor([[0.3743, 1.0000, 0.0000, 0.0000, 0.0000, 0.0000]])
tensor([[0.3066, 1.0000, 0.0000, 0.0000, 0.0000, 0.0000]])
tensor([[-0.3722,  1.0000,  0.0000,  0.0000,  0.0000,  0.0000]])
tensor([[-0.3348,  1.0000,  0.0000,  0.0000,  0.0000,  0.0000]])
tensor([[-0.9531,  1.0000,  0.0000,  0.0000,  0.0000,  0.0000]])
tensor([[-0.5646,  1.0000,  0.0000,  0.0000,  0.0000,  0.0000]])
tensor([[-0.5389,  1.0000,  0.0000,  0.0000,  0.0000,  0.0000]])
tensor([[-0.7217,  1.0000,  0.0000,  0.0000,  0.0000,  0.0000]])
tensor([[-0.9135,  1.0000,  0.0000,  0.0000,  0.0000,  0.0000]])
tensor([[-0.5607,  1.0000,  0.0000,  0.0000,  0.0000,  0.0000]])
tensor([[0.6626, 1.0000, 0.0000, 0.0000, 0.0000, 0.0000]])
tensor([[0.5738, 1.0000, 0.0000, 0.0000, 0.0000, 0.0000]])
tensor([[-0.2135,  1.0000,  0.0000,  0.0000,  0.0000,  0.0000]])
tensor([[0.2135, 1.0000, 0.0000, 0.0000, 0.0000, 0.0000]])
tensor([[0.4549, 1.0000, 0.0000, 0.0000, 0.0000, 0.0000]])
tensor([[0.0053, 1.0000, 0.0000, 0.0000, 0.0000, 0.0000]])
tensor([[0.9117, 1.0000, 0.0000, 0.0000, 0.0000, 0.0000]])
tensor([[0.2846, 1.0000, 0.0000, 0.0000, 0.0000, 0.0000]])
tensor([[-0.4352,  1.0000,  0.0000,  0.0000,  0.0000,  0.0000]])
tensor([[0.1099, 1.0000, 0.0000, 0.0000, 0.0000, 0.0000]])
tensor([[0.3843, 1.0000, 0.0000, 0.0000, 0.0000, 0.0000]])
tensor([[0.6806, 1.0000, 0.0000, 0.0000, 0.0000, 0.0000]])
tensor([[-0.0795,  1.0000,  0.0000,  0.0000,  0.0000,  0.0000]])
tensor([[0.5196, 1.0000, 0.0000, 0.0000, 0.0000, 0.0000]])
tensor([[0.4523, 1.0000, 0.0000, 0.0000, 0.0000, 0.0000]])
tensor([[-0.1405,  1.0000,  0.0000,  0.0000,  0.0000,  0.0000]])
tensor([[0.2063, 1.0000, 0.0000, 0.0000, 0.0000, 0.0000]])
tensor([[-0.4090,  1.0000,  0.0000,  0.0000,  0.0000,  0.0000]])
tensor([[0.5278, 1.0000, 0.0000, 0.0000, 0.0000, 0.0000]])
tensor([[0.2563, 1.0000, 1.0000, 0.0000, 0.0000, 0.0000]])
tensor([[0.3490, 1.0000, 0.0000, 1.0000, 0.0000, 0.0000]])
tensor([[-0.4225,  1.0000,  0.0000,  0.0000,  0.0000,  0.0000]])
tensor([[-0.2423,  1.0000,  0.0000,  0.0000,  0.0000,  0.0000]])
tensor([[-0.7913,  1.0000,  0.0000,  0.0000,  0.0000,  0.0000]])
tensor([[-0.3893,  1.0000,  0.0000,  0.0000,  0.0000,  0.0000]])
tensor([[0.2377, 1.0000, 0.0000, 0.0000, 0.0000, 0.0000]])
tensor([[-0.7934,  1.0000,  0.0000,  0.0000,  0.0000,  0.0000]])
tensor([[0.4577, 1.0000, 0.0000, 0.0000, 0.0000, 0.0000]])
tensor([[-0.6251,  0.0000,  0.0000,  0.0000,  0.0000,  0.0000]])
tensor([[-0.5695,  1.0000,  0.0000,  0.0000,  0.0000,  0.0000]])
tensor([[0.0404, 1.0000, 0.0000, 0.0000, 0.0000, 0.0000]])
tensor([[-0.4869,  1.0000,  0.0000,  0.0000,  0.0000,  0.0000]])
tensor([[-0.4950,  1.0000,  0.0000,  0.0000,  0.0000,  0.0000]])
tensor([[-0.9600,  1.0000,  0.0000,  0.0000,  0.0000,  0.0000]])
tensor([[-0.5031,  1.0000,  0.0000,  0.0000,  0.0000,  0.0000]])
tensor([[-0.7639,  1.0000,  0.0000,  0.0000,  0.0000,  0.0000]])
tensor([[-0.4286,  1.0000,  1.0000,  0.0000,  0.0000,  0.0000]])
tensor([[-0.6540,  0.0000,  0.0000,  0.0000,  0.0000,  0.0000]])
tensor([[-0.9392,  1.0000,  0.0000,  0.0000,  0.0000,  0.0000]])
tensor([[-0.6530,  1.0000,  0.0000,  0.0000,  0.0000,  0.0000]])
tensor([[-0.8463,  1.0000,  0.0000,  0.0000,  0.0000,  0.0000]])
tensor([[-0.6899,  1.0000,  0.0000,  0.0000,  0.0000,  0.0000]])
tensor([[-0.8120,  1.0000,  1.0000,  0.0000,  0.0000,  0.0000]])
tensor([[-0.5895,  1.0000,  0.0000,  0.0000,  0.0000,  0.0000]])
tensor([[-0.7079,  1.0000,  0.0000,  0.0000,  0.0000,  0.0000]])
tensor([[-0.8632,  1.0000,  0.0000,  0.0000,  0.0000,  0.0000]])
tensor([[0.4297, 1.0000, 0.0000, 0.0000, 0.0000, 0.0000]])
tensor([[0.2171, 1.0000, 0.0000, 0.0000, 0.0000, 0.0000]])
tensor([[-0.9084,  1.0000,  0.0000,  0.0000,  0.0000,  0.0000]])
tensor([[-0.6617,  1.0000,  0.0000,  0.0000,  0.0000,  0.0000]])
tensor([[-0.9937,  1.0000,  0.0000,  0.0000,  0.0000,  0.0000]])
tensor([[0.1477, 1.0000, 0.0000, 0.0000, 0.0000, 0.0000]])
tensor([[-0.0722,  1.0000,  0.0000,  0.0000,  0.0000,  0.0000]])
tensor([[0.3364, 1.0000, 1.0000, 0.0000, 0.0000, 0.0000]])
tensor([[-0.7976,  1.0000,  0.0000,  0.0000,  0.0000,  0.0000]])
tensor([[0.2876, 1.0000, 0.0000, 0.0000, 0.0000, 0.0000]])
tensor([[0.1782, 1.0000, 0.0000, 0.0000, 0.0000, 0.0000]])
tensor([[0.9479, 1.0000, 0.0000, 0.0000, 0.0000, 0.0000]])
tensor([[0.8769, 1.0000, 0.0000, 0.0000, 0.0000, 0.0000]])
tensor([[0.9222, 1.0000, 0.0000, 0.0000, 0.0000, 0.0000]])
tensor([[-0.7742,  1.0000,  0.0000,  0.0000,  0.0000,  0.0000]])
tensor([[-0.4514,  1.0000,  0.0000,  0.0000,  0.0000,  0.0000]])
tensor([[0.7266, 1.0000, 0.0000, 0.0000, 0.0000, 0.0000]])
tensor([[0.2002, 1.0000, 0.0000, 0.0000, 0.0000, 0.0000]])
tensor([[-0.4199,  1.0000,  0.0000,  0.0000,  0.0000,  0.0000]])
tensor([[0.2911, 1.0000, 0.0000, 0.0000, 0.0000, 0.0000]])
tensor([[0.5316, 1.0000, 0.0000, 0.0000, 0.0000, 0.0000]])
tensor([[0.3286, 1.0000, 0.0000, 0.0000, 0.0000, 0.0000]])
tensor([[0.8705, 1.0000, 0.0000, 0.0000, 0.0000, 0.0000]])
tensor([[0.2320, 1.0000, 0.0000, 0.0000, 0.0000, 0.0000]])
tensor([[0.6466, 1.0000, 0.0000, 0.0000, 0.0000, 0.0000]])
tensor([[-0.5698,  1.0000,  0.0000,  0.0000,  0.0000,  0.0000]])
tensor([[0.7918, 1.0000, 0.0000, 0.0000, 0.0000, 0.0000]])
tensor([[0.4828, 1.0000, 0.0000, 0.0000, 0.0000, 0.0000]])
tensor([[0.8333, 1.0000, 0.0000, 0.0000, 0.0000, 0.0000]])
tensor([[-0.4608,  1.0000,  0.0000,  0.0000,  0.0000,  0.0000]])
tensor([[-0.1696,  1.0000,  0.0000,  0.0000,  0.0000,  0.0000]])
tensor([[0.1498, 1.0000, 0.0000, 0.0000, 0.0000, 0.0000]])
tensor([[0.6448, 1.0000, 0.0000, 0.0000, 0.0000, 0.0000]])
tensor([[-0.2975,  0.0000,  0.0000,  0.0000,  0.0000,  0.0000]])
tensor([[0.8981, 1.0000, 0.0000, 0.0000, 0.0000, 0.0000]])
tensor([[0.6464, 1.0000, 0.0000, 0.0000, 0.0000, 0.0000]])
tensor([[-0.0155,  1.0000,  0.0000,  0.0000,  0.0000,  0.0000]])
tensor([[-0.2372,  1.0000,  0.0000,  0.0000,  0.0000,  0.0000]])
tensor([[-0.0542,  1.0000,  0.0000,  0.0000,  0.0000,  0.0000]])
tensor([[0.4535, 1.0000, 0.0000, 0.0000, 0.0000, 0.0000]])
tensor([[0.3425, 1.0000, 0.0000, 0.0000, 0.0000, 0.0000]])
tensor([[-0.2970,  1.0000,  0.0000,  0.0000,  0.0000,  0.0000]])
tensor([[0.3906, 1.0000, 0.0000, 0.0000, 0.0000, 0.0000]])
tensor([[0.9275, 1.0000, 0.0000, 0.0000, 0.0000, 0.0000]])
tensor([[0.7850, 1.0000, 1.0000, 0.0000, 0.0000, 0.0000]])
tensor([[0.1058, 1.0000, 0.0000, 1.0000, 0.0000, 0.0000]])
tensor([[-0.4080,  1.0000,  0.0000,  0.0000,  0.0000,  0.0000]])
tensor([[0.0267, 1.0000, 0.0000, 0.0000, 0.0000, 0.0000]])
tensor([[-0.9741,  1.0000,  0.0000,  0.0000,  0.0000,  0.0000]])
tensor([[0.7074, 1.0000, 0.0000, 0.0000, 0.0000, 0.0000]])
tensor([[0.1842, 1.0000, 0.0000, 0.0000, 0.0000, 0.0000]])
tensor([[0.8442, 1.0000, 0.0000, 0.0000, 0.0000, 0.0000]])
tensor([[0.5037, 1.0000, 0.0000, 0.0000, 0.0000, 0.0000]])
tensor([[0.6259, 1.0000, 0.0000, 0.0000, 0.0000, 0.0000]])
tensor([[0.4569, 1.0000, 0.0000, 0.0000, 0.0000, 0.0000]])
tensor([[0.8144, 1.0000, 0.0000, 0.0000, 0.0000, 0.0000]])
tensor([[0.0011, 1.0000, 0.0000, 0.0000, 0.0000, 0.0000]])
tensor([[0.1966, 1.0000, 0.0000, 0.0000, 0.0000, 0.0000]])
tensor([[0.4687, 1.0000, 0.0000, 0.0000, 0.0000, 0.0000]])
tensor([[-0.0259,  1.0000,  0.0000,  0.0000,  0.0000,  0.0000]])
tensor([[-0.7863,  1.0000,  0.0000,  0.0000,  0.0000,  0.0000]])
tensor([[-0.9855,  1.0000,  0.0000,  1.0000,  0.0000,  0.0000]])
tensor([[0.5374, 1.0000, 0.0000, 0.0000, 0.0000, 0.0000]])
tensor([[-0.1915,  1.0000,  0.0000,  0.0000,  0.0000,  0.0000]])
tensor([[0.4032, 1.0000, 0.0000, 0.0000, 0.0000, 0.0000]])
tensor([[0.3038, 1.0000, 0.0000, 0.0000, 0.0000, 0.0000]])
tensor([[0.7951, 1.0000, 0.0000, 0.0000, 0.0000, 0.0000]])
tensor([[-0.8409,  1.0000,  0.0000,  0.0000,  0.0000,  0.0000]])
tensor([[0.4595, 1.0000, 0.0000, 0.0000, 0.0000, 0.0000]])
tensor([[-0.0039,  1.0000,  0.0000,  0.0000,  0.0000,  0.0000]])
tensor([[-0.1898,  1.0000,  0.0000,  0.0000,  0.0000,  0.0000]])
tensor([[0.1048, 1.0000, 0.0000, 0.0000, 0.0000, 0.0000]])
tensor([[0.1228, 1.0000, 0.0000, 0.0000, 0.0000, 0.0000]])
tensor([[-0.9112,  1.0000,  0.0000,  0.0000,  0.0000,  0.0000]])
tensor([[0.6297, 1.0000, 0.0000, 0.0000, 0.0000, 0.0000]])
tensor([[0.8483, 1.0000, 0.0000, 0.0000, 0.0000, 0.0000]])
tensor([[0.6943, 1.0000, 0.0000, 0.0000, 0.0000, 0.0000]])
tensor([[0.4338, 1.0000, 0.0000, 0.0000, 0.0000, 0.0000]])
tensor([[-0.8744,  1.0000,  0.0000,  0.0000,  0.0000,  0.0000]])
tensor([[0.1933, 1.0000, 0.0000, 0.0000, 0.0000, 0.0000]])
tensor([[-0.2964,  1.0000,  0.0000,  0.0000,  0.0000,  0.0000]])
tensor([[0.1134, 1.0000, 0.0000, 0.0000, 0.0000, 0.0000]])
tensor([[0.1990, 1.0000, 0.0000, 0.0000, 0.0000, 0.0000]])
tensor([[0.1231, 1.0000, 0.0000, 0.0000, 0.0000, 0.0000]])
tensor([[-0.4487,  1.0000,  0.0000,  0.0000,  0.0000,  0.0000]])
tensor([[-0.9270,  1.0000,  0.0000,  0.0000,  0.0000,  0.0000]])
tensor([[-0.0279,  1.0000,  0.0000,  0.0000,  0.0000,  0.0000]])
tensor([[0.8810, 1.0000, 0.0000, 0.0000, 0.0000, 0.0000]])
tensor([[-0.4208,  1.0000,  0.0000,  0.0000,  0.0000,  0.0000]])
tensor([[0.3548, 1.0000, 0.0000, 0.0000, 0.0000, 0.0000]])
tensor([[-0.5892,  1.0000,  0.0000,  0.0000,  0.0000,  0.0000]])
tensor([[-0.7116,  1.0000,  0.0000,  0.0000,  0.0000,  0.0000]])
tensor([[0.4601, 1.0000, 0.0000, 0.0000, 0.0000, 0.0000]])
tensor([[-0.5508,  1.0000,  0.0000,  0.0000,  0.0000,  0.0000]])
tensor([[-0.6537,  1.0000,  0.0000,  0.0000,  0.0000,  0.0000]])
tensor([[-0.6795,  1.0000,  0.0000,  0.0000,  0.0000,  0.0000]])
tensor([[-0.5492,  1.0000,  0.0000,  0.0000,  0.0000,  0.0000]])
tensor([[0.0401, 1.0000, 0.0000, 0.0000, 0.0000, 0.0000]])
tensor([[-0.3354,  1.0000,  0.0000,  0.0000,  0.0000,  0.0000]])
tensor([[-0.6868,  1.0000,  0.0000,  0.0000,  0.0000,  0.0000]])
tensor([[-0.3847,  1.0000,  0.0000,  0.0000,  0.0000,  0.0000]])
tensor([[-0.6372,  1.0000,  0.0000,  0.0000,  0.0000,  0.0000]])
tensor([[-0.4103,  1.0000,  0.0000,  0.0000,  0.0000,  0.0000]])
tensor([[-0.9140,  1.0000,  0.0000,  0.0000,  0.0000,  0.0000]])
tensor([[-0.6151,  1.0000,  0.0000,  0.0000,  0.0000,  0.0000]])
tensor([[-0.2420,  1.0000,  0.0000,  0.0000,  0.0000,  0.0000]])
tensor([[0.8537, 1.0000, 0.0000, 0.0000, 0.0000, 0.0000]])
tensor([[-0.8265,  1.0000,  1.0000,  0.0000,  0.0000,  0.0000]])
tensor([[-0.1729,  1.0000,  0.0000,  0.0000,  0.0000,  0.0000]])
tensor([[0.4992, 1.0000, 0.0000, 0.0000, 0.0000, 0.0000]])
tensor([[0.5079, 1.0000, 0.0000, 0.0000, 0.0000, 0.0000]])
tensor([[0.0090, 1.0000, 0.0000, 0.0000, 0.0000, 0.0000]])
tensor([[0.3638, 1.0000, 0.0000, 0.0000, 0.0000, 0.0000]])
tensor([[0.3321, 1.0000, 0.0000, 0.0000, 0.0000, 0.0000]])
tensor([[-0.7403,  1.0000,  0.0000,  0.0000,  0.0000,  0.0000]])
tensor([[0.0464, 1.0000, 0.0000, 0.0000, 0.0000, 0.0000]])
tensor([[-0.2215,  1.0000,  0.0000,  0.0000,  0.0000,  0.0000]])
tensor([[0.3370, 1.0000, 0.0000, 0.0000, 0.0000, 0.0000]])
tensor([[-0.9481,  1.0000,  0.0000,  0.0000,  0.0000,  0.0000]])
tensor([[0.7818, 1.0000, 0.0000, 0.0000, 0.0000, 0.0000]])
tensor([[-0.9009,  1.0000,  0.0000,  0.0000,  0.0000,  0.0000]])
tensor([[0.4176, 1.0000, 0.0000, 0.0000, 0.0000, 0.0000]])
tensor([[-0.5733,  1.0000,  0.0000,  0.0000,  0.0000,  0.0000]])
tensor([[0.7534, 1.0000, 0.0000, 0.0000, 0.0000, 0.0000]])
tensor([[-0.0064,  1.0000,  0.0000,  0.0000,  0.0000,  0.0000]])
tensor([[0.4761, 1.0000, 0.0000, 0.0000, 0.0000, 0.0000]])
tensor([[0.3917, 1.0000, 0.0000, 0.0000, 0.0000, 0.0000]])
tensor([[-0.6993,  1.0000,  0.0000,  0.0000,  0.0000,  0.0000]])
tensor([[-0.5266,  1.0000,  0.0000,  0.0000,  0.0000,  0.0000]])
tensor([[0.2719, 1.0000, 0.0000, 0.0000, 0.0000, 0.0000]])
tensor([[-0.3551,  1.0000,  0.0000,  0.0000,  0.0000,  0.0000]])
tensor([[-0.2101,  1.0000,  0.0000,  0.0000,  0.0000,  0.0000]])
tensor([[-0.9086,  1.0000,  0.0000,  1.0000,  0.0000,  0.0000]])
tensor([[0.4032, 1.0000, 0.0000, 0.0000, 0.0000, 0.0000]])
tensor([[-0.0806,  1.0000,  0.0000,  0.0000,  0.0000,  0.0000]])
tensor([[0.8083, 1.0000, 0.0000, 0.0000, 0.0000, 0.0000]])
tensor([[-0.9517,  1.0000,  0.0000,  0.0000,  0.0000,  0.0000]])
tensor([[-0.1668,  1.0000,  0.0000,  0.0000,  0.0000,  0.0000]])
tensor([[-0.4260,  1.0000,  0.0000,  1.0000,  0.0000,  0.0000]])
tensor([[0.7552, 1.0000, 0.0000, 0.0000, 0.0000, 0.0000]])
tensor([[0.1941, 1.0000, 0.0000, 0.0000, 0.0000, 0.0000]])
tensor([[0.0520, 1.0000, 0.0000, 0.0000, 0.0000, 0.0000]])
tensor([[0.1971, 1.0000, 0.0000, 0.0000, 0.0000, 0.0000]])
tensor([[-0.2120,  1.0000,  0.0000,  0.0000,  0.0000,  0.0000]])
tensor([[0.6528, 1.0000, 0.0000, 0.0000, 0.0000, 0.0000]])
tensor([[-0.3949,  1.0000,  0.0000,  0.0000,  0.0000,  0.0000]])
tensor([[-0.4695,  1.0000,  0.0000,  0.0000,  0.0000,  0.0000]])
tensor([[0.9053, 1.0000, 0.0000, 0.0000, 0.0000, 0.0000]])
tensor([[-0.1633,  1.0000,  0.0000,  0.0000,  0.0000,  0.0000]])
tensor([[-0.2548,  1.0000,  0.0000,  0.0000,  0.0000,  0.0000]])
tensor([[-0.0463,  1.0000,  0.0000,  0.0000,  0.0000,  0.0000]])
tensor([[0.7420, 1.0000, 0.0000, 0.0000, 0.0000, 0.0000]])
tensor([[-0.7860,  1.0000,  0.0000,  0.0000,  0.0000,  0.0000]])
tensor([[-0.3637,  1.0000,  0.0000,  0.0000,  0.0000,  0.0000]])
tensor([[0.2118, 1.0000, 0.0000, 0.0000, 0.0000, 0.0000]])
tensor([[0.1550, 1.0000, 0.0000, 0.0000, 0.0000, 0.0000]])
tensor([[0.9251, 1.0000, 0.0000, 0.0000, 0.0000, 0.0000]])
tensor([[-0.3900,  1.0000,  0.0000,  0.0000,  0.0000,  0.0000]])
tensor([[-0.7871,  1.0000,  0.0000,  0.0000,  0.0000,  0.0000]])
tensor([[-0.9505,  1.0000,  0.0000,  0.0000,  0.0000,  0.0000]])
tensor([[0.7743, 1.0000, 0.0000, 0.0000, 0.0000, 0.0000]])
tensor([[-0.9236,  1.0000,  0.0000,  0.0000,  0.0000,  0.0000]])
tensor([[-0.8286,  1.0000,  0.0000,  0.0000,  0.0000,  0.0000]])
tensor([[0.1027, 1.0000, 0.0000, 0.0000, 0.0000, 0.0000]])
tensor([[0.2601, 1.0000, 0.0000, 0.0000, 0.0000, 0.0000]])
tensor([[-0.6351,  1.0000,  0.0000,  0.0000,  0.0000,  0.0000]])
tensor([[-0.2163,  1.0000,  0.0000,  0.0000,  0.0000,  0.0000]])
tensor([[-0.0312,  1.0000,  0.0000,  0.0000,  0.0000,  0.0000]])
tensor([[-0.2993,  1.0000,  0.0000,  0.0000,  0.0000,  0.0000]])
tensor([[-0.5271,  1.0000,  0.0000,  0.0000,  0.0000,  0.0000]])
tensor([[-0.7844,  1.0000,  0.0000,  0.0000,  0.0000,  0.0000]])
tensor([[-0.4901,  1.0000,  0.0000,  0.0000,  0.0000,  0.0000]])
tensor([[0.6477, 1.0000, 0.0000, 0.0000, 0.0000, 0.0000]])
tensor([[-0.4423,  1.0000,  0.0000,  0.0000,  1.0000,  0.0000]])
tensor([[-0.1314,  1.0000,  0.0000,  0.0000,  0.0000,  0.0000]])
tensor([[0.5929, 1.0000, 0.0000, 0.0000, 0.0000, 0.0000]])
tensor([[-0.7221,  1.0000,  0.0000,  0.0000,  0.0000,  0.0000]])
tensor([[-0.4870,  1.0000,  0.0000,  0.0000,  0.0000,  0.0000]])
tensor([[-0.9512,  1.0000,  0.0000,  0.0000,  0.0000,  0.0000]])
tensor([[-0.8887,  1.0000,  0.0000,  0.0000,  0.0000,  0.0000]])
tensor([[-0.8600,  1.0000,  0.0000,  0.0000,  0.0000,  0.0000]])
tensor([[-0.3642,  1.0000,  0.0000,  0.0000,  0.0000,  0.0000]])
tensor([[-0.6751,  1.0000,  0.0000,  0.0000,  0.0000,  0.0000]])
tensor([[-0.5468,  1.0000,  0.0000,  0.0000,  0.0000,  0.0000]])
tensor([[-0.8039,  1.0000,  0.0000,  0.0000,  0.0000,  0.0000]])
tensor([[0.6662, 1.0000, 0.0000, 0.0000, 0.0000, 0.0000]])
tensor([[-0.1395,  1.0000,  0.0000,  0.0000,  0.0000,  0.0000]])
tensor([[0.2487, 1.0000, 0.0000, 0.0000, 0.0000, 0.0000]])
tensor([[-0.8515,  1.0000,  0.0000,  0.0000,  0.0000,  0.0000]])
tensor([[-0.8959,  1.0000,  0.0000,  0.0000,  0.0000,  0.0000]])
tensor([[-0.9570,  1.0000,  0.0000,  0.0000,  0.0000,  0.0000]])
tensor([[0.6527, 1.0000, 0.0000, 0.0000, 0.0000, 0.0000]])
tensor([[0.4148, 1.0000, 0.0000, 0.0000, 0.0000, 0.0000]])
tensor([[0.4821, 1.0000, 0.0000, 0.0000, 0.0000, 0.0000]])
tensor([[0.2033, 1.0000, 0.0000, 0.0000, 0.0000, 0.0000]])
tensor([[-0.5471,  1.0000,  0.0000,  0.0000,  0.0000,  0.0000]])
tensor([[-0.6673,  1.0000,  0.0000,  0.0000,  0.0000,  0.0000]])
tensor([[0.8764, 1.0000, 0.0000, 0.0000, 0.0000, 0.0000]])
tensor([[0.9823, 1.0000, 0.0000, 0.0000, 0.0000, 0.0000]])
tensor([[0.5492, 1.0000, 0.0000, 0.0000, 0.0000, 0.0000]])
tensor([[0.4159, 1.0000, 0.0000, 0.0000, 0.0000, 0.0000]])
tensor([[-0.8797,  1.0000,  0.0000,  0.0000,  0.0000,  0.0000]])
tensor([[-0.6096,  1.0000,  0.0000,  0.0000,  0.0000,  0.0000]])
tensor([[0.3385, 1.0000, 0.0000, 0.0000, 0.0000, 0.0000]])
tensor([[-0.7777,  1.0000,  0.0000,  0.0000,  0.0000,  0.0000]])
tensor([[-0.6893,  1.0000,  0.0000,  0.0000,  0.0000,  0.0000]])
tensor([[-0.7837,  1.0000,  0.0000,  0.0000,  0.0000,  0.0000]])
tensor([[-0.9613,  1.0000,  0.0000,  0.0000,  0.0000,  0.0000]])
tensor([[0.6282, 1.0000, 0.0000, 0.0000, 0.0000, 0.0000]])
tensor([[-0.1320,  1.0000,  0.0000,  0.0000,  0.0000,  0.0000]])
tensor([[0.3628, 1.0000, 0.0000, 0.0000, 0.0000, 0.0000]])
tensor([[-0.2235,  1.0000,  0.0000,  0.0000,  0.0000,  0.0000]])
tensor([[0.5072, 1.0000, 0.0000, 0.0000, 0.0000, 0.0000]])
tensor([[-0.7043,  1.0000,  0.0000,  0.0000,  0.0000,  0.0000]])
tensor([[0.7574, 1.0000, 0.0000, 0.0000, 0.0000, 0.0000]])
tensor([[-0.6925,  1.0000,  0.0000,  0.0000,  0.0000,  0.0000]])
tensor([[-0.3203,  1.0000,  0.0000,  0.0000,  0.0000,  0.0000]])
tensor([[-0.8680,  1.0000,  0.0000,  0.0000,  0.0000,  0.0000]])
tensor([[-0.8867,  1.0000,  0.0000,  0.0000,  0.0000,  0.0000]])
tensor([[0.0958, 1.0000, 0.0000, 0.0000, 0.0000, 0.0000]])
tensor([[0.7190, 1.0000, 0.0000, 0.0000, 0.0000, 0.0000]])
tensor([[0.7748, 1.0000, 0.0000, 0.0000, 0.0000, 0.0000]])
tensor([[-0.7596,  1.0000,  0.0000,  0.0000,  0.0000,  0.0000]])
tensor([[-0.7608,  1.0000,  0.0000,  0.0000,  0.0000,  0.0000]])
tensor([[-0.5272,  1.0000,  0.0000,  0.0000,  0.0000,  0.0000]])
tensor([[-0.8425,  1.0000,  0.0000,  0.0000,  0.0000,  0.0000]])
tensor([[-0.5355,  1.0000,  0.0000,  0.0000,  0.0000,  0.0000]])
tensor([[-0.3972,  1.0000,  0.0000,  0.0000,  0.0000,  0.0000]])
tensor([[-0.9716,  1.0000,  0.0000,  0.0000,  0.0000,  0.0000]])
tensor([[-0.9184,  1.0000,  0.0000,  0.0000,  0.0000,  0.0000]])
tensor([[-0.6032,  1.0000,  0.0000,  0.0000,  0.0000,  0.0000]])
tensor([[0.3680, 1.0000, 0.0000, 0.0000, 0.0000, 0.0000]])
tensor([[-0.6670,  1.0000,  0.0000,  0.0000,  0.0000,  0.0000]])
tensor([[-0.0689,  1.0000,  0.0000,  0.0000,  0.0000,  0.0000]])
tensor([[-0.1794,  1.0000,  0.0000,  0.0000,  0.0000,  0.0000]])
tensor([[0.2737, 1.0000, 0.0000, 0.0000, 0.0000, 0.0000]])
tensor([[-0.7828,  1.0000,  0.0000,  0.0000,  0.0000,  0.0000]])
tensor([[0.1633, 1.0000, 0.0000, 0.0000, 0.0000, 0.0000]])
tensor([[-0.7156,  1.0000,  0.0000,  0.0000,  0.0000,  0.0000]])
tensor([[0.4499, 1.0000, 0.0000, 0.0000, 0.0000, 0.0000]])
tensor([[-0.5730,  1.0000,  0.0000,  0.0000,  0.0000,  0.0000]])
tensor([[0.1898, 1.0000, 0.0000, 0.0000, 0.0000, 0.0000]])
tensor([[-0.7841,  1.0000,  0.0000,  0.0000,  0.0000,  0.0000]])
tensor([[0.7602, 1.0000, 0.0000, 0.0000, 0.0000, 0.0000]])
tensor([[0.3817, 1.0000, 0.0000, 0.0000, 0.0000, 0.0000]])
tensor([[0.4880, 1.0000, 0.0000, 0.0000, 0.0000, 0.0000]])
tensor([[-0.1926,  1.0000,  0.0000,  0.0000,  0.0000,  0.0000]])
tensor([[-0.4800,  1.0000,  0.0000,  0.0000,  0.0000,  0.0000]])
tensor([[-0.6436,  1.0000,  0.0000,  0.0000,  0.0000,  0.0000]])
tensor([[-0.0655,  1.0000,  0.0000,  0.0000,  0.0000,  0.0000]])
tensor([[-0.4497,  0.0000,  0.0000,  0.0000,  0.0000,  0.0000]])
tensor([[0.1020, 1.0000, 0.0000, 0.0000, 0.0000, 0.0000]])
tensor([[-0.8970,  1.0000,  0.0000,  0.0000,  0.0000,  0.0000]])
tensor([[-0.1838,  1.0000,  0.0000,  0.0000,  0.0000,  0.0000]])
tensor([[0.4107, 1.0000, 0.0000, 0.0000, 0.0000, 0.0000]])
tensor([[-0.2115,  1.0000,  0.0000,  0.0000,  0.0000,  0.0000]])
tensor([[0.8258, 1.0000, 0.0000, 0.0000, 0.0000, 0.0000]])
tensor([[-0.2041,  1.0000,  0.0000,  0.0000,  0.0000,  0.0000]])
tensor([[-0.7974,  1.0000,  0.0000,  0.0000,  0.0000,  0.0000]])
tensor([[-0.5945,  1.0000,  0.0000,  0.0000,  0.0000,  0.0000]])
tensor([[-0.2460,  1.0000,  0.0000,  0.0000,  0.0000,  0.0000]])
tensor([[0.0122, 1.0000, 0.0000, 0.0000, 0.0000, 0.0000]])
tensor([[-0.2210,  1.0000,  0.0000,  0.0000,  0.0000,  0.0000]])
tensor([[-0.2608,  1.0000,  0.0000,  0.0000,  0.0000,  0.0000]])
tensor([[-0.4807,  1.0000,  0.0000,  0.0000,  0.0000,  0.0000]])
tensor([[0.5749, 1.0000, 0.0000, 0.0000, 0.0000, 0.0000]])
tensor([[-0.7397,  1.0000,  0.0000,  0.0000,  0.0000,  0.0000]])
tensor([[-5.0798e-04,  1.0000e+00,  0.0000e+00,  0.0000e+00,  0.0000e+00,
          0.0000e+00]])
tensor([[0.9422, 1.0000, 0.0000, 0.0000, 0.0000, 0.0000]])
tensor([[0.0751, 1.0000, 0.0000, 0.0000, 0.0000, 0.0000]])
tensor([[-0.9487,  1.0000,  0.0000,  0.0000,  0.0000,  0.0000]])
tensor([[0.6748, 1.0000, 0.0000, 0.0000, 0.0000, 0.0000]])
tensor([[0.4011, 1.0000, 0.0000, 0.0000, 0.0000, 0.0000]])
tensor([[0.8817, 1.0000, 0.0000, 0.0000, 0.0000, 0.0000]])
tensor([[-0.6251,  1.0000,  0.0000,  0.0000,  0.0000,  0.0000]])
tensor([[0.7993, 1.0000, 0.0000, 0.0000, 0.0000, 0.0000]])
tensor([[0.6950, 1.0000, 0.0000, 0.0000, 0.0000, 0.0000]])
tensor([[-0.4767,  1.0000,  0.0000,  0.0000,  0.0000,  0.0000]])
tensor([[-0.1402,  1.0000,  0.0000,  0.0000,  0.0000,  0.0000]])
tensor([[0.0956, 1.0000, 0.0000, 0.0000, 0.0000, 0.0000]])
tensor([[-0.5994,  1.0000,  0.0000,  0.0000,  0.0000,  0.0000]])
tensor([[0.6057, 0.0000, 0.0000, 0.0000, 0.0000, 0.0000]])
tensor([[-0.2991,  1.0000,  0.0000,  0.0000,  0.0000,  0.0000]])
tensor([[-0.1869,  1.0000,  0.0000,  0.0000,  0.0000,  0.0000]])
tensor([[-0.2433,  1.0000,  0.0000,  0.0000,  0.0000,  0.0000]])
tensor([[-0.2533,  1.0000,  0.0000,  0.0000,  0.0000,  0.0000]])
tensor([[-0.0978,  1.0000,  0.0000,  0.0000,  0.0000,  0.0000]])
tensor([[0.3050, 0.0000, 0.0000, 0.0000, 0.0000, 0.0000]])
tensor([[-0.2301,  1.0000,  0.0000,  0.0000,  0.0000,  0.0000]])
tensor([[-0.4541,  1.0000,  0.0000,  0.0000,  0.0000,  0.0000]])
tensor([[-0.3456,  1.0000,  0.0000,  0.0000,  0.0000,  0.0000]])
tensor([[-0.8106,  1.0000,  0.0000,  0.0000,  0.0000,  0.0000]])
tensor([[-0.1635,  1.0000,  0.0000,  0.0000,  0.0000,  0.0000]])
tensor([[-0.8630,  1.0000,  0.0000,  0.0000,  0.0000,  0.0000]])
tensor([[0.1538, 1.0000, 0.0000, 0.0000, 0.0000, 0.0000]])
tensor([[0.1758, 1.0000, 0.0000, 0.0000, 0.0000, 0.0000]])
tensor([[-0.9147,  1.0000,  0.0000,  0.0000,  0.0000,  0.0000]])
tensor([[-0.6813,  0.0000,  0.0000,  0.0000,  0.0000,  0.0000]])
tensor([[-0.1372,  1.0000,  0.0000,  0.0000,  0.0000,  0.0000]])
tensor([[-0.0600,  1.0000,  0.0000,  1.0000,  0.0000,  0.0000]])
tensor([[0.0542, 1.0000, 0.0000, 0.0000, 0.0000, 0.0000]])
tensor([[0.0126, 1.0000, 0.0000, 0.0000, 0.0000, 0.0000]])
tensor([[-0.9028,  1.0000,  0.0000,  0.0000,  0.0000,  0.0000]])
tensor([[0.7118, 1.0000, 0.0000, 0.0000, 0.0000, 0.0000]])
tensor([[-0.5403,  1.0000,  0.0000,  0.0000,  0.0000,  0.0000]])
tensor([[-0.6773,  1.0000,  0.0000,  1.0000,  0.0000,  0.0000]])
tensor([[-0.8351,  1.0000,  0.0000,  0.0000,  0.0000,  0.0000]])
tensor([[-0.1498,  1.0000,  0.0000,  0.0000,  0.0000,  0.0000]])
tensor([[-0.8990,  1.0000,  0.0000,  0.0000,  0.0000,  0.0000]])
tensor([[-0.2072,  0.0000,  1.0000,  0.0000,  0.0000,  0.0000]])
tensor([[0.8622, 1.0000, 0.0000, 0.0000, 0.0000, 0.0000]])
tensor([[0.4171, 1.0000, 0.0000, 0.0000, 0.0000, 0.0000]])
tensor([[0.8119, 1.0000, 1.0000, 0.0000, 0.0000, 0.0000]])
tensor([[-0.0121,  1.0000,  0.0000,  0.0000,  0.0000,  0.0000]])
tensor([[0.6618, 1.0000, 0.0000, 0.0000, 0.0000, 0.0000]])
tensor([[0.8930, 1.0000, 0.0000, 0.0000, 0.0000, 0.0000]])
tensor([[-0.4848,  1.0000,  0.0000,  0.0000,  0.0000,  0.0000]])
tensor([[-0.8495,  1.0000,  0.0000,  0.0000,  0.0000,  0.0000]])
tensor([[0.2563, 1.0000, 0.0000, 0.0000, 0.0000, 0.0000]])
tensor([[-0.9640,  1.0000,  0.0000,  0.0000,  0.0000,  0.0000]])
tensor([[-0.8536,  1.0000,  0.0000,  0.0000,  0.0000,  0.0000]])
tensor([[-0.3468,  1.0000,  0.0000,  0.0000,  0.0000,  0.0000]])
tensor([[-0.6984,  1.0000,  0.0000,  0.0000,  1.0000,  0.0000]])
tensor([[-0.7210,  1.0000,  0.0000,  0.0000,  0.0000,  0.0000]])
tensor([[-0.8136,  1.0000,  1.0000,  0.0000,  0.0000,  0.0000]])
tensor([[0.8174, 1.0000, 0.0000, 0.0000, 0.0000, 0.0000]])
tensor([[-0.9642,  1.0000,  0.0000,  0.0000,  0.0000,  0.0000]])
tensor([[0.3745, 1.0000, 0.0000, 0.0000, 0.0000, 0.0000]])
tensor([[-0.1154,  1.0000,  0.0000,  0.0000,  0.0000,  0.0000]])
tensor([[0.6833, 1.0000, 0.0000, 0.0000, 0.0000, 0.0000]])
tensor([[0.5339, 1.0000, 0.0000, 0.0000, 0.0000, 0.0000]])
tensor([[0.9003, 1.0000, 0.0000, 0.0000, 0.0000, 0.0000]])
tensor([[0.0588, 1.0000, 0.0000, 0.0000, 0.0000, 0.0000]])
tensor([[-0.6900,  1.0000,  0.0000,  0.0000,  0.0000,  0.0000]])
tensor([[-0.5398,  1.0000,  0.0000,  0.0000,  0.0000,  0.0000]])
tensor([[-0.5532,  1.0000,  0.0000,  0.0000,  0.0000,  0.0000]])
tensor([[0.6666, 1.0000, 0.0000, 0.0000, 0.0000, 0.0000]])
tensor([[0.0073, 1.0000, 0.0000, 0.0000, 0.0000, 0.0000]])
tensor([[-0.3463,  1.0000,  0.0000,  0.0000,  0.0000,  0.0000]])
tensor([[-0.2467,  1.0000,  0.0000,  0.0000,  0.0000,  0.0000]])
tensor([[0.4078, 1.0000, 0.0000, 1.0000, 0.0000, 0.0000]])
tensor([[-0.7288,  1.0000,  0.0000,  0.0000,  0.0000,  0.0000]])
tensor([[0.0794, 1.0000, 0.0000, 0.0000, 1.0000, 0.0000]])
tensor([[-0.9740,  1.0000,  0.0000,  0.0000,  0.0000,  0.0000]])
tensor([[0.6522, 1.0000, 0.0000, 0.0000, 0.0000, 0.0000]])
tensor([[-0.0914,  1.0000,  0.0000,  0.0000,  0.0000,  0.0000]])
tensor([[0.3172, 1.0000, 0.0000, 0.0000, 0.0000, 0.0000]])
tensor([[-0.3615,  1.0000,  0.0000,  0.0000,  0.0000,  0.0000]])
tensor([[-0.2168,  1.0000,  0.0000,  0.0000,  0.0000,  0.0000]])
tensor([[0.6028, 1.0000, 0.0000, 0.0000, 0.0000, 0.0000]])
tensor([[-0.3001,  0.0000,  0.0000,  1.0000,  0.0000,  0.0000]])
tensor([[-0.2430,  1.0000,  0.0000,  0.0000,  0.0000,  0.0000]])
tensor([[-0.8017,  1.0000,  0.0000,  0.0000,  0.0000,  0.0000]])
tensor([[-0.2011,  1.0000,  0.0000,  0.0000,  0.0000,  0.0000]])
tensor([[0.6511, 1.0000, 0.0000, 0.0000, 0.0000, 0.0000]])
tensor([[-0.2117,  1.0000,  0.0000,  0.0000,  0.0000,  0.0000]])
tensor([[-0.8262,  1.0000,  0.0000,  0.0000,  0.0000,  0.0000]])
tensor([[0.2756, 1.0000, 0.0000, 0.0000, 0.0000, 0.0000]])
tensor([[-0.6957,  1.0000,  1.0000,  0.0000,  0.0000,  0.0000]])
tensor([[0.2058, 1.0000, 0.0000, 0.0000, 0.0000, 0.0000]])
tensor([[-0.4684,  1.0000,  0.0000,  0.0000,  0.0000,  0.0000]])
tensor([[-0.9523,  1.0000,  0.0000,  0.0000,  0.0000,  0.0000]])
tensor([[0.4198, 1.0000, 0.0000, 0.0000, 0.0000, 0.0000]])
tensor([[0.3257, 1.0000, 0.0000, 0.0000, 0.0000, 0.0000]])
tensor([[-0.0282,  1.0000,  0.0000,  0.0000,  0.0000,  0.0000]])
tensor([[-0.2200,  1.0000,  0.0000,  0.0000,  0.0000,  0.0000]])
tensor([[-0.9158,  1.0000,  0.0000,  0.0000,  0.0000,  0.0000]])
tensor([[0.4577, 1.0000, 0.0000, 0.0000, 0.0000, 0.0000]])
tensor([[-0.0557,  1.0000,  0.0000,  0.0000,  0.0000,  0.0000]])
tensor([[-0.9334,  1.0000,  0.0000,  0.0000,  0.0000,  0.0000]])
tensor([[-0.8114,  1.0000,  0.0000,  0.0000,  0.0000,  0.0000]])
tensor([[0.2761, 1.0000, 0.0000, 0.0000, 0.0000, 0.0000]])
tensor([[-0.8388,  1.0000,  0.0000,  0.0000,  0.0000,  0.0000]])
tensor([[-0.9741,  1.0000,  0.0000,  0.0000,  0.0000,  0.0000]])
tensor([[0.4938, 1.0000, 0.0000, 1.0000, 0.0000, 0.0000]])
tensor([[-0.7268,  1.0000,  0.0000,  0.0000,  0.0000,  0.0000]])
tensor([[-0.6734,  1.0000,  0.0000,  0.0000,  0.0000,  0.0000]])
tensor([[-0.2932,  1.0000,  0.0000,  0.0000,  0.0000,  0.0000]])
tensor([[-0.5520,  1.0000,  0.0000,  0.0000,  0.0000,  0.0000]])
tensor([[-0.0039,  1.0000,  0.0000,  0.0000,  0.0000,  0.0000]])
tensor([[0.3520, 1.0000, 0.0000, 0.0000, 0.0000, 0.0000]])
tensor([[0.4806, 1.0000, 0.0000, 0.0000, 0.0000, 0.0000]])
tensor([[-0.9717,  1.0000,  0.0000,  0.0000,  0.0000,  0.0000]])
tensor([[-0.0974,  1.0000,  0.0000,  0.0000,  0.0000,  0.0000]])
tensor([[-0.1654,  1.0000,  0.0000,  0.0000,  0.0000,  0.0000]])
tensor([[-0.1274,  1.0000,  0.0000,  1.0000,  0.0000,  0.0000]])
tensor([[0.5582, 1.0000, 0.0000, 0.0000, 0.0000, 0.0000]])
tensor([[-0.4239,  1.0000,  0.0000,  0.0000,  0.0000,  0.0000]])
tensor([[-0.7488,  1.0000,  0.0000,  0.0000,  0.0000,  0.0000]])
tensor([[-0.8966,  1.0000,  0.0000,  0.0000,  0.0000,  0.0000]])
tensor([[-0.2524,  1.0000,  0.0000,  0.0000,  0.0000,  0.0000]])
tensor([[-0.3749,  1.0000,  0.0000,  1.0000,  0.0000,  0.0000]])
tensor([[-0.3473,  1.0000,  0.0000,  0.0000,  0.0000,  0.0000]])
tensor([[0.8898, 1.0000, 0.0000, 0.0000, 0.0000, 0.0000]])
tensor([[0.7790, 1.0000, 0.0000, 0.0000, 0.0000, 0.0000]])
tensor([[-0.1105,  1.0000,  0.0000,  1.0000,  0.0000,  0.0000]])
tensor([[-0.4777,  1.0000,  0.0000,  0.0000,  0.0000,  0.0000]])
tensor([[-0.4561,  0.0000,  0.0000,  0.0000,  0.0000,  0.0000]])
tensor([[-0.5898,  0.0000,  0.0000,  0.0000,  0.0000,  0.0000]])
tensor([[-0.9409,  1.0000,  0.0000,  0.0000,  0.0000,  0.0000]])
tensor([[0.4433, 1.0000, 0.0000, 0.0000, 0.0000, 0.0000]])
tensor([[0.7492, 1.0000, 0.0000, 0.0000, 0.0000, 0.0000]])
tensor([[0.1256, 1.0000, 0.0000, 0.0000, 0.0000, 0.0000]])
tensor([[-0.5997,  1.0000,  0.0000,  0.0000,  0.0000,  0.0000]])
tensor([[0.2239, 1.0000, 0.0000, 0.0000, 0.0000, 0.0000]])
tensor([[-0.8639,  1.0000,  0.0000,  0.0000,  0.0000,  0.0000]])
tensor([[-0.0849,  1.0000,  0.0000,  0.0000,  0.0000,  0.0000]])
tensor([[0.1561, 1.0000, 0.0000, 0.0000, 0.0000, 0.0000]])
tensor([[-0.8682,  1.0000,  0.0000,  0.0000,  0.0000,  0.0000]])
tensor([[-0.6421,  1.0000,  0.0000,  0.0000,  0.0000,  0.0000]])
tensor([[-0.7812,  1.0000,  0.0000,  0.0000,  0.0000,  0.0000]])
tensor([[-0.8758,  1.0000,  0.0000,  0.0000,  0.0000,  0.0000]])
tensor([[0.2333, 1.0000, 0.0000, 0.0000, 0.0000, 0.0000]])
tensor([[-0.2353,  1.0000,  0.0000,  0.0000,  0.0000,  0.0000]])
tensor([[0.7729, 1.0000, 0.0000, 0.0000, 0.0000, 0.0000]])
tensor([[-0.9243,  1.0000,  0.0000,  0.0000,  0.0000,  0.0000]])
tensor([[-0.7289,  1.0000,  0.0000,  0.0000,  0.0000,  0.0000]])
tensor([[0.7927, 1.0000, 0.0000, 0.0000, 0.0000, 0.0000]])
tensor([[0.4292, 1.0000, 0.0000, 0.0000, 0.0000, 0.0000]])
tensor([[0.0649, 1.0000, 0.0000, 0.0000, 0.0000, 0.0000]])
tensor([[-0.6395,  1.0000,  0.0000,  0.0000,  0.0000,  0.0000]])
tensor([[-0.0342,  1.0000,  0.0000,  0.0000,  0.0000,  0.0000]])
tensor([[0.3821, 1.0000, 0.0000, 1.0000, 0.0000, 0.0000]])
tensor([[-0.5782,  1.0000,  0.0000,  0.0000,  0.0000,  0.0000]])
tensor([[0.2364, 1.0000, 0.0000, 0.0000, 0.0000, 0.0000]])
tensor([[-0.8646,  1.0000,  0.0000,  1.0000,  0.0000,  0.0000]])
tensor([[0.5793, 1.0000, 0.0000, 0.0000, 0.0000, 0.0000]])
tensor([[0.5351, 1.0000, 0.0000, 0.0000, 0.0000, 0.0000]])
tensor([[0.1625, 1.0000, 0.0000, 0.0000, 0.0000, 0.0000]])
tensor([[-0.4078,  1.0000,  0.0000,  0.0000,  0.0000,  0.0000]])
tensor([[0.8451, 1.0000, 0.0000, 0.0000, 0.0000, 0.0000]])
tensor([[0.1709, 1.0000, 0.0000, 0.0000, 0.0000, 0.0000]])
tensor([[0.9240, 1.0000, 0.0000, 1.0000, 0.0000, 0.0000]])
tensor([[-0.5643,  1.0000,  0.0000,  0.0000,  0.0000,  0.0000]])
tensor([[0.1538, 1.0000, 1.0000, 0.0000, 0.0000, 0.0000]])
tensor([[-0.6176,  1.0000,  0.0000,  0.0000,  0.0000,  0.0000]])
tensor([[-0.1603,  1.0000,  0.0000,  1.0000,  0.0000,  0.0000]])
tensor([[-0.9424,  1.0000,  0.0000,  0.0000,  0.0000,  0.0000]])
tensor([[-0.3299,  1.0000,  0.0000,  1.0000,  0.0000,  0.0000]])
tensor([[0.9846, 1.0000, 0.0000, 0.0000, 0.0000, 0.0000]])
tensor([[0.0179, 1.0000, 0.0000, 0.0000, 0.0000, 0.0000]])
tensor([[-0.6943,  1.0000,  0.0000,  0.0000,  0.0000,  0.0000]])
tensor([[-0.1365,  1.0000,  0.0000,  0.0000,  0.0000,  0.0000]])
tensor([[0.6568, 1.0000, 0.0000, 0.0000, 0.0000, 0.0000]])
tensor([[-0.3701,  1.0000,  1.0000,  0.0000,  0.0000,  0.0000]])
tensor([[0.7907, 1.0000, 0.0000, 0.0000, 0.0000, 0.0000]])
tensor([[-0.0678,  1.0000,  0.0000,  0.0000,  0.0000,  0.0000]])
tensor([[-0.0696,  1.0000,  0.0000,  0.0000,  0.0000,  0.0000]])
tensor([[-0.5002,  1.0000,  0.0000,  0.0000,  0.0000,  0.0000]])
tensor([[-0.3025,  1.0000,  1.0000,  0.0000,  0.0000,  0.0000]])
tensor([[-0.6311,  1.0000,  0.0000,  0.0000,  0.0000,  0.0000]])
tensor([[-0.9339,  1.0000,  0.0000,  0.0000,  0.0000,  0.0000]])
tensor([[0.6274, 1.0000, 0.0000, 0.0000, 0.0000, 0.0000]])
tensor([[0.2752, 1.0000, 0.0000, 0.0000, 0.0000, 0.0000]])
tensor([[0.1052, 1.0000, 0.0000, 0.0000, 0.0000, 0.0000]])
tensor([[-0.4705,  1.0000,  0.0000,  0.0000,  0.0000,  0.0000]])
tensor([[0.1928, 1.0000, 0.0000, 0.0000, 0.0000, 0.0000]])
tensor([[0.7786, 1.0000, 0.0000, 0.0000, 0.0000, 0.0000]])
tensor([[0.6389, 1.0000, 0.0000, 0.0000, 0.0000, 0.0000]])
tensor([[0.7511, 1.0000, 0.0000, 0.0000, 0.0000, 0.0000]])
tensor([[0.2248, 1.0000, 0.0000, 0.0000, 0.0000, 0.0000]])
tensor([[0.4503, 1.0000, 0.0000, 0.0000, 0.0000, 0.0000]])
tensor([[0.2448, 0.0000, 0.0000, 0.0000, 0.0000, 0.0000]])
tensor([[0.7786, 1.0000, 0.0000, 0.0000, 0.0000, 0.0000]])
tensor([[0.5106, 1.0000, 1.0000, 0.0000, 0.0000, 0.0000]])
tensor([[-0.4133,  1.0000,  0.0000,  1.0000,  0.0000,  0.0000]])
tensor([[0.2005, 0.0000, 0.0000, 0.0000, 0.0000, 0.0000]])
tensor([[-0.1732,  1.0000,  0.0000,  0.0000,  0.0000,  0.0000]])
tensor([[0.7339, 1.0000, 0.0000, 0.0000, 0.0000, 0.0000]])
tensor([[0.4203, 1.0000, 0.0000, 0.0000, 0.0000, 0.0000]])
tensor([[-0.1063,  1.0000,  0.0000,  0.0000,  0.0000,  0.0000]])
tensor([[-0.5532,  1.0000,  0.0000,  0.0000,  0.0000,  0.0000]])
tensor([[-0.8120,  1.0000,  0.0000,  0.0000,  0.0000,  0.0000]])
tensor([[0.4791, 1.0000, 0.0000, 0.0000, 0.0000, 0.0000]])
tensor([[-0.2286,  1.0000,  0.0000,  0.0000,  0.0000,  0.0000]])
tensor([[0.2083, 1.0000, 0.0000, 0.0000, 0.0000, 0.0000]])
tensor([[0.3793, 1.0000, 0.0000, 0.0000, 0.0000, 0.0000]])
tensor([[0.3102, 1.0000, 0.0000, 0.0000, 0.0000, 0.0000]])
tensor([[0.1350, 1.0000, 0.0000, 0.0000, 0.0000, 0.0000]])
tensor([[-0.3415,  1.0000,  0.0000,  0.0000,  0.0000,  0.0000]])
tensor([[0.1466, 1.0000, 0.0000, 0.0000, 0.0000, 0.0000]])
tensor([[-0.9452,  1.0000,  0.0000,  0.0000,  0.0000,  0.0000]])
tensor([[-0.7468,  1.0000,  0.0000,  0.0000,  0.0000,  0.0000]])
tensor([[-0.9490,  1.0000,  0.0000,  0.0000,  0.0000,  0.0000]])
tensor([[0.2888, 1.0000, 0.0000, 0.0000, 0.0000, 0.0000]])
tensor([[-0.6113,  1.0000,  0.0000,  0.0000,  0.0000,  0.0000]])
tensor([[0.0575, 1.0000, 0.0000, 0.0000, 1.0000, 0.0000]])
tensor([[0.3693, 1.0000, 0.0000, 0.0000, 0.0000, 0.0000]])
tensor([[-0.8674,  1.0000,  0.0000,  0.0000,  0.0000,  0.0000]])
tensor([[0.1116, 1.0000, 0.0000, 0.0000, 0.0000, 0.0000]])
tensor([[0.2317, 1.0000, 1.0000, 1.0000, 0.0000, 0.0000]])
tensor([[0.5578, 1.0000, 0.0000, 0.0000, 0.0000, 0.0000]])
tensor([[0.8655, 1.0000, 0.0000, 0.0000, 0.0000, 0.0000]])
tensor([[-0.2436,  1.0000,  0.0000,  0.0000,  0.0000,  0.0000]])
tensor([[-0.5382,  1.0000,  0.0000,  0.0000,  0.0000,  0.0000]])
tensor([[0.6378, 1.0000, 1.0000, 0.0000, 0.0000, 0.0000]])
tensor([[0.2127, 1.0000, 0.0000, 0.0000, 0.0000, 0.0000]])
tensor([[-0.4135,  1.0000,  0.0000,  0.0000,  0.0000,  0.0000]])
tensor([[0.9475, 1.0000, 0.0000, 1.0000, 0.0000, 0.0000]])
tensor([[-0.6386,  1.0000,  0.0000,  0.0000,  0.0000,  0.0000]])
tensor([[0.2981, 1.0000, 0.0000, 0.0000, 0.0000, 0.0000]])
tensor([[-0.1394,  1.0000,  0.0000,  0.0000,  0.0000,  0.0000]])
tensor([[0.3197, 1.0000, 0.0000, 0.0000, 0.0000, 0.0000]])
tensor([[0.5488, 1.0000, 0.0000, 0.0000, 0.0000, 0.0000]])
tensor([[-0.7459,  1.0000,  0.0000,  0.0000,  0.0000,  0.0000]])
tensor([[0.1275, 1.0000, 0.0000, 0.0000, 0.0000, 0.0000]])
tensor([[0.2103, 1.0000, 0.0000, 0.0000, 0.0000, 0.0000]])
tensor([[0.6927, 1.0000, 0.0000, 0.0000, 0.0000, 0.0000]])
tensor([[-0.6671,  1.0000,  0.0000,  0.0000,  0.0000,  0.0000]])
tensor([[-0.3377,  1.0000,  0.0000,  0.0000,  0.0000,  0.0000]])
tensor([[-0.5905,  1.0000,  0.0000,  0.0000,  0.0000,  0.0000]])
tensor([[-0.8525,  1.0000,  0.0000,  0.0000,  0.0000,  0.0000]])
tensor([[-0.3092,  1.0000,  0.0000,  0.0000,  0.0000,  0.0000]])
tensor([[-0.4561,  1.0000,  0.0000,  0.0000,  0.0000,  0.0000]])
tensor([[-0.8622,  1.0000,  0.0000,  0.0000,  0.0000,  0.0000]])
tensor([[-0.2661,  1.0000,  1.0000,  0.0000,  0.0000,  0.0000]])
tensor([[-0.3488,  1.0000,  0.0000,  0.0000,  0.0000,  0.0000]])
tensor([[-0.9240,  1.0000,  0.0000,  0.0000,  0.0000,  0.0000]])
tensor([[0.8757, 1.0000, 0.0000, 0.0000, 0.0000, 0.0000]])
tensor([[0.0842, 0.0000, 0.0000, 0.0000, 0.0000, 0.0000]])
tensor([[-0.0864,  1.0000,  0.0000,  0.0000,  0.0000,  0.0000]])
tensor([[0.0089, 1.0000, 1.0000, 0.0000, 0.0000, 0.0000]])
tensor([[-0.4069,  1.0000,  0.0000,  0.0000,  0.0000,  0.0000]])
tensor([[-0.5383,  1.0000,  0.0000,  0.0000,  0.0000,  0.0000]])
tensor([[0.4469, 1.0000, 0.0000, 0.0000, 0.0000, 0.0000]])
tensor([[-0.3043,  1.0000,  0.0000,  0.0000,  0.0000,  0.0000]])
tensor([[0.1858, 1.0000, 0.0000, 0.0000, 0.0000, 0.0000]])
tensor([[-0.8642,  1.0000,  0.0000,  0.0000,  0.0000,  0.0000]])
tensor([[-0.7689,  1.0000,  0.0000,  0.0000,  0.0000,  0.0000]])
tensor([[-0.5342,  1.0000,  0.0000,  0.0000,  0.0000,  0.0000]])
tensor([[0.6313, 1.0000, 0.0000, 0.0000, 0.0000, 0.0000]])
tensor([[0.6392, 1.0000, 0.0000, 0.0000, 0.0000, 0.0000]])
tensor([[-0.7449,  1.0000,  0.0000,  0.0000,  0.0000,  0.0000]])
tensor([[-0.5912,  1.0000,  0.0000,  0.0000,  0.0000,  0.0000]])
tensor([[-0.1033,  1.0000,  0.0000,  0.0000,  0.0000,  0.0000]])
tensor([[-0.3808,  1.0000,  0.0000,  0.0000,  0.0000,  0.0000]])
tensor([[-0.6952,  1.0000,  0.0000,  0.0000,  0.0000,  0.0000]])
tensor([[0.3355, 1.0000, 0.0000, 0.0000, 0.0000, 0.0000]])
tensor([[0.9221, 1.0000, 0.0000, 0.0000, 0.0000, 0.0000]])
tensor([[0.0966, 1.0000, 0.0000, 0.0000, 0.0000, 0.0000]])
tensor([[0.8112, 1.0000, 0.0000, 1.0000, 0.0000, 0.0000]])
tensor([[-0.6393,  1.0000,  0.0000,  0.0000,  0.0000,  0.0000]])
tensor([[-0.1209,  1.0000,  0.0000,  0.0000,  0.0000,  0.0000]])
tensor([[0.8881, 1.0000, 0.0000, 0.0000, 0.0000, 0.0000]])
tensor([[-0.7799,  1.0000,  0.0000,  0.0000,  0.0000,  0.0000]])
tensor([[0.2463, 1.0000, 1.0000, 0.0000, 0.0000, 0.0000]])
tensor([[-0.2838,  1.0000,  0.0000,  0.0000,  0.0000,  0.0000]])
tensor([[-0.3730,  1.0000,  0.0000,  0.0000,  0.0000,  0.0000]])
tensor([[-0.9037,  1.0000,  0.0000,  0.0000,  0.0000,  0.0000]])
tensor([[-0.1983,  1.0000,  0.0000,  0.0000,  0.0000,  0.0000]])
tensor([[0.1527, 1.0000, 0.0000, 0.0000, 0.0000, 0.0000]])
tensor([[-0.8616,  1.0000,  0.0000,  0.0000,  0.0000,  0.0000]])
tensor([[0.0645, 1.0000, 0.0000, 0.0000, 0.0000, 0.0000]])
tensor([[-0.3164,  1.0000,  1.0000,  0.0000,  0.0000,  0.0000]])
tensor([[0.5553, 1.0000, 0.0000, 0.0000, 0.0000, 0.0000]])
tensor([[-0.5092,  1.0000,  0.0000,  0.0000,  0.0000,  0.0000]])
tensor([[0.9217, 1.0000, 0.0000, 0.0000, 0.0000, 0.0000]])
tensor([[0.9882, 1.0000, 0.0000, 0.0000, 0.0000, 0.0000]])
tensor([[-0.2824,  1.0000,  0.0000,  0.0000,  0.0000,  0.0000]])
tensor([[0.4234, 1.0000, 0.0000, 0.0000, 0.0000, 0.0000]])
tensor([[0.0587, 1.0000, 0.0000, 0.0000, 0.0000, 0.0000]])
tensor([[0.7044, 1.0000, 0.0000, 0.0000, 0.0000, 0.0000]])
tensor([[-0.0360,  0.0000,  0.0000,  0.0000,  0.0000,  0.0000]])
tensor([[0.0822, 0.0000, 0.0000, 0.0000, 0.0000, 0.0000]])
tensor([[0.8948, 1.0000, 0.0000, 0.0000, 0.0000, 0.0000]])
tensor([[0.8826, 1.0000, 0.0000, 0.0000, 0.0000, 0.0000]])
tensor([[0.0667, 1.0000, 0.0000, 0.0000, 0.0000, 0.0000]])
tensor([[0.5389, 1.0000, 0.0000, 0.0000, 0.0000, 0.0000]])
tensor([[0.5776, 1.0000, 0.0000, 0.0000, 0.0000, 0.0000]])
tensor([[0.8494, 1.0000, 0.0000, 0.0000, 0.0000, 0.0000]])
tensor([[0.5102, 0.0000, 0.0000, 0.0000, 0.0000, 0.0000]])
tensor([[0.4753, 1.0000, 0.0000, 0.0000, 0.0000, 0.0000]])
tensor([[-0.7336,  1.0000,  0.0000,  0.0000,  0.0000,  0.0000]])
tensor([[-0.1014,  1.0000,  0.0000,  0.0000,  0.0000,  0.0000]])
tensor([[-0.2905,  1.0000,  0.0000,  0.0000,  0.0000,  0.0000]])
tensor([[-0.7282,  1.0000,  0.0000,  0.0000,  0.0000,  0.0000]])
tensor([[0.3916, 1.0000, 0.0000, 0.0000, 0.0000, 0.0000]])
tensor([[-0.1905,  1.0000,  0.0000,  0.0000,  0.0000,  0.0000]])
tensor([[-0.3377,  1.0000,  0.0000,  0.0000,  0.0000,  0.0000]])
tensor([[0.8410, 1.0000, 0.0000, 0.0000, 0.0000, 0.0000]])
tensor([[0.1057, 1.0000, 1.0000, 0.0000, 0.0000, 0.0000]])
tensor([[-0.7449,  1.0000,  0.0000,  0.0000,  0.0000,  0.0000]])
tensor([[-0.0893,  1.0000,  0.0000,  0.0000,  0.0000,  0.0000]])
tensor([[0.7959, 1.0000, 1.0000, 0.0000, 0.0000, 0.0000]])
tensor([[-0.2740,  1.0000,  0.0000,  0.0000,  0.0000,  0.0000]])
tensor([[-0.1238,  1.0000,  0.0000,  1.0000,  0.0000,  0.0000]])
tensor([[0.2022, 1.0000, 0.0000, 0.0000, 0.0000, 0.0000]])
tensor([[0.5465, 1.0000, 0.0000, 0.0000, 0.0000, 0.0000]])
tensor([[0.6032, 1.0000, 0.0000, 0.0000, 0.0000, 0.0000]])
tensor([[-0.3087,  1.0000,  0.0000,  0.0000,  0.0000,  0.0000]])
tensor([[-0.8241,  1.0000,  0.0000,  1.0000,  0.0000,  0.0000]])
tensor([[-0.8757,  0.0000,  0.0000,  0.0000,  0.0000,  0.0000]])
tensor([[0.4318, 1.0000, 0.0000, 0.0000, 0.0000, 0.0000]])
tensor([[-0.6248,  1.0000,  0.0000,  0.0000,  0.0000,  0.0000]])
tensor([[0.6010, 1.0000, 1.0000, 0.0000, 0.0000, 0.0000]])
tensor([[-0.1591,  1.0000,  0.0000,  0.0000,  0.0000,  0.0000]])
tensor([[-0.7076,  1.0000,  0.0000,  0.0000,  0.0000,  0.0000]])
tensor([[0.8825, 1.0000, 0.0000, 0.0000, 0.0000, 0.0000]])
tensor([[0.6592, 1.0000, 0.0000, 0.0000, 0.0000, 0.0000]])
tensor([[0.2303, 1.0000, 0.0000, 0.0000, 0.0000, 0.0000]])
tensor([[-0.5825,  1.0000,  0.0000,  0.0000,  0.0000,  0.0000]])
tensor([[0.9763, 1.0000, 0.0000, 0.0000, 0.0000, 0.0000]])
tensor([[0.8666, 1.0000, 0.0000, 0.0000, 0.0000, 0.0000]])
tensor([[0.1872, 0.0000, 0.0000, 0.0000, 0.0000, 0.0000]])
tensor([[-0.6458,  1.0000,  0.0000,  0.0000,  0.0000,  0.0000]])
tensor([[-0.0209,  1.0000,  0.0000,  0.0000,  0.0000,  0.0000]])
tensor([[0.6161, 1.0000, 1.0000, 0.0000, 0.0000, 0.0000]])
tensor([[-0.6516,  1.0000,  0.0000,  0.0000,  0.0000,  0.0000]])
tensor([[0.2096, 1.0000, 0.0000, 1.0000, 0.0000, 0.0000]])
tensor([[0.8406, 1.0000, 0.0000, 0.0000, 0.0000, 0.0000]])
tensor([[0.5008, 1.0000, 0.0000, 0.0000, 0.0000, 0.0000]])
tensor([[0.4645, 1.0000, 0.0000, 0.0000, 0.0000, 0.0000]])
tensor([[-0.1404,  1.0000,  0.0000,  0.0000,  0.0000,  0.0000]])
tensor([[0.2104, 1.0000, 0.0000, 0.0000, 0.0000, 0.0000]])
tensor([[-0.6717,  1.0000,  0.0000,  0.0000,  0.0000,  0.0000]])
tensor([[0.2887, 1.0000, 0.0000, 0.0000, 0.0000, 0.0000]])
tensor([[-0.2645,  1.0000,  0.0000,  0.0000,  0.0000,  0.0000]])
tensor([[-0.8086,  1.0000,  0.0000,  0.0000,  0.0000,  0.0000]])
tensor([[-0.7399,  1.0000,  0.0000,  0.0000,  0.0000,  0.0000]])
tensor([[0.0724, 1.0000, 0.0000, 0.0000, 0.0000, 0.0000]])
tensor([[0.1301, 0.0000, 0.0000, 0.0000, 0.0000, 0.0000]])
tensor([[-0.8012,  1.0000,  0.0000,  0.0000,  0.0000,  0.0000]])
tensor([[0.3698, 1.0000, 0.0000, 0.0000, 0.0000, 0.0000]])
tensor([[0.8345, 1.0000, 0.0000, 0.0000, 0.0000, 0.0000]])
tensor([[-0.0261,  1.0000,  0.0000,  0.0000,  0.0000,  0.0000]])
tensor([[-0.5830,  1.0000,  0.0000,  0.0000,  0.0000,  0.0000]])
tensor([[0.6833, 1.0000, 0.0000, 0.0000, 0.0000, 0.0000]])
tensor([[0.3865, 1.0000, 0.0000, 0.0000, 0.0000, 0.0000]])
tensor([[0.6613, 1.0000, 0.0000, 0.0000, 0.0000, 0.0000]])
tensor([[0.8827, 1.0000, 0.0000, 0.0000, 0.0000, 0.0000]])
tensor([[0.2689, 1.0000, 1.0000, 0.0000, 0.0000, 0.0000]])
tensor([[0.4366, 1.0000, 0.0000, 0.0000, 0.0000, 0.0000]])
tensor([[-0.9095,  1.0000,  0.0000,  0.0000,  0.0000,  0.0000]])
tensor([[-0.2916,  1.0000,  0.0000,  0.0000,  0.0000,  0.0000]])
tensor([[0.4668, 1.0000, 0.0000, 0.0000, 0.0000, 0.0000]])
tensor([[0.5699, 1.0000, 0.0000, 0.0000, 0.0000, 0.0000]])
tensor([[0.1114, 1.0000, 0.0000, 0.0000, 0.0000, 0.0000]])
tensor([[-0.8992,  1.0000,  0.0000,  0.0000,  0.0000,  0.0000]])
tensor([[0.7500, 1.0000, 0.0000, 0.0000, 0.0000, 0.0000]])
tensor([[0.1731, 1.0000, 0.0000, 0.0000, 0.0000, 0.0000]])
tensor([[-0.1708,  1.0000,  0.0000,  0.0000,  0.0000,  0.0000]])
tensor([[0.4546, 1.0000, 0.0000, 0.0000, 0.0000, 0.0000]])
tensor([[0.4844, 1.0000, 0.0000, 0.0000, 0.0000, 0.0000]])
tensor([[0.5019, 1.0000, 0.0000, 0.0000, 0.0000, 0.0000]])
tensor([[-0.5605,  1.0000,  1.0000,  0.0000,  0.0000,  0.0000]])
tensor([[0.9265, 1.0000, 0.0000, 0.0000, 0.0000, 0.0000]])
tensor([[-0.9135,  1.0000,  0.0000,  0.0000,  0.0000,  0.0000]])
tensor([[-0.7213,  1.0000,  0.0000,  0.0000,  0.0000,  0.0000]])
tensor([[-0.6633,  1.0000,  0.0000,  0.0000,  0.0000,  0.0000]])
tensor([[0.4364, 1.0000, 0.0000, 0.0000, 0.0000, 0.0000]])
tensor([[0.7446, 1.0000, 0.0000, 0.0000, 0.0000, 0.0000]])
tensor([[0.9528, 1.0000, 0.0000, 0.0000, 0.0000, 0.0000]])
tensor([[0.8002, 1.0000, 0.0000, 0.0000, 0.0000, 0.0000]])
tensor([[0.7923, 1.0000, 0.0000, 0.0000, 0.0000, 0.0000]])
tensor([[-0.0305,  1.0000,  0.0000,  0.0000,  0.0000,  0.0000]])
tensor([[0.6741, 1.0000, 0.0000, 0.0000, 0.0000, 0.0000]])
tensor([[0.2558, 1.0000, 0.0000, 0.0000, 1.0000, 0.0000]])
tensor([[-0.0792,  1.0000,  0.0000,  0.0000,  0.0000,  0.0000]])
tensor([[-0.3961,  1.0000,  0.0000,  0.0000,  0.0000,  0.0000]])
tensor([[0.5913, 1.0000, 1.0000, 0.0000, 0.0000, 0.0000]])
tensor([[0.9963, 1.0000, 0.0000, 0.0000, 0.0000, 0.0000]])
tensor([[0.6809, 1.0000, 0.0000, 0.0000, 0.0000, 0.0000]])
tensor([[-0.3697,  1.0000,  0.0000,  0.0000,  0.0000,  0.0000]])
tensor([[-0.3681,  1.0000,  0.0000,  0.0000,  0.0000,  0.0000]])
tensor([[-0.5701,  1.0000,  0.0000,  0.0000,  0.0000,  0.0000]])
tensor([[-0.3599,  1.0000,  0.0000,  0.0000,  0.0000,  0.0000]])
tensor([[0.8035, 1.0000, 0.0000, 0.0000, 0.0000, 0.0000]])
tensor([[0.6467, 1.0000, 0.0000, 0.0000, 0.0000, 0.0000]])
tensor([[-0.2147,  1.0000,  0.0000,  0.0000,  0.0000,  0.0000]])
tensor([[-0.8629,  1.0000,  0.0000,  0.0000,  0.0000,  0.0000]])
tensor([[0.2082, 1.0000, 0.0000, 0.0000, 0.0000, 0.0000]])
tensor([[0.4870, 1.0000, 0.0000, 0.0000, 0.0000, 0.0000]])
tensor([[-0.0530,  1.0000,  0.0000,  0.0000,  0.0000,  0.0000]])
tensor([[-0.0889,  1.0000,  0.0000,  0.0000,  0.0000,  0.0000]])
tensor([[0.7866, 1.0000, 0.0000, 0.0000, 0.0000, 0.0000]])
tensor([[0.8565, 1.0000, 0.0000, 0.0000, 0.0000, 0.0000]])
tensor([[0.2969, 1.0000, 0.0000, 0.0000, 0.0000, 0.0000]])
tensor([[0.1710, 1.0000, 0.0000, 0.0000, 0.0000, 0.0000]])
tensor([[-0.3792,  1.0000,  0.0000,  0.0000,  0.0000,  0.0000]])
tensor([[0.2692, 1.0000, 0.0000, 0.0000, 0.0000, 0.0000]])
tensor([[0.7184, 1.0000, 0.0000, 0.0000, 0.0000, 0.0000]])
tensor([[-0.2748,  1.0000,  0.0000,  0.0000,  0.0000,  0.0000]])
tensor([[-0.8931,  1.0000,  0.0000,  0.0000,  0.0000,  0.0000]])
tensor([[0.7263, 1.0000, 0.0000, 0.0000, 0.0000, 0.0000]])
tensor([[-0.8707,  1.0000,  0.0000,  0.0000,  0.0000,  0.0000]])
tensor([[-0.8485,  1.0000,  0.0000,  0.0000,  0.0000,  0.0000]])
tensor([[0.0287, 1.0000, 0.0000, 0.0000, 0.0000, 0.0000]])
tensor([[-0.1457,  1.0000,  0.0000,  0.0000,  0.0000,  0.0000]])
tensor([[0.0976, 1.0000, 0.0000, 0.0000, 0.0000, 0.0000]])
tensor([[-0.9091,  1.0000,  0.0000,  0.0000,  0.0000,  0.0000]])
tensor([[-0.5971,  1.0000,  0.0000,  0.0000,  0.0000,  0.0000]])
tensor([[0.3714, 1.0000, 0.0000, 0.0000, 0.0000, 0.0000]])
tensor([[0.4130, 1.0000, 0.0000, 0.0000, 0.0000, 0.0000]])
tensor([[-0.8221,  1.0000,  0.0000,  0.0000,  0.0000,  0.0000]])
tensor([[0.1108, 1.0000, 0.0000, 0.0000, 0.0000, 0.0000]])
tensor([[0.3184, 1.0000, 0.0000, 0.0000, 0.0000, 0.0000]])
tensor([[-0.4946,  1.0000,  0.0000,  0.0000,  0.0000,  0.0000]])
tensor([[-0.7046,  1.0000,  0.0000,  0.0000,  0.0000,  0.0000]])
tensor([[-0.5678,  1.0000,  0.0000,  0.0000,  0.0000,  0.0000]])
tensor([[0.2052, 1.0000, 0.0000, 0.0000, 0.0000, 0.0000]])
tensor([[-0.3212,  1.0000,  0.0000,  0.0000,  0.0000,  0.0000]])
tensor([[-0.9002,  1.0000,  0.0000,  0.0000,  0.0000,  0.0000]])
tensor([[-0.8222,  1.0000,  0.0000,  0.0000,  0.0000,  0.0000]])
tensor([[0.0036, 1.0000, 0.0000, 0.0000, 0.0000, 0.0000]])
tensor([[0.3234, 1.0000, 0.0000, 0.0000, 0.0000, 0.0000]])
tensor([[0.0751, 1.0000, 0.0000, 0.0000, 0.0000, 0.0000]])
tensor([[-0.8075,  1.0000,  0.0000,  0.0000,  0.0000,  0.0000]])
tensor([[0.4141, 1.0000, 0.0000, 0.0000, 0.0000, 0.0000]])
tensor([[0.8761, 1.0000, 0.0000, 0.0000, 0.0000, 0.0000]])
tensor([[-0.7404,  1.0000,  0.0000,  0.0000,  0.0000,  0.0000]])
tensor([[0.7665, 1.0000, 0.0000, 0.0000, 0.0000, 0.0000]])
tensor([[-0.4873,  1.0000,  0.0000,  0.0000,  0.0000,  0.0000]])
tensor([[-0.2570,  1.0000,  0.0000,  0.0000,  0.0000,  0.0000]])
tensor([[0.8183, 1.0000, 0.0000, 0.0000, 0.0000, 0.0000]])
tensor([[-0.3935,  1.0000,  0.0000,  0.0000,  0.0000,  0.0000]])
tensor([[0.1321, 1.0000, 0.0000, 0.0000, 0.0000, 0.0000]])
tensor([[-0.1399,  1.0000,  0.0000,  0.0000,  0.0000,  0.0000]])
tensor([[0.6378, 0.0000, 0.0000, 0.0000, 0.0000, 0.0000]])
tensor([[0.8876, 1.0000, 0.0000, 1.0000, 0.0000, 0.0000]])
tensor([[0.5701, 1.0000, 0.0000, 0.0000, 0.0000, 0.0000]])
tensor([[-0.6722,  1.0000,  0.0000,  0.0000,  0.0000,  0.0000]])
tensor([[-0.3667,  1.0000,  0.0000,  0.0000,  0.0000,  0.0000]])
tensor([[0.3408, 1.0000, 0.0000, 1.0000, 0.0000, 0.0000]])
tensor([[0.5875, 1.0000, 1.0000, 0.0000, 0.0000, 0.0000]])
tensor([[0.1340, 1.0000, 0.0000, 0.0000, 0.0000, 0.0000]])
tensor([[-0.2402,  1.0000,  0.0000,  0.0000,  0.0000,  0.0000]])
tensor([[-0.8928,  1.0000,  0.0000,  0.0000,  0.0000,  0.0000]])
tensor([[0.3595, 1.0000, 0.0000, 0.0000, 0.0000, 0.0000]])
tensor([[-0.7456,  1.0000,  0.0000,  0.0000,  0.0000,  0.0000]])
tensor([[0.5923, 1.0000, 0.0000, 0.0000, 0.0000, 0.0000]])
tensor([[-0.3466,  1.0000,  0.0000,  0.0000,  0.0000,  0.0000]])
tensor([[0.6201, 1.0000, 0.0000, 0.0000, 0.0000, 0.0000]])
tensor([[0.9681, 1.0000, 0.0000, 0.0000, 0.0000, 0.0000]])
tensor([[-0.0326,  1.0000,  0.0000,  0.0000,  0.0000,  0.0000]])
tensor([[-0.6826,  1.0000,  0.0000,  0.0000,  0.0000,  0.0000]])
tensor([[-0.5857,  1.0000,  0.0000,  0.0000,  0.0000,  0.0000]])
tensor([[0.9046, 1.0000, 0.0000, 0.0000, 0.0000, 0.0000]])
tensor([[0.6432, 1.0000, 0.0000, 0.0000, 0.0000, 0.0000]])
tensor([[0.8133, 1.0000, 0.0000, 0.0000, 0.0000, 0.0000]])
tensor([[-0.1557,  1.0000,  0.0000,  0.0000,  0.0000,  0.0000]])
tensor([[0.2188, 1.0000, 0.0000, 0.0000, 0.0000, 0.0000]])
tensor([[-0.4609,  1.0000,  0.0000,  0.0000,  0.0000,  0.0000]])
tensor([[-0.2888,  1.0000,  0.0000,  0.0000,  0.0000,  0.0000]])
tensor([[0.7466, 1.0000, 0.0000, 0.0000, 0.0000, 0.0000]])
tensor([[0.9109, 1.0000, 0.0000, 0.0000, 0.0000, 0.0000]])
tensor([[-0.5229,  1.0000,  0.0000,  0.0000,  0.0000,  0.0000]])
tensor([[-0.8890,  1.0000,  0.0000,  0.0000,  0.0000,  0.0000]])
tensor([[0.3546, 1.0000, 0.0000, 0.0000, 0.0000, 0.0000]])
tensor([[-0.5127,  1.0000,  0.0000,  0.0000,  0.0000,  0.0000]])
tensor([[0.0014, 1.0000, 0.0000, 0.0000, 0.0000, 0.0000]])
tensor([[-0.5729,  1.0000,  0.0000,  0.0000,  0.0000,  0.0000]])
tensor([[-0.1433,  1.0000,  0.0000,  0.0000,  0.0000,  0.0000]])
tensor([[0.0494, 1.0000, 0.0000, 0.0000, 0.0000, 0.0000]])
tensor([[-0.0554,  1.0000,  0.0000,  0.0000,  0.0000,  0.0000]])
tensor([[-0.9082,  1.0000,  0.0000,  0.0000,  0.0000,  0.0000]])
tensor([[-0.9173,  1.0000,  1.0000,  0.0000,  0.0000,  0.0000]])
tensor([[-0.4453,  1.0000,  0.0000,  0.0000,  0.0000,  0.0000]])
tensor([[0.0320, 1.0000, 0.0000, 0.0000, 0.0000, 0.0000]])
tensor([[-0.0186,  1.0000,  0.0000,  0.0000,  0.0000,  0.0000]])
tensor([[-0.2431,  1.0000,  0.0000,  0.0000,  0.0000,  0.0000]])
tensor([[0.4916, 1.0000, 0.0000, 0.0000, 0.0000, 0.0000]])
tensor([[0.8471, 1.0000, 0.0000, 0.0000, 0.0000, 0.0000]])
tensor([[-0.3375,  0.0000,  0.0000,  0.0000,  0.0000,  0.0000]])
tensor([[-0.5667,  1.0000,  0.0000,  0.0000,  0.0000,  0.0000]])
tensor([[0.1955, 1.0000, 0.0000, 0.0000, 0.0000, 0.0000]])
tensor([[-0.5152,  0.0000,  0.0000,  0.0000,  0.0000,  0.0000]])
tensor([[-0.7849,  1.0000,  0.0000,  0.0000,  0.0000,  0.0000]])
tensor([[0.4710, 1.0000, 0.0000, 0.0000, 0.0000, 0.0000]])
tensor([[-0.5656,  1.0000,  0.0000,  0.0000,  0.0000,  0.0000]])
tensor([[-0.9075,  1.0000,  0.0000,  0.0000,  0.0000,  0.0000]])
tensor([[0.2162, 1.0000, 0.0000, 0.0000, 0.0000, 0.0000]])
tensor([[-0.1607,  1.0000,  0.0000,  0.0000,  0.0000,  0.0000]])
tensor([[0.7082, 1.0000, 1.0000, 0.0000, 0.0000, 0.0000]])
tensor([[0.5658, 1.0000, 0.0000, 0.0000, 0.0000, 0.0000]])
tensor([[-0.7319,  1.0000,  0.0000,  0.0000,  0.0000,  0.0000]])
tensor([[0.8522, 1.0000, 0.0000, 0.0000, 0.0000, 0.0000]])
tensor([[-0.0782,  1.0000,  0.0000,  0.0000,  0.0000,  0.0000]])
tensor([[-0.4913,  1.0000,  0.0000,  0.0000,  0.0000,  0.0000]])
tensor([[-0.1998,  1.0000,  0.0000,  0.0000,  0.0000,  0.0000]])
tensor([[-0.7409,  1.0000,  0.0000,  0.0000,  0.0000,  0.0000]])
tensor([[-0.7588,  1.0000,  0.0000,  0.0000,  0.0000,  0.0000]])
tensor([[0.4034, 1.0000, 0.0000, 1.0000, 0.0000, 0.0000]])
tensor([[-0.7446,  1.0000,  0.0000,  0.0000,  0.0000,  0.0000]])
tensor([[-0.5690,  1.0000,  0.0000,  0.0000,  0.0000,  0.0000]])
tensor([[0.3993, 1.0000, 0.0000, 0.0000, 0.0000, 0.0000]])
tensor([[-0.7987,  1.0000,  0.0000,  0.0000,  0.0000,  0.0000]])
tensor([[-0.3449,  1.0000,  0.0000,  0.0000,  0.0000,  0.0000]])
tensor([[0.2358, 1.0000, 0.0000, 0.0000, 0.0000, 0.0000]])
tensor([[0.7410, 1.0000, 0.0000, 0.0000, 0.0000, 0.0000]])
tensor([[-0.1311,  1.0000,  0.0000,  0.0000,  0.0000,  0.0000]])
tensor([[-0.5581,  1.0000,  0.0000,  0.0000,  0.0000,  0.0000]])
tensor([[0.0951, 1.0000, 0.0000, 0.0000, 0.0000, 0.0000]])
tensor([[0.2976, 1.0000, 0.0000, 0.0000, 0.0000, 0.0000]])
tensor([[0.6901, 1.0000, 0.0000, 0.0000, 0.0000, 0.0000]])
tensor([[-0.5493,  1.0000,  0.0000,  0.0000,  0.0000,  0.0000]])
tensor([[-0.9324,  1.0000,  0.0000,  0.0000,  0.0000,  0.0000]])
tensor([[-0.1568,  1.0000,  0.0000,  0.0000,  0.0000,  0.0000]])
tensor([[-0.6021,  0.0000,  0.0000,  0.0000,  0.0000,  0.0000]])
tensor([[-0.5949,  1.0000,  0.0000,  0.0000,  0.0000,  0.0000]])
tensor([[-0.3520,  1.0000,  0.0000,  0.0000,  0.0000,  0.0000]])
tensor([[0.0690, 1.0000, 0.0000, 0.0000, 0.0000, 0.0000]])
tensor([[-0.2255,  1.0000,  0.0000,  0.0000,  0.0000,  0.0000]])
tensor([[-0.4989,  1.0000,  0.0000,  0.0000,  0.0000,  0.0000]])
tensor([[-0.8421,  1.0000,  0.0000,  1.0000,  0.0000,  0.0000]])
tensor([[-0.1676,  1.0000,  0.0000,  0.0000,  0.0000,  0.0000]])
tensor([[0.3548, 1.0000, 0.0000, 1.0000, 0.0000, 0.0000]])
tensor([[-0.0237,  1.0000,  0.0000,  1.0000,  0.0000,  0.0000]])
tensor([[-0.6002,  1.0000,  0.0000,  0.0000,  0.0000,  0.0000]])
tensor([[-0.0977,  1.0000,  0.0000,  0.0000,  0.0000,  0.0000]])
tensor([[-0.3108,  1.0000,  0.0000,  0.0000,  1.0000,  0.0000]])
tensor([[-0.3596,  1.0000,  0.0000,  0.0000,  0.0000,  0.0000]])
tensor([[-0.9390,  1.0000,  0.0000,  0.0000,  0.0000,  0.0000]])
tensor([[0.0814, 1.0000, 0.0000, 0.0000, 0.0000, 0.0000]])
tensor([[-0.6623,  1.0000,  0.0000,  0.0000,  0.0000,  0.0000]])
tensor([[0.3750, 1.0000, 0.0000, 0.0000, 0.0000, 0.0000]])
tensor([[-0.5964,  1.0000,  0.0000,  0.0000,  0.0000,  0.0000]])
tensor([[-0.8377,  1.0000,  0.0000,  0.0000,  0.0000,  0.0000]])
tensor([[-0.8595,  1.0000,  0.0000,  0.0000,  0.0000,  0.0000]])
tensor([[-0.2868,  1.0000,  0.0000,  0.0000,  0.0000,  0.0000]])
tensor([[-0.1649,  1.0000,  0.0000,  0.0000,  0.0000,  0.0000]])
tensor([[0.0068, 1.0000, 0.0000, 0.0000, 0.0000, 0.0000]])
tensor([[0.3533, 1.0000, 0.0000, 0.0000, 0.0000, 0.0000]])
tensor([[0.4943, 1.0000, 0.0000, 0.0000, 0.0000, 0.0000]])
tensor([[0.2368, 1.0000, 0.0000, 0.0000, 0.0000, 0.0000]])
tensor([[-0.7211,  1.0000,  0.0000,  0.0000,  0.0000,  0.0000]])
tensor([[-0.8396,  1.0000,  0.0000,  0.0000,  0.0000,  0.0000]])
tensor([[0.6080, 1.0000, 0.0000, 0.0000, 0.0000, 0.0000]])
tensor([[0.0083, 1.0000, 0.0000, 0.0000, 0.0000, 0.0000]])
tensor([[-0.5653,  1.0000,  0.0000,  0.0000,  0.0000,  0.0000]])
tensor([[0.0513, 1.0000, 0.0000, 0.0000, 0.0000, 0.0000]])
tensor([[0.2748, 1.0000, 0.0000, 0.0000, 0.0000, 0.0000]])
tensor([[-0.2578,  1.0000,  0.0000,  0.0000,  0.0000,  0.0000]])
tensor([[-0.8671,  1.0000,  0.0000,  0.0000,  0.0000,  0.0000]])
tensor([[-0.2364,  1.0000,  0.0000,  0.0000,  0.0000,  0.0000]])
tensor([[0.6642, 1.0000, 0.0000, 0.0000, 0.0000, 0.0000]])
tensor([[0.8958, 1.0000, 0.0000, 0.0000, 0.0000, 0.0000]])
tensor([[-0.4106,  1.0000,  0.0000,  0.0000,  0.0000,  0.0000]])
tensor([[-0.2671,  1.0000,  0.0000,  0.0000,  0.0000,  0.0000]])
tensor([[-0.2453,  1.0000,  0.0000,  0.0000,  0.0000,  0.0000]])
tensor([[-0.9667,  1.0000,  0.0000,  0.0000,  0.0000,  0.0000]])
tensor([[0.9351, 1.0000, 0.0000, 0.0000, 0.0000, 0.0000]])
tensor([[0.4768, 1.0000, 0.0000, 0.0000, 0.0000, 0.0000]])
tensor([[-0.4447,  1.0000,  0.0000,  0.0000,  0.0000,  0.0000]])
tensor([[0.7689, 1.0000, 0.0000, 0.0000, 0.0000, 0.0000]])
tensor([[0.2986, 1.0000, 0.0000, 0.0000, 0.0000, 0.0000]])
tensor([[0.5264, 1.0000, 0.0000, 1.0000, 0.0000, 0.0000]])
tensor([[0.3178, 1.0000, 0.0000, 0.0000, 0.0000, 0.0000]])
tensor([[0.1582, 1.0000, 0.0000, 0.0000, 0.0000, 0.0000]])
tensor([[0.3707, 1.0000, 0.0000, 0.0000, 0.0000, 0.0000]])
tensor([[-0.3772,  1.0000,  0.0000,  0.0000,  0.0000,  0.0000]])
tensor([[-0.2772,  1.0000,  0.0000,  0.0000,  0.0000,  0.0000]])
tensor([[0.8326, 1.0000, 0.0000, 0.0000, 0.0000, 0.0000]])
tensor([[-0.2108,  1.0000,  0.0000,  1.0000,  0.0000,  0.0000]])
tensor([[-0.7521,  1.0000,  0.0000,  0.0000,  0.0000,  0.0000]])
tensor([[-0.1122,  1.0000,  0.0000,  0.0000,  0.0000,  0.0000]])
tensor([[0.8860, 1.0000, 0.0000, 0.0000, 0.0000, 0.0000]])
tensor([[-0.0453,  1.0000,  0.0000,  0.0000,  0.0000,  0.0000]])
tensor([[0.7438, 1.0000, 0.0000, 0.0000, 0.0000, 0.0000]])
tensor([[-0.1748,  1.0000,  0.0000,  0.0000,  0.0000,  0.0000]])
tensor([[-0.0779,  1.0000,  0.0000,  0.0000,  0.0000,  0.0000]])
tensor([[-0.7202,  1.0000,  0.0000,  0.0000,  0.0000,  0.0000]])
tensor([[0.6963, 1.0000, 0.0000, 0.0000, 0.0000, 0.0000]])
tensor([[-0.5722,  1.0000,  0.0000,  0.0000,  0.0000,  0.0000]])
tensor([[0.2237, 1.0000, 0.0000, 0.0000, 0.0000, 0.0000]])
tensor([[-0.7925,  1.0000,  0.0000,  0.0000,  0.0000,  0.0000]])
tensor([[-0.8463,  1.0000,  0.0000,  0.0000,  0.0000,  0.0000]])
tensor([[0.2869, 1.0000, 0.0000, 0.0000, 0.0000, 0.0000]])
tensor([[-0.1916,  1.0000,  0.0000,  0.0000,  0.0000,  0.0000]])
tensor([[-0.8135,  1.0000,  0.0000,  0.0000,  0.0000,  0.0000]])
tensor([[-0.5206,  1.0000,  0.0000,  0.0000,  0.0000,  0.0000]])
tensor([[-0.3234,  1.0000,  0.0000,  0.0000,  0.0000,  0.0000]])
tensor([[0.8868, 1.0000, 0.0000, 0.0000, 0.0000, 0.0000]])
tensor([[-0.2485,  1.0000,  0.0000,  0.0000,  0.0000,  0.0000]])
tensor([[-0.0215,  1.0000,  0.0000,  0.0000,  0.0000,  0.0000]])
tensor([[-0.4305,  1.0000,  0.0000,  0.0000,  0.0000,  0.0000]])
tensor([[0.9433, 1.0000, 0.0000, 0.0000, 0.0000, 0.0000]])
tensor([[-0.5492,  1.0000,  0.0000,  0.0000,  0.0000,  0.0000]])
tensor([[0.6735, 1.0000, 0.0000, 0.0000, 0.0000, 0.0000]])
tensor([[-0.6621,  0.0000,  1.0000,  0.0000,  0.0000,  0.0000]])
tensor([[-0.6937,  1.0000,  0.0000,  0.0000,  0.0000,  0.0000]])
tensor([[0.3193, 1.0000, 0.0000, 0.0000, 0.0000, 0.0000]])
tensor([[-0.0596,  1.0000,  1.0000,  0.0000,  0.0000,  0.0000]])
tensor([[-0.7727,  1.0000,  0.0000,  0.0000,  0.0000,  0.0000]])
tensor([[-0.2891,  1.0000,  0.0000,  0.0000,  0.0000,  0.0000]])
tensor([[-0.9519,  1.0000,  0.0000,  0.0000,  0.0000,  0.0000]])
tensor([[-0.5845,  1.0000,  0.0000,  0.0000,  0.0000,  0.0000]])
tensor([[0.7023, 1.0000, 0.0000, 0.0000, 0.0000, 0.0000]])
tensor([[-0.4827,  1.0000,  0.0000,  0.0000,  0.0000,  0.0000]])
tensor([[0.4170, 1.0000, 0.0000, 1.0000, 0.0000, 0.0000]])
tensor([[-0.0238,  1.0000,  0.0000,  0.0000,  0.0000,  0.0000]])
tensor([[0.2361, 1.0000, 0.0000, 0.0000, 0.0000, 0.0000]])
tensor([[-0.3720,  1.0000,  0.0000,  0.0000,  0.0000,  0.0000]])
tensor([[-0.8399,  1.0000,  0.0000,  0.0000,  0.0000,  0.0000]])
tensor([[-0.7201,  1.0000,  0.0000,  0.0000,  0.0000,  0.0000]])
tensor([[-0.7746,  1.0000,  0.0000,  0.0000,  0.0000,  0.0000]])
tensor([[0.7378, 1.0000, 0.0000, 0.0000, 0.0000, 0.0000]])
tensor([[-0.7179,  1.0000,  0.0000,  0.0000,  0.0000,  0.0000]])
tensor([[-0.6463,  1.0000,  0.0000,  0.0000,  0.0000,  0.0000]])
tensor([[-0.4253,  1.0000,  0.0000,  0.0000,  0.0000,  0.0000]])
tensor([[-0.1158,  1.0000,  0.0000,  0.0000,  0.0000,  0.0000]])
tensor([[-0.8864,  1.0000,  0.0000,  0.0000,  0.0000,  0.0000]])
tensor([[-0.7435,  1.0000,  0.0000,  0.0000,  1.0000,  0.0000]])
tensor([[0.0807, 1.0000, 0.0000, 0.0000, 0.0000, 0.0000]])
tensor([[0.3074, 1.0000, 0.0000, 0.0000, 0.0000, 0.0000]])
tensor([[-0.6135,  0.0000,  1.0000,  0.0000,  0.0000,  0.0000]])
tensor([[-0.1698,  1.0000,  0.0000,  0.0000,  0.0000,  0.0000]])
tensor([[0.1178, 1.0000, 0.0000, 0.0000, 0.0000, 0.0000]])
tensor([[0.0231, 1.0000, 0.0000, 0.0000, 0.0000, 0.0000]])
tensor([[0.0822, 1.0000, 0.0000, 0.0000, 0.0000, 0.0000]])
tensor([[-0.6550,  1.0000,  0.0000,  0.0000,  0.0000,  0.0000]])
tensor([[0.6850, 1.0000, 0.0000, 0.0000, 0.0000, 0.0000]])
tensor([[-0.5395,  1.0000,  0.0000,  0.0000,  0.0000,  0.0000]])
tensor([[-0.5445,  1.0000,  0.0000,  0.0000,  0.0000,  0.0000]])
tensor([[0.2300, 1.0000, 0.0000, 1.0000, 0.0000, 0.0000]])
tensor([[-0.4999,  1.0000,  0.0000,  0.0000,  0.0000,  0.0000]])
tensor([[0.0166, 1.0000, 0.0000, 0.0000, 0.0000, 0.0000]])
tensor([[-0.5420,  1.0000,  0.0000,  0.0000,  0.0000,  0.0000]])
tensor([[-0.2828,  1.0000,  0.0000,  0.0000,  0.0000,  0.0000]])
tensor([[0.5854, 1.0000, 0.0000, 1.0000, 0.0000, 0.0000]])
tensor([[0.4775, 1.0000, 0.0000, 0.0000, 0.0000, 0.0000]])
tensor([[0.8892, 1.0000, 0.0000, 0.0000, 0.0000, 0.0000]])
tensor([[0.8664, 1.0000, 0.0000, 0.0000, 0.0000, 0.0000]])
tensor([[-0.0151,  1.0000,  0.0000,  0.0000,  0.0000,  0.0000]])
tensor([[-0.1658,  1.0000,  0.0000,  0.0000,  0.0000,  0.0000]])
tensor([[0.6965, 1.0000, 0.0000, 0.0000, 0.0000, 0.0000]])
tensor([[-0.1979,  1.0000,  0.0000,  0.0000,  0.0000,  0.0000]])
tensor([[-0.5844,  1.0000,  0.0000,  0.0000,  0.0000,  0.0000]])
tensor([[-0.2373,  1.0000,  0.0000,  0.0000,  0.0000,  0.0000]])
tensor([[0.2029, 1.0000, 0.0000, 0.0000, 0.0000, 0.0000]])
tensor([[0.3433, 1.0000, 0.0000, 0.0000, 0.0000, 0.0000]])
tensor([[0.3344, 1.0000, 1.0000, 0.0000, 0.0000, 0.0000]])
tensor([[-0.8108,  1.0000,  0.0000,  0.0000,  0.0000,  0.0000]])
tensor([[0.1737, 1.0000, 0.0000, 0.0000, 0.0000, 0.0000]])
tensor([[-0.1895,  1.0000,  0.0000,  0.0000,  0.0000,  0.0000]])
tensor([[-0.6413,  1.0000,  0.0000,  0.0000,  0.0000,  0.0000]])
tensor([[-0.5956,  1.0000,  0.0000,  0.0000,  0.0000,  0.0000]])
tensor([[0.9639, 1.0000, 0.0000, 0.0000, 0.0000, 0.0000]])
tensor([[-0.6369,  1.0000,  0.0000,  0.0000,  0.0000,  0.0000]])
tensor([[0.1095, 1.0000, 0.0000, 0.0000, 0.0000, 0.0000]])
tensor([[-0.5161,  1.0000,  0.0000,  0.0000,  0.0000,  0.0000]])
tensor([[-0.9562,  1.0000,  0.0000,  0.0000,  0.0000,  0.0000]])
tensor([[0.8200, 1.0000, 0.0000, 0.0000, 0.0000, 0.0000]])
tensor([[-0.8046,  1.0000,  0.0000,  0.0000,  0.0000,  0.0000]])
tensor([[-0.7021,  1.0000,  0.0000,  0.0000,  0.0000,  0.0000]])
tensor([[-0.1941,  1.0000,  0.0000,  0.0000,  0.0000,  0.0000]])
tensor([[-0.4464,  1.0000,  0.0000,  0.0000,  0.0000,  0.0000]])
tensor([[-0.5866,  1.0000,  0.0000,  0.0000,  0.0000,  0.0000]])
tensor([[-0.8352,  1.0000,  0.0000,  0.0000,  0.0000,  0.0000]])
tensor([[-0.1563,  1.0000,  1.0000,  0.0000,  0.0000,  0.0000]])
tensor([[0.8101, 1.0000, 0.0000, 0.0000, 0.0000, 0.0000]])
tensor([[-0.7754,  1.0000,  0.0000,  0.0000,  0.0000,  0.0000]])
tensor([[-0.6587,  1.0000,  0.0000,  0.0000,  0.0000,  0.0000]])
tensor([[-0.6700,  1.0000,  0.0000,  0.0000,  0.0000,  0.0000]])
tensor([[-0.3981,  1.0000,  0.0000,  0.0000,  0.0000,  0.0000]])
tensor([[-0.5286,  1.0000,  0.0000,  0.0000,  0.0000,  0.0000]])
tensor([[-0.7434,  1.0000,  0.0000,  0.0000,  0.0000,  0.0000]])
tensor([[-0.4840,  1.0000,  0.0000,  0.0000,  0.0000,  0.0000]])
tensor([[-0.4649,  1.0000,  0.0000,  0.0000,  0.0000,  0.0000]])
tensor([[0.4816, 1.0000, 0.0000, 0.0000, 0.0000, 0.0000]])
tensor([[0.1320, 1.0000, 0.0000, 0.0000, 0.0000, 0.0000]])
tensor([[-0.8334,  1.0000,  0.0000,  0.0000,  0.0000,  0.0000]])
tensor([[0.2758, 1.0000, 0.0000, 0.0000, 0.0000, 0.0000]])
tensor([[-0.7630,  1.0000,  0.0000,  0.0000,  0.0000,  0.0000]])
tensor([[0.4875, 1.0000, 0.0000, 0.0000, 0.0000, 0.0000]])
tensor([[-0.4116,  0.0000,  0.0000,  0.0000,  0.0000,  0.0000]])
tensor([[0.7317, 1.0000, 0.0000, 0.0000, 0.0000, 0.0000]])
tensor([[-0.6167,  1.0000,  0.0000,  0.0000,  0.0000,  0.0000]])
tensor([[-0.7075,  1.0000,  0.0000,  0.0000,  0.0000,  0.0000]])
tensor([[-0.4364,  1.0000,  0.0000,  0.0000,  0.0000,  0.0000]])
tensor([[-0.3656,  1.0000,  0.0000,  0.0000,  0.0000,  0.0000]])
tensor([[0.0867, 1.0000, 0.0000, 0.0000, 0.0000, 0.0000]])
tensor([[0.8426, 1.0000, 0.0000, 0.0000, 0.0000, 0.0000]])
tensor([[-0.7948,  1.0000,  0.0000,  0.0000,  0.0000,  0.0000]])
tensor([[-0.9624,  1.0000,  0.0000,  0.0000,  0.0000,  0.0000]])
tensor([[0.4603, 1.0000, 0.0000, 0.0000, 0.0000, 0.0000]])
tensor([[-0.6665,  1.0000,  0.0000,  0.0000,  0.0000,  0.0000]])
tensor([[0.0855, 1.0000, 0.0000, 0.0000, 0.0000, 0.0000]])
tensor([[-0.4967,  1.0000,  0.0000,  0.0000,  0.0000,  0.0000]])
tensor([[0.3892, 1.0000, 0.0000, 0.0000, 0.0000, 0.0000]])
tensor([[-0.1815,  1.0000,  0.0000,  0.0000,  0.0000,  0.0000]])
tensor([[0.2640, 1.0000, 0.0000, 0.0000, 1.0000, 0.0000]])
tensor([[-0.4831,  1.0000,  0.0000,  0.0000,  0.0000,  0.0000]])
tensor([[0.2416, 1.0000, 0.0000, 0.0000, 0.0000, 0.0000]])
tensor([[-0.1656,  1.0000,  0.0000,  0.0000,  0.0000,  0.0000]])
tensor([[-0.7308,  1.0000,  0.0000,  0.0000,  0.0000,  0.0000]])
tensor([[0.0056, 1.0000, 0.0000, 0.0000, 0.0000, 0.0000]])
tensor([[-0.2499,  1.0000,  0.0000,  0.0000,  0.0000,  0.0000]])
tensor([[-0.7616,  1.0000,  0.0000,  0.0000,  0.0000,  0.0000]])
tensor([[-0.5656,  1.0000,  0.0000,  0.0000,  0.0000,  0.0000]])
tensor([[0.9578, 1.0000, 0.0000, 0.0000, 0.0000, 0.0000]])
tensor([[-0.5969,  1.0000,  0.0000,  0.0000,  0.0000,  0.0000]])
tensor([[-0.1402,  1.0000,  0.0000,  0.0000,  0.0000,  0.0000]])
tensor([[-0.6649,  1.0000,  0.0000,  0.0000,  0.0000,  0.0000]])
tensor([[0.5973, 1.0000, 0.0000, 0.0000, 0.0000, 0.0000]])
tensor([[-0.2201,  1.0000,  0.0000,  0.0000,  0.0000,  0.0000]])
tensor([[-0.6233,  1.0000,  0.0000,  0.0000,  0.0000,  0.0000]])
tensor([[0.5698, 1.0000, 0.0000, 0.0000, 0.0000, 0.0000]])
tensor([[0.7801, 1.0000, 0.0000, 0.0000, 0.0000, 0.0000]])
tensor([[-0.2087,  1.0000,  0.0000,  0.0000,  0.0000,  0.0000]])
tensor([[-0.4144,  1.0000,  0.0000,  0.0000,  0.0000,  0.0000]])
tensor([[0.4359, 1.0000, 0.0000, 0.0000, 0.0000, 0.0000]])
tensor([[0.1467, 1.0000, 0.0000, 0.0000, 0.0000, 0.0000]])
tensor([[0.5039, 0.0000, 0.0000, 0.0000, 0.0000, 0.0000]])
tensor([[0.3944, 1.0000, 0.0000, 0.0000, 0.0000, 0.0000]])
tensor([[-0.9129,  1.0000,  0.0000,  0.0000,  0.0000,  0.0000]])
tensor([[0.1088, 1.0000, 0.0000, 0.0000, 0.0000, 0.0000]])
tensor([[0.5637, 1.0000, 0.0000, 0.0000, 0.0000, 0.0000]])
tensor([[-0.3437,  1.0000,  0.0000,  0.0000,  0.0000,  0.0000]])
tensor([[-0.4908,  1.0000,  0.0000,  0.0000,  0.0000,  0.0000]])
tensor([[0.4149, 1.0000, 0.0000, 0.0000, 0.0000, 0.0000]])
tensor([[-0.3665,  1.0000,  0.0000,  0.0000,  0.0000,  0.0000]])
tensor([[0.6035, 1.0000, 0.0000, 0.0000, 0.0000, 0.0000]])
tensor([[-0.7148,  1.0000,  0.0000,  0.0000,  0.0000,  0.0000]])
tensor([[0.5090, 1.0000, 1.0000, 0.0000, 0.0000, 0.0000]])
tensor([[0.7729, 1.0000, 0.0000, 0.0000, 0.0000, 0.0000]])
tensor([[-0.2648,  1.0000,  0.0000,  0.0000,  0.0000,  0.0000]])
tensor([[0.4066, 1.0000, 0.0000, 0.0000, 0.0000, 0.0000]])
tensor([[0.7243, 0.0000, 0.0000, 0.0000, 0.0000, 0.0000]])
tensor([[-0.3562,  1.0000,  0.0000,  0.0000,  0.0000,  0.0000]])
tensor([[-0.8555,  0.0000,  0.0000,  0.0000,  0.0000,  0.0000]])
tensor([[-0.1638,  1.0000,  0.0000,  0.0000,  0.0000,  0.0000]])
INFO:root:Agent 0 (TQCars): avg action time = 0.0009s
tensor([[0.0751, 1.0000, 0.0000, 0.0000, 0.0000, 0.0000]])
tensor([[-0.9885,  1.0000,  0.0000,  0.0000,  0.0000,  0.0000]])
tensor([[-0.9410,  0.0000,  0.0000,  0.0000,  0.0000,  0.0000]])
tensor([[-0.6182,  1.0000,  0.0000,  1.0000,  0.0000,  0.0000]])
tensor([[-0.0267,  1.0000,  0.0000,  0.0000,  0.0000,  0.0000]])
tensor([[0.8261, 1.0000, 0.0000, 0.0000, 0.0000, 0.0000]])
tensor([[0.7284, 1.0000, 0.0000, 0.0000, 0.0000, 0.0000]])
tensor([[-0.2865,  1.0000,  1.0000,  0.0000,  0.0000,  0.0000]])
tensor([[0.0304, 1.0000, 0.0000, 0.0000, 0.0000, 0.0000]])
tensor([[-0.1715,  1.0000,  0.0000,  0.0000,  0.0000,  0.0000]])
tensor([[-0.4709,  1.0000,  0.0000,  1.0000,  0.0000,  0.0000]])
tensor([[-0.5179,  1.0000,  0.0000,  0.0000,  0.0000,  0.0000]])
tensor([[-0.2704,  1.0000,  0.0000,  0.0000,  0.0000,  0.0000]])
tensor([[0.8104, 1.0000, 0.0000, 1.0000, 0.0000, 0.0000]])
tensor([[0.0785, 1.0000, 0.0000, 0.0000, 0.0000, 0.0000]])
tensor([[0.8569, 1.0000, 0.0000, 0.0000, 0.0000, 0.0000]])
tensor([[-0.4381,  1.0000,  0.0000,  0.0000,  0.0000,  0.0000]])
tensor([[-0.5144,  1.0000,  0.0000,  0.0000,  0.0000,  0.0000]])
tensor([[0.8710, 1.0000, 0.0000, 0.0000, 0.0000, 0.0000]])
tensor([[-0.5684,  1.0000,  0.0000,  0.0000,  0.0000,  0.0000]])
tensor([[-0.3174,  1.0000,  0.0000,  0.0000,  0.0000,  0.0000]])
tensor([[-0.1592,  1.0000,  0.0000,  0.0000,  0.0000,  0.0000]])
tensor([[0.3259, 1.0000, 0.0000, 0.0000, 0.0000, 0.0000]])
tensor([[0.2917, 0.0000, 0.0000, 0.0000, 0.0000, 0.0000]])
tensor([[-0.0770,  1.0000,  1.0000,  0.0000,  0.0000,  0.0000]])
tensor([[-0.2857,  1.0000,  0.0000,  0.0000,  0.0000,  0.0000]])
tensor([[-0.1102,  1.0000,  1.0000,  0.0000,  0.0000,  0.0000]])
tensor([[0.2418, 1.0000, 0.0000, 0.0000, 0.0000, 0.0000]])
tensor([[-0.6384,  1.0000,  0.0000,  0.0000,  0.0000,  0.0000]])
tensor([[-0.2699,  1.0000,  0.0000,  0.0000,  0.0000,  0.0000]])
tensor([[-0.4845,  1.0000,  0.0000,  0.0000,  0.0000,  0.0000]])
tensor([[0.0984, 1.0000, 1.0000, 0.0000, 0.0000, 0.0000]])
tensor([[-0.7756,  1.0000,  0.0000,  0.0000,  0.0000,  0.0000]])
tensor([[-0.0398,  1.0000,  0.0000,  0.0000,  0.0000,  0.0000]])
tensor([[0.8436, 0.0000, 0.0000, 0.0000, 0.0000, 0.0000]])
tensor([[0.9528, 1.0000, 0.0000, 0.0000, 0.0000, 0.0000]])
tensor([[-0.8366,  1.0000,  0.0000,  0.0000,  0.0000,  0.0000]])
tensor([[-0.6446,  1.0000,  0.0000,  0.0000,  0.0000,  0.0000]])
tensor([[-0.8750,  1.0000,  0.0000,  0.0000,  0.0000,  0.0000]])
tensor([[-0.1963,  1.0000,  0.0000,  0.0000,  0.0000,  0.0000]])
tensor([[-0.9689,  1.0000,  0.0000,  0.0000,  0.0000,  0.0000]])
tensor([[-0.8803,  1.0000,  1.0000,  0.0000,  0.0000,  0.0000]])
tensor([[0.8981, 1.0000, 0.0000, 0.0000, 0.0000, 0.0000]])
tensor([[-0.8210,  1.0000,  0.0000,  1.0000,  0.0000,  0.0000]])
tensor([[-0.5114,  1.0000,  0.0000,  0.0000,  0.0000,  0.0000]])
tensor([[-0.5865,  1.0000,  0.0000,  0.0000,  0.0000,  0.0000]])
tensor([[-0.5543,  1.0000,  0.0000,  0.0000,  0.0000,  0.0000]])
tensor([[-0.6558,  1.0000,  0.0000,  0.0000,  0.0000,  0.0000]])
tensor([[0.8039, 1.0000, 0.0000, 0.0000, 0.0000, 0.0000]])
tensor([[0.5013, 1.0000, 0.0000, 0.0000, 0.0000, 0.0000]])
tensor([[0.5963, 1.0000, 0.0000, 0.0000, 0.0000, 0.0000]])
tensor([[-0.2643,  0.0000,  0.0000,  1.0000,  0.0000,  0.0000]])
tensor([[-0.6410,  1.0000,  0.0000,  0.0000,  0.0000,  0.0000]])
tensor([[0.4725, 1.0000, 0.0000, 0.0000, 0.0000, 0.0000]])
tensor([[0.1922, 1.0000, 0.0000, 0.0000, 0.0000, 0.0000]])
tensor([[0.6196, 1.0000, 0.0000, 0.0000, 0.0000, 0.0000]])
{"type": "results", "track": "ravenbridge_mansion", "results": [{"key": 0, "reward": -0.099053955078125, "position": 4, "name": "TQCars", "avg_action_time": 0.0009454963240132201}]}
