INFO:root:Loading the agents
INFO:root:Loaded player TQCars
INFO:root:Creating pystk-1
INFO:root:Adding wrapper <function get_wrappers.<locals>.<lambda> at 0x75d4ab8ef420>
INFO:root:Adding wrapper <function get_wrappers.<locals>.<lambda> at 0x75d4ab8ef4c0>
INFO:root:Adding wrapper <function get_wrappers.<locals>.<lambda> at 0x75d4ab8ef560>
INFO:root:Adding wrapper <function get_wrappers.<locals>.<lambda> at 0x75d4ab8ef600>
INFO:root:(multi-env mono adapter) Setting main environment max_paths to 5
INFO:root:Loading trained model from CHECKPOINT-GPUFAC/tqc_EXP12_700000.pt...
INFO:root:Starting a race
tensor([[0.8028, 1.0000, 0.0000, 0.0000, 0.0000, 0.0000]])
tensor([[0.5407, 1.0000, 0.0000, 0.0000, 0.0000, 0.0000]])
tensor([[0.0787, 0.0000, 0.0000, 0.0000, 0.0000, 0.0000]])
tensor([[0.5875, 1.0000, 0.0000, 0.0000, 0.0000, 0.0000]])
tensor([[0.9674, 1.0000, 0.0000, 0.0000, 0.0000, 0.0000]])
tensor([[0.9176, 1.0000, 0.0000, 0.0000, 0.0000, 0.0000]])
tensor([[0.9683, 1.0000, 0.0000, 0.0000, 0.0000, 0.0000]])
tensor([[0.9241, 1.0000, 0.0000, 0.0000, 0.0000, 0.0000]])
tensor([[0.9692, 1.0000, 0.0000, 0.0000, 0.0000, 0.0000]])
tensor([[0.9552, 1.0000, 0.0000, 0.0000, 0.0000, 0.0000]])
tensor([[0.7764, 1.0000, 0.0000, 0.0000, 0.0000, 0.0000]])
tensor([[0.7481, 1.0000, 0.0000, 0.0000, 0.0000, 0.0000]])
tensor([[0.9740, 1.0000, 0.0000, 0.0000, 0.0000, 0.0000]])
tensor([[0.8427, 1.0000, 0.0000, 0.0000, 0.0000, 0.0000]])
tensor([[0.6229, 1.0000, 0.0000, 0.0000, 0.0000, 0.0000]])
tensor([[0.8640, 1.0000, 0.0000, 0.0000, 0.0000, 0.0000]])
tensor([[0.9300, 1.0000, 0.0000, 0.0000, 0.0000, 0.0000]])
tensor([[0.9533, 1.0000, 0.0000, 0.0000, 0.0000, 0.0000]])
tensor([[0.9635, 1.0000, 0.0000, 0.0000, 0.0000, 0.0000]])
tensor([[0.8203, 1.0000, 0.0000, 0.0000, 0.0000, 0.0000]])
tensor([[0.7978, 1.0000, 0.0000, 0.0000, 0.0000, 0.0000]])
tensor([[0.9815, 1.0000, 0.0000, 0.0000, 0.0000, 0.0000]])
tensor([[0.9798, 1.0000, 0.0000, 0.0000, 0.0000, 0.0000]])
tensor([[0.9954, 1.0000, 0.0000, 0.0000, 0.0000, 0.0000]])
tensor([[0.9953, 1.0000, 0.0000, 0.0000, 0.0000, 0.0000]])
tensor([[0.9988, 1.0000, 0.0000, 0.0000, 0.0000, 0.0000]])
tensor([[0.9995, 1.0000, 0.0000, 0.0000, 0.0000, 0.0000]])
tensor([[0.9991, 1.0000, 0.0000, 0.0000, 0.0000, 0.0000]])
tensor([[0.8943, 1.0000, 0.0000, 0.0000, 0.0000, 0.0000]])
tensor([[-0.9650,  1.0000,  0.0000,  0.0000,  0.0000,  0.0000]])
tensor([[-0.9987,  1.0000,  0.0000,  0.0000,  0.0000,  0.0000]])
tensor([[-0.9975,  1.0000,  0.0000,  0.0000,  0.0000,  0.0000]])
tensor([[-0.9988,  1.0000,  0.0000,  0.0000,  0.0000,  0.0000]])
tensor([[-0.9946,  1.0000,  0.0000,  0.0000,  0.0000,  0.0000]])
tensor([[-0.9971,  1.0000,  0.0000,  0.0000,  0.0000,  0.0000]])
tensor([[0.9857, 1.0000, 0.0000, 0.0000, 0.0000, 0.0000]])
tensor([[0.9991, 1.0000, 0.0000, 0.0000, 0.0000, 0.0000]])
tensor([[0.9478, 1.0000, 0.0000, 0.0000, 0.0000, 0.0000]])
tensor([[-0.9745,  1.0000,  1.0000,  0.0000,  0.0000,  0.0000]])
tensor([[-0.9743,  1.0000,  0.0000,  0.0000,  0.0000,  0.0000]])
tensor([[0.8768, 0.0000, 0.0000, 0.0000, 0.0000, 0.0000]])
tensor([[-0.8760,  1.0000,  0.0000,  0.0000,  0.0000,  0.0000]])
tensor([[-0.3153,  1.0000,  0.0000,  0.0000,  0.0000,  0.0000]])
tensor([[0.6180, 1.0000, 0.0000, 0.0000, 0.0000, 0.0000]])
tensor([[-0.1162,  0.0000,  0.0000,  0.0000,  0.0000,  0.0000]])
tensor([[-0.7820,  1.0000,  0.0000,  0.0000,  0.0000,  0.0000]])
tensor([[-0.3371,  1.0000,  1.0000,  0.0000,  0.0000,  0.0000]])
tensor([[0.8100, 1.0000, 0.0000, 0.0000, 0.0000, 0.0000]])
tensor([[-0.9612,  0.0000,  0.0000,  0.0000,  0.0000,  0.0000]])
tensor([[-0.7174,  1.0000,  0.0000,  0.0000,  0.0000,  0.0000]])
tensor([[-0.6978,  1.0000,  0.0000,  0.0000,  0.0000,  0.0000]])
tensor([[0.7754, 1.0000, 0.0000, 0.0000, 0.0000, 0.0000]])
tensor([[-0.2098,  0.0000,  0.0000,  0.0000,  0.0000,  0.0000]])
tensor([[-0.9940,  1.0000,  0.0000,  0.0000,  0.0000,  0.0000]])
tensor([[-0.9622,  0.0000,  0.0000,  0.0000,  0.0000,  0.0000]])
tensor([[-0.9817,  1.0000,  0.0000,  0.0000,  0.0000,  0.0000]])
tensor([[-0.5702,  1.0000,  0.0000,  0.0000,  0.0000,  0.0000]])
tensor([[0.8383, 0.0000, 0.0000, 0.0000, 0.0000, 0.0000]])
tensor([[-0.9855,  1.0000,  0.0000,  0.0000,  0.0000,  0.0000]])
tensor([[-0.9700,  1.0000,  0.0000,  0.0000,  0.0000,  0.0000]])
tensor([[-0.9905,  0.0000,  1.0000,  0.0000,  0.0000,  0.0000]])
tensor([[-0.9520,  0.0000,  0.0000,  0.0000,  0.0000,  0.0000]])
tensor([[-0.7021,  1.0000,  0.0000,  0.0000,  0.0000,  0.0000]])
tensor([[-0.8326,  1.0000,  0.0000,  0.0000,  0.0000,  0.0000]])
tensor([[0.7424, 1.0000, 0.0000, 0.0000, 0.0000, 0.0000]])
tensor([[-0.3429,  1.0000,  0.0000,  0.0000,  0.0000,  0.0000]])
tensor([[-0.2107,  1.0000,  0.0000,  0.0000,  0.0000,  0.0000]])
tensor([[-0.4009,  1.0000,  0.0000,  0.0000,  0.0000,  0.0000]])
tensor([[0.3644, 1.0000, 0.0000, 0.0000, 0.0000, 0.0000]])
tensor([[-0.9570,  1.0000,  0.0000,  0.0000,  0.0000,  0.0000]])
tensor([[-0.7246,  1.0000,  0.0000,  0.0000,  0.0000,  0.0000]])
tensor([[-0.4663,  1.0000,  0.0000,  0.0000,  0.0000,  0.0000]])
tensor([[0.4339, 1.0000, 0.0000, 0.0000, 0.0000, 0.0000]])
tensor([[-0.4952,  0.0000,  0.0000,  0.0000,  0.0000,  0.0000]])
tensor([[-0.9676,  1.0000,  0.0000,  0.0000,  0.0000,  0.0000]])
tensor([[-0.5514,  1.0000,  0.0000,  0.0000,  0.0000,  0.0000]])
tensor([[0.8625, 1.0000, 0.0000, 0.0000, 0.0000, 0.0000]])
tensor([[-0.8599,  0.0000,  0.0000,  0.0000,  0.0000,  0.0000]])
tensor([[-0.6001,  1.0000,  0.0000,  0.0000,  0.0000,  0.0000]])
tensor([[0.1281, 1.0000, 0.0000, 0.0000, 0.0000, 0.0000]])
tensor([[-0.1427,  1.0000,  0.0000,  1.0000,  0.0000,  0.0000]])
tensor([[0.5439, 0.0000, 0.0000, 0.0000, 0.0000, 0.0000]])
tensor([[0.9480, 0.0000, 0.0000, 0.0000, 0.0000, 0.0000]])
tensor([[-0.7108,  1.0000,  0.0000,  0.0000,  0.0000,  0.0000]])
tensor([[-0.6808,  1.0000,  0.0000,  0.0000,  0.0000,  0.0000]])
tensor([[0.8630, 1.0000, 0.0000, 0.0000, 0.0000, 0.0000]])
tensor([[0.5044, 1.0000, 0.0000, 0.0000, 0.0000, 0.0000]])
tensor([[-0.9295,  1.0000,  0.0000,  0.0000,  0.0000,  0.0000]])
tensor([[-0.9712,  1.0000,  0.0000,  0.0000,  0.0000,  0.0000]])
tensor([[0.9914, 1.0000, 0.0000, 0.0000, 0.0000, 0.0000]])
tensor([[0.9976, 1.0000, 0.0000, 0.0000, 0.0000, 0.0000]])
tensor([[-0.9510,  0.0000,  0.0000,  0.0000,  0.0000,  0.0000]])
tensor([[-0.9279,  1.0000,  0.0000,  0.0000,  0.0000,  0.0000]])
tensor([[0.9674, 1.0000, 0.0000, 0.0000, 0.0000, 0.0000]])
tensor([[-0.5393,  1.0000,  0.0000,  0.0000,  0.0000,  0.0000]])
tensor([[0.8906, 1.0000, 0.0000, 0.0000, 0.0000, 0.0000]])
tensor([[-0.9642,  1.0000,  0.0000,  0.0000,  0.0000,  0.0000]])
tensor([[-0.6510,  1.0000,  0.0000,  0.0000,  0.0000,  0.0000]])
tensor([[0.9977, 1.0000, 0.0000, 0.0000, 0.0000, 0.0000]])
tensor([[0.9982, 1.0000, 0.0000, 0.0000, 0.0000, 0.0000]])
tensor([[0.3926, 0.0000, 0.0000, 0.0000, 0.0000, 0.0000]])
tensor([[-0.4552,  1.0000,  0.0000,  0.0000,  0.0000,  0.0000]])
tensor([[0.5196, 0.0000, 0.0000, 0.0000, 0.0000, 0.0000]])
tensor([[0.6469, 1.0000, 0.0000, 0.0000, 0.0000, 0.0000]])
tensor([[0.9975, 0.0000, 0.0000, 0.0000, 0.0000, 0.0000]])
tensor([[0.6427, 1.0000, 0.0000, 0.0000, 0.0000, 0.0000]])
tensor([[0.9991, 1.0000, 0.0000, 0.0000, 0.0000, 0.0000]])
tensor([[0.9810, 1.0000, 0.0000, 0.0000, 0.0000, 0.0000]])
tensor([[0.6678, 1.0000, 0.0000, 0.0000, 0.0000, 0.0000]])
tensor([[0.9848, 1.0000, 0.0000, 0.0000, 0.0000, 0.0000]])
tensor([[0.9978, 1.0000, 0.0000, 0.0000, 0.0000, 0.0000]])
tensor([[0.9833, 1.0000, 0.0000, 0.0000, 0.0000, 0.0000]])
tensor([[0.9935, 1.0000, 0.0000, 0.0000, 0.0000, 0.0000]])
tensor([[0.9970, 1.0000, 0.0000, 0.0000, 0.0000, 0.0000]])
tensor([[0.9910, 1.0000, 0.0000, 0.0000, 0.0000, 0.0000]])
tensor([[0.9980, 1.0000, 0.0000, 0.0000, 0.0000, 0.0000]])
tensor([[0.9936, 1.0000, 0.0000, 0.0000, 0.0000, 0.0000]])
tensor([[0.9967, 1.0000, 0.0000, 0.0000, 0.0000, 0.0000]])
tensor([[0.9988, 1.0000, 0.0000, 0.0000, 0.0000, 0.0000]])
tensor([[0.9936, 1.0000, 0.0000, 0.0000, 1.0000, 0.0000]])
tensor([[0.9988, 1.0000, 0.0000, 0.0000, 0.0000, 0.0000]])
tensor([[0.9908, 1.0000, 0.0000, 0.0000, 0.0000, 0.0000]])
tensor([[0.9931, 1.0000, 0.0000, 0.0000, 0.0000, 0.0000]])
tensor([[0.9996, 1.0000, 0.0000, 0.0000, 0.0000, 0.0000]])
tensor([[0.9998, 1.0000, 0.0000, 0.0000, 0.0000, 0.0000]])
tensor([[0.9998, 0.0000, 0.0000, 0.0000, 0.0000, 0.0000]])
tensor([[-0.8666,  1.0000,  0.0000,  0.0000,  0.0000,  0.0000]])
tensor([[0.9496, 1.0000, 0.0000, 0.0000, 0.0000, 0.0000]])
tensor([[0.8627, 1.0000, 0.0000, 0.0000, 0.0000, 0.0000]])
tensor([[-0.9533,  0.0000,  0.0000,  0.0000,  0.0000,  0.0000]])
tensor([[-0.9275,  1.0000,  0.0000,  0.0000,  0.0000,  0.0000]])
tensor([[0.6105, 1.0000, 0.0000, 0.0000, 0.0000, 0.0000]])
tensor([[-0.3144,  1.0000,  0.0000,  0.0000,  0.0000,  0.0000]])
tensor([[-0.1892,  1.0000,  0.0000,  0.0000,  0.0000,  0.0000]])
tensor([[-0.6977,  1.0000,  0.0000,  0.0000,  0.0000,  0.0000]])
tensor([[0.6888, 1.0000, 0.0000, 0.0000, 0.0000, 0.0000]])
tensor([[-0.8201,  1.0000,  0.0000,  0.0000,  0.0000,  0.0000]])
tensor([[0.2065, 0.0000, 0.0000, 0.0000, 0.0000, 0.0000]])
tensor([[-0.1207,  0.0000,  0.0000,  0.0000,  0.0000,  0.0000]])
tensor([[-0.9357,  0.0000,  0.0000,  0.0000,  0.0000,  0.0000]])
tensor([[0.8656, 1.0000, 0.0000, 0.0000, 0.0000, 0.0000]])
tensor([[-0.5374,  1.0000,  0.0000,  0.0000,  0.0000,  0.0000]])
tensor([[-0.6746,  1.0000,  0.0000,  0.0000,  0.0000,  0.0000]])
tensor([[0.8126, 1.0000, 0.0000, 0.0000, 0.0000, 0.0000]])
tensor([[0.1250, 1.0000, 0.0000, 0.0000, 0.0000, 0.0000]])
tensor([[-0.8115,  1.0000,  0.0000,  0.0000,  0.0000,  0.0000]])
tensor([[-0.0818,  1.0000,  0.0000,  0.0000,  0.0000,  0.0000]])
tensor([[0.4117, 1.0000, 0.0000, 0.0000, 0.0000, 0.0000]])
tensor([[-0.0375,  1.0000,  0.0000,  0.0000,  0.0000,  0.0000]])
tensor([[-0.8854,  0.0000,  0.0000,  0.0000,  0.0000,  0.0000]])
tensor([[0.7820, 1.0000, 0.0000, 0.0000, 0.0000, 0.0000]])
tensor([[-0.1272,  1.0000,  0.0000,  0.0000,  0.0000,  0.0000]])
tensor([[0.0147, 1.0000, 0.0000, 0.0000, 0.0000, 0.0000]])
tensor([[-0.5903,  0.0000,  0.0000,  0.0000,  0.0000,  0.0000]])
tensor([[-0.7767,  1.0000,  0.0000,  0.0000,  0.0000,  0.0000]])
tensor([[-0.6055,  0.0000,  0.0000,  0.0000,  0.0000,  0.0000]])
tensor([[0.8796, 1.0000, 0.0000, 0.0000, 0.0000, 0.0000]])
tensor([[-0.6785,  1.0000,  0.0000,  0.0000,  0.0000,  0.0000]])
tensor([[-0.2034,  0.0000,  0.0000,  0.0000,  0.0000,  0.0000]])
tensor([[0.4290, 1.0000, 1.0000, 0.0000, 0.0000, 0.0000]])
tensor([[-0.4870,  0.0000,  0.0000,  0.0000,  0.0000,  0.0000]])
tensor([[-0.0059,  1.0000,  0.0000,  0.0000,  0.0000,  0.0000]])
tensor([[-0.6472,  1.0000,  0.0000,  0.0000,  0.0000,  0.0000]])
tensor([[0.6461, 0.0000, 0.0000, 0.0000, 0.0000, 0.0000]])
tensor([[-0.6684,  1.0000,  0.0000,  0.0000,  0.0000,  0.0000]])
tensor([[-0.0558,  1.0000,  0.0000,  0.0000,  0.0000,  0.0000]])
tensor([[0.5267, 1.0000, 0.0000, 0.0000, 0.0000, 0.0000]])
tensor([[-0.9068,  1.0000,  0.0000,  0.0000,  0.0000,  0.0000]])
tensor([[0.5411, 1.0000, 0.0000, 0.0000, 0.0000, 0.0000]])
tensor([[-0.9315,  1.0000,  0.0000,  0.0000,  0.0000,  0.0000]])
tensor([[-0.9929,  1.0000,  0.0000,  0.0000,  0.0000,  0.0000]])
tensor([[-0.3378,  0.0000,  0.0000,  0.0000,  0.0000,  0.0000]])
tensor([[0.7539, 1.0000, 0.0000, 0.0000, 0.0000, 0.0000]])
tensor([[0.9699, 0.0000, 0.0000, 0.0000, 0.0000, 0.0000]])
tensor([[-0.8164,  1.0000,  0.0000,  0.0000,  0.0000,  0.0000]])
tensor([[-0.2783,  1.0000,  0.0000,  0.0000,  0.0000,  0.0000]])
tensor([[0.9349, 1.0000, 1.0000, 0.0000, 0.0000, 0.0000]])
tensor([[0.9971, 1.0000, 1.0000, 0.0000, 0.0000, 0.0000]])
tensor([[0.9916, 1.0000, 0.0000, 0.0000, 0.0000, 0.0000]])
tensor([[0.9993, 1.0000, 0.0000, 0.0000, 0.0000, 0.0000]])
tensor([[0.1851, 1.0000, 0.0000, 0.0000, 0.0000, 0.0000]])
tensor([[-0.1075,  1.0000,  0.0000,  0.0000,  0.0000,  0.0000]])
tensor([[-0.8653,  1.0000,  0.0000,  0.0000,  0.0000,  0.0000]])
tensor([[-0.2335,  1.0000,  0.0000,  0.0000,  0.0000,  0.0000]])
tensor([[-0.1695,  1.0000,  0.0000,  0.0000,  0.0000,  0.0000]])
tensor([[-0.8300,  0.0000,  0.0000,  0.0000,  0.0000,  0.0000]])
tensor([[-0.4913,  0.0000,  0.0000,  0.0000,  0.0000,  0.0000]])
tensor([[-0.0240,  1.0000,  0.0000,  0.0000,  0.0000,  0.0000]])
tensor([[-0.1092,  0.0000,  0.0000,  0.0000,  0.0000,  0.0000]])
tensor([[-0.3398,  0.0000,  1.0000,  0.0000,  0.0000,  0.0000]])
tensor([[-0.7819,  1.0000,  0.0000,  0.0000,  0.0000,  0.0000]])
tensor([[-0.0201,  0.0000,  0.0000,  0.0000,  0.0000,  0.0000]])
tensor([[-0.1592,  1.0000,  0.0000,  0.0000,  0.0000,  0.0000]])
tensor([[-0.8755,  1.0000,  0.0000,  0.0000,  0.0000,  0.0000]])
tensor([[0.2750, 1.0000, 0.0000, 0.0000, 0.0000, 0.0000]])
tensor([[-0.4652,  1.0000,  0.0000,  0.0000,  0.0000,  0.0000]])
tensor([[-0.5699,  0.0000,  0.0000,  0.0000,  0.0000,  0.0000]])
tensor([[-0.8399,  1.0000,  0.0000,  0.0000,  0.0000,  0.0000]])
tensor([[-0.3912,  1.0000,  1.0000,  0.0000,  0.0000,  0.0000]])
tensor([[0.5857, 1.0000, 0.0000, 0.0000, 0.0000, 0.0000]])
tensor([[-0.0667,  0.0000,  0.0000,  0.0000,  0.0000,  0.0000]])
tensor([[-0.3617,  1.0000,  0.0000,  0.0000,  0.0000,  0.0000]])
tensor([[-0.3616,  0.0000,  0.0000,  0.0000,  0.0000,  0.0000]])
tensor([[0.0833, 1.0000, 0.0000, 0.0000, 0.0000, 0.0000]])
tensor([[-0.2636,  1.0000,  0.0000,  0.0000,  0.0000,  0.0000]])
tensor([[0.0460, 1.0000, 0.0000, 0.0000, 0.0000, 0.0000]])
tensor([[-0.5202,  1.0000,  0.0000,  0.0000,  0.0000,  0.0000]])
tensor([[-0.9667,  1.0000,  0.0000,  0.0000,  0.0000,  0.0000]])
tensor([[-0.8087,  0.0000,  0.0000,  0.0000,  0.0000,  0.0000]])
tensor([[-0.8345,  0.0000,  0.0000,  0.0000,  0.0000,  0.0000]])
tensor([[-0.1971,  1.0000,  0.0000,  0.0000,  0.0000,  0.0000]])
tensor([[-0.7060,  1.0000,  0.0000,  0.0000,  0.0000,  0.0000]])
tensor([[-0.8592,  1.0000,  0.0000,  0.0000,  0.0000,  0.0000]])
tensor([[-0.5544,  0.0000,  1.0000,  0.0000,  0.0000,  0.0000]])
tensor([[-0.8996,  0.0000,  0.0000,  0.0000,  0.0000,  0.0000]])
tensor([[-0.8390,  1.0000,  1.0000,  0.0000,  0.0000,  0.0000]])
tensor([[0.4010, 1.0000, 0.0000, 0.0000, 0.0000, 0.0000]])
tensor([[-0.8348,  1.0000,  0.0000,  0.0000,  0.0000,  0.0000]])
tensor([[-0.1204,  1.0000,  0.0000,  0.0000,  0.0000,  0.0000]])
tensor([[-0.3088,  0.0000,  1.0000,  0.0000,  0.0000,  0.0000]])
tensor([[-0.5783,  1.0000,  1.0000,  0.0000,  0.0000,  0.0000]])
tensor([[-0.7232,  0.0000,  1.0000,  0.0000,  0.0000,  0.0000]])
tensor([[-0.3400,  1.0000,  0.0000,  0.0000,  0.0000,  0.0000]])
tensor([[-0.9503,  1.0000,  0.0000,  0.0000,  0.0000,  0.0000]])
tensor([[-0.9787,  1.0000,  0.0000,  0.0000,  0.0000,  0.0000]])
tensor([[-0.6398,  0.0000,  0.0000,  0.0000,  0.0000,  0.0000]])
tensor([[-0.5708,  1.0000,  1.0000,  0.0000,  0.0000,  0.0000]])
tensor([[-0.4657,  1.0000,  0.0000,  0.0000,  0.0000,  0.0000]])
tensor([[-0.6123,  0.0000,  0.0000,  0.0000,  0.0000,  0.0000]])
tensor([[-0.7920,  0.0000,  0.0000,  0.0000,  0.0000,  0.0000]])
tensor([[-0.9534,  1.0000,  1.0000,  0.0000,  0.0000,  0.0000]])
tensor([[-0.3442,  0.0000,  0.0000,  0.0000,  0.0000,  0.0000]])
tensor([[-0.9411,  0.0000,  1.0000,  0.0000,  0.0000,  0.0000]])
tensor([[-0.9078,  0.0000,  1.0000,  0.0000,  0.0000,  0.0000]])
tensor([[-0.9313,  1.0000,  0.0000,  0.0000,  0.0000,  0.0000]])
tensor([[-0.9992,  1.0000,  0.0000,  0.0000,  0.0000,  0.0000]])
tensor([[-0.9892,  1.0000,  0.0000,  0.0000,  0.0000,  0.0000]])
tensor([[-0.9631,  0.0000,  0.0000,  0.0000,  0.0000,  0.0000]])
tensor([[-0.9867,  0.0000,  0.0000,  0.0000,  0.0000,  0.0000]])
tensor([[-0.8741,  1.0000,  0.0000,  0.0000,  0.0000,  0.0000]])
tensor([[-0.5581,  0.0000,  0.0000,  0.0000,  0.0000,  0.0000]])
tensor([[-0.6818,  1.0000,  0.0000,  0.0000,  0.0000,  0.0000]])
tensor([[-0.9070,  1.0000,  0.0000,  0.0000,  0.0000,  0.0000]])
tensor([[-0.8071,  0.0000,  0.0000,  0.0000,  0.0000,  0.0000]])
tensor([[-0.4840,  1.0000,  0.0000,  0.0000,  0.0000,  0.0000]])
tensor([[-0.8908,  1.0000,  0.0000,  0.0000,  0.0000,  0.0000]])
tensor([[-0.9737,  1.0000,  0.0000,  0.0000,  0.0000,  0.0000]])
tensor([[-0.7112,  1.0000,  0.0000,  0.0000,  0.0000,  0.0000]])
tensor([[-0.9061,  1.0000,  0.0000,  0.0000,  0.0000,  0.0000]])
tensor([[-0.9166,  1.0000,  0.0000,  0.0000,  0.0000,  0.0000]])
tensor([[-0.2876,  1.0000,  0.0000,  0.0000,  0.0000,  0.0000]])
tensor([[-0.9052,  0.0000,  0.0000,  0.0000,  0.0000,  0.0000]])
tensor([[-0.9670,  1.0000,  0.0000,  0.0000,  0.0000,  0.0000]])
tensor([[-0.6755,  1.0000,  1.0000,  0.0000,  0.0000,  0.0000]])
tensor([[-0.9433,  0.0000,  0.0000,  0.0000,  0.0000,  0.0000]])
tensor([[-0.8804,  1.0000,  0.0000,  0.0000,  0.0000,  0.0000]])
tensor([[-0.7737,  1.0000,  0.0000,  0.0000,  0.0000,  0.0000]])
tensor([[-0.9233,  1.0000,  0.0000,  0.0000,  0.0000,  0.0000]])
tensor([[-0.5985,  0.0000,  0.0000,  0.0000,  0.0000,  0.0000]])
tensor([[-0.7130,  1.0000,  0.0000,  0.0000,  0.0000,  0.0000]])
tensor([[-0.6774,  1.0000,  1.0000,  0.0000,  0.0000,  0.0000]])
tensor([[-0.7838,  0.0000,  0.0000,  0.0000,  0.0000,  0.0000]])
tensor([[-0.3770,  1.0000,  0.0000,  0.0000,  0.0000,  0.0000]])
tensor([[-0.1932,  1.0000,  0.0000,  0.0000,  0.0000,  0.0000]])
tensor([[-0.5768,  0.0000,  1.0000,  0.0000,  0.0000,  0.0000]])
tensor([[-0.4007,  1.0000,  0.0000,  0.0000,  0.0000,  0.0000]])
tensor([[-0.0350,  0.0000,  0.0000,  0.0000,  0.0000,  0.0000]])
tensor([[-0.1695,  0.0000,  0.0000,  0.0000,  0.0000,  0.0000]])
tensor([[-0.2288,  1.0000,  0.0000,  0.0000,  0.0000,  0.0000]])
tensor([[-0.6030,  0.0000,  0.0000,  0.0000,  0.0000,  0.0000]])
tensor([[-0.8727,  0.0000,  0.0000,  0.0000,  0.0000,  0.0000]])
tensor([[-0.7103,  0.0000,  0.0000,  0.0000,  0.0000,  0.0000]])
tensor([[-0.6424,  0.0000,  0.0000,  0.0000,  0.0000,  0.0000]])
tensor([[-0.4722,  1.0000,  0.0000,  0.0000,  0.0000,  0.0000]])
tensor([[-0.6604,  1.0000,  0.0000,  0.0000,  0.0000,  0.0000]])
tensor([[-0.7400,  1.0000,  0.0000,  0.0000,  0.0000,  0.0000]])
tensor([[-0.7379,  0.0000,  1.0000,  0.0000,  0.0000,  0.0000]])
tensor([[-0.3871,  0.0000,  0.0000,  0.0000,  0.0000,  0.0000]])
tensor([[-0.4928,  0.0000,  0.0000,  0.0000,  0.0000,  0.0000]])
tensor([[-0.8151,  1.0000,  0.0000,  0.0000,  0.0000,  0.0000]])
tensor([[-0.7740,  1.0000,  0.0000,  0.0000,  0.0000,  0.0000]])
tensor([[-0.9521,  1.0000,  1.0000,  0.0000,  0.0000,  0.0000]])
tensor([[-0.8337,  0.0000,  0.0000,  0.0000,  0.0000,  0.0000]])
tensor([[0.5214, 0.0000, 0.0000, 0.0000, 0.0000, 0.0000]])
tensor([[-0.3085,  0.0000,  0.0000,  0.0000,  0.0000,  0.0000]])
tensor([[0.2695, 1.0000, 0.0000, 0.0000, 0.0000, 0.0000]])
tensor([[-0.1364,  1.0000,  0.0000,  0.0000,  0.0000,  0.0000]])
tensor([[-0.6635,  1.0000,  0.0000,  0.0000,  0.0000,  0.0000]])
tensor([[-0.5428,  1.0000,  0.0000,  0.0000,  0.0000,  0.0000]])
tensor([[-0.8822,  1.0000,  0.0000,  0.0000,  0.0000,  0.0000]])
tensor([[-0.7829,  0.0000,  0.0000,  0.0000,  0.0000,  0.0000]])
tensor([[-0.6205,  0.0000,  0.0000,  0.0000,  0.0000,  0.0000]])
tensor([[-0.4734,  0.0000,  0.0000,  0.0000,  0.0000,  0.0000]])
tensor([[-0.2895,  0.0000,  0.0000,  0.0000,  0.0000,  0.0000]])
tensor([[-0.1862,  1.0000,  0.0000,  0.0000,  0.0000,  0.0000]])
tensor([[-0.1342,  1.0000,  1.0000,  0.0000,  0.0000,  0.0000]])
tensor([[-0.7917,  0.0000,  0.0000,  0.0000,  0.0000,  0.0000]])
tensor([[-0.8335,  1.0000,  1.0000,  0.0000,  0.0000,  0.0000]])
tensor([[-0.3312,  1.0000,  0.0000,  0.0000,  0.0000,  0.0000]])
tensor([[-0.0462,  0.0000,  0.0000,  0.0000,  0.0000,  0.0000]])
tensor([[0.1585, 0.0000, 0.0000, 0.0000, 0.0000, 0.0000]])
tensor([[-0.2256,  0.0000,  0.0000,  0.0000,  1.0000,  0.0000]])
tensor([[0.0609, 0.0000, 0.0000, 0.0000, 0.0000, 0.0000]])
tensor([[-0.1063,  0.0000,  0.0000,  0.0000,  0.0000,  0.0000]])
tensor([[0.2828, 0.0000, 0.0000, 0.0000, 0.0000, 0.0000]])
tensor([[0.2588, 1.0000, 0.0000, 0.0000, 0.0000, 0.0000]])
tensor([[-0.5698,  1.0000,  1.0000,  0.0000,  0.0000,  0.0000]])
tensor([[-0.7627,  1.0000,  0.0000,  0.0000,  0.0000,  0.0000]])
tensor([[0.1877, 0.0000, 1.0000, 0.0000, 0.0000, 0.0000]])
tensor([[-0.4611,  0.0000,  0.0000,  0.0000,  0.0000,  0.0000]])
tensor([[-0.6811,  0.0000,  0.0000,  0.0000,  0.0000,  0.0000]])
tensor([[-0.5087,  0.0000,  0.0000,  0.0000,  0.0000,  0.0000]])
tensor([[-0.7856,  0.0000,  0.0000,  0.0000,  0.0000,  0.0000]])
tensor([[0.0934, 1.0000, 0.0000, 0.0000, 0.0000, 0.0000]])
tensor([[-0.2731,  0.0000,  0.0000,  0.0000,  0.0000,  0.0000]])
tensor([[-0.2528,  1.0000,  0.0000,  0.0000,  0.0000,  0.0000]])
tensor([[-0.3308,  1.0000,  1.0000,  0.0000,  0.0000,  0.0000]])
tensor([[-0.6818,  1.0000,  0.0000,  0.0000,  0.0000,  0.0000]])
tensor([[-0.6844,  0.0000,  0.0000,  0.0000,  0.0000,  0.0000]])
tensor([[-0.7907,  1.0000,  0.0000,  0.0000,  0.0000,  0.0000]])
tensor([[-0.1555,  1.0000,  0.0000,  0.0000,  0.0000,  0.0000]])
tensor([[-0.2105,  0.0000,  0.0000,  0.0000,  0.0000,  0.0000]])
tensor([[-0.7739,  1.0000,  0.0000,  0.0000,  0.0000,  0.0000]])
tensor([[-0.2284,  1.0000,  0.0000,  0.0000,  0.0000,  0.0000]])
tensor([[-0.4544,  1.0000,  1.0000,  0.0000,  0.0000,  0.0000]])
tensor([[-0.3746,  1.0000,  0.0000,  0.0000,  0.0000,  0.0000]])
tensor([[-0.5281,  1.0000,  0.0000,  0.0000,  0.0000,  0.0000]])
tensor([[-0.7011,  1.0000,  0.0000,  0.0000,  0.0000,  0.0000]])
tensor([[-0.2190,  1.0000,  0.0000,  0.0000,  0.0000,  0.0000]])
tensor([[-0.6686,  1.0000,  0.0000,  0.0000,  0.0000,  0.0000]])
tensor([[-0.5055,  1.0000,  0.0000,  0.0000,  0.0000,  0.0000]])
tensor([[-0.6082,  1.0000,  0.0000,  0.0000,  0.0000,  0.0000]])
tensor([[-0.7138,  1.0000,  0.0000,  0.0000,  0.0000,  0.0000]])
tensor([[-0.2294,  0.0000,  0.0000,  0.0000,  0.0000,  0.0000]])
tensor([[-0.3173,  1.0000,  0.0000,  0.0000,  0.0000,  0.0000]])
tensor([[-0.1903,  1.0000,  0.0000,  0.0000,  0.0000,  0.0000]])
tensor([[0.4913, 1.0000, 0.0000, 0.0000, 0.0000, 0.0000]])
tensor([[-0.6608,  1.0000,  0.0000,  0.0000,  0.0000,  0.0000]])
tensor([[-0.4067,  1.0000,  1.0000,  0.0000,  0.0000,  0.0000]])
tensor([[-0.0799,  0.0000,  0.0000,  0.0000,  0.0000,  0.0000]])
tensor([[0.1612, 0.0000, 0.0000, 0.0000, 0.0000, 0.0000]])
tensor([[-0.4920,  0.0000,  0.0000,  0.0000,  0.0000,  0.0000]])
tensor([[0.6831, 0.0000, 0.0000, 0.0000, 0.0000, 0.0000]])
tensor([[-0.5231,  0.0000,  0.0000,  0.0000,  0.0000,  0.0000]])
tensor([[-0.5939,  0.0000,  0.0000,  0.0000,  0.0000,  0.0000]])
tensor([[-0.5360,  0.0000,  0.0000,  0.0000,  0.0000,  0.0000]])
tensor([[0.0686, 1.0000, 0.0000, 0.0000, 0.0000, 0.0000]])
tensor([[-0.8978,  1.0000,  0.0000,  0.0000,  0.0000,  0.0000]])
tensor([[-0.5284,  0.0000,  0.0000,  0.0000,  0.0000,  0.0000]])
tensor([[-0.8086,  1.0000,  0.0000,  0.0000,  0.0000,  0.0000]])
tensor([[-0.0372,  1.0000,  1.0000,  0.0000,  0.0000,  0.0000]])
tensor([[-0.8050,  0.0000,  1.0000,  0.0000,  0.0000,  0.0000]])
tensor([[-0.1800,  1.0000,  0.0000,  0.0000,  0.0000,  0.0000]])
tensor([[0.3714, 0.0000, 0.0000, 0.0000, 0.0000, 0.0000]])
tensor([[-0.8850,  0.0000,  0.0000,  0.0000,  0.0000,  0.0000]])
tensor([[-0.4037,  0.0000,  1.0000,  0.0000,  0.0000,  0.0000]])
tensor([[-0.7091,  1.0000,  0.0000,  0.0000,  0.0000,  0.0000]])
tensor([[-0.7584,  1.0000,  0.0000,  0.0000,  0.0000,  0.0000]])
tensor([[-0.8771,  1.0000,  0.0000,  0.0000,  0.0000,  0.0000]])
tensor([[-0.1745,  0.0000,  0.0000,  0.0000,  0.0000,  0.0000]])
tensor([[-0.4098,  1.0000,  1.0000,  0.0000,  0.0000,  0.0000]])
tensor([[-0.2483,  1.0000,  0.0000,  0.0000,  0.0000,  0.0000]])
tensor([[0.2702, 1.0000, 0.0000, 0.0000, 0.0000, 0.0000]])
tensor([[-0.8205,  1.0000,  0.0000,  0.0000,  0.0000,  0.0000]])
tensor([[-0.5731,  0.0000,  0.0000,  0.0000,  0.0000,  0.0000]])
tensor([[-0.0322,  0.0000,  0.0000,  0.0000,  0.0000,  0.0000]])
tensor([[-0.9466,  1.0000,  0.0000,  0.0000,  0.0000,  0.0000]])
tensor([[-0.7593,  0.0000,  1.0000,  0.0000,  0.0000,  0.0000]])
tensor([[0.1979, 0.0000, 0.0000, 0.0000, 0.0000, 0.0000]])
tensor([[-0.2532,  1.0000,  0.0000,  0.0000,  0.0000,  0.0000]])
tensor([[-0.9281,  1.0000,  1.0000,  0.0000,  0.0000,  0.0000]])
tensor([[-0.9457,  0.0000,  0.0000,  0.0000,  0.0000,  0.0000]])
tensor([[-0.7415,  1.0000,  0.0000,  0.0000,  0.0000,  0.0000]])
tensor([[-0.6727,  1.0000,  0.0000,  0.0000,  0.0000,  0.0000]])
tensor([[-0.7309,  1.0000,  0.0000,  0.0000,  0.0000,  0.0000]])
tensor([[-0.7690,  1.0000,  0.0000,  0.0000,  0.0000,  0.0000]])
tensor([[-0.3802,  1.0000,  0.0000,  0.0000,  0.0000,  0.0000]])
tensor([[-0.0091,  0.0000,  0.0000,  0.0000,  0.0000,  0.0000]])
tensor([[-0.5769,  0.0000,  0.0000,  0.0000,  0.0000,  0.0000]])
tensor([[-0.4108,  1.0000,  0.0000,  0.0000,  0.0000,  0.0000]])
tensor([[-0.3306,  1.0000,  0.0000,  0.0000,  0.0000,  0.0000]])
tensor([[-0.3469,  1.0000,  0.0000,  0.0000,  0.0000,  0.0000]])
tensor([[-0.7030,  1.0000,  0.0000,  0.0000,  0.0000,  0.0000]])
tensor([[-0.2501,  1.0000,  1.0000,  0.0000,  0.0000,  0.0000]])
tensor([[-0.9316,  1.0000,  0.0000,  0.0000,  0.0000,  0.0000]])
tensor([[0.0202, 1.0000, 0.0000, 0.0000, 0.0000, 0.0000]])
tensor([[-0.4142,  1.0000,  0.0000,  0.0000,  0.0000,  0.0000]])
tensor([[-0.4500,  1.0000,  0.0000,  0.0000,  0.0000,  0.0000]])
tensor([[-0.3432,  0.0000,  0.0000,  0.0000,  0.0000,  0.0000]])
tensor([[-0.9190,  1.0000,  0.0000,  0.0000,  0.0000,  0.0000]])
tensor([[-0.8562,  1.0000,  0.0000,  0.0000,  0.0000,  0.0000]])
tensor([[0.2916, 1.0000, 0.0000, 0.0000, 0.0000, 0.0000]])
tensor([[-0.5988,  1.0000,  0.0000,  0.0000,  0.0000,  0.0000]])
tensor([[-0.7726,  1.0000,  0.0000,  0.0000,  0.0000,  0.0000]])
tensor([[-0.8043,  1.0000,  0.0000,  0.0000,  0.0000,  0.0000]])
tensor([[-0.6822,  0.0000,  1.0000,  0.0000,  0.0000,  0.0000]])
tensor([[-0.0621,  1.0000,  0.0000,  0.0000,  0.0000,  0.0000]])
tensor([[-0.6507,  1.0000,  0.0000,  0.0000,  0.0000,  0.0000]])
tensor([[-0.9797,  0.0000,  0.0000,  0.0000,  0.0000,  0.0000]])
tensor([[-0.8650,  0.0000,  0.0000,  0.0000,  0.0000,  0.0000]])
tensor([[-0.9481,  1.0000,  0.0000,  0.0000,  0.0000,  0.0000]])
tensor([[-0.8901,  1.0000,  0.0000,  0.0000,  0.0000,  0.0000]])
tensor([[0.2958, 0.0000, 0.0000, 0.0000, 0.0000, 0.0000]])
tensor([[0.4843, 1.0000, 0.0000, 0.0000, 0.0000, 0.0000]])
tensor([[-0.6152,  0.0000,  0.0000,  0.0000,  0.0000,  0.0000]])
tensor([[0.3478, 1.0000, 0.0000, 0.0000, 0.0000, 0.0000]])
tensor([[0.4786, 1.0000, 0.0000, 0.0000, 0.0000, 0.0000]])
tensor([[-0.7716,  1.0000,  0.0000,  0.0000,  0.0000,  0.0000]])
tensor([[-0.6028,  0.0000,  1.0000,  0.0000,  0.0000,  0.0000]])
tensor([[-0.5975,  1.0000,  1.0000,  0.0000,  0.0000,  0.0000]])
tensor([[-0.5785,  0.0000,  0.0000,  0.0000,  0.0000,  0.0000]])
tensor([[-0.3792,  1.0000,  0.0000,  0.0000,  0.0000,  0.0000]])
tensor([[-0.3944,  1.0000,  0.0000,  0.0000,  0.0000,  0.0000]])
tensor([[0.4580, 0.0000, 0.0000, 0.0000, 0.0000, 0.0000]])
tensor([[-0.6803,  0.0000,  0.0000,  0.0000,  0.0000,  0.0000]])
tensor([[-0.7447,  1.0000,  0.0000,  0.0000,  0.0000,  0.0000]])
tensor([[0.6784, 1.0000, 1.0000, 0.0000, 0.0000, 0.0000]])
tensor([[0.0192, 1.0000, 0.0000, 0.0000, 0.0000, 0.0000]])
tensor([[-0.8065,  0.0000,  0.0000,  0.0000,  0.0000,  0.0000]])
tensor([[0.0725, 1.0000, 0.0000, 0.0000, 0.0000, 0.0000]])
tensor([[-0.5737,  0.0000,  0.0000,  0.0000,  0.0000,  0.0000]])
tensor([[0.0339, 1.0000, 0.0000, 0.0000, 0.0000, 0.0000]])
tensor([[-0.5840,  1.0000,  0.0000,  0.0000,  0.0000,  0.0000]])
tensor([[-0.2342,  1.0000,  0.0000,  0.0000,  0.0000,  0.0000]])
tensor([[0.0016, 1.0000, 0.0000, 0.0000, 0.0000, 0.0000]])
tensor([[-0.7048,  1.0000,  0.0000,  0.0000,  0.0000,  0.0000]])
tensor([[-0.7572,  0.0000,  0.0000,  0.0000,  0.0000,  0.0000]])
tensor([[0.7760, 1.0000, 1.0000, 0.0000, 0.0000, 0.0000]])
tensor([[-0.6114,  0.0000,  1.0000,  0.0000,  0.0000,  0.0000]])
tensor([[-0.6688,  1.0000,  0.0000,  0.0000,  0.0000,  0.0000]])
tensor([[-0.1832,  1.0000,  0.0000,  0.0000,  0.0000,  0.0000]])
tensor([[-0.6003,  0.0000,  0.0000,  0.0000,  0.0000,  0.0000]])
tensor([[0.0418, 1.0000, 0.0000, 0.0000, 0.0000, 0.0000]])
tensor([[-0.6610,  0.0000,  0.0000,  0.0000,  0.0000,  0.0000]])
tensor([[-0.1893,  1.0000,  0.0000,  0.0000,  0.0000,  0.0000]])
tensor([[-0.4722,  0.0000,  0.0000,  0.0000,  0.0000,  0.0000]])
tensor([[-0.6992,  1.0000,  0.0000,  0.0000,  0.0000,  0.0000]])
tensor([[0.2593, 1.0000, 0.0000, 0.0000, 0.0000, 0.0000]])
tensor([[0.3203, 1.0000, 0.0000, 0.0000, 0.0000, 0.0000]])
tensor([[0.7829, 1.0000, 0.0000, 0.0000, 0.0000, 0.0000]])
tensor([[0.0849, 1.0000, 0.0000, 0.0000, 0.0000, 0.0000]])
tensor([[0.0212, 1.0000, 0.0000, 0.0000, 0.0000, 0.0000]])
tensor([[0.0883, 1.0000, 0.0000, 0.0000, 0.0000, 0.0000]])
tensor([[0.1917, 1.0000, 0.0000, 0.0000, 0.0000, 0.0000]])
tensor([[0.5017, 0.0000, 0.0000, 0.0000, 0.0000, 0.0000]])
tensor([[0.5108, 1.0000, 0.0000, 0.0000, 0.0000, 0.0000]])
tensor([[-0.9059,  1.0000,  0.0000,  0.0000,  0.0000,  0.0000]])
tensor([[-0.9117,  1.0000,  0.0000,  0.0000,  0.0000,  0.0000]])
tensor([[-0.5332,  0.0000,  0.0000,  0.0000,  0.0000,  0.0000]])
tensor([[-0.5831,  1.0000,  0.0000,  0.0000,  0.0000,  0.0000]])
tensor([[-0.8489,  0.0000,  0.0000,  0.0000,  0.0000,  0.0000]])
tensor([[0.0597, 0.0000, 0.0000, 0.0000, 0.0000, 0.0000]])
tensor([[0.0486, 1.0000, 0.0000, 0.0000, 0.0000, 0.0000]])
tensor([[0.0212, 1.0000, 0.0000, 0.0000, 0.0000, 0.0000]])
tensor([[-0.0837,  1.0000,  0.0000,  0.0000,  0.0000,  0.0000]])
tensor([[0.7610, 1.0000, 1.0000, 0.0000, 0.0000, 0.0000]])
tensor([[-0.9017,  0.0000,  0.0000,  0.0000,  0.0000,  0.0000]])
tensor([[-0.2795,  1.0000,  1.0000,  0.0000,  0.0000,  0.0000]])
tensor([[0.4176, 0.0000, 0.0000, 0.0000, 0.0000, 0.0000]])
tensor([[-0.2886,  1.0000,  0.0000,  0.0000,  0.0000,  0.0000]])
tensor([[0.4528, 0.0000, 0.0000, 0.0000, 0.0000, 0.0000]])
tensor([[-0.0140,  0.0000,  0.0000,  0.0000,  0.0000,  0.0000]])
tensor([[0.1189, 1.0000, 1.0000, 0.0000, 0.0000, 0.0000]])
tensor([[0.8663, 0.0000, 0.0000, 0.0000, 0.0000, 0.0000]])
tensor([[-0.2358,  1.0000,  0.0000,  0.0000,  0.0000,  0.0000]])
tensor([[0.2645, 1.0000, 0.0000, 0.0000, 0.0000, 0.0000]])
tensor([[0.9145, 1.0000, 0.0000, 0.0000, 0.0000, 0.0000]])
tensor([[0.5524, 1.0000, 0.0000, 0.0000, 0.0000, 0.0000]])
tensor([[-0.4320,  0.0000,  0.0000,  0.0000,  0.0000,  0.0000]])
tensor([[-0.5765,  0.0000,  0.0000,  0.0000,  0.0000,  0.0000]])
tensor([[-0.4874,  1.0000,  0.0000,  0.0000,  0.0000,  0.0000]])
tensor([[0.8019, 0.0000, 0.0000, 0.0000, 0.0000, 0.0000]])
tensor([[-0.2378,  1.0000,  0.0000,  0.0000,  0.0000,  0.0000]])
tensor([[0.6288, 1.0000, 0.0000, 0.0000, 0.0000, 0.0000]])
tensor([[0.6886, 1.0000, 0.0000, 0.0000, 0.0000, 0.0000]])
tensor([[0.6024, 1.0000, 0.0000, 0.0000, 0.0000, 0.0000]])
tensor([[0.5148, 0.0000, 0.0000, 0.0000, 0.0000, 0.0000]])
tensor([[-0.0832,  1.0000,  0.0000,  0.0000,  0.0000,  0.0000]])
tensor([[0.5386, 0.0000, 0.0000, 0.0000, 0.0000, 0.0000]])
tensor([[-0.0705,  1.0000,  0.0000,  0.0000,  0.0000,  0.0000]])
tensor([[-0.0854,  0.0000,  0.0000,  0.0000,  0.0000,  0.0000]])
tensor([[-0.9354,  1.0000,  0.0000,  0.0000,  0.0000,  0.0000]])
tensor([[-0.6817,  1.0000,  0.0000,  0.0000,  0.0000,  0.0000]])
tensor([[-0.7632,  0.0000,  0.0000,  0.0000,  0.0000,  0.0000]])
tensor([[0.8460, 0.0000, 1.0000, 0.0000, 0.0000, 0.0000]])
tensor([[-0.2590,  0.0000,  0.0000,  0.0000,  0.0000,  0.0000]])
tensor([[-0.1933,  0.0000,  0.0000,  0.0000,  0.0000,  0.0000]])
tensor([[0.2598, 1.0000, 0.0000, 0.0000, 0.0000, 0.0000]])
tensor([[0.6462, 1.0000, 0.0000, 0.0000, 0.0000, 0.0000]])
tensor([[-0.7364,  0.0000,  0.0000,  0.0000,  0.0000,  0.0000]])
tensor([[-8.4450e-04,  1.0000e+00,  0.0000e+00,  0.0000e+00,  0.0000e+00,
          0.0000e+00]])
tensor([[-0.0102,  1.0000,  0.0000,  0.0000,  0.0000,  0.0000]])
tensor([[-0.2900,  1.0000,  0.0000,  0.0000,  0.0000,  0.0000]])
tensor([[0.8212, 0.0000, 0.0000, 0.0000, 0.0000, 0.0000]])
tensor([[-0.5175,  0.0000,  0.0000,  0.0000,  0.0000,  0.0000]])
tensor([[-0.5667,  1.0000,  0.0000,  0.0000,  0.0000,  0.0000]])
tensor([[0.3490, 0.0000, 0.0000, 0.0000, 0.0000, 0.0000]])
tensor([[-0.4426,  1.0000,  0.0000,  0.0000,  0.0000,  0.0000]])
tensor([[0.8036, 1.0000, 0.0000, 0.0000, 0.0000, 0.0000]])
tensor([[-0.1068,  0.0000,  0.0000,  0.0000,  0.0000,  0.0000]])
tensor([[0.0361, 0.0000, 0.0000, 0.0000, 0.0000, 0.0000]])
tensor([[-0.4216,  1.0000,  0.0000,  0.0000,  0.0000,  0.0000]])
tensor([[-0.4776,  0.0000,  0.0000,  0.0000,  0.0000,  0.0000]])
tensor([[-0.8214,  0.0000,  0.0000,  0.0000,  0.0000,  0.0000]])
tensor([[-0.2215,  1.0000,  0.0000,  0.0000,  0.0000,  0.0000]])
tensor([[-0.7575,  1.0000,  0.0000,  0.0000,  0.0000,  0.0000]])
tensor([[0.4779, 1.0000, 0.0000, 0.0000, 0.0000, 0.0000]])
tensor([[-0.3908,  0.0000,  0.0000,  0.0000,  0.0000,  0.0000]])
tensor([[0.1476, 1.0000, 1.0000, 0.0000, 0.0000, 0.0000]])
tensor([[0.8421, 1.0000, 0.0000, 1.0000, 0.0000, 0.0000]])
tensor([[0.2503, 1.0000, 0.0000, 0.0000, 0.0000, 0.0000]])
tensor([[0.5496, 1.0000, 0.0000, 0.0000, 0.0000, 0.0000]])
tensor([[-0.2107,  1.0000,  0.0000,  0.0000,  0.0000,  0.0000]])
tensor([[-0.5861,  0.0000,  0.0000,  0.0000,  0.0000,  0.0000]])
tensor([[-0.4273,  1.0000,  0.0000,  0.0000,  0.0000,  0.0000]])
tensor([[-0.1331,  1.0000,  0.0000,  0.0000,  0.0000,  0.0000]])
tensor([[0.2046, 1.0000, 0.0000, 0.0000, 0.0000, 0.0000]])
tensor([[-0.2012,  0.0000,  0.0000,  0.0000,  0.0000,  0.0000]])
tensor([[-0.1393,  1.0000,  0.0000,  0.0000,  0.0000,  0.0000]])
tensor([[0.4027, 1.0000, 0.0000, 0.0000, 0.0000, 0.0000]])
tensor([[-0.0107,  0.0000,  0.0000,  0.0000,  0.0000,  0.0000]])
tensor([[0.8591, 1.0000, 0.0000, 0.0000, 0.0000, 0.0000]])
tensor([[-0.7221,  1.0000,  1.0000,  0.0000,  0.0000,  0.0000]])
tensor([[-0.0258,  0.0000,  0.0000,  0.0000,  0.0000,  0.0000]])
tensor([[-0.7502,  1.0000,  0.0000,  0.0000,  0.0000,  0.0000]])
tensor([[-0.5001,  1.0000,  0.0000,  0.0000,  0.0000,  0.0000]])
tensor([[-0.9038,  1.0000,  1.0000,  0.0000,  0.0000,  0.0000]])
tensor([[0.6110, 0.0000, 0.0000, 0.0000, 0.0000, 0.0000]])
tensor([[0.0414, 1.0000, 0.0000, 0.0000, 0.0000, 0.0000]])
tensor([[0.1754, 1.0000, 0.0000, 0.0000, 0.0000, 0.0000]])
tensor([[0.6293, 1.0000, 0.0000, 0.0000, 0.0000, 0.0000]])
tensor([[-0.5248,  1.0000,  0.0000,  0.0000,  0.0000,  0.0000]])
tensor([[-0.4771,  1.0000,  0.0000,  0.0000,  0.0000,  0.0000]])
tensor([[-0.9897,  1.0000,  0.0000,  0.0000,  0.0000,  0.0000]])
tensor([[-0.9362,  0.0000,  0.0000,  0.0000,  0.0000,  0.0000]])
tensor([[-0.4522,  0.0000,  0.0000,  0.0000,  0.0000,  0.0000]])
tensor([[0.0141, 1.0000, 0.0000, 0.0000, 0.0000, 0.0000]])
tensor([[0.3691, 1.0000, 0.0000, 0.0000, 0.0000, 0.0000]])
tensor([[0.8022, 1.0000, 0.0000, 0.0000, 0.0000, 0.0000]])
tensor([[-0.7907,  1.0000,  0.0000,  0.0000,  0.0000,  0.0000]])
tensor([[0.5169, 1.0000, 0.0000, 0.0000, 0.0000, 0.0000]])
tensor([[-0.8021,  1.0000,  0.0000,  0.0000,  0.0000,  0.0000]])
tensor([[-0.3051,  0.0000,  0.0000,  0.0000,  0.0000,  0.0000]])
tensor([[0.1278, 1.0000, 0.0000, 0.0000, 0.0000, 0.0000]])
tensor([[-0.1451,  0.0000,  0.0000,  0.0000,  0.0000,  0.0000]])
tensor([[0.8330, 0.0000, 0.0000, 0.0000, 0.0000, 0.0000]])
tensor([[-0.5123,  1.0000,  0.0000,  0.0000,  0.0000,  0.0000]])
tensor([[0.7790, 1.0000, 0.0000, 0.0000, 0.0000, 0.0000]])
tensor([[0.2487, 1.0000, 1.0000, 0.0000, 0.0000, 0.0000]])
tensor([[0.5087, 1.0000, 0.0000, 0.0000, 0.0000, 0.0000]])
tensor([[-0.6426,  1.0000,  0.0000,  0.0000,  0.0000,  0.0000]])
tensor([[-0.2427,  1.0000,  0.0000,  0.0000,  0.0000,  0.0000]])
tensor([[-0.7045,  0.0000,  0.0000,  0.0000,  0.0000,  0.0000]])
tensor([[0.5825, 1.0000, 0.0000, 0.0000, 0.0000, 0.0000]])
tensor([[-0.1083,  0.0000,  0.0000,  0.0000,  0.0000,  0.0000]])
tensor([[0.2146, 1.0000, 0.0000, 0.0000, 0.0000, 0.0000]])
tensor([[-0.4521,  1.0000,  0.0000,  0.0000,  0.0000,  0.0000]])
tensor([[-0.0490,  1.0000,  1.0000,  0.0000,  0.0000,  0.0000]])
tensor([[-0.7657,  1.0000,  0.0000,  0.0000,  0.0000,  0.0000]])
tensor([[0.6195, 0.0000, 0.0000, 0.0000, 0.0000, 0.0000]])
tensor([[-0.7091,  0.0000,  0.0000,  0.0000,  0.0000,  0.0000]])
tensor([[0.5844, 0.0000, 0.0000, 0.0000, 0.0000, 0.0000]])
tensor([[0.3002, 1.0000, 0.0000, 0.0000, 0.0000, 0.0000]])
tensor([[-0.0165,  1.0000,  0.0000,  0.0000,  0.0000,  0.0000]])
tensor([[-0.8623,  0.0000,  0.0000,  0.0000,  0.0000,  0.0000]])
tensor([[0.1899, 1.0000, 0.0000, 0.0000, 0.0000, 0.0000]])
tensor([[0.8140, 1.0000, 0.0000, 0.0000, 0.0000, 0.0000]])
tensor([[-0.0233,  1.0000,  0.0000,  0.0000,  0.0000,  0.0000]])
tensor([[-0.0736,  0.0000,  0.0000,  0.0000,  0.0000,  0.0000]])
tensor([[0.6471, 1.0000, 0.0000, 0.0000, 0.0000, 0.0000]])
tensor([[0.0017, 1.0000, 0.0000, 0.0000, 0.0000, 0.0000]])
tensor([[-0.4684,  1.0000,  0.0000,  0.0000,  0.0000,  0.0000]])
tensor([[0.4400, 1.0000, 0.0000, 0.0000, 0.0000, 0.0000]])
tensor([[-0.6961,  1.0000,  1.0000,  0.0000,  0.0000,  0.0000]])
tensor([[0.0959, 0.0000, 0.0000, 0.0000, 0.0000, 0.0000]])
tensor([[-0.9485,  0.0000,  0.0000,  0.0000,  0.0000,  0.0000]])
tensor([[-0.1979,  1.0000,  0.0000,  0.0000,  0.0000,  0.0000]])
tensor([[-0.6056,  1.0000,  0.0000,  0.0000,  0.0000,  0.0000]])
tensor([[0.3610, 0.0000, 0.0000, 0.0000, 0.0000, 0.0000]])
tensor([[-0.7927,  0.0000,  1.0000,  0.0000,  0.0000,  0.0000]])
tensor([[0.1665, 0.0000, 0.0000, 0.0000, 0.0000, 0.0000]])
tensor([[0.1000, 0.0000, 0.0000, 0.0000, 0.0000, 0.0000]])
tensor([[-0.7145,  1.0000,  0.0000,  0.0000,  0.0000,  0.0000]])
tensor([[-0.1619,  0.0000,  0.0000,  0.0000,  0.0000,  0.0000]])
tensor([[0.3266, 1.0000, 0.0000, 0.0000, 0.0000, 0.0000]])
tensor([[-0.1412,  0.0000,  0.0000,  0.0000,  0.0000,  0.0000]])
tensor([[0.0515, 1.0000, 0.0000, 0.0000, 0.0000, 0.0000]])
tensor([[-0.7997,  0.0000,  0.0000,  0.0000,  0.0000,  0.0000]])
tensor([[0.3990, 1.0000, 1.0000, 0.0000, 0.0000, 0.0000]])
tensor([[0.0997, 1.0000, 0.0000, 0.0000, 0.0000, 0.0000]])
tensor([[-0.2699,  1.0000,  0.0000,  0.0000,  0.0000,  0.0000]])
tensor([[-0.7314,  1.0000,  0.0000,  0.0000,  0.0000,  0.0000]])
tensor([[0.4232, 1.0000, 0.0000, 0.0000, 0.0000, 0.0000]])
tensor([[0.6773, 0.0000, 0.0000, 0.0000, 0.0000, 0.0000]])
tensor([[0.0216, 1.0000, 0.0000, 0.0000, 0.0000, 0.0000]])
tensor([[0.0401, 1.0000, 0.0000, 0.0000, 0.0000, 0.0000]])
tensor([[0.5978, 0.0000, 1.0000, 0.0000, 0.0000, 0.0000]])
tensor([[0.8456, 1.0000, 0.0000, 0.0000, 0.0000, 0.0000]])
tensor([[-0.8669,  0.0000,  0.0000,  0.0000,  0.0000,  0.0000]])
tensor([[-0.6878,  0.0000,  0.0000,  0.0000,  0.0000,  0.0000]])
tensor([[-0.1293,  1.0000,  0.0000,  0.0000,  0.0000,  0.0000]])
tensor([[0.1901, 1.0000, 0.0000, 0.0000, 0.0000, 0.0000]])
tensor([[0.3976, 1.0000, 0.0000, 0.0000, 0.0000, 0.0000]])
tensor([[-0.8975,  0.0000,  0.0000,  0.0000,  0.0000,  0.0000]])
tensor([[0.4673, 1.0000, 0.0000, 0.0000, 0.0000, 0.0000]])
tensor([[0.4955, 1.0000, 0.0000, 0.0000, 0.0000, 0.0000]])
tensor([[-0.1550,  1.0000,  1.0000,  0.0000,  0.0000,  0.0000]])
tensor([[-0.3813,  1.0000,  0.0000,  0.0000,  0.0000,  0.0000]])
tensor([[-0.1550,  1.0000,  0.0000,  0.0000,  0.0000,  0.0000]])
tensor([[0.8345, 0.0000, 0.0000, 0.0000, 0.0000, 0.0000]])
tensor([[-0.1769,  0.0000,  0.0000,  0.0000,  0.0000,  0.0000]])
tensor([[0.9484, 0.0000, 1.0000, 0.0000, 0.0000, 0.0000]])
tensor([[0.5292, 0.0000, 1.0000, 0.0000, 0.0000, 0.0000]])
tensor([[-0.7366,  1.0000,  0.0000,  0.0000,  0.0000,  0.0000]])
tensor([[-0.8949,  1.0000,  0.0000,  0.0000,  0.0000,  0.0000]])
tensor([[0.3179, 1.0000, 0.0000, 0.0000, 0.0000, 0.0000]])
tensor([[-0.9866,  1.0000,  0.0000,  0.0000,  0.0000,  0.0000]])
tensor([[-0.9626,  0.0000,  0.0000,  0.0000,  0.0000,  0.0000]])
tensor([[-0.8127,  1.0000,  0.0000,  0.0000,  0.0000,  0.0000]])
tensor([[0.0353, 1.0000, 0.0000, 0.0000, 0.0000, 0.0000]])
tensor([[-0.6441,  0.0000,  0.0000,  0.0000,  0.0000,  0.0000]])
tensor([[-0.0900,  0.0000,  0.0000,  0.0000,  0.0000,  0.0000]])
tensor([[0.0922, 0.0000, 1.0000, 0.0000, 0.0000, 0.0000]])
tensor([[-0.2191,  1.0000,  0.0000,  0.0000,  0.0000,  0.0000]])
tensor([[-0.7724,  0.0000,  1.0000,  0.0000,  0.0000,  0.0000]])
tensor([[0.6080, 0.0000, 0.0000, 0.0000, 0.0000, 0.0000]])
tensor([[0.8842, 0.0000, 0.0000, 0.0000, 0.0000, 0.0000]])
tensor([[-0.4822,  1.0000,  0.0000,  0.0000,  0.0000,  0.0000]])
tensor([[-0.7687,  0.0000,  0.0000,  0.0000,  0.0000,  0.0000]])
tensor([[0.3030, 1.0000, 0.0000, 0.0000, 0.0000, 0.0000]])
tensor([[-0.9275,  0.0000,  0.0000,  0.0000,  0.0000,  0.0000]])
tensor([[-0.1575,  0.0000,  0.0000,  0.0000,  0.0000,  0.0000]])
tensor([[-0.7308,  1.0000,  0.0000,  0.0000,  0.0000,  0.0000]])
tensor([[-0.9416,  0.0000,  0.0000,  0.0000,  0.0000,  0.0000]])
tensor([[-0.7554,  1.0000,  0.0000,  0.0000,  0.0000,  0.0000]])
tensor([[-0.8892,  1.0000,  1.0000,  0.0000,  0.0000,  0.0000]])
tensor([[-0.9827,  0.0000,  0.0000,  0.0000,  0.0000,  0.0000]])
tensor([[-0.8734,  1.0000,  0.0000,  0.0000,  0.0000,  0.0000]])
tensor([[-0.9639,  1.0000,  0.0000,  0.0000,  0.0000,  0.0000]])
tensor([[-0.8367,  1.0000,  0.0000,  0.0000,  0.0000,  0.0000]])
tensor([[-0.8805,  1.0000,  0.0000,  0.0000,  0.0000,  0.0000]])
tensor([[-0.4748,  1.0000,  0.0000,  0.0000,  0.0000,  0.0000]])
tensor([[0.7304, 0.0000, 0.0000, 0.0000, 0.0000, 0.0000]])
tensor([[0.3184, 1.0000, 0.0000, 0.0000, 0.0000, 0.0000]])
tensor([[0.8393, 1.0000, 0.0000, 0.0000, 0.0000, 0.0000]])
tensor([[0.2543, 1.0000, 0.0000, 0.0000, 0.0000, 0.0000]])
tensor([[0.0245, 1.0000, 0.0000, 0.0000, 0.0000, 0.0000]])
tensor([[0.2278, 1.0000, 0.0000, 0.0000, 0.0000, 0.0000]])
tensor([[0.0933, 1.0000, 0.0000, 0.0000, 0.0000, 0.0000]])
tensor([[0.4295, 1.0000, 0.0000, 0.0000, 0.0000, 0.0000]])
tensor([[0.7667, 1.0000, 0.0000, 0.0000, 0.0000, 0.0000]])
tensor([[-0.8924,  1.0000,  0.0000,  0.0000,  0.0000,  0.0000]])
tensor([[0.9781, 0.0000, 0.0000, 0.0000, 0.0000, 0.0000]])
tensor([[0.9915, 1.0000, 0.0000, 0.0000, 0.0000, 0.0000]])
tensor([[0.9942, 1.0000, 0.0000, 0.0000, 0.0000, 0.0000]])
tensor([[0.9890, 1.0000, 0.0000, 0.0000, 0.0000, 0.0000]])
tensor([[-0.4728,  1.0000,  0.0000,  0.0000,  0.0000,  0.0000]])
tensor([[-0.5838,  1.0000,  0.0000,  0.0000,  0.0000,  0.0000]])
tensor([[0.9938, 1.0000, 0.0000, 0.0000, 0.0000, 0.0000]])
tensor([[0.1796, 1.0000, 0.0000, 0.0000, 0.0000, 0.0000]])
tensor([[-0.9954,  1.0000,  0.0000,  0.0000,  0.0000,  0.0000]])
tensor([[-0.9904,  1.0000,  0.0000,  0.0000,  0.0000,  0.0000]])
tensor([[0.9905, 1.0000, 0.0000, 0.0000, 0.0000, 0.0000]])
tensor([[0.9838, 1.0000, 0.0000, 0.0000, 0.0000, 0.0000]])
tensor([[-0.9986,  1.0000,  0.0000,  0.0000,  0.0000,  0.0000]])
tensor([[-0.9931,  1.0000,  0.0000,  0.0000,  0.0000,  0.0000]])
tensor([[0.9698, 1.0000, 0.0000, 0.0000, 0.0000, 0.0000]])
tensor([[0.9991, 1.0000, 0.0000, 0.0000, 0.0000, 0.0000]])
tensor([[-0.9954,  1.0000,  0.0000,  0.0000,  0.0000,  0.0000]])
tensor([[-0.8809,  1.0000,  0.0000,  0.0000,  0.0000,  0.0000]])
tensor([[0.9994, 1.0000, 0.0000, 0.0000, 0.0000, 0.0000]])
tensor([[0.9811, 1.0000, 0.0000, 0.0000, 0.0000, 0.0000]])
tensor([[-0.9995,  1.0000,  0.0000,  0.0000,  0.0000,  0.0000]])
tensor([[-0.7388,  0.0000,  0.0000,  0.0000,  0.0000,  0.0000]])
tensor([[0.9973, 1.0000, 0.0000, 0.0000, 0.0000, 0.0000]])
tensor([[0.9794, 1.0000, 0.0000, 0.0000, 0.0000, 0.0000]])
tensor([[-0.9702,  1.0000,  0.0000,  0.0000,  0.0000,  0.0000]])
tensor([[-0.9914,  1.0000,  0.0000,  0.0000,  0.0000,  0.0000]])
tensor([[0.6369, 0.0000, 0.0000, 0.0000, 0.0000, 0.0000]])
tensor([[0.9960, 1.0000, 0.0000, 0.0000, 0.0000, 0.0000]])
tensor([[-0.9946,  1.0000,  0.0000,  0.0000,  0.0000,  0.0000]])
tensor([[-0.8336,  1.0000,  0.0000,  0.0000,  0.0000,  0.0000]])
tensor([[0.6267, 1.0000, 1.0000, 0.0000, 0.0000, 0.0000]])
tensor([[0.6335, 1.0000, 0.0000, 0.0000, 0.0000, 0.0000]])
tensor([[-0.9910,  1.0000,  0.0000,  0.0000,  0.0000,  0.0000]])
tensor([[-0.9761,  0.0000,  0.0000,  0.0000,  0.0000,  0.0000]])
tensor([[-0.9784,  1.0000,  0.0000,  0.0000,  0.0000,  0.0000]])
tensor([[-0.8405,  1.0000,  0.0000,  0.0000,  0.0000,  0.0000]])
tensor([[-0.9786,  1.0000,  0.0000,  0.0000,  0.0000,  0.0000]])
tensor([[-0.9840,  0.0000,  0.0000,  0.0000,  0.0000,  0.0000]])
tensor([[-0.2366,  1.0000,  0.0000,  0.0000,  0.0000,  0.0000]])
tensor([[0.8796, 1.0000, 0.0000, 0.0000, 0.0000, 0.0000]])
tensor([[0.1125, 1.0000, 0.0000, 0.0000, 0.0000, 0.0000]])
tensor([[-0.8248,  0.0000,  0.0000,  0.0000,  0.0000,  0.0000]])
tensor([[-0.9648,  1.0000,  0.0000,  0.0000,  0.0000,  0.0000]])
tensor([[0.2306, 1.0000, 0.0000, 0.0000, 0.0000, 0.0000]])
tensor([[0.7100, 1.0000, 0.0000, 0.0000, 0.0000, 0.0000]])
tensor([[-0.7495,  1.0000,  0.0000,  0.0000,  0.0000,  0.0000]])
tensor([[0.9648, 1.0000, 0.0000, 0.0000, 0.0000, 0.0000]])
tensor([[0.7782, 1.0000, 0.0000, 0.0000, 0.0000, 0.0000]])
tensor([[-0.9745,  1.0000,  0.0000,  0.0000,  0.0000,  0.0000]])
tensor([[-0.6666,  1.0000,  0.0000,  0.0000,  0.0000,  0.0000]])
tensor([[0.6700, 1.0000, 0.0000, 0.0000, 0.0000, 0.0000]])
tensor([[0.5155, 1.0000, 0.0000, 0.0000, 0.0000, 0.0000]])
tensor([[-0.8961,  0.0000,  0.0000,  0.0000,  1.0000,  0.0000]])
tensor([[-0.2951,  1.0000,  0.0000,  0.0000,  0.0000,  0.0000]])
tensor([[-0.5490,  1.0000,  0.0000,  0.0000,  0.0000,  0.0000]])
tensor([[0.9612, 1.0000, 0.0000, 0.0000, 0.0000, 0.0000]])
tensor([[0.6392, 1.0000, 0.0000, 0.0000, 0.0000, 0.0000]])
tensor([[-0.9660,  1.0000,  0.0000,  0.0000,  0.0000,  0.0000]])
tensor([[-0.7145,  1.0000,  0.0000,  0.0000,  0.0000,  0.0000]])
tensor([[0.9956, 1.0000, 0.0000, 0.0000, 0.0000, 0.0000]])
tensor([[0.9434, 1.0000, 0.0000, 0.0000, 0.0000, 0.0000]])
tensor([[0.8145, 1.0000, 0.0000, 0.0000, 0.0000, 0.0000]])
tensor([[-0.9892,  1.0000,  0.0000,  0.0000,  0.0000,  0.0000]])
tensor([[-0.9919,  1.0000,  0.0000,  0.0000,  0.0000,  0.0000]])
tensor([[0.9093, 1.0000, 0.0000, 0.0000, 0.0000, 0.0000]])
tensor([[0.9579, 1.0000, 0.0000, 0.0000, 0.0000, 0.0000]])
tensor([[-0.9821,  1.0000,  0.0000,  0.0000,  0.0000,  0.0000]])
tensor([[-0.9888,  1.0000,  0.0000,  0.0000,  0.0000,  0.0000]])
tensor([[0.9937, 1.0000, 0.0000, 0.0000, 0.0000, 0.0000]])
tensor([[0.9815, 1.0000, 0.0000, 0.0000, 0.0000, 0.0000]])
tensor([[0.9947, 0.0000, 0.0000, 0.0000, 0.0000, 0.0000]])
tensor([[0.9968, 1.0000, 0.0000, 0.0000, 0.0000, 0.0000]])
tensor([[0.9975, 1.0000, 0.0000, 0.0000, 0.0000, 0.0000]])
tensor([[0.9930, 1.0000, 0.0000, 0.0000, 0.0000, 0.0000]])
tensor([[0.9997, 1.0000, 0.0000, 0.0000, 0.0000, 0.0000]])
tensor([[-0.5566,  1.0000,  0.0000,  0.0000,  0.0000,  0.0000]])
tensor([[-0.8845,  1.0000,  0.0000,  0.0000,  0.0000,  0.0000]])
tensor([[-0.9835,  1.0000,  0.0000,  0.0000,  0.0000,  0.0000]])
tensor([[0.9984, 1.0000, 0.0000, 0.0000, 0.0000, 0.0000]])
tensor([[0.9953, 1.0000, 0.0000, 0.0000, 0.0000, 0.0000]])
tensor([[0.9999, 1.0000, 0.0000, 0.0000, 0.0000, 0.0000]])
tensor([[0.9920, 0.0000, 0.0000, 0.0000, 0.0000, 0.0000]])
tensor([[0.9804, 1.0000, 0.0000, 0.0000, 0.0000, 0.0000]])
tensor([[-0.1188,  1.0000,  0.0000,  0.0000,  0.0000,  0.0000]])
tensor([[-0.9633,  1.0000,  0.0000,  0.0000,  0.0000,  0.0000]])
tensor([[-0.9702,  1.0000,  0.0000,  0.0000,  0.0000,  0.0000]])
tensor([[0.8682, 1.0000, 0.0000, 0.0000, 0.0000, 0.0000]])
tensor([[0.2296, 1.0000, 0.0000, 0.0000, 0.0000, 0.0000]])
tensor([[-0.9582,  1.0000,  0.0000,  0.0000,  0.0000,  0.0000]])
tensor([[0.9997, 1.0000, 0.0000, 0.0000, 0.0000, 0.0000]])
tensor([[0.9935, 1.0000, 0.0000, 0.0000, 0.0000, 0.0000]])
tensor([[0.9949, 1.0000, 0.0000, 0.0000, 0.0000, 0.0000]])
tensor([[-0.2005,  1.0000,  0.0000,  0.0000,  0.0000,  0.0000]])
tensor([[-0.9532,  1.0000,  0.0000,  0.0000,  0.0000,  0.0000]])
tensor([[-0.7028,  1.0000,  0.0000,  0.0000,  0.0000,  0.0000]])
tensor([[0.9386, 1.0000, 0.0000, 0.0000, 0.0000, 0.0000]])
tensor([[0.9684, 1.0000, 0.0000, 0.0000, 0.0000, 0.0000]])
tensor([[0.9954, 1.0000, 0.0000, 0.0000, 0.0000, 0.0000]])
tensor([[0.9964, 1.0000, 0.0000, 0.0000, 0.0000, 0.0000]])
tensor([[0.9856, 1.0000, 0.0000, 0.0000, 0.0000, 0.0000]])
tensor([[0.9623, 1.0000, 0.0000, 0.0000, 0.0000, 0.0000]])
tensor([[-0.8151,  1.0000,  0.0000,  0.0000,  0.0000,  0.0000]])
tensor([[-0.9216,  1.0000,  0.0000,  0.0000,  0.0000,  0.0000]])
tensor([[0.9844, 1.0000, 0.0000, 0.0000, 0.0000, 0.0000]])
tensor([[0.9057, 1.0000, 0.0000, 0.0000, 0.0000, 0.0000]])
tensor([[0.9269, 1.0000, 0.0000, 0.0000, 0.0000, 0.0000]])
tensor([[0.9982, 1.0000, 0.0000, 0.0000, 0.0000, 0.0000]])
tensor([[-0.1610,  0.0000,  0.0000,  0.0000,  0.0000,  0.0000]])
tensor([[-0.7783,  1.0000,  0.0000,  0.0000,  0.0000,  0.0000]])
tensor([[0.9916, 1.0000, 0.0000, 0.0000, 0.0000, 0.0000]])
tensor([[0.8814, 1.0000, 0.0000, 0.0000, 0.0000, 0.0000]])
tensor([[0.9653, 1.0000, 0.0000, 0.0000, 0.0000, 0.0000]])
tensor([[0.9661, 1.0000, 0.0000, 0.0000, 0.0000, 0.0000]])
tensor([[0.6870, 1.0000, 0.0000, 0.0000, 0.0000, 0.0000]])
tensor([[0.9098, 1.0000, 0.0000, 0.0000, 0.0000, 0.0000]])
tensor([[-0.9782,  0.0000,  0.0000,  0.0000,  0.0000,  0.0000]])
tensor([[-0.9593,  1.0000,  0.0000,  0.0000,  0.0000,  0.0000]])
tensor([[0.9963, 1.0000, 0.0000, 0.0000, 0.0000, 0.0000]])
tensor([[0.9957, 1.0000, 0.0000, 0.0000, 0.0000, 0.0000]])
tensor([[0.9761, 1.0000, 0.0000, 0.0000, 0.0000, 0.0000]])
tensor([[0.9882, 1.0000, 0.0000, 0.0000, 0.0000, 0.0000]])
tensor([[-0.9776,  0.0000,  0.0000,  0.0000,  0.0000,  0.0000]])
tensor([[-0.5356,  1.0000,  0.0000,  0.0000,  0.0000,  0.0000]])
tensor([[-0.9997,  1.0000,  0.0000,  0.0000,  0.0000,  0.0000]])
tensor([[-0.1440,  1.0000,  0.0000,  0.0000,  0.0000,  0.0000]])
tensor([[0.9942, 1.0000, 0.0000, 0.0000, 0.0000, 0.0000]])
tensor([[0.9385, 1.0000, 0.0000, 0.0000, 0.0000, 0.0000]])
tensor([[0.6608, 0.0000, 0.0000, 0.0000, 0.0000, 0.0000]])
tensor([[-0.9996,  1.0000,  0.0000,  0.0000,  0.0000,  0.0000]])
tensor([[-0.9886,  1.0000,  0.0000,  0.0000,  0.0000,  0.0000]])
tensor([[-0.9959,  0.0000,  0.0000,  0.0000,  0.0000,  0.0000]])
tensor([[-0.9970,  1.0000,  0.0000,  0.0000,  0.0000,  0.0000]])
tensor([[-0.7883,  0.0000,  0.0000,  0.0000,  0.0000,  0.0000]])
tensor([[-0.7719,  1.0000,  0.0000,  0.0000,  0.0000,  0.0000]])
tensor([[0.4983, 1.0000, 0.0000, 0.0000, 0.0000, 0.0000]])
tensor([[-0.9762,  0.0000,  1.0000,  0.0000,  0.0000,  0.0000]])
tensor([[-0.9975,  1.0000,  0.0000,  0.0000,  0.0000,  0.0000]])
tensor([[-0.9524,  1.0000,  1.0000,  0.0000,  0.0000,  0.0000]])
tensor([[-0.8888,  1.0000,  0.0000,  0.0000,  1.0000,  0.0000]])
tensor([[-0.9535,  1.0000,  0.0000,  0.0000,  0.0000,  0.0000]])
tensor([[0.0483, 1.0000, 0.0000, 0.0000, 0.0000, 0.0000]])
tensor([[-0.0711,  0.0000,  1.0000,  0.0000,  0.0000,  0.0000]])
tensor([[-0.9184,  1.0000,  0.0000,  0.0000,  0.0000,  0.0000]])
tensor([[-0.8049,  0.0000,  0.0000,  0.0000,  0.0000,  0.0000]])
tensor([[0.6422, 1.0000, 0.0000, 0.0000, 0.0000, 0.0000]])
tensor([[0.0397, 0.0000, 0.0000, 0.0000, 0.0000, 0.0000]])
tensor([[-0.9900,  1.0000,  0.0000,  0.0000,  0.0000,  0.0000]])
tensor([[-0.9117,  1.0000,  0.0000,  0.0000,  0.0000,  0.0000]])
tensor([[-0.8266,  0.0000,  0.0000,  0.0000,  0.0000,  0.0000]])
tensor([[0.6836, 1.0000, 0.0000, 0.0000, 0.0000, 0.0000]])
tensor([[0.2562, 1.0000, 0.0000, 0.0000, 0.0000, 0.0000]])
tensor([[-0.9941,  1.0000,  0.0000,  0.0000,  0.0000,  0.0000]])
tensor([[-0.9833,  1.0000,  0.0000,  0.0000,  0.0000,  0.0000]])
tensor([[-0.9403,  1.0000,  0.0000,  0.0000,  0.0000,  0.0000]])
tensor([[0.1890, 1.0000, 0.0000, 0.0000, 0.0000, 0.0000]])
tensor([[0.3507, 1.0000, 0.0000, 0.0000, 0.0000, 0.0000]])
tensor([[-0.9669,  1.0000,  0.0000,  0.0000,  0.0000,  0.0000]])
tensor([[-0.9607,  0.0000,  0.0000,  0.0000,  0.0000,  0.0000]])
tensor([[-0.1519,  1.0000,  0.0000,  0.0000,  0.0000,  0.0000]])
tensor([[0.9988, 1.0000, 0.0000, 0.0000, 0.0000, 0.0000]])
tensor([[0.9992, 1.0000, 0.0000, 0.0000, 0.0000, 0.0000]])
tensor([[0.9951, 1.0000, 0.0000, 0.0000, 0.0000, 0.0000]])
tensor([[0.9958, 1.0000, 0.0000, 0.0000, 0.0000, 0.0000]])
tensor([[0.9922, 1.0000, 1.0000, 0.0000, 0.0000, 0.0000]])
tensor([[0.9905, 1.0000, 0.0000, 0.0000, 0.0000, 0.0000]])
tensor([[0.9905, 1.0000, 0.0000, 0.0000, 0.0000, 0.0000]])
tensor([[0.9905, 1.0000, 0.0000, 0.0000, 0.0000, 0.0000]])
tensor([[0.9974, 1.0000, 0.0000, 0.0000, 0.0000, 0.0000]])
tensor([[0.9987, 1.0000, 0.0000, 0.0000, 0.0000, 0.0000]])
tensor([[0.9973, 1.0000, 0.0000, 0.0000, 0.0000, 0.0000]])
tensor([[0.9947, 1.0000, 0.0000, 0.0000, 0.0000, 0.0000]])
tensor([[0.9985, 1.0000, 0.0000, 0.0000, 0.0000, 0.0000]])
tensor([[0.8876, 1.0000, 0.0000, 0.0000, 0.0000, 0.0000]])
tensor([[-0.9921,  1.0000,  0.0000,  0.0000,  0.0000,  0.0000]])
tensor([[-0.6074,  1.0000,  0.0000,  0.0000,  0.0000,  0.0000]])
tensor([[-0.9818,  1.0000,  0.0000,  0.0000,  0.0000,  0.0000]])
tensor([[-0.8983,  1.0000,  0.0000,  0.0000,  0.0000,  0.0000]])
tensor([[-0.9329,  1.0000,  0.0000,  0.0000,  0.0000,  0.0000]])
tensor([[-0.9605,  1.0000,  0.0000,  0.0000,  0.0000,  0.0000]])
tensor([[-0.9604,  1.0000,  0.0000,  0.0000,  0.0000,  0.0000]])
tensor([[-0.8752,  1.0000,  0.0000,  0.0000,  0.0000,  0.0000]])
tensor([[-0.7087,  0.0000,  0.0000,  0.0000,  0.0000,  0.0000]])
tensor([[-0.1469,  1.0000,  0.0000,  0.0000,  0.0000,  0.0000]])
tensor([[-0.9560,  1.0000,  0.0000,  0.0000,  0.0000,  0.0000]])
tensor([[-0.9980,  0.0000,  0.0000,  0.0000,  0.0000,  0.0000]])
tensor([[-0.9647,  1.0000,  0.0000,  0.0000,  0.0000,  0.0000]])
tensor([[-0.9640,  1.0000,  0.0000,  0.0000,  0.0000,  0.0000]])
tensor([[-0.4242,  1.0000,  0.0000,  0.0000,  0.0000,  0.0000]])
tensor([[0.5188, 0.0000, 0.0000, 0.0000, 0.0000, 0.0000]])
tensor([[0.1358, 1.0000, 0.0000, 0.0000, 0.0000, 0.0000]])
tensor([[-0.6916,  1.0000,  0.0000,  0.0000,  0.0000,  0.0000]])
tensor([[0.4944, 1.0000, 0.0000, 0.0000, 0.0000, 0.0000]])
tensor([[-0.6025,  0.0000,  0.0000,  0.0000,  0.0000,  0.0000]])
tensor([[-0.4525,  1.0000,  0.0000,  0.0000,  0.0000,  0.0000]])
tensor([[-0.6110,  1.0000,  0.0000,  0.0000,  0.0000,  0.0000]])
tensor([[0.9495, 1.0000, 0.0000, 0.0000, 0.0000, 0.0000]])
tensor([[-0.2189,  0.0000,  0.0000,  0.0000,  0.0000,  0.0000]])
tensor([[0.9932, 0.0000, 0.0000, 0.0000, 0.0000, 0.0000]])
tensor([[0.9908, 1.0000, 0.0000, 0.0000, 0.0000, 0.0000]])
tensor([[-0.0665,  1.0000,  0.0000,  0.0000,  0.0000,  0.0000]])
tensor([[0.9744, 1.0000, 0.0000, 0.0000, 0.0000, 0.0000]])
tensor([[0.5976, 1.0000, 0.0000, 0.0000, 0.0000, 0.0000]])
tensor([[-0.8701,  0.0000,  0.0000,  0.0000,  0.0000,  0.0000]])
tensor([[0.9976, 1.0000, 0.0000, 0.0000, 0.0000, 0.0000]])
tensor([[0.9763, 1.0000, 0.0000, 0.0000, 0.0000, 0.0000]])
tensor([[0.9921, 1.0000, 0.0000, 0.0000, 0.0000, 0.0000]])
tensor([[0.2878, 1.0000, 0.0000, 0.0000, 0.0000, 0.0000]])
tensor([[-0.9693,  1.0000,  0.0000,  0.0000,  0.0000,  0.0000]])
tensor([[0.9967, 0.0000, 0.0000, 0.0000, 0.0000, 0.0000]])
tensor([[0.9966, 1.0000, 0.0000, 0.0000, 0.0000, 0.0000]])
tensor([[0.9990, 1.0000, 0.0000, 0.0000, 0.0000, 0.0000]])
tensor([[0.9993, 1.0000, 0.0000, 0.0000, 0.0000, 0.0000]])
tensor([[0.9918, 1.0000, 0.0000, 0.0000, 0.0000, 0.0000]])
tensor([[0.9912, 1.0000, 0.0000, 0.0000, 0.0000, 0.0000]])
tensor([[0.9980, 0.0000, 0.0000, 0.0000, 0.0000, 0.0000]])
tensor([[0.9577, 1.0000, 0.0000, 0.0000, 0.0000, 0.0000]])
tensor([[0.7639, 1.0000, 0.0000, 0.0000, 0.0000, 0.0000]])
tensor([[0.2094, 1.0000, 0.0000, 0.0000, 0.0000, 0.0000]])
tensor([[-0.9797,  1.0000,  0.0000,  0.0000,  0.0000,  0.0000]])
tensor([[-0.9692,  1.0000,  0.0000,  0.0000,  0.0000,  0.0000]])
tensor([[0.9620, 1.0000, 0.0000, 0.0000, 0.0000, 0.0000]])
tensor([[0.9975, 0.0000, 0.0000, 0.0000, 0.0000, 0.0000]])
tensor([[0.9952, 1.0000, 0.0000, 0.0000, 0.0000, 0.0000]])
tensor([[0.9991, 1.0000, 0.0000, 0.0000, 0.0000, 0.0000]])
tensor([[0.9910, 1.0000, 0.0000, 0.0000, 0.0000, 0.0000]])
tensor([[-0.9980,  1.0000,  0.0000,  0.0000,  0.0000,  0.0000]])
tensor([[0.9988, 1.0000, 0.0000, 0.0000, 0.0000, 0.0000]])
tensor([[0.9883, 1.0000, 0.0000, 0.0000, 0.0000, 0.0000]])
tensor([[-0.9998,  1.0000,  0.0000,  0.0000,  0.0000,  0.0000]])
tensor([[-0.9994,  1.0000,  0.0000,  0.0000,  0.0000,  0.0000]])
tensor([[0.9945, 1.0000, 0.0000, 0.0000, 0.0000, 0.0000]])
tensor([[0.9610, 1.0000, 0.0000, 0.0000, 0.0000, 0.0000]])
tensor([[-0.9747,  0.0000,  0.0000,  0.0000,  0.0000,  0.0000]])
tensor([[0.9995, 1.0000, 0.0000, 0.0000, 0.0000, 0.0000]])
tensor([[0.9843, 1.0000, 0.0000, 0.0000, 0.0000, 0.0000]])
tensor([[-0.9996,  1.0000,  0.0000,  0.0000,  0.0000,  0.0000]])
tensor([[-0.9237,  1.0000,  0.0000,  0.0000,  0.0000,  0.0000]])
tensor([[0.9922, 1.0000, 0.0000, 1.0000, 0.0000, 0.0000]])
tensor([[0.9996, 1.0000, 0.0000, 0.0000, 0.0000, 0.0000]])
tensor([[-0.9817,  1.0000,  0.0000,  0.0000,  0.0000,  0.0000]])
tensor([[-0.9821,  1.0000,  0.0000,  0.0000,  0.0000,  0.0000]])
tensor([[0.9982, 1.0000, 0.0000, 0.0000, 0.0000, 0.0000]])
tensor([[0.9950, 1.0000, 1.0000, 0.0000, 0.0000, 0.0000]])
tensor([[0.9992, 1.0000, 0.0000, 0.0000, 0.0000, 0.0000]])
tensor([[0.9821, 1.0000, 0.0000, 0.0000, 0.0000, 0.0000]])
tensor([[-0.9860,  1.0000,  0.0000,  0.0000,  0.0000,  0.0000]])
tensor([[-0.9644,  1.0000,  0.0000,  0.0000,  0.0000,  0.0000]])
tensor([[0.9979, 1.0000, 0.0000, 0.0000, 0.0000, 0.0000]])
tensor([[0.9991, 1.0000, 0.0000, 0.0000, 0.0000, 0.0000]])
tensor([[0.9846, 1.0000, 0.0000, 0.0000, 0.0000, 0.0000]])
tensor([[0.9199, 1.0000, 0.0000, 0.0000, 0.0000, 0.0000]])
tensor([[0.5184, 1.0000, 0.0000, 0.0000, 0.0000, 0.0000]])
tensor([[-0.9760,  1.0000,  0.0000,  0.0000,  0.0000,  0.0000]])
tensor([[-0.9985,  0.0000,  0.0000,  0.0000,  0.0000,  0.0000]])
tensor([[-1.0000,  0.0000,  0.0000,  0.0000,  0.0000,  0.0000]])
tensor([[0.9979, 1.0000, 0.0000, 0.0000, 0.0000, 0.0000]])
tensor([[0.9826, 1.0000, 0.0000, 0.0000, 0.0000, 0.0000]])
tensor([[-0.9993,  1.0000,  0.0000,  0.0000,  0.0000,  0.0000]])
tensor([[-0.9902,  1.0000,  0.0000,  0.0000,  0.0000,  0.0000]])
tensor([[0.6687, 1.0000, 0.0000, 0.0000, 0.0000, 0.0000]])
tensor([[-0.2235,  1.0000,  0.0000,  0.0000,  0.0000,  0.0000]])
tensor([[-0.9031,  1.0000,  0.0000,  0.0000,  0.0000,  0.0000]])
tensor([[0.0491, 1.0000, 0.0000, 0.0000, 0.0000, 0.0000]])
tensor([[0.9825, 1.0000, 0.0000, 0.0000, 0.0000, 0.0000]])
tensor([[0.8462, 1.0000, 0.0000, 0.0000, 0.0000, 0.0000]])
tensor([[-0.9293,  1.0000,  0.0000,  0.0000,  0.0000,  0.0000]])
tensor([[-0.9433,  1.0000,  0.0000,  0.0000,  0.0000,  0.0000]])
tensor([[-0.6243,  0.0000,  0.0000,  0.0000,  0.0000,  0.0000]])
tensor([[0.9540, 1.0000, 0.0000, 0.0000, 0.0000, 0.0000]])
tensor([[0.9338, 1.0000, 0.0000, 0.0000, 0.0000, 0.0000]])
tensor([[-0.9493,  1.0000,  1.0000,  0.0000,  0.0000,  0.0000]])
tensor([[-0.9585,  1.0000,  0.0000,  0.0000,  0.0000,  0.0000]])
tensor([[0.7889, 1.0000, 0.0000, 0.0000, 0.0000, 0.0000]])
tensor([[0.3610, 1.0000, 0.0000, 0.0000, 0.0000, 0.0000]])
tensor([[-0.7884,  1.0000,  0.0000,  0.0000,  0.0000,  0.0000]])
tensor([[0.3380, 1.0000, 0.0000, 0.0000, 0.0000, 0.0000]])
tensor([[0.9727, 1.0000, 0.0000, 0.0000, 0.0000, 0.0000]])
tensor([[0.7195, 0.0000, 0.0000, 0.0000, 0.0000, 0.0000]])
tensor([[-0.8705,  1.0000,  0.0000,  0.0000,  0.0000,  0.0000]])
tensor([[-0.9977,  1.0000,  0.0000,  0.0000,  0.0000,  0.0000]])
tensor([[-0.7771,  0.0000,  0.0000,  0.0000,  0.0000,  0.0000]])
tensor([[-0.9829,  1.0000,  0.0000,  0.0000,  0.0000,  0.0000]])
tensor([[0.9838, 1.0000, 0.0000, 0.0000, 0.0000, 0.0000]])
tensor([[-0.6188,  1.0000,  0.0000,  0.0000,  0.0000,  0.0000]])
tensor([[0.1464, 1.0000, 0.0000, 0.0000, 0.0000, 0.0000]])
tensor([[-0.7620,  1.0000,  0.0000,  0.0000,  0.0000,  0.0000]])
tensor([[0.8770, 1.0000, 0.0000, 0.0000, 0.0000, 0.0000]])
tensor([[0.5280, 1.0000, 0.0000, 0.0000, 0.0000, 0.0000]])
tensor([[-0.8710,  1.0000,  0.0000,  0.0000,  0.0000,  0.0000]])
tensor([[-0.8761,  1.0000,  0.0000,  0.0000,  0.0000,  0.0000]])
tensor([[0.9448, 1.0000, 0.0000, 0.0000, 0.0000, 0.0000]])
tensor([[0.9862, 1.0000, 0.0000, 0.0000, 0.0000, 0.0000]])
tensor([[-0.4439,  1.0000,  0.0000,  0.0000,  0.0000,  0.0000]])
tensor([[-0.4530,  1.0000,  0.0000,  0.0000,  0.0000,  0.0000]])
tensor([[-0.9990,  0.0000,  0.0000,  0.0000,  0.0000,  0.0000]])
tensor([[-0.7229,  1.0000,  0.0000,  0.0000,  0.0000,  0.0000]])
tensor([[0.2628, 1.0000, 0.0000, 0.0000, 0.0000, 0.0000]])
tensor([[0.4722, 1.0000, 0.0000, 0.0000, 0.0000, 0.0000]])
tensor([[-0.6889,  0.0000,  0.0000,  0.0000,  0.0000,  0.0000]])
tensor([[-0.9436,  1.0000,  0.0000,  0.0000,  0.0000,  0.0000]])
tensor([[-0.2448,  1.0000,  0.0000,  0.0000,  0.0000,  0.0000]])
tensor([[0.7960, 1.0000, 0.0000, 0.0000, 0.0000, 0.0000]])
tensor([[0.9708, 1.0000, 0.0000, 0.0000, 0.0000, 0.0000]])
tensor([[-0.7460,  1.0000,  0.0000,  0.0000,  0.0000,  0.0000]])
tensor([[-0.1327,  1.0000,  0.0000,  0.0000,  0.0000,  0.0000]])
tensor([[-0.3131,  1.0000,  0.0000,  0.0000,  0.0000,  0.0000]])
tensor([[0.8792, 1.0000, 0.0000, 0.0000, 0.0000, 0.0000]])
tensor([[-0.3386,  0.0000,  0.0000,  0.0000,  0.0000,  0.0000]])
tensor([[-0.9859,  1.0000,  0.0000,  0.0000,  0.0000,  0.0000]])
tensor([[-0.4545,  0.0000,  0.0000,  0.0000,  0.0000,  0.0000]])
tensor([[-0.8629,  1.0000,  0.0000,  0.0000,  0.0000,  0.0000]])
tensor([[0.4435, 1.0000, 0.0000, 0.0000, 0.0000, 0.0000]])
tensor([[-0.0811,  1.0000,  0.0000,  0.0000,  0.0000,  0.0000]])
tensor([[-0.9681,  1.0000,  0.0000,  0.0000,  0.0000,  0.0000]])
tensor([[-0.9639,  1.0000,  0.0000,  0.0000,  0.0000,  0.0000]])
tensor([[0.9462, 1.0000, 0.0000, 0.0000, 0.0000, 0.0000]])
tensor([[0.8212, 1.0000, 0.0000, 0.0000, 0.0000, 0.0000]])
tensor([[-0.5659,  1.0000,  0.0000,  0.0000,  0.0000,  0.0000]])
tensor([[-0.9404,  1.0000,  0.0000,  0.0000,  0.0000,  0.0000]])
tensor([[-0.9756,  0.0000,  0.0000,  0.0000,  0.0000,  0.0000]])
tensor([[0.7540, 0.0000, 0.0000, 0.0000, 0.0000, 0.0000]])
tensor([[0.1376, 1.0000, 0.0000, 0.0000, 0.0000, 0.0000]])
tensor([[-0.7974,  0.0000,  0.0000,  0.0000,  0.0000,  0.0000]])
tensor([[-0.6749,  1.0000,  0.0000,  0.0000,  0.0000,  0.0000]])
tensor([[0.8899, 0.0000, 0.0000, 0.0000, 0.0000, 0.0000]])
tensor([[-0.3111,  1.0000,  0.0000,  0.0000,  0.0000,  0.0000]])
tensor([[-0.0097,  1.0000,  0.0000,  0.0000,  0.0000,  0.0000]])
tensor([[-0.6839,  0.0000,  0.0000,  0.0000,  0.0000,  0.0000]])
tensor([[-0.9551,  1.0000,  0.0000,  0.0000,  0.0000,  0.0000]])
tensor([[-0.4281,  1.0000,  0.0000,  0.0000,  0.0000,  0.0000]])
tensor([[0.4898, 1.0000, 0.0000, 0.0000, 0.0000, 0.0000]])
tensor([[-0.4888,  1.0000,  0.0000,  0.0000,  0.0000,  0.0000]])
tensor([[0.0486, 0.0000, 0.0000, 0.0000, 0.0000, 0.0000]])
tensor([[0.9992, 1.0000, 0.0000, 0.0000, 0.0000, 0.0000]])
tensor([[-0.7995,  1.0000,  0.0000,  0.0000,  0.0000,  0.0000]])
tensor([[0.4202, 1.0000, 0.0000, 0.0000, 0.0000, 0.0000]])
tensor([[0.9166, 0.0000, 0.0000, 0.0000, 0.0000, 0.0000]])
tensor([[-0.9488,  1.0000,  0.0000,  0.0000,  0.0000,  0.0000]])
tensor([[0.9711, 1.0000, 0.0000, 0.0000, 0.0000, 0.0000]])
tensor([[0.9080, 1.0000, 0.0000, 0.0000, 0.0000, 0.0000]])
tensor([[-0.9482,  1.0000,  0.0000,  0.0000,  0.0000,  0.0000]])
tensor([[0.9976, 1.0000, 0.0000, 0.0000, 0.0000, 0.0000]])
tensor([[0.9980, 1.0000, 0.0000, 0.0000, 0.0000, 0.0000]])
tensor([[-0.1995,  0.0000,  0.0000,  0.0000,  1.0000,  0.0000]])
tensor([[-0.8189,  1.0000,  0.0000,  0.0000,  0.0000,  0.0000]])
tensor([[0.9953, 1.0000, 0.0000, 0.0000, 0.0000, 0.0000]])
tensor([[0.9875, 1.0000, 0.0000, 0.0000, 0.0000, 0.0000]])
tensor([[0.9965, 1.0000, 0.0000, 0.0000, 0.0000, 0.0000]])
tensor([[0.9995, 1.0000, 0.0000, 0.0000, 0.0000, 0.0000]])
tensor([[-0.2590,  1.0000,  0.0000,  0.0000,  0.0000,  0.0000]])
tensor([[-0.4876,  0.0000,  0.0000,  0.0000,  0.0000,  0.0000]])
tensor([[0.9981, 1.0000, 0.0000, 0.0000, 0.0000, 0.0000]])
tensor([[0.9949, 1.0000, 0.0000, 0.0000, 0.0000, 0.0000]])
tensor([[0.9994, 1.0000, 0.0000, 0.0000, 0.0000, 0.0000]])
tensor([[0.8237, 1.0000, 0.0000, 0.0000, 0.0000, 0.0000]])
tensor([[-0.9800,  1.0000,  0.0000,  0.0000,  0.0000,  0.0000]])
tensor([[-0.5854,  1.0000,  0.0000,  0.0000,  0.0000,  0.0000]])
tensor([[0.9473, 1.0000, 0.0000, 0.0000, 0.0000, 0.0000]])
tensor([[0.4021, 1.0000, 0.0000, 0.0000, 0.0000, 0.0000]])
tensor([[-0.3408,  0.0000,  0.0000,  0.0000,  0.0000,  0.0000]])
tensor([[-0.4653,  1.0000,  0.0000,  0.0000,  0.0000,  0.0000]])
tensor([[0.9077, 1.0000, 0.0000, 0.0000, 0.0000, 0.0000]])
tensor([[0.7398, 1.0000, 0.0000, 0.0000, 0.0000, 0.0000]])
tensor([[-0.8971,  0.0000,  0.0000,  0.0000,  0.0000,  0.0000]])
tensor([[0.9983, 1.0000, 0.0000, 0.0000, 0.0000, 0.0000]])
tensor([[0.9890, 1.0000, 0.0000, 0.0000, 0.0000, 0.0000]])
tensor([[-0.9067,  1.0000,  0.0000,  0.0000,  0.0000,  0.0000]])
tensor([[0.9899, 1.0000, 0.0000, 0.0000, 0.0000, 0.0000]])
tensor([[0.9940, 0.0000, 0.0000, 0.0000, 0.0000, 0.0000]])
tensor([[0.9135, 1.0000, 0.0000, 0.0000, 0.0000, 0.0000]])
tensor([[-0.7820,  1.0000,  1.0000,  0.0000,  0.0000,  0.0000]])
tensor([[0.9250, 1.0000, 0.0000, 0.0000, 0.0000, 0.0000]])
tensor([[0.8866, 1.0000, 0.0000, 0.0000, 0.0000, 0.0000]])
tensor([[-0.7996,  1.0000,  0.0000,  0.0000,  0.0000,  0.0000]])
tensor([[-0.5391,  1.0000,  0.0000,  0.0000,  0.0000,  0.0000]])
tensor([[0.9943, 1.0000, 0.0000, 0.0000, 0.0000, 0.0000]])
tensor([[0.9934, 1.0000, 0.0000, 0.0000, 0.0000, 0.0000]])
tensor([[-0.0128,  1.0000,  0.0000,  0.0000,  0.0000,  0.0000]])
tensor([[-0.6639,  0.0000,  0.0000,  0.0000,  0.0000,  0.0000]])
tensor([[0.9990, 1.0000, 0.0000, 0.0000, 0.0000, 0.0000]])
tensor([[0.9985, 0.0000, 0.0000, 0.0000, 0.0000, 0.0000]])
tensor([[-0.9092,  1.0000,  0.0000,  0.0000,  0.0000,  0.0000]])
tensor([[-0.3030,  1.0000,  0.0000,  0.0000,  0.0000,  0.0000]])
tensor([[0.9990, 1.0000, 0.0000, 0.0000, 0.0000, 0.0000]])
tensor([[0.9942, 1.0000, 0.0000, 0.0000, 0.0000, 0.0000]])
tensor([[0.9597, 0.0000, 0.0000, 0.0000, 0.0000, 0.0000]])
tensor([[-0.4376,  1.0000,  0.0000,  0.0000,  0.0000,  0.0000]])
tensor([[-0.7450,  0.0000,  0.0000,  0.0000,  0.0000,  0.0000]])
tensor([[0.9996, 1.0000, 0.0000, 0.0000, 0.0000, 0.0000]])
tensor([[0.9538, 1.0000, 0.0000, 0.0000, 0.0000, 0.0000]])
tensor([[0.6062, 1.0000, 0.0000, 0.0000, 0.0000, 0.0000]])
tensor([[-0.9363,  1.0000,  0.0000,  0.0000,  0.0000,  0.0000]])
tensor([[0.9789, 1.0000, 0.0000, 0.0000, 0.0000, 0.0000]])
INFO:root:Agent 0 (TQCars): avg action time = 0.0014s
tensor([[0.9703, 1.0000, 0.0000, 0.0000, 0.0000, 0.0000]])
tensor([[-0.9841,  1.0000,  0.0000,  0.0000,  0.0000,  0.0000]])
tensor([[-0.3610,  0.0000,  0.0000,  0.0000,  0.0000,  0.0000]])
tensor([[0.9360, 1.0000, 0.0000, 0.0000, 0.0000, 0.0000]])
tensor([[0.9910, 1.0000, 0.0000, 0.0000, 0.0000, 0.0000]])
tensor([[0.9922, 1.0000, 0.0000, 0.0000, 0.0000, 0.0000]])
tensor([[-0.7231,  1.0000,  0.0000,  0.0000,  0.0000,  0.0000]])
tensor([[-0.7595,  1.0000,  0.0000,  0.0000,  0.0000,  0.0000]])
tensor([[0.9912, 1.0000, 1.0000, 0.0000, 0.0000, 0.0000]])
tensor([[0.9989, 1.0000, 0.0000, 0.0000, 0.0000, 0.0000]])
tensor([[0.8323, 1.0000, 0.0000, 0.0000, 0.0000, 0.0000]])
tensor([[-0.9788,  1.0000,  0.0000,  0.0000,  0.0000,  0.0000]])
tensor([[0.9989, 1.0000, 0.0000, 0.0000, 0.0000, 0.0000]])
tensor([[0.9945, 1.0000, 0.0000, 0.0000, 0.0000, 0.0000]])
tensor([[-0.6487,  1.0000,  0.0000,  0.0000,  0.0000,  0.0000]])
tensor([[-0.6090,  1.0000,  0.0000,  0.0000,  0.0000,  0.0000]])
tensor([[0.9927, 1.0000, 0.0000, 0.0000, 0.0000, 0.0000]])
tensor([[0.9945, 1.0000, 0.0000, 0.0000, 0.0000, 0.0000]])
tensor([[0.9925, 1.0000, 0.0000, 0.0000, 0.0000, 0.0000]])
tensor([[0.9880, 1.0000, 0.0000, 0.0000, 0.0000, 0.0000]])
tensor([[-0.6622,  1.0000,  0.0000,  0.0000,  0.0000,  0.0000]])
tensor([[-0.9345,  0.0000,  0.0000,  0.0000,  0.0000,  0.0000]])
tensor([[-0.6937,  1.0000,  0.0000,  0.0000,  0.0000,  0.0000]])
tensor([[0.7904, 1.0000, 0.0000, 0.0000, 0.0000, 0.0000]])
tensor([[0.0792, 1.0000, 0.0000, 0.0000, 1.0000, 0.0000]])
tensor([[-0.8610,  1.0000,  0.0000,  0.0000,  0.0000,  0.0000]])
tensor([[-0.8726,  0.0000,  0.0000,  0.0000,  0.0000,  0.0000]])
tensor([[-0.9830,  0.0000,  0.0000,  0.0000,  0.0000,  0.0000]])
tensor([[-0.9829,  0.0000,  0.0000,  0.0000,  0.0000,  0.0000]])
tensor([[0.5858, 1.0000, 0.0000, 0.0000, 0.0000, 0.0000]])
tensor([[-0.9094,  0.0000,  1.0000,  0.0000,  0.0000,  0.0000]])
tensor([[-0.9720,  1.0000,  0.0000,  0.0000,  0.0000,  0.0000]])
tensor([[0.9717, 0.0000, 1.0000, 0.0000, 0.0000, 0.0000]])
tensor([[0.2036, 1.0000, 0.0000, 0.0000, 0.0000, 0.0000]])
tensor([[-0.7559,  0.0000,  0.0000,  0.0000,  0.0000,  0.0000]])
tensor([[-0.9394,  1.0000,  0.0000,  0.0000,  0.0000,  0.0000]])
tensor([[0.7164, 1.0000, 0.0000, 0.0000, 0.0000, 0.0000]])
tensor([[-0.0065,  1.0000,  0.0000,  0.0000,  0.0000,  0.0000]])
tensor([[0.6046, 1.0000, 0.0000, 0.0000, 0.0000, 0.0000]])
tensor([[-0.5066,  1.0000,  0.0000,  0.0000,  0.0000,  0.0000]])
tensor([[-0.6106,  1.0000,  0.0000,  0.0000,  0.0000,  0.0000]])
tensor([[0.9598, 1.0000, 0.0000, 0.0000, 0.0000, 0.0000]])
tensor([[-0.1831,  0.0000,  0.0000,  0.0000,  0.0000,  0.0000]])
tensor([[-0.6116,  1.0000,  0.0000,  0.0000,  0.0000,  0.0000]])
tensor([[-0.7800,  0.0000,  0.0000,  0.0000,  0.0000,  0.0000]])
tensor([[-0.0014,  1.0000,  0.0000,  0.0000,  0.0000,  0.0000]])
tensor([[0.0596, 1.0000, 0.0000, 0.0000, 0.0000, 0.0000]])
tensor([[0.0247, 1.0000, 0.0000, 0.0000, 0.0000, 0.0000]])
tensor([[-0.8054,  1.0000,  0.0000,  0.0000,  0.0000,  0.0000]])
{"type": "results", "track": "scotland", "results": [{"key": 0, "reward": 10.23153076171875, "position": 4, "name": "TQCars", "avg_action_time": 0.001406770530214254}]}
