INFO:root:Loading the agents
INFO:root:Loaded player TQCars
INFO:root:Creating pystk-1
INFO:root:Adding wrapper <function get_wrappers.<locals>.<lambda> at 0x7ef346b03420>
INFO:root:Adding wrapper <function get_wrappers.<locals>.<lambda> at 0x7ef346b034c0>
INFO:root:Adding wrapper <function get_wrappers.<locals>.<lambda> at 0x7ef346b03560>
INFO:root:Adding wrapper <function get_wrappers.<locals>.<lambda> at 0x7ef346b03600>
INFO:root:(multi-env mono adapter) Setting main environment max_paths to 5
INFO:root:Loading trained model from CHECKPOINT-GPUFAC/tqc_EXP12_1700000.pt...
INFO:root:Starting a race
tensor([[0.2484, 0.0000, 0.0000, 0.0000, 0.0000, 0.0000]])
tensor([[-0.3585,  1.0000,  1.0000,  0.0000,  0.0000,  0.0000]])
tensor([[-0.5051,  0.0000,  1.0000,  0.0000,  0.0000,  0.0000]])
tensor([[-0.1850,  0.0000,  1.0000,  0.0000,  0.0000,  0.0000]])
tensor([[-0.2326,  0.0000,  1.0000,  0.0000,  0.0000,  0.0000]])
tensor([[-0.8984,  0.0000,  1.0000,  0.0000,  0.0000,  0.0000]])
tensor([[-0.7567,  1.0000,  1.0000,  0.0000,  0.0000,  0.0000]])
tensor([[-0.8713,  0.0000,  1.0000,  0.0000,  0.0000,  0.0000]])
tensor([[-0.5314,  0.0000,  1.0000,  0.0000,  0.0000,  0.0000]])
tensor([[-0.9611,  0.0000,  1.0000,  0.0000,  0.0000,  0.0000]])
tensor([[-0.6654,  0.0000,  1.0000,  0.0000,  0.0000,  0.0000]])
tensor([[-0.7031,  0.0000,  1.0000,  0.0000,  0.0000,  0.0000]])
tensor([[-0.7504,  1.0000,  1.0000,  0.0000,  0.0000,  0.0000]])
tensor([[-0.1583,  0.0000,  1.0000,  0.0000,  0.0000,  0.0000]])
tensor([[-0.8695,  0.0000,  1.0000,  0.0000,  0.0000,  0.0000]])
tensor([[-0.6142,  0.0000,  1.0000,  0.0000,  0.0000,  0.0000]])
tensor([[-0.7244,  0.0000,  1.0000,  0.0000,  0.0000,  0.0000]])
tensor([[-0.1362,  1.0000,  0.0000,  0.0000,  0.0000,  0.0000]])
tensor([[-0.5475,  0.0000,  1.0000,  0.0000,  0.0000,  0.0000]])
tensor([[-0.8735,  1.0000,  1.0000,  0.0000,  1.0000,  0.0000]])
tensor([[-0.9346,  0.0000,  0.0000,  0.0000,  0.0000,  0.0000]])
tensor([[-0.0624,  0.0000,  1.0000,  0.0000,  0.0000,  0.0000]])
tensor([[0.0629, 0.0000, 1.0000, 0.0000, 0.0000, 0.0000]])
tensor([[-0.2553,  1.0000,  1.0000,  0.0000,  0.0000,  0.0000]])
tensor([[-0.7576,  1.0000,  1.0000,  0.0000,  0.0000,  0.0000]])
tensor([[-0.8444,  0.0000,  1.0000,  0.0000,  0.0000,  0.0000]])
tensor([[-0.8102,  0.0000,  1.0000,  0.0000,  0.0000,  0.0000]])
tensor([[-0.3022,  1.0000,  1.0000,  0.0000,  0.0000,  0.0000]])
tensor([[-0.7865,  1.0000,  1.0000,  0.0000,  0.0000,  0.0000]])
tensor([[-0.9794,  1.0000,  1.0000,  0.0000,  0.0000,  0.0000]])
tensor([[-0.9973,  1.0000,  0.0000,  0.0000,  0.0000,  0.0000]])
tensor([[-0.9919,  1.0000,  0.0000,  0.0000,  0.0000,  0.0000]])
tensor([[-0.6545,  0.0000,  0.0000,  0.0000,  0.0000,  0.0000]])
tensor([[0.6125, 1.0000, 0.0000, 0.0000, 0.0000, 0.0000]])
tensor([[0.9024, 1.0000, 0.0000, 0.0000, 0.0000, 0.0000]])
tensor([[0.9568, 1.0000, 0.0000, 0.0000, 0.0000, 0.0000]])
tensor([[0.9750, 1.0000, 1.0000, 0.0000, 0.0000, 0.0000]])
tensor([[0.4237, 1.0000, 0.0000, 0.0000, 0.0000, 0.0000]])
tensor([[0.8087, 1.0000, 0.0000, 0.0000, 0.0000, 0.0000]])
tensor([[0.5589, 1.0000, 0.0000, 0.0000, 0.0000, 0.0000]])
tensor([[-0.4842,  1.0000,  0.0000,  0.0000,  0.0000,  0.0000]])
tensor([[0.7881, 1.0000, 0.0000, 0.0000, 0.0000, 0.0000]])
tensor([[-0.0884,  1.0000,  1.0000,  0.0000,  0.0000,  0.0000]])
tensor([[-0.4622,  1.0000,  1.0000,  0.0000,  0.0000,  0.0000]])
tensor([[-0.9553,  1.0000,  1.0000,  1.0000,  0.0000,  0.0000]])
tensor([[0.7215, 1.0000, 1.0000, 0.0000, 0.0000, 0.0000]])
tensor([[-0.7118,  1.0000,  0.0000,  0.0000,  0.0000,  0.0000]])
tensor([[0.9728, 1.0000, 1.0000, 0.0000, 0.0000, 0.0000]])
tensor([[0.3272, 1.0000, 0.0000, 0.0000, 0.0000, 0.0000]])
tensor([[0.4947, 0.0000, 0.0000, 0.0000, 0.0000, 0.0000]])
tensor([[0.9420, 1.0000, 1.0000, 0.0000, 0.0000, 0.0000]])
tensor([[0.9542, 1.0000, 0.0000, 0.0000, 0.0000, 0.0000]])
tensor([[0.9798, 1.0000, 0.0000, 0.0000, 0.0000, 0.0000]])
tensor([[0.8540, 1.0000, 0.0000, 0.0000, 0.0000, 0.0000]])
tensor([[0.9877, 1.0000, 0.0000, 0.0000, 0.0000, 0.0000]])
tensor([[0.9799, 1.0000, 0.0000, 0.0000, 0.0000, 0.0000]])
tensor([[0.9361, 1.0000, 0.0000, 0.0000, 0.0000, 0.0000]])
tensor([[0.9789, 1.0000, 0.0000, 0.0000, 0.0000, 0.0000]])
tensor([[0.9806, 1.0000, 0.0000, 0.0000, 0.0000, 0.0000]])
tensor([[0.9801, 1.0000, 0.0000, 0.0000, 0.0000, 0.0000]])
tensor([[0.9703, 1.0000, 1.0000, 0.0000, 0.0000, 0.0000]])
tensor([[0.1349, 1.0000, 0.0000, 0.0000, 0.0000, 0.0000]])
tensor([[0.9967, 1.0000, 0.0000, 0.0000, 0.0000, 0.0000]])
tensor([[0.9987, 1.0000, 0.0000, 0.0000, 0.0000, 0.0000]])
tensor([[0.9986, 1.0000, 0.0000, 0.0000, 0.0000, 0.0000]])
tensor([[0.9979, 1.0000, 0.0000, 0.0000, 0.0000, 0.0000]])
tensor([[0.9993, 1.0000, 0.0000, 0.0000, 0.0000, 0.0000]])
tensor([[0.9983, 1.0000, 0.0000, 0.0000, 0.0000, 0.0000]])
tensor([[0.9988, 1.0000, 0.0000, 0.0000, 0.0000, 0.0000]])
tensor([[0.9982, 1.0000, 0.0000, 0.0000, 0.0000, 0.0000]])
tensor([[0.9885, 1.0000, 0.0000, 0.0000, 0.0000, 0.0000]])
tensor([[0.3487, 1.0000, 0.0000, 0.0000, 0.0000, 0.0000]])
tensor([[0.9139, 1.0000, 0.0000, 0.0000, 0.0000, 0.0000]])
tensor([[-0.4891,  1.0000,  0.0000,  0.0000,  0.0000,  0.0000]])
tensor([[-0.8117,  1.0000,  0.0000,  0.0000,  0.0000,  0.0000]])
tensor([[-0.8359,  1.0000,  0.0000,  0.0000,  0.0000,  0.0000]])
tensor([[-0.9827,  0.0000,  0.0000,  0.0000,  0.0000,  0.0000]])
tensor([[-0.9696,  1.0000,  1.0000,  0.0000,  0.0000,  0.0000]])
tensor([[-0.9649,  0.0000,  1.0000,  0.0000,  0.0000,  0.0000]])
tensor([[-0.9829,  1.0000,  1.0000,  0.0000,  0.0000,  0.0000]])
tensor([[-0.9649,  1.0000,  0.0000,  0.0000,  0.0000,  0.0000]])
tensor([[-0.9491,  1.0000,  0.0000,  0.0000,  0.0000,  0.0000]])
tensor([[-0.9546,  1.0000,  1.0000,  0.0000,  0.0000,  1.0000]])
tensor([[-0.9906,  1.0000,  1.0000,  0.0000,  0.0000,  0.0000]])
tensor([[-0.9958,  1.0000,  0.0000,  0.0000,  0.0000,  0.0000]])
tensor([[-0.9492,  1.0000,  1.0000,  0.0000,  0.0000,  0.0000]])
tensor([[-0.9857,  1.0000,  1.0000,  0.0000,  0.0000,  0.0000]])
tensor([[-0.9993,  1.0000,  1.0000,  0.0000,  0.0000,  0.0000]])
tensor([[-0.9153,  1.0000,  1.0000,  0.0000,  0.0000,  0.0000]])
tensor([[-0.9928,  1.0000,  1.0000,  0.0000,  0.0000,  0.0000]])
tensor([[-0.9836,  1.0000,  0.0000,  0.0000,  0.0000,  0.0000]])
tensor([[-0.9988,  0.0000,  0.0000,  0.0000,  0.0000,  0.0000]])
tensor([[-0.9873,  0.0000,  0.0000,  0.0000,  0.0000,  0.0000]])
tensor([[-0.8950,  1.0000,  1.0000,  0.0000,  0.0000,  0.0000]])
tensor([[-0.9238,  1.0000,  0.0000,  0.0000,  0.0000,  0.0000]])
tensor([[-0.7233,  1.0000,  0.0000,  0.0000,  0.0000,  0.0000]])
tensor([[-0.7833,  1.0000,  1.0000,  0.0000,  0.0000,  0.0000]])
tensor([[-0.2002,  1.0000,  1.0000,  0.0000,  0.0000,  0.0000]])
tensor([[0.0340, 1.0000, 0.0000, 0.0000, 0.0000, 0.0000]])
tensor([[-0.5742,  1.0000,  1.0000,  0.0000,  0.0000,  0.0000]])
tensor([[-0.0611,  1.0000,  0.0000,  0.0000,  0.0000,  0.0000]])
tensor([[-0.5017,  1.0000,  0.0000,  0.0000,  0.0000,  0.0000]])
tensor([[-0.5780,  1.0000,  0.0000,  1.0000,  0.0000,  0.0000]])
tensor([[-0.1895,  1.0000,  0.0000,  0.0000,  0.0000,  0.0000]])
tensor([[0.4843, 1.0000, 0.0000, 0.0000, 0.0000, 0.0000]])
tensor([[0.6599, 1.0000, 0.0000, 1.0000, 0.0000, 0.0000]])
tensor([[0.2753, 1.0000, 0.0000, 0.0000, 0.0000, 0.0000]])
tensor([[0.8889, 1.0000, 0.0000, 0.0000, 0.0000, 0.0000]])
tensor([[0.7029, 1.0000, 0.0000, 0.0000, 0.0000, 0.0000]])
tensor([[-0.9828,  1.0000,  0.0000,  0.0000,  0.0000,  0.0000]])
tensor([[-0.9572,  1.0000,  0.0000,  0.0000,  0.0000,  0.0000]])
tensor([[-0.9750,  1.0000,  0.0000,  0.0000,  0.0000,  0.0000]])
tensor([[-0.8566,  1.0000,  0.0000,  0.0000,  0.0000,  0.0000]])
tensor([[-0.9046,  1.0000,  0.0000,  1.0000,  0.0000,  0.0000]])
tensor([[-0.8981,  1.0000,  1.0000,  0.0000,  0.0000,  0.0000]])
tensor([[0.3154, 1.0000, 0.0000, 0.0000, 0.0000, 0.0000]])
tensor([[0.7448, 1.0000, 0.0000, 0.0000, 0.0000, 0.0000]])
tensor([[-0.4880,  1.0000,  0.0000,  0.0000,  0.0000,  0.0000]])
tensor([[0.2263, 1.0000, 0.0000, 0.0000, 0.0000, 0.0000]])
tensor([[-0.8228,  1.0000,  0.0000,  0.0000,  0.0000,  0.0000]])
tensor([[-0.6204,  1.0000,  0.0000,  0.0000,  0.0000,  0.0000]])
tensor([[-0.8465,  1.0000,  1.0000,  0.0000,  0.0000,  0.0000]])
tensor([[0.7789, 1.0000, 0.0000, 0.0000, 0.0000, 0.0000]])
tensor([[-0.9560,  1.0000,  0.0000,  0.0000,  0.0000,  0.0000]])
tensor([[-0.9129,  0.0000,  0.0000,  0.0000,  0.0000,  0.0000]])
tensor([[-0.9570,  1.0000,  0.0000,  0.0000,  0.0000,  0.0000]])
tensor([[-0.7548,  1.0000,  1.0000,  0.0000,  0.0000,  0.0000]])
tensor([[-0.8006,  1.0000,  0.0000,  0.0000,  0.0000,  0.0000]])
tensor([[-0.6593,  1.0000,  0.0000,  0.0000,  0.0000,  0.0000]])
tensor([[-0.5935,  1.0000,  1.0000,  0.0000,  0.0000,  0.0000]])
tensor([[-0.5751,  1.0000,  1.0000,  0.0000,  0.0000,  0.0000]])
tensor([[-0.6699,  1.0000,  1.0000,  0.0000,  0.0000,  0.0000]])
tensor([[-0.6446,  1.0000,  0.0000,  0.0000,  0.0000,  0.0000]])
tensor([[0.5555, 1.0000, 0.0000, 0.0000, 0.0000, 0.0000]])
tensor([[-0.1123,  1.0000,  0.0000,  0.0000,  0.0000,  0.0000]])
tensor([[-0.6553,  1.0000,  0.0000,  0.0000,  0.0000,  0.0000]])
tensor([[-0.2864,  1.0000,  1.0000,  0.0000,  0.0000,  0.0000]])
tensor([[-0.7802,  1.0000,  1.0000,  0.0000,  0.0000,  0.0000]])
tensor([[-0.0205,  1.0000,  0.0000,  0.0000,  0.0000,  0.0000]])
tensor([[-0.6222,  0.0000,  0.0000,  0.0000,  0.0000,  0.0000]])
tensor([[-0.2358,  1.0000,  0.0000,  0.0000,  0.0000,  0.0000]])
tensor([[0.3066, 1.0000, 0.0000, 0.0000, 0.0000, 0.0000]])
tensor([[-0.4246,  1.0000,  0.0000,  0.0000,  0.0000,  0.0000]])
tensor([[0.2286, 0.0000, 0.0000, 0.0000, 0.0000, 0.0000]])
tensor([[0.2438, 0.0000, 0.0000, 0.0000, 0.0000, 0.0000]])
tensor([[-0.0560,  1.0000,  0.0000,  0.0000,  0.0000,  0.0000]])
tensor([[-0.0337,  1.0000,  0.0000,  0.0000,  0.0000,  0.0000]])
tensor([[-0.4966,  1.0000,  0.0000,  0.0000,  0.0000,  0.0000]])
tensor([[0.0694, 1.0000, 0.0000, 0.0000, 0.0000, 0.0000]])
tensor([[-0.5181,  1.0000,  1.0000,  0.0000,  0.0000,  0.0000]])
tensor([[0.5313, 1.0000, 0.0000, 0.0000, 0.0000, 0.0000]])
tensor([[0.0681, 1.0000, 0.0000, 0.0000, 0.0000, 0.0000]])
tensor([[-0.3329,  0.0000,  0.0000,  0.0000,  0.0000,  0.0000]])
tensor([[-0.5363,  1.0000,  0.0000,  0.0000,  0.0000,  0.0000]])
tensor([[0.4584, 1.0000, 1.0000, 0.0000, 0.0000, 0.0000]])
tensor([[-0.8144,  0.0000,  0.0000,  0.0000,  0.0000,  0.0000]])
tensor([[-0.8148,  0.0000,  0.0000,  0.0000,  0.0000,  0.0000]])
tensor([[-0.3321,  1.0000,  0.0000,  0.0000,  0.0000,  0.0000]])
tensor([[-0.5175,  1.0000,  1.0000,  0.0000,  0.0000,  0.0000]])
tensor([[0.3529, 1.0000, 0.0000, 0.0000, 0.0000, 0.0000]])
tensor([[-0.1873,  0.0000,  0.0000,  1.0000,  0.0000,  0.0000]])
tensor([[-0.7731,  1.0000,  0.0000,  0.0000,  0.0000,  0.0000]])
tensor([[-0.8800,  0.0000,  0.0000,  0.0000,  0.0000,  0.0000]])
tensor([[0.1744, 1.0000, 0.0000, 0.0000, 0.0000, 0.0000]])
tensor([[-0.6186,  1.0000,  1.0000,  0.0000,  0.0000,  0.0000]])
tensor([[-0.3331,  1.0000,  1.0000,  0.0000,  0.0000,  0.0000]])
tensor([[-0.8418,  1.0000,  0.0000,  0.0000,  0.0000,  0.0000]])
tensor([[-0.9059,  0.0000,  1.0000,  0.0000,  0.0000,  0.0000]])
tensor([[-0.7984,  1.0000,  0.0000,  0.0000,  0.0000,  0.0000]])
tensor([[-0.3149,  0.0000,  0.0000,  0.0000,  0.0000,  0.0000]])
tensor([[-0.6876,  1.0000,  0.0000,  0.0000,  0.0000,  0.0000]])
tensor([[-0.4805,  1.0000,  1.0000,  0.0000,  0.0000,  0.0000]])
tensor([[-0.9802,  1.0000,  1.0000,  0.0000,  0.0000,  0.0000]])
tensor([[-0.2389,  1.0000,  0.0000,  0.0000,  0.0000,  0.0000]])
tensor([[-0.7544,  0.0000,  1.0000,  0.0000,  0.0000,  0.0000]])
tensor([[-0.7494,  1.0000,  1.0000,  0.0000,  0.0000,  0.0000]])
tensor([[0.6506, 1.0000, 0.0000, 0.0000, 0.0000, 0.0000]])
tensor([[-0.6192,  1.0000,  0.0000,  0.0000,  0.0000,  0.0000]])
tensor([[-0.3516,  0.0000,  1.0000,  0.0000,  0.0000,  0.0000]])
tensor([[-0.9712,  1.0000,  1.0000,  0.0000,  0.0000,  0.0000]])
tensor([[-0.0651,  0.0000,  1.0000,  0.0000,  0.0000,  0.0000]])
tensor([[-0.8087,  1.0000,  1.0000,  0.0000,  0.0000,  0.0000]])
tensor([[-0.1242,  1.0000,  0.0000,  0.0000,  0.0000,  0.0000]])
tensor([[-0.7876,  1.0000,  0.0000,  0.0000,  0.0000,  0.0000]])
tensor([[-0.7434,  1.0000,  0.0000,  0.0000,  0.0000,  0.0000]])
tensor([[-0.6871,  1.0000,  0.0000,  0.0000,  0.0000,  0.0000]])
tensor([[-0.7673,  1.0000,  1.0000,  0.0000,  0.0000,  0.0000]])
tensor([[-0.9067,  0.0000,  1.0000,  0.0000,  0.0000,  0.0000]])
tensor([[-0.0089,  0.0000,  1.0000,  0.0000,  0.0000,  0.0000]])
tensor([[-0.0283,  0.0000,  1.0000,  0.0000,  0.0000,  0.0000]])
tensor([[0.8959, 0.0000, 0.0000, 0.0000, 0.0000, 0.0000]])
tensor([[-0.5999,  1.0000,  0.0000,  0.0000,  0.0000,  0.0000]])
tensor([[-0.7216,  1.0000,  1.0000,  0.0000,  0.0000,  0.0000]])
tensor([[-0.8714,  1.0000,  1.0000,  0.0000,  0.0000,  0.0000]])
tensor([[-0.1675,  1.0000,  1.0000,  0.0000,  0.0000,  0.0000]])
tensor([[0.7864, 0.0000, 1.0000, 0.0000, 0.0000, 0.0000]])
tensor([[-0.3707,  0.0000,  0.0000,  0.0000,  0.0000,  0.0000]])
tensor([[-0.9477,  1.0000,  1.0000,  0.0000,  0.0000,  0.0000]])
tensor([[-0.4425,  1.0000,  1.0000,  0.0000,  0.0000,  0.0000]])
tensor([[0.6927, 1.0000, 1.0000, 0.0000, 0.0000, 0.0000]])
tensor([[-0.1033,  1.0000,  1.0000,  0.0000,  0.0000,  0.0000]])
tensor([[-0.6611,  0.0000,  0.0000,  0.0000,  0.0000,  0.0000]])
tensor([[-0.4159,  1.0000,  0.0000,  0.0000,  0.0000,  0.0000]])
tensor([[-0.5816,  0.0000,  0.0000,  0.0000,  0.0000,  0.0000]])
tensor([[-0.6979,  1.0000,  0.0000,  0.0000,  0.0000,  0.0000]])
tensor([[-0.7664,  1.0000,  1.0000,  0.0000,  0.0000,  0.0000]])
tensor([[-0.8856,  1.0000,  0.0000,  0.0000,  0.0000,  0.0000]])
tensor([[-0.7433,  0.0000,  1.0000,  0.0000,  0.0000,  0.0000]])
tensor([[-0.7054,  0.0000,  1.0000,  0.0000,  0.0000,  0.0000]])
tensor([[0.1942, 1.0000, 1.0000, 0.0000, 0.0000, 0.0000]])
tensor([[-0.6078,  1.0000,  0.0000,  0.0000,  0.0000,  0.0000]])
tensor([[0.1710, 1.0000, 1.0000, 0.0000, 0.0000, 0.0000]])
tensor([[-0.4932,  1.0000,  1.0000,  0.0000,  0.0000,  0.0000]])
tensor([[-0.3940,  0.0000,  1.0000,  0.0000,  0.0000,  0.0000]])
tensor([[0.7669, 1.0000, 1.0000, 0.0000, 0.0000, 0.0000]])
tensor([[0.5262, 1.0000, 1.0000, 0.0000, 0.0000, 0.0000]])
tensor([[-0.3643,  0.0000,  1.0000,  0.0000,  0.0000,  0.0000]])
tensor([[-0.2010,  0.0000,  0.0000,  0.0000,  0.0000,  0.0000]])
tensor([[0.7748, 0.0000, 1.0000, 0.0000, 0.0000, 0.0000]])
tensor([[0.9874, 0.0000, 1.0000, 0.0000, 0.0000, 0.0000]])
tensor([[-0.5038,  1.0000,  1.0000,  0.0000,  0.0000,  0.0000]])
tensor([[-0.6997,  0.0000,  0.0000,  0.0000,  0.0000,  0.0000]])
tensor([[0.3475, 1.0000, 1.0000, 0.0000, 0.0000, 0.0000]])
tensor([[-0.8871,  1.0000,  1.0000,  0.0000,  0.0000,  0.0000]])
tensor([[0.1773, 0.0000, 1.0000, 0.0000, 0.0000, 0.0000]])
tensor([[-0.8859,  0.0000,  0.0000,  0.0000,  1.0000,  0.0000]])
tensor([[-0.6081,  0.0000,  0.0000,  0.0000,  0.0000,  0.0000]])
tensor([[0.2584, 0.0000, 1.0000, 0.0000, 0.0000, 0.0000]])
tensor([[-0.1987,  1.0000,  1.0000,  0.0000,  0.0000,  0.0000]])
tensor([[0.5397, 0.0000, 1.0000, 0.0000, 0.0000, 0.0000]])
tensor([[-0.7411,  1.0000,  0.0000,  0.0000,  0.0000,  0.0000]])
tensor([[-0.6545,  1.0000,  1.0000,  0.0000,  0.0000,  0.0000]])
tensor([[-0.4165,  1.0000,  0.0000,  0.0000,  0.0000,  0.0000]])
tensor([[-0.8528,  0.0000,  1.0000,  0.0000,  1.0000,  0.0000]])
tensor([[-0.0989,  1.0000,  0.0000,  0.0000,  0.0000,  0.0000]])
tensor([[0.6577, 1.0000, 0.0000, 0.0000, 0.0000, 0.0000]])
tensor([[-0.8292,  1.0000,  1.0000,  0.0000,  0.0000,  0.0000]])
tensor([[-0.2693,  1.0000,  1.0000,  0.0000,  0.0000,  0.0000]])
tensor([[0.1293, 1.0000, 1.0000, 0.0000, 0.0000, 0.0000]])
tensor([[-0.5846,  1.0000,  1.0000,  0.0000,  0.0000,  0.0000]])
tensor([[-0.4466,  0.0000,  1.0000,  0.0000,  0.0000,  0.0000]])
tensor([[-0.0795,  1.0000,  1.0000,  0.0000,  0.0000,  0.0000]])
tensor([[0.1541, 1.0000, 1.0000, 0.0000, 0.0000, 0.0000]])
tensor([[0.2267, 0.0000, 1.0000, 0.0000, 0.0000, 0.0000]])
tensor([[0.8230, 0.0000, 1.0000, 0.0000, 0.0000, 0.0000]])
tensor([[0.5250, 0.0000, 1.0000, 0.0000, 0.0000, 0.0000]])
tensor([[0.2463, 0.0000, 0.0000, 0.0000, 0.0000, 0.0000]])
tensor([[-0.7258,  1.0000,  0.0000,  0.0000,  0.0000,  0.0000]])
tensor([[0.6239, 1.0000, 1.0000, 0.0000, 0.0000, 0.0000]])
tensor([[-0.4524,  1.0000,  0.0000,  0.0000,  0.0000,  0.0000]])
tensor([[-0.2276,  1.0000,  1.0000,  0.0000,  0.0000,  0.0000]])
tensor([[-0.2017,  1.0000,  1.0000,  0.0000,  0.0000,  0.0000]])
tensor([[-0.8858,  0.0000,  1.0000,  0.0000,  0.0000,  0.0000]])
tensor([[-0.9246,  0.0000,  0.0000,  0.0000,  0.0000,  0.0000]])
tensor([[-0.1660,  0.0000,  0.0000,  0.0000,  0.0000,  0.0000]])
tensor([[-0.9051,  1.0000,  1.0000,  0.0000,  0.0000,  0.0000]])
tensor([[-0.7351,  0.0000,  1.0000,  0.0000,  0.0000,  0.0000]])
tensor([[-0.1539,  0.0000,  1.0000,  0.0000,  0.0000,  0.0000]])
tensor([[0.8067, 0.0000, 1.0000, 0.0000, 0.0000, 0.0000]])
tensor([[-0.2660,  1.0000,  0.0000,  0.0000,  0.0000,  0.0000]])
tensor([[-0.5920,  1.0000,  1.0000,  0.0000,  0.0000,  0.0000]])
tensor([[-0.7809,  0.0000,  0.0000,  0.0000,  0.0000,  0.0000]])
tensor([[0.2272, 1.0000, 0.0000, 0.0000, 0.0000, 0.0000]])
tensor([[0.0847, 1.0000, 1.0000, 0.0000, 0.0000, 0.0000]])
tensor([[0.7959, 1.0000, 0.0000, 0.0000, 0.0000, 0.0000]])
tensor([[0.1702, 0.0000, 1.0000, 0.0000, 0.0000, 0.0000]])
tensor([[0.3908, 1.0000, 1.0000, 0.0000, 0.0000, 0.0000]])
tensor([[-0.4213,  1.0000,  0.0000,  0.0000,  0.0000,  0.0000]])
tensor([[-0.1502,  0.0000,  0.0000,  0.0000,  0.0000,  0.0000]])
tensor([[-0.9314,  1.0000,  1.0000,  0.0000,  0.0000,  0.0000]])
tensor([[0.5160, 1.0000, 1.0000, 0.0000, 0.0000, 0.0000]])
tensor([[0.2357, 0.0000, 1.0000, 0.0000, 0.0000, 0.0000]])
tensor([[0.4779, 1.0000, 1.0000, 0.0000, 0.0000, 0.0000]])
tensor([[-0.4212,  1.0000,  1.0000,  0.0000,  0.0000,  0.0000]])
tensor([[-0.7497,  1.0000,  1.0000,  0.0000,  0.0000,  0.0000]])
tensor([[-0.9083,  1.0000,  0.0000,  0.0000,  0.0000,  0.0000]])
tensor([[0.1997, 0.0000, 0.0000, 0.0000, 0.0000, 0.0000]])
tensor([[-0.4950,  1.0000,  1.0000,  0.0000,  0.0000,  0.0000]])
tensor([[-0.5801,  0.0000,  1.0000,  0.0000,  0.0000,  0.0000]])
tensor([[-0.8391,  1.0000,  0.0000,  0.0000,  0.0000,  0.0000]])
tensor([[-0.2914,  1.0000,  1.0000,  0.0000,  0.0000,  0.0000]])
tensor([[-0.8757,  1.0000,  0.0000,  0.0000,  1.0000,  0.0000]])
tensor([[0.5043, 1.0000, 1.0000, 0.0000, 0.0000, 0.0000]])
tensor([[-0.1159,  1.0000,  1.0000,  0.0000,  0.0000,  0.0000]])
tensor([[-0.8748,  0.0000,  1.0000,  0.0000,  0.0000,  0.0000]])
tensor([[-0.8562,  0.0000,  1.0000,  0.0000,  0.0000,  0.0000]])
tensor([[0.9165, 0.0000, 0.0000, 0.0000, 0.0000, 0.0000]])
tensor([[0.2856, 1.0000, 1.0000, 0.0000, 0.0000, 0.0000]])
tensor([[-0.2326,  1.0000,  1.0000,  0.0000,  0.0000,  0.0000]])
tensor([[-0.6726,  1.0000,  1.0000,  0.0000,  0.0000,  0.0000]])
tensor([[0.2247, 0.0000, 0.0000, 0.0000, 0.0000, 0.0000]])
tensor([[-0.7407,  1.0000,  1.0000,  0.0000,  0.0000,  0.0000]])
tensor([[0.1046, 0.0000, 1.0000, 0.0000, 0.0000, 0.0000]])
tensor([[0.8576, 1.0000, 1.0000, 0.0000, 0.0000, 0.0000]])
tensor([[0.6027, 1.0000, 1.0000, 0.0000, 0.0000, 0.0000]])
tensor([[-0.8564,  1.0000,  1.0000,  0.0000,  0.0000,  0.0000]])
tensor([[-0.8917,  1.0000,  1.0000,  0.0000,  0.0000,  0.0000]])
tensor([[-0.3465,  1.0000,  1.0000,  0.0000,  0.0000,  0.0000]])
tensor([[-0.4777,  0.0000,  0.0000,  0.0000,  0.0000,  0.0000]])
tensor([[0.2926, 0.0000, 0.0000, 0.0000, 0.0000, 0.0000]])
tensor([[0.4926, 1.0000, 1.0000, 0.0000, 0.0000, 0.0000]])
tensor([[-0.3071,  0.0000,  0.0000,  0.0000,  0.0000,  0.0000]])
tensor([[-0.8109,  1.0000,  1.0000,  0.0000,  0.0000,  0.0000]])
tensor([[0.6171, 0.0000, 1.0000, 0.0000, 0.0000, 0.0000]])
tensor([[-0.8588,  1.0000,  1.0000,  0.0000,  0.0000,  0.0000]])
tensor([[-0.2764,  1.0000,  1.0000,  0.0000,  0.0000,  0.0000]])
tensor([[0.1182, 1.0000, 1.0000, 0.0000, 0.0000, 0.0000]])
tensor([[0.4241, 1.0000, 1.0000, 0.0000, 0.0000, 0.0000]])
tensor([[0.7466, 1.0000, 1.0000, 0.0000, 0.0000, 0.0000]])
tensor([[0.9631, 1.0000, 0.0000, 0.0000, 0.0000, 0.0000]])
tensor([[-0.7589,  1.0000,  0.0000,  0.0000,  0.0000,  0.0000]])
tensor([[-0.6667,  1.0000,  1.0000,  0.0000,  0.0000,  0.0000]])
tensor([[-0.5671,  1.0000,  0.0000,  0.0000,  0.0000,  0.0000]])
tensor([[-0.5709,  1.0000,  1.0000,  0.0000,  0.0000,  0.0000]])
tensor([[-0.9285,  0.0000,  1.0000,  0.0000,  0.0000,  0.0000]])
tensor([[-0.9958,  1.0000,  0.0000,  0.0000,  0.0000,  0.0000]])
tensor([[0.3605, 0.0000, 1.0000, 0.0000, 0.0000, 0.0000]])
tensor([[0.1291, 1.0000, 1.0000, 0.0000, 0.0000, 0.0000]])
tensor([[-0.0344,  0.0000,  0.0000,  0.0000,  0.0000,  0.0000]])
tensor([[-0.0720,  0.0000,  0.0000,  0.0000,  0.0000,  0.0000]])
tensor([[-0.3055,  1.0000,  0.0000,  0.0000,  0.0000,  0.0000]])
tensor([[-0.9894,  1.0000,  1.0000,  0.0000,  0.0000,  0.0000]])
tensor([[-0.9777,  1.0000,  0.0000,  0.0000,  0.0000,  0.0000]])
tensor([[-0.9417,  1.0000,  1.0000,  0.0000,  0.0000,  0.0000]])
tensor([[-0.9918,  1.0000,  0.0000,  0.0000,  0.0000,  0.0000]])
tensor([[-0.9774,  1.0000,  0.0000,  0.0000,  0.0000,  0.0000]])
tensor([[-0.9186,  1.0000,  1.0000,  0.0000,  0.0000,  0.0000]])
tensor([[-0.8098,  1.0000,  1.0000,  0.0000,  0.0000,  0.0000]])
tensor([[-0.8842,  1.0000,  1.0000,  0.0000,  0.0000,  0.0000]])
tensor([[-0.9302,  0.0000,  1.0000,  0.0000,  0.0000,  0.0000]])
tensor([[-0.9756,  0.0000,  0.0000,  0.0000,  0.0000,  0.0000]])
tensor([[-0.8960,  0.0000,  1.0000,  0.0000,  0.0000,  0.0000]])
tensor([[0.6654, 1.0000, 1.0000, 0.0000, 0.0000, 0.0000]])
tensor([[-0.5179,  1.0000,  1.0000,  0.0000,  0.0000,  0.0000]])
tensor([[-0.4031,  0.0000,  1.0000,  0.0000,  0.0000,  0.0000]])
tensor([[-0.9747,  1.0000,  0.0000,  0.0000,  0.0000,  0.0000]])
tensor([[-0.9739,  0.0000,  1.0000,  0.0000,  0.0000,  0.0000]])
tensor([[-0.9904,  1.0000,  0.0000,  0.0000,  0.0000,  0.0000]])
tensor([[-0.4147,  0.0000,  1.0000,  0.0000,  0.0000,  0.0000]])
tensor([[-0.9881,  0.0000,  0.0000,  0.0000,  0.0000,  0.0000]])
tensor([[0.2707, 0.0000, 1.0000, 0.0000, 0.0000, 0.0000]])
tensor([[-0.5293,  0.0000,  1.0000,  0.0000,  0.0000,  0.0000]])
tensor([[0.1894, 0.0000, 1.0000, 0.0000, 0.0000, 0.0000]])
tensor([[0.1524, 0.0000, 0.0000, 0.0000, 0.0000, 0.0000]])
tensor([[-0.8812,  0.0000,  1.0000,  0.0000,  0.0000,  0.0000]])
tensor([[0.9921, 0.0000, 1.0000, 0.0000, 0.0000, 0.0000]])
tensor([[-0.2304,  1.0000,  1.0000,  0.0000,  0.0000,  0.0000]])
tensor([[-0.2488,  0.0000,  1.0000,  0.0000,  0.0000,  0.0000]])
tensor([[-0.3912,  1.0000,  1.0000,  0.0000,  0.0000,  0.0000]])
tensor([[-0.2697,  1.0000,  1.0000,  0.0000,  0.0000,  0.0000]])
tensor([[-0.5910,  0.0000,  0.0000,  0.0000,  0.0000,  0.0000]])
tensor([[-0.8784,  0.0000,  0.0000,  0.0000,  0.0000,  0.0000]])
tensor([[-0.9589,  1.0000,  1.0000,  0.0000,  0.0000,  0.0000]])
tensor([[-0.4677,  1.0000,  1.0000,  0.0000,  0.0000,  0.0000]])
tensor([[-0.3383,  0.0000,  0.0000,  0.0000,  0.0000,  0.0000]])
tensor([[-0.8138,  1.0000,  1.0000,  0.0000,  0.0000,  0.0000]])
tensor([[-0.8180,  0.0000,  1.0000,  0.0000,  0.0000,  0.0000]])
tensor([[-0.8487,  1.0000,  1.0000,  0.0000,  0.0000,  0.0000]])
tensor([[-0.5471,  1.0000,  0.0000,  0.0000,  0.0000,  0.0000]])
tensor([[-0.7363,  1.0000,  0.0000,  0.0000,  0.0000,  0.0000]])
tensor([[0.7864, 0.0000, 1.0000, 0.0000, 0.0000, 0.0000]])
tensor([[-0.9710,  1.0000,  0.0000,  0.0000,  0.0000,  0.0000]])
tensor([[0.0321, 1.0000, 0.0000, 0.0000, 0.0000, 0.0000]])
tensor([[0.5050, 1.0000, 1.0000, 0.0000, 0.0000, 0.0000]])
tensor([[0.4152, 1.0000, 0.0000, 0.0000, 0.0000, 0.0000]])
tensor([[0.5808, 1.0000, 0.0000, 1.0000, 0.0000, 0.0000]])
tensor([[-0.4745,  1.0000,  0.0000,  0.0000,  0.0000,  0.0000]])
tensor([[0.7493, 0.0000, 0.0000, 0.0000, 0.0000, 0.0000]])
tensor([[-0.5658,  1.0000,  0.0000,  0.0000,  0.0000,  0.0000]])
tensor([[-0.5270,  1.0000,  0.0000,  0.0000,  0.0000,  0.0000]])
tensor([[0.1463, 1.0000, 0.0000, 0.0000, 0.0000, 0.0000]])
tensor([[0.7578, 1.0000, 1.0000, 0.0000, 0.0000, 0.0000]])
tensor([[0.6066, 1.0000, 1.0000, 0.0000, 0.0000, 0.0000]])
tensor([[0.6949, 1.0000, 0.0000, 0.0000, 0.0000, 0.0000]])
tensor([[0.9510, 1.0000, 0.0000, 0.0000, 0.0000, 0.0000]])
tensor([[0.6692, 1.0000, 0.0000, 0.0000, 0.0000, 0.0000]])
tensor([[0.9458, 1.0000, 0.0000, 0.0000, 0.0000, 0.0000]])
tensor([[0.9345, 0.0000, 0.0000, 1.0000, 0.0000, 0.0000]])
tensor([[0.1270, 1.0000, 1.0000, 0.0000, 0.0000, 0.0000]])
tensor([[-0.0818,  0.0000,  0.0000,  0.0000,  0.0000,  0.0000]])
tensor([[-0.4379,  1.0000,  1.0000,  0.0000,  0.0000,  0.0000]])
tensor([[-0.8466,  1.0000,  0.0000,  0.0000,  0.0000,  0.0000]])
tensor([[0.6945, 1.0000, 0.0000, 0.0000, 0.0000, 0.0000]])
tensor([[0.1404, 1.0000, 0.0000, 0.0000, 0.0000, 0.0000]])
tensor([[0.8973, 1.0000, 0.0000, 0.0000, 0.0000, 0.0000]])
tensor([[0.9469, 1.0000, 0.0000, 0.0000, 0.0000, 0.0000]])
tensor([[0.8407, 1.0000, 1.0000, 0.0000, 0.0000, 0.0000]])
tensor([[0.6596, 1.0000, 0.0000, 0.0000, 0.0000, 0.0000]])
tensor([[0.9255, 1.0000, 1.0000, 0.0000, 0.0000, 0.0000]])
tensor([[0.7595, 1.0000, 0.0000, 0.0000, 0.0000, 0.0000]])
tensor([[0.5366, 1.0000, 0.0000, 0.0000, 0.0000, 0.0000]])
tensor([[-0.0591,  1.0000,  1.0000,  0.0000,  0.0000,  0.0000]])
tensor([[0.0525, 1.0000, 1.0000, 0.0000, 0.0000, 0.0000]])
tensor([[0.8849, 1.0000, 0.0000, 0.0000, 0.0000, 0.0000]])
tensor([[0.6251, 1.0000, 0.0000, 0.0000, 0.0000, 0.0000]])
tensor([[0.6506, 1.0000, 0.0000, 0.0000, 0.0000, 0.0000]])
tensor([[0.6566, 1.0000, 0.0000, 0.0000, 0.0000, 0.0000]])
tensor([[0.8182, 1.0000, 0.0000, 0.0000, 0.0000, 0.0000]])
tensor([[0.8910, 1.0000, 0.0000, 0.0000, 0.0000, 0.0000]])
tensor([[0.9087, 1.0000, 0.0000, 0.0000, 0.0000, 0.0000]])
tensor([[0.8618, 1.0000, 0.0000, 0.0000, 0.0000, 0.0000]])
tensor([[0.9734, 1.0000, 0.0000, 0.0000, 0.0000, 0.0000]])
tensor([[0.8161, 0.0000, 0.0000, 0.0000, 0.0000, 0.0000]])
tensor([[0.9588, 1.0000, 0.0000, 0.0000, 0.0000, 0.0000]])
tensor([[0.6806, 1.0000, 0.0000, 0.0000, 0.0000, 0.0000]])
tensor([[-0.9589,  1.0000,  1.0000,  0.0000,  0.0000,  0.0000]])
tensor([[-0.0954,  1.0000,  0.0000,  0.0000,  0.0000,  0.0000]])
tensor([[-0.7942,  1.0000,  0.0000,  0.0000,  0.0000,  0.0000]])
tensor([[-0.4218,  1.0000,  0.0000,  0.0000,  0.0000,  0.0000]])
tensor([[-0.6828,  1.0000,  1.0000,  0.0000,  0.0000,  0.0000]])
tensor([[-0.7267,  1.0000,  1.0000,  0.0000,  0.0000,  0.0000]])
tensor([[-0.8523,  0.0000,  1.0000,  0.0000,  0.0000,  0.0000]])
tensor([[-0.9165,  1.0000,  1.0000,  0.0000,  0.0000,  0.0000]])
tensor([[-0.6907,  1.0000,  1.0000,  0.0000,  0.0000,  0.0000]])
tensor([[-0.8651,  1.0000,  0.0000,  0.0000,  0.0000,  0.0000]])
tensor([[-0.2744,  1.0000,  0.0000,  0.0000,  0.0000,  0.0000]])
tensor([[0.3173, 0.0000, 1.0000, 0.0000, 1.0000, 0.0000]])
tensor([[0.1201, 1.0000, 1.0000, 0.0000, 0.0000, 0.0000]])
tensor([[-0.8052,  0.0000,  1.0000,  0.0000,  0.0000,  0.0000]])
tensor([[-0.7841,  1.0000,  1.0000,  0.0000,  0.0000,  0.0000]])
tensor([[-0.3226,  1.0000,  0.0000,  0.0000,  0.0000,  0.0000]])
tensor([[-0.0719,  1.0000,  1.0000,  0.0000,  0.0000,  0.0000]])
tensor([[-0.6521,  0.0000,  1.0000,  0.0000,  0.0000,  0.0000]])
tensor([[-0.6514,  0.0000,  0.0000,  0.0000,  0.0000,  0.0000]])
tensor([[-0.4631,  1.0000,  0.0000,  0.0000,  0.0000,  0.0000]])
tensor([[-0.8126,  1.0000,  0.0000,  0.0000,  0.0000,  0.0000]])
tensor([[-0.7855,  1.0000,  0.0000,  0.0000,  0.0000,  0.0000]])
tensor([[-0.2484,  0.0000,  0.0000,  0.0000,  0.0000,  0.0000]])
tensor([[-0.6366,  1.0000,  1.0000,  0.0000,  0.0000,  0.0000]])
tensor([[-0.4175,  1.0000,  1.0000,  0.0000,  0.0000,  0.0000]])
tensor([[-0.6653,  1.0000,  0.0000,  0.0000,  0.0000,  0.0000]])
tensor([[-0.1368,  1.0000,  1.0000,  0.0000,  0.0000,  0.0000]])
tensor([[-0.4711,  1.0000,  1.0000,  0.0000,  0.0000,  0.0000]])
tensor([[-0.7572,  0.0000,  0.0000,  0.0000,  0.0000,  0.0000]])
tensor([[-0.3478,  1.0000,  0.0000,  1.0000,  0.0000,  0.0000]])
tensor([[-0.7103,  0.0000,  0.0000,  0.0000,  0.0000,  0.0000]])
tensor([[-0.2498,  1.0000,  0.0000,  0.0000,  0.0000,  0.0000]])
tensor([[-0.8571,  1.0000,  1.0000,  0.0000,  0.0000,  0.0000]])
tensor([[-0.8589,  1.0000,  0.0000,  0.0000,  0.0000,  0.0000]])
tensor([[-0.9653,  0.0000,  1.0000,  0.0000,  0.0000,  0.0000]])
tensor([[-0.7089,  0.0000,  1.0000,  0.0000,  0.0000,  0.0000]])
tensor([[0.6301, 1.0000, 0.0000, 0.0000, 0.0000, 0.0000]])
tensor([[-0.7661,  1.0000,  0.0000,  0.0000,  0.0000,  0.0000]])
tensor([[-0.2895,  1.0000,  0.0000,  0.0000,  0.0000,  0.0000]])
tensor([[-0.0797,  1.0000,  1.0000,  0.0000,  0.0000,  0.0000]])
tensor([[0.4323, 1.0000, 1.0000, 0.0000, 0.0000, 0.0000]])
tensor([[0.2008, 1.0000, 1.0000, 1.0000, 0.0000, 0.0000]])
tensor([[-0.3766,  0.0000,  1.0000,  0.0000,  0.0000,  0.0000]])
tensor([[-0.8012,  1.0000,  1.0000,  0.0000,  0.0000,  0.0000]])
tensor([[-0.4737,  1.0000,  1.0000,  0.0000,  0.0000,  0.0000]])
tensor([[-0.5341,  0.0000,  0.0000,  0.0000,  0.0000,  0.0000]])
tensor([[-0.6181,  1.0000,  0.0000,  0.0000,  0.0000,  0.0000]])
tensor([[0.1772, 1.0000, 0.0000, 0.0000, 0.0000, 0.0000]])
tensor([[-0.6149,  0.0000,  0.0000,  0.0000,  0.0000,  0.0000]])
tensor([[-0.6670,  1.0000,  0.0000,  0.0000,  0.0000,  0.0000]])
tensor([[-0.1568,  1.0000,  1.0000,  0.0000,  0.0000,  0.0000]])
tensor([[-0.5468,  1.0000,  1.0000,  0.0000,  0.0000,  0.0000]])
tensor([[-0.5410,  1.0000,  1.0000,  0.0000,  0.0000,  0.0000]])
tensor([[-0.2467,  1.0000,  1.0000,  0.0000,  0.0000,  0.0000]])
tensor([[-0.8339,  0.0000,  0.0000,  0.0000,  0.0000,  0.0000]])
tensor([[0.1579, 1.0000, 0.0000, 0.0000, 0.0000, 0.0000]])
tensor([[-0.3456,  1.0000,  1.0000,  0.0000,  0.0000,  0.0000]])
tensor([[-0.0963,  1.0000,  0.0000,  1.0000,  0.0000,  0.0000]])
tensor([[-0.1789,  0.0000,  1.0000,  0.0000,  0.0000,  0.0000]])
tensor([[-0.5013,  1.0000,  0.0000,  0.0000,  0.0000,  0.0000]])
tensor([[-0.4667,  1.0000,  1.0000,  0.0000,  0.0000,  0.0000]])
tensor([[-0.5694,  0.0000,  0.0000,  0.0000,  0.0000,  0.0000]])
tensor([[-0.2071,  1.0000,  1.0000,  0.0000,  0.0000,  0.0000]])
tensor([[-0.3702,  1.0000,  0.0000,  0.0000,  0.0000,  0.0000]])
tensor([[0.0086, 1.0000, 1.0000, 0.0000, 0.0000, 0.0000]])
tensor([[0.0886, 1.0000, 0.0000, 0.0000, 0.0000, 0.0000]])
tensor([[-0.8020,  1.0000,  1.0000,  0.0000,  0.0000,  0.0000]])
tensor([[-0.6995,  1.0000,  1.0000,  0.0000,  0.0000,  0.0000]])
tensor([[-0.5407,  1.0000,  1.0000,  0.0000,  0.0000,  0.0000]])
tensor([[0.3159, 1.0000, 1.0000, 0.0000, 0.0000, 0.0000]])
tensor([[-0.0979,  1.0000,  1.0000,  0.0000,  0.0000,  0.0000]])
tensor([[0.0285, 1.0000, 0.0000, 0.0000, 0.0000, 0.0000]])
tensor([[-0.3122,  1.0000,  1.0000,  0.0000,  0.0000,  0.0000]])
tensor([[-0.6011,  1.0000,  0.0000,  0.0000,  0.0000,  0.0000]])
tensor([[0.5205, 0.0000, 1.0000, 0.0000, 0.0000, 0.0000]])
tensor([[-0.5877,  0.0000,  1.0000,  0.0000,  0.0000,  0.0000]])
tensor([[-0.5218,  0.0000,  0.0000,  0.0000,  0.0000,  0.0000]])
tensor([[0.3727, 1.0000, 1.0000, 0.0000, 0.0000, 0.0000]])
tensor([[-0.0545,  1.0000,  0.0000,  0.0000,  0.0000,  0.0000]])
tensor([[-0.7946,  1.0000,  0.0000,  0.0000,  0.0000,  0.0000]])
tensor([[0.3262, 1.0000, 1.0000, 0.0000, 0.0000, 0.0000]])
tensor([[-0.3971,  1.0000,  0.0000,  0.0000,  0.0000,  0.0000]])
tensor([[-0.3784,  1.0000,  0.0000,  0.0000,  0.0000,  0.0000]])
tensor([[0.3621, 1.0000, 0.0000, 0.0000, 0.0000, 0.0000]])
tensor([[-0.8652,  1.0000,  0.0000,  0.0000,  0.0000,  0.0000]])
tensor([[-0.0749,  0.0000,  0.0000,  0.0000,  0.0000,  0.0000]])
tensor([[-0.3752,  1.0000,  0.0000,  0.0000,  0.0000,  0.0000]])
tensor([[-0.6261,  0.0000,  0.0000,  0.0000,  0.0000,  0.0000]])
tensor([[0.1157, 1.0000, 0.0000, 0.0000, 0.0000, 0.0000]])
tensor([[0.0945, 1.0000, 1.0000, 0.0000, 0.0000, 0.0000]])
tensor([[-0.1007,  1.0000,  0.0000,  0.0000,  0.0000,  0.0000]])
tensor([[-0.6903,  1.0000,  0.0000,  0.0000,  0.0000,  0.0000]])
tensor([[-0.2650,  0.0000,  0.0000,  0.0000,  0.0000,  0.0000]])
tensor([[-0.4848,  1.0000,  0.0000,  0.0000,  0.0000,  0.0000]])
tensor([[-0.3316,  1.0000,  1.0000,  0.0000,  0.0000,  0.0000]])
tensor([[0.2739, 1.0000, 1.0000, 0.0000, 0.0000, 0.0000]])
tensor([[-0.3772,  1.0000,  0.0000,  0.0000,  0.0000,  0.0000]])
tensor([[0.2708, 1.0000, 0.0000, 0.0000, 0.0000, 1.0000]])
tensor([[0.3793, 1.0000, 0.0000, 0.0000, 0.0000, 0.0000]])
tensor([[-0.4175,  1.0000,  1.0000,  0.0000,  0.0000,  0.0000]])
tensor([[-0.2491,  0.0000,  0.0000,  0.0000,  0.0000,  0.0000]])
tensor([[-0.4671,  1.0000,  0.0000,  0.0000,  0.0000,  0.0000]])
tensor([[-0.1472,  1.0000,  0.0000,  0.0000,  0.0000,  0.0000]])
tensor([[-0.2149,  1.0000,  0.0000,  0.0000,  0.0000,  0.0000]])
tensor([[-0.7626,  1.0000,  0.0000,  0.0000,  0.0000,  0.0000]])
tensor([[-0.1121,  1.0000,  0.0000,  0.0000,  0.0000,  0.0000]])
tensor([[-0.1553,  0.0000,  1.0000,  0.0000,  0.0000,  0.0000]])
tensor([[-0.1417,  1.0000,  1.0000,  0.0000,  0.0000,  0.0000]])
tensor([[-0.0230,  0.0000,  1.0000,  0.0000,  0.0000,  0.0000]])
tensor([[-0.6002,  1.0000,  0.0000,  0.0000,  0.0000,  0.0000]])
tensor([[-0.1704,  1.0000,  1.0000,  0.0000,  0.0000,  0.0000]])
tensor([[-0.4437,  1.0000,  0.0000,  0.0000,  0.0000,  0.0000]])
tensor([[-0.8242,  1.0000,  0.0000,  0.0000,  0.0000,  0.0000]])
tensor([[-0.0952,  1.0000,  1.0000,  0.0000,  0.0000,  0.0000]])
tensor([[-0.7778,  1.0000,  0.0000,  0.0000,  0.0000,  0.0000]])
tensor([[-0.5125,  1.0000,  1.0000,  0.0000,  0.0000,  0.0000]])
tensor([[-0.6922,  1.0000,  1.0000,  0.0000,  0.0000,  0.0000]])
tensor([[-0.2341,  0.0000,  0.0000,  0.0000,  0.0000,  0.0000]])
tensor([[0.2687, 1.0000, 0.0000, 0.0000, 0.0000, 0.0000]])
tensor([[-0.1105,  1.0000,  1.0000,  0.0000,  0.0000,  0.0000]])
tensor([[-0.4310,  0.0000,  0.0000,  0.0000,  0.0000,  0.0000]])
tensor([[-0.5755,  1.0000,  0.0000,  0.0000,  0.0000,  0.0000]])
tensor([[-0.3754,  1.0000,  0.0000,  0.0000,  0.0000,  0.0000]])
tensor([[0.3125, 0.0000, 0.0000, 0.0000, 0.0000, 0.0000]])
tensor([[-0.2862,  1.0000,  0.0000,  0.0000,  0.0000,  0.0000]])
tensor([[-0.8609,  0.0000,  0.0000,  0.0000,  0.0000,  0.0000]])
tensor([[-0.0697,  0.0000,  0.0000,  0.0000,  0.0000,  0.0000]])
tensor([[-0.4968,  1.0000,  0.0000,  0.0000,  0.0000,  0.0000]])
tensor([[-0.4735,  0.0000,  1.0000,  0.0000,  0.0000,  0.0000]])
tensor([[-0.2622,  1.0000,  1.0000,  0.0000,  0.0000,  0.0000]])
tensor([[0.1990, 1.0000, 0.0000, 0.0000, 0.0000, 0.0000]])
tensor([[-0.0251,  0.0000,  0.0000,  0.0000,  0.0000,  0.0000]])
tensor([[-0.6112,  1.0000,  0.0000,  0.0000,  0.0000,  0.0000]])
tensor([[0.1683, 1.0000, 1.0000, 0.0000, 0.0000, 0.0000]])
tensor([[-0.8849,  1.0000,  0.0000,  0.0000,  0.0000,  0.0000]])
tensor([[-0.6328,  0.0000,  1.0000,  0.0000,  0.0000,  0.0000]])
tensor([[0.0098, 1.0000, 0.0000, 0.0000, 0.0000, 0.0000]])
tensor([[-0.0666,  0.0000,  0.0000,  0.0000,  0.0000,  0.0000]])
tensor([[-0.4474,  1.0000,  1.0000,  0.0000,  0.0000,  0.0000]])
tensor([[-0.0287,  1.0000,  1.0000,  0.0000,  0.0000,  0.0000]])
tensor([[-0.6040,  1.0000,  1.0000,  0.0000,  0.0000,  0.0000]])
tensor([[-0.8183,  1.0000,  0.0000,  0.0000,  0.0000,  0.0000]])
tensor([[0.2170, 1.0000, 1.0000, 0.0000, 0.0000, 0.0000]])
tensor([[-0.7479,  1.0000,  0.0000,  0.0000,  0.0000,  0.0000]])
tensor([[-0.2523,  0.0000,  1.0000,  0.0000,  0.0000,  0.0000]])
tensor([[-0.7627,  1.0000,  0.0000,  0.0000,  0.0000,  0.0000]])
tensor([[-0.7209,  1.0000,  1.0000,  0.0000,  0.0000,  0.0000]])
tensor([[-0.6992,  1.0000,  0.0000,  0.0000,  0.0000,  0.0000]])
tensor([[-0.4182,  1.0000,  0.0000,  0.0000,  0.0000,  0.0000]])
tensor([[-0.7329,  1.0000,  1.0000,  0.0000,  0.0000,  0.0000]])
tensor([[-0.8322,  1.0000,  0.0000,  0.0000,  0.0000,  0.0000]])
tensor([[-0.5093,  1.0000,  0.0000,  0.0000,  0.0000,  0.0000]])
tensor([[-0.6355,  0.0000,  0.0000,  0.0000,  0.0000,  0.0000]])
tensor([[-0.8739,  1.0000,  0.0000,  0.0000,  0.0000,  0.0000]])
tensor([[-0.6865,  1.0000,  1.0000,  0.0000,  0.0000,  0.0000]])
tensor([[0.5591, 1.0000, 1.0000, 0.0000, 0.0000, 0.0000]])
tensor([[-0.1994,  1.0000,  0.0000,  0.0000,  0.0000,  0.0000]])
tensor([[-0.0086,  0.0000,  1.0000,  0.0000,  0.0000,  0.0000]])
tensor([[-0.6243,  0.0000,  1.0000,  0.0000,  0.0000,  0.0000]])
tensor([[-0.7287,  0.0000,  0.0000,  0.0000,  0.0000,  0.0000]])
tensor([[-0.0041,  1.0000,  0.0000,  0.0000,  0.0000,  0.0000]])
tensor([[-0.9439,  0.0000,  0.0000,  0.0000,  0.0000,  0.0000]])
tensor([[-0.8689,  1.0000,  1.0000,  0.0000,  0.0000,  0.0000]])
tensor([[-0.6283,  1.0000,  1.0000,  0.0000,  0.0000,  0.0000]])
tensor([[-0.7097,  1.0000,  0.0000,  0.0000,  0.0000,  0.0000]])
tensor([[0.0028, 0.0000, 1.0000, 0.0000, 0.0000, 0.0000]])
tensor([[-0.7725,  1.0000,  1.0000,  0.0000,  0.0000,  0.0000]])
tensor([[-0.7598,  1.0000,  0.0000,  0.0000,  0.0000,  0.0000]])
tensor([[-0.7205,  1.0000,  0.0000,  0.0000,  0.0000,  0.0000]])
tensor([[0.2396, 1.0000, 0.0000, 0.0000, 0.0000, 0.0000]])
tensor([[0.1198, 1.0000, 0.0000, 0.0000, 0.0000, 0.0000]])
tensor([[-0.9309,  1.0000,  1.0000,  0.0000,  0.0000,  0.0000]])
tensor([[-0.3312,  1.0000,  0.0000,  0.0000,  0.0000,  0.0000]])
tensor([[-0.6311,  1.0000,  0.0000,  0.0000,  0.0000,  0.0000]])
tensor([[-0.5544,  0.0000,  0.0000,  0.0000,  0.0000,  0.0000]])
tensor([[-0.9379,  0.0000,  1.0000,  0.0000,  1.0000,  0.0000]])
tensor([[-0.2537,  1.0000,  0.0000,  0.0000,  0.0000,  0.0000]])
tensor([[-0.7512,  1.0000,  0.0000,  0.0000,  0.0000,  0.0000]])
tensor([[-0.5934,  1.0000,  1.0000,  0.0000,  0.0000,  0.0000]])
tensor([[-0.7888,  1.0000,  1.0000,  0.0000,  0.0000,  0.0000]])
tensor([[-0.0773,  1.0000,  0.0000,  0.0000,  0.0000,  0.0000]])
tensor([[-0.2269,  1.0000,  1.0000,  0.0000,  0.0000,  0.0000]])
tensor([[-0.2471,  1.0000,  0.0000,  0.0000,  0.0000,  0.0000]])
tensor([[-0.1377,  1.0000,  0.0000,  0.0000,  0.0000,  0.0000]])
tensor([[-0.2634,  1.0000,  0.0000,  0.0000,  0.0000,  0.0000]])
tensor([[-0.8893,  1.0000,  0.0000,  0.0000,  0.0000,  0.0000]])
tensor([[-0.7657,  0.0000,  0.0000,  0.0000,  0.0000,  0.0000]])
tensor([[-0.8076,  1.0000,  0.0000,  0.0000,  0.0000,  0.0000]])
tensor([[-0.5063,  1.0000,  0.0000,  0.0000,  0.0000,  0.0000]])
tensor([[0.2802, 1.0000, 1.0000, 0.0000, 0.0000, 0.0000]])
tensor([[0.6734, 1.0000, 0.0000, 0.0000, 0.0000, 0.0000]])
tensor([[-0.5977,  1.0000,  1.0000,  0.0000,  0.0000,  0.0000]])
tensor([[-0.7430,  0.0000,  0.0000,  0.0000,  0.0000,  0.0000]])
tensor([[-0.8697,  0.0000,  0.0000,  0.0000,  0.0000,  0.0000]])
tensor([[-0.1230,  1.0000,  1.0000,  0.0000,  0.0000,  0.0000]])
tensor([[-0.8868,  0.0000,  1.0000,  0.0000,  0.0000,  0.0000]])
tensor([[-0.9150,  0.0000,  0.0000,  0.0000,  0.0000,  0.0000]])
tensor([[-0.3872,  1.0000,  1.0000,  0.0000,  0.0000,  0.0000]])
tensor([[0.0407, 1.0000, 0.0000, 0.0000, 0.0000, 0.0000]])
tensor([[-0.3190,  1.0000,  0.0000,  0.0000,  0.0000,  0.0000]])
tensor([[-0.7795,  1.0000,  1.0000,  0.0000,  0.0000,  0.0000]])
tensor([[-0.7812,  1.0000,  1.0000,  0.0000,  0.0000,  0.0000]])
tensor([[-0.9047,  0.0000,  0.0000,  0.0000,  0.0000,  0.0000]])
tensor([[-0.0097,  1.0000,  0.0000,  0.0000,  0.0000,  0.0000]])
tensor([[-0.7956,  1.0000,  0.0000,  0.0000,  0.0000,  0.0000]])
tensor([[-0.7655,  0.0000,  1.0000,  0.0000,  0.0000,  0.0000]])
tensor([[-0.9562,  1.0000,  1.0000,  0.0000,  0.0000,  0.0000]])
tensor([[-0.6566,  1.0000,  0.0000,  0.0000,  0.0000,  0.0000]])
tensor([[-0.2690,  1.0000,  0.0000,  0.0000,  0.0000,  0.0000]])
tensor([[-0.8431,  1.0000,  1.0000,  0.0000,  0.0000,  0.0000]])
tensor([[-0.5832,  1.0000,  1.0000,  0.0000,  0.0000,  0.0000]])
tensor([[-0.9175,  1.0000,  1.0000,  0.0000,  0.0000,  0.0000]])
tensor([[-0.4164,  1.0000,  1.0000,  0.0000,  0.0000,  0.0000]])
tensor([[-0.9327,  1.0000,  0.0000,  0.0000,  0.0000,  0.0000]])
tensor([[-0.7499,  1.0000,  0.0000,  0.0000,  0.0000,  0.0000]])
tensor([[-0.7701,  1.0000,  1.0000,  0.0000,  0.0000,  0.0000]])
tensor([[-0.9014,  0.0000,  0.0000,  0.0000,  0.0000,  0.0000]])
tensor([[-0.9161,  1.0000,  1.0000,  0.0000,  0.0000,  0.0000]])
tensor([[-0.2605,  1.0000,  0.0000,  1.0000,  0.0000,  0.0000]])
tensor([[0.0099, 1.0000, 0.0000, 0.0000, 0.0000, 0.0000]])
tensor([[0.3145, 1.0000, 0.0000, 0.0000, 0.0000, 0.0000]])
tensor([[-0.7016,  1.0000,  1.0000,  0.0000,  0.0000,  0.0000]])
tensor([[-0.8345,  0.0000,  0.0000,  0.0000,  0.0000,  0.0000]])
tensor([[-0.0399,  1.0000,  0.0000,  0.0000,  0.0000,  0.0000]])
tensor([[-0.5836,  1.0000,  1.0000,  0.0000,  0.0000,  0.0000]])
tensor([[-0.6171,  1.0000,  0.0000,  0.0000,  0.0000,  0.0000]])
tensor([[-0.8886,  1.0000,  0.0000,  0.0000,  0.0000,  0.0000]])
tensor([[-0.3137,  0.0000,  0.0000,  0.0000,  0.0000,  0.0000]])
tensor([[-0.8728,  1.0000,  0.0000,  0.0000,  0.0000,  0.0000]])
tensor([[0.4245, 1.0000, 1.0000, 0.0000, 0.0000, 0.0000]])
tensor([[-0.8319,  1.0000,  0.0000,  0.0000,  0.0000,  0.0000]])
tensor([[0.0608, 1.0000, 1.0000, 0.0000, 0.0000, 0.0000]])
tensor([[-0.7259,  1.0000,  0.0000,  0.0000,  0.0000,  0.0000]])
tensor([[-0.7445,  1.0000,  0.0000,  0.0000,  0.0000,  0.0000]])
tensor([[-0.8094,  1.0000,  1.0000,  0.0000,  0.0000,  0.0000]])
tensor([[-0.9040,  1.0000,  0.0000,  0.0000,  0.0000,  0.0000]])
tensor([[-0.8688,  0.0000,  1.0000,  0.0000,  0.0000,  0.0000]])
tensor([[-0.8422,  0.0000,  1.0000,  0.0000,  0.0000,  0.0000]])
tensor([[-0.8302,  1.0000,  1.0000,  0.0000,  0.0000,  0.0000]])
tensor([[-0.4560,  0.0000,  1.0000,  0.0000,  0.0000,  0.0000]])
tensor([[-0.6756,  0.0000,  1.0000,  0.0000,  0.0000,  0.0000]])
tensor([[0.0428, 1.0000, 1.0000, 0.0000, 0.0000, 0.0000]])
tensor([[0.3223, 0.0000, 1.0000, 0.0000, 0.0000, 0.0000]])
tensor([[-0.2488,  1.0000,  1.0000,  0.0000,  0.0000,  0.0000]])
tensor([[-0.7070,  0.0000,  0.0000,  0.0000,  0.0000,  0.0000]])
tensor([[0.8256, 0.0000, 1.0000, 0.0000, 0.0000, 0.0000]])
tensor([[-0.3848,  1.0000,  0.0000,  0.0000,  0.0000,  0.0000]])
tensor([[-0.2526,  1.0000,  1.0000,  0.0000,  0.0000,  0.0000]])
tensor([[-0.5114,  1.0000,  1.0000,  0.0000,  0.0000,  0.0000]])
tensor([[-0.8982,  1.0000,  1.0000,  0.0000,  0.0000,  0.0000]])
tensor([[-0.7699,  1.0000,  1.0000,  0.0000,  0.0000,  0.0000]])
tensor([[0.0138, 1.0000, 0.0000, 0.0000, 0.0000, 0.0000]])
tensor([[-0.3876,  1.0000,  0.0000,  0.0000,  0.0000,  0.0000]])
tensor([[-0.5751,  1.0000,  1.0000,  0.0000,  0.0000,  0.0000]])
tensor([[-0.6937,  0.0000,  0.0000,  0.0000,  0.0000,  0.0000]])
tensor([[-0.4693,  1.0000,  1.0000,  0.0000,  0.0000,  0.0000]])
tensor([[-0.5275,  1.0000,  1.0000,  0.0000,  0.0000,  0.0000]])
tensor([[-0.6662,  1.0000,  0.0000,  0.0000,  0.0000,  0.0000]])
tensor([[-0.6921,  0.0000,  1.0000,  0.0000,  0.0000,  0.0000]])
tensor([[-0.7698,  1.0000,  1.0000,  0.0000,  0.0000,  0.0000]])
tensor([[-0.4803,  1.0000,  0.0000,  0.0000,  0.0000,  0.0000]])
tensor([[-0.5914,  1.0000,  1.0000,  0.0000,  0.0000,  0.0000]])
tensor([[-0.5649,  1.0000,  0.0000,  1.0000,  0.0000,  0.0000]])
tensor([[-0.9391,  1.0000,  0.0000,  0.0000,  0.0000,  0.0000]])
tensor([[-0.9305,  1.0000,  0.0000,  0.0000,  0.0000,  0.0000]])
tensor([[-0.9319,  0.0000,  1.0000,  0.0000,  0.0000,  0.0000]])
tensor([[-0.9141,  1.0000,  1.0000,  0.0000,  0.0000,  0.0000]])
tensor([[-0.3790,  1.0000,  0.0000,  0.0000,  0.0000,  0.0000]])
tensor([[-0.1638,  0.0000,  1.0000,  0.0000,  0.0000,  0.0000]])
tensor([[-0.2432,  0.0000,  0.0000,  0.0000,  0.0000,  0.0000]])
tensor([[-0.6071,  0.0000,  1.0000,  0.0000,  0.0000,  0.0000]])
tensor([[-0.8979,  0.0000,  0.0000,  0.0000,  0.0000,  0.0000]])
tensor([[-0.6810,  0.0000,  0.0000,  0.0000,  0.0000,  0.0000]])
tensor([[-0.5548,  1.0000,  0.0000,  0.0000,  0.0000,  0.0000]])
tensor([[-0.1132,  1.0000,  1.0000,  0.0000,  0.0000,  0.0000]])
tensor([[-0.4721,  1.0000,  1.0000,  0.0000,  0.0000,  0.0000]])
tensor([[-0.9292,  1.0000,  0.0000,  0.0000,  0.0000,  0.0000]])
tensor([[-0.8062,  1.0000,  0.0000,  0.0000,  0.0000,  0.0000]])
tensor([[-0.6559,  1.0000,  0.0000,  0.0000,  0.0000,  0.0000]])
tensor([[-0.6591,  1.0000,  1.0000,  0.0000,  0.0000,  0.0000]])
tensor([[-0.6753,  1.0000,  0.0000,  0.0000,  0.0000,  0.0000]])
tensor([[-0.9293,  0.0000,  0.0000,  0.0000,  0.0000,  0.0000]])
tensor([[-0.6382,  0.0000,  1.0000,  0.0000,  0.0000,  0.0000]])
tensor([[-0.6671,  1.0000,  0.0000,  0.0000,  0.0000,  0.0000]])
tensor([[-0.2648,  0.0000,  0.0000,  0.0000,  0.0000,  0.0000]])
tensor([[-0.3202,  1.0000,  0.0000,  0.0000,  0.0000,  0.0000]])
tensor([[-0.5653,  1.0000,  0.0000,  0.0000,  0.0000,  0.0000]])
tensor([[-0.5649,  1.0000,  1.0000,  0.0000,  0.0000,  0.0000]])
tensor([[0.3347, 0.0000, 0.0000, 0.0000, 0.0000, 0.0000]])
tensor([[-0.6200,  1.0000,  1.0000,  0.0000,  0.0000,  0.0000]])
tensor([[0.2899, 1.0000, 1.0000, 0.0000, 0.0000, 0.0000]])
tensor([[-0.7441,  0.0000,  0.0000,  0.0000,  0.0000,  0.0000]])
tensor([[0.0404, 1.0000, 0.0000, 0.0000, 0.0000, 0.0000]])
tensor([[-0.1850,  0.0000,  1.0000,  0.0000,  0.0000,  0.0000]])
tensor([[-0.1143,  0.0000,  1.0000,  1.0000,  0.0000,  0.0000]])
tensor([[0.0273, 0.0000, 1.0000, 0.0000, 0.0000, 0.0000]])
tensor([[-0.7905,  1.0000,  0.0000,  0.0000,  0.0000,  0.0000]])
tensor([[-0.7100,  1.0000,  1.0000,  0.0000,  0.0000,  0.0000]])
tensor([[-0.4614,  1.0000,  1.0000,  0.0000,  0.0000,  0.0000]])
tensor([[0.0015, 0.0000, 1.0000, 0.0000, 0.0000, 0.0000]])
tensor([[-0.2585,  1.0000,  1.0000,  0.0000,  0.0000,  0.0000]])
tensor([[0.6697, 1.0000, 0.0000, 0.0000, 0.0000, 0.0000]])
tensor([[-0.3401,  1.0000,  0.0000,  0.0000,  0.0000,  0.0000]])
tensor([[-0.6604,  1.0000,  1.0000,  0.0000,  0.0000,  0.0000]])
tensor([[0.6403, 1.0000, 0.0000, 0.0000, 0.0000, 0.0000]])
tensor([[-0.2943,  1.0000,  0.0000,  0.0000,  0.0000,  0.0000]])
tensor([[-0.0837,  1.0000,  0.0000,  0.0000,  0.0000,  0.0000]])
tensor([[-0.0199,  1.0000,  1.0000,  0.0000,  0.0000,  0.0000]])
tensor([[-0.3022,  1.0000,  1.0000,  0.0000,  0.0000,  0.0000]])
tensor([[-0.4742,  1.0000,  0.0000,  0.0000,  0.0000,  0.0000]])
tensor([[-0.0479,  0.0000,  0.0000,  0.0000,  0.0000,  0.0000]])
tensor([[-0.1062,  1.0000,  0.0000,  0.0000,  0.0000,  0.0000]])
tensor([[0.5684, 1.0000, 0.0000, 0.0000, 0.0000, 0.0000]])
tensor([[-0.1375,  1.0000,  1.0000,  0.0000,  0.0000,  0.0000]])
tensor([[-0.1654,  0.0000,  0.0000,  0.0000,  0.0000,  0.0000]])
tensor([[-0.2567,  1.0000,  0.0000,  0.0000,  0.0000,  0.0000]])
tensor([[0.0337, 0.0000, 1.0000, 0.0000, 0.0000, 0.0000]])
tensor([[-0.6870,  1.0000,  0.0000,  0.0000,  0.0000,  0.0000]])
tensor([[-0.2709,  1.0000,  0.0000,  0.0000,  0.0000,  0.0000]])
tensor([[0.2990, 1.0000, 1.0000, 0.0000, 0.0000, 0.0000]])
tensor([[-0.6465,  1.0000,  1.0000,  0.0000,  0.0000,  0.0000]])
tensor([[0.0120, 1.0000, 1.0000, 0.0000, 0.0000, 0.0000]])
tensor([[-0.4778,  1.0000,  0.0000,  0.0000,  0.0000,  0.0000]])
tensor([[0.0971, 1.0000, 0.0000, 0.0000, 1.0000, 0.0000]])
tensor([[-0.4283,  0.0000,  0.0000,  0.0000,  0.0000,  0.0000]])
tensor([[0.6693, 0.0000, 1.0000, 0.0000, 0.0000, 0.0000]])
tensor([[-0.0541,  1.0000,  0.0000,  0.0000,  0.0000,  0.0000]])
tensor([[-0.0077,  1.0000,  0.0000,  0.0000,  0.0000,  0.0000]])
tensor([[-0.7770,  1.0000,  0.0000,  0.0000,  0.0000,  1.0000]])
tensor([[-0.8059,  1.0000,  0.0000,  0.0000,  0.0000,  0.0000]])
tensor([[0.3154, 1.0000, 0.0000, 0.0000, 0.0000, 0.0000]])
tensor([[-0.3129,  1.0000,  1.0000,  0.0000,  0.0000,  0.0000]])
tensor([[-0.6411,  0.0000,  1.0000,  0.0000,  0.0000,  0.0000]])
tensor([[-0.8284,  1.0000,  0.0000,  0.0000,  0.0000,  0.0000]])
tensor([[-0.0163,  1.0000,  1.0000,  0.0000,  0.0000,  0.0000]])
tensor([[0.4257, 0.0000, 1.0000, 0.0000, 0.0000, 0.0000]])
tensor([[-0.7184,  1.0000,  1.0000,  0.0000,  0.0000,  0.0000]])
tensor([[0.0917, 1.0000, 0.0000, 0.0000, 0.0000, 0.0000]])
tensor([[-0.2156,  1.0000,  1.0000,  0.0000,  0.0000,  0.0000]])
tensor([[-0.1675,  1.0000,  0.0000,  0.0000,  0.0000,  0.0000]])
tensor([[0.1774, 1.0000, 1.0000, 0.0000, 0.0000, 0.0000]])
tensor([[-0.1952,  1.0000,  0.0000,  0.0000,  0.0000,  0.0000]])
tensor([[0.4112, 1.0000, 0.0000, 0.0000, 0.0000, 0.0000]])
tensor([[-0.3432,  1.0000,  0.0000,  0.0000,  0.0000,  0.0000]])
tensor([[-0.6222,  1.0000,  0.0000,  0.0000,  0.0000,  0.0000]])
tensor([[-0.6355,  1.0000,  0.0000,  0.0000,  0.0000,  0.0000]])
tensor([[-0.0033,  1.0000,  0.0000,  0.0000,  0.0000,  0.0000]])
tensor([[-0.0469,  1.0000,  1.0000,  0.0000,  0.0000,  0.0000]])
tensor([[-0.4069,  1.0000,  0.0000,  0.0000,  0.0000,  0.0000]])
tensor([[-0.2762,  1.0000,  1.0000,  0.0000,  0.0000,  0.0000]])
tensor([[-0.5610,  1.0000,  0.0000,  0.0000,  0.0000,  0.0000]])
tensor([[0.1522, 0.0000, 0.0000, 0.0000, 0.0000, 0.0000]])
tensor([[-0.6944,  1.0000,  1.0000,  0.0000,  0.0000,  0.0000]])
tensor([[-0.6700,  1.0000,  1.0000,  0.0000,  0.0000,  0.0000]])
tensor([[-0.0398,  1.0000,  0.0000,  0.0000,  0.0000,  0.0000]])
tensor([[-0.5726,  1.0000,  1.0000,  0.0000,  0.0000,  0.0000]])
tensor([[-0.6236,  1.0000,  1.0000,  0.0000,  0.0000,  0.0000]])
tensor([[-0.5876,  1.0000,  0.0000,  0.0000,  0.0000,  0.0000]])
tensor([[-0.7284,  1.0000,  0.0000,  0.0000,  0.0000,  0.0000]])
tensor([[-0.4992,  1.0000,  0.0000,  0.0000,  0.0000,  0.0000]])
tensor([[-0.0697,  1.0000,  0.0000,  0.0000,  0.0000,  0.0000]])
tensor([[-0.6796,  0.0000,  0.0000,  0.0000,  0.0000,  0.0000]])
tensor([[-0.5247,  1.0000,  1.0000,  0.0000,  0.0000,  0.0000]])
tensor([[-0.7045,  0.0000,  0.0000,  0.0000,  0.0000,  0.0000]])
tensor([[0.1573, 1.0000, 0.0000, 0.0000, 0.0000, 0.0000]])
tensor([[-0.8402,  1.0000,  0.0000,  0.0000,  0.0000,  0.0000]])
tensor([[-0.7612,  1.0000,  0.0000,  0.0000,  0.0000,  0.0000]])
tensor([[0.1335, 1.0000, 1.0000, 0.0000, 0.0000, 0.0000]])
tensor([[-0.1563,  1.0000,  0.0000,  0.0000,  0.0000,  0.0000]])
tensor([[-0.8604,  1.0000,  0.0000,  0.0000,  0.0000,  0.0000]])
tensor([[-0.4125,  1.0000,  0.0000,  0.0000,  0.0000,  0.0000]])
tensor([[-0.2106,  0.0000,  1.0000,  0.0000,  0.0000,  0.0000]])
tensor([[-0.7407,  1.0000,  0.0000,  0.0000,  0.0000,  0.0000]])
tensor([[-0.6884,  1.0000,  0.0000,  0.0000,  0.0000,  0.0000]])
tensor([[0.0828, 1.0000, 0.0000, 0.0000, 0.0000, 0.0000]])
tensor([[-0.0240,  1.0000,  0.0000,  0.0000,  0.0000,  0.0000]])
tensor([[-0.7945,  0.0000,  0.0000,  0.0000,  0.0000,  0.0000]])
tensor([[-0.6135,  1.0000,  0.0000,  0.0000,  0.0000,  0.0000]])
tensor([[-0.7503,  1.0000,  0.0000,  0.0000,  0.0000,  0.0000]])
tensor([[-0.7196,  1.0000,  1.0000,  1.0000,  0.0000,  0.0000]])
tensor([[-0.8270,  1.0000,  1.0000,  0.0000,  0.0000,  0.0000]])
tensor([[-0.5215,  1.0000,  1.0000,  0.0000,  0.0000,  0.0000]])
tensor([[-0.2346,  1.0000,  0.0000,  0.0000,  0.0000,  0.0000]])
tensor([[-0.2271,  0.0000,  1.0000,  0.0000,  0.0000,  0.0000]])
tensor([[-0.3532,  0.0000,  1.0000,  0.0000,  0.0000,  0.0000]])
tensor([[-0.6711,  0.0000,  1.0000,  0.0000,  0.0000,  0.0000]])
tensor([[-0.6739,  1.0000,  1.0000,  0.0000,  0.0000,  0.0000]])
tensor([[0.5997, 1.0000, 0.0000, 0.0000, 0.0000, 0.0000]])
tensor([[-0.5298,  1.0000,  0.0000,  0.0000,  0.0000,  0.0000]])
tensor([[-0.7335,  0.0000,  1.0000,  0.0000,  0.0000,  0.0000]])
tensor([[-0.6311,  1.0000,  0.0000,  0.0000,  0.0000,  0.0000]])
tensor([[0.7187, 1.0000, 1.0000, 0.0000, 0.0000, 0.0000]])
tensor([[-0.5806,  0.0000,  1.0000,  0.0000,  0.0000,  0.0000]])
tensor([[0.0472, 1.0000, 1.0000, 0.0000, 0.0000, 0.0000]])
tensor([[-0.8018,  1.0000,  1.0000,  0.0000,  0.0000,  0.0000]])
tensor([[-0.5985,  1.0000,  1.0000,  0.0000,  0.0000,  0.0000]])
tensor([[-0.2268,  1.0000,  1.0000,  0.0000,  0.0000,  0.0000]])
tensor([[-0.8188,  0.0000,  1.0000,  0.0000,  0.0000,  0.0000]])
tensor([[0.0763, 1.0000, 1.0000, 0.0000, 0.0000, 0.0000]])
tensor([[-0.5652,  1.0000,  0.0000,  0.0000,  0.0000,  0.0000]])
tensor([[0.0113, 1.0000, 1.0000, 0.0000, 0.0000, 0.0000]])
tensor([[-0.4530,  0.0000,  1.0000,  0.0000,  0.0000,  0.0000]])
tensor([[0.1134, 1.0000, 1.0000, 0.0000, 0.0000, 0.0000]])
tensor([[0.3195, 1.0000, 1.0000, 0.0000, 0.0000, 0.0000]])
tensor([[0.2906, 1.0000, 1.0000, 0.0000, 0.0000, 0.0000]])
tensor([[-0.4407,  1.0000,  1.0000,  0.0000,  0.0000,  0.0000]])
tensor([[-0.9420,  0.0000,  0.0000,  0.0000,  0.0000,  0.0000]])
tensor([[-0.9263,  1.0000,  0.0000,  0.0000,  0.0000,  1.0000]])
tensor([[-0.5829,  1.0000,  0.0000,  0.0000,  0.0000,  0.0000]])
tensor([[-0.9961,  0.0000,  1.0000,  0.0000,  0.0000,  0.0000]])
tensor([[-0.8905,  1.0000,  1.0000,  0.0000,  0.0000,  0.0000]])
tensor([[-0.9998,  1.0000,  0.0000,  0.0000,  0.0000,  0.0000]])
tensor([[-0.9992,  1.0000,  0.0000,  0.0000,  0.0000,  0.0000]])
tensor([[-0.9889,  0.0000,  0.0000,  0.0000,  0.0000,  0.0000]])
tensor([[-0.9616,  1.0000,  0.0000,  0.0000,  0.0000,  0.0000]])
tensor([[-0.7879,  1.0000,  0.0000,  0.0000,  0.0000,  0.0000]])
tensor([[0.7379, 1.0000, 0.0000, 0.0000, 0.0000, 0.0000]])
tensor([[0.4210, 1.0000, 0.0000, 0.0000, 0.0000, 0.0000]])
tensor([[-0.5223,  1.0000,  0.0000,  0.0000,  0.0000,  0.0000]])
tensor([[-0.9925,  1.0000,  1.0000,  1.0000,  0.0000,  0.0000]])
tensor([[-0.9108,  1.0000,  1.0000,  0.0000,  0.0000,  0.0000]])
tensor([[0.9616, 1.0000, 0.0000, 0.0000, 0.0000, 0.0000]])
tensor([[0.6875, 1.0000, 0.0000, 0.0000, 0.0000, 0.0000]])
tensor([[-0.4970,  1.0000,  0.0000,  0.0000,  1.0000,  0.0000]])
tensor([[-0.4901,  1.0000,  0.0000,  0.0000,  0.0000,  0.0000]])
tensor([[-0.3415,  1.0000,  0.0000,  0.0000,  0.0000,  0.0000]])
tensor([[0.1252, 1.0000, 0.0000, 0.0000, 0.0000, 0.0000]])
tensor([[-0.2975,  1.0000,  0.0000,  0.0000,  0.0000,  0.0000]])
tensor([[0.0247, 1.0000, 0.0000, 0.0000, 0.0000, 0.0000]])
tensor([[-0.2165,  1.0000,  0.0000,  0.0000,  0.0000,  0.0000]])
tensor([[-0.6888,  1.0000,  0.0000,  0.0000,  0.0000,  0.0000]])
tensor([[-0.7854,  1.0000,  0.0000,  0.0000,  0.0000,  0.0000]])
tensor([[-0.6006,  1.0000,  0.0000,  0.0000,  0.0000,  0.0000]])
tensor([[-0.7017,  1.0000,  0.0000,  0.0000,  0.0000,  0.0000]])
tensor([[-0.5133,  1.0000,  0.0000,  0.0000,  1.0000,  0.0000]])
tensor([[-0.7472,  1.0000,  0.0000,  0.0000,  0.0000,  0.0000]])
tensor([[-0.7720,  1.0000,  0.0000,  0.0000,  0.0000,  0.0000]])
tensor([[0.4792, 1.0000, 0.0000, 0.0000, 0.0000, 0.0000]])
tensor([[-0.2775,  1.0000,  0.0000,  0.0000,  0.0000,  0.0000]])
tensor([[0.7562, 1.0000, 0.0000, 0.0000, 0.0000, 0.0000]])
tensor([[0.5478, 1.0000, 0.0000, 0.0000, 0.0000, 0.0000]])
tensor([[-0.9343,  1.0000,  0.0000,  0.0000,  0.0000,  0.0000]])
tensor([[-0.9385,  1.0000,  0.0000,  0.0000,  0.0000,  0.0000]])
tensor([[-0.9913,  1.0000,  1.0000,  0.0000,  0.0000,  0.0000]])
tensor([[-0.9967,  1.0000,  0.0000,  0.0000,  0.0000,  0.0000]])
tensor([[-0.9945,  1.0000,  0.0000,  0.0000,  0.0000,  0.0000]])
tensor([[-0.9964,  1.0000,  0.0000,  0.0000,  0.0000,  0.0000]])
tensor([[-0.9732,  1.0000,  0.0000,  0.0000,  0.0000,  0.0000]])
tensor([[-0.9926,  0.0000,  1.0000,  0.0000,  0.0000,  0.0000]])
tensor([[-0.9804,  1.0000,  0.0000,  0.0000,  0.0000,  0.0000]])
tensor([[0.0214, 1.0000, 1.0000, 0.0000, 0.0000, 0.0000]])
tensor([[-0.5594,  0.0000,  0.0000,  1.0000,  0.0000,  0.0000]])
tensor([[-0.3402,  1.0000,  1.0000,  0.0000,  0.0000,  0.0000]])
tensor([[-0.3918,  1.0000,  0.0000,  0.0000,  0.0000,  0.0000]])
tensor([[-0.1054,  1.0000,  0.0000,  0.0000,  0.0000,  0.0000]])
tensor([[-0.6910,  1.0000,  0.0000,  0.0000,  0.0000,  0.0000]])
tensor([[-0.1830,  1.0000,  0.0000,  0.0000,  0.0000,  0.0000]])
tensor([[0.4555, 1.0000, 0.0000, 0.0000, 0.0000, 0.0000]])
tensor([[0.7254, 1.0000, 0.0000, 0.0000, 0.0000, 0.0000]])
tensor([[0.4470, 0.0000, 0.0000, 0.0000, 0.0000, 0.0000]])
tensor([[0.7914, 1.0000, 0.0000, 0.0000, 0.0000, 0.0000]])
tensor([[0.0047, 0.0000, 0.0000, 0.0000, 0.0000, 0.0000]])
tensor([[-0.7324,  1.0000,  1.0000,  0.0000,  0.0000,  0.0000]])
tensor([[0.7604, 1.0000, 0.0000, 0.0000, 0.0000, 0.0000]])
tensor([[0.1980, 1.0000, 0.0000, 0.0000, 0.0000, 0.0000]])
tensor([[-0.4817,  1.0000,  0.0000,  0.0000,  0.0000,  0.0000]])
tensor([[-0.2153,  1.0000,  0.0000,  0.0000,  0.0000,  0.0000]])
tensor([[-0.7852,  1.0000,  0.0000,  0.0000,  0.0000,  0.0000]])
tensor([[0.7789, 1.0000, 0.0000, 0.0000, 0.0000, 0.0000]])
tensor([[0.9300, 1.0000, 0.0000, 0.0000, 0.0000, 0.0000]])
tensor([[0.9016, 1.0000, 0.0000, 0.0000, 0.0000, 0.0000]])
tensor([[0.7429, 1.0000, 0.0000, 1.0000, 0.0000, 0.0000]])
tensor([[0.1429, 1.0000, 0.0000, 0.0000, 0.0000, 0.0000]])
tensor([[-0.8265,  1.0000,  0.0000,  0.0000,  1.0000,  1.0000]])
tensor([[-0.9444,  1.0000,  0.0000,  0.0000,  0.0000,  0.0000]])
tensor([[-0.9387,  1.0000,  1.0000,  0.0000,  0.0000,  0.0000]])
tensor([[-0.9466,  1.0000,  0.0000,  0.0000,  0.0000,  0.0000]])
tensor([[-0.9138,  1.0000,  0.0000,  0.0000,  0.0000,  0.0000]])
tensor([[-0.2389,  1.0000,  0.0000,  0.0000,  0.0000,  0.0000]])
tensor([[-0.2778,  1.0000,  1.0000,  0.0000,  0.0000,  0.0000]])
tensor([[0.5528, 1.0000, 0.0000, 0.0000, 0.0000, 0.0000]])
tensor([[0.7137, 1.0000, 0.0000, 0.0000, 0.0000, 0.0000]])
tensor([[0.9900, 1.0000, 1.0000, 0.0000, 0.0000, 0.0000]])
tensor([[0.9862, 1.0000, 1.0000, 0.0000, 0.0000, 0.0000]])
tensor([[0.9982, 1.0000, 0.0000, 0.0000, 0.0000, 0.0000]])
tensor([[0.9990, 1.0000, 0.0000, 0.0000, 0.0000, 0.0000]])
tensor([[0.9818, 1.0000, 0.0000, 0.0000, 0.0000, 0.0000]])
tensor([[0.9935, 1.0000, 0.0000, 0.0000, 0.0000, 0.0000]])
tensor([[0.9971, 1.0000, 0.0000, 0.0000, 0.0000, 0.0000]])
tensor([[0.9966, 1.0000, 0.0000, 0.0000, 0.0000, 0.0000]])
tensor([[0.9942, 0.0000, 0.0000, 0.0000, 0.0000, 0.0000]])
tensor([[0.9956, 1.0000, 0.0000, 0.0000, 0.0000, 0.0000]])
tensor([[0.7998, 1.0000, 0.0000, 0.0000, 0.0000, 0.0000]])
tensor([[-0.8333,  1.0000,  0.0000,  0.0000,  0.0000,  0.0000]])
tensor([[-0.9964,  1.0000,  1.0000,  0.0000,  0.0000,  0.0000]])
tensor([[-0.9979,  1.0000,  1.0000,  0.0000,  0.0000,  1.0000]])
tensor([[-0.9998,  1.0000,  0.0000,  0.0000,  0.0000,  0.0000]])
tensor([[-0.9976,  1.0000,  0.0000,  0.0000,  0.0000,  0.0000]])
tensor([[-0.9994,  1.0000,  1.0000,  1.0000,  0.0000,  0.0000]])
tensor([[-0.9988,  1.0000,  1.0000,  0.0000,  0.0000,  0.0000]])
tensor([[-0.9994,  1.0000,  1.0000,  0.0000,  0.0000,  0.0000]])
tensor([[-0.9810,  1.0000,  1.0000,  0.0000,  0.0000,  0.0000]])
tensor([[-0.9649,  1.0000,  1.0000,  0.0000,  0.0000,  0.0000]])
tensor([[-0.9938,  1.0000,  1.0000,  0.0000,  0.0000,  0.0000]])
tensor([[-0.9390,  0.0000,  1.0000,  0.0000,  0.0000,  1.0000]])
tensor([[-0.9923,  1.0000,  0.0000,  0.0000,  0.0000,  0.0000]])
tensor([[-0.9981,  0.0000,  1.0000,  1.0000,  0.0000,  0.0000]])
tensor([[-0.9931,  1.0000,  1.0000,  0.0000,  0.0000,  0.0000]])
tensor([[-0.9945,  1.0000,  1.0000,  0.0000,  0.0000,  0.0000]])
tensor([[-0.9959,  1.0000,  1.0000,  0.0000,  0.0000,  0.0000]])
tensor([[-0.8844,  0.0000,  1.0000,  0.0000,  0.0000,  0.0000]])
tensor([[-0.6095,  1.0000,  1.0000,  0.0000,  0.0000,  0.0000]])
tensor([[0.3495, 0.0000, 0.0000, 0.0000, 0.0000, 0.0000]])
tensor([[-0.7533,  1.0000,  0.0000,  0.0000,  0.0000,  0.0000]])
tensor([[0.8497, 1.0000, 1.0000, 0.0000, 0.0000, 0.0000]])
tensor([[-0.8098,  1.0000,  0.0000,  0.0000,  0.0000,  0.0000]])
tensor([[0.0959, 1.0000, 0.0000, 0.0000, 0.0000, 0.0000]])
tensor([[0.1230, 1.0000, 0.0000, 0.0000, 0.0000, 0.0000]])
tensor([[0.5803, 1.0000, 0.0000, 0.0000, 0.0000, 0.0000]])
tensor([[-0.4147,  1.0000,  0.0000,  0.0000,  0.0000,  0.0000]])
tensor([[0.7150, 0.0000, 0.0000, 0.0000, 0.0000, 0.0000]])
tensor([[-0.7670,  1.0000,  0.0000,  0.0000,  0.0000,  0.0000]])
tensor([[-0.9961,  1.0000,  1.0000,  0.0000,  0.0000,  0.0000]])
tensor([[-0.7805,  0.0000,  1.0000,  0.0000,  0.0000,  0.0000]])
tensor([[-0.9437,  0.0000,  1.0000,  0.0000,  0.0000,  0.0000]])
tensor([[-0.3515,  1.0000,  1.0000,  0.0000,  0.0000,  0.0000]])
tensor([[-0.8968,  1.0000,  1.0000,  0.0000,  0.0000,  0.0000]])
tensor([[-0.8032,  1.0000,  1.0000,  0.0000,  0.0000,  0.0000]])
tensor([[-0.8029,  0.0000,  1.0000,  0.0000,  0.0000,  0.0000]])
tensor([[-0.5195,  1.0000,  1.0000,  0.0000,  0.0000,  0.0000]])
tensor([[-0.9284,  1.0000,  0.0000,  0.0000,  0.0000,  0.0000]])
tensor([[-0.9596,  1.0000,  1.0000,  0.0000,  0.0000,  0.0000]])
tensor([[-0.9173,  0.0000,  1.0000,  1.0000,  0.0000,  0.0000]])
tensor([[-0.9227,  0.0000,  1.0000,  0.0000,  0.0000,  0.0000]])
tensor([[-0.8686,  1.0000,  1.0000,  0.0000,  0.0000,  0.0000]])
tensor([[-0.6720,  0.0000,  1.0000,  0.0000,  0.0000,  0.0000]])
tensor([[-0.9282,  1.0000,  1.0000,  0.0000,  0.0000,  0.0000]])
tensor([[-0.9067,  0.0000,  1.0000,  0.0000,  0.0000,  0.0000]])
tensor([[-0.8831,  0.0000,  0.0000,  0.0000,  0.0000,  0.0000]])
tensor([[-0.9430,  1.0000,  1.0000,  0.0000,  0.0000,  0.0000]])
tensor([[-0.9273,  0.0000,  1.0000,  0.0000,  0.0000,  0.0000]])
tensor([[-0.9228,  0.0000,  1.0000,  0.0000,  0.0000,  0.0000]])
tensor([[-0.9779,  0.0000,  1.0000,  0.0000,  0.0000,  0.0000]])
tensor([[-0.9941,  1.0000,  1.0000,  0.0000,  0.0000,  0.0000]])
tensor([[-0.5414,  1.0000,  1.0000,  0.0000,  0.0000,  0.0000]])
tensor([[-0.8931,  0.0000,  1.0000,  0.0000,  0.0000,  0.0000]])
tensor([[-0.3291,  0.0000,  1.0000,  0.0000,  0.0000,  0.0000]])
tensor([[-0.9588,  0.0000,  1.0000,  0.0000,  0.0000,  0.0000]])
tensor([[-0.9660,  1.0000,  1.0000,  0.0000,  0.0000,  0.0000]])
tensor([[-0.1395,  1.0000,  1.0000,  0.0000,  0.0000,  0.0000]])
tensor([[-0.9391,  0.0000,  1.0000,  0.0000,  0.0000,  0.0000]])
tensor([[-0.9303,  0.0000,  1.0000,  0.0000,  0.0000,  0.0000]])
tensor([[-0.9309,  0.0000,  1.0000,  0.0000,  1.0000,  0.0000]])
tensor([[-0.8639,  0.0000,  1.0000,  0.0000,  0.0000,  0.0000]])
tensor([[-0.9674,  1.0000,  1.0000,  0.0000,  0.0000,  0.0000]])
tensor([[-0.9478,  0.0000,  1.0000,  0.0000,  0.0000,  0.0000]])
tensor([[-0.9437,  0.0000,  1.0000,  0.0000,  0.0000,  0.0000]])
tensor([[-0.7331,  1.0000,  1.0000,  0.0000,  0.0000,  0.0000]])
tensor([[-0.8935,  0.0000,  1.0000,  0.0000,  0.0000,  0.0000]])
tensor([[-0.8727,  0.0000,  1.0000,  0.0000,  0.0000,  0.0000]])
tensor([[-0.9292,  0.0000,  1.0000,  0.0000,  0.0000,  0.0000]])
tensor([[0.4990, 0.0000, 1.0000, 0.0000, 0.0000, 0.0000]])
tensor([[0.2312, 0.0000, 1.0000, 0.0000, 0.0000, 0.0000]])
tensor([[0.8178, 0.0000, 1.0000, 0.0000, 0.0000, 0.0000]])
tensor([[0.7299, 0.0000, 1.0000, 0.0000, 0.0000, 0.0000]])
tensor([[-0.8446,  1.0000,  1.0000,  0.0000,  0.0000,  0.0000]])
tensor([[-0.8004,  1.0000,  1.0000,  0.0000,  0.0000,  0.0000]])
tensor([[-0.9702,  1.0000,  1.0000,  0.0000,  0.0000,  0.0000]])
tensor([[-0.9951,  1.0000,  0.0000,  0.0000,  0.0000,  0.0000]])
tensor([[-0.9992,  0.0000,  0.0000,  0.0000,  0.0000,  0.0000]])
tensor([[-0.9432,  0.0000,  1.0000,  0.0000,  0.0000,  0.0000]])
tensor([[-0.9821,  1.0000,  1.0000,  0.0000,  0.0000,  0.0000]])
tensor([[-0.9961,  1.0000,  0.0000,  1.0000,  0.0000,  0.0000]])
tensor([[-0.9989,  0.0000,  0.0000,  0.0000,  0.0000,  0.0000]])
tensor([[-0.9693,  1.0000,  1.0000,  0.0000,  0.0000,  0.0000]])
tensor([[-0.9976,  1.0000,  1.0000,  0.0000,  0.0000,  0.0000]])
tensor([[-0.9978,  1.0000,  0.0000,  0.0000,  0.0000,  0.0000]])
tensor([[-0.9848,  1.0000,  0.0000,  0.0000,  0.0000,  0.0000]])
tensor([[-0.8137,  1.0000,  0.0000,  1.0000,  0.0000,  0.0000]])
tensor([[0.6390, 1.0000, 0.0000, 0.0000, 0.0000, 0.0000]])
tensor([[-0.8594,  1.0000,  0.0000,  0.0000,  0.0000,  0.0000]])
tensor([[-0.3343,  1.0000,  0.0000,  0.0000,  0.0000,  0.0000]])
tensor([[0.9069, 1.0000, 0.0000, 0.0000, 0.0000, 0.0000]])
tensor([[0.9197, 1.0000, 0.0000, 0.0000, 0.0000, 0.0000]])
tensor([[-0.0129,  1.0000,  0.0000,  0.0000,  0.0000,  0.0000]])
tensor([[-0.1685,  1.0000,  0.0000,  0.0000,  0.0000,  0.0000]])
tensor([[-0.5897,  1.0000,  1.0000,  0.0000,  0.0000,  0.0000]])
tensor([[0.6747, 1.0000, 0.0000, 0.0000, 1.0000, 0.0000]])
tensor([[-0.0234,  0.0000,  1.0000,  0.0000,  0.0000,  0.0000]])
tensor([[-0.8908,  0.0000,  1.0000,  0.0000,  0.0000,  0.0000]])
tensor([[-0.9438,  1.0000,  0.0000,  0.0000,  0.0000,  0.0000]])
tensor([[0.3027, 1.0000, 0.0000, 0.0000, 0.0000, 0.0000]])
tensor([[0.7599, 1.0000, 0.0000, 0.0000, 0.0000, 0.0000]])
tensor([[-0.9915,  1.0000,  0.0000,  0.0000,  0.0000,  0.0000]])
tensor([[-0.9441,  1.0000,  0.0000,  0.0000,  0.0000,  0.0000]])
tensor([[0.3596, 1.0000, 0.0000, 0.0000, 0.0000, 0.0000]])
tensor([[-0.6733,  1.0000,  1.0000,  0.0000,  0.0000,  0.0000]])
tensor([[-0.2250,  1.0000,  0.0000,  1.0000,  0.0000,  0.0000]])
tensor([[0.0340, 1.0000, 0.0000, 0.0000, 0.0000, 0.0000]])
tensor([[0.4716, 1.0000, 0.0000, 0.0000, 0.0000, 0.0000]])
tensor([[0.2330, 1.0000, 0.0000, 0.0000, 0.0000, 0.0000]])
tensor([[-0.7816,  1.0000,  0.0000,  1.0000,  0.0000,  0.0000]])
tensor([[-0.9892,  1.0000,  1.0000,  0.0000,  0.0000,  0.0000]])
tensor([[-0.9541,  1.0000,  0.0000,  0.0000,  0.0000,  0.0000]])
tensor([[-0.7966,  1.0000,  1.0000,  0.0000,  0.0000,  0.0000]])
tensor([[0.0063, 1.0000, 0.0000, 0.0000, 0.0000, 0.0000]])
tensor([[-0.1344,  1.0000,  0.0000,  0.0000,  1.0000,  0.0000]])
tensor([[-0.4540,  1.0000,  0.0000,  0.0000,  0.0000,  0.0000]])
tensor([[-0.9432,  1.0000,  1.0000,  0.0000,  0.0000,  0.0000]])
tensor([[-0.6695,  1.0000,  0.0000,  0.0000,  0.0000,  0.0000]])
tensor([[-0.9821,  0.0000,  1.0000,  0.0000,  0.0000,  0.0000]])
tensor([[-0.5793,  1.0000,  1.0000,  0.0000,  1.0000,  1.0000]])
tensor([[-0.3515,  1.0000,  0.0000,  0.0000,  0.0000,  0.0000]])
tensor([[-0.9487,  0.0000,  0.0000,  1.0000,  0.0000,  0.0000]])
tensor([[0.3869, 1.0000, 1.0000, 0.0000, 0.0000, 0.0000]])
tensor([[-0.3281,  1.0000,  0.0000,  0.0000,  0.0000,  0.0000]])
tensor([[-0.8140,  1.0000,  1.0000,  0.0000,  0.0000,  0.0000]])
tensor([[-0.5253,  1.0000,  1.0000,  0.0000,  0.0000,  0.0000]])
tensor([[0.7082, 0.0000, 0.0000, 0.0000, 0.0000, 0.0000]])
tensor([[-0.1697,  1.0000,  0.0000,  0.0000,  0.0000,  0.0000]])
tensor([[-0.2576,  1.0000,  1.0000,  0.0000,  0.0000,  1.0000]])
tensor([[-0.5778,  1.0000,  0.0000,  0.0000,  0.0000,  0.0000]])
tensor([[0.9005, 1.0000, 0.0000, 0.0000, 0.0000, 0.0000]])
tensor([[-0.7727,  1.0000,  0.0000,  0.0000,  0.0000,  0.0000]])
tensor([[0.1936, 1.0000, 0.0000, 0.0000, 0.0000, 0.0000]])
tensor([[0.8517, 1.0000, 0.0000, 0.0000, 0.0000, 0.0000]])
INFO:root:Agent 0 (TQCars): avg action time = 0.0015s
tensor([[0.0877, 1.0000, 0.0000, 0.0000, 0.0000, 0.0000]])
tensor([[0.6322, 1.0000, 0.0000, 0.0000, 0.0000, 0.0000]])
tensor([[0.3093, 1.0000, 0.0000, 0.0000, 0.0000, 0.0000]])
tensor([[0.5478, 1.0000, 0.0000, 0.0000, 0.0000, 0.0000]])
tensor([[0.5753, 1.0000, 0.0000, 0.0000, 0.0000, 0.0000]])
tensor([[-0.4937,  0.0000,  0.0000,  0.0000,  0.0000,  0.0000]])
tensor([[-0.7149,  1.0000,  0.0000,  0.0000,  0.0000,  0.0000]])
tensor([[0.4052, 1.0000, 0.0000, 0.0000, 0.0000, 0.0000]])
tensor([[0.5279, 1.0000, 1.0000, 0.0000, 0.0000, 0.0000]])
{"type": "results", "track": "olivermath", "results": [{"key": 0, "reward": 10.10489501953125, "position": 4, "name": "TQCars", "avg_action_time": 0.001485814242251903}]}
