INFO:root:Loading the agents
INFO:root:Loaded player TQCars
INFO:root:Creating pystk-1
INFO:root:Adding wrapper <function get_wrappers.<locals>.<lambda> at 0x719a219eb420>
INFO:root:Adding wrapper <function get_wrappers.<locals>.<lambda> at 0x719a219eb4c0>
INFO:root:Adding wrapper <function get_wrappers.<locals>.<lambda> at 0x719a219eb560>
INFO:root:Adding wrapper <function get_wrappers.<locals>.<lambda> at 0x719a219eb600>
INFO:root:(multi-env mono adapter) Setting main environment max_paths to 5
INFO:root:Loading trained model from CHECKPOINT-GPUFAC/tqc_EXP12_1700000.pt...
INFO:root:Starting a race
tensor([[-0.9115,  1.0000,  0.0000,  0.0000,  0.0000,  0.0000]])
tensor([[-0.8843,  0.0000,  0.0000,  0.0000,  0.0000,  0.0000]])
tensor([[-0.9089,  1.0000,  0.0000,  0.0000,  1.0000,  0.0000]])
tensor([[-0.8500,  0.0000,  1.0000,  0.0000,  0.0000,  0.0000]])
tensor([[-0.9503,  0.0000,  0.0000,  0.0000,  0.0000,  0.0000]])
tensor([[-0.9632,  1.0000,  1.0000,  0.0000,  0.0000,  0.0000]])
tensor([[-0.9271,  1.0000,  1.0000,  1.0000,  0.0000,  0.0000]])
tensor([[-0.9349,  1.0000,  0.0000,  0.0000,  0.0000,  0.0000]])
tensor([[-0.9556,  1.0000,  0.0000,  0.0000,  0.0000,  0.0000]])
tensor([[-0.9361,  1.0000,  1.0000,  0.0000,  0.0000,  0.0000]])
tensor([[-0.9174,  0.0000,  0.0000,  0.0000,  0.0000,  0.0000]])
tensor([[-0.8463,  1.0000,  1.0000,  0.0000,  0.0000,  0.0000]])
tensor([[-0.9358,  0.0000,  0.0000,  0.0000,  0.0000,  0.0000]])
tensor([[-0.9441,  1.0000,  0.0000,  0.0000,  0.0000,  0.0000]])
tensor([[-0.9835,  1.0000,  1.0000,  0.0000,  0.0000,  0.0000]])
tensor([[-0.8983,  0.0000,  0.0000,  0.0000,  0.0000,  0.0000]])
tensor([[-0.9148,  1.0000,  0.0000,  0.0000,  0.0000,  0.0000]])
tensor([[-0.9815,  1.0000,  0.0000,  0.0000,  0.0000,  0.0000]])
tensor([[-0.9744,  1.0000,  1.0000,  0.0000,  0.0000,  0.0000]])
tensor([[-0.9363,  1.0000,  1.0000,  0.0000,  0.0000,  0.0000]])
tensor([[-0.9780,  1.0000,  1.0000,  0.0000,  0.0000,  0.0000]])
tensor([[-0.9219,  1.0000,  0.0000,  0.0000,  0.0000,  0.0000]])
tensor([[-0.0166,  1.0000,  0.0000,  0.0000,  0.0000,  0.0000]])
tensor([[0.5525, 1.0000, 0.0000, 0.0000, 0.0000, 0.0000]])
tensor([[0.8439, 1.0000, 0.0000, 0.0000, 0.0000, 0.0000]])
tensor([[-0.8560,  1.0000,  0.0000,  0.0000,  0.0000,  0.0000]])
tensor([[-0.6020,  1.0000,  0.0000,  0.0000,  0.0000,  0.0000]])
tensor([[0.3036, 1.0000, 0.0000, 0.0000, 0.0000, 0.0000]])
tensor([[0.7948, 1.0000, 0.0000, 0.0000, 0.0000, 0.0000]])
tensor([[0.4675, 1.0000, 0.0000, 0.0000, 0.0000, 0.0000]])
tensor([[-0.2478,  1.0000,  0.0000,  0.0000,  0.0000,  0.0000]])
tensor([[-0.3038,  1.0000,  0.0000,  0.0000,  0.0000,  0.0000]])
tensor([[0.1826, 1.0000, 0.0000, 0.0000, 0.0000, 0.0000]])
tensor([[-0.8283,  1.0000,  0.0000,  0.0000,  0.0000,  0.0000]])
tensor([[-0.6568,  1.0000,  0.0000,  0.0000,  0.0000,  0.0000]])
tensor([[-0.1737,  1.0000,  0.0000,  0.0000,  0.0000,  0.0000]])
tensor([[0.3757, 1.0000, 0.0000, 0.0000, 0.0000, 0.0000]])
tensor([[0.0938, 1.0000, 0.0000, 0.0000, 0.0000, 0.0000]])
tensor([[-0.4532,  1.0000,  1.0000,  0.0000,  0.0000,  0.0000]])
tensor([[-0.8916,  1.0000,  0.0000,  0.0000,  1.0000,  0.0000]])
tensor([[-0.8354,  1.0000,  0.0000,  0.0000,  0.0000,  0.0000]])
tensor([[0.4023, 1.0000, 0.0000, 0.0000, 0.0000, 0.0000]])
tensor([[-0.4251,  1.0000,  0.0000,  0.0000,  0.0000,  0.0000]])
tensor([[-0.2581,  1.0000,  0.0000,  1.0000,  0.0000,  0.0000]])
tensor([[-0.3916,  1.0000,  0.0000,  0.0000,  0.0000,  0.0000]])
tensor([[-0.7606,  1.0000,  0.0000,  0.0000,  0.0000,  0.0000]])
tensor([[-0.1707,  1.0000,  0.0000,  0.0000,  0.0000,  0.0000]])
tensor([[0.1898, 1.0000, 0.0000, 0.0000, 0.0000, 0.0000]])
tensor([[-0.2830,  1.0000,  0.0000,  0.0000,  0.0000,  0.0000]])
tensor([[-0.0894,  1.0000,  0.0000,  0.0000,  0.0000,  0.0000]])
tensor([[-0.0474,  1.0000,  0.0000,  0.0000,  0.0000,  0.0000]])
tensor([[-0.9885,  1.0000,  0.0000,  0.0000,  0.0000,  0.0000]])
tensor([[-0.9244,  1.0000,  0.0000,  0.0000,  0.0000,  0.0000]])
tensor([[-0.8515,  1.0000,  1.0000,  0.0000,  0.0000,  0.0000]])
tensor([[-0.7168,  1.0000,  0.0000,  0.0000,  0.0000,  0.0000]])
tensor([[-0.4394,  1.0000,  0.0000,  0.0000,  1.0000,  0.0000]])
tensor([[-0.1986,  1.0000,  0.0000,  0.0000,  0.0000,  0.0000]])
tensor([[-0.5912,  1.0000,  0.0000,  0.0000,  0.0000,  0.0000]])
tensor([[0.5573, 1.0000, 0.0000, 0.0000, 0.0000, 0.0000]])
tensor([[-0.2156,  1.0000,  0.0000,  0.0000,  0.0000,  0.0000]])
tensor([[0.6624, 1.0000, 0.0000, 0.0000, 0.0000, 0.0000]])
tensor([[-0.4445,  1.0000,  0.0000,  0.0000,  0.0000,  0.0000]])
tensor([[-0.7241,  1.0000,  0.0000,  0.0000,  0.0000,  0.0000]])
tensor([[0.0466, 1.0000, 0.0000, 0.0000, 0.0000, 0.0000]])
tensor([[-0.7922,  1.0000,  0.0000,  0.0000,  0.0000,  0.0000]])
tensor([[-0.9109,  0.0000,  0.0000,  0.0000,  0.0000,  0.0000]])
tensor([[-0.2235,  1.0000,  0.0000,  0.0000,  1.0000,  0.0000]])
tensor([[0.7451, 1.0000, 0.0000, 0.0000, 0.0000, 0.0000]])
tensor([[0.2149, 1.0000, 1.0000, 0.0000, 0.0000, 0.0000]])
tensor([[0.8961, 1.0000, 0.0000, 0.0000, 0.0000, 0.0000]])
tensor([[0.0330, 1.0000, 0.0000, 0.0000, 0.0000, 0.0000]])
tensor([[0.4671, 1.0000, 0.0000, 0.0000, 0.0000, 1.0000]])
tensor([[-0.8741,  1.0000,  0.0000,  0.0000,  0.0000,  0.0000]])
tensor([[-0.9936,  1.0000,  1.0000,  0.0000,  0.0000,  0.0000]])
tensor([[-0.9956,  0.0000,  0.0000,  0.0000,  0.0000,  0.0000]])
tensor([[-0.9996,  0.0000,  0.0000,  0.0000,  0.0000,  0.0000]])
tensor([[-0.9999,  1.0000,  1.0000,  0.0000,  0.0000,  0.0000]])
tensor([[-0.9976,  0.0000,  1.0000,  0.0000,  0.0000,  0.0000]])
tensor([[-0.9961,  0.0000,  1.0000,  0.0000,  0.0000,  0.0000]])
tensor([[-0.9569,  0.0000,  0.0000,  0.0000,  0.0000,  0.0000]])
tensor([[0.3470, 0.0000, 1.0000, 0.0000, 0.0000, 0.0000]])
tensor([[-0.1833,  0.0000,  1.0000,  0.0000,  0.0000,  0.0000]])
tensor([[0.5268, 0.0000, 0.0000, 1.0000, 0.0000, 0.0000]])
tensor([[-0.9952,  1.0000,  1.0000,  0.0000,  0.0000,  0.0000]])
tensor([[-0.8219,  0.0000,  1.0000,  0.0000,  0.0000,  0.0000]])
tensor([[-0.5959,  0.0000,  1.0000,  0.0000,  0.0000,  0.0000]])
tensor([[-0.3585,  0.0000,  1.0000,  0.0000,  0.0000,  0.0000]])
tensor([[-0.5986,  1.0000,  1.0000,  0.0000,  0.0000,  0.0000]])
tensor([[0.8464, 0.0000, 1.0000, 1.0000, 0.0000, 0.0000]])
tensor([[0.7495, 0.0000, 1.0000, 0.0000, 0.0000, 1.0000]])
tensor([[0.9332, 0.0000, 1.0000, 0.0000, 0.0000, 0.0000]])
tensor([[0.7628, 0.0000, 1.0000, 0.0000, 0.0000, 0.0000]])
tensor([[0.9546, 0.0000, 1.0000, 0.0000, 0.0000, 0.0000]])
tensor([[0.7578, 0.0000, 1.0000, 0.0000, 0.0000, 0.0000]])
tensor([[0.7884, 0.0000, 1.0000, 0.0000, 0.0000, 0.0000]])
tensor([[-0.3511,  0.0000,  1.0000,  0.0000,  0.0000,  0.0000]])
tensor([[0.9109, 1.0000, 1.0000, 0.0000, 0.0000, 0.0000]])
tensor([[0.9565, 1.0000, 1.0000, 0.0000, 0.0000, 0.0000]])
tensor([[0.6683, 0.0000, 1.0000, 0.0000, 0.0000, 0.0000]])
tensor([[-0.9989,  1.0000,  1.0000,  0.0000,  0.0000,  0.0000]])
tensor([[-0.9972,  1.0000,  1.0000,  0.0000,  0.0000,  1.0000]])
tensor([[-0.9903,  1.0000,  1.0000,  0.0000,  0.0000,  0.0000]])
tensor([[-0.9975,  1.0000,  0.0000,  0.0000,  0.0000,  0.0000]])
tensor([[-0.9952,  1.0000,  0.0000,  0.0000,  0.0000,  0.0000]])
tensor([[-0.9977,  0.0000,  0.0000,  0.0000,  0.0000,  0.0000]])
tensor([[-0.9851,  0.0000,  0.0000,  0.0000,  0.0000,  0.0000]])
tensor([[-0.9485,  0.0000,  1.0000,  0.0000,  0.0000,  0.0000]])
tensor([[-0.9804,  0.0000,  1.0000,  0.0000,  0.0000,  1.0000]])
tensor([[-0.9647,  1.0000,  1.0000,  1.0000,  0.0000,  0.0000]])
tensor([[-0.9705,  1.0000,  1.0000,  0.0000,  1.0000,  0.0000]])
tensor([[-0.9917,  1.0000,  0.0000,  0.0000,  0.0000,  0.0000]])
tensor([[-0.9937,  1.0000,  0.0000,  0.0000,  0.0000,  0.0000]])
tensor([[-0.9984,  1.0000,  0.0000,  1.0000,  0.0000,  0.0000]])
tensor([[-0.9434,  0.0000,  0.0000,  1.0000,  0.0000,  0.0000]])
tensor([[-0.8875,  1.0000,  0.0000,  0.0000,  0.0000,  0.0000]])
tensor([[-0.5981,  1.0000,  0.0000,  0.0000,  0.0000,  0.0000]])
tensor([[0.3687, 1.0000, 0.0000, 0.0000, 0.0000, 0.0000]])
tensor([[0.3191, 1.0000, 0.0000, 0.0000, 0.0000, 0.0000]])
tensor([[0.3870, 1.0000, 0.0000, 0.0000, 0.0000, 0.0000]])
tensor([[0.6801, 1.0000, 0.0000, 0.0000, 0.0000, 0.0000]])
tensor([[0.2804, 1.0000, 0.0000, 0.0000, 1.0000, 0.0000]])
tensor([[0.2823, 1.0000, 0.0000, 0.0000, 0.0000, 0.0000]])
tensor([[0.3677, 1.0000, 0.0000, 0.0000, 0.0000, 0.0000]])
tensor([[0.0487, 1.0000, 0.0000, 0.0000, 0.0000, 0.0000]])
tensor([[0.0078, 1.0000, 0.0000, 0.0000, 0.0000, 0.0000]])
tensor([[-0.0942,  1.0000,  0.0000,  0.0000,  0.0000,  0.0000]])
tensor([[0.5456, 1.0000, 0.0000, 0.0000, 0.0000, 0.0000]])
tensor([[-0.0770,  1.0000,  0.0000,  0.0000,  0.0000,  0.0000]])
tensor([[-0.5894,  1.0000,  0.0000,  0.0000,  0.0000,  0.0000]])
tensor([[-0.2382,  1.0000,  0.0000,  0.0000,  0.0000,  0.0000]])
tensor([[-0.0261,  1.0000,  0.0000,  0.0000,  0.0000,  0.0000]])
tensor([[-0.5557,  1.0000,  0.0000,  0.0000,  0.0000,  0.0000]])
tensor([[0.9617, 1.0000, 0.0000, 0.0000, 0.0000, 0.0000]])
tensor([[0.3910, 1.0000, 0.0000, 1.0000, 1.0000, 0.0000]])
tensor([[0.2840, 1.0000, 0.0000, 0.0000, 0.0000, 0.0000]])
tensor([[-0.5732,  1.0000,  0.0000,  0.0000,  0.0000,  0.0000]])
tensor([[0.2234, 1.0000, 0.0000, 0.0000, 0.0000, 0.0000]])
tensor([[0.1021, 1.0000, 0.0000, 0.0000, 0.0000, 0.0000]])
tensor([[-0.5872,  1.0000,  0.0000,  0.0000,  0.0000,  0.0000]])
tensor([[-0.0200,  1.0000,  0.0000,  0.0000,  0.0000,  0.0000]])
tensor([[0.0820, 1.0000, 1.0000, 0.0000, 0.0000, 0.0000]])
tensor([[-0.3046,  1.0000,  0.0000,  0.0000,  0.0000,  0.0000]])
tensor([[0.2420, 1.0000, 0.0000, 0.0000, 0.0000, 0.0000]])
tensor([[-0.5049,  1.0000,  1.0000,  0.0000,  0.0000,  0.0000]])
tensor([[-0.8055,  1.0000,  1.0000,  0.0000,  0.0000,  0.0000]])
tensor([[0.0907, 1.0000, 0.0000, 0.0000, 0.0000, 0.0000]])
tensor([[-0.9456,  1.0000,  0.0000,  0.0000,  0.0000,  0.0000]])
tensor([[0.9195, 1.0000, 0.0000, 0.0000, 0.0000, 0.0000]])
tensor([[-0.7317,  1.0000,  0.0000,  0.0000,  0.0000,  0.0000]])
tensor([[0.8314, 1.0000, 0.0000, 0.0000, 0.0000, 0.0000]])
tensor([[-0.8900,  1.0000,  0.0000,  0.0000,  0.0000,  0.0000]])
tensor([[0.3760, 1.0000, 1.0000, 0.0000, 0.0000, 0.0000]])
tensor([[0.6794, 0.0000, 0.0000, 0.0000, 0.0000, 0.0000]])
tensor([[0.5144, 0.0000, 0.0000, 0.0000, 0.0000, 0.0000]])
tensor([[-0.0909,  1.0000,  0.0000,  0.0000,  0.0000,  0.0000]])
tensor([[0.3597, 1.0000, 0.0000, 0.0000, 0.0000, 0.0000]])
tensor([[0.5128, 1.0000, 0.0000, 0.0000, 0.0000, 0.0000]])
tensor([[-0.8787,  1.0000,  0.0000,  1.0000,  0.0000,  0.0000]])
tensor([[-0.7130,  1.0000,  0.0000,  0.0000,  0.0000,  0.0000]])
tensor([[-0.6539,  1.0000,  0.0000,  0.0000,  0.0000,  0.0000]])
tensor([[-0.4921,  1.0000,  1.0000,  0.0000,  1.0000,  0.0000]])
tensor([[0.8124, 1.0000, 0.0000, 1.0000, 0.0000, 0.0000]])
tensor([[-0.8072,  1.0000,  0.0000,  0.0000,  0.0000,  0.0000]])
tensor([[-0.7768,  1.0000,  0.0000,  0.0000,  0.0000,  0.0000]])
tensor([[-0.6843,  1.0000,  0.0000,  0.0000,  0.0000,  0.0000]])
tensor([[-0.7536,  1.0000,  1.0000,  0.0000,  0.0000,  0.0000]])
tensor([[0.7695, 1.0000, 0.0000, 1.0000, 0.0000, 0.0000]])
tensor([[-0.0856,  1.0000,  0.0000,  0.0000,  0.0000,  0.0000]])
tensor([[-0.9420,  1.0000,  1.0000,  0.0000,  0.0000,  0.0000]])
tensor([[-0.9950,  1.0000,  1.0000,  0.0000,  0.0000,  0.0000]])
tensor([[-0.9731,  1.0000,  0.0000,  0.0000,  0.0000,  0.0000]])
tensor([[-0.9964,  1.0000,  1.0000,  0.0000,  0.0000,  0.0000]])
tensor([[-0.9902,  1.0000,  1.0000,  0.0000,  0.0000,  0.0000]])
tensor([[-0.9545,  0.0000,  0.0000,  0.0000,  0.0000,  0.0000]])
tensor([[-0.9970,  1.0000,  0.0000,  0.0000,  0.0000,  0.0000]])
tensor([[-0.9970,  1.0000,  0.0000,  0.0000,  0.0000,  0.0000]])
tensor([[-0.9987,  1.0000,  0.0000,  0.0000,  0.0000,  0.0000]])
tensor([[-0.9533,  1.0000,  0.0000,  0.0000,  0.0000,  0.0000]])
tensor([[-0.8910,  1.0000,  0.0000,  0.0000,  0.0000,  0.0000]])
tensor([[-0.0232,  1.0000,  0.0000,  0.0000,  0.0000,  0.0000]])
tensor([[0.6524, 1.0000, 0.0000, 0.0000, 0.0000, 0.0000]])
tensor([[0.7555, 1.0000, 0.0000, 1.0000, 0.0000, 0.0000]])
tensor([[-0.1225,  1.0000,  0.0000,  0.0000,  0.0000,  0.0000]])
tensor([[-0.6766,  1.0000,  0.0000,  0.0000,  0.0000,  0.0000]])
tensor([[-0.1799,  1.0000,  0.0000,  0.0000,  0.0000,  0.0000]])
tensor([[-0.6483,  1.0000,  0.0000,  0.0000,  0.0000,  0.0000]])
tensor([[0.5552, 1.0000, 0.0000, 1.0000, 0.0000, 0.0000]])
tensor([[0.3333, 1.0000, 0.0000, 0.0000, 0.0000, 0.0000]])
tensor([[0.7088, 1.0000, 0.0000, 0.0000, 0.0000, 0.0000]])
tensor([[0.3183, 1.0000, 0.0000, 0.0000, 0.0000, 0.0000]])
tensor([[0.8970, 1.0000, 0.0000, 0.0000, 0.0000, 0.0000]])
tensor([[0.6778, 1.0000, 0.0000, 0.0000, 0.0000, 0.0000]])
tensor([[-0.9985,  1.0000,  0.0000,  0.0000,  0.0000,  1.0000]])
tensor([[-0.9944,  1.0000,  1.0000,  0.0000,  0.0000,  0.0000]])
tensor([[-0.9612,  1.0000,  0.0000,  0.0000,  0.0000,  0.0000]])
tensor([[-0.7337,  1.0000,  0.0000,  0.0000,  0.0000,  0.0000]])
tensor([[-0.2506,  1.0000,  0.0000,  1.0000,  0.0000,  0.0000]])
tensor([[-0.6190,  1.0000,  0.0000,  0.0000,  0.0000,  0.0000]])
tensor([[0.8140, 1.0000, 0.0000, 0.0000, 0.0000, 0.0000]])
tensor([[0.3173, 1.0000, 0.0000, 1.0000, 0.0000, 0.0000]])
tensor([[0.1922, 1.0000, 0.0000, 0.0000, 0.0000, 0.0000]])
tensor([[0.0469, 1.0000, 0.0000, 0.0000, 0.0000, 0.0000]])
tensor([[0.3108, 1.0000, 0.0000, 0.0000, 0.0000, 0.0000]])
tensor([[-0.1611,  1.0000,  0.0000,  0.0000,  0.0000,  0.0000]])
tensor([[-0.0124,  1.0000,  0.0000,  0.0000,  0.0000,  0.0000]])
tensor([[0.0463, 1.0000, 0.0000, 0.0000, 0.0000, 0.0000]])
tensor([[0.6762, 1.0000, 0.0000, 0.0000, 0.0000, 0.0000]])
tensor([[-0.1487,  1.0000,  0.0000,  0.0000,  0.0000,  0.0000]])
tensor([[0.9210, 1.0000, 0.0000, 0.0000, 0.0000, 0.0000]])
tensor([[0.0056, 1.0000, 0.0000, 0.0000, 0.0000, 0.0000]])
tensor([[-0.3168,  1.0000,  0.0000,  0.0000,  0.0000,  0.0000]])
tensor([[-0.5225,  1.0000,  0.0000,  0.0000,  0.0000,  0.0000]])
tensor([[-0.5356,  1.0000,  0.0000,  0.0000,  0.0000,  0.0000]])
tensor([[0.2869, 1.0000, 0.0000, 0.0000, 0.0000, 0.0000]])
tensor([[-0.8749,  1.0000,  0.0000,  0.0000,  0.0000,  0.0000]])
tensor([[0.3608, 1.0000, 0.0000, 0.0000, 0.0000, 0.0000]])
tensor([[-0.1036,  1.0000,  0.0000,  0.0000,  0.0000,  0.0000]])
tensor([[0.2528, 1.0000, 0.0000, 0.0000, 0.0000, 0.0000]])
tensor([[-0.2903,  1.0000,  0.0000,  0.0000,  0.0000,  0.0000]])
tensor([[-0.5979,  1.0000,  0.0000,  0.0000,  0.0000,  1.0000]])
tensor([[0.7577, 1.0000, 0.0000, 0.0000, 0.0000, 0.0000]])
tensor([[0.4840, 1.0000, 1.0000, 0.0000, 0.0000, 0.0000]])
tensor([[0.8135, 0.0000, 0.0000, 0.0000, 0.0000, 0.0000]])
tensor([[0.4889, 1.0000, 0.0000, 0.0000, 0.0000, 0.0000]])
tensor([[-0.7139,  1.0000,  0.0000,  0.0000,  0.0000,  0.0000]])
tensor([[0.2074, 1.0000, 0.0000, 0.0000, 0.0000, 0.0000]])
tensor([[-0.9211,  1.0000,  0.0000,  0.0000,  0.0000,  0.0000]])
tensor([[-0.7590,  1.0000,  0.0000,  0.0000,  0.0000,  0.0000]])
tensor([[0.6130, 1.0000, 0.0000, 0.0000, 0.0000, 0.0000]])
tensor([[-0.0944,  1.0000,  0.0000,  0.0000,  0.0000,  0.0000]])
tensor([[-0.7690,  1.0000,  0.0000,  0.0000,  0.0000,  0.0000]])
tensor([[-0.0255,  1.0000,  0.0000,  0.0000,  0.0000,  0.0000]])
tensor([[-0.9987,  1.0000,  1.0000,  0.0000,  0.0000,  0.0000]])
tensor([[-0.9998,  1.0000,  0.0000,  0.0000,  0.0000,  1.0000]])
tensor([[-0.9777,  1.0000,  0.0000,  0.0000,  0.0000,  0.0000]])
tensor([[-0.9874,  1.0000,  0.0000,  0.0000,  0.0000,  0.0000]])
tensor([[-0.7676,  1.0000,  0.0000,  0.0000,  0.0000,  0.0000]])
tensor([[-0.9932,  1.0000,  0.0000,  1.0000,  0.0000,  0.0000]])
tensor([[-0.9982,  1.0000,  0.0000,  0.0000,  0.0000,  0.0000]])
tensor([[-0.9974,  1.0000,  0.0000,  0.0000,  0.0000,  0.0000]])
tensor([[-0.9796,  1.0000,  0.0000,  0.0000,  0.0000,  0.0000]])
tensor([[-0.8789,  1.0000,  0.0000,  0.0000,  0.0000,  0.0000]])
tensor([[-0.8037,  1.0000,  0.0000,  0.0000,  0.0000,  0.0000]])
tensor([[0.4410, 1.0000, 0.0000, 0.0000, 0.0000, 0.0000]])
tensor([[0.4656, 1.0000, 0.0000, 0.0000, 0.0000, 0.0000]])
tensor([[0.0593, 1.0000, 0.0000, 0.0000, 0.0000, 0.0000]])
tensor([[0.7680, 1.0000, 0.0000, 0.0000, 0.0000, 0.0000]])
tensor([[0.0221, 1.0000, 0.0000, 0.0000, 0.0000, 0.0000]])
tensor([[0.6022, 1.0000, 0.0000, 1.0000, 0.0000, 0.0000]])
tensor([[0.6563, 1.0000, 0.0000, 0.0000, 0.0000, 0.0000]])
tensor([[-0.2411,  1.0000,  1.0000,  0.0000,  0.0000,  0.0000]])
tensor([[0.2070, 1.0000, 0.0000, 0.0000, 0.0000, 0.0000]])
tensor([[0.4793, 1.0000, 0.0000, 0.0000, 0.0000, 0.0000]])
tensor([[-0.5801,  1.0000,  0.0000,  0.0000,  0.0000,  0.0000]])
tensor([[-0.9897,  1.0000,  0.0000,  0.0000,  0.0000,  0.0000]])
tensor([[-0.9390,  1.0000,  0.0000,  0.0000,  0.0000,  0.0000]])
tensor([[0.0152, 1.0000, 0.0000, 0.0000, 0.0000, 0.0000]])
tensor([[0.5966, 1.0000, 0.0000, 0.0000, 0.0000, 0.0000]])
tensor([[0.4878, 1.0000, 0.0000, 0.0000, 0.0000, 0.0000]])
tensor([[0.2627, 1.0000, 0.0000, 1.0000, 0.0000, 0.0000]])
tensor([[-0.5364,  0.0000,  0.0000,  0.0000,  0.0000,  0.0000]])
tensor([[-0.2763,  1.0000,  0.0000,  0.0000,  0.0000,  0.0000]])
tensor([[0.6648, 1.0000, 0.0000, 0.0000, 0.0000, 0.0000]])
tensor([[-0.2543,  1.0000,  1.0000,  0.0000,  0.0000,  0.0000]])
tensor([[0.0021, 1.0000, 0.0000, 0.0000, 0.0000, 0.0000]])
tensor([[0.7650, 1.0000, 0.0000, 0.0000, 0.0000, 0.0000]])
tensor([[0.2756, 1.0000, 0.0000, 0.0000, 0.0000, 0.0000]])
tensor([[-0.8107,  1.0000,  0.0000,  0.0000,  0.0000,  0.0000]])
tensor([[0.1544, 0.0000, 1.0000, 0.0000, 0.0000, 0.0000]])
tensor([[-0.4659,  1.0000,  0.0000,  0.0000,  0.0000,  0.0000]])
tensor([[0.6236, 1.0000, 1.0000, 0.0000, 0.0000, 0.0000]])
tensor([[-0.3109,  1.0000,  0.0000,  1.0000,  0.0000,  0.0000]])
tensor([[-0.8913,  1.0000,  0.0000,  0.0000,  0.0000,  0.0000]])
tensor([[0.9080, 0.0000, 0.0000, 0.0000, 0.0000, 0.0000]])
tensor([[0.9247, 1.0000, 0.0000, 0.0000, 0.0000, 0.0000]])
tensor([[-0.7224,  1.0000,  1.0000,  0.0000,  0.0000,  0.0000]])
tensor([[0.7154, 1.0000, 0.0000, 0.0000, 0.0000, 0.0000]])
tensor([[-0.7128,  1.0000,  0.0000,  1.0000,  0.0000,  0.0000]])
tensor([[-0.3351,  1.0000,  0.0000,  0.0000,  0.0000,  0.0000]])
tensor([[0.2964, 1.0000, 0.0000, 0.0000, 0.0000, 0.0000]])
tensor([[0.8433, 1.0000, 0.0000, 0.0000, 0.0000, 0.0000]])
tensor([[0.5876, 1.0000, 0.0000, 0.0000, 0.0000, 0.0000]])
tensor([[0.7578, 1.0000, 0.0000, 0.0000, 0.0000, 0.0000]])
tensor([[0.0458, 1.0000, 1.0000, 0.0000, 0.0000, 0.0000]])
tensor([[-0.5046,  1.0000,  0.0000,  0.0000,  0.0000,  0.0000]])
tensor([[-0.7611,  1.0000,  0.0000,  0.0000,  0.0000,  0.0000]])
tensor([[-0.6102,  1.0000,  1.0000,  0.0000,  0.0000,  0.0000]])
tensor([[-0.4979,  1.0000,  0.0000,  0.0000,  0.0000,  0.0000]])
tensor([[-0.7286,  1.0000,  1.0000,  0.0000,  0.0000,  0.0000]])
tensor([[0.2966, 1.0000, 0.0000, 0.0000, 0.0000, 0.0000]])
tensor([[0.6331, 1.0000, 0.0000, 0.0000, 0.0000, 0.0000]])
tensor([[-0.9439,  1.0000,  0.0000,  0.0000,  0.0000,  0.0000]])
tensor([[-0.8769,  1.0000,  0.0000,  0.0000,  0.0000,  0.0000]])
tensor([[-0.0613,  1.0000,  0.0000,  0.0000,  0.0000,  0.0000]])
tensor([[-0.3565,  1.0000,  0.0000,  0.0000,  0.0000,  0.0000]])
tensor([[-0.4659,  1.0000,  0.0000,  1.0000,  0.0000,  0.0000]])
tensor([[0.6067, 1.0000, 0.0000, 1.0000, 0.0000, 0.0000]])
tensor([[-0.5848,  1.0000,  0.0000,  0.0000,  0.0000,  0.0000]])
tensor([[-0.3006,  1.0000,  0.0000,  0.0000,  0.0000,  0.0000]])
tensor([[-0.7571,  1.0000,  0.0000,  0.0000,  0.0000,  0.0000]])
tensor([[-0.6617,  1.0000,  0.0000,  0.0000,  0.0000,  0.0000]])
tensor([[0.3479, 1.0000, 0.0000, 0.0000, 0.0000, 0.0000]])
tensor([[-0.9208,  0.0000,  1.0000,  0.0000,  0.0000,  0.0000]])
tensor([[-0.2437,  1.0000,  0.0000,  0.0000,  0.0000,  0.0000]])
tensor([[-0.7773,  1.0000,  0.0000,  1.0000,  0.0000,  0.0000]])
tensor([[-0.1155,  1.0000,  0.0000,  0.0000,  0.0000,  0.0000]])
tensor([[-0.9187,  1.0000,  0.0000,  0.0000,  0.0000,  0.0000]])
tensor([[0.1523, 1.0000, 0.0000, 0.0000, 0.0000, 0.0000]])
tensor([[-0.5276,  1.0000,  0.0000,  0.0000,  0.0000,  0.0000]])
tensor([[-0.4927,  1.0000,  0.0000,  0.0000,  0.0000,  0.0000]])
tensor([[-0.5351,  1.0000,  0.0000,  1.0000,  1.0000,  0.0000]])
tensor([[-0.2630,  1.0000,  1.0000,  0.0000,  0.0000,  0.0000]])
tensor([[-0.9850,  1.0000,  0.0000,  0.0000,  0.0000,  0.0000]])
tensor([[-0.9959,  1.0000,  0.0000,  0.0000,  0.0000,  0.0000]])
tensor([[-0.9494,  1.0000,  0.0000,  0.0000,  0.0000,  0.0000]])
tensor([[-0.9873,  1.0000,  0.0000,  0.0000,  0.0000,  0.0000]])
tensor([[-0.9568,  0.0000,  0.0000,  0.0000,  0.0000,  0.0000]])
tensor([[-0.9711,  1.0000,  0.0000,  0.0000,  0.0000,  0.0000]])
tensor([[-0.9628,  1.0000,  0.0000,  0.0000,  0.0000,  0.0000]])
tensor([[-0.9574,  1.0000,  0.0000,  0.0000,  0.0000,  0.0000]])
tensor([[0.5584, 1.0000, 1.0000, 0.0000, 0.0000, 0.0000]])
tensor([[-0.9795,  1.0000,  0.0000,  0.0000,  0.0000,  0.0000]])
tensor([[-0.8806,  1.0000,  1.0000,  0.0000,  0.0000,  0.0000]])
tensor([[-0.8541,  0.0000,  1.0000,  0.0000,  0.0000,  0.0000]])
tensor([[-0.9655,  0.0000,  1.0000,  0.0000,  0.0000,  0.0000]])
tensor([[-0.7160,  0.0000,  0.0000,  0.0000,  0.0000,  0.0000]])
tensor([[-0.3277,  1.0000,  1.0000,  0.0000,  0.0000,  0.0000]])
tensor([[-0.9374,  1.0000,  1.0000,  0.0000,  0.0000,  0.0000]])
tensor([[-0.9182,  1.0000,  1.0000,  0.0000,  0.0000,  0.0000]])
tensor([[0.7452, 1.0000, 0.0000, 0.0000, 0.0000, 0.0000]])
tensor([[0.3649, 1.0000, 0.0000, 0.0000, 0.0000, 0.0000]])
tensor([[0.2606, 1.0000, 1.0000, 0.0000, 0.0000, 0.0000]])
tensor([[0.8840, 0.0000, 1.0000, 0.0000, 0.0000, 0.0000]])
tensor([[0.9282, 0.0000, 1.0000, 0.0000, 0.0000, 0.0000]])
tensor([[0.5332, 1.0000, 1.0000, 0.0000, 0.0000, 0.0000]])
tensor([[0.6931, 0.0000, 1.0000, 0.0000, 0.0000, 0.0000]])
tensor([[0.9136, 1.0000, 1.0000, 1.0000, 1.0000, 0.0000]])
tensor([[-0.9920,  1.0000,  0.0000,  0.0000,  0.0000,  0.0000]])
tensor([[-0.9749,  1.0000,  1.0000,  0.0000,  0.0000,  0.0000]])
tensor([[-0.9924,  1.0000,  0.0000,  0.0000,  0.0000,  0.0000]])
tensor([[-0.9901,  1.0000,  0.0000,  0.0000,  0.0000,  0.0000]])
tensor([[-0.9873,  1.0000,  0.0000,  0.0000,  0.0000,  0.0000]])
tensor([[-0.9911,  1.0000,  0.0000,  0.0000,  0.0000,  0.0000]])
tensor([[-0.9703,  1.0000,  0.0000,  0.0000,  0.0000,  0.0000]])
tensor([[-0.9852,  0.0000,  1.0000,  0.0000,  0.0000,  0.0000]])
tensor([[-0.9336,  1.0000,  0.0000,  0.0000,  0.0000,  0.0000]])
tensor([[-0.9907,  1.0000,  1.0000,  0.0000,  0.0000,  0.0000]])
tensor([[-0.9582,  1.0000,  0.0000,  0.0000,  0.0000,  0.0000]])
tensor([[-0.8430,  1.0000,  0.0000,  0.0000,  0.0000,  0.0000]])
tensor([[0.1346, 1.0000, 1.0000, 0.0000, 0.0000, 0.0000]])
tensor([[0.7654, 1.0000, 0.0000, 0.0000, 0.0000, 0.0000]])
tensor([[0.7903, 1.0000, 0.0000, 0.0000, 0.0000, 0.0000]])
tensor([[-0.0350,  1.0000,  0.0000,  0.0000,  0.0000,  0.0000]])
tensor([[0.0863, 1.0000, 0.0000, 0.0000, 0.0000, 0.0000]])
tensor([[0.1763, 1.0000, 0.0000, 0.0000, 0.0000, 0.0000]])
tensor([[0.3602, 1.0000, 0.0000, 0.0000, 0.0000, 0.0000]])
tensor([[0.7362, 1.0000, 0.0000, 0.0000, 0.0000, 0.0000]])
tensor([[-0.4929,  1.0000,  0.0000,  0.0000,  0.0000,  0.0000]])
tensor([[-0.9999,  0.0000,  0.0000,  0.0000,  1.0000,  1.0000]])
tensor([[-0.9999,  1.0000,  0.0000,  0.0000,  0.0000,  0.0000]])
tensor([[-0.9979,  1.0000,  0.0000,  0.0000,  0.0000,  0.0000]])
tensor([[-0.9400,  1.0000,  1.0000,  0.0000,  0.0000,  0.0000]])
tensor([[-0.4121,  1.0000,  0.0000,  0.0000,  0.0000,  0.0000]])
tensor([[0.3872, 1.0000, 0.0000, 0.0000, 0.0000, 0.0000]])
tensor([[0.1590, 1.0000, 0.0000, 0.0000, 0.0000, 0.0000]])
tensor([[-0.4336,  1.0000,  0.0000,  0.0000,  0.0000,  0.0000]])
tensor([[-0.1561,  1.0000,  0.0000,  0.0000,  0.0000,  0.0000]])
tensor([[-0.1144,  1.0000,  0.0000,  0.0000,  0.0000,  0.0000]])
tensor([[-0.9955,  1.0000,  0.0000,  0.0000,  0.0000,  0.0000]])
tensor([[-0.7977,  1.0000,  0.0000,  0.0000,  0.0000,  0.0000]])
tensor([[-0.1212,  1.0000,  0.0000,  0.0000,  0.0000,  0.0000]])
tensor([[-0.3189,  1.0000,  0.0000,  0.0000,  0.0000,  0.0000]])
tensor([[-0.1405,  1.0000,  0.0000,  0.0000,  0.0000,  0.0000]])
tensor([[-0.2097,  1.0000,  0.0000,  0.0000,  0.0000,  0.0000]])
tensor([[0.1825, 1.0000, 0.0000, 0.0000, 1.0000, 0.0000]])
tensor([[-0.0869,  1.0000,  0.0000,  0.0000,  0.0000,  0.0000]])
tensor([[-0.3582,  1.0000,  0.0000,  0.0000,  0.0000,  0.0000]])
tensor([[-0.1604,  1.0000,  0.0000,  0.0000,  0.0000,  0.0000]])
tensor([[-0.2998,  0.0000,  0.0000,  0.0000,  0.0000,  0.0000]])
tensor([[0.3491, 1.0000, 0.0000, 0.0000, 0.0000, 0.0000]])
tensor([[0.3103, 1.0000, 0.0000, 0.0000, 0.0000, 0.0000]])
tensor([[-0.4813,  1.0000,  1.0000,  0.0000,  0.0000,  0.0000]])
tensor([[-0.4233,  1.0000,  0.0000,  0.0000,  0.0000,  0.0000]])
tensor([[-0.2981,  1.0000,  0.0000,  0.0000,  0.0000,  0.0000]])
tensor([[0.8614, 1.0000, 1.0000, 1.0000, 0.0000, 0.0000]])
tensor([[0.6679, 1.0000, 0.0000, 0.0000, 0.0000, 0.0000]])
tensor([[-0.1922,  1.0000,  0.0000,  0.0000,  0.0000,  0.0000]])
tensor([[-0.5655,  1.0000,  0.0000,  0.0000,  0.0000,  0.0000]])
tensor([[0.1021, 1.0000, 1.0000, 0.0000, 0.0000, 0.0000]])
tensor([[0.2295, 1.0000, 1.0000, 0.0000, 0.0000, 0.0000]])
tensor([[-0.1480,  0.0000,  0.0000,  0.0000,  0.0000,  0.0000]])
tensor([[0.9765, 0.0000, 0.0000, 0.0000, 0.0000, 0.0000]])
tensor([[0.9892, 1.0000, 0.0000, 0.0000, 0.0000, 0.0000]])
tensor([[0.9342, 1.0000, 0.0000, 0.0000, 0.0000, 0.0000]])
tensor([[0.9670, 1.0000, 0.0000, 0.0000, 0.0000, 0.0000]])
tensor([[0.9770, 1.0000, 0.0000, 0.0000, 0.0000, 0.0000]])
tensor([[0.9706, 1.0000, 0.0000, 0.0000, 0.0000, 0.0000]])
tensor([[0.9551, 1.0000, 0.0000, 0.0000, 0.0000, 0.0000]])
tensor([[0.6524, 1.0000, 0.0000, 0.0000, 0.0000, 0.0000]])
tensor([[0.2218, 1.0000, 0.0000, 0.0000, 0.0000, 0.0000]])
tensor([[-0.4440,  1.0000,  1.0000,  0.0000,  0.0000,  0.0000]])
tensor([[0.0240, 1.0000, 0.0000, 0.0000, 0.0000, 0.0000]])
tensor([[-0.1209,  1.0000,  0.0000,  0.0000,  0.0000,  0.0000]])
tensor([[0.7868, 0.0000, 0.0000, 0.0000, 1.0000, 0.0000]])
tensor([[0.4940, 1.0000, 0.0000, 0.0000, 0.0000, 0.0000]])
tensor([[0.6485, 1.0000, 0.0000, 0.0000, 0.0000, 0.0000]])
tensor([[-0.8150,  1.0000,  0.0000,  0.0000,  0.0000,  0.0000]])
tensor([[0.0304, 1.0000, 0.0000, 0.0000, 0.0000, 0.0000]])
tensor([[0.0548, 1.0000, 0.0000, 0.0000, 0.0000, 0.0000]])
tensor([[0.5061, 1.0000, 0.0000, 0.0000, 0.0000, 0.0000]])
tensor([[0.3093, 1.0000, 0.0000, 0.0000, 0.0000, 0.0000]])
tensor([[-0.2881,  1.0000,  0.0000,  0.0000,  0.0000,  0.0000]])
tensor([[0.6794, 1.0000, 1.0000, 0.0000, 0.0000, 0.0000]])
tensor([[0.1447, 1.0000, 0.0000, 0.0000, 0.0000, 0.0000]])
tensor([[0.0325, 1.0000, 0.0000, 0.0000, 0.0000, 0.0000]])
tensor([[0.2235, 1.0000, 0.0000, 0.0000, 0.0000, 0.0000]])
tensor([[-0.6320,  1.0000,  0.0000,  0.0000,  0.0000,  0.0000]])
tensor([[0.5626, 1.0000, 0.0000, 0.0000, 0.0000, 0.0000]])
tensor([[0.8347, 1.0000, 0.0000, 0.0000, 0.0000, 0.0000]])
tensor([[0.7925, 1.0000, 0.0000, 0.0000, 0.0000, 0.0000]])
tensor([[0.5293, 1.0000, 0.0000, 0.0000, 0.0000, 0.0000]])
tensor([[0.4427, 1.0000, 0.0000, 0.0000, 0.0000, 0.0000]])
tensor([[0.5818, 1.0000, 0.0000, 0.0000, 0.0000, 0.0000]])
tensor([[-0.1965,  1.0000,  0.0000,  0.0000,  0.0000,  0.0000]])
tensor([[-0.8067,  1.0000,  0.0000,  0.0000,  0.0000,  0.0000]])
tensor([[0.9894, 1.0000, 0.0000, 0.0000, 0.0000, 0.0000]])
tensor([[0.9704, 1.0000, 0.0000, 0.0000, 0.0000, 0.0000]])
tensor([[0.6976, 1.0000, 0.0000, 0.0000, 0.0000, 0.0000]])
tensor([[0.4374, 1.0000, 1.0000, 0.0000, 0.0000, 0.0000]])
tensor([[0.7965, 1.0000, 1.0000, 0.0000, 0.0000, 0.0000]])
tensor([[0.8473, 1.0000, 0.0000, 0.0000, 0.0000, 0.0000]])
tensor([[0.8635, 1.0000, 0.0000, 0.0000, 0.0000, 0.0000]])
tensor([[0.9992, 1.0000, 0.0000, 0.0000, 0.0000, 0.0000]])
tensor([[0.0656, 1.0000, 0.0000, 0.0000, 0.0000, 0.0000]])
tensor([[0.8975, 1.0000, 0.0000, 0.0000, 0.0000, 0.0000]])
tensor([[0.9701, 1.0000, 0.0000, 0.0000, 0.0000, 0.0000]])
tensor([[0.7642, 1.0000, 0.0000, 0.0000, 0.0000, 0.0000]])
tensor([[0.7701, 1.0000, 0.0000, 0.0000, 0.0000, 0.0000]])
tensor([[-0.9481,  1.0000,  1.0000,  0.0000,  0.0000,  0.0000]])
tensor([[-0.9951,  1.0000,  0.0000,  0.0000,  0.0000,  0.0000]])
tensor([[-0.6020,  1.0000,  0.0000,  0.0000,  0.0000,  0.0000]])
tensor([[0.9616, 1.0000, 0.0000, 0.0000, 0.0000, 0.0000]])
tensor([[0.4317, 1.0000, 0.0000, 0.0000, 0.0000, 0.0000]])
tensor([[-0.7514,  1.0000,  0.0000,  0.0000,  0.0000,  0.0000]])
tensor([[-0.0517,  1.0000,  1.0000,  0.0000,  0.0000,  0.0000]])
tensor([[-0.8707,  1.0000,  0.0000,  0.0000,  0.0000,  0.0000]])
tensor([[-0.9313,  1.0000,  0.0000,  0.0000,  0.0000,  0.0000]])
tensor([[0.1363, 1.0000, 0.0000, 0.0000, 0.0000, 0.0000]])
tensor([[-0.4316,  1.0000,  0.0000,  0.0000,  0.0000,  0.0000]])
tensor([[0.8588, 1.0000, 0.0000, 0.0000, 0.0000, 0.0000]])
tensor([[0.5413, 1.0000, 0.0000, 0.0000, 0.0000, 0.0000]])
tensor([[0.3455, 1.0000, 0.0000, 0.0000, 0.0000, 0.0000]])
tensor([[-0.8117,  1.0000,  0.0000,  0.0000,  0.0000,  0.0000]])
tensor([[0.8652, 1.0000, 0.0000, 0.0000, 0.0000, 0.0000]])
tensor([[-0.6926,  1.0000,  0.0000,  0.0000,  0.0000,  0.0000]])
tensor([[0.6971, 1.0000, 0.0000, 0.0000, 0.0000, 0.0000]])
tensor([[-0.1238,  1.0000,  0.0000,  0.0000,  1.0000,  0.0000]])
tensor([[0.6598, 1.0000, 0.0000, 0.0000, 0.0000, 0.0000]])
tensor([[0.9269, 1.0000, 0.0000, 0.0000, 0.0000, 0.0000]])
tensor([[0.9922, 1.0000, 0.0000, 0.0000, 0.0000, 0.0000]])
tensor([[0.9217, 1.0000, 0.0000, 0.0000, 0.0000, 0.0000]])
tensor([[0.8980, 1.0000, 0.0000, 0.0000, 0.0000, 0.0000]])
tensor([[0.9677, 1.0000, 1.0000, 0.0000, 0.0000, 0.0000]])
tensor([[0.9842, 1.0000, 0.0000, 0.0000, 0.0000, 0.0000]])
tensor([[0.9127, 1.0000, 1.0000, 0.0000, 0.0000, 0.0000]])
tensor([[0.8790, 1.0000, 0.0000, 0.0000, 0.0000, 0.0000]])
tensor([[0.7966, 1.0000, 0.0000, 0.0000, 0.0000, 0.0000]])
tensor([[0.9505, 1.0000, 0.0000, 0.0000, 0.0000, 0.0000]])
tensor([[0.0931, 1.0000, 0.0000, 0.0000, 0.0000, 0.0000]])
tensor([[-0.0830,  1.0000,  0.0000,  0.0000,  0.0000,  0.0000]])
tensor([[0.2605, 1.0000, 0.0000, 0.0000, 0.0000, 0.0000]])
tensor([[0.3940, 1.0000, 0.0000, 0.0000, 0.0000, 0.0000]])
tensor([[0.3793, 1.0000, 0.0000, 0.0000, 0.0000, 0.0000]])
tensor([[0.0854, 1.0000, 0.0000, 0.0000, 0.0000, 0.0000]])
tensor([[0.0055, 1.0000, 0.0000, 0.0000, 0.0000, 0.0000]])
tensor([[0.0073, 1.0000, 0.0000, 0.0000, 0.0000, 0.0000]])
tensor([[-0.4680,  1.0000,  0.0000,  0.0000,  0.0000,  0.0000]])
tensor([[0.1560, 1.0000, 0.0000, 0.0000, 0.0000, 0.0000]])
tensor([[-0.5389,  1.0000,  0.0000,  0.0000,  0.0000,  0.0000]])
tensor([[-0.7240,  1.0000,  0.0000,  0.0000,  0.0000,  0.0000]])
tensor([[-0.9092,  1.0000,  0.0000,  0.0000,  0.0000,  0.0000]])
tensor([[-0.9285,  1.0000,  0.0000,  0.0000,  0.0000,  0.0000]])
tensor([[-0.8259,  1.0000,  1.0000,  0.0000,  0.0000,  0.0000]])
tensor([[-0.9051,  1.0000,  0.0000,  0.0000,  0.0000,  0.0000]])
tensor([[-0.9697,  1.0000,  0.0000,  0.0000,  0.0000,  0.0000]])
tensor([[-0.9534,  1.0000,  0.0000,  0.0000,  0.0000,  0.0000]])
tensor([[-0.9973,  0.0000,  0.0000,  0.0000,  0.0000,  0.0000]])
tensor([[-0.9876,  1.0000,  1.0000,  0.0000,  0.0000,  0.0000]])
tensor([[-0.9966,  1.0000,  0.0000,  0.0000,  0.0000,  0.0000]])
tensor([[-0.9919,  1.0000,  0.0000,  0.0000,  0.0000,  0.0000]])
tensor([[-0.9536,  0.0000,  1.0000,  0.0000,  0.0000,  0.0000]])
tensor([[-0.9436,  1.0000,  1.0000,  0.0000,  0.0000,  0.0000]])
tensor([[-0.2909,  0.0000,  0.0000,  1.0000,  1.0000,  0.0000]])
tensor([[-0.7869,  1.0000,  1.0000,  0.0000,  0.0000,  0.0000]])
tensor([[0.7280, 1.0000, 0.0000, 0.0000, 0.0000, 1.0000]])
tensor([[0.7437, 1.0000, 0.0000, 0.0000, 0.0000, 0.0000]])
tensor([[0.8262, 1.0000, 0.0000, 0.0000, 0.0000, 0.0000]])
tensor([[0.9884, 1.0000, 0.0000, 0.0000, 0.0000, 0.0000]])
tensor([[0.9822, 1.0000, 1.0000, 1.0000, 0.0000, 0.0000]])
tensor([[0.7564, 1.0000, 1.0000, 0.0000, 0.0000, 0.0000]])
tensor([[0.4936, 1.0000, 0.0000, 0.0000, 0.0000, 0.0000]])
tensor([[-0.8353,  1.0000,  0.0000,  0.0000,  0.0000,  0.0000]])
tensor([[-0.9768,  1.0000,  1.0000,  0.0000,  0.0000,  0.0000]])
tensor([[-0.9880,  1.0000,  1.0000,  0.0000,  0.0000,  0.0000]])
tensor([[-0.8694,  1.0000,  0.0000,  0.0000,  0.0000,  0.0000]])
tensor([[-0.6692,  1.0000,  0.0000,  0.0000,  0.0000,  0.0000]])
tensor([[0.0782, 1.0000, 0.0000, 0.0000, 0.0000, 0.0000]])
tensor([[0.8510, 1.0000, 0.0000, 0.0000, 0.0000, 0.0000]])
tensor([[0.5578, 1.0000, 1.0000, 0.0000, 1.0000, 0.0000]])
tensor([[0.9733, 1.0000, 0.0000, 0.0000, 0.0000, 0.0000]])
tensor([[0.9061, 1.0000, 0.0000, 0.0000, 0.0000, 0.0000]])
tensor([[-0.8799,  1.0000,  0.0000,  1.0000,  0.0000,  0.0000]])
tensor([[-0.8731,  1.0000,  0.0000,  0.0000,  0.0000,  0.0000]])
tensor([[-0.4130,  1.0000,  0.0000,  0.0000,  0.0000,  0.0000]])
tensor([[0.9629, 1.0000, 0.0000, 0.0000, 0.0000, 0.0000]])
tensor([[0.8472, 1.0000, 0.0000, 0.0000, 0.0000, 0.0000]])
tensor([[0.8334, 1.0000, 1.0000, 0.0000, 0.0000, 0.0000]])
tensor([[-0.6542,  1.0000,  0.0000,  0.0000,  0.0000,  0.0000]])
tensor([[-0.6676,  1.0000,  0.0000,  0.0000,  0.0000,  0.0000]])
tensor([[0.6187, 1.0000, 1.0000, 0.0000, 0.0000, 0.0000]])
tensor([[0.3267, 1.0000, 0.0000, 0.0000, 0.0000, 0.0000]])
tensor([[-0.1189,  1.0000,  0.0000,  0.0000,  0.0000,  0.0000]])
tensor([[-0.0760,  1.0000,  0.0000,  0.0000,  0.0000,  0.0000]])
INFO:root:Agent 0 (TQCars): avg action time = 0.0015s
tensor([[-0.4808,  1.0000,  1.0000,  0.0000,  0.0000,  0.0000]])
tensor([[-0.7841,  1.0000,  1.0000,  0.0000,  0.0000,  0.0000]])
tensor([[0.9999, 1.0000, 0.0000, 0.0000, 0.0000, 0.0000]])
tensor([[0.9998, 1.0000, 0.0000, 0.0000, 0.0000, 0.0000]])
tensor([[1.0000, 1.0000, 0.0000, 0.0000, 0.0000, 0.0000]])
tensor([[0.9998, 1.0000, 0.0000, 0.0000, 1.0000, 0.0000]])
tensor([[0.9998, 1.0000, 1.0000, 0.0000, 0.0000, 0.0000]])
tensor([[0.9991, 1.0000, 1.0000, 0.0000, 0.0000, 0.0000]])
tensor([[0.9961, 1.0000, 0.0000, 0.0000, 0.0000, 0.0000]])
tensor([[0.9987, 1.0000, 0.0000, 0.0000, 0.0000, 0.0000]])
tensor([[0.9250, 1.0000, 0.0000, 0.0000, 0.0000, 0.0000]])
tensor([[0.7108, 1.0000, 0.0000, 0.0000, 0.0000, 0.0000]])
tensor([[0.1832, 1.0000, 0.0000, 0.0000, 0.0000, 0.0000]])
tensor([[-0.6060,  1.0000,  0.0000,  0.0000,  0.0000,  0.0000]])
tensor([[-0.5194,  1.0000,  1.0000,  0.0000,  0.0000,  0.0000]])
tensor([[0.5653, 1.0000, 1.0000, 0.0000, 0.0000, 0.0000]])
tensor([[0.9895, 1.0000, 0.0000, 0.0000, 0.0000, 0.0000]])
tensor([[0.9871, 1.0000, 0.0000, 0.0000, 0.0000, 0.0000]])
tensor([[0.7480, 1.0000, 1.0000, 0.0000, 0.0000, 0.0000]])
tensor([[-0.1384,  1.0000,  0.0000,  0.0000,  0.0000,  0.0000]])
tensor([[0.9933, 1.0000, 0.0000, 0.0000, 0.0000, 0.0000]])
tensor([[0.9967, 1.0000, 0.0000, 0.0000, 0.0000, 0.0000]])
tensor([[0.8717, 1.0000, 0.0000, 0.0000, 0.0000, 0.0000]])
tensor([[0.8710, 1.0000, 0.0000, 0.0000, 0.0000, 0.0000]])
tensor([[0.5073, 1.0000, 0.0000, 0.0000, 0.0000, 0.0000]])
tensor([[0.8767, 1.0000, 0.0000, 0.0000, 0.0000, 0.0000]])
tensor([[0.6790, 1.0000, 0.0000, 0.0000, 0.0000, 0.0000]])
tensor([[0.4500, 1.0000, 0.0000, 0.0000, 0.0000, 0.0000]])
tensor([[0.8626, 1.0000, 0.0000, 0.0000, 0.0000, 0.0000]])
tensor([[-0.8305,  1.0000,  0.0000,  0.0000,  0.0000,  0.0000]])
tensor([[-0.8680,  0.0000,  0.0000,  0.0000,  0.0000,  0.0000]])
tensor([[0.1346, 1.0000, 0.0000, 0.0000, 0.0000, 0.0000]])
tensor([[0.0730, 1.0000, 1.0000, 0.0000, 0.0000, 0.0000]])
tensor([[-0.1295,  1.0000,  0.0000,  0.0000,  0.0000,  0.0000]])
tensor([[-0.4035,  1.0000,  0.0000,  0.0000,  0.0000,  0.0000]])
tensor([[0.2893, 1.0000, 0.0000, 0.0000, 0.0000, 0.0000]])
tensor([[-0.9475,  1.0000,  0.0000,  0.0000,  0.0000,  0.0000]])
tensor([[-0.3130,  1.0000,  0.0000,  0.0000,  0.0000,  0.0000]])
tensor([[-0.3927,  1.0000,  0.0000,  0.0000,  0.0000,  0.0000]])
tensor([[0.0081, 1.0000, 0.0000, 0.0000, 0.0000, 0.0000]])
tensor([[0.1749, 1.0000, 1.0000, 0.0000, 0.0000, 0.0000]])
tensor([[-0.3707,  1.0000,  0.0000,  0.0000,  1.0000,  0.0000]])
tensor([[0.9353, 1.0000, 0.0000, 1.0000, 0.0000, 0.0000]])
tensor([[-0.4525,  1.0000,  0.0000,  0.0000,  0.0000,  0.0000]])
tensor([[-0.5500,  1.0000,  1.0000,  0.0000,  0.0000,  0.0000]])
tensor([[0.7528, 1.0000, 0.0000, 1.0000, 0.0000, 0.0000]])
tensor([[-0.4214,  1.0000,  1.0000,  0.0000,  0.0000,  0.0000]])
tensor([[-0.2030,  1.0000,  0.0000,  0.0000,  0.0000,  0.0000]])
tensor([[-0.0214,  1.0000,  0.0000,  0.0000,  0.0000,  0.0000]])
tensor([[0.8778, 1.0000, 0.0000, 0.0000, 0.0000, 0.0000]])
tensor([[-0.5365,  1.0000,  0.0000,  0.0000,  0.0000,  0.0000]])
tensor([[0.9134, 1.0000, 0.0000, 0.0000, 0.0000, 0.0000]])
tensor([[0.8901, 1.0000, 0.0000, 0.0000, 0.0000, 0.0000]])
tensor([[0.6697, 1.0000, 1.0000, 0.0000, 0.0000, 0.0000]])
tensor([[0.9420, 1.0000, 0.0000, 0.0000, 0.0000, 0.0000]])
tensor([[0.8908, 1.0000, 0.0000, 0.0000, 0.0000, 0.0000]])
tensor([[0.9892, 1.0000, 0.0000, 0.0000, 0.0000, 0.0000]])
tensor([[0.9949, 1.0000, 0.0000, 0.0000, 0.0000, 0.0000]])
tensor([[0.9994, 1.0000, 1.0000, 0.0000, 0.0000, 0.0000]])
tensor([[0.9469, 1.0000, 0.0000, 0.0000, 0.0000, 0.0000]])
tensor([[0.9860, 1.0000, 0.0000, 0.0000, 0.0000, 0.0000]])
tensor([[0.9857, 1.0000, 0.0000, 0.0000, 0.0000, 0.0000]])
tensor([[0.9931, 1.0000, 0.0000, 0.0000, 0.0000, 0.0000]])
tensor([[0.9671, 1.0000, 0.0000, 0.0000, 0.0000, 0.0000]])
tensor([[0.9630, 1.0000, 0.0000, 0.0000, 0.0000, 0.0000]])
tensor([[0.8499, 0.0000, 1.0000, 0.0000, 0.0000, 0.0000]])
tensor([[0.9191, 1.0000, 0.0000, 0.0000, 0.0000, 0.0000]])
tensor([[0.9703, 1.0000, 0.0000, 0.0000, 0.0000, 0.0000]])
tensor([[0.9952, 0.0000, 0.0000, 0.0000, 0.0000, 0.0000]])
tensor([[-0.9236,  1.0000,  0.0000,  0.0000,  0.0000,  0.0000]])
tensor([[-0.9758,  0.0000,  0.0000,  0.0000,  0.0000,  0.0000]])
tensor([[-0.9983,  1.0000,  1.0000,  0.0000,  0.0000,  0.0000]])
tensor([[-0.9977,  0.0000,  1.0000,  0.0000,  0.0000,  0.0000]])
tensor([[-0.9944,  1.0000,  1.0000,  0.0000,  0.0000,  0.0000]])
tensor([[-0.9999,  1.0000,  1.0000,  0.0000,  0.0000,  0.0000]])
tensor([[-0.9999,  1.0000,  0.0000,  1.0000,  0.0000,  0.0000]])
tensor([[-0.9993,  1.0000,  0.0000,  0.0000,  0.0000,  0.0000]])
tensor([[-0.8575,  1.0000,  0.0000,  0.0000,  0.0000,  0.0000]])
tensor([[0.4673, 1.0000, 0.0000, 0.0000, 0.0000, 0.0000]])
tensor([[-0.3309,  0.0000,  0.0000,  0.0000,  0.0000,  0.0000]])
tensor([[-0.5169,  1.0000,  1.0000,  0.0000,  0.0000,  0.0000]])
tensor([[-0.7007,  1.0000,  1.0000,  0.0000,  0.0000,  0.0000]])
tensor([[-0.5790,  1.0000,  0.0000,  0.0000,  0.0000,  0.0000]])
tensor([[0.6468, 1.0000, 0.0000, 0.0000, 0.0000, 0.0000]])
tensor([[0.6998, 1.0000, 0.0000, 0.0000, 0.0000, 0.0000]])
tensor([[-0.6686,  1.0000,  1.0000,  0.0000,  0.0000,  0.0000]])
tensor([[-0.4908,  1.0000,  0.0000,  0.0000,  0.0000,  0.0000]])
tensor([[-0.8496,  1.0000,  0.0000,  0.0000,  0.0000,  0.0000]])
tensor([[0.0709, 1.0000, 0.0000, 0.0000, 0.0000, 0.0000]])
tensor([[-0.0998,  1.0000,  0.0000,  0.0000,  0.0000,  0.0000]])
tensor([[-0.0601,  1.0000,  0.0000,  0.0000,  0.0000,  0.0000]])
tensor([[0.7914, 1.0000, 0.0000, 0.0000, 0.0000, 0.0000]])
tensor([[0.6660, 0.0000, 0.0000, 0.0000, 0.0000, 0.0000]])
tensor([[-0.3644,  1.0000,  0.0000,  0.0000,  0.0000,  0.0000]])
tensor([[-0.3609,  1.0000,  0.0000,  0.0000,  0.0000,  0.0000]])
tensor([[-0.0751,  1.0000,  0.0000,  0.0000,  0.0000,  0.0000]])
tensor([[-0.5899,  0.0000,  0.0000,  0.0000,  0.0000,  0.0000]])
tensor([[-0.0279,  1.0000,  0.0000,  0.0000,  0.0000,  0.0000]])
tensor([[0.9255, 1.0000, 0.0000, 0.0000, 0.0000, 0.0000]])
tensor([[0.5328, 1.0000, 0.0000, 0.0000, 0.0000, 0.0000]])
tensor([[-0.4931,  1.0000,  0.0000,  0.0000,  0.0000,  0.0000]])
tensor([[-0.8006,  1.0000,  0.0000,  0.0000,  0.0000,  0.0000]])
{"type": "results", "track": "snowtuxpeak", "results": [{"key": 0, "reward": 10.023297119140626, "position": 4, "name": "TQCars", "avg_action_time": 0.001450606646403321}]}
