INFO:root:Loading the agents
INFO:root:Loaded player TQCars
INFO:root:Creating pystk-1
INFO:root:Adding wrapper <function get_wrappers.<locals>.<lambda> at 0x72e11dcfb420>
INFO:root:Adding wrapper <function get_wrappers.<locals>.<lambda> at 0x72e11dcfb4c0>
INFO:root:Adding wrapper <function get_wrappers.<locals>.<lambda> at 0x72e11dcfb560>
INFO:root:Adding wrapper <function get_wrappers.<locals>.<lambda> at 0x72e11dcfb600>
INFO:root:(multi-env mono adapter) Setting main environment max_paths to 5
INFO:root:Loading trained model from CHECKPOINT-GPUFAC/tqc_EXP16BASEREWARD_800000.pt...
INFO:root:Starting a race
tensor([[0.2371, 1.0000, 0.0000, 0.0000, 0.0000, 0.0000]])
tensor([[-0.2914,  1.0000,  0.0000,  0.0000,  0.0000,  0.0000]])
tensor([[0.3641, 1.0000, 0.0000, 0.0000, 0.0000, 0.0000]])
tensor([[-0.1370,  1.0000,  0.0000,  0.0000,  0.0000,  0.0000]])
tensor([[0.1250, 1.0000, 0.0000, 0.0000, 0.0000, 0.0000]])
tensor([[-0.9006,  1.0000,  0.0000,  0.0000,  0.0000,  0.0000]])
tensor([[-0.6476,  1.0000,  0.0000,  0.0000,  0.0000,  0.0000]])
tensor([[-0.7674,  1.0000,  0.0000,  0.0000,  0.0000,  0.0000]])
tensor([[-0.6167,  1.0000,  0.0000,  0.0000,  0.0000,  0.0000]])
tensor([[-0.8095,  1.0000,  0.0000,  0.0000,  0.0000,  0.0000]])
tensor([[-0.8385,  1.0000,  0.0000,  0.0000,  0.0000,  0.0000]])
tensor([[-0.8864,  1.0000,  0.0000,  0.0000,  0.0000,  0.0000]])
tensor([[-0.7029,  1.0000,  0.0000,  0.0000,  0.0000,  0.0000]])
tensor([[-0.7181,  1.0000,  0.0000,  0.0000,  0.0000,  0.0000]])
tensor([[-0.5830,  1.0000,  0.0000,  0.0000,  0.0000,  0.0000]])
tensor([[0.4578, 1.0000, 0.0000, 0.0000, 0.0000, 0.0000]])
tensor([[-0.7564,  1.0000,  0.0000,  0.0000,  0.0000,  0.0000]])
tensor([[-0.3563,  1.0000,  0.0000,  0.0000,  0.0000,  0.0000]])
tensor([[-0.6577,  1.0000,  0.0000,  0.0000,  0.0000,  0.0000]])
tensor([[-0.5787,  1.0000,  0.0000,  0.0000,  0.0000,  0.0000]])
tensor([[-0.2162,  1.0000,  0.0000,  0.0000,  0.0000,  0.0000]])
tensor([[-0.0923,  1.0000,  0.0000,  0.0000,  0.0000,  0.0000]])
tensor([[-0.7875,  1.0000,  0.0000,  0.0000,  0.0000,  0.0000]])
tensor([[-0.2320,  1.0000,  0.0000,  0.0000,  0.0000,  0.0000]])
tensor([[0.9240, 1.0000, 0.0000, 0.0000, 0.0000, 0.0000]])
tensor([[-0.3095,  1.0000,  0.0000,  1.0000,  0.0000,  0.0000]])
tensor([[-0.3607,  1.0000,  0.0000,  0.0000,  0.0000,  0.0000]])
tensor([[0.6512, 1.0000, 0.0000, 0.0000, 0.0000, 0.0000]])
tensor([[0.4560, 1.0000, 0.0000, 0.0000, 0.0000, 0.0000]])
tensor([[-0.3555,  1.0000,  0.0000,  0.0000,  0.0000,  0.0000]])
tensor([[0.2813, 1.0000, 0.0000, 0.0000, 0.0000, 0.0000]])
tensor([[0.7613, 1.0000, 0.0000, 0.0000, 0.0000, 0.0000]])
tensor([[0.4797, 1.0000, 0.0000, 0.0000, 0.0000, 0.0000]])
tensor([[0.0837, 1.0000, 0.0000, 0.0000, 0.0000, 0.0000]])
tensor([[-0.7989,  1.0000,  0.0000,  0.0000,  0.0000,  0.0000]])
tensor([[-0.3581,  1.0000,  0.0000,  0.0000,  0.0000,  0.0000]])
tensor([[-0.4455,  1.0000,  0.0000,  0.0000,  0.0000,  0.0000]])
tensor([[-0.6850,  1.0000,  0.0000,  0.0000,  0.0000,  0.0000]])
tensor([[0.4593, 1.0000, 0.0000, 0.0000, 0.0000, 0.0000]])
tensor([[-0.0397,  1.0000,  0.0000,  0.0000,  0.0000,  0.0000]])
tensor([[-0.8905,  1.0000,  0.0000,  0.0000,  0.0000,  0.0000]])
tensor([[0.7959, 1.0000, 0.0000, 0.0000, 0.0000, 0.0000]])
tensor([[-0.6941,  1.0000,  0.0000,  0.0000,  0.0000,  0.0000]])
tensor([[-0.4923,  1.0000,  0.0000,  0.0000,  0.0000,  0.0000]])
tensor([[-0.3027,  1.0000,  0.0000,  0.0000,  0.0000,  0.0000]])
tensor([[0.3456, 1.0000, 0.0000, 0.0000, 0.0000, 0.0000]])
tensor([[-0.1513,  1.0000,  0.0000,  0.0000,  0.0000,  0.0000]])
tensor([[0.6335, 1.0000, 0.0000, 0.0000, 0.0000, 0.0000]])
tensor([[0.2579, 1.0000, 0.0000, 0.0000, 0.0000, 0.0000]])
tensor([[-0.4286,  1.0000,  0.0000,  0.0000,  0.0000,  0.0000]])
tensor([[0.5499, 1.0000, 0.0000, 0.0000, 0.0000, 0.0000]])
tensor([[0.3556, 1.0000, 0.0000, 0.0000, 0.0000, 0.0000]])
tensor([[-0.7391,  1.0000,  0.0000,  0.0000,  0.0000,  0.0000]])
tensor([[-0.0746,  1.0000,  0.0000,  0.0000,  0.0000,  0.0000]])
tensor([[-0.5072,  1.0000,  0.0000,  0.0000,  0.0000,  0.0000]])
tensor([[-0.5745,  1.0000,  0.0000,  0.0000,  0.0000,  0.0000]])
tensor([[0.4053, 1.0000, 0.0000, 0.0000, 0.0000, 0.0000]])
tensor([[0.1751, 1.0000, 0.0000, 0.0000, 0.0000, 0.0000]])
tensor([[-0.2607,  1.0000,  0.0000,  0.0000,  0.0000,  0.0000]])
tensor([[-0.1571,  1.0000,  0.0000,  0.0000,  0.0000,  0.0000]])
tensor([[0.2986, 1.0000, 0.0000, 0.0000, 0.0000, 0.0000]])
tensor([[0.1271, 1.0000, 0.0000, 0.0000, 0.0000, 0.0000]])
tensor([[-0.9915,  1.0000,  0.0000,  0.0000,  0.0000,  0.0000]])
tensor([[-0.9819,  1.0000,  0.0000,  0.0000,  0.0000,  0.0000]])
tensor([[-0.4561,  1.0000,  0.0000,  0.0000,  0.0000,  0.0000]])
tensor([[-0.7876,  1.0000,  0.0000,  0.0000,  0.0000,  0.0000]])
tensor([[-0.2534,  1.0000,  0.0000,  0.0000,  0.0000,  0.0000]])
tensor([[-0.6070,  1.0000,  0.0000,  0.0000,  0.0000,  0.0000]])
tensor([[-0.5789,  1.0000,  0.0000,  0.0000,  0.0000,  0.0000]])
tensor([[-0.3139,  1.0000,  0.0000,  0.0000,  0.0000,  0.0000]])
tensor([[0.6021, 1.0000, 0.0000, 0.0000, 0.0000, 0.0000]])
tensor([[-0.4473,  1.0000,  0.0000,  0.0000,  0.0000,  0.0000]])
tensor([[0.3134, 1.0000, 0.0000, 0.0000, 0.0000, 0.0000]])
tensor([[-0.6902,  1.0000,  0.0000,  0.0000,  0.0000,  0.0000]])
tensor([[-0.8771,  1.0000,  0.0000,  0.0000,  0.0000,  0.0000]])
tensor([[-0.4087,  1.0000,  0.0000,  0.0000,  0.0000,  0.0000]])
tensor([[-0.9824,  1.0000,  0.0000,  0.0000,  0.0000,  0.0000]])
tensor([[0.0787, 1.0000, 0.0000, 0.0000, 0.0000, 0.0000]])
tensor([[-0.9377,  1.0000,  0.0000,  0.0000,  0.0000,  0.0000]])
tensor([[-0.4357,  1.0000,  0.0000,  0.0000,  0.0000,  0.0000]])
tensor([[0.2354, 1.0000, 0.0000, 0.0000, 0.0000, 0.0000]])
tensor([[-0.9003,  1.0000,  0.0000,  0.0000,  0.0000,  0.0000]])
tensor([[-0.0689,  1.0000,  0.0000,  0.0000,  0.0000,  0.0000]])
tensor([[-0.4410,  1.0000,  0.0000,  0.0000,  0.0000,  0.0000]])
tensor([[-0.1865,  1.0000,  0.0000,  0.0000,  0.0000,  0.0000]])
tensor([[0.0662, 1.0000, 0.0000, 0.0000, 0.0000, 0.0000]])
tensor([[0.8267, 1.0000, 0.0000, 0.0000, 0.0000, 0.0000]])
tensor([[-0.3010,  1.0000,  0.0000,  0.0000,  0.0000,  0.0000]])
tensor([[-0.4923,  1.0000,  0.0000,  0.0000,  0.0000,  0.0000]])
tensor([[0.0644, 1.0000, 0.0000, 0.0000, 0.0000, 0.0000]])
tensor([[0.5548, 1.0000, 0.0000, 0.0000, 0.0000, 0.0000]])
tensor([[0.7833, 1.0000, 0.0000, 0.0000, 0.0000, 0.0000]])
tensor([[0.4356, 1.0000, 0.0000, 0.0000, 0.0000, 0.0000]])
tensor([[-0.0664,  1.0000,  0.0000,  0.0000,  0.0000,  0.0000]])
tensor([[0.2382, 1.0000, 0.0000, 0.0000, 0.0000, 0.0000]])
tensor([[0.7433, 1.0000, 0.0000, 0.0000, 0.0000, 0.0000]])
tensor([[-0.9658,  1.0000,  0.0000,  0.0000,  0.0000,  0.0000]])
tensor([[-0.9081,  1.0000,  0.0000,  0.0000,  0.0000,  0.0000]])
tensor([[-0.6205,  1.0000,  0.0000,  0.0000,  0.0000,  0.0000]])
tensor([[0.1496, 1.0000, 0.0000, 0.0000, 0.0000, 0.0000]])
tensor([[0.3881, 1.0000, 0.0000, 0.0000, 0.0000, 0.0000]])
tensor([[0.5408, 1.0000, 0.0000, 0.0000, 0.0000, 0.0000]])
tensor([[-0.7511,  1.0000,  0.0000,  0.0000,  0.0000,  0.0000]])
tensor([[0.3680, 1.0000, 0.0000, 0.0000, 0.0000, 0.0000]])
tensor([[-0.2976,  1.0000,  0.0000,  0.0000,  0.0000,  0.0000]])
tensor([[-0.1245,  1.0000,  0.0000,  0.0000,  0.0000,  0.0000]])
tensor([[-0.6602,  0.0000,  0.0000,  0.0000,  0.0000,  0.0000]])
tensor([[-0.8001,  1.0000,  1.0000,  0.0000,  0.0000,  0.0000]])
tensor([[-0.9063,  1.0000,  0.0000,  0.0000,  0.0000,  0.0000]])
tensor([[-0.3134,  1.0000,  0.0000,  0.0000,  0.0000,  0.0000]])
tensor([[0.1756, 1.0000, 0.0000, 0.0000, 0.0000, 0.0000]])
tensor([[-0.6128,  1.0000,  0.0000,  0.0000,  0.0000,  0.0000]])
tensor([[-0.9660,  1.0000,  0.0000,  0.0000,  0.0000,  0.0000]])
tensor([[-0.3325,  1.0000,  0.0000,  0.0000,  0.0000,  0.0000]])
tensor([[-0.4202,  1.0000,  0.0000,  0.0000,  0.0000,  0.0000]])
tensor([[-0.9204,  1.0000,  0.0000,  0.0000,  0.0000,  0.0000]])
tensor([[-0.9136,  1.0000,  0.0000,  0.0000,  0.0000,  0.0000]])
tensor([[-0.3227,  1.0000,  0.0000,  0.0000,  0.0000,  0.0000]])
tensor([[-0.6950,  1.0000,  0.0000,  0.0000,  0.0000,  0.0000]])
tensor([[0.2774, 1.0000, 0.0000, 0.0000, 0.0000, 0.0000]])
tensor([[-0.8989,  1.0000,  0.0000,  0.0000,  0.0000,  0.0000]])
tensor([[-0.5850,  1.0000,  0.0000,  0.0000,  0.0000,  0.0000]])
tensor([[-0.6971,  1.0000,  0.0000,  0.0000,  0.0000,  0.0000]])
tensor([[-0.6419,  1.0000,  0.0000,  0.0000,  0.0000,  0.0000]])
tensor([[-0.6336,  1.0000,  0.0000,  0.0000,  0.0000,  0.0000]])
tensor([[0.8008, 1.0000, 0.0000, 0.0000, 0.0000, 0.0000]])
tensor([[0.2004, 1.0000, 0.0000, 0.0000, 0.0000, 0.0000]])
tensor([[0.0795, 1.0000, 0.0000, 0.0000, 0.0000, 0.0000]])
tensor([[0.7462, 1.0000, 0.0000, 0.0000, 0.0000, 0.0000]])
tensor([[-0.3533,  1.0000,  0.0000,  0.0000,  0.0000,  0.0000]])
tensor([[-0.1502,  1.0000,  0.0000,  0.0000,  0.0000,  0.0000]])
tensor([[-0.2394,  1.0000,  0.0000,  0.0000,  0.0000,  0.0000]])
tensor([[0.3895, 1.0000, 0.0000, 0.0000, 0.0000, 0.0000]])
tensor([[0.5256, 1.0000, 0.0000, 0.0000, 0.0000, 0.0000]])
tensor([[0.3948, 1.0000, 0.0000, 0.0000, 0.0000, 0.0000]])
tensor([[-0.2551,  1.0000,  0.0000,  1.0000,  0.0000,  0.0000]])
tensor([[-0.4382,  1.0000,  0.0000,  0.0000,  0.0000,  0.0000]])
tensor([[0.0730, 1.0000, 0.0000, 0.0000, 0.0000, 0.0000]])
tensor([[-0.7180,  1.0000,  0.0000,  0.0000,  0.0000,  0.0000]])
tensor([[-0.5621,  1.0000,  0.0000,  0.0000,  0.0000,  0.0000]])
tensor([[0.4636, 1.0000, 0.0000, 0.0000, 0.0000, 0.0000]])
tensor([[0.4736, 1.0000, 0.0000, 0.0000, 0.0000, 0.0000]])
tensor([[0.0275, 1.0000, 0.0000, 0.0000, 0.0000, 0.0000]])
tensor([[0.7099, 1.0000, 0.0000, 0.0000, 0.0000, 0.0000]])
tensor([[-0.1125,  1.0000,  0.0000,  0.0000,  0.0000,  0.0000]])
tensor([[-0.8347,  1.0000,  0.0000,  0.0000,  0.0000,  0.0000]])
tensor([[-0.8539,  1.0000,  0.0000,  0.0000,  0.0000,  0.0000]])
tensor([[-0.9310,  1.0000,  0.0000,  0.0000,  0.0000,  0.0000]])
tensor([[-0.8718,  1.0000,  0.0000,  0.0000,  0.0000,  0.0000]])
tensor([[-0.6463,  1.0000,  0.0000,  0.0000,  0.0000,  0.0000]])
tensor([[-0.9224,  1.0000,  0.0000,  0.0000,  0.0000,  0.0000]])
tensor([[-0.6834,  1.0000,  0.0000,  0.0000,  0.0000,  0.0000]])
tensor([[-0.4242,  1.0000,  0.0000,  0.0000,  0.0000,  0.0000]])
tensor([[-0.6659,  1.0000,  0.0000,  0.0000,  0.0000,  0.0000]])
tensor([[-0.5437,  1.0000,  0.0000,  0.0000,  0.0000,  0.0000]])
tensor([[-0.8946,  1.0000,  0.0000,  0.0000,  0.0000,  0.0000]])
tensor([[-0.8794,  0.0000,  0.0000,  0.0000,  0.0000,  0.0000]])
tensor([[-0.3133,  1.0000,  0.0000,  0.0000,  0.0000,  0.0000]])
tensor([[-0.8991,  1.0000,  0.0000,  0.0000,  0.0000,  0.0000]])
tensor([[-0.9525,  1.0000,  0.0000,  0.0000,  0.0000,  0.0000]])
tensor([[-0.6374,  1.0000,  0.0000,  0.0000,  0.0000,  0.0000]])
tensor([[-0.2023,  1.0000,  0.0000,  0.0000,  0.0000,  0.0000]])
tensor([[0.0729, 1.0000, 0.0000, 0.0000, 0.0000, 0.0000]])
tensor([[-0.8298,  1.0000,  0.0000,  0.0000,  0.0000,  0.0000]])
tensor([[0.3828, 1.0000, 0.0000, 0.0000, 0.0000, 0.0000]])
tensor([[-0.9290,  1.0000,  0.0000,  0.0000,  0.0000,  0.0000]])
tensor([[-0.8463,  1.0000,  0.0000,  0.0000,  0.0000,  0.0000]])
tensor([[-0.9275,  1.0000,  0.0000,  0.0000,  0.0000,  0.0000]])
tensor([[-0.9294,  1.0000,  0.0000,  0.0000,  0.0000,  0.0000]])
tensor([[-0.0350,  1.0000,  0.0000,  0.0000,  0.0000,  0.0000]])
tensor([[-0.9179,  1.0000,  0.0000,  0.0000,  0.0000,  0.0000]])
tensor([[-0.8662,  1.0000,  0.0000,  0.0000,  0.0000,  0.0000]])
tensor([[-0.0940,  1.0000,  0.0000,  0.0000,  0.0000,  0.0000]])
tensor([[-0.1246,  1.0000,  0.0000,  0.0000,  0.0000,  0.0000]])
tensor([[-0.9210,  1.0000,  0.0000,  0.0000,  0.0000,  0.0000]])
tensor([[-0.6068,  1.0000,  0.0000,  0.0000,  0.0000,  0.0000]])
tensor([[0.9570, 1.0000, 0.0000, 0.0000, 0.0000, 0.0000]])
tensor([[-0.4021,  1.0000,  0.0000,  0.0000,  0.0000,  0.0000]])
tensor([[-0.0148,  1.0000,  0.0000,  0.0000,  0.0000,  0.0000]])
tensor([[0.8217, 1.0000, 0.0000, 0.0000, 0.0000, 0.0000]])
tensor([[0.3999, 1.0000, 0.0000, 0.0000, 0.0000, 0.0000]])
tensor([[-0.1411,  1.0000,  0.0000,  0.0000,  0.0000,  0.0000]])
tensor([[0.3262, 1.0000, 0.0000, 0.0000, 0.0000, 0.0000]])
tensor([[0.8105, 1.0000, 0.0000, 0.0000, 0.0000, 0.0000]])
tensor([[0.8607, 1.0000, 0.0000, 0.0000, 0.0000, 0.0000]])
tensor([[0.8686, 1.0000, 0.0000, 0.0000, 0.0000, 0.0000]])
tensor([[0.0062, 1.0000, 1.0000, 0.0000, 0.0000, 0.0000]])
tensor([[0.9689, 1.0000, 0.0000, 0.0000, 0.0000, 0.0000]])
tensor([[0.9005, 1.0000, 0.0000, 0.0000, 0.0000, 0.0000]])
tensor([[0.9461, 1.0000, 0.0000, 0.0000, 0.0000, 0.0000]])
tensor([[0.9224, 1.0000, 0.0000, 0.0000, 0.0000, 0.0000]])
tensor([[0.9458, 1.0000, 0.0000, 0.0000, 0.0000, 0.0000]])
tensor([[0.8768, 1.0000, 0.0000, 0.0000, 0.0000, 0.0000]])
tensor([[0.8314, 1.0000, 0.0000, 0.0000, 0.0000, 0.0000]])
tensor([[0.7255, 1.0000, 0.0000, 0.0000, 0.0000, 0.0000]])
tensor([[0.0135, 1.0000, 0.0000, 0.0000, 0.0000, 0.0000]])
tensor([[0.7431, 1.0000, 0.0000, 0.0000, 0.0000, 0.0000]])
tensor([[0.1979, 1.0000, 0.0000, 0.0000, 0.0000, 0.0000]])
tensor([[0.2582, 1.0000, 0.0000, 0.0000, 0.0000, 0.0000]])
tensor([[0.8737, 1.0000, 0.0000, 0.0000, 0.0000, 0.0000]])
tensor([[0.8154, 1.0000, 0.0000, 0.0000, 0.0000, 0.0000]])
tensor([[-0.2449,  1.0000,  0.0000,  0.0000,  0.0000,  0.0000]])
tensor([[0.7800, 1.0000, 0.0000, 0.0000, 0.0000, 0.0000]])
tensor([[0.4278, 1.0000, 0.0000, 0.0000, 0.0000, 0.0000]])
tensor([[-0.7614,  1.0000,  0.0000,  0.0000,  0.0000,  0.0000]])
tensor([[-0.6222,  1.0000,  0.0000,  0.0000,  0.0000,  0.0000]])
tensor([[-0.7169,  1.0000,  0.0000,  0.0000,  0.0000,  0.0000]])
tensor([[0.1727, 1.0000, 0.0000, 0.0000, 0.0000, 0.0000]])
tensor([[-0.6415,  1.0000,  0.0000,  0.0000,  0.0000,  0.0000]])
tensor([[0.1012, 1.0000, 0.0000, 0.0000, 0.0000, 0.0000]])
tensor([[-0.5187,  1.0000,  0.0000,  0.0000,  0.0000,  0.0000]])
tensor([[0.0198, 1.0000, 0.0000, 0.0000, 0.0000, 0.0000]])
tensor([[-0.6597,  1.0000,  0.0000,  0.0000,  0.0000,  0.0000]])
tensor([[-0.7652,  0.0000,  0.0000,  0.0000,  0.0000,  0.0000]])
tensor([[-0.7695,  1.0000,  0.0000,  0.0000,  0.0000,  0.0000]])
tensor([[0.2101, 1.0000, 0.0000, 0.0000, 0.0000, 0.0000]])
tensor([[0.4893, 1.0000, 0.0000, 0.0000, 0.0000, 0.0000]])
tensor([[0.2754, 1.0000, 0.0000, 0.0000, 0.0000, 0.0000]])
tensor([[0.6507, 1.0000, 0.0000, 0.0000, 0.0000, 0.0000]])
tensor([[0.4267, 1.0000, 0.0000, 0.0000, 0.0000, 0.0000]])
tensor([[0.6081, 1.0000, 0.0000, 0.0000, 0.0000, 0.0000]])
tensor([[0.8062, 1.0000, 0.0000, 0.0000, 0.0000, 0.0000]])
tensor([[0.1346, 1.0000, 0.0000, 1.0000, 0.0000, 0.0000]])
tensor([[0.7767, 1.0000, 0.0000, 0.0000, 0.0000, 0.0000]])
tensor([[0.2026, 1.0000, 0.0000, 0.0000, 0.0000, 0.0000]])
tensor([[0.7850, 1.0000, 0.0000, 0.0000, 0.0000, 0.0000]])
tensor([[0.5949, 1.0000, 0.0000, 0.0000, 0.0000, 0.0000]])
tensor([[-0.8961,  1.0000,  0.0000,  0.0000,  0.0000,  0.0000]])
tensor([[0.4321, 1.0000, 0.0000, 0.0000, 0.0000, 0.0000]])
tensor([[0.9424, 1.0000, 0.0000, 0.0000, 0.0000, 0.0000]])
tensor([[-0.2850,  1.0000,  0.0000,  0.0000,  0.0000,  0.0000]])
tensor([[0.7936, 1.0000, 0.0000, 0.0000, 0.0000, 0.0000]])
tensor([[-0.0728,  1.0000,  0.0000,  0.0000,  0.0000,  0.0000]])
tensor([[0.7812, 1.0000, 0.0000, 0.0000, 0.0000, 0.0000]])
tensor([[0.5641, 1.0000, 0.0000, 0.0000, 0.0000, 0.0000]])
tensor([[0.9776, 1.0000, 0.0000, 0.0000, 0.0000, 0.0000]])
tensor([[0.4261, 1.0000, 0.0000, 0.0000, 0.0000, 0.0000]])
tensor([[-0.5651,  1.0000,  0.0000,  0.0000,  0.0000,  0.0000]])
tensor([[0.6776, 1.0000, 0.0000, 0.0000, 0.0000, 0.0000]])
tensor([[-0.2867,  0.0000,  0.0000,  0.0000,  0.0000,  0.0000]])
tensor([[-0.8388,  1.0000,  0.0000,  0.0000,  0.0000,  0.0000]])
tensor([[0.0067, 1.0000, 0.0000, 0.0000, 0.0000, 0.0000]])
tensor([[0.6929, 1.0000, 0.0000, 0.0000, 0.0000, 0.0000]])
tensor([[0.8546, 1.0000, 0.0000, 0.0000, 0.0000, 0.0000]])
tensor([[0.3609, 1.0000, 0.0000, 0.0000, 0.0000, 0.0000]])
tensor([[0.5315, 1.0000, 0.0000, 0.0000, 0.0000, 0.0000]])
tensor([[-0.0197,  1.0000,  0.0000,  0.0000,  0.0000,  0.0000]])
tensor([[-0.4450,  1.0000,  0.0000,  0.0000,  0.0000,  0.0000]])
tensor([[-0.4719,  0.0000,  0.0000,  0.0000,  0.0000,  0.0000]])
tensor([[0.3988, 1.0000, 0.0000, 0.0000, 0.0000, 0.0000]])
tensor([[-0.8147,  1.0000,  0.0000,  0.0000,  0.0000,  0.0000]])
tensor([[0.3303, 1.0000, 0.0000, 0.0000, 0.0000, 0.0000]])
tensor([[0.4217, 1.0000, 0.0000, 0.0000, 0.0000, 0.0000]])
tensor([[-0.8288,  1.0000,  0.0000,  0.0000,  0.0000,  0.0000]])
tensor([[-0.3470,  1.0000,  0.0000,  0.0000,  0.0000,  0.0000]])
tensor([[0.7700, 1.0000, 0.0000, 0.0000, 0.0000, 0.0000]])
tensor([[0.7573, 1.0000, 0.0000, 0.0000, 0.0000, 0.0000]])
tensor([[0.0778, 1.0000, 0.0000, 0.0000, 0.0000, 0.0000]])
tensor([[0.4054, 1.0000, 0.0000, 0.0000, 0.0000, 0.0000]])
tensor([[-0.2314,  1.0000,  0.0000,  0.0000,  0.0000,  0.0000]])
tensor([[0.7214, 1.0000, 0.0000, 0.0000, 0.0000, 0.0000]])
tensor([[-0.2741,  1.0000,  0.0000,  0.0000,  0.0000,  0.0000]])
tensor([[0.5497, 1.0000, 0.0000, 0.0000, 0.0000, 0.0000]])
tensor([[-0.5280,  1.0000,  0.0000,  0.0000,  0.0000,  0.0000]])
tensor([[-0.7186,  1.0000,  0.0000,  0.0000,  0.0000,  0.0000]])
tensor([[-0.2249,  1.0000,  0.0000,  0.0000,  0.0000,  0.0000]])
tensor([[0.5605, 1.0000, 0.0000, 0.0000, 0.0000, 0.0000]])
tensor([[0.5912, 1.0000, 0.0000, 0.0000, 0.0000, 0.0000]])
tensor([[0.6476, 1.0000, 1.0000, 0.0000, 0.0000, 0.0000]])
tensor([[-0.7152,  1.0000,  0.0000,  0.0000,  0.0000,  0.0000]])
tensor([[-0.7674,  1.0000,  0.0000,  0.0000,  0.0000,  0.0000]])
tensor([[0.7178, 1.0000, 0.0000, 0.0000, 0.0000, 0.0000]])
tensor([[-0.4564,  1.0000,  0.0000,  0.0000,  0.0000,  0.0000]])
tensor([[-0.4915,  1.0000,  0.0000,  0.0000,  0.0000,  0.0000]])
tensor([[0.2253, 0.0000, 1.0000, 0.0000, 0.0000, 0.0000]])
tensor([[-0.9041,  1.0000,  0.0000,  0.0000,  0.0000,  0.0000]])
tensor([[-0.6663,  1.0000,  0.0000,  0.0000,  0.0000,  0.0000]])
tensor([[-0.6423,  1.0000,  0.0000,  0.0000,  0.0000,  0.0000]])
tensor([[0.6284, 1.0000, 0.0000, 0.0000, 0.0000, 0.0000]])
tensor([[-0.2832,  1.0000,  0.0000,  0.0000,  0.0000,  0.0000]])
tensor([[-0.1911,  1.0000,  0.0000,  0.0000,  0.0000,  0.0000]])
tensor([[0.9548, 1.0000, 0.0000, 0.0000, 0.0000, 0.0000]])
tensor([[0.2317, 1.0000, 0.0000, 0.0000, 0.0000, 0.0000]])
tensor([[0.4579, 1.0000, 0.0000, 0.0000, 0.0000, 0.0000]])
tensor([[0.6824, 1.0000, 0.0000, 0.0000, 1.0000, 0.0000]])
tensor([[0.9728, 1.0000, 0.0000, 0.0000, 0.0000, 0.0000]])
tensor([[0.8808, 1.0000, 0.0000, 0.0000, 0.0000, 0.0000]])
tensor([[0.3673, 1.0000, 0.0000, 0.0000, 0.0000, 0.0000]])
tensor([[0.2939, 1.0000, 1.0000, 0.0000, 0.0000, 0.0000]])
tensor([[0.8243, 1.0000, 0.0000, 0.0000, 0.0000, 0.0000]])
tensor([[-0.4134,  1.0000,  0.0000,  0.0000,  1.0000,  0.0000]])
tensor([[-0.8744,  1.0000,  0.0000,  0.0000,  0.0000,  0.0000]])
tensor([[-0.0392,  1.0000,  0.0000,  0.0000,  0.0000,  0.0000]])
tensor([[0.5449, 0.0000, 0.0000, 0.0000, 0.0000, 0.0000]])
tensor([[0.4867, 1.0000, 0.0000, 0.0000, 0.0000, 0.0000]])
tensor([[-0.4657,  1.0000,  0.0000,  0.0000,  0.0000,  0.0000]])
tensor([[-0.8696,  1.0000,  0.0000,  0.0000,  0.0000,  0.0000]])
tensor([[0.9012, 1.0000, 0.0000, 0.0000, 0.0000, 0.0000]])
tensor([[0.8159, 1.0000, 0.0000, 0.0000, 0.0000, 0.0000]])
tensor([[0.1811, 1.0000, 0.0000, 0.0000, 0.0000, 0.0000]])
tensor([[-0.5176,  1.0000,  0.0000,  0.0000,  0.0000,  0.0000]])
tensor([[-0.5257,  1.0000,  0.0000,  0.0000,  0.0000,  0.0000]])
tensor([[0.4130, 1.0000, 0.0000, 0.0000, 0.0000, 0.0000]])
tensor([[0.9565, 1.0000, 0.0000, 0.0000, 0.0000, 0.0000]])
tensor([[-0.1023,  1.0000,  0.0000,  0.0000,  0.0000,  0.0000]])
tensor([[0.2184, 1.0000, 0.0000, 0.0000, 0.0000, 0.0000]])
tensor([[0.9202, 1.0000, 0.0000, 0.0000, 0.0000, 0.0000]])
tensor([[0.8988, 1.0000, 0.0000, 0.0000, 0.0000, 0.0000]])
tensor([[-0.4170,  1.0000,  0.0000,  0.0000,  0.0000,  0.0000]])
tensor([[0.5082, 1.0000, 0.0000, 0.0000, 0.0000, 0.0000]])
tensor([[0.9559, 1.0000, 0.0000, 0.0000, 0.0000, 0.0000]])
tensor([[0.8157, 1.0000, 0.0000, 0.0000, 0.0000, 0.0000]])
tensor([[0.8872, 1.0000, 0.0000, 0.0000, 0.0000, 0.0000]])
tensor([[-0.5358,  1.0000,  0.0000,  0.0000,  0.0000,  0.0000]])
tensor([[0.7682, 1.0000, 0.0000, 0.0000, 0.0000, 0.0000]])
tensor([[0.9816, 1.0000, 0.0000, 0.0000, 0.0000, 0.0000]])
tensor([[0.9355, 1.0000, 0.0000, 0.0000, 0.0000, 0.0000]])
tensor([[0.9674, 1.0000, 0.0000, 0.0000, 0.0000, 0.0000]])
tensor([[0.8615, 1.0000, 0.0000, 0.0000, 0.0000, 0.0000]])
tensor([[0.9539, 1.0000, 0.0000, 0.0000, 0.0000, 0.0000]])
tensor([[0.4380, 1.0000, 0.0000, 0.0000, 0.0000, 0.0000]])
tensor([[-0.4277,  0.0000,  0.0000,  0.0000,  0.0000,  0.0000]])
tensor([[-0.5942,  1.0000,  0.0000,  0.0000,  0.0000,  0.0000]])
tensor([[0.6141, 1.0000, 0.0000, 0.0000, 0.0000, 0.0000]])
tensor([[0.8205, 1.0000, 0.0000, 0.0000, 0.0000, 0.0000]])
tensor([[0.9421, 1.0000, 0.0000, 0.0000, 0.0000, 0.0000]])
tensor([[0.9778, 1.0000, 0.0000, 0.0000, 1.0000, 0.0000]])
tensor([[0.8600, 1.0000, 0.0000, 0.0000, 0.0000, 0.0000]])
tensor([[-0.0581,  1.0000,  0.0000,  0.0000,  0.0000,  0.0000]])
tensor([[0.5160, 1.0000, 0.0000, 0.0000, 0.0000, 0.0000]])
tensor([[0.9098, 1.0000, 0.0000, 0.0000, 0.0000, 0.0000]])
tensor([[0.2263, 1.0000, 0.0000, 0.0000, 0.0000, 0.0000]])
tensor([[0.3889, 1.0000, 0.0000, 0.0000, 0.0000, 0.0000]])
tensor([[0.1114, 1.0000, 0.0000, 0.0000, 0.0000, 0.0000]])
tensor([[0.8892, 1.0000, 1.0000, 0.0000, 0.0000, 0.0000]])
tensor([[0.6915, 1.0000, 0.0000, 0.0000, 0.0000, 0.0000]])
tensor([[0.9312, 1.0000, 0.0000, 0.0000, 0.0000, 0.0000]])
tensor([[0.7961, 1.0000, 0.0000, 0.0000, 0.0000, 0.0000]])
tensor([[-0.0388,  1.0000,  0.0000,  0.0000,  0.0000,  0.0000]])
tensor([[0.1289, 1.0000, 0.0000, 0.0000, 0.0000, 0.0000]])
tensor([[0.7437, 1.0000, 0.0000, 0.0000, 0.0000, 0.0000]])
tensor([[0.7191, 1.0000, 0.0000, 0.0000, 0.0000, 0.0000]])
tensor([[0.4850, 1.0000, 0.0000, 0.0000, 0.0000, 0.0000]])
tensor([[0.5151, 1.0000, 0.0000, 0.0000, 0.0000, 0.0000]])
tensor([[0.1126, 1.0000, 0.0000, 0.0000, 0.0000, 0.0000]])
tensor([[0.5783, 1.0000, 0.0000, 0.0000, 0.0000, 0.0000]])
tensor([[0.8000, 1.0000, 0.0000, 0.0000, 0.0000, 0.0000]])
tensor([[0.7287, 1.0000, 0.0000, 0.0000, 0.0000, 0.0000]])
tensor([[0.5164, 1.0000, 0.0000, 0.0000, 0.0000, 0.0000]])
tensor([[0.9409, 1.0000, 0.0000, 0.0000, 0.0000, 0.0000]])
tensor([[0.8801, 1.0000, 0.0000, 0.0000, 0.0000, 0.0000]])
tensor([[0.8305, 1.0000, 0.0000, 0.0000, 0.0000, 0.0000]])
tensor([[0.9443, 1.0000, 0.0000, 0.0000, 0.0000, 0.0000]])
tensor([[-0.3338,  1.0000,  0.0000,  0.0000,  0.0000,  0.0000]])
tensor([[0.8378, 1.0000, 0.0000, 0.0000, 0.0000, 0.0000]])
tensor([[0.8395, 1.0000, 0.0000, 0.0000, 0.0000, 0.0000]])
tensor([[0.7089, 1.0000, 0.0000, 0.0000, 0.0000, 0.0000]])
tensor([[0.9855, 1.0000, 0.0000, 0.0000, 0.0000, 0.0000]])
tensor([[0.6568, 1.0000, 0.0000, 0.0000, 0.0000, 0.0000]])
tensor([[-0.6329,  1.0000,  0.0000,  0.0000,  0.0000,  0.0000]])
tensor([[0.6786, 1.0000, 0.0000, 0.0000, 0.0000, 0.0000]])
tensor([[-0.1226,  1.0000,  0.0000,  0.0000,  0.0000,  0.0000]])
tensor([[-0.0080,  1.0000,  0.0000,  0.0000,  0.0000,  0.0000]])
tensor([[0.0893, 1.0000, 0.0000, 0.0000, 0.0000, 0.0000]])
tensor([[-0.6200,  1.0000,  0.0000,  0.0000,  0.0000,  0.0000]])
tensor([[-0.5520,  1.0000,  0.0000,  0.0000,  0.0000,  0.0000]])
tensor([[-0.0859,  1.0000,  0.0000,  0.0000,  0.0000,  0.0000]])
tensor([[-0.1486,  1.0000,  1.0000,  0.0000,  0.0000,  0.0000]])
tensor([[0.0347, 1.0000, 0.0000, 0.0000, 1.0000, 0.0000]])
tensor([[0.1633, 1.0000, 0.0000, 0.0000, 0.0000, 0.0000]])
tensor([[0.3584, 1.0000, 0.0000, 0.0000, 0.0000, 0.0000]])
tensor([[0.6374, 1.0000, 0.0000, 0.0000, 0.0000, 0.0000]])
tensor([[0.7812, 1.0000, 0.0000, 0.0000, 0.0000, 0.0000]])
tensor([[0.4002, 1.0000, 0.0000, 0.0000, 0.0000, 0.0000]])
tensor([[-0.2898,  1.0000,  0.0000,  0.0000,  0.0000,  0.0000]])
tensor([[0.0571, 1.0000, 0.0000, 0.0000, 0.0000, 0.0000]])
tensor([[0.6276, 1.0000, 0.0000, 0.0000, 0.0000, 0.0000]])
tensor([[-0.1150,  1.0000,  0.0000,  0.0000,  0.0000,  0.0000]])
tensor([[-0.6376,  1.0000,  0.0000,  0.0000,  0.0000,  0.0000]])
tensor([[-0.4756,  1.0000,  0.0000,  0.0000,  0.0000,  0.0000]])
tensor([[-0.7582,  1.0000,  0.0000,  0.0000,  0.0000,  0.0000]])
tensor([[0.6486, 1.0000, 0.0000, 0.0000, 0.0000, 0.0000]])
tensor([[-0.4433,  1.0000,  0.0000,  0.0000,  0.0000,  0.0000]])
tensor([[-0.2965,  1.0000,  0.0000,  0.0000,  0.0000,  0.0000]])
tensor([[-0.7596,  1.0000,  0.0000,  0.0000,  0.0000,  0.0000]])
tensor([[-0.0842,  1.0000,  0.0000,  0.0000,  0.0000,  0.0000]])
tensor([[0.0943, 1.0000, 0.0000, 1.0000, 0.0000, 0.0000]])
tensor([[-0.5826,  1.0000,  0.0000,  0.0000,  0.0000,  0.0000]])
tensor([[-0.7436,  1.0000,  0.0000,  0.0000,  0.0000,  0.0000]])
tensor([[0.7075, 1.0000, 0.0000, 0.0000, 0.0000, 0.0000]])
tensor([[0.1482, 1.0000, 0.0000, 0.0000, 0.0000, 0.0000]])
tensor([[-0.2017,  0.0000,  0.0000,  0.0000,  0.0000,  0.0000]])
tensor([[-0.1301,  1.0000,  0.0000,  0.0000,  0.0000,  0.0000]])
tensor([[-0.8717,  1.0000,  0.0000,  0.0000,  0.0000,  0.0000]])
tensor([[0.1799, 1.0000, 0.0000, 0.0000, 0.0000, 0.0000]])
tensor([[0.1718, 1.0000, 0.0000, 0.0000, 0.0000, 0.0000]])
tensor([[0.0992, 1.0000, 0.0000, 0.0000, 0.0000, 0.0000]])
tensor([[-0.9451,  1.0000,  0.0000,  0.0000,  0.0000,  0.0000]])
tensor([[-0.7978,  1.0000,  0.0000,  0.0000,  0.0000,  0.0000]])
tensor([[-0.9059,  1.0000,  0.0000,  0.0000,  0.0000,  0.0000]])
tensor([[0.0473, 1.0000, 0.0000, 0.0000, 0.0000, 0.0000]])
tensor([[-0.9590,  1.0000,  0.0000,  0.0000,  0.0000,  0.0000]])
tensor([[-0.9755,  1.0000,  0.0000,  0.0000,  0.0000,  0.0000]])
tensor([[-0.5372,  1.0000,  0.0000,  0.0000,  0.0000,  0.0000]])
tensor([[-0.8584,  1.0000,  0.0000,  0.0000,  0.0000,  0.0000]])
tensor([[-0.9511,  1.0000,  0.0000,  0.0000,  0.0000,  0.0000]])
tensor([[-0.8832,  1.0000,  0.0000,  0.0000,  0.0000,  0.0000]])
tensor([[-0.8942,  1.0000,  0.0000,  0.0000,  0.0000,  0.0000]])
tensor([[-0.8799,  1.0000,  0.0000,  0.0000,  0.0000,  0.0000]])
tensor([[0.3741, 1.0000, 0.0000, 0.0000, 0.0000, 0.0000]])
tensor([[0.8683, 1.0000, 0.0000, 0.0000, 0.0000, 0.0000]])
tensor([[-0.7305,  1.0000,  0.0000,  0.0000,  0.0000,  0.0000]])
tensor([[-0.9769,  1.0000,  0.0000,  0.0000,  0.0000,  0.0000]])
tensor([[-0.8678,  1.0000,  0.0000,  0.0000,  0.0000,  0.0000]])
tensor([[0.8791, 1.0000, 0.0000, 0.0000, 0.0000, 0.0000]])
tensor([[0.4013, 1.0000, 0.0000, 0.0000, 0.0000, 0.0000]])
tensor([[0.1427, 1.0000, 0.0000, 0.0000, 0.0000, 0.0000]])
tensor([[-0.0031,  1.0000,  0.0000,  0.0000,  0.0000,  0.0000]])
tensor([[0.5253, 1.0000, 0.0000, 0.0000, 0.0000, 0.0000]])
tensor([[-0.3835,  1.0000,  0.0000,  0.0000,  0.0000,  0.0000]])
tensor([[-0.8576,  1.0000,  0.0000,  0.0000,  0.0000,  0.0000]])
tensor([[-0.6902,  1.0000,  0.0000,  0.0000,  0.0000,  0.0000]])
tensor([[0.3300, 1.0000, 0.0000, 0.0000, 0.0000, 0.0000]])
tensor([[0.1687, 1.0000, 0.0000, 0.0000, 0.0000, 0.0000]])
tensor([[-0.4420,  1.0000,  0.0000,  0.0000,  0.0000,  0.0000]])
tensor([[0.6701, 1.0000, 0.0000, 0.0000, 0.0000, 0.0000]])
tensor([[-0.1932,  1.0000,  0.0000,  0.0000,  0.0000,  0.0000]])
tensor([[-0.3151,  1.0000,  0.0000,  0.0000,  0.0000,  0.0000]])
tensor([[-0.8433,  1.0000,  0.0000,  0.0000,  0.0000,  0.0000]])
tensor([[0.6256, 1.0000, 0.0000, 0.0000, 0.0000, 0.0000]])
tensor([[0.5426, 1.0000, 0.0000, 0.0000, 0.0000, 0.0000]])
tensor([[0.6982, 1.0000, 0.0000, 0.0000, 0.0000, 0.0000]])
tensor([[0.9534, 1.0000, 0.0000, 0.0000, 0.0000, 0.0000]])
tensor([[-0.4042,  1.0000,  0.0000,  0.0000,  0.0000,  0.0000]])
tensor([[-0.3590,  1.0000,  0.0000,  0.0000,  0.0000,  0.0000]])
tensor([[0.8517, 1.0000, 0.0000, 0.0000, 0.0000, 0.0000]])
tensor([[-0.3719,  1.0000,  1.0000,  0.0000,  0.0000,  0.0000]])
tensor([[-0.5418,  1.0000,  0.0000,  0.0000,  0.0000,  0.0000]])
tensor([[-0.1874,  1.0000,  0.0000,  0.0000,  0.0000,  0.0000]])
tensor([[-0.2468,  0.0000,  0.0000,  0.0000,  0.0000,  0.0000]])
tensor([[0.7874, 1.0000, 0.0000, 0.0000, 0.0000, 0.0000]])
tensor([[0.8450, 1.0000, 0.0000, 0.0000, 0.0000, 0.0000]])
tensor([[0.0562, 1.0000, 0.0000, 0.0000, 0.0000, 0.0000]])
tensor([[-0.8019,  1.0000,  0.0000,  0.0000,  0.0000,  0.0000]])
tensor([[-0.6362,  0.0000,  1.0000,  0.0000,  0.0000,  0.0000]])
tensor([[-0.0826,  1.0000,  0.0000,  0.0000,  0.0000,  0.0000]])
tensor([[0.9439, 1.0000, 0.0000, 0.0000, 0.0000, 0.0000]])
tensor([[0.8035, 1.0000, 0.0000, 0.0000, 0.0000, 0.0000]])
tensor([[0.9886, 1.0000, 0.0000, 0.0000, 0.0000, 0.0000]])
tensor([[0.9356, 1.0000, 0.0000, 0.0000, 0.0000, 0.0000]])
tensor([[0.8065, 1.0000, 0.0000, 0.0000, 0.0000, 0.0000]])
tensor([[0.9978, 1.0000, 0.0000, 0.0000, 0.0000, 0.0000]])
tensor([[0.9821, 1.0000, 0.0000, 0.0000, 0.0000, 0.0000]])
tensor([[0.9850, 1.0000, 0.0000, 0.0000, 0.0000, 0.0000]])
tensor([[0.9467, 1.0000, 0.0000, 0.0000, 0.0000, 0.0000]])
tensor([[0.6622, 1.0000, 0.0000, 0.0000, 0.0000, 0.0000]])
tensor([[0.9710, 1.0000, 0.0000, 0.0000, 0.0000, 0.0000]])
tensor([[0.7880, 1.0000, 0.0000, 0.0000, 0.0000, 0.0000]])
tensor([[0.6351, 1.0000, 0.0000, 0.0000, 0.0000, 0.0000]])
tensor([[-0.4679,  1.0000,  0.0000,  0.0000,  0.0000,  0.0000]])
tensor([[0.7919, 1.0000, 0.0000, 0.0000, 0.0000, 0.0000]])
tensor([[-0.1325,  1.0000,  0.0000,  0.0000,  0.0000,  0.0000]])
tensor([[0.5573, 1.0000, 0.0000, 0.0000, 0.0000, 0.0000]])
tensor([[0.2269, 0.0000, 0.0000, 0.0000, 0.0000, 0.0000]])
tensor([[0.9725, 1.0000, 0.0000, 0.0000, 0.0000, 0.0000]])
tensor([[0.7203, 1.0000, 0.0000, 0.0000, 0.0000, 0.0000]])
tensor([[0.3785, 1.0000, 0.0000, 0.0000, 0.0000, 0.0000]])
tensor([[0.1354, 1.0000, 0.0000, 0.0000, 0.0000, 0.0000]])
tensor([[0.0609, 1.0000, 0.0000, 0.0000, 0.0000, 0.0000]])
tensor([[0.0868, 1.0000, 0.0000, 0.0000, 0.0000, 0.0000]])
tensor([[-0.6173,  1.0000,  0.0000,  0.0000,  0.0000,  0.0000]])
tensor([[0.0221, 1.0000, 0.0000, 0.0000, 0.0000, 0.0000]])
tensor([[-0.8493,  1.0000,  0.0000,  0.0000,  0.0000,  0.0000]])
tensor([[-0.9121,  1.0000,  0.0000,  0.0000,  0.0000,  0.0000]])
tensor([[-0.0385,  1.0000,  0.0000,  0.0000,  0.0000,  0.0000]])
tensor([[-0.6180,  1.0000,  1.0000,  0.0000,  0.0000,  0.0000]])
tensor([[0.1692, 0.0000, 0.0000, 0.0000, 1.0000, 0.0000]])
tensor([[-0.4048,  1.0000,  0.0000,  0.0000,  0.0000,  0.0000]])
tensor([[-0.6871,  1.0000,  0.0000,  0.0000,  0.0000,  0.0000]])
tensor([[-0.8888,  1.0000,  0.0000,  0.0000,  0.0000,  0.0000]])
tensor([[0.2887, 1.0000, 0.0000, 0.0000, 0.0000, 0.0000]])
tensor([[-0.3507,  1.0000,  0.0000,  0.0000,  0.0000,  0.0000]])
tensor([[0.2728, 1.0000, 0.0000, 0.0000, 0.0000, 0.0000]])
tensor([[0.3410, 0.0000, 0.0000, 0.0000, 1.0000, 0.0000]])
tensor([[0.5616, 1.0000, 0.0000, 0.0000, 0.0000, 0.0000]])
tensor([[-0.0765,  1.0000,  0.0000,  0.0000,  0.0000,  0.0000]])
tensor([[0.2505, 1.0000, 0.0000, 0.0000, 0.0000, 0.0000]])
tensor([[-0.5137,  1.0000,  0.0000,  0.0000,  0.0000,  0.0000]])
tensor([[0.2248, 1.0000, 0.0000, 0.0000, 0.0000, 0.0000]])
tensor([[-0.3423,  1.0000,  0.0000,  0.0000,  0.0000,  0.0000]])
tensor([[0.4842, 1.0000, 0.0000, 0.0000, 0.0000, 0.0000]])
tensor([[0.2397, 1.0000, 0.0000, 0.0000, 0.0000, 0.0000]])
tensor([[-0.3266,  1.0000,  1.0000,  0.0000,  0.0000,  0.0000]])
tensor([[0.7651, 1.0000, 0.0000, 0.0000, 0.0000, 0.0000]])
tensor([[0.4243, 1.0000, 0.0000, 0.0000, 0.0000, 0.0000]])
tensor([[0.0091, 1.0000, 0.0000, 0.0000, 0.0000, 0.0000]])
tensor([[-0.6482,  1.0000,  0.0000,  0.0000,  0.0000,  0.0000]])
tensor([[0.0807, 1.0000, 0.0000, 0.0000, 0.0000, 0.0000]])
tensor([[0.3827, 1.0000, 0.0000, 0.0000, 0.0000, 0.0000]])
tensor([[0.5762, 1.0000, 0.0000, 0.0000, 0.0000, 0.0000]])
tensor([[0.9024, 0.0000, 0.0000, 0.0000, 0.0000, 0.0000]])
tensor([[0.1265, 1.0000, 0.0000, 0.0000, 0.0000, 0.0000]])
tensor([[-0.5728,  1.0000,  0.0000,  0.0000,  0.0000,  0.0000]])
tensor([[0.7137, 1.0000, 0.0000, 0.0000, 0.0000, 0.0000]])
tensor([[0.6603, 1.0000, 0.0000, 0.0000, 0.0000, 0.0000]])
tensor([[0.7054, 1.0000, 0.0000, 0.0000, 0.0000, 0.0000]])
tensor([[0.6097, 0.0000, 0.0000, 0.0000, 0.0000, 0.0000]])
tensor([[0.7472, 1.0000, 0.0000, 0.0000, 0.0000, 0.0000]])
tensor([[0.5675, 1.0000, 0.0000, 0.0000, 0.0000, 0.0000]])
tensor([[0.5804, 0.0000, 0.0000, 0.0000, 0.0000, 0.0000]])
tensor([[-0.0528,  1.0000,  0.0000,  0.0000,  0.0000,  0.0000]])
tensor([[0.2644, 1.0000, 0.0000, 0.0000, 0.0000, 0.0000]])
tensor([[0.2290, 1.0000, 0.0000, 0.0000, 0.0000, 0.0000]])
tensor([[0.5101, 1.0000, 0.0000, 0.0000, 0.0000, 0.0000]])
tensor([[0.1182, 1.0000, 0.0000, 0.0000, 1.0000, 0.0000]])
tensor([[0.2217, 1.0000, 0.0000, 0.0000, 0.0000, 0.0000]])
tensor([[0.0444, 1.0000, 0.0000, 0.0000, 0.0000, 0.0000]])
tensor([[0.6625, 1.0000, 0.0000, 0.0000, 0.0000, 0.0000]])
tensor([[-0.1636,  1.0000,  0.0000,  0.0000,  0.0000,  0.0000]])
tensor([[-0.1420,  1.0000,  0.0000,  0.0000,  0.0000,  0.0000]])
tensor([[-0.9604,  1.0000,  0.0000,  0.0000,  0.0000,  0.0000]])
tensor([[-0.7776,  1.0000,  0.0000,  0.0000,  0.0000,  0.0000]])
tensor([[0.3159, 1.0000, 0.0000, 0.0000, 0.0000, 0.0000]])
tensor([[0.8460, 1.0000, 0.0000, 0.0000, 0.0000, 0.0000]])
tensor([[0.0794, 1.0000, 0.0000, 0.0000, 0.0000, 0.0000]])
tensor([[0.5865, 1.0000, 0.0000, 0.0000, 0.0000, 0.0000]])
tensor([[-0.3902,  1.0000,  0.0000,  0.0000,  0.0000,  0.0000]])
tensor([[0.4912, 1.0000, 0.0000, 0.0000, 0.0000, 0.0000]])
tensor([[0.3009, 1.0000, 0.0000, 0.0000, 0.0000, 0.0000]])
tensor([[-0.6464,  1.0000,  0.0000,  0.0000,  0.0000,  0.0000]])
tensor([[0.3955, 1.0000, 0.0000, 0.0000, 0.0000, 0.0000]])
tensor([[-0.8660,  0.0000,  0.0000,  0.0000,  0.0000,  0.0000]])
tensor([[-0.7219,  1.0000,  0.0000,  0.0000,  0.0000,  0.0000]])
tensor([[0.5235, 1.0000, 0.0000, 0.0000, 0.0000, 0.0000]])
tensor([[0.1347, 1.0000, 0.0000, 0.0000, 0.0000, 0.0000]])
tensor([[0.6162, 1.0000, 0.0000, 0.0000, 0.0000, 0.0000]])
tensor([[-0.5628,  1.0000,  0.0000,  0.0000,  0.0000,  0.0000]])
tensor([[0.9112, 1.0000, 0.0000, 0.0000, 0.0000, 0.0000]])
tensor([[0.5584, 1.0000, 0.0000, 0.0000, 0.0000, 0.0000]])
tensor([[-0.8501,  1.0000,  0.0000,  0.0000,  0.0000,  0.0000]])
tensor([[-0.1103,  1.0000,  0.0000,  0.0000,  0.0000,  0.0000]])
tensor([[-0.4132,  1.0000,  0.0000,  0.0000,  0.0000,  0.0000]])
tensor([[0.8311, 1.0000, 1.0000, 0.0000, 0.0000, 0.0000]])
tensor([[-0.1486,  1.0000,  0.0000,  0.0000,  0.0000,  0.0000]])
tensor([[0.2324, 1.0000, 0.0000, 0.0000, 0.0000, 0.0000]])
tensor([[-0.4847,  1.0000,  0.0000,  0.0000,  0.0000,  0.0000]])
tensor([[0.4572, 1.0000, 0.0000, 0.0000, 1.0000, 0.0000]])
tensor([[0.4083, 1.0000, 0.0000, 0.0000, 0.0000, 0.0000]])
tensor([[-0.0142,  1.0000,  0.0000,  0.0000,  0.0000,  0.0000]])
tensor([[0.8688, 1.0000, 0.0000, 0.0000, 0.0000, 0.0000]])
tensor([[0.9534, 1.0000, 0.0000, 0.0000, 0.0000, 0.0000]])
tensor([[-0.3963,  1.0000,  0.0000,  1.0000,  0.0000,  0.0000]])
tensor([[0.7930, 1.0000, 0.0000, 0.0000, 0.0000, 0.0000]])
tensor([[0.9400, 1.0000, 1.0000, 0.0000, 0.0000, 0.0000]])
tensor([[0.0242, 1.0000, 0.0000, 0.0000, 0.0000, 0.0000]])
tensor([[-0.6358,  1.0000,  0.0000,  0.0000,  0.0000,  0.0000]])
tensor([[-0.1440,  1.0000,  0.0000,  0.0000,  0.0000,  0.0000]])
tensor([[0.8457, 1.0000, 0.0000, 0.0000, 0.0000, 0.0000]])
tensor([[0.7920, 1.0000, 0.0000, 0.0000, 0.0000, 0.0000]])
tensor([[0.5756, 1.0000, 0.0000, 0.0000, 0.0000, 0.0000]])
tensor([[0.9811, 1.0000, 1.0000, 0.0000, 0.0000, 0.0000]])
tensor([[0.4161, 1.0000, 0.0000, 0.0000, 0.0000, 0.0000]])
tensor([[0.6885, 1.0000, 0.0000, 0.0000, 0.0000, 0.0000]])
tensor([[0.6244, 1.0000, 0.0000, 0.0000, 0.0000, 0.0000]])
tensor([[0.9610, 1.0000, 0.0000, 0.0000, 0.0000, 0.0000]])
tensor([[0.0442, 1.0000, 0.0000, 0.0000, 0.0000, 0.0000]])
tensor([[0.9947, 1.0000, 0.0000, 0.0000, 0.0000, 0.0000]])
tensor([[0.7133, 1.0000, 0.0000, 0.0000, 0.0000, 0.0000]])
tensor([[0.7879, 1.0000, 0.0000, 0.0000, 0.0000, 0.0000]])
tensor([[0.7968, 1.0000, 1.0000, 0.0000, 0.0000, 0.0000]])
tensor([[0.2478, 1.0000, 0.0000, 1.0000, 0.0000, 0.0000]])
tensor([[0.4818, 1.0000, 0.0000, 0.0000, 0.0000, 0.0000]])
tensor([[0.2406, 1.0000, 0.0000, 0.0000, 0.0000, 0.0000]])
tensor([[-0.8646,  1.0000,  0.0000,  0.0000,  0.0000,  0.0000]])
tensor([[0.2990, 1.0000, 0.0000, 0.0000, 0.0000, 0.0000]])
tensor([[0.9703, 1.0000, 0.0000, 0.0000, 0.0000, 0.0000]])
tensor([[-0.2259,  1.0000,  0.0000,  0.0000,  0.0000,  0.0000]])
tensor([[0.7477, 1.0000, 0.0000, 0.0000, 0.0000, 0.0000]])
tensor([[0.1007, 1.0000, 0.0000, 0.0000, 0.0000, 0.0000]])
tensor([[-0.0883,  1.0000,  0.0000,  0.0000,  1.0000,  0.0000]])
tensor([[0.5661, 1.0000, 0.0000, 0.0000, 0.0000, 0.0000]])
tensor([[0.7482, 1.0000, 0.0000, 0.0000, 0.0000, 0.0000]])
tensor([[-0.2801,  0.0000,  0.0000,  0.0000,  0.0000,  0.0000]])
tensor([[-0.7490,  0.0000,  0.0000,  0.0000,  0.0000,  0.0000]])
tensor([[0.9346, 1.0000, 0.0000, 0.0000, 0.0000, 0.0000]])
tensor([[0.4251, 1.0000, 0.0000, 0.0000, 0.0000, 0.0000]])
tensor([[0.7913, 1.0000, 0.0000, 0.0000, 0.0000, 0.0000]])
tensor([[0.3942, 1.0000, 0.0000, 0.0000, 0.0000, 0.0000]])
tensor([[0.8825, 1.0000, 0.0000, 0.0000, 0.0000, 0.0000]])
tensor([[-0.0274,  1.0000,  0.0000,  0.0000,  0.0000,  0.0000]])
tensor([[0.4698, 1.0000, 0.0000, 0.0000, 0.0000, 0.0000]])
tensor([[0.2965, 1.0000, 0.0000, 0.0000, 0.0000, 0.0000]])
tensor([[-0.7309,  1.0000,  0.0000,  0.0000,  0.0000,  0.0000]])
tensor([[0.1491, 1.0000, 0.0000, 0.0000, 0.0000, 0.0000]])
tensor([[-0.5813,  1.0000,  0.0000,  0.0000,  0.0000,  0.0000]])
tensor([[0.6390, 1.0000, 0.0000, 0.0000, 0.0000, 0.0000]])
tensor([[-0.3317,  1.0000,  0.0000,  0.0000,  0.0000,  0.0000]])
tensor([[-0.1869,  1.0000,  0.0000,  0.0000,  0.0000,  0.0000]])
tensor([[0.3742, 1.0000, 0.0000, 0.0000, 0.0000, 0.0000]])
tensor([[-0.9122,  1.0000,  0.0000,  0.0000,  0.0000,  0.0000]])
tensor([[0.6265, 1.0000, 0.0000, 0.0000, 0.0000, 0.0000]])
tensor([[0.9480, 1.0000, 0.0000, 0.0000, 0.0000, 0.0000]])
tensor([[-0.5182,  1.0000,  0.0000,  0.0000,  0.0000,  0.0000]])
tensor([[-0.1184,  1.0000,  0.0000,  0.0000,  0.0000,  0.0000]])
tensor([[-0.4787,  1.0000,  0.0000,  0.0000,  0.0000,  0.0000]])
tensor([[-0.1571,  1.0000,  0.0000,  0.0000,  0.0000,  0.0000]])
tensor([[0.8919, 1.0000, 0.0000, 0.0000, 0.0000, 0.0000]])
tensor([[0.7464, 1.0000, 0.0000, 0.0000, 0.0000, 0.0000]])
tensor([[0.7582, 1.0000, 0.0000, 0.0000, 0.0000, 0.0000]])
tensor([[0.3603, 1.0000, 0.0000, 0.0000, 0.0000, 0.0000]])
tensor([[0.1724, 1.0000, 0.0000, 0.0000, 0.0000, 0.0000]])
tensor([[-0.4421,  1.0000,  0.0000,  0.0000,  0.0000,  0.0000]])
tensor([[0.5388, 1.0000, 0.0000, 0.0000, 0.0000, 0.0000]])
tensor([[0.9180, 1.0000, 0.0000, 0.0000, 0.0000, 0.0000]])
tensor([[-0.9138,  1.0000,  0.0000,  0.0000,  0.0000,  0.0000]])
tensor([[0.7360, 1.0000, 0.0000, 0.0000, 0.0000, 0.0000]])
tensor([[0.4610, 1.0000, 0.0000, 0.0000, 0.0000, 0.0000]])
tensor([[-0.8821,  1.0000,  0.0000,  0.0000,  0.0000,  0.0000]])
tensor([[0.4678, 1.0000, 0.0000, 0.0000, 0.0000, 0.0000]])
tensor([[0.9334, 1.0000, 0.0000, 0.0000, 0.0000, 0.0000]])
tensor([[-0.7954,  1.0000,  0.0000,  0.0000,  0.0000,  0.0000]])
tensor([[0.6623, 1.0000, 0.0000, 0.0000, 0.0000, 0.0000]])
tensor([[-0.5119,  1.0000,  0.0000,  0.0000,  0.0000,  0.0000]])
tensor([[-0.3671,  1.0000,  0.0000,  0.0000,  0.0000,  0.0000]])
tensor([[-0.0110,  1.0000,  0.0000,  0.0000,  0.0000,  0.0000]])
tensor([[0.3946, 1.0000, 0.0000, 0.0000, 0.0000, 0.0000]])
tensor([[0.7802, 1.0000, 0.0000, 0.0000, 0.0000, 0.0000]])
tensor([[-0.0772,  1.0000,  0.0000,  0.0000,  0.0000,  0.0000]])
tensor([[-0.4141,  1.0000,  0.0000,  0.0000,  0.0000,  0.0000]])
tensor([[0.3583, 1.0000, 0.0000, 0.0000, 0.0000, 0.0000]])
tensor([[-0.0981,  1.0000,  0.0000,  0.0000,  0.0000,  0.0000]])
tensor([[-0.2826,  1.0000,  0.0000,  0.0000,  0.0000,  0.0000]])
tensor([[0.9241, 1.0000, 0.0000, 0.0000, 0.0000, 0.0000]])
tensor([[0.3411, 1.0000, 0.0000, 1.0000, 0.0000, 0.0000]])
tensor([[0.3867, 1.0000, 0.0000, 0.0000, 0.0000, 0.0000]])
tensor([[0.8390, 1.0000, 0.0000, 0.0000, 0.0000, 0.0000]])
tensor([[0.2422, 1.0000, 0.0000, 0.0000, 0.0000, 0.0000]])
tensor([[-0.6205,  1.0000,  0.0000,  0.0000,  0.0000,  0.0000]])
tensor([[0.0922, 1.0000, 0.0000, 0.0000, 0.0000, 0.0000]])
tensor([[0.9484, 1.0000, 0.0000, 1.0000, 0.0000, 0.0000]])
tensor([[-0.3874,  1.0000,  0.0000,  0.0000,  0.0000,  0.0000]])
tensor([[0.6303, 1.0000, 0.0000, 0.0000, 0.0000, 0.0000]])
tensor([[-0.0460,  1.0000,  0.0000,  0.0000,  0.0000,  0.0000]])
tensor([[-0.0461,  1.0000,  0.0000,  0.0000,  0.0000,  0.0000]])
tensor([[-0.0470,  1.0000,  0.0000,  0.0000,  0.0000,  0.0000]])
tensor([[-0.3597,  1.0000,  0.0000,  0.0000,  0.0000,  0.0000]])
tensor([[0.9207, 1.0000, 0.0000, 0.0000, 0.0000, 0.0000]])
tensor([[-0.7000,  1.0000,  0.0000,  0.0000,  0.0000,  0.0000]])
tensor([[0.6573, 1.0000, 0.0000, 0.0000, 0.0000, 0.0000]])
tensor([[0.9676, 1.0000, 0.0000, 0.0000, 0.0000, 0.0000]])
tensor([[0.8024, 1.0000, 0.0000, 0.0000, 0.0000, 0.0000]])
tensor([[0.4288, 1.0000, 0.0000, 0.0000, 0.0000, 0.0000]])
tensor([[0.9694, 1.0000, 0.0000, 0.0000, 0.0000, 0.0000]])
tensor([[-0.5026,  1.0000,  0.0000,  0.0000,  0.0000,  0.0000]])
tensor([[0.4096, 1.0000, 0.0000, 0.0000, 0.0000, 0.0000]])
tensor([[0.3416, 1.0000, 0.0000, 0.0000, 0.0000, 0.0000]])
tensor([[0.7063, 1.0000, 0.0000, 0.0000, 0.0000, 0.0000]])
tensor([[0.5378, 1.0000, 0.0000, 0.0000, 0.0000, 0.0000]])
tensor([[-0.3728,  1.0000,  0.0000,  0.0000,  0.0000,  0.0000]])
tensor([[-0.3273,  1.0000,  0.0000,  0.0000,  0.0000,  0.0000]])
tensor([[0.5398, 1.0000, 0.0000, 0.0000, 0.0000, 0.0000]])
INFO:root:Agent 0 (TQCars): avg action time = 0.0012s
tensor([[0.5179, 1.0000, 0.0000, 0.0000, 0.0000, 0.0000]])
tensor([[-0.9111,  1.0000,  0.0000,  0.0000,  0.0000,  0.0000]])
tensor([[-0.6237,  1.0000,  0.0000,  0.0000,  0.0000,  0.0000]])
tensor([[-0.2889,  1.0000,  0.0000,  0.0000,  0.0000,  0.0000]])
tensor([[0.4679, 0.0000, 0.0000, 0.0000, 0.0000, 0.0000]])
tensor([[0.1799, 1.0000, 0.0000, 0.0000, 0.0000, 0.0000]])
tensor([[0.7147, 1.0000, 0.0000, 0.0000, 0.0000, 0.0000]])
tensor([[0.2147, 1.0000, 0.0000, 0.0000, 0.0000, 0.0000]])
tensor([[-0.6421,  1.0000,  0.0000,  0.0000,  0.0000,  0.0000]])
tensor([[0.9355, 1.0000, 0.0000, 0.0000, 0.0000, 0.0000]])
tensor([[0.0254, 1.0000, 0.0000, 0.0000, 0.0000, 0.0000]])
tensor([[0.8321, 1.0000, 0.0000, 0.0000, 0.0000, 0.0000]])
tensor([[0.6358, 1.0000, 0.0000, 0.0000, 0.0000, 0.0000]])
tensor([[0.8677, 1.0000, 0.0000, 0.0000, 0.0000, 0.0000]])
tensor([[-0.4254,  1.0000,  0.0000,  0.0000,  0.0000,  0.0000]])
tensor([[0.6167, 1.0000, 0.0000, 0.0000, 0.0000, 0.0000]])
tensor([[0.2221, 1.0000, 0.0000, 0.0000, 0.0000, 0.0000]])
tensor([[0.4175, 1.0000, 0.0000, 0.0000, 0.0000, 0.0000]])
tensor([[-0.0069,  1.0000,  0.0000,  0.0000,  0.0000,  0.0000]])
tensor([[0.2333, 1.0000, 0.0000, 0.0000, 0.0000, 0.0000]])
tensor([[0.4481, 1.0000, 0.0000, 0.0000, 0.0000, 0.0000]])
tensor([[0.1401, 1.0000, 0.0000, 0.0000, 0.0000, 0.0000]])
tensor([[-0.8071,  1.0000,  0.0000,  0.0000,  0.0000,  0.0000]])
tensor([[0.3082, 1.0000, 0.0000, 0.0000, 0.0000, 0.0000]])
tensor([[0.7193, 1.0000, 0.0000, 0.0000, 0.0000, 0.0000]])
tensor([[0.4600, 1.0000, 0.0000, 0.0000, 0.0000, 0.0000]])
tensor([[-0.4307,  1.0000,  0.0000,  0.0000,  0.0000,  0.0000]])
tensor([[-0.3921,  1.0000,  0.0000,  0.0000,  0.0000,  0.0000]])
tensor([[0.9511, 1.0000, 0.0000, 0.0000, 0.0000, 0.0000]])
tensor([[0.2779, 1.0000, 0.0000, 0.0000, 0.0000, 0.0000]])
tensor([[0.1476, 1.0000, 0.0000, 0.0000, 0.0000, 0.0000]])
tensor([[-0.1856,  1.0000,  0.0000,  0.0000,  0.0000,  0.0000]])
tensor([[0.2448, 1.0000, 0.0000, 0.0000, 0.0000, 0.0000]])
tensor([[-0.6255,  1.0000,  0.0000,  0.0000,  0.0000,  0.0000]])
tensor([[-0.7058,  1.0000,  0.0000,  1.0000,  0.0000,  0.0000]])
tensor([[0.7462, 1.0000, 0.0000, 0.0000, 0.0000, 0.0000]])
tensor([[-0.2430,  1.0000,  0.0000,  0.0000,  0.0000,  0.0000]])
tensor([[0.0564, 1.0000, 0.0000, 0.0000, 0.0000, 0.0000]])
tensor([[-0.0510,  1.0000,  0.0000,  0.0000,  0.0000,  0.0000]])
tensor([[-0.6317,  1.0000,  0.0000,  0.0000,  0.0000,  0.0000]])
tensor([[0.2626, 1.0000, 0.0000, 0.0000, 0.0000, 0.0000]])
tensor([[-0.8396,  1.0000,  0.0000,  0.0000,  0.0000,  0.0000]])
tensor([[0.5819, 1.0000, 0.0000, 0.0000, 0.0000, 0.0000]])
tensor([[-0.8310,  1.0000,  0.0000,  0.0000,  0.0000,  0.0000]])
tensor([[-0.0959,  1.0000,  0.0000,  0.0000,  0.0000,  0.0000]])
tensor([[-0.6066,  1.0000,  0.0000,  0.0000,  0.0000,  0.0000]])
tensor([[-0.5520,  1.0000,  0.0000,  0.0000,  0.0000,  0.0000]])
tensor([[-0.8561,  1.0000,  0.0000,  0.0000,  0.0000,  0.0000]])
tensor([[0.6449, 1.0000, 0.0000, 0.0000, 0.0000, 0.0000]])
tensor([[-0.4474,  1.0000,  0.0000,  0.0000,  0.0000,  0.0000]])
tensor([[0.8135, 1.0000, 0.0000, 0.0000, 0.0000, 0.0000]])
tensor([[0.0866, 1.0000, 0.0000, 0.0000, 0.0000, 0.0000]])
tensor([[-0.6244,  1.0000,  0.0000,  0.0000,  0.0000,  0.0000]])
tensor([[-0.7836,  1.0000,  0.0000,  0.0000,  0.0000,  0.0000]])
tensor([[0.6929, 1.0000, 0.0000, 0.0000, 0.0000, 0.0000]])
tensor([[0.3948, 1.0000, 0.0000, 0.0000, 0.0000, 0.0000]])
tensor([[-0.3600,  1.0000,  0.0000,  0.0000,  0.0000,  0.0000]])
tensor([[0.9853, 1.0000, 0.0000, 0.0000, 0.0000, 0.0000]])
tensor([[0.7979, 1.0000, 0.0000, 0.0000, 0.0000, 0.0000]])
tensor([[-0.3078,  1.0000,  0.0000,  0.0000,  0.0000,  0.0000]])
tensor([[0.0266, 1.0000, 0.0000, 0.0000, 0.0000, 0.0000]])
tensor([[-0.5265,  1.0000,  0.0000,  0.0000,  0.0000,  0.0000]])
tensor([[0.5029, 1.0000, 0.0000, 0.0000, 0.0000, 0.0000]])
tensor([[-0.5286,  1.0000,  0.0000,  0.0000,  0.0000,  0.0000]])
tensor([[-0.5973,  1.0000,  0.0000,  0.0000,  0.0000,  0.0000]])
tensor([[0.0986, 1.0000, 0.0000, 0.0000, 0.0000, 0.0000]])
tensor([[-0.0522,  1.0000,  0.0000,  0.0000,  0.0000,  0.0000]])
tensor([[0.1353, 1.0000, 0.0000, 0.0000, 0.0000, 0.0000]])
tensor([[-0.0979,  1.0000,  0.0000,  0.0000,  0.0000,  0.0000]])
tensor([[0.0396, 1.0000, 0.0000, 0.0000, 0.0000, 0.0000]])
tensor([[-0.7067,  1.0000,  0.0000,  0.0000,  0.0000,  0.0000]])
tensor([[0.7870, 1.0000, 0.0000, 0.0000, 0.0000, 0.0000]])
tensor([[-0.0036,  1.0000,  0.0000,  0.0000,  0.0000,  0.0000]])
{"type": "results", "track": "snowmountain", "results": [{"key": 0, "reward": 10.006591796875, "position": 4, "name": "TQCars", "avg_action_time": 0.001151853538126352}]}
