INFO:root:Loading the agents
INFO:root:Loaded player TQCars
INFO:root:Creating pystk-1
INFO:root:Adding wrapper <function get_wrappers.<locals>.<lambda> at 0x7f3e878ff420>
INFO:root:Adding wrapper <function get_wrappers.<locals>.<lambda> at 0x7f3e878ff4c0>
INFO:root:Adding wrapper <function get_wrappers.<locals>.<lambda> at 0x7f3e878ff560>
INFO:root:Adding wrapper <function get_wrappers.<locals>.<lambda> at 0x7f3e878ff600>
INFO:root:(multi-env mono adapter) Setting main environment max_paths to 5
INFO:root:Loading trained model from CHECKPOINT-GPUFAC/tqc_EXP12_1400000.pt...
INFO:root:Starting a race
tensor([[0.6011, 1.0000, 0.0000, 0.0000, 0.0000, 0.0000]])
tensor([[0.6167, 1.0000, 0.0000, 0.0000, 0.0000, 1.0000]])
tensor([[0.5900, 0.0000, 0.0000, 0.0000, 0.0000, 0.0000]])
tensor([[0.7673, 1.0000, 0.0000, 0.0000, 0.0000, 0.0000]])
tensor([[0.7159, 1.0000, 0.0000, 0.0000, 0.0000, 0.0000]])
tensor([[0.7222, 1.0000, 0.0000, 0.0000, 0.0000, 0.0000]])
tensor([[0.7410, 1.0000, 0.0000, 0.0000, 0.0000, 0.0000]])
tensor([[0.7018, 0.0000, 0.0000, 0.0000, 0.0000, 0.0000]])
tensor([[0.6586, 1.0000, 1.0000, 0.0000, 0.0000, 0.0000]])
tensor([[0.7029, 1.0000, 0.0000, 0.0000, 0.0000, 0.0000]])
tensor([[0.7034, 1.0000, 0.0000, 0.0000, 0.0000, 0.0000]])
tensor([[0.6576, 1.0000, 1.0000, 0.0000, 0.0000, 0.0000]])
tensor([[0.7275, 1.0000, 0.0000, 0.0000, 0.0000, 0.0000]])
tensor([[0.6670, 1.0000, 0.0000, 0.0000, 0.0000, 0.0000]])
tensor([[0.7047, 1.0000, 0.0000, 0.0000, 0.0000, 0.0000]])
tensor([[0.6347, 1.0000, 0.0000, 0.0000, 0.0000, 0.0000]])
tensor([[0.7508, 0.0000, 0.0000, 0.0000, 0.0000, 0.0000]])
tensor([[0.7365, 1.0000, 0.0000, 0.0000, 0.0000, 0.0000]])
tensor([[0.6476, 0.0000, 0.0000, 0.0000, 0.0000, 0.0000]])
tensor([[0.7376, 1.0000, 0.0000, 0.0000, 0.0000, 0.0000]])
tensor([[0.5626, 1.0000, 0.0000, 0.0000, 0.0000, 0.0000]])
tensor([[0.2272, 1.0000, 0.0000, 0.0000, 0.0000, 0.0000]])
tensor([[0.7739, 1.0000, 0.0000, 0.0000, 1.0000, 0.0000]])
tensor([[0.3506, 1.0000, 0.0000, 0.0000, 0.0000, 0.0000]])
tensor([[0.5909, 1.0000, 0.0000, 0.0000, 0.0000, 0.0000]])
tensor([[-0.5964,  1.0000,  0.0000,  0.0000,  0.0000,  0.0000]])
tensor([[0.6846, 1.0000, 0.0000, 0.0000, 0.0000, 0.0000]])
tensor([[-0.0393,  1.0000,  0.0000,  0.0000,  0.0000,  0.0000]])
tensor([[0.4883, 1.0000, 0.0000, 0.0000, 0.0000, 0.0000]])
tensor([[0.3764, 1.0000, 0.0000, 0.0000, 0.0000, 0.0000]])
tensor([[-0.7900,  1.0000,  0.0000,  0.0000,  0.0000,  0.0000]])
tensor([[-0.0152,  1.0000,  0.0000,  0.0000,  0.0000,  0.0000]])
tensor([[-0.8302,  1.0000,  0.0000,  0.0000,  0.0000,  0.0000]])
tensor([[-0.5764,  1.0000,  0.0000,  0.0000,  0.0000,  0.0000]])
tensor([[0.4456, 1.0000, 0.0000, 0.0000, 0.0000, 0.0000]])
tensor([[-0.6035,  1.0000,  0.0000,  0.0000,  0.0000,  0.0000]])
tensor([[-0.6612,  1.0000,  0.0000,  0.0000,  0.0000,  0.0000]])
tensor([[-0.7498,  1.0000,  0.0000,  0.0000,  0.0000,  0.0000]])
tensor([[0.1782, 1.0000, 0.0000, 0.0000, 0.0000, 0.0000]])
tensor([[-0.9383,  1.0000,  0.0000,  0.0000,  0.0000,  0.0000]])
tensor([[0.1100, 1.0000, 1.0000, 0.0000, 0.0000, 0.0000]])
tensor([[0.5367, 1.0000, 0.0000, 0.0000, 0.0000, 0.0000]])
tensor([[0.6954, 1.0000, 0.0000, 0.0000, 0.0000, 0.0000]])
tensor([[0.8894, 1.0000, 0.0000, 0.0000, 0.0000, 0.0000]])
tensor([[0.5062, 1.0000, 0.0000, 0.0000, 0.0000, 0.0000]])
tensor([[-0.3855,  1.0000,  0.0000,  0.0000,  0.0000,  0.0000]])
tensor([[0.8898, 1.0000, 1.0000, 0.0000, 0.0000, 0.0000]])
tensor([[-0.8415,  1.0000,  0.0000,  0.0000,  0.0000,  0.0000]])
tensor([[0.2751, 0.0000, 1.0000, 0.0000, 0.0000, 0.0000]])
tensor([[0.3071, 1.0000, 0.0000, 0.0000, 0.0000, 0.0000]])
tensor([[-0.9320,  1.0000,  0.0000,  0.0000,  0.0000,  0.0000]])
tensor([[-0.9781,  1.0000,  0.0000,  0.0000,  0.0000,  0.0000]])
tensor([[-0.0856,  0.0000,  0.0000,  0.0000,  0.0000,  0.0000]])
tensor([[-0.7503,  0.0000,  1.0000,  0.0000,  0.0000,  0.0000]])
tensor([[-0.9501,  0.0000,  1.0000,  0.0000,  0.0000,  0.0000]])
tensor([[-0.6796,  0.0000,  1.0000,  0.0000,  0.0000,  0.0000]])
tensor([[-0.6821,  1.0000,  1.0000,  0.0000,  0.0000,  0.0000]])
tensor([[-0.9586,  0.0000,  1.0000,  0.0000,  0.0000,  0.0000]])
tensor([[-0.9529,  1.0000,  0.0000,  0.0000,  0.0000,  0.0000]])
tensor([[-0.7503,  0.0000,  0.0000,  0.0000,  0.0000,  0.0000]])
tensor([[0.6460, 1.0000, 0.0000, 0.0000, 0.0000, 0.0000]])
tensor([[-0.0414,  1.0000,  0.0000,  0.0000,  0.0000,  0.0000]])
tensor([[0.9747, 1.0000, 0.0000, 0.0000, 0.0000, 0.0000]])
tensor([[0.7900, 1.0000, 0.0000, 0.0000, 0.0000, 0.0000]])
tensor([[0.9667, 1.0000, 1.0000, 0.0000, 0.0000, 0.0000]])
tensor([[0.9640, 0.0000, 0.0000, 0.0000, 0.0000, 0.0000]])
tensor([[0.9594, 0.0000, 0.0000, 1.0000, 0.0000, 0.0000]])
tensor([[0.7767, 1.0000, 0.0000, 0.0000, 0.0000, 0.0000]])
tensor([[-0.9624,  0.0000,  1.0000,  0.0000,  0.0000,  0.0000]])
tensor([[-0.0982,  0.0000,  0.0000,  0.0000,  0.0000,  0.0000]])
tensor([[-0.9369,  1.0000,  0.0000,  0.0000,  0.0000,  0.0000]])
tensor([[-0.1742,  1.0000,  1.0000,  1.0000,  0.0000,  0.0000]])
tensor([[-0.7587,  1.0000,  0.0000,  0.0000,  0.0000,  0.0000]])
tensor([[-0.5822,  1.0000,  0.0000,  0.0000,  0.0000,  0.0000]])
tensor([[-0.2387,  1.0000,  0.0000,  0.0000,  0.0000,  0.0000]])
tensor([[0.5166, 1.0000, 0.0000, 0.0000, 0.0000, 0.0000]])
tensor([[-0.0198,  1.0000,  1.0000,  0.0000,  0.0000,  0.0000]])
tensor([[-0.7130,  1.0000,  0.0000,  1.0000,  0.0000,  0.0000]])
tensor([[0.5988, 0.0000, 0.0000, 0.0000, 0.0000, 0.0000]])
tensor([[-0.1853,  0.0000,  0.0000,  0.0000,  0.0000,  0.0000]])
tensor([[-0.0175,  0.0000,  0.0000,  0.0000,  0.0000,  0.0000]])
tensor([[-0.7172,  0.0000,  0.0000,  0.0000,  0.0000,  0.0000]])
tensor([[-0.9424,  1.0000,  0.0000,  0.0000,  0.0000,  0.0000]])
tensor([[0.0971, 1.0000, 1.0000, 0.0000, 0.0000, 0.0000]])
tensor([[-0.9954,  0.0000,  0.0000,  0.0000,  0.0000,  0.0000]])
tensor([[0.2874, 1.0000, 0.0000, 0.0000, 0.0000, 0.0000]])
tensor([[0.6048, 1.0000, 0.0000, 1.0000, 0.0000, 0.0000]])
tensor([[-0.9908,  0.0000,  1.0000,  0.0000,  0.0000,  0.0000]])
tensor([[-0.9939,  0.0000,  1.0000,  0.0000,  0.0000,  0.0000]])
tensor([[-0.9904,  0.0000,  1.0000,  0.0000,  0.0000,  0.0000]])
tensor([[-0.9329,  1.0000,  0.0000,  0.0000,  0.0000,  0.0000]])
tensor([[-0.9775,  1.0000,  1.0000,  0.0000,  0.0000,  0.0000]])
tensor([[-0.8888,  0.0000,  1.0000,  0.0000,  0.0000,  0.0000]])
tensor([[-0.9712,  1.0000,  0.0000,  0.0000,  0.0000,  0.0000]])
tensor([[-0.9474,  1.0000,  0.0000,  0.0000,  0.0000,  0.0000]])
tensor([[-0.6493,  1.0000,  0.0000,  0.0000,  0.0000,  0.0000]])
tensor([[0.4051, 0.0000, 0.0000, 0.0000, 0.0000, 0.0000]])
tensor([[-0.6781,  1.0000,  0.0000,  0.0000,  0.0000,  0.0000]])
tensor([[0.7652, 1.0000, 0.0000, 1.0000, 0.0000, 0.0000]])
tensor([[0.9157, 0.0000, 0.0000, 0.0000, 0.0000, 0.0000]])
tensor([[0.8165, 1.0000, 0.0000, 0.0000, 0.0000, 0.0000]])
tensor([[0.2987, 1.0000, 0.0000, 0.0000, 0.0000, 0.0000]])
tensor([[0.5982, 0.0000, 0.0000, 1.0000, 0.0000, 0.0000]])
tensor([[-0.6372,  0.0000,  0.0000,  0.0000,  0.0000,  0.0000]])
tensor([[-0.6948,  1.0000,  1.0000,  0.0000,  0.0000,  0.0000]])
tensor([[-0.7237,  1.0000,  0.0000,  0.0000,  0.0000,  0.0000]])
tensor([[-0.3677,  1.0000,  1.0000,  0.0000,  0.0000,  0.0000]])
tensor([[-0.3862,  1.0000,  0.0000,  0.0000,  0.0000,  0.0000]])
tensor([[0.2457, 1.0000, 0.0000, 0.0000, 0.0000, 0.0000]])
tensor([[-0.1605,  1.0000,  0.0000,  0.0000,  0.0000,  0.0000]])
tensor([[0.4671, 0.0000, 0.0000, 0.0000, 0.0000, 0.0000]])
tensor([[-0.2173,  0.0000,  0.0000,  0.0000,  0.0000,  0.0000]])
tensor([[0.0036, 1.0000, 0.0000, 0.0000, 0.0000, 0.0000]])
tensor([[-0.0552,  0.0000,  0.0000,  0.0000,  0.0000,  0.0000]])
tensor([[-0.4920,  1.0000,  0.0000,  0.0000,  0.0000,  0.0000]])
tensor([[-0.1399,  1.0000,  0.0000,  0.0000,  0.0000,  0.0000]])
tensor([[0.0956, 0.0000, 0.0000, 0.0000, 0.0000, 0.0000]])
tensor([[-0.6101,  1.0000,  0.0000,  0.0000,  0.0000,  0.0000]])
tensor([[-0.3250,  1.0000,  0.0000,  0.0000,  0.0000,  0.0000]])
tensor([[0.4336, 0.0000, 1.0000, 0.0000, 1.0000, 0.0000]])
tensor([[-0.9348,  1.0000,  0.0000,  0.0000,  0.0000,  0.0000]])
tensor([[0.7962, 0.0000, 1.0000, 0.0000, 0.0000, 0.0000]])
tensor([[-0.8433,  0.0000,  0.0000,  0.0000,  0.0000,  0.0000]])
tensor([[-0.8082,  0.0000,  0.0000,  0.0000,  0.0000,  0.0000]])
tensor([[-0.9989,  1.0000,  1.0000,  0.0000,  0.0000,  0.0000]])
tensor([[0.6970, 0.0000, 0.0000, 0.0000, 0.0000, 0.0000]])
tensor([[-0.7219,  0.0000,  0.0000,  0.0000,  1.0000,  0.0000]])
tensor([[0.4797, 1.0000, 0.0000, 1.0000, 0.0000, 0.0000]])
tensor([[-0.7581,  1.0000,  0.0000,  0.0000,  0.0000,  0.0000]])
tensor([[-0.9768,  0.0000,  1.0000,  0.0000,  0.0000,  0.0000]])
tensor([[-0.7943,  1.0000,  0.0000,  0.0000,  0.0000,  0.0000]])
tensor([[0.9547, 1.0000, 0.0000, 0.0000, 0.0000, 0.0000]])
tensor([[0.9820, 1.0000, 0.0000, 0.0000, 0.0000, 0.0000]])
tensor([[0.9492, 1.0000, 0.0000, 0.0000, 0.0000, 0.0000]])
tensor([[0.9702, 1.0000, 0.0000, 0.0000, 0.0000, 0.0000]])
tensor([[0.9984, 1.0000, 0.0000, 0.0000, 0.0000, 0.0000]])
tensor([[0.9492, 1.0000, 0.0000, 0.0000, 0.0000, 0.0000]])
tensor([[0.9342, 1.0000, 0.0000, 0.0000, 0.0000, 0.0000]])
tensor([[0.0978, 1.0000, 0.0000, 0.0000, 0.0000, 0.0000]])
tensor([[-0.3644,  1.0000,  0.0000,  0.0000,  0.0000,  0.0000]])
tensor([[-0.8494,  1.0000,  0.0000,  0.0000,  0.0000,  0.0000]])
tensor([[-0.9552,  1.0000,  0.0000,  0.0000,  0.0000,  0.0000]])
tensor([[-0.8364,  1.0000,  0.0000,  0.0000,  0.0000,  0.0000]])
tensor([[0.3083, 1.0000, 0.0000, 0.0000, 0.0000, 0.0000]])
tensor([[-0.9984,  1.0000,  0.0000,  1.0000,  0.0000,  0.0000]])
tensor([[-0.9415,  1.0000,  1.0000,  0.0000,  0.0000,  0.0000]])
tensor([[-0.9790,  0.0000,  1.0000,  0.0000,  0.0000,  0.0000]])
tensor([[-0.9359,  1.0000,  0.0000,  0.0000,  0.0000,  0.0000]])
tensor([[0.7488, 1.0000, 0.0000, 0.0000, 0.0000, 0.0000]])
tensor([[-0.6695,  1.0000,  0.0000,  0.0000,  0.0000,  0.0000]])
tensor([[-0.6283,  1.0000,  0.0000,  0.0000,  0.0000,  0.0000]])
tensor([[-0.5007,  0.0000,  0.0000,  0.0000,  0.0000,  0.0000]])
tensor([[-0.6577,  1.0000,  1.0000,  0.0000,  0.0000,  0.0000]])
tensor([[-0.4378,  1.0000,  1.0000,  0.0000,  0.0000,  0.0000]])
tensor([[-0.8619,  1.0000,  0.0000,  1.0000,  0.0000,  0.0000]])
tensor([[-0.7339,  0.0000,  1.0000,  0.0000,  0.0000,  0.0000]])
tensor([[0.0570, 1.0000, 0.0000, 0.0000, 0.0000, 0.0000]])
tensor([[-0.4068,  1.0000,  0.0000,  0.0000,  0.0000,  0.0000]])
tensor([[0.7237, 0.0000, 1.0000, 0.0000, 0.0000, 0.0000]])
tensor([[-0.7531,  1.0000,  0.0000,  0.0000,  0.0000,  0.0000]])
tensor([[-0.3732,  1.0000,  1.0000,  0.0000,  0.0000,  0.0000]])
tensor([[-0.0618,  0.0000,  0.0000,  0.0000,  0.0000,  0.0000]])
tensor([[-0.0557,  1.0000,  0.0000,  0.0000,  0.0000,  0.0000]])
tensor([[-0.7678,  1.0000,  1.0000,  0.0000,  0.0000,  0.0000]])
tensor([[-0.7236,  1.0000,  1.0000,  0.0000,  0.0000,  0.0000]])
tensor([[0.6848, 1.0000, 0.0000, 0.0000, 0.0000, 0.0000]])
tensor([[0.7605, 1.0000, 1.0000, 0.0000, 0.0000, 0.0000]])
tensor([[-0.1303,  0.0000,  0.0000,  0.0000,  0.0000,  0.0000]])
tensor([[-0.5009,  1.0000,  0.0000,  0.0000,  0.0000,  0.0000]])
tensor([[-0.0919,  1.0000,  0.0000,  0.0000,  0.0000,  0.0000]])
tensor([[0.8350, 1.0000, 0.0000, 0.0000, 0.0000, 0.0000]])
tensor([[0.9830, 1.0000, 0.0000, 0.0000, 0.0000, 0.0000]])
tensor([[0.9621, 1.0000, 0.0000, 0.0000, 0.0000, 0.0000]])
tensor([[0.9974, 1.0000, 0.0000, 0.0000, 0.0000, 0.0000]])
tensor([[0.9980, 1.0000, 0.0000, 0.0000, 0.0000, 0.0000]])
tensor([[0.9426, 1.0000, 0.0000, 0.0000, 0.0000, 0.0000]])
tensor([[-0.7890,  1.0000,  0.0000,  0.0000,  0.0000,  0.0000]])
tensor([[-0.8255,  1.0000,  1.0000,  0.0000,  0.0000,  0.0000]])
tensor([[-0.9055,  0.0000,  1.0000,  0.0000,  0.0000,  0.0000]])
tensor([[-0.2267,  1.0000,  0.0000,  1.0000,  0.0000,  0.0000]])
tensor([[-0.6789,  0.0000,  0.0000,  0.0000,  0.0000,  0.0000]])
tensor([[-0.8056,  1.0000,  1.0000,  0.0000,  0.0000,  0.0000]])
tensor([[0.8244, 0.0000, 0.0000, 0.0000, 0.0000, 0.0000]])
tensor([[0.1683, 1.0000, 0.0000, 0.0000, 0.0000, 0.0000]])
tensor([[0.6922, 1.0000, 0.0000, 1.0000, 0.0000, 0.0000]])
tensor([[0.7321, 1.0000, 0.0000, 0.0000, 0.0000, 0.0000]])
tensor([[-0.5690,  1.0000,  0.0000,  0.0000,  0.0000,  0.0000]])
tensor([[-0.9787,  1.0000,  0.0000,  0.0000,  0.0000,  0.0000]])
tensor([[-0.7187,  0.0000,  0.0000,  0.0000,  1.0000,  0.0000]])
tensor([[-0.9903,  1.0000,  0.0000,  0.0000,  0.0000,  0.0000]])
tensor([[-0.9187,  0.0000,  1.0000,  0.0000,  0.0000,  0.0000]])
tensor([[-0.7557,  1.0000,  0.0000,  0.0000,  0.0000,  0.0000]])
tensor([[0.2372, 1.0000, 0.0000, 0.0000, 0.0000, 0.0000]])
tensor([[-0.3818,  0.0000,  1.0000,  0.0000,  0.0000,  0.0000]])
tensor([[-0.7192,  1.0000,  1.0000,  0.0000,  0.0000,  0.0000]])
tensor([[-0.9401,  1.0000,  1.0000,  0.0000,  0.0000,  0.0000]])
tensor([[-0.8536,  1.0000,  1.0000,  0.0000,  0.0000,  0.0000]])
tensor([[0.0024, 1.0000, 0.0000, 0.0000, 0.0000, 0.0000]])
tensor([[-0.8181,  1.0000,  0.0000,  0.0000,  0.0000,  0.0000]])
tensor([[-0.6717,  0.0000,  0.0000,  0.0000,  0.0000,  0.0000]])
tensor([[0.1041, 1.0000, 0.0000, 0.0000, 0.0000, 0.0000]])
tensor([[-0.9775,  1.0000,  1.0000,  0.0000,  0.0000,  0.0000]])
tensor([[-0.6282,  1.0000,  0.0000,  0.0000,  0.0000,  0.0000]])
tensor([[0.6105, 1.0000, 0.0000, 0.0000, 0.0000, 0.0000]])
tensor([[-0.9768,  0.0000,  1.0000,  0.0000,  1.0000,  0.0000]])
tensor([[-0.9224,  1.0000,  0.0000,  0.0000,  0.0000,  0.0000]])
tensor([[-0.6173,  1.0000,  1.0000,  0.0000,  0.0000,  0.0000]])
tensor([[-0.9595,  0.0000,  0.0000,  0.0000,  0.0000,  0.0000]])
tensor([[-0.3790,  1.0000,  0.0000,  0.0000,  0.0000,  0.0000]])
tensor([[-0.3456,  1.0000,  0.0000,  0.0000,  0.0000,  0.0000]])
tensor([[-0.8492,  0.0000,  0.0000,  0.0000,  0.0000,  0.0000]])
tensor([[0.3626, 0.0000, 0.0000, 0.0000, 0.0000, 0.0000]])
tensor([[-0.9792,  0.0000,  1.0000,  0.0000,  0.0000,  0.0000]])
tensor([[-0.9967,  0.0000,  0.0000,  0.0000,  0.0000,  0.0000]])
tensor([[-0.9993,  0.0000,  1.0000,  0.0000,  0.0000,  0.0000]])
tensor([[-0.9920,  0.0000,  1.0000,  0.0000,  0.0000,  0.0000]])
tensor([[-0.9961,  0.0000,  1.0000,  0.0000,  0.0000,  0.0000]])
tensor([[-0.9580,  1.0000,  1.0000,  0.0000,  0.0000,  0.0000]])
tensor([[-0.9017,  0.0000,  1.0000,  0.0000,  0.0000,  0.0000]])
tensor([[-0.9844,  0.0000,  0.0000,  0.0000,  0.0000,  0.0000]])
tensor([[-0.9726,  0.0000,  0.0000,  0.0000,  0.0000,  0.0000]])
tensor([[-0.8316,  1.0000,  0.0000,  0.0000,  0.0000,  0.0000]])
tensor([[-0.4619,  1.0000,  0.0000,  0.0000,  0.0000,  0.0000]])
tensor([[0.4217, 1.0000, 0.0000, 0.0000, 0.0000, 0.0000]])
tensor([[0.2006, 1.0000, 0.0000, 0.0000, 0.0000, 0.0000]])
tensor([[0.9700, 1.0000, 0.0000, 0.0000, 0.0000, 0.0000]])
tensor([[0.9675, 1.0000, 0.0000, 0.0000, 0.0000, 0.0000]])
tensor([[0.9928, 1.0000, 0.0000, 0.0000, 0.0000, 0.0000]])
tensor([[0.9415, 1.0000, 0.0000, 0.0000, 0.0000, 0.0000]])
tensor([[-0.0203,  1.0000,  0.0000,  0.0000,  0.0000,  0.0000]])
tensor([[-0.8152,  1.0000,  0.0000,  0.0000,  0.0000,  0.0000]])
tensor([[-0.0598,  1.0000,  1.0000,  0.0000,  0.0000,  0.0000]])
tensor([[-0.9926,  1.0000,  0.0000,  0.0000,  0.0000,  0.0000]])
tensor([[-0.9607,  1.0000,  0.0000,  0.0000,  0.0000,  0.0000]])
tensor([[-0.7902,  1.0000,  1.0000,  0.0000,  0.0000,  0.0000]])
tensor([[-0.5516,  0.0000,  0.0000,  0.0000,  0.0000,  0.0000]])
tensor([[0.3401, 1.0000, 0.0000, 0.0000, 0.0000, 0.0000]])
tensor([[-0.9947,  0.0000,  0.0000,  0.0000,  0.0000,  0.0000]])
tensor([[-0.4398,  1.0000,  0.0000,  0.0000,  0.0000,  0.0000]])
tensor([[-0.9701,  1.0000,  1.0000,  0.0000,  0.0000,  0.0000]])
tensor([[0.5546, 1.0000, 0.0000, 0.0000, 0.0000, 0.0000]])
tensor([[0.3887, 1.0000, 0.0000, 0.0000, 0.0000, 0.0000]])
tensor([[0.9865, 1.0000, 0.0000, 0.0000, 0.0000, 0.0000]])
tensor([[0.9996, 1.0000, 0.0000, 0.0000, 0.0000, 0.0000]])
tensor([[0.9825, 1.0000, 0.0000, 0.0000, 0.0000, 0.0000]])
tensor([[0.9720, 1.0000, 0.0000, 0.0000, 0.0000, 0.0000]])
tensor([[0.9500, 1.0000, 0.0000, 0.0000, 0.0000, 0.0000]])
tensor([[0.6946, 1.0000, 0.0000, 0.0000, 0.0000, 0.0000]])
tensor([[0.7350, 1.0000, 0.0000, 0.0000, 0.0000, 0.0000]])
tensor([[0.7630, 1.0000, 0.0000, 0.0000, 0.0000, 0.0000]])
tensor([[0.9019, 1.0000, 1.0000, 0.0000, 0.0000, 0.0000]])
tensor([[0.9436, 1.0000, 0.0000, 0.0000, 0.0000, 0.0000]])
tensor([[0.9267, 1.0000, 0.0000, 0.0000, 0.0000, 0.0000]])
tensor([[0.9278, 1.0000, 0.0000, 0.0000, 0.0000, 0.0000]])
tensor([[0.9850, 1.0000, 0.0000, 0.0000, 0.0000, 0.0000]])
tensor([[0.9334, 1.0000, 0.0000, 0.0000, 0.0000, 0.0000]])
tensor([[0.9931, 1.0000, 0.0000, 0.0000, 0.0000, 0.0000]])
tensor([[0.9867, 1.0000, 0.0000, 0.0000, 0.0000, 0.0000]])
tensor([[0.9986, 1.0000, 0.0000, 0.0000, 0.0000, 0.0000]])
tensor([[0.9860, 1.0000, 0.0000, 0.0000, 0.0000, 0.0000]])
tensor([[0.9948, 1.0000, 0.0000, 0.0000, 0.0000, 0.0000]])
tensor([[0.9973, 1.0000, 0.0000, 0.0000, 0.0000, 0.0000]])
tensor([[0.9872, 1.0000, 0.0000, 0.0000, 0.0000, 0.0000]])
tensor([[0.9947, 0.0000, 0.0000, 0.0000, 0.0000, 0.0000]])
tensor([[0.9967, 1.0000, 0.0000, 0.0000, 0.0000, 0.0000]])
tensor([[0.9984, 1.0000, 0.0000, 0.0000, 0.0000, 0.0000]])
tensor([[0.9771, 1.0000, 0.0000, 0.0000, 0.0000, 0.0000]])
tensor([[0.9989, 1.0000, 0.0000, 0.0000, 0.0000, 0.0000]])
tensor([[0.4649, 1.0000, 1.0000, 0.0000, 0.0000, 0.0000]])
tensor([[-0.5197,  1.0000,  0.0000,  0.0000,  0.0000,  0.0000]])
tensor([[-0.9547,  1.0000,  0.0000,  0.0000,  0.0000,  0.0000]])
tensor([[-0.9340,  1.0000,  0.0000,  0.0000,  0.0000,  0.0000]])
tensor([[-0.8656,  1.0000,  0.0000,  0.0000,  0.0000,  0.0000]])
tensor([[-0.4790,  1.0000,  0.0000,  0.0000,  0.0000,  0.0000]])
tensor([[0.6660, 0.0000, 0.0000, 0.0000, 0.0000, 0.0000]])
tensor([[0.4027, 0.0000, 0.0000, 0.0000, 0.0000, 0.0000]])
tensor([[-0.5735,  1.0000,  0.0000,  0.0000,  0.0000,  0.0000]])
tensor([[0.9570, 1.0000, 0.0000, 0.0000, 0.0000, 0.0000]])
tensor([[-0.3597,  1.0000,  0.0000,  0.0000,  0.0000,  0.0000]])
tensor([[-0.5341,  1.0000,  0.0000,  0.0000,  0.0000,  0.0000]])
tensor([[0.3511, 0.0000, 0.0000, 0.0000, 0.0000, 0.0000]])
tensor([[0.9755, 1.0000, 0.0000, 0.0000, 0.0000, 0.0000]])
tensor([[0.9141, 1.0000, 0.0000, 0.0000, 0.0000, 0.0000]])
tensor([[-0.4185,  1.0000,  0.0000,  0.0000,  0.0000,  0.0000]])
tensor([[-0.8733,  1.0000,  0.0000,  0.0000,  0.0000,  0.0000]])
tensor([[-0.9399,  1.0000,  1.0000,  0.0000,  0.0000,  0.0000]])
tensor([[0.9508, 1.0000, 0.0000, 0.0000, 0.0000, 0.0000]])
tensor([[0.6129, 1.0000, 0.0000, 0.0000, 0.0000, 0.0000]])
tensor([[-0.2914,  1.0000,  0.0000,  0.0000,  1.0000,  0.0000]])
tensor([[-0.8227,  1.0000,  1.0000,  0.0000,  0.0000,  0.0000]])
tensor([[-0.9279,  0.0000,  0.0000,  0.0000,  0.0000,  0.0000]])
tensor([[-0.7599,  1.0000,  0.0000,  0.0000,  0.0000,  0.0000]])
tensor([[0.6184, 0.0000, 0.0000, 0.0000, 0.0000, 0.0000]])
tensor([[0.9965, 1.0000, 0.0000, 0.0000, 0.0000, 0.0000]])
tensor([[0.3680, 1.0000, 1.0000, 0.0000, 0.0000, 0.0000]])
tensor([[-0.4828,  1.0000,  0.0000,  0.0000,  0.0000,  0.0000]])
tensor([[0.1992, 0.0000, 1.0000, 0.0000, 0.0000, 0.0000]])
tensor([[-0.5642,  1.0000,  1.0000,  0.0000,  0.0000,  0.0000]])
tensor([[-0.6951,  1.0000,  1.0000,  0.0000,  0.0000,  0.0000]])
tensor([[0.8158, 1.0000, 1.0000, 0.0000, 0.0000, 0.0000]])
tensor([[0.7156, 1.0000, 0.0000, 0.0000, 0.0000, 0.0000]])
tensor([[0.2049, 1.0000, 0.0000, 0.0000, 0.0000, 0.0000]])
tensor([[-0.4411,  1.0000,  0.0000,  0.0000,  0.0000,  0.0000]])
tensor([[-0.5064,  0.0000,  0.0000,  0.0000,  0.0000,  0.0000]])
tensor([[-0.4004,  0.0000,  0.0000,  0.0000,  0.0000,  0.0000]])
tensor([[-0.3347,  0.0000,  0.0000,  0.0000,  0.0000,  0.0000]])
tensor([[0.7615, 0.0000, 0.0000, 0.0000, 1.0000, 0.0000]])
tensor([[0.0975, 1.0000, 0.0000, 0.0000, 0.0000, 0.0000]])
tensor([[0.2524, 1.0000, 0.0000, 0.0000, 0.0000, 0.0000]])
tensor([[-0.7928,  0.0000,  0.0000,  0.0000,  0.0000,  0.0000]])
tensor([[0.7210, 1.0000, 1.0000, 0.0000, 0.0000, 0.0000]])
tensor([[0.9162, 1.0000, 0.0000, 0.0000, 1.0000, 0.0000]])
tensor([[0.9877, 0.0000, 0.0000, 0.0000, 0.0000, 0.0000]])
tensor([[0.2745, 1.0000, 0.0000, 0.0000, 0.0000, 0.0000]])
tensor([[0.6814, 1.0000, 0.0000, 0.0000, 0.0000, 0.0000]])
tensor([[0.2454, 1.0000, 0.0000, 0.0000, 0.0000, 0.0000]])
tensor([[0.5468, 1.0000, 0.0000, 0.0000, 0.0000, 0.0000]])
tensor([[0.9483, 1.0000, 0.0000, 0.0000, 0.0000, 0.0000]])
tensor([[0.9969, 1.0000, 0.0000, 0.0000, 0.0000, 0.0000]])
tensor([[0.8619, 1.0000, 1.0000, 0.0000, 0.0000, 0.0000]])
tensor([[-0.6517,  1.0000,  0.0000,  0.0000,  0.0000,  0.0000]])
tensor([[-0.7388,  0.0000,  0.0000,  1.0000,  0.0000,  0.0000]])
tensor([[0.6885, 0.0000, 0.0000, 0.0000, 0.0000, 0.0000]])
tensor([[0.9630, 1.0000, 0.0000, 0.0000, 0.0000, 0.0000]])
tensor([[-0.5437,  0.0000,  0.0000,  0.0000,  0.0000,  0.0000]])
tensor([[0.6860, 1.0000, 0.0000, 0.0000, 0.0000, 0.0000]])
tensor([[0.9987, 0.0000, 0.0000, 0.0000, 0.0000, 0.0000]])
tensor([[0.9985, 1.0000, 0.0000, 0.0000, 0.0000, 0.0000]])
tensor([[0.9883, 1.0000, 0.0000, 0.0000, 0.0000, 0.0000]])
tensor([[0.9997, 1.0000, 0.0000, 0.0000, 0.0000, 0.0000]])
tensor([[0.9998, 1.0000, 0.0000, 0.0000, 0.0000, 0.0000]])
tensor([[0.9882, 1.0000, 0.0000, 0.0000, 0.0000, 0.0000]])
tensor([[0.9747, 1.0000, 0.0000, 0.0000, 0.0000, 0.0000]])
tensor([[0.9789, 1.0000, 0.0000, 0.0000, 0.0000, 0.0000]])
tensor([[0.9758, 1.0000, 0.0000, 0.0000, 0.0000, 0.0000]])
tensor([[-0.8794,  1.0000,  0.0000,  0.0000,  0.0000,  0.0000]])
tensor([[0.5983, 1.0000, 0.0000, 0.0000, 0.0000, 0.0000]])
tensor([[-0.8126,  0.0000,  0.0000,  0.0000,  0.0000,  0.0000]])
tensor([[0.8394, 1.0000, 0.0000, 0.0000, 0.0000, 0.0000]])
tensor([[-0.9313,  1.0000,  0.0000,  0.0000,  0.0000,  0.0000]])
tensor([[0.2922, 1.0000, 0.0000, 0.0000, 0.0000, 0.0000]])
tensor([[0.5722, 1.0000, 0.0000, 0.0000, 0.0000, 0.0000]])
tensor([[0.6227, 1.0000, 0.0000, 0.0000, 0.0000, 0.0000]])
tensor([[0.6771, 1.0000, 0.0000, 0.0000, 0.0000, 0.0000]])
tensor([[0.5337, 1.0000, 0.0000, 0.0000, 0.0000, 0.0000]])
tensor([[0.7769, 0.0000, 0.0000, 0.0000, 0.0000, 0.0000]])
tensor([[0.5778, 1.0000, 0.0000, 0.0000, 0.0000, 0.0000]])
tensor([[0.1452, 1.0000, 0.0000, 0.0000, 0.0000, 0.0000]])
tensor([[0.7313, 1.0000, 0.0000, 0.0000, 0.0000, 0.0000]])
tensor([[0.7869, 1.0000, 0.0000, 0.0000, 0.0000, 0.0000]])
tensor([[0.1397, 1.0000, 0.0000, 0.0000, 0.0000, 0.0000]])
tensor([[-0.0670,  0.0000,  0.0000,  0.0000,  0.0000,  0.0000]])
tensor([[0.6855, 1.0000, 0.0000, 0.0000, 0.0000, 0.0000]])
tensor([[0.5779, 1.0000, 0.0000, 0.0000, 0.0000, 0.0000]])
tensor([[0.9728, 1.0000, 0.0000, 0.0000, 0.0000, 0.0000]])
tensor([[0.9338, 1.0000, 0.0000, 0.0000, 0.0000, 0.0000]])
tensor([[0.6766, 1.0000, 0.0000, 0.0000, 0.0000, 0.0000]])
tensor([[0.9071, 1.0000, 0.0000, 0.0000, 0.0000, 0.0000]])
tensor([[0.9499, 1.0000, 0.0000, 0.0000, 0.0000, 0.0000]])
tensor([[0.2118, 1.0000, 0.0000, 0.0000, 0.0000, 0.0000]])
tensor([[0.7483, 1.0000, 0.0000, 0.0000, 0.0000, 0.0000]])
tensor([[-0.7145,  1.0000,  0.0000,  0.0000,  0.0000,  0.0000]])
tensor([[-0.4128,  1.0000,  0.0000,  0.0000,  0.0000,  0.0000]])
tensor([[0.9949, 1.0000, 0.0000, 0.0000, 0.0000, 0.0000]])
tensor([[0.9562, 1.0000, 1.0000, 0.0000, 0.0000, 0.0000]])
tensor([[0.9294, 1.0000, 0.0000, 0.0000, 0.0000, 0.0000]])
tensor([[0.3307, 1.0000, 0.0000, 0.0000, 0.0000, 0.0000]])
tensor([[0.8212, 1.0000, 0.0000, 0.0000, 0.0000, 0.0000]])
tensor([[0.0183, 1.0000, 0.0000, 0.0000, 0.0000, 0.0000]])
tensor([[0.2202, 1.0000, 1.0000, 0.0000, 0.0000, 0.0000]])
tensor([[0.4038, 1.0000, 0.0000, 0.0000, 0.0000, 0.0000]])
tensor([[0.8334, 1.0000, 0.0000, 0.0000, 0.0000, 0.0000]])
tensor([[0.9779, 1.0000, 0.0000, 0.0000, 0.0000, 0.0000]])
tensor([[0.4148, 1.0000, 0.0000, 0.0000, 0.0000, 0.0000]])
tensor([[0.2391, 1.0000, 1.0000, 0.0000, 0.0000, 0.0000]])
tensor([[0.2462, 1.0000, 0.0000, 0.0000, 0.0000, 0.0000]])
tensor([[-0.9570,  1.0000,  0.0000,  0.0000,  0.0000,  0.0000]])
tensor([[-0.6422,  1.0000,  1.0000,  0.0000,  0.0000,  0.0000]])
tensor([[-0.6881,  0.0000,  1.0000,  0.0000,  0.0000,  0.0000]])
tensor([[-0.8436,  1.0000,  1.0000,  0.0000,  0.0000,  0.0000]])
tensor([[0.7197, 1.0000, 0.0000, 0.0000, 0.0000, 0.0000]])
tensor([[0.8735, 1.0000, 0.0000, 0.0000, 0.0000, 0.0000]])
tensor([[0.7892, 1.0000, 0.0000, 0.0000, 0.0000, 0.0000]])
tensor([[0.8759, 1.0000, 1.0000, 0.0000, 0.0000, 0.0000]])
tensor([[-0.9865,  0.0000,  1.0000,  0.0000,  0.0000,  0.0000]])
tensor([[-0.9945,  0.0000,  0.0000,  0.0000,  0.0000,  0.0000]])
tensor([[-0.9859,  1.0000,  0.0000,  0.0000,  0.0000,  0.0000]])
tensor([[-0.3263,  0.0000,  0.0000,  0.0000,  0.0000,  0.0000]])
tensor([[0.5538, 1.0000, 0.0000, 0.0000, 0.0000, 0.0000]])
tensor([[0.1367, 1.0000, 0.0000, 0.0000, 0.0000, 0.0000]])
tensor([[-0.1841,  1.0000,  0.0000,  0.0000,  0.0000,  0.0000]])
tensor([[0.5162, 1.0000, 0.0000, 0.0000, 0.0000, 0.0000]])
tensor([[0.8396, 1.0000, 0.0000, 0.0000, 0.0000, 0.0000]])
tensor([[0.9839, 0.0000, 0.0000, 0.0000, 1.0000, 0.0000]])
tensor([[-0.5160,  1.0000,  1.0000,  0.0000,  0.0000,  0.0000]])
tensor([[0.2521, 1.0000, 1.0000, 0.0000, 0.0000, 0.0000]])
tensor([[-0.6730,  0.0000,  0.0000,  0.0000,  1.0000,  0.0000]])
tensor([[-0.4608,  0.0000,  0.0000,  0.0000,  0.0000,  0.0000]])
tensor([[0.7814, 1.0000, 1.0000, 0.0000, 0.0000, 0.0000]])
tensor([[-0.0664,  1.0000,  1.0000,  0.0000,  0.0000,  0.0000]])
tensor([[0.9762, 0.0000, 0.0000, 0.0000, 0.0000, 0.0000]])
tensor([[-0.9791,  0.0000,  0.0000,  0.0000,  0.0000,  0.0000]])
tensor([[-0.9839,  1.0000,  1.0000,  0.0000,  0.0000,  0.0000]])
tensor([[-0.9162,  1.0000,  1.0000,  0.0000,  0.0000,  0.0000]])
tensor([[0.7953, 1.0000, 0.0000, 0.0000, 0.0000, 0.0000]])
tensor([[0.5483, 1.0000, 0.0000, 0.0000, 0.0000, 0.0000]])
tensor([[0.7323, 1.0000, 0.0000, 0.0000, 0.0000, 0.0000]])
tensor([[-0.2479,  0.0000,  1.0000,  0.0000,  0.0000,  0.0000]])
tensor([[-0.8523,  0.0000,  0.0000,  0.0000,  0.0000,  0.0000]])
tensor([[-0.9574,  1.0000,  1.0000,  0.0000,  0.0000,  0.0000]])
tensor([[0.5556, 1.0000, 0.0000, 0.0000, 1.0000, 0.0000]])
tensor([[-0.5066,  0.0000,  0.0000,  0.0000,  0.0000,  0.0000]])
tensor([[0.1737, 1.0000, 0.0000, 0.0000, 0.0000, 0.0000]])
tensor([[-0.1162,  1.0000,  1.0000,  0.0000,  0.0000,  0.0000]])
tensor([[-0.6139,  1.0000,  0.0000,  0.0000,  0.0000,  0.0000]])
tensor([[0.7082, 1.0000, 1.0000, 0.0000, 1.0000, 0.0000]])
tensor([[0.7696, 0.0000, 0.0000, 0.0000, 0.0000, 0.0000]])
tensor([[-0.7030,  1.0000,  0.0000,  0.0000,  0.0000,  0.0000]])
tensor([[-0.9666,  1.0000,  0.0000,  0.0000,  0.0000,  0.0000]])
tensor([[-0.8808,  1.0000,  1.0000,  0.0000,  0.0000,  0.0000]])
tensor([[-0.6671,  1.0000,  1.0000,  0.0000,  0.0000,  0.0000]])
tensor([[-0.8037,  0.0000,  0.0000,  0.0000,  0.0000,  0.0000]])
tensor([[0.5289, 0.0000, 0.0000, 0.0000, 0.0000, 0.0000]])
tensor([[-0.9926,  1.0000,  0.0000,  1.0000,  0.0000,  0.0000]])
tensor([[-0.9971,  0.0000,  1.0000,  0.0000,  0.0000,  0.0000]])
tensor([[-0.9911,  1.0000,  1.0000,  0.0000,  0.0000,  0.0000]])
tensor([[-0.9632,  1.0000,  1.0000,  0.0000,  0.0000,  1.0000]])
tensor([[-0.9759,  0.0000,  0.0000,  1.0000,  0.0000,  0.0000]])
tensor([[0.2299, 1.0000, 0.0000, 1.0000, 0.0000, 0.0000]])
tensor([[0.8299, 1.0000, 0.0000, 0.0000, 0.0000, 1.0000]])
tensor([[-0.1622,  1.0000,  0.0000,  0.0000,  0.0000,  0.0000]])
tensor([[0.4380, 1.0000, 1.0000, 0.0000, 0.0000, 0.0000]])
tensor([[0.2774, 1.0000, 1.0000, 0.0000, 0.0000, 0.0000]])
tensor([[0.2500, 0.0000, 1.0000, 0.0000, 0.0000, 0.0000]])
tensor([[-0.9207,  1.0000,  0.0000,  0.0000,  0.0000,  0.0000]])
tensor([[-0.7831,  1.0000,  0.0000,  0.0000,  0.0000,  0.0000]])
tensor([[0.1552, 1.0000, 0.0000, 0.0000, 0.0000, 0.0000]])
tensor([[-0.6662,  0.0000,  1.0000,  0.0000,  0.0000,  0.0000]])
tensor([[0.1447, 0.0000, 1.0000, 0.0000, 0.0000, 0.0000]])
tensor([[-0.8369,  1.0000,  0.0000,  0.0000,  0.0000,  0.0000]])
tensor([[-0.6431,  1.0000,  0.0000,  0.0000,  0.0000,  0.0000]])
tensor([[0.3002, 0.0000, 0.0000, 0.0000, 0.0000, 0.0000]])
tensor([[0.9377, 1.0000, 0.0000, 0.0000, 1.0000, 0.0000]])
tensor([[0.9737, 1.0000, 1.0000, 0.0000, 0.0000, 0.0000]])
tensor([[0.3066, 0.0000, 1.0000, 0.0000, 0.0000, 0.0000]])
tensor([[-0.3827,  1.0000,  1.0000,  0.0000,  0.0000,  0.0000]])
tensor([[-0.5167,  1.0000,  0.0000,  0.0000,  0.0000,  0.0000]])
tensor([[0.6979, 1.0000, 1.0000, 0.0000, 0.0000, 0.0000]])
tensor([[-0.7044,  1.0000,  0.0000,  0.0000,  0.0000,  0.0000]])
tensor([[-0.1091,  1.0000,  1.0000,  0.0000,  0.0000,  0.0000]])
tensor([[-0.8790,  0.0000,  0.0000,  0.0000,  0.0000,  0.0000]])
tensor([[0.5830, 0.0000, 1.0000, 0.0000, 0.0000, 0.0000]])
tensor([[-0.2041,  1.0000,  0.0000,  0.0000,  0.0000,  0.0000]])
tensor([[-0.5353,  0.0000,  0.0000,  0.0000,  0.0000,  0.0000]])
tensor([[0.4345, 1.0000, 0.0000, 0.0000, 0.0000, 0.0000]])
tensor([[0.8138, 0.0000, 0.0000, 0.0000, 0.0000, 0.0000]])
tensor([[0.8777, 0.0000, 0.0000, 0.0000, 0.0000, 0.0000]])
tensor([[-0.4154,  1.0000,  0.0000,  0.0000,  0.0000,  0.0000]])
tensor([[-0.3042,  1.0000,  1.0000,  0.0000,  0.0000,  0.0000]])
tensor([[-0.6951,  1.0000,  0.0000,  0.0000,  0.0000,  0.0000]])
tensor([[-0.6248,  0.0000,  0.0000,  0.0000,  0.0000,  0.0000]])
tensor([[0.6138, 1.0000, 0.0000, 0.0000, 0.0000, 0.0000]])
tensor([[-0.7439,  1.0000,  1.0000,  0.0000,  0.0000,  0.0000]])
tensor([[0.9560, 0.0000, 0.0000, 0.0000, 1.0000, 0.0000]])
tensor([[-0.7525,  1.0000,  1.0000,  0.0000,  0.0000,  0.0000]])
tensor([[0.8717, 0.0000, 0.0000, 0.0000, 0.0000, 0.0000]])
tensor([[0.4911, 0.0000, 0.0000, 0.0000, 0.0000, 0.0000]])
tensor([[-0.1384,  1.0000,  1.0000,  0.0000,  0.0000,  0.0000]])
tensor([[-0.8970,  1.0000,  0.0000,  0.0000,  0.0000,  0.0000]])
tensor([[-0.8521,  0.0000,  0.0000,  0.0000,  0.0000,  0.0000]])
tensor([[0.9955, 0.0000, 1.0000, 0.0000, 0.0000, 0.0000]])
tensor([[-0.9596,  0.0000,  0.0000,  0.0000,  0.0000,  0.0000]])
tensor([[-0.8514,  1.0000,  0.0000,  0.0000,  0.0000,  0.0000]])
tensor([[-0.8869,  1.0000,  0.0000,  0.0000,  0.0000,  0.0000]])
tensor([[0.9922, 1.0000, 0.0000, 0.0000, 0.0000, 0.0000]])
tensor([[0.9366, 1.0000, 0.0000, 0.0000, 0.0000, 0.0000]])
tensor([[0.9978, 1.0000, 0.0000, 0.0000, 0.0000, 0.0000]])
tensor([[0.9952, 1.0000, 0.0000, 0.0000, 0.0000, 0.0000]])
tensor([[0.9745, 1.0000, 0.0000, 0.0000, 0.0000, 0.0000]])
tensor([[-0.0817,  1.0000,  0.0000,  0.0000,  0.0000,  0.0000]])
tensor([[-0.0355,  1.0000,  0.0000,  0.0000,  0.0000,  0.0000]])
tensor([[0.8038, 1.0000, 1.0000, 0.0000, 0.0000, 0.0000]])
tensor([[0.1417, 1.0000, 0.0000, 0.0000, 0.0000, 0.0000]])
tensor([[0.9040, 1.0000, 0.0000, 0.0000, 0.0000, 0.0000]])
tensor([[0.9895, 1.0000, 0.0000, 0.0000, 0.0000, 0.0000]])
tensor([[0.9773, 0.0000, 0.0000, 0.0000, 0.0000, 0.0000]])
tensor([[0.5765, 1.0000, 0.0000, 0.0000, 0.0000, 0.0000]])
tensor([[0.9418, 1.0000, 0.0000, 0.0000, 0.0000, 0.0000]])
tensor([[0.9435, 1.0000, 0.0000, 0.0000, 0.0000, 0.0000]])
tensor([[0.9557, 1.0000, 0.0000, 0.0000, 0.0000, 0.0000]])
tensor([[0.8240, 1.0000, 0.0000, 0.0000, 0.0000, 0.0000]])
tensor([[0.9693, 1.0000, 0.0000, 0.0000, 0.0000, 0.0000]])
tensor([[0.7194, 1.0000, 0.0000, 1.0000, 0.0000, 0.0000]])
tensor([[0.6633, 1.0000, 0.0000, 0.0000, 0.0000, 0.0000]])
tensor([[0.4890, 1.0000, 0.0000, 0.0000, 0.0000, 0.0000]])
tensor([[-0.5270,  0.0000,  1.0000,  0.0000,  0.0000,  0.0000]])
tensor([[0.9722, 0.0000, 0.0000, 0.0000, 0.0000, 0.0000]])
tensor([[0.9360, 1.0000, 0.0000, 0.0000, 0.0000, 0.0000]])
tensor([[0.9584, 1.0000, 0.0000, 0.0000, 0.0000, 0.0000]])
tensor([[0.8149, 1.0000, 0.0000, 0.0000, 0.0000, 0.0000]])
tensor([[0.7149, 1.0000, 0.0000, 0.0000, 0.0000, 0.0000]])
tensor([[0.8029, 1.0000, 0.0000, 0.0000, 0.0000, 0.0000]])
tensor([[0.9754, 1.0000, 0.0000, 0.0000, 0.0000, 0.0000]])
tensor([[0.9757, 1.0000, 0.0000, 0.0000, 0.0000, 0.0000]])
tensor([[0.9710, 0.0000, 0.0000, 0.0000, 0.0000, 0.0000]])
tensor([[0.9944, 1.0000, 0.0000, 0.0000, 0.0000, 0.0000]])
tensor([[0.9964, 1.0000, 0.0000, 0.0000, 0.0000, 0.0000]])
tensor([[0.7775, 1.0000, 0.0000, 0.0000, 0.0000, 0.0000]])
tensor([[-0.9349,  1.0000,  0.0000,  0.0000,  0.0000,  0.0000]])
tensor([[-0.9359,  0.0000,  0.0000,  0.0000,  0.0000,  0.0000]])
tensor([[-0.9190,  1.0000,  0.0000,  0.0000,  0.0000,  0.0000]])
tensor([[-0.4059,  1.0000,  0.0000,  0.0000,  0.0000,  0.0000]])
tensor([[-0.1277,  1.0000,  0.0000,  0.0000,  0.0000,  0.0000]])
tensor([[-0.4863,  0.0000,  1.0000,  0.0000,  0.0000,  0.0000]])
tensor([[0.0882, 1.0000, 0.0000, 0.0000, 0.0000, 0.0000]])
tensor([[0.4338, 1.0000, 0.0000, 0.0000, 0.0000, 0.0000]])
tensor([[0.1930, 1.0000, 0.0000, 0.0000, 0.0000, 0.0000]])
tensor([[0.3380, 1.0000, 0.0000, 0.0000, 0.0000, 0.0000]])
tensor([[-0.1435,  1.0000,  0.0000,  0.0000,  0.0000,  0.0000]])
tensor([[0.2491, 1.0000, 0.0000, 0.0000, 0.0000, 0.0000]])
tensor([[0.8789, 1.0000, 0.0000, 0.0000, 0.0000, 0.0000]])
tensor([[-0.8130,  1.0000,  0.0000,  0.0000,  0.0000,  0.0000]])
tensor([[-0.8515,  1.0000,  0.0000,  0.0000,  0.0000,  0.0000]])
tensor([[0.8049, 1.0000, 0.0000, 0.0000, 0.0000, 0.0000]])
tensor([[-0.6020,  1.0000,  0.0000,  0.0000,  1.0000,  0.0000]])
tensor([[0.7296, 0.0000, 0.0000, 0.0000, 0.0000, 0.0000]])
tensor([[0.0666, 1.0000, 0.0000, 0.0000, 0.0000, 0.0000]])
tensor([[-0.0491,  1.0000,  0.0000,  0.0000,  0.0000,  0.0000]])
tensor([[-0.4653,  1.0000,  1.0000,  0.0000,  1.0000,  0.0000]])
tensor([[0.5445, 1.0000, 1.0000, 0.0000, 0.0000, 0.0000]])
tensor([[-0.7255,  1.0000,  0.0000,  0.0000,  0.0000,  0.0000]])
tensor([[0.8397, 1.0000, 0.0000, 0.0000, 0.0000, 0.0000]])
tensor([[-0.3432,  1.0000,  0.0000,  0.0000,  0.0000,  0.0000]])
tensor([[-0.4151,  1.0000,  0.0000,  0.0000,  0.0000,  0.0000]])
tensor([[-0.9862,  0.0000,  1.0000,  0.0000,  0.0000,  0.0000]])
tensor([[0.3479, 0.0000, 0.0000, 0.0000, 0.0000, 0.0000]])
tensor([[0.9510, 0.0000, 0.0000, 0.0000, 0.0000, 0.0000]])
tensor([[0.9884, 1.0000, 0.0000, 0.0000, 0.0000, 0.0000]])
tensor([[0.8646, 0.0000, 0.0000, 0.0000, 0.0000, 0.0000]])
tensor([[0.5875, 0.0000, 0.0000, 0.0000, 0.0000, 0.0000]])
tensor([[0.1156, 1.0000, 0.0000, 0.0000, 0.0000, 0.0000]])
tensor([[0.9031, 1.0000, 0.0000, 0.0000, 0.0000, 0.0000]])
tensor([[0.9979, 1.0000, 0.0000, 0.0000, 0.0000, 0.0000]])
tensor([[0.3571, 0.0000, 1.0000, 0.0000, 0.0000, 0.0000]])
tensor([[0.8696, 0.0000, 1.0000, 0.0000, 0.0000, 0.0000]])
tensor([[0.6607, 0.0000, 1.0000, 0.0000, 0.0000, 0.0000]])
tensor([[-0.9781,  0.0000,  1.0000,  0.0000,  0.0000,  0.0000]])
tensor([[-0.8901,  0.0000,  0.0000,  0.0000,  0.0000,  0.0000]])
tensor([[-0.7346,  1.0000,  0.0000,  0.0000,  0.0000,  0.0000]])
tensor([[0.9456, 1.0000, 0.0000, 0.0000, 0.0000, 0.0000]])
tensor([[0.1232, 0.0000, 1.0000, 0.0000, 0.0000, 0.0000]])
tensor([[0.6731, 0.0000, 1.0000, 0.0000, 0.0000, 0.0000]])
tensor([[0.5758, 0.0000, 1.0000, 0.0000, 0.0000, 0.0000]])
tensor([[0.2774, 0.0000, 1.0000, 0.0000, 0.0000, 0.0000]])
tensor([[-0.9621,  0.0000,  1.0000,  0.0000,  0.0000,  0.0000]])
tensor([[0.9330, 0.0000, 1.0000, 0.0000, 0.0000, 0.0000]])
tensor([[0.6296, 0.0000, 1.0000, 0.0000, 0.0000, 0.0000]])
tensor([[-0.9930,  0.0000,  1.0000,  0.0000,  0.0000,  0.0000]])
tensor([[-0.9917,  0.0000,  0.0000,  0.0000,  0.0000,  0.0000]])
tensor([[0.1871, 0.0000, 1.0000, 0.0000, 0.0000, 0.0000]])
tensor([[-0.4609,  0.0000,  1.0000,  0.0000,  0.0000,  0.0000]])
tensor([[0.3424, 0.0000, 0.0000, 0.0000, 0.0000, 0.0000]])
tensor([[-0.0410,  0.0000,  1.0000,  0.0000,  0.0000,  0.0000]])
tensor([[0.2564, 1.0000, 0.0000, 0.0000, 0.0000, 0.0000]])
tensor([[0.7187, 1.0000, 1.0000, 0.0000, 0.0000, 0.0000]])
tensor([[-0.8091,  1.0000,  1.0000,  0.0000,  0.0000,  0.0000]])
tensor([[0.6427, 1.0000, 1.0000, 0.0000, 0.0000, 0.0000]])
tensor([[-0.8194,  1.0000,  1.0000,  0.0000,  0.0000,  0.0000]])
tensor([[-0.9700,  0.0000,  0.0000,  0.0000,  0.0000,  0.0000]])
tensor([[0.1387, 0.0000, 1.0000, 0.0000, 0.0000, 0.0000]])
tensor([[0.8341, 1.0000, 1.0000, 0.0000, 0.0000, 0.0000]])
tensor([[-0.5389,  0.0000,  1.0000,  0.0000,  0.0000,  0.0000]])
tensor([[0.8578, 0.0000, 1.0000, 0.0000, 0.0000, 0.0000]])
tensor([[0.2922, 0.0000, 1.0000, 0.0000, 0.0000, 0.0000]])
tensor([[-0.3419,  0.0000,  1.0000,  0.0000,  0.0000,  0.0000]])
tensor([[0.6507, 0.0000, 1.0000, 0.0000, 0.0000, 0.0000]])
tensor([[-0.5600,  0.0000,  1.0000,  0.0000,  0.0000,  0.0000]])
tensor([[-0.2720,  0.0000,  1.0000,  0.0000,  0.0000,  0.0000]])
tensor([[0.8677, 0.0000, 1.0000, 0.0000, 0.0000, 0.0000]])
tensor([[0.6129, 0.0000, 1.0000, 0.0000, 0.0000, 0.0000]])
tensor([[-0.9994,  0.0000,  1.0000,  0.0000,  0.0000,  0.0000]])
tensor([[-0.9933,  0.0000,  0.0000,  0.0000,  0.0000,  0.0000]])
tensor([[0.9583, 0.0000, 1.0000, 0.0000, 0.0000, 0.0000]])
tensor([[0.7922, 0.0000, 1.0000, 0.0000, 0.0000, 0.0000]])
tensor([[-0.9790,  0.0000,  1.0000,  0.0000,  0.0000,  0.0000]])
tensor([[-0.9294,  1.0000,  1.0000,  0.0000,  0.0000,  0.0000]])
tensor([[0.7397, 0.0000, 1.0000, 0.0000, 0.0000, 0.0000]])
tensor([[0.5792, 0.0000, 1.0000, 0.0000, 0.0000, 0.0000]])
tensor([[0.9611, 0.0000, 1.0000, 0.0000, 0.0000, 0.0000]])
tensor([[-0.6935,  0.0000,  1.0000,  0.0000,  0.0000,  0.0000]])
tensor([[-0.2911,  1.0000,  1.0000,  0.0000,  0.0000,  0.0000]])
tensor([[0.8639, 0.0000, 1.0000, 0.0000, 0.0000, 0.0000]])
tensor([[-0.0427,  0.0000,  1.0000,  0.0000,  0.0000,  0.0000]])
tensor([[-0.3680,  0.0000,  1.0000,  0.0000,  0.0000,  0.0000]])
tensor([[0.6088, 0.0000, 1.0000, 0.0000, 0.0000, 0.0000]])
tensor([[0.5304, 0.0000, 1.0000, 0.0000, 0.0000, 0.0000]])
tensor([[-0.9980,  1.0000,  1.0000,  0.0000,  0.0000,  0.0000]])
tensor([[-0.9619,  0.0000,  1.0000,  0.0000,  0.0000,  0.0000]])
tensor([[0.3975, 0.0000, 1.0000, 0.0000, 0.0000, 0.0000]])
tensor([[0.2762, 0.0000, 1.0000, 0.0000, 0.0000, 0.0000]])
tensor([[0.5978, 0.0000, 1.0000, 0.0000, 0.0000, 0.0000]])
tensor([[-0.9827,  0.0000,  1.0000,  0.0000,  0.0000,  0.0000]])
tensor([[-0.9898,  0.0000,  1.0000,  0.0000,  0.0000,  0.0000]])
tensor([[0.5055, 0.0000, 1.0000, 0.0000, 0.0000, 0.0000]])
tensor([[0.8723, 1.0000, 1.0000, 0.0000, 0.0000, 0.0000]])
tensor([[-0.5894,  0.0000,  1.0000,  0.0000,  0.0000,  0.0000]])
tensor([[0.5509, 1.0000, 1.0000, 0.0000, 0.0000, 0.0000]])
tensor([[0.0943, 0.0000, 1.0000, 0.0000, 0.0000, 0.0000]])
tensor([[0.5582, 0.0000, 1.0000, 0.0000, 0.0000, 0.0000]])
tensor([[-0.5618,  0.0000,  1.0000,  0.0000,  0.0000,  0.0000]])
tensor([[0.6202, 0.0000, 1.0000, 0.0000, 0.0000, 0.0000]])
tensor([[0.8334, 0.0000, 1.0000, 0.0000, 0.0000, 1.0000]])
tensor([[-0.5717,  0.0000,  1.0000,  0.0000,  0.0000,  0.0000]])
tensor([[-0.7640,  1.0000,  1.0000,  0.0000,  0.0000,  0.0000]])
tensor([[0.4608, 0.0000, 1.0000, 0.0000, 0.0000, 0.0000]])
tensor([[-0.3903,  0.0000,  1.0000,  0.0000,  0.0000,  0.0000]])
tensor([[0.7772, 0.0000, 1.0000, 0.0000, 0.0000, 0.0000]])
tensor([[0.6172, 0.0000, 1.0000, 0.0000, 0.0000, 0.0000]])
tensor([[-0.3781,  0.0000,  1.0000,  0.0000,  0.0000,  0.0000]])
tensor([[-0.9992,  0.0000,  1.0000,  0.0000,  0.0000,  0.0000]])
tensor([[-0.6032,  0.0000,  1.0000,  0.0000,  0.0000,  0.0000]])
tensor([[-0.7100,  0.0000,  0.0000,  0.0000,  0.0000,  0.0000]])
tensor([[-0.9852,  1.0000,  0.0000,  0.0000,  0.0000,  0.0000]])
tensor([[-0.5035,  1.0000,  0.0000,  0.0000,  0.0000,  0.0000]])
tensor([[-0.8823,  1.0000,  0.0000,  0.0000,  0.0000,  0.0000]])
tensor([[-0.8199,  1.0000,  1.0000,  0.0000,  0.0000,  0.0000]])
tensor([[-0.8614,  1.0000,  1.0000,  0.0000,  0.0000,  0.0000]])
tensor([[-0.9874,  0.0000,  1.0000,  0.0000,  0.0000,  0.0000]])
tensor([[-0.9852,  1.0000,  0.0000,  0.0000,  0.0000,  0.0000]])
tensor([[-0.9694,  1.0000,  0.0000,  0.0000,  0.0000,  0.0000]])
tensor([[-0.9574,  1.0000,  0.0000,  0.0000,  0.0000,  0.0000]])
tensor([[-0.9624,  0.0000,  1.0000,  0.0000,  0.0000,  0.0000]])
tensor([[-0.9818,  0.0000,  1.0000,  0.0000,  0.0000,  0.0000]])
tensor([[0.5014, 0.0000, 1.0000, 0.0000, 0.0000, 0.0000]])
tensor([[0.7273, 0.0000, 1.0000, 0.0000, 0.0000, 0.0000]])
tensor([[0.0764, 1.0000, 1.0000, 0.0000, 0.0000, 0.0000]])
tensor([[-0.5780,  0.0000,  1.0000,  0.0000,  0.0000,  0.0000]])
tensor([[-0.1503,  0.0000,  1.0000,  0.0000,  0.0000,  0.0000]])
tensor([[0.7282, 0.0000, 1.0000, 0.0000, 0.0000, 0.0000]])
tensor([[0.1681, 0.0000, 1.0000, 0.0000, 0.0000, 0.0000]])
tensor([[-0.6031,  0.0000,  1.0000,  0.0000,  0.0000,  0.0000]])
tensor([[-0.7397,  0.0000,  1.0000,  0.0000,  0.0000,  0.0000]])
tensor([[-0.1596,  0.0000,  1.0000,  0.0000,  0.0000,  0.0000]])
tensor([[-0.2085,  1.0000,  0.0000,  0.0000,  0.0000,  0.0000]])
tensor([[-0.9083,  0.0000,  0.0000,  0.0000,  0.0000,  0.0000]])
tensor([[-0.6141,  1.0000,  0.0000,  0.0000,  0.0000,  0.0000]])
tensor([[-0.8658,  0.0000,  0.0000,  0.0000,  1.0000,  0.0000]])
tensor([[-0.9765,  0.0000,  1.0000,  0.0000,  0.0000,  0.0000]])
tensor([[-0.9809,  0.0000,  1.0000,  0.0000,  0.0000,  0.0000]])
tensor([[-0.9255,  0.0000,  1.0000,  0.0000,  0.0000,  0.0000]])
tensor([[-0.8595,  1.0000,  0.0000,  0.0000,  0.0000,  0.0000]])
tensor([[-0.9346,  0.0000,  1.0000,  0.0000,  0.0000,  1.0000]])
tensor([[-0.9031,  0.0000,  0.0000,  0.0000,  0.0000,  0.0000]])
tensor([[-0.4106,  1.0000,  1.0000,  0.0000,  0.0000,  0.0000]])
tensor([[-0.8547,  0.0000,  1.0000,  0.0000,  0.0000,  0.0000]])
tensor([[-0.9201,  1.0000,  0.0000,  0.0000,  0.0000,  0.0000]])
tensor([[0.2058, 1.0000, 0.0000, 0.0000, 0.0000, 0.0000]])
tensor([[-0.9891,  1.0000,  0.0000,  0.0000,  0.0000,  0.0000]])
tensor([[-0.8371,  1.0000,  0.0000,  0.0000,  0.0000,  0.0000]])
tensor([[-0.9960,  1.0000,  0.0000,  0.0000,  0.0000,  0.0000]])
tensor([[-0.9209,  1.0000,  1.0000,  0.0000,  0.0000,  0.0000]])
tensor([[-0.9042,  0.0000,  1.0000,  0.0000,  0.0000,  0.0000]])
tensor([[-0.8540,  1.0000,  1.0000,  0.0000,  0.0000,  0.0000]])
tensor([[-0.9542,  0.0000,  1.0000,  0.0000,  0.0000,  0.0000]])
tensor([[-0.4274,  0.0000,  1.0000,  0.0000,  0.0000,  0.0000]])
tensor([[-0.5266,  0.0000,  1.0000,  0.0000,  0.0000,  0.0000]])
tensor([[-0.9595,  0.0000,  0.0000,  0.0000,  0.0000,  0.0000]])
tensor([[-0.4213,  0.0000,  0.0000,  0.0000,  0.0000,  0.0000]])
tensor([[-0.9556,  0.0000,  1.0000,  0.0000,  0.0000,  0.0000]])
tensor([[-0.4394,  1.0000,  1.0000,  0.0000,  0.0000,  0.0000]])
tensor([[-0.5987,  0.0000,  0.0000,  0.0000,  0.0000,  0.0000]])
tensor([[-0.9305,  0.0000,  0.0000,  0.0000,  0.0000,  0.0000]])
tensor([[-0.6477,  0.0000,  0.0000,  0.0000,  0.0000,  0.0000]])
tensor([[0.4947, 0.0000, 1.0000, 0.0000, 0.0000, 0.0000]])
tensor([[-0.8613,  0.0000,  1.0000,  0.0000,  0.0000,  0.0000]])
tensor([[-0.6845,  0.0000,  1.0000,  0.0000,  0.0000,  0.0000]])
tensor([[-0.7712,  1.0000,  1.0000,  0.0000,  0.0000,  0.0000]])
tensor([[-0.8491,  1.0000,  0.0000,  0.0000,  0.0000,  0.0000]])
tensor([[-0.9120,  0.0000,  1.0000,  0.0000,  0.0000,  0.0000]])
tensor([[-0.7507,  0.0000,  1.0000,  0.0000,  0.0000,  0.0000]])
tensor([[-0.7107,  1.0000,  0.0000,  0.0000,  0.0000,  0.0000]])
tensor([[-0.9886,  1.0000,  1.0000,  0.0000,  0.0000,  0.0000]])
tensor([[-0.7275,  0.0000,  1.0000,  0.0000,  0.0000,  0.0000]])
tensor([[0.1577, 0.0000, 1.0000, 0.0000, 0.0000, 0.0000]])
tensor([[-0.8131,  1.0000,  1.0000,  0.0000,  0.0000,  0.0000]])
tensor([[-0.9330,  1.0000,  0.0000,  0.0000,  0.0000,  0.0000]])
tensor([[-0.9933,  1.0000,  1.0000,  0.0000,  0.0000,  0.0000]])
tensor([[-0.9862,  0.0000,  0.0000,  0.0000,  0.0000,  0.0000]])
tensor([[-0.9771,  0.0000,  0.0000,  0.0000,  0.0000,  0.0000]])
tensor([[-0.9471,  1.0000,  1.0000,  0.0000,  0.0000,  0.0000]])
tensor([[-0.9820,  1.0000,  1.0000,  0.0000,  0.0000,  0.0000]])
tensor([[-0.5883,  1.0000,  1.0000,  0.0000,  0.0000,  0.0000]])
tensor([[-0.9685,  0.0000,  0.0000,  0.0000,  0.0000,  0.0000]])
tensor([[-0.7872,  0.0000,  1.0000,  0.0000,  0.0000,  0.0000]])
tensor([[-0.2611,  0.0000,  0.0000,  0.0000,  0.0000,  0.0000]])
tensor([[-0.8995,  0.0000,  0.0000,  0.0000,  0.0000,  0.0000]])
tensor([[-0.6779,  0.0000,  0.0000,  0.0000,  0.0000,  0.0000]])
tensor([[-0.8640,  0.0000,  1.0000,  0.0000,  0.0000,  0.0000]])
tensor([[-0.9227,  0.0000,  1.0000,  0.0000,  0.0000,  0.0000]])
tensor([[-0.0131,  0.0000,  1.0000,  0.0000,  0.0000,  0.0000]])
tensor([[-0.8484,  0.0000,  0.0000,  0.0000,  0.0000,  0.0000]])
tensor([[-0.9933,  0.0000,  0.0000,  0.0000,  0.0000,  0.0000]])
tensor([[-0.9639,  1.0000,  1.0000,  0.0000,  0.0000,  0.0000]])
tensor([[-0.9458,  1.0000,  1.0000,  0.0000,  0.0000,  0.0000]])
tensor([[-0.5750,  0.0000,  0.0000,  0.0000,  0.0000,  0.0000]])
tensor([[-0.6464,  0.0000,  0.0000,  0.0000,  0.0000,  0.0000]])
tensor([[-0.6628,  0.0000,  0.0000,  0.0000,  0.0000,  0.0000]])
tensor([[-0.7415,  0.0000,  0.0000,  0.0000,  0.0000,  0.0000]])
tensor([[-0.6387,  1.0000,  1.0000,  0.0000,  0.0000,  0.0000]])
tensor([[-0.9263,  0.0000,  1.0000,  0.0000,  0.0000,  0.0000]])
tensor([[-0.8175,  0.0000,  1.0000,  0.0000,  0.0000,  0.0000]])
tensor([[-0.9199,  0.0000,  0.0000,  0.0000,  0.0000,  0.0000]])
tensor([[-0.8828,  0.0000,  1.0000,  0.0000,  0.0000,  0.0000]])
tensor([[-0.9959,  1.0000,  1.0000,  0.0000,  0.0000,  0.0000]])
tensor([[-0.9368,  0.0000,  1.0000,  0.0000,  0.0000,  0.0000]])
tensor([[-0.9781,  1.0000,  0.0000,  0.0000,  0.0000,  0.0000]])
tensor([[-0.9979,  1.0000,  0.0000,  0.0000,  0.0000,  0.0000]])
tensor([[-0.9783,  0.0000,  1.0000,  0.0000,  0.0000,  0.0000]])
tensor([[-0.9739,  0.0000,  1.0000,  0.0000,  0.0000,  0.0000]])
tensor([[-0.9279,  1.0000,  1.0000,  0.0000,  0.0000,  0.0000]])
tensor([[-0.9599,  0.0000,  1.0000,  0.0000,  0.0000,  0.0000]])
tensor([[-0.6158,  1.0000,  1.0000,  0.0000,  0.0000,  0.0000]])
tensor([[-0.9864,  0.0000,  1.0000,  0.0000,  0.0000,  0.0000]])
tensor([[-0.6329,  0.0000,  1.0000,  0.0000,  0.0000,  0.0000]])
tensor([[-0.4161,  1.0000,  1.0000,  0.0000,  0.0000,  0.0000]])
tensor([[-0.9775,  0.0000,  0.0000,  0.0000,  0.0000,  0.0000]])
tensor([[-0.9057,  1.0000,  1.0000,  0.0000,  0.0000,  0.0000]])
tensor([[-0.8911,  0.0000,  0.0000,  0.0000,  0.0000,  0.0000]])
tensor([[-0.9685,  1.0000,  0.0000,  0.0000,  0.0000,  0.0000]])
tensor([[-0.9632,  1.0000,  1.0000,  0.0000,  0.0000,  0.0000]])
tensor([[-0.9836,  1.0000,  0.0000,  0.0000,  0.0000,  0.0000]])
tensor([[-0.9806,  1.0000,  1.0000,  0.0000,  0.0000,  0.0000]])
tensor([[-0.8456,  1.0000,  0.0000,  0.0000,  0.0000,  0.0000]])
tensor([[-0.8802,  1.0000,  1.0000,  0.0000,  0.0000,  0.0000]])
tensor([[-0.9760,  1.0000,  0.0000,  0.0000,  0.0000,  0.0000]])
tensor([[-0.9977,  0.0000,  1.0000,  0.0000,  0.0000,  0.0000]])
tensor([[-0.9215,  1.0000,  0.0000,  0.0000,  0.0000,  0.0000]])
tensor([[-0.3033,  0.0000,  1.0000,  0.0000,  0.0000,  0.0000]])
tensor([[-0.8508,  0.0000,  0.0000,  0.0000,  0.0000,  0.0000]])
tensor([[-0.0048,  0.0000,  1.0000,  0.0000,  0.0000,  0.0000]])
tensor([[-0.3908,  0.0000,  1.0000,  0.0000,  0.0000,  0.0000]])
tensor([[0.6467, 1.0000, 1.0000, 0.0000, 0.0000, 0.0000]])
tensor([[0.2718, 0.0000, 1.0000, 0.0000, 0.0000, 0.0000]])
tensor([[-0.7584,  1.0000,  0.0000,  0.0000,  0.0000,  0.0000]])
tensor([[-0.0438,  0.0000,  1.0000,  0.0000,  0.0000,  0.0000]])
tensor([[-0.6109,  0.0000,  0.0000,  0.0000,  0.0000,  0.0000]])
tensor([[0.9215, 0.0000, 1.0000, 0.0000, 0.0000, 0.0000]])
tensor([[-0.3187,  0.0000,  0.0000,  0.0000,  0.0000,  0.0000]])
tensor([[0.5234, 0.0000, 0.0000, 0.0000, 0.0000, 0.0000]])
tensor([[-0.6097,  0.0000,  0.0000,  0.0000,  0.0000,  0.0000]])
tensor([[-0.4022,  0.0000,  0.0000,  0.0000,  0.0000,  0.0000]])
tensor([[-0.5793,  1.0000,  1.0000,  0.0000,  0.0000,  0.0000]])
tensor([[0.0959, 1.0000, 1.0000, 0.0000, 0.0000, 0.0000]])
tensor([[-0.4760,  0.0000,  0.0000,  0.0000,  0.0000,  0.0000]])
tensor([[-0.4595,  0.0000,  1.0000,  0.0000,  0.0000,  0.0000]])
tensor([[0.0702, 0.0000, 1.0000, 0.0000, 0.0000, 0.0000]])
tensor([[-0.5107,  0.0000,  1.0000,  0.0000,  0.0000,  0.0000]])
tensor([[-0.9703,  0.0000,  1.0000,  0.0000,  0.0000,  0.0000]])
tensor([[-0.9691,  0.0000,  0.0000,  0.0000,  0.0000,  0.0000]])
tensor([[-0.9959,  0.0000,  1.0000,  0.0000,  0.0000,  0.0000]])
tensor([[-0.9256,  0.0000,  0.0000,  0.0000,  0.0000,  0.0000]])
tensor([[-0.8735,  0.0000,  1.0000,  0.0000,  0.0000,  0.0000]])
tensor([[-0.9047,  1.0000,  1.0000,  0.0000,  0.0000,  0.0000]])
tensor([[-0.9680,  0.0000,  1.0000,  0.0000,  0.0000,  0.0000]])
tensor([[-0.9048,  0.0000,  1.0000,  0.0000,  0.0000,  0.0000]])
tensor([[-0.6343,  0.0000,  1.0000,  0.0000,  0.0000,  0.0000]])
tensor([[0.9724, 1.0000, 0.0000, 0.0000, 0.0000, 0.0000]])
tensor([[0.9328, 1.0000, 0.0000, 0.0000, 0.0000, 0.0000]])
tensor([[0.9935, 0.0000, 0.0000, 0.0000, 0.0000, 0.0000]])
tensor([[0.9955, 1.0000, 0.0000, 0.0000, 0.0000, 0.0000]])
tensor([[0.9893, 1.0000, 0.0000, 0.0000, 0.0000, 0.0000]])
tensor([[0.9989, 1.0000, 0.0000, 0.0000, 0.0000, 0.0000]])
tensor([[0.9927, 1.0000, 0.0000, 0.0000, 0.0000, 0.0000]])
tensor([[0.9885, 1.0000, 0.0000, 0.0000, 0.0000, 0.0000]])
tensor([[0.9993, 0.0000, 0.0000, 0.0000, 0.0000, 0.0000]])
tensor([[1.0000, 1.0000, 0.0000, 0.0000, 0.0000, 0.0000]])
tensor([[0.9994, 1.0000, 0.0000, 0.0000, 1.0000, 0.0000]])
tensor([[0.9996, 0.0000, 0.0000, 0.0000, 0.0000, 0.0000]])
tensor([[1.0000, 1.0000, 0.0000, 0.0000, 0.0000, 0.0000]])
tensor([[0.9641, 1.0000, 0.0000, 0.0000, 0.0000, 0.0000]])
tensor([[0.9999, 1.0000, 0.0000, 0.0000, 0.0000, 0.0000]])
tensor([[0.9984, 1.0000, 0.0000, 0.0000, 0.0000, 0.0000]])
tensor([[0.9990, 1.0000, 0.0000, 0.0000, 0.0000, 0.0000]])
tensor([[0.9982, 1.0000, 0.0000, 0.0000, 0.0000, 0.0000]])
tensor([[0.9385, 0.0000, 0.0000, 0.0000, 0.0000, 0.0000]])
tensor([[0.9774, 1.0000, 0.0000, 0.0000, 0.0000, 0.0000]])
tensor([[0.9457, 1.0000, 0.0000, 0.0000, 1.0000, 0.0000]])
tensor([[0.9842, 1.0000, 0.0000, 0.0000, 0.0000, 0.0000]])
tensor([[0.8976, 1.0000, 0.0000, 0.0000, 0.0000, 0.0000]])
tensor([[0.9883, 1.0000, 0.0000, 0.0000, 0.0000, 0.0000]])
tensor([[0.8691, 1.0000, 0.0000, 0.0000, 0.0000, 0.0000]])
tensor([[0.9873, 0.0000, 0.0000, 0.0000, 0.0000, 0.0000]])
tensor([[0.9943, 0.0000, 0.0000, 0.0000, 1.0000, 0.0000]])
tensor([[0.9750, 1.0000, 0.0000, 0.0000, 0.0000, 0.0000]])
tensor([[0.9954, 1.0000, 0.0000, 0.0000, 0.0000, 0.0000]])
tensor([[0.9941, 1.0000, 0.0000, 0.0000, 0.0000, 0.0000]])
tensor([[0.9961, 1.0000, 1.0000, 0.0000, 0.0000, 0.0000]])
tensor([[0.9985, 1.0000, 0.0000, 0.0000, 0.0000, 0.0000]])
tensor([[0.9912, 1.0000, 0.0000, 0.0000, 1.0000, 0.0000]])
tensor([[0.7910, 1.0000, 1.0000, 0.0000, 0.0000, 0.0000]])
tensor([[0.1925, 1.0000, 1.0000, 0.0000, 0.0000, 0.0000]])
tensor([[0.3877, 1.0000, 0.0000, 0.0000, 0.0000, 0.0000]])
tensor([[0.1812, 1.0000, 0.0000, 0.0000, 0.0000, 0.0000]])
tensor([[0.7098, 1.0000, 0.0000, 0.0000, 0.0000, 0.0000]])
tensor([[0.7673, 1.0000, 0.0000, 0.0000, 0.0000, 0.0000]])
tensor([[0.5135, 1.0000, 0.0000, 0.0000, 0.0000, 0.0000]])
tensor([[0.7460, 1.0000, 0.0000, 0.0000, 0.0000, 0.0000]])
tensor([[0.6227, 1.0000, 0.0000, 0.0000, 0.0000, 0.0000]])
tensor([[0.7435, 1.0000, 0.0000, 0.0000, 0.0000, 0.0000]])
tensor([[0.3876, 1.0000, 0.0000, 0.0000, 0.0000, 0.0000]])
tensor([[0.6803, 1.0000, 0.0000, 0.0000, 0.0000, 0.0000]])
tensor([[-0.7714,  1.0000,  0.0000,  0.0000,  0.0000,  0.0000]])
tensor([[-0.8457,  1.0000,  1.0000,  0.0000,  0.0000,  0.0000]])
tensor([[-0.6725,  1.0000,  1.0000,  0.0000,  0.0000,  0.0000]])
tensor([[-0.3138,  0.0000,  0.0000,  1.0000,  0.0000,  0.0000]])
tensor([[-0.4691,  1.0000,  0.0000,  0.0000,  0.0000,  0.0000]])
tensor([[-0.4400,  0.0000,  0.0000,  0.0000,  0.0000,  0.0000]])
tensor([[-0.5558,  1.0000,  0.0000,  0.0000,  0.0000,  0.0000]])
tensor([[-0.4490,  1.0000,  0.0000,  0.0000,  0.0000,  0.0000]])
tensor([[0.0189, 1.0000, 0.0000, 0.0000, 0.0000, 0.0000]])
tensor([[0.4365, 1.0000, 0.0000, 0.0000, 0.0000, 0.0000]])
tensor([[0.7418, 1.0000, 0.0000, 0.0000, 0.0000, 0.0000]])
tensor([[0.5511, 1.0000, 0.0000, 0.0000, 0.0000, 0.0000]])
tensor([[0.3557, 1.0000, 0.0000, 0.0000, 0.0000, 0.0000]])
tensor([[0.0083, 0.0000, 0.0000, 0.0000, 0.0000, 0.0000]])
tensor([[0.7194, 1.0000, 0.0000, 0.0000, 0.0000, 0.0000]])
tensor([[0.7916, 1.0000, 0.0000, 0.0000, 0.0000, 0.0000]])
tensor([[0.5448, 1.0000, 0.0000, 0.0000, 0.0000, 0.0000]])
tensor([[0.2771, 1.0000, 0.0000, 1.0000, 0.0000, 0.0000]])
tensor([[0.1408, 1.0000, 0.0000, 0.0000, 0.0000, 0.0000]])
tensor([[-0.6198,  1.0000,  0.0000,  0.0000,  0.0000,  0.0000]])
tensor([[-0.5020,  1.0000,  0.0000,  0.0000,  0.0000,  0.0000]])
tensor([[0.5819, 0.0000, 1.0000, 0.0000, 0.0000, 0.0000]])
tensor([[-0.9882,  1.0000,  1.0000,  0.0000,  0.0000,  0.0000]])
tensor([[-0.7707,  1.0000,  0.0000,  0.0000,  0.0000,  0.0000]])
tensor([[-0.6028,  1.0000,  0.0000,  0.0000,  0.0000,  0.0000]])
tensor([[-0.7407,  1.0000,  0.0000,  0.0000,  0.0000,  0.0000]])
tensor([[-0.5780,  1.0000,  1.0000,  0.0000,  0.0000,  0.0000]])
tensor([[-0.4002,  1.0000,  1.0000,  0.0000,  0.0000,  0.0000]])
tensor([[0.8899, 0.0000, 0.0000, 0.0000, 0.0000, 0.0000]])
tensor([[-0.1233,  1.0000,  0.0000,  1.0000,  0.0000,  0.0000]])
tensor([[-0.1932,  1.0000,  0.0000,  0.0000,  0.0000,  0.0000]])
tensor([[0.9784, 1.0000, 0.0000, 0.0000, 0.0000, 0.0000]])
tensor([[0.9958, 0.0000, 0.0000, 0.0000, 0.0000, 0.0000]])
tensor([[0.9040, 1.0000, 0.0000, 0.0000, 0.0000, 0.0000]])
tensor([[0.6890, 1.0000, 0.0000, 0.0000, 0.0000, 0.0000]])
tensor([[0.7499, 1.0000, 0.0000, 0.0000, 0.0000, 0.0000]])
tensor([[0.8618, 1.0000, 0.0000, 0.0000, 0.0000, 0.0000]])
tensor([[-0.9264,  1.0000,  0.0000,  0.0000,  0.0000,  0.0000]])
tensor([[-0.9873,  1.0000,  0.0000,  0.0000,  0.0000,  0.0000]])
tensor([[-0.7934,  1.0000,  0.0000,  0.0000,  0.0000,  0.0000]])
tensor([[0.6957, 1.0000, 0.0000, 0.0000, 0.0000, 0.0000]])
tensor([[0.0151, 0.0000, 0.0000, 0.0000, 0.0000, 0.0000]])
tensor([[-0.8977,  1.0000,  0.0000,  0.0000,  0.0000,  0.0000]])
tensor([[-0.4659,  1.0000,  0.0000,  0.0000,  0.0000,  0.0000]])
tensor([[0.3308, 0.0000, 0.0000, 0.0000, 0.0000, 0.0000]])
tensor([[0.0023, 1.0000, 0.0000, 0.0000, 0.0000, 0.0000]])
tensor([[0.4926, 0.0000, 0.0000, 1.0000, 0.0000, 0.0000]])
tensor([[0.2338, 1.0000, 0.0000, 0.0000, 0.0000, 0.0000]])
tensor([[-0.9579,  1.0000,  0.0000,  0.0000,  0.0000,  0.0000]])
tensor([[-0.9648,  1.0000,  0.0000,  0.0000,  0.0000,  0.0000]])
tensor([[-0.9044,  1.0000,  0.0000,  0.0000,  1.0000,  0.0000]])
tensor([[-0.9910,  1.0000,  1.0000,  0.0000,  0.0000,  0.0000]])
tensor([[0.4285, 1.0000, 0.0000, 0.0000, 0.0000, 0.0000]])
tensor([[0.9925, 1.0000, 0.0000, 0.0000, 0.0000, 0.0000]])
tensor([[0.7249, 1.0000, 0.0000, 0.0000, 0.0000, 0.0000]])
tensor([[-0.2192,  1.0000,  0.0000,  0.0000,  0.0000,  0.0000]])
tensor([[-0.5622,  1.0000,  0.0000,  0.0000,  0.0000,  0.0000]])
tensor([[-0.2227,  0.0000,  0.0000,  0.0000,  0.0000,  0.0000]])
tensor([[0.9393, 0.0000, 0.0000, 0.0000, 0.0000, 0.0000]])
tensor([[0.9304, 0.0000, 0.0000, 0.0000, 0.0000, 0.0000]])
tensor([[0.1301, 1.0000, 0.0000, 0.0000, 0.0000, 0.0000]])
tensor([[-0.8837,  1.0000,  0.0000,  0.0000,  0.0000,  0.0000]])
tensor([[0.3855, 1.0000, 0.0000, 0.0000, 0.0000, 0.0000]])
tensor([[0.8233, 1.0000, 0.0000, 0.0000, 0.0000, 0.0000]])
tensor([[0.4458, 1.0000, 0.0000, 0.0000, 0.0000, 0.0000]])
tensor([[-0.8679,  1.0000,  1.0000,  0.0000,  0.0000,  0.0000]])
tensor([[-0.3439,  1.0000,  0.0000,  0.0000,  0.0000,  0.0000]])
tensor([[-0.9793,  1.0000,  1.0000,  0.0000,  0.0000,  0.0000]])
tensor([[-0.2210,  1.0000,  0.0000,  0.0000,  0.0000,  0.0000]])
tensor([[-0.6803,  1.0000,  0.0000,  0.0000,  0.0000,  0.0000]])
tensor([[-0.1422,  1.0000,  0.0000,  0.0000,  0.0000,  0.0000]])
tensor([[0.6184, 1.0000, 0.0000, 0.0000, 0.0000, 0.0000]])
tensor([[0.5606, 1.0000, 0.0000, 0.0000, 0.0000, 0.0000]])
tensor([[0.9046, 0.0000, 0.0000, 0.0000, 0.0000, 0.0000]])
tensor([[0.9859, 1.0000, 0.0000, 0.0000, 0.0000, 0.0000]])
tensor([[0.9948, 1.0000, 0.0000, 0.0000, 0.0000, 0.0000]])
tensor([[-0.0060,  1.0000,  0.0000,  0.0000,  0.0000,  0.0000]])
tensor([[0.9021, 1.0000, 0.0000, 0.0000, 0.0000, 0.0000]])
tensor([[-0.8799,  1.0000,  0.0000,  0.0000,  0.0000,  0.0000]])
tensor([[-0.6188,  1.0000,  0.0000,  0.0000,  0.0000,  0.0000]])
tensor([[0.9773, 1.0000, 0.0000, 0.0000, 0.0000, 0.0000]])
tensor([[0.9992, 1.0000, 0.0000, 0.0000, 0.0000, 0.0000]])
tensor([[-0.5777,  1.0000,  0.0000,  0.0000,  0.0000,  0.0000]])
tensor([[0.9988, 1.0000, 0.0000, 0.0000, 0.0000, 0.0000]])
tensor([[0.4208, 1.0000, 0.0000, 0.0000, 0.0000, 0.0000]])
tensor([[0.3030, 1.0000, 0.0000, 0.0000, 0.0000, 0.0000]])
tensor([[0.9135, 1.0000, 1.0000, 0.0000, 0.0000, 0.0000]])
tensor([[0.9054, 1.0000, 0.0000, 0.0000, 0.0000, 0.0000]])
tensor([[0.9794, 1.0000, 0.0000, 0.0000, 0.0000, 0.0000]])
tensor([[-0.9666,  0.0000,  0.0000,  0.0000,  0.0000,  0.0000]])
tensor([[0.9253, 1.0000, 0.0000, 0.0000, 0.0000, 0.0000]])
tensor([[0.6037, 1.0000, 0.0000, 0.0000, 0.0000, 0.0000]])
tensor([[-0.6229,  1.0000,  0.0000,  0.0000,  0.0000,  0.0000]])
tensor([[0.4274, 1.0000, 0.0000, 0.0000, 0.0000, 0.0000]])
tensor([[0.5531, 1.0000, 0.0000, 0.0000, 0.0000, 0.0000]])
tensor([[0.9419, 0.0000, 0.0000, 0.0000, 0.0000, 0.0000]])
tensor([[-0.7796,  1.0000,  0.0000,  0.0000,  0.0000,  0.0000]])
tensor([[0.9785, 1.0000, 0.0000, 0.0000, 0.0000, 0.0000]])
tensor([[0.9995, 1.0000, 0.0000, 0.0000, 0.0000, 0.0000]])
tensor([[0.9551, 1.0000, 0.0000, 0.0000, 0.0000, 0.0000]])
tensor([[0.4508, 1.0000, 0.0000, 0.0000, 0.0000, 0.0000]])
tensor([[0.0579, 1.0000, 0.0000, 0.0000, 0.0000, 0.0000]])
tensor([[0.9912, 1.0000, 0.0000, 0.0000, 0.0000, 0.0000]])
tensor([[0.2971, 1.0000, 0.0000, 0.0000, 1.0000, 0.0000]])
tensor([[-0.5421,  1.0000,  0.0000,  0.0000,  0.0000,  0.0000]])
tensor([[0.9360, 1.0000, 0.0000, 0.0000, 0.0000, 0.0000]])
tensor([[0.9851, 1.0000, 0.0000, 0.0000, 0.0000, 0.0000]])
tensor([[0.9933, 1.0000, 0.0000, 0.0000, 0.0000, 0.0000]])
tensor([[0.9819, 1.0000, 0.0000, 0.0000, 0.0000, 0.0000]])
tensor([[0.9868, 1.0000, 0.0000, 0.0000, 0.0000, 0.0000]])
tensor([[0.9818, 1.0000, 0.0000, 0.0000, 0.0000, 0.0000]])
INFO:root:Agent 0 (TQCars): avg action time = 0.0014s
tensor([[0.9966, 1.0000, 0.0000, 0.0000, 0.0000, 0.0000]])
tensor([[0.9958, 1.0000, 0.0000, 0.0000, 0.0000, 0.0000]])
tensor([[0.9816, 1.0000, 0.0000, 0.0000, 0.0000, 0.0000]])
tensor([[0.9947, 1.0000, 0.0000, 0.0000, 0.0000, 0.0000]])
tensor([[0.9992, 1.0000, 0.0000, 0.0000, 0.0000, 0.0000]])
tensor([[0.9962, 1.0000, 0.0000, 0.0000, 0.0000, 0.0000]])
tensor([[-0.5089,  1.0000,  0.0000,  0.0000,  0.0000,  0.0000]])
tensor([[-0.9883,  0.0000,  0.0000,  0.0000,  0.0000,  0.0000]])
tensor([[-0.9755,  0.0000,  1.0000,  0.0000,  0.0000,  0.0000]])
tensor([[-0.0123,  1.0000,  0.0000,  0.0000,  0.0000,  0.0000]])
tensor([[-0.9307,  1.0000,  0.0000,  0.0000,  0.0000,  0.0000]])
tensor([[0.7825, 1.0000, 0.0000, 0.0000, 0.0000, 0.0000]])
tensor([[-0.8762,  0.0000,  0.0000,  0.0000,  0.0000,  0.0000]])
tensor([[-0.9432,  0.0000,  1.0000,  0.0000,  0.0000,  0.0000]])
tensor([[-0.9104,  1.0000,  1.0000,  0.0000,  0.0000,  0.0000]])
tensor([[0.0184, 1.0000, 0.0000, 0.0000, 0.0000, 0.0000]])
tensor([[0.0963, 0.0000, 0.0000, 0.0000, 0.0000, 0.0000]])
tensor([[0.9816, 1.0000, 0.0000, 0.0000, 0.0000, 0.0000]])
tensor([[0.9145, 1.0000, 0.0000, 0.0000, 0.0000, 0.0000]])
tensor([[-0.4016,  0.0000,  0.0000,  0.0000,  0.0000,  0.0000]])
tensor([[0.8656, 1.0000, 0.0000, 0.0000, 0.0000, 0.0000]])
tensor([[-0.3108,  1.0000,  0.0000,  0.0000,  0.0000,  0.0000]])
tensor([[-0.8170,  1.0000,  0.0000,  0.0000,  0.0000,  0.0000]])
tensor([[-0.1835,  1.0000,  0.0000,  0.0000,  0.0000,  0.0000]])
tensor([[0.4607, 0.0000, 0.0000, 0.0000, 0.0000, 0.0000]])
tensor([[-0.1234,  1.0000,  0.0000,  0.0000,  0.0000,  0.0000]])
tensor([[-0.3351,  1.0000,  0.0000,  0.0000,  0.0000,  0.0000]])
tensor([[0.9956, 0.0000, 0.0000, 0.0000, 0.0000, 0.0000]])
tensor([[0.6426, 1.0000, 0.0000, 0.0000, 0.0000, 0.0000]])
tensor([[-0.9321,  1.0000,  1.0000,  0.0000,  0.0000,  0.0000]])
tensor([[-0.9004,  1.0000,  0.0000,  0.0000,  0.0000,  0.0000]])
tensor([[0.5553, 0.0000, 0.0000, 0.0000, 0.0000, 0.0000]])
tensor([[0.9284, 1.0000, 0.0000, 0.0000, 0.0000, 0.0000]])
tensor([[-0.8037,  1.0000,  0.0000,  0.0000,  0.0000,  0.0000]])
tensor([[-0.4031,  1.0000,  0.0000,  0.0000,  0.0000,  0.0000]])
tensor([[0.6854, 1.0000, 0.0000, 0.0000, 0.0000, 0.0000]])
{"type": "results", "track": "snowmountain", "results": [{"key": 0, "reward": 10.08944091796875, "position": 4, "name": "TQCars", "avg_action_time": 0.001422747973922322}]}
