INFO:root:Loading the agents
INFO:root:Loaded player TQCars
INFO:root:Creating pystk-1
INFO:root:Adding wrapper <function get_wrappers.<locals>.<lambda> at 0x7039ff8ef420>
INFO:root:Adding wrapper <function get_wrappers.<locals>.<lambda> at 0x7039ff8ef4c0>
INFO:root:Adding wrapper <function get_wrappers.<locals>.<lambda> at 0x7039ff8ef560>
INFO:root:Adding wrapper <function get_wrappers.<locals>.<lambda> at 0x7039ff8ef600>
INFO:root:(multi-env mono adapter) Setting main environment max_paths to 5
INFO:root:Loading trained model from CHECKPOINT-GPUFAC/tqc_EXP16BASEREWARD_1400000.pt...
INFO:root:Starting a race
tensor([[-0.1278,  1.0000,  0.0000,  0.0000,  0.0000,  0.0000]])
tensor([[-0.5355,  1.0000,  0.0000,  0.0000,  0.0000,  0.0000]])
tensor([[-0.4582,  1.0000,  0.0000,  0.0000,  0.0000,  0.0000]])
tensor([[-0.0844,  1.0000,  0.0000,  0.0000,  0.0000,  0.0000]])
tensor([[-0.6338,  1.0000,  1.0000,  0.0000,  0.0000,  0.0000]])
tensor([[0.4349, 1.0000, 0.0000, 0.0000, 0.0000, 0.0000]])
tensor([[-0.8432,  1.0000,  0.0000,  0.0000,  0.0000,  0.0000]])
tensor([[-0.8107,  1.0000,  0.0000,  0.0000,  0.0000,  0.0000]])
tensor([[-0.6974,  1.0000,  0.0000,  0.0000,  0.0000,  0.0000]])
tensor([[-0.3449,  1.0000,  0.0000,  0.0000,  0.0000,  0.0000]])
tensor([[-0.4329,  1.0000,  0.0000,  0.0000,  0.0000,  0.0000]])
tensor([[-0.9078,  1.0000,  0.0000,  1.0000,  0.0000,  0.0000]])
tensor([[-0.6935,  1.0000,  0.0000,  0.0000,  0.0000,  0.0000]])
tensor([[-0.3344,  1.0000,  0.0000,  0.0000,  0.0000,  0.0000]])
tensor([[0.3353, 1.0000, 0.0000, 0.0000, 0.0000, 0.0000]])
tensor([[-0.0984,  1.0000,  0.0000,  0.0000,  0.0000,  0.0000]])
tensor([[0.1819, 1.0000, 0.0000, 0.0000, 0.0000, 0.0000]])
tensor([[-0.0323,  1.0000,  0.0000,  0.0000,  0.0000,  0.0000]])
tensor([[-0.8762,  1.0000,  0.0000,  0.0000,  0.0000,  0.0000]])
tensor([[-0.6610,  0.0000,  0.0000,  0.0000,  0.0000,  0.0000]])
tensor([[0.4019, 0.0000, 0.0000, 0.0000, 0.0000, 0.0000]])
tensor([[0.3416, 1.0000, 0.0000, 0.0000, 0.0000, 0.0000]])
tensor([[-0.8262,  1.0000,  0.0000,  0.0000,  0.0000,  0.0000]])
tensor([[-0.1551,  1.0000,  0.0000,  0.0000,  0.0000,  0.0000]])
tensor([[-0.2217,  1.0000,  0.0000,  0.0000,  0.0000,  0.0000]])
tensor([[-0.5728,  1.0000,  0.0000,  0.0000,  0.0000,  0.0000]])
tensor([[0.3459, 1.0000, 0.0000, 0.0000, 0.0000, 0.0000]])
tensor([[-0.6990,  1.0000,  0.0000,  0.0000,  0.0000,  0.0000]])
tensor([[0.4912, 1.0000, 0.0000, 0.0000, 0.0000, 0.0000]])
tensor([[0.8051, 1.0000, 0.0000, 0.0000, 0.0000, 0.0000]])
tensor([[0.0894, 1.0000, 0.0000, 0.0000, 0.0000, 0.0000]])
tensor([[0.2078, 1.0000, 0.0000, 0.0000, 0.0000, 0.0000]])
tensor([[0.1550, 1.0000, 0.0000, 0.0000, 0.0000, 0.0000]])
tensor([[0.5944, 1.0000, 0.0000, 0.0000, 0.0000, 0.0000]])
tensor([[-0.8973,  1.0000,  0.0000,  0.0000,  0.0000,  0.0000]])
tensor([[-0.9045,  0.0000,  0.0000,  0.0000,  0.0000,  0.0000]])
tensor([[-0.9327,  0.0000,  0.0000,  0.0000,  0.0000,  0.0000]])
tensor([[0.4826, 1.0000, 0.0000, 0.0000, 0.0000, 0.0000]])
tensor([[-0.7894,  1.0000,  0.0000,  0.0000,  0.0000,  0.0000]])
tensor([[0.0525, 1.0000, 0.0000, 0.0000, 0.0000, 0.0000]])
tensor([[0.0808, 1.0000, 0.0000, 0.0000, 0.0000, 0.0000]])
tensor([[-0.8363,  1.0000,  0.0000,  0.0000,  0.0000,  0.0000]])
tensor([[-0.9369,  1.0000,  0.0000,  0.0000,  0.0000,  0.0000]])
tensor([[-0.8958,  1.0000,  0.0000,  0.0000,  0.0000,  0.0000]])
tensor([[-0.3930,  1.0000,  0.0000,  0.0000,  0.0000,  0.0000]])
tensor([[-0.8720,  1.0000,  0.0000,  0.0000,  0.0000,  0.0000]])
tensor([[-0.9821,  1.0000,  0.0000,  0.0000,  0.0000,  0.0000]])
tensor([[-0.7763,  1.0000,  0.0000,  0.0000,  0.0000,  0.0000]])
tensor([[0.1774, 1.0000, 0.0000, 0.0000, 0.0000, 0.0000]])
tensor([[-0.9191,  0.0000,  0.0000,  0.0000,  0.0000,  0.0000]])
tensor([[-0.9916,  1.0000,  0.0000,  0.0000,  0.0000,  0.0000]])
tensor([[-0.8962,  1.0000,  0.0000,  0.0000,  0.0000,  0.0000]])
tensor([[-0.5132,  1.0000,  1.0000,  0.0000,  0.0000,  0.0000]])
tensor([[-0.2742,  1.0000,  0.0000,  0.0000,  0.0000,  0.0000]])
tensor([[-0.9296,  1.0000,  0.0000,  0.0000,  0.0000,  0.0000]])
tensor([[-0.9644,  1.0000,  0.0000,  0.0000,  0.0000,  0.0000]])
tensor([[-0.4326,  1.0000,  0.0000,  0.0000,  0.0000,  0.0000]])
tensor([[-0.9284,  1.0000,  0.0000,  0.0000,  0.0000,  0.0000]])
tensor([[-0.6832,  1.0000,  0.0000,  0.0000,  0.0000,  0.0000]])
tensor([[0.4512, 1.0000, 0.0000, 0.0000, 0.0000, 0.0000]])
tensor([[-0.0602,  1.0000,  0.0000,  0.0000,  0.0000,  0.0000]])
tensor([[0.0341, 1.0000, 0.0000, 0.0000, 0.0000, 0.0000]])
tensor([[-0.4231,  1.0000,  0.0000,  0.0000,  0.0000,  0.0000]])
tensor([[0.1276, 1.0000, 0.0000, 0.0000, 0.0000, 0.0000]])
tensor([[0.0861, 1.0000, 0.0000, 0.0000, 0.0000, 0.0000]])
tensor([[-0.3777,  1.0000,  0.0000,  0.0000,  0.0000,  0.0000]])
tensor([[0.8261, 1.0000, 0.0000, 0.0000, 0.0000, 0.0000]])
tensor([[0.4278, 1.0000, 0.0000, 0.0000, 0.0000, 0.0000]])
tensor([[0.6410, 1.0000, 0.0000, 0.0000, 0.0000, 0.0000]])
tensor([[-0.0134,  1.0000,  0.0000,  1.0000,  0.0000,  0.0000]])
tensor([[0.6836, 1.0000, 0.0000, 0.0000, 0.0000, 0.0000]])
tensor([[0.9421, 1.0000, 0.0000, 0.0000, 0.0000, 0.0000]])
tensor([[0.8158, 1.0000, 0.0000, 0.0000, 0.0000, 0.0000]])
tensor([[0.9946, 1.0000, 0.0000, 0.0000, 0.0000, 0.0000]])
tensor([[0.9348, 1.0000, 0.0000, 0.0000, 0.0000, 0.0000]])
tensor([[0.8448, 1.0000, 0.0000, 0.0000, 0.0000, 0.0000]])
tensor([[0.7813, 1.0000, 0.0000, 0.0000, 0.0000, 0.0000]])
tensor([[0.7456, 1.0000, 0.0000, 0.0000, 0.0000, 0.0000]])
tensor([[0.7728, 1.0000, 0.0000, 0.0000, 0.0000, 0.0000]])
tensor([[0.0707, 1.0000, 0.0000, 0.0000, 0.0000, 0.0000]])
tensor([[0.6768, 1.0000, 0.0000, 0.0000, 0.0000, 0.0000]])
tensor([[0.8252, 1.0000, 0.0000, 0.0000, 0.0000, 0.0000]])
tensor([[-0.0985,  1.0000,  0.0000,  0.0000,  0.0000,  0.0000]])
tensor([[0.8443, 1.0000, 0.0000, 0.0000, 0.0000, 0.0000]])
tensor([[0.3791, 1.0000, 0.0000, 0.0000, 0.0000, 0.0000]])
tensor([[-0.2020,  1.0000,  0.0000,  0.0000,  0.0000,  0.0000]])
tensor([[0.2898, 1.0000, 0.0000, 0.0000, 0.0000, 0.0000]])
tensor([[-0.4574,  1.0000,  0.0000,  0.0000,  0.0000,  0.0000]])
tensor([[-0.8681,  0.0000,  0.0000,  0.0000,  0.0000,  0.0000]])
tensor([[0.7039, 1.0000, 0.0000, 0.0000, 1.0000, 0.0000]])
tensor([[0.7710, 1.0000, 0.0000, 0.0000, 0.0000, 0.0000]])
tensor([[0.5206, 1.0000, 0.0000, 0.0000, 0.0000, 0.0000]])
tensor([[0.3791, 1.0000, 0.0000, 0.0000, 0.0000, 0.0000]])
tensor([[0.1330, 1.0000, 0.0000, 0.0000, 0.0000, 0.0000]])
tensor([[-0.8146,  1.0000,  0.0000,  0.0000,  0.0000,  0.0000]])
tensor([[-0.0892,  1.0000,  0.0000,  0.0000,  0.0000,  0.0000]])
tensor([[-0.1259,  1.0000,  0.0000,  0.0000,  0.0000,  0.0000]])
tensor([[-0.8044,  1.0000,  0.0000,  0.0000,  0.0000,  0.0000]])
tensor([[-0.9540,  1.0000,  0.0000,  0.0000,  0.0000,  0.0000]])
tensor([[-0.9580,  1.0000,  0.0000,  0.0000,  0.0000,  0.0000]])
tensor([[-0.5281,  1.0000,  0.0000,  0.0000,  0.0000,  0.0000]])
tensor([[-0.9463,  1.0000,  0.0000,  0.0000,  0.0000,  0.0000]])
tensor([[-0.9235,  1.0000,  0.0000,  0.0000,  0.0000,  0.0000]])
tensor([[-0.9641,  1.0000,  0.0000,  0.0000,  0.0000,  0.0000]])
tensor([[-0.9715,  1.0000,  0.0000,  0.0000,  0.0000,  0.0000]])
tensor([[-0.8172,  1.0000,  0.0000,  0.0000,  0.0000,  0.0000]])
tensor([[-0.9532,  1.0000,  0.0000,  0.0000,  0.0000,  0.0000]])
tensor([[-0.4586,  1.0000,  0.0000,  0.0000,  0.0000,  0.0000]])
tensor([[-0.7449,  1.0000,  0.0000,  0.0000,  0.0000,  0.0000]])
tensor([[-0.7705,  1.0000,  0.0000,  0.0000,  0.0000,  0.0000]])
tensor([[-0.4541,  1.0000,  1.0000,  0.0000,  0.0000,  0.0000]])
tensor([[-0.7691,  1.0000,  0.0000,  0.0000,  0.0000,  0.0000]])
tensor([[-0.5917,  1.0000,  0.0000,  0.0000,  0.0000,  0.0000]])
tensor([[-0.6509,  1.0000,  0.0000,  0.0000,  0.0000,  0.0000]])
tensor([[-0.7852,  1.0000,  0.0000,  0.0000,  0.0000,  0.0000]])
tensor([[0.4452, 1.0000, 0.0000, 0.0000, 0.0000, 0.0000]])
tensor([[0.9100, 1.0000, 0.0000, 0.0000, 0.0000, 0.0000]])
tensor([[-0.0582,  1.0000,  0.0000,  0.0000,  0.0000,  0.0000]])
tensor([[-0.0669,  1.0000,  0.0000,  0.0000,  0.0000,  0.0000]])
tensor([[-0.0056,  1.0000,  0.0000,  0.0000,  0.0000,  0.0000]])
tensor([[0.4830, 1.0000, 0.0000, 0.0000, 0.0000, 0.0000]])
tensor([[0.8763, 1.0000, 1.0000, 0.0000, 0.0000, 0.0000]])
tensor([[0.9000, 1.0000, 0.0000, 0.0000, 0.0000, 0.0000]])
tensor([[0.9759, 1.0000, 0.0000, 0.0000, 0.0000, 0.0000]])
tensor([[0.9926, 1.0000, 0.0000, 0.0000, 0.0000, 0.0000]])
tensor([[0.9899, 1.0000, 0.0000, 0.0000, 0.0000, 0.0000]])
tensor([[0.6935, 1.0000, 0.0000, 0.0000, 0.0000, 0.0000]])
tensor([[0.9390, 1.0000, 0.0000, 0.0000, 0.0000, 0.0000]])
tensor([[0.6004, 1.0000, 0.0000, 0.0000, 0.0000, 0.0000]])
tensor([[0.9745, 1.0000, 0.0000, 0.0000, 0.0000, 0.0000]])
tensor([[0.9791, 1.0000, 0.0000, 0.0000, 0.0000, 0.0000]])
tensor([[0.0937, 1.0000, 0.0000, 0.0000, 0.0000, 0.0000]])
tensor([[0.9332, 1.0000, 0.0000, 0.0000, 0.0000, 0.0000]])
tensor([[-0.5270,  1.0000,  0.0000,  0.0000,  0.0000,  0.0000]])
tensor([[-0.7339,  1.0000,  0.0000,  0.0000,  0.0000,  0.0000]])
tensor([[-0.4052,  1.0000,  0.0000,  0.0000,  0.0000,  0.0000]])
tensor([[-0.9257,  1.0000,  0.0000,  0.0000,  0.0000,  0.0000]])
tensor([[-0.9512,  1.0000,  0.0000,  0.0000,  0.0000,  0.0000]])
tensor([[-0.9819,  1.0000,  0.0000,  0.0000,  0.0000,  0.0000]])
tensor([[-0.8942,  1.0000,  0.0000,  0.0000,  0.0000,  0.0000]])
tensor([[-0.4469,  1.0000,  0.0000,  0.0000,  0.0000,  0.0000]])
tensor([[-0.1146,  1.0000,  0.0000,  1.0000,  0.0000,  0.0000]])
tensor([[-0.9325,  1.0000,  0.0000,  0.0000,  0.0000,  0.0000]])
tensor([[-0.9908,  0.0000,  0.0000,  0.0000,  0.0000,  0.0000]])
tensor([[-0.9789,  1.0000,  0.0000,  0.0000,  0.0000,  0.0000]])
tensor([[-0.9244,  1.0000,  0.0000,  0.0000,  0.0000,  0.0000]])
tensor([[-0.9848,  1.0000,  0.0000,  0.0000,  0.0000,  0.0000]])
tensor([[-0.9301,  1.0000,  0.0000,  0.0000,  0.0000,  0.0000]])
tensor([[-0.9639,  1.0000,  0.0000,  0.0000,  0.0000,  0.0000]])
tensor([[-0.9584,  1.0000,  0.0000,  0.0000,  0.0000,  0.0000]])
tensor([[-0.9932,  1.0000,  0.0000,  0.0000,  0.0000,  0.0000]])
tensor([[-0.9939,  1.0000,  0.0000,  0.0000,  0.0000,  0.0000]])
tensor([[-0.9873,  1.0000,  0.0000,  0.0000,  0.0000,  0.0000]])
tensor([[-0.5552,  1.0000,  0.0000,  0.0000,  0.0000,  0.0000]])
tensor([[-0.4225,  1.0000,  1.0000,  0.0000,  0.0000,  0.0000]])
tensor([[0.0520, 1.0000, 0.0000, 0.0000, 0.0000, 0.0000]])
tensor([[0.8737, 1.0000, 1.0000, 0.0000, 0.0000, 0.0000]])
tensor([[0.6911, 1.0000, 0.0000, 0.0000, 0.0000, 0.0000]])
tensor([[-0.9089,  1.0000,  1.0000,  0.0000,  0.0000,  0.0000]])
tensor([[0.0742, 1.0000, 0.0000, 0.0000, 0.0000, 0.0000]])
tensor([[-0.2088,  1.0000,  0.0000,  0.0000,  0.0000,  0.0000]])
tensor([[0.4558, 0.0000, 0.0000, 0.0000, 0.0000, 0.0000]])
tensor([[-0.0054,  1.0000,  1.0000,  0.0000,  0.0000,  0.0000]])
tensor([[-0.9070,  1.0000,  0.0000,  0.0000,  0.0000,  0.0000]])
tensor([[-0.2847,  1.0000,  0.0000,  0.0000,  0.0000,  0.0000]])
tensor([[-0.5492,  1.0000,  1.0000,  0.0000,  0.0000,  0.0000]])
tensor([[-0.9902,  1.0000,  0.0000,  0.0000,  0.0000,  0.0000]])
tensor([[-0.6996,  1.0000,  0.0000,  0.0000,  0.0000,  0.0000]])
tensor([[0.7936, 1.0000, 0.0000, 0.0000, 0.0000, 0.0000]])
tensor([[-0.8320,  1.0000,  0.0000,  0.0000,  0.0000,  0.0000]])
tensor([[-0.9726,  1.0000,  0.0000,  0.0000,  0.0000,  0.0000]])
tensor([[-0.7036,  1.0000,  0.0000,  0.0000,  0.0000,  0.0000]])
tensor([[-0.6976,  1.0000,  0.0000,  0.0000,  0.0000,  0.0000]])
tensor([[-0.8814,  1.0000,  0.0000,  0.0000,  0.0000,  0.0000]])
tensor([[-0.7598,  1.0000,  0.0000,  0.0000,  0.0000,  0.0000]])
tensor([[-0.7910,  1.0000,  0.0000,  0.0000,  0.0000,  0.0000]])
tensor([[-0.7540,  1.0000,  0.0000,  0.0000,  0.0000,  0.0000]])
tensor([[0.3734, 1.0000, 0.0000, 0.0000, 0.0000, 0.0000]])
tensor([[-0.2423,  1.0000,  0.0000,  0.0000,  0.0000,  0.0000]])
tensor([[0.5105, 1.0000, 0.0000, 0.0000, 0.0000, 0.0000]])
tensor([[0.5511, 1.0000, 0.0000, 0.0000, 0.0000, 0.0000]])
tensor([[-0.6749,  1.0000,  0.0000,  0.0000,  0.0000,  0.0000]])
tensor([[0.4184, 1.0000, 0.0000, 0.0000, 0.0000, 0.0000]])
tensor([[-0.4133,  1.0000,  0.0000,  0.0000,  0.0000,  0.0000]])
tensor([[0.1335, 1.0000, 0.0000, 0.0000, 0.0000, 0.0000]])
tensor([[0.2953, 1.0000, 0.0000, 0.0000, 0.0000, 0.0000]])
tensor([[-0.7952,  1.0000,  0.0000,  0.0000,  0.0000,  0.0000]])
tensor([[0.0684, 1.0000, 0.0000, 0.0000, 0.0000, 0.0000]])
tensor([[-0.3094,  1.0000,  0.0000,  0.0000,  0.0000,  0.0000]])
tensor([[0.0842, 1.0000, 0.0000, 0.0000, 0.0000, 0.0000]])
tensor([[-0.4729,  1.0000,  0.0000,  0.0000,  0.0000,  0.0000]])
tensor([[0.0716, 1.0000, 0.0000, 0.0000, 0.0000, 0.0000]])
tensor([[0.4739, 1.0000, 0.0000, 0.0000, 0.0000, 0.0000]])
tensor([[-0.4690,  1.0000,  0.0000,  0.0000,  0.0000,  0.0000]])
tensor([[-0.3589,  1.0000,  0.0000,  0.0000,  0.0000,  0.0000]])
tensor([[-0.4433,  1.0000,  0.0000,  0.0000,  0.0000,  0.0000]])
tensor([[-0.3839,  1.0000,  0.0000,  0.0000,  0.0000,  0.0000]])
tensor([[0.6997, 1.0000, 0.0000, 0.0000, 0.0000, 0.0000]])
tensor([[-0.6955,  1.0000,  0.0000,  0.0000,  0.0000,  0.0000]])
tensor([[0.9084, 1.0000, 0.0000, 0.0000, 0.0000, 0.0000]])
tensor([[-0.4229,  1.0000,  0.0000,  0.0000,  0.0000,  0.0000]])
tensor([[-0.3383,  1.0000,  0.0000,  0.0000,  0.0000,  0.0000]])
tensor([[0.7820, 1.0000, 0.0000, 0.0000, 0.0000, 0.0000]])
tensor([[-0.3114,  1.0000,  0.0000,  0.0000,  0.0000,  0.0000]])
tensor([[-0.2273,  1.0000,  0.0000,  0.0000,  0.0000,  0.0000]])
tensor([[0.7075, 1.0000, 0.0000, 0.0000, 0.0000, 0.0000]])
tensor([[0.5866, 1.0000, 0.0000, 0.0000, 0.0000, 0.0000]])
tensor([[-0.2131,  1.0000,  0.0000,  0.0000,  0.0000,  0.0000]])
tensor([[-0.6005,  1.0000,  0.0000,  0.0000,  0.0000,  0.0000]])
tensor([[0.7310, 1.0000, 0.0000, 0.0000, 0.0000, 0.0000]])
tensor([[0.6423, 1.0000, 0.0000, 0.0000, 0.0000, 0.0000]])
tensor([[-0.8291,  1.0000,  0.0000,  0.0000,  0.0000,  0.0000]])
tensor([[-0.0137,  1.0000,  0.0000,  0.0000,  0.0000,  0.0000]])
tensor([[-0.1358,  1.0000,  0.0000,  0.0000,  0.0000,  0.0000]])
tensor([[0.9613, 1.0000, 0.0000, 0.0000, 0.0000, 0.0000]])
tensor([[0.4756, 1.0000, 0.0000, 0.0000, 0.0000, 0.0000]])
tensor([[0.3607, 1.0000, 0.0000, 0.0000, 0.0000, 0.0000]])
tensor([[0.9856, 1.0000, 0.0000, 0.0000, 0.0000, 0.0000]])
tensor([[0.9775, 1.0000, 0.0000, 0.0000, 0.0000, 0.0000]])
tensor([[0.9882, 1.0000, 0.0000, 0.0000, 0.0000, 0.0000]])
tensor([[0.9809, 1.0000, 0.0000, 0.0000, 0.0000, 0.0000]])
tensor([[0.9964, 1.0000, 0.0000, 0.0000, 0.0000, 0.0000]])
tensor([[0.9627, 0.0000, 0.0000, 0.0000, 0.0000, 0.0000]])
tensor([[0.9489, 1.0000, 0.0000, 0.0000, 0.0000, 0.0000]])
tensor([[0.9760, 1.0000, 0.0000, 0.0000, 0.0000, 0.0000]])
tensor([[0.7959, 1.0000, 0.0000, 0.0000, 0.0000, 0.0000]])
tensor([[0.7619, 1.0000, 0.0000, 0.0000, 0.0000, 0.0000]])
tensor([[0.8887, 1.0000, 0.0000, 0.0000, 1.0000, 0.0000]])
tensor([[0.5629, 1.0000, 0.0000, 0.0000, 0.0000, 0.0000]])
tensor([[-0.4472,  1.0000,  0.0000,  0.0000,  0.0000,  0.0000]])
tensor([[0.8377, 1.0000, 0.0000, 0.0000, 0.0000, 0.0000]])
tensor([[-0.5278,  1.0000,  0.0000,  0.0000,  0.0000,  0.0000]])
tensor([[-0.1158,  1.0000,  0.0000,  0.0000,  0.0000,  0.0000]])
tensor([[0.5272, 1.0000, 0.0000, 0.0000, 0.0000, 0.0000]])
tensor([[0.0847, 1.0000, 0.0000, 0.0000, 0.0000, 0.0000]])
tensor([[0.0967, 1.0000, 0.0000, 0.0000, 0.0000, 0.0000]])
tensor([[-0.2307,  1.0000,  0.0000,  0.0000,  0.0000,  0.0000]])
tensor([[0.0155, 1.0000, 0.0000, 0.0000, 0.0000, 0.0000]])
tensor([[0.4406, 1.0000, 0.0000, 0.0000, 0.0000, 0.0000]])
tensor([[0.5833, 1.0000, 0.0000, 0.0000, 0.0000, 0.0000]])
tensor([[-0.5025,  1.0000,  0.0000,  0.0000,  0.0000,  0.0000]])
tensor([[0.1984, 1.0000, 0.0000, 0.0000, 0.0000, 0.0000]])
tensor([[-0.5613,  1.0000,  0.0000,  0.0000,  0.0000,  0.0000]])
tensor([[-0.4473,  1.0000,  0.0000,  0.0000,  0.0000,  0.0000]])
tensor([[0.4113, 1.0000, 0.0000, 0.0000, 0.0000, 0.0000]])
tensor([[-0.0235,  1.0000,  0.0000,  0.0000,  0.0000,  0.0000]])
tensor([[0.3772, 1.0000, 0.0000, 0.0000, 0.0000, 0.0000]])
tensor([[0.8738, 1.0000, 0.0000, 0.0000, 0.0000, 0.0000]])
tensor([[-0.1738,  1.0000,  0.0000,  0.0000,  0.0000,  0.0000]])
tensor([[0.4715, 1.0000, 0.0000, 0.0000, 0.0000, 0.0000]])
tensor([[0.5789, 1.0000, 0.0000, 0.0000, 0.0000, 0.0000]])
tensor([[0.6333, 1.0000, 0.0000, 0.0000, 0.0000, 0.0000]])
tensor([[0.9048, 1.0000, 0.0000, 0.0000, 0.0000, 0.0000]])
tensor([[0.7177, 1.0000, 0.0000, 0.0000, 0.0000, 0.0000]])
tensor([[0.9054, 1.0000, 0.0000, 0.0000, 0.0000, 0.0000]])
tensor([[0.9124, 1.0000, 0.0000, 0.0000, 0.0000, 0.0000]])
tensor([[0.8325, 1.0000, 0.0000, 0.0000, 0.0000, 0.0000]])
tensor([[0.8845, 1.0000, 0.0000, 0.0000, 0.0000, 0.0000]])
tensor([[0.7350, 1.0000, 0.0000, 0.0000, 0.0000, 0.0000]])
tensor([[0.5493, 1.0000, 0.0000, 0.0000, 0.0000, 0.0000]])
tensor([[-0.3268,  1.0000,  0.0000,  0.0000,  0.0000,  0.0000]])
tensor([[0.7863, 0.0000, 0.0000, 0.0000, 0.0000, 0.0000]])
INFO:root:Agent 0 (TQCars): avg action time = 0.0009s
tensor([[0.6554, 1.0000, 0.0000, 1.0000, 0.0000, 0.0000]])
tensor([[-0.7070,  1.0000,  0.0000,  0.0000,  0.0000,  0.0000]])
tensor([[0.7127, 1.0000, 0.0000, 0.0000, 0.0000, 0.0000]])
tensor([[0.3927, 1.0000, 0.0000, 0.0000, 0.0000, 0.0000]])
tensor([[0.8170, 1.0000, 0.0000, 0.0000, 0.0000, 0.0000]])
tensor([[0.9493, 1.0000, 0.0000, 0.0000, 0.0000, 0.0000]])
tensor([[0.9395, 1.0000, 0.0000, 0.0000, 0.0000, 0.0000]])
tensor([[0.7688, 1.0000, 0.0000, 0.0000, 0.0000, 0.0000]])
tensor([[0.9913, 1.0000, 0.0000, 0.0000, 0.0000, 0.0000]])
tensor([[0.9054, 1.0000, 0.0000, 0.0000, 0.0000, 0.0000]])
tensor([[0.9735, 1.0000, 0.0000, 0.0000, 0.0000, 0.0000]])
tensor([[0.8470, 1.0000, 0.0000, 0.0000, 0.0000, 0.0000]])
tensor([[0.5165, 1.0000, 0.0000, 0.0000, 0.0000, 0.0000]])
tensor([[0.9136, 1.0000, 0.0000, 0.0000, 0.0000, 0.0000]])
tensor([[0.5422, 1.0000, 0.0000, 0.0000, 0.0000, 0.0000]])
tensor([[-0.1501,  1.0000,  0.0000,  0.0000,  0.0000,  0.0000]])
tensor([[-0.3323,  1.0000,  0.0000,  0.0000,  0.0000,  0.0000]])
tensor([[0.9794, 1.0000, 0.0000, 0.0000, 0.0000, 0.0000]])
tensor([[0.9014, 1.0000, 0.0000, 0.0000, 0.0000, 0.0000]])
tensor([[0.9543, 1.0000, 0.0000, 0.0000, 0.0000, 0.0000]])
tensor([[0.9795, 1.0000, 0.0000, 0.0000, 0.0000, 0.0000]])
tensor([[0.9879, 1.0000, 0.0000, 0.0000, 0.0000, 0.0000]])
tensor([[0.7823, 1.0000, 0.0000, 0.0000, 0.0000, 0.0000]])
tensor([[0.8943, 1.0000, 0.0000, 0.0000, 0.0000, 0.0000]])
tensor([[-0.5548,  1.0000,  0.0000,  0.0000,  0.0000,  0.0000]])
tensor([[0.4729, 1.0000, 0.0000, 0.0000, 0.0000, 0.0000]])
tensor([[0.5537, 1.0000, 0.0000, 0.0000, 0.0000, 0.0000]])
tensor([[-0.0891,  1.0000,  0.0000,  0.0000,  0.0000,  0.0000]])
tensor([[0.2622, 1.0000, 0.0000, 0.0000, 0.0000, 0.0000]])
tensor([[-0.4281,  1.0000,  0.0000,  0.0000,  0.0000,  0.0000]])
tensor([[0.6172, 1.0000, 0.0000, 0.0000, 0.0000, 0.0000]])
tensor([[0.7798, 1.0000, 0.0000, 0.0000, 0.0000, 0.0000]])
tensor([[0.2845, 1.0000, 0.0000, 0.0000, 0.0000, 0.0000]])
tensor([[-0.8895,  1.0000,  0.0000,  0.0000,  0.0000,  0.0000]])
tensor([[-0.5186,  0.0000,  0.0000,  0.0000,  0.0000,  0.0000]])
tensor([[0.2361, 1.0000, 0.0000, 0.0000, 0.0000, 0.0000]])
tensor([[-0.3876,  1.0000,  0.0000,  0.0000,  0.0000,  0.0000]])
tensor([[0.3808, 1.0000, 0.0000, 0.0000, 0.0000, 0.0000]])
tensor([[0.3434, 1.0000, 0.0000, 0.0000, 0.0000, 0.0000]])
tensor([[0.8578, 1.0000, 0.0000, 0.0000, 0.0000, 0.0000]])
tensor([[0.0204, 1.0000, 0.0000, 0.0000, 0.0000, 0.0000]])
tensor([[0.8501, 1.0000, 0.0000, 0.0000, 0.0000, 0.0000]])
tensor([[-0.0336,  1.0000,  0.0000,  0.0000,  0.0000,  0.0000]])
tensor([[0.6462, 1.0000, 0.0000, 0.0000, 0.0000, 0.0000]])
tensor([[-0.7636,  1.0000,  0.0000,  0.0000,  0.0000,  0.0000]])
tensor([[-0.4770,  1.0000,  0.0000,  0.0000,  0.0000,  0.0000]])
tensor([[0.3737, 1.0000, 0.0000, 0.0000, 0.0000, 0.0000]])
tensor([[0.2819, 1.0000, 0.0000, 0.0000, 0.0000, 0.0000]])
tensor([[-0.7389,  1.0000,  0.0000,  0.0000,  0.0000,  0.0000]])
tensor([[0.3863, 1.0000, 0.0000, 0.0000, 0.0000, 0.0000]])
tensor([[0.4316, 1.0000, 0.0000, 0.0000, 0.0000, 0.0000]])
tensor([[0.8770, 1.0000, 0.0000, 0.0000, 0.0000, 0.0000]])
tensor([[-0.2874,  1.0000,  0.0000,  0.0000,  0.0000,  0.0000]])
tensor([[-0.3937,  1.0000,  0.0000,  0.0000,  0.0000,  0.0000]])
tensor([[0.1914, 1.0000, 0.0000, 0.0000, 0.0000, 0.0000]])
tensor([[-0.8167,  1.0000,  0.0000,  0.0000,  0.0000,  0.0000]])
tensor([[-0.8573,  1.0000,  0.0000,  0.0000,  0.0000,  0.0000]])
tensor([[-0.7537,  1.0000,  0.0000,  0.0000,  0.0000,  0.0000]])
tensor([[0.9233, 1.0000, 0.0000, 0.0000, 0.0000, 0.0000]])
tensor([[-0.2951,  1.0000,  0.0000,  0.0000,  0.0000,  0.0000]])
tensor([[-0.4874,  1.0000,  0.0000,  0.0000,  0.0000,  0.0000]])
tensor([[-0.6647,  1.0000,  0.0000,  0.0000,  0.0000,  0.0000]])
tensor([[0.1890, 1.0000, 0.0000, 0.0000, 0.0000, 0.0000]])
tensor([[0.5457, 0.0000, 0.0000, 0.0000, 0.0000, 0.0000]])
tensor([[-0.2495,  1.0000,  0.0000,  0.0000,  0.0000,  0.0000]])
tensor([[-0.6127,  1.0000,  0.0000,  0.0000,  0.0000,  0.0000]])
tensor([[0.6523, 1.0000, 0.0000, 0.0000, 0.0000, 0.0000]])
tensor([[-0.4163,  1.0000,  0.0000,  0.0000,  0.0000,  0.0000]])
tensor([[-0.8665,  1.0000,  0.0000,  0.0000,  0.0000,  0.0000]])
tensor([[-0.2985,  1.0000,  0.0000,  0.0000,  0.0000,  0.0000]])
tensor([[0.2703, 1.0000, 0.0000, 0.0000, 0.0000, 0.0000]])
tensor([[-0.8706,  1.0000,  0.0000,  1.0000,  0.0000,  0.0000]])
tensor([[-0.2917,  1.0000,  0.0000,  0.0000,  0.0000,  0.0000]])
tensor([[0.6562, 1.0000, 0.0000, 0.0000, 0.0000, 0.0000]])
tensor([[0.6959, 1.0000, 0.0000, 0.0000, 1.0000, 0.0000]])
tensor([[-0.4511,  1.0000,  0.0000,  0.0000,  0.0000,  0.0000]])
tensor([[-0.4013,  1.0000,  0.0000,  0.0000,  0.0000,  0.0000]])
tensor([[-0.8288,  1.0000,  0.0000,  0.0000,  0.0000,  0.0000]])
tensor([[-0.5964,  1.0000,  0.0000,  0.0000,  0.0000,  0.0000]])
tensor([[-0.8227,  1.0000,  0.0000,  0.0000,  0.0000,  0.0000]])
tensor([[-0.8288,  1.0000,  0.0000,  0.0000,  0.0000,  0.0000]])
tensor([[0.1275, 1.0000, 0.0000, 0.0000, 0.0000, 0.0000]])
tensor([[0.3939, 1.0000, 0.0000, 0.0000, 0.0000, 0.0000]])
tensor([[-0.9261,  1.0000,  0.0000,  0.0000,  0.0000,  0.0000]])
tensor([[-0.9265,  1.0000,  0.0000,  0.0000,  0.0000,  0.0000]])
tensor([[0.3575, 1.0000, 0.0000, 0.0000, 0.0000, 0.0000]])
tensor([[0.1655, 1.0000, 0.0000, 0.0000, 0.0000, 0.0000]])
tensor([[0.1524, 1.0000, 0.0000, 0.0000, 0.0000, 0.0000]])
tensor([[0.1325, 1.0000, 0.0000, 0.0000, 0.0000, 0.0000]])
tensor([[-0.8980,  1.0000,  0.0000,  0.0000,  0.0000,  0.0000]])
tensor([[-0.9682,  1.0000,  0.0000,  0.0000,  0.0000,  0.0000]])
tensor([[-0.9239,  1.0000,  0.0000,  0.0000,  0.0000,  0.0000]])
tensor([[0.2443, 1.0000, 0.0000, 0.0000, 0.0000, 0.0000]])
tensor([[-0.0537,  1.0000,  0.0000,  0.0000,  0.0000,  0.0000]])
tensor([[-0.3953,  1.0000,  0.0000,  0.0000,  0.0000,  0.0000]])
tensor([[0.0045, 1.0000, 0.0000, 0.0000, 0.0000, 0.0000]])
tensor([[-0.3056,  1.0000,  0.0000,  0.0000,  0.0000,  0.0000]])
tensor([[-0.5974,  1.0000,  0.0000,  0.0000,  0.0000,  0.0000]])
tensor([[0.1533, 1.0000, 0.0000, 0.0000, 0.0000, 0.0000]])
tensor([[-0.4325,  1.0000,  0.0000,  0.0000,  0.0000,  0.0000]])
tensor([[-0.6786,  1.0000,  0.0000,  0.0000,  0.0000,  0.0000]])
tensor([[-0.1975,  1.0000,  0.0000,  0.0000,  0.0000,  0.0000]])
tensor([[0.3794, 1.0000, 0.0000, 0.0000, 0.0000, 0.0000]])
{"type": "results", "track": "zengarden", "results": [{"key": 0, "reward": 12.5390869140625, "position": 3, "name": "TQCars", "avg_action_time": 0.0009249939068742033}]}
