INFO:root:Loading the agents
INFO:root:Loaded player TQCars
INFO:root:Creating pystk-1
INFO:root:Adding wrapper <function get_wrappers.<locals>.<lambda> at 0x7635f92f7420>
INFO:root:Adding wrapper <function get_wrappers.<locals>.<lambda> at 0x7635f92f74c0>
INFO:root:Adding wrapper <function get_wrappers.<locals>.<lambda> at 0x7635f92f7560>
INFO:root:Adding wrapper <function get_wrappers.<locals>.<lambda> at 0x7635f92f7600>
INFO:root:(multi-env mono adapter) Setting main environment max_paths to 5
INFO:root:Loading trained model from CHECKPOINT-GPUFAC/tqc_EXP16BASEREWARD_1400000.pt...
INFO:root:Starting a race
tensor([[-0.9364,  1.0000,  0.0000,  0.0000,  0.0000,  0.0000]])
tensor([[-0.9471,  1.0000,  0.0000,  0.0000,  0.0000,  0.0000]])
tensor([[-0.8434,  1.0000,  0.0000,  0.0000,  0.0000,  0.0000]])
tensor([[0.0400, 1.0000, 1.0000, 0.0000, 0.0000, 0.0000]])
tensor([[-0.2384,  1.0000,  0.0000,  0.0000,  0.0000,  0.0000]])
tensor([[0.2243, 1.0000, 0.0000, 0.0000, 0.0000, 0.0000]])
tensor([[-0.6290,  1.0000,  0.0000,  0.0000,  0.0000,  0.0000]])
tensor([[-0.3860,  0.0000,  0.0000,  0.0000,  0.0000,  0.0000]])
tensor([[0.4871, 1.0000, 0.0000, 0.0000, 0.0000, 0.0000]])
tensor([[-0.3955,  1.0000,  0.0000,  0.0000,  0.0000,  0.0000]])
tensor([[-0.5694,  1.0000,  0.0000,  0.0000,  0.0000,  0.0000]])
tensor([[-0.4898,  1.0000,  0.0000,  0.0000,  0.0000,  0.0000]])
tensor([[-0.8775,  1.0000,  0.0000,  0.0000,  0.0000,  0.0000]])
tensor([[-0.8076,  1.0000,  0.0000,  0.0000,  0.0000,  0.0000]])
tensor([[-0.1636,  1.0000,  0.0000,  0.0000,  0.0000,  0.0000]])
tensor([[-0.8232,  1.0000,  0.0000,  0.0000,  0.0000,  0.0000]])
tensor([[-0.3735,  1.0000,  1.0000,  0.0000,  0.0000,  0.0000]])
tensor([[-0.7832,  1.0000,  0.0000,  0.0000,  0.0000,  0.0000]])
tensor([[-0.4036,  1.0000,  0.0000,  0.0000,  0.0000,  0.0000]])
tensor([[-0.8699,  1.0000,  0.0000,  0.0000,  0.0000,  0.0000]])
tensor([[-0.9210,  1.0000,  0.0000,  0.0000,  0.0000,  0.0000]])
tensor([[-0.8535,  1.0000,  0.0000,  0.0000,  0.0000,  0.0000]])
tensor([[-0.8248,  0.0000,  0.0000,  0.0000,  0.0000,  0.0000]])
tensor([[0.3606, 1.0000, 0.0000, 0.0000, 0.0000, 0.0000]])
tensor([[-0.6957,  1.0000,  0.0000,  0.0000,  0.0000,  0.0000]])
tensor([[-0.4796,  1.0000,  0.0000,  0.0000,  0.0000,  0.0000]])
tensor([[0.7702, 1.0000, 0.0000, 0.0000, 0.0000, 0.0000]])
tensor([[-0.7908,  1.0000,  1.0000,  0.0000,  0.0000,  0.0000]])
tensor([[-0.2710,  1.0000,  0.0000,  0.0000,  0.0000,  0.0000]])
tensor([[-0.2417,  1.0000,  0.0000,  0.0000,  0.0000,  0.0000]])
tensor([[0.8475, 1.0000, 0.0000, 0.0000, 0.0000, 0.0000]])
tensor([[-0.7271,  1.0000,  0.0000,  0.0000,  0.0000,  0.0000]])
tensor([[0.9552, 1.0000, 0.0000, 0.0000, 0.0000, 0.0000]])
tensor([[0.9156, 1.0000, 0.0000, 0.0000, 0.0000, 0.0000]])
tensor([[0.9127, 1.0000, 0.0000, 0.0000, 0.0000, 0.0000]])
tensor([[0.4947, 1.0000, 0.0000, 0.0000, 0.0000, 0.0000]])
tensor([[-0.8302,  1.0000,  0.0000,  0.0000,  0.0000,  0.0000]])
tensor([[0.3452, 1.0000, 0.0000, 0.0000, 0.0000, 0.0000]])
tensor([[0.8298, 1.0000, 0.0000, 0.0000, 0.0000, 0.0000]])
tensor([[0.3045, 1.0000, 0.0000, 0.0000, 0.0000, 0.0000]])
tensor([[-0.5304,  1.0000,  0.0000,  0.0000,  0.0000,  0.0000]])
tensor([[0.2102, 1.0000, 0.0000, 1.0000, 0.0000, 0.0000]])
tensor([[-0.7046,  1.0000,  0.0000,  0.0000,  0.0000,  0.0000]])
tensor([[0.7534, 1.0000, 0.0000, 0.0000, 0.0000, 0.0000]])
tensor([[0.5425, 1.0000, 0.0000, 0.0000, 0.0000, 0.0000]])
tensor([[0.8113, 1.0000, 0.0000, 0.0000, 0.0000, 0.0000]])
tensor([[0.2275, 1.0000, 0.0000, 0.0000, 0.0000, 0.0000]])
tensor([[-0.8290,  1.0000,  0.0000,  0.0000,  0.0000,  0.0000]])
tensor([[0.8786, 1.0000, 0.0000, 0.0000, 0.0000, 0.0000]])
tensor([[0.6641, 1.0000, 0.0000, 0.0000, 0.0000, 0.0000]])
tensor([[0.2403, 1.0000, 0.0000, 0.0000, 0.0000, 0.0000]])
tensor([[-0.3602,  1.0000,  0.0000,  0.0000,  0.0000,  0.0000]])
tensor([[0.6790, 1.0000, 0.0000, 0.0000, 0.0000, 0.0000]])
tensor([[0.8824, 1.0000, 0.0000, 0.0000, 0.0000, 0.0000]])
tensor([[0.2240, 1.0000, 0.0000, 0.0000, 0.0000, 0.0000]])
tensor([[0.8805, 1.0000, 0.0000, 0.0000, 0.0000, 0.0000]])
tensor([[0.6170, 1.0000, 0.0000, 0.0000, 0.0000, 0.0000]])
tensor([[0.7085, 1.0000, 0.0000, 0.0000, 0.0000, 0.0000]])
tensor([[0.6383, 1.0000, 0.0000, 0.0000, 0.0000, 0.0000]])
tensor([[0.7158, 1.0000, 0.0000, 0.0000, 0.0000, 0.0000]])
tensor([[-0.5722,  1.0000,  0.0000,  0.0000,  0.0000,  0.0000]])
tensor([[0.7852, 1.0000, 0.0000, 0.0000, 0.0000, 0.0000]])
tensor([[0.8388, 1.0000, 0.0000, 0.0000, 0.0000, 0.0000]])
tensor([[0.8789, 1.0000, 0.0000, 0.0000, 0.0000, 0.0000]])
tensor([[-0.6480,  1.0000,  0.0000,  0.0000,  0.0000,  0.0000]])
tensor([[0.9187, 1.0000, 0.0000, 0.0000, 0.0000, 0.0000]])
tensor([[0.1568, 1.0000, 0.0000, 0.0000, 0.0000, 0.0000]])
tensor([[-0.3572,  1.0000,  0.0000,  0.0000,  0.0000,  0.0000]])
tensor([[-0.2022,  1.0000,  0.0000,  0.0000,  0.0000,  0.0000]])
tensor([[-0.6497,  1.0000,  0.0000,  0.0000,  0.0000,  0.0000]])
tensor([[0.0744, 1.0000, 0.0000, 0.0000, 0.0000, 0.0000]])
tensor([[0.5561, 1.0000, 0.0000, 0.0000, 0.0000, 0.0000]])
tensor([[0.8149, 1.0000, 0.0000, 0.0000, 0.0000, 0.0000]])
tensor([[0.1794, 1.0000, 0.0000, 0.0000, 0.0000, 0.0000]])
tensor([[0.2887, 1.0000, 0.0000, 0.0000, 0.0000, 0.0000]])
tensor([[0.1649, 1.0000, 0.0000, 0.0000, 0.0000, 0.0000]])
tensor([[-0.8070,  1.0000,  0.0000,  0.0000,  0.0000,  0.0000]])
tensor([[0.4996, 1.0000, 0.0000, 0.0000, 0.0000, 0.0000]])
tensor([[-0.4863,  1.0000,  0.0000,  0.0000,  0.0000,  0.0000]])
tensor([[-0.4111,  1.0000,  0.0000,  0.0000,  0.0000,  0.0000]])
tensor([[0.4842, 1.0000, 0.0000, 0.0000, 0.0000, 0.0000]])
tensor([[0.6484, 1.0000, 0.0000, 0.0000, 0.0000, 0.0000]])
tensor([[0.6535, 1.0000, 0.0000, 0.0000, 0.0000, 0.0000]])
tensor([[0.3171, 1.0000, 0.0000, 0.0000, 0.0000, 0.0000]])
tensor([[-0.8964,  1.0000,  0.0000,  0.0000,  0.0000,  0.0000]])
tensor([[-0.8094,  1.0000,  0.0000,  0.0000,  0.0000,  0.0000]])
tensor([[0.1486, 1.0000, 1.0000, 0.0000, 0.0000, 0.0000]])
tensor([[0.0543, 1.0000, 0.0000, 0.0000, 0.0000, 0.0000]])
tensor([[-0.8056,  1.0000,  0.0000,  0.0000,  0.0000,  0.0000]])
tensor([[-0.6581,  1.0000,  0.0000,  0.0000,  0.0000,  0.0000]])
tensor([[0.4902, 1.0000, 0.0000, 0.0000, 0.0000, 0.0000]])
tensor([[0.4518, 1.0000, 0.0000, 0.0000, 0.0000, 0.0000]])
tensor([[0.6228, 1.0000, 0.0000, 0.0000, 0.0000, 0.0000]])
tensor([[0.0862, 1.0000, 0.0000, 0.0000, 0.0000, 0.0000]])
tensor([[0.1582, 1.0000, 0.0000, 0.0000, 0.0000, 0.0000]])
tensor([[-0.3067,  1.0000,  0.0000,  0.0000,  0.0000,  0.0000]])
tensor([[-0.5022,  1.0000,  0.0000,  0.0000,  0.0000,  0.0000]])
tensor([[0.8512, 1.0000, 0.0000, 0.0000, 0.0000, 0.0000]])
tensor([[0.8883, 1.0000, 0.0000, 0.0000, 0.0000, 0.0000]])
tensor([[0.6021, 1.0000, 0.0000, 0.0000, 0.0000, 0.0000]])
tensor([[0.5518, 1.0000, 0.0000, 0.0000, 0.0000, 0.0000]])
tensor([[0.7478, 1.0000, 0.0000, 0.0000, 0.0000, 0.0000]])
tensor([[-0.9855,  1.0000,  0.0000,  0.0000,  0.0000,  0.0000]])
tensor([[-0.9831,  1.0000,  0.0000,  0.0000,  0.0000,  0.0000]])
tensor([[-0.5455,  1.0000,  0.0000,  0.0000,  0.0000,  0.0000]])
tensor([[0.1850, 1.0000, 0.0000, 0.0000, 0.0000, 0.0000]])
tensor([[0.7750, 1.0000, 0.0000, 0.0000, 0.0000, 0.0000]])
tensor([[0.4603, 1.0000, 0.0000, 0.0000, 0.0000, 0.0000]])
tensor([[0.5878, 1.0000, 0.0000, 0.0000, 0.0000, 0.0000]])
tensor([[-0.9267,  0.0000,  0.0000,  0.0000,  0.0000,  0.0000]])
tensor([[-0.7194,  1.0000,  0.0000,  0.0000,  0.0000,  0.0000]])
tensor([[0.9788, 1.0000, 0.0000, 0.0000, 0.0000, 0.0000]])
tensor([[0.9721, 1.0000, 0.0000, 0.0000, 0.0000, 0.0000]])
tensor([[0.2332, 1.0000, 0.0000, 0.0000, 0.0000, 0.0000]])
tensor([[0.0751, 1.0000, 0.0000, 0.0000, 0.0000, 0.0000]])
tensor([[-0.6012,  1.0000,  0.0000,  0.0000,  0.0000,  0.0000]])
tensor([[-0.1323,  1.0000,  0.0000,  0.0000,  0.0000,  0.0000]])
tensor([[0.1530, 1.0000, 0.0000, 0.0000, 0.0000, 0.0000]])
tensor([[0.7541, 1.0000, 0.0000, 0.0000, 0.0000, 0.0000]])
tensor([[0.9128, 1.0000, 0.0000, 0.0000, 0.0000, 0.0000]])
tensor([[0.7462, 1.0000, 0.0000, 0.0000, 0.0000, 0.0000]])
tensor([[-0.1765,  1.0000,  0.0000,  0.0000,  0.0000,  0.0000]])
tensor([[-0.5399,  1.0000,  0.0000,  0.0000,  0.0000,  0.0000]])
tensor([[0.4628, 1.0000, 0.0000, 0.0000, 0.0000, 0.0000]])
tensor([[0.9550, 1.0000, 0.0000, 0.0000, 0.0000, 0.0000]])
tensor([[0.6161, 1.0000, 1.0000, 0.0000, 0.0000, 0.0000]])
tensor([[0.8800, 1.0000, 0.0000, 0.0000, 0.0000, 0.0000]])
tensor([[-0.7516,  1.0000,  0.0000,  0.0000,  0.0000,  0.0000]])
tensor([[0.5732, 1.0000, 1.0000, 0.0000, 0.0000, 0.0000]])
tensor([[-0.6055,  1.0000,  0.0000,  0.0000,  0.0000,  0.0000]])
tensor([[-0.4715,  1.0000,  0.0000,  0.0000,  0.0000,  0.0000]])
tensor([[0.7444, 1.0000, 0.0000, 0.0000, 0.0000, 0.0000]])
tensor([[0.2731, 1.0000, 0.0000, 0.0000, 0.0000, 0.0000]])
tensor([[-0.8616,  1.0000,  0.0000,  0.0000,  0.0000,  0.0000]])
tensor([[-0.5323,  1.0000,  0.0000,  0.0000,  0.0000,  0.0000]])
tensor([[0.9289, 1.0000, 0.0000, 0.0000, 0.0000, 0.0000]])
tensor([[0.8787, 1.0000, 0.0000, 0.0000, 0.0000, 0.0000]])
tensor([[0.2282, 1.0000, 0.0000, 0.0000, 0.0000, 0.0000]])
tensor([[-0.0078,  1.0000,  0.0000,  0.0000,  0.0000,  0.0000]])
tensor([[0.4020, 1.0000, 0.0000, 0.0000, 0.0000, 0.0000]])
tensor([[-0.6899,  1.0000,  0.0000,  0.0000,  0.0000,  0.0000]])
tensor([[0.1749, 1.0000, 0.0000, 0.0000, 0.0000, 0.0000]])
tensor([[0.4780, 1.0000, 0.0000, 0.0000, 0.0000, 0.0000]])
tensor([[0.2311, 1.0000, 0.0000, 0.0000, 0.0000, 0.0000]])
tensor([[0.3539, 1.0000, 0.0000, 0.0000, 0.0000, 0.0000]])
tensor([[-0.7805,  1.0000,  0.0000,  0.0000,  0.0000,  0.0000]])
tensor([[0.5163, 1.0000, 0.0000, 0.0000, 0.0000, 0.0000]])
tensor([[0.4263, 1.0000, 0.0000, 0.0000, 0.0000, 0.0000]])
tensor([[0.0360, 1.0000, 0.0000, 0.0000, 0.0000, 0.0000]])
tensor([[-0.5291,  1.0000,  0.0000,  0.0000,  0.0000,  0.0000]])
tensor([[-0.0693,  1.0000,  0.0000,  0.0000,  0.0000,  0.0000]])
tensor([[0.5651, 1.0000, 0.0000, 0.0000, 0.0000, 0.0000]])
tensor([[0.6174, 1.0000, 0.0000, 0.0000, 0.0000, 0.0000]])
tensor([[0.6561, 1.0000, 0.0000, 0.0000, 0.0000, 0.0000]])
tensor([[-0.3228,  1.0000,  0.0000,  0.0000,  0.0000,  0.0000]])
tensor([[0.5379, 1.0000, 0.0000, 0.0000, 0.0000, 0.0000]])
tensor([[0.3768, 1.0000, 0.0000, 0.0000, 0.0000, 0.0000]])
tensor([[0.5044, 1.0000, 0.0000, 0.0000, 0.0000, 0.0000]])
tensor([[0.3190, 1.0000, 0.0000, 0.0000, 0.0000, 0.0000]])
tensor([[0.4436, 1.0000, 0.0000, 0.0000, 0.0000, 0.0000]])
tensor([[0.2551, 1.0000, 0.0000, 0.0000, 0.0000, 0.0000]])
tensor([[-0.3617,  1.0000,  0.0000,  0.0000,  0.0000,  0.0000]])
tensor([[0.9839, 1.0000, 0.0000, 0.0000, 0.0000, 0.0000]])
tensor([[0.7033, 1.0000, 0.0000, 0.0000, 0.0000, 0.0000]])
tensor([[0.8582, 1.0000, 0.0000, 0.0000, 0.0000, 0.0000]])
tensor([[0.9851, 1.0000, 0.0000, 0.0000, 0.0000, 0.0000]])
tensor([[0.9127, 1.0000, 0.0000, 0.0000, 0.0000, 0.0000]])
tensor([[0.7319, 1.0000, 0.0000, 0.0000, 0.0000, 0.0000]])
tensor([[0.8220, 1.0000, 0.0000, 0.0000, 0.0000, 0.0000]])
tensor([[0.5512, 1.0000, 0.0000, 0.0000, 0.0000, 0.0000]])
tensor([[0.7088, 1.0000, 0.0000, 0.0000, 0.0000, 0.0000]])
tensor([[0.6052, 1.0000, 0.0000, 0.0000, 0.0000, 0.0000]])
tensor([[0.6396, 1.0000, 0.0000, 0.0000, 0.0000, 0.0000]])
tensor([[0.6635, 1.0000, 0.0000, 0.0000, 0.0000, 0.0000]])
tensor([[-0.8749,  1.0000,  0.0000,  0.0000,  0.0000,  0.0000]])
tensor([[0.1559, 1.0000, 0.0000, 0.0000, 0.0000, 0.0000]])
tensor([[-0.6727,  1.0000,  0.0000,  0.0000,  0.0000,  0.0000]])
tensor([[-0.6497,  1.0000,  0.0000,  0.0000,  0.0000,  0.0000]])
tensor([[-0.9079,  1.0000,  0.0000,  0.0000,  0.0000,  0.0000]])
tensor([[-0.1701,  1.0000,  0.0000,  0.0000,  0.0000,  0.0000]])
tensor([[-0.3179,  1.0000,  0.0000,  0.0000,  0.0000,  0.0000]])
tensor([[-0.7159,  1.0000,  1.0000,  0.0000,  0.0000,  0.0000]])
tensor([[-0.9713,  1.0000,  0.0000,  0.0000,  0.0000,  0.0000]])
tensor([[-0.8837,  1.0000,  0.0000,  0.0000,  0.0000,  0.0000]])
tensor([[-0.9342,  1.0000,  0.0000,  0.0000,  0.0000,  0.0000]])
tensor([[0.4993, 1.0000, 0.0000, 0.0000, 0.0000, 0.0000]])
tensor([[0.2257, 1.0000, 0.0000, 0.0000, 0.0000, 0.0000]])
tensor([[-0.5411,  1.0000,  0.0000,  0.0000,  0.0000,  0.0000]])
tensor([[-0.2130,  1.0000,  0.0000,  0.0000,  0.0000,  0.0000]])
tensor([[0.8352, 1.0000, 0.0000, 0.0000, 0.0000, 0.0000]])
tensor([[-0.6185,  1.0000,  0.0000,  0.0000,  0.0000,  0.0000]])
tensor([[0.1177, 1.0000, 0.0000, 0.0000, 0.0000, 0.0000]])
tensor([[0.6882, 1.0000, 0.0000, 0.0000, 0.0000, 0.0000]])
tensor([[0.1061, 1.0000, 0.0000, 0.0000, 0.0000, 0.0000]])
tensor([[0.8905, 1.0000, 0.0000, 0.0000, 0.0000, 0.0000]])
tensor([[0.0132, 1.0000, 0.0000, 0.0000, 0.0000, 0.0000]])
tensor([[-0.8455,  1.0000,  0.0000,  0.0000,  0.0000,  0.0000]])
tensor([[-0.8453,  1.0000,  0.0000,  0.0000,  0.0000,  0.0000]])
tensor([[-0.2112,  1.0000,  0.0000,  0.0000,  0.0000,  0.0000]])
tensor([[-0.7505,  1.0000,  0.0000,  0.0000,  0.0000,  0.0000]])
tensor([[-0.3252,  1.0000,  0.0000,  0.0000,  0.0000,  0.0000]])
tensor([[0.2049, 1.0000, 0.0000, 0.0000, 0.0000, 0.0000]])
tensor([[-0.8627,  1.0000,  0.0000,  0.0000,  0.0000,  0.0000]])
tensor([[-0.8051,  1.0000,  0.0000,  0.0000,  0.0000,  0.0000]])
tensor([[-0.4310,  1.0000,  0.0000,  0.0000,  0.0000,  0.0000]])
tensor([[0.1125, 1.0000, 0.0000, 0.0000, 0.0000, 0.0000]])
tensor([[0.1633, 1.0000, 0.0000, 0.0000, 0.0000, 0.0000]])
tensor([[0.6465, 1.0000, 0.0000, 0.0000, 0.0000, 0.0000]])
tensor([[-0.7194,  1.0000,  0.0000,  0.0000,  0.0000,  0.0000]])
tensor([[0.3117, 1.0000, 0.0000, 0.0000, 0.0000, 0.0000]])
tensor([[-0.0195,  1.0000,  0.0000,  0.0000,  0.0000,  0.0000]])
tensor([[-0.6694,  1.0000,  0.0000,  0.0000,  0.0000,  0.0000]])
tensor([[0.5654, 1.0000, 0.0000, 0.0000, 0.0000, 0.0000]])
tensor([[0.3324, 1.0000, 0.0000, 0.0000, 0.0000, 0.0000]])
tensor([[-0.1783,  1.0000,  0.0000,  0.0000,  0.0000,  0.0000]])
tensor([[-0.9647,  1.0000,  0.0000,  0.0000,  0.0000,  0.0000]])
tensor([[-0.8881,  1.0000,  0.0000,  0.0000,  0.0000,  0.0000]])
tensor([[-0.8854,  1.0000,  0.0000,  0.0000,  0.0000,  0.0000]])
tensor([[0.5403, 1.0000, 0.0000, 0.0000, 0.0000, 0.0000]])
tensor([[-0.9640,  1.0000,  0.0000,  0.0000,  0.0000,  0.0000]])
tensor([[-0.8931,  1.0000,  0.0000,  0.0000,  0.0000,  0.0000]])
tensor([[-0.9920,  1.0000,  0.0000,  1.0000,  0.0000,  0.0000]])
tensor([[-0.8043,  1.0000,  0.0000,  0.0000,  0.0000,  0.0000]])
tensor([[0.3406, 1.0000, 0.0000, 0.0000, 0.0000, 0.0000]])
tensor([[-0.1167,  1.0000,  0.0000,  0.0000,  0.0000,  0.0000]])
tensor([[-0.7404,  1.0000,  0.0000,  0.0000,  0.0000,  0.0000]])
tensor([[-0.7860,  0.0000,  0.0000,  0.0000,  0.0000,  0.0000]])
tensor([[-0.7729,  1.0000,  0.0000,  0.0000,  0.0000,  0.0000]])
tensor([[-0.5982,  1.0000,  0.0000,  0.0000,  0.0000,  0.0000]])
tensor([[-0.5416,  1.0000,  0.0000,  0.0000,  0.0000,  0.0000]])
tensor([[0.3268, 1.0000, 0.0000, 0.0000, 0.0000, 0.0000]])
tensor([[-0.9039,  1.0000,  0.0000,  0.0000,  0.0000,  0.0000]])
tensor([[-0.9947,  1.0000,  0.0000,  0.0000,  0.0000,  0.0000]])
tensor([[-0.7584,  1.0000,  0.0000,  0.0000,  0.0000,  0.0000]])
tensor([[-0.5479,  1.0000,  0.0000,  0.0000,  0.0000,  0.0000]])
tensor([[0.5763, 1.0000, 0.0000, 0.0000, 0.0000, 0.0000]])
tensor([[0.5910, 1.0000, 0.0000, 0.0000, 0.0000, 0.0000]])
tensor([[-0.4024,  1.0000,  0.0000,  0.0000,  0.0000,  0.0000]])
tensor([[0.1210, 1.0000, 0.0000, 0.0000, 0.0000, 0.0000]])
tensor([[-0.5698,  1.0000,  0.0000,  0.0000,  0.0000,  0.0000]])
tensor([[0.3830, 1.0000, 0.0000, 0.0000, 0.0000, 0.0000]])
tensor([[-0.3589,  1.0000,  0.0000,  0.0000,  0.0000,  0.0000]])
tensor([[0.4631, 1.0000, 0.0000, 0.0000, 0.0000, 0.0000]])
tensor([[0.7896, 1.0000, 0.0000, 0.0000, 0.0000, 0.0000]])
tensor([[0.5306, 1.0000, 0.0000, 0.0000, 0.0000, 0.0000]])
tensor([[0.6686, 1.0000, 0.0000, 0.0000, 0.0000, 0.0000]])
tensor([[-0.3027,  1.0000,  0.0000,  0.0000,  0.0000,  0.0000]])
tensor([[0.9305, 1.0000, 0.0000, 0.0000, 0.0000, 0.0000]])
tensor([[-0.5351,  1.0000,  0.0000,  0.0000,  0.0000,  0.0000]])
tensor([[-0.7493,  1.0000,  0.0000,  0.0000,  0.0000,  0.0000]])
tensor([[-0.0505,  1.0000,  0.0000,  0.0000,  0.0000,  0.0000]])
tensor([[0.2104, 1.0000, 0.0000, 0.0000, 0.0000, 0.0000]])
tensor([[0.2468, 1.0000, 0.0000, 0.0000, 0.0000, 0.0000]])
tensor([[-0.5183,  1.0000,  0.0000,  0.0000,  0.0000,  0.0000]])
tensor([[-0.8924,  1.0000,  0.0000,  0.0000,  0.0000,  0.0000]])
tensor([[-0.0710,  1.0000,  0.0000,  0.0000,  0.0000,  0.0000]])
tensor([[0.4218, 1.0000, 0.0000, 0.0000, 0.0000, 0.0000]])
tensor([[0.6682, 1.0000, 0.0000, 0.0000, 0.0000, 0.0000]])
tensor([[0.2006, 1.0000, 0.0000, 0.0000, 0.0000, 0.0000]])
tensor([[0.5554, 1.0000, 0.0000, 0.0000, 0.0000, 0.0000]])
tensor([[0.9402, 1.0000, 0.0000, 0.0000, 0.0000, 0.0000]])
tensor([[-0.1623,  1.0000,  0.0000,  0.0000,  0.0000,  0.0000]])
tensor([[0.2610, 1.0000, 0.0000, 0.0000, 0.0000, 0.0000]])
tensor([[0.6487, 1.0000, 0.0000, 0.0000, 0.0000, 0.0000]])
tensor([[-0.2371,  1.0000,  0.0000,  0.0000,  0.0000,  0.0000]])
tensor([[0.8190, 1.0000, 0.0000, 0.0000, 0.0000, 0.0000]])
tensor([[0.9876, 1.0000, 0.0000, 0.0000, 0.0000, 0.0000]])
tensor([[0.9520, 1.0000, 0.0000, 0.0000, 0.0000, 0.0000]])
tensor([[0.9307, 1.0000, 0.0000, 0.0000, 0.0000, 0.0000]])
tensor([[0.9610, 1.0000, 0.0000, 0.0000, 0.0000, 0.0000]])
tensor([[0.9787, 1.0000, 0.0000, 0.0000, 0.0000, 0.0000]])
tensor([[0.9711, 1.0000, 0.0000, 0.0000, 0.0000, 0.0000]])
tensor([[0.5731, 1.0000, 0.0000, 0.0000, 0.0000, 0.0000]])
tensor([[0.4297, 1.0000, 0.0000, 0.0000, 0.0000, 0.0000]])
tensor([[0.4881, 1.0000, 0.0000, 0.0000, 0.0000, 0.0000]])
tensor([[-0.4928,  1.0000,  0.0000,  0.0000,  0.0000,  0.0000]])
tensor([[0.7308, 1.0000, 0.0000, 0.0000, 0.0000, 0.0000]])
tensor([[0.0983, 1.0000, 0.0000, 0.0000, 0.0000, 0.0000]])
tensor([[0.7202, 1.0000, 0.0000, 0.0000, 0.0000, 0.0000]])
tensor([[-0.7799,  1.0000,  0.0000,  0.0000,  0.0000,  0.0000]])
tensor([[0.9375, 1.0000, 0.0000, 0.0000, 0.0000, 0.0000]])
tensor([[0.3704, 1.0000, 0.0000, 0.0000, 0.0000, 0.0000]])
tensor([[0.8645, 0.0000, 0.0000, 0.0000, 0.0000, 0.0000]])
tensor([[0.9689, 1.0000, 0.0000, 0.0000, 0.0000, 0.0000]])
tensor([[0.5408, 1.0000, 0.0000, 0.0000, 0.0000, 0.0000]])
tensor([[0.7744, 1.0000, 0.0000, 0.0000, 0.0000, 0.0000]])
tensor([[0.8513, 1.0000, 0.0000, 0.0000, 0.0000, 0.0000]])
tensor([[0.7317, 1.0000, 0.0000, 0.0000, 0.0000, 0.0000]])
tensor([[-0.3008,  1.0000,  0.0000,  0.0000,  0.0000,  0.0000]])
tensor([[0.2695, 1.0000, 0.0000, 0.0000, 0.0000, 0.0000]])
tensor([[0.4688, 1.0000, 0.0000, 0.0000, 0.0000, 0.0000]])
tensor([[-0.2997,  1.0000,  0.0000,  0.0000,  0.0000,  0.0000]])
tensor([[0.4840, 1.0000, 0.0000, 0.0000, 0.0000, 0.0000]])
tensor([[-0.1921,  1.0000,  0.0000,  0.0000,  0.0000,  0.0000]])
tensor([[-0.0853,  1.0000,  0.0000,  0.0000,  0.0000,  0.0000]])
tensor([[-0.2222,  1.0000,  0.0000,  0.0000,  0.0000,  0.0000]])
tensor([[-0.0286,  0.0000,  0.0000,  0.0000,  0.0000,  0.0000]])
tensor([[-0.6831,  1.0000,  0.0000,  0.0000,  0.0000,  0.0000]])
tensor([[0.4066, 1.0000, 0.0000, 0.0000, 0.0000, 0.0000]])
tensor([[0.2311, 1.0000, 0.0000, 0.0000, 0.0000, 0.0000]])
tensor([[-0.7996,  1.0000,  0.0000,  0.0000,  0.0000,  0.0000]])
tensor([[0.4437, 1.0000, 0.0000, 0.0000, 0.0000, 0.0000]])
tensor([[-0.6923,  1.0000,  1.0000,  0.0000,  0.0000,  0.0000]])
tensor([[-0.9936,  1.0000,  0.0000,  0.0000,  0.0000,  0.0000]])
tensor([[0.7205, 1.0000, 0.0000, 0.0000, 0.0000, 0.0000]])
tensor([[0.0705, 1.0000, 0.0000, 0.0000, 0.0000, 0.0000]])
tensor([[-0.8607,  1.0000,  0.0000,  0.0000,  0.0000,  0.0000]])
tensor([[-0.1463,  1.0000,  0.0000,  0.0000,  0.0000,  0.0000]])
tensor([[0.4936, 1.0000, 0.0000, 0.0000, 0.0000, 0.0000]])
tensor([[-0.5374,  1.0000,  0.0000,  0.0000,  0.0000,  0.0000]])
tensor([[-0.7420,  1.0000,  0.0000,  0.0000,  0.0000,  0.0000]])
tensor([[0.6179, 1.0000, 0.0000, 0.0000, 0.0000, 0.0000]])
tensor([[-0.3079,  1.0000,  0.0000,  0.0000,  0.0000,  0.0000]])
tensor([[-0.9752,  0.0000,  0.0000,  0.0000,  0.0000,  0.0000]])
tensor([[-0.3274,  1.0000,  0.0000,  0.0000,  0.0000,  0.0000]])
tensor([[0.9162, 1.0000, 0.0000, 0.0000, 0.0000, 0.0000]])
tensor([[0.7975, 1.0000, 0.0000, 0.0000, 0.0000, 0.0000]])
tensor([[0.3791, 1.0000, 0.0000, 0.0000, 0.0000, 0.0000]])
tensor([[0.7365, 1.0000, 0.0000, 0.0000, 0.0000, 0.0000]])
tensor([[0.9859, 1.0000, 0.0000, 0.0000, 0.0000, 0.0000]])
tensor([[-0.0766,  1.0000,  0.0000,  0.0000,  0.0000,  0.0000]])
tensor([[0.9526, 1.0000, 0.0000, 0.0000, 0.0000, 0.0000]])
tensor([[0.9573, 1.0000, 0.0000, 0.0000, 0.0000, 0.0000]])
tensor([[0.8205, 1.0000, 0.0000, 0.0000, 0.0000, 0.0000]])
tensor([[0.9440, 1.0000, 0.0000, 0.0000, 0.0000, 0.0000]])
tensor([[0.9936, 1.0000, 0.0000, 0.0000, 0.0000, 0.0000]])
tensor([[0.9669, 1.0000, 0.0000, 0.0000, 0.0000, 0.0000]])
tensor([[0.9634, 1.0000, 0.0000, 0.0000, 0.0000, 0.0000]])
tensor([[0.8853, 1.0000, 0.0000, 0.0000, 0.0000, 0.0000]])
tensor([[0.9355, 1.0000, 0.0000, 0.0000, 0.0000, 0.0000]])
tensor([[0.9659, 1.0000, 0.0000, 0.0000, 0.0000, 0.0000]])
tensor([[0.6314, 1.0000, 0.0000, 0.0000, 0.0000, 0.0000]])
tensor([[0.9689, 1.0000, 0.0000, 0.0000, 0.0000, 0.0000]])
tensor([[-0.9224,  1.0000,  0.0000,  0.0000,  0.0000,  0.0000]])
tensor([[-0.1753,  0.0000,  0.0000,  0.0000,  0.0000,  0.0000]])
tensor([[-0.3696,  1.0000,  0.0000,  0.0000,  0.0000,  0.0000]])
tensor([[-0.0172,  1.0000,  0.0000,  0.0000,  0.0000,  0.0000]])
tensor([[0.2149, 1.0000, 0.0000, 0.0000, 0.0000, 0.0000]])
tensor([[-0.6440,  1.0000,  0.0000,  0.0000,  0.0000,  0.0000]])
tensor([[0.2433, 1.0000, 0.0000, 0.0000, 0.0000, 0.0000]])
tensor([[-0.3541,  1.0000,  0.0000,  0.0000,  0.0000,  0.0000]])
tensor([[-0.9605,  1.0000,  0.0000,  0.0000,  0.0000,  0.0000]])
tensor([[-0.9498,  1.0000,  0.0000,  0.0000,  0.0000,  0.0000]])
tensor([[-0.0644,  1.0000,  0.0000,  0.0000,  0.0000,  0.0000]])
tensor([[-0.8346,  1.0000,  0.0000,  0.0000,  0.0000,  0.0000]])
tensor([[-0.1403,  1.0000,  0.0000,  0.0000,  0.0000,  0.0000]])
tensor([[0.4108, 1.0000, 0.0000, 0.0000, 0.0000, 0.0000]])
tensor([[-0.3305,  1.0000,  0.0000,  0.0000,  0.0000,  0.0000]])
tensor([[-0.8921,  1.0000,  0.0000,  0.0000,  0.0000,  0.0000]])
tensor([[-0.7005,  1.0000,  0.0000,  0.0000,  0.0000,  0.0000]])
tensor([[-0.5987,  0.0000,  0.0000,  0.0000,  0.0000,  0.0000]])
tensor([[-0.1912,  1.0000,  0.0000,  0.0000,  0.0000,  0.0000]])
tensor([[-0.7353,  1.0000,  0.0000,  0.0000,  0.0000,  0.0000]])
tensor([[-0.9399,  1.0000,  0.0000,  0.0000,  0.0000,  0.0000]])
tensor([[0.4143, 1.0000, 0.0000, 0.0000, 0.0000, 0.0000]])
tensor([[0.4535, 1.0000, 0.0000, 0.0000, 0.0000, 0.0000]])
tensor([[0.3340, 1.0000, 0.0000, 0.0000, 0.0000, 0.0000]])
tensor([[-0.1664,  1.0000,  0.0000,  0.0000,  0.0000,  0.0000]])
tensor([[-0.5408,  1.0000,  0.0000,  0.0000,  0.0000,  0.0000]])
tensor([[0.8223, 1.0000, 0.0000, 0.0000, 0.0000, 0.0000]])
tensor([[0.7890, 1.0000, 0.0000, 0.0000, 0.0000, 0.0000]])
tensor([[-0.6246,  1.0000,  0.0000,  0.0000,  0.0000,  0.0000]])
tensor([[0.6824, 1.0000, 0.0000, 0.0000, 0.0000, 0.0000]])
tensor([[0.0962, 1.0000, 0.0000, 0.0000, 0.0000, 0.0000]])
tensor([[-0.7070,  1.0000,  0.0000,  0.0000,  0.0000,  0.0000]])
tensor([[-0.9131,  1.0000,  0.0000,  0.0000,  0.0000,  0.0000]])
tensor([[-0.8776,  1.0000,  0.0000,  0.0000,  0.0000,  0.0000]])
tensor([[-0.0692,  0.0000,  0.0000,  0.0000,  0.0000,  0.0000]])
tensor([[-0.7761,  1.0000,  0.0000,  0.0000,  0.0000,  0.0000]])
tensor([[0.0095, 1.0000, 0.0000, 0.0000, 0.0000, 0.0000]])
tensor([[-0.5140,  1.0000,  0.0000,  0.0000,  0.0000,  0.0000]])
tensor([[-0.3921,  1.0000,  0.0000,  0.0000,  0.0000,  0.0000]])
tensor([[0.0159, 0.0000, 0.0000, 0.0000, 0.0000, 0.0000]])
tensor([[-0.4894,  1.0000,  0.0000,  0.0000,  0.0000,  0.0000]])
tensor([[-0.9909,  1.0000,  0.0000,  0.0000,  0.0000,  0.0000]])
tensor([[-0.9198,  1.0000,  0.0000,  0.0000,  0.0000,  0.0000]])
tensor([[-0.9685,  1.0000,  0.0000,  0.0000,  0.0000,  0.0000]])
tensor([[-0.9818,  1.0000,  0.0000,  0.0000,  0.0000,  0.0000]])
tensor([[-0.9502,  1.0000,  0.0000,  0.0000,  0.0000,  0.0000]])
tensor([[-0.8738,  1.0000,  0.0000,  0.0000,  0.0000,  0.0000]])
tensor([[-0.6510,  1.0000,  0.0000,  0.0000,  0.0000,  0.0000]])
tensor([[-0.5292,  1.0000,  0.0000,  0.0000,  0.0000,  0.0000]])
tensor([[0.1210, 1.0000, 0.0000, 0.0000, 0.0000, 0.0000]])
tensor([[-0.0696,  1.0000,  0.0000,  0.0000,  0.0000,  0.0000]])
tensor([[-0.4557,  1.0000,  0.0000,  0.0000,  0.0000,  0.0000]])
tensor([[-0.7270,  1.0000,  0.0000,  0.0000,  0.0000,  0.0000]])
tensor([[-0.8650,  1.0000,  0.0000,  0.0000,  0.0000,  0.0000]])
tensor([[-0.9092,  1.0000,  0.0000,  0.0000,  0.0000,  0.0000]])
tensor([[-0.8871,  1.0000,  0.0000,  0.0000,  0.0000,  0.0000]])
tensor([[-0.7682,  1.0000,  0.0000,  0.0000,  0.0000,  0.0000]])
tensor([[-0.3318,  1.0000,  0.0000,  0.0000,  0.0000,  0.0000]])
tensor([[-0.7500,  1.0000,  0.0000,  0.0000,  0.0000,  0.0000]])
tensor([[-0.5410,  1.0000,  0.0000,  0.0000,  0.0000,  0.0000]])
tensor([[0.1697, 1.0000, 0.0000, 0.0000, 0.0000, 0.0000]])
tensor([[-0.9512,  1.0000,  0.0000,  0.0000,  0.0000,  0.0000]])
tensor([[-0.3676,  1.0000,  1.0000,  0.0000,  0.0000,  0.0000]])
tensor([[-0.8694,  1.0000,  0.0000,  0.0000,  0.0000,  0.0000]])
tensor([[-0.6552,  1.0000,  0.0000,  0.0000,  0.0000,  0.0000]])
tensor([[-0.4960,  1.0000,  0.0000,  0.0000,  0.0000,  0.0000]])
tensor([[-0.6455,  1.0000,  0.0000,  0.0000,  0.0000,  0.0000]])
tensor([[0.1531, 1.0000, 0.0000, 0.0000, 0.0000, 0.0000]])
tensor([[-0.7972,  1.0000,  1.0000,  0.0000,  0.0000,  0.0000]])
tensor([[-0.8674,  1.0000,  0.0000,  0.0000,  0.0000,  0.0000]])
tensor([[-0.6803,  1.0000,  0.0000,  0.0000,  0.0000,  0.0000]])
tensor([[-0.4226,  1.0000,  0.0000,  0.0000,  0.0000,  0.0000]])
tensor([[-0.5847,  1.0000,  0.0000,  0.0000,  0.0000,  0.0000]])
tensor([[0.0403, 1.0000, 0.0000, 0.0000, 0.0000, 0.0000]])
tensor([[-0.7941,  1.0000,  0.0000,  1.0000,  0.0000,  0.0000]])
tensor([[-0.9772,  1.0000,  0.0000,  0.0000,  0.0000,  0.0000]])
tensor([[-0.5881,  1.0000,  0.0000,  0.0000,  0.0000,  0.0000]])
tensor([[-0.7658,  1.0000,  0.0000,  0.0000,  0.0000,  0.0000]])
tensor([[-0.9444,  1.0000,  0.0000,  0.0000,  0.0000,  0.0000]])
tensor([[-0.9365,  1.0000,  0.0000,  0.0000,  0.0000,  0.0000]])
tensor([[-0.9602,  1.0000,  0.0000,  0.0000,  0.0000,  0.0000]])
tensor([[-0.6855,  1.0000,  0.0000,  0.0000,  0.0000,  0.0000]])
tensor([[-0.4943,  1.0000,  0.0000,  0.0000,  0.0000,  0.0000]])
tensor([[-0.0377,  1.0000,  0.0000,  0.0000,  0.0000,  0.0000]])
tensor([[-0.2214,  1.0000,  0.0000,  0.0000,  0.0000,  0.0000]])
tensor([[0.8485, 1.0000, 0.0000, 0.0000, 0.0000, 0.0000]])
tensor([[0.4980, 1.0000, 0.0000, 0.0000, 0.0000, 0.0000]])
tensor([[-0.4402,  1.0000,  0.0000,  0.0000,  0.0000,  0.0000]])
tensor([[0.1542, 1.0000, 0.0000, 0.0000, 0.0000, 0.0000]])
tensor([[0.8120, 1.0000, 0.0000, 0.0000, 0.0000, 0.0000]])
tensor([[-0.8192,  1.0000,  0.0000,  0.0000,  0.0000,  0.0000]])
tensor([[-0.8875,  1.0000,  0.0000,  0.0000,  0.0000,  0.0000]])
tensor([[0.4180, 1.0000, 0.0000, 0.0000, 1.0000, 0.0000]])
tensor([[0.5763, 1.0000, 0.0000, 0.0000, 0.0000, 0.0000]])
tensor([[0.6292, 1.0000, 0.0000, 0.0000, 0.0000, 0.0000]])
tensor([[-0.9138,  1.0000,  0.0000,  0.0000,  0.0000,  0.0000]])
tensor([[0.9734, 1.0000, 0.0000, 0.0000, 0.0000, 0.0000]])
tensor([[0.2911, 1.0000, 0.0000, 0.0000, 0.0000, 0.0000]])
tensor([[0.4499, 1.0000, 0.0000, 0.0000, 0.0000, 0.0000]])
tensor([[-0.5506,  1.0000,  0.0000,  0.0000,  0.0000,  0.0000]])
tensor([[-0.6718,  1.0000,  0.0000,  0.0000,  0.0000,  0.0000]])
tensor([[0.5786, 1.0000, 0.0000, 0.0000, 0.0000, 0.0000]])
tensor([[0.4008, 1.0000, 0.0000, 0.0000, 0.0000, 0.0000]])
tensor([[-0.6905,  1.0000,  0.0000,  0.0000,  0.0000,  0.0000]])
tensor([[-0.3928,  1.0000,  0.0000,  0.0000,  0.0000,  0.0000]])
tensor([[0.6825, 1.0000, 0.0000, 0.0000, 0.0000, 0.0000]])
tensor([[-0.5491,  1.0000,  0.0000,  0.0000,  0.0000,  0.0000]])
tensor([[-0.3649,  1.0000,  0.0000,  0.0000,  0.0000,  0.0000]])
tensor([[0.8903, 1.0000, 0.0000, 0.0000, 0.0000, 0.0000]])
tensor([[0.8265, 1.0000, 0.0000, 0.0000, 0.0000, 0.0000]])
tensor([[-0.3021,  1.0000,  0.0000,  0.0000,  0.0000,  0.0000]])
tensor([[-0.9893,  1.0000,  0.0000,  0.0000,  0.0000,  0.0000]])
tensor([[-0.9761,  1.0000,  0.0000,  0.0000,  0.0000,  0.0000]])
tensor([[-0.9445,  1.0000,  0.0000,  0.0000,  0.0000,  0.0000]])
tensor([[-0.9302,  0.0000,  0.0000,  0.0000,  0.0000,  0.0000]])
tensor([[-0.9023,  1.0000,  0.0000,  0.0000,  0.0000,  0.0000]])
tensor([[-0.7247,  1.0000,  0.0000,  0.0000,  0.0000,  0.0000]])
tensor([[-0.3143,  1.0000,  0.0000,  0.0000,  0.0000,  0.0000]])
tensor([[-0.3260,  1.0000,  0.0000,  0.0000,  0.0000,  0.0000]])
tensor([[0.7666, 1.0000, 0.0000, 0.0000, 0.0000, 0.0000]])
tensor([[0.9105, 1.0000, 0.0000, 0.0000, 0.0000, 0.0000]])
tensor([[0.2437, 1.0000, 1.0000, 0.0000, 0.0000, 0.0000]])
tensor([[-0.9492,  1.0000,  0.0000,  0.0000,  0.0000,  0.0000]])
tensor([[0.3772, 1.0000, 0.0000, 0.0000, 0.0000, 0.0000]])
tensor([[-0.5629,  1.0000,  0.0000,  0.0000,  0.0000,  0.0000]])
tensor([[-0.6903,  0.0000,  0.0000,  0.0000,  0.0000,  0.0000]])
tensor([[-0.8039,  1.0000,  0.0000,  0.0000,  0.0000,  0.0000]])
tensor([[-0.8733,  1.0000,  0.0000,  0.0000,  0.0000,  0.0000]])
tensor([[-0.4247,  1.0000,  0.0000,  0.0000,  0.0000,  0.0000]])
tensor([[0.7169, 1.0000, 0.0000, 0.0000, 0.0000, 0.0000]])
tensor([[-0.7365,  1.0000,  0.0000,  0.0000,  0.0000,  0.0000]])
tensor([[0.4332, 1.0000, 0.0000, 0.0000, 0.0000, 0.0000]])
tensor([[-0.4714,  1.0000,  0.0000,  0.0000,  0.0000,  0.0000]])
tensor([[-0.4859,  1.0000,  0.0000,  0.0000,  0.0000,  0.0000]])
tensor([[0.7844, 1.0000, 0.0000, 0.0000, 0.0000, 0.0000]])
tensor([[-0.0774,  1.0000,  0.0000,  0.0000,  0.0000,  0.0000]])
tensor([[-0.7110,  1.0000,  0.0000,  0.0000,  0.0000,  0.0000]])
tensor([[0.6650, 1.0000, 0.0000, 0.0000, 0.0000, 0.0000]])
tensor([[-0.7076,  1.0000,  0.0000,  0.0000,  0.0000,  0.0000]])
tensor([[0.5347, 1.0000, 0.0000, 0.0000, 0.0000, 0.0000]])
tensor([[-0.0849,  1.0000,  0.0000,  0.0000,  0.0000,  0.0000]])
tensor([[-0.6217,  1.0000,  0.0000,  0.0000,  0.0000,  0.0000]])
tensor([[0.5076, 1.0000, 0.0000, 0.0000, 0.0000, 0.0000]])
tensor([[0.7482, 1.0000, 0.0000, 0.0000, 0.0000, 0.0000]])
tensor([[0.7087, 1.0000, 0.0000, 0.0000, 0.0000, 0.0000]])
tensor([[-0.6910,  1.0000,  0.0000,  0.0000,  0.0000,  0.0000]])
tensor([[-0.5568,  1.0000,  0.0000,  0.0000,  0.0000,  0.0000]])
tensor([[0.9519, 1.0000, 0.0000, 0.0000, 0.0000, 0.0000]])
tensor([[0.7989, 1.0000, 0.0000, 0.0000, 0.0000, 0.0000]])
tensor([[-0.1909,  1.0000,  0.0000,  0.0000,  0.0000,  0.0000]])
tensor([[-0.5822,  1.0000,  0.0000,  0.0000,  0.0000,  0.0000]])
tensor([[0.0684, 1.0000, 0.0000, 0.0000, 0.0000, 0.0000]])
tensor([[-0.7577,  1.0000,  0.0000,  0.0000,  0.0000,  0.0000]])
tensor([[0.7262, 1.0000, 0.0000, 0.0000, 0.0000, 0.0000]])
tensor([[0.8471, 1.0000, 0.0000, 0.0000, 0.0000, 0.0000]])
tensor([[0.2019, 1.0000, 0.0000, 0.0000, 0.0000, 0.0000]])
tensor([[0.2136, 1.0000, 0.0000, 0.0000, 0.0000, 0.0000]])
tensor([[-0.7577,  1.0000,  0.0000,  0.0000,  0.0000,  0.0000]])
tensor([[0.0903, 1.0000, 0.0000, 0.0000, 0.0000, 0.0000]])
tensor([[0.8359, 1.0000, 0.0000, 0.0000, 0.0000, 0.0000]])
tensor([[0.4852, 1.0000, 0.0000, 0.0000, 0.0000, 0.0000]])
tensor([[0.7222, 1.0000, 0.0000, 0.0000, 0.0000, 0.0000]])
tensor([[0.4107, 1.0000, 0.0000, 0.0000, 0.0000, 0.0000]])
tensor([[0.9863, 1.0000, 0.0000, 0.0000, 0.0000, 0.0000]])
tensor([[0.5891, 1.0000, 0.0000, 0.0000, 0.0000, 0.0000]])
tensor([[-0.1946,  1.0000,  0.0000,  0.0000,  0.0000,  0.0000]])
tensor([[0.9049, 1.0000, 0.0000, 0.0000, 0.0000, 0.0000]])
tensor([[0.8498, 1.0000, 0.0000, 0.0000, 0.0000, 0.0000]])
tensor([[0.8049, 1.0000, 0.0000, 0.0000, 0.0000, 0.0000]])
tensor([[-0.4014,  1.0000,  0.0000,  0.0000,  0.0000,  0.0000]])
tensor([[-0.9742,  1.0000,  0.0000,  0.0000,  0.0000,  0.0000]])
tensor([[-0.7096,  1.0000,  0.0000,  0.0000,  0.0000,  0.0000]])
tensor([[-0.7831,  1.0000,  0.0000,  0.0000,  0.0000,  0.0000]])
tensor([[-0.5327,  1.0000,  0.0000,  0.0000,  0.0000,  0.0000]])
tensor([[0.9087, 1.0000, 0.0000, 0.0000, 0.0000, 0.0000]])
tensor([[0.4085, 1.0000, 0.0000, 0.0000, 0.0000, 0.0000]])
tensor([[-0.1638,  1.0000,  0.0000,  0.0000,  0.0000,  0.0000]])
tensor([[0.6731, 1.0000, 0.0000, 0.0000, 0.0000, 0.0000]])
tensor([[0.0501, 1.0000, 0.0000, 0.0000, 0.0000, 0.0000]])
tensor([[0.9078, 1.0000, 0.0000, 0.0000, 0.0000, 0.0000]])
tensor([[-0.4601,  1.0000,  0.0000,  0.0000,  0.0000,  0.0000]])
tensor([[-0.4162,  1.0000,  0.0000,  0.0000,  0.0000,  0.0000]])
tensor([[0.4818, 1.0000, 0.0000, 0.0000, 0.0000, 0.0000]])
tensor([[0.9599, 1.0000, 0.0000, 0.0000, 0.0000, 0.0000]])
tensor([[-0.5625,  1.0000,  0.0000,  0.0000,  0.0000,  0.0000]])
tensor([[-0.6000,  1.0000,  0.0000,  0.0000,  0.0000,  0.0000]])
tensor([[-0.7744,  1.0000,  0.0000,  0.0000,  0.0000,  0.0000]])
tensor([[0.7441, 1.0000, 0.0000, 0.0000, 0.0000, 0.0000]])
tensor([[-0.8686,  1.0000,  0.0000,  0.0000,  0.0000,  0.0000]])
tensor([[-0.7314,  1.0000,  0.0000,  0.0000,  0.0000,  0.0000]])
tensor([[-0.5201,  1.0000,  0.0000,  0.0000,  0.0000,  0.0000]])
tensor([[-0.0916,  1.0000,  0.0000,  0.0000,  0.0000,  0.0000]])
tensor([[0.9713, 1.0000, 0.0000, 0.0000, 0.0000, 0.0000]])
tensor([[-0.4855,  0.0000,  0.0000,  0.0000,  0.0000,  0.0000]])
INFO:root:Agent 0 (TQCars): avg action time = 0.0009s
tensor([[-0.3413,  1.0000,  0.0000,  0.0000,  0.0000,  0.0000]])
tensor([[0.9769, 1.0000, 0.0000, 0.0000, 0.0000, 0.0000]])
tensor([[0.7781, 1.0000, 0.0000, 0.0000, 0.0000, 0.0000]])
tensor([[0.5494, 1.0000, 0.0000, 0.0000, 0.0000, 0.0000]])
tensor([[0.3227, 1.0000, 0.0000, 0.0000, 0.0000, 0.0000]])
tensor([[0.0968, 1.0000, 0.0000, 0.0000, 0.0000, 0.0000]])
tensor([[-0.5299,  1.0000,  0.0000,  0.0000,  0.0000,  0.0000]])
tensor([[-0.3688,  1.0000,  0.0000,  0.0000,  0.0000,  0.0000]])
tensor([[0.7111, 1.0000, 1.0000, 0.0000, 0.0000, 0.0000]])
tensor([[-0.5786,  1.0000,  0.0000,  0.0000,  1.0000,  0.0000]])
tensor([[0.7385, 1.0000, 0.0000, 1.0000, 0.0000, 0.0000]])
tensor([[0.5393, 1.0000, 0.0000, 0.0000, 0.0000, 0.0000]])
tensor([[0.2184, 1.0000, 1.0000, 0.0000, 0.0000, 0.0000]])
tensor([[-0.1735,  1.0000,  0.0000,  0.0000,  0.0000,  0.0000]])
tensor([[0.1877, 1.0000, 0.0000, 0.0000, 0.0000, 0.0000]])
tensor([[0.2810, 0.0000, 0.0000, 0.0000, 0.0000, 0.0000]])
tensor([[0.0194, 1.0000, 0.0000, 0.0000, 0.0000, 0.0000]])
tensor([[-0.6739,  1.0000,  0.0000,  0.0000,  0.0000,  0.0000]])
tensor([[0.7367, 1.0000, 0.0000, 0.0000, 0.0000, 0.0000]])
tensor([[-0.0989,  1.0000,  0.0000,  0.0000,  0.0000,  0.0000]])
tensor([[-0.3157,  1.0000,  0.0000,  0.0000,  0.0000,  0.0000]])
tensor([[-0.7141,  1.0000,  0.0000,  0.0000,  0.0000,  0.0000]])
tensor([[0.4398, 1.0000, 0.0000, 0.0000, 0.0000, 0.0000]])
tensor([[0.1588, 1.0000, 0.0000, 0.0000, 0.0000, 0.0000]])
tensor([[0.3435, 1.0000, 0.0000, 0.0000, 0.0000, 0.0000]])
tensor([[-0.1843,  1.0000,  0.0000,  0.0000,  0.0000,  0.0000]])
tensor([[-0.4951,  1.0000,  0.0000,  0.0000,  0.0000,  0.0000]])
tensor([[-0.8107,  1.0000,  0.0000,  0.0000,  0.0000,  0.0000]])
tensor([[0.4207, 1.0000, 0.0000, 0.0000, 0.0000, 0.0000]])
tensor([[0.2690, 1.0000, 0.0000, 0.0000, 0.0000, 0.0000]])
tensor([[-0.2232,  1.0000,  0.0000,  0.0000,  0.0000,  0.0000]])
tensor([[0.2620, 1.0000, 0.0000, 0.0000, 0.0000, 0.0000]])
tensor([[0.4536, 1.0000, 0.0000, 0.0000, 0.0000, 0.0000]])
tensor([[0.2179, 1.0000, 0.0000, 0.0000, 0.0000, 0.0000]])
tensor([[0.5986, 1.0000, 0.0000, 0.0000, 0.0000, 0.0000]])
tensor([[-0.9009,  1.0000,  0.0000,  0.0000,  0.0000,  0.0000]])
tensor([[-0.0943,  1.0000,  0.0000,  0.0000,  0.0000,  0.0000]])
tensor([[-0.7352,  1.0000,  0.0000,  0.0000,  0.0000,  0.0000]])
tensor([[0.7275, 1.0000, 0.0000, 0.0000, 0.0000, 0.0000]])
tensor([[0.7337, 1.0000, 0.0000, 0.0000, 0.0000, 0.0000]])
tensor([[0.5325, 1.0000, 0.0000, 0.0000, 0.0000, 0.0000]])
tensor([[-0.8659,  1.0000,  0.0000,  0.0000,  0.0000,  0.0000]])
tensor([[0.5448, 1.0000, 0.0000, 0.0000, 0.0000, 0.0000]])
tensor([[-0.0547,  1.0000,  0.0000,  0.0000,  0.0000,  0.0000]])
tensor([[0.1502, 1.0000, 0.0000, 0.0000, 0.0000, 0.0000]])
tensor([[-0.9201,  1.0000,  0.0000,  1.0000,  0.0000,  0.0000]])
tensor([[-0.4748,  1.0000,  0.0000,  0.0000,  0.0000,  0.0000]])
{"type": "results", "track": "mines", "results": [{"key": 0, "reward": 10.0938720703125, "position": 4, "name": "TQCars", "avg_action_time": 0.0009339368762781806}]}
