INFO:root:Loading the agents
INFO:root:Loaded player TQCars
INFO:root:Creating pystk-1
INFO:root:Adding wrapper <function get_wrappers.<locals>.<lambda> at 0x72de3c4ef420>
INFO:root:Adding wrapper <function get_wrappers.<locals>.<lambda> at 0x72de3c4ef4c0>
INFO:root:Adding wrapper <function get_wrappers.<locals>.<lambda> at 0x72de3c4ef560>
INFO:root:Adding wrapper <function get_wrappers.<locals>.<lambda> at 0x72de3c4ef600>
INFO:root:(multi-env mono adapter) Setting main environment max_paths to 5
INFO:root:Loading trained model from CHECKPOINT-GPUFAC/tqc_EXP12_1900000.pt...
INFO:root:Starting a race
tensor([[0.4495, 1.0000, 1.0000, 0.0000, 0.0000, 0.0000]])
tensor([[0.3082, 1.0000, 0.0000, 0.0000, 0.0000, 0.0000]])
tensor([[0.4542, 1.0000, 1.0000, 0.0000, 0.0000, 0.0000]])
tensor([[0.2830, 1.0000, 0.0000, 0.0000, 0.0000, 0.0000]])
tensor([[0.0979, 1.0000, 0.0000, 0.0000, 0.0000, 0.0000]])
tensor([[0.3651, 1.0000, 0.0000, 0.0000, 0.0000, 0.0000]])
tensor([[0.5157, 1.0000, 1.0000, 0.0000, 0.0000, 0.0000]])
tensor([[0.1819, 1.0000, 0.0000, 0.0000, 0.0000, 0.0000]])
tensor([[0.5622, 1.0000, 0.0000, 0.0000, 0.0000, 0.0000]])
tensor([[0.5499, 1.0000, 0.0000, 0.0000, 0.0000, 0.0000]])
tensor([[0.5952, 0.0000, 0.0000, 0.0000, 0.0000, 0.0000]])
tensor([[-0.5756,  1.0000,  0.0000,  0.0000,  0.0000,  0.0000]])
tensor([[0.5653, 1.0000, 0.0000, 1.0000, 0.0000, 0.0000]])
tensor([[0.3117, 0.0000, 1.0000, 0.0000, 0.0000, 0.0000]])
tensor([[0.4671, 1.0000, 0.0000, 0.0000, 0.0000, 0.0000]])
tensor([[0.3473, 1.0000, 0.0000, 0.0000, 0.0000, 0.0000]])
tensor([[0.4436, 1.0000, 0.0000, 0.0000, 0.0000, 0.0000]])
tensor([[0.5580, 0.0000, 0.0000, 0.0000, 0.0000, 0.0000]])
tensor([[0.6571, 0.0000, 1.0000, 0.0000, 0.0000, 0.0000]])
tensor([[0.4686, 1.0000, 0.0000, 0.0000, 0.0000, 0.0000]])
tensor([[0.4553, 1.0000, 0.0000, 0.0000, 0.0000, 0.0000]])
tensor([[0.4876, 1.0000, 0.0000, 0.0000, 0.0000, 0.0000]])
tensor([[0.6335, 1.0000, 0.0000, 0.0000, 0.0000, 0.0000]])
tensor([[-0.3989,  1.0000,  0.0000,  0.0000,  0.0000,  0.0000]])
tensor([[0.7974, 0.0000, 1.0000, 0.0000, 0.0000, 0.0000]])
tensor([[-0.9242,  1.0000,  0.0000,  0.0000,  0.0000,  0.0000]])
tensor([[-0.6413,  0.0000,  0.0000,  0.0000,  0.0000,  0.0000]])
tensor([[-0.4162,  0.0000,  0.0000,  0.0000,  0.0000,  0.0000]])
tensor([[-0.8045,  1.0000,  0.0000,  0.0000,  0.0000,  0.0000]])
tensor([[-0.5791,  1.0000,  0.0000,  0.0000,  0.0000,  0.0000]])
tensor([[-0.3079,  1.0000,  0.0000,  0.0000,  0.0000,  0.0000]])
tensor([[0.5296, 1.0000, 0.0000, 0.0000, 0.0000, 0.0000]])
tensor([[0.8027, 1.0000, 0.0000, 0.0000, 0.0000, 0.0000]])
tensor([[0.7634, 1.0000, 0.0000, 0.0000, 0.0000, 0.0000]])
tensor([[0.0612, 1.0000, 1.0000, 0.0000, 0.0000, 0.0000]])
tensor([[0.4560, 1.0000, 0.0000, 0.0000, 0.0000, 0.0000]])
tensor([[-0.4064,  1.0000,  0.0000,  0.0000,  0.0000,  0.0000]])
tensor([[0.2732, 1.0000, 0.0000, 0.0000, 0.0000, 0.0000]])
tensor([[0.1597, 1.0000, 0.0000, 0.0000, 0.0000, 0.0000]])
tensor([[-0.4504,  0.0000,  0.0000,  0.0000,  0.0000,  0.0000]])
tensor([[-0.6109,  1.0000,  0.0000,  0.0000,  0.0000,  0.0000]])
tensor([[-0.0970,  1.0000,  0.0000,  0.0000,  0.0000,  0.0000]])
tensor([[0.9745, 1.0000, 0.0000, 0.0000, 0.0000, 0.0000]])
tensor([[0.7143, 1.0000, 0.0000, 1.0000, 0.0000, 0.0000]])
tensor([[-0.1991,  1.0000,  0.0000,  0.0000,  0.0000,  0.0000]])
tensor([[-0.9008,  1.0000,  0.0000,  0.0000,  0.0000,  0.0000]])
tensor([[-0.7841,  1.0000,  1.0000,  0.0000,  0.0000,  0.0000]])
tensor([[-0.3739,  1.0000,  0.0000,  0.0000,  0.0000,  0.0000]])
tensor([[0.9998, 1.0000, 0.0000, 0.0000, 0.0000, 0.0000]])
tensor([[0.9951, 1.0000, 0.0000, 0.0000, 0.0000, 0.0000]])
tensor([[0.9814, 1.0000, 0.0000, 0.0000, 0.0000, 0.0000]])
tensor([[0.8474, 1.0000, 0.0000, 0.0000, 0.0000, 0.0000]])
tensor([[0.9922, 1.0000, 0.0000, 0.0000, 0.0000, 0.0000]])
tensor([[0.9562, 1.0000, 0.0000, 0.0000, 0.0000, 0.0000]])
tensor([[0.9447, 0.0000, 0.0000, 0.0000, 0.0000, 0.0000]])
tensor([[0.7771, 1.0000, 1.0000, 0.0000, 0.0000, 0.0000]])
tensor([[0.6695, 1.0000, 0.0000, 0.0000, 0.0000, 0.0000]])
tensor([[0.9710, 1.0000, 0.0000, 0.0000, 0.0000, 0.0000]])
tensor([[0.9428, 0.0000, 0.0000, 0.0000, 1.0000, 0.0000]])
tensor([[0.9019, 1.0000, 0.0000, 0.0000, 0.0000, 0.0000]])
tensor([[0.2928, 1.0000, 1.0000, 0.0000, 0.0000, 0.0000]])
tensor([[0.9976, 1.0000, 0.0000, 0.0000, 0.0000, 0.0000]])
tensor([[0.9971, 1.0000, 0.0000, 0.0000, 0.0000, 0.0000]])
tensor([[0.9953, 1.0000, 0.0000, 0.0000, 0.0000, 0.0000]])
tensor([[0.9509, 1.0000, 0.0000, 0.0000, 0.0000, 0.0000]])
tensor([[0.9889, 1.0000, 0.0000, 0.0000, 0.0000, 0.0000]])
tensor([[0.9878, 1.0000, 1.0000, 0.0000, 0.0000, 0.0000]])
tensor([[0.9791, 1.0000, 0.0000, 0.0000, 0.0000, 0.0000]])
tensor([[0.8859, 1.0000, 0.0000, 0.0000, 0.0000, 0.0000]])
tensor([[0.3998, 1.0000, 0.0000, 0.0000, 0.0000, 0.0000]])
tensor([[-0.6448,  1.0000,  0.0000,  1.0000,  0.0000,  0.0000]])
tensor([[-0.7779,  1.0000,  0.0000,  0.0000,  0.0000,  0.0000]])
tensor([[0.3791, 1.0000, 0.0000, 1.0000, 0.0000, 1.0000]])
tensor([[-0.9732,  1.0000,  0.0000,  0.0000,  0.0000,  0.0000]])
tensor([[-0.9873,  1.0000,  1.0000,  0.0000,  1.0000,  0.0000]])
tensor([[-0.9995,  1.0000,  0.0000,  0.0000,  0.0000,  0.0000]])
tensor([[-0.9962,  1.0000,  0.0000,  0.0000,  0.0000,  0.0000]])
tensor([[-0.9999,  0.0000,  0.0000,  0.0000,  0.0000,  0.0000]])
tensor([[-0.9994,  1.0000,  0.0000,  0.0000,  0.0000,  0.0000]])
tensor([[-0.9997,  1.0000,  1.0000,  0.0000,  0.0000,  0.0000]])
tensor([[-0.9984,  0.0000,  1.0000,  0.0000,  0.0000,  0.0000]])
tensor([[-0.9998,  1.0000,  1.0000,  0.0000,  0.0000,  0.0000]])
tensor([[-0.9992,  0.0000,  0.0000,  0.0000,  0.0000,  0.0000]])
tensor([[-0.9997,  1.0000,  1.0000,  0.0000,  0.0000,  0.0000]])
tensor([[-0.9997,  0.0000,  0.0000,  0.0000,  0.0000,  0.0000]])
tensor([[-0.9958,  1.0000,  1.0000,  0.0000,  1.0000,  0.0000]])
tensor([[-0.9999,  1.0000,  1.0000,  0.0000,  0.0000,  0.0000]])
tensor([[-1.0000,  0.0000,  0.0000,  0.0000,  0.0000,  0.0000]])
tensor([[-0.9996,  0.0000,  1.0000,  0.0000,  0.0000,  1.0000]])
tensor([[-0.9990,  0.0000,  1.0000,  0.0000,  0.0000,  0.0000]])
tensor([[-0.9996,  0.0000,  1.0000,  0.0000,  0.0000,  0.0000]])
tensor([[-0.9958,  0.0000,  1.0000,  0.0000,  0.0000,  0.0000]])
tensor([[-0.9992,  0.0000,  1.0000,  0.0000,  0.0000,  0.0000]])
tensor([[-0.9984,  0.0000,  1.0000,  0.0000,  0.0000,  0.0000]])
tensor([[-0.9997,  1.0000,  1.0000,  0.0000,  0.0000,  0.0000]])
tensor([[-0.9989,  0.0000,  1.0000,  0.0000,  0.0000,  0.0000]])
tensor([[-0.9998,  0.0000,  0.0000,  0.0000,  0.0000,  0.0000]])
tensor([[-0.9915,  1.0000,  1.0000,  0.0000,  1.0000,  0.0000]])
tensor([[-0.9990,  0.0000,  1.0000,  0.0000,  0.0000,  0.0000]])
tensor([[-0.9118,  1.0000,  1.0000,  0.0000,  0.0000,  0.0000]])
tensor([[0.9513, 0.0000, 0.0000, 0.0000, 0.0000, 0.0000]])
tensor([[0.9283, 1.0000, 0.0000, 0.0000, 0.0000, 0.0000]])
tensor([[0.9354, 1.0000, 0.0000, 0.0000, 0.0000, 0.0000]])
tensor([[0.9111, 1.0000, 0.0000, 0.0000, 0.0000, 0.0000]])
tensor([[0.9645, 0.0000, 0.0000, 0.0000, 0.0000, 0.0000]])
tensor([[0.9572, 1.0000, 0.0000, 0.0000, 0.0000, 0.0000]])
tensor([[0.9169, 1.0000, 0.0000, 0.0000, 0.0000, 0.0000]])
tensor([[0.7995, 1.0000, 0.0000, 1.0000, 0.0000, 0.0000]])
tensor([[0.4152, 1.0000, 1.0000, 0.0000, 0.0000, 0.0000]])
tensor([[-0.9690,  1.0000,  0.0000,  0.0000,  0.0000,  0.0000]])
tensor([[-0.7247,  1.0000,  0.0000,  0.0000,  0.0000,  0.0000]])
tensor([[-0.1576,  1.0000,  0.0000,  0.0000,  0.0000,  0.0000]])
tensor([[0.1491, 1.0000, 1.0000, 0.0000, 0.0000, 0.0000]])
tensor([[0.2823, 1.0000, 0.0000, 0.0000, 0.0000, 0.0000]])
tensor([[0.2491, 1.0000, 0.0000, 0.0000, 0.0000, 0.0000]])
tensor([[-0.7446,  1.0000,  0.0000,  1.0000,  0.0000,  0.0000]])
tensor([[-0.5038,  0.0000,  0.0000,  0.0000,  0.0000,  0.0000]])
tensor([[0.4932, 1.0000, 0.0000, 0.0000, 0.0000, 0.0000]])
tensor([[0.6748, 1.0000, 0.0000, 0.0000, 0.0000, 0.0000]])
tensor([[0.4762, 1.0000, 0.0000, 0.0000, 0.0000, 0.0000]])
tensor([[-0.0143,  1.0000,  1.0000,  0.0000,  0.0000,  0.0000]])
tensor([[-0.6148,  1.0000,  0.0000,  0.0000,  1.0000,  0.0000]])
tensor([[-0.4821,  1.0000,  0.0000,  0.0000,  0.0000,  0.0000]])
tensor([[-0.0801,  1.0000,  0.0000,  0.0000,  0.0000,  0.0000]])
tensor([[0.3656, 1.0000, 0.0000, 0.0000, 0.0000, 0.0000]])
tensor([[0.2718, 1.0000, 0.0000, 0.0000, 0.0000, 0.0000]])
tensor([[0.0902, 1.0000, 0.0000, 0.0000, 0.0000, 0.0000]])
tensor([[-0.9525,  0.0000,  0.0000,  0.0000,  0.0000,  0.0000]])
tensor([[-0.9796,  1.0000,  0.0000,  0.0000,  0.0000,  0.0000]])
tensor([[-0.9856,  1.0000,  0.0000,  0.0000,  0.0000,  0.0000]])
tensor([[-0.9755,  1.0000,  0.0000,  0.0000,  0.0000,  0.0000]])
tensor([[-0.9938,  1.0000,  0.0000,  0.0000,  0.0000,  0.0000]])
tensor([[-0.9737,  0.0000,  1.0000,  0.0000,  1.0000,  0.0000]])
tensor([[-0.9618,  0.0000,  1.0000,  0.0000,  0.0000,  0.0000]])
tensor([[-0.9396,  1.0000,  0.0000,  0.0000,  0.0000,  0.0000]])
tensor([[-0.4893,  1.0000,  1.0000,  0.0000,  0.0000,  0.0000]])
tensor([[-0.0889,  1.0000,  0.0000,  0.0000,  0.0000,  0.0000]])
tensor([[0.9699, 0.0000, 0.0000, 0.0000, 0.0000, 0.0000]])
tensor([[0.9226, 1.0000, 0.0000, 0.0000, 0.0000, 0.0000]])
tensor([[0.6516, 1.0000, 1.0000, 0.0000, 0.0000, 0.0000]])
tensor([[0.2398, 1.0000, 0.0000, 0.0000, 0.0000, 0.0000]])
tensor([[-0.4897,  1.0000,  0.0000,  0.0000,  0.0000,  0.0000]])
tensor([[-0.5743,  1.0000,  1.0000,  0.0000,  0.0000,  0.0000]])
tensor([[0.8200, 1.0000, 0.0000, 0.0000, 0.0000, 0.0000]])
tensor([[0.6501, 1.0000, 0.0000, 0.0000, 0.0000, 0.0000]])
tensor([[0.5300, 1.0000, 1.0000, 0.0000, 0.0000, 0.0000]])
tensor([[0.5880, 0.0000, 0.0000, 0.0000, 0.0000, 0.0000]])
tensor([[0.6797, 1.0000, 0.0000, 0.0000, 0.0000, 0.0000]])
tensor([[0.4711, 1.0000, 0.0000, 0.0000, 0.0000, 0.0000]])
tensor([[-0.0551,  1.0000,  0.0000,  0.0000,  0.0000,  0.0000]])
tensor([[0.5442, 1.0000, 0.0000, 0.0000, 0.0000, 0.0000]])
tensor([[-0.0507,  1.0000,  0.0000,  0.0000,  0.0000,  0.0000]])
tensor([[-0.0899,  1.0000,  0.0000,  0.0000,  0.0000,  0.0000]])
tensor([[-0.9774,  1.0000,  0.0000,  0.0000,  0.0000,  0.0000]])
tensor([[-0.9887,  0.0000,  1.0000,  0.0000,  0.0000,  0.0000]])
tensor([[-0.9994,  1.0000,  0.0000,  0.0000,  0.0000,  0.0000]])
tensor([[-0.9981,  0.0000,  0.0000,  0.0000,  0.0000,  0.0000]])
tensor([[-0.9966,  1.0000,  0.0000,  0.0000,  0.0000,  0.0000]])
tensor([[-0.9974,  0.0000,  0.0000,  0.0000,  0.0000,  0.0000]])
tensor([[-0.9883,  1.0000,  0.0000,  0.0000,  0.0000,  0.0000]])
tensor([[-0.9938,  1.0000,  0.0000,  0.0000,  0.0000,  0.0000]])
tensor([[-0.9703,  1.0000,  0.0000,  0.0000,  0.0000,  0.0000]])
tensor([[-0.4797,  1.0000,  0.0000,  0.0000,  0.0000,  0.0000]])
tensor([[0.7848, 1.0000, 0.0000, 0.0000, 0.0000, 0.0000]])
tensor([[0.5942, 1.0000, 0.0000, 0.0000, 1.0000, 0.0000]])
tensor([[0.5148, 1.0000, 0.0000, 0.0000, 0.0000, 0.0000]])
tensor([[0.1124, 1.0000, 0.0000, 0.0000, 1.0000, 0.0000]])
tensor([[-0.7280,  1.0000,  0.0000,  1.0000,  0.0000,  0.0000]])
tensor([[-0.5779,  1.0000,  0.0000,  0.0000,  0.0000,  0.0000]])
tensor([[0.3691, 1.0000, 1.0000, 0.0000, 0.0000, 0.0000]])
tensor([[-0.0021,  1.0000,  0.0000,  0.0000,  0.0000,  0.0000]])
tensor([[0.0662, 1.0000, 0.0000, 0.0000, 0.0000, 0.0000]])
tensor([[0.2581, 1.0000, 0.0000, 0.0000, 0.0000, 0.0000]])
tensor([[-0.9000,  0.0000,  0.0000,  0.0000,  0.0000,  0.0000]])
tensor([[-0.9410,  1.0000,  0.0000,  0.0000,  0.0000,  0.0000]])
tensor([[-0.9428,  1.0000,  1.0000,  0.0000,  0.0000,  0.0000]])
tensor([[-0.9430,  1.0000,  0.0000,  0.0000,  0.0000,  0.0000]])
tensor([[-0.9886,  1.0000,  1.0000,  0.0000,  0.0000,  0.0000]])
tensor([[-0.9892,  1.0000,  0.0000,  0.0000,  0.0000,  0.0000]])
tensor([[-0.9995,  1.0000,  0.0000,  0.0000,  0.0000,  0.0000]])
tensor([[-0.9981,  1.0000,  0.0000,  0.0000,  0.0000,  0.0000]])
tensor([[-0.9973,  1.0000,  0.0000,  0.0000,  0.0000,  0.0000]])
tensor([[-0.9891,  1.0000,  1.0000,  1.0000,  0.0000,  0.0000]])
tensor([[-0.9922,  1.0000,  0.0000,  0.0000,  0.0000,  0.0000]])
tensor([[-0.5795,  1.0000,  0.0000,  0.0000,  0.0000,  0.0000]])
tensor([[0.8329, 1.0000, 0.0000, 0.0000, 0.0000, 0.0000]])
tensor([[0.9420, 1.0000, 0.0000, 0.0000, 0.0000, 0.0000]])
tensor([[0.6378, 1.0000, 0.0000, 0.0000, 0.0000, 0.0000]])
tensor([[0.6429, 1.0000, 0.0000, 1.0000, 0.0000, 0.0000]])
tensor([[0.3668, 1.0000, 1.0000, 0.0000, 0.0000, 0.0000]])
tensor([[-0.8056,  1.0000,  1.0000,  0.0000,  0.0000,  0.0000]])
tensor([[-0.8164,  1.0000,  0.0000,  0.0000,  0.0000,  0.0000]])
tensor([[-0.4079,  1.0000,  0.0000,  0.0000,  0.0000,  0.0000]])
tensor([[-0.0466,  1.0000,  0.0000,  1.0000,  0.0000,  0.0000]])
tensor([[0.5184, 1.0000, 0.0000, 0.0000, 0.0000, 0.0000]])
tensor([[-0.0254,  0.0000,  0.0000,  0.0000,  0.0000,  0.0000]])
tensor([[0.8136, 1.0000, 0.0000, 0.0000, 0.0000, 0.0000]])
tensor([[0.7124, 1.0000, 0.0000, 0.0000, 0.0000, 0.0000]])
tensor([[0.8714, 1.0000, 0.0000, 0.0000, 0.0000, 0.0000]])
tensor([[0.6324, 1.0000, 0.0000, 0.0000, 0.0000, 0.0000]])
tensor([[0.3144, 1.0000, 0.0000, 0.0000, 0.0000, 0.0000]])
tensor([[-0.4940,  1.0000,  0.0000,  0.0000,  0.0000,  0.0000]])
tensor([[-0.6075,  1.0000,  1.0000,  0.0000,  0.0000,  0.0000]])
tensor([[-0.4722,  1.0000,  0.0000,  0.0000,  0.0000,  0.0000]])
tensor([[-0.3944,  1.0000,  0.0000,  1.0000,  0.0000,  0.0000]])
tensor([[0.0944, 1.0000, 0.0000, 0.0000, 0.0000, 0.0000]])
tensor([[0.8539, 1.0000, 0.0000, 0.0000, 1.0000, 0.0000]])
tensor([[0.5991, 1.0000, 0.0000, 0.0000, 0.0000, 0.0000]])
tensor([[-0.5727,  1.0000,  0.0000,  0.0000,  0.0000,  0.0000]])
tensor([[-0.6882,  1.0000,  0.0000,  1.0000,  0.0000,  0.0000]])
tensor([[0.9672, 1.0000, 0.0000, 0.0000, 0.0000, 0.0000]])
tensor([[0.9544, 1.0000, 1.0000, 0.0000, 0.0000, 0.0000]])
tensor([[0.9901, 1.0000, 0.0000, 0.0000, 0.0000, 0.0000]])
tensor([[0.9994, 1.0000, 0.0000, 0.0000, 0.0000, 0.0000]])
tensor([[0.9971, 1.0000, 0.0000, 0.0000, 0.0000, 0.0000]])
tensor([[0.9994, 0.0000, 0.0000, 0.0000, 0.0000, 0.0000]])
tensor([[0.9996, 1.0000, 0.0000, 0.0000, 0.0000, 0.0000]])
tensor([[0.9994, 1.0000, 0.0000, 0.0000, 0.0000, 0.0000]])
tensor([[0.9990, 1.0000, 0.0000, 0.0000, 1.0000, 0.0000]])
tensor([[0.9939, 1.0000, 0.0000, 0.0000, 0.0000, 0.0000]])
tensor([[0.9995, 1.0000, 1.0000, 0.0000, 0.0000, 0.0000]])
tensor([[0.9957, 1.0000, 0.0000, 0.0000, 0.0000, 0.0000]])
tensor([[0.7555, 1.0000, 0.0000, 0.0000, 0.0000, 0.0000]])
tensor([[-0.9987,  1.0000,  0.0000,  0.0000,  0.0000,  0.0000]])
tensor([[-1.0000,  1.0000,  1.0000,  0.0000,  0.0000,  0.0000]])
tensor([[-0.9998,  0.0000,  1.0000,  0.0000,  0.0000,  0.0000]])
tensor([[-0.9991,  1.0000,  0.0000,  1.0000,  0.0000,  0.0000]])
tensor([[-0.9999,  1.0000,  0.0000,  0.0000,  0.0000,  0.0000]])
tensor([[-0.9998,  1.0000,  1.0000,  0.0000,  0.0000,  0.0000]])
tensor([[-0.9995,  0.0000,  1.0000,  0.0000,  0.0000,  0.0000]])
tensor([[-0.9979,  0.0000,  1.0000,  0.0000,  0.0000,  0.0000]])
tensor([[-0.9998,  0.0000,  1.0000,  0.0000,  0.0000,  0.0000]])
tensor([[-0.9996,  0.0000,  1.0000,  0.0000,  0.0000,  0.0000]])
tensor([[-0.9962,  1.0000,  1.0000,  0.0000,  0.0000,  0.0000]])
tensor([[-0.9893,  1.0000,  1.0000,  0.0000,  0.0000,  0.0000]])
tensor([[-0.9927,  0.0000,  1.0000,  0.0000,  0.0000,  0.0000]])
tensor([[-0.9900,  0.0000,  1.0000,  0.0000,  0.0000,  0.0000]])
tensor([[-0.9228,  0.0000,  1.0000,  0.0000,  0.0000,  0.0000]])
tensor([[-0.9929,  0.0000,  1.0000,  0.0000,  0.0000,  0.0000]])
tensor([[0.1729, 0.0000, 1.0000, 0.0000, 0.0000, 0.0000]])
tensor([[0.6708, 0.0000, 1.0000, 0.0000, 0.0000, 0.0000]])
tensor([[0.8065, 0.0000, 1.0000, 0.0000, 0.0000, 0.0000]])
tensor([[-0.3823,  0.0000,  1.0000,  0.0000,  0.0000,  0.0000]])
tensor([[0.0401, 1.0000, 1.0000, 0.0000, 0.0000, 0.0000]])
tensor([[-0.5223,  0.0000,  1.0000,  0.0000,  0.0000,  0.0000]])
tensor([[-0.1718,  0.0000,  1.0000,  0.0000,  0.0000,  0.0000]])
tensor([[-0.2228,  0.0000,  1.0000,  0.0000,  0.0000,  1.0000]])
tensor([[0.7501, 0.0000, 1.0000, 0.0000, 0.0000, 0.0000]])
tensor([[0.6801, 0.0000, 1.0000, 0.0000, 0.0000, 0.0000]])
tensor([[0.5959, 0.0000, 1.0000, 0.0000, 0.0000, 0.0000]])
tensor([[0.0526, 0.0000, 1.0000, 0.0000, 0.0000, 0.0000]])
tensor([[-0.3678,  0.0000,  1.0000,  0.0000,  0.0000,  0.0000]])
tensor([[-0.5104,  0.0000,  1.0000,  0.0000,  0.0000,  0.0000]])
tensor([[0.2139, 0.0000, 1.0000, 0.0000, 0.0000, 0.0000]])
tensor([[-0.8292,  0.0000,  1.0000,  0.0000,  0.0000,  0.0000]])
tensor([[-0.8756,  0.0000,  1.0000,  0.0000,  0.0000,  0.0000]])
tensor([[0.0851, 0.0000, 1.0000, 0.0000, 0.0000, 0.0000]])
tensor([[0.8672, 0.0000, 1.0000, 0.0000, 0.0000, 0.0000]])
tensor([[0.9247, 0.0000, 1.0000, 0.0000, 0.0000, 0.0000]])
tensor([[-0.7649,  0.0000,  1.0000,  0.0000,  0.0000,  0.0000]])
tensor([[-0.8560,  0.0000,  1.0000,  0.0000,  0.0000,  0.0000]])
tensor([[-0.2338,  0.0000,  1.0000,  0.0000,  0.0000,  0.0000]])
tensor([[0.8612, 0.0000, 1.0000, 0.0000, 0.0000, 0.0000]])
tensor([[0.4238, 0.0000, 1.0000, 0.0000, 0.0000, 0.0000]])
tensor([[-0.1121,  0.0000,  1.0000,  0.0000,  0.0000,  0.0000]])
tensor([[0.1212, 0.0000, 1.0000, 0.0000, 0.0000, 0.0000]])
tensor([[-0.8210,  0.0000,  1.0000,  1.0000,  0.0000,  0.0000]])
tensor([[-0.6399,  0.0000,  1.0000,  0.0000,  0.0000,  0.0000]])
tensor([[-0.6018,  0.0000,  1.0000,  0.0000,  0.0000,  0.0000]])
tensor([[-0.0964,  0.0000,  1.0000,  0.0000,  0.0000,  0.0000]])
tensor([[0.8729, 0.0000, 1.0000, 0.0000, 0.0000, 0.0000]])
tensor([[-0.2391,  0.0000,  1.0000,  0.0000,  0.0000,  0.0000]])
tensor([[0.6401, 0.0000, 1.0000, 0.0000, 0.0000, 0.0000]])
tensor([[-0.1727,  0.0000,  1.0000,  0.0000,  0.0000,  0.0000]])
tensor([[0.7577, 0.0000, 1.0000, 0.0000, 0.0000, 0.0000]])
tensor([[0.8455, 0.0000, 1.0000, 0.0000, 0.0000, 0.0000]])
tensor([[0.0285, 0.0000, 1.0000, 1.0000, 0.0000, 0.0000]])
tensor([[-0.3470,  1.0000,  1.0000,  0.0000,  0.0000,  0.0000]])
tensor([[-0.6356,  0.0000,  1.0000,  0.0000,  0.0000,  0.0000]])
tensor([[0.7683, 0.0000, 1.0000, 0.0000, 0.0000, 0.0000]])
tensor([[0.5736, 0.0000, 1.0000, 0.0000, 0.0000, 0.0000]])
tensor([[-0.8073,  0.0000,  1.0000,  0.0000,  0.0000,  0.0000]])
tensor([[-0.2146,  0.0000,  1.0000,  0.0000,  0.0000,  0.0000]])
tensor([[-0.7411,  0.0000,  1.0000,  0.0000,  0.0000,  0.0000]])
tensor([[8.2623e-04, 0.0000e+00, 1.0000e+00, 0.0000e+00, 0.0000e+00, 0.0000e+00]])
tensor([[-0.9562,  1.0000,  1.0000,  0.0000,  0.0000,  0.0000]])
tensor([[-0.2333,  0.0000,  1.0000,  0.0000,  0.0000,  0.0000]])
tensor([[0.6467, 0.0000, 1.0000, 0.0000, 0.0000, 0.0000]])
tensor([[-0.7139,  0.0000,  1.0000,  0.0000,  0.0000,  0.0000]])
tensor([[-0.8762,  1.0000,  1.0000,  0.0000,  0.0000,  0.0000]])
tensor([[0.7501, 1.0000, 1.0000, 0.0000, 0.0000, 0.0000]])
tensor([[-0.2783,  1.0000,  1.0000,  0.0000,  0.0000,  0.0000]])
tensor([[-0.9911,  0.0000,  1.0000,  0.0000,  0.0000,  0.0000]])
tensor([[0.2085, 0.0000, 1.0000, 0.0000, 0.0000, 0.0000]])
tensor([[0.8381, 0.0000, 1.0000, 0.0000, 0.0000, 0.0000]])
tensor([[0.2643, 0.0000, 1.0000, 0.0000, 0.0000, 0.0000]])
tensor([[0.9253, 0.0000, 1.0000, 0.0000, 0.0000, 0.0000]])
tensor([[0.8991, 0.0000, 1.0000, 0.0000, 0.0000, 0.0000]])
tensor([[-0.7096,  0.0000,  1.0000,  0.0000,  0.0000,  0.0000]])
tensor([[-0.5674,  0.0000,  1.0000,  0.0000,  0.0000,  0.0000]])
tensor([[-0.6360,  0.0000,  1.0000,  0.0000,  0.0000,  0.0000]])
tensor([[0.8995, 0.0000, 1.0000, 0.0000, 0.0000, 0.0000]])
tensor([[-0.8656,  0.0000,  1.0000,  0.0000,  0.0000,  0.0000]])
tensor([[0.0266, 0.0000, 1.0000, 0.0000, 0.0000, 0.0000]])
tensor([[0.5279, 0.0000, 1.0000, 0.0000, 0.0000, 0.0000]])
tensor([[0.0527, 1.0000, 1.0000, 0.0000, 1.0000, 0.0000]])
tensor([[-0.5270,  1.0000,  1.0000,  0.0000,  0.0000,  0.0000]])
tensor([[-0.2355,  0.0000,  1.0000,  0.0000,  0.0000,  0.0000]])
tensor([[-0.2862,  0.0000,  1.0000,  0.0000,  0.0000,  0.0000]])
tensor([[0.0244, 0.0000, 1.0000, 0.0000, 0.0000, 0.0000]])
tensor([[0.1879, 0.0000, 1.0000, 0.0000, 0.0000, 0.0000]])
tensor([[-0.9639,  0.0000,  1.0000,  0.0000,  0.0000,  0.0000]])
tensor([[0.9384, 0.0000, 1.0000, 0.0000, 0.0000, 0.0000]])
tensor([[0.8863, 0.0000, 1.0000, 0.0000, 0.0000, 0.0000]])
tensor([[0.5681, 0.0000, 1.0000, 0.0000, 0.0000, 0.0000]])
tensor([[-0.3943,  0.0000,  1.0000,  0.0000,  0.0000,  0.0000]])
tensor([[0.4142, 0.0000, 1.0000, 0.0000, 0.0000, 0.0000]])
tensor([[-0.4070,  0.0000,  1.0000,  0.0000,  0.0000,  0.0000]])
tensor([[-0.2198,  0.0000,  1.0000,  0.0000,  0.0000,  0.0000]])
tensor([[-0.6270,  0.0000,  1.0000,  0.0000,  0.0000,  0.0000]])
tensor([[0.6157, 0.0000, 1.0000, 0.0000, 0.0000, 0.0000]])
tensor([[0.7824, 1.0000, 1.0000, 0.0000, 1.0000, 0.0000]])
tensor([[-0.8324,  1.0000,  0.0000,  0.0000,  0.0000,  0.0000]])
tensor([[0.3252, 0.0000, 1.0000, 0.0000, 0.0000, 0.0000]])
tensor([[0.7410, 0.0000, 1.0000, 0.0000, 0.0000, 0.0000]])
tensor([[0.8343, 0.0000, 1.0000, 0.0000, 0.0000, 0.0000]])
tensor([[-0.3809,  1.0000,  1.0000,  0.0000,  0.0000,  0.0000]])
tensor([[-0.9416,  0.0000,  1.0000,  0.0000,  0.0000,  0.0000]])
tensor([[0.2006, 0.0000, 1.0000, 0.0000, 0.0000, 0.0000]])
tensor([[0.3523, 0.0000, 0.0000, 0.0000, 0.0000, 0.0000]])
tensor([[-0.8546,  1.0000,  1.0000,  0.0000,  0.0000,  0.0000]])
tensor([[-0.7370,  0.0000,  1.0000,  0.0000,  0.0000,  0.0000]])
tensor([[-0.6295,  0.0000,  0.0000,  0.0000,  0.0000,  0.0000]])
tensor([[-0.8855,  0.0000,  1.0000,  1.0000,  0.0000,  0.0000]])
tensor([[-0.1852,  0.0000,  1.0000,  0.0000,  0.0000,  0.0000]])
tensor([[0.8737, 0.0000, 1.0000, 0.0000, 0.0000, 0.0000]])
tensor([[-0.1579,  0.0000,  0.0000,  0.0000,  0.0000,  0.0000]])
tensor([[0.0947, 1.0000, 1.0000, 0.0000, 0.0000, 0.0000]])
tensor([[-0.4355,  0.0000,  1.0000,  0.0000,  0.0000,  0.0000]])
tensor([[-0.7475,  1.0000,  1.0000,  0.0000,  0.0000,  0.0000]])
tensor([[-0.8685,  1.0000,  0.0000,  0.0000,  0.0000,  0.0000]])
tensor([[-0.5189,  0.0000,  1.0000,  0.0000,  0.0000,  0.0000]])
tensor([[0.4461, 0.0000, 1.0000, 0.0000, 0.0000, 0.0000]])
tensor([[0.1696, 0.0000, 0.0000, 0.0000, 0.0000, 0.0000]])
tensor([[-0.3084,  0.0000,  1.0000,  0.0000,  0.0000,  0.0000]])
tensor([[0.0718, 1.0000, 1.0000, 0.0000, 0.0000, 0.0000]])
tensor([[-0.5117,  1.0000,  1.0000,  0.0000,  0.0000,  0.0000]])
tensor([[0.3848, 1.0000, 1.0000, 0.0000, 0.0000, 0.0000]])
tensor([[-0.8312,  0.0000,  1.0000,  0.0000,  0.0000,  0.0000]])
tensor([[-0.9164,  1.0000,  1.0000,  0.0000,  0.0000,  0.0000]])
tensor([[-0.7099,  0.0000,  0.0000,  0.0000,  0.0000,  0.0000]])
tensor([[0.1735, 1.0000, 1.0000, 0.0000, 0.0000, 0.0000]])
tensor([[-0.5992,  1.0000,  1.0000,  0.0000,  0.0000,  0.0000]])
tensor([[-0.4742,  0.0000,  1.0000,  0.0000,  0.0000,  0.0000]])
tensor([[0.3715, 1.0000, 1.0000, 0.0000, 0.0000, 0.0000]])
tensor([[-0.2106,  0.0000,  1.0000,  0.0000,  0.0000,  0.0000]])
tensor([[0.3482, 0.0000, 1.0000, 0.0000, 0.0000, 0.0000]])
tensor([[0.5246, 0.0000, 1.0000, 0.0000, 0.0000, 0.0000]])
tensor([[0.4224, 0.0000, 0.0000, 0.0000, 0.0000, 0.0000]])
tensor([[0.1949, 1.0000, 0.0000, 0.0000, 0.0000, 0.0000]])
tensor([[0.7515, 1.0000, 1.0000, 0.0000, 0.0000, 0.0000]])
tensor([[0.0578, 1.0000, 0.0000, 0.0000, 0.0000, 0.0000]])
tensor([[-0.1998,  1.0000,  0.0000,  0.0000,  0.0000,  0.0000]])
tensor([[0.7073, 0.0000, 0.0000, 0.0000, 0.0000, 0.0000]])
tensor([[0.8728, 0.0000, 0.0000, 0.0000, 0.0000, 0.0000]])
tensor([[-0.6900,  1.0000,  0.0000,  0.0000,  0.0000,  0.0000]])
tensor([[-0.0351,  0.0000,  1.0000,  0.0000,  0.0000,  0.0000]])
tensor([[0.5593, 0.0000, 1.0000, 0.0000, 0.0000, 0.0000]])
tensor([[-0.2480,  0.0000,  1.0000,  0.0000,  0.0000,  0.0000]])
tensor([[0.5622, 0.0000, 1.0000, 0.0000, 0.0000, 0.0000]])
tensor([[0.0722, 0.0000, 1.0000, 0.0000, 0.0000, 0.0000]])
tensor([[0.1989, 1.0000, 1.0000, 0.0000, 0.0000, 0.0000]])
tensor([[0.5802, 1.0000, 1.0000, 0.0000, 0.0000, 0.0000]])
tensor([[0.5272, 0.0000, 0.0000, 0.0000, 0.0000, 0.0000]])
tensor([[0.7023, 1.0000, 0.0000, 0.0000, 0.0000, 0.0000]])
tensor([[0.2609, 1.0000, 1.0000, 0.0000, 0.0000, 0.0000]])
tensor([[-0.5053,  0.0000,  0.0000,  0.0000,  0.0000,  0.0000]])
tensor([[-0.1676,  1.0000,  1.0000,  0.0000,  0.0000,  0.0000]])
tensor([[0.2869, 0.0000, 1.0000, 0.0000, 0.0000, 0.0000]])
tensor([[0.0194, 1.0000, 0.0000, 0.0000, 0.0000, 0.0000]])
tensor([[-0.4485,  1.0000,  1.0000,  0.0000,  0.0000,  0.0000]])
tensor([[0.1265, 0.0000, 1.0000, 0.0000, 0.0000, 0.0000]])
tensor([[0.3493, 1.0000, 0.0000, 0.0000, 0.0000, 0.0000]])
tensor([[0.6445, 1.0000, 1.0000, 0.0000, 0.0000, 0.0000]])
tensor([[0.5188, 1.0000, 1.0000, 0.0000, 0.0000, 1.0000]])
tensor([[-0.4814,  0.0000,  0.0000,  0.0000,  0.0000,  0.0000]])
tensor([[0.3576, 0.0000, 1.0000, 0.0000, 0.0000, 0.0000]])
tensor([[0.4722, 0.0000, 1.0000, 0.0000, 0.0000, 0.0000]])
tensor([[0.6824, 1.0000, 1.0000, 0.0000, 0.0000, 0.0000]])
tensor([[0.5512, 1.0000, 1.0000, 0.0000, 0.0000, 0.0000]])
tensor([[-0.4414,  0.0000,  1.0000,  0.0000,  0.0000,  0.0000]])
tensor([[-0.0451,  1.0000,  0.0000,  0.0000,  0.0000,  0.0000]])
tensor([[-0.3117,  1.0000,  1.0000,  0.0000,  1.0000,  0.0000]])
tensor([[0.9134, 1.0000, 1.0000, 0.0000, 0.0000, 0.0000]])
tensor([[0.5061, 0.0000, 0.0000, 0.0000, 0.0000, 0.0000]])
tensor([[-0.7784,  1.0000,  1.0000,  0.0000,  0.0000,  0.0000]])
tensor([[-0.6031,  1.0000,  0.0000,  0.0000,  0.0000,  0.0000]])
tensor([[-0.4530,  0.0000,  0.0000,  0.0000,  0.0000,  0.0000]])
tensor([[-0.5708,  1.0000,  0.0000,  0.0000,  0.0000,  0.0000]])
tensor([[0.3084, 1.0000, 1.0000, 0.0000, 0.0000, 0.0000]])
tensor([[0.4165, 1.0000, 1.0000, 0.0000, 0.0000, 0.0000]])
tensor([[0.3281, 0.0000, 1.0000, 0.0000, 0.0000, 0.0000]])
tensor([[0.5893, 1.0000, 1.0000, 0.0000, 0.0000, 0.0000]])
tensor([[-0.8528,  1.0000,  1.0000,  0.0000,  0.0000,  0.0000]])
tensor([[-0.7648,  0.0000,  0.0000,  0.0000,  0.0000,  0.0000]])
tensor([[-0.0543,  1.0000,  0.0000,  0.0000,  0.0000,  0.0000]])
tensor([[0.4763, 1.0000, 0.0000, 0.0000, 0.0000, 0.0000]])
tensor([[-0.0142,  1.0000,  1.0000,  0.0000,  0.0000,  0.0000]])
tensor([[-0.1765,  0.0000,  0.0000,  0.0000,  0.0000,  0.0000]])
tensor([[-0.1696,  0.0000,  1.0000,  0.0000,  0.0000,  0.0000]])
tensor([[-0.8191,  0.0000,  1.0000,  0.0000,  0.0000,  1.0000]])
tensor([[-0.7750,  0.0000,  1.0000,  0.0000,  0.0000,  0.0000]])
tensor([[-0.9729,  1.0000,  1.0000,  0.0000,  0.0000,  0.0000]])
tensor([[-0.8759,  0.0000,  0.0000,  0.0000,  0.0000,  0.0000]])
tensor([[-0.9942,  0.0000,  1.0000,  0.0000,  0.0000,  0.0000]])
tensor([[-0.9221,  1.0000,  1.0000,  0.0000,  0.0000,  0.0000]])
tensor([[-0.9792,  1.0000,  1.0000,  1.0000,  0.0000,  0.0000]])
tensor([[-0.9965,  0.0000,  1.0000,  0.0000,  0.0000,  0.0000]])
tensor([[-0.9578,  1.0000,  0.0000,  0.0000,  0.0000,  0.0000]])
tensor([[-0.9556,  1.0000,  1.0000,  0.0000,  0.0000,  0.0000]])
tensor([[-0.9931,  0.0000,  0.0000,  0.0000,  0.0000,  0.0000]])
tensor([[-0.9756,  1.0000,  1.0000,  0.0000,  0.0000,  1.0000]])
tensor([[-0.9702,  0.0000,  1.0000,  0.0000,  0.0000,  0.0000]])
tensor([[-0.9555,  0.0000,  1.0000,  0.0000,  0.0000,  0.0000]])
tensor([[-0.8630,  0.0000,  1.0000,  0.0000,  0.0000,  0.0000]])
tensor([[-0.6430,  1.0000,  1.0000,  0.0000,  0.0000,  0.0000]])
tensor([[-0.9050,  0.0000,  1.0000,  0.0000,  0.0000,  0.0000]])
tensor([[0.0084, 0.0000, 1.0000, 0.0000, 0.0000, 0.0000]])
tensor([[-0.8880,  0.0000,  1.0000,  0.0000,  0.0000,  0.0000]])
tensor([[-0.8778,  1.0000,  1.0000,  0.0000,  0.0000,  0.0000]])
tensor([[-0.8292,  0.0000,  1.0000,  0.0000,  0.0000,  0.0000]])
tensor([[0.4740, 0.0000, 1.0000, 0.0000, 0.0000, 0.0000]])
tensor([[0.1163, 0.0000, 1.0000, 0.0000, 0.0000, 0.0000]])
tensor([[-0.8301,  0.0000,  1.0000,  0.0000,  0.0000,  0.0000]])
tensor([[-0.9862,  0.0000,  1.0000,  0.0000,  0.0000,  0.0000]])
tensor([[0.3462, 0.0000, 1.0000, 0.0000, 0.0000, 0.0000]])
tensor([[0.8222, 0.0000, 1.0000, 0.0000, 0.0000, 0.0000]])
tensor([[-0.1852,  1.0000,  1.0000,  0.0000,  0.0000,  0.0000]])
tensor([[0.6500, 0.0000, 1.0000, 0.0000, 0.0000, 0.0000]])
tensor([[-0.0694,  0.0000,  1.0000,  0.0000,  0.0000,  0.0000]])
tensor([[0.9644, 0.0000, 1.0000, 0.0000, 0.0000, 0.0000]])
tensor([[0.6745, 0.0000, 1.0000, 0.0000, 0.0000, 0.0000]])
tensor([[-0.1306,  0.0000,  1.0000,  0.0000,  0.0000,  0.0000]])
tensor([[-0.6613,  0.0000,  1.0000,  0.0000,  0.0000,  1.0000]])
tensor([[-0.3959,  0.0000,  1.0000,  0.0000,  0.0000,  0.0000]])
tensor([[-0.5047,  0.0000,  0.0000,  0.0000,  0.0000,  0.0000]])
tensor([[0.4593, 1.0000, 1.0000, 0.0000, 0.0000, 0.0000]])
tensor([[-0.4951,  1.0000,  1.0000,  0.0000,  0.0000,  0.0000]])
tensor([[-0.0657,  0.0000,  1.0000,  0.0000,  0.0000,  0.0000]])
tensor([[0.1991, 1.0000, 1.0000, 0.0000, 0.0000, 0.0000]])
tensor([[-0.2361,  0.0000,  1.0000,  0.0000,  0.0000,  0.0000]])
tensor([[-0.2164,  0.0000,  1.0000,  0.0000,  0.0000,  0.0000]])
tensor([[0.1063, 1.0000, 1.0000, 0.0000, 0.0000, 0.0000]])
tensor([[0.4804, 0.0000, 1.0000, 0.0000, 0.0000, 0.0000]])
tensor([[-0.0178,  0.0000,  0.0000,  0.0000,  0.0000,  0.0000]])
tensor([[-0.5125,  0.0000,  1.0000,  0.0000,  0.0000,  0.0000]])
tensor([[-0.2633,  0.0000,  1.0000,  0.0000,  0.0000,  0.0000]])
tensor([[-0.4384,  1.0000,  1.0000,  0.0000,  0.0000,  0.0000]])
tensor([[-0.9375,  0.0000,  0.0000,  0.0000,  0.0000,  0.0000]])
tensor([[-0.3202,  1.0000,  0.0000,  0.0000,  1.0000,  0.0000]])
tensor([[-0.9634,  0.0000,  1.0000,  0.0000,  0.0000,  0.0000]])
tensor([[0.0567, 1.0000, 0.0000, 0.0000, 0.0000, 1.0000]])
tensor([[0.1698, 1.0000, 0.0000, 0.0000, 0.0000, 0.0000]])
tensor([[-0.5092,  1.0000,  0.0000,  0.0000,  0.0000,  0.0000]])
tensor([[-0.6560,  0.0000,  1.0000,  0.0000,  0.0000,  0.0000]])
tensor([[-0.6044,  1.0000,  1.0000,  0.0000,  0.0000,  0.0000]])
tensor([[0.6169, 1.0000, 1.0000, 0.0000, 0.0000, 0.0000]])
tensor([[0.3449, 1.0000, 0.0000, 0.0000, 0.0000, 0.0000]])
tensor([[-0.6738,  1.0000,  1.0000,  0.0000,  0.0000,  0.0000]])
tensor([[0.6206, 0.0000, 0.0000, 0.0000, 0.0000, 0.0000]])
tensor([[0.6983, 1.0000, 1.0000, 0.0000, 1.0000, 0.0000]])
tensor([[0.2809, 1.0000, 1.0000, 0.0000, 0.0000, 0.0000]])
tensor([[-0.8050,  1.0000,  1.0000,  0.0000,  0.0000,  0.0000]])
tensor([[0.4265, 1.0000, 0.0000, 0.0000, 0.0000, 0.0000]])
tensor([[0.6186, 1.0000, 1.0000, 0.0000, 0.0000, 0.0000]])
tensor([[-0.3069,  1.0000,  1.0000,  0.0000,  0.0000,  0.0000]])
tensor([[0.8516, 0.0000, 1.0000, 0.0000, 1.0000, 0.0000]])
tensor([[0.3068, 0.0000, 1.0000, 0.0000, 0.0000, 0.0000]])
tensor([[-1.0000,  1.0000,  1.0000,  1.0000,  0.0000,  0.0000]])
tensor([[-0.9997,  1.0000,  1.0000,  0.0000,  0.0000,  0.0000]])
tensor([[-0.0997,  1.0000,  0.0000,  0.0000,  0.0000,  0.0000]])
tensor([[0.9623, 1.0000, 0.0000, 1.0000, 0.0000, 0.0000]])
tensor([[0.9855, 1.0000, 0.0000, 0.0000, 0.0000, 0.0000]])
tensor([[0.9831, 1.0000, 0.0000, 0.0000, 0.0000, 0.0000]])
tensor([[0.9959, 1.0000, 0.0000, 0.0000, 0.0000, 0.0000]])
tensor([[0.9797, 0.0000, 0.0000, 0.0000, 0.0000, 0.0000]])
tensor([[0.9948, 1.0000, 0.0000, 0.0000, 0.0000, 0.0000]])
tensor([[0.9859, 1.0000, 0.0000, 0.0000, 0.0000, 0.0000]])
tensor([[0.9826, 1.0000, 0.0000, 0.0000, 0.0000, 0.0000]])
tensor([[-0.9869,  1.0000,  1.0000,  0.0000,  0.0000,  0.0000]])
tensor([[-0.9941,  0.0000,  0.0000,  1.0000,  0.0000,  0.0000]])
tensor([[-0.9764,  1.0000,  0.0000,  0.0000,  0.0000,  0.0000]])
tensor([[0.3534, 1.0000, 1.0000, 0.0000, 0.0000, 0.0000]])
tensor([[0.6385, 1.0000, 0.0000, 0.0000, 0.0000, 0.0000]])
tensor([[-0.9976,  1.0000,  1.0000,  0.0000,  0.0000,  0.0000]])
tensor([[-0.9991,  1.0000,  0.0000,  0.0000,  0.0000,  0.0000]])
tensor([[-0.9978,  1.0000,  0.0000,  0.0000,  0.0000,  0.0000]])
tensor([[-0.9890,  1.0000,  0.0000,  0.0000,  0.0000,  0.0000]])
tensor([[-0.7281,  1.0000,  0.0000,  0.0000,  0.0000,  1.0000]])
tensor([[0.7619, 0.0000, 0.0000, 0.0000, 0.0000, 0.0000]])
tensor([[0.7332, 1.0000, 0.0000, 0.0000, 0.0000, 0.0000]])
tensor([[-0.4308,  1.0000,  0.0000,  0.0000,  0.0000,  0.0000]])
tensor([[-0.5381,  1.0000,  0.0000,  0.0000,  0.0000,  0.0000]])
tensor([[0.6634, 1.0000, 0.0000, 0.0000, 0.0000, 0.0000]])
tensor([[-0.9732,  1.0000,  0.0000,  0.0000,  0.0000,  0.0000]])
tensor([[-0.9045,  1.0000,  0.0000,  0.0000,  0.0000,  0.0000]])
tensor([[-0.4371,  1.0000,  0.0000,  0.0000,  0.0000,  0.0000]])
tensor([[0.5854, 1.0000, 0.0000, 0.0000, 0.0000, 0.0000]])
tensor([[0.7956, 1.0000, 1.0000, 0.0000, 0.0000, 0.0000]])
tensor([[-0.2841,  0.0000,  0.0000,  0.0000,  0.0000,  0.0000]])
tensor([[-0.9933,  1.0000,  0.0000,  0.0000,  0.0000,  0.0000]])
tensor([[-0.9894,  0.0000,  1.0000,  0.0000,  0.0000,  0.0000]])
tensor([[-0.7588,  1.0000,  0.0000,  0.0000,  0.0000,  0.0000]])
tensor([[-0.1034,  1.0000,  0.0000,  0.0000,  0.0000,  0.0000]])
tensor([[0.5511, 1.0000, 0.0000, 0.0000, 0.0000, 0.0000]])
tensor([[-0.2009,  1.0000,  0.0000,  0.0000,  0.0000,  0.0000]])
tensor([[-0.9957,  0.0000,  0.0000,  0.0000,  0.0000,  0.0000]])
tensor([[-0.9994,  1.0000,  1.0000,  0.0000,  0.0000,  0.0000]])
tensor([[-0.9906,  1.0000,  0.0000,  0.0000,  0.0000,  0.0000]])
tensor([[-0.9516,  1.0000,  0.0000,  0.0000,  0.0000,  0.0000]])
tensor([[-0.5558,  1.0000,  0.0000,  0.0000,  0.0000,  0.0000]])
tensor([[-0.9527,  1.0000,  0.0000,  0.0000,  0.0000,  0.0000]])
tensor([[-0.9121,  1.0000,  0.0000,  0.0000,  0.0000,  0.0000]])
tensor([[-0.6905,  1.0000,  0.0000,  0.0000,  0.0000,  0.0000]])
tensor([[0.0517, 1.0000, 1.0000, 0.0000, 0.0000, 0.0000]])
INFO:root:Agent 0 (TQCars): avg action time = 0.0015s
tensor([[-0.9074,  1.0000,  0.0000,  0.0000,  0.0000,  0.0000]])
tensor([[-0.7211,  1.0000,  0.0000,  0.0000,  0.0000,  0.0000]])
tensor([[-0.6345,  1.0000,  0.0000,  0.0000,  0.0000,  0.0000]])
tensor([[0.3737, 1.0000, 0.0000, 0.0000, 0.0000, 0.0000]])
tensor([[-0.0141,  1.0000,  0.0000,  0.0000,  0.0000,  0.0000]])
tensor([[0.3944, 1.0000, 0.0000, 0.0000, 0.0000, 0.0000]])
tensor([[0.0375, 1.0000, 1.0000, 0.0000, 0.0000, 0.0000]])
tensor([[-0.3309,  1.0000,  0.0000,  0.0000,  0.0000,  0.0000]])
tensor([[0.0201, 1.0000, 0.0000, 1.0000, 0.0000, 0.0000]])
tensor([[-0.5695,  1.0000,  0.0000,  0.0000,  0.0000,  0.0000]])
tensor([[-0.7310,  1.0000,  1.0000,  1.0000,  0.0000,  0.0000]])
tensor([[-0.2717,  1.0000,  0.0000,  0.0000,  0.0000,  0.0000]])
tensor([[0.5212, 0.0000, 1.0000, 1.0000, 0.0000, 0.0000]])
tensor([[0.3058, 1.0000, 0.0000, 0.0000, 0.0000, 0.0000]])
tensor([[-0.2834,  1.0000,  0.0000,  0.0000,  0.0000,  0.0000]])
tensor([[-0.1331,  1.0000,  0.0000,  0.0000,  1.0000,  0.0000]])
tensor([[-0.3167,  1.0000,  0.0000,  0.0000,  0.0000,  0.0000]])
tensor([[0.3287, 1.0000, 0.0000, 0.0000, 0.0000, 0.0000]])
tensor([[0.0856, 1.0000, 0.0000, 0.0000, 0.0000, 0.0000]])
{"type": "results", "track": "olivermath", "results": [{"key": 0, "reward": 10.136419677734375, "position": 4, "name": "TQCars", "avg_action_time": 0.0015235889448557399}]}
