INFO:root:Loading the agents
INFO:root:Loaded player TQCars
INFO:root:Creating pystk-1
INFO:root:Adding wrapper <function get_wrappers.<locals>.<lambda> at 0x75c4c6cef420>
INFO:root:Adding wrapper <function get_wrappers.<locals>.<lambda> at 0x75c4c6cef4c0>
INFO:root:Adding wrapper <function get_wrappers.<locals>.<lambda> at 0x75c4c6cef560>
INFO:root:Adding wrapper <function get_wrappers.<locals>.<lambda> at 0x75c4c6cef600>
INFO:root:(multi-env mono adapter) Setting main environment max_paths to 5
INFO:root:Loading trained model from CHECKPOINT-GPUFAC/tqc_EXP16BASEREWARD_100000.pt...
INFO:root:Starting a race
tensor([[0.2182, 1.0000, 0.0000, 0.0000, 0.0000, 0.0000]])
tensor([[0.1514, 1.0000, 0.0000, 0.0000, 0.0000, 0.0000]])
tensor([[-0.2569,  1.0000,  0.0000,  0.0000,  0.0000,  0.0000]])
tensor([[0.5795, 1.0000, 0.0000, 0.0000, 0.0000, 0.0000]])
tensor([[0.0810, 1.0000, 0.0000, 0.0000, 0.0000, 0.0000]])
tensor([[0.1892, 1.0000, 0.0000, 0.0000, 0.0000, 0.0000]])
tensor([[0.3704, 1.0000, 0.0000, 0.0000, 0.0000, 0.0000]])
tensor([[0.4054, 1.0000, 0.0000, 0.0000, 0.0000, 0.0000]])
tensor([[0.3640, 1.0000, 0.0000, 0.0000, 0.0000, 0.0000]])
tensor([[0.5250, 1.0000, 0.0000, 0.0000, 0.0000, 0.0000]])
tensor([[0.1750, 1.0000, 0.0000, 0.0000, 0.0000, 0.0000]])
tensor([[0.6920, 1.0000, 0.0000, 0.0000, 0.0000, 0.0000]])
tensor([[-0.1545,  1.0000,  0.0000,  0.0000,  0.0000,  0.0000]])
tensor([[0.6181, 1.0000, 0.0000, 0.0000, 0.0000, 0.0000]])
tensor([[-0.1309,  0.0000,  0.0000,  0.0000,  0.0000,  0.0000]])
tensor([[-0.1039,  1.0000,  0.0000,  0.0000,  0.0000,  0.0000]])
tensor([[0.4927, 1.0000, 0.0000, 0.0000, 0.0000, 0.0000]])
tensor([[0.3239, 1.0000, 0.0000, 0.0000, 0.0000, 0.0000]])
tensor([[0.3907, 1.0000, 0.0000, 0.0000, 0.0000, 0.0000]])
tensor([[0.7701, 1.0000, 0.0000, 0.0000, 0.0000, 0.0000]])
tensor([[0.0035, 1.0000, 0.0000, 0.0000, 0.0000, 0.0000]])
tensor([[0.1990, 1.0000, 0.0000, 0.0000, 0.0000, 0.0000]])
tensor([[0.5293, 1.0000, 0.0000, 0.0000, 0.0000, 0.0000]])
tensor([[0.6238, 1.0000, 0.0000, 0.0000, 0.0000, 0.0000]])
tensor([[0.4369, 1.0000, 0.0000, 0.0000, 0.0000, 0.0000]])
tensor([[0.3241, 1.0000, 0.0000, 0.0000, 0.0000, 0.0000]])
tensor([[0.1569, 1.0000, 0.0000, 0.0000, 0.0000, 0.0000]])
tensor([[0.3258, 1.0000, 0.0000, 0.0000, 0.0000, 0.0000]])
tensor([[0.3009, 1.0000, 0.0000, 0.0000, 0.0000, 0.0000]])
tensor([[-0.2646,  1.0000,  0.0000,  0.0000,  0.0000,  0.0000]])
tensor([[0.4538, 1.0000, 0.0000, 0.0000, 0.0000, 0.0000]])
tensor([[-0.2609,  1.0000,  0.0000,  0.0000,  0.0000,  0.0000]])
tensor([[-0.0117,  1.0000,  0.0000,  0.0000,  0.0000,  0.0000]])
tensor([[0.1763, 1.0000, 0.0000, 0.0000, 0.0000, 0.0000]])
tensor([[0.1481, 1.0000, 0.0000, 0.0000, 0.0000, 0.0000]])
tensor([[-0.2650,  1.0000,  0.0000,  0.0000,  0.0000,  0.0000]])
tensor([[-0.3579,  1.0000,  0.0000,  0.0000,  0.0000,  0.0000]])
tensor([[-0.8453,  1.0000,  0.0000,  0.0000,  0.0000,  0.0000]])
tensor([[0.4828, 1.0000, 0.0000, 0.0000, 0.0000, 0.0000]])
tensor([[0.3684, 1.0000, 0.0000, 0.0000, 0.0000, 0.0000]])
tensor([[-0.3631,  1.0000,  0.0000,  0.0000,  0.0000,  0.0000]])
tensor([[0.3381, 1.0000, 0.0000, 0.0000, 0.0000, 0.0000]])
tensor([[0.0309, 1.0000, 0.0000, 0.0000, 0.0000, 0.0000]])
tensor([[-0.5437,  1.0000,  0.0000,  0.0000,  0.0000,  0.0000]])
tensor([[0.1224, 1.0000, 0.0000, 0.0000, 0.0000, 0.0000]])
tensor([[0.4820, 1.0000, 0.0000, 0.0000, 0.0000, 0.0000]])
tensor([[0.6746, 1.0000, 0.0000, 0.0000, 0.0000, 0.0000]])
tensor([[0.0601, 1.0000, 0.0000, 0.0000, 0.0000, 0.0000]])
tensor([[0.7391, 1.0000, 0.0000, 0.0000, 0.0000, 0.0000]])
tensor([[0.9203, 1.0000, 0.0000, 0.0000, 0.0000, 0.0000]])
tensor([[0.6710, 1.0000, 0.0000, 0.0000, 0.0000, 0.0000]])
tensor([[-0.1865,  1.0000,  0.0000,  0.0000,  0.0000,  0.0000]])
tensor([[0.3292, 1.0000, 1.0000, 0.0000, 0.0000, 0.0000]])
tensor([[0.1908, 1.0000, 0.0000, 0.0000, 0.0000, 0.0000]])
tensor([[-0.2989,  1.0000,  0.0000,  0.0000,  0.0000,  0.0000]])
tensor([[-0.8503,  1.0000,  0.0000,  0.0000,  0.0000,  0.0000]])
tensor([[-0.0577,  1.0000,  1.0000,  0.0000,  1.0000,  0.0000]])
tensor([[0.2737, 1.0000, 0.0000, 0.0000, 0.0000, 0.0000]])
tensor([[0.4349, 1.0000, 0.0000, 0.0000, 0.0000, 0.0000]])
tensor([[-0.0394,  0.0000,  0.0000,  0.0000,  0.0000,  0.0000]])
tensor([[-0.1090,  1.0000,  0.0000,  0.0000,  1.0000,  0.0000]])
tensor([[-0.9065,  1.0000,  0.0000,  0.0000,  0.0000,  0.0000]])
tensor([[-0.7928,  1.0000,  0.0000,  0.0000,  0.0000,  0.0000]])
tensor([[-0.9920,  0.0000,  1.0000,  0.0000,  0.0000,  0.0000]])
tensor([[-0.1228,  1.0000,  0.0000,  0.0000,  0.0000,  0.0000]])
tensor([[-0.4826,  1.0000,  0.0000,  0.0000,  0.0000,  0.0000]])
tensor([[-0.2243,  1.0000,  0.0000,  0.0000,  0.0000,  0.0000]])
tensor([[-0.9282,  1.0000,  0.0000,  0.0000,  0.0000,  0.0000]])
tensor([[-0.1728,  1.0000,  0.0000,  0.0000,  0.0000,  0.0000]])
tensor([[-0.4182,  1.0000,  0.0000,  0.0000,  0.0000,  0.0000]])
tensor([[-0.1455,  1.0000,  0.0000,  0.0000,  0.0000,  0.0000]])
tensor([[-0.8622,  1.0000,  0.0000,  0.0000,  0.0000,  0.0000]])
tensor([[0.7908, 1.0000, 0.0000, 0.0000, 0.0000, 0.0000]])
tensor([[-0.2980,  1.0000,  0.0000,  0.0000,  0.0000,  0.0000]])
tensor([[0.2784, 0.0000, 0.0000, 1.0000, 0.0000, 0.0000]])
tensor([[-0.4094,  1.0000,  0.0000,  0.0000,  0.0000,  0.0000]])
tensor([[-0.7981,  1.0000,  1.0000,  0.0000,  0.0000,  0.0000]])
tensor([[0.5504, 1.0000, 0.0000, 0.0000, 0.0000, 0.0000]])
tensor([[-0.5246,  1.0000,  0.0000,  0.0000,  0.0000,  0.0000]])
tensor([[0.7392, 1.0000, 1.0000, 0.0000, 0.0000, 0.0000]])
tensor([[0.4554, 1.0000, 0.0000, 0.0000, 0.0000, 0.0000]])
tensor([[0.8458, 1.0000, 0.0000, 0.0000, 0.0000, 0.0000]])
tensor([[-0.8141,  1.0000,  0.0000,  0.0000,  0.0000,  0.0000]])
tensor([[0.2854, 1.0000, 0.0000, 0.0000, 0.0000, 0.0000]])
tensor([[0.8867, 1.0000, 0.0000, 0.0000, 0.0000, 0.0000]])
tensor([[-0.3933,  1.0000,  0.0000,  0.0000,  0.0000,  0.0000]])
tensor([[-0.4247,  1.0000,  0.0000,  0.0000,  0.0000,  0.0000]])
tensor([[0.1074, 1.0000, 0.0000, 0.0000, 0.0000, 0.0000]])
tensor([[-0.9542,  1.0000,  0.0000,  0.0000,  0.0000,  0.0000]])
tensor([[-0.8658,  1.0000,  0.0000,  0.0000,  0.0000,  0.0000]])
tensor([[0.0043, 1.0000, 1.0000, 0.0000, 0.0000, 0.0000]])
tensor([[-0.4682,  1.0000,  1.0000,  0.0000,  0.0000,  0.0000]])
tensor([[-0.6698,  1.0000,  0.0000,  0.0000,  0.0000,  0.0000]])
tensor([[-0.7025,  1.0000,  0.0000,  0.0000,  0.0000,  0.0000]])
tensor([[-0.7191,  1.0000,  0.0000,  0.0000,  0.0000,  0.0000]])
tensor([[0.6640, 1.0000, 0.0000, 0.0000, 0.0000, 0.0000]])
tensor([[-0.1334,  1.0000,  0.0000,  0.0000,  0.0000,  0.0000]])
tensor([[0.9779, 1.0000, 0.0000, 0.0000, 0.0000, 0.0000]])
tensor([[0.5612, 1.0000, 0.0000, 0.0000, 0.0000, 0.0000]])
tensor([[-0.8877,  1.0000,  0.0000,  0.0000,  0.0000,  0.0000]])
tensor([[0.8236, 1.0000, 0.0000, 0.0000, 0.0000, 0.0000]])
tensor([[0.0608, 1.0000, 0.0000, 0.0000, 0.0000, 0.0000]])
tensor([[-0.2550,  1.0000,  0.0000,  0.0000,  0.0000,  0.0000]])
tensor([[-0.2145,  1.0000,  0.0000,  0.0000,  0.0000,  0.0000]])
tensor([[0.6016, 1.0000, 0.0000, 0.0000, 0.0000, 0.0000]])
tensor([[-0.0202,  1.0000,  0.0000,  0.0000,  0.0000,  0.0000]])
tensor([[0.6678, 1.0000, 0.0000, 0.0000, 0.0000, 0.0000]])
tensor([[-0.6427,  1.0000,  0.0000,  0.0000,  0.0000,  0.0000]])
tensor([[0.2948, 1.0000, 0.0000, 0.0000, 0.0000, 0.0000]])
tensor([[0.2634, 1.0000, 0.0000, 0.0000, 0.0000, 0.0000]])
tensor([[0.5274, 1.0000, 0.0000, 0.0000, 0.0000, 0.0000]])
tensor([[0.1210, 1.0000, 0.0000, 1.0000, 0.0000, 0.0000]])
tensor([[0.3264, 1.0000, 0.0000, 0.0000, 0.0000, 0.0000]])
tensor([[-0.2956,  1.0000,  0.0000,  0.0000,  0.0000,  0.0000]])
tensor([[0.1709, 1.0000, 0.0000, 0.0000, 0.0000, 0.0000]])
tensor([[-0.1233,  1.0000,  1.0000,  0.0000,  0.0000,  0.0000]])
tensor([[0.5542, 1.0000, 0.0000, 0.0000, 0.0000, 0.0000]])
tensor([[-0.5091,  1.0000,  0.0000,  0.0000,  0.0000,  0.0000]])
tensor([[-0.9674,  1.0000,  0.0000,  0.0000,  0.0000,  0.0000]])
tensor([[-0.7687,  1.0000,  0.0000,  0.0000,  0.0000,  0.0000]])
tensor([[0.0052, 1.0000, 1.0000, 0.0000, 0.0000, 0.0000]])
tensor([[-0.6641,  1.0000,  0.0000,  0.0000,  0.0000,  0.0000]])
tensor([[-0.8513,  1.0000,  0.0000,  0.0000,  0.0000,  0.0000]])
tensor([[-0.7743,  0.0000,  0.0000,  0.0000,  0.0000,  0.0000]])
tensor([[-0.4251,  1.0000,  0.0000,  0.0000,  0.0000,  0.0000]])
tensor([[-0.2921,  1.0000,  0.0000,  0.0000,  0.0000,  0.0000]])
tensor([[0.4476, 1.0000, 0.0000, 0.0000, 0.0000, 0.0000]])
tensor([[0.1959, 1.0000, 0.0000, 0.0000, 0.0000, 0.0000]])
tensor([[0.2634, 1.0000, 1.0000, 0.0000, 0.0000, 0.0000]])
tensor([[0.8504, 0.0000, 0.0000, 0.0000, 0.0000, 0.0000]])
tensor([[-0.0052,  1.0000,  0.0000,  0.0000,  0.0000,  0.0000]])
tensor([[-0.8836,  1.0000,  0.0000,  0.0000,  0.0000,  0.0000]])
tensor([[-0.7047,  1.0000,  0.0000,  0.0000,  0.0000,  0.0000]])
tensor([[0.5423, 1.0000, 0.0000, 0.0000, 0.0000, 0.0000]])
tensor([[-0.6151,  1.0000,  0.0000,  0.0000,  0.0000,  0.0000]])
tensor([[-0.6883,  1.0000,  1.0000,  0.0000,  0.0000,  0.0000]])
tensor([[-0.2672,  1.0000,  0.0000,  0.0000,  0.0000,  0.0000]])
tensor([[-0.1063,  1.0000,  0.0000,  0.0000,  0.0000,  0.0000]])
tensor([[0.7910, 1.0000, 0.0000, 0.0000, 0.0000, 0.0000]])
tensor([[0.6349, 1.0000, 0.0000, 0.0000, 0.0000, 0.0000]])
tensor([[-0.0877,  0.0000,  0.0000,  0.0000,  0.0000,  0.0000]])
tensor([[-0.6850,  1.0000,  0.0000,  0.0000,  0.0000,  0.0000]])
tensor([[0.5884, 1.0000, 0.0000, 0.0000, 0.0000, 0.0000]])
tensor([[-0.9785,  1.0000,  0.0000,  0.0000,  0.0000,  0.0000]])
tensor([[-0.2026,  1.0000,  0.0000,  0.0000,  0.0000,  0.0000]])
tensor([[0.7545, 1.0000, 0.0000, 0.0000, 0.0000, 0.0000]])
tensor([[-0.6252,  1.0000,  0.0000,  0.0000,  0.0000,  0.0000]])
tensor([[-0.5602,  1.0000,  0.0000,  0.0000,  0.0000,  0.0000]])
tensor([[-0.7293,  1.0000,  0.0000,  0.0000,  0.0000,  0.0000]])
tensor([[-0.4240,  1.0000,  1.0000,  0.0000,  0.0000,  0.0000]])
tensor([[0.0923, 1.0000, 0.0000, 0.0000, 0.0000, 0.0000]])
tensor([[-0.7266,  1.0000,  0.0000,  0.0000,  0.0000,  0.0000]])
tensor([[-0.9142,  1.0000,  0.0000,  0.0000,  0.0000,  0.0000]])
tensor([[0.6076, 1.0000, 0.0000, 0.0000, 0.0000, 0.0000]])
tensor([[0.4197, 1.0000, 0.0000, 0.0000, 0.0000, 0.0000]])
tensor([[-0.7587,  1.0000,  1.0000,  0.0000,  0.0000,  0.0000]])
tensor([[0.5355, 1.0000, 0.0000, 0.0000, 0.0000, 0.0000]])
tensor([[0.0490, 1.0000, 0.0000, 0.0000, 0.0000, 0.0000]])
tensor([[-0.8603,  1.0000,  0.0000,  0.0000,  0.0000,  0.0000]])
tensor([[-0.7780,  1.0000,  0.0000,  0.0000,  0.0000,  0.0000]])
tensor([[0.8103, 1.0000, 0.0000, 0.0000, 0.0000, 0.0000]])
tensor([[0.2716, 1.0000, 0.0000, 0.0000, 0.0000, 0.0000]])
tensor([[0.6513, 1.0000, 0.0000, 0.0000, 0.0000, 0.0000]])
tensor([[-0.2620,  1.0000,  0.0000,  0.0000,  0.0000,  0.0000]])
tensor([[-0.2779,  1.0000,  0.0000,  0.0000,  0.0000,  0.0000]])
tensor([[-0.8845,  0.0000,  0.0000,  0.0000,  0.0000,  0.0000]])
tensor([[-0.3633,  1.0000,  0.0000,  0.0000,  0.0000,  0.0000]])
tensor([[-0.8470,  1.0000,  0.0000,  0.0000,  0.0000,  0.0000]])
tensor([[0.3540, 1.0000, 0.0000, 0.0000, 0.0000, 0.0000]])
tensor([[0.8012, 1.0000, 0.0000, 0.0000, 0.0000, 0.0000]])
tensor([[-0.5709,  1.0000,  0.0000,  0.0000,  0.0000,  0.0000]])
tensor([[-0.1007,  1.0000,  0.0000,  0.0000,  0.0000,  0.0000]])
tensor([[0.2158, 1.0000, 0.0000, 0.0000, 0.0000, 0.0000]])
tensor([[0.7825, 1.0000, 0.0000, 0.0000, 0.0000, 0.0000]])
tensor([[0.8610, 1.0000, 0.0000, 0.0000, 0.0000, 0.0000]])
tensor([[-0.0496,  1.0000,  0.0000,  0.0000,  0.0000,  0.0000]])
tensor([[-0.9689,  1.0000,  0.0000,  0.0000,  0.0000,  0.0000]])
tensor([[0.7126, 1.0000, 0.0000, 0.0000, 0.0000, 0.0000]])
tensor([[-0.7524,  1.0000,  0.0000,  0.0000,  0.0000,  0.0000]])
tensor([[0.1622, 0.0000, 0.0000, 0.0000, 0.0000, 0.0000]])
tensor([[0.6193, 1.0000, 0.0000, 0.0000, 0.0000, 0.0000]])
tensor([[-0.9159,  1.0000,  0.0000,  0.0000,  0.0000,  0.0000]])
tensor([[0.2709, 1.0000, 0.0000, 1.0000, 0.0000, 0.0000]])
tensor([[-0.5552,  1.0000,  0.0000,  0.0000,  0.0000,  0.0000]])
tensor([[0.5683, 1.0000, 0.0000, 0.0000, 0.0000, 0.0000]])
tensor([[-0.5829,  1.0000,  0.0000,  0.0000,  0.0000,  0.0000]])
tensor([[-0.7524,  1.0000,  0.0000,  0.0000,  0.0000,  0.0000]])
tensor([[0.5207, 1.0000, 0.0000, 0.0000, 0.0000, 0.0000]])
tensor([[-0.8232,  1.0000,  0.0000,  0.0000,  0.0000,  0.0000]])
tensor([[-0.9356,  1.0000,  0.0000,  0.0000,  0.0000,  0.0000]])
tensor([[-0.6340,  1.0000,  0.0000,  0.0000,  0.0000,  0.0000]])
tensor([[-0.3806,  1.0000,  0.0000,  0.0000,  0.0000,  0.0000]])
tensor([[0.3818, 1.0000, 0.0000, 0.0000, 0.0000, 0.0000]])
tensor([[-0.2334,  1.0000,  0.0000,  0.0000,  0.0000,  0.0000]])
tensor([[-0.9853,  1.0000,  0.0000,  1.0000,  0.0000,  0.0000]])
tensor([[0.7694, 1.0000, 0.0000, 0.0000, 0.0000, 0.0000]])
tensor([[-0.8497,  0.0000,  0.0000,  0.0000,  0.0000,  0.0000]])
tensor([[0.4322, 1.0000, 0.0000, 0.0000, 0.0000, 0.0000]])
tensor([[0.1229, 1.0000, 0.0000, 0.0000, 0.0000, 0.0000]])
tensor([[-0.4437,  1.0000,  0.0000,  0.0000,  0.0000,  0.0000]])
tensor([[-0.0427,  1.0000,  0.0000,  0.0000,  0.0000,  0.0000]])
tensor([[0.4798, 1.0000, 0.0000, 0.0000, 0.0000, 0.0000]])
tensor([[-0.5338,  1.0000,  0.0000,  0.0000,  0.0000,  0.0000]])
tensor([[0.2794, 1.0000, 0.0000, 0.0000, 0.0000, 0.0000]])
tensor([[-0.7246,  1.0000,  0.0000,  0.0000,  0.0000,  0.0000]])
tensor([[0.7569, 1.0000, 1.0000, 0.0000, 0.0000, 0.0000]])
tensor([[0.3053, 1.0000, 0.0000, 1.0000, 0.0000, 0.0000]])
tensor([[-0.4822,  1.0000,  0.0000,  0.0000,  0.0000,  0.0000]])
tensor([[-0.9455,  1.0000,  0.0000,  0.0000,  0.0000,  0.0000]])
tensor([[0.5973, 1.0000, 0.0000, 0.0000, 0.0000, 0.0000]])
tensor([[-0.2853,  1.0000,  0.0000,  0.0000,  0.0000,  0.0000]])
tensor([[-0.8498,  1.0000,  0.0000,  0.0000,  0.0000,  0.0000]])
tensor([[-0.1369,  1.0000,  0.0000,  0.0000,  0.0000,  0.0000]])
tensor([[0.4723, 1.0000, 0.0000, 1.0000, 0.0000, 0.0000]])
tensor([[-0.7948,  1.0000,  0.0000,  0.0000,  0.0000,  0.0000]])
tensor([[-0.6600,  1.0000,  0.0000,  0.0000,  0.0000,  0.0000]])
tensor([[-0.5781,  1.0000,  0.0000,  0.0000,  0.0000,  0.0000]])
tensor([[0.9165, 1.0000, 0.0000, 0.0000, 0.0000, 0.0000]])
tensor([[-0.7249,  1.0000,  0.0000,  0.0000,  0.0000,  0.0000]])
tensor([[-0.4472,  1.0000,  0.0000,  0.0000,  0.0000,  0.0000]])
tensor([[0.8495, 1.0000, 0.0000, 0.0000, 0.0000, 0.0000]])
tensor([[-0.9490,  1.0000,  0.0000,  0.0000,  0.0000,  0.0000]])
tensor([[0.4253, 1.0000, 0.0000, 0.0000, 0.0000, 0.0000]])
tensor([[0.2965, 1.0000, 0.0000, 0.0000, 0.0000, 0.0000]])
tensor([[-0.1560,  1.0000,  0.0000,  0.0000,  0.0000,  0.0000]])
tensor([[0.1910, 1.0000, 0.0000, 0.0000, 0.0000, 0.0000]])
tensor([[-0.6921,  1.0000,  0.0000,  0.0000,  0.0000,  0.0000]])
tensor([[0.7025, 1.0000, 0.0000, 0.0000, 0.0000, 0.0000]])
tensor([[-0.4186,  1.0000,  0.0000,  0.0000,  0.0000,  0.0000]])
tensor([[0.0732, 1.0000, 0.0000, 0.0000, 0.0000, 0.0000]])
tensor([[-0.8400,  1.0000,  1.0000,  0.0000,  0.0000,  0.0000]])
tensor([[0.0966, 1.0000, 0.0000, 0.0000, 0.0000, 0.0000]])
tensor([[-0.8187,  1.0000,  1.0000,  0.0000,  0.0000,  0.0000]])
tensor([[0.2079, 1.0000, 0.0000, 0.0000, 0.0000, 0.0000]])
tensor([[-0.4633,  1.0000,  0.0000,  0.0000,  0.0000,  0.0000]])
tensor([[0.5724, 1.0000, 0.0000, 0.0000, 0.0000, 0.0000]])
tensor([[-0.2514,  1.0000,  0.0000,  0.0000,  0.0000,  0.0000]])
tensor([[0.9078, 1.0000, 0.0000, 0.0000, 0.0000, 0.0000]])
tensor([[-0.5649,  1.0000,  0.0000,  0.0000,  0.0000,  0.0000]])
tensor([[0.6093, 1.0000, 0.0000, 0.0000, 0.0000, 0.0000]])
tensor([[-0.6533,  1.0000,  0.0000,  0.0000,  0.0000,  0.0000]])
tensor([[-0.2058,  1.0000,  0.0000,  0.0000,  0.0000,  0.0000]])
tensor([[0.1990, 0.0000, 0.0000, 0.0000, 0.0000, 0.0000]])
tensor([[-0.1079,  1.0000,  0.0000,  0.0000,  0.0000,  0.0000]])
tensor([[-0.4790,  1.0000,  0.0000,  0.0000,  0.0000,  0.0000]])
tensor([[0.7679, 1.0000, 0.0000, 0.0000, 0.0000, 0.0000]])
tensor([[-0.6306,  1.0000,  0.0000,  0.0000,  0.0000,  0.0000]])
tensor([[-0.7122,  1.0000,  0.0000,  0.0000,  1.0000,  0.0000]])
tensor([[0.5981, 1.0000, 0.0000, 0.0000, 0.0000, 0.0000]])
tensor([[-0.5849,  1.0000,  0.0000,  1.0000,  0.0000,  0.0000]])
tensor([[0.5024, 1.0000, 0.0000, 0.0000, 0.0000, 0.0000]])
tensor([[-0.5395,  1.0000,  0.0000,  0.0000,  0.0000,  0.0000]])
tensor([[-0.8394,  1.0000,  0.0000,  0.0000,  0.0000,  0.0000]])
tensor([[0.8359, 1.0000, 0.0000, 0.0000, 0.0000, 0.0000]])
tensor([[0.7035, 1.0000, 1.0000, 0.0000, 0.0000, 0.0000]])
tensor([[0.0264, 1.0000, 0.0000, 0.0000, 0.0000, 0.0000]])
tensor([[0.5107, 0.0000, 0.0000, 0.0000, 0.0000, 0.0000]])
tensor([[0.3535, 1.0000, 0.0000, 0.0000, 0.0000, 0.0000]])
tensor([[0.3113, 1.0000, 0.0000, 0.0000, 0.0000, 0.0000]])
tensor([[-0.3456,  1.0000,  0.0000,  0.0000,  0.0000,  0.0000]])
tensor([[-0.1886,  1.0000,  0.0000,  0.0000,  0.0000,  0.0000]])
tensor([[-0.1559,  1.0000,  0.0000,  0.0000,  0.0000,  0.0000]])
tensor([[-0.5974,  1.0000,  0.0000,  0.0000,  0.0000,  0.0000]])
tensor([[-0.2274,  1.0000,  0.0000,  0.0000,  0.0000,  0.0000]])
tensor([[-0.8019,  1.0000,  0.0000,  0.0000,  0.0000,  0.0000]])
tensor([[0.8461, 1.0000, 0.0000, 0.0000, 0.0000, 0.0000]])
tensor([[0.4030, 1.0000, 0.0000, 0.0000, 0.0000, 0.0000]])
tensor([[-0.1370,  1.0000,  0.0000,  0.0000,  0.0000,  0.0000]])
tensor([[-0.7502,  1.0000,  0.0000,  0.0000,  0.0000,  0.0000]])
tensor([[0.4322, 1.0000, 0.0000, 0.0000, 0.0000, 0.0000]])
tensor([[-0.3419,  1.0000,  0.0000,  1.0000,  0.0000,  0.0000]])
tensor([[0.3960, 1.0000, 0.0000, 0.0000, 0.0000, 0.0000]])
tensor([[0.0698, 1.0000, 0.0000, 0.0000, 0.0000, 0.0000]])
tensor([[0.1203, 1.0000, 0.0000, 0.0000, 0.0000, 0.0000]])
tensor([[0.7305, 1.0000, 0.0000, 0.0000, 0.0000, 0.0000]])
tensor([[-0.3469,  0.0000,  0.0000,  0.0000,  0.0000,  0.0000]])
tensor([[0.5952, 1.0000, 0.0000, 0.0000, 0.0000, 0.0000]])
tensor([[-0.3085,  1.0000,  0.0000,  0.0000,  0.0000,  0.0000]])
tensor([[0.9183, 1.0000, 0.0000, 0.0000, 0.0000, 0.0000]])
tensor([[0.0216, 1.0000, 0.0000, 0.0000, 0.0000, 0.0000]])
tensor([[0.1407, 1.0000, 0.0000, 0.0000, 0.0000, 0.0000]])
tensor([[0.3704, 1.0000, 0.0000, 0.0000, 0.0000, 0.0000]])
tensor([[0.9527, 1.0000, 0.0000, 0.0000, 0.0000, 0.0000]])
tensor([[0.0278, 1.0000, 0.0000, 0.0000, 0.0000, 0.0000]])
tensor([[0.2166, 1.0000, 0.0000, 0.0000, 0.0000, 0.0000]])
tensor([[0.1133, 1.0000, 0.0000, 0.0000, 0.0000, 0.0000]])
tensor([[0.4405, 1.0000, 0.0000, 0.0000, 0.0000, 0.0000]])
tensor([[0.3119, 1.0000, 0.0000, 1.0000, 0.0000, 0.0000]])
tensor([[0.0040, 1.0000, 0.0000, 0.0000, 0.0000, 0.0000]])
tensor([[0.3643, 0.0000, 0.0000, 0.0000, 0.0000, 0.0000]])
tensor([[-0.6055,  1.0000,  0.0000,  0.0000,  0.0000,  0.0000]])
tensor([[0.7088, 1.0000, 0.0000, 0.0000, 0.0000, 0.0000]])
tensor([[0.2298, 1.0000, 0.0000, 0.0000, 0.0000, 0.0000]])
tensor([[-0.1865,  1.0000,  0.0000,  0.0000,  0.0000,  0.0000]])
tensor([[-0.6797,  1.0000,  0.0000,  0.0000,  1.0000,  0.0000]])
tensor([[-0.7798,  1.0000,  0.0000,  0.0000,  0.0000,  0.0000]])
tensor([[0.6751, 1.0000, 0.0000, 0.0000, 0.0000, 0.0000]])
tensor([[-0.7090,  1.0000,  0.0000,  0.0000,  0.0000,  0.0000]])
tensor([[0.7163, 1.0000, 0.0000, 0.0000, 0.0000, 0.0000]])
tensor([[0.2917, 1.0000, 0.0000, 0.0000, 0.0000, 0.0000]])
tensor([[0.8259, 1.0000, 0.0000, 0.0000, 0.0000, 0.0000]])
tensor([[-0.2996,  1.0000,  0.0000,  0.0000,  0.0000,  0.0000]])
tensor([[0.9151, 1.0000, 0.0000, 0.0000, 0.0000, 0.0000]])
tensor([[0.9354, 1.0000, 0.0000, 0.0000, 0.0000, 0.0000]])
tensor([[0.5016, 1.0000, 0.0000, 0.0000, 0.0000, 0.0000]])
tensor([[-0.1694,  0.0000,  0.0000,  0.0000,  0.0000,  0.0000]])
tensor([[0.6344, 1.0000, 0.0000, 0.0000, 0.0000, 0.0000]])
tensor([[-0.8718,  1.0000,  0.0000,  0.0000,  0.0000,  0.0000]])
tensor([[0.1434, 1.0000, 1.0000, 0.0000, 0.0000, 0.0000]])
tensor([[-0.9233,  1.0000,  0.0000,  0.0000,  0.0000,  0.0000]])
tensor([[0.2225, 1.0000, 0.0000, 0.0000, 0.0000, 0.0000]])
tensor([[-0.3581,  1.0000,  1.0000,  0.0000,  0.0000,  0.0000]])
tensor([[0.6642, 1.0000, 0.0000, 0.0000, 0.0000, 0.0000]])
tensor([[-0.8249,  1.0000,  0.0000,  0.0000,  0.0000,  0.0000]])
tensor([[0.7061, 1.0000, 0.0000, 0.0000, 0.0000, 0.0000]])
tensor([[0.6901, 0.0000, 0.0000, 0.0000, 0.0000, 0.0000]])
tensor([[-0.7188,  1.0000,  0.0000,  0.0000,  0.0000,  0.0000]])
tensor([[0.7284, 1.0000, 0.0000, 0.0000, 0.0000, 0.0000]])
tensor([[-0.5048,  0.0000,  0.0000,  0.0000,  0.0000,  0.0000]])
tensor([[-0.5832,  1.0000,  1.0000,  0.0000,  0.0000,  0.0000]])
tensor([[-0.4453,  1.0000,  0.0000,  0.0000,  0.0000,  0.0000]])
tensor([[-0.2191,  1.0000,  0.0000,  0.0000,  0.0000,  0.0000]])
tensor([[-0.0386,  1.0000,  0.0000,  0.0000,  0.0000,  0.0000]])
tensor([[0.9552, 1.0000, 0.0000, 0.0000, 0.0000, 0.0000]])
tensor([[0.4404, 1.0000, 0.0000, 0.0000, 0.0000, 0.0000]])
tensor([[-0.9976,  1.0000,  0.0000,  1.0000,  0.0000,  0.0000]])
tensor([[-0.1098,  1.0000,  0.0000,  0.0000,  0.0000,  0.0000]])
tensor([[0.4164, 1.0000, 0.0000, 0.0000, 0.0000, 0.0000]])
tensor([[0.5813, 1.0000, 0.0000, 0.0000, 0.0000, 0.0000]])
tensor([[-0.4903,  1.0000,  0.0000,  0.0000,  0.0000,  0.0000]])
tensor([[-0.6905,  1.0000,  0.0000,  0.0000,  0.0000,  0.0000]])
tensor([[-0.0813,  1.0000,  0.0000,  0.0000,  0.0000,  0.0000]])
tensor([[-0.9045,  1.0000,  0.0000,  0.0000,  0.0000,  0.0000]])
tensor([[-0.6962,  1.0000,  0.0000,  0.0000,  0.0000,  0.0000]])
tensor([[-0.6642,  1.0000,  0.0000,  0.0000,  0.0000,  0.0000]])
tensor([[0.6865, 1.0000, 0.0000, 0.0000, 0.0000, 0.0000]])
tensor([[0.4035, 1.0000, 0.0000, 0.0000, 0.0000, 0.0000]])
tensor([[-0.2350,  1.0000,  0.0000,  0.0000,  0.0000,  0.0000]])
tensor([[0.9523, 1.0000, 0.0000, 0.0000, 0.0000, 0.0000]])
tensor([[0.3878, 1.0000, 0.0000, 0.0000, 0.0000, 0.0000]])
tensor([[-0.1478,  1.0000,  0.0000,  0.0000,  0.0000,  0.0000]])
tensor([[0.1080, 1.0000, 0.0000, 0.0000, 0.0000, 0.0000]])
tensor([[-0.5249,  1.0000,  1.0000,  0.0000,  0.0000,  0.0000]])
tensor([[-0.5405,  1.0000,  0.0000,  0.0000,  0.0000,  0.0000]])
tensor([[-0.6570,  1.0000,  0.0000,  0.0000,  0.0000,  0.0000]])
tensor([[-0.3850,  1.0000,  0.0000,  0.0000,  0.0000,  0.0000]])
tensor([[-0.7946,  1.0000,  0.0000,  0.0000,  0.0000,  0.0000]])
tensor([[-0.0573,  1.0000,  0.0000,  0.0000,  0.0000,  0.0000]])
tensor([[-0.4731,  1.0000,  0.0000,  0.0000,  0.0000,  0.0000]])
tensor([[-0.2178,  1.0000,  0.0000,  0.0000,  0.0000,  0.0000]])
tensor([[-0.1894,  1.0000,  0.0000,  0.0000,  0.0000,  0.0000]])
tensor([[-0.7519,  1.0000,  0.0000,  0.0000,  0.0000,  0.0000]])
tensor([[0.3489, 1.0000, 0.0000, 0.0000, 0.0000, 0.0000]])
tensor([[-0.1670,  1.0000,  0.0000,  1.0000,  0.0000,  0.0000]])
tensor([[-0.6494,  1.0000,  0.0000,  0.0000,  0.0000,  0.0000]])
tensor([[0.8523, 1.0000, 0.0000, 0.0000, 0.0000, 0.0000]])
tensor([[-0.1235,  1.0000,  0.0000,  0.0000,  0.0000,  0.0000]])
tensor([[-0.5044,  1.0000,  0.0000,  0.0000,  0.0000,  0.0000]])
tensor([[-0.5349,  1.0000,  0.0000,  0.0000,  0.0000,  0.0000]])
tensor([[0.1257, 1.0000, 0.0000, 0.0000, 0.0000, 0.0000]])
tensor([[0.2524, 1.0000, 0.0000, 0.0000, 0.0000, 0.0000]])
tensor([[0.2733, 1.0000, 0.0000, 0.0000, 0.0000, 0.0000]])
tensor([[0.6909, 1.0000, 0.0000, 0.0000, 0.0000, 0.0000]])
tensor([[0.7913, 1.0000, 0.0000, 0.0000, 0.0000, 0.0000]])
tensor([[0.6126, 1.0000, 0.0000, 0.0000, 0.0000, 0.0000]])
tensor([[0.7697, 1.0000, 0.0000, 0.0000, 0.0000, 0.0000]])
tensor([[0.7211, 1.0000, 0.0000, 0.0000, 0.0000, 0.0000]])
tensor([[-0.7367,  1.0000,  0.0000,  0.0000,  0.0000,  0.0000]])
tensor([[-0.3158,  1.0000,  0.0000,  0.0000,  0.0000,  0.0000]])
tensor([[-0.3351,  1.0000,  0.0000,  0.0000,  0.0000,  0.0000]])
tensor([[-0.6471,  1.0000,  0.0000,  0.0000,  0.0000,  0.0000]])
tensor([[0.0682, 1.0000, 0.0000, 0.0000, 0.0000, 0.0000]])
tensor([[-0.4002,  1.0000,  1.0000,  0.0000,  0.0000,  0.0000]])
tensor([[-0.4809,  1.0000,  0.0000,  0.0000,  0.0000,  0.0000]])
tensor([[-0.6216,  1.0000,  0.0000,  0.0000,  0.0000,  0.0000]])
tensor([[-0.6064,  1.0000,  0.0000,  0.0000,  0.0000,  0.0000]])
tensor([[-0.8309,  1.0000,  0.0000,  0.0000,  0.0000,  0.0000]])
tensor([[-0.8001,  1.0000,  0.0000,  0.0000,  0.0000,  0.0000]])
tensor([[-0.9436,  1.0000,  0.0000,  0.0000,  0.0000,  0.0000]])
tensor([[-0.6757,  1.0000,  0.0000,  0.0000,  0.0000,  0.0000]])
tensor([[-0.9303,  1.0000,  0.0000,  0.0000,  0.0000,  0.0000]])
tensor([[0.3420, 0.0000, 0.0000, 0.0000, 0.0000, 0.0000]])
tensor([[0.5858, 1.0000, 0.0000, 0.0000, 0.0000, 0.0000]])
tensor([[0.2127, 1.0000, 0.0000, 0.0000, 0.0000, 0.0000]])
tensor([[0.7816, 1.0000, 1.0000, 0.0000, 0.0000, 0.0000]])
tensor([[-0.2665,  1.0000,  0.0000,  0.0000,  0.0000,  0.0000]])
tensor([[0.5567, 1.0000, 0.0000, 0.0000, 0.0000, 0.0000]])
tensor([[0.1486, 1.0000, 0.0000, 0.0000, 0.0000, 0.0000]])
tensor([[0.5362, 1.0000, 0.0000, 0.0000, 0.0000, 0.0000]])
tensor([[0.6239, 1.0000, 0.0000, 0.0000, 0.0000, 0.0000]])
tensor([[0.0354, 1.0000, 0.0000, 1.0000, 0.0000, 0.0000]])
tensor([[-0.8772,  1.0000,  0.0000,  0.0000,  0.0000,  0.0000]])
tensor([[0.6778, 1.0000, 0.0000, 0.0000, 0.0000, 0.0000]])
tensor([[-0.5373,  1.0000,  0.0000,  0.0000,  0.0000,  0.0000]])
tensor([[-0.6511,  1.0000,  0.0000,  0.0000,  0.0000,  0.0000]])
tensor([[-0.1759,  1.0000,  0.0000,  0.0000,  0.0000,  0.0000]])
tensor([[-0.0521,  1.0000,  0.0000,  0.0000,  0.0000,  0.0000]])
tensor([[0.8810, 1.0000, 0.0000, 0.0000, 0.0000, 0.0000]])
tensor([[0.6870, 1.0000, 0.0000, 0.0000, 0.0000, 0.0000]])
tensor([[0.1751, 1.0000, 0.0000, 0.0000, 0.0000, 0.0000]])
tensor([[-0.1886,  1.0000,  0.0000,  0.0000,  0.0000,  0.0000]])
tensor([[-0.4698,  1.0000,  0.0000,  0.0000,  0.0000,  0.0000]])
tensor([[0.6061, 1.0000, 0.0000, 0.0000, 0.0000, 0.0000]])
tensor([[-0.8755,  1.0000,  0.0000,  0.0000,  0.0000,  0.0000]])
tensor([[-0.9063,  1.0000,  1.0000,  0.0000,  0.0000,  0.0000]])
tensor([[-0.9945,  1.0000,  0.0000,  0.0000,  0.0000,  0.0000]])
tensor([[0.1875, 1.0000, 0.0000, 0.0000, 0.0000, 0.0000]])
tensor([[0.5635, 0.0000, 0.0000, 0.0000, 0.0000, 0.0000]])
tensor([[-0.9149,  1.0000,  0.0000,  0.0000,  0.0000,  0.0000]])
tensor([[-0.3036,  1.0000,  0.0000,  0.0000,  0.0000,  0.0000]])
tensor([[0.5975, 1.0000, 0.0000, 0.0000, 0.0000, 0.0000]])
tensor([[-0.2842,  1.0000,  0.0000,  0.0000,  0.0000,  0.0000]])
tensor([[-0.4479,  1.0000,  0.0000,  0.0000,  0.0000,  0.0000]])
tensor([[0.7264, 1.0000, 0.0000, 0.0000, 0.0000, 0.0000]])
tensor([[0.4436, 1.0000, 0.0000, 0.0000, 0.0000, 0.0000]])
tensor([[0.6824, 1.0000, 0.0000, 0.0000, 0.0000, 0.0000]])
tensor([[-0.2429,  1.0000,  1.0000,  0.0000,  0.0000,  0.0000]])
tensor([[-0.1877,  1.0000,  0.0000,  0.0000,  0.0000,  0.0000]])
tensor([[0.0023, 0.0000, 0.0000, 0.0000, 0.0000, 0.0000]])
tensor([[0.4293, 1.0000, 0.0000, 0.0000, 0.0000, 0.0000]])
tensor([[-0.3812,  1.0000,  0.0000,  0.0000,  0.0000,  0.0000]])
tensor([[-0.3536,  1.0000,  0.0000,  0.0000,  0.0000,  0.0000]])
tensor([[0.4983, 1.0000, 0.0000, 0.0000, 0.0000, 0.0000]])
tensor([[0.4624, 1.0000, 0.0000, 0.0000, 0.0000, 0.0000]])
tensor([[-0.8265,  1.0000,  0.0000,  0.0000,  0.0000,  0.0000]])
tensor([[-0.9093,  1.0000,  0.0000,  0.0000,  0.0000,  0.0000]])
tensor([[-0.7711,  1.0000,  0.0000,  0.0000,  0.0000,  0.0000]])
tensor([[-0.1398,  1.0000,  1.0000,  0.0000,  0.0000,  0.0000]])
tensor([[0.2253, 1.0000, 0.0000, 0.0000, 0.0000, 0.0000]])
tensor([[0.3201, 1.0000, 0.0000, 0.0000, 0.0000, 0.0000]])
tensor([[-0.8145,  1.0000,  0.0000,  0.0000,  0.0000,  0.0000]])
tensor([[-0.8269,  1.0000,  1.0000,  0.0000,  0.0000,  0.0000]])
tensor([[0.7567, 1.0000, 0.0000, 0.0000, 0.0000, 0.0000]])
tensor([[-0.7322,  1.0000,  0.0000,  0.0000,  0.0000,  0.0000]])
tensor([[-0.3282,  1.0000,  0.0000,  0.0000,  0.0000,  0.0000]])
tensor([[-0.9178,  1.0000,  0.0000,  0.0000,  0.0000,  0.0000]])
tensor([[-0.3912,  1.0000,  0.0000,  0.0000,  0.0000,  0.0000]])
tensor([[-0.0979,  1.0000,  0.0000,  0.0000,  0.0000,  0.0000]])
tensor([[-0.4812,  1.0000,  0.0000,  0.0000,  0.0000,  0.0000]])
tensor([[-0.2044,  1.0000,  0.0000,  0.0000,  0.0000,  0.0000]])
tensor([[-0.7346,  1.0000,  0.0000,  0.0000,  0.0000,  0.0000]])
tensor([[0.5009, 1.0000, 0.0000, 0.0000, 0.0000, 0.0000]])
tensor([[-0.5736,  1.0000,  1.0000,  0.0000,  0.0000,  0.0000]])
tensor([[0.9718, 1.0000, 0.0000, 0.0000, 0.0000, 0.0000]])
tensor([[0.6963, 1.0000, 0.0000, 0.0000, 0.0000, 0.0000]])
tensor([[-0.6926,  1.0000,  0.0000,  0.0000,  0.0000,  0.0000]])
tensor([[0.7417, 1.0000, 0.0000, 0.0000, 0.0000, 0.0000]])
tensor([[-0.3087,  0.0000,  0.0000,  0.0000,  0.0000,  0.0000]])
tensor([[0.1195, 1.0000, 0.0000, 0.0000, 0.0000, 0.0000]])
tensor([[0.0244, 1.0000, 0.0000, 0.0000, 0.0000, 0.0000]])
tensor([[0.9646, 1.0000, 0.0000, 0.0000, 0.0000, 0.0000]])
tensor([[0.6572, 1.0000, 0.0000, 0.0000, 0.0000, 0.0000]])
tensor([[0.4725, 1.0000, 0.0000, 0.0000, 0.0000, 0.0000]])
tensor([[-0.8878,  1.0000,  0.0000,  0.0000,  0.0000,  0.0000]])
tensor([[0.7318, 1.0000, 0.0000, 0.0000, 0.0000, 0.0000]])
tensor([[-0.5165,  1.0000,  0.0000,  0.0000,  0.0000,  0.0000]])
tensor([[0.3487, 1.0000, 1.0000, 0.0000, 0.0000, 0.0000]])
tensor([[-0.3089,  1.0000,  0.0000,  0.0000,  0.0000,  0.0000]])
tensor([[-0.1752,  1.0000,  0.0000,  0.0000,  0.0000,  0.0000]])
tensor([[-0.5636,  1.0000,  0.0000,  0.0000,  0.0000,  0.0000]])
tensor([[-0.7663,  1.0000,  0.0000,  0.0000,  0.0000,  0.0000]])
tensor([[-0.6846,  1.0000,  0.0000,  0.0000,  0.0000,  0.0000]])
tensor([[-0.1923,  1.0000,  0.0000,  0.0000,  0.0000,  0.0000]])
tensor([[0.7338, 0.0000, 0.0000, 0.0000, 0.0000, 0.0000]])
tensor([[0.8973, 1.0000, 1.0000, 0.0000, 0.0000, 0.0000]])
tensor([[0.1199, 1.0000, 0.0000, 0.0000, 0.0000, 0.0000]])
tensor([[-0.1349,  1.0000,  0.0000,  0.0000,  0.0000,  0.0000]])
tensor([[-0.3038,  1.0000,  0.0000,  0.0000,  0.0000,  0.0000]])
tensor([[0.3506, 1.0000, 0.0000, 0.0000, 0.0000, 0.0000]])
tensor([[-0.4309,  1.0000,  0.0000,  0.0000,  0.0000,  0.0000]])
tensor([[-0.2810,  1.0000,  0.0000,  0.0000,  0.0000,  0.0000]])
tensor([[0.2963, 1.0000, 0.0000, 0.0000, 0.0000, 0.0000]])
tensor([[-0.0572,  1.0000,  0.0000,  0.0000,  0.0000,  0.0000]])
tensor([[-0.8829,  1.0000,  0.0000,  0.0000,  0.0000,  0.0000]])
tensor([[-0.5459,  1.0000,  0.0000,  0.0000,  0.0000,  0.0000]])
tensor([[0.8838, 1.0000, 0.0000, 0.0000, 0.0000, 0.0000]])
tensor([[0.5213, 1.0000, 0.0000, 0.0000, 0.0000, 0.0000]])
tensor([[-0.4983,  1.0000,  0.0000,  0.0000,  0.0000,  0.0000]])
tensor([[0.4961, 1.0000, 0.0000, 0.0000, 0.0000, 0.0000]])
tensor([[0.5211, 1.0000, 0.0000, 0.0000, 0.0000, 0.0000]])
tensor([[-0.0085,  1.0000,  0.0000,  0.0000,  0.0000,  0.0000]])
tensor([[-0.1314,  1.0000,  0.0000,  0.0000,  0.0000,  0.0000]])
tensor([[-0.3163,  0.0000,  0.0000,  0.0000,  0.0000,  0.0000]])
tensor([[0.8996, 1.0000, 0.0000, 0.0000, 0.0000, 0.0000]])
tensor([[0.7592, 1.0000, 0.0000, 0.0000, 0.0000, 0.0000]])
tensor([[-0.0693,  1.0000,  0.0000,  0.0000,  0.0000,  0.0000]])
tensor([[-0.1105,  1.0000,  0.0000,  0.0000,  0.0000,  0.0000]])
tensor([[0.4135, 1.0000, 0.0000, 0.0000, 0.0000, 0.0000]])
tensor([[-0.8699,  1.0000,  0.0000,  0.0000,  0.0000,  0.0000]])
tensor([[-0.9195,  1.0000,  0.0000,  0.0000,  0.0000,  0.0000]])
tensor([[-0.5953,  1.0000,  0.0000,  0.0000,  0.0000,  0.0000]])
tensor([[0.0986, 1.0000, 0.0000, 0.0000, 0.0000, 0.0000]])
tensor([[-0.9149,  1.0000,  0.0000,  1.0000,  0.0000,  0.0000]])
tensor([[0.4736, 1.0000, 0.0000, 0.0000, 0.0000, 0.0000]])
tensor([[0.6828, 0.0000, 0.0000, 0.0000, 0.0000, 0.0000]])
tensor([[0.8653, 1.0000, 0.0000, 1.0000, 0.0000, 0.0000]])
tensor([[-0.9277,  1.0000,  0.0000,  0.0000,  0.0000,  0.0000]])
tensor([[-0.6311,  1.0000,  0.0000,  1.0000,  0.0000,  0.0000]])
tensor([[0.8984, 1.0000, 0.0000, 0.0000, 0.0000, 0.0000]])
tensor([[-0.1170,  1.0000,  0.0000,  0.0000,  0.0000,  0.0000]])
tensor([[0.7874, 1.0000, 0.0000, 0.0000, 0.0000, 0.0000]])
tensor([[-0.5364,  1.0000,  0.0000,  0.0000,  0.0000,  0.0000]])
tensor([[0.3561, 1.0000, 0.0000, 1.0000, 0.0000, 0.0000]])
tensor([[-0.2215,  1.0000,  0.0000,  0.0000,  0.0000,  0.0000]])
tensor([[0.3725, 1.0000, 0.0000, 0.0000, 0.0000, 0.0000]])
tensor([[0.1575, 1.0000, 0.0000, 1.0000, 0.0000, 0.0000]])
tensor([[0.3728, 1.0000, 0.0000, 0.0000, 0.0000, 0.0000]])
tensor([[-0.5859,  1.0000,  0.0000,  0.0000,  0.0000,  0.0000]])
tensor([[0.4393, 1.0000, 0.0000, 0.0000, 0.0000, 0.0000]])
tensor([[0.6542, 1.0000, 0.0000, 0.0000, 0.0000, 0.0000]])
tensor([[0.0752, 1.0000, 0.0000, 0.0000, 0.0000, 0.0000]])
tensor([[-0.9111,  1.0000,  0.0000,  0.0000,  0.0000,  0.0000]])
tensor([[-0.9349,  1.0000,  0.0000,  0.0000,  0.0000,  0.0000]])
tensor([[-0.7824,  1.0000,  0.0000,  0.0000,  0.0000,  0.0000]])
tensor([[0.8288, 1.0000, 0.0000, 0.0000, 0.0000, 0.0000]])
tensor([[-0.5228,  1.0000,  0.0000,  0.0000,  0.0000,  0.0000]])
tensor([[-0.8124,  1.0000,  0.0000,  0.0000,  0.0000,  0.0000]])
tensor([[0.0962, 1.0000, 0.0000, 0.0000, 0.0000, 0.0000]])
tensor([[0.8603, 1.0000, 1.0000, 0.0000, 0.0000, 0.0000]])
tensor([[-0.3198,  1.0000,  0.0000,  0.0000,  1.0000,  0.0000]])
tensor([[-0.8780,  1.0000,  0.0000,  0.0000,  0.0000,  0.0000]])
tensor([[-0.8328,  1.0000,  0.0000,  0.0000,  0.0000,  0.0000]])
tensor([[-0.0347,  1.0000,  0.0000,  0.0000,  0.0000,  0.0000]])
tensor([[0.7800, 1.0000, 0.0000, 0.0000, 0.0000, 0.0000]])
tensor([[0.5657, 1.0000, 0.0000, 0.0000, 0.0000, 0.0000]])
tensor([[-0.5817,  1.0000,  0.0000,  0.0000,  0.0000,  0.0000]])
tensor([[-0.4445,  1.0000,  0.0000,  0.0000,  0.0000,  0.0000]])
tensor([[-0.9830,  1.0000,  0.0000,  0.0000,  0.0000,  0.0000]])
tensor([[-0.7352,  1.0000,  0.0000,  0.0000,  0.0000,  0.0000]])
tensor([[-0.7712,  1.0000,  1.0000,  0.0000,  0.0000,  0.0000]])
tensor([[0.6845, 1.0000, 0.0000, 0.0000, 0.0000, 0.0000]])
tensor([[-0.6015,  1.0000,  0.0000,  0.0000,  0.0000,  0.0000]])
tensor([[0.6607, 1.0000, 0.0000, 1.0000, 0.0000, 0.0000]])
tensor([[0.4998, 1.0000, 0.0000, 0.0000, 0.0000, 0.0000]])
tensor([[0.8722, 1.0000, 0.0000, 0.0000, 0.0000, 0.0000]])
tensor([[0.0957, 1.0000, 0.0000, 0.0000, 0.0000, 0.0000]])
tensor([[0.6323, 1.0000, 0.0000, 0.0000, 0.0000, 0.0000]])
tensor([[-0.9219,  1.0000,  0.0000,  0.0000,  0.0000,  0.0000]])
tensor([[-0.1550,  1.0000,  0.0000,  0.0000,  0.0000,  0.0000]])
tensor([[-0.1027,  1.0000,  0.0000,  0.0000,  0.0000,  0.0000]])
tensor([[-0.3959,  1.0000,  0.0000,  0.0000,  0.0000,  0.0000]])
tensor([[0.7417, 0.0000, 0.0000, 0.0000, 0.0000, 0.0000]])
tensor([[-0.6088,  1.0000,  0.0000,  1.0000,  0.0000,  0.0000]])
tensor([[-0.7849,  1.0000,  0.0000,  0.0000,  0.0000,  0.0000]])
tensor([[0.7462, 0.0000, 0.0000, 0.0000, 0.0000, 0.0000]])
tensor([[-0.1685,  1.0000,  0.0000,  0.0000,  0.0000,  0.0000]])
tensor([[-0.5016,  1.0000,  0.0000,  1.0000,  0.0000,  0.0000]])
tensor([[-0.0478,  0.0000,  0.0000,  0.0000,  0.0000,  0.0000]])
tensor([[-0.3838,  1.0000,  0.0000,  0.0000,  0.0000,  0.0000]])
tensor([[0.8457, 1.0000, 0.0000, 0.0000, 0.0000, 0.0000]])
tensor([[0.2341, 1.0000, 0.0000, 0.0000, 0.0000, 0.0000]])
tensor([[-0.6454,  1.0000,  0.0000,  0.0000,  0.0000,  0.0000]])
tensor([[0.8746, 1.0000, 0.0000, 0.0000, 0.0000, 0.0000]])
tensor([[-0.7142,  1.0000,  0.0000,  0.0000,  0.0000,  0.0000]])
tensor([[0.0078, 0.0000, 0.0000, 0.0000, 0.0000, 0.0000]])
tensor([[-0.6104,  1.0000,  0.0000,  0.0000,  0.0000,  0.0000]])
tensor([[-0.8960,  1.0000,  0.0000,  0.0000,  0.0000,  0.0000]])
tensor([[-0.4148,  1.0000,  0.0000,  0.0000,  0.0000,  0.0000]])
tensor([[0.7351, 1.0000, 0.0000, 0.0000, 0.0000, 0.0000]])
tensor([[-0.9709,  1.0000,  0.0000,  0.0000,  0.0000,  0.0000]])
tensor([[-0.1524,  1.0000,  0.0000,  0.0000,  0.0000,  0.0000]])
tensor([[-0.0511,  1.0000,  0.0000,  0.0000,  0.0000,  0.0000]])
tensor([[0.5266, 1.0000, 0.0000, 0.0000, 0.0000, 0.0000]])
tensor([[-0.6984,  1.0000,  0.0000,  0.0000,  0.0000,  0.0000]])
tensor([[0.7467, 1.0000, 0.0000, 0.0000, 0.0000, 0.0000]])
tensor([[-0.1621,  1.0000,  0.0000,  0.0000,  0.0000,  0.0000]])
tensor([[0.1952, 0.0000, 0.0000, 0.0000, 0.0000, 0.0000]])
tensor([[0.2527, 1.0000, 0.0000, 0.0000, 0.0000, 0.0000]])
tensor([[0.3619, 1.0000, 0.0000, 0.0000, 0.0000, 0.0000]])
tensor([[0.1899, 1.0000, 0.0000, 0.0000, 1.0000, 0.0000]])
tensor([[0.2713, 1.0000, 0.0000, 0.0000, 0.0000, 0.0000]])
tensor([[-0.7218,  1.0000,  0.0000,  0.0000,  0.0000,  0.0000]])
tensor([[-0.5809,  1.0000,  0.0000,  0.0000,  0.0000,  0.0000]])
tensor([[-0.3125,  1.0000,  0.0000,  0.0000,  0.0000,  0.0000]])
tensor([[0.5823, 1.0000, 0.0000, 0.0000, 0.0000, 0.0000]])
tensor([[-0.4650,  1.0000,  0.0000,  0.0000,  0.0000,  0.0000]])
tensor([[0.1420, 1.0000, 0.0000, 0.0000, 0.0000, 0.0000]])
tensor([[0.7953, 1.0000, 0.0000, 0.0000, 0.0000, 0.0000]])
tensor([[0.1061, 1.0000, 0.0000, 0.0000, 0.0000, 0.0000]])
tensor([[0.0870, 0.0000, 0.0000, 0.0000, 0.0000, 0.0000]])
tensor([[-0.1003,  0.0000,  1.0000,  0.0000,  0.0000,  0.0000]])
tensor([[0.3430, 1.0000, 0.0000, 0.0000, 0.0000, 0.0000]])
tensor([[0.1130, 1.0000, 0.0000, 0.0000, 0.0000, 0.0000]])
tensor([[-0.4169,  1.0000,  0.0000,  0.0000,  0.0000,  0.0000]])
tensor([[-0.0855,  1.0000,  1.0000,  0.0000,  0.0000,  0.0000]])
tensor([[0.4463, 1.0000, 0.0000, 0.0000, 0.0000, 0.0000]])
tensor([[-0.9738,  1.0000,  0.0000,  0.0000,  0.0000,  0.0000]])
tensor([[0.7364, 1.0000, 0.0000, 0.0000, 0.0000, 0.0000]])
tensor([[-0.4778,  1.0000,  0.0000,  0.0000,  0.0000,  0.0000]])
tensor([[-0.1513,  1.0000,  0.0000,  0.0000,  0.0000,  0.0000]])
tensor([[0.9037, 1.0000, 0.0000, 0.0000, 0.0000, 0.0000]])
tensor([[-0.9232,  1.0000,  0.0000,  0.0000,  0.0000,  0.0000]])
tensor([[-0.0440,  1.0000,  0.0000,  0.0000,  0.0000,  0.0000]])
tensor([[-0.4228,  1.0000,  0.0000,  0.0000,  0.0000,  0.0000]])
tensor([[0.9417, 0.0000, 0.0000, 0.0000, 0.0000, 0.0000]])
tensor([[-0.3033,  0.0000,  0.0000,  0.0000,  0.0000,  0.0000]])
tensor([[-0.3467,  1.0000,  0.0000,  0.0000,  0.0000,  0.0000]])
tensor([[-1.6602e-05,  1.0000e+00,  0.0000e+00,  0.0000e+00,  0.0000e+00,
          0.0000e+00]])
tensor([[0.4855, 1.0000, 0.0000, 0.0000, 0.0000, 0.0000]])
tensor([[-0.3932,  1.0000,  0.0000,  0.0000,  0.0000,  0.0000]])
tensor([[0.0815, 1.0000, 0.0000, 0.0000, 0.0000, 0.0000]])
tensor([[-0.1392,  1.0000,  0.0000,  0.0000,  0.0000,  0.0000]])
tensor([[0.7912, 1.0000, 0.0000, 0.0000, 0.0000, 0.0000]])
tensor([[-0.9351,  1.0000,  0.0000,  0.0000,  0.0000,  0.0000]])
tensor([[-0.0941,  1.0000,  0.0000,  0.0000,  0.0000,  0.0000]])
tensor([[-0.8460,  1.0000,  0.0000,  0.0000,  0.0000,  0.0000]])
tensor([[0.2555, 1.0000, 0.0000, 0.0000, 0.0000, 0.0000]])
tensor([[0.8162, 1.0000, 0.0000, 0.0000, 0.0000, 0.0000]])
tensor([[0.9471, 1.0000, 0.0000, 0.0000, 0.0000, 0.0000]])
tensor([[-0.6596,  1.0000,  0.0000,  0.0000,  0.0000,  0.0000]])
tensor([[-0.0776,  0.0000,  0.0000,  0.0000,  0.0000,  0.0000]])
tensor([[0.2425, 1.0000, 0.0000, 0.0000, 0.0000, 0.0000]])
tensor([[0.7980, 1.0000, 0.0000, 0.0000, 0.0000, 0.0000]])
tensor([[0.8361, 1.0000, 0.0000, 0.0000, 0.0000, 0.0000]])
tensor([[0.7610, 1.0000, 0.0000, 0.0000, 0.0000, 0.0000]])
tensor([[-0.2042,  1.0000,  0.0000,  0.0000,  0.0000,  0.0000]])
tensor([[-0.3519,  1.0000,  0.0000,  0.0000,  0.0000,  0.0000]])
tensor([[-0.3868,  1.0000,  0.0000,  0.0000,  0.0000,  0.0000]])
tensor([[-0.9145,  0.0000,  0.0000,  0.0000,  0.0000,  0.0000]])
tensor([[0.5711, 1.0000, 0.0000, 0.0000, 0.0000, 0.0000]])
tensor([[-0.0021,  1.0000,  0.0000,  0.0000,  0.0000,  0.0000]])
tensor([[0.1789, 1.0000, 0.0000, 0.0000, 0.0000, 0.0000]])
tensor([[0.7347, 1.0000, 0.0000, 1.0000, 0.0000, 0.0000]])
tensor([[-0.1413,  1.0000,  0.0000,  0.0000,  0.0000,  0.0000]])
tensor([[0.8068, 1.0000, 0.0000, 0.0000, 0.0000, 0.0000]])
tensor([[0.4561, 1.0000, 0.0000, 0.0000, 0.0000, 0.0000]])
tensor([[-0.4662,  1.0000,  0.0000,  0.0000,  0.0000,  0.0000]])
tensor([[0.9119, 1.0000, 0.0000, 0.0000, 0.0000, 0.0000]])
tensor([[0.6989, 1.0000, 0.0000, 0.0000, 0.0000, 0.0000]])
tensor([[0.9584, 1.0000, 0.0000, 0.0000, 0.0000, 0.0000]])
tensor([[0.8675, 1.0000, 0.0000, 0.0000, 0.0000, 0.0000]])
tensor([[0.3749, 1.0000, 0.0000, 0.0000, 0.0000, 0.0000]])
tensor([[0.3655, 1.0000, 0.0000, 0.0000, 0.0000, 0.0000]])
tensor([[-0.6810,  1.0000,  0.0000,  0.0000,  0.0000,  0.0000]])
tensor([[0.4785, 1.0000, 0.0000, 1.0000, 0.0000, 0.0000]])
tensor([[-0.2484,  1.0000,  0.0000,  0.0000,  0.0000,  0.0000]])
tensor([[0.3666, 1.0000, 0.0000, 0.0000, 0.0000, 0.0000]])
tensor([[-0.5382,  1.0000,  0.0000,  0.0000,  0.0000,  0.0000]])
tensor([[0.0467, 1.0000, 0.0000, 0.0000, 0.0000, 0.0000]])
tensor([[-0.6516,  1.0000,  0.0000,  0.0000,  0.0000,  0.0000]])
tensor([[0.9627, 1.0000, 0.0000, 0.0000, 0.0000, 0.0000]])
tensor([[0.7891, 1.0000, 1.0000, 0.0000, 0.0000, 0.0000]])
tensor([[-0.6394,  1.0000,  0.0000,  0.0000,  0.0000,  0.0000]])
tensor([[-0.3088,  1.0000,  0.0000,  0.0000,  0.0000,  0.0000]])
tensor([[0.9670, 1.0000, 0.0000, 0.0000, 0.0000, 0.0000]])
tensor([[0.6650, 1.0000, 0.0000, 0.0000, 0.0000, 0.0000]])
tensor([[-0.3144,  1.0000,  0.0000,  0.0000,  0.0000,  0.0000]])
tensor([[0.8014, 1.0000, 0.0000, 0.0000, 0.0000, 0.0000]])
tensor([[0.9053, 1.0000, 0.0000, 0.0000, 0.0000, 0.0000]])
tensor([[0.4628, 1.0000, 0.0000, 0.0000, 0.0000, 0.0000]])
tensor([[-0.5805,  1.0000,  1.0000,  0.0000,  0.0000,  0.0000]])
tensor([[0.4481, 1.0000, 0.0000, 0.0000, 0.0000, 0.0000]])
tensor([[-0.9275,  0.0000,  0.0000,  0.0000,  0.0000,  0.0000]])
tensor([[-0.9066,  1.0000,  0.0000,  0.0000,  0.0000,  0.0000]])
tensor([[0.8978, 1.0000, 0.0000, 0.0000, 0.0000, 0.0000]])
tensor([[-0.1196,  1.0000,  0.0000,  1.0000,  0.0000,  0.0000]])
tensor([[0.9417, 1.0000, 0.0000, 0.0000, 0.0000, 0.0000]])
tensor([[0.5295, 1.0000, 0.0000, 0.0000, 0.0000, 0.0000]])
tensor([[0.9392, 1.0000, 0.0000, 0.0000, 0.0000, 0.0000]])
tensor([[-0.0192,  1.0000,  0.0000,  0.0000,  0.0000,  0.0000]])
tensor([[0.3550, 1.0000, 0.0000, 0.0000, 0.0000, 0.0000]])
tensor([[0.3102, 1.0000, 0.0000, 0.0000, 0.0000, 0.0000]])
tensor([[-0.6191,  1.0000,  0.0000,  0.0000,  0.0000,  0.0000]])
tensor([[-0.8397,  0.0000,  0.0000,  0.0000,  0.0000,  0.0000]])
tensor([[-0.0605,  1.0000,  0.0000,  0.0000,  0.0000,  0.0000]])
tensor([[0.9074, 1.0000, 0.0000, 0.0000, 0.0000, 0.0000]])
tensor([[-0.5419,  1.0000,  0.0000,  0.0000,  0.0000,  0.0000]])
tensor([[0.6262, 1.0000, 1.0000, 0.0000, 0.0000, 0.0000]])
tensor([[0.9075, 1.0000, 1.0000, 0.0000, 0.0000, 0.0000]])
tensor([[-0.0786,  1.0000,  0.0000,  0.0000,  0.0000,  0.0000]])
tensor([[0.8623, 1.0000, 0.0000, 0.0000, 0.0000, 0.0000]])
tensor([[-0.4087,  1.0000,  0.0000,  1.0000,  0.0000,  0.0000]])
tensor([[0.6381, 1.0000, 0.0000, 0.0000, 0.0000, 0.0000]])
tensor([[-0.4764,  1.0000,  0.0000,  0.0000,  0.0000,  0.0000]])
tensor([[0.9056, 1.0000, 0.0000, 0.0000, 0.0000, 0.0000]])
tensor([[-0.8540,  1.0000,  0.0000,  0.0000,  0.0000,  0.0000]])
tensor([[-0.7188,  1.0000,  0.0000,  0.0000,  0.0000,  0.0000]])
tensor([[-0.9292,  1.0000,  0.0000,  0.0000,  0.0000,  0.0000]])
tensor([[-0.8974,  1.0000,  0.0000,  0.0000,  0.0000,  0.0000]])
tensor([[0.6497, 1.0000, 0.0000, 0.0000, 0.0000, 0.0000]])
tensor([[0.4959, 0.0000, 0.0000, 0.0000, 0.0000, 0.0000]])
tensor([[-0.3758,  1.0000,  1.0000,  0.0000,  0.0000,  0.0000]])
tensor([[0.4207, 1.0000, 0.0000, 0.0000, 0.0000, 0.0000]])
tensor([[0.8507, 1.0000, 0.0000, 0.0000, 0.0000, 0.0000]])
tensor([[-0.0848,  1.0000,  0.0000,  0.0000,  0.0000,  0.0000]])
tensor([[0.5689, 1.0000, 0.0000, 0.0000, 0.0000, 0.0000]])
tensor([[0.2623, 1.0000, 0.0000, 0.0000, 0.0000, 0.0000]])
tensor([[0.6491, 1.0000, 0.0000, 0.0000, 0.0000, 0.0000]])
tensor([[0.2522, 1.0000, 0.0000, 0.0000, 0.0000, 0.0000]])
tensor([[0.4173, 1.0000, 0.0000, 0.0000, 0.0000, 0.0000]])
tensor([[0.6609, 1.0000, 0.0000, 0.0000, 0.0000, 0.0000]])
tensor([[0.6475, 1.0000, 0.0000, 0.0000, 0.0000, 0.0000]])
tensor([[-0.4345,  1.0000,  0.0000,  0.0000,  0.0000,  0.0000]])
tensor([[-0.2108,  1.0000,  0.0000,  0.0000,  0.0000,  0.0000]])
tensor([[-0.0982,  0.0000,  0.0000,  0.0000,  0.0000,  0.0000]])
tensor([[-0.3367,  1.0000,  0.0000,  0.0000,  0.0000,  0.0000]])
tensor([[-0.4592,  0.0000,  0.0000,  0.0000,  0.0000,  0.0000]])
tensor([[-0.2956,  1.0000,  0.0000,  0.0000,  0.0000,  0.0000]])
tensor([[0.0717, 0.0000, 0.0000, 0.0000, 0.0000, 0.0000]])
tensor([[0.0278, 1.0000, 0.0000, 0.0000, 0.0000, 0.0000]])
tensor([[-0.8946,  0.0000,  0.0000,  0.0000,  0.0000,  0.0000]])
tensor([[0.3687, 1.0000, 0.0000, 0.0000, 0.0000, 0.0000]])
tensor([[-0.8688,  1.0000,  0.0000,  0.0000,  0.0000,  0.0000]])
tensor([[0.2103, 1.0000, 0.0000, 0.0000, 0.0000, 0.0000]])
tensor([[-0.8311,  1.0000,  0.0000,  1.0000,  0.0000,  0.0000]])
tensor([[0.5494, 1.0000, 0.0000, 0.0000, 0.0000, 0.0000]])
tensor([[-0.2207,  1.0000,  0.0000,  0.0000,  0.0000,  0.0000]])
tensor([[0.4160, 1.0000, 0.0000, 0.0000, 0.0000, 0.0000]])
tensor([[0.6189, 1.0000, 0.0000, 0.0000, 0.0000, 0.0000]])
tensor([[-0.2438,  1.0000,  0.0000,  0.0000,  0.0000,  0.0000]])
tensor([[0.7759, 1.0000, 0.0000, 0.0000, 0.0000, 0.0000]])
tensor([[-0.7133,  1.0000,  0.0000,  0.0000,  0.0000,  0.0000]])
tensor([[0.9394, 1.0000, 0.0000, 0.0000, 0.0000, 0.0000]])
tensor([[-0.5420,  1.0000,  0.0000,  0.0000,  0.0000,  0.0000]])
tensor([[0.8223, 1.0000, 0.0000, 0.0000, 0.0000, 0.0000]])
tensor([[0.1396, 1.0000, 0.0000, 0.0000, 0.0000, 0.0000]])
tensor([[-0.5296,  1.0000,  0.0000,  0.0000,  0.0000,  0.0000]])
tensor([[-0.1129,  1.0000,  0.0000,  0.0000,  0.0000,  0.0000]])
tensor([[0.2892, 1.0000, 0.0000, 0.0000, 0.0000, 0.0000]])
tensor([[-0.8248,  1.0000,  0.0000,  0.0000,  0.0000,  0.0000]])
tensor([[0.2683, 1.0000, 0.0000, 0.0000, 0.0000, 0.0000]])
tensor([[0.1395, 1.0000, 0.0000, 0.0000, 0.0000, 0.0000]])
tensor([[-0.8395,  1.0000,  0.0000,  0.0000,  0.0000,  0.0000]])
tensor([[0.9570, 1.0000, 0.0000, 0.0000, 0.0000, 0.0000]])
tensor([[0.5712, 1.0000, 0.0000, 0.0000, 0.0000, 0.0000]])
tensor([[0.8983, 1.0000, 0.0000, 0.0000, 0.0000, 0.0000]])
tensor([[0.6323, 1.0000, 0.0000, 0.0000, 0.0000, 0.0000]])
tensor([[0.2723, 1.0000, 0.0000, 0.0000, 0.0000, 0.0000]])
tensor([[-0.4204,  1.0000,  0.0000,  1.0000,  1.0000,  0.0000]])
tensor([[0.7302, 1.0000, 0.0000, 0.0000, 0.0000, 0.0000]])
tensor([[0.3771, 1.0000, 0.0000, 0.0000, 0.0000, 0.0000]])
tensor([[-0.2812,  1.0000,  0.0000,  0.0000,  0.0000,  0.0000]])
tensor([[0.8698, 0.0000, 0.0000, 0.0000, 0.0000, 0.0000]])
tensor([[-0.8043,  1.0000,  0.0000,  0.0000,  0.0000,  0.0000]])
tensor([[0.0160, 1.0000, 0.0000, 0.0000, 0.0000, 0.0000]])
tensor([[-0.4826,  1.0000,  1.0000,  1.0000,  0.0000,  0.0000]])
tensor([[-0.0721,  1.0000,  0.0000,  0.0000,  0.0000,  0.0000]])
tensor([[0.8550, 1.0000, 0.0000, 0.0000, 0.0000, 0.0000]])
tensor([[0.9315, 1.0000, 0.0000, 0.0000, 0.0000, 0.0000]])
tensor([[-0.8227,  1.0000,  0.0000,  0.0000,  0.0000,  0.0000]])
tensor([[-0.4352,  1.0000,  0.0000,  0.0000,  0.0000,  0.0000]])
tensor([[0.1625, 1.0000, 0.0000, 0.0000, 0.0000, 0.0000]])
tensor([[0.3499, 1.0000, 0.0000, 0.0000, 0.0000, 0.0000]])
tensor([[0.4806, 1.0000, 1.0000, 0.0000, 0.0000, 0.0000]])
tensor([[-0.7321,  1.0000,  0.0000,  0.0000,  0.0000,  0.0000]])
tensor([[-0.9201,  1.0000,  1.0000,  0.0000,  0.0000,  0.0000]])
tensor([[0.6450, 1.0000, 0.0000, 0.0000, 0.0000, 0.0000]])
tensor([[-0.8222,  1.0000,  0.0000,  0.0000,  0.0000,  0.0000]])
tensor([[-0.2101,  1.0000,  0.0000,  0.0000,  0.0000,  0.0000]])
tensor([[-0.8706,  1.0000,  0.0000,  0.0000,  0.0000,  0.0000]])
tensor([[-0.7425,  1.0000,  0.0000,  0.0000,  0.0000,  0.0000]])
tensor([[-0.5241,  0.0000,  0.0000,  0.0000,  0.0000,  0.0000]])
tensor([[0.2989, 1.0000, 0.0000, 0.0000, 0.0000, 0.0000]])
tensor([[0.9109, 0.0000, 0.0000, 0.0000, 0.0000, 0.0000]])
tensor([[0.3158, 1.0000, 0.0000, 0.0000, 0.0000, 0.0000]])
tensor([[-0.3554,  1.0000,  0.0000,  0.0000,  0.0000,  0.0000]])
tensor([[0.3891, 1.0000, 0.0000, 0.0000, 0.0000, 0.0000]])
tensor([[-0.2597,  1.0000,  0.0000,  0.0000,  0.0000,  0.0000]])
tensor([[-0.0131,  1.0000,  0.0000,  0.0000,  0.0000,  0.0000]])
tensor([[-0.0100,  1.0000,  0.0000,  1.0000,  0.0000,  0.0000]])
tensor([[0.9637, 0.0000, 0.0000, 0.0000, 0.0000, 0.0000]])
tensor([[-0.3930,  1.0000,  0.0000,  0.0000,  0.0000,  0.0000]])
tensor([[-0.8252,  1.0000,  0.0000,  0.0000,  0.0000,  0.0000]])
tensor([[0.4915, 1.0000, 0.0000, 0.0000, 0.0000, 0.0000]])
tensor([[0.5614, 1.0000, 0.0000, 0.0000, 0.0000, 0.0000]])
tensor([[0.6130, 1.0000, 0.0000, 0.0000, 0.0000, 0.0000]])
tensor([[-0.9864,  1.0000,  1.0000,  0.0000,  0.0000,  0.0000]])
tensor([[0.1308, 1.0000, 0.0000, 0.0000, 0.0000, 0.0000]])
tensor([[0.0884, 1.0000, 0.0000, 0.0000, 0.0000, 0.0000]])
tensor([[0.0054, 1.0000, 0.0000, 0.0000, 0.0000, 0.0000]])
tensor([[0.0297, 0.0000, 0.0000, 0.0000, 1.0000, 0.0000]])
tensor([[0.2660, 1.0000, 0.0000, 0.0000, 0.0000, 0.0000]])
tensor([[-0.1756,  1.0000,  0.0000,  0.0000,  0.0000,  0.0000]])
tensor([[-0.1117,  0.0000,  0.0000,  0.0000,  0.0000,  0.0000]])
tensor([[0.8554, 1.0000, 0.0000, 0.0000, 0.0000, 0.0000]])
tensor([[0.3425, 1.0000, 0.0000, 0.0000, 0.0000, 0.0000]])
tensor([[-0.1042,  1.0000,  0.0000,  0.0000,  0.0000,  0.0000]])
tensor([[-0.1205,  1.0000,  0.0000,  0.0000,  0.0000,  0.0000]])
tensor([[-0.4472,  1.0000,  0.0000,  0.0000,  0.0000,  0.0000]])
tensor([[-0.3380,  1.0000,  0.0000,  0.0000,  0.0000,  0.0000]])
tensor([[-0.7188,  1.0000,  0.0000,  0.0000,  0.0000,  0.0000]])
tensor([[0.9218, 1.0000, 1.0000, 0.0000, 0.0000, 0.0000]])
tensor([[0.8850, 1.0000, 0.0000, 0.0000, 0.0000, 0.0000]])
tensor([[0.0906, 1.0000, 0.0000, 0.0000, 0.0000, 0.0000]])
tensor([[0.7361, 1.0000, 0.0000, 0.0000, 0.0000, 0.0000]])
tensor([[0.2069, 1.0000, 0.0000, 0.0000, 0.0000, 0.0000]])
tensor([[0.5271, 1.0000, 0.0000, 0.0000, 0.0000, 0.0000]])
tensor([[-0.2900,  1.0000,  0.0000,  0.0000,  0.0000,  0.0000]])
tensor([[-0.8182,  1.0000,  0.0000,  0.0000,  0.0000,  0.0000]])
tensor([[0.8369, 0.0000, 0.0000, 0.0000, 0.0000, 0.0000]])
tensor([[-0.1898,  1.0000,  1.0000,  0.0000,  0.0000,  0.0000]])
tensor([[0.7811, 1.0000, 0.0000, 0.0000, 0.0000, 0.0000]])
tensor([[-0.7549,  1.0000,  0.0000,  0.0000,  0.0000,  0.0000]])
tensor([[-0.5040,  1.0000,  0.0000,  0.0000,  0.0000,  0.0000]])
tensor([[0.5942, 1.0000, 1.0000, 0.0000, 0.0000, 0.0000]])
tensor([[0.2448, 1.0000, 0.0000, 0.0000, 0.0000, 0.0000]])
tensor([[0.5662, 1.0000, 0.0000, 0.0000, 0.0000, 0.0000]])
tensor([[-0.6309,  1.0000,  0.0000,  0.0000,  0.0000,  0.0000]])
tensor([[0.3700, 1.0000, 0.0000, 0.0000, 0.0000, 0.0000]])
tensor([[-0.0788,  1.0000,  0.0000,  0.0000,  0.0000,  0.0000]])
tensor([[-0.4855,  1.0000,  1.0000,  0.0000,  0.0000,  0.0000]])
tensor([[0.8980, 1.0000, 0.0000, 0.0000, 0.0000, 0.0000]])
tensor([[-0.0319,  1.0000,  0.0000,  0.0000,  0.0000,  0.0000]])
tensor([[-0.9587,  1.0000,  0.0000,  1.0000,  0.0000,  0.0000]])
tensor([[0.5180, 1.0000, 0.0000, 0.0000, 0.0000, 0.0000]])
tensor([[-0.9577,  1.0000,  1.0000,  0.0000,  0.0000,  0.0000]])
tensor([[0.4121, 1.0000, 0.0000, 0.0000, 0.0000, 0.0000]])
tensor([[0.7213, 1.0000, 0.0000, 0.0000, 0.0000, 0.0000]])
tensor([[-0.1422,  1.0000,  0.0000,  0.0000,  0.0000,  0.0000]])
tensor([[0.8090, 0.0000, 0.0000, 0.0000, 0.0000, 0.0000]])
tensor([[-0.1695,  1.0000,  0.0000,  0.0000,  0.0000,  0.0000]])
tensor([[-0.7433,  1.0000,  0.0000,  0.0000,  0.0000,  0.0000]])
tensor([[0.6307, 1.0000, 0.0000, 0.0000, 0.0000, 0.0000]])
tensor([[-0.9087,  1.0000,  0.0000,  0.0000,  0.0000,  0.0000]])
tensor([[-0.6176,  1.0000,  0.0000,  0.0000,  0.0000,  0.0000]])
tensor([[-0.4129,  1.0000,  0.0000,  0.0000,  0.0000,  0.0000]])
tensor([[0.6683, 1.0000, 0.0000, 0.0000, 0.0000, 0.0000]])
tensor([[-0.6305,  0.0000,  0.0000,  0.0000,  0.0000,  0.0000]])
tensor([[-0.7061,  1.0000,  0.0000,  1.0000,  0.0000,  0.0000]])
tensor([[-0.4974,  1.0000,  0.0000,  0.0000,  0.0000,  0.0000]])
tensor([[-0.4826,  1.0000,  0.0000,  0.0000,  0.0000,  0.0000]])
tensor([[0.6319, 1.0000, 0.0000, 0.0000, 0.0000, 0.0000]])
tensor([[-0.2370,  1.0000,  0.0000,  0.0000,  0.0000,  0.0000]])
tensor([[0.8279, 1.0000, 0.0000, 0.0000, 0.0000, 0.0000]])
tensor([[0.8315, 1.0000, 0.0000, 0.0000, 0.0000, 0.0000]])
tensor([[-0.0388,  1.0000,  0.0000,  0.0000,  0.0000,  0.0000]])
tensor([[-0.8365,  1.0000,  0.0000,  0.0000,  0.0000,  0.0000]])
tensor([[0.0303, 1.0000, 0.0000, 0.0000, 0.0000, 0.0000]])
tensor([[-0.3973,  1.0000,  0.0000,  0.0000,  0.0000,  0.0000]])
tensor([[-0.9265,  1.0000,  0.0000,  0.0000,  0.0000,  0.0000]])
tensor([[-0.6842,  1.0000,  0.0000,  0.0000,  0.0000,  0.0000]])
tensor([[0.5577, 1.0000, 0.0000, 0.0000, 0.0000, 0.0000]])
tensor([[0.6659, 1.0000, 0.0000, 0.0000, 0.0000, 0.0000]])
tensor([[0.3981, 1.0000, 0.0000, 0.0000, 0.0000, 0.0000]])
tensor([[-0.3235,  1.0000,  0.0000,  0.0000,  0.0000,  0.0000]])
tensor([[0.6560, 1.0000, 0.0000, 0.0000, 0.0000, 0.0000]])
tensor([[0.2110, 1.0000, 0.0000, 0.0000, 0.0000, 0.0000]])
tensor([[0.7950, 1.0000, 0.0000, 0.0000, 0.0000, 0.0000]])
tensor([[0.8666, 1.0000, 0.0000, 0.0000, 0.0000, 0.0000]])
tensor([[0.6368, 1.0000, 0.0000, 0.0000, 0.0000, 0.0000]])
tensor([[-0.8032,  1.0000,  0.0000,  0.0000,  0.0000,  0.0000]])
tensor([[0.5665, 1.0000, 0.0000, 0.0000, 0.0000, 0.0000]])
tensor([[-0.4882,  1.0000,  1.0000,  0.0000,  0.0000,  0.0000]])
tensor([[-0.6815,  1.0000,  0.0000,  0.0000,  0.0000,  0.0000]])
tensor([[-0.2132,  1.0000,  0.0000,  0.0000,  0.0000,  0.0000]])
tensor([[-0.3865,  1.0000,  0.0000,  0.0000,  0.0000,  0.0000]])
tensor([[-0.0943,  1.0000,  0.0000,  0.0000,  0.0000,  0.0000]])
tensor([[-0.9516,  1.0000,  0.0000,  0.0000,  0.0000,  0.0000]])
tensor([[-0.4720,  1.0000,  0.0000,  0.0000,  0.0000,  0.0000]])
tensor([[-0.7261,  1.0000,  0.0000,  0.0000,  0.0000,  0.0000]])
tensor([[0.9466, 1.0000, 0.0000, 0.0000, 0.0000, 0.0000]])
tensor([[0.8736, 1.0000, 0.0000, 0.0000, 0.0000, 0.0000]])
tensor([[-0.7829,  1.0000,  0.0000,  0.0000,  0.0000,  0.0000]])
tensor([[-0.4045,  1.0000,  0.0000,  0.0000,  0.0000,  0.0000]])
tensor([[-0.8035,  1.0000,  0.0000,  0.0000,  0.0000,  0.0000]])
tensor([[-0.0658,  1.0000,  0.0000,  0.0000,  0.0000,  0.0000]])
tensor([[0.2895, 1.0000, 1.0000, 0.0000, 0.0000, 0.0000]])
tensor([[0.2185, 1.0000, 0.0000, 0.0000, 0.0000, 0.0000]])
tensor([[-0.8213,  1.0000,  0.0000,  0.0000,  0.0000,  0.0000]])
tensor([[0.9114, 1.0000, 0.0000, 0.0000, 0.0000, 0.0000]])
tensor([[0.3716, 1.0000, 0.0000, 0.0000, 0.0000, 0.0000]])
tensor([[0.0335, 1.0000, 0.0000, 0.0000, 0.0000, 0.0000]])
tensor([[0.6275, 1.0000, 0.0000, 0.0000, 0.0000, 0.0000]])
tensor([[0.9190, 1.0000, 0.0000, 0.0000, 0.0000, 0.0000]])
tensor([[0.5980, 1.0000, 0.0000, 0.0000, 0.0000, 0.0000]])
tensor([[-0.2118,  1.0000,  0.0000,  0.0000,  0.0000,  0.0000]])
tensor([[0.8451, 0.0000, 0.0000, 0.0000, 0.0000, 0.0000]])
tensor([[0.8729, 1.0000, 0.0000, 0.0000, 0.0000, 0.0000]])
tensor([[0.9328, 1.0000, 1.0000, 0.0000, 0.0000, 0.0000]])
tensor([[0.7455, 1.0000, 0.0000, 0.0000, 0.0000, 0.0000]])
tensor([[0.9129, 1.0000, 0.0000, 0.0000, 0.0000, 0.0000]])
tensor([[0.8154, 1.0000, 0.0000, 0.0000, 0.0000, 0.0000]])
tensor([[-0.7725,  1.0000,  0.0000,  0.0000,  0.0000,  0.0000]])
tensor([[-0.8768,  1.0000,  0.0000,  0.0000,  0.0000,  0.0000]])
tensor([[0.7453, 1.0000, 0.0000, 0.0000, 0.0000, 0.0000]])
tensor([[0.2326, 0.0000, 0.0000, 0.0000, 0.0000, 0.0000]])
tensor([[-0.8583,  0.0000,  0.0000,  0.0000,  0.0000,  0.0000]])
tensor([[0.5309, 1.0000, 0.0000, 0.0000, 0.0000, 0.0000]])
tensor([[0.0035, 1.0000, 0.0000, 0.0000, 1.0000, 0.0000]])
tensor([[-0.0677,  1.0000,  0.0000,  0.0000,  0.0000,  0.0000]])
tensor([[0.1219, 1.0000, 0.0000, 0.0000, 0.0000, 0.0000]])
tensor([[-0.0769,  1.0000,  0.0000,  0.0000,  0.0000,  0.0000]])
tensor([[-0.9229,  1.0000,  0.0000,  0.0000,  0.0000,  0.0000]])
tensor([[0.3573, 1.0000, 0.0000, 0.0000, 0.0000, 0.0000]])
tensor([[-0.2234,  1.0000,  0.0000,  0.0000,  0.0000,  0.0000]])
tensor([[0.4217, 1.0000, 0.0000, 0.0000, 0.0000, 0.0000]])
tensor([[0.9402, 1.0000, 0.0000, 0.0000, 0.0000, 0.0000]])
tensor([[-0.0058,  0.0000,  0.0000,  0.0000,  0.0000,  0.0000]])
tensor([[-0.9789,  1.0000,  0.0000,  0.0000,  0.0000,  0.0000]])
tensor([[-0.7499,  0.0000,  1.0000,  0.0000,  0.0000,  0.0000]])
tensor([[-0.2170,  1.0000,  0.0000,  0.0000,  0.0000,  0.0000]])
tensor([[-0.6441,  0.0000,  0.0000,  0.0000,  0.0000,  0.0000]])
tensor([[0.0266, 1.0000, 0.0000, 0.0000, 0.0000, 0.0000]])
tensor([[0.8985, 1.0000, 0.0000, 0.0000, 0.0000, 0.0000]])
tensor([[-0.6470,  1.0000,  0.0000,  0.0000,  0.0000,  0.0000]])
tensor([[-0.7983,  1.0000,  0.0000,  0.0000,  0.0000,  0.0000]])
tensor([[-0.8030,  1.0000,  0.0000,  0.0000,  0.0000,  0.0000]])
tensor([[0.9427, 1.0000, 0.0000, 0.0000, 0.0000, 0.0000]])
tensor([[-0.8515,  1.0000,  0.0000,  0.0000,  0.0000,  0.0000]])
tensor([[-0.9972,  1.0000,  0.0000,  0.0000,  0.0000,  0.0000]])
tensor([[-0.2472,  1.0000,  0.0000,  0.0000,  0.0000,  0.0000]])
tensor([[-0.8122,  1.0000,  0.0000,  0.0000,  0.0000,  0.0000]])
tensor([[-0.6991,  1.0000,  0.0000,  0.0000,  0.0000,  0.0000]])
tensor([[-0.6279,  1.0000,  0.0000,  1.0000,  0.0000,  0.0000]])
tensor([[-0.4114,  1.0000,  0.0000,  0.0000,  0.0000,  0.0000]])
tensor([[-0.1056,  1.0000,  0.0000,  0.0000,  0.0000,  0.0000]])
tensor([[0.2357, 1.0000, 0.0000, 0.0000, 0.0000, 0.0000]])
tensor([[-0.7056,  1.0000,  0.0000,  0.0000,  0.0000,  0.0000]])
tensor([[-0.4587,  1.0000,  0.0000,  0.0000,  0.0000,  0.0000]])
tensor([[0.4885, 1.0000, 0.0000, 0.0000, 0.0000, 0.0000]])
tensor([[0.5731, 1.0000, 0.0000, 0.0000, 0.0000, 0.0000]])
tensor([[-0.1615,  1.0000,  0.0000,  0.0000,  0.0000,  0.0000]])
tensor([[0.7853, 1.0000, 0.0000, 0.0000, 0.0000, 0.0000]])
tensor([[-0.6613,  1.0000,  0.0000,  0.0000,  0.0000,  0.0000]])
tensor([[-0.0179,  1.0000,  0.0000,  0.0000,  0.0000,  0.0000]])
tensor([[0.0399, 1.0000, 0.0000, 0.0000, 0.0000, 0.0000]])
tensor([[-0.5550,  1.0000,  0.0000,  0.0000,  0.0000,  0.0000]])
tensor([[0.5289, 1.0000, 0.0000, 0.0000, 0.0000, 0.0000]])
tensor([[-0.2544,  1.0000,  0.0000,  0.0000,  0.0000,  0.0000]])
tensor([[-0.5931,  1.0000,  0.0000,  0.0000,  0.0000,  0.0000]])
tensor([[0.8440, 1.0000, 0.0000, 0.0000, 0.0000, 0.0000]])
tensor([[0.1947, 1.0000, 0.0000, 0.0000, 0.0000, 0.0000]])
tensor([[-0.0080,  1.0000,  0.0000,  0.0000,  0.0000,  0.0000]])
tensor([[0.6932, 1.0000, 0.0000, 0.0000, 0.0000, 0.0000]])
tensor([[-0.7483,  1.0000,  0.0000,  0.0000,  0.0000,  0.0000]])
tensor([[-0.0026,  1.0000,  0.0000,  0.0000,  0.0000,  0.0000]])
tensor([[-0.5795,  1.0000,  0.0000,  0.0000,  0.0000,  0.0000]])
tensor([[-0.5456,  1.0000,  1.0000,  0.0000,  0.0000,  0.0000]])
tensor([[0.0599, 1.0000, 0.0000, 0.0000, 0.0000, 0.0000]])
tensor([[0.9438, 1.0000, 0.0000, 1.0000, 0.0000, 0.0000]])
tensor([[0.7943, 1.0000, 0.0000, 0.0000, 0.0000, 0.0000]])
tensor([[0.6366, 1.0000, 0.0000, 0.0000, 0.0000, 0.0000]])
tensor([[0.6479, 1.0000, 0.0000, 0.0000, 0.0000, 0.0000]])
tensor([[-0.2448,  1.0000,  0.0000,  0.0000,  0.0000,  0.0000]])
tensor([[0.4928, 1.0000, 1.0000, 0.0000, 0.0000, 0.0000]])
tensor([[-0.7617,  1.0000,  0.0000,  0.0000,  0.0000,  0.0000]])
tensor([[0.6211, 1.0000, 0.0000, 0.0000, 0.0000, 0.0000]])
tensor([[0.4433, 1.0000, 0.0000, 0.0000, 0.0000, 0.0000]])
tensor([[-0.3211,  1.0000,  0.0000,  0.0000,  0.0000,  0.0000]])
tensor([[0.1139, 1.0000, 0.0000, 0.0000, 0.0000, 0.0000]])
tensor([[0.6061, 1.0000, 1.0000, 0.0000, 0.0000, 0.0000]])
tensor([[0.7819, 1.0000, 0.0000, 0.0000, 0.0000, 0.0000]])
tensor([[0.2633, 1.0000, 0.0000, 0.0000, 0.0000, 0.0000]])
tensor([[0.0044, 1.0000, 0.0000, 0.0000, 0.0000, 0.0000]])
tensor([[0.1400, 1.0000, 0.0000, 0.0000, 0.0000, 0.0000]])
tensor([[0.4740, 1.0000, 0.0000, 0.0000, 0.0000, 0.0000]])
tensor([[0.8565, 1.0000, 0.0000, 0.0000, 0.0000, 0.0000]])
tensor([[0.1203, 1.0000, 0.0000, 0.0000, 0.0000, 0.0000]])
tensor([[0.7102, 1.0000, 0.0000, 0.0000, 0.0000, 0.0000]])
tensor([[0.4220, 1.0000, 1.0000, 0.0000, 0.0000, 0.0000]])
tensor([[-0.8061,  1.0000,  0.0000,  0.0000,  0.0000,  0.0000]])
tensor([[-0.2946,  1.0000,  0.0000,  0.0000,  0.0000,  0.0000]])
tensor([[0.7978, 1.0000, 0.0000, 0.0000, 0.0000, 0.0000]])
tensor([[-0.3944,  1.0000,  0.0000,  0.0000,  0.0000,  0.0000]])
tensor([[-0.8338,  1.0000,  0.0000,  0.0000,  0.0000,  0.0000]])
tensor([[0.7493, 1.0000, 0.0000, 0.0000, 0.0000, 0.0000]])
tensor([[0.1036, 1.0000, 0.0000, 0.0000, 0.0000, 0.0000]])
tensor([[0.7539, 1.0000, 0.0000, 0.0000, 0.0000, 0.0000]])
tensor([[0.5721, 1.0000, 0.0000, 0.0000, 0.0000, 0.0000]])
tensor([[-0.3342,  1.0000,  0.0000,  0.0000,  0.0000,  0.0000]])
tensor([[-0.2262,  1.0000,  0.0000,  0.0000,  0.0000,  0.0000]])
tensor([[-0.1361,  1.0000,  0.0000,  0.0000,  0.0000,  0.0000]])
tensor([[0.2548, 1.0000, 0.0000, 0.0000, 0.0000, 0.0000]])
tensor([[-0.1314,  1.0000,  0.0000,  0.0000,  0.0000,  0.0000]])
tensor([[-0.3408,  1.0000,  1.0000,  0.0000,  0.0000,  0.0000]])
tensor([[0.0689, 1.0000, 0.0000, 0.0000, 0.0000, 0.0000]])
tensor([[0.1092, 1.0000, 1.0000, 0.0000, 0.0000, 0.0000]])
tensor([[-0.8681,  1.0000,  0.0000,  0.0000,  0.0000,  0.0000]])
tensor([[-0.0521,  1.0000,  1.0000,  0.0000,  0.0000,  0.0000]])
tensor([[0.8699, 1.0000, 0.0000, 0.0000, 0.0000, 0.0000]])
tensor([[-0.6135,  1.0000,  0.0000,  0.0000,  0.0000,  0.0000]])
tensor([[0.3936, 1.0000, 1.0000, 0.0000, 0.0000, 0.0000]])
tensor([[0.4538, 1.0000, 0.0000, 0.0000, 0.0000, 0.0000]])
tensor([[-0.3190,  1.0000,  1.0000,  0.0000,  0.0000,  0.0000]])
tensor([[0.6491, 1.0000, 0.0000, 0.0000, 0.0000, 0.0000]])
tensor([[-0.9060,  1.0000,  0.0000,  0.0000,  0.0000,  0.0000]])
tensor([[0.5383, 1.0000, 0.0000, 0.0000, 0.0000, 0.0000]])
tensor([[-0.0293,  1.0000,  0.0000,  0.0000,  0.0000,  0.0000]])
tensor([[0.0144, 1.0000, 0.0000, 0.0000, 0.0000, 0.0000]])
tensor([[-0.2916,  1.0000,  0.0000,  0.0000,  0.0000,  0.0000]])
tensor([[-0.4217,  1.0000,  0.0000,  0.0000,  0.0000,  0.0000]])
tensor([[-0.7614,  1.0000,  0.0000,  0.0000,  0.0000,  0.0000]])
tensor([[0.4007, 1.0000, 0.0000, 0.0000, 0.0000, 0.0000]])
tensor([[-0.3985,  1.0000,  0.0000,  0.0000,  0.0000,  0.0000]])
tensor([[-0.6366,  1.0000,  0.0000,  0.0000,  0.0000,  0.0000]])
tensor([[-0.4108,  1.0000,  0.0000,  0.0000,  0.0000,  0.0000]])
tensor([[0.6576, 1.0000, 0.0000, 0.0000, 0.0000, 0.0000]])
tensor([[0.4886, 1.0000, 1.0000, 0.0000, 0.0000, 0.0000]])
tensor([[-0.9373,  0.0000,  0.0000,  0.0000,  0.0000,  0.0000]])
tensor([[-0.6500,  1.0000,  0.0000,  0.0000,  0.0000,  0.0000]])
tensor([[-0.5302,  1.0000,  0.0000,  0.0000,  0.0000,  0.0000]])
tensor([[-0.2356,  1.0000,  1.0000,  0.0000,  0.0000,  0.0000]])
tensor([[0.3970, 1.0000, 0.0000, 0.0000, 0.0000, 0.0000]])
tensor([[0.7082, 1.0000, 0.0000, 0.0000, 0.0000, 0.0000]])
tensor([[0.6600, 1.0000, 0.0000, 0.0000, 0.0000, 0.0000]])
tensor([[-0.5960,  1.0000,  0.0000,  0.0000,  0.0000,  0.0000]])
tensor([[-0.7327,  1.0000,  0.0000,  0.0000,  0.0000,  0.0000]])
tensor([[-0.1949,  1.0000,  0.0000,  0.0000,  1.0000,  0.0000]])
tensor([[-0.8279,  1.0000,  0.0000,  0.0000,  0.0000,  0.0000]])
tensor([[-0.7627,  0.0000,  0.0000,  0.0000,  0.0000,  0.0000]])
tensor([[-0.4073,  1.0000,  0.0000,  0.0000,  0.0000,  0.0000]])
tensor([[0.9463, 1.0000, 0.0000, 0.0000, 0.0000, 0.0000]])
tensor([[0.9869, 1.0000, 0.0000, 0.0000, 0.0000, 0.0000]])
tensor([[0.2929, 1.0000, 0.0000, 0.0000, 0.0000, 0.0000]])
tensor([[0.9629, 0.0000, 0.0000, 0.0000, 0.0000, 0.0000]])
tensor([[0.1733, 1.0000, 0.0000, 0.0000, 0.0000, 0.0000]])
tensor([[-0.8769,  1.0000,  0.0000,  0.0000,  0.0000,  0.0000]])
tensor([[-0.0666,  0.0000,  0.0000,  0.0000,  0.0000,  0.0000]])
tensor([[-0.6649,  1.0000,  0.0000,  1.0000,  0.0000,  0.0000]])
tensor([[-0.9499,  0.0000,  0.0000,  0.0000,  0.0000,  0.0000]])
tensor([[0.7573, 1.0000, 0.0000, 0.0000, 0.0000, 0.0000]])
tensor([[-0.1292,  1.0000,  0.0000,  0.0000,  0.0000,  0.0000]])
tensor([[-0.6659,  1.0000,  0.0000,  0.0000,  0.0000,  0.0000]])
tensor([[-0.0044,  1.0000,  0.0000,  0.0000,  0.0000,  0.0000]])
tensor([[0.3043, 1.0000, 0.0000, 0.0000, 0.0000, 0.0000]])
tensor([[0.4940, 1.0000, 0.0000, 0.0000, 0.0000, 0.0000]])
tensor([[0.8785, 1.0000, 0.0000, 0.0000, 0.0000, 0.0000]])
tensor([[-0.7952,  1.0000,  0.0000,  0.0000,  0.0000,  0.0000]])
tensor([[-0.2630,  0.0000,  0.0000,  0.0000,  0.0000,  0.0000]])
tensor([[-0.5845,  1.0000,  0.0000,  0.0000,  0.0000,  0.0000]])
tensor([[0.5860, 1.0000, 0.0000, 0.0000, 0.0000, 0.0000]])
tensor([[-0.8711,  1.0000,  0.0000,  0.0000,  0.0000,  0.0000]])
tensor([[-0.2641,  1.0000,  0.0000,  0.0000,  0.0000,  0.0000]])
tensor([[0.0148, 1.0000, 1.0000, 0.0000, 0.0000, 0.0000]])
tensor([[-0.5443,  1.0000,  0.0000,  0.0000,  0.0000,  0.0000]])
tensor([[0.9671, 1.0000, 0.0000, 0.0000, 0.0000, 0.0000]])
tensor([[0.9946, 1.0000, 0.0000, 0.0000, 0.0000, 0.0000]])
tensor([[0.3114, 1.0000, 0.0000, 0.0000, 0.0000, 0.0000]])
tensor([[-0.7011,  1.0000,  0.0000,  0.0000,  0.0000,  0.0000]])
tensor([[0.0188, 1.0000, 0.0000, 0.0000, 0.0000, 0.0000]])
tensor([[0.0458, 1.0000, 0.0000, 0.0000, 0.0000, 0.0000]])
tensor([[0.0819, 1.0000, 0.0000, 0.0000, 0.0000, 0.0000]])
tensor([[0.7841, 1.0000, 0.0000, 0.0000, 0.0000, 0.0000]])
tensor([[-0.0888,  1.0000,  0.0000,  0.0000,  0.0000,  0.0000]])
tensor([[0.1923, 1.0000, 0.0000, 0.0000, 0.0000, 0.0000]])
tensor([[-0.5804,  1.0000,  0.0000,  0.0000,  0.0000,  0.0000]])
tensor([[-0.8389,  1.0000,  0.0000,  0.0000,  0.0000,  0.0000]])
tensor([[-0.0501,  1.0000,  0.0000,  0.0000,  0.0000,  0.0000]])
tensor([[0.3734, 1.0000, 0.0000, 0.0000, 0.0000, 0.0000]])
tensor([[-0.2176,  0.0000,  0.0000,  0.0000,  0.0000,  0.0000]])
tensor([[0.5645, 1.0000, 0.0000, 0.0000, 0.0000, 0.0000]])
tensor([[-0.8283,  1.0000,  0.0000,  0.0000,  0.0000,  0.0000]])
tensor([[0.8633, 1.0000, 0.0000, 1.0000, 0.0000, 0.0000]])
tensor([[-0.4643,  1.0000,  0.0000,  0.0000,  0.0000,  0.0000]])
tensor([[-0.7170,  1.0000,  0.0000,  0.0000,  0.0000,  0.0000]])
tensor([[0.8633, 1.0000, 0.0000, 0.0000, 0.0000, 0.0000]])
tensor([[0.6586, 1.0000, 0.0000, 0.0000, 1.0000, 0.0000]])
tensor([[-0.7045,  1.0000,  0.0000,  0.0000,  0.0000,  0.0000]])
tensor([[0.1265, 1.0000, 0.0000, 0.0000, 0.0000, 0.0000]])
tensor([[-0.3583,  1.0000,  0.0000,  0.0000,  0.0000,  0.0000]])
tensor([[-0.1435,  1.0000,  0.0000,  0.0000,  0.0000,  0.0000]])
tensor([[0.2527, 0.0000, 0.0000, 0.0000, 0.0000, 0.0000]])
tensor([[0.3126, 1.0000, 1.0000, 0.0000, 0.0000, 0.0000]])
tensor([[-0.0092,  1.0000,  0.0000,  0.0000,  0.0000,  0.0000]])
tensor([[0.3428, 1.0000, 0.0000, 0.0000, 0.0000, 0.0000]])
tensor([[-0.7219,  1.0000,  0.0000,  0.0000,  0.0000,  0.0000]])
tensor([[-0.2522,  1.0000,  0.0000,  0.0000,  0.0000,  0.0000]])
tensor([[0.1190, 1.0000, 0.0000, 0.0000, 0.0000, 0.0000]])
tensor([[-0.4447,  1.0000,  0.0000,  0.0000,  0.0000,  0.0000]])
tensor([[0.1111, 1.0000, 0.0000, 0.0000, 0.0000, 0.0000]])
tensor([[-0.3053,  1.0000,  1.0000,  0.0000,  0.0000,  0.0000]])
tensor([[-0.8215,  1.0000,  0.0000,  0.0000,  0.0000,  0.0000]])
tensor([[0.9319, 1.0000, 0.0000, 0.0000, 0.0000, 0.0000]])
tensor([[0.6876, 1.0000, 0.0000, 0.0000, 0.0000, 0.0000]])
tensor([[0.2355, 1.0000, 0.0000, 0.0000, 0.0000, 0.0000]])
tensor([[-0.7840,  1.0000,  0.0000,  0.0000,  0.0000,  0.0000]])
tensor([[-0.7648,  1.0000,  0.0000,  0.0000,  0.0000,  0.0000]])
tensor([[-0.9044,  1.0000,  0.0000,  0.0000,  0.0000,  0.0000]])
tensor([[0.8174, 1.0000, 0.0000, 0.0000, 0.0000, 0.0000]])
tensor([[-0.9332,  0.0000,  0.0000,  0.0000,  0.0000,  0.0000]])
tensor([[-0.8522,  0.0000,  0.0000,  0.0000,  0.0000,  0.0000]])
tensor([[0.9664, 1.0000, 0.0000, 0.0000, 0.0000, 0.0000]])
tensor([[0.0776, 1.0000, 0.0000, 0.0000, 0.0000, 0.0000]])
tensor([[0.1148, 1.0000, 0.0000, 0.0000, 0.0000, 0.0000]])
tensor([[-0.7726,  1.0000,  0.0000,  0.0000,  0.0000,  0.0000]])
tensor([[0.6083, 1.0000, 0.0000, 0.0000, 0.0000, 0.0000]])
tensor([[-0.2028,  1.0000,  0.0000,  0.0000,  0.0000,  0.0000]])
tensor([[0.1614, 1.0000, 0.0000, 0.0000, 0.0000, 0.0000]])
tensor([[-0.1527,  0.0000,  0.0000,  0.0000,  0.0000,  0.0000]])
tensor([[-0.6869,  1.0000,  0.0000,  0.0000,  0.0000,  0.0000]])
tensor([[0.8938, 1.0000, 0.0000, 0.0000, 0.0000, 0.0000]])
tensor([[0.6424, 1.0000, 0.0000, 0.0000, 0.0000, 0.0000]])
tensor([[0.8138, 1.0000, 0.0000, 0.0000, 0.0000, 0.0000]])
tensor([[-0.8682,  1.0000,  0.0000,  0.0000,  0.0000,  0.0000]])
tensor([[-0.7146,  1.0000,  0.0000,  0.0000,  0.0000,  0.0000]])
tensor([[-0.4618,  1.0000,  0.0000,  0.0000,  0.0000,  0.0000]])
tensor([[0.7257, 1.0000, 0.0000, 0.0000, 0.0000, 0.0000]])
tensor([[-0.0907,  1.0000,  0.0000,  0.0000,  0.0000,  0.0000]])
tensor([[-0.3201,  0.0000,  0.0000,  0.0000,  0.0000,  0.0000]])
tensor([[-0.1306,  1.0000,  0.0000,  0.0000,  0.0000,  0.0000]])
tensor([[-0.6814,  1.0000,  0.0000,  1.0000,  0.0000,  0.0000]])
tensor([[-0.7973,  1.0000,  0.0000,  0.0000,  0.0000,  0.0000]])
tensor([[-0.8797,  1.0000,  0.0000,  0.0000,  0.0000,  0.0000]])
tensor([[-0.9503,  1.0000,  0.0000,  0.0000,  0.0000,  0.0000]])
tensor([[0.7611, 1.0000, 0.0000, 0.0000, 0.0000, 0.0000]])
tensor([[0.7432, 1.0000, 1.0000, 0.0000, 0.0000, 0.0000]])
tensor([[0.2812, 1.0000, 0.0000, 0.0000, 0.0000, 0.0000]])
tensor([[-0.2431,  1.0000,  0.0000,  0.0000,  0.0000,  0.0000]])
tensor([[-0.4576,  1.0000,  0.0000,  0.0000,  0.0000,  0.0000]])
tensor([[0.0034, 1.0000, 0.0000, 0.0000, 0.0000, 0.0000]])
tensor([[0.5172, 1.0000, 0.0000, 0.0000, 0.0000, 0.0000]])
tensor([[-0.2280,  1.0000,  0.0000,  0.0000,  0.0000,  0.0000]])
tensor([[-0.6488,  1.0000,  0.0000,  0.0000,  0.0000,  0.0000]])
tensor([[-0.8483,  1.0000,  0.0000,  0.0000,  0.0000,  0.0000]])
tensor([[-0.4459,  1.0000,  0.0000,  0.0000,  0.0000,  0.0000]])
tensor([[0.8618, 1.0000, 0.0000, 0.0000, 0.0000, 0.0000]])
tensor([[-0.1548,  1.0000,  0.0000,  0.0000,  0.0000,  0.0000]])
tensor([[-0.4345,  1.0000,  0.0000,  0.0000,  0.0000,  0.0000]])
tensor([[0.4145, 1.0000, 0.0000, 0.0000, 0.0000, 0.0000]])
tensor([[-0.3788,  1.0000,  0.0000,  0.0000,  0.0000,  0.0000]])
tensor([[0.9796, 1.0000, 0.0000, 0.0000, 0.0000, 0.0000]])
tensor([[-0.4625,  1.0000,  0.0000,  0.0000,  0.0000,  0.0000]])
tensor([[0.6035, 1.0000, 0.0000, 0.0000, 0.0000, 0.0000]])
tensor([[0.3731, 1.0000, 0.0000, 0.0000, 0.0000, 0.0000]])
tensor([[0.7915, 1.0000, 0.0000, 0.0000, 0.0000, 0.0000]])
tensor([[-0.6001,  1.0000,  0.0000,  0.0000,  0.0000,  0.0000]])
tensor([[0.6368, 0.0000, 0.0000, 0.0000, 0.0000, 0.0000]])
tensor([[0.5750, 1.0000, 0.0000, 0.0000, 0.0000, 0.0000]])
tensor([[-0.3856,  1.0000,  0.0000,  0.0000,  0.0000,  0.0000]])
tensor([[-0.0897,  1.0000,  0.0000,  0.0000,  0.0000,  0.0000]])
tensor([[-0.3607,  1.0000,  0.0000,  0.0000,  0.0000,  0.0000]])
tensor([[0.2568, 1.0000, 0.0000, 0.0000, 0.0000, 0.0000]])
tensor([[0.6734, 1.0000, 0.0000, 0.0000, 0.0000, 0.0000]])
tensor([[0.7567, 1.0000, 0.0000, 0.0000, 0.0000, 0.0000]])
tensor([[-0.8804,  1.0000,  0.0000,  0.0000,  0.0000,  0.0000]])
tensor([[-0.0343,  1.0000,  0.0000,  0.0000,  0.0000,  0.0000]])
tensor([[-0.4650,  1.0000,  0.0000,  0.0000,  0.0000,  0.0000]])
tensor([[-0.4253,  1.0000,  0.0000,  0.0000,  0.0000,  0.0000]])
tensor([[-0.9577,  1.0000,  0.0000,  1.0000,  0.0000,  0.0000]])
tensor([[-0.7270,  1.0000,  0.0000,  0.0000,  0.0000,  0.0000]])
tensor([[0.0628, 1.0000, 0.0000, 0.0000, 0.0000, 0.0000]])
tensor([[0.0361, 1.0000, 0.0000, 1.0000, 0.0000, 0.0000]])
tensor([[0.1831, 1.0000, 0.0000, 0.0000, 0.0000, 0.0000]])
tensor([[0.9057, 1.0000, 1.0000, 0.0000, 0.0000, 0.0000]])
tensor([[-0.4795,  1.0000,  0.0000,  0.0000,  0.0000,  0.0000]])
tensor([[0.2933, 1.0000, 0.0000, 0.0000, 0.0000, 0.0000]])
tensor([[-0.2977,  1.0000,  0.0000,  0.0000,  0.0000,  0.0000]])
tensor([[0.9116, 1.0000, 0.0000, 0.0000, 0.0000, 0.0000]])
tensor([[0.3517, 1.0000, 0.0000, 0.0000, 0.0000, 0.0000]])
tensor([[-0.6540,  1.0000,  0.0000,  0.0000,  0.0000,  0.0000]])
tensor([[-0.6835,  1.0000,  0.0000,  0.0000,  0.0000,  0.0000]])
tensor([[-0.5885,  1.0000,  0.0000,  0.0000,  0.0000,  0.0000]])
tensor([[-0.2700,  1.0000,  0.0000,  0.0000,  0.0000,  0.0000]])
tensor([[-0.6351,  1.0000,  0.0000,  0.0000,  0.0000,  0.0000]])
tensor([[-0.0780,  1.0000,  0.0000,  0.0000,  0.0000,  0.0000]])
tensor([[0.5175, 1.0000, 0.0000, 0.0000, 0.0000, 0.0000]])
tensor([[-0.8354,  1.0000,  0.0000,  0.0000,  0.0000,  0.0000]])
tensor([[0.4231, 1.0000, 0.0000, 0.0000, 0.0000, 0.0000]])
tensor([[0.6526, 1.0000, 0.0000, 0.0000, 0.0000, 0.0000]])
tensor([[-0.6719,  1.0000,  0.0000,  0.0000,  0.0000,  0.0000]])
tensor([[-0.4229,  1.0000,  0.0000,  0.0000,  0.0000,  0.0000]])
tensor([[-0.4815,  1.0000,  0.0000,  0.0000,  0.0000,  0.0000]])
tensor([[0.5195, 1.0000, 0.0000, 0.0000, 0.0000, 0.0000]])
tensor([[0.4864, 0.0000, 0.0000, 0.0000, 0.0000, 0.0000]])
tensor([[-0.0929,  1.0000,  0.0000,  0.0000,  0.0000,  0.0000]])
tensor([[-0.1708,  1.0000,  0.0000,  0.0000,  0.0000,  0.0000]])
tensor([[-0.1561,  1.0000,  0.0000,  0.0000,  0.0000,  0.0000]])
tensor([[0.6683, 1.0000, 0.0000, 0.0000, 0.0000, 0.0000]])
tensor([[-0.2005,  1.0000,  0.0000,  0.0000,  0.0000,  0.0000]])
tensor([[-0.4384,  1.0000,  0.0000,  0.0000,  0.0000,  0.0000]])
tensor([[-0.5312,  1.0000,  1.0000,  0.0000,  0.0000,  0.0000]])
tensor([[0.7774, 1.0000, 0.0000, 0.0000, 0.0000, 0.0000]])
tensor([[0.4265, 1.0000, 0.0000, 0.0000, 0.0000, 0.0000]])
tensor([[-0.4753,  1.0000,  0.0000,  0.0000,  0.0000,  0.0000]])
tensor([[-0.4595,  1.0000,  0.0000,  0.0000,  0.0000,  0.0000]])
tensor([[0.2588, 1.0000, 0.0000, 0.0000, 0.0000, 0.0000]])
tensor([[-0.5799,  1.0000,  0.0000,  0.0000,  0.0000,  0.0000]])
tensor([[-0.9848,  1.0000,  0.0000,  0.0000,  0.0000,  0.0000]])
tensor([[0.0058, 1.0000, 0.0000, 0.0000, 0.0000, 0.0000]])
tensor([[0.6201, 1.0000, 0.0000, 0.0000, 0.0000, 0.0000]])
tensor([[0.5830, 1.0000, 0.0000, 0.0000, 0.0000, 0.0000]])
tensor([[0.9031, 1.0000, 0.0000, 0.0000, 0.0000, 0.0000]])
tensor([[0.7640, 1.0000, 0.0000, 0.0000, 0.0000, 0.0000]])
tensor([[-0.3307,  1.0000,  0.0000,  0.0000,  0.0000,  0.0000]])
tensor([[0.2474, 1.0000, 0.0000, 0.0000, 0.0000, 0.0000]])
tensor([[-0.5959,  1.0000,  0.0000,  0.0000,  0.0000,  0.0000]])
tensor([[0.3495, 1.0000, 0.0000, 0.0000, 0.0000, 0.0000]])
tensor([[0.9234, 1.0000, 0.0000, 0.0000, 0.0000, 0.0000]])
tensor([[-0.7163,  1.0000,  0.0000,  0.0000,  0.0000,  0.0000]])
tensor([[0.5083, 1.0000, 0.0000, 1.0000, 0.0000, 0.0000]])
tensor([[0.6974, 1.0000, 0.0000, 0.0000, 0.0000, 0.0000]])
tensor([[-0.0651,  1.0000,  0.0000,  0.0000,  0.0000,  0.0000]])
tensor([[0.5914, 1.0000, 0.0000, 0.0000, 0.0000, 0.0000]])
tensor([[-0.1246,  1.0000,  1.0000,  0.0000,  0.0000,  0.0000]])
tensor([[-0.9495,  1.0000,  0.0000,  0.0000,  0.0000,  0.0000]])
tensor([[0.5612, 1.0000, 0.0000, 0.0000, 0.0000, 0.0000]])
tensor([[0.8777, 1.0000, 0.0000, 0.0000, 0.0000, 0.0000]])
tensor([[0.4233, 1.0000, 0.0000, 0.0000, 0.0000, 0.0000]])
tensor([[-0.8616,  1.0000,  0.0000,  0.0000,  0.0000,  0.0000]])
tensor([[-0.4315,  1.0000,  0.0000,  0.0000,  0.0000,  0.0000]])
tensor([[-0.7585,  1.0000,  0.0000,  0.0000,  0.0000,  0.0000]])
tensor([[0.7485, 1.0000, 0.0000, 0.0000, 0.0000, 0.0000]])
tensor([[-0.6516,  1.0000,  0.0000,  0.0000,  0.0000,  0.0000]])
tensor([[0.6340, 1.0000, 0.0000, 0.0000, 0.0000, 0.0000]])
tensor([[-0.7347,  1.0000,  0.0000,  0.0000,  0.0000,  0.0000]])
tensor([[0.3781, 0.0000, 0.0000, 0.0000, 0.0000, 0.0000]])
tensor([[0.0023, 0.0000, 0.0000, 0.0000, 0.0000, 0.0000]])
tensor([[0.7403, 1.0000, 0.0000, 0.0000, 0.0000, 0.0000]])
tensor([[0.2917, 1.0000, 0.0000, 0.0000, 0.0000, 0.0000]])
tensor([[-0.4400,  1.0000,  0.0000,  0.0000,  0.0000,  0.0000]])
tensor([[-0.7898,  1.0000,  0.0000,  0.0000,  0.0000,  0.0000]])
tensor([[0.2185, 1.0000, 0.0000, 0.0000, 0.0000, 0.0000]])
tensor([[-0.4652,  1.0000,  0.0000,  0.0000,  0.0000,  0.0000]])
tensor([[-0.7775,  1.0000,  1.0000,  0.0000,  0.0000,  0.0000]])
tensor([[0.5733, 1.0000, 0.0000, 0.0000, 0.0000, 0.0000]])
tensor([[0.4447, 1.0000, 0.0000, 0.0000, 0.0000, 0.0000]])
tensor([[-0.1896,  1.0000,  0.0000,  0.0000,  0.0000,  0.0000]])
tensor([[-0.7654,  1.0000,  0.0000,  0.0000,  0.0000,  0.0000]])
tensor([[0.7393, 1.0000, 0.0000, 0.0000, 0.0000, 0.0000]])
tensor([[-0.4827,  1.0000,  0.0000,  0.0000,  0.0000,  0.0000]])
tensor([[-0.0426,  1.0000,  0.0000,  0.0000,  0.0000,  0.0000]])
tensor([[-0.7181,  1.0000,  0.0000,  0.0000,  0.0000,  0.0000]])
tensor([[-0.3030,  1.0000,  0.0000,  0.0000,  0.0000,  0.0000]])
tensor([[0.3202, 1.0000, 0.0000, 0.0000, 0.0000, 0.0000]])
tensor([[0.5447, 1.0000, 0.0000, 0.0000, 0.0000, 0.0000]])
tensor([[0.4744, 1.0000, 0.0000, 0.0000, 0.0000, 0.0000]])
tensor([[0.3758, 1.0000, 0.0000, 0.0000, 0.0000, 0.0000]])
tensor([[0.4699, 1.0000, 0.0000, 0.0000, 0.0000, 0.0000]])
tensor([[0.8471, 1.0000, 0.0000, 0.0000, 0.0000, 0.0000]])
tensor([[-0.5473,  0.0000,  0.0000,  0.0000,  0.0000,  0.0000]])
tensor([[0.3053, 1.0000, 0.0000, 0.0000, 0.0000, 0.0000]])
tensor([[-0.7175,  0.0000,  0.0000,  0.0000,  0.0000,  0.0000]])
tensor([[0.9453, 1.0000, 0.0000, 0.0000, 0.0000, 0.0000]])
tensor([[-0.6985,  1.0000,  0.0000,  0.0000,  0.0000,  0.0000]])
tensor([[0.2493, 1.0000, 0.0000, 0.0000, 0.0000, 0.0000]])
tensor([[-0.8367,  1.0000,  0.0000,  0.0000,  0.0000,  0.0000]])
tensor([[-0.5015,  1.0000,  0.0000,  0.0000,  0.0000,  0.0000]])
tensor([[-0.8895,  1.0000,  0.0000,  0.0000,  0.0000,  0.0000]])
tensor([[-0.2184,  1.0000,  0.0000,  0.0000,  0.0000,  0.0000]])
tensor([[-0.5272,  1.0000,  0.0000,  0.0000,  0.0000,  0.0000]])
tensor([[0.1784, 1.0000, 0.0000, 0.0000, 0.0000, 0.0000]])
tensor([[-0.5148,  1.0000,  0.0000,  0.0000,  0.0000,  0.0000]])
tensor([[0.7514, 1.0000, 0.0000, 0.0000, 0.0000, 0.0000]])
tensor([[0.9115, 1.0000, 0.0000, 0.0000, 0.0000, 0.0000]])
tensor([[-0.2167,  1.0000,  0.0000,  0.0000,  0.0000,  0.0000]])
tensor([[-0.6596,  1.0000,  0.0000,  1.0000,  0.0000,  0.0000]])
tensor([[-0.8987,  1.0000,  0.0000,  0.0000,  0.0000,  0.0000]])
tensor([[0.0136, 1.0000, 0.0000, 0.0000, 0.0000, 0.0000]])
tensor([[-0.2526,  1.0000,  0.0000,  0.0000,  0.0000,  0.0000]])
tensor([[-0.2566,  1.0000,  0.0000,  0.0000,  0.0000,  0.0000]])
tensor([[-0.2057,  1.0000,  0.0000,  0.0000,  0.0000,  0.0000]])
tensor([[-0.2173,  1.0000,  0.0000,  0.0000,  0.0000,  0.0000]])
tensor([[-0.9657,  1.0000,  0.0000,  0.0000,  0.0000,  0.0000]])
tensor([[0.1961, 1.0000, 0.0000, 0.0000, 0.0000, 0.0000]])
tensor([[-0.5715,  1.0000,  0.0000,  0.0000,  0.0000,  0.0000]])
tensor([[-0.8581,  1.0000,  0.0000,  0.0000,  0.0000,  0.0000]])
tensor([[0.8453, 1.0000, 0.0000, 0.0000, 0.0000, 0.0000]])
tensor([[-0.8011,  1.0000,  0.0000,  0.0000,  0.0000,  0.0000]])
tensor([[0.6983, 1.0000, 0.0000, 0.0000, 0.0000, 0.0000]])
tensor([[0.6327, 1.0000, 0.0000, 0.0000, 0.0000, 0.0000]])
tensor([[0.1441, 1.0000, 0.0000, 0.0000, 0.0000, 0.0000]])
tensor([[0.5549, 1.0000, 0.0000, 0.0000, 0.0000, 0.0000]])
tensor([[0.1737, 1.0000, 0.0000, 0.0000, 0.0000, 0.0000]])
tensor([[0.2411, 1.0000, 0.0000, 1.0000, 0.0000, 0.0000]])
tensor([[0.9311, 1.0000, 0.0000, 0.0000, 0.0000, 0.0000]])
tensor([[-0.2974,  1.0000,  0.0000,  0.0000,  0.0000,  0.0000]])
tensor([[-0.7418,  1.0000,  1.0000,  0.0000,  0.0000,  0.0000]])
tensor([[-0.3181,  1.0000,  0.0000,  0.0000,  0.0000,  0.0000]])
tensor([[0.9655, 1.0000, 0.0000, 0.0000, 0.0000, 0.0000]])
tensor([[-0.0340,  1.0000,  1.0000,  0.0000,  0.0000,  0.0000]])
tensor([[-0.8603,  0.0000,  0.0000,  0.0000,  0.0000,  0.0000]])
tensor([[-0.7309,  1.0000,  0.0000,  0.0000,  0.0000,  0.0000]])
tensor([[-0.2773,  1.0000,  0.0000,  0.0000,  0.0000,  0.0000]])
tensor([[-0.7660,  1.0000,  0.0000,  0.0000,  0.0000,  0.0000]])
tensor([[0.1844, 0.0000, 0.0000, 0.0000, 0.0000, 0.0000]])
tensor([[-0.8067,  1.0000,  0.0000,  0.0000,  0.0000,  0.0000]])
tensor([[-0.6503,  1.0000,  0.0000,  0.0000,  0.0000,  0.0000]])
tensor([[0.2069, 1.0000, 0.0000, 0.0000, 0.0000, 0.0000]])
tensor([[-0.4104,  1.0000,  0.0000,  0.0000,  0.0000,  0.0000]])
tensor([[-0.1613,  1.0000,  0.0000,  0.0000,  0.0000,  0.0000]])
tensor([[0.5264, 1.0000, 0.0000, 0.0000, 0.0000, 0.0000]])
tensor([[0.1365, 1.0000, 0.0000, 0.0000, 0.0000, 0.0000]])
tensor([[-0.8142,  1.0000,  0.0000,  0.0000,  0.0000,  0.0000]])
tensor([[-0.6998,  1.0000,  0.0000,  0.0000,  0.0000,  0.0000]])
tensor([[0.8630, 1.0000, 0.0000, 0.0000, 0.0000, 0.0000]])
tensor([[0.3293, 1.0000, 0.0000, 0.0000, 0.0000, 0.0000]])
tensor([[0.2605, 1.0000, 0.0000, 0.0000, 0.0000, 0.0000]])
tensor([[0.6102, 1.0000, 0.0000, 0.0000, 0.0000, 0.0000]])
tensor([[-0.5886,  1.0000,  0.0000,  0.0000,  0.0000,  0.0000]])
tensor([[-0.9455,  1.0000,  0.0000,  0.0000,  0.0000,  0.0000]])
tensor([[-0.6352,  1.0000,  0.0000,  0.0000,  0.0000,  0.0000]])
tensor([[0.2954, 1.0000, 0.0000, 0.0000, 0.0000, 0.0000]])
tensor([[-0.0573,  1.0000,  0.0000,  0.0000,  0.0000,  0.0000]])
tensor([[-0.6128,  0.0000,  0.0000,  0.0000,  0.0000,  0.0000]])
tensor([[0.8026, 1.0000, 0.0000, 0.0000, 0.0000, 0.0000]])
tensor([[-0.3803,  1.0000,  1.0000,  0.0000,  0.0000,  0.0000]])
tensor([[0.7363, 1.0000, 0.0000, 0.0000, 0.0000, 0.0000]])
tensor([[-0.6618,  1.0000,  0.0000,  0.0000,  0.0000,  0.0000]])
tensor([[-0.4478,  1.0000,  0.0000,  0.0000,  0.0000,  0.0000]])
tensor([[-0.3482,  1.0000,  0.0000,  0.0000,  0.0000,  0.0000]])
tensor([[0.9663, 1.0000, 1.0000, 0.0000, 0.0000, 0.0000]])
tensor([[0.5712, 1.0000, 0.0000, 0.0000, 0.0000, 0.0000]])
tensor([[0.5520, 1.0000, 0.0000, 0.0000, 0.0000, 0.0000]])
tensor([[0.7420, 1.0000, 0.0000, 0.0000, 0.0000, 0.0000]])
tensor([[0.2028, 1.0000, 0.0000, 0.0000, 0.0000, 0.0000]])
tensor([[0.1586, 1.0000, 0.0000, 0.0000, 0.0000, 0.0000]])
tensor([[-0.1924,  1.0000,  0.0000,  0.0000,  0.0000,  0.0000]])
tensor([[0.3804, 1.0000, 0.0000, 1.0000, 0.0000, 0.0000]])
tensor([[-0.9557,  1.0000,  0.0000,  0.0000,  0.0000,  0.0000]])
tensor([[0.7562, 1.0000, 0.0000, 0.0000, 0.0000, 0.0000]])
tensor([[-0.4856,  1.0000,  0.0000,  0.0000,  0.0000,  0.0000]])
tensor([[-0.3617,  1.0000,  0.0000,  0.0000,  0.0000,  0.0000]])
tensor([[-0.2043,  1.0000,  0.0000,  0.0000,  0.0000,  0.0000]])
tensor([[0.8361, 1.0000, 0.0000, 0.0000, 0.0000, 0.0000]])
tensor([[-0.7046,  1.0000,  0.0000,  0.0000,  0.0000,  0.0000]])
tensor([[-0.5202,  1.0000,  0.0000,  0.0000,  0.0000,  0.0000]])
tensor([[-0.4388,  0.0000,  0.0000,  0.0000,  0.0000,  0.0000]])
tensor([[-0.7661,  1.0000,  0.0000,  0.0000,  0.0000,  0.0000]])
tensor([[-0.0656,  1.0000,  1.0000,  0.0000,  0.0000,  0.0000]])
tensor([[0.7962, 0.0000, 0.0000, 0.0000, 0.0000, 0.0000]])
tensor([[-0.4077,  1.0000,  0.0000,  0.0000,  0.0000,  0.0000]])
tensor([[-0.3520,  1.0000,  0.0000,  0.0000,  0.0000,  0.0000]])
tensor([[-0.7214,  0.0000,  0.0000,  0.0000,  0.0000,  0.0000]])
tensor([[0.7548, 1.0000, 0.0000, 0.0000, 0.0000, 0.0000]])
tensor([[0.7436, 1.0000, 0.0000, 0.0000, 0.0000, 0.0000]])
tensor([[0.8008, 0.0000, 0.0000, 0.0000, 0.0000, 0.0000]])
tensor([[-0.4956,  1.0000,  0.0000,  1.0000,  0.0000,  0.0000]])
tensor([[0.5208, 1.0000, 0.0000, 0.0000, 0.0000, 0.0000]])
tensor([[-0.6882,  1.0000,  0.0000,  0.0000,  0.0000,  0.0000]])
tensor([[0.8535, 1.0000, 0.0000, 0.0000, 0.0000, 0.0000]])
tensor([[0.2308, 1.0000, 0.0000, 0.0000, 0.0000, 0.0000]])
tensor([[-0.7496,  1.0000,  0.0000,  0.0000,  0.0000,  0.0000]])
tensor([[-0.9810,  1.0000,  0.0000,  0.0000,  0.0000,  0.0000]])
tensor([[-0.0315,  1.0000,  0.0000,  0.0000,  0.0000,  0.0000]])
tensor([[-0.2706,  0.0000,  0.0000,  0.0000,  0.0000,  0.0000]])
tensor([[-0.5347,  1.0000,  0.0000,  0.0000,  0.0000,  0.0000]])
tensor([[0.4039, 1.0000, 0.0000, 0.0000, 0.0000, 0.0000]])
tensor([[-0.7780,  1.0000,  0.0000,  0.0000,  0.0000,  0.0000]])
tensor([[-0.4621,  1.0000,  0.0000,  0.0000,  0.0000,  0.0000]])
tensor([[-0.9016,  1.0000,  0.0000,  0.0000,  0.0000,  0.0000]])
tensor([[0.2369, 1.0000, 0.0000, 0.0000, 0.0000, 0.0000]])
tensor([[-0.4867,  1.0000,  0.0000,  0.0000,  0.0000,  0.0000]])
tensor([[-0.6439,  1.0000,  0.0000,  0.0000,  0.0000,  0.0000]])
tensor([[0.1661, 1.0000, 0.0000, 0.0000, 0.0000, 0.0000]])
tensor([[0.1477, 1.0000, 0.0000, 0.0000, 0.0000, 0.0000]])
tensor([[-0.5514,  1.0000,  0.0000,  0.0000,  0.0000,  0.0000]])
tensor([[-0.8338,  1.0000,  0.0000,  0.0000,  0.0000,  0.0000]])
tensor([[-0.4830,  1.0000,  0.0000,  0.0000,  0.0000,  0.0000]])
tensor([[0.9485, 1.0000, 0.0000, 0.0000, 0.0000, 0.0000]])
tensor([[0.8989, 1.0000, 0.0000, 0.0000, 0.0000, 0.0000]])
tensor([[0.5499, 1.0000, 0.0000, 0.0000, 0.0000, 0.0000]])
tensor([[0.3053, 0.0000, 0.0000, 0.0000, 0.0000, 0.0000]])
tensor([[-0.7417,  1.0000,  0.0000,  0.0000,  0.0000,  0.0000]])
tensor([[0.4138, 1.0000, 0.0000, 0.0000, 0.0000, 0.0000]])
tensor([[0.7390, 1.0000, 0.0000, 0.0000, 0.0000, 0.0000]])
tensor([[0.7157, 0.0000, 0.0000, 0.0000, 0.0000, 0.0000]])
tensor([[-0.7795,  1.0000,  0.0000,  0.0000,  0.0000,  0.0000]])
tensor([[0.1293, 1.0000, 0.0000, 0.0000, 0.0000, 0.0000]])
tensor([[0.5609, 1.0000, 1.0000, 0.0000, 0.0000, 0.0000]])
tensor([[0.1447, 1.0000, 0.0000, 0.0000, 0.0000, 0.0000]])
tensor([[-0.6880,  1.0000,  0.0000,  0.0000,  0.0000,  0.0000]])
tensor([[0.5468, 1.0000, 0.0000, 0.0000, 0.0000, 0.0000]])
tensor([[0.3536, 1.0000, 0.0000, 0.0000, 0.0000, 0.0000]])
tensor([[-0.9207,  1.0000,  1.0000,  0.0000,  0.0000,  0.0000]])
tensor([[-0.9633,  1.0000,  0.0000,  0.0000,  0.0000,  0.0000]])
tensor([[0.4472, 1.0000, 0.0000, 0.0000, 0.0000, 0.0000]])
tensor([[0.2637, 1.0000, 0.0000, 0.0000, 0.0000, 0.0000]])
tensor([[0.7247, 1.0000, 0.0000, 0.0000, 0.0000, 0.0000]])
tensor([[-0.0486,  1.0000,  0.0000,  0.0000,  0.0000,  0.0000]])
tensor([[0.6163, 1.0000, 0.0000, 0.0000, 0.0000, 0.0000]])
tensor([[0.4126, 1.0000, 0.0000, 0.0000, 0.0000, 0.0000]])
tensor([[-0.1264,  1.0000,  0.0000,  0.0000,  0.0000,  0.0000]])
tensor([[-0.0276,  1.0000,  0.0000,  0.0000,  0.0000,  0.0000]])
tensor([[-0.5617,  1.0000,  0.0000,  0.0000,  0.0000,  0.0000]])
tensor([[0.2506, 1.0000, 1.0000, 0.0000, 0.0000, 0.0000]])
tensor([[-0.9026,  1.0000,  0.0000,  0.0000,  0.0000,  0.0000]])
tensor([[-0.5889,  1.0000,  0.0000,  0.0000,  0.0000,  0.0000]])
tensor([[0.1586, 1.0000, 0.0000, 1.0000, 0.0000, 0.0000]])
tensor([[-0.5374,  1.0000,  0.0000,  0.0000,  0.0000,  0.0000]])
tensor([[-0.9453,  1.0000,  0.0000,  0.0000,  0.0000,  0.0000]])
tensor([[-0.4256,  1.0000,  0.0000,  0.0000,  0.0000,  0.0000]])
tensor([[-0.5263,  0.0000,  0.0000,  0.0000,  0.0000,  0.0000]])
tensor([[-0.0463,  1.0000,  0.0000,  0.0000,  0.0000,  0.0000]])
tensor([[-0.7494,  1.0000,  1.0000,  0.0000,  0.0000,  0.0000]])
tensor([[0.6695, 1.0000, 0.0000, 0.0000, 0.0000, 0.0000]])
tensor([[-0.3315,  1.0000,  0.0000,  0.0000,  0.0000,  0.0000]])
tensor([[0.8763, 1.0000, 0.0000, 0.0000, 0.0000, 0.0000]])
tensor([[0.3539, 1.0000, 0.0000, 0.0000, 0.0000, 0.0000]])
tensor([[0.6555, 1.0000, 0.0000, 0.0000, 0.0000, 0.0000]])
tensor([[0.6014, 1.0000, 0.0000, 0.0000, 0.0000, 0.0000]])
tensor([[-0.5553,  0.0000,  0.0000,  0.0000,  0.0000,  0.0000]])
tensor([[-0.2767,  1.0000,  0.0000,  0.0000,  0.0000,  0.0000]])
tensor([[0.6552, 1.0000, 0.0000, 0.0000, 0.0000, 0.0000]])
tensor([[-0.8995,  1.0000,  0.0000,  1.0000,  0.0000,  0.0000]])
tensor([[-0.1192,  1.0000,  1.0000,  0.0000,  0.0000,  0.0000]])
tensor([[0.1588, 1.0000, 0.0000, 0.0000, 0.0000, 0.0000]])
tensor([[-0.8032,  1.0000,  0.0000,  0.0000,  0.0000,  0.0000]])
tensor([[0.0023, 1.0000, 0.0000, 0.0000, 0.0000, 0.0000]])
tensor([[-0.1844,  1.0000,  0.0000,  0.0000,  0.0000,  0.0000]])
tensor([[-0.6505,  1.0000,  0.0000,  0.0000,  0.0000,  0.0000]])
tensor([[-0.7348,  1.0000,  0.0000,  0.0000,  0.0000,  0.0000]])
tensor([[-0.3148,  0.0000,  0.0000,  0.0000,  0.0000,  0.0000]])
tensor([[0.8941, 1.0000, 0.0000, 0.0000, 0.0000, 0.0000]])
tensor([[-0.5101,  1.0000,  0.0000,  0.0000,  0.0000,  0.0000]])
tensor([[0.3482, 1.0000, 0.0000, 0.0000, 0.0000, 0.0000]])
tensor([[0.5616, 1.0000, 0.0000, 0.0000, 0.0000, 0.0000]])
tensor([[-0.0255,  1.0000,  0.0000,  0.0000,  0.0000,  0.0000]])
tensor([[0.9742, 1.0000, 0.0000, 0.0000, 0.0000, 0.0000]])
tensor([[-0.2400,  1.0000,  0.0000,  0.0000,  0.0000,  0.0000]])
tensor([[0.2995, 1.0000, 0.0000, 0.0000, 0.0000, 0.0000]])
tensor([[-0.9915,  1.0000,  0.0000,  0.0000,  0.0000,  0.0000]])
tensor([[0.6783, 1.0000, 0.0000, 0.0000, 0.0000, 0.0000]])
tensor([[0.1198, 1.0000, 0.0000, 0.0000, 0.0000, 0.0000]])
tensor([[-0.0647,  1.0000,  0.0000,  0.0000,  0.0000,  0.0000]])
tensor([[0.1731, 0.0000, 0.0000, 0.0000, 0.0000, 0.0000]])
tensor([[-0.9377,  1.0000,  0.0000,  0.0000,  0.0000,  0.0000]])
tensor([[-0.7376,  1.0000,  0.0000,  0.0000,  0.0000,  0.0000]])
tensor([[0.7232, 1.0000, 0.0000, 0.0000, 0.0000, 0.0000]])
tensor([[-0.9167,  1.0000,  0.0000,  0.0000,  0.0000,  0.0000]])
tensor([[0.4771, 1.0000, 0.0000, 0.0000, 0.0000, 0.0000]])
tensor([[-0.8310,  1.0000,  0.0000,  0.0000,  0.0000,  0.0000]])
tensor([[0.9230, 1.0000, 1.0000, 0.0000, 0.0000, 0.0000]])
tensor([[-0.1661,  1.0000,  0.0000,  0.0000,  0.0000,  0.0000]])
tensor([[0.9208, 1.0000, 0.0000, 0.0000, 0.0000, 0.0000]])
tensor([[-0.7570,  1.0000,  0.0000,  0.0000,  0.0000,  0.0000]])
tensor([[-0.0320,  1.0000,  1.0000,  0.0000,  0.0000,  0.0000]])
tensor([[0.3003, 1.0000, 0.0000, 0.0000, 0.0000, 0.0000]])
tensor([[0.4202, 1.0000, 0.0000, 0.0000, 0.0000, 0.0000]])
tensor([[0.6064, 1.0000, 0.0000, 0.0000, 0.0000, 0.0000]])
tensor([[0.6399, 1.0000, 0.0000, 0.0000, 0.0000, 0.0000]])
tensor([[-0.6737,  1.0000,  0.0000,  1.0000,  0.0000,  0.0000]])
tensor([[-0.4909,  1.0000,  0.0000,  0.0000,  0.0000,  0.0000]])
tensor([[0.1114, 1.0000, 0.0000, 0.0000, 0.0000, 0.0000]])
tensor([[-0.8826,  1.0000,  0.0000,  0.0000,  0.0000,  0.0000]])
tensor([[-0.7256,  1.0000,  0.0000,  0.0000,  0.0000,  0.0000]])
tensor([[-0.1932,  1.0000,  0.0000,  0.0000,  0.0000,  0.0000]])
tensor([[0.1678, 1.0000, 0.0000, 0.0000, 0.0000, 0.0000]])
tensor([[-0.6295,  1.0000,  0.0000,  0.0000,  0.0000,  0.0000]])
tensor([[0.5569, 1.0000, 0.0000, 0.0000, 0.0000, 0.0000]])
tensor([[0.2087, 1.0000, 0.0000, 0.0000, 0.0000, 0.0000]])
tensor([[-0.6098,  1.0000,  0.0000,  0.0000,  0.0000,  0.0000]])
tensor([[0.3382, 1.0000, 0.0000, 0.0000, 0.0000, 0.0000]])
tensor([[0.7873, 1.0000, 0.0000, 0.0000, 0.0000, 0.0000]])
tensor([[-0.4034,  1.0000,  0.0000,  0.0000,  0.0000,  0.0000]])
tensor([[-0.6403,  1.0000,  0.0000,  0.0000,  0.0000,  0.0000]])
tensor([[-0.3190,  1.0000,  0.0000,  0.0000,  0.0000,  0.0000]])
tensor([[0.4172, 1.0000, 0.0000, 0.0000, 0.0000, 0.0000]])
tensor([[-0.7131,  1.0000,  0.0000,  0.0000,  0.0000,  0.0000]])
tensor([[0.3036, 1.0000, 0.0000, 0.0000, 0.0000, 0.0000]])
tensor([[-0.0679,  1.0000,  0.0000,  0.0000,  0.0000,  0.0000]])
tensor([[-0.8315,  1.0000,  0.0000,  0.0000,  0.0000,  0.0000]])
tensor([[-0.8015,  1.0000,  0.0000,  0.0000,  0.0000,  0.0000]])
tensor([[0.8301, 1.0000, 0.0000, 0.0000, 0.0000, 0.0000]])
tensor([[-0.6929,  1.0000,  0.0000,  0.0000,  0.0000,  0.0000]])
tensor([[0.5655, 1.0000, 1.0000, 0.0000, 0.0000, 0.0000]])
INFO:root:Agent 0 (TQCars): avg action time = 0.0009s
tensor([[0.5011, 1.0000, 0.0000, 0.0000, 0.0000, 0.0000]])
tensor([[0.6116, 1.0000, 0.0000, 0.0000, 0.0000, 0.0000]])
tensor([[-0.3412,  1.0000,  0.0000,  0.0000,  0.0000,  0.0000]])
tensor([[-0.3145,  1.0000,  0.0000,  0.0000,  0.0000,  0.0000]])
tensor([[0.5765, 1.0000, 0.0000, 0.0000, 0.0000, 0.0000]])
tensor([[0.2700, 1.0000, 0.0000, 0.0000, 0.0000, 0.0000]])
tensor([[0.3568, 1.0000, 0.0000, 0.0000, 0.0000, 0.0000]])
tensor([[-0.6909,  1.0000,  0.0000,  0.0000,  0.0000,  0.0000]])
tensor([[0.8491, 0.0000, 0.0000, 0.0000, 0.0000, 0.0000]])
tensor([[0.2718, 1.0000, 0.0000, 0.0000, 0.0000, 0.0000]])
tensor([[0.2259, 1.0000, 0.0000, 0.0000, 0.0000, 0.0000]])
tensor([[0.1631, 1.0000, 0.0000, 0.0000, 0.0000, 0.0000]])
tensor([[-0.3522,  1.0000,  0.0000,  0.0000,  0.0000,  0.0000]])
tensor([[-0.1619,  1.0000,  0.0000,  0.0000,  0.0000,  0.0000]])
tensor([[-0.6471,  1.0000,  0.0000,  0.0000,  0.0000,  0.0000]])
tensor([[-0.2643,  1.0000,  0.0000,  0.0000,  0.0000,  0.0000]])
tensor([[-0.0788,  1.0000,  0.0000,  0.0000,  0.0000,  0.0000]])
tensor([[-0.3072,  1.0000,  0.0000,  0.0000,  0.0000,  0.0000]])
tensor([[0.0294, 1.0000, 0.0000, 0.0000, 0.0000, 0.0000]])
tensor([[0.0562, 1.0000, 0.0000, 0.0000, 0.0000, 0.0000]])
tensor([[-0.5071,  1.0000,  0.0000,  0.0000,  0.0000,  0.0000]])
tensor([[-0.5157,  1.0000,  0.0000,  1.0000,  0.0000,  0.0000]])
tensor([[-0.4369,  1.0000,  0.0000,  0.0000,  0.0000,  0.0000]])
tensor([[-0.8338,  1.0000,  0.0000,  0.0000,  0.0000,  0.0000]])
tensor([[-0.2530,  1.0000,  0.0000,  0.0000,  0.0000,  0.0000]])
tensor([[0.2944, 1.0000, 0.0000, 0.0000, 0.0000, 0.0000]])
tensor([[0.3792, 1.0000, 0.0000, 0.0000, 0.0000, 0.0000]])
tensor([[0.8490, 1.0000, 0.0000, 0.0000, 0.0000, 0.0000]])
tensor([[-0.6327,  1.0000,  0.0000,  0.0000,  0.0000,  0.0000]])
tensor([[0.5002, 1.0000, 0.0000, 0.0000, 0.0000, 0.0000]])
tensor([[-0.7005,  1.0000,  0.0000,  0.0000,  0.0000,  0.0000]])
tensor([[0.8130, 1.0000, 0.0000, 0.0000, 0.0000, 0.0000]])
tensor([[-0.4803,  1.0000,  0.0000,  0.0000,  0.0000,  0.0000]])
tensor([[-0.6338,  1.0000,  0.0000,  0.0000,  0.0000,  0.0000]])
tensor([[-0.4233,  1.0000,  0.0000,  0.0000,  0.0000,  0.0000]])
tensor([[-0.7774,  1.0000,  0.0000,  0.0000,  0.0000,  0.0000]])
tensor([[-0.6597,  1.0000,  0.0000,  0.0000,  0.0000,  0.0000]])
tensor([[0.4389, 1.0000, 0.0000, 0.0000, 0.0000, 0.0000]])
tensor([[-0.3528,  1.0000,  0.0000,  0.0000,  0.0000,  0.0000]])
tensor([[0.4083, 1.0000, 0.0000, 0.0000, 0.0000, 0.0000]])
tensor([[0.2552, 1.0000, 0.0000, 0.0000, 0.0000, 0.0000]])
tensor([[-0.5954,  1.0000,  0.0000,  0.0000,  0.0000,  0.0000]])
tensor([[-0.4264,  1.0000,  0.0000,  0.0000,  0.0000,  0.0000]])
tensor([[0.0461, 0.0000, 0.0000, 1.0000, 0.0000, 0.0000]])
tensor([[-0.9452,  1.0000,  0.0000,  0.0000,  0.0000,  0.0000]])
tensor([[-0.6829,  1.0000,  0.0000,  0.0000,  0.0000,  0.0000]])
tensor([[0.2902, 1.0000, 0.0000, 0.0000, 0.0000, 0.0000]])
tensor([[-0.0146,  1.0000,  0.0000,  0.0000,  0.0000,  0.0000]])
tensor([[0.3261, 1.0000, 0.0000, 0.0000, 0.0000, 0.0000]])
tensor([[-0.8912,  1.0000,  0.0000,  0.0000,  0.0000,  0.0000]])
tensor([[0.7207, 1.0000, 0.0000, 0.0000, 0.0000, 0.0000]])
tensor([[0.3901, 1.0000, 0.0000, 0.0000, 0.0000, 0.0000]])
tensor([[-0.7997,  1.0000,  0.0000,  0.0000,  0.0000,  0.0000]])
tensor([[-0.4165,  1.0000,  0.0000,  0.0000,  0.0000,  0.0000]])
tensor([[0.0592, 1.0000, 0.0000, 0.0000, 0.0000, 0.0000]])
{"type": "results", "track": "minigolf", "results": [{"key": 0, "reward": -0.1, "position": 4, "name": "TQCars", "avg_action_time": 0.0009157064999853901}]}
