INFO:root:Loading the agents
INFO:root:Loaded player TQCars
INFO:root:Creating pystk-1
INFO:root:Adding wrapper <function get_wrappers.<locals>.<lambda> at 0x78c0f54f3420>
INFO:root:Adding wrapper <function get_wrappers.<locals>.<lambda> at 0x78c0f54f34c0>
INFO:root:Adding wrapper <function get_wrappers.<locals>.<lambda> at 0x78c0f54f3560>
INFO:root:Adding wrapper <function get_wrappers.<locals>.<lambda> at 0x78c0f54f3600>
INFO:root:(multi-env mono adapter) Setting main environment max_paths to 5
INFO:root:Loading trained model from CHECKPOINT-GPUFAC/tqc_EXP16BASEREWARD_1300000.pt...
INFO:root:Starting a race
tensor([[0.1287, 1.0000, 0.0000, 0.0000, 0.0000, 0.0000]])
tensor([[0.7805, 1.0000, 0.0000, 0.0000, 0.0000, 0.0000]])
tensor([[0.2089, 1.0000, 0.0000, 0.0000, 0.0000, 0.0000]])
tensor([[0.2195, 1.0000, 0.0000, 0.0000, 0.0000, 0.0000]])
tensor([[0.4755, 1.0000, 0.0000, 0.0000, 0.0000, 0.0000]])
tensor([[-0.7795,  1.0000,  0.0000,  0.0000,  0.0000,  0.0000]])
tensor([[-0.2917,  1.0000,  0.0000,  0.0000,  0.0000,  0.0000]])
tensor([[0.4582, 1.0000, 0.0000, 0.0000, 0.0000, 0.0000]])
tensor([[0.0764, 1.0000, 0.0000, 0.0000, 0.0000, 0.0000]])
tensor([[-0.3613,  1.0000,  0.0000,  0.0000,  0.0000,  0.0000]])
tensor([[0.0492, 1.0000, 0.0000, 0.0000, 0.0000, 0.0000]])
tensor([[-0.5385,  1.0000,  0.0000,  0.0000,  0.0000,  0.0000]])
tensor([[-0.3245,  1.0000,  0.0000,  0.0000,  0.0000,  0.0000]])
tensor([[-0.5931,  1.0000,  0.0000,  0.0000,  0.0000,  0.0000]])
tensor([[0.8372, 1.0000, 0.0000, 0.0000, 0.0000, 0.0000]])
tensor([[-0.0513,  1.0000,  0.0000,  0.0000,  0.0000,  0.0000]])
tensor([[0.5671, 1.0000, 0.0000, 0.0000, 0.0000, 0.0000]])
tensor([[-0.1198,  1.0000,  0.0000,  0.0000,  0.0000,  0.0000]])
tensor([[-0.0455,  1.0000,  1.0000,  0.0000,  0.0000,  0.0000]])
tensor([[0.2141, 1.0000, 0.0000, 0.0000, 0.0000, 0.0000]])
tensor([[-0.6692,  1.0000,  0.0000,  0.0000,  0.0000,  0.0000]])
tensor([[-0.1969,  1.0000,  0.0000,  0.0000,  0.0000,  0.0000]])
tensor([[0.1867, 1.0000, 0.0000, 0.0000, 0.0000, 0.0000]])
tensor([[-0.4861,  1.0000,  0.0000,  0.0000,  0.0000,  0.0000]])
tensor([[-0.7158,  1.0000,  0.0000,  0.0000,  0.0000,  0.0000]])
tensor([[0.2059, 1.0000, 0.0000, 0.0000, 0.0000, 0.0000]])
tensor([[0.6011, 1.0000, 0.0000, 0.0000, 0.0000, 0.0000]])
tensor([[-0.6535,  1.0000,  0.0000,  0.0000,  0.0000,  0.0000]])
tensor([[-0.0729,  1.0000,  0.0000,  0.0000,  1.0000,  0.0000]])
tensor([[0.7216, 1.0000, 0.0000, 0.0000, 0.0000, 0.0000]])
tensor([[0.5931, 1.0000, 0.0000, 0.0000, 0.0000, 0.0000]])
tensor([[0.4581, 1.0000, 0.0000, 0.0000, 0.0000, 0.0000]])
tensor([[0.2858, 1.0000, 0.0000, 0.0000, 0.0000, 0.0000]])
tensor([[0.2003, 1.0000, 0.0000, 0.0000, 0.0000, 0.0000]])
tensor([[-0.2631,  1.0000,  0.0000,  0.0000,  0.0000,  0.0000]])
tensor([[0.8709, 1.0000, 0.0000, 0.0000, 0.0000, 0.0000]])
tensor([[0.8995, 1.0000, 0.0000, 0.0000, 0.0000, 0.0000]])
tensor([[0.7846, 1.0000, 0.0000, 0.0000, 0.0000, 0.0000]])
tensor([[-0.2670,  1.0000,  0.0000,  0.0000,  0.0000,  0.0000]])
tensor([[0.5551, 1.0000, 0.0000, 0.0000, 0.0000, 0.0000]])
tensor([[0.0885, 1.0000, 0.0000, 0.0000, 0.0000, 0.0000]])
tensor([[0.0154, 1.0000, 0.0000, 0.0000, 0.0000, 0.0000]])
tensor([[0.9578, 1.0000, 0.0000, 0.0000, 0.0000, 0.0000]])
tensor([[0.5887, 1.0000, 0.0000, 0.0000, 0.0000, 0.0000]])
tensor([[0.9351, 1.0000, 0.0000, 0.0000, 0.0000, 0.0000]])
tensor([[0.6631, 1.0000, 0.0000, 0.0000, 0.0000, 0.0000]])
tensor([[0.5413, 1.0000, 0.0000, 0.0000, 0.0000, 0.0000]])
tensor([[0.0134, 1.0000, 0.0000, 0.0000, 0.0000, 0.0000]])
tensor([[0.5764, 1.0000, 0.0000, 0.0000, 0.0000, 0.0000]])
tensor([[-0.3140,  1.0000,  0.0000,  0.0000,  0.0000,  0.0000]])
tensor([[-0.8563,  1.0000,  0.0000,  0.0000,  0.0000,  0.0000]])
tensor([[-0.6495,  1.0000,  0.0000,  0.0000,  0.0000,  0.0000]])
tensor([[-0.4126,  1.0000,  0.0000,  0.0000,  0.0000,  0.0000]])
tensor([[-0.7641,  1.0000,  1.0000,  0.0000,  0.0000,  0.0000]])
tensor([[-0.9399,  1.0000,  0.0000,  0.0000,  0.0000,  0.0000]])
tensor([[-0.9554,  1.0000,  0.0000,  0.0000,  0.0000,  0.0000]])
tensor([[-0.8954,  1.0000,  0.0000,  0.0000,  0.0000,  0.0000]])
tensor([[-0.9530,  1.0000,  0.0000,  0.0000,  0.0000,  0.0000]])
tensor([[-0.9803,  1.0000,  0.0000,  0.0000,  0.0000,  0.0000]])
tensor([[-0.9835,  1.0000,  0.0000,  0.0000,  0.0000,  0.0000]])
tensor([[-0.9019,  1.0000,  0.0000,  0.0000,  0.0000,  0.0000]])
tensor([[-0.7627,  1.0000,  0.0000,  0.0000,  0.0000,  0.0000]])
tensor([[-0.4235,  1.0000,  0.0000,  0.0000,  0.0000,  0.0000]])
tensor([[-0.2863,  1.0000,  0.0000,  0.0000,  0.0000,  0.0000]])
tensor([[-0.7663,  1.0000,  0.0000,  1.0000,  0.0000,  0.0000]])
tensor([[-0.1460,  1.0000,  0.0000,  0.0000,  0.0000,  0.0000]])
tensor([[0.7760, 1.0000, 0.0000, 0.0000, 0.0000, 0.0000]])
tensor([[0.7620, 1.0000, 0.0000, 0.0000, 0.0000, 0.0000]])
tensor([[0.9838, 1.0000, 0.0000, 1.0000, 0.0000, 0.0000]])
tensor([[0.9326, 1.0000, 0.0000, 1.0000, 0.0000, 0.0000]])
tensor([[0.9388, 1.0000, 0.0000, 0.0000, 0.0000, 0.0000]])
tensor([[0.3180, 0.0000, 0.0000, 0.0000, 0.0000, 0.0000]])
tensor([[-0.7681,  1.0000,  0.0000,  0.0000,  0.0000,  0.0000]])
tensor([[-0.9667,  1.0000,  0.0000,  0.0000,  0.0000,  0.0000]])
tensor([[-0.7164,  1.0000,  0.0000,  0.0000,  0.0000,  0.0000]])
tensor([[0.5426, 1.0000, 0.0000, 0.0000, 0.0000, 0.0000]])
tensor([[0.6369, 1.0000, 0.0000, 0.0000, 0.0000, 0.0000]])
tensor([[-0.6543,  1.0000,  0.0000,  1.0000,  0.0000,  0.0000]])
tensor([[0.2430, 1.0000, 0.0000, 0.0000, 0.0000, 0.0000]])
tensor([[-0.1572,  1.0000,  1.0000,  0.0000,  1.0000,  0.0000]])
tensor([[-0.6142,  1.0000,  0.0000,  0.0000,  0.0000,  0.0000]])
tensor([[-0.9211,  1.0000,  0.0000,  0.0000,  0.0000,  0.0000]])
tensor([[-0.4127,  1.0000,  0.0000,  0.0000,  0.0000,  0.0000]])
tensor([[-0.1942,  1.0000,  0.0000,  0.0000,  0.0000,  0.0000]])
tensor([[0.6330, 1.0000, 0.0000, 0.0000, 0.0000, 0.0000]])
tensor([[-0.3898,  1.0000,  0.0000,  0.0000,  0.0000,  0.0000]])
tensor([[-0.2074,  1.0000,  0.0000,  0.0000,  0.0000,  0.0000]])
tensor([[0.7699, 1.0000, 0.0000, 0.0000, 0.0000, 0.0000]])
tensor([[0.5695, 1.0000, 0.0000, 0.0000, 0.0000, 0.0000]])
tensor([[0.2403, 1.0000, 0.0000, 0.0000, 0.0000, 0.0000]])
tensor([[0.6009, 1.0000, 0.0000, 0.0000, 0.0000, 0.0000]])
tensor([[0.0919, 1.0000, 0.0000, 1.0000, 0.0000, 0.0000]])
tensor([[0.7289, 1.0000, 0.0000, 0.0000, 0.0000, 0.0000]])
tensor([[0.2595, 1.0000, 0.0000, 0.0000, 0.0000, 0.0000]])
tensor([[0.2766, 1.0000, 0.0000, 0.0000, 0.0000, 0.0000]])
tensor([[0.8269, 1.0000, 0.0000, 0.0000, 0.0000, 0.0000]])
tensor([[-0.5315,  1.0000,  0.0000,  0.0000,  0.0000,  0.0000]])
tensor([[0.7166, 1.0000, 1.0000, 0.0000, 0.0000, 0.0000]])
tensor([[0.9595, 1.0000, 0.0000, 0.0000, 0.0000, 0.0000]])
tensor([[0.6046, 1.0000, 0.0000, 0.0000, 0.0000, 0.0000]])
tensor([[0.8009, 1.0000, 0.0000, 0.0000, 0.0000, 0.0000]])
tensor([[0.9700, 1.0000, 0.0000, 0.0000, 0.0000, 0.0000]])
tensor([[0.9089, 1.0000, 0.0000, 0.0000, 0.0000, 0.0000]])
tensor([[0.8518, 1.0000, 0.0000, 0.0000, 0.0000, 0.0000]])
tensor([[0.2745, 1.0000, 0.0000, 0.0000, 0.0000, 0.0000]])
tensor([[-0.7639,  1.0000,  0.0000,  0.0000,  0.0000,  0.0000]])
tensor([[0.6092, 1.0000, 0.0000, 0.0000, 0.0000, 0.0000]])
tensor([[0.7188, 1.0000, 0.0000, 1.0000, 0.0000, 0.0000]])
tensor([[0.3790, 1.0000, 0.0000, 0.0000, 0.0000, 1.0000]])
tensor([[0.5792, 1.0000, 0.0000, 0.0000, 0.0000, 0.0000]])
tensor([[0.8140, 1.0000, 0.0000, 0.0000, 0.0000, 0.0000]])
tensor([[-0.0953,  1.0000,  0.0000,  0.0000,  0.0000,  0.0000]])
tensor([[0.8764, 1.0000, 0.0000, 0.0000, 0.0000, 0.0000]])
tensor([[0.6246, 0.0000, 0.0000, 0.0000, 0.0000, 0.0000]])
tensor([[0.7047, 1.0000, 0.0000, 0.0000, 0.0000, 0.0000]])
tensor([[0.8700, 1.0000, 0.0000, 0.0000, 0.0000, 0.0000]])
tensor([[0.9800, 1.0000, 0.0000, 0.0000, 0.0000, 0.0000]])
tensor([[0.5944, 1.0000, 0.0000, 0.0000, 0.0000, 0.0000]])
tensor([[0.9566, 1.0000, 0.0000, 0.0000, 0.0000, 0.0000]])
tensor([[0.7771, 1.0000, 0.0000, 0.0000, 0.0000, 0.0000]])
tensor([[0.9908, 1.0000, 0.0000, 0.0000, 0.0000, 0.0000]])
tensor([[0.9207, 1.0000, 0.0000, 0.0000, 1.0000, 0.0000]])
tensor([[-0.3480,  1.0000,  0.0000,  0.0000,  0.0000,  0.0000]])
tensor([[0.7688, 1.0000, 0.0000, 0.0000, 0.0000, 0.0000]])
tensor([[0.3554, 1.0000, 0.0000, 1.0000, 0.0000, 0.0000]])
tensor([[-0.7471,  1.0000,  0.0000,  0.0000,  0.0000,  0.0000]])
tensor([[-0.7331,  1.0000,  0.0000,  0.0000,  0.0000,  0.0000]])
tensor([[-0.8726,  1.0000,  0.0000,  0.0000,  0.0000,  0.0000]])
tensor([[-0.0049,  1.0000,  0.0000,  0.0000,  0.0000,  0.0000]])
tensor([[-0.2672,  1.0000,  1.0000,  0.0000,  0.0000,  0.0000]])
tensor([[-0.5217,  1.0000,  1.0000,  0.0000,  0.0000,  0.0000]])
tensor([[-0.8109,  1.0000,  0.0000,  0.0000,  0.0000,  0.0000]])
tensor([[0.4928, 1.0000, 0.0000, 0.0000, 0.0000, 0.0000]])
tensor([[-0.7929,  1.0000,  0.0000,  0.0000,  0.0000,  0.0000]])
tensor([[0.2230, 1.0000, 0.0000, 0.0000, 0.0000, 0.0000]])
tensor([[-0.2552,  1.0000,  0.0000,  0.0000,  0.0000,  0.0000]])
tensor([[-0.9357,  1.0000,  0.0000,  0.0000,  0.0000,  0.0000]])
tensor([[-0.7130,  1.0000,  0.0000,  0.0000,  0.0000,  0.0000]])
tensor([[-0.8088,  1.0000,  0.0000,  0.0000,  0.0000,  0.0000]])
tensor([[-0.7614,  1.0000,  1.0000,  0.0000,  0.0000,  0.0000]])
tensor([[-0.5114,  1.0000,  0.0000,  0.0000,  0.0000,  0.0000]])
tensor([[0.4712, 1.0000, 1.0000, 0.0000, 0.0000, 0.0000]])
tensor([[-0.2669,  1.0000,  0.0000,  0.0000,  0.0000,  0.0000]])
tensor([[0.7513, 1.0000, 0.0000, 0.0000, 0.0000, 0.0000]])
tensor([[-0.9516,  1.0000,  0.0000,  0.0000,  0.0000,  0.0000]])
tensor([[-0.7746,  1.0000,  0.0000,  0.0000,  0.0000,  0.0000]])
tensor([[-0.1563,  1.0000,  0.0000,  0.0000,  0.0000,  0.0000]])
tensor([[-0.2967,  1.0000,  0.0000,  0.0000,  0.0000,  0.0000]])
tensor([[0.6673, 1.0000, 0.0000, 0.0000, 0.0000, 0.0000]])
tensor([[0.0348, 1.0000, 0.0000, 0.0000, 0.0000, 0.0000]])
tensor([[-0.6318,  1.0000,  1.0000,  0.0000,  0.0000,  0.0000]])
tensor([[-0.7804,  1.0000,  0.0000,  0.0000,  0.0000,  0.0000]])
tensor([[-0.6139,  1.0000,  0.0000,  0.0000,  0.0000,  0.0000]])
tensor([[-0.0436,  1.0000,  0.0000,  1.0000,  0.0000,  0.0000]])
tensor([[0.5120, 1.0000, 1.0000, 0.0000, 0.0000, 0.0000]])
tensor([[-0.4625,  1.0000,  1.0000,  0.0000,  0.0000,  0.0000]])
tensor([[-0.9467,  0.0000,  0.0000,  0.0000,  0.0000,  0.0000]])
tensor([[-0.0459,  1.0000,  0.0000,  0.0000,  0.0000,  0.0000]])
tensor([[-0.7998,  1.0000,  0.0000,  0.0000,  0.0000,  0.0000]])
tensor([[-0.6348,  1.0000,  1.0000,  0.0000,  0.0000,  0.0000]])
tensor([[0.8355, 1.0000, 1.0000, 0.0000, 0.0000, 0.0000]])
tensor([[0.4747, 1.0000, 1.0000, 0.0000, 0.0000, 0.0000]])
tensor([[0.2714, 1.0000, 0.0000, 0.0000, 0.0000, 0.0000]])
tensor([[0.9531, 1.0000, 0.0000, 0.0000, 0.0000, 0.0000]])
tensor([[0.1825, 1.0000, 0.0000, 0.0000, 0.0000, 0.0000]])
tensor([[0.2651, 1.0000, 0.0000, 0.0000, 0.0000, 0.0000]])
tensor([[-0.3785,  1.0000,  1.0000,  0.0000,  0.0000,  0.0000]])
tensor([[0.2473, 1.0000, 0.0000, 0.0000, 0.0000, 0.0000]])
tensor([[-0.8178,  1.0000,  0.0000,  0.0000,  0.0000,  0.0000]])
tensor([[-0.7296,  1.0000,  0.0000,  0.0000,  0.0000,  0.0000]])
tensor([[0.8764, 1.0000, 0.0000, 0.0000, 0.0000, 0.0000]])
tensor([[0.6195, 1.0000, 1.0000, 0.0000, 0.0000, 0.0000]])
tensor([[0.8520, 1.0000, 0.0000, 0.0000, 0.0000, 0.0000]])
tensor([[-0.3156,  1.0000,  0.0000,  0.0000,  0.0000,  0.0000]])
tensor([[-0.6622,  1.0000,  0.0000,  0.0000,  0.0000,  0.0000]])
tensor([[0.8916, 1.0000, 0.0000, 0.0000, 0.0000, 0.0000]])
tensor([[0.4291, 1.0000, 0.0000, 0.0000, 0.0000, 0.0000]])
tensor([[-0.6775,  1.0000,  0.0000,  0.0000,  0.0000,  0.0000]])
tensor([[0.4348, 1.0000, 0.0000, 0.0000, 0.0000, 0.0000]])
tensor([[-0.5106,  1.0000,  0.0000,  0.0000,  0.0000,  0.0000]])
tensor([[-0.4756,  1.0000,  0.0000,  0.0000,  0.0000,  0.0000]])
tensor([[0.2766, 1.0000, 0.0000, 0.0000, 0.0000, 0.0000]])
tensor([[-0.2007,  1.0000,  0.0000,  0.0000,  0.0000,  0.0000]])
tensor([[-0.8826,  1.0000,  0.0000,  0.0000,  0.0000,  0.0000]])
tensor([[-0.0420,  1.0000,  0.0000,  0.0000,  0.0000,  0.0000]])
tensor([[0.1219, 1.0000, 0.0000, 0.0000, 0.0000, 0.0000]])
tensor([[-0.0817,  1.0000,  0.0000,  0.0000,  0.0000,  0.0000]])
tensor([[0.8529, 1.0000, 0.0000, 0.0000, 0.0000, 0.0000]])
tensor([[0.9244, 0.0000, 1.0000, 0.0000, 0.0000, 0.0000]])
tensor([[0.7812, 1.0000, 0.0000, 0.0000, 0.0000, 0.0000]])
tensor([[0.5523, 1.0000, 0.0000, 0.0000, 0.0000, 0.0000]])
tensor([[0.6272, 1.0000, 0.0000, 0.0000, 0.0000, 0.0000]])
tensor([[-0.0778,  1.0000,  0.0000,  0.0000,  0.0000,  0.0000]])
tensor([[-0.2300,  1.0000,  0.0000,  1.0000,  0.0000,  0.0000]])
tensor([[-0.7720,  1.0000,  0.0000,  0.0000,  0.0000,  0.0000]])
tensor([[-0.3790,  1.0000,  0.0000,  0.0000,  0.0000,  0.0000]])
tensor([[-0.6507,  0.0000,  0.0000,  0.0000,  0.0000,  0.0000]])
tensor([[0.4084, 1.0000, 0.0000, 0.0000, 0.0000, 0.0000]])
tensor([[-0.4707,  1.0000,  0.0000,  0.0000,  0.0000,  0.0000]])
tensor([[0.9644, 1.0000, 0.0000, 0.0000, 0.0000, 0.0000]])
tensor([[0.4620, 1.0000, 0.0000, 0.0000, 0.0000, 0.0000]])
tensor([[-0.3491,  1.0000,  0.0000,  0.0000,  0.0000,  0.0000]])
tensor([[-0.3892,  1.0000,  0.0000,  0.0000,  0.0000,  0.0000]])
tensor([[-0.6691,  1.0000,  0.0000,  0.0000,  0.0000,  0.0000]])
tensor([[-0.3745,  1.0000,  0.0000,  0.0000,  0.0000,  0.0000]])
tensor([[-0.1411,  1.0000,  0.0000,  0.0000,  0.0000,  0.0000]])
tensor([[-0.6011,  1.0000,  0.0000,  0.0000,  0.0000,  0.0000]])
tensor([[-0.7005,  1.0000,  0.0000,  0.0000,  0.0000,  0.0000]])
tensor([[0.1446, 1.0000, 0.0000, 0.0000, 0.0000, 0.0000]])
tensor([[0.3718, 1.0000, 0.0000, 0.0000, 0.0000, 0.0000]])
tensor([[0.3473, 1.0000, 0.0000, 0.0000, 0.0000, 0.0000]])
tensor([[-0.9058,  1.0000,  0.0000,  0.0000,  0.0000,  0.0000]])
tensor([[-0.6458,  1.0000,  0.0000,  0.0000,  0.0000,  0.0000]])
tensor([[-0.5909,  1.0000,  0.0000,  0.0000,  0.0000,  0.0000]])
tensor([[-0.2623,  1.0000,  0.0000,  0.0000,  0.0000,  0.0000]])
tensor([[-0.3885,  1.0000,  0.0000,  0.0000,  0.0000,  0.0000]])
tensor([[0.4842, 1.0000, 0.0000, 0.0000, 0.0000, 0.0000]])
tensor([[-0.9180,  1.0000,  0.0000,  0.0000,  0.0000,  0.0000]])
tensor([[-0.5027,  1.0000,  0.0000,  0.0000,  0.0000,  0.0000]])
tensor([[-0.9074,  1.0000,  0.0000,  0.0000,  0.0000,  0.0000]])
tensor([[0.5544, 1.0000, 0.0000, 0.0000, 0.0000, 0.0000]])
tensor([[0.8520, 1.0000, 0.0000, 0.0000, 0.0000, 0.0000]])
tensor([[-0.9202,  1.0000,  0.0000,  0.0000,  0.0000,  0.0000]])
tensor([[-0.7548,  1.0000,  1.0000,  0.0000,  0.0000,  0.0000]])
tensor([[-0.6462,  1.0000,  0.0000,  0.0000,  0.0000,  0.0000]])
tensor([[-0.2705,  1.0000,  0.0000,  0.0000,  0.0000,  0.0000]])
tensor([[0.7002, 1.0000, 1.0000, 0.0000, 0.0000, 0.0000]])
tensor([[0.7314, 1.0000, 0.0000, 0.0000, 0.0000, 0.0000]])
tensor([[0.6063, 1.0000, 0.0000, 0.0000, 0.0000, 0.0000]])
tensor([[0.8837, 1.0000, 0.0000, 0.0000, 0.0000, 0.0000]])
tensor([[0.9006, 1.0000, 0.0000, 0.0000, 0.0000, 0.0000]])
tensor([[-0.2439,  1.0000,  1.0000,  0.0000,  0.0000,  0.0000]])
tensor([[0.6078, 1.0000, 0.0000, 1.0000, 0.0000, 0.0000]])
tensor([[-0.7140,  1.0000,  0.0000,  0.0000,  0.0000,  0.0000]])
tensor([[-0.1831,  1.0000,  0.0000,  0.0000,  0.0000,  0.0000]])
tensor([[-0.1303,  1.0000,  0.0000,  0.0000,  0.0000,  0.0000]])
tensor([[-0.0954,  0.0000,  0.0000,  0.0000,  0.0000,  0.0000]])
tensor([[0.8113, 1.0000, 0.0000, 0.0000, 0.0000, 0.0000]])
tensor([[-0.0835,  1.0000,  0.0000,  0.0000,  0.0000,  0.0000]])
tensor([[-0.3729,  1.0000,  0.0000,  0.0000,  0.0000,  0.0000]])
tensor([[0.8749, 1.0000, 0.0000, 0.0000, 0.0000, 0.0000]])
tensor([[-0.8349,  1.0000,  0.0000,  0.0000,  0.0000,  0.0000]])
tensor([[-0.3600,  1.0000,  0.0000,  0.0000,  0.0000,  0.0000]])
tensor([[0.5224, 1.0000, 0.0000, 0.0000, 0.0000, 0.0000]])
tensor([[-0.5754,  1.0000,  0.0000,  0.0000,  0.0000,  0.0000]])
tensor([[-0.2788,  1.0000,  0.0000,  0.0000,  0.0000,  0.0000]])
tensor([[0.4726, 1.0000, 0.0000, 0.0000, 0.0000, 0.0000]])
tensor([[-0.2350,  1.0000,  0.0000,  0.0000,  0.0000,  0.0000]])
tensor([[0.7435, 0.0000, 0.0000, 0.0000, 0.0000, 0.0000]])
tensor([[0.4186, 1.0000, 0.0000, 0.0000, 0.0000, 0.0000]])
tensor([[-0.4242,  1.0000,  0.0000,  0.0000,  0.0000,  0.0000]])
tensor([[0.8566, 1.0000, 0.0000, 0.0000, 0.0000, 0.0000]])
tensor([[-0.1617,  1.0000,  0.0000,  0.0000,  0.0000,  0.0000]])
tensor([[0.9354, 1.0000, 0.0000, 1.0000, 0.0000, 0.0000]])
tensor([[0.4212, 1.0000, 0.0000, 0.0000, 0.0000, 0.0000]])
tensor([[0.6232, 1.0000, 0.0000, 0.0000, 0.0000, 0.0000]])
tensor([[0.6861, 1.0000, 0.0000, 0.0000, 0.0000, 0.0000]])
tensor([[-0.7785,  1.0000,  0.0000,  0.0000,  1.0000,  0.0000]])
tensor([[0.1164, 1.0000, 0.0000, 0.0000, 0.0000, 0.0000]])
tensor([[-0.9129,  1.0000,  0.0000,  0.0000,  0.0000,  0.0000]])
tensor([[-0.8940,  1.0000,  0.0000,  0.0000,  0.0000,  0.0000]])
tensor([[-0.5836,  1.0000,  0.0000,  0.0000,  0.0000,  0.0000]])
tensor([[-0.5813,  1.0000,  1.0000,  0.0000,  0.0000,  0.0000]])
tensor([[-0.6663,  1.0000,  0.0000,  0.0000,  0.0000,  0.0000]])
tensor([[0.5068, 1.0000, 0.0000, 0.0000, 0.0000, 0.0000]])
tensor([[0.1615, 1.0000, 0.0000, 0.0000, 0.0000, 0.0000]])
tensor([[-0.1899,  1.0000,  0.0000,  0.0000,  0.0000,  0.0000]])
tensor([[-0.4709,  1.0000,  0.0000,  0.0000,  0.0000,  0.0000]])
tensor([[-0.4754,  1.0000,  0.0000,  0.0000,  0.0000,  0.0000]])
tensor([[0.1687, 1.0000, 0.0000, 0.0000, 0.0000, 0.0000]])
tensor([[0.4913, 1.0000, 0.0000, 0.0000, 0.0000, 0.0000]])
tensor([[0.5359, 1.0000, 0.0000, 0.0000, 1.0000, 0.0000]])
tensor([[-0.5945,  1.0000,  0.0000,  0.0000,  0.0000,  0.0000]])
tensor([[-0.9156,  1.0000,  0.0000,  0.0000,  0.0000,  0.0000]])
tensor([[-0.4580,  1.0000,  0.0000,  0.0000,  0.0000,  0.0000]])
tensor([[-0.8764,  0.0000,  0.0000,  0.0000,  0.0000,  0.0000]])
tensor([[0.5939, 1.0000, 0.0000, 0.0000, 0.0000, 0.0000]])
tensor([[-0.7458,  1.0000,  0.0000,  0.0000,  0.0000,  0.0000]])
tensor([[-0.9179,  1.0000,  0.0000,  0.0000,  0.0000,  0.0000]])
tensor([[-0.9728,  0.0000,  0.0000,  0.0000,  0.0000,  0.0000]])
tensor([[-0.8550,  1.0000,  0.0000,  0.0000,  0.0000,  0.0000]])
tensor([[-0.9447,  1.0000,  0.0000,  0.0000,  0.0000,  0.0000]])
tensor([[-0.9752,  1.0000,  0.0000,  0.0000,  0.0000,  0.0000]])
tensor([[-0.8736,  1.0000,  0.0000,  0.0000,  0.0000,  0.0000]])
tensor([[-0.8182,  1.0000,  0.0000,  0.0000,  0.0000,  0.0000]])
tensor([[-0.9507,  1.0000,  0.0000,  0.0000,  0.0000,  0.0000]])
tensor([[-0.9263,  1.0000,  0.0000,  0.0000,  0.0000,  0.0000]])
tensor([[-0.6677,  0.0000,  0.0000,  0.0000,  0.0000,  0.0000]])
tensor([[-0.7872,  1.0000,  0.0000,  0.0000,  0.0000,  0.0000]])
tensor([[-0.1712,  1.0000,  0.0000,  0.0000,  0.0000,  0.0000]])
tensor([[-0.8708,  1.0000,  1.0000,  0.0000,  0.0000,  0.0000]])
tensor([[-0.7407,  1.0000,  0.0000,  0.0000,  0.0000,  0.0000]])
tensor([[0.6927, 1.0000, 0.0000, 1.0000, 0.0000, 0.0000]])
tensor([[-0.6314,  1.0000,  0.0000,  0.0000,  0.0000,  0.0000]])
tensor([[-0.1188,  0.0000,  0.0000,  0.0000,  0.0000,  0.0000]])
tensor([[0.1485, 1.0000, 1.0000, 0.0000, 0.0000, 0.0000]])
tensor([[-0.9261,  1.0000,  0.0000,  0.0000,  0.0000,  0.0000]])
tensor([[-0.6526,  1.0000,  0.0000,  0.0000,  0.0000,  0.0000]])
tensor([[-0.7306,  1.0000,  1.0000,  0.0000,  0.0000,  0.0000]])
tensor([[-0.1131,  1.0000,  0.0000,  0.0000,  0.0000,  0.0000]])
tensor([[-0.5368,  1.0000,  0.0000,  0.0000,  0.0000,  0.0000]])
tensor([[-0.6997,  0.0000,  0.0000,  0.0000,  0.0000,  0.0000]])
tensor([[-0.4783,  1.0000,  0.0000,  0.0000,  0.0000,  0.0000]])
tensor([[-0.3661,  1.0000,  0.0000,  0.0000,  0.0000,  0.0000]])
tensor([[0.3933, 1.0000, 0.0000, 0.0000, 0.0000, 0.0000]])
tensor([[-0.8360,  1.0000,  0.0000,  0.0000,  0.0000,  0.0000]])
tensor([[0.7323, 1.0000, 0.0000, 0.0000, 0.0000, 0.0000]])
tensor([[0.6770, 1.0000, 0.0000, 0.0000, 0.0000, 0.0000]])
tensor([[0.4088, 1.0000, 0.0000, 0.0000, 0.0000, 0.0000]])
tensor([[0.1752, 1.0000, 0.0000, 0.0000, 0.0000, 0.0000]])
tensor([[-0.3247,  1.0000,  0.0000,  0.0000,  0.0000,  0.0000]])
tensor([[0.4192, 1.0000, 0.0000, 0.0000, 0.0000, 0.0000]])
tensor([[-0.2404,  0.0000,  0.0000,  0.0000,  0.0000,  0.0000]])
tensor([[-0.5328,  1.0000,  0.0000,  0.0000,  0.0000,  0.0000]])
tensor([[0.4040, 0.0000, 0.0000, 0.0000, 0.0000, 0.0000]])
tensor([[0.9654, 1.0000, 0.0000, 0.0000, 0.0000, 0.0000]])
tensor([[0.5051, 0.0000, 0.0000, 0.0000, 0.0000, 0.0000]])
tensor([[0.6413, 1.0000, 0.0000, 1.0000, 0.0000, 0.0000]])
tensor([[-0.1728,  1.0000,  0.0000,  0.0000,  0.0000,  0.0000]])
tensor([[-0.6516,  1.0000,  0.0000,  0.0000,  0.0000,  0.0000]])
tensor([[0.1312, 1.0000, 0.0000, 0.0000, 0.0000, 0.0000]])
tensor([[-0.1660,  1.0000,  0.0000,  0.0000,  0.0000,  0.0000]])
tensor([[-0.0446,  1.0000,  0.0000,  0.0000,  0.0000,  0.0000]])
tensor([[0.6104, 1.0000, 0.0000, 0.0000, 0.0000, 0.0000]])
tensor([[0.3736, 1.0000, 0.0000, 0.0000, 0.0000, 0.0000]])
tensor([[0.6019, 1.0000, 0.0000, 0.0000, 0.0000, 0.0000]])
tensor([[-0.6359,  1.0000,  0.0000,  0.0000,  0.0000,  0.0000]])
tensor([[0.1148, 1.0000, 0.0000, 0.0000, 0.0000, 0.0000]])
tensor([[0.4244, 1.0000, 0.0000, 0.0000, 0.0000, 0.0000]])
tensor([[-0.0862,  1.0000,  0.0000,  0.0000,  0.0000,  0.0000]])
tensor([[0.7755, 1.0000, 0.0000, 0.0000, 0.0000, 0.0000]])
tensor([[0.2322, 1.0000, 0.0000, 0.0000, 0.0000, 0.0000]])
tensor([[0.5901, 1.0000, 0.0000, 0.0000, 0.0000, 0.0000]])
tensor([[0.9166, 1.0000, 0.0000, 0.0000, 0.0000, 0.0000]])
tensor([[0.5829, 1.0000, 0.0000, 0.0000, 0.0000, 0.0000]])
tensor([[0.5634, 1.0000, 0.0000, 0.0000, 0.0000, 0.0000]])
tensor([[0.5181, 1.0000, 1.0000, 0.0000, 0.0000, 0.0000]])
tensor([[0.7398, 1.0000, 0.0000, 0.0000, 0.0000, 0.0000]])
tensor([[0.5305, 1.0000, 0.0000, 0.0000, 0.0000, 0.0000]])
tensor([[0.8101, 1.0000, 0.0000, 0.0000, 0.0000, 0.0000]])
tensor([[0.7568, 1.0000, 0.0000, 0.0000, 0.0000, 0.0000]])
tensor([[-0.1150,  1.0000,  0.0000,  0.0000,  0.0000,  0.0000]])
tensor([[-0.1468,  1.0000,  0.0000,  0.0000,  0.0000,  0.0000]])
tensor([[0.9815, 1.0000, 0.0000, 1.0000, 0.0000, 0.0000]])
tensor([[0.3760, 1.0000, 0.0000, 0.0000, 0.0000, 0.0000]])
tensor([[0.9558, 1.0000, 0.0000, 0.0000, 0.0000, 0.0000]])
tensor([[0.9188, 1.0000, 0.0000, 0.0000, 0.0000, 0.0000]])
tensor([[-2.3937e-04,  1.0000e+00,  0.0000e+00,  0.0000e+00,  0.0000e+00,
          0.0000e+00]])
tensor([[0.3691, 1.0000, 0.0000, 0.0000, 0.0000, 0.0000]])
tensor([[0.7834, 1.0000, 0.0000, 0.0000, 0.0000, 0.0000]])
tensor([[-0.0631,  0.0000,  0.0000,  0.0000,  0.0000,  0.0000]])
tensor([[-0.7761,  1.0000,  1.0000,  0.0000,  0.0000,  0.0000]])
tensor([[-0.0080,  0.0000,  0.0000,  0.0000,  0.0000,  0.0000]])
tensor([[-0.5440,  1.0000,  0.0000,  0.0000,  0.0000,  0.0000]])
tensor([[-0.8367,  1.0000,  0.0000,  0.0000,  0.0000,  0.0000]])
tensor([[-0.4658,  1.0000,  0.0000,  0.0000,  0.0000,  0.0000]])
tensor([[0.5531, 1.0000, 0.0000, 0.0000, 0.0000, 0.0000]])
tensor([[-0.8665,  1.0000,  0.0000,  0.0000,  0.0000,  0.0000]])
tensor([[-0.8456,  1.0000,  0.0000,  1.0000,  0.0000,  0.0000]])
tensor([[0.2362, 1.0000, 0.0000, 0.0000, 0.0000, 0.0000]])
tensor([[0.4748, 1.0000, 0.0000, 0.0000, 0.0000, 0.0000]])
tensor([[0.1628, 1.0000, 0.0000, 0.0000, 0.0000, 0.0000]])
tensor([[-0.2336,  1.0000,  0.0000,  0.0000,  0.0000,  0.0000]])
tensor([[-0.9040,  1.0000,  0.0000,  0.0000,  0.0000,  0.0000]])
tensor([[-0.4040,  1.0000,  0.0000,  0.0000,  0.0000,  0.0000]])
tensor([[-0.9668,  1.0000,  0.0000,  0.0000,  0.0000,  0.0000]])
tensor([[-0.7470,  1.0000,  0.0000,  0.0000,  0.0000,  0.0000]])
tensor([[-0.2892,  1.0000,  0.0000,  0.0000,  0.0000,  0.0000]])
tensor([[-0.2389,  1.0000,  0.0000,  0.0000,  0.0000,  0.0000]])
tensor([[-0.4557,  1.0000,  0.0000,  0.0000,  0.0000,  0.0000]])
tensor([[-0.9793,  1.0000,  0.0000,  0.0000,  0.0000,  0.0000]])
tensor([[-0.6683,  1.0000,  0.0000,  0.0000,  0.0000,  0.0000]])
tensor([[-0.1859,  1.0000,  0.0000,  0.0000,  0.0000,  0.0000]])
tensor([[0.9407, 1.0000, 0.0000, 0.0000, 0.0000, 0.0000]])
tensor([[0.8728, 1.0000, 0.0000, 0.0000, 0.0000, 0.0000]])
tensor([[0.0177, 1.0000, 0.0000, 0.0000, 0.0000, 0.0000]])
tensor([[0.8818, 1.0000, 0.0000, 0.0000, 0.0000, 0.0000]])
tensor([[-0.2206,  1.0000,  0.0000,  0.0000,  0.0000,  0.0000]])
tensor([[0.3789, 1.0000, 0.0000, 0.0000, 0.0000, 0.0000]])
tensor([[-0.0149,  1.0000,  0.0000,  0.0000,  0.0000,  0.0000]])
tensor([[-0.9357,  1.0000,  0.0000,  0.0000,  0.0000,  0.0000]])
tensor([[-0.9743,  1.0000,  0.0000,  0.0000,  0.0000,  0.0000]])
tensor([[-0.4417,  1.0000,  0.0000,  0.0000,  0.0000,  0.0000]])
tensor([[-0.4594,  1.0000,  0.0000,  0.0000,  0.0000,  0.0000]])
tensor([[-0.1244,  1.0000,  0.0000,  0.0000,  0.0000,  0.0000]])
tensor([[-0.8939,  1.0000,  0.0000,  0.0000,  0.0000,  0.0000]])
tensor([[-0.8085,  1.0000,  0.0000,  0.0000,  0.0000,  0.0000]])
tensor([[0.6110, 1.0000, 0.0000, 0.0000, 0.0000, 0.0000]])
tensor([[0.6443, 1.0000, 0.0000, 1.0000, 0.0000, 0.0000]])
tensor([[-0.9030,  1.0000,  0.0000,  0.0000,  0.0000,  0.0000]])
tensor([[0.5024, 1.0000, 0.0000, 0.0000, 0.0000, 0.0000]])
tensor([[0.4577, 1.0000, 0.0000, 0.0000, 0.0000, 0.0000]])
tensor([[0.4102, 1.0000, 0.0000, 0.0000, 0.0000, 0.0000]])
tensor([[-0.2493,  1.0000,  0.0000,  0.0000,  0.0000,  0.0000]])
tensor([[0.4757, 1.0000, 0.0000, 0.0000, 0.0000, 0.0000]])
tensor([[0.7218, 1.0000, 0.0000, 0.0000, 0.0000, 0.0000]])
tensor([[0.9405, 1.0000, 0.0000, 0.0000, 0.0000, 0.0000]])
tensor([[0.5467, 1.0000, 0.0000, 0.0000, 0.0000, 0.0000]])
tensor([[0.9590, 1.0000, 0.0000, 0.0000, 0.0000, 0.0000]])
tensor([[0.8147, 1.0000, 0.0000, 0.0000, 0.0000, 0.0000]])
tensor([[0.9454, 1.0000, 0.0000, 1.0000, 0.0000, 0.0000]])
tensor([[0.8657, 1.0000, 0.0000, 1.0000, 0.0000, 0.0000]])
tensor([[-0.6856,  1.0000,  0.0000,  0.0000,  0.0000,  0.0000]])
tensor([[-0.3747,  1.0000,  0.0000,  0.0000,  0.0000,  0.0000]])
tensor([[-0.8735,  1.0000,  0.0000,  0.0000,  0.0000,  0.0000]])
tensor([[-0.9528,  1.0000,  0.0000,  0.0000,  1.0000,  0.0000]])
tensor([[-0.8704,  1.0000,  0.0000,  0.0000,  0.0000,  0.0000]])
tensor([[-0.7635,  1.0000,  0.0000,  0.0000,  0.0000,  0.0000]])
tensor([[-0.7396,  1.0000,  0.0000,  0.0000,  0.0000,  0.0000]])
tensor([[-0.7972,  1.0000,  0.0000,  0.0000,  0.0000,  0.0000]])
tensor([[-0.9540,  1.0000,  0.0000,  0.0000,  0.0000,  0.0000]])
tensor([[-0.3648,  1.0000,  0.0000,  0.0000,  0.0000,  0.0000]])
tensor([[-0.7653,  1.0000,  0.0000,  0.0000,  0.0000,  0.0000]])
tensor([[-0.3108,  1.0000,  0.0000,  0.0000,  0.0000,  0.0000]])
tensor([[-0.2695,  1.0000,  0.0000,  0.0000,  0.0000,  0.0000]])
tensor([[0.6857, 1.0000, 0.0000, 0.0000, 0.0000, 0.0000]])
tensor([[0.4068, 1.0000, 0.0000, 0.0000, 0.0000, 0.0000]])
tensor([[-0.1536,  1.0000,  0.0000,  0.0000,  1.0000,  0.0000]])
tensor([[0.7429, 1.0000, 0.0000, 0.0000, 0.0000, 0.0000]])
tensor([[-0.2732,  1.0000,  0.0000,  0.0000,  0.0000,  0.0000]])
tensor([[-0.8967,  1.0000,  1.0000,  0.0000,  0.0000,  0.0000]])
tensor([[-0.5024,  1.0000,  0.0000,  0.0000,  0.0000,  0.0000]])
tensor([[0.2139, 1.0000, 0.0000, 0.0000, 0.0000, 0.0000]])
tensor([[-0.4182,  1.0000,  0.0000,  0.0000,  0.0000,  0.0000]])
tensor([[-0.7784,  1.0000,  0.0000,  0.0000,  0.0000,  0.0000]])
tensor([[0.5524, 1.0000, 0.0000, 0.0000, 0.0000, 0.0000]])
tensor([[0.2364, 1.0000, 0.0000, 0.0000, 0.0000, 0.0000]])
tensor([[-0.4050,  1.0000,  0.0000,  0.0000,  0.0000,  0.0000]])
tensor([[-0.8681,  1.0000,  1.0000,  0.0000,  0.0000,  0.0000]])
tensor([[-0.8056,  1.0000,  0.0000,  0.0000,  0.0000,  0.0000]])
tensor([[-0.8741,  1.0000,  1.0000,  0.0000,  0.0000,  0.0000]])
tensor([[-0.8836,  1.0000,  1.0000,  0.0000,  0.0000,  0.0000]])
tensor([[-0.8347,  1.0000,  0.0000,  0.0000,  0.0000,  0.0000]])
tensor([[-0.6667,  1.0000,  0.0000,  0.0000,  0.0000,  0.0000]])
tensor([[-0.5237,  1.0000,  1.0000,  0.0000,  0.0000,  0.0000]])
tensor([[-0.9166,  1.0000,  0.0000,  0.0000,  0.0000,  0.0000]])
tensor([[-0.8737,  1.0000,  0.0000,  0.0000,  0.0000,  0.0000]])
tensor([[-0.8756,  1.0000,  0.0000,  0.0000,  0.0000,  0.0000]])
tensor([[-0.3155,  1.0000,  0.0000,  0.0000,  0.0000,  0.0000]])
tensor([[-0.1189,  1.0000,  1.0000,  0.0000,  0.0000,  0.0000]])
tensor([[0.0067, 1.0000, 0.0000, 0.0000, 0.0000, 0.0000]])
tensor([[-0.8856,  0.0000,  0.0000,  0.0000,  0.0000,  0.0000]])
tensor([[-0.9576,  1.0000,  1.0000,  0.0000,  0.0000,  0.0000]])
tensor([[-0.2509,  1.0000,  0.0000,  0.0000,  0.0000,  0.0000]])
tensor([[-0.9624,  1.0000,  0.0000,  0.0000,  0.0000,  0.0000]])
tensor([[-0.9512,  1.0000,  0.0000,  0.0000,  0.0000,  0.0000]])
tensor([[-0.7629,  1.0000,  0.0000,  0.0000,  0.0000,  0.0000]])
tensor([[-0.9866,  1.0000,  0.0000,  0.0000,  0.0000,  0.0000]])
tensor([[-0.9153,  0.0000,  1.0000,  0.0000,  0.0000,  0.0000]])
tensor([[-0.9825,  1.0000,  0.0000,  0.0000,  0.0000,  0.0000]])
tensor([[-0.8657,  1.0000,  0.0000,  0.0000,  0.0000,  0.0000]])
tensor([[-0.9828,  1.0000,  0.0000,  0.0000,  0.0000,  0.0000]])
tensor([[-0.2034,  1.0000,  0.0000,  0.0000,  0.0000,  0.0000]])
tensor([[-0.7491,  1.0000,  0.0000,  0.0000,  0.0000,  0.0000]])
tensor([[-0.9139,  1.0000,  0.0000,  0.0000,  0.0000,  0.0000]])
tensor([[-0.9014,  1.0000,  0.0000,  0.0000,  0.0000,  0.0000]])
tensor([[-0.9265,  1.0000,  0.0000,  0.0000,  0.0000,  0.0000]])
tensor([[-0.3371,  1.0000,  0.0000,  0.0000,  0.0000,  0.0000]])
tensor([[-0.8643,  1.0000,  0.0000,  0.0000,  0.0000,  0.0000]])
tensor([[-0.6506,  1.0000,  0.0000,  0.0000,  0.0000,  0.0000]])
tensor([[-0.8174,  1.0000,  0.0000,  0.0000,  0.0000,  0.0000]])
tensor([[-0.9664,  1.0000,  0.0000,  0.0000,  0.0000,  0.0000]])
tensor([[-0.9060,  1.0000,  0.0000,  0.0000,  0.0000,  0.0000]])
tensor([[-0.2799,  1.0000,  0.0000,  0.0000,  0.0000,  0.0000]])
tensor([[-0.8181,  1.0000,  0.0000,  0.0000,  0.0000,  0.0000]])
tensor([[-0.9665,  1.0000,  0.0000,  0.0000,  0.0000,  0.0000]])
tensor([[-0.9156,  1.0000,  0.0000,  0.0000,  0.0000,  0.0000]])
tensor([[-0.9637,  1.0000,  0.0000,  0.0000,  0.0000,  0.0000]])
tensor([[-0.7327,  1.0000,  0.0000,  0.0000,  0.0000,  0.0000]])
tensor([[-0.8221,  1.0000,  0.0000,  0.0000,  0.0000,  0.0000]])
tensor([[-0.7685,  0.0000,  0.0000,  0.0000,  0.0000,  0.0000]])
tensor([[-0.2102,  1.0000,  1.0000,  0.0000,  0.0000,  0.0000]])
tensor([[-0.7812,  1.0000,  0.0000,  0.0000,  0.0000,  0.0000]])
tensor([[-0.1877,  1.0000,  0.0000,  0.0000,  0.0000,  0.0000]])
tensor([[-0.7251,  1.0000,  1.0000,  0.0000,  0.0000,  0.0000]])
tensor([[0.3635, 1.0000, 1.0000, 0.0000, 0.0000, 0.0000]])
tensor([[0.1090, 1.0000, 0.0000, 0.0000, 0.0000, 0.0000]])
tensor([[-0.7235,  1.0000,  0.0000,  0.0000,  0.0000,  0.0000]])
tensor([[0.7647, 1.0000, 0.0000, 0.0000, 0.0000, 0.0000]])
tensor([[-0.2487,  1.0000,  1.0000,  0.0000,  0.0000,  0.0000]])
tensor([[0.6114, 1.0000, 0.0000, 0.0000, 0.0000, 0.0000]])
tensor([[-0.3963,  1.0000,  1.0000,  0.0000,  1.0000,  0.0000]])
tensor([[-0.8375,  1.0000,  0.0000,  0.0000,  0.0000,  0.0000]])
tensor([[-0.4027,  0.0000,  1.0000,  0.0000,  0.0000,  0.0000]])
tensor([[0.7996, 1.0000, 0.0000, 0.0000, 0.0000, 0.0000]])
tensor([[0.6903, 1.0000, 0.0000, 0.0000, 0.0000, 0.0000]])
tensor([[0.9343, 1.0000, 1.0000, 0.0000, 0.0000, 0.0000]])
tensor([[-0.3586,  1.0000,  1.0000,  0.0000,  0.0000,  0.0000]])
tensor([[0.3142, 1.0000, 0.0000, 0.0000, 0.0000, 0.0000]])
tensor([[-0.2301,  1.0000,  0.0000,  0.0000,  0.0000,  0.0000]])
tensor([[-0.2007,  1.0000,  0.0000,  0.0000,  0.0000,  0.0000]])
tensor([[0.9356, 1.0000, 0.0000, 0.0000, 0.0000, 0.0000]])
tensor([[-0.2081,  1.0000,  0.0000,  0.0000,  0.0000,  0.0000]])
tensor([[0.9225, 1.0000, 0.0000, 0.0000, 0.0000, 0.0000]])
tensor([[0.9041, 1.0000, 0.0000, 0.0000, 0.0000, 0.0000]])
tensor([[0.2269, 1.0000, 0.0000, 0.0000, 0.0000, 0.0000]])
tensor([[0.7120, 1.0000, 0.0000, 0.0000, 0.0000, 0.0000]])
tensor([[0.9837, 1.0000, 0.0000, 0.0000, 0.0000, 0.0000]])
tensor([[0.5087, 1.0000, 0.0000, 0.0000, 0.0000, 0.0000]])
tensor([[0.9687, 1.0000, 0.0000, 0.0000, 0.0000, 0.0000]])
tensor([[0.4131, 1.0000, 1.0000, 0.0000, 0.0000, 0.0000]])
tensor([[0.8306, 1.0000, 1.0000, 0.0000, 0.0000, 0.0000]])
tensor([[0.1315, 1.0000, 0.0000, 0.0000, 0.0000, 0.0000]])
tensor([[0.2926, 1.0000, 1.0000, 0.0000, 0.0000, 0.0000]])
tensor([[0.9559, 1.0000, 0.0000, 0.0000, 0.0000, 0.0000]])
tensor([[0.7682, 1.0000, 0.0000, 0.0000, 0.0000, 0.0000]])
tensor([[0.7628, 1.0000, 0.0000, 0.0000, 0.0000, 0.0000]])
tensor([[0.7034, 1.0000, 0.0000, 0.0000, 0.0000, 0.0000]])
tensor([[0.6022, 1.0000, 0.0000, 0.0000, 1.0000, 0.0000]])
tensor([[-0.5010,  1.0000,  0.0000,  0.0000,  0.0000,  0.0000]])
tensor([[-0.1043,  1.0000,  0.0000,  0.0000,  0.0000,  0.0000]])
tensor([[-0.6612,  1.0000,  0.0000,  0.0000,  0.0000,  0.0000]])
tensor([[-0.1227,  1.0000,  0.0000,  0.0000,  0.0000,  0.0000]])
tensor([[0.4129, 1.0000, 0.0000, 0.0000, 0.0000, 0.0000]])
tensor([[-0.6862,  1.0000,  0.0000,  0.0000,  0.0000,  0.0000]])
tensor([[-0.6783,  1.0000,  0.0000,  0.0000,  0.0000,  0.0000]])
tensor([[0.1752, 1.0000, 0.0000, 0.0000, 0.0000, 0.0000]])
tensor([[0.4880, 1.0000, 0.0000, 0.0000, 0.0000, 0.0000]])
tensor([[0.2790, 1.0000, 0.0000, 0.0000, 0.0000, 0.0000]])
tensor([[-0.1712,  1.0000,  1.0000,  0.0000,  0.0000,  0.0000]])
tensor([[-0.7655,  1.0000,  1.0000,  0.0000,  0.0000,  0.0000]])
tensor([[-0.1697,  1.0000,  0.0000,  0.0000,  0.0000,  0.0000]])
tensor([[0.8866, 1.0000, 0.0000, 0.0000, 0.0000, 0.0000]])
tensor([[0.7912, 1.0000, 0.0000, 0.0000, 0.0000, 0.0000]])
tensor([[0.4783, 1.0000, 0.0000, 0.0000, 0.0000, 0.0000]])
tensor([[0.3934, 1.0000, 0.0000, 0.0000, 0.0000, 0.0000]])
tensor([[0.2406, 1.0000, 1.0000, 0.0000, 0.0000, 0.0000]])
tensor([[-0.2394,  1.0000,  0.0000,  0.0000,  0.0000,  0.0000]])
tensor([[0.7781, 1.0000, 0.0000, 0.0000, 0.0000, 0.0000]])
tensor([[0.8546, 1.0000, 1.0000, 0.0000, 0.0000, 0.0000]])
tensor([[0.8661, 1.0000, 0.0000, 0.0000, 0.0000, 0.0000]])
tensor([[0.8848, 1.0000, 0.0000, 0.0000, 0.0000, 0.0000]])
tensor([[0.8472, 1.0000, 0.0000, 0.0000, 0.0000, 0.0000]])
tensor([[0.6965, 1.0000, 0.0000, 0.0000, 0.0000, 0.0000]])
tensor([[0.0855, 1.0000, 0.0000, 0.0000, 0.0000, 0.0000]])
tensor([[-0.0833,  1.0000,  0.0000,  0.0000,  0.0000,  0.0000]])
tensor([[-0.7102,  1.0000,  0.0000,  0.0000,  0.0000,  0.0000]])
tensor([[-0.8424,  1.0000,  0.0000,  0.0000,  0.0000,  0.0000]])
tensor([[-0.1096,  0.0000,  0.0000,  0.0000,  0.0000,  0.0000]])
tensor([[-0.4557,  1.0000,  0.0000,  0.0000,  0.0000,  0.0000]])
tensor([[0.3680, 0.0000, 0.0000, 0.0000, 0.0000, 0.0000]])
tensor([[0.6324, 1.0000, 0.0000, 0.0000, 0.0000, 0.0000]])
tensor([[0.1400, 1.0000, 0.0000, 0.0000, 0.0000, 0.0000]])
tensor([[0.2222, 1.0000, 0.0000, 0.0000, 0.0000, 0.0000]])
tensor([[-0.8564,  1.0000,  0.0000,  0.0000,  0.0000,  0.0000]])
tensor([[0.0415, 1.0000, 0.0000, 0.0000, 0.0000, 0.0000]])
tensor([[-0.3857,  1.0000,  0.0000,  0.0000,  0.0000,  0.0000]])
tensor([[0.3436, 1.0000, 1.0000, 0.0000, 0.0000, 0.0000]])
tensor([[0.1320, 1.0000, 0.0000, 0.0000, 0.0000, 0.0000]])
tensor([[-0.7288,  1.0000,  0.0000,  1.0000,  0.0000,  0.0000]])
tensor([[0.8560, 1.0000, 0.0000, 0.0000, 0.0000, 0.0000]])
tensor([[-0.4487,  1.0000,  0.0000,  0.0000,  1.0000,  0.0000]])
tensor([[-0.7403,  1.0000,  0.0000,  0.0000,  0.0000,  0.0000]])
tensor([[-0.5042,  1.0000,  1.0000,  0.0000,  0.0000,  0.0000]])
tensor([[-0.5757,  1.0000,  0.0000,  0.0000,  0.0000,  0.0000]])
tensor([[-0.8977,  1.0000,  0.0000,  0.0000,  0.0000,  0.0000]])
tensor([[0.0113, 1.0000, 1.0000, 0.0000, 0.0000, 0.0000]])
tensor([[-0.4183,  1.0000,  0.0000,  0.0000,  0.0000,  0.0000]])
tensor([[-0.7390,  1.0000,  0.0000,  0.0000,  0.0000,  0.0000]])
tensor([[-0.5989,  1.0000,  0.0000,  0.0000,  0.0000,  0.0000]])
tensor([[0.2197, 1.0000, 0.0000, 0.0000, 0.0000, 0.0000]])
tensor([[-0.1568,  1.0000,  1.0000,  0.0000,  0.0000,  0.0000]])
tensor([[-0.8810,  1.0000,  0.0000,  0.0000,  0.0000,  0.0000]])
tensor([[0.7408, 1.0000, 1.0000, 0.0000, 0.0000, 0.0000]])
tensor([[0.1944, 1.0000, 1.0000, 0.0000, 0.0000, 0.0000]])
tensor([[0.2825, 1.0000, 0.0000, 0.0000, 0.0000, 0.0000]])
tensor([[-0.6506,  1.0000,  0.0000,  0.0000,  0.0000,  0.0000]])
tensor([[0.5369, 1.0000, 0.0000, 0.0000, 0.0000, 0.0000]])
tensor([[0.2406, 1.0000, 0.0000, 0.0000, 0.0000, 0.0000]])
tensor([[-0.3786,  1.0000,  0.0000,  0.0000,  0.0000,  0.0000]])
tensor([[-0.4781,  1.0000,  0.0000,  0.0000,  0.0000,  0.0000]])
tensor([[-0.7723,  1.0000,  0.0000,  0.0000,  1.0000,  0.0000]])
tensor([[-0.1623,  1.0000,  1.0000,  0.0000,  0.0000,  0.0000]])
tensor([[-0.2145,  1.0000,  0.0000,  0.0000,  0.0000,  0.0000]])
tensor([[-0.0702,  1.0000,  0.0000,  0.0000,  0.0000,  0.0000]])
tensor([[0.2478, 1.0000, 0.0000, 0.0000, 0.0000, 0.0000]])
tensor([[-0.9249,  1.0000,  1.0000,  0.0000,  0.0000,  0.0000]])
tensor([[0.6896, 1.0000, 0.0000, 0.0000, 0.0000, 0.0000]])
tensor([[0.3795, 1.0000, 0.0000, 0.0000, 0.0000, 0.0000]])
tensor([[-0.6836,  1.0000,  0.0000,  0.0000,  0.0000,  0.0000]])
tensor([[-0.4329,  1.0000,  0.0000,  0.0000,  0.0000,  0.0000]])
tensor([[-0.1656,  1.0000,  1.0000,  0.0000,  0.0000,  0.0000]])
tensor([[0.2109, 1.0000, 0.0000, 0.0000, 0.0000, 0.0000]])
tensor([[-0.1625,  0.0000,  0.0000,  0.0000,  0.0000,  0.0000]])
tensor([[0.3934, 1.0000, 0.0000, 0.0000, 0.0000, 0.0000]])
tensor([[-0.2520,  1.0000,  1.0000,  0.0000,  0.0000,  0.0000]])
tensor([[-0.5520,  1.0000,  0.0000,  0.0000,  0.0000,  0.0000]])
tensor([[0.5442, 1.0000, 1.0000, 0.0000, 0.0000, 0.0000]])
tensor([[-0.4533,  1.0000,  0.0000,  0.0000,  0.0000,  0.0000]])
tensor([[-0.0422,  1.0000,  0.0000,  0.0000,  0.0000,  0.0000]])
tensor([[-0.1761,  1.0000,  0.0000,  0.0000,  0.0000,  0.0000]])
tensor([[-0.0713,  1.0000,  0.0000,  0.0000,  0.0000,  0.0000]])
tensor([[-0.8296,  1.0000,  1.0000,  0.0000,  0.0000,  0.0000]])
tensor([[-0.3982,  1.0000,  0.0000,  0.0000,  0.0000,  0.0000]])
tensor([[-0.0019,  1.0000,  0.0000,  0.0000,  0.0000,  0.0000]])
tensor([[0.2727, 1.0000, 0.0000, 0.0000, 0.0000, 0.0000]])
tensor([[0.1797, 1.0000, 0.0000, 0.0000, 0.0000, 0.0000]])
tensor([[-0.5499,  1.0000,  0.0000,  0.0000,  0.0000,  0.0000]])
tensor([[-0.9133,  1.0000,  1.0000,  0.0000,  0.0000,  0.0000]])
tensor([[0.1204, 1.0000, 0.0000, 0.0000, 0.0000, 0.0000]])
tensor([[-0.7781,  1.0000,  0.0000,  0.0000,  0.0000,  0.0000]])
tensor([[-0.3168,  0.0000,  0.0000,  0.0000,  0.0000,  0.0000]])
tensor([[-0.3608,  1.0000,  0.0000,  0.0000,  0.0000,  0.0000]])
tensor([[-0.4793,  1.0000,  1.0000,  0.0000,  0.0000,  0.0000]])
tensor([[-0.8163,  1.0000,  0.0000,  0.0000,  0.0000,  0.0000]])
tensor([[-0.9351,  1.0000,  0.0000,  0.0000,  0.0000,  0.0000]])
tensor([[-0.3528,  1.0000,  0.0000,  0.0000,  0.0000,  0.0000]])
tensor([[-0.8771,  1.0000,  1.0000,  0.0000,  0.0000,  0.0000]])
tensor([[-0.5307,  1.0000,  0.0000,  0.0000,  0.0000,  0.0000]])
tensor([[-0.8381,  1.0000,  0.0000,  0.0000,  0.0000,  0.0000]])
tensor([[-0.1203,  1.0000,  0.0000,  0.0000,  0.0000,  0.0000]])
tensor([[-0.5218,  1.0000,  0.0000,  0.0000,  0.0000,  0.0000]])
tensor([[-0.0999,  1.0000,  0.0000,  0.0000,  0.0000,  0.0000]])
tensor([[0.2717, 0.0000, 0.0000, 0.0000, 0.0000, 0.0000]])
tensor([[-0.7161,  1.0000,  1.0000,  0.0000,  0.0000,  0.0000]])
tensor([[-0.6738,  1.0000,  0.0000,  0.0000,  0.0000,  0.0000]])
tensor([[0.1757, 1.0000, 0.0000, 0.0000, 0.0000, 0.0000]])
tensor([[-0.8214,  1.0000,  0.0000,  0.0000,  0.0000,  0.0000]])
tensor([[0.2431, 1.0000, 1.0000, 0.0000, 0.0000, 0.0000]])
tensor([[-0.4803,  1.0000,  0.0000,  0.0000,  0.0000,  0.0000]])
tensor([[0.3453, 1.0000, 1.0000, 0.0000, 1.0000, 0.0000]])
tensor([[0.3098, 1.0000, 0.0000, 0.0000, 0.0000, 0.0000]])
tensor([[-0.4066,  1.0000,  1.0000,  0.0000,  0.0000,  0.0000]])
tensor([[0.1259, 1.0000, 0.0000, 0.0000, 0.0000, 0.0000]])
tensor([[0.7150, 1.0000, 1.0000, 0.0000, 0.0000, 0.0000]])
tensor([[-0.7222,  1.0000,  0.0000,  0.0000,  0.0000,  0.0000]])
tensor([[-0.7418,  1.0000,  1.0000,  0.0000,  0.0000,  0.0000]])
tensor([[-0.2889,  1.0000,  0.0000,  0.0000,  0.0000,  0.0000]])
tensor([[-0.4936,  1.0000,  0.0000,  0.0000,  0.0000,  0.0000]])
tensor([[-0.5089,  1.0000,  0.0000,  0.0000,  0.0000,  0.0000]])
tensor([[-0.9208,  1.0000,  0.0000,  0.0000,  0.0000,  0.0000]])
tensor([[-0.8052,  1.0000,  0.0000,  0.0000,  0.0000,  0.0000]])
tensor([[0.2835, 1.0000, 0.0000, 0.0000, 0.0000, 0.0000]])
tensor([[-0.7343,  1.0000,  0.0000,  0.0000,  0.0000,  0.0000]])
tensor([[-0.8201,  1.0000,  1.0000,  0.0000,  0.0000,  0.0000]])
tensor([[-0.4530,  1.0000,  1.0000,  0.0000,  0.0000,  0.0000]])
tensor([[-0.7398,  1.0000,  1.0000,  0.0000,  0.0000,  0.0000]])
tensor([[-0.9259,  1.0000,  0.0000,  0.0000,  0.0000,  0.0000]])
tensor([[-0.4175,  1.0000,  0.0000,  0.0000,  0.0000,  0.0000]])
tensor([[0.0147, 1.0000, 0.0000, 0.0000, 0.0000, 0.0000]])
tensor([[-0.7547,  1.0000,  0.0000,  0.0000,  0.0000,  0.0000]])
tensor([[0.3889, 1.0000, 0.0000, 0.0000, 0.0000, 0.0000]])
tensor([[-0.8725,  1.0000,  0.0000,  0.0000,  0.0000,  0.0000]])
tensor([[-0.6001,  1.0000,  0.0000,  0.0000,  0.0000,  0.0000]])
tensor([[0.3309, 1.0000, 0.0000, 0.0000, 0.0000, 0.0000]])
tensor([[-0.7640,  1.0000,  0.0000,  0.0000,  0.0000,  0.0000]])
tensor([[-0.9261,  1.0000,  0.0000,  0.0000,  0.0000,  0.0000]])
tensor([[-0.4859,  1.0000,  1.0000,  0.0000,  0.0000,  0.0000]])
tensor([[0.4418, 1.0000, 1.0000, 0.0000, 0.0000, 0.0000]])
tensor([[0.7580, 1.0000, 1.0000, 0.0000, 1.0000, 0.0000]])
tensor([[0.3714, 1.0000, 0.0000, 0.0000, 0.0000, 0.0000]])
tensor([[-0.5229,  1.0000,  0.0000,  0.0000,  0.0000,  0.0000]])
tensor([[-0.3099,  1.0000,  1.0000,  0.0000,  0.0000,  0.0000]])
tensor([[-0.8434,  1.0000,  0.0000,  0.0000,  0.0000,  0.0000]])
tensor([[-0.8136,  1.0000,  1.0000,  0.0000,  0.0000,  0.0000]])
tensor([[0.3375, 1.0000, 1.0000, 0.0000, 0.0000, 0.0000]])
tensor([[-0.7266,  1.0000,  0.0000,  0.0000,  0.0000,  0.0000]])
tensor([[0.1426, 1.0000, 1.0000, 0.0000, 0.0000, 0.0000]])
tensor([[0.5395, 1.0000, 0.0000, 0.0000, 0.0000, 0.0000]])
tensor([[0.4108, 1.0000, 0.0000, 0.0000, 0.0000, 0.0000]])
tensor([[-0.5075,  1.0000,  0.0000,  0.0000,  0.0000,  0.0000]])
tensor([[-0.1344,  1.0000,  0.0000,  0.0000,  0.0000,  0.0000]])
tensor([[-0.7902,  1.0000,  1.0000,  0.0000,  0.0000,  0.0000]])
tensor([[0.3306, 1.0000, 0.0000, 0.0000, 0.0000, 0.0000]])
tensor([[-0.1673,  1.0000,  0.0000,  0.0000,  0.0000,  0.0000]])
tensor([[-0.8966,  1.0000,  0.0000,  0.0000,  0.0000,  0.0000]])
tensor([[-0.7503,  1.0000,  0.0000,  0.0000,  0.0000,  0.0000]])
tensor([[-0.0486,  1.0000,  1.0000,  0.0000,  0.0000,  0.0000]])
tensor([[-0.2332,  1.0000,  0.0000,  0.0000,  0.0000,  0.0000]])
tensor([[-0.6705,  1.0000,  0.0000,  0.0000,  0.0000,  0.0000]])
tensor([[-0.2522,  1.0000,  0.0000,  0.0000,  0.0000,  0.0000]])
tensor([[-0.7497,  1.0000,  1.0000,  0.0000,  0.0000,  0.0000]])
tensor([[0.0574, 1.0000, 1.0000, 0.0000, 0.0000, 0.0000]])
tensor([[-0.3656,  1.0000,  0.0000,  0.0000,  0.0000,  0.0000]])
tensor([[-0.6877,  1.0000,  0.0000,  0.0000,  0.0000,  0.0000]])
tensor([[-0.2965,  1.0000,  0.0000,  0.0000,  0.0000,  0.0000]])
tensor([[0.1260, 1.0000, 0.0000, 0.0000, 0.0000, 0.0000]])
tensor([[-0.7408,  1.0000,  0.0000,  0.0000,  0.0000,  0.0000]])
tensor([[-0.5317,  1.0000,  0.0000,  0.0000,  0.0000,  0.0000]])
tensor([[-0.8715,  1.0000,  0.0000,  0.0000,  0.0000,  0.0000]])
tensor([[-0.0150,  1.0000,  0.0000,  0.0000,  0.0000,  0.0000]])
tensor([[-0.6726,  1.0000,  1.0000,  0.0000,  0.0000,  0.0000]])
tensor([[-0.7664,  1.0000,  0.0000,  0.0000,  0.0000,  0.0000]])
tensor([[-0.4608,  1.0000,  1.0000,  0.0000,  0.0000,  0.0000]])
tensor([[0.0173, 1.0000, 0.0000, 0.0000, 0.0000, 0.0000]])
tensor([[-0.4201,  1.0000,  0.0000,  0.0000,  0.0000,  0.0000]])
tensor([[-0.2275,  1.0000,  0.0000,  0.0000,  0.0000,  0.0000]])
tensor([[-0.8800,  1.0000,  0.0000,  0.0000,  0.0000,  0.0000]])
tensor([[-0.8862,  1.0000,  0.0000,  0.0000,  0.0000,  0.0000]])
tensor([[-0.8084,  1.0000,  0.0000,  0.0000,  0.0000,  0.0000]])
tensor([[0.0068, 1.0000, 0.0000, 0.0000, 0.0000, 0.0000]])
tensor([[-0.6317,  1.0000,  0.0000,  0.0000,  0.0000,  0.0000]])
tensor([[-0.1104,  1.0000,  0.0000,  0.0000,  0.0000,  0.0000]])
tensor([[0.3357, 1.0000, 1.0000, 0.0000, 0.0000, 0.0000]])
tensor([[-0.8200,  0.0000,  0.0000,  0.0000,  0.0000,  0.0000]])
tensor([[-0.3089,  1.0000,  0.0000,  0.0000,  0.0000,  0.0000]])
tensor([[-0.6828,  1.0000,  1.0000,  0.0000,  0.0000,  0.0000]])
tensor([[-0.3360,  1.0000,  0.0000,  0.0000,  0.0000,  0.0000]])
tensor([[-0.4265,  1.0000,  0.0000,  0.0000,  0.0000,  0.0000]])
tensor([[-0.5284,  1.0000,  0.0000,  0.0000,  0.0000,  0.0000]])
tensor([[-0.7587,  1.0000,  1.0000,  0.0000,  0.0000,  0.0000]])
tensor([[-0.7978,  1.0000,  0.0000,  0.0000,  0.0000,  0.0000]])
tensor([[-0.7533,  0.0000,  1.0000,  0.0000,  0.0000,  0.0000]])
tensor([[0.4667, 1.0000, 1.0000, 0.0000, 0.0000, 0.0000]])
tensor([[0.0166, 1.0000, 1.0000, 0.0000, 0.0000, 0.0000]])
tensor([[-0.8202,  1.0000,  0.0000,  0.0000,  0.0000,  0.0000]])
tensor([[0.9718, 1.0000, 1.0000, 0.0000, 0.0000, 0.0000]])
tensor([[-0.7730,  1.0000,  0.0000,  0.0000,  0.0000,  0.0000]])
tensor([[-0.4541,  1.0000,  0.0000,  0.0000,  0.0000,  0.0000]])
tensor([[0.2715, 1.0000, 0.0000, 0.0000, 0.0000, 0.0000]])
tensor([[-0.5936,  1.0000,  0.0000,  0.0000,  0.0000,  0.0000]])
tensor([[-0.9348,  1.0000,  0.0000,  0.0000,  0.0000,  0.0000]])
tensor([[-0.7149,  1.0000,  0.0000,  0.0000,  0.0000,  0.0000]])
tensor([[-0.6932,  1.0000,  0.0000,  0.0000,  0.0000,  0.0000]])
tensor([[0.9656, 1.0000, 0.0000, 0.0000, 0.0000, 0.0000]])
tensor([[0.0838, 0.0000, 0.0000, 0.0000, 0.0000, 0.0000]])
tensor([[-0.9050,  1.0000,  0.0000,  0.0000,  0.0000,  0.0000]])
tensor([[-0.8934,  0.0000,  0.0000,  0.0000,  0.0000,  0.0000]])
tensor([[-0.6097,  1.0000,  0.0000,  0.0000,  0.0000,  0.0000]])
tensor([[-0.1068,  1.0000,  0.0000,  0.0000,  0.0000,  0.0000]])
tensor([[0.1071, 1.0000, 0.0000, 0.0000, 0.0000, 0.0000]])
tensor([[0.0568, 1.0000, 1.0000, 0.0000, 1.0000, 0.0000]])
tensor([[-0.9645,  0.0000,  0.0000,  0.0000,  0.0000,  0.0000]])
tensor([[0.1237, 0.0000, 0.0000, 0.0000, 0.0000, 0.0000]])
tensor([[-0.4109,  1.0000,  0.0000,  0.0000,  0.0000,  0.0000]])
tensor([[0.1574, 1.0000, 0.0000, 0.0000, 0.0000, 0.0000]])
tensor([[-0.3383,  1.0000,  0.0000,  0.0000,  0.0000,  0.0000]])
tensor([[-0.4062,  1.0000,  0.0000,  0.0000,  0.0000,  0.0000]])
tensor([[-0.2910,  1.0000,  0.0000,  0.0000,  0.0000,  0.0000]])
tensor([[0.3811, 1.0000, 0.0000, 0.0000, 0.0000, 0.0000]])
tensor([[-0.3502,  1.0000,  0.0000,  0.0000,  0.0000,  0.0000]])
tensor([[-0.8149,  1.0000,  0.0000,  0.0000,  0.0000,  0.0000]])
tensor([[-0.5657,  1.0000,  1.0000,  0.0000,  0.0000,  0.0000]])
tensor([[-0.7891,  1.0000,  0.0000,  0.0000,  0.0000,  0.0000]])
tensor([[0.4441, 1.0000, 0.0000, 0.0000, 0.0000, 0.0000]])
tensor([[0.7763, 1.0000, 0.0000, 0.0000, 0.0000, 0.0000]])
tensor([[0.2959, 1.0000, 0.0000, 0.0000, 0.0000, 0.0000]])
tensor([[0.1379, 1.0000, 0.0000, 0.0000, 0.0000, 0.0000]])
tensor([[0.8518, 1.0000, 0.0000, 0.0000, 0.0000, 0.0000]])
tensor([[0.6733, 1.0000, 0.0000, 0.0000, 0.0000, 0.0000]])
tensor([[-0.5823,  1.0000,  1.0000,  0.0000,  0.0000,  0.0000]])
tensor([[-0.3657,  1.0000,  1.0000,  0.0000,  0.0000,  0.0000]])
tensor([[-0.0438,  1.0000,  0.0000,  0.0000,  0.0000,  0.0000]])
tensor([[-0.8531,  1.0000,  0.0000,  0.0000,  0.0000,  0.0000]])
tensor([[0.3118, 1.0000, 0.0000, 0.0000, 0.0000, 0.0000]])
tensor([[0.8445, 1.0000, 0.0000, 0.0000, 0.0000, 0.0000]])
tensor([[0.4054, 1.0000, 0.0000, 0.0000, 0.0000, 0.0000]])
tensor([[-0.2595,  1.0000,  1.0000,  0.0000,  0.0000,  0.0000]])
tensor([[0.1595, 1.0000, 0.0000, 0.0000, 0.0000, 0.0000]])
tensor([[0.4418, 1.0000, 0.0000, 0.0000, 0.0000, 0.0000]])
tensor([[0.5749, 1.0000, 0.0000, 0.0000, 0.0000, 0.0000]])
tensor([[0.0265, 1.0000, 0.0000, 0.0000, 0.0000, 0.0000]])
tensor([[0.0734, 1.0000, 0.0000, 0.0000, 0.0000, 0.0000]])
tensor([[0.9079, 1.0000, 0.0000, 1.0000, 0.0000, 0.0000]])
tensor([[-0.5812,  0.0000,  0.0000,  0.0000,  0.0000,  0.0000]])
tensor([[-0.6774,  1.0000,  0.0000,  0.0000,  0.0000,  0.0000]])
tensor([[0.5093, 1.0000, 0.0000, 0.0000, 0.0000, 0.0000]])
tensor([[0.9624, 1.0000, 0.0000, 0.0000, 1.0000, 0.0000]])
tensor([[-0.8458,  1.0000,  0.0000,  0.0000,  0.0000,  0.0000]])
tensor([[-0.8190,  1.0000,  0.0000,  0.0000,  0.0000,  0.0000]])
tensor([[-0.5560,  1.0000,  0.0000,  0.0000,  0.0000,  0.0000]])
tensor([[-0.7068,  1.0000,  1.0000,  0.0000,  0.0000,  0.0000]])
tensor([[-0.5034,  1.0000,  0.0000,  0.0000,  0.0000,  0.0000]])
tensor([[0.1532, 1.0000, 0.0000, 0.0000, 0.0000, 0.0000]])
tensor([[-0.6241,  1.0000,  0.0000,  0.0000,  0.0000,  0.0000]])
tensor([[0.5225, 1.0000, 0.0000, 0.0000, 0.0000, 0.0000]])
tensor([[0.0060, 1.0000, 1.0000, 0.0000, 0.0000, 0.0000]])
tensor([[0.3265, 1.0000, 0.0000, 0.0000, 0.0000, 0.0000]])
tensor([[0.3838, 1.0000, 0.0000, 0.0000, 0.0000, 0.0000]])
tensor([[-0.2358,  1.0000,  0.0000,  0.0000,  0.0000,  0.0000]])
tensor([[-0.9209,  1.0000,  0.0000,  0.0000,  0.0000,  0.0000]])
tensor([[0.2070, 0.0000, 0.0000, 0.0000, 0.0000, 0.0000]])
tensor([[-0.8921,  1.0000,  0.0000,  0.0000,  0.0000,  0.0000]])
tensor([[-0.8616,  1.0000,  0.0000,  0.0000,  0.0000,  0.0000]])
tensor([[-0.1825,  1.0000,  0.0000,  0.0000,  0.0000,  0.0000]])
tensor([[0.1859, 1.0000, 0.0000, 0.0000, 0.0000, 0.0000]])
tensor([[-0.5731,  0.0000,  0.0000,  0.0000,  0.0000,  0.0000]])
tensor([[-0.2794,  1.0000,  0.0000,  0.0000,  0.0000,  0.0000]])
tensor([[0.6868, 1.0000, 0.0000, 0.0000, 0.0000, 0.0000]])
tensor([[-0.2590,  1.0000,  0.0000,  0.0000,  0.0000,  0.0000]])
tensor([[-0.1056,  1.0000,  0.0000,  0.0000,  0.0000,  0.0000]])
tensor([[-0.3090,  1.0000,  0.0000,  0.0000,  0.0000,  0.0000]])
tensor([[-0.3472,  1.0000,  1.0000,  0.0000,  0.0000,  0.0000]])
tensor([[-0.1433,  0.0000,  0.0000,  0.0000,  0.0000,  0.0000]])
tensor([[-0.1606,  0.0000,  0.0000,  0.0000,  0.0000,  0.0000]])
tensor([[-0.8058,  1.0000,  0.0000,  0.0000,  0.0000,  0.0000]])
tensor([[-0.9257,  1.0000,  0.0000,  0.0000,  0.0000,  0.0000]])
tensor([[-0.0078,  0.0000,  0.0000,  0.0000,  0.0000,  0.0000]])
tensor([[0.3222, 1.0000, 0.0000, 0.0000, 0.0000, 0.0000]])
tensor([[-0.8103,  1.0000,  0.0000,  0.0000,  0.0000,  0.0000]])
tensor([[0.4027, 1.0000, 0.0000, 0.0000, 0.0000, 0.0000]])
tensor([[-0.4151,  1.0000,  0.0000,  0.0000,  0.0000,  0.0000]])
tensor([[-0.5818,  1.0000,  0.0000,  0.0000,  0.0000,  0.0000]])
tensor([[-0.8353,  1.0000,  0.0000,  0.0000,  0.0000,  0.0000]])
tensor([[0.2810, 1.0000, 0.0000, 0.0000, 0.0000, 0.0000]])
tensor([[0.5220, 1.0000, 0.0000, 0.0000, 0.0000, 0.0000]])
tensor([[-0.3773,  1.0000,  0.0000,  0.0000,  0.0000,  0.0000]])
tensor([[-0.4941,  1.0000,  0.0000,  0.0000,  0.0000,  0.0000]])
tensor([[-0.3103,  1.0000,  0.0000,  0.0000,  0.0000,  0.0000]])
tensor([[0.5568, 1.0000, 1.0000, 0.0000, 0.0000, 0.0000]])
tensor([[0.1021, 1.0000, 0.0000, 0.0000, 0.0000, 0.0000]])
tensor([[-0.0802,  1.0000,  0.0000,  0.0000,  0.0000,  0.0000]])
tensor([[0.0708, 1.0000, 0.0000, 0.0000, 0.0000, 0.0000]])
tensor([[-0.3691,  1.0000,  0.0000,  0.0000,  0.0000,  0.0000]])
tensor([[0.7197, 1.0000, 1.0000, 0.0000, 0.0000, 0.0000]])
tensor([[0.5811, 1.0000, 0.0000, 0.0000, 0.0000, 0.0000]])
tensor([[0.8039, 1.0000, 0.0000, 0.0000, 0.0000, 0.0000]])
tensor([[-0.9660,  1.0000,  1.0000,  0.0000,  0.0000,  0.0000]])
tensor([[-0.8497,  1.0000,  0.0000,  0.0000,  0.0000,  0.0000]])
tensor([[0.8498, 1.0000, 0.0000, 0.0000, 0.0000, 0.0000]])
tensor([[-0.0915,  1.0000,  0.0000,  0.0000,  0.0000,  0.0000]])
tensor([[-0.3744,  0.0000,  0.0000,  0.0000,  0.0000,  0.0000]])
tensor([[-0.2115,  1.0000,  0.0000,  0.0000,  0.0000,  0.0000]])
tensor([[0.5284, 1.0000, 0.0000, 0.0000, 0.0000, 0.0000]])
tensor([[0.0255, 1.0000, 0.0000, 0.0000, 0.0000, 0.0000]])
tensor([[-0.7390,  1.0000,  0.0000,  0.0000,  0.0000,  0.0000]])
tensor([[-0.3991,  1.0000,  1.0000,  0.0000,  0.0000,  0.0000]])
tensor([[-0.2758,  1.0000,  0.0000,  0.0000,  0.0000,  0.0000]])
tensor([[-0.5394,  1.0000,  0.0000,  0.0000,  0.0000,  0.0000]])
tensor([[-0.9172,  1.0000,  0.0000,  0.0000,  0.0000,  0.0000]])
tensor([[-0.8064,  0.0000,  0.0000,  0.0000,  0.0000,  0.0000]])
tensor([[-0.4483,  1.0000,  1.0000,  0.0000,  0.0000,  0.0000]])
tensor([[-0.4741,  1.0000,  0.0000,  0.0000,  0.0000,  0.0000]])
tensor([[0.2535, 1.0000, 0.0000, 0.0000, 0.0000, 0.0000]])
tensor([[-0.9659,  1.0000,  1.0000,  0.0000,  0.0000,  0.0000]])
tensor([[-0.5242,  1.0000,  0.0000,  0.0000,  0.0000,  0.0000]])
tensor([[-0.3158,  1.0000,  0.0000,  0.0000,  0.0000,  0.0000]])
tensor([[-0.1631,  1.0000,  0.0000,  0.0000,  0.0000,  0.0000]])
tensor([[0.3858, 1.0000, 0.0000, 0.0000, 0.0000, 0.0000]])
tensor([[-0.4629,  1.0000,  0.0000,  0.0000,  0.0000,  0.0000]])
tensor([[-0.7056,  1.0000,  1.0000,  0.0000,  0.0000,  0.0000]])
tensor([[-0.9054,  0.0000,  0.0000,  0.0000,  0.0000,  0.0000]])
tensor([[-0.2547,  1.0000,  0.0000,  0.0000,  0.0000,  0.0000]])
tensor([[0.7298, 1.0000, 0.0000, 0.0000, 0.0000, 0.0000]])
tensor([[-0.6692,  1.0000,  0.0000,  0.0000,  0.0000,  0.0000]])
tensor([[-0.4923,  1.0000,  0.0000,  0.0000,  0.0000,  0.0000]])
tensor([[-0.0607,  1.0000,  0.0000,  0.0000,  0.0000,  0.0000]])
tensor([[-0.4144,  1.0000,  0.0000,  0.0000,  0.0000,  0.0000]])
tensor([[-0.1345,  1.0000,  0.0000,  0.0000,  0.0000,  0.0000]])
tensor([[-0.7432,  1.0000,  0.0000,  0.0000,  0.0000,  0.0000]])
tensor([[0.0900, 1.0000, 0.0000, 0.0000, 0.0000, 0.0000]])
tensor([[-0.0371,  1.0000,  0.0000,  0.0000,  0.0000,  0.0000]])
tensor([[-0.6298,  1.0000,  0.0000,  0.0000,  0.0000,  0.0000]])
tensor([[-0.3235,  1.0000,  0.0000,  0.0000,  0.0000,  0.0000]])
tensor([[-0.3405,  1.0000,  0.0000,  0.0000,  0.0000,  0.0000]])
tensor([[-0.9575,  1.0000,  0.0000,  0.0000,  0.0000,  0.0000]])
tensor([[-0.5117,  1.0000,  0.0000,  0.0000,  0.0000,  0.0000]])
tensor([[0.0136, 1.0000, 0.0000, 0.0000, 0.0000, 0.0000]])
tensor([[-0.9347,  1.0000,  0.0000,  0.0000,  1.0000,  0.0000]])
tensor([[0.0443, 1.0000, 0.0000, 0.0000, 0.0000, 0.0000]])
tensor([[-0.7954,  1.0000,  1.0000,  0.0000,  0.0000,  0.0000]])
tensor([[-0.8745,  1.0000,  0.0000,  0.0000,  0.0000,  0.0000]])
tensor([[0.6021, 1.0000, 0.0000, 0.0000, 0.0000, 0.0000]])
tensor([[-0.4206,  1.0000,  0.0000,  0.0000,  0.0000,  0.0000]])
tensor([[-0.1624,  1.0000,  0.0000,  0.0000,  0.0000,  0.0000]])
tensor([[-0.9157,  1.0000,  1.0000,  0.0000,  0.0000,  0.0000]])
tensor([[-0.9710,  1.0000,  0.0000,  0.0000,  0.0000,  0.0000]])
tensor([[0.4157, 1.0000, 1.0000, 0.0000, 0.0000, 0.0000]])
tensor([[-0.8840,  1.0000,  1.0000,  0.0000,  0.0000,  0.0000]])
tensor([[-0.7251,  1.0000,  0.0000,  0.0000,  0.0000,  0.0000]])
tensor([[-0.8366,  1.0000,  0.0000,  0.0000,  0.0000,  0.0000]])
tensor([[-0.0235,  1.0000,  0.0000,  0.0000,  0.0000,  0.0000]])
tensor([[-0.1419,  1.0000,  0.0000,  0.0000,  0.0000,  0.0000]])
tensor([[-0.5077,  1.0000,  1.0000,  0.0000,  0.0000,  0.0000]])
tensor([[0.2150, 1.0000, 0.0000, 0.0000, 0.0000, 0.0000]])
tensor([[0.0753, 1.0000, 0.0000, 0.0000, 0.0000, 0.0000]])
tensor([[-0.7839,  1.0000,  0.0000,  0.0000,  0.0000,  0.0000]])
tensor([[-0.5091,  1.0000,  1.0000,  0.0000,  0.0000,  0.0000]])
tensor([[-0.3152,  1.0000,  0.0000,  0.0000,  0.0000,  0.0000]])
tensor([[-0.9794,  1.0000,  1.0000,  0.0000,  0.0000,  0.0000]])
tensor([[-0.5657,  1.0000,  0.0000,  0.0000,  0.0000,  0.0000]])
tensor([[-0.7739,  1.0000,  0.0000,  0.0000,  0.0000,  0.0000]])
tensor([[0.5769, 1.0000, 0.0000, 0.0000, 0.0000, 0.0000]])
tensor([[-0.0215,  1.0000,  0.0000,  0.0000,  0.0000,  0.0000]])
tensor([[0.7390, 1.0000, 0.0000, 0.0000, 0.0000, 0.0000]])
tensor([[-0.7947,  1.0000,  0.0000,  0.0000,  0.0000,  0.0000]])
tensor([[0.1365, 1.0000, 0.0000, 0.0000, 0.0000, 0.0000]])
tensor([[0.3915, 1.0000, 0.0000, 0.0000, 0.0000, 0.0000]])
tensor([[-0.8651,  1.0000,  0.0000,  0.0000,  0.0000,  0.0000]])
tensor([[0.7712, 1.0000, 0.0000, 0.0000, 0.0000, 0.0000]])
tensor([[-0.8288,  1.0000,  0.0000,  0.0000,  0.0000,  0.0000]])
tensor([[-0.7616,  1.0000,  0.0000,  0.0000,  0.0000,  0.0000]])
tensor([[0.6291, 1.0000, 1.0000, 0.0000, 0.0000, 0.0000]])
tensor([[0.2834, 1.0000, 0.0000, 0.0000, 0.0000, 0.0000]])
tensor([[0.0720, 1.0000, 0.0000, 0.0000, 0.0000, 0.0000]])
tensor([[0.1898, 1.0000, 0.0000, 0.0000, 0.0000, 0.0000]])
tensor([[-0.7037,  1.0000,  0.0000,  0.0000,  0.0000,  0.0000]])
tensor([[-0.1249,  1.0000,  1.0000,  0.0000,  0.0000,  0.0000]])
tensor([[-0.4652,  1.0000,  0.0000,  0.0000,  0.0000,  0.0000]])
tensor([[-0.5443,  1.0000,  0.0000,  0.0000,  0.0000,  0.0000]])
tensor([[-0.0918,  1.0000,  0.0000,  0.0000,  0.0000,  0.0000]])
tensor([[-0.9446,  1.0000,  1.0000,  0.0000,  0.0000,  0.0000]])
tensor([[0.7624, 1.0000, 0.0000, 0.0000, 0.0000, 0.0000]])
tensor([[-0.7045,  1.0000,  0.0000,  0.0000,  0.0000,  0.0000]])
tensor([[-0.6354,  1.0000,  1.0000,  0.0000,  0.0000,  0.0000]])
tensor([[-0.8435,  1.0000,  0.0000,  0.0000,  0.0000,  0.0000]])
tensor([[0.7583, 1.0000, 0.0000, 0.0000, 0.0000, 0.0000]])
tensor([[-0.7124,  1.0000,  1.0000,  0.0000,  0.0000,  0.0000]])
tensor([[-0.8947,  1.0000,  0.0000,  0.0000,  0.0000,  0.0000]])
tensor([[-0.8469,  1.0000,  0.0000,  0.0000,  0.0000,  0.0000]])
tensor([[0.9801, 1.0000, 0.0000, 0.0000, 0.0000, 0.0000]])
tensor([[-0.4111,  1.0000,  0.0000,  0.0000,  0.0000,  0.0000]])
tensor([[0.8759, 1.0000, 0.0000, 0.0000, 0.0000, 0.0000]])
tensor([[-0.5212,  1.0000,  0.0000,  0.0000,  0.0000,  0.0000]])
tensor([[-0.8675,  1.0000,  0.0000,  0.0000,  0.0000,  0.0000]])
tensor([[0.2097, 1.0000, 0.0000, 0.0000, 0.0000, 0.0000]])
tensor([[-0.4957,  1.0000,  1.0000,  0.0000,  0.0000,  0.0000]])
tensor([[-0.3862,  1.0000,  1.0000,  0.0000,  0.0000,  0.0000]])
tensor([[-0.2291,  1.0000,  0.0000,  0.0000,  0.0000,  0.0000]])
tensor([[-0.4681,  1.0000,  0.0000,  0.0000,  0.0000,  0.0000]])
tensor([[-0.1460,  1.0000,  0.0000,  0.0000,  0.0000,  0.0000]])
tensor([[0.7368, 1.0000, 0.0000, 0.0000, 0.0000, 0.0000]])
tensor([[0.5014, 1.0000, 0.0000, 0.0000, 0.0000, 0.0000]])
tensor([[-0.9110,  1.0000,  0.0000,  0.0000,  0.0000,  0.0000]])
tensor([[-0.7700,  1.0000,  0.0000,  0.0000,  0.0000,  0.0000]])
tensor([[-0.5160,  1.0000,  0.0000,  0.0000,  0.0000,  0.0000]])
tensor([[-0.6627,  1.0000,  0.0000,  0.0000,  0.0000,  0.0000]])
tensor([[-0.6526,  1.0000,  0.0000,  0.0000,  1.0000,  0.0000]])
tensor([[-0.6687,  1.0000,  0.0000,  0.0000,  0.0000,  0.0000]])
tensor([[-0.8397,  1.0000,  0.0000,  0.0000,  0.0000,  0.0000]])
tensor([[-0.3640,  1.0000,  1.0000,  1.0000,  0.0000,  0.0000]])
tensor([[-0.3967,  1.0000,  0.0000,  0.0000,  0.0000,  0.0000]])
tensor([[0.2218, 1.0000, 0.0000, 0.0000, 0.0000, 0.0000]])
tensor([[-0.6486,  1.0000,  0.0000,  0.0000,  0.0000,  0.0000]])
tensor([[-0.2391,  1.0000,  0.0000,  0.0000,  0.0000,  0.0000]])
tensor([[-0.9399,  1.0000,  0.0000,  0.0000,  0.0000,  0.0000]])
tensor([[-0.6702,  1.0000,  0.0000,  0.0000,  0.0000,  0.0000]])
tensor([[-0.9510,  1.0000,  1.0000,  0.0000,  0.0000,  0.0000]])
tensor([[-0.0482,  1.0000,  0.0000,  0.0000,  0.0000,  0.0000]])
tensor([[-0.1108,  1.0000,  1.0000,  0.0000,  0.0000,  0.0000]])
tensor([[0.4660, 1.0000, 1.0000, 0.0000, 0.0000, 0.0000]])
tensor([[0.5163, 1.0000, 0.0000, 0.0000, 0.0000, 0.0000]])
tensor([[-0.9174,  1.0000,  0.0000,  0.0000,  0.0000,  0.0000]])
tensor([[0.1669, 1.0000, 0.0000, 0.0000, 0.0000, 0.0000]])
tensor([[-0.5227,  1.0000,  0.0000,  0.0000,  0.0000,  0.0000]])
tensor([[-0.3224,  1.0000,  0.0000,  0.0000,  0.0000,  0.0000]])
tensor([[-0.5009,  1.0000,  0.0000,  1.0000,  0.0000,  0.0000]])
tensor([[-0.2321,  1.0000,  0.0000,  0.0000,  0.0000,  0.0000]])
tensor([[-0.2395,  0.0000,  0.0000,  0.0000,  0.0000,  0.0000]])
tensor([[0.8814, 1.0000, 0.0000, 0.0000, 0.0000, 0.0000]])
tensor([[-0.0205,  1.0000,  1.0000,  0.0000,  0.0000,  0.0000]])
tensor([[0.2987, 1.0000, 0.0000, 0.0000, 0.0000, 0.0000]])
tensor([[-0.5663,  1.0000,  1.0000,  0.0000,  0.0000,  0.0000]])
tensor([[0.1102, 1.0000, 0.0000, 0.0000, 0.0000, 0.0000]])
tensor([[-0.1654,  1.0000,  0.0000,  0.0000,  0.0000,  0.0000]])
tensor([[-0.7694,  1.0000,  0.0000,  0.0000,  1.0000,  0.0000]])
tensor([[-0.8453,  1.0000,  0.0000,  0.0000,  0.0000,  0.0000]])
tensor([[-0.4767,  1.0000,  0.0000,  0.0000,  0.0000,  0.0000]])
tensor([[-0.1307,  1.0000,  0.0000,  0.0000,  0.0000,  0.0000]])
tensor([[0.3869, 1.0000, 0.0000, 0.0000, 0.0000, 0.0000]])
tensor([[0.6059, 1.0000, 0.0000, 0.0000, 0.0000, 0.0000]])
tensor([[-0.8368,  1.0000,  0.0000,  1.0000,  0.0000,  0.0000]])
tensor([[-0.1775,  1.0000,  0.0000,  0.0000,  0.0000,  0.0000]])
tensor([[-0.7059,  1.0000,  0.0000,  0.0000,  0.0000,  0.0000]])
tensor([[-0.0039,  0.0000,  0.0000,  0.0000,  0.0000,  0.0000]])
tensor([[0.5643, 1.0000, 0.0000, 0.0000, 0.0000, 0.0000]])
tensor([[0.9524, 1.0000, 0.0000, 0.0000, 0.0000, 0.0000]])
tensor([[0.6988, 1.0000, 0.0000, 0.0000, 0.0000, 0.0000]])
tensor([[-0.0412,  1.0000,  0.0000,  0.0000,  0.0000,  0.0000]])
tensor([[-0.9324,  1.0000,  0.0000,  0.0000,  1.0000,  0.0000]])
tensor([[0.4381, 0.0000, 0.0000, 0.0000, 0.0000, 0.0000]])
tensor([[-0.8153,  1.0000,  0.0000,  0.0000,  0.0000,  0.0000]])
tensor([[-0.8238,  1.0000,  1.0000,  0.0000,  0.0000,  0.0000]])
tensor([[-0.3981,  1.0000,  0.0000,  0.0000,  0.0000,  0.0000]])
tensor([[-0.4003,  1.0000,  0.0000,  0.0000,  0.0000,  0.0000]])
tensor([[-0.3106,  1.0000,  0.0000,  0.0000,  0.0000,  0.0000]])
tensor([[-0.4830,  1.0000,  0.0000,  0.0000,  0.0000,  0.0000]])
tensor([[-0.3639,  1.0000,  0.0000,  0.0000,  0.0000,  0.0000]])
tensor([[-0.6075,  1.0000,  0.0000,  0.0000,  0.0000,  0.0000]])
tensor([[-0.0391,  1.0000,  0.0000,  0.0000,  0.0000,  0.0000]])
tensor([[-0.2127,  1.0000,  0.0000,  0.0000,  0.0000,  0.0000]])
tensor([[0.3390, 1.0000, 0.0000, 0.0000, 0.0000, 0.0000]])
tensor([[-0.6364,  1.0000,  1.0000,  0.0000,  0.0000,  0.0000]])
tensor([[-0.6626,  1.0000,  0.0000,  0.0000,  0.0000,  0.0000]])
tensor([[0.6946, 1.0000, 1.0000, 0.0000, 0.0000, 0.0000]])
tensor([[0.2147, 1.0000, 0.0000, 0.0000, 0.0000, 0.0000]])
tensor([[-0.5731,  0.0000,  0.0000,  0.0000,  0.0000,  0.0000]])
tensor([[-0.1156,  1.0000,  0.0000,  0.0000,  0.0000,  0.0000]])
tensor([[0.4411, 1.0000, 1.0000, 0.0000, 0.0000, 0.0000]])
tensor([[-0.8001,  0.0000,  1.0000,  0.0000,  0.0000,  0.0000]])
tensor([[-0.0706,  1.0000,  0.0000,  0.0000,  0.0000,  0.0000]])
tensor([[-0.2927,  1.0000,  1.0000,  0.0000,  0.0000,  0.0000]])
tensor([[-0.0902,  1.0000,  1.0000,  0.0000,  0.0000,  0.0000]])
tensor([[-0.9517,  1.0000,  0.0000,  0.0000,  0.0000,  0.0000]])
tensor([[-0.9401,  1.0000,  1.0000,  0.0000,  0.0000,  0.0000]])
tensor([[-0.6834,  1.0000,  0.0000,  0.0000,  0.0000,  0.0000]])
tensor([[0.4444, 1.0000, 0.0000, 0.0000, 0.0000, 0.0000]])
tensor([[-0.6778,  1.0000,  0.0000,  0.0000,  0.0000,  0.0000]])
tensor([[0.2928, 1.0000, 0.0000, 0.0000, 0.0000, 0.0000]])
tensor([[0.0478, 0.0000, 0.0000, 0.0000, 0.0000, 0.0000]])
tensor([[-0.7414,  1.0000,  1.0000,  0.0000,  0.0000,  0.0000]])
tensor([[-0.4245,  1.0000,  0.0000,  0.0000,  0.0000,  0.0000]])
tensor([[-0.0848,  1.0000,  0.0000,  0.0000,  0.0000,  0.0000]])
tensor([[-0.4827,  1.0000,  1.0000,  0.0000,  0.0000,  0.0000]])
tensor([[-0.7931,  1.0000,  0.0000,  0.0000,  0.0000,  0.0000]])
tensor([[-0.9344,  1.0000,  1.0000,  0.0000,  0.0000,  0.0000]])
tensor([[0.2593, 1.0000, 0.0000, 0.0000, 0.0000, 0.0000]])
tensor([[-0.9025,  1.0000,  0.0000,  0.0000,  0.0000,  0.0000]])
tensor([[-0.4979,  1.0000,  0.0000,  0.0000,  0.0000,  0.0000]])
tensor([[-0.7582,  1.0000,  1.0000,  0.0000,  0.0000,  0.0000]])
tensor([[-0.9129,  1.0000,  1.0000,  0.0000,  0.0000,  0.0000]])
tensor([[-0.9438,  1.0000,  0.0000,  0.0000,  0.0000,  0.0000]])
tensor([[-0.5105,  1.0000,  0.0000,  0.0000,  0.0000,  0.0000]])
tensor([[-0.7103,  0.0000,  0.0000,  0.0000,  0.0000,  0.0000]])
tensor([[-0.8540,  1.0000,  0.0000,  0.0000,  0.0000,  0.0000]])
tensor([[0.2319, 1.0000, 0.0000, 0.0000, 0.0000, 0.0000]])
tensor([[-0.1620,  1.0000,  0.0000,  0.0000,  0.0000,  0.0000]])
tensor([[-0.5294,  1.0000,  0.0000,  0.0000,  0.0000,  0.0000]])
tensor([[-0.9566,  1.0000,  0.0000,  0.0000,  0.0000,  0.0000]])
tensor([[-0.8057,  1.0000,  0.0000,  0.0000,  0.0000,  0.0000]])
tensor([[0.8107, 1.0000, 1.0000, 0.0000, 0.0000, 0.0000]])
tensor([[-0.2160,  1.0000,  0.0000,  0.0000,  0.0000,  0.0000]])
tensor([[-0.0716,  1.0000,  0.0000,  0.0000,  0.0000,  0.0000]])
tensor([[0.8129, 1.0000, 1.0000, 0.0000, 0.0000, 0.0000]])
tensor([[-0.8809,  1.0000,  1.0000,  0.0000,  0.0000,  0.0000]])
tensor([[-0.9604,  1.0000,  0.0000,  0.0000,  0.0000,  0.0000]])
tensor([[0.4037, 0.0000, 0.0000, 0.0000, 0.0000, 0.0000]])
tensor([[-0.9418,  1.0000,  0.0000,  0.0000,  0.0000,  0.0000]])
tensor([[0.1590, 1.0000, 0.0000, 0.0000, 0.0000, 0.0000]])
tensor([[-0.1314,  1.0000,  0.0000,  0.0000,  0.0000,  0.0000]])
tensor([[0.0945, 1.0000, 0.0000, 0.0000, 0.0000, 0.0000]])
tensor([[0.2574, 1.0000, 0.0000, 0.0000, 0.0000, 0.0000]])
tensor([[-0.0273,  1.0000,  1.0000,  0.0000,  0.0000,  0.0000]])
tensor([[-0.9093,  1.0000,  0.0000,  0.0000,  0.0000,  0.0000]])
tensor([[-0.4886,  1.0000,  1.0000,  0.0000,  0.0000,  0.0000]])
tensor([[-0.8591,  1.0000,  1.0000,  0.0000,  0.0000,  0.0000]])
tensor([[0.2541, 1.0000, 1.0000, 0.0000, 0.0000, 0.0000]])
tensor([[0.2277, 1.0000, 0.0000, 0.0000, 0.0000, 0.0000]])
tensor([[-0.2488,  1.0000,  0.0000,  0.0000,  0.0000,  0.0000]])
tensor([[0.1743, 1.0000, 0.0000, 0.0000, 0.0000, 0.0000]])
tensor([[-0.9356,  1.0000,  1.0000,  0.0000,  0.0000,  0.0000]])
tensor([[0.4522, 1.0000, 0.0000, 0.0000, 0.0000, 0.0000]])
tensor([[-0.4905,  1.0000,  0.0000,  0.0000,  0.0000,  0.0000]])
tensor([[-0.0705,  1.0000,  0.0000,  0.0000,  0.0000,  0.0000]])
tensor([[-0.5622,  1.0000,  0.0000,  0.0000,  0.0000,  0.0000]])
tensor([[-0.3609,  1.0000,  1.0000,  0.0000,  0.0000,  0.0000]])
tensor([[-0.6407,  1.0000,  1.0000,  0.0000,  0.0000,  0.0000]])
tensor([[0.1174, 1.0000, 0.0000, 0.0000, 0.0000, 0.0000]])
tensor([[-0.2559,  1.0000,  0.0000,  0.0000,  0.0000,  0.0000]])
tensor([[0.1122, 1.0000, 0.0000, 0.0000, 0.0000, 0.0000]])
tensor([[-0.6945,  1.0000,  1.0000,  0.0000,  0.0000,  0.0000]])
tensor([[0.1173, 1.0000, 0.0000, 0.0000, 0.0000, 0.0000]])
tensor([[-0.8422,  1.0000,  1.0000,  0.0000,  0.0000,  0.0000]])
tensor([[-0.0541,  1.0000,  0.0000,  0.0000,  0.0000,  0.0000]])
tensor([[-0.1192,  1.0000,  0.0000,  0.0000,  0.0000,  0.0000]])
tensor([[-0.8870,  1.0000,  1.0000,  0.0000,  0.0000,  0.0000]])
tensor([[-0.4072,  1.0000,  0.0000,  0.0000,  0.0000,  0.0000]])
tensor([[-0.8073,  1.0000,  0.0000,  0.0000,  0.0000,  0.0000]])
tensor([[0.2364, 1.0000, 0.0000, 0.0000, 0.0000, 0.0000]])
tensor([[-0.8766,  1.0000,  1.0000,  0.0000,  0.0000,  0.0000]])
tensor([[-0.4974,  1.0000,  0.0000,  0.0000,  0.0000,  0.0000]])
tensor([[0.0403, 1.0000, 1.0000, 0.0000, 0.0000, 0.0000]])
tensor([[0.0680, 1.0000, 0.0000, 0.0000, 0.0000, 0.0000]])
tensor([[-0.9290,  1.0000,  0.0000,  0.0000,  0.0000,  0.0000]])
tensor([[0.4044, 1.0000, 1.0000, 0.0000, 0.0000, 0.0000]])
tensor([[-0.0271,  1.0000,  0.0000,  0.0000,  0.0000,  0.0000]])
tensor([[-0.2975,  1.0000,  0.0000,  0.0000,  0.0000,  0.0000]])
tensor([[-0.8162,  1.0000,  0.0000,  0.0000,  0.0000,  0.0000]])
tensor([[0.6588, 1.0000, 0.0000, 0.0000, 0.0000, 0.0000]])
tensor([[-0.1639,  1.0000,  1.0000,  0.0000,  0.0000,  0.0000]])
tensor([[0.3211, 1.0000, 0.0000, 0.0000, 0.0000, 0.0000]])
tensor([[-0.1245,  1.0000,  0.0000,  0.0000,  0.0000,  0.0000]])
tensor([[0.4436, 1.0000, 0.0000, 0.0000, 0.0000, 0.0000]])
tensor([[-0.3160,  1.0000,  0.0000,  0.0000,  0.0000,  0.0000]])
tensor([[-0.5190,  1.0000,  1.0000,  0.0000,  0.0000,  0.0000]])
tensor([[0.0456, 1.0000, 1.0000, 0.0000, 0.0000, 0.0000]])
tensor([[-0.6653,  1.0000,  0.0000,  0.0000,  0.0000,  0.0000]])
tensor([[-0.4830,  1.0000,  0.0000,  0.0000,  0.0000,  0.0000]])
tensor([[-0.9762,  1.0000,  1.0000,  0.0000,  0.0000,  0.0000]])
tensor([[-0.1784,  1.0000,  0.0000,  0.0000,  0.0000,  0.0000]])
tensor([[-0.0067,  1.0000,  0.0000,  0.0000,  0.0000,  0.0000]])
tensor([[-0.8540,  1.0000,  0.0000,  0.0000,  0.0000,  0.0000]])
tensor([[-0.9527,  1.0000,  0.0000,  0.0000,  0.0000,  0.0000]])
tensor([[-0.7341,  1.0000,  0.0000,  0.0000,  0.0000,  0.0000]])
tensor([[-0.6010,  1.0000,  1.0000,  0.0000,  0.0000,  0.0000]])
tensor([[-0.5778,  1.0000,  0.0000,  0.0000,  0.0000,  0.0000]])
tensor([[-0.7578,  1.0000,  0.0000,  0.0000,  0.0000,  0.0000]])
tensor([[-0.4829,  1.0000,  0.0000,  0.0000,  0.0000,  0.0000]])
tensor([[0.0331, 1.0000, 0.0000, 0.0000, 0.0000, 0.0000]])
tensor([[-0.7708,  1.0000,  0.0000,  0.0000,  0.0000,  0.0000]])
tensor([[-0.4207,  1.0000,  1.0000,  0.0000,  0.0000,  0.0000]])
tensor([[0.1455, 0.0000, 0.0000, 0.0000, 0.0000, 0.0000]])
tensor([[0.1906, 1.0000, 0.0000, 0.0000, 0.0000, 0.0000]])
tensor([[-0.7985,  0.0000,  0.0000,  0.0000,  0.0000,  0.0000]])
tensor([[-0.9821,  1.0000,  0.0000,  0.0000,  0.0000,  0.0000]])
tensor([[-0.0792,  1.0000,  0.0000,  0.0000,  0.0000,  0.0000]])
tensor([[-0.6960,  1.0000,  0.0000,  0.0000,  0.0000,  0.0000]])
tensor([[-0.3245,  1.0000,  0.0000,  0.0000,  0.0000,  0.0000]])
tensor([[-0.0986,  1.0000,  0.0000,  0.0000,  0.0000,  0.0000]])
tensor([[-0.4984,  1.0000,  0.0000,  0.0000,  0.0000,  0.0000]])
tensor([[-0.7752,  1.0000,  0.0000,  0.0000,  0.0000,  0.0000]])
tensor([[-0.4389,  1.0000,  0.0000,  1.0000,  0.0000,  0.0000]])
tensor([[-0.0946,  1.0000,  0.0000,  0.0000,  0.0000,  0.0000]])
tensor([[0.4359, 1.0000, 0.0000, 0.0000, 0.0000, 0.0000]])
tensor([[-0.1040,  0.0000,  0.0000,  0.0000,  0.0000,  0.0000]])
tensor([[0.1531, 1.0000, 1.0000, 0.0000, 0.0000, 0.0000]])
tensor([[-0.7127,  1.0000,  0.0000,  0.0000,  0.0000,  0.0000]])
tensor([[-0.8608,  1.0000,  0.0000,  0.0000,  0.0000,  0.0000]])
tensor([[0.6292, 1.0000, 0.0000, 0.0000, 0.0000, 0.0000]])
tensor([[-0.3187,  1.0000,  0.0000,  0.0000,  0.0000,  0.0000]])
tensor([[0.5679, 1.0000, 0.0000, 0.0000, 0.0000, 0.0000]])
tensor([[0.0222, 1.0000, 0.0000, 0.0000, 0.0000, 0.0000]])
tensor([[-0.4513,  1.0000,  0.0000,  0.0000,  0.0000,  0.0000]])
tensor([[0.8012, 0.0000, 0.0000, 0.0000, 0.0000, 0.0000]])
tensor([[0.8731, 1.0000, 0.0000, 0.0000, 0.0000, 0.0000]])
tensor([[0.2313, 1.0000, 0.0000, 0.0000, 0.0000, 0.0000]])
tensor([[-0.8173,  1.0000,  0.0000,  0.0000,  0.0000,  0.0000]])
tensor([[-0.9132,  1.0000,  0.0000,  0.0000,  0.0000,  0.0000]])
tensor([[-0.0897,  1.0000,  0.0000,  0.0000,  0.0000,  0.0000]])
tensor([[0.6153, 1.0000, 0.0000, 0.0000, 0.0000, 0.0000]])
tensor([[-0.8844,  1.0000,  0.0000,  0.0000,  0.0000,  0.0000]])
tensor([[0.9446, 1.0000, 0.0000, 0.0000, 0.0000, 0.0000]])
tensor([[-0.3710,  1.0000,  0.0000,  0.0000,  0.0000,  0.0000]])
tensor([[-0.8490,  1.0000,  0.0000,  0.0000,  0.0000,  0.0000]])
tensor([[0.6251, 1.0000, 0.0000, 0.0000, 0.0000, 0.0000]])
tensor([[0.9212, 1.0000, 0.0000, 0.0000, 0.0000, 0.0000]])
tensor([[0.3827, 1.0000, 0.0000, 0.0000, 0.0000, 0.0000]])
tensor([[-0.7082,  1.0000,  0.0000,  0.0000,  0.0000,  0.0000]])
tensor([[-0.7981,  0.0000,  0.0000,  0.0000,  0.0000,  0.0000]])
tensor([[-0.7964,  1.0000,  1.0000,  0.0000,  0.0000,  0.0000]])
tensor([[-0.0036,  1.0000,  0.0000,  0.0000,  0.0000,  0.0000]])
tensor([[-0.3682,  1.0000,  0.0000,  0.0000,  0.0000,  0.0000]])
tensor([[0.1170, 1.0000, 0.0000, 0.0000, 0.0000, 0.0000]])
tensor([[-0.4104,  1.0000,  0.0000,  0.0000,  0.0000,  0.0000]])
tensor([[0.6391, 1.0000, 1.0000, 0.0000, 0.0000, 0.0000]])
tensor([[-0.2198,  1.0000,  0.0000,  0.0000,  0.0000,  0.0000]])
tensor([[-0.8987,  1.0000,  0.0000,  0.0000,  0.0000,  0.0000]])
tensor([[-0.4278,  1.0000,  0.0000,  0.0000,  0.0000,  0.0000]])
tensor([[-0.6575,  0.0000,  0.0000,  0.0000,  0.0000,  0.0000]])
tensor([[0.1846, 1.0000, 0.0000, 0.0000, 0.0000, 0.0000]])
tensor([[-0.5878,  1.0000,  0.0000,  0.0000,  0.0000,  0.0000]])
tensor([[0.5444, 0.0000, 0.0000, 0.0000, 0.0000, 0.0000]])
tensor([[0.2002, 1.0000, 0.0000, 0.0000, 0.0000, 0.0000]])
tensor([[0.5368, 1.0000, 0.0000, 0.0000, 0.0000, 0.0000]])
tensor([[-0.8876,  1.0000,  0.0000,  0.0000,  0.0000,  0.0000]])
tensor([[0.2408, 1.0000, 0.0000, 0.0000, 0.0000, 0.0000]])
tensor([[-0.9315,  1.0000,  0.0000,  0.0000,  0.0000,  0.0000]])
tensor([[0.7009, 1.0000, 0.0000, 0.0000, 0.0000, 0.0000]])
tensor([[0.6088, 1.0000, 0.0000, 0.0000, 0.0000, 0.0000]])
tensor([[0.5547, 1.0000, 0.0000, 0.0000, 0.0000, 0.0000]])
tensor([[-0.6371,  1.0000,  0.0000,  0.0000,  0.0000,  0.0000]])
tensor([[-0.9328,  1.0000,  0.0000,  0.0000,  0.0000,  0.0000]])
tensor([[-0.5736,  1.0000,  1.0000,  0.0000,  0.0000,  0.0000]])
tensor([[-0.9319,  1.0000,  0.0000,  0.0000,  0.0000,  0.0000]])
tensor([[-0.3465,  1.0000,  0.0000,  0.0000,  0.0000,  0.0000]])
tensor([[0.1538, 1.0000, 0.0000, 1.0000, 0.0000, 0.0000]])
tensor([[0.4439, 1.0000, 0.0000, 0.0000, 0.0000, 0.0000]])
tensor([[-0.6311,  1.0000,  0.0000,  0.0000,  0.0000,  0.0000]])
tensor([[0.4641, 1.0000, 0.0000, 0.0000, 0.0000, 0.0000]])
tensor([[0.0024, 1.0000, 0.0000, 0.0000, 0.0000, 0.0000]])
tensor([[-0.4323,  1.0000,  0.0000,  0.0000,  0.0000,  0.0000]])
tensor([[0.8473, 1.0000, 0.0000, 0.0000, 0.0000, 0.0000]])
tensor([[-0.9582,  1.0000,  1.0000,  0.0000,  0.0000,  0.0000]])
tensor([[0.4903, 1.0000, 0.0000, 0.0000, 0.0000, 0.0000]])
tensor([[-0.8138,  1.0000,  0.0000,  1.0000,  0.0000,  0.0000]])
tensor([[-0.7230,  1.0000,  0.0000,  0.0000,  0.0000,  0.0000]])
tensor([[0.6685, 1.0000, 1.0000, 0.0000, 0.0000, 0.0000]])
tensor([[-0.9618,  1.0000,  0.0000,  0.0000,  0.0000,  0.0000]])
tensor([[-0.1621,  1.0000,  0.0000,  0.0000,  0.0000,  0.0000]])
tensor([[0.1192, 1.0000, 0.0000, 0.0000, 0.0000, 0.0000]])
tensor([[-0.8635,  0.0000,  0.0000,  0.0000,  0.0000,  0.0000]])
tensor([[-0.8904,  1.0000,  0.0000,  0.0000,  0.0000,  0.0000]])
tensor([[-0.0921,  1.0000,  1.0000,  0.0000,  0.0000,  0.0000]])
tensor([[0.3804, 1.0000, 0.0000, 0.0000, 0.0000, 0.0000]])
tensor([[0.1039, 1.0000, 0.0000, 0.0000, 0.0000, 0.0000]])
tensor([[-0.4092,  1.0000,  0.0000,  0.0000,  0.0000,  0.0000]])
tensor([[-0.0348,  1.0000,  0.0000,  0.0000,  0.0000,  0.0000]])
tensor([[-0.6431,  1.0000,  0.0000,  0.0000,  0.0000,  0.0000]])
tensor([[0.4565, 1.0000, 0.0000, 0.0000, 0.0000, 0.0000]])
tensor([[-0.4309,  1.0000,  0.0000,  0.0000,  0.0000,  0.0000]])
tensor([[0.0733, 1.0000, 1.0000, 0.0000, 0.0000, 0.0000]])
tensor([[0.8787, 1.0000, 0.0000, 0.0000, 0.0000, 0.0000]])
tensor([[-0.1357,  1.0000,  0.0000,  0.0000,  1.0000,  0.0000]])
tensor([[-0.8052,  1.0000,  0.0000,  0.0000,  0.0000,  0.0000]])
tensor([[0.8439, 1.0000, 0.0000, 0.0000, 0.0000, 0.0000]])
tensor([[-0.7253,  1.0000,  1.0000,  0.0000,  0.0000,  0.0000]])
tensor([[-0.3422,  1.0000,  0.0000,  0.0000,  0.0000,  0.0000]])
tensor([[0.1095, 1.0000, 0.0000, 0.0000, 0.0000, 0.0000]])
tensor([[-0.7684,  1.0000,  1.0000,  1.0000,  0.0000,  0.0000]])
tensor([[0.0639, 1.0000, 0.0000, 0.0000, 0.0000, 0.0000]])
tensor([[0.4666, 1.0000, 1.0000, 0.0000, 0.0000, 0.0000]])
tensor([[-0.3635,  1.0000,  0.0000,  0.0000,  0.0000,  0.0000]])
tensor([[-0.0429,  1.0000,  0.0000,  0.0000,  0.0000,  0.0000]])
tensor([[-0.8845,  0.0000,  1.0000,  0.0000,  0.0000,  0.0000]])
tensor([[-0.5577,  1.0000,  1.0000,  0.0000,  0.0000,  0.0000]])
tensor([[-0.5267,  1.0000,  0.0000,  0.0000,  0.0000,  0.0000]])
tensor([[-0.5918,  1.0000,  0.0000,  0.0000,  0.0000,  0.0000]])
tensor([[-0.3649,  1.0000,  0.0000,  0.0000,  0.0000,  0.0000]])
tensor([[0.1180, 1.0000, 1.0000, 0.0000, 0.0000, 0.0000]])
tensor([[-0.7182,  1.0000,  1.0000,  0.0000,  0.0000,  0.0000]])
tensor([[-0.0268,  1.0000,  0.0000,  0.0000,  0.0000,  0.0000]])
tensor([[-0.8916,  0.0000,  0.0000,  0.0000,  0.0000,  0.0000]])
tensor([[-0.1145,  1.0000,  0.0000,  0.0000,  0.0000,  0.0000]])
tensor([[-0.6821,  1.0000,  0.0000,  0.0000,  0.0000,  0.0000]])
tensor([[-0.7656,  1.0000,  0.0000,  0.0000,  0.0000,  0.0000]])
tensor([[-0.8746,  0.0000,  0.0000,  0.0000,  0.0000,  0.0000]])
tensor([[-0.9031,  1.0000,  0.0000,  0.0000,  0.0000,  0.0000]])
tensor([[-0.5620,  1.0000,  0.0000,  0.0000,  0.0000,  0.0000]])
tensor([[0.0472, 0.0000, 0.0000, 0.0000, 0.0000, 0.0000]])
tensor([[-0.0191,  1.0000,  0.0000,  0.0000,  0.0000,  0.0000]])
tensor([[-0.3058,  1.0000,  0.0000,  0.0000,  0.0000,  0.0000]])
tensor([[0.4645, 1.0000, 0.0000, 0.0000, 0.0000, 0.0000]])
tensor([[-0.5116,  1.0000,  0.0000,  0.0000,  0.0000,  0.0000]])
tensor([[0.0909, 1.0000, 0.0000, 0.0000, 0.0000, 0.0000]])
tensor([[-0.8049,  1.0000,  0.0000,  0.0000,  0.0000,  0.0000]])
tensor([[0.0521, 1.0000, 0.0000, 0.0000, 0.0000, 0.0000]])
tensor([[-0.6594,  1.0000,  0.0000,  0.0000,  1.0000,  0.0000]])
tensor([[-0.9263,  1.0000,  1.0000,  0.0000,  0.0000,  0.0000]])
tensor([[-0.3961,  1.0000,  0.0000,  0.0000,  0.0000,  0.0000]])
tensor([[-0.8305,  1.0000,  0.0000,  0.0000,  0.0000,  0.0000]])
tensor([[-0.0433,  1.0000,  0.0000,  0.0000,  0.0000,  0.0000]])
tensor([[0.1803, 1.0000, 0.0000, 1.0000, 0.0000, 0.0000]])
tensor([[-0.3817,  1.0000,  0.0000,  0.0000,  0.0000,  0.0000]])
tensor([[-0.9029,  1.0000,  0.0000,  0.0000,  0.0000,  0.0000]])
tensor([[-0.0886,  1.0000,  0.0000,  0.0000,  0.0000,  0.0000]])
tensor([[-0.9058,  1.0000,  0.0000,  0.0000,  0.0000,  0.0000]])
tensor([[-0.7982,  1.0000,  0.0000,  0.0000,  0.0000,  0.0000]])
tensor([[-0.0052,  1.0000,  0.0000,  0.0000,  0.0000,  0.0000]])
tensor([[-0.6752,  1.0000,  0.0000,  0.0000,  0.0000,  0.0000]])
tensor([[-0.4562,  1.0000,  0.0000,  0.0000,  0.0000,  0.0000]])
tensor([[-0.1714,  1.0000,  0.0000,  0.0000,  0.0000,  0.0000]])
tensor([[-0.6812,  1.0000,  0.0000,  0.0000,  0.0000,  0.0000]])
tensor([[-0.7209,  1.0000,  0.0000,  0.0000,  0.0000,  0.0000]])
tensor([[0.2416, 1.0000, 0.0000, 0.0000, 0.0000, 0.0000]])
tensor([[-0.5312,  1.0000,  0.0000,  0.0000,  0.0000,  0.0000]])
tensor([[0.1463, 1.0000, 0.0000, 0.0000, 0.0000, 0.0000]])
tensor([[0.0479, 1.0000, 0.0000, 0.0000, 0.0000, 0.0000]])
tensor([[-0.6206,  1.0000,  1.0000,  0.0000,  0.0000,  0.0000]])
tensor([[-0.4515,  1.0000,  1.0000,  0.0000,  0.0000,  0.0000]])
tensor([[-0.7378,  1.0000,  0.0000,  0.0000,  0.0000,  0.0000]])
tensor([[0.9950, 1.0000, 1.0000, 0.0000, 0.0000, 0.0000]])
tensor([[0.7423, 1.0000, 0.0000, 0.0000, 0.0000, 0.0000]])
tensor([[0.7835, 1.0000, 0.0000, 0.0000, 0.0000, 0.0000]])
tensor([[-0.2345,  1.0000,  0.0000,  0.0000,  0.0000,  0.0000]])
tensor([[-0.1517,  1.0000,  0.0000,  0.0000,  0.0000,  0.0000]])
tensor([[0.4335, 1.0000, 0.0000, 0.0000, 0.0000, 0.0000]])
tensor([[-0.4383,  1.0000,  0.0000,  0.0000,  0.0000,  0.0000]])
tensor([[-0.4760,  1.0000,  0.0000,  0.0000,  0.0000,  0.0000]])
tensor([[-0.5762,  1.0000,  0.0000,  0.0000,  0.0000,  0.0000]])
tensor([[-0.2742,  0.0000,  1.0000,  0.0000,  0.0000,  0.0000]])
tensor([[-0.8073,  1.0000,  0.0000,  0.0000,  0.0000,  0.0000]])
tensor([[-0.9742,  1.0000,  0.0000,  0.0000,  0.0000,  0.0000]])
tensor([[0.4490, 1.0000, 0.0000, 0.0000, 0.0000, 0.0000]])
tensor([[-0.8304,  1.0000,  0.0000,  0.0000,  0.0000,  0.0000]])
tensor([[-0.1723,  1.0000,  0.0000,  0.0000,  0.0000,  0.0000]])
tensor([[0.3913, 1.0000, 0.0000, 0.0000, 0.0000, 0.0000]])
tensor([[0.8532, 1.0000, 0.0000, 0.0000, 0.0000, 0.0000]])
tensor([[0.8991, 0.0000, 1.0000, 0.0000, 0.0000, 0.0000]])
tensor([[0.1729, 1.0000, 0.0000, 0.0000, 0.0000, 0.0000]])
tensor([[0.7008, 1.0000, 0.0000, 0.0000, 0.0000, 0.0000]])
tensor([[-0.9537,  1.0000,  0.0000,  0.0000,  0.0000,  0.0000]])
tensor([[-0.7943,  1.0000,  0.0000,  0.0000,  0.0000,  0.0000]])
tensor([[0.5389, 1.0000, 0.0000, 0.0000, 0.0000, 0.0000]])
tensor([[-0.7384,  1.0000,  0.0000,  0.0000,  0.0000,  0.0000]])
tensor([[-0.1873,  1.0000,  0.0000,  0.0000,  0.0000,  0.0000]])
tensor([[0.1017, 1.0000, 0.0000, 0.0000, 0.0000, 0.0000]])
tensor([[-0.7082,  1.0000,  0.0000,  0.0000,  0.0000,  0.0000]])
tensor([[0.3021, 1.0000, 0.0000, 0.0000, 0.0000, 0.0000]])
tensor([[-0.0630,  1.0000,  0.0000,  0.0000,  0.0000,  0.0000]])
tensor([[-0.6130,  1.0000,  0.0000,  0.0000,  0.0000,  0.0000]])
tensor([[-0.5969,  1.0000,  1.0000,  0.0000,  0.0000,  0.0000]])
tensor([[-0.5328,  1.0000,  1.0000,  0.0000,  0.0000,  0.0000]])
tensor([[-0.4709,  1.0000,  0.0000,  0.0000,  0.0000,  0.0000]])
tensor([[-0.8621,  1.0000,  0.0000,  0.0000,  0.0000,  0.0000]])
tensor([[0.3056, 1.0000, 0.0000, 0.0000, 1.0000, 0.0000]])
tensor([[-0.4974,  1.0000,  0.0000,  0.0000,  0.0000,  0.0000]])
tensor([[-0.8013,  0.0000,  0.0000,  0.0000,  0.0000,  0.0000]])
tensor([[-0.6279,  1.0000,  0.0000,  0.0000,  0.0000,  0.0000]])
tensor([[-0.1867,  1.0000,  0.0000,  0.0000,  0.0000,  0.0000]])
tensor([[-0.6401,  1.0000,  0.0000,  0.0000,  0.0000,  0.0000]])
tensor([[0.5361, 1.0000, 0.0000, 0.0000, 0.0000, 0.0000]])
tensor([[0.0748, 1.0000, 0.0000, 0.0000, 0.0000, 0.0000]])
tensor([[-0.8825,  1.0000,  0.0000,  0.0000,  0.0000,  0.0000]])
tensor([[-0.5317,  1.0000,  0.0000,  0.0000,  0.0000,  0.0000]])
tensor([[-0.5999,  1.0000,  0.0000,  0.0000,  0.0000,  0.0000]])
tensor([[-0.1069,  1.0000,  0.0000,  0.0000,  0.0000,  0.0000]])
tensor([[0.7050, 0.0000, 1.0000, 0.0000, 0.0000, 0.0000]])
tensor([[0.0140, 1.0000, 1.0000, 0.0000, 0.0000, 0.0000]])
tensor([[0.6857, 1.0000, 0.0000, 0.0000, 0.0000, 0.0000]])
tensor([[0.4887, 1.0000, 0.0000, 0.0000, 0.0000, 0.0000]])
tensor([[0.3005, 1.0000, 1.0000, 0.0000, 0.0000, 0.0000]])
tensor([[0.5322, 1.0000, 0.0000, 0.0000, 0.0000, 0.0000]])
tensor([[-0.3312,  1.0000,  0.0000,  0.0000,  0.0000,  0.0000]])
tensor([[0.8551, 1.0000, 0.0000, 0.0000, 0.0000, 0.0000]])
tensor([[-0.3633,  1.0000,  1.0000,  0.0000,  0.0000,  0.0000]])
tensor([[-0.6766,  1.0000,  1.0000,  0.0000,  0.0000,  0.0000]])
tensor([[-0.0188,  0.0000,  0.0000,  0.0000,  0.0000,  0.0000]])
tensor([[-0.0534,  1.0000,  0.0000,  0.0000,  0.0000,  0.0000]])
tensor([[0.2563, 1.0000, 0.0000, 0.0000, 0.0000, 0.0000]])
tensor([[-0.8961,  1.0000,  1.0000,  0.0000,  0.0000,  0.0000]])
tensor([[-0.4780,  1.0000,  0.0000,  0.0000,  0.0000,  0.0000]])
tensor([[-0.2887,  1.0000,  1.0000,  0.0000,  0.0000,  0.0000]])
tensor([[-0.4070,  1.0000,  0.0000,  0.0000,  0.0000,  0.0000]])
tensor([[-0.1292,  1.0000,  0.0000,  1.0000,  0.0000,  0.0000]])
tensor([[0.8449, 1.0000, 0.0000, 0.0000, 0.0000, 0.0000]])
tensor([[-0.9013,  1.0000,  0.0000,  0.0000,  0.0000,  0.0000]])
tensor([[-0.7009,  1.0000,  1.0000,  0.0000,  0.0000,  0.0000]])
tensor([[-0.6258,  1.0000,  1.0000,  0.0000,  0.0000,  0.0000]])
tensor([[0.1757, 1.0000, 0.0000, 0.0000, 0.0000, 0.0000]])
tensor([[0.1182, 1.0000, 0.0000, 0.0000, 0.0000, 0.0000]])
tensor([[-0.5884,  1.0000,  1.0000,  0.0000,  0.0000,  0.0000]])
tensor([[0.9171, 1.0000, 1.0000, 0.0000, 0.0000, 0.0000]])
tensor([[0.0059, 1.0000, 0.0000, 0.0000, 1.0000, 0.0000]])
tensor([[-0.5575,  1.0000,  1.0000,  0.0000,  0.0000,  0.0000]])
tensor([[0.7114, 1.0000, 0.0000, 0.0000, 0.0000, 0.0000]])
tensor([[-0.9551,  1.0000,  0.0000,  0.0000,  0.0000,  0.0000]])
tensor([[0.4969, 1.0000, 0.0000, 0.0000, 0.0000, 0.0000]])
tensor([[0.7476, 1.0000, 0.0000, 0.0000, 0.0000, 0.0000]])
tensor([[-0.4728,  1.0000,  1.0000,  0.0000,  0.0000,  0.0000]])
tensor([[0.6343, 1.0000, 0.0000, 0.0000, 0.0000, 0.0000]])
tensor([[-0.8985,  1.0000,  1.0000,  0.0000,  0.0000,  0.0000]])
tensor([[-0.9790,  1.0000,  1.0000,  0.0000,  0.0000,  0.0000]])
tensor([[-0.5776,  1.0000,  1.0000,  0.0000,  0.0000,  0.0000]])
tensor([[-0.5310,  1.0000,  0.0000,  0.0000,  0.0000,  0.0000]])
tensor([[-0.4122,  1.0000,  0.0000,  0.0000,  0.0000,  0.0000]])
tensor([[-0.3312,  1.0000,  0.0000,  0.0000,  0.0000,  0.0000]])
tensor([[0.9031, 1.0000, 0.0000, 0.0000, 0.0000, 0.0000]])
tensor([[-0.5032,  1.0000,  1.0000,  0.0000,  0.0000,  0.0000]])
tensor([[-0.6765,  1.0000,  0.0000,  0.0000,  0.0000,  0.0000]])
tensor([[-0.3136,  1.0000,  0.0000,  0.0000,  0.0000,  0.0000]])
tensor([[-0.5242,  1.0000,  0.0000,  0.0000,  0.0000,  0.0000]])
tensor([[-0.8690,  1.0000,  0.0000,  0.0000,  0.0000,  0.0000]])
tensor([[-0.5214,  1.0000,  0.0000,  0.0000,  0.0000,  0.0000]])
tensor([[-0.7628,  1.0000,  0.0000,  0.0000,  0.0000,  0.0000]])
tensor([[-0.2244,  1.0000,  1.0000,  0.0000,  0.0000,  0.0000]])
tensor([[-0.8282,  1.0000,  0.0000,  0.0000,  0.0000,  0.0000]])
tensor([[-0.2732,  1.0000,  0.0000,  0.0000,  0.0000,  0.0000]])
tensor([[-0.1578,  1.0000,  0.0000,  0.0000,  0.0000,  0.0000]])
tensor([[-0.5965,  1.0000,  1.0000,  0.0000,  0.0000,  0.0000]])
tensor([[-0.1622,  1.0000,  0.0000,  0.0000,  0.0000,  0.0000]])
tensor([[-0.4983,  1.0000,  0.0000,  0.0000,  0.0000,  0.0000]])
tensor([[-0.2786,  1.0000,  0.0000,  0.0000,  0.0000,  0.0000]])
tensor([[-0.5105,  1.0000,  0.0000,  0.0000,  0.0000,  0.0000]])
tensor([[-0.7066,  1.0000,  0.0000,  0.0000,  0.0000,  0.0000]])
tensor([[-0.4214,  1.0000,  0.0000,  0.0000,  0.0000,  0.0000]])
tensor([[-0.1099,  1.0000,  0.0000,  0.0000,  0.0000,  0.0000]])
tensor([[0.2494, 1.0000, 0.0000, 0.0000, 0.0000, 0.0000]])
tensor([[-0.5485,  1.0000,  1.0000,  0.0000,  0.0000,  0.0000]])
tensor([[-0.6131,  1.0000,  0.0000,  0.0000,  0.0000,  0.0000]])
tensor([[-0.1062,  1.0000,  1.0000,  0.0000,  0.0000,  0.0000]])
tensor([[0.0741, 1.0000, 1.0000, 0.0000, 0.0000, 0.0000]])
tensor([[-0.8400,  1.0000,  0.0000,  0.0000,  0.0000,  0.0000]])
tensor([[-0.6699,  1.0000,  0.0000,  0.0000,  0.0000,  0.0000]])
tensor([[-0.9089,  1.0000,  0.0000,  0.0000,  0.0000,  0.0000]])
tensor([[-0.7516,  1.0000,  0.0000,  0.0000,  0.0000,  0.0000]])
tensor([[-0.8354,  1.0000,  0.0000,  0.0000,  0.0000,  0.0000]])
tensor([[-0.3294,  1.0000,  0.0000,  0.0000,  0.0000,  0.0000]])
tensor([[-0.6662,  1.0000,  1.0000,  0.0000,  0.0000,  0.0000]])
tensor([[0.1850, 1.0000, 1.0000, 0.0000, 0.0000, 0.0000]])
tensor([[-0.8691,  1.0000,  1.0000,  0.0000,  0.0000,  0.0000]])
tensor([[0.0872, 1.0000, 0.0000, 0.0000, 0.0000, 0.0000]])
tensor([[-0.6749,  1.0000,  0.0000,  0.0000,  0.0000,  0.0000]])
tensor([[-0.7081,  1.0000,  0.0000,  0.0000,  0.0000,  0.0000]])
tensor([[0.2855, 1.0000, 0.0000, 0.0000, 0.0000, 0.0000]])
tensor([[-0.3169,  1.0000,  0.0000,  0.0000,  1.0000,  0.0000]])
tensor([[-0.9676,  1.0000,  0.0000,  0.0000,  0.0000,  0.0000]])
tensor([[-0.0193,  1.0000,  0.0000,  0.0000,  0.0000,  0.0000]])
tensor([[-0.4787,  1.0000,  1.0000,  0.0000,  0.0000,  0.0000]])
tensor([[0.3981, 1.0000, 1.0000, 0.0000, 0.0000, 0.0000]])
tensor([[0.5104, 1.0000, 1.0000, 0.0000, 0.0000, 0.0000]])
tensor([[-0.8397,  1.0000,  0.0000,  0.0000,  0.0000,  0.0000]])
tensor([[-0.9309,  1.0000,  1.0000,  0.0000,  0.0000,  0.0000]])
tensor([[-0.2227,  1.0000,  1.0000,  0.0000,  0.0000,  0.0000]])
tensor([[0.6216, 1.0000, 1.0000, 0.0000, 0.0000, 0.0000]])
tensor([[-0.8869,  1.0000,  0.0000,  0.0000,  0.0000,  0.0000]])
tensor([[-0.4763,  1.0000,  1.0000,  0.0000,  0.0000,  0.0000]])
tensor([[-0.4206,  1.0000,  0.0000,  0.0000,  0.0000,  0.0000]])
tensor([[-0.9693,  1.0000,  1.0000,  0.0000,  0.0000,  0.0000]])
tensor([[-0.8826,  1.0000,  1.0000,  0.0000,  0.0000,  0.0000]])
tensor([[0.1296, 1.0000, 0.0000, 0.0000, 0.0000, 0.0000]])
tensor([[-0.7822,  1.0000,  0.0000,  0.0000,  0.0000,  0.0000]])
tensor([[0.0585, 1.0000, 1.0000, 0.0000, 0.0000, 0.0000]])
tensor([[-0.4242,  1.0000,  0.0000,  0.0000,  0.0000,  0.0000]])
tensor([[-0.5245,  1.0000,  1.0000,  0.0000,  0.0000,  0.0000]])
tensor([[-0.8936,  1.0000,  0.0000,  0.0000,  0.0000,  0.0000]])
tensor([[-0.0546,  1.0000,  0.0000,  0.0000,  0.0000,  0.0000]])
tensor([[-0.5631,  1.0000,  0.0000,  0.0000,  0.0000,  0.0000]])
tensor([[-0.3104,  1.0000,  0.0000,  0.0000,  0.0000,  0.0000]])
tensor([[-0.1811,  1.0000,  0.0000,  0.0000,  0.0000,  0.0000]])
tensor([[-0.7703,  1.0000,  0.0000,  0.0000,  0.0000,  0.0000]])
tensor([[0.5442, 1.0000, 1.0000, 0.0000, 0.0000, 0.0000]])
tensor([[-0.5774,  1.0000,  0.0000,  0.0000,  0.0000,  0.0000]])
tensor([[-0.4496,  1.0000,  1.0000,  0.0000,  0.0000,  0.0000]])
tensor([[0.6868, 1.0000, 0.0000, 0.0000, 0.0000, 0.0000]])
tensor([[-0.9682,  1.0000,  1.0000,  0.0000,  0.0000,  0.0000]])
tensor([[-0.2594,  1.0000,  0.0000,  0.0000,  0.0000,  0.0000]])
tensor([[-0.9675,  1.0000,  0.0000,  0.0000,  0.0000,  0.0000]])
tensor([[-0.4079,  1.0000,  0.0000,  0.0000,  0.0000,  0.0000]])
tensor([[0.5568, 1.0000, 0.0000, 0.0000, 0.0000, 0.0000]])
tensor([[-0.9092,  1.0000,  0.0000,  0.0000,  0.0000,  0.0000]])
tensor([[0.0461, 1.0000, 0.0000, 0.0000, 0.0000, 0.0000]])
tensor([[0.0175, 1.0000, 0.0000, 0.0000, 0.0000, 0.0000]])
tensor([[0.3284, 1.0000, 1.0000, 1.0000, 0.0000, 0.0000]])
tensor([[-0.6231,  1.0000,  1.0000,  0.0000,  0.0000,  0.0000]])
tensor([[-0.6763,  1.0000,  1.0000,  0.0000,  0.0000,  0.0000]])
tensor([[-0.7389,  1.0000,  0.0000,  0.0000,  0.0000,  0.0000]])
tensor([[0.2113, 1.0000, 1.0000, 0.0000, 0.0000, 0.0000]])
tensor([[-0.7488,  1.0000,  0.0000,  0.0000,  0.0000,  0.0000]])
tensor([[-0.0999,  1.0000,  0.0000,  0.0000,  0.0000,  0.0000]])
tensor([[-0.8740,  1.0000,  0.0000,  0.0000,  0.0000,  0.0000]])
tensor([[-0.8865,  1.0000,  0.0000,  0.0000,  0.0000,  0.0000]])
tensor([[0.0806, 1.0000, 0.0000, 0.0000, 0.0000, 0.0000]])
tensor([[-0.5198,  1.0000,  0.0000,  0.0000,  0.0000,  0.0000]])
tensor([[-0.2944,  1.0000,  0.0000,  0.0000,  0.0000,  0.0000]])
tensor([[-0.9065,  1.0000,  0.0000,  0.0000,  0.0000,  0.0000]])
tensor([[-0.4575,  1.0000,  0.0000,  0.0000,  0.0000,  0.0000]])
tensor([[0.2101, 1.0000, 1.0000, 0.0000, 0.0000, 0.0000]])
tensor([[-0.2100,  1.0000,  0.0000,  0.0000,  0.0000,  0.0000]])
tensor([[-0.2620,  1.0000,  1.0000,  0.0000,  0.0000,  0.0000]])
tensor([[-0.3503,  1.0000,  0.0000,  0.0000,  0.0000,  0.0000]])
tensor([[-0.7541,  1.0000,  0.0000,  0.0000,  0.0000,  0.0000]])
tensor([[-0.1295,  1.0000,  0.0000,  0.0000,  0.0000,  0.0000]])
tensor([[0.1032, 1.0000, 0.0000, 0.0000, 0.0000, 0.0000]])
tensor([[-0.3263,  1.0000,  1.0000,  0.0000,  0.0000,  0.0000]])
tensor([[-0.1118,  1.0000,  1.0000,  0.0000,  0.0000,  0.0000]])
tensor([[-0.5509,  1.0000,  0.0000,  0.0000,  0.0000,  0.0000]])
tensor([[0.2929, 1.0000, 0.0000, 0.0000, 0.0000, 0.0000]])
tensor([[0.0507, 1.0000, 0.0000, 0.0000, 0.0000, 0.0000]])
tensor([[0.5798, 1.0000, 0.0000, 0.0000, 1.0000, 0.0000]])
tensor([[0.2013, 1.0000, 1.0000, 0.0000, 0.0000, 0.0000]])
tensor([[-0.8187,  1.0000,  1.0000,  0.0000,  0.0000,  0.0000]])
tensor([[-0.4564,  1.0000,  0.0000,  0.0000,  0.0000,  0.0000]])
tensor([[-0.6397,  1.0000,  0.0000,  0.0000,  0.0000,  0.0000]])
tensor([[-0.3984,  1.0000,  0.0000,  0.0000,  0.0000,  0.0000]])
tensor([[0.2898, 1.0000, 0.0000, 0.0000, 0.0000, 0.0000]])
tensor([[-0.9147,  1.0000,  0.0000,  0.0000,  0.0000,  0.0000]])
tensor([[-0.9493,  1.0000,  1.0000,  0.0000,  0.0000,  0.0000]])
tensor([[-0.4331,  1.0000,  0.0000,  0.0000,  0.0000,  0.0000]])
tensor([[-0.6555,  1.0000,  1.0000,  0.0000,  0.0000,  0.0000]])INFO:root:Agent 0 (TQCars): avg action time = 0.0010s

tensor([[-0.7892,  1.0000,  0.0000,  0.0000,  0.0000,  0.0000]])
tensor([[-0.1581,  1.0000,  0.0000,  0.0000,  0.0000,  0.0000]])
tensor([[0.2484, 1.0000, 0.0000, 0.0000, 0.0000, 0.0000]])
tensor([[-0.5489,  1.0000,  1.0000,  0.0000,  0.0000,  0.0000]])
tensor([[0.7070, 1.0000, 0.0000, 1.0000, 0.0000, 0.0000]])
tensor([[-0.8618,  1.0000,  0.0000,  0.0000,  0.0000,  0.0000]])
tensor([[-0.0925,  1.0000,  0.0000,  1.0000,  0.0000,  0.0000]])
tensor([[0.0480, 1.0000, 1.0000, 1.0000, 0.0000, 0.0000]])
tensor([[-0.4378,  1.0000,  0.0000,  0.0000,  0.0000,  0.0000]])
tensor([[-0.2435,  1.0000,  0.0000,  0.0000,  0.0000,  0.0000]])
tensor([[-0.2211,  1.0000,  0.0000,  0.0000,  0.0000,  0.0000]])
tensor([[-0.8344,  1.0000,  0.0000,  0.0000,  0.0000,  0.0000]])
tensor([[-0.5315,  1.0000,  0.0000,  0.0000,  0.0000,  0.0000]])
tensor([[0.8499, 0.0000, 1.0000, 0.0000, 0.0000, 0.0000]])
tensor([[-0.8342,  1.0000,  0.0000,  0.0000,  0.0000,  0.0000]])
tensor([[0.1578, 1.0000, 0.0000, 0.0000, 0.0000, 0.0000]])
tensor([[-0.6381,  1.0000,  1.0000,  0.0000,  0.0000,  0.0000]])
tensor([[-0.5342,  1.0000,  0.0000,  0.0000,  0.0000,  0.0000]])
tensor([[-0.4514,  1.0000,  0.0000,  1.0000,  0.0000,  0.0000]])
tensor([[-0.8179,  1.0000,  0.0000,  0.0000,  0.0000,  0.0000]])
tensor([[-0.4849,  1.0000,  1.0000,  0.0000,  0.0000,  0.0000]])
tensor([[0.3542, 1.0000, 0.0000, 0.0000, 1.0000, 0.0000]])
tensor([[-0.3825,  1.0000,  0.0000,  0.0000,  0.0000,  0.0000]])
tensor([[-0.5056,  1.0000,  1.0000,  0.0000,  0.0000,  0.0000]])
tensor([[0.2516, 1.0000, 0.0000, 0.0000, 0.0000, 0.0000]])
tensor([[-0.4240,  1.0000,  1.0000,  0.0000,  0.0000,  0.0000]])
tensor([[0.6350, 1.0000, 1.0000, 0.0000, 0.0000, 0.0000]])
tensor([[0.8077, 0.0000, 0.0000, 0.0000, 0.0000, 0.0000]])
tensor([[0.1302, 0.0000, 1.0000, 0.0000, 0.0000, 0.0000]])
tensor([[-0.1012,  0.0000,  1.0000,  0.0000,  0.0000,  0.0000]])
tensor([[0.1412, 1.0000, 1.0000, 0.0000, 0.0000, 0.0000]])
tensor([[-0.8303,  1.0000,  0.0000,  0.0000,  0.0000,  0.0000]])
tensor([[-0.5515,  1.0000,  0.0000,  0.0000,  0.0000,  0.0000]])
tensor([[0.2925, 1.0000, 0.0000, 0.0000, 0.0000, 0.0000]])
tensor([[-0.7312,  1.0000,  0.0000,  0.0000,  0.0000,  0.0000]])
tensor([[-0.5721,  1.0000,  0.0000,  0.0000,  0.0000,  0.0000]])
tensor([[-0.1400,  0.0000,  1.0000,  0.0000,  0.0000,  0.0000]])
tensor([[-0.2223,  1.0000,  1.0000,  0.0000,  0.0000,  0.0000]])
tensor([[-0.8565,  1.0000,  0.0000,  0.0000,  0.0000,  0.0000]])
tensor([[-0.8743,  1.0000,  0.0000,  0.0000,  0.0000,  0.0000]])
tensor([[0.3977, 1.0000, 1.0000, 0.0000, 0.0000, 0.0000]])
tensor([[-0.7992,  1.0000,  0.0000,  0.0000,  0.0000,  0.0000]])
tensor([[-0.5451,  1.0000,  0.0000,  0.0000,  0.0000,  0.0000]])
tensor([[-0.6424,  1.0000,  0.0000,  0.0000,  0.0000,  0.0000]])
tensor([[-0.6087,  1.0000,  0.0000,  0.0000,  0.0000,  0.0000]])
tensor([[0.1134, 1.0000, 0.0000, 0.0000, 0.0000, 0.0000]])
tensor([[-0.6812,  1.0000,  1.0000,  0.0000,  0.0000,  0.0000]])
tensor([[-0.2750,  1.0000,  1.0000,  0.0000,  0.0000,  0.0000]])
tensor([[-0.5265,  1.0000,  0.0000,  0.0000,  0.0000,  0.0000]])
tensor([[-0.4601,  0.0000,  0.0000,  0.0000,  0.0000,  0.0000]])
tensor([[0.1774, 1.0000, 0.0000, 0.0000, 0.0000, 0.0000]])
tensor([[0.6690, 1.0000, 1.0000, 0.0000, 0.0000, 0.0000]])
tensor([[-0.3824,  1.0000,  0.0000,  0.0000,  0.0000,  0.0000]])
tensor([[0.4049, 1.0000, 0.0000, 0.0000, 0.0000, 0.0000]])
tensor([[-0.9067,  1.0000,  0.0000,  0.0000,  0.0000,  0.0000]])
tensor([[-0.3474,  1.0000,  0.0000,  0.0000,  0.0000,  0.0000]])
tensor([[0.6030, 1.0000, 1.0000, 0.0000, 0.0000, 0.0000]])
tensor([[0.3303, 1.0000, 1.0000, 0.0000, 0.0000, 0.0000]])
tensor([[0.6070, 1.0000, 1.0000, 0.0000, 0.0000, 0.0000]])
tensor([[-0.6059,  0.0000,  0.0000,  0.0000,  0.0000,  0.0000]])
tensor([[0.4124, 1.0000, 0.0000, 0.0000, 0.0000, 0.0000]])
tensor([[-0.8493,  0.0000,  0.0000,  0.0000,  0.0000,  0.0000]])
tensor([[-0.8362,  1.0000,  0.0000,  0.0000,  0.0000,  0.0000]])
tensor([[-0.1686,  0.0000,  0.0000,  0.0000,  0.0000,  0.0000]])
tensor([[0.9835, 1.0000, 0.0000, 0.0000, 0.0000, 0.0000]])
tensor([[-0.8230,  1.0000,  0.0000,  0.0000,  0.0000,  0.0000]])
tensor([[0.0131, 1.0000, 1.0000, 0.0000, 0.0000, 0.0000]])
tensor([[-0.8953,  0.0000,  0.0000,  0.0000,  0.0000,  0.0000]])
tensor([[-0.8305,  1.0000,  0.0000,  1.0000,  0.0000,  0.0000]])
tensor([[0.5321, 1.0000, 1.0000, 0.0000, 0.0000, 0.0000]])
tensor([[-0.4843,  1.0000,  0.0000,  0.0000,  0.0000,  0.0000]])
{"type": "results", "track": "minigolf", "results": [{"key": 0, "reward": -0.10013427734375001, "position": 4, "name": "TQCars", "avg_action_time": 0.0009660391286633967}]}
