INFO:root:Loading the agents
INFO:root:Loaded player TQCars
INFO:root:Creating pystk-1
INFO:root:Adding wrapper <function get_wrappers.<locals>.<lambda> at 0x71ff190ff420>
INFO:root:Adding wrapper <function get_wrappers.<locals>.<lambda> at 0x71ff190ff4c0>
INFO:root:Adding wrapper <function get_wrappers.<locals>.<lambda> at 0x71ff190ff560>
INFO:root:Adding wrapper <function get_wrappers.<locals>.<lambda> at 0x71ff190ff600>
INFO:root:(multi-env mono adapter) Setting main environment max_paths to 5
INFO:root:Loading trained model from CHECKPOINT-GPUFAC/tqc_EXP16BASEREWARD_1300000.pt...
INFO:root:Starting a race
tensor([[0.5590, 1.0000, 0.0000, 0.0000, 0.0000, 0.0000]])
tensor([[0.9566, 1.0000, 0.0000, 0.0000, 0.0000, 0.0000]])
tensor([[0.6163, 1.0000, 0.0000, 0.0000, 0.0000, 0.0000]])
tensor([[0.1275, 1.0000, 0.0000, 0.0000, 0.0000, 0.0000]])
tensor([[0.9590, 1.0000, 1.0000, 0.0000, 0.0000, 0.0000]])
tensor([[-0.0606,  1.0000,  0.0000,  0.0000,  0.0000,  0.0000]])
tensor([[-0.2667,  1.0000,  0.0000,  0.0000,  0.0000,  0.0000]])
tensor([[0.4185, 1.0000, 0.0000, 0.0000, 0.0000, 0.0000]])
tensor([[0.3512, 1.0000, 0.0000, 0.0000, 0.0000, 0.0000]])
tensor([[0.4554, 0.0000, 1.0000, 0.0000, 0.0000, 0.0000]])
tensor([[0.2782, 0.0000, 0.0000, 0.0000, 0.0000, 0.0000]])
tensor([[-0.1269,  1.0000,  0.0000,  0.0000,  0.0000,  0.0000]])
tensor([[-0.7248,  1.0000,  0.0000,  0.0000,  0.0000,  0.0000]])
tensor([[0.4269, 1.0000, 0.0000, 0.0000, 0.0000, 0.0000]])
tensor([[0.6106, 1.0000, 0.0000, 0.0000, 0.0000, 0.0000]])
tensor([[0.6693, 1.0000, 0.0000, 0.0000, 0.0000, 0.0000]])
tensor([[0.9340, 1.0000, 0.0000, 0.0000, 0.0000, 0.0000]])
tensor([[0.6805, 1.0000, 0.0000, 0.0000, 0.0000, 0.0000]])
tensor([[0.1743, 1.0000, 0.0000, 0.0000, 0.0000, 0.0000]])
tensor([[0.8268, 1.0000, 1.0000, 0.0000, 0.0000, 0.0000]])
tensor([[0.9561, 0.0000, 0.0000, 0.0000, 0.0000, 0.0000]])
tensor([[0.9397, 1.0000, 0.0000, 0.0000, 0.0000, 0.0000]])
tensor([[-0.0253,  1.0000,  0.0000,  0.0000,  0.0000,  0.0000]])
tensor([[-0.1545,  1.0000,  0.0000,  0.0000,  0.0000,  0.0000]])
tensor([[0.7130, 1.0000, 0.0000, 0.0000, 0.0000, 0.0000]])
tensor([[0.4184, 1.0000, 0.0000, 0.0000, 0.0000, 0.0000]])
tensor([[-0.4121,  1.0000,  0.0000,  0.0000,  0.0000,  0.0000]])
tensor([[0.1964, 1.0000, 0.0000, 0.0000, 0.0000, 0.0000]])
tensor([[0.5692, 1.0000, 0.0000, 0.0000, 0.0000, 0.0000]])
tensor([[0.4406, 1.0000, 0.0000, 0.0000, 0.0000, 0.0000]])
tensor([[0.3248, 1.0000, 0.0000, 0.0000, 0.0000, 0.0000]])
tensor([[-0.7519,  1.0000,  0.0000,  0.0000,  0.0000,  0.0000]])
tensor([[0.6756, 1.0000, 0.0000, 0.0000, 0.0000, 0.0000]])
tensor([[0.7420, 1.0000, 0.0000, 0.0000, 0.0000, 0.0000]])
tensor([[-0.5268,  1.0000,  0.0000,  0.0000,  0.0000,  0.0000]])
tensor([[-0.6423,  1.0000,  0.0000,  0.0000,  0.0000,  0.0000]])
tensor([[0.3261, 1.0000, 0.0000, 0.0000, 0.0000, 0.0000]])
tensor([[0.7565, 1.0000, 0.0000, 0.0000, 0.0000, 0.0000]])
tensor([[0.3768, 1.0000, 0.0000, 0.0000, 0.0000, 0.0000]])
tensor([[-0.6789,  1.0000,  0.0000,  0.0000,  0.0000,  0.0000]])
tensor([[0.3547, 1.0000, 0.0000, 0.0000, 0.0000, 0.0000]])
tensor([[0.3881, 1.0000, 0.0000, 0.0000, 0.0000, 0.0000]])
tensor([[0.5941, 1.0000, 0.0000, 0.0000, 0.0000, 0.0000]])
tensor([[0.4942, 1.0000, 0.0000, 0.0000, 0.0000, 0.0000]])
tensor([[0.1869, 1.0000, 0.0000, 0.0000, 0.0000, 0.0000]])
tensor([[-0.9589,  1.0000,  0.0000,  0.0000,  0.0000,  0.0000]])
tensor([[-0.5316,  1.0000,  0.0000,  0.0000,  0.0000,  0.0000]])
tensor([[-0.9766,  1.0000,  0.0000,  0.0000,  0.0000,  0.0000]])
tensor([[-0.1613,  1.0000,  0.0000,  0.0000,  0.0000,  0.0000]])
tensor([[-0.0296,  1.0000,  0.0000,  0.0000,  1.0000,  0.0000]])
tensor([[-0.0291,  0.0000,  0.0000,  0.0000,  0.0000,  0.0000]])
tensor([[-0.8988,  1.0000,  0.0000,  0.0000,  0.0000,  0.0000]])
tensor([[-0.7541,  1.0000,  0.0000,  0.0000,  0.0000,  0.0000]])
tensor([[-0.9465,  1.0000,  0.0000,  0.0000,  0.0000,  0.0000]])
tensor([[-0.9002,  1.0000,  0.0000,  0.0000,  0.0000,  0.0000]])
tensor([[-0.8675,  1.0000,  0.0000,  1.0000,  0.0000,  0.0000]])
tensor([[-0.5712,  1.0000,  0.0000,  0.0000,  0.0000,  0.0000]])
tensor([[-0.5826,  1.0000,  0.0000,  0.0000,  0.0000,  0.0000]])
tensor([[-0.7443,  1.0000,  0.0000,  0.0000,  0.0000,  0.0000]])
tensor([[-0.6680,  1.0000,  0.0000,  0.0000,  0.0000,  0.0000]])
tensor([[-0.6137,  1.0000,  0.0000,  0.0000,  0.0000,  0.0000]])
tensor([[-0.4081,  1.0000,  1.0000,  0.0000,  0.0000,  0.0000]])
tensor([[-0.6995,  1.0000,  0.0000,  0.0000,  0.0000,  0.0000]])
tensor([[0.3391, 1.0000, 0.0000, 0.0000, 0.0000, 0.0000]])
tensor([[-0.9705,  1.0000,  0.0000,  0.0000,  0.0000,  0.0000]])
tensor([[-0.6162,  1.0000,  0.0000,  0.0000,  0.0000,  0.0000]])
tensor([[-0.5821,  1.0000,  0.0000,  0.0000,  0.0000,  0.0000]])
tensor([[-0.9209,  1.0000,  0.0000,  0.0000,  0.0000,  0.0000]])
tensor([[-0.1769,  1.0000,  0.0000,  0.0000,  0.0000,  0.0000]])
tensor([[-0.0824,  1.0000,  0.0000,  0.0000,  0.0000,  0.0000]])
tensor([[-0.5252,  1.0000,  0.0000,  0.0000,  0.0000,  0.0000]])
tensor([[0.0651, 1.0000, 0.0000, 0.0000, 0.0000, 0.0000]])
tensor([[-0.6641,  1.0000,  0.0000,  0.0000,  0.0000,  0.0000]])
tensor([[-0.3517,  1.0000,  0.0000,  0.0000,  0.0000,  0.0000]])
tensor([[0.9715, 1.0000, 0.0000, 0.0000, 0.0000, 0.0000]])
tensor([[0.6225, 1.0000, 0.0000, 0.0000, 0.0000, 0.0000]])
tensor([[-0.8061,  1.0000,  0.0000,  0.0000,  0.0000,  0.0000]])
tensor([[-0.4504,  1.0000,  0.0000,  0.0000,  0.0000,  0.0000]])
tensor([[-0.5605,  1.0000,  0.0000,  0.0000,  0.0000,  0.0000]])
tensor([[0.7772, 1.0000, 0.0000, 0.0000, 0.0000, 0.0000]])
tensor([[-0.1972,  1.0000,  0.0000,  0.0000,  0.0000,  0.0000]])
tensor([[0.1101, 1.0000, 0.0000, 0.0000, 0.0000, 0.0000]])
tensor([[-0.4752,  1.0000,  0.0000,  0.0000,  0.0000,  0.0000]])
tensor([[0.9183, 1.0000, 0.0000, 0.0000, 0.0000, 0.0000]])
tensor([[0.6039, 1.0000, 0.0000, 0.0000, 0.0000, 0.0000]])
tensor([[0.3241, 1.0000, 0.0000, 0.0000, 0.0000, 0.0000]])
tensor([[-0.1426,  1.0000,  0.0000,  0.0000,  0.0000,  0.0000]])
tensor([[-0.6071,  1.0000,  0.0000,  0.0000,  0.0000,  0.0000]])
tensor([[0.9447, 1.0000, 0.0000, 0.0000, 0.0000, 0.0000]])
tensor([[0.7497, 1.0000, 0.0000, 0.0000, 1.0000, 0.0000]])
tensor([[0.6125, 1.0000, 0.0000, 0.0000, 0.0000, 0.0000]])
tensor([[-0.7053,  1.0000,  0.0000,  0.0000,  0.0000,  0.0000]])
tensor([[-0.0329,  1.0000,  0.0000,  0.0000,  0.0000,  0.0000]])
tensor([[0.8089, 1.0000, 0.0000, 0.0000, 0.0000, 0.0000]])
tensor([[0.6433, 1.0000, 0.0000, 0.0000, 0.0000, 0.0000]])
tensor([[0.6813, 0.0000, 0.0000, 0.0000, 0.0000, 0.0000]])
tensor([[0.9153, 1.0000, 0.0000, 0.0000, 0.0000, 0.0000]])
tensor([[0.3975, 1.0000, 0.0000, 0.0000, 0.0000, 0.0000]])
tensor([[0.8492, 1.0000, 0.0000, 0.0000, 0.0000, 0.0000]])
tensor([[0.5705, 1.0000, 0.0000, 0.0000, 0.0000, 0.0000]])
tensor([[-0.2896,  1.0000,  0.0000,  0.0000,  0.0000,  0.0000]])
tensor([[0.9143, 0.0000, 0.0000, 0.0000, 0.0000, 0.0000]])
tensor([[0.7132, 1.0000, 0.0000, 0.0000, 0.0000, 0.0000]])
tensor([[0.9058, 1.0000, 0.0000, 0.0000, 0.0000, 0.0000]])
tensor([[0.9775, 1.0000, 0.0000, 0.0000, 0.0000, 0.0000]])
tensor([[0.9735, 1.0000, 0.0000, 0.0000, 0.0000, 0.0000]])
tensor([[0.8793, 1.0000, 0.0000, 0.0000, 0.0000, 0.0000]])
tensor([[0.9561, 1.0000, 0.0000, 0.0000, 0.0000, 0.0000]])
tensor([[0.9530, 1.0000, 0.0000, 0.0000, 0.0000, 0.0000]])
tensor([[0.9905, 1.0000, 1.0000, 0.0000, 0.0000, 0.0000]])
tensor([[0.8292, 1.0000, 0.0000, 0.0000, 0.0000, 0.0000]])
tensor([[0.9333, 1.0000, 0.0000, 0.0000, 0.0000, 0.0000]])
tensor([[0.9835, 1.0000, 0.0000, 0.0000, 0.0000, 0.0000]])
tensor([[0.5796, 1.0000, 0.0000, 0.0000, 0.0000, 0.0000]])
tensor([[0.8009, 1.0000, 0.0000, 0.0000, 0.0000, 0.0000]])
tensor([[0.9498, 0.0000, 0.0000, 0.0000, 0.0000, 0.0000]])
tensor([[0.9648, 1.0000, 0.0000, 0.0000, 0.0000, 0.0000]])
tensor([[0.9520, 1.0000, 0.0000, 0.0000, 0.0000, 0.0000]])
tensor([[0.3867, 1.0000, 0.0000, 0.0000, 0.0000, 0.0000]])
tensor([[0.5225, 1.0000, 0.0000, 0.0000, 0.0000, 0.0000]])
tensor([[-0.5440,  1.0000,  0.0000,  0.0000,  0.0000,  0.0000]])
tensor([[0.5837, 1.0000, 0.0000, 0.0000, 0.0000, 0.0000]])
tensor([[-0.8559,  1.0000,  0.0000,  0.0000,  0.0000,  0.0000]])
tensor([[-0.2937,  1.0000,  0.0000,  0.0000,  0.0000,  0.0000]])
tensor([[0.7148, 1.0000, 0.0000, 0.0000, 0.0000, 0.0000]])
tensor([[-0.7262,  1.0000,  0.0000,  0.0000,  0.0000,  0.0000]])
tensor([[0.4069, 1.0000, 0.0000, 0.0000, 0.0000, 0.0000]])
tensor([[0.5148, 1.0000, 0.0000, 0.0000, 0.0000, 0.0000]])
tensor([[0.5313, 1.0000, 0.0000, 0.0000, 0.0000, 0.0000]])
tensor([[-0.6112,  1.0000,  0.0000,  0.0000,  0.0000,  0.0000]])
tensor([[-0.9285,  1.0000,  0.0000,  0.0000,  0.0000,  0.0000]])
tensor([[-0.9372,  1.0000,  0.0000,  0.0000,  0.0000,  0.0000]])
tensor([[-0.5415,  1.0000,  0.0000,  0.0000,  0.0000,  0.0000]])
tensor([[-0.3266,  1.0000,  0.0000,  0.0000,  0.0000,  0.0000]])
tensor([[-0.7499,  1.0000,  0.0000,  0.0000,  0.0000,  0.0000]])
tensor([[-0.6395,  1.0000,  0.0000,  0.0000,  0.0000,  0.0000]])
tensor([[0.8703, 1.0000, 0.0000, 0.0000, 0.0000, 0.0000]])
tensor([[0.7142, 1.0000, 0.0000, 0.0000, 0.0000, 0.0000]])
tensor([[0.6400, 0.0000, 0.0000, 0.0000, 0.0000, 0.0000]])
tensor([[-0.9234,  1.0000,  0.0000,  0.0000,  0.0000,  0.0000]])
tensor([[0.2040, 1.0000, 0.0000, 0.0000, 0.0000, 0.0000]])
tensor([[0.5443, 1.0000, 0.0000, 0.0000, 0.0000, 0.0000]])
tensor([[-0.5982,  1.0000,  0.0000,  0.0000,  0.0000,  0.0000]])
tensor([[-0.0538,  1.0000,  0.0000,  0.0000,  0.0000,  0.0000]])
tensor([[-0.1305,  1.0000,  0.0000,  0.0000,  0.0000,  0.0000]])
tensor([[0.4443, 1.0000, 0.0000, 1.0000, 0.0000, 0.0000]])
tensor([[-0.1088,  1.0000,  0.0000,  0.0000,  0.0000,  0.0000]])
tensor([[-0.8592,  1.0000,  0.0000,  0.0000,  0.0000,  0.0000]])
tensor([[-0.7633,  1.0000,  0.0000,  0.0000,  0.0000,  0.0000]])
tensor([[-0.7732,  0.0000,  0.0000,  0.0000,  0.0000,  0.0000]])
tensor([[-0.5060,  1.0000,  0.0000,  0.0000,  0.0000,  0.0000]])
tensor([[-0.3945,  1.0000,  0.0000,  0.0000,  0.0000,  0.0000]])
tensor([[-0.1566,  1.0000,  0.0000,  0.0000,  0.0000,  0.0000]])
tensor([[0.6745, 1.0000, 0.0000, 0.0000, 0.0000, 0.0000]])
tensor([[-0.7245,  0.0000,  0.0000,  0.0000,  0.0000,  0.0000]])
tensor([[-0.3493,  1.0000,  0.0000,  0.0000,  0.0000,  0.0000]])
tensor([[0.2813, 1.0000, 0.0000, 0.0000, 0.0000, 0.0000]])
tensor([[0.1772, 1.0000, 0.0000, 0.0000, 0.0000, 0.0000]])
tensor([[0.5003, 1.0000, 0.0000, 0.0000, 0.0000, 0.0000]])
tensor([[-0.3248,  1.0000,  0.0000,  0.0000,  0.0000,  0.0000]])
tensor([[0.0346, 1.0000, 0.0000, 0.0000, 0.0000, 0.0000]])
tensor([[0.8442, 1.0000, 0.0000, 0.0000, 0.0000, 0.0000]])
tensor([[-0.7928,  1.0000,  0.0000,  0.0000,  0.0000,  0.0000]])
tensor([[-0.7216,  1.0000,  1.0000,  0.0000,  0.0000,  0.0000]])
tensor([[0.1014, 1.0000, 0.0000, 0.0000, 0.0000, 0.0000]])
tensor([[-0.6586,  1.0000,  0.0000,  0.0000,  0.0000,  0.0000]])
tensor([[-0.2135,  1.0000,  0.0000,  0.0000,  0.0000,  0.0000]])
tensor([[0.9785, 1.0000, 0.0000, 0.0000, 0.0000, 0.0000]])
tensor([[0.9224, 1.0000, 0.0000, 0.0000, 0.0000, 0.0000]])
tensor([[0.9340, 1.0000, 0.0000, 0.0000, 0.0000, 0.0000]])
tensor([[0.7753, 1.0000, 0.0000, 0.0000, 0.0000, 0.0000]])
tensor([[0.6303, 1.0000, 0.0000, 0.0000, 0.0000, 0.0000]])
tensor([[0.8755, 1.0000, 0.0000, 0.0000, 0.0000, 0.0000]])
tensor([[0.6698, 1.0000, 0.0000, 0.0000, 0.0000, 0.0000]])
tensor([[0.3929, 1.0000, 0.0000, 0.0000, 0.0000, 0.0000]])
tensor([[-0.9209,  1.0000,  0.0000,  0.0000,  0.0000,  0.0000]])
tensor([[0.0545, 1.0000, 0.0000, 0.0000, 0.0000, 0.0000]])
tensor([[0.0928, 1.0000, 0.0000, 0.0000, 0.0000, 0.0000]])
tensor([[-0.4059,  1.0000,  0.0000,  1.0000,  0.0000,  0.0000]])
tensor([[0.8015, 1.0000, 0.0000, 0.0000, 0.0000, 0.0000]])
tensor([[0.0913, 0.0000, 0.0000, 0.0000, 0.0000, 0.0000]])
tensor([[0.2050, 1.0000, 0.0000, 0.0000, 0.0000, 0.0000]])
tensor([[0.8719, 1.0000, 0.0000, 0.0000, 0.0000, 0.0000]])
tensor([[0.9557, 1.0000, 0.0000, 0.0000, 0.0000, 0.0000]])
tensor([[-0.6887,  1.0000,  0.0000,  0.0000,  0.0000,  0.0000]])
tensor([[0.1481, 1.0000, 0.0000, 0.0000, 0.0000, 0.0000]])
tensor([[-0.4367,  1.0000,  0.0000,  0.0000,  0.0000,  0.0000]])
tensor([[0.2297, 1.0000, 0.0000, 0.0000, 0.0000, 0.0000]])
tensor([[-0.1325,  1.0000,  0.0000,  0.0000,  0.0000,  0.0000]])
tensor([[-0.8520,  1.0000,  0.0000,  0.0000,  0.0000,  0.0000]])
tensor([[0.9399, 1.0000, 0.0000, 0.0000, 0.0000, 0.0000]])
tensor([[0.7158, 1.0000, 0.0000, 0.0000, 0.0000, 0.0000]])
tensor([[-0.8177,  1.0000,  0.0000,  0.0000,  0.0000,  0.0000]])
tensor([[-0.5020,  1.0000,  0.0000,  0.0000,  0.0000,  0.0000]])
tensor([[0.1749, 1.0000, 0.0000, 0.0000, 0.0000, 0.0000]])
tensor([[-0.8501,  0.0000,  0.0000,  0.0000,  0.0000,  0.0000]])
tensor([[0.4867, 1.0000, 0.0000, 0.0000, 0.0000, 0.0000]])
tensor([[-0.5746,  1.0000,  0.0000,  0.0000,  0.0000,  0.0000]])
tensor([[-0.3367,  1.0000,  0.0000,  0.0000,  0.0000,  0.0000]])
tensor([[-0.4853,  1.0000,  0.0000,  0.0000,  0.0000,  0.0000]])
tensor([[0.4970, 1.0000, 0.0000, 0.0000, 0.0000, 0.0000]])
tensor([[0.3926, 1.0000, 0.0000, 0.0000, 0.0000, 0.0000]])
tensor([[-0.9065,  1.0000,  0.0000,  0.0000,  0.0000,  0.0000]])
tensor([[-0.6481,  1.0000,  0.0000,  0.0000,  0.0000,  0.0000]])
tensor([[0.3983, 1.0000, 0.0000, 0.0000, 0.0000, 0.0000]])
tensor([[-0.5269,  1.0000,  0.0000,  0.0000,  0.0000,  0.0000]])
tensor([[-0.4954,  1.0000,  0.0000,  0.0000,  0.0000,  0.0000]])
tensor([[-0.9351,  1.0000,  0.0000,  0.0000,  0.0000,  0.0000]])
tensor([[-0.1291,  1.0000,  0.0000,  0.0000,  0.0000,  0.0000]])
tensor([[-0.0397,  1.0000,  0.0000,  0.0000,  0.0000,  0.0000]])
tensor([[0.2587, 1.0000, 0.0000, 0.0000, 0.0000, 0.0000]])
tensor([[-0.4896,  1.0000,  0.0000,  0.0000,  0.0000,  0.0000]])
tensor([[-0.3787,  1.0000,  0.0000,  0.0000,  0.0000,  0.0000]])
tensor([[0.6945, 1.0000, 0.0000, 0.0000, 0.0000, 0.0000]])
tensor([[-0.5836,  1.0000,  0.0000,  0.0000,  0.0000,  0.0000]])
tensor([[-0.8826,  1.0000,  0.0000,  0.0000,  0.0000,  0.0000]])
tensor([[0.6714, 1.0000, 0.0000, 0.0000, 0.0000, 0.0000]])
tensor([[-0.6874,  1.0000,  0.0000,  0.0000,  0.0000,  0.0000]])
tensor([[0.4025, 1.0000, 0.0000, 0.0000, 0.0000, 0.0000]])
tensor([[-0.1721,  1.0000,  0.0000,  0.0000,  0.0000,  0.0000]])
tensor([[0.5384, 1.0000, 0.0000, 0.0000, 0.0000, 0.0000]])
tensor([[0.4578, 1.0000, 0.0000, 0.0000, 0.0000, 0.0000]])
tensor([[-0.7254,  1.0000,  0.0000,  0.0000,  0.0000,  0.0000]])
tensor([[0.0247, 1.0000, 0.0000, 0.0000, 0.0000, 0.0000]])
tensor([[0.2208, 1.0000, 0.0000, 0.0000, 0.0000, 0.0000]])
tensor([[0.1996, 1.0000, 0.0000, 0.0000, 0.0000, 0.0000]])
tensor([[-0.2005,  1.0000,  0.0000,  0.0000,  0.0000,  0.0000]])
tensor([[0.3966, 1.0000, 0.0000, 0.0000, 0.0000, 0.0000]])
tensor([[-0.5664,  1.0000,  0.0000,  0.0000,  0.0000,  0.0000]])
tensor([[0.6414, 1.0000, 0.0000, 0.0000, 0.0000, 0.0000]])
tensor([[0.2396, 1.0000, 0.0000, 0.0000, 0.0000, 0.0000]])
tensor([[0.8685, 1.0000, 0.0000, 0.0000, 0.0000, 0.0000]])
tensor([[0.5911, 1.0000, 0.0000, 0.0000, 0.0000, 0.0000]])
tensor([[-0.5058,  1.0000,  0.0000,  0.0000,  0.0000,  0.0000]])
tensor([[-0.8469,  1.0000,  0.0000,  0.0000,  0.0000,  0.0000]])
tensor([[0.8987, 1.0000, 0.0000, 0.0000, 0.0000, 0.0000]])
tensor([[-0.1933,  1.0000,  1.0000,  0.0000,  0.0000,  0.0000]])
tensor([[0.8964, 0.0000, 0.0000, 0.0000, 0.0000, 0.0000]])
tensor([[0.6569, 1.0000, 0.0000, 0.0000, 0.0000, 0.0000]])
tensor([[0.9877, 1.0000, 0.0000, 0.0000, 0.0000, 0.0000]])
tensor([[0.0137, 1.0000, 0.0000, 0.0000, 0.0000, 0.0000]])
tensor([[0.5696, 1.0000, 0.0000, 0.0000, 0.0000, 0.0000]])
tensor([[-0.4152,  1.0000,  0.0000,  0.0000,  0.0000,  0.0000]])
tensor([[0.6196, 1.0000, 0.0000, 0.0000, 0.0000, 0.0000]])
tensor([[0.9257, 1.0000, 0.0000, 0.0000, 0.0000, 0.0000]])
tensor([[0.8973, 1.0000, 0.0000, 0.0000, 0.0000, 0.0000]])
tensor([[-0.0439,  1.0000,  0.0000,  0.0000,  0.0000,  0.0000]])
tensor([[0.3548, 1.0000, 0.0000, 0.0000, 0.0000, 0.0000]])
tensor([[0.6427, 1.0000, 0.0000, 0.0000, 0.0000, 0.0000]])
tensor([[-0.6257,  1.0000,  0.0000,  0.0000,  0.0000,  0.0000]])
tensor([[0.8611, 1.0000, 0.0000, 0.0000, 0.0000, 0.0000]])
tensor([[0.2864, 1.0000, 0.0000, 0.0000, 0.0000, 0.0000]])
tensor([[0.2530, 1.0000, 0.0000, 0.0000, 0.0000, 0.0000]])
tensor([[-0.2155,  1.0000,  0.0000,  0.0000,  0.0000,  0.0000]])
tensor([[-0.8619,  1.0000,  0.0000,  0.0000,  0.0000,  0.0000]])
tensor([[-0.3172,  1.0000,  0.0000,  0.0000,  0.0000,  0.0000]])
tensor([[0.3513, 1.0000, 0.0000, 0.0000, 0.0000, 0.0000]])
tensor([[0.9387, 1.0000, 0.0000, 0.0000, 0.0000, 0.0000]])
tensor([[0.1504, 1.0000, 0.0000, 0.0000, 0.0000, 0.0000]])
tensor([[0.8001, 1.0000, 0.0000, 0.0000, 0.0000, 0.0000]])
tensor([[0.8651, 1.0000, 0.0000, 0.0000, 0.0000, 0.0000]])
tensor([[0.8514, 1.0000, 0.0000, 0.0000, 0.0000, 0.0000]])
tensor([[0.4363, 1.0000, 0.0000, 0.0000, 0.0000, 0.0000]])
tensor([[0.4040, 1.0000, 0.0000, 0.0000, 0.0000, 0.0000]])
tensor([[0.7742, 1.0000, 0.0000, 0.0000, 0.0000, 0.0000]])
tensor([[0.9006, 1.0000, 0.0000, 0.0000, 0.0000, 0.0000]])
tensor([[0.5362, 1.0000, 0.0000, 0.0000, 0.0000, 0.0000]])
tensor([[0.4013, 1.0000, 0.0000, 0.0000, 0.0000, 0.0000]])
tensor([[-0.4409,  1.0000,  0.0000,  0.0000,  1.0000,  0.0000]])
tensor([[0.3502, 1.0000, 0.0000, 0.0000, 0.0000, 0.0000]])
tensor([[0.8063, 1.0000, 0.0000, 0.0000, 0.0000, 0.0000]])
tensor([[0.9747, 1.0000, 1.0000, 0.0000, 0.0000, 0.0000]])
tensor([[0.9060, 1.0000, 0.0000, 0.0000, 0.0000, 0.0000]])
tensor([[0.8070, 1.0000, 0.0000, 0.0000, 0.0000, 0.0000]])
tensor([[-0.5667,  1.0000,  0.0000,  0.0000,  1.0000,  0.0000]])
tensor([[0.8089, 1.0000, 0.0000, 0.0000, 0.0000, 0.0000]])
tensor([[0.9234, 1.0000, 0.0000, 0.0000, 0.0000, 0.0000]])
tensor([[0.0407, 1.0000, 0.0000, 0.0000, 0.0000, 0.0000]])
tensor([[-0.2576,  1.0000,  0.0000,  0.0000,  0.0000,  0.0000]])
tensor([[0.8803, 1.0000, 0.0000, 0.0000, 0.0000, 0.0000]])
tensor([[0.7133, 1.0000, 0.0000, 0.0000, 0.0000, 0.0000]])
tensor([[-0.4848,  1.0000,  0.0000,  0.0000,  0.0000,  0.0000]])
tensor([[-0.1217,  1.0000,  0.0000,  0.0000,  0.0000,  0.0000]])
tensor([[0.2464, 1.0000, 0.0000, 0.0000, 0.0000, 0.0000]])
tensor([[-0.1821,  1.0000,  0.0000,  0.0000,  0.0000,  0.0000]])
tensor([[-0.9775,  1.0000,  0.0000,  0.0000,  0.0000,  0.0000]])
tensor([[-0.5837,  1.0000,  0.0000,  0.0000,  0.0000,  0.0000]])
tensor([[0.8667, 1.0000, 0.0000, 0.0000, 0.0000, 0.0000]])
tensor([[-0.9428,  1.0000,  0.0000,  0.0000,  0.0000,  0.0000]])
tensor([[-0.3069,  1.0000,  0.0000,  0.0000,  0.0000,  0.0000]])
tensor([[-0.7568,  1.0000,  0.0000,  0.0000,  0.0000,  0.0000]])
tensor([[-0.4277,  1.0000,  0.0000,  0.0000,  1.0000,  0.0000]])
tensor([[-0.7502,  1.0000,  0.0000,  0.0000,  0.0000,  0.0000]])
tensor([[-0.7059,  1.0000,  0.0000,  0.0000,  0.0000,  0.0000]])
tensor([[-0.6771,  1.0000,  0.0000,  0.0000,  0.0000,  0.0000]])
tensor([[-0.9662,  1.0000,  0.0000,  0.0000,  0.0000,  0.0000]])
tensor([[-0.4182,  1.0000,  0.0000,  0.0000,  0.0000,  0.0000]])
tensor([[-0.8159,  1.0000,  0.0000,  0.0000,  0.0000,  0.0000]])
tensor([[-0.8908,  1.0000,  0.0000,  0.0000,  0.0000,  0.0000]])
tensor([[-0.9929,  1.0000,  0.0000,  0.0000,  0.0000,  0.0000]])
tensor([[-0.5079,  1.0000,  0.0000,  0.0000,  0.0000,  0.0000]])
tensor([[0.3966, 1.0000, 0.0000, 0.0000, 0.0000, 0.0000]])
tensor([[-0.9126,  1.0000,  0.0000,  0.0000,  0.0000,  0.0000]])
tensor([[-0.5584,  1.0000,  0.0000,  0.0000,  0.0000,  0.0000]])
tensor([[-0.8907,  1.0000,  0.0000,  1.0000,  0.0000,  0.0000]])
tensor([[0.3018, 1.0000, 0.0000, 0.0000, 0.0000, 0.0000]])
tensor([[0.2131, 1.0000, 0.0000, 0.0000, 0.0000, 0.0000]])
tensor([[-0.5687,  1.0000,  0.0000,  0.0000,  0.0000,  0.0000]])
tensor([[0.2460, 1.0000, 0.0000, 0.0000, 0.0000, 0.0000]])
tensor([[0.7814, 1.0000, 0.0000, 0.0000, 0.0000, 0.0000]])
tensor([[0.5109, 1.0000, 0.0000, 1.0000, 0.0000, 0.0000]])
tensor([[-0.7009,  1.0000,  0.0000,  0.0000,  0.0000,  0.0000]])
tensor([[-0.9163,  1.0000,  0.0000,  0.0000,  0.0000,  0.0000]])
tensor([[-0.9416,  1.0000,  0.0000,  0.0000,  0.0000,  0.0000]])
tensor([[-0.2654,  1.0000,  0.0000,  0.0000,  0.0000,  0.0000]])
tensor([[0.9463, 1.0000, 0.0000, 0.0000, 0.0000, 0.0000]])
tensor([[0.8694, 1.0000, 0.0000, 0.0000, 0.0000, 0.0000]])
tensor([[0.9702, 1.0000, 0.0000, 0.0000, 0.0000, 0.0000]])
tensor([[0.8706, 1.0000, 0.0000, 0.0000, 0.0000, 0.0000]])
tensor([[0.8162, 1.0000, 0.0000, 0.0000, 0.0000, 0.0000]])
tensor([[0.9651, 1.0000, 0.0000, 0.0000, 0.0000, 0.0000]])
tensor([[0.9888, 1.0000, 0.0000, 0.0000, 0.0000, 0.0000]])
tensor([[0.0139, 1.0000, 0.0000, 0.0000, 0.0000, 0.0000]])
tensor([[0.6206, 1.0000, 0.0000, 0.0000, 0.0000, 0.0000]])
tensor([[0.4263, 1.0000, 0.0000, 0.0000, 0.0000, 0.0000]])
tensor([[-0.1580,  1.0000,  0.0000,  0.0000,  0.0000,  0.0000]])
tensor([[-0.0298,  1.0000,  0.0000,  0.0000,  0.0000,  0.0000]])
tensor([[-0.8834,  1.0000,  0.0000,  0.0000,  0.0000,  0.0000]])
tensor([[0.0102, 1.0000, 0.0000, 0.0000, 0.0000, 0.0000]])
tensor([[-0.9833,  1.0000,  0.0000,  1.0000,  1.0000,  0.0000]])
tensor([[-0.0316,  1.0000,  0.0000,  0.0000,  0.0000,  0.0000]])
tensor([[-0.6855,  1.0000,  0.0000,  0.0000,  0.0000,  0.0000]])
tensor([[-0.3861,  1.0000,  0.0000,  0.0000,  0.0000,  0.0000]])
tensor([[-0.6456,  1.0000,  0.0000,  0.0000,  0.0000,  0.0000]])
tensor([[-0.5552,  1.0000,  0.0000,  0.0000,  0.0000,  0.0000]])
tensor([[-0.8775,  1.0000,  0.0000,  0.0000,  0.0000,  0.0000]])
tensor([[-0.9205,  1.0000,  0.0000,  0.0000,  0.0000,  0.0000]])
tensor([[-0.5367,  1.0000,  0.0000,  0.0000,  0.0000,  0.0000]])
tensor([[-0.2851,  1.0000,  0.0000,  0.0000,  0.0000,  0.0000]])
tensor([[0.8902, 1.0000, 0.0000, 0.0000, 0.0000, 0.0000]])
tensor([[-0.4108,  1.0000,  0.0000,  0.0000,  0.0000,  0.0000]])
tensor([[-0.7275,  1.0000,  0.0000,  0.0000,  0.0000,  0.0000]])
tensor([[0.4543, 1.0000, 0.0000, 0.0000, 0.0000, 0.0000]])
tensor([[0.8262, 1.0000, 0.0000, 0.0000, 0.0000, 0.0000]])
tensor([[0.4133, 1.0000, 0.0000, 0.0000, 0.0000, 0.0000]])
tensor([[0.8178, 1.0000, 0.0000, 0.0000, 0.0000, 0.0000]])
tensor([[0.3088, 1.0000, 0.0000, 0.0000, 0.0000, 0.0000]])
tensor([[-0.3346,  1.0000,  0.0000,  0.0000,  0.0000,  0.0000]])
tensor([[0.4181, 1.0000, 0.0000, 0.0000, 0.0000, 0.0000]])
tensor([[-0.3538,  1.0000,  0.0000,  0.0000,  0.0000,  0.0000]])
tensor([[0.7474, 1.0000, 0.0000, 0.0000, 0.0000, 0.0000]])
tensor([[0.8521, 1.0000, 0.0000, 0.0000, 0.0000, 0.0000]])
tensor([[0.7567, 1.0000, 0.0000, 0.0000, 0.0000, 0.0000]])
tensor([[0.7539, 1.0000, 0.0000, 0.0000, 1.0000, 0.0000]])
tensor([[-0.8179,  1.0000,  0.0000,  0.0000,  0.0000,  0.0000]])
tensor([[0.6720, 1.0000, 0.0000, 0.0000, 0.0000, 0.0000]])
tensor([[0.9368, 1.0000, 0.0000, 0.0000, 0.0000, 0.0000]])
tensor([[0.9739, 1.0000, 0.0000, 0.0000, 0.0000, 0.0000]])
tensor([[0.6750, 1.0000, 0.0000, 0.0000, 0.0000, 0.0000]])
tensor([[0.7542, 1.0000, 0.0000, 0.0000, 0.0000, 0.0000]])
tensor([[0.8603, 1.0000, 0.0000, 0.0000, 0.0000, 0.0000]])
tensor([[0.1860, 1.0000, 0.0000, 0.0000, 0.0000, 0.0000]])
tensor([[0.9805, 1.0000, 0.0000, 0.0000, 0.0000, 0.0000]])
tensor([[0.9109, 1.0000, 0.0000, 0.0000, 0.0000, 0.0000]])
tensor([[0.7896, 1.0000, 0.0000, 0.0000, 0.0000, 0.0000]])
tensor([[0.9616, 1.0000, 0.0000, 0.0000, 0.0000, 0.0000]])
tensor([[-0.3815,  1.0000,  0.0000,  0.0000,  0.0000,  0.0000]])
tensor([[0.9041, 1.0000, 0.0000, 0.0000, 0.0000, 0.0000]])
tensor([[0.8453, 1.0000, 0.0000, 0.0000, 0.0000, 0.0000]])
tensor([[0.5936, 1.0000, 0.0000, 0.0000, 0.0000, 0.0000]])
tensor([[-0.4555,  1.0000,  0.0000,  0.0000,  0.0000,  0.0000]])
tensor([[0.8817, 0.0000, 0.0000, 0.0000, 0.0000, 0.0000]])
tensor([[0.4631, 1.0000, 0.0000, 0.0000, 0.0000, 0.0000]])
tensor([[-0.9522,  1.0000,  0.0000,  0.0000,  0.0000,  0.0000]])
tensor([[-0.6982,  1.0000,  0.0000,  0.0000,  0.0000,  0.0000]])
tensor([[0.5647, 1.0000, 0.0000, 0.0000, 0.0000, 0.0000]])
tensor([[0.6443, 1.0000, 0.0000, 0.0000, 0.0000, 0.0000]])
tensor([[-0.3795,  1.0000,  0.0000,  0.0000,  0.0000,  0.0000]])
tensor([[0.6091, 1.0000, 0.0000, 0.0000, 0.0000, 0.0000]])
tensor([[0.8417, 1.0000, 0.0000, 0.0000, 0.0000, 0.0000]])
tensor([[-0.1757,  1.0000,  0.0000,  0.0000,  0.0000,  0.0000]])
tensor([[0.2823, 1.0000, 0.0000, 1.0000, 0.0000, 0.0000]])
tensor([[0.1589, 1.0000, 0.0000, 0.0000, 0.0000, 0.0000]])
tensor([[-0.7009,  1.0000,  0.0000,  0.0000,  0.0000,  0.0000]])
tensor([[-0.4697,  1.0000,  0.0000,  0.0000,  0.0000,  0.0000]])
tensor([[0.7124, 1.0000, 0.0000, 0.0000, 0.0000, 0.0000]])
tensor([[-0.1327,  1.0000,  0.0000,  0.0000,  0.0000,  0.0000]])
tensor([[0.9665, 1.0000, 0.0000, 0.0000, 0.0000, 0.0000]])
tensor([[-0.2007,  1.0000,  0.0000,  0.0000,  0.0000,  0.0000]])
tensor([[0.7063, 1.0000, 0.0000, 0.0000, 0.0000, 0.0000]])
tensor([[0.5856, 1.0000, 0.0000, 0.0000, 0.0000, 0.0000]])
tensor([[-0.2951,  1.0000,  0.0000,  0.0000,  0.0000,  0.0000]])
tensor([[-0.5015,  1.0000,  0.0000,  0.0000,  0.0000,  0.0000]])
tensor([[-0.3889,  1.0000,  0.0000,  0.0000,  0.0000,  0.0000]])
tensor([[0.9111, 1.0000, 0.0000, 0.0000, 0.0000, 0.0000]])
tensor([[0.1125, 1.0000, 0.0000, 0.0000, 0.0000, 0.0000]])
tensor([[-0.1306,  1.0000,  0.0000,  0.0000,  0.0000,  0.0000]])
tensor([[-0.0965,  1.0000,  0.0000,  0.0000,  0.0000,  0.0000]])
tensor([[-0.0600,  1.0000,  0.0000,  0.0000,  0.0000,  0.0000]])
tensor([[-0.0516,  1.0000,  0.0000,  0.0000,  0.0000,  0.0000]])
tensor([[0.8968, 1.0000, 0.0000, 0.0000, 0.0000, 0.0000]])
tensor([[-0.5181,  1.0000,  0.0000,  0.0000,  0.0000,  0.0000]])
tensor([[0.2733, 1.0000, 0.0000, 0.0000, 0.0000, 0.0000]])
tensor([[0.5545, 1.0000, 0.0000, 0.0000, 0.0000, 0.0000]])
tensor([[-0.5574,  1.0000,  0.0000,  0.0000,  0.0000,  0.0000]])
tensor([[0.4400, 1.0000, 0.0000, 0.0000, 0.0000, 0.0000]])
tensor([[0.1078, 1.0000, 0.0000, 0.0000, 0.0000, 0.0000]])
tensor([[-0.8008,  1.0000,  0.0000,  0.0000,  0.0000,  0.0000]])
tensor([[0.5988, 1.0000, 0.0000, 0.0000, 0.0000, 0.0000]])
tensor([[-0.0579,  1.0000,  0.0000,  0.0000,  0.0000,  0.0000]])
tensor([[0.3647, 1.0000, 0.0000, 0.0000, 0.0000, 0.0000]])
tensor([[0.4240, 1.0000, 0.0000, 0.0000, 0.0000, 0.0000]])
tensor([[0.0358, 1.0000, 0.0000, 0.0000, 0.0000, 0.0000]])
tensor([[-0.6097,  1.0000,  0.0000,  0.0000,  0.0000,  0.0000]])
tensor([[-0.8746,  1.0000,  0.0000,  0.0000,  0.0000,  0.0000]])
tensor([[-0.8623,  1.0000,  0.0000,  0.0000,  0.0000,  0.0000]])
tensor([[0.7166, 1.0000, 0.0000, 0.0000, 0.0000, 0.0000]])
tensor([[-0.2515,  0.0000,  0.0000,  0.0000,  0.0000,  0.0000]])
tensor([[0.9320, 1.0000, 0.0000, 0.0000, 0.0000, 0.0000]])
tensor([[0.2528, 1.0000, 0.0000, 0.0000, 0.0000, 0.0000]])
tensor([[-0.4645,  1.0000,  0.0000,  0.0000,  0.0000,  0.0000]])
tensor([[-0.9580,  1.0000,  0.0000,  0.0000,  0.0000,  0.0000]])
tensor([[0.9014, 1.0000, 0.0000, 0.0000, 1.0000, 0.0000]])
tensor([[0.8511, 1.0000, 0.0000, 0.0000, 0.0000, 0.0000]])
tensor([[0.7803, 1.0000, 1.0000, 0.0000, 0.0000, 0.0000]])
tensor([[0.1867, 0.0000, 0.0000, 0.0000, 0.0000, 0.0000]])
tensor([[-0.4785,  1.0000,  0.0000,  0.0000,  0.0000,  0.0000]])
tensor([[-0.4973,  1.0000,  0.0000,  0.0000,  0.0000,  0.0000]])
tensor([[-0.1895,  1.0000,  0.0000,  0.0000,  0.0000,  0.0000]])
tensor([[-0.9602,  1.0000,  0.0000,  0.0000,  0.0000,  0.0000]])
tensor([[-0.9602,  1.0000,  0.0000,  1.0000,  0.0000,  0.0000]])
tensor([[-0.8576,  1.0000,  0.0000,  0.0000,  0.0000,  0.0000]])
tensor([[-0.0853,  1.0000,  0.0000,  0.0000,  0.0000,  0.0000]])
tensor([[0.6896, 1.0000, 0.0000, 0.0000, 0.0000, 0.0000]])
tensor([[-0.0709,  1.0000,  0.0000,  0.0000,  0.0000,  0.0000]])
tensor([[-0.9573,  1.0000,  0.0000,  0.0000,  0.0000,  0.0000]])
tensor([[-0.2487,  1.0000,  0.0000,  0.0000,  0.0000,  0.0000]])
tensor([[0.0120, 1.0000, 0.0000, 0.0000, 0.0000, 0.0000]])
tensor([[0.8203, 1.0000, 0.0000, 0.0000, 0.0000, 0.0000]])
tensor([[0.2583, 1.0000, 0.0000, 0.0000, 0.0000, 0.0000]])
tensor([[-0.3543,  1.0000,  0.0000,  0.0000,  0.0000,  0.0000]])
tensor([[-0.4086,  1.0000,  0.0000,  0.0000,  0.0000,  0.0000]])
tensor([[-0.1723,  1.0000,  0.0000,  0.0000,  0.0000,  0.0000]])
tensor([[-0.8118,  1.0000,  0.0000,  0.0000,  0.0000,  0.0000]])
tensor([[-0.6612,  1.0000,  0.0000,  0.0000,  0.0000,  0.0000]])
tensor([[0.1132, 1.0000, 0.0000, 0.0000, 0.0000, 0.0000]])
tensor([[-0.8837,  1.0000,  0.0000,  0.0000,  0.0000,  0.0000]])
tensor([[-0.0990,  1.0000,  0.0000,  0.0000,  0.0000,  0.0000]])
tensor([[-0.5216,  1.0000,  0.0000,  0.0000,  0.0000,  0.0000]])
tensor([[-0.3387,  1.0000,  0.0000,  0.0000,  0.0000,  0.0000]])
tensor([[-0.2954,  1.0000,  0.0000,  0.0000,  0.0000,  0.0000]])
tensor([[-0.1966,  1.0000,  0.0000,  0.0000,  0.0000,  0.0000]])
tensor([[-0.3097,  1.0000,  0.0000,  0.0000,  0.0000,  0.0000]])
tensor([[0.0536, 1.0000, 0.0000, 0.0000, 0.0000, 0.0000]])
tensor([[0.0662, 1.0000, 0.0000, 0.0000, 0.0000, 0.0000]])
tensor([[0.9079, 1.0000, 0.0000, 0.0000, 0.0000, 0.0000]])
tensor([[0.9280, 1.0000, 0.0000, 0.0000, 0.0000, 0.0000]])
tensor([[-0.6666,  1.0000,  0.0000,  0.0000,  0.0000,  0.0000]])
tensor([[0.9144, 1.0000, 0.0000, 0.0000, 0.0000, 0.0000]])
tensor([[-0.6922,  1.0000,  0.0000,  0.0000,  0.0000,  0.0000]])
tensor([[-0.3522,  1.0000,  0.0000,  0.0000,  0.0000,  0.0000]])
tensor([[-0.6186,  1.0000,  0.0000,  0.0000,  0.0000,  0.0000]])
tensor([[-0.8393,  1.0000,  0.0000,  0.0000,  0.0000,  0.0000]])
tensor([[0.1075, 1.0000, 0.0000, 0.0000, 0.0000, 0.0000]])
tensor([[-0.5947,  1.0000,  0.0000,  0.0000,  0.0000,  0.0000]])
tensor([[-0.6716,  1.0000,  0.0000,  0.0000,  0.0000,  0.0000]])
tensor([[-0.0068,  1.0000,  0.0000,  0.0000,  0.0000,  0.0000]])
tensor([[0.4189, 1.0000, 0.0000, 0.0000, 0.0000, 0.0000]])
tensor([[0.4403, 1.0000, 0.0000, 0.0000, 0.0000, 0.0000]])
tensor([[0.3759, 1.0000, 0.0000, 0.0000, 0.0000, 0.0000]])
tensor([[-0.3844,  1.0000,  0.0000,  0.0000,  0.0000,  0.0000]])
tensor([[-0.5650,  1.0000,  0.0000,  0.0000,  0.0000,  0.0000]])
tensor([[0.3932, 1.0000, 0.0000, 0.0000, 0.0000, 0.0000]])
tensor([[0.2945, 1.0000, 0.0000, 0.0000, 0.0000, 0.0000]])
tensor([[0.3057, 1.0000, 0.0000, 0.0000, 0.0000, 0.0000]])
tensor([[0.7409, 1.0000, 0.0000, 0.0000, 0.0000, 0.0000]])
tensor([[0.8303, 1.0000, 0.0000, 0.0000, 0.0000, 0.0000]])
tensor([[-0.1425,  1.0000,  0.0000,  0.0000,  0.0000,  0.0000]])
tensor([[-0.4520,  1.0000,  0.0000,  0.0000,  0.0000,  0.0000]])
tensor([[-0.7596,  1.0000,  0.0000,  0.0000,  0.0000,  0.0000]])
tensor([[-0.9213,  1.0000,  0.0000,  1.0000,  0.0000,  0.0000]])
tensor([[0.2227, 1.0000, 0.0000, 0.0000, 0.0000, 0.0000]])
tensor([[0.9568, 1.0000, 0.0000, 0.0000, 0.0000, 0.0000]])
tensor([[0.8883, 1.0000, 0.0000, 0.0000, 0.0000, 0.0000]])
tensor([[0.8419, 1.0000, 0.0000, 0.0000, 0.0000, 0.0000]])
tensor([[0.5263, 1.0000, 0.0000, 0.0000, 0.0000, 0.0000]])
tensor([[0.8537, 1.0000, 0.0000, 0.0000, 0.0000, 0.0000]])
tensor([[0.2907, 1.0000, 0.0000, 0.0000, 1.0000, 0.0000]])
tensor([[-0.3607,  1.0000,  0.0000,  0.0000,  0.0000,  0.0000]])
tensor([[0.7245, 1.0000, 0.0000, 0.0000, 0.0000, 0.0000]])
tensor([[0.4821, 1.0000, 0.0000, 0.0000, 0.0000, 0.0000]])
tensor([[-0.6428,  1.0000,  0.0000,  0.0000,  0.0000,  0.0000]])
tensor([[0.9443, 1.0000, 0.0000, 0.0000, 0.0000, 0.0000]])
tensor([[0.9167, 1.0000, 0.0000, 0.0000, 0.0000, 0.0000]])
tensor([[0.2289, 1.0000, 0.0000, 0.0000, 0.0000, 0.0000]])
tensor([[0.7857, 1.0000, 1.0000, 0.0000, 0.0000, 0.0000]])
tensor([[-0.8845,  1.0000,  0.0000,  0.0000,  0.0000,  0.0000]])
tensor([[-0.4810,  1.0000,  0.0000,  0.0000,  0.0000,  0.0000]])
tensor([[-0.5312,  1.0000,  0.0000,  0.0000,  0.0000,  0.0000]])
tensor([[0.8843, 1.0000, 0.0000, 0.0000, 0.0000, 0.0000]])
tensor([[-0.0973,  1.0000,  0.0000,  0.0000,  0.0000,  0.0000]])
tensor([[0.5635, 1.0000, 0.0000, 0.0000, 0.0000, 0.0000]])
tensor([[0.8456, 1.0000, 0.0000, 0.0000, 0.0000, 0.0000]])
tensor([[0.9484, 1.0000, 0.0000, 0.0000, 0.0000, 0.0000]])
tensor([[0.2415, 1.0000, 0.0000, 0.0000, 0.0000, 0.0000]])
tensor([[-0.8748,  1.0000,  0.0000,  0.0000,  0.0000,  0.0000]])
tensor([[-0.3658,  1.0000,  0.0000,  0.0000,  0.0000,  0.0000]])
tensor([[0.8437, 1.0000, 0.0000, 0.0000, 0.0000, 0.0000]])
tensor([[0.6441, 1.0000, 0.0000, 0.0000, 0.0000, 0.0000]])
tensor([[0.4061, 1.0000, 0.0000, 0.0000, 0.0000, 0.0000]])
tensor([[-0.1509,  1.0000,  0.0000,  0.0000,  0.0000,  0.0000]])
tensor([[0.8355, 1.0000, 0.0000, 0.0000, 0.0000, 0.0000]])
tensor([[-0.3860,  1.0000,  0.0000,  0.0000,  0.0000,  0.0000]])
tensor([[-0.0148,  1.0000,  0.0000,  0.0000,  0.0000,  0.0000]])
tensor([[0.8991, 1.0000, 1.0000, 0.0000, 1.0000, 0.0000]])
tensor([[0.5850, 1.0000, 0.0000, 0.0000, 0.0000, 0.0000]])
tensor([[0.2707, 1.0000, 0.0000, 0.0000, 0.0000, 0.0000]])
tensor([[0.2538, 1.0000, 0.0000, 0.0000, 0.0000, 0.0000]])
tensor([[-0.2998,  1.0000,  0.0000,  0.0000,  0.0000,  0.0000]])
tensor([[0.9422, 1.0000, 0.0000, 0.0000, 0.0000, 0.0000]])
tensor([[-0.4264,  1.0000,  0.0000,  0.0000,  0.0000,  0.0000]])
tensor([[-0.4333,  1.0000,  0.0000,  0.0000,  0.0000,  0.0000]])
tensor([[0.9684, 1.0000, 0.0000, 0.0000, 0.0000, 0.0000]])
tensor([[-0.3038,  1.0000,  0.0000,  0.0000,  0.0000,  0.0000]])
tensor([[0.7832, 1.0000, 0.0000, 0.0000, 0.0000, 0.0000]])
tensor([[0.6334, 1.0000, 0.0000, 0.0000, 0.0000, 0.0000]])
tensor([[0.5364, 1.0000, 0.0000, 1.0000, 0.0000, 0.0000]])
tensor([[0.6412, 1.0000, 0.0000, 0.0000, 0.0000, 0.0000]])
tensor([[-0.6312,  1.0000,  0.0000,  0.0000,  0.0000,  0.0000]])
INFO:root:Agent 0 (TQCars): avg action time = 0.0009s
tensor([[0.8933, 1.0000, 0.0000, 0.0000, 0.0000, 0.0000]])
tensor([[0.5015, 1.0000, 0.0000, 0.0000, 0.0000, 0.0000]])
tensor([[-0.7172,  1.0000,  0.0000,  0.0000,  0.0000,  0.0000]])
tensor([[0.2546, 1.0000, 1.0000, 0.0000, 0.0000, 0.0000]])
tensor([[-0.0176,  1.0000,  0.0000,  0.0000,  0.0000,  0.0000]])
tensor([[0.1554, 1.0000, 0.0000, 0.0000, 0.0000, 0.0000]])
tensor([[0.8730, 1.0000, 0.0000, 0.0000, 0.0000, 0.0000]])
tensor([[0.8854, 1.0000, 0.0000, 0.0000, 0.0000, 0.0000]])
tensor([[0.8907, 1.0000, 0.0000, 0.0000, 0.0000, 0.0000]])
tensor([[-0.9476,  1.0000,  0.0000,  0.0000,  0.0000,  0.0000]])
tensor([[-0.4246,  1.0000,  0.0000,  0.0000,  0.0000,  0.0000]])
tensor([[0.9696, 1.0000, 0.0000, 0.0000, 0.0000, 0.0000]])
tensor([[0.6075, 1.0000, 0.0000, 0.0000, 0.0000, 0.0000]])
tensor([[0.0189, 1.0000, 0.0000, 0.0000, 0.0000, 0.0000]])
tensor([[0.1128, 0.0000, 0.0000, 0.0000, 0.0000, 0.0000]])
tensor([[0.6206, 1.0000, 0.0000, 0.0000, 0.0000, 0.0000]])
tensor([[-0.8699,  1.0000,  0.0000,  0.0000,  0.0000,  0.0000]])
tensor([[0.8893, 1.0000, 0.0000, 0.0000, 0.0000, 0.0000]])
tensor([[0.6815, 1.0000, 0.0000, 0.0000, 0.0000, 0.0000]])
tensor([[-0.3880,  1.0000,  0.0000,  0.0000,  0.0000,  0.0000]])
tensor([[-0.2000,  1.0000,  0.0000,  0.0000,  0.0000,  0.0000]])
tensor([[0.7780, 1.0000, 0.0000, 0.0000, 0.0000, 0.0000]])
tensor([[0.8999, 1.0000, 0.0000, 1.0000, 0.0000, 0.0000]])
tensor([[0.2651, 1.0000, 0.0000, 0.0000, 0.0000, 0.0000]])
tensor([[-0.8687,  1.0000,  0.0000,  0.0000,  0.0000,  0.0000]])
tensor([[0.1994, 1.0000, 0.0000, 0.0000, 0.0000, 0.0000]])
tensor([[0.3219, 1.0000, 0.0000, 0.0000, 0.0000, 0.0000]])
tensor([[0.8973, 1.0000, 0.0000, 0.0000, 0.0000, 0.0000]])
tensor([[-0.8652,  1.0000,  0.0000,  0.0000,  0.0000,  0.0000]])
tensor([[-0.4980,  1.0000,  0.0000,  0.0000,  0.0000,  0.0000]])
tensor([[-0.5328,  1.0000,  0.0000,  0.0000,  0.0000,  0.0000]])
tensor([[-0.4297,  1.0000,  0.0000,  0.0000,  0.0000,  0.0000]])
tensor([[-0.2345,  1.0000,  0.0000,  0.0000,  0.0000,  0.0000]])
tensor([[0.8289, 1.0000, 0.0000, 0.0000, 0.0000, 0.0000]])
tensor([[0.7983, 1.0000, 0.0000, 0.0000, 0.0000, 0.0000]])
tensor([[-0.7134,  1.0000,  0.0000,  0.0000,  0.0000,  0.0000]])
tensor([[0.5870, 1.0000, 0.0000, 0.0000, 0.0000, 0.0000]])
tensor([[0.5787, 1.0000, 0.0000, 0.0000, 0.0000, 0.0000]])
tensor([[-0.9714,  1.0000,  0.0000,  0.0000,  0.0000,  0.0000]])
tensor([[-0.6873,  1.0000,  0.0000,  0.0000,  0.0000,  0.0000]])
tensor([[0.1524, 1.0000, 0.0000, 0.0000, 0.0000, 0.0000]])
tensor([[-0.5043,  1.0000,  0.0000,  0.0000,  0.0000,  0.0000]])
tensor([[-0.6343,  1.0000,  0.0000,  0.0000,  0.0000,  0.0000]])
tensor([[-0.7857,  1.0000,  0.0000,  0.0000,  0.0000,  0.0000]])
tensor([[-0.5040,  1.0000,  0.0000,  0.0000,  0.0000,  0.0000]])
tensor([[0.8568, 1.0000, 0.0000, 0.0000, 0.0000, 0.0000]])
tensor([[0.9150, 1.0000, 0.0000, 0.0000, 0.0000, 0.0000]])
tensor([[0.5559, 1.0000, 0.0000, 0.0000, 0.0000, 0.0000]])
tensor([[-0.2877,  1.0000,  0.0000,  0.0000,  0.0000,  0.0000]])
tensor([[0.1470, 1.0000, 0.0000, 0.0000, 0.0000, 0.0000]])
tensor([[-0.8721,  1.0000,  0.0000,  0.0000,  0.0000,  0.0000]])
tensor([[0.4491, 1.0000, 0.0000, 0.0000, 0.0000, 0.0000]])
tensor([[0.1608, 1.0000, 0.0000, 0.0000, 0.0000, 0.0000]])
tensor([[-0.6861,  1.0000,  0.0000,  0.0000,  0.0000,  0.0000]])
tensor([[-0.9370,  1.0000,  0.0000,  0.0000,  0.0000,  0.0000]])
{"type": "results", "track": "scotland", "results": [{"key": 0, "reward": 10.270849609375, "position": 4, "name": "TQCars", "avg_action_time": 0.0009477417072004805}]}
