INFO:root:Loading the agents
INFO:root:Loaded player TQCars
INFO:root:Creating pystk-1
INFO:root:Adding wrapper <function get_wrappers.<locals>.<lambda> at 0x77342f0ff420>
INFO:root:Adding wrapper <function get_wrappers.<locals>.<lambda> at 0x77342f0ff4c0>
INFO:root:Adding wrapper <function get_wrappers.<locals>.<lambda> at 0x77342f0ff560>
INFO:root:Adding wrapper <function get_wrappers.<locals>.<lambda> at 0x77342f0ff600>
INFO:root:(multi-env mono adapter) Setting main environment max_paths to 5
INFO:root:Loading trained model from CHECKPOINT-GPUFAC/tqc_EXP16BASEREWARD_600000.pt...
INFO:root:Starting a race
tensor([[0.5663, 1.0000, 0.0000, 0.0000, 0.0000, 0.0000]])
tensor([[0.5056, 1.0000, 1.0000, 0.0000, 0.0000, 0.0000]])
tensor([[-0.0692,  1.0000,  0.0000,  0.0000,  0.0000,  0.0000]])
tensor([[-0.0420,  1.0000,  0.0000,  0.0000,  0.0000,  0.0000]])
tensor([[-0.8488,  1.0000,  0.0000,  0.0000,  0.0000,  0.0000]])
tensor([[0.3862, 1.0000, 0.0000, 0.0000, 0.0000, 0.0000]])
tensor([[-0.6634,  1.0000,  0.0000,  0.0000,  0.0000,  0.0000]])
tensor([[-0.5219,  1.0000,  0.0000,  0.0000,  0.0000,  0.0000]])
tensor([[-0.3438,  1.0000,  1.0000,  0.0000,  0.0000,  0.0000]])
tensor([[-0.1488,  1.0000,  0.0000,  0.0000,  0.0000,  0.0000]])
tensor([[-0.2609,  1.0000,  0.0000,  0.0000,  0.0000,  0.0000]])
tensor([[0.3488, 1.0000, 0.0000, 0.0000, 0.0000, 0.0000]])
tensor([[0.0189, 1.0000, 0.0000, 0.0000, 0.0000, 0.0000]])
tensor([[-0.3021,  1.0000,  0.0000,  0.0000,  0.0000,  0.0000]])
tensor([[0.8120, 0.0000, 0.0000, 0.0000, 0.0000, 0.0000]])
tensor([[-0.6035,  1.0000,  0.0000,  0.0000,  0.0000,  0.0000]])
tensor([[0.3524, 1.0000, 0.0000, 0.0000, 0.0000, 0.0000]])
tensor([[-0.0730,  1.0000,  0.0000,  0.0000,  0.0000,  0.0000]])
tensor([[0.5817, 1.0000, 0.0000, 0.0000, 0.0000, 0.0000]])
tensor([[0.4972, 1.0000, 0.0000, 0.0000, 0.0000, 0.0000]])
tensor([[0.3940, 1.0000, 0.0000, 0.0000, 0.0000, 0.0000]])
tensor([[-0.1657,  1.0000,  0.0000,  0.0000,  0.0000,  0.0000]])
tensor([[0.6788, 1.0000, 0.0000, 0.0000, 0.0000, 0.0000]])
tensor([[0.3375, 1.0000, 0.0000, 0.0000, 0.0000, 0.0000]])
tensor([[-0.8402,  1.0000,  0.0000,  0.0000,  0.0000,  0.0000]])
tensor([[0.8691, 1.0000, 0.0000, 0.0000, 0.0000, 0.0000]])
tensor([[0.7749, 1.0000, 0.0000, 0.0000, 0.0000, 0.0000]])
tensor([[-0.7854,  1.0000,  0.0000,  0.0000,  0.0000,  0.0000]])
tensor([[-0.7037,  1.0000,  0.0000,  0.0000,  0.0000,  0.0000]])
tensor([[-0.9604,  1.0000,  0.0000,  0.0000,  0.0000,  0.0000]])
tensor([[0.5453, 1.0000, 0.0000, 0.0000, 0.0000, 0.0000]])
tensor([[-0.9778,  1.0000,  0.0000,  0.0000,  0.0000,  0.0000]])
tensor([[-0.8358,  1.0000,  0.0000,  0.0000,  0.0000,  0.0000]])
tensor([[0.4015, 1.0000, 0.0000, 0.0000, 0.0000, 0.0000]])
tensor([[-0.4244,  1.0000,  0.0000,  0.0000,  0.0000,  0.0000]])
tensor([[-0.9780,  1.0000,  0.0000,  0.0000,  0.0000,  0.0000]])
tensor([[-0.9585,  1.0000,  0.0000,  0.0000,  0.0000,  0.0000]])
tensor([[-0.1181,  1.0000,  0.0000,  0.0000,  0.0000,  0.0000]])
tensor([[-0.5588,  1.0000,  0.0000,  0.0000,  0.0000,  0.0000]])
tensor([[-0.4837,  1.0000,  0.0000,  0.0000,  0.0000,  0.0000]])
tensor([[-0.8207,  1.0000,  0.0000,  0.0000,  0.0000,  0.0000]])
tensor([[-0.4910,  1.0000,  0.0000,  0.0000,  0.0000,  0.0000]])
tensor([[-0.9116,  1.0000,  0.0000,  0.0000,  0.0000,  0.0000]])
tensor([[-0.6337,  1.0000,  0.0000,  0.0000,  0.0000,  0.0000]])
tensor([[-0.5649,  1.0000,  0.0000,  0.0000,  0.0000,  0.0000]])
tensor([[-0.9939,  1.0000,  0.0000,  0.0000,  0.0000,  0.0000]])
tensor([[-0.9523,  0.0000,  0.0000,  1.0000,  0.0000,  0.0000]])
tensor([[-0.7918,  1.0000,  0.0000,  0.0000,  0.0000,  0.0000]])
tensor([[-0.3557,  1.0000,  0.0000,  0.0000,  0.0000,  0.0000]])
tensor([[-0.5153,  1.0000,  0.0000,  0.0000,  0.0000,  0.0000]])
tensor([[0.7721, 1.0000, 0.0000, 0.0000, 0.0000, 0.0000]])
tensor([[0.7425, 1.0000, 1.0000, 0.0000, 0.0000, 0.0000]])
tensor([[0.2123, 1.0000, 0.0000, 0.0000, 0.0000, 0.0000]])
tensor([[0.4112, 1.0000, 0.0000, 0.0000, 0.0000, 0.0000]])
tensor([[-0.8886,  1.0000,  1.0000,  0.0000,  0.0000,  0.0000]])
tensor([[-0.9977,  1.0000,  0.0000,  0.0000,  0.0000,  0.0000]])
tensor([[0.1927, 1.0000, 0.0000, 0.0000, 0.0000, 0.0000]])
tensor([[0.8645, 1.0000, 0.0000, 0.0000, 0.0000, 0.0000]])
tensor([[-0.8989,  1.0000,  0.0000,  0.0000,  0.0000,  0.0000]])
tensor([[-0.0300,  1.0000,  0.0000,  0.0000,  0.0000,  0.0000]])
tensor([[-0.6729,  1.0000,  0.0000,  1.0000,  0.0000,  0.0000]])
tensor([[-0.8706,  1.0000,  0.0000,  0.0000,  0.0000,  0.0000]])
tensor([[-0.4500,  1.0000,  0.0000,  0.0000,  0.0000,  0.0000]])
tensor([[-0.6029,  1.0000,  0.0000,  0.0000,  0.0000,  0.0000]])
tensor([[-0.3068,  1.0000,  0.0000,  0.0000,  0.0000,  0.0000]])
tensor([[0.0705, 1.0000, 0.0000, 1.0000, 0.0000, 0.0000]])
tensor([[-0.9346,  1.0000,  0.0000,  0.0000,  0.0000,  0.0000]])
tensor([[0.5538, 1.0000, 0.0000, 0.0000, 0.0000, 0.0000]])
tensor([[-0.5011,  1.0000,  1.0000,  0.0000,  0.0000,  0.0000]])
tensor([[-0.9693,  1.0000,  0.0000,  0.0000,  0.0000,  0.0000]])
tensor([[0.7570, 1.0000, 1.0000, 0.0000, 0.0000, 0.0000]])
tensor([[0.9198, 1.0000, 0.0000, 0.0000, 0.0000, 0.0000]])
tensor([[0.6520, 1.0000, 0.0000, 0.0000, 0.0000, 0.0000]])
tensor([[0.7548, 1.0000, 0.0000, 0.0000, 0.0000, 0.0000]])
tensor([[-0.3965,  1.0000,  0.0000,  0.0000,  0.0000,  0.0000]])
tensor([[0.7954, 1.0000, 0.0000, 0.0000, 0.0000, 0.0000]])
tensor([[0.8305, 0.0000, 0.0000, 0.0000, 0.0000, 0.0000]])
tensor([[0.8251, 1.0000, 0.0000, 0.0000, 0.0000, 0.0000]])
tensor([[0.4724, 1.0000, 0.0000, 0.0000, 0.0000, 0.0000]])
tensor([[0.5690, 1.0000, 0.0000, 0.0000, 0.0000, 0.0000]])
tensor([[-0.0098,  1.0000,  0.0000,  0.0000,  0.0000,  0.0000]])
tensor([[0.8818, 1.0000, 0.0000, 0.0000, 0.0000, 0.0000]])
tensor([[0.9289, 1.0000, 0.0000, 1.0000, 0.0000, 0.0000]])
tensor([[0.8529, 1.0000, 0.0000, 0.0000, 0.0000, 0.0000]])
tensor([[0.6428, 1.0000, 0.0000, 1.0000, 0.0000, 0.0000]])
tensor([[0.8547, 1.0000, 0.0000, 0.0000, 0.0000, 0.0000]])
tensor([[0.0997, 1.0000, 0.0000, 0.0000, 0.0000, 0.0000]])
tensor([[-0.0747,  1.0000,  0.0000,  0.0000,  0.0000,  0.0000]])
tensor([[0.5473, 1.0000, 0.0000, 0.0000, 0.0000, 0.0000]])
tensor([[0.9263, 1.0000, 0.0000, 0.0000, 0.0000, 0.0000]])
tensor([[0.7402, 1.0000, 0.0000, 1.0000, 0.0000, 0.0000]])
tensor([[-0.2749,  1.0000,  0.0000,  0.0000,  0.0000,  0.0000]])
tensor([[-0.7315,  1.0000,  0.0000,  0.0000,  0.0000,  0.0000]])
tensor([[-0.9677,  1.0000,  0.0000,  0.0000,  0.0000,  0.0000]])
tensor([[0.1694, 1.0000, 0.0000, 0.0000, 0.0000, 0.0000]])
tensor([[-0.6581,  1.0000,  1.0000,  0.0000,  0.0000,  0.0000]])
tensor([[0.0157, 1.0000, 0.0000, 0.0000, 0.0000, 0.0000]])
tensor([[-0.7617,  1.0000,  1.0000,  0.0000,  0.0000,  0.0000]])
tensor([[0.8070, 1.0000, 0.0000, 0.0000, 0.0000, 0.0000]])
tensor([[0.5509, 1.0000, 0.0000, 0.0000, 0.0000, 0.0000]])
tensor([[0.1146, 1.0000, 0.0000, 0.0000, 0.0000, 0.0000]])
tensor([[0.5365, 1.0000, 0.0000, 0.0000, 0.0000, 0.0000]])
tensor([[0.3215, 1.0000, 0.0000, 0.0000, 0.0000, 0.0000]])
tensor([[-0.1008,  1.0000,  0.0000,  0.0000,  0.0000,  0.0000]])
tensor([[-0.3278,  1.0000,  0.0000,  0.0000,  0.0000,  0.0000]])
tensor([[-0.8983,  1.0000,  0.0000,  0.0000,  0.0000,  0.0000]])
tensor([[0.5873, 1.0000, 0.0000, 0.0000, 0.0000, 0.0000]])
tensor([[-0.7295,  1.0000,  0.0000,  0.0000,  0.0000,  0.0000]])
tensor([[0.3979, 1.0000, 0.0000, 0.0000, 0.0000, 0.0000]])
tensor([[-0.0297,  1.0000,  0.0000,  0.0000,  0.0000,  0.0000]])
tensor([[0.4595, 1.0000, 0.0000, 0.0000, 0.0000, 0.0000]])
tensor([[-0.5617,  1.0000,  0.0000,  0.0000,  0.0000,  0.0000]])
tensor([[-0.5076,  1.0000,  0.0000,  0.0000,  0.0000,  0.0000]])
tensor([[-0.6800,  1.0000,  0.0000,  0.0000,  0.0000,  0.0000]])
tensor([[-0.5872,  1.0000,  0.0000,  0.0000,  0.0000,  0.0000]])
tensor([[0.7721, 1.0000, 0.0000, 0.0000, 0.0000, 0.0000]])
tensor([[-0.4993,  1.0000,  0.0000,  0.0000,  0.0000,  0.0000]])
tensor([[0.3054, 1.0000, 0.0000, 0.0000, 0.0000, 0.0000]])
tensor([[-0.5515,  1.0000,  0.0000,  0.0000,  0.0000,  0.0000]])
tensor([[0.6206, 1.0000, 0.0000, 0.0000, 0.0000, 0.0000]])
tensor([[0.0918, 1.0000, 0.0000, 0.0000, 0.0000, 0.0000]])
tensor([[-0.8778,  0.0000,  0.0000,  0.0000,  0.0000,  0.0000]])
tensor([[-0.1190,  1.0000,  0.0000,  0.0000,  0.0000,  0.0000]])
tensor([[-0.8131,  1.0000,  0.0000,  0.0000,  0.0000,  0.0000]])
tensor([[-0.1743,  1.0000,  0.0000,  0.0000,  1.0000,  0.0000]])
tensor([[-0.8911,  1.0000,  0.0000,  0.0000,  0.0000,  0.0000]])
tensor([[-0.2769,  0.0000,  0.0000,  0.0000,  0.0000,  0.0000]])
tensor([[-0.5893,  1.0000,  0.0000,  0.0000,  0.0000,  0.0000]])
tensor([[-0.8664,  1.0000,  0.0000,  0.0000,  1.0000,  0.0000]])
tensor([[-0.7613,  1.0000,  0.0000,  0.0000,  0.0000,  0.0000]])
tensor([[-0.7821,  1.0000,  0.0000,  0.0000,  0.0000,  0.0000]])
tensor([[-0.9008,  1.0000,  0.0000,  0.0000,  0.0000,  0.0000]])
tensor([[0.1892, 1.0000, 0.0000, 0.0000, 0.0000, 0.0000]])
tensor([[-0.8184,  1.0000,  0.0000,  0.0000,  0.0000,  0.0000]])
tensor([[-0.2179,  1.0000,  0.0000,  0.0000,  0.0000,  0.0000]])
tensor([[-0.4322,  1.0000,  0.0000,  0.0000,  0.0000,  0.0000]])
tensor([[-0.1433,  1.0000,  0.0000,  0.0000,  0.0000,  0.0000]])
tensor([[-0.7080,  1.0000,  0.0000,  0.0000,  0.0000,  0.0000]])
tensor([[-0.0461,  1.0000,  0.0000,  0.0000,  0.0000,  0.0000]])
tensor([[0.4107, 1.0000, 0.0000, 0.0000, 0.0000, 0.0000]])
tensor([[-0.7537,  1.0000,  0.0000,  0.0000,  0.0000,  0.0000]])
tensor([[-0.7900,  1.0000,  0.0000,  1.0000,  0.0000,  0.0000]])
tensor([[-0.8718,  1.0000,  0.0000,  0.0000,  0.0000,  0.0000]])
tensor([[-0.3975,  1.0000,  0.0000,  0.0000,  0.0000,  0.0000]])
tensor([[0.7290, 1.0000, 0.0000, 0.0000, 0.0000, 0.0000]])
tensor([[0.7655, 1.0000, 0.0000, 0.0000, 1.0000, 0.0000]])
tensor([[-0.9982,  1.0000,  0.0000,  0.0000,  0.0000,  0.0000]])
tensor([[-0.8636,  1.0000,  0.0000,  0.0000,  0.0000,  0.0000]])
tensor([[-0.8328,  1.0000,  0.0000,  0.0000,  0.0000,  0.0000]])
tensor([[-0.2885,  0.0000,  0.0000,  0.0000,  0.0000,  0.0000]])
tensor([[-0.6550,  1.0000,  0.0000,  0.0000,  0.0000,  0.0000]])
tensor([[-0.7086,  1.0000,  0.0000,  0.0000,  0.0000,  0.0000]])
tensor([[-0.2413,  1.0000,  0.0000,  0.0000,  0.0000,  0.0000]])
tensor([[0.9581, 1.0000, 0.0000, 0.0000, 0.0000, 0.0000]])
tensor([[0.5906, 1.0000, 0.0000, 0.0000, 0.0000, 0.0000]])
tensor([[0.3236, 1.0000, 0.0000, 0.0000, 0.0000, 0.0000]])
tensor([[0.5113, 1.0000, 0.0000, 0.0000, 0.0000, 0.0000]])
tensor([[0.4087, 1.0000, 0.0000, 0.0000, 0.0000, 0.0000]])
tensor([[-0.5196,  1.0000,  0.0000,  0.0000,  0.0000,  0.0000]])
tensor([[-0.5454,  1.0000,  0.0000,  0.0000,  0.0000,  0.0000]])
tensor([[0.8293, 1.0000, 0.0000, 0.0000, 0.0000, 0.0000]])
tensor([[0.8113, 1.0000, 0.0000, 0.0000, 0.0000, 0.0000]])
tensor([[0.4908, 1.0000, 0.0000, 0.0000, 0.0000, 0.0000]])
tensor([[0.1404, 1.0000, 0.0000, 0.0000, 0.0000, 0.0000]])
tensor([[0.4912, 1.0000, 0.0000, 0.0000, 0.0000, 0.0000]])
tensor([[0.2951, 1.0000, 0.0000, 0.0000, 0.0000, 0.0000]])
tensor([[0.3491, 1.0000, 0.0000, 0.0000, 0.0000, 0.0000]])
tensor([[-0.8573,  0.0000,  0.0000,  0.0000,  0.0000,  0.0000]])
tensor([[0.7982, 1.0000, 0.0000, 0.0000, 0.0000, 0.0000]])
tensor([[-0.7275,  1.0000,  0.0000,  0.0000,  0.0000,  0.0000]])
tensor([[-0.3986,  1.0000,  0.0000,  0.0000,  0.0000,  0.0000]])
tensor([[-0.3757,  1.0000,  0.0000,  0.0000,  0.0000,  0.0000]])
tensor([[-0.5804,  0.0000,  0.0000,  0.0000,  0.0000,  0.0000]])
tensor([[-0.4475,  1.0000,  0.0000,  0.0000,  0.0000,  0.0000]])
tensor([[-0.1125,  0.0000,  0.0000,  0.0000,  0.0000,  0.0000]])
tensor([[-0.6789,  1.0000,  0.0000,  0.0000,  0.0000,  0.0000]])
tensor([[-0.8941,  1.0000,  0.0000,  0.0000,  0.0000,  0.0000]])
tensor([[0.1092, 1.0000, 0.0000, 0.0000, 0.0000, 0.0000]])
tensor([[-0.6155,  1.0000,  0.0000,  0.0000,  0.0000,  0.0000]])
tensor([[0.7732, 1.0000, 0.0000, 0.0000, 0.0000, 0.0000]])
tensor([[0.7376, 1.0000, 0.0000, 1.0000, 0.0000, 0.0000]])
tensor([[-0.8092,  1.0000,  0.0000,  0.0000,  0.0000,  0.0000]])
tensor([[-0.1134,  0.0000,  0.0000,  1.0000,  0.0000,  0.0000]])
tensor([[-0.4835,  1.0000,  0.0000,  0.0000,  0.0000,  0.0000]])
tensor([[0.1766, 1.0000, 0.0000, 0.0000, 0.0000, 0.0000]])
tensor([[0.3532, 1.0000, 0.0000, 0.0000, 0.0000, 0.0000]])
tensor([[-0.0464,  1.0000,  1.0000,  0.0000,  0.0000,  0.0000]])
tensor([[0.8740, 1.0000, 0.0000, 0.0000, 0.0000, 0.0000]])
tensor([[-0.0294,  1.0000,  0.0000,  0.0000,  0.0000,  0.0000]])
tensor([[0.8802, 1.0000, 0.0000, 0.0000, 0.0000, 0.0000]])
tensor([[-0.0108,  1.0000,  0.0000,  0.0000,  0.0000,  0.0000]])
tensor([[0.5864, 1.0000, 0.0000, 0.0000, 0.0000, 0.0000]])
tensor([[0.3993, 1.0000, 0.0000, 0.0000, 0.0000, 0.0000]])
tensor([[0.0402, 1.0000, 0.0000, 0.0000, 0.0000, 0.0000]])
tensor([[0.0519, 1.0000, 0.0000, 0.0000, 0.0000, 0.0000]])
tensor([[0.2102, 1.0000, 0.0000, 0.0000, 0.0000, 0.0000]])
tensor([[0.9291, 1.0000, 0.0000, 0.0000, 0.0000, 0.0000]])
tensor([[-0.4301,  1.0000,  0.0000,  0.0000,  0.0000,  0.0000]])
tensor([[0.0072, 1.0000, 0.0000, 0.0000, 0.0000, 0.0000]])
tensor([[0.6325, 1.0000, 0.0000, 0.0000, 0.0000, 0.0000]])
tensor([[0.6986, 1.0000, 0.0000, 0.0000, 0.0000, 0.0000]])
tensor([[0.6291, 1.0000, 0.0000, 0.0000, 0.0000, 0.0000]])
tensor([[0.6037, 1.0000, 0.0000, 0.0000, 0.0000, 0.0000]])
tensor([[-0.9718,  1.0000,  0.0000,  0.0000,  0.0000,  0.0000]])
tensor([[0.6088, 1.0000, 0.0000, 0.0000, 0.0000, 0.0000]])
tensor([[-0.0116,  1.0000,  0.0000,  0.0000,  0.0000,  0.0000]])
tensor([[0.5254, 1.0000, 0.0000, 0.0000, 0.0000, 0.0000]])
tensor([[-0.2951,  1.0000,  0.0000,  0.0000,  0.0000,  0.0000]])
tensor([[-0.7332,  1.0000,  0.0000,  0.0000,  0.0000,  0.0000]])
tensor([[-0.9730,  1.0000,  0.0000,  0.0000,  0.0000,  0.0000]])
tensor([[0.9592, 1.0000, 0.0000, 0.0000, 0.0000, 0.0000]])
tensor([[-0.9166,  1.0000,  0.0000,  0.0000,  0.0000,  0.0000]])
tensor([[0.3191, 1.0000, 0.0000, 0.0000, 0.0000, 0.0000]])
tensor([[-0.9220,  1.0000,  0.0000,  0.0000,  0.0000,  0.0000]])
tensor([[-0.8501,  1.0000,  0.0000,  0.0000,  0.0000,  0.0000]])
tensor([[-0.7632,  1.0000,  0.0000,  0.0000,  0.0000,  0.0000]])
tensor([[-0.8428,  1.0000,  0.0000,  0.0000,  0.0000,  0.0000]])
tensor([[-0.9757,  1.0000,  0.0000,  0.0000,  0.0000,  0.0000]])
tensor([[-0.9055,  1.0000,  1.0000,  0.0000,  0.0000,  0.0000]])
tensor([[-0.1943,  1.0000,  0.0000,  0.0000,  0.0000,  0.0000]])
tensor([[-0.7841,  1.0000,  0.0000,  0.0000,  0.0000,  0.0000]])
tensor([[-0.5679,  0.0000,  0.0000,  0.0000,  0.0000,  0.0000]])
tensor([[-0.3820,  1.0000,  1.0000,  0.0000,  0.0000,  0.0000]])
tensor([[-0.8187,  1.0000,  0.0000,  0.0000,  0.0000,  0.0000]])
tensor([[-0.4191,  1.0000,  1.0000,  0.0000,  0.0000,  0.0000]])
tensor([[0.2703, 1.0000, 0.0000, 0.0000, 0.0000, 0.0000]])
tensor([[-0.6833,  1.0000,  0.0000,  0.0000,  0.0000,  0.0000]])
tensor([[-0.0174,  1.0000,  0.0000,  0.0000,  0.0000,  0.0000]])
tensor([[-0.6446,  1.0000,  0.0000,  0.0000,  0.0000,  0.0000]])
tensor([[-0.8515,  1.0000,  1.0000,  0.0000,  0.0000,  0.0000]])
tensor([[-0.3443,  1.0000,  0.0000,  0.0000,  0.0000,  0.0000]])
tensor([[-0.8576,  1.0000,  0.0000,  0.0000,  0.0000,  0.0000]])
tensor([[-0.0099,  1.0000,  0.0000,  0.0000,  0.0000,  0.0000]])
tensor([[-0.6860,  1.0000,  0.0000,  0.0000,  0.0000,  0.0000]])
tensor([[-0.5607,  1.0000,  0.0000,  0.0000,  0.0000,  0.0000]])
tensor([[-0.9240,  1.0000,  0.0000,  0.0000,  0.0000,  0.0000]])
tensor([[-0.9825,  1.0000,  0.0000,  0.0000,  0.0000,  0.0000]])
tensor([[-0.7333,  1.0000,  0.0000,  0.0000,  0.0000,  0.0000]])
tensor([[-0.8841,  1.0000,  0.0000,  0.0000,  0.0000,  0.0000]])
tensor([[-0.8505,  1.0000,  0.0000,  0.0000,  0.0000,  0.0000]])
tensor([[-0.7044,  1.0000,  0.0000,  0.0000,  0.0000,  0.0000]])
tensor([[-0.7984,  1.0000,  0.0000,  0.0000,  0.0000,  0.0000]])
tensor([[-0.6588,  1.0000,  0.0000,  0.0000,  0.0000,  0.0000]])
tensor([[-0.0017,  1.0000,  0.0000,  0.0000,  0.0000,  0.0000]])
tensor([[0.3683, 1.0000, 0.0000, 0.0000, 0.0000, 0.0000]])
tensor([[0.5379, 1.0000, 0.0000, 0.0000, 0.0000, 0.0000]])
tensor([[0.3827, 1.0000, 0.0000, 0.0000, 0.0000, 0.0000]])
tensor([[0.1514, 1.0000, 0.0000, 0.0000, 0.0000, 0.0000]])
tensor([[-0.0880,  1.0000,  0.0000,  0.0000,  0.0000,  0.0000]])
tensor([[0.8248, 1.0000, 0.0000, 0.0000, 0.0000, 0.0000]])
tensor([[-0.3822,  1.0000,  0.0000,  0.0000,  0.0000,  0.0000]])
tensor([[-0.9567,  1.0000,  0.0000,  0.0000,  0.0000,  0.0000]])
tensor([[-0.5807,  1.0000,  0.0000,  0.0000,  0.0000,  0.0000]])
tensor([[-0.6931,  1.0000,  0.0000,  0.0000,  0.0000,  0.0000]])
tensor([[-0.3257,  1.0000,  0.0000,  0.0000,  0.0000,  0.0000]])
tensor([[-0.5494,  1.0000,  0.0000,  0.0000,  0.0000,  0.0000]])
tensor([[-0.6351,  1.0000,  0.0000,  0.0000,  0.0000,  0.0000]])
tensor([[-0.7657,  1.0000,  0.0000,  0.0000,  0.0000,  0.0000]])
tensor([[-0.3851,  1.0000,  0.0000,  0.0000,  0.0000,  0.0000]])
tensor([[0.6930, 1.0000, 0.0000, 0.0000, 0.0000, 0.0000]])
tensor([[0.3626, 1.0000, 0.0000, 0.0000, 0.0000, 0.0000]])
tensor([[-0.2348,  1.0000,  0.0000,  0.0000,  0.0000,  0.0000]])
tensor([[-0.9211,  1.0000,  0.0000,  0.0000,  0.0000,  0.0000]])
tensor([[-0.5851,  1.0000,  0.0000,  0.0000,  0.0000,  0.0000]])
tensor([[-0.4782,  1.0000,  0.0000,  0.0000,  0.0000,  0.0000]])
tensor([[0.2034, 1.0000, 0.0000, 0.0000, 0.0000, 0.0000]])
tensor([[-0.2121,  1.0000,  0.0000,  0.0000,  0.0000,  0.0000]])
tensor([[0.3323, 1.0000, 0.0000, 0.0000, 0.0000, 0.0000]])
tensor([[0.9539, 1.0000, 0.0000, 0.0000, 0.0000, 0.0000]])
tensor([[-0.1421,  1.0000,  0.0000,  0.0000,  0.0000,  0.0000]])
tensor([[0.2225, 1.0000, 0.0000, 0.0000, 0.0000, 0.0000]])
tensor([[0.2703, 1.0000, 0.0000, 0.0000, 0.0000, 0.0000]])
tensor([[0.0018, 1.0000, 0.0000, 0.0000, 0.0000, 0.0000]])
tensor([[0.0315, 1.0000, 0.0000, 0.0000, 0.0000, 0.0000]])
tensor([[0.4662, 1.0000, 0.0000, 0.0000, 0.0000, 0.0000]])
tensor([[0.8164, 1.0000, 0.0000, 0.0000, 0.0000, 0.0000]])
tensor([[-0.2665,  1.0000,  0.0000,  0.0000,  0.0000,  0.0000]])
tensor([[0.8936, 1.0000, 0.0000, 1.0000, 0.0000, 0.0000]])
tensor([[-0.2900,  1.0000,  0.0000,  0.0000,  0.0000,  0.0000]])
tensor([[0.7439, 1.0000, 0.0000, 0.0000, 0.0000, 0.0000]])
tensor([[0.4220, 1.0000, 0.0000, 0.0000, 0.0000, 0.0000]])
tensor([[-0.0816,  1.0000,  0.0000,  0.0000,  0.0000,  0.0000]])
tensor([[0.0132, 1.0000, 0.0000, 0.0000, 0.0000, 0.0000]])
tensor([[-0.6547,  1.0000,  0.0000,  0.0000,  0.0000,  0.0000]])
tensor([[0.7563, 1.0000, 0.0000, 0.0000, 0.0000, 0.0000]])
tensor([[0.8297, 1.0000, 0.0000, 0.0000, 0.0000, 0.0000]])
tensor([[0.9230, 1.0000, 0.0000, 0.0000, 0.0000, 0.0000]])
tensor([[0.8753, 1.0000, 0.0000, 0.0000, 0.0000, 0.0000]])
tensor([[0.8799, 1.0000, 1.0000, 0.0000, 0.0000, 0.0000]])
tensor([[0.8187, 1.0000, 0.0000, 0.0000, 0.0000, 0.0000]])
tensor([[0.9515, 1.0000, 0.0000, 0.0000, 0.0000, 0.0000]])
tensor([[0.8031, 1.0000, 0.0000, 0.0000, 0.0000, 0.0000]])
tensor([[0.6590, 1.0000, 0.0000, 0.0000, 0.0000, 0.0000]])
tensor([[0.7482, 1.0000, 0.0000, 0.0000, 0.0000, 0.0000]])
tensor([[-0.1282,  1.0000,  0.0000,  0.0000,  0.0000,  0.0000]])
tensor([[-0.3094,  1.0000,  0.0000,  0.0000,  0.0000,  0.0000]])
tensor([[0.1850, 1.0000, 0.0000, 0.0000, 0.0000, 0.0000]])
tensor([[-0.8958,  1.0000,  0.0000,  0.0000,  0.0000,  0.0000]])
tensor([[-0.6927,  1.0000,  0.0000,  0.0000,  0.0000,  0.0000]])
tensor([[-0.6057,  1.0000,  0.0000,  0.0000,  0.0000,  0.0000]])
tensor([[-0.4774,  1.0000,  0.0000,  0.0000,  0.0000,  0.0000]])
tensor([[0.6505, 1.0000, 0.0000, 0.0000, 0.0000, 0.0000]])
tensor([[-0.5718,  1.0000,  0.0000,  0.0000,  0.0000,  0.0000]])
tensor([[-0.1835,  1.0000,  0.0000,  0.0000,  0.0000,  0.0000]])
tensor([[0.7391, 1.0000, 0.0000, 0.0000, 0.0000, 0.0000]])
tensor([[0.7538, 1.0000, 0.0000, 0.0000, 0.0000, 0.0000]])
tensor([[0.2101, 1.0000, 0.0000, 0.0000, 0.0000, 0.0000]])
tensor([[0.4750, 1.0000, 0.0000, 0.0000, 0.0000, 0.0000]])
tensor([[0.6501, 1.0000, 0.0000, 0.0000, 0.0000, 0.0000]])
tensor([[0.6466, 1.0000, 0.0000, 0.0000, 0.0000, 0.0000]])
tensor([[0.8011, 1.0000, 0.0000, 0.0000, 0.0000, 0.0000]])
tensor([[0.3988, 1.0000, 0.0000, 0.0000, 0.0000, 0.0000]])
tensor([[0.4286, 1.0000, 0.0000, 0.0000, 0.0000, 0.0000]])
tensor([[-0.7809,  1.0000,  0.0000,  0.0000,  0.0000,  0.0000]])
tensor([[0.5021, 1.0000, 0.0000, 0.0000, 0.0000, 0.0000]])
tensor([[-0.1111,  1.0000,  0.0000,  0.0000,  0.0000,  0.0000]])
tensor([[0.8271, 1.0000, 0.0000, 0.0000, 0.0000, 0.0000]])
tensor([[0.6442, 1.0000, 0.0000, 0.0000, 0.0000, 0.0000]])
tensor([[0.9001, 1.0000, 0.0000, 0.0000, 0.0000, 0.0000]])
tensor([[0.0902, 1.0000, 0.0000, 0.0000, 0.0000, 0.0000]])
tensor([[0.2422, 1.0000, 0.0000, 0.0000, 0.0000, 0.0000]])
tensor([[0.7357, 1.0000, 0.0000, 0.0000, 0.0000, 0.0000]])
tensor([[0.3186, 1.0000, 0.0000, 0.0000, 0.0000, 0.0000]])
tensor([[0.8089, 1.0000, 0.0000, 0.0000, 0.0000, 0.0000]])
tensor([[0.7655, 1.0000, 0.0000, 0.0000, 0.0000, 0.0000]])
tensor([[0.7333, 1.0000, 0.0000, 0.0000, 0.0000, 0.0000]])
tensor([[-0.8639,  1.0000,  0.0000,  0.0000,  0.0000,  0.0000]])
tensor([[0.7267, 1.0000, 0.0000, 0.0000, 0.0000, 0.0000]])
tensor([[0.4962, 1.0000, 0.0000, 0.0000, 0.0000, 0.0000]])
tensor([[0.9182, 1.0000, 0.0000, 0.0000, 0.0000, 0.0000]])
tensor([[0.9851, 1.0000, 0.0000, 0.0000, 0.0000, 0.0000]])
tensor([[0.3415, 1.0000, 0.0000, 0.0000, 0.0000, 0.0000]])
tensor([[0.5077, 0.0000, 0.0000, 0.0000, 0.0000, 0.0000]])
tensor([[0.7650, 1.0000, 0.0000, 0.0000, 0.0000, 0.0000]])
tensor([[0.3034, 1.0000, 0.0000, 0.0000, 0.0000, 0.0000]])
tensor([[0.0305, 1.0000, 0.0000, 0.0000, 0.0000, 0.0000]])
tensor([[0.5919, 1.0000, 0.0000, 0.0000, 0.0000, 0.0000]])
tensor([[0.9600, 1.0000, 0.0000, 0.0000, 0.0000, 0.0000]])
tensor([[0.6040, 1.0000, 0.0000, 0.0000, 0.0000, 0.0000]])
tensor([[0.6805, 1.0000, 0.0000, 0.0000, 0.0000, 0.0000]])
tensor([[0.6274, 1.0000, 0.0000, 0.0000, 0.0000, 0.0000]])
tensor([[0.4874, 1.0000, 0.0000, 0.0000, 0.0000, 0.0000]])
tensor([[0.3570, 1.0000, 0.0000, 0.0000, 0.0000, 0.0000]])
tensor([[0.0493, 1.0000, 0.0000, 0.0000, 0.0000, 0.0000]])
tensor([[0.7695, 1.0000, 0.0000, 0.0000, 0.0000, 0.0000]])
tensor([[0.5868, 1.0000, 0.0000, 0.0000, 0.0000, 0.0000]])
tensor([[0.9649, 1.0000, 0.0000, 0.0000, 0.0000, 0.0000]])
tensor([[0.5471, 0.0000, 0.0000, 0.0000, 0.0000, 0.0000]])
tensor([[0.0590, 0.0000, 0.0000, 0.0000, 0.0000, 0.0000]])
tensor([[0.7369, 1.0000, 0.0000, 0.0000, 0.0000, 0.0000]])
tensor([[0.8559, 1.0000, 0.0000, 0.0000, 0.0000, 0.0000]])
tensor([[0.9653, 1.0000, 0.0000, 0.0000, 0.0000, 0.0000]])
tensor([[-0.0933,  1.0000,  0.0000,  0.0000,  0.0000,  0.0000]])
tensor([[-0.1594,  1.0000,  0.0000,  0.0000,  0.0000,  0.0000]])
tensor([[-0.5918,  1.0000,  0.0000,  0.0000,  0.0000,  0.0000]])
tensor([[0.8837, 1.0000, 0.0000, 0.0000, 0.0000, 0.0000]])
tensor([[0.9500, 1.0000, 0.0000, 0.0000, 0.0000, 0.0000]])
tensor([[0.8940, 1.0000, 0.0000, 0.0000, 0.0000, 0.0000]])
tensor([[0.8015, 1.0000, 0.0000, 0.0000, 0.0000, 0.0000]])
tensor([[-0.5375,  1.0000,  0.0000,  0.0000,  0.0000,  0.0000]])
tensor([[0.2794, 1.0000, 0.0000, 0.0000, 0.0000, 0.0000]])
tensor([[0.6455, 0.0000, 0.0000, 1.0000, 0.0000, 0.0000]])
tensor([[0.2119, 1.0000, 0.0000, 0.0000, 0.0000, 0.0000]])
tensor([[-0.8222,  1.0000,  0.0000,  0.0000,  0.0000,  0.0000]])
tensor([[-0.1446,  1.0000,  0.0000,  0.0000,  0.0000,  0.0000]])
tensor([[0.3718, 1.0000, 0.0000, 0.0000, 0.0000, 0.0000]])
tensor([[0.4116, 1.0000, 0.0000, 0.0000, 0.0000, 0.0000]])
tensor([[-0.3469,  1.0000,  0.0000,  0.0000,  0.0000,  0.0000]])
tensor([[0.6975, 1.0000, 0.0000, 0.0000, 0.0000, 0.0000]])
tensor([[-0.3896,  1.0000,  0.0000,  0.0000,  0.0000,  0.0000]])
tensor([[-0.2978,  1.0000,  0.0000,  0.0000,  0.0000,  0.0000]])
tensor([[-0.0670,  1.0000,  0.0000,  0.0000,  0.0000,  0.0000]])
tensor([[-0.4553,  1.0000,  0.0000,  0.0000,  0.0000,  0.0000]])
tensor([[0.2542, 1.0000, 0.0000, 0.0000, 0.0000, 0.0000]])
tensor([[0.8519, 1.0000, 0.0000, 0.0000, 0.0000, 0.0000]])
tensor([[0.1380, 1.0000, 0.0000, 0.0000, 0.0000, 0.0000]])
tensor([[-0.3025,  1.0000,  0.0000,  0.0000,  0.0000,  0.0000]])
tensor([[-0.5497,  1.0000,  0.0000,  0.0000,  0.0000,  0.0000]])
tensor([[-0.0739,  1.0000,  0.0000,  0.0000,  0.0000,  0.0000]])
tensor([[0.2616, 1.0000, 0.0000, 0.0000, 0.0000, 0.0000]])
tensor([[0.0415, 1.0000, 0.0000, 0.0000, 0.0000, 0.0000]])
tensor([[0.5503, 1.0000, 0.0000, 0.0000, 0.0000, 0.0000]])
tensor([[-0.2756,  1.0000,  0.0000,  0.0000,  0.0000,  0.0000]])
tensor([[0.5740, 1.0000, 0.0000, 0.0000, 0.0000, 0.0000]])
tensor([[0.3792, 1.0000, 0.0000, 0.0000, 0.0000, 0.0000]])
tensor([[0.0312, 1.0000, 0.0000, 0.0000, 0.0000, 0.0000]])
tensor([[-0.3742,  1.0000,  0.0000,  0.0000,  0.0000,  0.0000]])
tensor([[-0.3265,  1.0000,  0.0000,  0.0000,  0.0000,  0.0000]])
tensor([[0.4692, 1.0000, 0.0000, 0.0000, 0.0000, 0.0000]])
tensor([[0.1100, 1.0000, 0.0000, 0.0000, 0.0000, 0.0000]])
tensor([[-0.1023,  1.0000,  0.0000,  0.0000,  0.0000,  0.0000]])
tensor([[-0.1336,  1.0000,  0.0000,  0.0000,  0.0000,  0.0000]])
tensor([[0.6936, 1.0000, 0.0000, 0.0000, 0.0000, 0.0000]])
tensor([[0.4277, 1.0000, 0.0000, 0.0000, 0.0000, 0.0000]])
tensor([[-0.5721,  1.0000,  0.0000,  0.0000,  0.0000,  0.0000]])
INFO:root:Agent 0 (TQCars): avg action time = 0.0009s
tensor([[0.8379, 0.0000, 0.0000, 0.0000, 0.0000, 0.0000]])
tensor([[-0.5758,  1.0000,  0.0000,  0.0000,  0.0000,  0.0000]])
tensor([[-0.3841,  1.0000,  0.0000,  0.0000,  0.0000,  0.0000]])
tensor([[-0.4882,  1.0000,  0.0000,  0.0000,  0.0000,  0.0000]])
tensor([[-0.9519,  1.0000,  0.0000,  0.0000,  0.0000,  0.0000]])
tensor([[-0.9779,  1.0000,  0.0000,  0.0000,  0.0000,  0.0000]])
tensor([[-0.5497,  1.0000,  0.0000,  0.0000,  0.0000,  0.0000]])
tensor([[0.2692, 1.0000, 0.0000, 0.0000, 0.0000, 0.0000]])
tensor([[-0.2676,  1.0000,  0.0000,  0.0000,  0.0000,  0.0000]])
tensor([[-0.3989,  1.0000,  0.0000,  0.0000,  0.0000,  0.0000]])
tensor([[0.8978, 1.0000, 0.0000, 0.0000, 0.0000, 0.0000]])
tensor([[-0.2672,  1.0000,  0.0000,  0.0000,  0.0000,  0.0000]])
tensor([[-0.2730,  1.0000,  0.0000,  0.0000,  0.0000,  0.0000]])
tensor([[0.8756, 1.0000, 0.0000, 0.0000, 0.0000, 0.0000]])
tensor([[-0.2438,  1.0000,  0.0000,  0.0000,  0.0000,  0.0000]])
tensor([[0.0137, 1.0000, 0.0000, 0.0000, 0.0000, 0.0000]])
tensor([[-0.0020,  1.0000,  0.0000,  0.0000,  0.0000,  0.0000]])
tensor([[0.4585, 1.0000, 0.0000, 0.0000, 0.0000, 0.0000]])
tensor([[-0.6786,  1.0000,  0.0000,  0.0000,  0.0000,  0.0000]])
tensor([[-0.7426,  1.0000,  0.0000,  0.0000,  0.0000,  0.0000]])
tensor([[-0.8456,  1.0000,  0.0000,  0.0000,  0.0000,  0.0000]])
tensor([[-0.9837,  1.0000,  0.0000,  0.0000,  0.0000,  0.0000]])
tensor([[-0.9089,  1.0000,  0.0000,  0.0000,  0.0000,  0.0000]])
tensor([[-0.3821,  1.0000,  0.0000,  0.0000,  0.0000,  0.0000]])
tensor([[-0.9845,  1.0000,  0.0000,  0.0000,  0.0000,  0.0000]])
tensor([[-0.9228,  1.0000,  0.0000,  0.0000,  0.0000,  0.0000]])
tensor([[-0.6257,  1.0000,  0.0000,  0.0000,  0.0000,  0.0000]])
tensor([[0.2745, 1.0000, 0.0000, 0.0000, 0.0000, 0.0000]])
tensor([[-0.5979,  1.0000,  1.0000,  0.0000,  0.0000,  0.0000]])
tensor([[0.2006, 1.0000, 0.0000, 0.0000, 0.0000, 0.0000]])
tensor([[-0.9276,  1.0000,  0.0000,  0.0000,  0.0000,  0.0000]])
tensor([[0.1691, 1.0000, 0.0000, 0.0000, 0.0000, 0.0000]])
tensor([[-0.1477,  1.0000,  0.0000,  0.0000,  0.0000,  0.0000]])
tensor([[0.1947, 1.0000, 0.0000, 0.0000, 0.0000, 0.0000]])
tensor([[0.4634, 1.0000, 0.0000, 0.0000, 0.0000, 0.0000]])
tensor([[0.6175, 1.0000, 0.0000, 0.0000, 0.0000, 0.0000]])
tensor([[-0.6633,  1.0000,  0.0000,  0.0000,  0.0000,  0.0000]])
tensor([[-0.8089,  1.0000,  0.0000,  0.0000,  0.0000,  0.0000]])
tensor([[0.7519, 1.0000, 0.0000, 0.0000, 0.0000, 0.0000]])
tensor([[-0.2783,  1.0000,  0.0000,  0.0000,  0.0000,  0.0000]])
tensor([[-0.7350,  1.0000,  0.0000,  0.0000,  0.0000,  0.0000]])
tensor([[0.5885, 1.0000, 0.0000, 0.0000, 0.0000, 0.0000]])
tensor([[-0.9167,  1.0000,  0.0000,  0.0000,  0.0000,  0.0000]])
tensor([[0.2036, 1.0000, 0.0000, 0.0000, 0.0000, 0.0000]])
tensor([[-0.4979,  1.0000,  0.0000,  0.0000,  0.0000,  0.0000]])
tensor([[0.5334, 1.0000, 0.0000, 0.0000, 0.0000, 0.0000]])
tensor([[-0.9628,  1.0000,  0.0000,  0.0000,  0.0000,  0.0000]])
tensor([[0.6374, 1.0000, 0.0000, 0.0000, 0.0000, 0.0000]])
tensor([[0.6424, 1.0000, 0.0000, 0.0000, 0.0000, 0.0000]])
tensor([[0.4257, 1.0000, 0.0000, 0.0000, 0.0000, 0.0000]])
tensor([[-0.9265,  1.0000,  0.0000,  0.0000,  0.0000,  0.0000]])
tensor([[0.0517, 1.0000, 0.0000, 1.0000, 0.0000, 0.0000]])
tensor([[-0.7214,  1.0000,  0.0000,  1.0000,  0.0000,  0.0000]])
tensor([[-0.9436,  0.0000,  0.0000,  0.0000,  0.0000,  0.0000]])
tensor([[-0.9196,  0.0000,  0.0000,  0.0000,  0.0000,  0.0000]])
tensor([[-0.9020,  1.0000,  0.0000,  1.0000,  0.0000,  0.0000]])
tensor([[-0.1587,  1.0000,  0.0000,  0.0000,  0.0000,  0.0000]])
tensor([[-0.9340,  1.0000,  0.0000,  0.0000,  0.0000,  0.0000]])
tensor([[-0.8468,  1.0000,  0.0000,  0.0000,  0.0000,  0.0000]])
{"type": "results", "track": "zengarden", "results": [{"key": 0, "reward": 81.02379061281681, "position": 4, "name": "TQCars", "avg_action_time": 0.00090648547791211}]}
