INFO:root:Loading the agents
INFO:root:Loaded player TQCars
INFO:root:Creating pystk-1
INFO:root:Adding wrapper <function get_wrappers.<locals>.<lambda> at 0x73b1534ef420>
INFO:root:Adding wrapper <function get_wrappers.<locals>.<lambda> at 0x73b1534ef4c0>
INFO:root:Adding wrapper <function get_wrappers.<locals>.<lambda> at 0x73b1534ef560>
INFO:root:Adding wrapper <function get_wrappers.<locals>.<lambda> at 0x73b1534ef600>
INFO:root:(multi-env mono adapter) Setting main environment max_paths to 5
INFO:root:Loading trained model from CHECKPOINT-GPUFAC/tqc_EXP16BASEREWARD_600000.pt...
INFO:root:Starting a race
..:: Antarctica Rendering Engine 2.0 ::..
tensor([[0.6576, 1.0000, 0.0000, 0.0000, 0.0000, 0.0000]])
tensor([[0.3907, 1.0000, 0.0000, 0.0000, 0.0000, 0.0000]])
tensor([[-0.0081,  1.0000,  0.0000,  0.0000,  0.0000,  0.0000]])
tensor([[0.4209, 1.0000, 0.0000, 0.0000, 0.0000, 0.0000]])
tensor([[0.8235, 1.0000, 0.0000, 0.0000, 0.0000, 0.0000]])
tensor([[-0.2231,  1.0000,  0.0000,  0.0000,  0.0000,  0.0000]])
tensor([[-0.5029,  1.0000,  0.0000,  0.0000,  0.0000,  0.0000]])
tensor([[0.5330, 1.0000, 0.0000, 0.0000, 0.0000, 0.0000]])
tensor([[0.9070, 1.0000, 0.0000, 0.0000, 0.0000, 0.0000]])
tensor([[0.9393, 1.0000, 0.0000, 0.0000, 0.0000, 0.0000]])
tensor([[-0.5417,  1.0000,  0.0000,  0.0000,  0.0000,  0.0000]])
tensor([[0.7012, 1.0000, 0.0000, 0.0000, 0.0000, 0.0000]])
tensor([[-0.1964,  1.0000,  0.0000,  0.0000,  0.0000,  0.0000]])
tensor([[0.9690, 1.0000, 0.0000, 0.0000, 0.0000, 0.0000]])
tensor([[0.9287, 1.0000, 0.0000, 0.0000, 0.0000, 0.0000]])
tensor([[-0.1715,  1.0000,  0.0000,  0.0000,  0.0000,  0.0000]])
tensor([[0.4105, 1.0000, 0.0000, 0.0000, 0.0000, 0.0000]])
tensor([[0.7945, 1.0000, 0.0000, 0.0000, 0.0000, 0.0000]])
tensor([[0.9678, 1.0000, 0.0000, 0.0000, 0.0000, 0.0000]])
tensor([[0.8998, 1.0000, 0.0000, 0.0000, 0.0000, 0.0000]])
tensor([[-0.7449,  1.0000,  0.0000,  0.0000,  0.0000,  0.0000]])
tensor([[0.8279, 1.0000, 0.0000, 0.0000, 0.0000, 0.0000]])
tensor([[0.9745, 1.0000, 1.0000, 0.0000, 0.0000, 0.0000]])
tensor([[-0.4145,  0.0000,  0.0000,  0.0000,  0.0000,  0.0000]])
tensor([[0.5473, 0.0000, 0.0000, 0.0000, 0.0000, 0.0000]])
tensor([[-0.0911,  1.0000,  0.0000,  0.0000,  0.0000,  0.0000]])
tensor([[0.3995, 1.0000, 1.0000, 0.0000, 0.0000, 0.0000]])
tensor([[-0.3282,  1.0000,  0.0000,  0.0000,  0.0000,  0.0000]])
tensor([[-0.1982,  1.0000,  1.0000,  0.0000,  0.0000,  0.0000]])
tensor([[0.8892, 1.0000, 0.0000, 0.0000, 0.0000, 0.0000]])
tensor([[-0.0377,  1.0000,  0.0000,  0.0000,  0.0000,  0.0000]])
tensor([[-0.6304,  1.0000,  0.0000,  0.0000,  0.0000,  0.0000]])
tensor([[-0.2979,  1.0000,  0.0000,  0.0000,  0.0000,  0.0000]])
tensor([[-0.2204,  1.0000,  0.0000,  0.0000,  0.0000,  0.0000]])
tensor([[-0.2690,  1.0000,  0.0000,  0.0000,  0.0000,  0.0000]])
tensor([[0.4834, 1.0000, 0.0000, 0.0000, 0.0000, 0.0000]])
tensor([[0.0852, 1.0000, 0.0000, 0.0000, 0.0000, 0.0000]])
tensor([[-0.8406,  1.0000,  0.0000,  0.0000,  0.0000,  0.0000]])
tensor([[0.5250, 1.0000, 0.0000, 0.0000, 0.0000, 0.0000]])
tensor([[-0.4330,  1.0000,  0.0000,  0.0000,  0.0000,  0.0000]])
tensor([[-0.8126,  1.0000,  0.0000,  0.0000,  0.0000,  0.0000]])
tensor([[-0.4648,  1.0000,  0.0000,  0.0000,  0.0000,  0.0000]])
tensor([[-0.7131,  1.0000,  0.0000,  0.0000,  0.0000,  0.0000]])
tensor([[9.2250e-04, 1.0000e+00, 0.0000e+00, 0.0000e+00, 0.0000e+00, 0.0000e+00]])
tensor([[-0.5148,  1.0000,  0.0000,  0.0000,  0.0000,  0.0000]])
tensor([[-0.3752,  1.0000,  0.0000,  0.0000,  0.0000,  0.0000]])
tensor([[0.8512, 1.0000, 0.0000, 0.0000, 0.0000, 0.0000]])
tensor([[-0.1188,  1.0000,  0.0000,  0.0000,  0.0000,  0.0000]])
tensor([[0.6745, 1.0000, 0.0000, 0.0000, 0.0000, 0.0000]])
tensor([[-0.7358,  1.0000,  0.0000,  0.0000,  0.0000,  0.0000]])
tensor([[-0.3138,  1.0000,  0.0000,  0.0000,  0.0000,  0.0000]])
tensor([[-0.8313,  1.0000,  0.0000,  0.0000,  0.0000,  0.0000]])
tensor([[0.8212, 1.0000, 0.0000, 0.0000, 0.0000, 0.0000]])
tensor([[0.5904, 1.0000, 0.0000, 0.0000, 0.0000, 0.0000]])
tensor([[-0.5778,  1.0000,  0.0000,  0.0000,  0.0000,  0.0000]])
tensor([[0.8956, 1.0000, 0.0000, 0.0000, 0.0000, 0.0000]])
tensor([[0.7148, 1.0000, 0.0000, 0.0000, 0.0000, 0.0000]])
tensor([[-0.7457,  1.0000,  0.0000,  0.0000,  0.0000,  0.0000]])
tensor([[-0.5628,  1.0000,  0.0000,  0.0000,  0.0000,  0.0000]])
tensor([[0.8784, 1.0000, 0.0000, 0.0000, 0.0000, 0.0000]])
tensor([[-0.2842,  1.0000,  0.0000,  0.0000,  0.0000,  0.0000]])
tensor([[0.8843, 1.0000, 0.0000, 0.0000, 0.0000, 0.0000]])
tensor([[0.9576, 1.0000, 0.0000, 0.0000, 0.0000, 0.0000]])
tensor([[0.6091, 1.0000, 0.0000, 0.0000, 0.0000, 0.0000]])
tensor([[-0.8229,  1.0000,  0.0000,  0.0000,  0.0000,  0.0000]])
tensor([[0.1540, 1.0000, 0.0000, 0.0000, 0.0000, 0.0000]])
tensor([[0.9306, 1.0000, 0.0000, 0.0000, 0.0000, 0.0000]])
tensor([[0.7410, 1.0000, 1.0000, 0.0000, 0.0000, 0.0000]])
tensor([[-0.4271,  1.0000,  0.0000,  0.0000,  0.0000,  0.0000]])
tensor([[-0.1432,  1.0000,  0.0000,  0.0000,  0.0000,  0.0000]])
tensor([[0.1254, 1.0000, 0.0000, 0.0000, 0.0000, 0.0000]])
tensor([[0.1865, 1.0000, 0.0000, 0.0000, 0.0000, 0.0000]])
tensor([[0.0043, 1.0000, 0.0000, 0.0000, 0.0000, 0.0000]])
tensor([[0.2430, 1.0000, 0.0000, 0.0000, 0.0000, 0.0000]])
tensor([[0.2844, 1.0000, 0.0000, 0.0000, 0.0000, 0.0000]])
tensor([[-0.0932,  1.0000,  0.0000,  0.0000,  0.0000,  0.0000]])
tensor([[-0.6232,  1.0000,  0.0000,  0.0000,  0.0000,  0.0000]])
tensor([[0.1655, 1.0000, 0.0000, 0.0000, 0.0000, 0.0000]])
tensor([[-0.6682,  1.0000,  0.0000,  0.0000,  0.0000,  0.0000]])
tensor([[0.1120, 1.0000, 0.0000, 0.0000, 0.0000, 0.0000]])
tensor([[0.7568, 1.0000, 0.0000, 0.0000, 0.0000, 0.0000]])
tensor([[-0.9800,  1.0000,  0.0000,  0.0000,  0.0000,  0.0000]])
tensor([[-0.8811,  1.0000,  0.0000,  0.0000,  0.0000,  0.0000]])
tensor([[-0.5484,  1.0000,  0.0000,  0.0000,  0.0000,  0.0000]])
tensor([[-0.2057,  1.0000,  0.0000,  0.0000,  0.0000,  0.0000]])
tensor([[-0.9546,  1.0000,  0.0000,  0.0000,  0.0000,  0.0000]])
tensor([[-0.5869,  1.0000,  0.0000,  0.0000,  0.0000,  0.0000]])
tensor([[-0.9541,  1.0000,  0.0000,  0.0000,  0.0000,  0.0000]])
tensor([[-0.7585,  1.0000,  0.0000,  0.0000,  0.0000,  0.0000]])
tensor([[-0.4116,  1.0000,  0.0000,  0.0000,  0.0000,  0.0000]])
tensor([[0.3543, 1.0000, 1.0000, 0.0000, 0.0000, 0.0000]])
tensor([[0.1799, 1.0000, 0.0000, 0.0000, 0.0000, 0.0000]])
tensor([[-0.1612,  1.0000,  0.0000,  1.0000,  0.0000,  0.0000]])
tensor([[-0.4307,  1.0000,  0.0000,  1.0000,  0.0000,  0.0000]])
tensor([[0.1207, 1.0000, 0.0000, 0.0000, 0.0000, 0.0000]])
tensor([[0.9209, 1.0000, 0.0000, 0.0000, 0.0000, 0.0000]])
tensor([[0.5983, 1.0000, 0.0000, 0.0000, 0.0000, 0.0000]])
tensor([[-0.0978,  1.0000,  0.0000,  0.0000,  1.0000,  0.0000]])
tensor([[0.7874, 1.0000, 0.0000, 0.0000, 0.0000, 0.0000]])
tensor([[0.6823, 1.0000, 0.0000, 0.0000, 0.0000, 0.0000]])
tensor([[-0.8080,  1.0000,  0.0000,  0.0000,  0.0000,  0.0000]])
tensor([[-0.7651,  1.0000,  0.0000,  0.0000,  0.0000,  0.0000]])
tensor([[-0.5014,  1.0000,  0.0000,  0.0000,  0.0000,  0.0000]])
tensor([[-0.1549,  1.0000,  0.0000,  1.0000,  0.0000,  0.0000]])
tensor([[-0.0785,  1.0000,  0.0000,  0.0000,  0.0000,  0.0000]])
tensor([[-0.3516,  1.0000,  0.0000,  0.0000,  0.0000,  0.0000]])
tensor([[-0.8030,  1.0000,  0.0000,  1.0000,  0.0000,  0.0000]])
tensor([[-0.6478,  1.0000,  0.0000,  0.0000,  0.0000,  0.0000]])
tensor([[-0.8385,  0.0000,  0.0000,  0.0000,  0.0000,  0.0000]])
tensor([[-0.6831,  1.0000,  0.0000,  0.0000,  0.0000,  0.0000]])
tensor([[-0.3594,  0.0000,  0.0000,  0.0000,  0.0000,  0.0000]])
tensor([[0.1972, 1.0000, 0.0000, 0.0000, 0.0000, 0.0000]])
tensor([[0.8173, 1.0000, 0.0000, 0.0000, 0.0000, 0.0000]])
tensor([[-0.1509,  1.0000,  0.0000,  0.0000,  0.0000,  0.0000]])
tensor([[0.5657, 1.0000, 0.0000, 0.0000, 0.0000, 0.0000]])
tensor([[0.5725, 1.0000, 0.0000, 0.0000, 0.0000, 0.0000]])
tensor([[0.5360, 1.0000, 0.0000, 0.0000, 0.0000, 0.0000]])
tensor([[0.2975, 1.0000, 0.0000, 0.0000, 0.0000, 0.0000]])
tensor([[-0.8581,  1.0000,  0.0000,  0.0000,  0.0000,  0.0000]])
tensor([[0.6821, 0.0000, 0.0000, 0.0000, 0.0000, 0.0000]])
tensor([[0.1721, 1.0000, 0.0000, 0.0000, 0.0000, 0.0000]])
tensor([[0.2101, 1.0000, 0.0000, 0.0000, 0.0000, 0.0000]])
tensor([[0.2115, 1.0000, 0.0000, 0.0000, 0.0000, 0.0000]])
tensor([[-0.5527,  1.0000,  0.0000,  0.0000,  0.0000,  0.0000]])
tensor([[-0.4662,  1.0000,  0.0000,  0.0000,  0.0000,  0.0000]])
tensor([[0.4033, 1.0000, 0.0000, 0.0000, 0.0000, 0.0000]])
tensor([[-0.2517,  1.0000,  0.0000,  0.0000,  0.0000,  0.0000]])
tensor([[0.9378, 1.0000, 0.0000, 0.0000, 0.0000, 0.0000]])
tensor([[-0.0947,  0.0000,  0.0000,  0.0000,  0.0000,  0.0000]])
tensor([[0.2056, 1.0000, 0.0000, 0.0000, 0.0000, 0.0000]])
tensor([[0.3864, 1.0000, 0.0000, 1.0000, 0.0000, 0.0000]])
tensor([[-0.8067,  1.0000,  0.0000,  0.0000,  0.0000,  0.0000]])
tensor([[-0.1447,  1.0000,  0.0000,  0.0000,  0.0000,  0.0000]])
tensor([[0.6899, 1.0000, 0.0000, 0.0000, 0.0000, 0.0000]])
tensor([[-0.1669,  1.0000,  0.0000,  0.0000,  0.0000,  0.0000]])
tensor([[-0.1416,  0.0000,  0.0000,  0.0000,  0.0000,  0.0000]])
tensor([[-0.1503,  0.0000,  0.0000,  0.0000,  0.0000,  0.0000]])
tensor([[-0.3502,  1.0000,  0.0000,  0.0000,  0.0000,  0.0000]])
tensor([[-0.4183,  1.0000,  0.0000,  0.0000,  0.0000,  0.0000]])
tensor([[0.4715, 0.0000, 0.0000, 0.0000, 0.0000, 0.0000]])
tensor([[-0.0970,  1.0000,  0.0000,  0.0000,  0.0000,  0.0000]])
tensor([[-0.4404,  1.0000,  0.0000,  0.0000,  0.0000,  0.0000]])
tensor([[0.8274, 1.0000, 0.0000, 0.0000, 0.0000, 0.0000]])
tensor([[0.1927, 1.0000, 0.0000, 0.0000, 0.0000, 0.0000]])
tensor([[-0.2218,  1.0000,  0.0000,  0.0000,  0.0000,  0.0000]])
tensor([[0.1631, 1.0000, 0.0000, 0.0000, 0.0000, 0.0000]])
tensor([[0.4284, 1.0000, 0.0000, 0.0000, 0.0000, 0.0000]])
tensor([[-0.3422,  1.0000,  0.0000,  0.0000,  0.0000,  0.0000]])
tensor([[0.6656, 1.0000, 0.0000, 0.0000, 0.0000, 0.0000]])
tensor([[0.3672, 1.0000, 0.0000, 0.0000, 0.0000, 0.0000]])
tensor([[-0.7685,  1.0000,  0.0000,  0.0000,  0.0000,  0.0000]])
tensor([[0.4746, 1.0000, 0.0000, 0.0000, 0.0000, 0.0000]])
tensor([[0.2076, 1.0000, 0.0000, 0.0000, 0.0000, 0.0000]])
tensor([[-0.3883,  1.0000,  0.0000,  0.0000,  0.0000,  0.0000]])
tensor([[-0.7639,  1.0000,  0.0000,  0.0000,  0.0000,  0.0000]])
tensor([[0.7335, 1.0000, 0.0000, 0.0000, 0.0000, 0.0000]])
tensor([[0.8076, 1.0000, 0.0000, 0.0000, 0.0000, 0.0000]])
tensor([[0.6973, 1.0000, 0.0000, 0.0000, 0.0000, 0.0000]])
tensor([[0.4279, 1.0000, 0.0000, 0.0000, 0.0000, 0.0000]])
tensor([[0.1757, 1.0000, 0.0000, 0.0000, 0.0000, 0.0000]])
tensor([[-0.7815,  1.0000,  0.0000,  0.0000,  0.0000,  0.0000]])
tensor([[0.6588, 1.0000, 0.0000, 0.0000, 0.0000, 0.0000]])
tensor([[0.9405, 1.0000, 0.0000, 0.0000, 0.0000, 0.0000]])
tensor([[-0.7819,  1.0000,  0.0000,  0.0000,  0.0000,  0.0000]])
tensor([[-0.3901,  1.0000,  0.0000,  0.0000,  0.0000,  0.0000]])
tensor([[-0.0694,  1.0000,  0.0000,  0.0000,  0.0000,  0.0000]])
tensor([[0.4717, 1.0000, 0.0000, 0.0000, 0.0000, 0.0000]])
tensor([[-0.9036,  1.0000,  0.0000,  0.0000,  0.0000,  0.0000]])
tensor([[-0.5169,  1.0000,  0.0000,  0.0000,  0.0000,  0.0000]])
tensor([[0.3005, 1.0000, 0.0000, 0.0000, 0.0000, 0.0000]])
tensor([[-0.1908,  1.0000,  0.0000,  0.0000,  0.0000,  0.0000]])
tensor([[-0.1006,  1.0000,  0.0000,  0.0000,  0.0000,  0.0000]])
tensor([[-0.0508,  1.0000,  0.0000,  0.0000,  0.0000,  0.0000]])
tensor([[0.6884, 1.0000, 0.0000, 1.0000, 0.0000, 0.0000]])
tensor([[0.4123, 1.0000, 0.0000, 0.0000, 0.0000, 0.0000]])
tensor([[0.5464, 1.0000, 0.0000, 0.0000, 0.0000, 0.0000]])
tensor([[-0.2382,  1.0000,  0.0000,  0.0000,  0.0000,  0.0000]])
tensor([[-0.5548,  1.0000,  1.0000,  0.0000,  0.0000,  0.0000]])
tensor([[0.6503, 1.0000, 0.0000, 0.0000, 0.0000, 0.0000]])
tensor([[0.5074, 1.0000, 0.0000, 0.0000, 0.0000, 0.0000]])
tensor([[-0.5269,  1.0000,  0.0000,  0.0000,  0.0000,  0.0000]])
tensor([[-0.1355,  1.0000,  0.0000,  0.0000,  0.0000,  0.0000]])
tensor([[0.2378, 1.0000, 0.0000, 0.0000, 0.0000, 0.0000]])
tensor([[0.5370, 1.0000, 0.0000, 0.0000, 0.0000, 0.0000]])
tensor([[0.1501, 1.0000, 0.0000, 0.0000, 0.0000, 0.0000]])
tensor([[-0.6133,  1.0000,  0.0000,  0.0000,  0.0000,  0.0000]])
tensor([[-0.5148,  1.0000,  0.0000,  0.0000,  0.0000,  0.0000]])
tensor([[0.6169, 1.0000, 0.0000, 0.0000, 0.0000, 0.0000]])
tensor([[0.5231, 1.0000, 0.0000, 0.0000, 0.0000, 0.0000]])
tensor([[0.8736, 0.0000, 0.0000, 0.0000, 0.0000, 0.0000]])
tensor([[-0.1312,  1.0000,  0.0000,  0.0000,  0.0000,  0.0000]])
tensor([[-0.4906,  1.0000,  0.0000,  0.0000,  0.0000,  0.0000]])
tensor([[-0.6013,  1.0000,  0.0000,  0.0000,  0.0000,  0.0000]])
tensor([[-0.9293,  1.0000,  0.0000,  0.0000,  0.0000,  0.0000]])
tensor([[0.2025, 0.0000, 0.0000, 0.0000, 0.0000, 0.0000]])
tensor([[-0.5132,  1.0000,  0.0000,  0.0000,  0.0000,  0.0000]])
tensor([[-0.5893,  1.0000,  0.0000,  0.0000,  0.0000,  0.0000]])
tensor([[-0.6916,  1.0000,  0.0000,  0.0000,  0.0000,  0.0000]])
tensor([[0.0126, 1.0000, 0.0000, 0.0000, 0.0000, 0.0000]])
tensor([[0.3796, 1.0000, 0.0000, 0.0000, 0.0000, 0.0000]])
tensor([[0.7269, 1.0000, 0.0000, 0.0000, 0.0000, 0.0000]])
tensor([[-0.0148,  0.0000,  0.0000,  0.0000,  0.0000,  0.0000]])
tensor([[0.0385, 1.0000, 0.0000, 0.0000, 0.0000, 0.0000]])
tensor([[-0.7485,  1.0000,  0.0000,  1.0000,  0.0000,  0.0000]])
tensor([[-0.6752,  1.0000,  0.0000,  0.0000,  0.0000,  0.0000]])
tensor([[-0.6573,  1.0000,  0.0000,  0.0000,  0.0000,  0.0000]])
tensor([[0.3036, 1.0000, 0.0000, 0.0000, 0.0000, 0.0000]])
tensor([[-0.6656,  1.0000,  0.0000,  0.0000,  0.0000,  0.0000]])
tensor([[0.5993, 1.0000, 0.0000, 0.0000, 0.0000, 0.0000]])
tensor([[-0.5794,  1.0000,  0.0000,  0.0000,  0.0000,  0.0000]])
tensor([[0.2313, 1.0000, 0.0000, 0.0000, 0.0000, 0.0000]])
tensor([[-0.6826,  1.0000,  0.0000,  0.0000,  0.0000,  0.0000]])
tensor([[-0.7220,  1.0000,  0.0000,  0.0000,  0.0000,  0.0000]])
tensor([[-0.2096,  0.0000,  0.0000,  0.0000,  0.0000,  0.0000]])
tensor([[-0.2769,  1.0000,  0.0000,  0.0000,  0.0000,  0.0000]])
tensor([[0.0177, 1.0000, 0.0000, 0.0000, 0.0000, 0.0000]])
tensor([[-0.6070,  1.0000,  0.0000,  0.0000,  0.0000,  0.0000]])
tensor([[-0.3310,  1.0000,  0.0000,  1.0000,  0.0000,  0.0000]])
tensor([[0.5956, 0.0000, 0.0000, 0.0000, 0.0000, 0.0000]])
tensor([[-0.6804,  1.0000,  0.0000,  0.0000,  0.0000,  0.0000]])
tensor([[-0.8241,  1.0000,  0.0000,  0.0000,  0.0000,  0.0000]])
tensor([[0.1886, 1.0000, 0.0000, 0.0000, 0.0000, 0.0000]])
tensor([[-0.3352,  1.0000,  0.0000,  0.0000,  0.0000,  0.0000]])
tensor([[-0.8053,  1.0000,  0.0000,  0.0000,  0.0000,  0.0000]])
tensor([[7.6264e-04, 1.0000e+00, 0.0000e+00, 0.0000e+00, 0.0000e+00, 0.0000e+00]])
tensor([[-0.9921,  1.0000,  0.0000,  0.0000,  0.0000,  0.0000]])
tensor([[-0.8249,  1.0000,  0.0000,  0.0000,  0.0000,  0.0000]])
tensor([[-0.4551,  1.0000,  0.0000,  0.0000,  0.0000,  0.0000]])
tensor([[-0.0118,  1.0000,  0.0000,  0.0000,  0.0000,  0.0000]])
tensor([[0.0752, 1.0000, 0.0000, 0.0000, 0.0000, 0.0000]])
tensor([[0.1214, 1.0000, 1.0000, 0.0000, 0.0000, 0.0000]])
tensor([[-0.8755,  1.0000,  0.0000,  0.0000,  0.0000,  0.0000]])
tensor([[-0.8469,  1.0000,  0.0000,  0.0000,  0.0000,  0.0000]])
tensor([[-0.9818,  1.0000,  0.0000,  0.0000,  0.0000,  0.0000]])
tensor([[-0.9726,  1.0000,  0.0000,  0.0000,  0.0000,  0.0000]])
tensor([[-0.5236,  1.0000,  0.0000,  0.0000,  0.0000,  0.0000]])
tensor([[-0.2661,  1.0000,  0.0000,  0.0000,  0.0000,  0.0000]])
tensor([[-0.6248,  1.0000,  0.0000,  0.0000,  0.0000,  0.0000]])
tensor([[-0.6847,  1.0000,  0.0000,  0.0000,  0.0000,  0.0000]])
tensor([[0.7697, 1.0000, 0.0000, 0.0000, 0.0000, 0.0000]])
tensor([[-0.9804,  1.0000,  0.0000,  0.0000,  0.0000,  0.0000]])
tensor([[-0.0495,  1.0000,  0.0000,  0.0000,  0.0000,  0.0000]])
tensor([[0.0521, 1.0000, 0.0000, 1.0000, 0.0000, 0.0000]])
tensor([[-0.6827,  1.0000,  0.0000,  0.0000,  0.0000,  0.0000]])
tensor([[-0.7926,  1.0000,  0.0000,  0.0000,  0.0000,  0.0000]])
tensor([[-0.6714,  1.0000,  0.0000,  0.0000,  0.0000,  0.0000]])
tensor([[0.6870, 1.0000, 0.0000, 0.0000, 0.0000, 0.0000]])
tensor([[0.8321, 1.0000, 0.0000, 0.0000, 0.0000, 0.0000]])
tensor([[0.9624, 1.0000, 0.0000, 0.0000, 0.0000, 0.0000]])
tensor([[0.7019, 1.0000, 0.0000, 0.0000, 0.0000, 0.0000]])
tensor([[0.5615, 1.0000, 0.0000, 0.0000, 0.0000, 0.0000]])
tensor([[0.9349, 1.0000, 0.0000, 0.0000, 0.0000, 0.0000]])
tensor([[0.9828, 1.0000, 0.0000, 0.0000, 0.0000, 0.0000]])
tensor([[0.7060, 1.0000, 0.0000, 0.0000, 0.0000, 0.0000]])
tensor([[0.5007, 1.0000, 1.0000, 0.0000, 0.0000, 0.0000]])
tensor([[0.7372, 1.0000, 0.0000, 0.0000, 0.0000, 0.0000]])
tensor([[0.7418, 1.0000, 0.0000, 0.0000, 0.0000, 0.0000]])
tensor([[0.2670, 0.0000, 1.0000, 0.0000, 0.0000, 0.0000]])
tensor([[0.1700, 1.0000, 0.0000, 0.0000, 0.0000, 0.0000]])
tensor([[0.6076, 1.0000, 0.0000, 0.0000, 0.0000, 0.0000]])
tensor([[0.5455, 1.0000, 0.0000, 0.0000, 0.0000, 0.0000]])
tensor([[0.6675, 1.0000, 0.0000, 0.0000, 0.0000, 0.0000]])
tensor([[0.9355, 1.0000, 0.0000, 0.0000, 0.0000, 0.0000]])
tensor([[0.8426, 1.0000, 0.0000, 0.0000, 0.0000, 0.0000]])
tensor([[-0.2081,  1.0000,  0.0000,  0.0000,  0.0000,  0.0000]])
tensor([[-0.5320,  1.0000,  0.0000,  0.0000,  0.0000,  0.0000]])
tensor([[0.8340, 1.0000, 1.0000, 0.0000, 0.0000, 0.0000]])
tensor([[0.8741, 1.0000, 0.0000, 1.0000, 0.0000, 0.0000]])
tensor([[0.4763, 1.0000, 0.0000, 0.0000, 0.0000, 0.0000]])
tensor([[-0.0975,  1.0000,  0.0000,  0.0000,  0.0000,  0.0000]])
tensor([[-0.2545,  1.0000,  0.0000,  0.0000,  0.0000,  0.0000]])
tensor([[0.8151, 1.0000, 0.0000, 0.0000, 0.0000, 0.0000]])
tensor([[-0.3048,  1.0000,  0.0000,  0.0000,  0.0000,  0.0000]])
tensor([[0.9445, 1.0000, 0.0000, 0.0000, 0.0000, 0.0000]])
tensor([[0.4150, 1.0000, 0.0000, 0.0000, 0.0000, 0.0000]])
tensor([[0.8241, 1.0000, 1.0000, 0.0000, 0.0000, 0.0000]])
tensor([[0.4557, 1.0000, 0.0000, 0.0000, 0.0000, 0.0000]])
tensor([[0.7415, 1.0000, 0.0000, 0.0000, 0.0000, 0.0000]])
tensor([[0.2528, 1.0000, 0.0000, 0.0000, 0.0000, 0.0000]])
tensor([[-0.1909,  1.0000,  0.0000,  1.0000,  0.0000,  0.0000]])
tensor([[0.7938, 1.0000, 0.0000, 0.0000, 0.0000, 0.0000]])
tensor([[0.7530, 1.0000, 0.0000, 0.0000, 0.0000, 0.0000]])
tensor([[0.8263, 1.0000, 0.0000, 0.0000, 0.0000, 0.0000]])
tensor([[0.8579, 1.0000, 0.0000, 0.0000, 0.0000, 0.0000]])
tensor([[0.0530, 1.0000, 0.0000, 0.0000, 0.0000, 0.0000]])
tensor([[-0.4335,  1.0000,  0.0000,  1.0000,  0.0000,  0.0000]])
tensor([[-0.1492,  1.0000,  0.0000,  0.0000,  0.0000,  0.0000]])
tensor([[-0.7271,  1.0000,  0.0000,  0.0000,  0.0000,  0.0000]])
tensor([[0.4736, 1.0000, 0.0000, 0.0000, 0.0000, 0.0000]])
tensor([[0.5983, 1.0000, 0.0000, 0.0000, 0.0000, 0.0000]])
tensor([[0.8258, 1.0000, 0.0000, 0.0000, 0.0000, 0.0000]])
tensor([[0.4165, 1.0000, 0.0000, 0.0000, 0.0000, 0.0000]])
tensor([[-0.2564,  1.0000,  0.0000,  0.0000,  0.0000,  0.0000]])
tensor([[0.6011, 1.0000, 0.0000, 0.0000, 0.0000, 0.0000]])
tensor([[0.8669, 1.0000, 0.0000, 0.0000, 0.0000, 0.0000]])
tensor([[0.5564, 1.0000, 0.0000, 0.0000, 0.0000, 0.0000]])
tensor([[0.5661, 1.0000, 0.0000, 0.0000, 0.0000, 0.0000]])
tensor([[-0.0283,  1.0000,  0.0000,  0.0000,  0.0000,  0.0000]])
tensor([[0.3468, 1.0000, 0.0000, 0.0000, 0.0000, 0.0000]])
tensor([[0.4219, 1.0000, 0.0000, 0.0000, 0.0000, 0.0000]])
tensor([[-0.5869,  1.0000,  0.0000,  0.0000,  0.0000,  0.0000]])
tensor([[-0.4070,  1.0000,  0.0000,  0.0000,  0.0000,  0.0000]])
tensor([[0.5754, 1.0000, 0.0000, 0.0000, 0.0000, 0.0000]])
tensor([[0.1875, 1.0000, 0.0000, 0.0000, 0.0000, 0.0000]])
tensor([[0.8848, 1.0000, 0.0000, 0.0000, 0.0000, 0.0000]])
tensor([[-0.2540,  1.0000,  0.0000,  0.0000,  0.0000,  0.0000]])
tensor([[0.2375, 1.0000, 0.0000, 0.0000, 0.0000, 0.0000]])
tensor([[0.3740, 1.0000, 0.0000, 0.0000, 0.0000, 0.0000]])
tensor([[-0.7293,  1.0000,  0.0000,  0.0000,  0.0000,  0.0000]])
tensor([[-0.1768,  1.0000,  0.0000,  0.0000,  0.0000,  0.0000]])
tensor([[-0.7095,  1.0000,  0.0000,  0.0000,  0.0000,  0.0000]])
tensor([[0.8950, 1.0000, 0.0000, 0.0000, 0.0000, 0.0000]])
tensor([[-0.2909,  1.0000,  0.0000,  0.0000,  0.0000,  0.0000]])
tensor([[0.3417, 1.0000, 0.0000, 0.0000, 0.0000, 0.0000]])
tensor([[0.0986, 1.0000, 0.0000, 0.0000, 0.0000, 0.0000]])
tensor([[-0.5795,  0.0000,  0.0000,  0.0000,  0.0000,  0.0000]])
tensor([[-0.1621,  1.0000,  0.0000,  0.0000,  0.0000,  0.0000]])
tensor([[0.4012, 1.0000, 0.0000, 0.0000, 0.0000, 0.0000]])
tensor([[0.2138, 1.0000, 0.0000, 0.0000, 0.0000, 0.0000]])
tensor([[0.3878, 1.0000, 0.0000, 0.0000, 0.0000, 0.0000]])
tensor([[0.8468, 1.0000, 0.0000, 0.0000, 0.0000, 0.0000]])
tensor([[0.1463, 1.0000, 0.0000, 0.0000, 0.0000, 0.0000]])
tensor([[0.3788, 1.0000, 0.0000, 0.0000, 0.0000, 0.0000]])
tensor([[0.7438, 1.0000, 0.0000, 0.0000, 0.0000, 0.0000]])
tensor([[0.5551, 1.0000, 0.0000, 0.0000, 0.0000, 0.0000]])
tensor([[-0.3435,  1.0000,  0.0000,  0.0000,  0.0000,  0.0000]])
tensor([[0.8359, 1.0000, 0.0000, 0.0000, 0.0000, 0.0000]])
tensor([[0.5453, 1.0000, 0.0000, 0.0000, 0.0000, 0.0000]])
tensor([[0.4556, 1.0000, 0.0000, 1.0000, 0.0000, 0.0000]])
tensor([[0.8827, 1.0000, 0.0000, 1.0000, 0.0000, 0.0000]])
tensor([[0.8576, 0.0000, 0.0000, 0.0000, 0.0000, 0.0000]])
tensor([[0.5047, 1.0000, 0.0000, 0.0000, 0.0000, 0.0000]])
tensor([[-0.4078,  1.0000,  0.0000,  0.0000,  0.0000,  0.0000]])
tensor([[-0.2059,  0.0000,  1.0000,  1.0000,  0.0000,  0.0000]])
tensor([[-0.6295,  1.0000,  0.0000,  0.0000,  0.0000,  0.0000]])
tensor([[0.3183, 1.0000, 0.0000, 0.0000, 1.0000, 0.0000]])
tensor([[0.5295, 1.0000, 0.0000, 0.0000, 0.0000, 0.0000]])
tensor([[0.6770, 1.0000, 0.0000, 0.0000, 0.0000, 0.0000]])
tensor([[0.6822, 1.0000, 0.0000, 0.0000, 0.0000, 0.0000]])
tensor([[0.1048, 1.0000, 0.0000, 0.0000, 0.0000, 0.0000]])
tensor([[0.4030, 1.0000, 0.0000, 0.0000, 1.0000, 0.0000]])
tensor([[0.7430, 1.0000, 0.0000, 0.0000, 0.0000, 0.0000]])
tensor([[0.6078, 1.0000, 1.0000, 0.0000, 0.0000, 0.0000]])
tensor([[-0.6443,  1.0000,  0.0000,  0.0000,  0.0000,  0.0000]])
tensor([[0.8914, 1.0000, 0.0000, 0.0000, 0.0000, 0.0000]])
tensor([[0.6091, 1.0000, 0.0000, 0.0000, 0.0000, 0.0000]])
tensor([[-0.5400,  1.0000,  0.0000,  0.0000,  0.0000,  0.0000]])
tensor([[0.0547, 1.0000, 0.0000, 0.0000, 0.0000, 0.0000]])
tensor([[-0.6978,  1.0000,  0.0000,  0.0000,  0.0000,  0.0000]])
tensor([[-0.7694,  1.0000,  0.0000,  0.0000,  0.0000,  0.0000]])
tensor([[-0.2002,  1.0000,  0.0000,  0.0000,  0.0000,  0.0000]])
tensor([[-0.2860,  1.0000,  0.0000,  0.0000,  0.0000,  0.0000]])
tensor([[-0.4917,  1.0000,  0.0000,  0.0000,  0.0000,  0.0000]])
tensor([[-0.2889,  1.0000,  0.0000,  0.0000,  0.0000,  0.0000]])
tensor([[-0.7565,  1.0000,  0.0000,  0.0000,  0.0000,  0.0000]])
tensor([[0.0082, 1.0000, 0.0000, 0.0000, 0.0000, 0.0000]])
tensor([[0.6574, 1.0000, 0.0000, 0.0000, 0.0000, 0.0000]])
tensor([[0.6566, 1.0000, 0.0000, 0.0000, 0.0000, 0.0000]])
tensor([[0.2046, 1.0000, 0.0000, 0.0000, 0.0000, 0.0000]])
tensor([[0.8323, 1.0000, 0.0000, 1.0000, 0.0000, 0.0000]])
tensor([[0.8402, 1.0000, 0.0000, 0.0000, 0.0000, 0.0000]])
tensor([[-0.0687,  1.0000,  0.0000,  0.0000,  0.0000,  0.0000]])
tensor([[0.7079, 1.0000, 0.0000, 0.0000, 0.0000, 0.0000]])
tensor([[0.1096, 1.0000, 0.0000, 1.0000, 0.0000, 0.0000]])
tensor([[-0.4443,  1.0000,  0.0000,  0.0000,  0.0000,  0.0000]])
tensor([[0.3162, 1.0000, 0.0000, 0.0000, 0.0000, 0.0000]])
tensor([[0.6509, 1.0000, 0.0000, 0.0000, 0.0000, 0.0000]])
tensor([[-0.0759,  1.0000,  0.0000,  0.0000,  0.0000,  0.0000]])
tensor([[-0.8396,  1.0000,  0.0000,  0.0000,  0.0000,  0.0000]])
tensor([[0.8131, 1.0000, 0.0000, 0.0000, 0.0000, 0.0000]])
tensor([[-0.1739,  1.0000,  0.0000,  1.0000,  0.0000,  0.0000]])
tensor([[0.6895, 1.0000, 0.0000, 0.0000, 0.0000, 0.0000]])
tensor([[-0.6987,  1.0000,  0.0000,  0.0000,  0.0000,  0.0000]])
tensor([[-0.5686,  1.0000,  0.0000,  0.0000,  0.0000,  0.0000]])
tensor([[0.7890, 1.0000, 0.0000, 0.0000, 0.0000, 0.0000]])
tensor([[0.2703, 1.0000, 0.0000, 0.0000, 0.0000, 0.0000]])
tensor([[0.5956, 1.0000, 0.0000, 0.0000, 0.0000, 0.0000]])
tensor([[0.3870, 1.0000, 0.0000, 0.0000, 0.0000, 0.0000]])
tensor([[-0.5792,  1.0000,  0.0000,  0.0000,  0.0000,  0.0000]])
tensor([[0.3860, 1.0000, 0.0000, 0.0000, 0.0000, 0.0000]])
tensor([[0.6932, 1.0000, 0.0000, 0.0000, 0.0000, 0.0000]])
tensor([[-0.1347,  1.0000,  0.0000,  0.0000,  0.0000,  0.0000]])
tensor([[0.0834, 1.0000, 0.0000, 0.0000, 0.0000, 0.0000]])
tensor([[-0.7590,  1.0000,  0.0000,  0.0000,  0.0000,  0.0000]])
tensor([[-0.3033,  1.0000,  0.0000,  0.0000,  0.0000,  0.0000]])
tensor([[0.1043, 1.0000, 0.0000, 0.0000, 0.0000, 0.0000]])
tensor([[0.3227, 1.0000, 0.0000, 0.0000, 0.0000, 0.0000]])
tensor([[-0.4046,  1.0000,  0.0000,  0.0000,  0.0000,  0.0000]])
tensor([[0.0308, 0.0000, 0.0000, 0.0000, 0.0000, 0.0000]])
tensor([[0.3696, 1.0000, 0.0000, 0.0000, 0.0000, 0.0000]])
tensor([[-0.7968,  1.0000,  0.0000,  0.0000,  0.0000,  0.0000]])
tensor([[0.7035, 1.0000, 0.0000, 0.0000, 0.0000, 0.0000]])
tensor([[0.2762, 1.0000, 0.0000, 0.0000, 0.0000, 0.0000]])
tensor([[0.5404, 1.0000, 0.0000, 0.0000, 0.0000, 0.0000]])
tensor([[-0.0196,  1.0000,  0.0000,  0.0000,  0.0000,  0.0000]])
tensor([[-0.6356,  1.0000,  1.0000,  0.0000,  0.0000,  0.0000]])
tensor([[0.5559, 1.0000, 0.0000, 0.0000, 0.0000, 0.0000]])
tensor([[0.0857, 1.0000, 0.0000, 0.0000, 0.0000, 0.0000]])
tensor([[-0.8298,  1.0000,  0.0000,  0.0000,  0.0000,  0.0000]])
tensor([[0.2815, 1.0000, 0.0000, 0.0000, 0.0000, 0.0000]])
tensor([[0.0958, 1.0000, 0.0000, 0.0000, 0.0000, 0.0000]])
tensor([[-0.7490,  1.0000,  0.0000,  0.0000,  0.0000,  0.0000]])
tensor([[-0.8850,  1.0000,  0.0000,  0.0000,  0.0000,  0.0000]])
tensor([[-0.2958,  1.0000,  0.0000,  0.0000,  0.0000,  0.0000]])
tensor([[0.5511, 1.0000, 0.0000, 0.0000, 0.0000, 0.0000]])
tensor([[-0.4886,  1.0000,  0.0000,  0.0000,  0.0000,  0.0000]])
tensor([[0.8265, 1.0000, 0.0000, 0.0000, 0.0000, 0.0000]])
tensor([[-0.0084,  1.0000,  0.0000,  0.0000,  0.0000,  0.0000]])
tensor([[-0.2576,  0.0000,  1.0000,  0.0000,  0.0000,  0.0000]])
tensor([[-0.0287,  1.0000,  0.0000,  0.0000,  0.0000,  0.0000]])
tensor([[0.2159, 1.0000, 0.0000, 0.0000, 0.0000, 0.0000]])
tensor([[0.9839, 1.0000, 0.0000, 0.0000, 0.0000, 0.0000]])
tensor([[0.5461, 1.0000, 0.0000, 0.0000, 0.0000, 0.0000]])
tensor([[0.9673, 1.0000, 0.0000, 0.0000, 0.0000, 0.0000]])
tensor([[0.8376, 1.0000, 1.0000, 0.0000, 0.0000, 0.0000]])
tensor([[0.8991, 1.0000, 1.0000, 0.0000, 0.0000, 0.0000]])
tensor([[-0.1102,  1.0000,  0.0000,  0.0000,  0.0000,  0.0000]])
tensor([[-0.5703,  1.0000,  0.0000,  0.0000,  0.0000,  0.0000]])
tensor([[0.8662, 1.0000, 0.0000, 0.0000, 0.0000, 0.0000]])
tensor([[0.0198, 1.0000, 0.0000, 0.0000, 0.0000, 0.0000]])
tensor([[-0.6011,  1.0000,  0.0000,  1.0000,  0.0000,  0.0000]])
tensor([[0.8445, 1.0000, 0.0000, 0.0000, 0.0000, 0.0000]])
tensor([[0.2871, 1.0000, 0.0000, 0.0000, 0.0000, 0.0000]])
tensor([[0.4259, 1.0000, 0.0000, 0.0000, 0.0000, 0.0000]])
tensor([[-0.6526,  1.0000,  1.0000,  0.0000,  0.0000,  0.0000]])
tensor([[0.3096, 1.0000, 0.0000, 0.0000, 0.0000, 0.0000]])
tensor([[0.6314, 0.0000, 0.0000, 0.0000, 0.0000, 0.0000]])
tensor([[-0.0849,  1.0000,  0.0000,  0.0000,  0.0000,  0.0000]])
tensor([[-0.4351,  1.0000,  0.0000,  0.0000,  0.0000,  0.0000]])
tensor([[0.2861, 1.0000, 0.0000, 0.0000, 0.0000, 0.0000]])
tensor([[-0.4091,  1.0000,  0.0000,  0.0000,  0.0000,  0.0000]])
tensor([[0.8774, 1.0000, 0.0000, 0.0000, 0.0000, 0.0000]])
tensor([[-0.6465,  1.0000,  0.0000,  0.0000,  0.0000,  0.0000]])
tensor([[-0.0597,  1.0000,  0.0000,  0.0000,  0.0000,  0.0000]])
tensor([[0.4387, 1.0000, 0.0000, 0.0000, 0.0000, 0.0000]])
tensor([[0.1756, 1.0000, 0.0000, 0.0000, 0.0000, 0.0000]])
tensor([[-0.2645,  1.0000,  0.0000,  0.0000,  0.0000,  0.0000]])
tensor([[0.8692, 1.0000, 0.0000, 0.0000, 0.0000, 0.0000]])
tensor([[-0.1023,  1.0000,  1.0000,  0.0000,  0.0000,  0.0000]])
tensor([[0.4512, 1.0000, 0.0000, 0.0000, 0.0000, 0.0000]])
tensor([[0.8841, 1.0000, 1.0000, 0.0000, 0.0000, 0.0000]])
tensor([[0.5556, 1.0000, 0.0000, 0.0000, 0.0000, 0.0000]])
tensor([[0.7754, 1.0000, 0.0000, 0.0000, 0.0000, 0.0000]])
tensor([[0.4707, 1.0000, 0.0000, 0.0000, 0.0000, 0.0000]])
tensor([[-0.7207,  1.0000,  0.0000,  0.0000,  0.0000,  0.0000]])
tensor([[0.3977, 1.0000, 0.0000, 0.0000, 0.0000, 0.0000]])
tensor([[-0.4027,  1.0000,  0.0000,  0.0000,  0.0000,  0.0000]])
tensor([[0.7839, 1.0000, 0.0000, 0.0000, 0.0000, 0.0000]])
tensor([[0.7970, 1.0000, 0.0000, 0.0000, 0.0000, 0.0000]])
tensor([[0.7543, 1.0000, 0.0000, 0.0000, 0.0000, 0.0000]])
tensor([[0.7188, 1.0000, 0.0000, 0.0000, 0.0000, 0.0000]])
tensor([[-0.1709,  1.0000,  0.0000,  0.0000,  0.0000,  0.0000]])
tensor([[0.6206, 1.0000, 0.0000, 0.0000, 0.0000, 0.0000]])
tensor([[-0.9682,  1.0000,  0.0000,  0.0000,  0.0000,  0.0000]])
tensor([[-0.1480,  1.0000,  0.0000,  0.0000,  0.0000,  0.0000]])
tensor([[-0.5262,  1.0000,  0.0000,  0.0000,  0.0000,  0.0000]])
tensor([[-0.4126,  1.0000,  0.0000,  0.0000,  0.0000,  0.0000]])
tensor([[0.9462, 1.0000, 0.0000, 0.0000, 0.0000, 0.0000]])
tensor([[-0.7801,  1.0000,  1.0000,  0.0000,  0.0000,  0.0000]])
tensor([[0.9458, 1.0000, 0.0000, 0.0000, 0.0000, 0.0000]])
tensor([[-0.4549,  1.0000,  0.0000,  0.0000,  0.0000,  0.0000]])
tensor([[0.1922, 1.0000, 0.0000, 0.0000, 0.0000, 0.0000]])
tensor([[-0.7971,  1.0000,  0.0000,  0.0000,  0.0000,  0.0000]])
tensor([[-0.1477,  1.0000,  0.0000,  0.0000,  0.0000,  0.0000]])
tensor([[0.8524, 1.0000, 0.0000, 1.0000, 0.0000, 0.0000]])
tensor([[0.5833, 1.0000, 0.0000, 0.0000, 0.0000, 0.0000]])
tensor([[0.6149, 1.0000, 0.0000, 0.0000, 0.0000, 0.0000]])
tensor([[0.8433, 1.0000, 0.0000, 0.0000, 0.0000, 0.0000]])
tensor([[0.3121, 1.0000, 1.0000, 0.0000, 0.0000, 0.0000]])
tensor([[0.0973, 1.0000, 1.0000, 0.0000, 0.0000, 0.0000]])
tensor([[-0.5770,  1.0000,  0.0000,  0.0000,  0.0000,  0.0000]])
tensor([[-0.5857,  1.0000,  0.0000,  0.0000,  0.0000,  0.0000]])
tensor([[-0.5356,  1.0000,  0.0000,  0.0000,  0.0000,  0.0000]])
tensor([[0.0568, 1.0000, 0.0000, 0.0000, 0.0000, 0.0000]])
tensor([[0.9930, 1.0000, 0.0000, 0.0000, 0.0000, 0.0000]])
tensor([[0.7306, 1.0000, 0.0000, 0.0000, 0.0000, 0.0000]])
tensor([[-0.0108,  0.0000,  0.0000,  0.0000,  0.0000,  0.0000]])
tensor([[0.6148, 1.0000, 0.0000, 0.0000, 0.0000, 0.0000]])
tensor([[0.0146, 1.0000, 0.0000, 0.0000, 0.0000, 0.0000]])
tensor([[0.6642, 1.0000, 0.0000, 0.0000, 0.0000, 0.0000]])
tensor([[-0.4869,  1.0000,  0.0000,  0.0000,  0.0000,  0.0000]])
tensor([[-0.3353,  1.0000,  0.0000,  0.0000,  0.0000,  0.0000]])
tensor([[0.5735, 1.0000, 0.0000, 0.0000, 0.0000, 0.0000]])
tensor([[-0.6329,  1.0000,  0.0000,  0.0000,  0.0000,  0.0000]])
tensor([[0.8084, 0.0000, 0.0000, 0.0000, 0.0000, 0.0000]])
tensor([[0.8867, 1.0000, 0.0000, 0.0000, 0.0000, 0.0000]])
tensor([[-0.0816,  1.0000,  0.0000,  0.0000,  0.0000,  0.0000]])
tensor([[0.3376, 1.0000, 1.0000, 0.0000, 0.0000, 0.0000]])
tensor([[0.8060, 1.0000, 0.0000, 0.0000, 0.0000, 0.0000]])
tensor([[0.9552, 1.0000, 0.0000, 1.0000, 0.0000, 0.0000]])
tensor([[-0.1049,  0.0000,  0.0000,  0.0000,  0.0000,  0.0000]])
tensor([[-0.1653,  0.0000,  0.0000,  0.0000,  0.0000,  0.0000]])
tensor([[0.0240, 1.0000, 0.0000, 0.0000, 0.0000, 0.0000]])
tensor([[-0.5638,  1.0000,  0.0000,  0.0000,  0.0000,  0.0000]])
tensor([[0.7894, 1.0000, 0.0000, 0.0000, 0.0000, 0.0000]])
tensor([[0.2885, 1.0000, 0.0000, 0.0000, 0.0000, 0.0000]])
tensor([[0.6218, 1.0000, 0.0000, 0.0000, 0.0000, 0.0000]])
tensor([[0.9842, 1.0000, 0.0000, 0.0000, 0.0000, 0.0000]])
tensor([[-0.3806,  1.0000,  0.0000,  0.0000,  0.0000,  0.0000]])
tensor([[-0.1492,  1.0000,  0.0000,  0.0000,  0.0000,  0.0000]])
tensor([[0.8533, 1.0000, 0.0000, 1.0000, 0.0000, 0.0000]])
tensor([[0.4647, 0.0000, 0.0000, 0.0000, 0.0000, 0.0000]])
tensor([[0.6343, 1.0000, 0.0000, 1.0000, 0.0000, 0.0000]])
tensor([[0.7461, 1.0000, 0.0000, 0.0000, 0.0000, 0.0000]])
tensor([[0.7716, 1.0000, 0.0000, 0.0000, 0.0000, 0.0000]])
tensor([[0.5943, 1.0000, 0.0000, 0.0000, 0.0000, 0.0000]])
tensor([[0.2236, 1.0000, 0.0000, 0.0000, 0.0000, 0.0000]])
tensor([[0.5162, 1.0000, 0.0000, 0.0000, 0.0000, 0.0000]])
tensor([[0.8109, 1.0000, 0.0000, 0.0000, 0.0000, 0.0000]])
tensor([[0.1711, 1.0000, 0.0000, 0.0000, 0.0000, 0.0000]])
tensor([[0.0627, 1.0000, 0.0000, 0.0000, 0.0000, 0.0000]])
tensor([[0.4495, 1.0000, 0.0000, 0.0000, 0.0000, 0.0000]])
tensor([[-0.8468,  0.0000,  0.0000,  0.0000,  0.0000,  0.0000]])
tensor([[-0.0634,  1.0000,  0.0000,  0.0000,  0.0000,  0.0000]])
tensor([[-0.1546,  1.0000,  1.0000,  0.0000,  0.0000,  0.0000]])
tensor([[0.5087, 1.0000, 0.0000, 0.0000, 0.0000, 0.0000]])
tensor([[0.4980, 1.0000, 0.0000, 0.0000, 0.0000, 0.0000]])
tensor([[-0.0063,  1.0000,  0.0000,  0.0000,  0.0000,  0.0000]])
tensor([[-0.3308,  1.0000,  0.0000,  0.0000,  0.0000,  0.0000]])
tensor([[0.0159, 1.0000, 0.0000, 0.0000, 0.0000, 0.0000]])
tensor([[-0.5913,  1.0000,  0.0000,  0.0000,  0.0000,  0.0000]])
tensor([[0.8668, 1.0000, 0.0000, 0.0000, 0.0000, 0.0000]])
tensor([[0.7665, 1.0000, 1.0000, 0.0000, 0.0000, 0.0000]])
tensor([[-0.0929,  1.0000,  0.0000,  0.0000,  0.0000,  0.0000]])
tensor([[-0.7681,  1.0000,  0.0000,  0.0000,  0.0000,  0.0000]])
tensor([[0.5238, 1.0000, 0.0000, 0.0000, 0.0000, 0.0000]])
tensor([[0.8685, 1.0000, 0.0000, 1.0000, 0.0000, 0.0000]])
tensor([[0.8592, 1.0000, 0.0000, 0.0000, 0.0000, 0.0000]])
tensor([[0.1784, 1.0000, 0.0000, 0.0000, 0.0000, 0.0000]])
tensor([[0.6170, 1.0000, 0.0000, 0.0000, 0.0000, 0.0000]])
tensor([[0.0269, 1.0000, 0.0000, 0.0000, 0.0000, 0.0000]])
tensor([[0.9237, 1.0000, 0.0000, 0.0000, 0.0000, 0.0000]])
tensor([[0.0635, 1.0000, 1.0000, 0.0000, 0.0000, 0.0000]])
tensor([[-0.1127,  1.0000,  0.0000,  0.0000,  0.0000,  0.0000]])
tensor([[0.8745, 0.0000, 0.0000, 0.0000, 0.0000, 0.0000]])
tensor([[-0.0529,  1.0000,  0.0000,  0.0000,  0.0000,  0.0000]])
tensor([[-0.3798,  1.0000,  0.0000,  0.0000,  0.0000,  0.0000]])
tensor([[0.8432, 1.0000, 0.0000, 0.0000, 0.0000, 0.0000]])
tensor([[0.7910, 1.0000, 0.0000, 0.0000, 0.0000, 0.0000]])
tensor([[-0.3016,  1.0000,  0.0000,  0.0000,  0.0000,  0.0000]])
tensor([[0.5407, 1.0000, 0.0000, 0.0000, 0.0000, 0.0000]])
tensor([[0.6907, 1.0000, 0.0000, 0.0000, 0.0000, 0.0000]])
tensor([[-0.2255,  1.0000,  0.0000,  0.0000,  0.0000,  0.0000]])
tensor([[0.3005, 1.0000, 1.0000, 0.0000, 0.0000, 0.0000]])
tensor([[0.1349, 1.0000, 0.0000, 0.0000, 0.0000, 0.0000]])
tensor([[0.5039, 1.0000, 1.0000, 0.0000, 0.0000, 0.0000]])
tensor([[0.4120, 1.0000, 0.0000, 0.0000, 0.0000, 0.0000]])
tensor([[-0.2999,  1.0000,  0.0000,  0.0000,  0.0000,  0.0000]])
tensor([[0.7885, 1.0000, 0.0000, 0.0000, 0.0000, 0.0000]])
tensor([[-0.2757,  1.0000,  0.0000,  0.0000,  0.0000,  0.0000]])
tensor([[-0.9211,  1.0000,  1.0000,  0.0000,  0.0000,  0.0000]])
tensor([[-0.4087,  1.0000,  0.0000,  0.0000,  0.0000,  0.0000]])
tensor([[0.7914, 1.0000, 0.0000, 0.0000, 0.0000, 0.0000]])
tensor([[-0.0693,  1.0000,  0.0000,  0.0000,  0.0000,  0.0000]])
tensor([[0.2552, 1.0000, 0.0000, 0.0000, 0.0000, 0.0000]])
tensor([[0.3054, 1.0000, 0.0000, 0.0000, 0.0000, 0.0000]])
tensor([[0.5756, 1.0000, 0.0000, 0.0000, 0.0000, 0.0000]])
tensor([[0.1234, 1.0000, 0.0000, 0.0000, 0.0000, 0.0000]])
tensor([[0.9389, 1.0000, 0.0000, 0.0000, 0.0000, 0.0000]])
tensor([[0.3431, 1.0000, 0.0000, 1.0000, 0.0000, 0.0000]])
tensor([[-0.1987,  1.0000,  0.0000,  0.0000,  0.0000,  0.0000]])
tensor([[-0.8263,  1.0000,  0.0000,  0.0000,  0.0000,  0.0000]])
tensor([[0.4113, 1.0000, 0.0000, 0.0000, 0.0000, 0.0000]])
tensor([[-0.5366,  1.0000,  0.0000,  0.0000,  0.0000,  0.0000]])
tensor([[-0.5678,  1.0000,  0.0000,  0.0000,  0.0000,  0.0000]])
tensor([[-0.3623,  1.0000,  0.0000,  1.0000,  0.0000,  0.0000]])
tensor([[-0.9232,  1.0000,  0.0000,  0.0000,  0.0000,  0.0000]])
tensor([[-0.2041,  1.0000,  0.0000,  0.0000,  0.0000,  0.0000]])
tensor([[0.8927, 1.0000, 0.0000, 0.0000, 0.0000, 0.0000]])
tensor([[0.0532, 1.0000, 0.0000, 0.0000, 0.0000, 0.0000]])
tensor([[0.2788, 1.0000, 1.0000, 0.0000, 0.0000, 0.0000]])
tensor([[-0.1477,  1.0000,  0.0000,  0.0000,  0.0000,  0.0000]])
tensor([[0.6821, 1.0000, 1.0000, 0.0000, 0.0000, 0.0000]])
tensor([[0.9201, 0.0000, 0.0000, 0.0000, 0.0000, 0.0000]])
tensor([[-0.5775,  1.0000,  0.0000,  0.0000,  0.0000,  0.0000]])
tensor([[0.9449, 1.0000, 0.0000, 0.0000, 0.0000, 0.0000]])
tensor([[0.6719, 1.0000, 0.0000, 0.0000, 0.0000, 0.0000]])
tensor([[-0.7421,  1.0000,  1.0000,  0.0000,  0.0000,  0.0000]])
tensor([[0.4464, 1.0000, 0.0000, 0.0000, 0.0000, 0.0000]])
tensor([[0.5273, 1.0000, 0.0000, 0.0000, 0.0000, 0.0000]])
tensor([[-0.4828,  1.0000,  0.0000,  0.0000,  0.0000,  0.0000]])
tensor([[0.8880, 1.0000, 0.0000, 0.0000, 0.0000, 0.0000]])
tensor([[0.2904, 1.0000, 0.0000, 0.0000, 0.0000, 0.0000]])
tensor([[0.4166, 1.0000, 0.0000, 1.0000, 0.0000, 0.0000]])
tensor([[0.8125, 1.0000, 1.0000, 0.0000, 0.0000, 0.0000]])
tensor([[0.8690, 1.0000, 0.0000, 0.0000, 0.0000, 0.0000]])
tensor([[0.0589, 1.0000, 0.0000, 0.0000, 0.0000, 0.0000]])
tensor([[-0.6947,  1.0000,  0.0000,  0.0000,  0.0000,  0.0000]])
tensor([[0.6257, 1.0000, 0.0000, 0.0000, 0.0000, 0.0000]])
tensor([[-0.3543,  1.0000,  0.0000,  0.0000,  0.0000,  0.0000]])
tensor([[0.2651, 1.0000, 0.0000, 1.0000, 0.0000, 0.0000]])
tensor([[0.1243, 1.0000, 0.0000, 0.0000, 0.0000, 0.0000]])
tensor([[0.5981, 0.0000, 0.0000, 0.0000, 0.0000, 0.0000]])
tensor([[0.7714, 1.0000, 0.0000, 1.0000, 0.0000, 0.0000]])
tensor([[0.8929, 1.0000, 0.0000, 0.0000, 0.0000, 0.0000]])
tensor([[0.2045, 1.0000, 0.0000, 0.0000, 0.0000, 0.0000]])
tensor([[-0.0716,  1.0000,  0.0000,  0.0000,  0.0000,  0.0000]])
tensor([[0.1670, 1.0000, 0.0000, 0.0000, 0.0000, 0.0000]])
tensor([[-0.1581,  1.0000,  1.0000,  0.0000,  0.0000,  0.0000]])
tensor([[0.7044, 1.0000, 0.0000, 0.0000, 0.0000, 0.0000]])
tensor([[0.2334, 1.0000, 0.0000, 0.0000, 0.0000, 0.0000]])
tensor([[0.5605, 1.0000, 0.0000, 0.0000, 0.0000, 0.0000]])
tensor([[0.1587, 1.0000, 0.0000, 0.0000, 0.0000, 0.0000]])
tensor([[0.5424, 1.0000, 0.0000, 0.0000, 0.0000, 0.0000]])
tensor([[0.5049, 1.0000, 0.0000, 0.0000, 0.0000, 0.0000]])
tensor([[-0.5399,  1.0000,  0.0000,  0.0000,  0.0000,  0.0000]])
tensor([[-0.4958,  1.0000,  0.0000,  0.0000,  0.0000,  0.0000]])
tensor([[-0.1702,  1.0000,  0.0000,  0.0000,  0.0000,  0.0000]])
tensor([[-0.8293,  1.0000,  0.0000,  0.0000,  0.0000,  0.0000]])
tensor([[-0.7317,  0.0000,  0.0000,  0.0000,  0.0000,  0.0000]])
tensor([[0.8026, 1.0000, 1.0000, 0.0000, 0.0000, 0.0000]])
tensor([[-0.2583,  1.0000,  0.0000,  0.0000,  0.0000,  0.0000]])
tensor([[-0.7542,  1.0000,  0.0000,  0.0000,  0.0000,  0.0000]])
tensor([[0.2985, 1.0000, 0.0000, 0.0000, 0.0000, 0.0000]])
tensor([[-0.6099,  1.0000,  1.0000,  0.0000,  0.0000,  0.0000]])
tensor([[0.4156, 1.0000, 0.0000, 0.0000, 0.0000, 0.0000]])
tensor([[-0.2639,  1.0000,  0.0000,  0.0000,  0.0000,  0.0000]])
tensor([[-0.2803,  1.0000,  0.0000,  0.0000,  0.0000,  0.0000]])
tensor([[0.7569, 1.0000, 0.0000, 0.0000, 0.0000, 0.0000]])
tensor([[0.5581, 0.0000, 0.0000, 0.0000, 0.0000, 0.0000]])
tensor([[0.8159, 1.0000, 0.0000, 0.0000, 0.0000, 0.0000]])
tensor([[0.7160, 1.0000, 1.0000, 0.0000, 0.0000, 0.0000]])
tensor([[-0.0357,  1.0000,  0.0000,  0.0000,  0.0000,  0.0000]])
tensor([[0.6310, 1.0000, 0.0000, 0.0000, 0.0000, 0.0000]])
tensor([[0.7422, 1.0000, 0.0000, 0.0000, 0.0000, 0.0000]])
tensor([[-0.4791,  1.0000,  0.0000,  0.0000,  0.0000,  0.0000]])
tensor([[0.2857, 1.0000, 1.0000, 0.0000, 0.0000, 0.0000]])
tensor([[0.7016, 1.0000, 0.0000, 0.0000, 0.0000, 0.0000]])
tensor([[-0.5853,  1.0000,  0.0000,  0.0000,  0.0000,  0.0000]])
tensor([[-0.7752,  1.0000,  0.0000,  0.0000,  0.0000,  0.0000]])
tensor([[0.4115, 1.0000, 0.0000, 0.0000, 0.0000, 0.0000]])
tensor([[0.7599, 1.0000, 0.0000, 0.0000, 0.0000, 0.0000]])
tensor([[0.2382, 1.0000, 0.0000, 0.0000, 0.0000, 0.0000]])
tensor([[0.9511, 1.0000, 1.0000, 0.0000, 0.0000, 0.0000]])
tensor([[-0.6327,  1.0000,  1.0000,  0.0000,  0.0000,  0.0000]])
tensor([[-0.2989,  1.0000,  0.0000,  0.0000,  0.0000,  0.0000]])
tensor([[0.1387, 1.0000, 0.0000, 0.0000, 0.0000, 0.0000]])
tensor([[0.0644, 1.0000, 0.0000, 0.0000, 0.0000, 0.0000]])
tensor([[0.9013, 1.0000, 0.0000, 0.0000, 0.0000, 0.0000]])
tensor([[0.4403, 1.0000, 0.0000, 0.0000, 0.0000, 0.0000]])
tensor([[-0.8758,  1.0000,  0.0000,  0.0000,  0.0000,  0.0000]])
tensor([[0.7543, 1.0000, 0.0000, 0.0000, 0.0000, 0.0000]])
tensor([[0.1374, 1.0000, 0.0000, 0.0000, 0.0000, 0.0000]])
tensor([[-0.2434,  1.0000,  0.0000,  0.0000,  0.0000,  0.0000]])
tensor([[-0.7845,  1.0000,  0.0000,  0.0000,  0.0000,  0.0000]])
tensor([[-0.8504,  1.0000,  0.0000,  0.0000,  0.0000,  0.0000]])
tensor([[0.1332, 1.0000, 0.0000, 0.0000, 0.0000, 0.0000]])
tensor([[0.6627, 1.0000, 0.0000, 0.0000, 0.0000, 0.0000]])
tensor([[0.1862, 1.0000, 0.0000, 0.0000, 0.0000, 0.0000]])
tensor([[0.8523, 1.0000, 0.0000, 0.0000, 0.0000, 0.0000]])
tensor([[0.3807, 1.0000, 0.0000, 0.0000, 0.0000, 0.0000]])
tensor([[0.3302, 1.0000, 0.0000, 0.0000, 0.0000, 0.0000]])
tensor([[0.4516, 1.0000, 0.0000, 0.0000, 0.0000, 0.0000]])
tensor([[0.0172, 1.0000, 1.0000, 0.0000, 0.0000, 0.0000]])
tensor([[0.8393, 1.0000, 0.0000, 0.0000, 0.0000, 0.0000]])
tensor([[0.3757, 1.0000, 0.0000, 0.0000, 0.0000, 0.0000]])
tensor([[-0.4354,  1.0000,  0.0000,  0.0000,  0.0000,  0.0000]])
tensor([[-0.6497,  1.0000,  1.0000,  0.0000,  0.0000,  0.0000]])
tensor([[-0.5177,  1.0000,  0.0000,  0.0000,  0.0000,  0.0000]])
tensor([[0.8733, 1.0000, 0.0000, 0.0000, 0.0000, 0.0000]])
tensor([[-0.3690,  1.0000,  0.0000,  0.0000,  0.0000,  0.0000]])
tensor([[-0.7546,  1.0000,  1.0000,  0.0000,  0.0000,  0.0000]])
tensor([[-0.3064,  1.0000,  0.0000,  0.0000,  0.0000,  0.0000]])
tensor([[-0.5597,  1.0000,  0.0000,  0.0000,  0.0000,  0.0000]])
tensor([[0.3350, 1.0000, 0.0000, 0.0000, 0.0000, 0.0000]])
tensor([[0.6625, 1.0000, 0.0000, 0.0000, 0.0000, 0.0000]])
tensor([[-0.2415,  1.0000,  0.0000,  0.0000,  0.0000,  0.0000]])
tensor([[0.5774, 1.0000, 0.0000, 0.0000, 0.0000, 0.0000]])
tensor([[-0.1113,  1.0000,  0.0000,  0.0000,  0.0000,  0.0000]])
tensor([[-0.5079,  1.0000,  0.0000,  0.0000,  0.0000,  0.0000]])
tensor([[0.8463, 1.0000, 0.0000, 0.0000, 0.0000, 0.0000]])
tensor([[-0.1258,  1.0000,  0.0000,  0.0000,  0.0000,  0.0000]])
tensor([[0.1613, 1.0000, 0.0000, 0.0000, 0.0000, 0.0000]])
tensor([[0.4377, 1.0000, 0.0000, 0.0000, 0.0000, 0.0000]])
tensor([[-0.4013,  1.0000,  0.0000,  0.0000,  0.0000,  0.0000]])
tensor([[0.5850, 1.0000, 0.0000, 0.0000, 0.0000, 0.0000]])
tensor([[0.9510, 1.0000, 0.0000, 0.0000, 0.0000, 0.0000]])
tensor([[0.0241, 1.0000, 0.0000, 0.0000, 0.0000, 0.0000]])
tensor([[0.9060, 1.0000, 0.0000, 0.0000, 0.0000, 0.0000]])
tensor([[-0.9720,  1.0000,  0.0000,  0.0000,  0.0000,  0.0000]])
tensor([[0.9946, 1.0000, 1.0000, 1.0000, 0.0000, 0.0000]])
tensor([[0.9075, 1.0000, 0.0000, 0.0000, 0.0000, 0.0000]])
tensor([[0.2220, 1.0000, 0.0000, 0.0000, 0.0000, 0.0000]])
tensor([[-0.2766,  1.0000,  0.0000,  0.0000,  0.0000,  0.0000]])
tensor([[0.2916, 1.0000, 0.0000, 0.0000, 0.0000, 0.0000]])
tensor([[-0.7302,  1.0000,  0.0000,  0.0000,  0.0000,  0.0000]])
tensor([[-0.7787,  1.0000,  0.0000,  0.0000,  0.0000,  0.0000]])
tensor([[-0.6492,  1.0000,  1.0000,  0.0000,  0.0000,  0.0000]])
tensor([[-0.3167,  1.0000,  0.0000,  0.0000,  0.0000,  0.0000]])
tensor([[0.9186, 1.0000, 0.0000, 0.0000, 0.0000, 0.0000]])
tensor([[0.2397, 1.0000, 0.0000, 0.0000, 0.0000, 0.0000]])
tensor([[0.2364, 1.0000, 0.0000, 0.0000, 0.0000, 0.0000]])
tensor([[0.0307, 1.0000, 0.0000, 0.0000, 0.0000, 0.0000]])
tensor([[-0.1526,  1.0000,  0.0000,  0.0000,  0.0000,  0.0000]])
tensor([[0.7582, 1.0000, 0.0000, 0.0000, 0.0000, 0.0000]])
tensor([[0.6216, 1.0000, 0.0000, 0.0000, 0.0000, 0.0000]])
tensor([[-0.4245,  1.0000,  0.0000,  0.0000,  0.0000,  0.0000]])
tensor([[-0.0395,  1.0000,  1.0000,  0.0000,  0.0000,  0.0000]])
tensor([[-0.4649,  1.0000,  0.0000,  0.0000,  0.0000,  0.0000]])
tensor([[-0.2511,  1.0000,  0.0000,  0.0000,  0.0000,  0.0000]])
tensor([[-0.4227,  1.0000,  0.0000,  0.0000,  0.0000,  0.0000]])
tensor([[-0.2262,  1.0000,  0.0000,  0.0000,  0.0000,  0.0000]])
tensor([[-0.4682,  1.0000,  0.0000,  0.0000,  0.0000,  0.0000]])
tensor([[0.6013, 1.0000, 0.0000, 0.0000, 0.0000, 0.0000]])
tensor([[0.5301, 1.0000, 0.0000, 0.0000, 0.0000, 0.0000]])
tensor([[-0.3535,  1.0000,  0.0000,  0.0000,  0.0000,  0.0000]])
tensor([[0.7034, 1.0000, 0.0000, 0.0000, 0.0000, 0.0000]])
tensor([[-0.1613,  1.0000,  0.0000,  0.0000,  0.0000,  0.0000]])
tensor([[-0.4881,  1.0000,  0.0000,  0.0000,  0.0000,  0.0000]])
tensor([[0.1354, 1.0000, 0.0000, 0.0000, 0.0000, 0.0000]])
tensor([[-0.1255,  1.0000,  0.0000,  0.0000,  0.0000,  0.0000]])
tensor([[0.1027, 1.0000, 0.0000, 0.0000, 0.0000, 0.0000]])
tensor([[-0.2654,  1.0000,  0.0000,  0.0000,  0.0000,  0.0000]])
tensor([[0.9395, 1.0000, 0.0000, 0.0000, 0.0000, 0.0000]])
tensor([[0.6847, 1.0000, 0.0000, 0.0000, 0.0000, 0.0000]])
tensor([[-0.1438,  1.0000,  0.0000,  0.0000,  0.0000,  0.0000]])
tensor([[0.8778, 1.0000, 0.0000, 0.0000, 0.0000, 0.0000]])
tensor([[-0.0468,  1.0000,  0.0000,  0.0000,  0.0000,  0.0000]])
tensor([[-0.2280,  1.0000,  0.0000,  0.0000,  0.0000,  0.0000]])
tensor([[0.0882, 1.0000, 0.0000, 0.0000, 0.0000, 0.0000]])
tensor([[0.1397, 1.0000, 0.0000, 0.0000, 0.0000, 0.0000]])
tensor([[0.7773, 1.0000, 0.0000, 0.0000, 0.0000, 0.0000]])
tensor([[-0.5135,  1.0000,  0.0000,  0.0000,  0.0000,  0.0000]])
tensor([[-0.8151,  1.0000,  0.0000,  0.0000,  0.0000,  0.0000]])
tensor([[-0.5409,  1.0000,  0.0000,  0.0000,  0.0000,  0.0000]])
tensor([[0.2485, 1.0000, 0.0000, 0.0000, 0.0000, 0.0000]])
tensor([[0.0232, 1.0000, 0.0000, 0.0000, 0.0000, 0.0000]])
tensor([[0.8435, 1.0000, 0.0000, 0.0000, 0.0000, 0.0000]])
tensor([[0.5286, 1.0000, 0.0000, 0.0000, 1.0000, 0.0000]])
tensor([[0.8132, 1.0000, 0.0000, 0.0000, 0.0000, 0.0000]])
tensor([[0.0766, 1.0000, 0.0000, 0.0000, 0.0000, 0.0000]])
tensor([[0.7502, 1.0000, 0.0000, 0.0000, 0.0000, 0.0000]])
tensor([[0.7680, 1.0000, 0.0000, 0.0000, 0.0000, 0.0000]])
tensor([[-0.4152,  0.0000,  0.0000,  0.0000,  0.0000,  0.0000]])
tensor([[-0.8333,  1.0000,  0.0000,  0.0000,  0.0000,  0.0000]])
tensor([[0.2254, 1.0000, 0.0000, 0.0000, 0.0000, 0.0000]])
tensor([[0.7553, 1.0000, 0.0000, 0.0000, 0.0000, 0.0000]])
tensor([[0.3861, 1.0000, 0.0000, 0.0000, 0.0000, 0.0000]])
tensor([[-0.1598,  1.0000,  0.0000,  0.0000,  0.0000,  0.0000]])
tensor([[-0.5910,  1.0000,  0.0000,  0.0000,  0.0000,  0.0000]])
tensor([[-0.7406,  1.0000,  0.0000,  0.0000,  0.0000,  0.0000]])
tensor([[0.8765, 1.0000, 0.0000, 0.0000, 0.0000, 0.0000]])
tensor([[0.8481, 1.0000, 0.0000, 0.0000, 0.0000, 0.0000]])
tensor([[0.9409, 1.0000, 0.0000, 0.0000, 0.0000, 0.0000]])
tensor([[-0.0846,  1.0000,  0.0000,  0.0000,  0.0000,  0.0000]])
tensor([[0.3208, 1.0000, 0.0000, 0.0000, 0.0000, 0.0000]])
tensor([[0.0656, 1.0000, 0.0000, 0.0000, 0.0000, 0.0000]])
tensor([[-0.3985,  1.0000,  0.0000,  0.0000,  0.0000,  0.0000]])
tensor([[0.3193, 1.0000, 0.0000, 0.0000, 0.0000, 0.0000]])
tensor([[0.2099, 1.0000, 0.0000, 0.0000, 0.0000, 0.0000]])
tensor([[0.0934, 1.0000, 1.0000, 0.0000, 0.0000, 0.0000]])
tensor([[0.5411, 1.0000, 0.0000, 0.0000, 0.0000, 0.0000]])
tensor([[-0.5826,  1.0000,  0.0000,  0.0000,  0.0000,  0.0000]])
tensor([[-0.6194,  1.0000,  0.0000,  0.0000,  0.0000,  0.0000]])
tensor([[0.1357, 1.0000, 0.0000, 0.0000, 0.0000, 0.0000]])
tensor([[0.4986, 1.0000, 0.0000, 0.0000, 0.0000, 0.0000]])
tensor([[0.4114, 1.0000, 0.0000, 0.0000, 0.0000, 0.0000]])
tensor([[-0.4515,  1.0000,  0.0000,  0.0000,  0.0000,  0.0000]])
tensor([[0.8326, 1.0000, 0.0000, 0.0000, 0.0000, 0.0000]])
tensor([[0.1554, 1.0000, 0.0000, 0.0000, 0.0000, 0.0000]])
tensor([[0.9502, 1.0000, 0.0000, 0.0000, 0.0000, 0.0000]])
tensor([[0.5486, 1.0000, 0.0000, 0.0000, 0.0000, 0.0000]])
tensor([[0.4779, 1.0000, 0.0000, 0.0000, 0.0000, 0.0000]])
tensor([[0.0841, 1.0000, 0.0000, 0.0000, 0.0000, 0.0000]])
tensor([[-0.2436,  1.0000,  0.0000,  0.0000,  0.0000,  0.0000]])
tensor([[0.2962, 1.0000, 0.0000, 0.0000, 0.0000, 0.0000]])
tensor([[0.0331, 1.0000, 0.0000, 0.0000, 0.0000, 0.0000]])
tensor([[0.4773, 1.0000, 0.0000, 0.0000, 0.0000, 0.0000]])
tensor([[-0.5223,  1.0000,  0.0000,  0.0000,  0.0000,  0.0000]])
tensor([[0.8312, 1.0000, 0.0000, 0.0000, 0.0000, 0.0000]])
tensor([[-0.9212,  1.0000,  0.0000,  0.0000,  0.0000,  0.0000]])
tensor([[-0.8971,  1.0000,  0.0000,  0.0000,  0.0000,  0.0000]])
tensor([[0.3898, 1.0000, 0.0000, 0.0000, 0.0000, 0.0000]])
tensor([[-0.4765,  1.0000,  0.0000,  0.0000,  0.0000,  0.0000]])
tensor([[0.2319, 1.0000, 0.0000, 0.0000, 0.0000, 0.0000]])
tensor([[-0.9064,  1.0000,  0.0000,  0.0000,  0.0000,  0.0000]])
tensor([[0.8349, 1.0000, 0.0000, 0.0000, 0.0000, 0.0000]])
tensor([[-0.3683,  1.0000,  0.0000,  0.0000,  0.0000,  0.0000]])
tensor([[0.8367, 1.0000, 0.0000, 0.0000, 0.0000, 0.0000]])
tensor([[0.7144, 1.0000, 0.0000, 0.0000, 0.0000, 0.0000]])
tensor([[-0.1300,  1.0000,  0.0000,  0.0000,  0.0000,  0.0000]])
tensor([[-0.8247,  1.0000,  1.0000,  1.0000,  0.0000,  0.0000]])
tensor([[-0.9617,  1.0000,  0.0000,  0.0000,  0.0000,  0.0000]])
tensor([[-0.9085,  1.0000,  0.0000,  0.0000,  0.0000,  0.0000]])
tensor([[-0.8963,  1.0000,  0.0000,  0.0000,  0.0000,  0.0000]])
tensor([[-0.6690,  1.0000,  0.0000,  0.0000,  0.0000,  0.0000]])
tensor([[-0.1486,  1.0000,  1.0000,  0.0000,  0.0000,  0.0000]])
tensor([[0.7553, 1.0000, 0.0000, 0.0000, 0.0000, 0.0000]])
tensor([[-0.0090,  1.0000,  0.0000,  0.0000,  0.0000,  0.0000]])
tensor([[-0.5328,  1.0000,  0.0000,  0.0000,  0.0000,  0.0000]])
tensor([[0.2395, 1.0000, 0.0000, 0.0000, 0.0000, 0.0000]])
tensor([[-0.8733,  1.0000,  0.0000,  1.0000,  0.0000,  0.0000]])
tensor([[0.2767, 1.0000, 0.0000, 0.0000, 0.0000, 0.0000]])
tensor([[-0.5729,  1.0000,  0.0000,  0.0000,  0.0000,  0.0000]])
tensor([[-0.4374,  1.0000,  0.0000,  0.0000,  0.0000,  0.0000]])
tensor([[0.7244, 1.0000, 0.0000, 0.0000, 0.0000, 0.0000]])
tensor([[-0.8913,  1.0000,  0.0000,  0.0000,  0.0000,  0.0000]])
tensor([[0.0056, 1.0000, 0.0000, 0.0000, 0.0000, 0.0000]])
tensor([[-0.5077,  1.0000,  0.0000,  0.0000,  0.0000,  0.0000]])
tensor([[0.4234, 1.0000, 0.0000, 0.0000, 0.0000, 0.0000]])
tensor([[-0.8704,  1.0000,  0.0000,  0.0000,  0.0000,  0.0000]])
tensor([[-0.0413,  0.0000,  0.0000,  0.0000,  0.0000,  0.0000]])
tensor([[0.7651, 1.0000, 0.0000, 0.0000, 0.0000, 0.0000]])
tensor([[-0.7345,  1.0000,  0.0000,  0.0000,  0.0000,  0.0000]])
tensor([[-0.3846,  1.0000,  0.0000,  0.0000,  0.0000,  0.0000]])
tensor([[-0.6251,  1.0000,  0.0000,  0.0000,  0.0000,  0.0000]])
tensor([[0.3976, 1.0000, 0.0000, 0.0000, 0.0000, 0.0000]])
tensor([[-0.6518,  1.0000,  0.0000,  0.0000,  0.0000,  0.0000]])
tensor([[-0.2907,  1.0000,  0.0000,  0.0000,  0.0000,  0.0000]])
tensor([[-0.4193,  1.0000,  0.0000,  0.0000,  0.0000,  0.0000]])
tensor([[-0.2854,  1.0000,  0.0000,  0.0000,  0.0000,  0.0000]])
tensor([[-0.5443,  1.0000,  0.0000,  0.0000,  0.0000,  0.0000]])
tensor([[-0.6021,  1.0000,  0.0000,  0.0000,  0.0000,  0.0000]])
tensor([[-0.7772,  1.0000,  0.0000,  1.0000,  0.0000,  0.0000]])
tensor([[0.1449, 1.0000, 0.0000, 0.0000, 0.0000, 0.0000]])
tensor([[0.1300, 1.0000, 0.0000, 0.0000, 0.0000, 0.0000]])
tensor([[0.3141, 1.0000, 0.0000, 0.0000, 0.0000, 0.0000]])
tensor([[-0.3523,  1.0000,  0.0000,  0.0000,  0.0000,  0.0000]])
tensor([[-0.4578,  1.0000,  0.0000,  0.0000,  0.0000,  0.0000]])
tensor([[0.0114, 0.0000, 0.0000, 0.0000, 1.0000, 0.0000]])
tensor([[-0.6773,  1.0000,  0.0000,  0.0000,  0.0000,  0.0000]])
tensor([[0.0445, 1.0000, 0.0000, 0.0000, 0.0000, 0.0000]])
tensor([[-0.7134,  1.0000,  0.0000,  0.0000,  0.0000,  0.0000]])
tensor([[-0.8382,  1.0000,  0.0000,  0.0000,  0.0000,  0.0000]])
tensor([[0.9488, 1.0000, 1.0000, 0.0000, 0.0000, 0.0000]])
tensor([[-0.9470,  1.0000,  0.0000,  0.0000,  0.0000,  0.0000]])
tensor([[-0.9147,  1.0000,  0.0000,  0.0000,  0.0000,  0.0000]])
tensor([[-0.7644,  1.0000,  0.0000,  0.0000,  0.0000,  0.0000]])
tensor([[-0.5781,  1.0000,  1.0000,  0.0000,  0.0000,  0.0000]])
tensor([[0.0572, 1.0000, 0.0000, 0.0000, 0.0000, 0.0000]])
tensor([[-0.6082,  1.0000,  0.0000,  0.0000,  0.0000,  0.0000]])
tensor([[-0.9665,  1.0000,  0.0000,  0.0000,  0.0000,  0.0000]])
tensor([[-0.7179,  1.0000,  0.0000,  0.0000,  0.0000,  0.0000]])
tensor([[-0.0559,  1.0000,  0.0000,  0.0000,  0.0000,  0.0000]])
tensor([[-0.5361,  1.0000,  0.0000,  0.0000,  0.0000,  0.0000]])
tensor([[-0.0631,  1.0000,  0.0000,  0.0000,  0.0000,  0.0000]])
tensor([[-0.3280,  0.0000,  0.0000,  0.0000,  0.0000,  0.0000]])
tensor([[-0.4592,  1.0000,  0.0000,  0.0000,  0.0000,  0.0000]])
tensor([[0.0979, 1.0000, 0.0000, 0.0000, 0.0000, 0.0000]])
tensor([[-0.7645,  1.0000,  0.0000,  0.0000,  0.0000,  0.0000]])
tensor([[-0.9438,  1.0000,  0.0000,  0.0000,  0.0000,  0.0000]])
tensor([[0.1173, 1.0000, 0.0000, 0.0000, 0.0000, 0.0000]])
tensor([[-0.8410,  1.0000,  0.0000,  0.0000,  0.0000,  0.0000]])
tensor([[-0.2206,  1.0000,  0.0000,  0.0000,  0.0000,  0.0000]])
tensor([[-0.7243,  1.0000,  0.0000,  0.0000,  0.0000,  0.0000]])
tensor([[-0.8482,  1.0000,  0.0000,  0.0000,  0.0000,  0.0000]])
tensor([[-0.6157,  1.0000,  0.0000,  0.0000,  0.0000,  0.0000]])
tensor([[-0.2319,  1.0000,  0.0000,  0.0000,  0.0000,  0.0000]])
tensor([[-0.2126,  1.0000,  0.0000,  1.0000,  0.0000,  0.0000]])
tensor([[-0.4191,  1.0000,  0.0000,  0.0000,  0.0000,  0.0000]])
tensor([[0.6096, 1.0000, 0.0000, 0.0000, 0.0000, 0.0000]])
tensor([[-0.1691,  1.0000,  0.0000,  0.0000,  0.0000,  0.0000]])
tensor([[-0.6220,  1.0000,  0.0000,  0.0000,  0.0000,  0.0000]])
tensor([[-0.7523,  1.0000,  0.0000,  0.0000,  0.0000,  0.0000]])
tensor([[0.5257, 1.0000, 0.0000, 0.0000, 0.0000, 0.0000]])
tensor([[-0.4584,  1.0000,  0.0000,  0.0000,  0.0000,  0.0000]])
tensor([[-0.4327,  1.0000,  0.0000,  0.0000,  0.0000,  0.0000]])
tensor([[0.0900, 1.0000, 0.0000, 0.0000, 0.0000, 0.0000]])
tensor([[-0.3117,  1.0000,  0.0000,  0.0000,  0.0000,  0.0000]])
tensor([[0.6514, 1.0000, 0.0000, 0.0000, 0.0000, 0.0000]])
tensor([[-0.2054,  1.0000,  0.0000,  0.0000,  0.0000,  0.0000]])
tensor([[0.6794, 1.0000, 0.0000, 1.0000, 0.0000, 0.0000]])
tensor([[0.4330, 1.0000, 1.0000, 0.0000, 0.0000, 0.0000]])
tensor([[-0.3554,  1.0000,  0.0000,  0.0000,  0.0000,  0.0000]])
tensor([[0.4197, 1.0000, 0.0000, 0.0000, 0.0000, 0.0000]])
tensor([[-0.6710,  1.0000,  0.0000,  0.0000,  0.0000,  0.0000]])
tensor([[0.9220, 1.0000, 0.0000, 0.0000, 0.0000, 0.0000]])
tensor([[-0.8766,  1.0000,  0.0000,  0.0000,  0.0000,  0.0000]])
tensor([[-0.9395,  1.0000,  0.0000,  0.0000,  0.0000,  0.0000]])
tensor([[-0.8458,  1.0000,  0.0000,  0.0000,  0.0000,  0.0000]])
tensor([[-0.4254,  1.0000,  0.0000,  0.0000,  0.0000,  0.0000]])
tensor([[-0.5744,  1.0000,  0.0000,  0.0000,  0.0000,  0.0000]])
tensor([[-0.8664,  1.0000,  0.0000,  0.0000,  0.0000,  0.0000]])
tensor([[0.0069, 1.0000, 0.0000, 0.0000, 0.0000, 0.0000]])
tensor([[0.0974, 1.0000, 0.0000, 0.0000, 0.0000, 0.0000]])
tensor([[-0.7229,  1.0000,  0.0000,  0.0000,  0.0000,  0.0000]])
tensor([[0.3727, 1.0000, 0.0000, 0.0000, 0.0000, 0.0000]])
tensor([[-0.9636,  0.0000,  0.0000,  0.0000,  0.0000,  0.0000]])
tensor([[-0.2210,  1.0000,  0.0000,  0.0000,  0.0000,  0.0000]])
tensor([[-0.3382,  1.0000,  0.0000,  0.0000,  0.0000,  0.0000]])
tensor([[-0.2849,  1.0000,  0.0000,  0.0000,  0.0000,  0.0000]])
tensor([[0.4811, 1.0000, 0.0000, 0.0000, 0.0000, 0.0000]])
tensor([[-0.1795,  1.0000,  0.0000,  0.0000,  0.0000,  0.0000]])
tensor([[-0.7325,  1.0000,  1.0000,  0.0000,  0.0000,  0.0000]])
tensor([[0.0356, 1.0000, 0.0000, 0.0000, 0.0000, 0.0000]])
tensor([[-0.1653,  1.0000,  0.0000,  0.0000,  0.0000,  0.0000]])
tensor([[-0.4107,  1.0000,  0.0000,  0.0000,  0.0000,  0.0000]])
tensor([[0.2402, 1.0000, 0.0000, 0.0000, 0.0000, 0.0000]])
tensor([[-0.4150,  1.0000,  0.0000,  0.0000,  0.0000,  0.0000]])
tensor([[-0.9274,  1.0000,  0.0000,  0.0000,  0.0000,  0.0000]])
tensor([[-0.9492,  1.0000,  0.0000,  0.0000,  0.0000,  0.0000]])
tensor([[-0.6303,  1.0000,  0.0000,  0.0000,  0.0000,  0.0000]])
tensor([[0.5616, 1.0000, 0.0000, 0.0000, 0.0000, 0.0000]])
tensor([[0.3673, 1.0000, 0.0000, 0.0000, 0.0000, 0.0000]])
tensor([[-0.7548,  1.0000,  0.0000,  0.0000,  0.0000,  0.0000]])
tensor([[-0.0086,  1.0000,  0.0000,  0.0000,  0.0000,  0.0000]])
tensor([[0.0618, 1.0000, 0.0000, 0.0000, 0.0000, 0.0000]])
tensor([[-0.8991,  1.0000,  0.0000,  0.0000,  0.0000,  0.0000]])
tensor([[0.2445, 1.0000, 0.0000, 0.0000, 0.0000, 0.0000]])
tensor([[0.1443, 1.0000, 1.0000, 0.0000, 0.0000, 0.0000]])
tensor([[-0.1856,  1.0000,  0.0000,  0.0000,  0.0000,  0.0000]])
tensor([[-0.7326,  1.0000,  0.0000,  0.0000,  0.0000,  0.0000]])
tensor([[-0.8628,  1.0000,  0.0000,  0.0000,  0.0000,  0.0000]])
tensor([[0.5887, 1.0000, 0.0000, 0.0000, 0.0000, 0.0000]])
tensor([[-0.3978,  1.0000,  0.0000,  0.0000,  0.0000,  0.0000]])
tensor([[-0.5017,  1.0000,  0.0000,  0.0000,  0.0000,  0.0000]])
tensor([[-0.1178,  1.0000,  0.0000,  0.0000,  0.0000,  0.0000]])
tensor([[-0.3054,  1.0000,  0.0000,  0.0000,  0.0000,  0.0000]])
tensor([[-0.8314,  1.0000,  0.0000,  0.0000,  0.0000,  0.0000]])
tensor([[-0.3191,  1.0000,  0.0000,  0.0000,  0.0000,  0.0000]])
tensor([[0.0853, 1.0000, 0.0000, 0.0000, 0.0000, 0.0000]])
tensor([[-0.0926,  1.0000,  0.0000,  0.0000,  0.0000,  0.0000]])
tensor([[0.6230, 1.0000, 0.0000, 0.0000, 0.0000, 0.0000]])
tensor([[0.1747, 1.0000, 0.0000, 0.0000, 0.0000, 0.0000]])
tensor([[-0.5662,  1.0000,  0.0000,  0.0000,  0.0000,  0.0000]])
tensor([[-0.5946,  1.0000,  0.0000,  0.0000,  0.0000,  0.0000]])
tensor([[0.3921, 1.0000, 0.0000, 0.0000, 0.0000, 0.0000]])
tensor([[-0.8071,  1.0000,  1.0000,  0.0000,  0.0000,  0.0000]])
tensor([[0.1964, 1.0000, 0.0000, 0.0000, 0.0000, 0.0000]])
tensor([[-0.5695,  1.0000,  0.0000,  0.0000,  0.0000,  0.0000]])
tensor([[-0.0741,  1.0000,  0.0000,  0.0000,  0.0000,  0.0000]])
tensor([[-0.1855,  1.0000,  0.0000,  0.0000,  0.0000,  0.0000]])
tensor([[0.3014, 1.0000, 0.0000, 0.0000, 0.0000, 0.0000]])
tensor([[0.7127, 1.0000, 0.0000, 0.0000, 0.0000, 0.0000]])
tensor([[0.7519, 0.0000, 0.0000, 0.0000, 0.0000, 0.0000]])
tensor([[0.2753, 1.0000, 0.0000, 0.0000, 0.0000, 0.0000]])
tensor([[-0.6597,  1.0000,  1.0000,  0.0000,  0.0000,  0.0000]])
tensor([[0.3866, 1.0000, 0.0000, 0.0000, 0.0000, 0.0000]])
tensor([[-0.3563,  1.0000,  0.0000,  0.0000,  0.0000,  0.0000]])
tensor([[-0.0740,  1.0000,  0.0000,  0.0000,  0.0000,  0.0000]])
tensor([[-0.8630,  0.0000,  0.0000,  0.0000,  0.0000,  0.0000]])
tensor([[-0.9627,  1.0000,  0.0000,  0.0000,  0.0000,  0.0000]])
tensor([[-0.3881,  1.0000,  0.0000,  0.0000,  0.0000,  0.0000]])
tensor([[0.0407, 1.0000, 0.0000, 0.0000, 0.0000, 0.0000]])
tensor([[-0.2558,  1.0000,  0.0000,  0.0000,  0.0000,  0.0000]])
tensor([[0.6458, 1.0000, 0.0000, 0.0000, 0.0000, 0.0000]])
tensor([[-0.4095,  1.0000,  0.0000,  0.0000,  0.0000,  0.0000]])
tensor([[-0.7497,  1.0000,  0.0000,  0.0000,  0.0000,  0.0000]])
tensor([[-0.6692,  1.0000,  0.0000,  0.0000,  0.0000,  0.0000]])
tensor([[-0.8957,  1.0000,  0.0000,  0.0000,  0.0000,  0.0000]])
tensor([[0.0281, 1.0000, 0.0000, 0.0000, 0.0000, 0.0000]])
tensor([[0.0620, 1.0000, 0.0000, 0.0000, 0.0000, 0.0000]])
tensor([[-0.5825,  1.0000,  0.0000,  0.0000,  0.0000,  0.0000]])
tensor([[-0.5893,  1.0000,  0.0000,  0.0000,  0.0000,  0.0000]])
tensor([[0.7070, 1.0000, 0.0000, 0.0000, 0.0000, 0.0000]])
tensor([[0.8295, 1.0000, 0.0000, 0.0000, 0.0000, 0.0000]])
tensor([[-0.5344,  1.0000,  0.0000,  0.0000,  0.0000,  0.0000]])
tensor([[-0.0285,  1.0000,  0.0000,  0.0000,  0.0000,  0.0000]])
tensor([[-0.9683,  1.0000,  0.0000,  0.0000,  0.0000,  0.0000]])
tensor([[-0.2637,  1.0000,  1.0000,  0.0000,  0.0000,  0.0000]])
tensor([[-0.9214,  1.0000,  0.0000,  0.0000,  0.0000,  0.0000]])
tensor([[0.1821, 1.0000, 0.0000, 0.0000, 0.0000, 0.0000]])
tensor([[-0.6386,  1.0000,  0.0000,  0.0000,  0.0000,  0.0000]])
tensor([[-0.0992,  1.0000,  0.0000,  0.0000,  0.0000,  0.0000]])
tensor([[-0.6555,  1.0000,  0.0000,  0.0000,  0.0000,  0.0000]])
tensor([[-0.8072,  1.0000,  1.0000,  0.0000,  0.0000,  0.0000]])
tensor([[-0.8245,  1.0000,  0.0000,  0.0000,  0.0000,  0.0000]])
tensor([[0.1108, 1.0000, 0.0000, 0.0000, 0.0000, 0.0000]])
tensor([[-0.3101,  1.0000,  1.0000,  0.0000,  0.0000,  0.0000]])
tensor([[-0.4817,  1.0000,  0.0000,  0.0000,  0.0000,  0.0000]])
tensor([[-0.6495,  1.0000,  1.0000,  0.0000,  0.0000,  0.0000]])
tensor([[0.3459, 1.0000, 0.0000, 0.0000, 0.0000, 0.0000]])
tensor([[-0.9529,  1.0000,  0.0000,  0.0000,  0.0000,  0.0000]])
tensor([[-0.3102,  1.0000,  0.0000,  0.0000,  0.0000,  0.0000]])
tensor([[-0.5758,  1.0000,  0.0000,  0.0000,  0.0000,  0.0000]])
tensor([[-0.6519,  1.0000,  0.0000,  0.0000,  0.0000,  0.0000]])
tensor([[-0.3247,  1.0000,  0.0000,  0.0000,  0.0000,  0.0000]])
tensor([[-0.9074,  1.0000,  0.0000,  0.0000,  0.0000,  0.0000]])
tensor([[-0.4607,  1.0000,  0.0000,  0.0000,  0.0000,  0.0000]])
tensor([[-0.2534,  1.0000,  0.0000,  0.0000,  0.0000,  0.0000]])
tensor([[-0.7023,  1.0000,  0.0000,  0.0000,  0.0000,  0.0000]])
tensor([[-0.1288,  1.0000,  0.0000,  0.0000,  0.0000,  0.0000]])
tensor([[-0.7697,  1.0000,  0.0000,  0.0000,  0.0000,  0.0000]])
tensor([[-0.7273,  1.0000,  0.0000,  0.0000,  0.0000,  0.0000]])
tensor([[-0.4005,  1.0000,  0.0000,  0.0000,  0.0000,  0.0000]])
tensor([[-0.6571,  1.0000,  0.0000,  1.0000,  0.0000,  0.0000]])
tensor([[-0.6824,  1.0000,  0.0000,  0.0000,  0.0000,  0.0000]])
tensor([[0.0928, 1.0000, 0.0000, 0.0000, 0.0000, 0.0000]])
tensor([[-0.1684,  1.0000,  0.0000,  0.0000,  0.0000,  0.0000]])
tensor([[-0.4751,  1.0000,  0.0000,  0.0000,  0.0000,  0.0000]])
tensor([[-0.8022,  1.0000,  0.0000,  0.0000,  0.0000,  0.0000]])
tensor([[-0.8833,  1.0000,  0.0000,  0.0000,  0.0000,  0.0000]])
tensor([[-0.7821,  1.0000,  0.0000,  0.0000,  0.0000,  0.0000]])
tensor([[-0.3281,  1.0000,  0.0000,  0.0000,  0.0000,  0.0000]])
tensor([[-0.3530,  1.0000,  0.0000,  0.0000,  0.0000,  0.0000]])
tensor([[0.2884, 1.0000, 0.0000, 0.0000, 0.0000, 0.0000]])
tensor([[-0.4633,  1.0000,  0.0000,  0.0000,  0.0000,  0.0000]])
tensor([[-0.9356,  1.0000,  0.0000,  0.0000,  0.0000,  0.0000]])
tensor([[-0.2265,  1.0000,  0.0000,  0.0000,  0.0000,  0.0000]])
tensor([[-0.9402,  1.0000,  0.0000,  0.0000,  0.0000,  0.0000]])
tensor([[-0.6794,  1.0000,  0.0000,  0.0000,  0.0000,  0.0000]])
tensor([[0.0931, 1.0000, 0.0000, 0.0000, 0.0000, 0.0000]])
tensor([[-0.9394,  1.0000,  0.0000,  0.0000,  0.0000,  0.0000]])
tensor([[-0.5534,  1.0000,  0.0000,  0.0000,  0.0000,  0.0000]])
tensor([[-0.4587,  1.0000,  0.0000,  0.0000,  0.0000,  0.0000]])
tensor([[0.6281, 1.0000, 0.0000, 0.0000, 0.0000, 0.0000]])
tensor([[-0.7255,  1.0000,  0.0000,  0.0000,  0.0000,  0.0000]])
tensor([[-0.7450,  1.0000,  0.0000,  0.0000,  0.0000,  0.0000]])
tensor([[-0.1957,  1.0000,  0.0000,  0.0000,  0.0000,  0.0000]])
tensor([[0.2802, 1.0000, 0.0000, 1.0000, 0.0000, 0.0000]])
tensor([[-0.6286,  1.0000,  0.0000,  0.0000,  0.0000,  0.0000]])
tensor([[0.0380, 1.0000, 0.0000, 0.0000, 0.0000, 0.0000]])
tensor([[0.6428, 1.0000, 0.0000, 0.0000, 0.0000, 0.0000]])
tensor([[-0.1258,  1.0000,  0.0000,  0.0000,  0.0000,  0.0000]])
tensor([[-0.4755,  0.0000,  0.0000,  0.0000,  0.0000,  0.0000]])
tensor([[0.3712, 1.0000, 0.0000, 0.0000, 0.0000, 0.0000]])
tensor([[0.3453, 1.0000, 0.0000, 0.0000, 0.0000, 0.0000]])
tensor([[0.6696, 1.0000, 0.0000, 0.0000, 0.0000, 0.0000]])
tensor([[0.5037, 1.0000, 0.0000, 0.0000, 0.0000, 0.0000]])
tensor([[-0.7936,  1.0000,  0.0000,  0.0000,  0.0000,  0.0000]])
tensor([[-0.2559,  1.0000,  0.0000,  0.0000,  0.0000,  0.0000]])
tensor([[0.3385, 1.0000, 1.0000, 0.0000, 0.0000, 0.0000]])
tensor([[-0.6274,  1.0000,  0.0000,  0.0000,  1.0000,  0.0000]])
tensor([[-0.7036,  1.0000,  0.0000,  0.0000,  0.0000,  0.0000]])
tensor([[0.0347, 1.0000, 0.0000, 1.0000, 0.0000, 0.0000]])
tensor([[-0.1847,  1.0000,  0.0000,  0.0000,  0.0000,  0.0000]])
tensor([[-0.7518,  1.0000,  0.0000,  0.0000,  0.0000,  0.0000]])
tensor([[-0.0330,  1.0000,  0.0000,  0.0000,  0.0000,  0.0000]])
tensor([[-0.1488,  1.0000,  0.0000,  0.0000,  0.0000,  0.0000]])
tensor([[-0.3523,  1.0000,  0.0000,  0.0000,  0.0000,  0.0000]])
tensor([[0.0726, 1.0000, 0.0000, 0.0000, 0.0000, 0.0000]])
tensor([[-0.9323,  1.0000,  0.0000,  0.0000,  0.0000,  0.0000]])
tensor([[-0.5710,  1.0000,  0.0000,  0.0000,  0.0000,  0.0000]])
tensor([[-0.9448,  1.0000,  0.0000,  0.0000,  0.0000,  0.0000]])
tensor([[0.1282, 1.0000, 0.0000, 0.0000, 0.0000, 0.0000]])
tensor([[-0.9207,  1.0000,  1.0000,  0.0000,  0.0000,  0.0000]])
tensor([[0.1497, 1.0000, 0.0000, 0.0000, 0.0000, 0.0000]])
tensor([[-0.2207,  1.0000,  0.0000,  0.0000,  0.0000,  0.0000]])
tensor([[-0.1964,  1.0000,  0.0000,  0.0000,  0.0000,  0.0000]])
tensor([[-0.8987,  1.0000,  0.0000,  0.0000,  0.0000,  0.0000]])
tensor([[-0.4575,  1.0000,  0.0000,  0.0000,  0.0000,  0.0000]])
tensor([[0.4345, 1.0000, 0.0000, 0.0000, 0.0000, 0.0000]])
tensor([[-0.4350,  1.0000,  0.0000,  0.0000,  0.0000,  0.0000]])
tensor([[0.9120, 1.0000, 0.0000, 0.0000, 0.0000, 0.0000]])
tensor([[-0.4473,  1.0000,  0.0000,  0.0000,  0.0000,  0.0000]])
tensor([[0.6748, 1.0000, 0.0000, 0.0000, 0.0000, 0.0000]])
tensor([[-0.5932,  1.0000,  0.0000,  0.0000,  0.0000,  0.0000]])
tensor([[0.1654, 1.0000, 0.0000, 0.0000, 0.0000, 0.0000]])
tensor([[0.3113, 1.0000, 1.0000, 0.0000, 0.0000, 0.0000]])
tensor([[-0.5078,  1.0000,  0.0000,  0.0000,  0.0000,  0.0000]])
tensor([[-0.5490,  1.0000,  0.0000,  0.0000,  0.0000,  0.0000]])
tensor([[-0.9185,  1.0000,  0.0000,  0.0000,  0.0000,  0.0000]])
tensor([[-0.3816,  1.0000,  1.0000,  0.0000,  0.0000,  0.0000]])
tensor([[-0.7342,  1.0000,  0.0000,  0.0000,  0.0000,  0.0000]])
tensor([[-0.2570,  1.0000,  0.0000,  0.0000,  0.0000,  0.0000]])
tensor([[-0.7428,  1.0000,  0.0000,  0.0000,  0.0000,  0.0000]])
tensor([[-0.6036,  1.0000,  0.0000,  0.0000,  0.0000,  0.0000]])
tensor([[-0.6358,  1.0000,  0.0000,  0.0000,  0.0000,  0.0000]])
tensor([[-0.6293,  1.0000,  0.0000,  0.0000,  0.0000,  0.0000]])
tensor([[0.5466, 1.0000, 0.0000, 0.0000, 0.0000, 0.0000]])
tensor([[-0.8532,  1.0000,  0.0000,  0.0000,  0.0000,  0.0000]])
tensor([[0.1618, 1.0000, 0.0000, 0.0000, 0.0000, 0.0000]])
tensor([[-0.9393,  1.0000,  1.0000,  0.0000,  0.0000,  0.0000]])
tensor([[0.0113, 1.0000, 0.0000, 0.0000, 0.0000, 0.0000]])
tensor([[-0.7969,  1.0000,  0.0000,  0.0000,  0.0000,  0.0000]])
tensor([[-0.8395,  1.0000,  0.0000,  0.0000,  0.0000,  0.0000]])
tensor([[-0.2525,  1.0000,  0.0000,  0.0000,  0.0000,  0.0000]])
tensor([[-0.5698,  1.0000,  0.0000,  0.0000,  0.0000,  0.0000]])
tensor([[0.2904, 1.0000, 0.0000, 0.0000, 0.0000, 0.0000]])
tensor([[-0.1052,  1.0000,  0.0000,  0.0000,  0.0000,  0.0000]])
tensor([[-0.8081,  1.0000,  0.0000,  1.0000,  0.0000,  0.0000]])
tensor([[-0.1668,  1.0000,  0.0000,  0.0000,  0.0000,  0.0000]])
tensor([[-0.7624,  1.0000,  0.0000,  0.0000,  0.0000,  0.0000]])
tensor([[-0.2333,  1.0000,  1.0000,  0.0000,  0.0000,  0.0000]])
tensor([[-0.9095,  1.0000,  0.0000,  0.0000,  0.0000,  0.0000]])
tensor([[-0.9268,  1.0000,  0.0000,  0.0000,  0.0000,  0.0000]])
tensor([[-0.4704,  1.0000,  0.0000,  0.0000,  0.0000,  0.0000]])
tensor([[-0.4349,  1.0000,  0.0000,  0.0000,  0.0000,  0.0000]])
tensor([[0.5259, 1.0000, 1.0000, 0.0000, 0.0000, 0.0000]])
tensor([[-0.6148,  1.0000,  0.0000,  0.0000,  0.0000,  0.0000]])
tensor([[-0.1774,  1.0000,  1.0000,  0.0000,  0.0000,  0.0000]])
tensor([[-0.8833,  1.0000,  0.0000,  0.0000,  0.0000,  0.0000]])
tensor([[-0.1529,  1.0000,  0.0000,  0.0000,  0.0000,  0.0000]])
tensor([[-0.8856,  1.0000,  0.0000,  1.0000,  0.0000,  0.0000]])
tensor([[0.1143, 1.0000, 0.0000, 0.0000, 0.0000, 0.0000]])
tensor([[-0.8855,  1.0000,  0.0000,  0.0000,  0.0000,  0.0000]])
tensor([[-0.2809,  1.0000,  0.0000,  0.0000,  0.0000,  0.0000]])
tensor([[-0.5134,  1.0000,  0.0000,  0.0000,  0.0000,  0.0000]])
tensor([[-0.9051,  1.0000,  0.0000,  0.0000,  0.0000,  0.0000]])
tensor([[-0.5275,  1.0000,  0.0000,  0.0000,  0.0000,  0.0000]])
tensor([[-0.0492,  1.0000,  0.0000,  0.0000,  0.0000,  0.0000]])
tensor([[-0.3986,  1.0000,  0.0000,  0.0000,  0.0000,  0.0000]])
tensor([[-0.9553,  1.0000,  0.0000,  0.0000,  0.0000,  0.0000]])
tensor([[0.7877, 1.0000, 0.0000, 0.0000, 0.0000, 0.0000]])
tensor([[0.0414, 1.0000, 0.0000, 0.0000, 0.0000, 0.0000]])
tensor([[-0.7185,  1.0000,  0.0000,  0.0000,  0.0000,  0.0000]])
tensor([[0.8801, 1.0000, 0.0000, 0.0000, 0.0000, 0.0000]])
tensor([[-0.7835,  1.0000,  0.0000,  0.0000,  0.0000,  0.0000]])
tensor([[-0.0799,  1.0000,  0.0000,  0.0000,  0.0000,  0.0000]])
tensor([[0.1260, 1.0000, 0.0000, 0.0000, 0.0000, 0.0000]])
tensor([[0.3547, 1.0000, 0.0000, 0.0000, 0.0000, 0.0000]])
tensor([[-0.1744,  1.0000,  0.0000,  0.0000,  0.0000,  0.0000]])
tensor([[-0.7604,  1.0000,  0.0000,  0.0000,  0.0000,  0.0000]])
tensor([[-0.4533,  1.0000,  0.0000,  0.0000,  0.0000,  0.0000]])
tensor([[-0.0144,  1.0000,  0.0000,  0.0000,  0.0000,  0.0000]])
tensor([[0.8016, 1.0000, 0.0000, 0.0000, 0.0000, 0.0000]])
tensor([[-0.6143,  1.0000,  0.0000,  0.0000,  0.0000,  0.0000]])
tensor([[-0.4501,  1.0000,  0.0000,  0.0000,  0.0000,  0.0000]])
tensor([[-0.1603,  1.0000,  0.0000,  0.0000,  1.0000,  0.0000]])
tensor([[-0.7798,  1.0000,  0.0000,  0.0000,  0.0000,  0.0000]])
tensor([[-0.6657,  1.0000,  0.0000,  0.0000,  0.0000,  0.0000]])
tensor([[-0.9924,  1.0000,  0.0000,  0.0000,  0.0000,  0.0000]])
tensor([[-0.4300,  1.0000,  0.0000,  0.0000,  0.0000,  0.0000]])
tensor([[0.2164, 1.0000, 0.0000, 0.0000, 0.0000, 0.0000]])
tensor([[-0.6476,  1.0000,  0.0000,  0.0000,  0.0000,  0.0000]])
tensor([[-0.2451,  1.0000,  0.0000,  0.0000,  0.0000,  0.0000]])
tensor([[-0.6188,  1.0000,  0.0000,  0.0000,  0.0000,  0.0000]])
tensor([[-0.7917,  1.0000,  0.0000,  0.0000,  0.0000,  0.0000]])
tensor([[-0.8372,  1.0000,  0.0000,  0.0000,  0.0000,  0.0000]])
tensor([[0.7109, 1.0000, 0.0000, 0.0000, 0.0000, 0.0000]])
tensor([[0.3713, 0.0000, 0.0000, 0.0000, 0.0000, 0.0000]])
tensor([[0.7580, 1.0000, 0.0000, 0.0000, 0.0000, 0.0000]])
tensor([[-0.7163,  1.0000,  0.0000,  0.0000,  0.0000,  0.0000]])
tensor([[-0.8968,  1.0000,  0.0000,  0.0000,  0.0000,  0.0000]])
tensor([[-0.7341,  1.0000,  0.0000,  0.0000,  0.0000,  0.0000]])
tensor([[0.2600, 1.0000, 1.0000, 0.0000, 0.0000, 0.0000]])
tensor([[-0.1551,  0.0000,  0.0000,  0.0000,  0.0000,  0.0000]])
tensor([[-0.2893,  1.0000,  0.0000,  0.0000,  0.0000,  0.0000]])
tensor([[-0.9790,  1.0000,  0.0000,  0.0000,  0.0000,  0.0000]])
tensor([[-0.8814,  1.0000,  0.0000,  0.0000,  0.0000,  0.0000]])
tensor([[0.5325, 1.0000, 0.0000, 0.0000, 0.0000, 0.0000]])
tensor([[0.3236, 1.0000, 0.0000, 0.0000, 0.0000, 0.0000]])
tensor([[0.7158, 1.0000, 0.0000, 0.0000, 0.0000, 0.0000]])
tensor([[-0.9451,  1.0000,  0.0000,  0.0000,  0.0000,  0.0000]])
tensor([[-0.4157,  1.0000,  0.0000,  0.0000,  0.0000,  0.0000]])
tensor([[0.1411, 1.0000, 1.0000, 0.0000, 0.0000, 0.0000]])
tensor([[-0.1988,  1.0000,  0.0000,  0.0000,  0.0000,  0.0000]])
tensor([[0.0991, 1.0000, 0.0000, 0.0000, 0.0000, 0.0000]])
tensor([[-0.5108,  1.0000,  0.0000,  0.0000,  0.0000,  0.0000]])
tensor([[0.8900, 1.0000, 0.0000, 0.0000, 0.0000, 0.0000]])
tensor([[-0.9338,  1.0000,  0.0000,  0.0000,  0.0000,  0.0000]])
tensor([[0.1916, 1.0000, 0.0000, 0.0000, 0.0000, 0.0000]])
tensor([[-0.6543,  1.0000,  0.0000,  0.0000,  0.0000,  0.0000]])
tensor([[-0.9125,  1.0000,  0.0000,  0.0000,  0.0000,  0.0000]])
tensor([[-0.8709,  1.0000,  0.0000,  0.0000,  0.0000,  0.0000]])
tensor([[-0.0303,  1.0000,  0.0000,  0.0000,  0.0000,  0.0000]])
tensor([[-0.9511,  0.0000,  0.0000,  0.0000,  0.0000,  0.0000]])
tensor([[0.2350, 1.0000, 0.0000, 0.0000, 0.0000, 0.0000]])
tensor([[-0.5417,  1.0000,  0.0000,  0.0000,  0.0000,  0.0000]])
tensor([[0.0752, 1.0000, 0.0000, 0.0000, 0.0000, 0.0000]])
tensor([[-0.8763,  1.0000,  0.0000,  0.0000,  0.0000,  0.0000]])
tensor([[0.0884, 0.0000, 0.0000, 0.0000, 0.0000, 0.0000]])
tensor([[-0.0212,  1.0000,  0.0000,  0.0000,  0.0000,  0.0000]])
tensor([[-0.4064,  1.0000,  0.0000,  0.0000,  0.0000,  0.0000]])
tensor([[-0.8706,  1.0000,  0.0000,  0.0000,  0.0000,  0.0000]])
tensor([[0.5119, 1.0000, 0.0000, 0.0000, 0.0000, 0.0000]])
tensor([[0.4127, 1.0000, 0.0000, 0.0000, 0.0000, 0.0000]])
tensor([[-0.8141,  1.0000,  0.0000,  0.0000,  0.0000,  0.0000]])
tensor([[-0.6017,  1.0000,  0.0000,  0.0000,  0.0000,  0.0000]])
tensor([[-0.5716,  1.0000,  0.0000,  0.0000,  0.0000,  0.0000]])
tensor([[-0.3674,  1.0000,  0.0000,  0.0000,  0.0000,  0.0000]])
tensor([[-0.4018,  1.0000,  0.0000,  1.0000,  0.0000,  0.0000]])
tensor([[-0.9161,  1.0000,  0.0000,  0.0000,  0.0000,  0.0000]])
tensor([[-0.5153,  1.0000,  0.0000,  0.0000,  0.0000,  0.0000]])
tensor([[-0.1467,  1.0000,  1.0000,  0.0000,  0.0000,  0.0000]])
tensor([[0.5188, 0.0000, 0.0000, 0.0000, 0.0000, 0.0000]])
tensor([[-0.8693,  1.0000,  1.0000,  0.0000,  0.0000,  0.0000]])
tensor([[-0.0313,  1.0000,  0.0000,  0.0000,  0.0000,  0.0000]])
tensor([[-0.3583,  1.0000,  0.0000,  0.0000,  0.0000,  0.0000]])
tensor([[-0.6437,  1.0000,  0.0000,  0.0000,  0.0000,  0.0000]])
tensor([[-0.6989,  1.0000,  0.0000,  0.0000,  0.0000,  0.0000]])
tensor([[-0.0893,  1.0000,  0.0000,  0.0000,  0.0000,  0.0000]])
tensor([[-0.7995,  1.0000,  0.0000,  0.0000,  0.0000,  0.0000]])
tensor([[-0.9402,  1.0000,  0.0000,  0.0000,  0.0000,  0.0000]])
tensor([[-0.9531,  1.0000,  0.0000,  0.0000,  0.0000,  0.0000]])
tensor([[-0.3156,  1.0000,  0.0000,  0.0000,  0.0000,  0.0000]])
tensor([[-0.1332,  1.0000,  0.0000,  0.0000,  0.0000,  0.0000]])
tensor([[-0.9275,  0.0000,  0.0000,  0.0000,  0.0000,  0.0000]])
tensor([[-0.7461,  1.0000,  0.0000,  0.0000,  0.0000,  0.0000]])
tensor([[-0.8188,  1.0000,  1.0000,  0.0000,  0.0000,  0.0000]])
tensor([[0.2583, 1.0000, 0.0000, 0.0000, 0.0000, 0.0000]])
tensor([[0.6642, 1.0000, 0.0000, 0.0000, 0.0000, 0.0000]])
tensor([[-0.9729,  1.0000,  0.0000,  1.0000,  0.0000,  0.0000]])
tensor([[-0.3991,  1.0000,  0.0000,  0.0000,  0.0000,  0.0000]])
tensor([[-0.9274,  1.0000,  0.0000,  0.0000,  0.0000,  0.0000]])
tensor([[0.0615, 1.0000, 0.0000, 0.0000, 0.0000, 0.0000]])
tensor([[-0.0997,  1.0000,  0.0000,  0.0000,  0.0000,  0.0000]])
tensor([[0.3166, 1.0000, 0.0000, 0.0000, 0.0000, 0.0000]])
tensor([[0.7206, 1.0000, 0.0000, 0.0000, 0.0000, 0.0000]])
tensor([[-0.8058,  1.0000,  0.0000,  0.0000,  0.0000,  0.0000]])
tensor([[-0.3726,  1.0000,  0.0000,  0.0000,  0.0000,  0.0000]])
tensor([[-0.1108,  1.0000,  0.0000,  0.0000,  0.0000,  0.0000]])
tensor([[-0.6845,  1.0000,  0.0000,  0.0000,  0.0000,  0.0000]])
tensor([[-0.4709,  1.0000,  0.0000,  0.0000,  0.0000,  0.0000]])
tensor([[0.4354, 1.0000, 0.0000, 0.0000, 0.0000, 0.0000]])
tensor([[-0.4774,  0.0000,  0.0000,  0.0000,  0.0000,  0.0000]])
tensor([[-0.7981,  1.0000,  0.0000,  0.0000,  0.0000,  0.0000]])
tensor([[-0.1296,  1.0000,  0.0000,  0.0000,  0.0000,  0.0000]])
tensor([[-0.8786,  1.0000,  0.0000,  0.0000,  0.0000,  0.0000]])
tensor([[-0.9519,  1.0000,  0.0000,  0.0000,  0.0000,  0.0000]])
tensor([[-0.4349,  1.0000,  0.0000,  0.0000,  0.0000,  0.0000]])
tensor([[-0.8772,  1.0000,  0.0000,  0.0000,  0.0000,  0.0000]])
tensor([[-0.7843,  1.0000,  0.0000,  0.0000,  0.0000,  0.0000]])
tensor([[-0.0823,  1.0000,  0.0000,  0.0000,  0.0000,  0.0000]])
tensor([[0.2429, 1.0000, 0.0000, 0.0000, 0.0000, 0.0000]])
tensor([[0.5885, 1.0000, 0.0000, 0.0000, 0.0000, 0.0000]])
tensor([[0.7054, 1.0000, 0.0000, 0.0000, 0.0000, 0.0000]])
tensor([[0.2177, 1.0000, 0.0000, 0.0000, 0.0000, 0.0000]])
tensor([[-0.6588,  1.0000,  0.0000,  0.0000,  0.0000,  0.0000]])
tensor([[0.3120, 1.0000, 0.0000, 0.0000, 0.0000, 0.0000]])
tensor([[0.2677, 1.0000, 0.0000, 0.0000, 0.0000, 0.0000]])
tensor([[-0.9048,  1.0000,  0.0000,  0.0000,  0.0000,  0.0000]])
tensor([[0.5206, 1.0000, 0.0000, 0.0000, 0.0000, 0.0000]])
tensor([[0.4136, 1.0000, 0.0000, 0.0000, 0.0000, 0.0000]])
tensor([[-0.8228,  1.0000,  0.0000,  0.0000,  0.0000,  0.0000]])
tensor([[-0.0185,  1.0000,  0.0000,  0.0000,  0.0000,  0.0000]])
tensor([[-0.2337,  1.0000,  0.0000,  0.0000,  0.0000,  0.0000]])
tensor([[0.6201, 1.0000, 0.0000, 0.0000, 0.0000, 0.0000]])
tensor([[-0.6366,  1.0000,  0.0000,  0.0000,  0.0000,  0.0000]])
tensor([[-0.7631,  1.0000,  0.0000,  0.0000,  0.0000,  0.0000]])
tensor([[0.8569, 1.0000, 0.0000, 0.0000, 0.0000, 0.0000]])
tensor([[-0.3786,  1.0000,  0.0000,  0.0000,  0.0000,  0.0000]])
tensor([[0.4537, 1.0000, 0.0000, 0.0000, 0.0000, 0.0000]])
tensor([[0.3368, 1.0000, 0.0000, 1.0000, 0.0000, 0.0000]])
tensor([[-0.9901,  1.0000,  0.0000,  0.0000,  0.0000,  0.0000]])
tensor([[-0.4795,  1.0000,  0.0000,  0.0000,  0.0000,  0.0000]])
tensor([[-0.4583,  0.0000,  0.0000,  0.0000,  0.0000,  0.0000]])
tensor([[-0.9126,  1.0000,  0.0000,  0.0000,  0.0000,  0.0000]])
tensor([[-0.8633,  1.0000,  0.0000,  0.0000,  0.0000,  0.0000]])
tensor([[-0.4371,  1.0000,  0.0000,  0.0000,  0.0000,  0.0000]])
tensor([[-0.9831,  1.0000,  0.0000,  0.0000,  0.0000,  0.0000]])
tensor([[-0.9645,  0.0000,  0.0000,  0.0000,  0.0000,  0.0000]])
tensor([[-0.2875,  1.0000,  0.0000,  0.0000,  0.0000,  0.0000]])
tensor([[0.8508, 1.0000, 0.0000, 0.0000, 0.0000, 0.0000]])
tensor([[0.4207, 1.0000, 0.0000, 0.0000, 0.0000, 0.0000]])
tensor([[-0.7321,  0.0000,  0.0000,  0.0000,  0.0000,  0.0000]])
tensor([[0.5441, 1.0000, 0.0000, 0.0000, 0.0000, 0.0000]])
tensor([[-0.5295,  1.0000,  0.0000,  1.0000,  0.0000,  0.0000]])
tensor([[-0.9343,  1.0000,  0.0000,  0.0000,  0.0000,  0.0000]])
tensor([[-0.6780,  1.0000,  0.0000,  0.0000,  0.0000,  0.0000]])
tensor([[0.7148, 0.0000, 0.0000, 0.0000, 0.0000, 0.0000]])
tensor([[-0.0332,  1.0000,  0.0000,  0.0000,  0.0000,  0.0000]])
tensor([[-0.4484,  0.0000,  0.0000,  0.0000,  0.0000,  0.0000]])
tensor([[-0.8694,  1.0000,  0.0000,  0.0000,  0.0000,  0.0000]])
tensor([[-0.9569,  1.0000,  0.0000,  0.0000,  0.0000,  0.0000]])
tensor([[-0.5143,  1.0000,  0.0000,  0.0000,  0.0000,  0.0000]])
tensor([[0.3006, 1.0000, 0.0000, 0.0000, 0.0000, 0.0000]])
tensor([[-0.6802,  1.0000,  0.0000,  0.0000,  0.0000,  0.0000]])
tensor([[-0.3762,  1.0000,  1.0000,  0.0000,  0.0000,  0.0000]])
tensor([[-0.8080,  1.0000,  0.0000,  0.0000,  0.0000,  0.0000]])
tensor([[-0.9784,  1.0000,  0.0000,  0.0000,  0.0000,  0.0000]])
tensor([[-0.3836,  1.0000,  0.0000,  0.0000,  0.0000,  0.0000]])
tensor([[0.0218, 1.0000, 0.0000, 0.0000, 0.0000, 0.0000]])
tensor([[-0.5295,  1.0000,  0.0000,  0.0000,  0.0000,  0.0000]])
tensor([[0.3225, 1.0000, 0.0000, 0.0000, 0.0000, 0.0000]])
tensor([[-0.3765,  1.0000,  0.0000,  0.0000,  0.0000,  0.0000]])
tensor([[-0.8980,  1.0000,  0.0000,  0.0000,  0.0000,  0.0000]])
tensor([[0.1491, 1.0000, 0.0000, 0.0000, 0.0000, 0.0000]])
tensor([[-0.5556,  1.0000,  0.0000,  0.0000,  0.0000,  0.0000]])
tensor([[-0.5875,  1.0000,  0.0000,  0.0000,  0.0000,  0.0000]])
tensor([[-0.2085,  1.0000,  0.0000,  0.0000,  0.0000,  0.0000]])
tensor([[-0.4905,  1.0000,  0.0000,  0.0000,  0.0000,  0.0000]])
tensor([[-0.5996,  1.0000,  0.0000,  0.0000,  0.0000,  0.0000]])
tensor([[0.3110, 1.0000, 0.0000, 0.0000, 0.0000, 0.0000]])
tensor([[-0.6759,  1.0000,  0.0000,  0.0000,  0.0000,  0.0000]])
tensor([[-0.7184,  1.0000,  0.0000,  0.0000,  0.0000,  0.0000]])
tensor([[-0.7015,  1.0000,  0.0000,  0.0000,  0.0000,  0.0000]])
tensor([[-0.4519,  1.0000,  0.0000,  0.0000,  0.0000,  0.0000]])
tensor([[-0.9272,  1.0000,  0.0000,  0.0000,  0.0000,  0.0000]])
tensor([[-0.9576,  1.0000,  0.0000,  0.0000,  0.0000,  0.0000]])
tensor([[0.5673, 1.0000, 0.0000, 0.0000, 0.0000, 0.0000]])
tensor([[-0.9624,  1.0000,  1.0000,  0.0000,  0.0000,  0.0000]])
tensor([[-0.1786,  1.0000,  0.0000,  0.0000,  0.0000,  0.0000]])
tensor([[-0.9628,  1.0000,  0.0000,  0.0000,  0.0000,  0.0000]])
tensor([[-0.9869,  1.0000,  0.0000,  0.0000,  0.0000,  0.0000]])
tensor([[-0.8400,  1.0000,  0.0000,  0.0000,  0.0000,  0.0000]])
tensor([[-0.3623,  1.0000,  0.0000,  1.0000,  0.0000,  0.0000]])
tensor([[-0.5402,  0.0000,  0.0000,  0.0000,  0.0000,  0.0000]])
tensor([[-0.5001,  1.0000,  0.0000,  0.0000,  0.0000,  0.0000]])
tensor([[-0.8942,  1.0000,  0.0000,  0.0000,  0.0000,  0.0000]])
tensor([[0.2748, 1.0000, 0.0000, 0.0000, 0.0000, 0.0000]])
tensor([[-0.2252,  1.0000,  0.0000,  0.0000,  0.0000,  0.0000]])
tensor([[-0.5619,  1.0000,  0.0000,  0.0000,  0.0000,  0.0000]])
tensor([[0.6452, 1.0000, 0.0000, 0.0000, 0.0000, 0.0000]])
tensor([[0.0348, 1.0000, 0.0000, 0.0000, 0.0000, 0.0000]])
tensor([[-0.6452,  1.0000,  0.0000,  0.0000,  0.0000,  0.0000]])
tensor([[-0.8382,  1.0000,  0.0000,  0.0000,  0.0000,  0.0000]])
tensor([[-0.7358,  1.0000,  0.0000,  0.0000,  0.0000,  0.0000]])
tensor([[-0.2114,  1.0000,  0.0000,  0.0000,  0.0000,  0.0000]])
tensor([[-0.6968,  1.0000,  0.0000,  0.0000,  0.0000,  0.0000]])
tensor([[0.3637, 1.0000, 0.0000, 0.0000, 0.0000, 0.0000]])
tensor([[-0.5978,  1.0000,  0.0000,  0.0000,  0.0000,  0.0000]])
tensor([[-0.5316,  1.0000,  0.0000,  1.0000,  0.0000,  0.0000]])
tensor([[0.5859, 1.0000, 0.0000, 0.0000, 0.0000, 0.0000]])
tensor([[-0.9399,  0.0000,  1.0000,  0.0000,  0.0000,  0.0000]])
tensor([[-0.4793,  1.0000,  0.0000,  0.0000,  0.0000,  0.0000]])
tensor([[0.0985, 1.0000, 0.0000, 0.0000, 0.0000, 0.0000]])
tensor([[0.1509, 1.0000, 0.0000, 0.0000, 0.0000, 0.0000]])
tensor([[-0.7473,  1.0000,  0.0000,  0.0000,  0.0000,  0.0000]])
tensor([[-0.8706,  1.0000,  0.0000,  0.0000,  0.0000,  0.0000]])
tensor([[0.4392, 1.0000, 0.0000, 0.0000, 0.0000, 0.0000]])
tensor([[-0.6707,  1.0000,  0.0000,  0.0000,  0.0000,  0.0000]])
tensor([[-0.8880,  1.0000,  0.0000,  0.0000,  0.0000,  0.0000]])
tensor([[0.6722, 1.0000, 0.0000, 0.0000, 0.0000, 0.0000]])
tensor([[0.2413, 1.0000, 0.0000, 0.0000, 0.0000, 0.0000]])
tensor([[-0.6887,  1.0000,  0.0000,  0.0000,  0.0000,  0.0000]])
tensor([[-0.6894,  1.0000,  0.0000,  0.0000,  0.0000,  0.0000]])
tensor([[-0.9102,  1.0000,  0.0000,  1.0000,  0.0000,  0.0000]])
tensor([[-0.9477,  1.0000,  0.0000,  0.0000,  0.0000,  0.0000]])
tensor([[-0.8573,  1.0000,  0.0000,  0.0000,  0.0000,  0.0000]])
tensor([[-0.5542,  1.0000,  0.0000,  0.0000,  0.0000,  0.0000]])
tensor([[-0.7970,  0.0000,  0.0000,  0.0000,  0.0000,  0.0000]])
tensor([[-0.4491,  1.0000,  0.0000,  0.0000,  0.0000,  0.0000]])
tensor([[-0.9210,  1.0000,  0.0000,  0.0000,  0.0000,  0.0000]])
tensor([[-0.8860,  1.0000,  0.0000,  0.0000,  0.0000,  0.0000]])
tensor([[-0.0782,  1.0000,  0.0000,  0.0000,  0.0000,  0.0000]])
tensor([[-0.6756,  1.0000,  0.0000,  0.0000,  0.0000,  0.0000]])
tensor([[-0.9617,  1.0000,  0.0000,  0.0000,  0.0000,  0.0000]])
tensor([[-0.4607,  0.0000,  0.0000,  0.0000,  0.0000,  0.0000]])
tensor([[-0.2831,  1.0000,  0.0000,  0.0000,  0.0000,  0.0000]])
tensor([[-0.3422,  1.0000,  0.0000,  0.0000,  0.0000,  0.0000]])
tensor([[-0.5900,  1.0000,  0.0000,  0.0000,  0.0000,  0.0000]])
tensor([[-0.7898,  1.0000,  0.0000,  0.0000,  0.0000,  0.0000]])
tensor([[-0.7776,  1.0000,  0.0000,  0.0000,  0.0000,  0.0000]])
tensor([[-0.9243,  1.0000,  0.0000,  0.0000,  0.0000,  0.0000]])
tensor([[0.4185, 1.0000, 0.0000, 0.0000, 0.0000, 0.0000]])
tensor([[-0.9155,  1.0000,  0.0000,  0.0000,  0.0000,  0.0000]])
tensor([[-0.4796,  1.0000,  0.0000,  1.0000,  0.0000,  0.0000]])
tensor([[0.1308, 1.0000, 0.0000, 0.0000, 0.0000, 0.0000]])
tensor([[0.5901, 1.0000, 0.0000, 0.0000, 0.0000, 0.0000]])
tensor([[-0.9871,  1.0000,  0.0000,  0.0000,  0.0000,  0.0000]])
tensor([[0.1151, 1.0000, 0.0000, 0.0000, 0.0000, 0.0000]])
tensor([[-0.9803,  0.0000,  0.0000,  0.0000,  0.0000,  0.0000]])
tensor([[0.2263, 1.0000, 0.0000, 0.0000, 0.0000, 0.0000]])
tensor([[-0.3535,  1.0000,  0.0000,  0.0000,  0.0000,  0.0000]])
tensor([[-0.9012,  1.0000,  1.0000,  0.0000,  0.0000,  0.0000]])
tensor([[-0.2138,  0.0000,  0.0000,  0.0000,  0.0000,  0.0000]])
tensor([[0.8534, 1.0000, 0.0000, 0.0000, 0.0000, 0.0000]])
tensor([[-0.8642,  1.0000,  0.0000,  0.0000,  0.0000,  0.0000]])
tensor([[-0.9323,  1.0000,  0.0000,  0.0000,  0.0000,  0.0000]])
tensor([[0.4845, 1.0000, 0.0000, 0.0000, 0.0000, 0.0000]])
tensor([[-0.8898,  1.0000,  0.0000,  0.0000,  0.0000,  0.0000]])
tensor([[-0.2021,  1.0000,  0.0000,  0.0000,  0.0000,  0.0000]])
tensor([[-0.8582,  1.0000,  0.0000,  0.0000,  0.0000,  0.0000]])
tensor([[-0.8903,  1.0000,  0.0000,  0.0000,  0.0000,  0.0000]])
tensor([[0.9411, 1.0000, 0.0000, 0.0000, 0.0000, 0.0000]])
tensor([[-0.3418,  1.0000,  0.0000,  0.0000,  0.0000,  0.0000]])
tensor([[-0.8509,  1.0000,  1.0000,  0.0000,  0.0000,  0.0000]])
tensor([[0.0779, 1.0000, 0.0000, 0.0000, 0.0000, 0.0000]])
tensor([[0.3498, 1.0000, 0.0000, 0.0000, 0.0000, 0.0000]])
tensor([[-0.4045,  1.0000,  0.0000,  0.0000,  0.0000,  0.0000]])
tensor([[-0.6930,  1.0000,  0.0000,  0.0000,  0.0000,  0.0000]])
tensor([[0.3774, 1.0000, 0.0000, 0.0000, 0.0000, 0.0000]])
tensor([[-0.5201,  1.0000,  1.0000,  0.0000,  0.0000,  0.0000]])
tensor([[-0.9346,  1.0000,  0.0000,  0.0000,  0.0000,  0.0000]])
tensor([[-0.3857,  1.0000,  0.0000,  0.0000,  0.0000,  0.0000]])
tensor([[-0.0340,  1.0000,  0.0000,  0.0000,  0.0000,  0.0000]])
tensor([[-0.5713,  1.0000,  0.0000,  0.0000,  0.0000,  0.0000]])
tensor([[-0.4619,  1.0000,  0.0000,  0.0000,  0.0000,  0.0000]])
tensor([[-0.5320,  1.0000,  0.0000,  0.0000,  0.0000,  0.0000]])
tensor([[0.0116, 1.0000, 0.0000, 0.0000, 0.0000, 0.0000]])
tensor([[0.4055, 1.0000, 0.0000, 0.0000, 0.0000, 0.0000]])
tensor([[-0.8801,  1.0000,  0.0000,  0.0000,  0.0000,  0.0000]])
tensor([[-0.8143,  1.0000,  0.0000,  0.0000,  0.0000,  0.0000]])
tensor([[-0.3507,  1.0000,  0.0000,  0.0000,  0.0000,  0.0000]])
tensor([[-0.9732,  1.0000,  0.0000,  0.0000,  0.0000,  0.0000]])
tensor([[-0.7406,  1.0000,  0.0000,  0.0000,  0.0000,  0.0000]])
tensor([[-0.8151,  1.0000,  0.0000,  0.0000,  0.0000,  0.0000]])
tensor([[0.0979, 1.0000, 0.0000, 0.0000, 0.0000, 0.0000]])
tensor([[-0.7498,  1.0000,  0.0000,  0.0000,  0.0000,  0.0000]])
tensor([[-0.8136,  1.0000,  0.0000,  0.0000,  0.0000,  0.0000]])
tensor([[-0.8326,  1.0000,  0.0000,  0.0000,  0.0000,  0.0000]])
tensor([[-0.6268,  1.0000,  0.0000,  0.0000,  0.0000,  0.0000]])
tensor([[-0.9294,  1.0000,  0.0000,  0.0000,  0.0000,  0.0000]])
tensor([[-0.9077,  1.0000,  0.0000,  0.0000,  0.0000,  0.0000]])
tensor([[0.2751, 1.0000, 0.0000, 0.0000, 0.0000, 0.0000]])
tensor([[-0.7293,  1.0000,  0.0000,  0.0000,  0.0000,  0.0000]])
tensor([[-0.3050,  1.0000,  0.0000,  0.0000,  0.0000,  0.0000]])
tensor([[-0.7404,  1.0000,  0.0000,  0.0000,  0.0000,  0.0000]])
tensor([[-0.0370,  1.0000,  0.0000,  0.0000,  0.0000,  0.0000]])
tensor([[-0.6229,  1.0000,  0.0000,  0.0000,  0.0000,  0.0000]])
tensor([[-0.6979,  1.0000,  0.0000,  0.0000,  0.0000,  0.0000]])
tensor([[0.2746, 1.0000, 1.0000, 0.0000, 0.0000, 0.0000]])
tensor([[-0.3827,  1.0000,  0.0000,  0.0000,  0.0000,  0.0000]])
tensor([[-0.1589,  1.0000,  0.0000,  0.0000,  0.0000,  0.0000]])
tensor([[-0.8600,  1.0000,  0.0000,  0.0000,  0.0000,  0.0000]])
tensor([[-0.8315,  1.0000,  0.0000,  0.0000,  0.0000,  0.0000]])
tensor([[-0.6822,  1.0000,  0.0000,  0.0000,  0.0000,  0.0000]])
tensor([[0.1665, 1.0000, 0.0000, 0.0000, 0.0000, 0.0000]])
tensor([[-0.8058,  1.0000,  0.0000,  0.0000,  0.0000,  0.0000]])
tensor([[-0.8504,  1.0000,  0.0000,  0.0000,  0.0000,  0.0000]])
tensor([[-0.9027,  1.0000,  0.0000,  0.0000,  0.0000,  0.0000]])
tensor([[-0.8223,  1.0000,  0.0000,  0.0000,  0.0000,  0.0000]])
tensor([[0.7717, 1.0000, 0.0000, 0.0000, 0.0000, 0.0000]])
tensor([[-0.4267,  1.0000,  0.0000,  0.0000,  0.0000,  0.0000]])
tensor([[-0.9033,  1.0000,  0.0000,  0.0000,  0.0000,  0.0000]])
tensor([[0.4732, 1.0000, 0.0000, 0.0000, 0.0000, 0.0000]])
tensor([[0.2833, 1.0000, 0.0000, 0.0000, 0.0000, 0.0000]])
tensor([[-0.8330,  1.0000,  0.0000,  0.0000,  0.0000,  0.0000]])
tensor([[-0.9839,  1.0000,  0.0000,  0.0000,  0.0000,  0.0000]])
tensor([[-0.9050,  1.0000,  0.0000,  0.0000,  0.0000,  0.0000]])
tensor([[-0.4041,  1.0000,  0.0000,  0.0000,  0.0000,  0.0000]])
tensor([[-0.8042,  1.0000,  0.0000,  0.0000,  0.0000,  0.0000]])
tensor([[-0.9679,  1.0000,  0.0000,  0.0000,  0.0000,  0.0000]])
tensor([[-0.7287,  1.0000,  0.0000,  0.0000,  0.0000,  0.0000]])
tensor([[0.2928, 0.0000, 0.0000, 0.0000, 0.0000, 0.0000]])
tensor([[-0.7738,  1.0000,  0.0000,  0.0000,  0.0000,  0.0000]])
tensor([[-0.5184,  1.0000,  0.0000,  0.0000,  0.0000,  0.0000]])
tensor([[-0.5072,  1.0000,  0.0000,  0.0000,  0.0000,  0.0000]])
tensor([[-0.9035,  1.0000,  0.0000,  0.0000,  0.0000,  0.0000]])
tensor([[0.0649, 1.0000, 0.0000, 0.0000, 0.0000, 0.0000]])
tensor([[-0.7950,  1.0000,  0.0000,  0.0000,  0.0000,  0.0000]])
tensor([[-0.5622,  1.0000,  0.0000,  0.0000,  0.0000,  0.0000]])
tensor([[-0.6747,  1.0000,  0.0000,  0.0000,  0.0000,  0.0000]])
tensor([[0.2299, 1.0000, 0.0000, 0.0000, 0.0000, 0.0000]])
tensor([[0.2586, 1.0000, 0.0000, 0.0000, 0.0000, 0.0000]])
tensor([[-0.4919,  1.0000,  0.0000,  0.0000,  0.0000,  0.0000]])
tensor([[-0.9540,  0.0000,  0.0000,  0.0000,  0.0000,  0.0000]])
tensor([[-0.7752,  1.0000,  0.0000,  0.0000,  0.0000,  0.0000]])
tensor([[-0.5978,  1.0000,  0.0000,  0.0000,  0.0000,  0.0000]])
tensor([[-0.1082,  1.0000,  0.0000,  0.0000,  0.0000,  0.0000]])
tensor([[-0.8149,  1.0000,  0.0000,  0.0000,  0.0000,  0.0000]])
tensor([[0.0502, 1.0000, 0.0000, 0.0000, 0.0000, 0.0000]])
tensor([[-0.8824,  1.0000,  0.0000,  0.0000,  0.0000,  0.0000]])
tensor([[-0.6116,  1.0000,  0.0000,  0.0000,  0.0000,  0.0000]])
tensor([[-0.7501,  1.0000,  0.0000,  0.0000,  0.0000,  0.0000]])
tensor([[-0.6615,  1.0000,  0.0000,  0.0000,  0.0000,  0.0000]])
tensor([[0.3317, 1.0000, 0.0000, 0.0000, 0.0000, 0.0000]])
tensor([[-0.3696,  1.0000,  0.0000,  0.0000,  0.0000,  0.0000]])
tensor([[-0.7028,  1.0000,  0.0000,  0.0000,  0.0000,  0.0000]])
tensor([[-0.9773,  1.0000,  0.0000,  0.0000,  0.0000,  0.0000]])
tensor([[-0.5752,  1.0000,  0.0000,  0.0000,  0.0000,  0.0000]])
tensor([[0.4397, 1.0000, 0.0000, 0.0000, 0.0000, 0.0000]])
tensor([[0.8696, 1.0000, 0.0000, 0.0000, 0.0000, 0.0000]])
tensor([[-0.1054,  1.0000,  0.0000,  0.0000,  0.0000,  0.0000]])
tensor([[-0.7752,  0.0000,  0.0000,  0.0000,  0.0000,  0.0000]])
tensor([[-0.9690,  1.0000,  0.0000,  0.0000,  0.0000,  0.0000]])
tensor([[-0.2040,  1.0000,  0.0000,  0.0000,  0.0000,  0.0000]])
tensor([[-0.5036,  1.0000,  0.0000,  0.0000,  0.0000,  0.0000]])
tensor([[-0.7366,  1.0000,  0.0000,  0.0000,  0.0000,  0.0000]])
tensor([[0.3963, 1.0000, 0.0000, 0.0000, 0.0000, 0.0000]])
tensor([[-0.0238,  1.0000,  0.0000,  0.0000,  0.0000,  0.0000]])
tensor([[-0.1539,  1.0000,  0.0000,  0.0000,  0.0000,  0.0000]])
tensor([[-0.4059,  1.0000,  1.0000,  0.0000,  0.0000,  0.0000]])
tensor([[-0.2469,  1.0000,  0.0000,  0.0000,  0.0000,  0.0000]])
tensor([[-0.9612,  1.0000,  0.0000,  0.0000,  0.0000,  0.0000]])
tensor([[-0.1738,  1.0000,  0.0000,  0.0000,  0.0000,  0.0000]])
INFO:root:Agent 0 (TQCars): avg action time = 0.0011s
tensor([[-0.6070,  1.0000,  0.0000,  0.0000,  0.0000,  0.0000]])
tensor([[-0.4392,  1.0000,  0.0000,  0.0000,  0.0000,  0.0000]])
tensor([[-0.6854,  1.0000,  0.0000,  0.0000,  0.0000,  0.0000]])
tensor([[-0.5672,  1.0000,  0.0000,  0.0000,  0.0000,  0.0000]])
tensor([[-0.7288,  1.0000,  0.0000,  0.0000,  0.0000,  0.0000]])
tensor([[0.1117, 1.0000, 0.0000, 0.0000, 0.0000, 0.0000]])
tensor([[-0.9480,  1.0000,  0.0000,  0.0000,  0.0000,  0.0000]])
tensor([[-0.3270,  1.0000,  0.0000,  0.0000,  0.0000,  0.0000]])
tensor([[-0.3146,  0.0000,  0.0000,  0.0000,  0.0000,  0.0000]])
tensor([[-0.7409,  1.0000,  0.0000,  0.0000,  0.0000,  0.0000]])
tensor([[-0.7927,  1.0000,  0.0000,  0.0000,  0.0000,  0.0000]])
tensor([[0.6691, 1.0000, 0.0000, 0.0000, 0.0000, 0.0000]])
tensor([[0.4016, 1.0000, 0.0000, 0.0000, 0.0000, 0.0000]])
tensor([[-0.3362,  0.0000,  0.0000,  0.0000,  0.0000,  0.0000]])
tensor([[-0.8776,  1.0000,  0.0000,  0.0000,  0.0000,  0.0000]])
tensor([[0.2894, 1.0000, 0.0000, 0.0000, 0.0000, 0.0000]])
tensor([[-0.0896,  1.0000,  0.0000,  0.0000,  0.0000,  0.0000]])
tensor([[-0.8226,  1.0000,  0.0000,  0.0000,  0.0000,  0.0000]])
tensor([[0.1857, 1.0000, 0.0000, 0.0000, 0.0000, 0.0000]])
tensor([[-0.9656,  1.0000,  0.0000,  0.0000,  0.0000,  0.0000]])
tensor([[-0.1123,  1.0000,  0.0000,  0.0000,  0.0000,  0.0000]])
tensor([[-0.8261,  1.0000,  0.0000,  0.0000,  0.0000,  0.0000]])
tensor([[-0.3612,  1.0000,  0.0000,  0.0000,  0.0000,  0.0000]])
tensor([[0.6250, 1.0000, 0.0000, 0.0000, 0.0000, 0.0000]])
tensor([[0.7375, 1.0000, 0.0000, 0.0000, 0.0000, 0.0000]])
tensor([[-0.7176,  1.0000,  0.0000,  0.0000,  0.0000,  0.0000]])
tensor([[0.1369, 1.0000, 0.0000, 0.0000, 0.0000, 0.0000]])
tensor([[0.2256, 1.0000, 0.0000, 1.0000, 0.0000, 0.0000]])
tensor([[0.2270, 1.0000, 0.0000, 0.0000, 0.0000, 0.0000]])
tensor([[-0.8521,  1.0000,  0.0000,  0.0000,  0.0000,  0.0000]])
tensor([[-0.5279,  1.0000,  0.0000,  0.0000,  0.0000,  0.0000]])
tensor([[-0.7335,  1.0000,  0.0000,  0.0000,  0.0000,  0.0000]])
tensor([[0.5868, 1.0000, 0.0000, 0.0000, 0.0000, 0.0000]])
tensor([[-0.8141,  1.0000,  1.0000,  0.0000,  0.0000,  0.0000]])
tensor([[-0.8301,  1.0000,  0.0000,  0.0000,  0.0000,  0.0000]])
tensor([[-0.7772,  1.0000,  0.0000,  0.0000,  0.0000,  0.0000]])
tensor([[-0.4747,  0.0000,  0.0000,  0.0000,  0.0000,  0.0000]])
tensor([[0.2677, 1.0000, 0.0000, 0.0000, 0.0000, 0.0000]])
tensor([[-0.8440,  1.0000,  0.0000,  0.0000,  0.0000,  0.0000]])
tensor([[0.0653, 1.0000, 0.0000, 0.0000, 0.0000, 0.0000]])
tensor([[-0.7795,  1.0000,  0.0000,  0.0000,  0.0000,  0.0000]])
tensor([[0.4040, 1.0000, 0.0000, 0.0000, 0.0000, 0.0000]])
tensor([[0.7857, 1.0000, 0.0000, 0.0000, 0.0000, 0.0000]])
tensor([[-0.6035,  1.0000,  0.0000,  0.0000,  0.0000,  0.0000]])
tensor([[-0.0582,  1.0000,  0.0000,  0.0000,  0.0000,  0.0000]])
tensor([[-0.8365,  1.0000,  0.0000,  0.0000,  0.0000,  0.0000]])
tensor([[-0.8335,  1.0000,  1.0000,  0.0000,  0.0000,  0.0000]])
tensor([[0.3951, 1.0000, 0.0000, 0.0000, 0.0000, 0.0000]])
tensor([[-0.6249,  1.0000,  0.0000,  0.0000,  1.0000,  0.0000]])
tensor([[-0.0050,  1.0000,  0.0000,  0.0000,  0.0000,  0.0000]])
tensor([[-0.1214,  1.0000,  0.0000,  0.0000,  0.0000,  0.0000]])
tensor([[-0.5575,  1.0000,  0.0000,  0.0000,  0.0000,  0.0000]])
tensor([[-0.4887,  1.0000,  1.0000,  0.0000,  0.0000,  0.0000]])
tensor([[-0.8989,  1.0000,  0.0000,  0.0000,  0.0000,  0.0000]])
tensor([[0.0682, 1.0000, 0.0000, 0.0000, 0.0000, 0.0000]])
tensor([[-0.8633,  1.0000,  0.0000,  0.0000,  0.0000,  0.0000]])
tensor([[-0.7371,  1.0000,  0.0000,  0.0000,  0.0000,  0.0000]])
tensor([[-0.7984,  1.0000,  0.0000,  0.0000,  0.0000,  0.0000]])
tensor([[-0.7797,  1.0000,  0.0000,  0.0000,  0.0000,  0.0000]])
tensor([[-0.2522,  1.0000,  0.0000,  0.0000,  0.0000,  0.0000]])
tensor([[-0.7548,  1.0000,  0.0000,  0.0000,  0.0000,  0.0000]])
tensor([[0.8158, 1.0000, 0.0000, 0.0000, 0.0000, 0.0000]])
tensor([[0.7575, 1.0000, 0.0000, 0.0000, 0.0000, 0.0000]])
{"type": "results", "track": "black_forest", "results": [{"key": 0, "reward": -0.1, "position": 4, "name": "TQCars", "avg_action_time": 0.0010767299713346195}]}
