INFO:root:Loading the agents
INFO:root:Loaded player TQCars
INFO:root:Creating pystk-1
INFO:root:Adding wrapper <function get_wrappers.<locals>.<lambda> at 0x72eaef4ff420>
INFO:root:Adding wrapper <function get_wrappers.<locals>.<lambda> at 0x72eaef4ff4c0>
INFO:root:Adding wrapper <function get_wrappers.<locals>.<lambda> at 0x72eaef4ff560>
INFO:root:Adding wrapper <function get_wrappers.<locals>.<lambda> at 0x72eaef4ff600>
INFO:root:(multi-env mono adapter) Setting main environment max_paths to 5
INFO:root:Loading trained model from CHECKPOINT-GPUFAC/tqc_EXP16BASEREWARD_600000.pt...
INFO:root:Starting a race
tensor([[-0.3303,  0.0000,  0.0000,  0.0000,  0.0000,  0.0000]])
tensor([[-0.0015,  1.0000,  0.0000,  0.0000,  0.0000,  0.0000]])
tensor([[0.1176, 1.0000, 0.0000, 0.0000, 0.0000, 0.0000]])
tensor([[-0.3855,  1.0000,  0.0000,  0.0000,  0.0000,  0.0000]])
tensor([[0.1713, 1.0000, 0.0000, 0.0000, 0.0000, 0.0000]])
tensor([[0.7364, 1.0000, 0.0000, 0.0000, 0.0000, 0.0000]])
tensor([[0.8325, 1.0000, 0.0000, 0.0000, 0.0000, 0.0000]])
tensor([[0.0722, 1.0000, 0.0000, 0.0000, 0.0000, 0.0000]])
tensor([[-0.1691,  1.0000,  0.0000,  0.0000,  0.0000,  0.0000]])
tensor([[-0.4472,  1.0000,  0.0000,  0.0000,  0.0000,  0.0000]])
tensor([[0.8648, 1.0000, 0.0000, 0.0000, 0.0000, 0.0000]])
tensor([[0.2516, 1.0000, 0.0000, 0.0000, 0.0000, 0.0000]])
tensor([[-0.5543,  1.0000,  0.0000,  0.0000,  0.0000,  0.0000]])
tensor([[0.5352, 1.0000, 0.0000, 0.0000, 0.0000, 0.0000]])
tensor([[-0.4305,  1.0000,  0.0000,  0.0000,  0.0000,  0.0000]])
tensor([[-0.1866,  1.0000,  0.0000,  0.0000,  0.0000,  0.0000]])
tensor([[-0.2154,  1.0000,  0.0000,  0.0000,  0.0000,  0.0000]])
tensor([[0.7184, 1.0000, 0.0000, 0.0000, 0.0000, 0.0000]])
tensor([[-0.4477,  1.0000,  0.0000,  0.0000,  0.0000,  0.0000]])
tensor([[-0.1878,  1.0000,  0.0000,  0.0000,  0.0000,  0.0000]])
tensor([[0.3513, 1.0000, 0.0000, 0.0000, 0.0000, 0.0000]])
tensor([[0.0547, 1.0000, 0.0000, 0.0000, 0.0000, 0.0000]])
tensor([[0.8267, 1.0000, 0.0000, 0.0000, 0.0000, 0.0000]])
tensor([[-0.2180,  1.0000,  0.0000,  0.0000,  0.0000,  0.0000]])
tensor([[-0.1221,  1.0000,  0.0000,  0.0000,  0.0000,  0.0000]])
tensor([[0.6156, 1.0000, 0.0000, 0.0000, 0.0000, 0.0000]])
tensor([[0.3214, 1.0000, 0.0000, 0.0000, 0.0000, 0.0000]])
tensor([[0.7117, 1.0000, 0.0000, 0.0000, 0.0000, 0.0000]])
tensor([[0.2993, 1.0000, 0.0000, 0.0000, 0.0000, 0.0000]])
tensor([[0.5830, 1.0000, 0.0000, 0.0000, 0.0000, 0.0000]])
tensor([[-0.4581,  1.0000,  0.0000,  0.0000,  0.0000,  0.0000]])
tensor([[-0.8784,  1.0000,  0.0000,  0.0000,  0.0000,  0.0000]])
tensor([[0.3407, 1.0000, 0.0000, 0.0000, 0.0000, 0.0000]])
tensor([[0.0239, 1.0000, 0.0000, 0.0000, 0.0000, 0.0000]])
tensor([[-0.0457,  1.0000,  0.0000,  0.0000,  0.0000,  0.0000]])
tensor([[-0.9437,  1.0000,  0.0000,  0.0000,  0.0000,  0.0000]])
tensor([[-0.7534,  1.0000,  0.0000,  0.0000,  0.0000,  0.0000]])
tensor([[-0.5531,  1.0000,  1.0000,  0.0000,  0.0000,  0.0000]])
tensor([[0.3097, 0.0000, 0.0000, 0.0000, 0.0000, 0.0000]])
tensor([[0.9173, 1.0000, 0.0000, 0.0000, 0.0000, 0.0000]])
tensor([[0.6370, 1.0000, 0.0000, 0.0000, 0.0000, 0.0000]])
tensor([[0.5394, 1.0000, 0.0000, 0.0000, 0.0000, 0.0000]])
tensor([[0.5595, 1.0000, 0.0000, 0.0000, 0.0000, 0.0000]])
tensor([[0.4285, 1.0000, 0.0000, 0.0000, 0.0000, 0.0000]])
tensor([[-0.7897,  1.0000,  0.0000,  1.0000,  0.0000,  0.0000]])
tensor([[-0.3752,  1.0000,  0.0000,  0.0000,  0.0000,  0.0000]])
tensor([[0.8481, 1.0000, 0.0000, 0.0000, 0.0000, 0.0000]])
tensor([[0.1221, 1.0000, 0.0000, 0.0000, 0.0000, 0.0000]])
tensor([[-0.5385,  1.0000,  0.0000,  0.0000,  0.0000,  0.0000]])
tensor([[-0.7044,  1.0000,  0.0000,  0.0000,  0.0000,  0.0000]])
tensor([[0.8494, 1.0000, 0.0000, 0.0000, 0.0000, 0.0000]])
tensor([[-0.6428,  1.0000,  0.0000,  0.0000,  0.0000,  0.0000]])
tensor([[0.8932, 1.0000, 0.0000, 0.0000, 0.0000, 0.0000]])
tensor([[0.8660, 1.0000, 0.0000, 0.0000, 0.0000, 0.0000]])
tensor([[0.1449, 1.0000, 0.0000, 0.0000, 0.0000, 0.0000]])
tensor([[-0.5021,  1.0000,  0.0000,  0.0000,  0.0000,  0.0000]])
tensor([[0.6840, 1.0000, 0.0000, 0.0000, 0.0000, 0.0000]])
tensor([[-0.4805,  1.0000,  0.0000,  0.0000,  0.0000,  0.0000]])
tensor([[0.8819, 1.0000, 1.0000, 0.0000, 1.0000, 0.0000]])
tensor([[-0.7034,  1.0000,  0.0000,  0.0000,  0.0000,  0.0000]])
tensor([[-0.8371,  0.0000,  0.0000,  0.0000,  0.0000,  0.0000]])
tensor([[-0.4444,  0.0000,  0.0000,  0.0000,  0.0000,  0.0000]])
tensor([[-0.1260,  0.0000,  0.0000,  0.0000,  0.0000,  0.0000]])
tensor([[0.8316, 1.0000, 0.0000, 0.0000, 0.0000, 0.0000]])
tensor([[0.4617, 1.0000, 0.0000, 0.0000, 0.0000, 0.0000]])
tensor([[-0.1539,  1.0000,  0.0000,  0.0000,  0.0000,  0.0000]])
tensor([[0.5398, 1.0000, 0.0000, 1.0000, 0.0000, 0.0000]])
tensor([[0.4428, 1.0000, 0.0000, 0.0000, 0.0000, 0.0000]])
tensor([[-0.9519,  1.0000,  0.0000,  0.0000,  0.0000,  0.0000]])
tensor([[0.1935, 1.0000, 0.0000, 0.0000, 0.0000, 0.0000]])
tensor([[0.9291, 1.0000, 1.0000, 1.0000, 0.0000, 0.0000]])
tensor([[0.9730, 1.0000, 0.0000, 0.0000, 0.0000, 0.0000]])
tensor([[-0.8153,  0.0000,  0.0000,  0.0000,  0.0000,  0.0000]])
tensor([[0.0443, 0.0000, 0.0000, 0.0000, 0.0000, 0.0000]])
tensor([[0.5052, 1.0000, 0.0000, 0.0000, 0.0000, 0.0000]])
tensor([[0.9157, 1.0000, 0.0000, 0.0000, 0.0000, 0.0000]])
tensor([[0.7893, 1.0000, 0.0000, 0.0000, 0.0000, 0.0000]])
tensor([[-0.0841,  1.0000,  0.0000,  0.0000,  0.0000,  0.0000]])
tensor([[-0.3764,  1.0000,  0.0000,  0.0000,  0.0000,  0.0000]])
tensor([[-0.2685,  1.0000,  0.0000,  0.0000,  0.0000,  0.0000]])
tensor([[-0.1932,  1.0000,  0.0000,  0.0000,  0.0000,  0.0000]])
tensor([[0.8402, 1.0000, 0.0000, 0.0000, 0.0000, 0.0000]])
tensor([[0.7750, 1.0000, 0.0000, 0.0000, 0.0000, 0.0000]])
tensor([[-0.7239,  1.0000,  0.0000,  0.0000,  0.0000,  0.0000]])
tensor([[0.3326, 1.0000, 1.0000, 0.0000, 0.0000, 0.0000]])
tensor([[-0.8649,  1.0000,  0.0000,  0.0000,  0.0000,  0.0000]])
tensor([[-0.3386,  1.0000,  0.0000,  0.0000,  0.0000,  0.0000]])
tensor([[-0.6223,  1.0000,  0.0000,  0.0000,  0.0000,  0.0000]])
tensor([[-0.4794,  0.0000,  0.0000,  0.0000,  0.0000,  0.0000]])
tensor([[0.1974, 1.0000, 0.0000, 0.0000, 0.0000, 0.0000]])
tensor([[-0.0730,  1.0000,  0.0000,  0.0000,  0.0000,  0.0000]])
tensor([[-0.9776,  1.0000,  0.0000,  0.0000,  0.0000,  0.0000]])
tensor([[-0.3039,  1.0000,  1.0000,  0.0000,  0.0000,  0.0000]])
tensor([[0.4092, 1.0000, 0.0000, 0.0000, 0.0000, 0.0000]])
tensor([[-0.5701,  1.0000,  0.0000,  0.0000,  0.0000,  0.0000]])
tensor([[0.5125, 1.0000, 0.0000, 0.0000, 0.0000, 0.0000]])
tensor([[0.6844, 1.0000, 0.0000, 0.0000, 0.0000, 0.0000]])
tensor([[-0.6170,  1.0000,  0.0000,  0.0000,  0.0000,  0.0000]])
tensor([[0.1365, 1.0000, 0.0000, 0.0000, 0.0000, 0.0000]])
tensor([[-0.8021,  1.0000,  0.0000,  0.0000,  0.0000,  0.0000]])
tensor([[-0.1671,  1.0000,  0.0000,  0.0000,  0.0000,  0.0000]])
tensor([[-0.6621,  1.0000,  0.0000,  0.0000,  0.0000,  0.0000]])
tensor([[0.8245, 1.0000, 0.0000, 0.0000, 0.0000, 0.0000]])
tensor([[0.7053, 1.0000, 0.0000, 0.0000, 0.0000, 0.0000]])
tensor([[-0.8819,  1.0000,  0.0000,  0.0000,  0.0000,  0.0000]])
tensor([[-0.6746,  1.0000,  0.0000,  0.0000,  0.0000,  0.0000]])
tensor([[0.3251, 1.0000, 0.0000, 0.0000, 0.0000, 0.0000]])
tensor([[-0.9006,  1.0000,  0.0000,  0.0000,  0.0000,  0.0000]])
tensor([[0.5259, 1.0000, 0.0000, 0.0000, 0.0000, 0.0000]])
tensor([[-0.2002,  1.0000,  0.0000,  0.0000,  0.0000,  0.0000]])
tensor([[-0.2042,  1.0000,  0.0000,  0.0000,  0.0000,  0.0000]])
tensor([[-0.0513,  1.0000,  0.0000,  0.0000,  1.0000,  0.0000]])
tensor([[0.6529, 1.0000, 0.0000, 0.0000, 0.0000, 0.0000]])
tensor([[-0.1814,  1.0000,  0.0000,  0.0000,  0.0000,  0.0000]])
tensor([[-0.3321,  1.0000,  0.0000,  0.0000,  0.0000,  0.0000]])
tensor([[-0.0202,  1.0000,  0.0000,  0.0000,  0.0000,  0.0000]])
tensor([[0.7289, 1.0000, 0.0000, 0.0000, 0.0000, 0.0000]])
tensor([[-0.0551,  1.0000,  0.0000,  0.0000,  0.0000,  0.0000]])
tensor([[0.5347, 1.0000, 0.0000, 0.0000, 0.0000, 0.0000]])
tensor([[-0.5922,  1.0000,  0.0000,  0.0000,  0.0000,  0.0000]])
tensor([[0.6059, 1.0000, 0.0000, 0.0000, 0.0000, 0.0000]])
tensor([[-0.0322,  1.0000,  0.0000,  0.0000,  0.0000,  0.0000]])
tensor([[0.0447, 1.0000, 0.0000, 0.0000, 0.0000, 0.0000]])
tensor([[-0.5327,  1.0000,  0.0000,  0.0000,  0.0000,  0.0000]])
tensor([[-0.5546,  1.0000,  0.0000,  0.0000,  0.0000,  0.0000]])
tensor([[-0.4633,  1.0000,  0.0000,  0.0000,  0.0000,  0.0000]])
tensor([[-0.7774,  1.0000,  0.0000,  0.0000,  0.0000,  0.0000]])
tensor([[0.1640, 1.0000, 0.0000, 0.0000, 0.0000, 0.0000]])
tensor([[0.0555, 1.0000, 0.0000, 0.0000, 0.0000, 0.0000]])
tensor([[0.4647, 1.0000, 0.0000, 0.0000, 0.0000, 0.0000]])
tensor([[0.0943, 1.0000, 0.0000, 0.0000, 0.0000, 0.0000]])
tensor([[-0.6384,  1.0000,  0.0000,  0.0000,  0.0000,  0.0000]])
tensor([[0.8978, 1.0000, 0.0000, 0.0000, 0.0000, 0.0000]])
tensor([[0.9197, 1.0000, 0.0000, 0.0000, 0.0000, 0.0000]])
tensor([[0.4980, 1.0000, 0.0000, 0.0000, 0.0000, 0.0000]])
tensor([[0.8078, 1.0000, 0.0000, 1.0000, 0.0000, 0.0000]])
tensor([[-0.3278,  1.0000,  0.0000,  0.0000,  0.0000,  0.0000]])
tensor([[0.3857, 1.0000, 0.0000, 0.0000, 0.0000, 0.0000]])
tensor([[0.3042, 1.0000, 0.0000, 0.0000, 0.0000, 0.0000]])
tensor([[-0.4513,  1.0000,  0.0000,  0.0000,  0.0000,  0.0000]])
tensor([[0.2264, 1.0000, 0.0000, 0.0000, 0.0000, 0.0000]])
tensor([[-0.5138,  1.0000,  0.0000,  0.0000,  0.0000,  0.0000]])
tensor([[0.1952, 1.0000, 0.0000, 0.0000, 1.0000, 0.0000]])
tensor([[0.4684, 1.0000, 0.0000, 0.0000, 0.0000, 0.0000]])
tensor([[0.1489, 1.0000, 0.0000, 0.0000, 0.0000, 0.0000]])
tensor([[-0.0674,  1.0000,  0.0000,  0.0000,  0.0000,  0.0000]])
tensor([[-0.7662,  1.0000,  0.0000,  0.0000,  0.0000,  0.0000]])
tensor([[-0.4283,  0.0000,  0.0000,  0.0000,  0.0000,  0.0000]])
tensor([[-0.3486,  1.0000,  0.0000,  0.0000,  0.0000,  0.0000]])
tensor([[0.6618, 1.0000, 0.0000, 0.0000, 0.0000, 0.0000]])
tensor([[0.1111, 1.0000, 0.0000, 0.0000, 0.0000, 0.0000]])
tensor([[0.8151, 1.0000, 1.0000, 0.0000, 0.0000, 0.0000]])
tensor([[0.3608, 1.0000, 0.0000, 0.0000, 0.0000, 0.0000]])
tensor([[-0.3480,  1.0000,  0.0000,  0.0000,  0.0000,  0.0000]])
tensor([[-0.4941,  1.0000,  0.0000,  0.0000,  0.0000,  0.0000]])
tensor([[-0.4724,  1.0000,  0.0000,  0.0000,  0.0000,  0.0000]])
tensor([[-0.7393,  1.0000,  0.0000,  0.0000,  0.0000,  0.0000]])
tensor([[0.4026, 1.0000, 0.0000, 0.0000, 0.0000, 0.0000]])
tensor([[0.7416, 1.0000, 0.0000, 0.0000, 0.0000, 0.0000]])
tensor([[0.1063, 1.0000, 0.0000, 0.0000, 0.0000, 0.0000]])
tensor([[-0.9639,  1.0000,  0.0000,  0.0000,  0.0000,  0.0000]])
tensor([[0.2510, 1.0000, 0.0000, 0.0000, 0.0000, 0.0000]])
tensor([[0.4411, 1.0000, 0.0000, 0.0000, 0.0000, 0.0000]])
tensor([[-0.8645,  1.0000,  0.0000,  0.0000,  0.0000,  0.0000]])
tensor([[-0.1102,  1.0000,  0.0000,  0.0000,  0.0000,  0.0000]])
tensor([[0.1106, 1.0000, 0.0000, 0.0000, 0.0000, 0.0000]])
tensor([[-0.2862,  1.0000,  0.0000,  0.0000,  0.0000,  0.0000]])
tensor([[0.0397, 1.0000, 0.0000, 0.0000, 0.0000, 0.0000]])
tensor([[-0.6533,  1.0000,  0.0000,  0.0000,  1.0000,  0.0000]])
tensor([[0.2734, 1.0000, 0.0000, 0.0000, 0.0000, 0.0000]])
tensor([[-0.6762,  1.0000,  0.0000,  0.0000,  0.0000,  0.0000]])
tensor([[0.0899, 0.0000, 0.0000, 0.0000, 0.0000, 0.0000]])
tensor([[0.7711, 1.0000, 0.0000, 0.0000, 0.0000, 0.0000]])
tensor([[0.8228, 1.0000, 0.0000, 0.0000, 0.0000, 0.0000]])
tensor([[0.9674, 1.0000, 0.0000, 0.0000, 0.0000, 0.0000]])
tensor([[0.3310, 1.0000, 0.0000, 0.0000, 0.0000, 0.0000]])
tensor([[-0.1682,  1.0000,  0.0000,  1.0000,  0.0000,  0.0000]])
tensor([[0.7542, 1.0000, 0.0000, 0.0000, 0.0000, 0.0000]])
tensor([[0.2498, 1.0000, 0.0000, 0.0000, 0.0000, 0.0000]])
tensor([[0.2013, 1.0000, 0.0000, 0.0000, 0.0000, 0.0000]])
tensor([[-0.1799,  1.0000,  0.0000,  0.0000,  0.0000,  0.0000]])
tensor([[-0.5932,  1.0000,  0.0000,  0.0000,  0.0000,  0.0000]])
tensor([[-0.0153,  1.0000,  0.0000,  1.0000,  0.0000,  0.0000]])
tensor([[0.9334, 1.0000, 1.0000, 0.0000, 0.0000, 0.0000]])
tensor([[0.5750, 1.0000, 0.0000, 0.0000, 0.0000, 0.0000]])
tensor([[-0.1339,  1.0000,  0.0000,  0.0000,  0.0000,  0.0000]])
tensor([[0.7588, 1.0000, 0.0000, 1.0000, 0.0000, 0.0000]])
tensor([[-0.0399,  1.0000,  0.0000,  0.0000,  0.0000,  0.0000]])
tensor([[-0.9099,  1.0000,  0.0000,  0.0000,  0.0000,  0.0000]])
tensor([[0.6222, 1.0000, 0.0000, 0.0000, 0.0000, 0.0000]])
tensor([[-0.7121,  1.0000,  0.0000,  0.0000,  0.0000,  0.0000]])
tensor([[0.7284, 1.0000, 0.0000, 0.0000, 0.0000, 0.0000]])
tensor([[-0.6168,  1.0000,  0.0000,  0.0000,  0.0000,  0.0000]])
tensor([[0.0361, 0.0000, 0.0000, 0.0000, 0.0000, 0.0000]])
tensor([[-0.2157,  1.0000,  0.0000,  0.0000,  0.0000,  0.0000]])
tensor([[-0.2652,  1.0000,  0.0000,  0.0000,  0.0000,  0.0000]])
tensor([[-0.6997,  1.0000,  0.0000,  0.0000,  0.0000,  0.0000]])
tensor([[0.1651, 1.0000, 0.0000, 0.0000, 0.0000, 0.0000]])
tensor([[-0.8085,  1.0000,  0.0000,  0.0000,  0.0000,  0.0000]])
tensor([[0.5771, 1.0000, 0.0000, 0.0000, 0.0000, 0.0000]])
tensor([[0.2252, 1.0000, 0.0000, 0.0000, 0.0000, 0.0000]])
tensor([[-0.1407,  1.0000,  0.0000,  0.0000,  0.0000,  0.0000]])
tensor([[-0.5789,  1.0000,  0.0000,  0.0000,  0.0000,  0.0000]])
tensor([[0.6876, 1.0000, 0.0000, 0.0000, 0.0000, 0.0000]])
tensor([[-0.3652,  1.0000,  0.0000,  0.0000,  0.0000,  0.0000]])
tensor([[-0.7954,  1.0000,  0.0000,  0.0000,  0.0000,  0.0000]])
tensor([[-0.5638,  1.0000,  0.0000,  0.0000,  0.0000,  0.0000]])
tensor([[0.9736, 0.0000, 0.0000, 0.0000, 0.0000, 0.0000]])
tensor([[-0.7831,  0.0000,  0.0000,  0.0000,  0.0000,  0.0000]])
tensor([[0.5224, 1.0000, 1.0000, 0.0000, 0.0000, 0.0000]])
tensor([[0.8660, 1.0000, 0.0000, 0.0000, 0.0000, 0.0000]])
tensor([[-0.1333,  1.0000,  0.0000,  0.0000,  0.0000,  0.0000]])
tensor([[0.0852, 1.0000, 0.0000, 0.0000, 0.0000, 0.0000]])
tensor([[-0.9410,  1.0000,  0.0000,  0.0000,  0.0000,  0.0000]])
tensor([[-0.6598,  1.0000,  1.0000,  0.0000,  0.0000,  0.0000]])
tensor([[0.2251, 1.0000, 0.0000, 0.0000, 0.0000, 0.0000]])
tensor([[0.1349, 1.0000, 0.0000, 0.0000, 0.0000, 0.0000]])
tensor([[0.2107, 1.0000, 0.0000, 0.0000, 0.0000, 0.0000]])
tensor([[0.7794, 1.0000, 0.0000, 0.0000, 1.0000, 0.0000]])
tensor([[0.6674, 1.0000, 0.0000, 0.0000, 0.0000, 0.0000]])
tensor([[-0.2056,  1.0000,  0.0000,  0.0000,  0.0000,  0.0000]])
tensor([[0.0816, 1.0000, 0.0000, 0.0000, 0.0000, 0.0000]])
tensor([[0.0640, 1.0000, 0.0000, 0.0000, 1.0000, 0.0000]])
tensor([[0.3361, 1.0000, 0.0000, 0.0000, 0.0000, 0.0000]])
tensor([[0.8573, 1.0000, 1.0000, 0.0000, 1.0000, 0.0000]])
tensor([[0.8990, 1.0000, 0.0000, 0.0000, 0.0000, 0.0000]])
tensor([[-0.4926,  1.0000,  0.0000,  0.0000,  0.0000,  0.0000]])
tensor([[-0.9338,  1.0000,  0.0000,  0.0000,  1.0000,  0.0000]])
tensor([[-0.1105,  1.0000,  0.0000,  0.0000,  0.0000,  0.0000]])
tensor([[0.9085, 0.0000, 0.0000, 0.0000, 0.0000, 0.0000]])
tensor([[-0.8923,  1.0000,  0.0000,  0.0000,  0.0000,  0.0000]])
tensor([[-0.6762,  1.0000,  0.0000,  0.0000,  0.0000,  0.0000]])
tensor([[-0.1277,  1.0000,  0.0000,  0.0000,  0.0000,  0.0000]])
tensor([[-0.3017,  1.0000,  1.0000,  0.0000,  0.0000,  0.0000]])
tensor([[-0.7078,  1.0000,  0.0000,  0.0000,  0.0000,  0.0000]])
tensor([[0.3228, 1.0000, 0.0000, 0.0000, 0.0000, 0.0000]])
tensor([[-0.4506,  1.0000,  0.0000,  0.0000,  0.0000,  0.0000]])
tensor([[-0.3450,  1.0000,  0.0000,  0.0000,  0.0000,  0.0000]])
tensor([[0.6065, 1.0000, 1.0000, 0.0000, 0.0000, 0.0000]])
tensor([[0.9485, 1.0000, 0.0000, 0.0000, 0.0000, 0.0000]])
tensor([[0.8524, 1.0000, 0.0000, 0.0000, 0.0000, 0.0000]])
tensor([[-0.6306,  1.0000,  0.0000,  0.0000,  0.0000,  0.0000]])
tensor([[-0.8880,  1.0000,  1.0000,  0.0000,  0.0000,  0.0000]])
tensor([[0.2341, 1.0000, 1.0000, 0.0000, 0.0000, 0.0000]])
tensor([[-0.5016,  1.0000,  0.0000,  0.0000,  0.0000,  0.0000]])
tensor([[0.1465, 1.0000, 0.0000, 0.0000, 0.0000, 0.0000]])
tensor([[-0.2338,  1.0000,  0.0000,  0.0000,  0.0000,  0.0000]])
tensor([[-0.1262,  1.0000,  0.0000,  0.0000,  0.0000,  0.0000]])
tensor([[0.6196, 1.0000, 0.0000, 0.0000, 0.0000, 0.0000]])
tensor([[-0.7018,  1.0000,  0.0000,  0.0000,  0.0000,  0.0000]])
tensor([[-0.7179,  1.0000,  0.0000,  0.0000,  0.0000,  0.0000]])
tensor([[-0.9904,  1.0000,  0.0000,  0.0000,  0.0000,  0.0000]])
tensor([[-0.1651,  1.0000,  0.0000,  0.0000,  0.0000,  0.0000]])
tensor([[0.0163, 1.0000, 0.0000, 0.0000, 0.0000, 0.0000]])
tensor([[0.0063, 1.0000, 1.0000, 0.0000, 0.0000, 0.0000]])
tensor([[0.8116, 1.0000, 0.0000, 0.0000, 0.0000, 0.0000]])
tensor([[0.6510, 1.0000, 1.0000, 0.0000, 0.0000, 0.0000]])
tensor([[-0.7566,  1.0000,  0.0000,  0.0000,  1.0000,  0.0000]])
tensor([[0.7209, 1.0000, 0.0000, 0.0000, 0.0000, 0.0000]])
tensor([[0.9443, 1.0000, 1.0000, 0.0000, 0.0000, 0.0000]])
tensor([[-0.7159,  1.0000,  0.0000,  0.0000,  0.0000,  0.0000]])
tensor([[0.3329, 1.0000, 1.0000, 0.0000, 0.0000, 0.0000]])
tensor([[0.4712, 1.0000, 0.0000, 0.0000, 0.0000, 0.0000]])
tensor([[-0.8371,  0.0000,  0.0000,  0.0000,  0.0000,  0.0000]])
tensor([[0.7594, 1.0000, 0.0000, 0.0000, 0.0000, 0.0000]])
tensor([[0.0620, 1.0000, 0.0000, 0.0000, 0.0000, 0.0000]])
tensor([[0.4355, 1.0000, 1.0000, 0.0000, 0.0000, 0.0000]])
tensor([[0.2867, 1.0000, 0.0000, 0.0000, 0.0000, 0.0000]])
tensor([[-0.4371,  1.0000,  0.0000,  0.0000,  0.0000,  0.0000]])
tensor([[0.3695, 1.0000, 0.0000, 0.0000, 0.0000, 0.0000]])
tensor([[-0.3362,  1.0000,  0.0000,  0.0000,  0.0000,  0.0000]])
tensor([[-0.2775,  0.0000,  0.0000,  0.0000,  0.0000,  0.0000]])
tensor([[-0.6844,  1.0000,  0.0000,  0.0000,  0.0000,  0.0000]])
tensor([[-0.2638,  1.0000,  0.0000,  0.0000,  0.0000,  0.0000]])
tensor([[-0.8462,  1.0000,  0.0000,  0.0000,  0.0000,  0.0000]])
tensor([[-0.4650,  1.0000,  0.0000,  0.0000,  0.0000,  0.0000]])
tensor([[0.1616, 1.0000, 0.0000, 0.0000, 0.0000, 0.0000]])
tensor([[0.4657, 1.0000, 0.0000, 0.0000, 0.0000, 0.0000]])
tensor([[-0.3281,  1.0000,  0.0000,  0.0000,  0.0000,  0.0000]])
tensor([[-0.7734,  0.0000,  0.0000,  0.0000,  0.0000,  0.0000]])
tensor([[-0.2185,  1.0000,  0.0000,  0.0000,  0.0000,  0.0000]])
tensor([[-0.0727,  1.0000,  0.0000,  0.0000,  0.0000,  0.0000]])
tensor([[0.4151, 1.0000, 0.0000, 0.0000, 0.0000, 0.0000]])
tensor([[0.3688, 1.0000, 0.0000, 0.0000, 0.0000, 0.0000]])
tensor([[0.3611, 1.0000, 1.0000, 0.0000, 0.0000, 0.0000]])
tensor([[0.7588, 1.0000, 0.0000, 0.0000, 0.0000, 0.0000]])
tensor([[0.0514, 1.0000, 1.0000, 0.0000, 0.0000, 0.0000]])
tensor([[0.7130, 1.0000, 0.0000, 0.0000, 0.0000, 0.0000]])
tensor([[-0.3311,  1.0000,  0.0000,  0.0000,  0.0000,  0.0000]])
tensor([[-0.5704,  1.0000,  0.0000,  0.0000,  0.0000,  0.0000]])
tensor([[-0.5614,  1.0000,  0.0000,  0.0000,  0.0000,  0.0000]])
tensor([[-0.0436,  1.0000,  0.0000,  0.0000,  0.0000,  0.0000]])
tensor([[0.8141, 1.0000, 0.0000, 0.0000, 0.0000, 0.0000]])
tensor([[0.8524, 1.0000, 0.0000, 0.0000, 0.0000, 0.0000]])
tensor([[0.1731, 1.0000, 0.0000, 0.0000, 0.0000, 0.0000]])
tensor([[0.7751, 1.0000, 0.0000, 0.0000, 0.0000, 0.0000]])
tensor([[-0.5928,  1.0000,  0.0000,  0.0000,  0.0000,  0.0000]])
tensor([[-0.4477,  1.0000,  0.0000,  0.0000,  0.0000,  0.0000]])
tensor([[0.3248, 1.0000, 0.0000, 0.0000, 0.0000, 0.0000]])
tensor([[-0.0886,  1.0000,  0.0000,  0.0000,  0.0000,  0.0000]])
tensor([[0.2297, 1.0000, 0.0000, 0.0000, 0.0000, 0.0000]])
tensor([[0.7775, 1.0000, 0.0000, 0.0000, 0.0000, 0.0000]])
tensor([[-0.4145,  1.0000,  0.0000,  0.0000,  0.0000,  0.0000]])
tensor([[-0.5719,  1.0000,  1.0000,  0.0000,  0.0000,  0.0000]])
tensor([[-0.6026,  1.0000,  0.0000,  0.0000,  0.0000,  0.0000]])
tensor([[0.7302, 1.0000, 0.0000, 0.0000, 0.0000, 0.0000]])
tensor([[-0.8995,  1.0000,  1.0000,  0.0000,  0.0000,  0.0000]])
tensor([[-0.1007,  1.0000,  0.0000,  0.0000,  0.0000,  0.0000]])
tensor([[0.8962, 1.0000, 1.0000, 0.0000, 0.0000, 0.0000]])
tensor([[0.7975, 1.0000, 0.0000, 0.0000, 0.0000, 0.0000]])
tensor([[-0.1473,  1.0000,  0.0000,  0.0000,  0.0000,  0.0000]])
tensor([[-0.3244,  1.0000,  0.0000,  0.0000,  0.0000,  0.0000]])
tensor([[-0.2987,  1.0000,  0.0000,  0.0000,  0.0000,  0.0000]])
tensor([[-0.0264,  1.0000,  0.0000,  0.0000,  0.0000,  0.0000]])
tensor([[0.9675, 1.0000, 0.0000, 0.0000, 0.0000, 0.0000]])
tensor([[0.0613, 1.0000, 0.0000, 0.0000, 0.0000, 0.0000]])
tensor([[-0.9808,  1.0000,  0.0000,  0.0000,  0.0000,  0.0000]])
tensor([[0.5259, 1.0000, 0.0000, 0.0000, 0.0000, 0.0000]])
tensor([[-0.6609,  1.0000,  0.0000,  0.0000,  0.0000,  0.0000]])
tensor([[0.9585, 1.0000, 0.0000, 0.0000, 0.0000, 0.0000]])
tensor([[0.0277, 1.0000, 0.0000, 0.0000, 0.0000, 0.0000]])
tensor([[0.4454, 0.0000, 0.0000, 0.0000, 0.0000, 0.0000]])
tensor([[-0.0317,  1.0000,  0.0000,  0.0000,  0.0000,  0.0000]])
tensor([[0.3683, 1.0000, 0.0000, 0.0000, 0.0000, 0.0000]])
tensor([[0.3998, 1.0000, 0.0000, 0.0000, 0.0000, 0.0000]])
tensor([[0.9798, 1.0000, 0.0000, 0.0000, 0.0000, 0.0000]])
tensor([[0.3929, 1.0000, 0.0000, 0.0000, 0.0000, 0.0000]])
tensor([[0.7238, 1.0000, 0.0000, 0.0000, 0.0000, 0.0000]])
tensor([[0.0280, 1.0000, 0.0000, 0.0000, 0.0000, 0.0000]])
tensor([[-0.1231,  1.0000,  0.0000,  1.0000,  0.0000,  0.0000]])
tensor([[0.2281, 1.0000, 0.0000, 0.0000, 0.0000, 0.0000]])
tensor([[0.4327, 1.0000, 0.0000, 0.0000, 0.0000, 0.0000]])
tensor([[0.4708, 1.0000, 0.0000, 0.0000, 0.0000, 0.0000]])
tensor([[-0.4532,  1.0000,  0.0000,  0.0000,  0.0000,  0.0000]])
tensor([[0.9181, 1.0000, 1.0000, 0.0000, 0.0000, 0.0000]])
tensor([[-0.3884,  1.0000,  0.0000,  0.0000,  0.0000,  0.0000]])
tensor([[0.6743, 1.0000, 0.0000, 0.0000, 0.0000, 0.0000]])
tensor([[-0.8070,  1.0000,  0.0000,  0.0000,  0.0000,  0.0000]])
tensor([[-0.3345,  1.0000,  0.0000,  0.0000,  0.0000,  0.0000]])
tensor([[0.5107, 1.0000, 0.0000, 0.0000, 0.0000, 0.0000]])
tensor([[-0.6717,  1.0000,  0.0000,  0.0000,  0.0000,  0.0000]])
tensor([[0.5971, 1.0000, 0.0000, 0.0000, 0.0000, 0.0000]])
tensor([[-0.7771,  1.0000,  0.0000,  0.0000,  0.0000,  0.0000]])
tensor([[-0.6846,  1.0000,  0.0000,  0.0000,  0.0000,  0.0000]])
tensor([[0.4779, 1.0000, 0.0000, 0.0000, 0.0000, 0.0000]])
tensor([[-0.1674,  1.0000,  0.0000,  0.0000,  0.0000,  0.0000]])
tensor([[-0.6119,  1.0000,  1.0000,  1.0000,  0.0000,  0.0000]])
tensor([[-0.0159,  1.0000,  0.0000,  0.0000,  0.0000,  0.0000]])
tensor([[0.4141, 1.0000, 0.0000, 0.0000, 0.0000, 0.0000]])
tensor([[0.1347, 1.0000, 0.0000, 0.0000, 0.0000, 0.0000]])
tensor([[-0.8548,  1.0000,  0.0000,  0.0000,  0.0000,  0.0000]])
tensor([[0.8402, 1.0000, 0.0000, 0.0000, 0.0000, 0.0000]])
tensor([[0.4543, 1.0000, 0.0000, 0.0000, 0.0000, 0.0000]])
tensor([[-0.5383,  1.0000,  0.0000,  0.0000,  0.0000,  0.0000]])
tensor([[0.9034, 1.0000, 0.0000, 0.0000, 1.0000, 0.0000]])
tensor([[0.9411, 1.0000, 0.0000, 0.0000, 0.0000, 0.0000]])
tensor([[-0.0739,  1.0000,  0.0000,  0.0000,  0.0000,  0.0000]])
tensor([[0.8559, 1.0000, 0.0000, 0.0000, 0.0000, 0.0000]])
tensor([[0.5240, 1.0000, 0.0000, 0.0000, 0.0000, 0.0000]])
tensor([[0.6148, 1.0000, 0.0000, 0.0000, 1.0000, 0.0000]])
tensor([[-0.1616,  1.0000,  0.0000,  0.0000,  0.0000,  0.0000]])
tensor([[0.3276, 1.0000, 0.0000, 0.0000, 0.0000, 0.0000]])
tensor([[-0.0242,  1.0000,  0.0000,  0.0000,  0.0000,  0.0000]])
tensor([[-0.9324,  1.0000,  0.0000,  0.0000,  0.0000,  0.0000]])
tensor([[0.7991, 1.0000, 0.0000, 0.0000, 0.0000, 0.0000]])
tensor([[-0.1753,  1.0000,  0.0000,  0.0000,  0.0000,  0.0000]])
tensor([[0.7830, 1.0000, 0.0000, 0.0000, 0.0000, 0.0000]])
tensor([[0.7134, 1.0000, 0.0000, 0.0000, 0.0000, 0.0000]])
tensor([[0.2760, 1.0000, 0.0000, 0.0000, 0.0000, 0.0000]])
tensor([[0.9644, 1.0000, 0.0000, 0.0000, 0.0000, 0.0000]])
tensor([[0.3329, 1.0000, 0.0000, 0.0000, 0.0000, 0.0000]])
tensor([[-0.7795,  0.0000,  0.0000,  0.0000,  0.0000,  0.0000]])
tensor([[-0.5274,  1.0000,  0.0000,  0.0000,  0.0000,  0.0000]])
tensor([[0.4603, 1.0000, 0.0000, 0.0000, 0.0000, 0.0000]])
tensor([[0.8760, 1.0000, 1.0000, 0.0000, 0.0000, 0.0000]])
tensor([[-0.1419,  1.0000,  0.0000,  0.0000,  0.0000,  0.0000]])
tensor([[0.3627, 1.0000, 0.0000, 0.0000, 0.0000, 0.0000]])
tensor([[0.6226, 1.0000, 0.0000, 0.0000, 0.0000, 0.0000]])
tensor([[0.7156, 1.0000, 0.0000, 0.0000, 0.0000, 0.0000]])
tensor([[0.3626, 1.0000, 1.0000, 0.0000, 1.0000, 0.0000]])
tensor([[0.8475, 0.0000, 1.0000, 0.0000, 0.0000, 0.0000]])
tensor([[0.8069, 1.0000, 0.0000, 0.0000, 0.0000, 0.0000]])
tensor([[-0.5463,  1.0000,  0.0000,  0.0000,  0.0000,  0.0000]])
tensor([[0.5898, 1.0000, 0.0000, 0.0000, 1.0000, 0.0000]])
tensor([[0.8098, 1.0000, 0.0000, 0.0000, 0.0000, 0.0000]])
tensor([[0.3239, 1.0000, 1.0000, 0.0000, 0.0000, 0.0000]])
tensor([[0.7999, 1.0000, 0.0000, 0.0000, 0.0000, 0.0000]])
tensor([[0.6458, 1.0000, 0.0000, 0.0000, 0.0000, 0.0000]])
tensor([[0.7470, 1.0000, 1.0000, 0.0000, 0.0000, 0.0000]])
tensor([[-0.1716,  1.0000,  0.0000,  0.0000,  0.0000,  0.0000]])
tensor([[0.2984, 1.0000, 0.0000, 0.0000, 0.0000, 0.0000]])
tensor([[0.4907, 1.0000, 0.0000, 0.0000, 0.0000, 0.0000]])
tensor([[-0.3480,  1.0000,  0.0000,  0.0000,  0.0000,  0.0000]])
tensor([[-0.2344,  1.0000,  0.0000,  0.0000,  0.0000,  0.0000]])
tensor([[0.1268, 1.0000, 0.0000, 0.0000, 0.0000, 0.0000]])
tensor([[0.9745, 1.0000, 0.0000, 0.0000, 0.0000, 0.0000]])
tensor([[0.8022, 1.0000, 0.0000, 0.0000, 0.0000, 0.0000]])
tensor([[0.7207, 1.0000, 0.0000, 0.0000, 1.0000, 0.0000]])
tensor([[-0.7429,  1.0000,  0.0000,  0.0000,  0.0000,  0.0000]])
tensor([[-0.1738,  1.0000,  0.0000,  0.0000,  0.0000,  0.0000]])
tensor([[0.7422, 1.0000, 0.0000, 0.0000, 0.0000, 0.0000]])
tensor([[0.5131, 1.0000, 0.0000, 0.0000, 0.0000, 0.0000]])
tensor([[-0.4175,  1.0000,  0.0000,  0.0000,  0.0000,  0.0000]])
tensor([[0.9427, 1.0000, 0.0000, 0.0000, 0.0000, 0.0000]])
tensor([[0.4976, 1.0000, 0.0000, 0.0000, 0.0000, 0.0000]])
tensor([[0.9556, 1.0000, 0.0000, 0.0000, 0.0000, 0.0000]])
tensor([[-0.5512,  1.0000,  0.0000,  0.0000,  0.0000,  0.0000]])
tensor([[-0.0319,  1.0000,  0.0000,  0.0000,  0.0000,  0.0000]])
tensor([[-0.5034,  1.0000,  0.0000,  0.0000,  0.0000,  0.0000]])
tensor([[-0.5335,  1.0000,  0.0000,  0.0000,  0.0000,  0.0000]])
tensor([[0.0398, 0.0000, 0.0000, 0.0000, 0.0000, 0.0000]])
tensor([[-0.5259,  1.0000,  1.0000,  0.0000,  0.0000,  0.0000]])
tensor([[-0.6061,  1.0000,  0.0000,  0.0000,  0.0000,  0.0000]])
tensor([[0.2547, 1.0000, 0.0000, 0.0000, 0.0000, 0.0000]])
tensor([[-0.6434,  1.0000,  0.0000,  0.0000,  0.0000,  0.0000]])
tensor([[-0.0945,  1.0000,  0.0000,  0.0000,  0.0000,  0.0000]])
tensor([[-0.7930,  1.0000,  0.0000,  0.0000,  0.0000,  0.0000]])
tensor([[0.3824, 1.0000, 0.0000, 0.0000, 0.0000, 0.0000]])
tensor([[0.6627, 1.0000, 0.0000, 0.0000, 0.0000, 0.0000]])
tensor([[-0.5933,  1.0000,  1.0000,  0.0000,  0.0000,  0.0000]])
tensor([[0.8511, 1.0000, 0.0000, 0.0000, 0.0000, 0.0000]])
tensor([[-0.6570,  1.0000,  0.0000,  0.0000,  0.0000,  0.0000]])
tensor([[0.6004, 1.0000, 0.0000, 0.0000, 0.0000, 0.0000]])
tensor([[0.8171, 1.0000, 0.0000, 0.0000, 0.0000, 0.0000]])
tensor([[0.6790, 1.0000, 0.0000, 0.0000, 0.0000, 0.0000]])
tensor([[0.1839, 1.0000, 0.0000, 0.0000, 0.0000, 0.0000]])
tensor([[0.8350, 1.0000, 0.0000, 0.0000, 1.0000, 0.0000]])
tensor([[0.5676, 1.0000, 0.0000, 0.0000, 0.0000, 0.0000]])
tensor([[0.3327, 1.0000, 0.0000, 0.0000, 0.0000, 0.0000]])
tensor([[-0.1930,  1.0000,  0.0000,  0.0000,  1.0000,  0.0000]])
tensor([[-0.9301,  1.0000,  0.0000,  0.0000,  0.0000,  0.0000]])
tensor([[0.9087, 1.0000, 0.0000, 0.0000, 0.0000, 0.0000]])
tensor([[-0.9240,  1.0000,  1.0000,  0.0000,  1.0000,  0.0000]])
tensor([[-0.3321,  1.0000,  0.0000,  0.0000,  0.0000,  0.0000]])
tensor([[-0.6437,  1.0000,  1.0000,  0.0000,  0.0000,  0.0000]])
tensor([[0.7482, 1.0000, 0.0000, 0.0000, 0.0000, 0.0000]])
tensor([[-0.2905,  1.0000,  0.0000,  0.0000,  0.0000,  0.0000]])
tensor([[0.9823, 1.0000, 0.0000, 0.0000, 0.0000, 0.0000]])
tensor([[-0.2783,  1.0000,  0.0000,  0.0000,  0.0000,  0.0000]])
tensor([[-0.4766,  1.0000,  0.0000,  0.0000,  0.0000,  0.0000]])
tensor([[0.5793, 1.0000, 0.0000, 0.0000, 0.0000, 0.0000]])
tensor([[0.8261, 1.0000, 0.0000, 0.0000, 0.0000, 0.0000]])
tensor([[0.8981, 1.0000, 0.0000, 0.0000, 0.0000, 0.0000]])
tensor([[0.6082, 1.0000, 0.0000, 0.0000, 0.0000, 0.0000]])
tensor([[-0.8472,  1.0000,  0.0000,  0.0000,  0.0000,  0.0000]])
tensor([[-0.6095,  1.0000,  0.0000,  0.0000,  0.0000,  0.0000]])
tensor([[-0.4310,  1.0000,  0.0000,  0.0000,  0.0000,  0.0000]])
tensor([[0.0748, 1.0000, 0.0000, 0.0000, 0.0000, 0.0000]])
tensor([[0.4856, 1.0000, 0.0000, 0.0000, 0.0000, 0.0000]])
tensor([[0.9371, 1.0000, 0.0000, 1.0000, 0.0000, 0.0000]])
tensor([[0.2756, 1.0000, 0.0000, 0.0000, 0.0000, 0.0000]])
tensor([[0.2683, 1.0000, 0.0000, 0.0000, 0.0000, 0.0000]])
tensor([[-0.8953,  1.0000,  0.0000,  0.0000,  0.0000,  0.0000]])
tensor([[-0.2636,  1.0000,  0.0000,  0.0000,  0.0000,  0.0000]])
tensor([[-0.4439,  1.0000,  0.0000,  1.0000,  0.0000,  0.0000]])
tensor([[-0.5589,  1.0000,  0.0000,  0.0000,  0.0000,  0.0000]])
tensor([[0.4182, 1.0000, 1.0000, 0.0000, 0.0000, 0.0000]])
tensor([[0.9281, 1.0000, 0.0000, 0.0000, 0.0000, 0.0000]])
tensor([[0.1985, 1.0000, 0.0000, 0.0000, 0.0000, 0.0000]])
tensor([[-0.2703,  0.0000,  0.0000,  0.0000,  0.0000,  0.0000]])
tensor([[-0.9242,  1.0000,  0.0000,  0.0000,  0.0000,  0.0000]])
tensor([[0.4446, 1.0000, 0.0000, 0.0000, 0.0000, 0.0000]])
tensor([[-0.7083,  1.0000,  0.0000,  0.0000,  0.0000,  0.0000]])
tensor([[-0.6021,  1.0000,  0.0000,  0.0000,  0.0000,  0.0000]])
tensor([[-0.6028,  1.0000,  0.0000,  0.0000,  0.0000,  0.0000]])
tensor([[-0.9482,  1.0000,  1.0000,  0.0000,  0.0000,  0.0000]])
tensor([[-0.8560,  1.0000,  1.0000,  0.0000,  0.0000,  0.0000]])
tensor([[-0.5073,  1.0000,  0.0000,  0.0000,  0.0000,  0.0000]])
tensor([[-0.2791,  1.0000,  0.0000,  0.0000,  0.0000,  0.0000]])
tensor([[-0.9523,  1.0000,  0.0000,  0.0000,  0.0000,  0.0000]])
tensor([[-0.9975,  1.0000,  0.0000,  0.0000,  0.0000,  0.0000]])
tensor([[-0.5396,  1.0000,  0.0000,  0.0000,  0.0000,  0.0000]])
tensor([[0.6585, 1.0000, 0.0000, 0.0000, 0.0000, 0.0000]])
tensor([[-0.9306,  1.0000,  0.0000,  0.0000,  0.0000,  0.0000]])
tensor([[0.5778, 1.0000, 1.0000, 0.0000, 0.0000, 0.0000]])
tensor([[0.4859, 1.0000, 0.0000, 0.0000, 0.0000, 0.0000]])
tensor([[0.1632, 1.0000, 0.0000, 0.0000, 0.0000, 0.0000]])
tensor([[-0.7343,  1.0000,  0.0000,  0.0000,  0.0000,  0.0000]])
tensor([[0.2606, 1.0000, 0.0000, 0.0000, 1.0000, 0.0000]])
tensor([[0.5100, 1.0000, 0.0000, 0.0000, 0.0000, 0.0000]])
tensor([[0.0317, 0.0000, 0.0000, 0.0000, 0.0000, 0.0000]])
tensor([[-0.0834,  1.0000,  0.0000,  0.0000,  0.0000,  0.0000]])
tensor([[-0.3075,  1.0000,  0.0000,  0.0000,  0.0000,  0.0000]])
tensor([[-0.8779,  1.0000,  0.0000,  0.0000,  0.0000,  0.0000]])
tensor([[0.2412, 1.0000, 0.0000, 1.0000, 0.0000, 0.0000]])
tensor([[-0.6885,  1.0000,  0.0000,  0.0000,  0.0000,  0.0000]])
tensor([[-0.5219,  1.0000,  1.0000,  0.0000,  0.0000,  0.0000]])
tensor([[-0.7603,  1.0000,  0.0000,  0.0000,  0.0000,  0.0000]])
tensor([[0.2341, 1.0000, 0.0000, 0.0000, 0.0000, 0.0000]])
tensor([[-0.0719,  1.0000,  0.0000,  0.0000,  0.0000,  0.0000]])
tensor([[-0.0065,  1.0000,  0.0000,  0.0000,  0.0000,  0.0000]])
tensor([[-0.9302,  1.0000,  0.0000,  0.0000,  0.0000,  0.0000]])
tensor([[0.6712, 1.0000, 0.0000, 0.0000, 0.0000, 0.0000]])
tensor([[0.5378, 1.0000, 1.0000, 0.0000, 0.0000, 0.0000]])
tensor([[0.3924, 1.0000, 0.0000, 0.0000, 0.0000, 0.0000]])
tensor([[0.6701, 1.0000, 0.0000, 0.0000, 0.0000, 0.0000]])
tensor([[0.8500, 1.0000, 0.0000, 0.0000, 0.0000, 0.0000]])
tensor([[-0.6536,  1.0000,  0.0000,  0.0000,  0.0000,  0.0000]])
tensor([[0.8799, 1.0000, 0.0000, 0.0000, 0.0000, 0.0000]])
tensor([[0.0390, 1.0000, 0.0000, 0.0000, 0.0000, 0.0000]])
tensor([[-0.6568,  1.0000,  0.0000,  0.0000,  0.0000,  0.0000]])
tensor([[-0.1291,  1.0000,  0.0000,  0.0000,  1.0000,  0.0000]])
tensor([[0.6827, 1.0000, 0.0000, 0.0000, 0.0000, 0.0000]])
tensor([[0.8777, 1.0000, 0.0000, 0.0000, 0.0000, 0.0000]])
tensor([[-0.0322,  1.0000,  0.0000,  0.0000,  0.0000,  0.0000]])
tensor([[0.7926, 1.0000, 0.0000, 0.0000, 0.0000, 0.0000]])
tensor([[0.7518, 1.0000, 0.0000, 0.0000, 0.0000, 0.0000]])
tensor([[-0.5890,  1.0000,  0.0000,  0.0000,  0.0000,  0.0000]])
tensor([[0.7933, 1.0000, 0.0000, 0.0000, 0.0000, 0.0000]])
tensor([[0.8678, 1.0000, 0.0000, 0.0000, 0.0000, 0.0000]])
tensor([[-0.5559,  1.0000,  0.0000,  0.0000,  0.0000,  0.0000]])
tensor([[-0.8298,  1.0000,  0.0000,  0.0000,  0.0000,  0.0000]])
tensor([[0.1939, 1.0000, 0.0000, 0.0000, 0.0000, 0.0000]])
tensor([[0.7517, 1.0000, 0.0000, 0.0000, 0.0000, 0.0000]])
tensor([[0.6920, 1.0000, 0.0000, 0.0000, 0.0000, 0.0000]])
tensor([[0.4284, 1.0000, 0.0000, 0.0000, 0.0000, 0.0000]])
tensor([[0.7021, 1.0000, 0.0000, 0.0000, 0.0000, 0.0000]])
tensor([[0.8594, 1.0000, 0.0000, 0.0000, 0.0000, 0.0000]])
tensor([[0.8237, 1.0000, 0.0000, 0.0000, 0.0000, 0.0000]])
tensor([[-0.8046,  1.0000,  0.0000,  0.0000,  0.0000,  0.0000]])
tensor([[0.4490, 1.0000, 0.0000, 0.0000, 0.0000, 0.0000]])
tensor([[0.2667, 1.0000, 0.0000, 0.0000, 0.0000, 0.0000]])
tensor([[0.1917, 1.0000, 1.0000, 0.0000, 0.0000, 0.0000]])
tensor([[0.2191, 1.0000, 0.0000, 0.0000, 0.0000, 0.0000]])
tensor([[0.2244, 1.0000, 0.0000, 0.0000, 0.0000, 0.0000]])
tensor([[0.3080, 0.0000, 0.0000, 0.0000, 0.0000, 0.0000]])
tensor([[0.5538, 1.0000, 0.0000, 0.0000, 0.0000, 0.0000]])
tensor([[0.2132, 1.0000, 0.0000, 0.0000, 0.0000, 0.0000]])
tensor([[0.5116, 1.0000, 0.0000, 0.0000, 0.0000, 0.0000]])
tensor([[0.0182, 1.0000, 0.0000, 0.0000, 0.0000, 0.0000]])
tensor([[-0.1810,  1.0000,  0.0000,  0.0000,  0.0000,  0.0000]])
tensor([[-0.6904,  1.0000,  0.0000,  0.0000,  0.0000,  0.0000]])
tensor([[-0.8402,  1.0000,  0.0000,  0.0000,  0.0000,  0.0000]])
tensor([[0.2134, 1.0000, 0.0000, 0.0000, 0.0000, 0.0000]])
tensor([[-0.6708,  1.0000,  0.0000,  0.0000,  0.0000,  0.0000]])
tensor([[-0.3563,  1.0000,  1.0000,  0.0000,  1.0000,  0.0000]])
tensor([[-0.4858,  1.0000,  0.0000,  0.0000,  0.0000,  0.0000]])
tensor([[0.1834, 1.0000, 0.0000, 0.0000, 0.0000, 0.0000]])
tensor([[-0.1461,  1.0000,  0.0000,  0.0000,  0.0000,  0.0000]])
tensor([[0.5591, 1.0000, 0.0000, 0.0000, 0.0000, 0.0000]])
tensor([[-0.0058,  1.0000,  0.0000,  0.0000,  0.0000,  0.0000]])
tensor([[-0.3384,  1.0000,  0.0000,  0.0000,  0.0000,  0.0000]])
tensor([[0.1948, 1.0000, 0.0000, 0.0000, 0.0000, 0.0000]])
tensor([[-0.5292,  1.0000,  0.0000,  0.0000,  0.0000,  0.0000]])
tensor([[-0.3302,  1.0000,  0.0000,  0.0000,  0.0000,  0.0000]])
tensor([[-0.9940,  1.0000,  0.0000,  0.0000,  0.0000,  0.0000]])
tensor([[-0.6183,  1.0000,  0.0000,  0.0000,  0.0000,  0.0000]])
tensor([[0.2739, 1.0000, 0.0000, 0.0000, 0.0000, 0.0000]])
tensor([[0.6957, 1.0000, 0.0000, 0.0000, 0.0000, 0.0000]])
tensor([[-0.4134,  1.0000,  0.0000,  0.0000,  0.0000,  0.0000]])
tensor([[-0.8902,  1.0000,  0.0000,  0.0000,  0.0000,  0.0000]])
tensor([[-0.6973,  1.0000,  0.0000,  0.0000,  0.0000,  0.0000]])
tensor([[-0.2251,  1.0000,  0.0000,  0.0000,  0.0000,  0.0000]])
tensor([[-0.6574,  1.0000,  0.0000,  0.0000,  0.0000,  0.0000]])
tensor([[-0.3658,  1.0000,  0.0000,  0.0000,  0.0000,  0.0000]])
tensor([[-0.3560,  1.0000,  0.0000,  0.0000,  0.0000,  0.0000]])
tensor([[-0.3963,  1.0000,  0.0000,  0.0000,  0.0000,  0.0000]])
tensor([[0.6609, 1.0000, 0.0000, 0.0000, 0.0000, 0.0000]])
tensor([[-0.7359,  1.0000,  0.0000,  0.0000,  0.0000,  0.0000]])
tensor([[-0.1918,  1.0000,  0.0000,  0.0000,  0.0000,  0.0000]])
tensor([[-0.8975,  1.0000,  0.0000,  0.0000,  0.0000,  0.0000]])
tensor([[-0.1278,  1.0000,  0.0000,  0.0000,  0.0000,  0.0000]])
tensor([[-0.0496,  1.0000,  0.0000,  0.0000,  0.0000,  0.0000]])
tensor([[0.2828, 1.0000, 0.0000, 0.0000, 0.0000, 0.0000]])
tensor([[0.0916, 1.0000, 0.0000, 0.0000, 0.0000, 0.0000]])
tensor([[0.2985, 1.0000, 0.0000, 0.0000, 0.0000, 0.0000]])
tensor([[-0.6503,  1.0000,  0.0000,  0.0000,  0.0000,  0.0000]])
tensor([[0.5449, 1.0000, 1.0000, 0.0000, 0.0000, 0.0000]])
tensor([[-0.9080,  1.0000,  0.0000,  0.0000,  0.0000,  0.0000]])
tensor([[-0.6355,  1.0000,  0.0000,  0.0000,  0.0000,  0.0000]])
tensor([[-0.8707,  1.0000,  0.0000,  0.0000,  0.0000,  0.0000]])
tensor([[-0.7988,  1.0000,  0.0000,  0.0000,  0.0000,  0.0000]])
tensor([[0.2976, 1.0000, 1.0000, 0.0000, 0.0000, 0.0000]])
tensor([[-0.5964,  1.0000,  0.0000,  0.0000,  0.0000,  0.0000]])
tensor([[-0.3963,  1.0000,  0.0000,  0.0000,  0.0000,  0.0000]])
tensor([[-0.3274,  1.0000,  0.0000,  0.0000,  0.0000,  0.0000]])
tensor([[0.6790, 1.0000, 0.0000, 0.0000, 0.0000, 0.0000]])
tensor([[-0.2506,  1.0000,  1.0000,  0.0000,  0.0000,  0.0000]])
tensor([[-0.5236,  1.0000,  0.0000,  0.0000,  0.0000,  0.0000]])
tensor([[-0.3688,  1.0000,  0.0000,  0.0000,  0.0000,  0.0000]])
tensor([[-0.1634,  1.0000,  0.0000,  0.0000,  0.0000,  0.0000]])
tensor([[0.1628, 1.0000, 0.0000, 0.0000, 0.0000, 0.0000]])
tensor([[0.6435, 1.0000, 0.0000, 0.0000, 0.0000, 0.0000]])
tensor([[-0.0575,  1.0000,  0.0000,  0.0000,  0.0000,  0.0000]])
tensor([[-0.5979,  1.0000,  0.0000,  0.0000,  0.0000,  0.0000]])
tensor([[-0.6034,  1.0000,  0.0000,  0.0000,  0.0000,  0.0000]])
tensor([[-0.7743,  1.0000,  1.0000,  0.0000,  0.0000,  0.0000]])
tensor([[-0.4880,  1.0000,  0.0000,  0.0000,  0.0000,  0.0000]])
tensor([[-0.7464,  1.0000,  0.0000,  0.0000,  0.0000,  0.0000]])
tensor([[-0.6265,  1.0000,  0.0000,  0.0000,  0.0000,  0.0000]])
tensor([[-0.9134,  1.0000,  0.0000,  0.0000,  0.0000,  0.0000]])
tensor([[-0.8442,  1.0000,  0.0000,  0.0000,  0.0000,  0.0000]])
tensor([[0.1810, 0.0000, 0.0000, 0.0000, 0.0000, 0.0000]])
tensor([[-0.9272,  0.0000,  0.0000,  0.0000,  0.0000,  0.0000]])
tensor([[0.5421, 1.0000, 0.0000, 0.0000, 0.0000, 0.0000]])
tensor([[-0.8013,  1.0000,  0.0000,  0.0000,  0.0000,  0.0000]])
tensor([[0.2146, 1.0000, 0.0000, 0.0000, 0.0000, 0.0000]])
tensor([[-0.3906,  1.0000,  0.0000,  0.0000,  0.0000,  0.0000]])
tensor([[0.8015, 1.0000, 0.0000, 0.0000, 0.0000, 0.0000]])
tensor([[-0.6524,  1.0000,  0.0000,  0.0000,  0.0000,  0.0000]])
tensor([[0.4730, 1.0000, 0.0000, 0.0000, 0.0000, 0.0000]])
tensor([[0.1353, 1.0000, 0.0000, 1.0000, 0.0000, 0.0000]])
tensor([[-0.7724,  1.0000,  0.0000,  0.0000,  0.0000,  0.0000]])
tensor([[-0.3754,  1.0000,  0.0000,  0.0000,  0.0000,  0.0000]])
tensor([[-0.9081,  1.0000,  0.0000,  0.0000,  0.0000,  0.0000]])
tensor([[0.8882, 0.0000, 1.0000, 0.0000, 0.0000, 0.0000]])
tensor([[0.3500, 1.0000, 0.0000, 0.0000, 0.0000, 0.0000]])
tensor([[0.5778, 1.0000, 0.0000, 0.0000, 0.0000, 0.0000]])
tensor([[-0.8596,  1.0000,  0.0000,  0.0000,  0.0000,  0.0000]])
tensor([[0.3902, 0.0000, 1.0000, 0.0000, 0.0000, 0.0000]])
tensor([[0.8571, 1.0000, 0.0000, 0.0000, 0.0000, 0.0000]])
tensor([[-0.5729,  1.0000,  0.0000,  0.0000,  0.0000,  0.0000]])
tensor([[-0.6193,  1.0000,  0.0000,  0.0000,  0.0000,  0.0000]])
tensor([[-0.3888,  1.0000,  0.0000,  0.0000,  0.0000,  0.0000]])
tensor([[-0.1399,  1.0000,  0.0000,  0.0000,  0.0000,  0.0000]])
tensor([[-0.3864,  1.0000,  0.0000,  0.0000,  0.0000,  0.0000]])
tensor([[-0.1422,  1.0000,  0.0000,  0.0000,  0.0000,  0.0000]])
tensor([[-0.8628,  0.0000,  0.0000,  0.0000,  0.0000,  0.0000]])
tensor([[-0.5807,  1.0000,  0.0000,  0.0000,  0.0000,  0.0000]])
tensor([[-0.1350,  1.0000,  0.0000,  0.0000,  0.0000,  0.0000]])
tensor([[-0.4798,  1.0000,  1.0000,  0.0000,  0.0000,  0.0000]])
tensor([[0.0828, 1.0000, 0.0000, 0.0000, 0.0000, 0.0000]])
tensor([[0.3903, 1.0000, 0.0000, 0.0000, 0.0000, 0.0000]])
tensor([[-0.9553,  1.0000,  0.0000,  0.0000,  0.0000,  0.0000]])
tensor([[0.6331, 1.0000, 0.0000, 0.0000, 0.0000, 0.0000]])
tensor([[0.4262, 1.0000, 0.0000, 0.0000, 0.0000, 0.0000]])
tensor([[-0.5050,  1.0000,  0.0000,  0.0000,  0.0000,  0.0000]])
tensor([[-0.3181,  1.0000,  0.0000,  0.0000,  0.0000,  0.0000]])
tensor([[-0.8267,  0.0000,  0.0000,  0.0000,  0.0000,  0.0000]])
tensor([[-0.3167,  1.0000,  0.0000,  0.0000,  0.0000,  0.0000]])
tensor([[-0.1851,  1.0000,  0.0000,  0.0000,  0.0000,  0.0000]])
tensor([[-0.7540,  1.0000,  0.0000,  0.0000,  0.0000,  0.0000]])
tensor([[0.4304, 1.0000, 0.0000, 1.0000, 0.0000, 0.0000]])
tensor([[-0.7533,  1.0000,  0.0000,  0.0000,  0.0000,  0.0000]])
tensor([[-0.4833,  0.0000,  0.0000,  0.0000,  0.0000,  0.0000]])
tensor([[0.2931, 1.0000, 0.0000, 0.0000, 0.0000, 0.0000]])
tensor([[-0.2064,  1.0000,  0.0000,  0.0000,  0.0000,  0.0000]])
tensor([[-0.8531,  1.0000,  0.0000,  0.0000,  0.0000,  0.0000]])
tensor([[-0.1490,  0.0000,  0.0000,  0.0000,  0.0000,  0.0000]])
tensor([[0.2639, 1.0000, 0.0000, 0.0000, 0.0000, 0.0000]])
tensor([[0.0203, 1.0000, 0.0000, 0.0000, 1.0000, 0.0000]])
tensor([[0.1046, 1.0000, 0.0000, 1.0000, 0.0000, 0.0000]])
tensor([[0.1331, 1.0000, 0.0000, 0.0000, 0.0000, 0.0000]])
tensor([[-0.6729,  1.0000,  0.0000,  0.0000,  0.0000,  0.0000]])
tensor([[0.6075, 1.0000, 0.0000, 0.0000, 0.0000, 0.0000]])
tensor([[-0.8237,  1.0000,  0.0000,  0.0000,  0.0000,  0.0000]])
tensor([[0.6014, 1.0000, 0.0000, 0.0000, 0.0000, 0.0000]])
tensor([[-0.1422,  1.0000,  0.0000,  0.0000,  0.0000,  0.0000]])
tensor([[-0.6668,  1.0000,  0.0000,  0.0000,  0.0000,  0.0000]])
tensor([[-0.5660,  1.0000,  0.0000,  0.0000,  0.0000,  0.0000]])
tensor([[0.3344, 1.0000, 0.0000, 0.0000, 0.0000, 0.0000]])
tensor([[0.1064, 1.0000, 0.0000, 0.0000, 0.0000, 0.0000]])
tensor([[-0.1527,  1.0000,  0.0000,  0.0000,  0.0000,  0.0000]])
tensor([[-0.8028,  1.0000,  0.0000,  0.0000,  0.0000,  0.0000]])
tensor([[-0.9824,  0.0000,  0.0000,  0.0000,  0.0000,  0.0000]])
tensor([[-0.4312,  1.0000,  0.0000,  0.0000,  0.0000,  0.0000]])
tensor([[-0.0953,  1.0000,  0.0000,  0.0000,  0.0000,  0.0000]])
tensor([[0.8425, 1.0000, 0.0000, 0.0000, 0.0000, 0.0000]])
tensor([[-0.3920,  1.0000,  0.0000,  0.0000,  0.0000,  0.0000]])
tensor([[-0.5056,  1.0000,  0.0000,  0.0000,  0.0000,  0.0000]])
tensor([[-0.7849,  1.0000,  0.0000,  0.0000,  0.0000,  0.0000]])
tensor([[-0.1627,  1.0000,  0.0000,  0.0000,  0.0000,  0.0000]])
tensor([[-0.0457,  1.0000,  0.0000,  0.0000,  0.0000,  0.0000]])
tensor([[-0.6760,  1.0000,  0.0000,  0.0000,  0.0000,  0.0000]])
tensor([[0.1527, 1.0000, 0.0000, 0.0000, 0.0000, 0.0000]])
tensor([[0.2430, 1.0000, 0.0000, 0.0000, 0.0000, 0.0000]])
tensor([[-0.8668,  1.0000,  0.0000,  0.0000,  0.0000,  0.0000]])
tensor([[0.1856, 1.0000, 0.0000, 0.0000, 1.0000, 0.0000]])
tensor([[0.7838, 1.0000, 0.0000, 0.0000, 0.0000, 0.0000]])
tensor([[-0.5426,  1.0000,  0.0000,  0.0000,  0.0000,  0.0000]])
tensor([[-0.0668,  1.0000,  0.0000,  0.0000,  0.0000,  0.0000]])
tensor([[0.1307, 1.0000, 0.0000, 0.0000, 0.0000, 0.0000]])
tensor([[-0.0865,  1.0000,  0.0000,  0.0000,  0.0000,  0.0000]])
tensor([[-0.3492,  1.0000,  0.0000,  0.0000,  0.0000,  0.0000]])
tensor([[-0.4677,  1.0000,  0.0000,  0.0000,  0.0000,  0.0000]])
tensor([[0.3977, 1.0000, 0.0000, 0.0000, 0.0000, 0.0000]])
tensor([[-0.0257,  1.0000,  0.0000,  0.0000,  0.0000,  0.0000]])
tensor([[0.4473, 1.0000, 1.0000, 0.0000, 0.0000, 0.0000]])
tensor([[-0.5566,  1.0000,  1.0000,  0.0000,  0.0000,  0.0000]])
tensor([[-0.8370,  1.0000,  0.0000,  0.0000,  0.0000,  0.0000]])
tensor([[-0.4161,  1.0000,  0.0000,  0.0000,  0.0000,  0.0000]])
tensor([[-0.5170,  1.0000,  0.0000,  0.0000,  0.0000,  0.0000]])
tensor([[-0.0818,  1.0000,  0.0000,  0.0000,  0.0000,  0.0000]])
tensor([[-0.2088,  0.0000,  0.0000,  0.0000,  0.0000,  0.0000]])
tensor([[0.3812, 1.0000, 0.0000, 0.0000, 0.0000, 0.0000]])
tensor([[0.5377, 1.0000, 0.0000, 0.0000, 0.0000, 0.0000]])
tensor([[0.3782, 1.0000, 0.0000, 1.0000, 1.0000, 0.0000]])
tensor([[-0.3559,  1.0000,  0.0000,  0.0000,  0.0000,  0.0000]])
tensor([[-0.5853,  0.0000,  0.0000,  0.0000,  0.0000,  0.0000]])
tensor([[0.7699, 0.0000, 0.0000, 0.0000, 0.0000, 0.0000]])
tensor([[-0.0196,  1.0000,  0.0000,  0.0000,  0.0000,  0.0000]])
tensor([[0.5068, 1.0000, 1.0000, 0.0000, 0.0000, 0.0000]])
tensor([[-0.8667,  1.0000,  0.0000,  0.0000,  0.0000,  0.0000]])
tensor([[-0.8547,  1.0000,  0.0000,  0.0000,  0.0000,  0.0000]])
tensor([[-0.6906,  1.0000,  0.0000,  1.0000,  0.0000,  0.0000]])
tensor([[-0.6016,  1.0000,  0.0000,  0.0000,  0.0000,  0.0000]])
tensor([[0.2411, 1.0000, 0.0000, 0.0000, 0.0000, 0.0000]])
tensor([[-0.6136,  1.0000,  0.0000,  1.0000,  0.0000,  0.0000]])
tensor([[0.3339, 1.0000, 0.0000, 0.0000, 0.0000, 0.0000]])
tensor([[-0.5879,  1.0000,  1.0000,  0.0000,  0.0000,  0.0000]])
tensor([[0.4483, 1.0000, 0.0000, 0.0000, 0.0000, 0.0000]])
tensor([[0.6906, 0.0000, 0.0000, 0.0000, 0.0000, 0.0000]])
tensor([[-0.4288,  1.0000,  0.0000,  0.0000,  0.0000,  0.0000]])
tensor([[0.2339, 1.0000, 0.0000, 0.0000, 0.0000, 0.0000]])
tensor([[0.6885, 1.0000, 0.0000, 0.0000, 0.0000, 0.0000]])
tensor([[0.2074, 1.0000, 0.0000, 0.0000, 0.0000, 0.0000]])
tensor([[-0.7279,  1.0000,  0.0000,  0.0000,  0.0000,  0.0000]])
tensor([[0.6110, 1.0000, 0.0000, 0.0000, 0.0000, 0.0000]])
tensor([[0.8026, 1.0000, 0.0000, 0.0000, 0.0000, 0.0000]])
tensor([[-0.6807,  1.0000,  0.0000,  0.0000,  0.0000,  0.0000]])
tensor([[-0.4364,  1.0000,  0.0000,  0.0000,  0.0000,  0.0000]])
tensor([[-0.0150,  1.0000,  0.0000,  0.0000,  0.0000,  0.0000]])
tensor([[0.7276, 1.0000, 0.0000, 0.0000, 0.0000, 0.0000]])
tensor([[0.7649, 1.0000, 0.0000, 1.0000, 0.0000, 0.0000]])
tensor([[0.2590, 1.0000, 0.0000, 0.0000, 0.0000, 0.0000]])
tensor([[-0.0493,  1.0000,  0.0000,  0.0000,  0.0000,  0.0000]])
tensor([[-0.2077,  1.0000,  0.0000,  0.0000,  0.0000,  0.0000]])
tensor([[0.0189, 1.0000, 0.0000, 0.0000, 0.0000, 0.0000]])
tensor([[-0.6694,  1.0000,  1.0000,  0.0000,  0.0000,  0.0000]])
tensor([[0.8661, 1.0000, 1.0000, 0.0000, 0.0000, 0.0000]])
tensor([[0.2953, 1.0000, 0.0000, 0.0000, 0.0000, 0.0000]])
tensor([[-0.0711,  1.0000,  0.0000,  0.0000,  0.0000,  0.0000]])
tensor([[0.2338, 1.0000, 0.0000, 0.0000, 0.0000, 0.0000]])
tensor([[-0.3793,  1.0000,  1.0000,  0.0000,  0.0000,  0.0000]])
tensor([[-0.3366,  1.0000,  0.0000,  0.0000,  0.0000,  0.0000]])
tensor([[-0.1519,  1.0000,  0.0000,  0.0000,  0.0000,  0.0000]])
tensor([[-0.1327,  1.0000,  0.0000,  0.0000,  0.0000,  0.0000]])
tensor([[0.6950, 1.0000, 0.0000, 0.0000, 0.0000, 0.0000]])
tensor([[0.6158, 1.0000, 0.0000, 0.0000, 0.0000, 0.0000]])
tensor([[-0.2203,  1.0000,  0.0000,  0.0000,  0.0000,  0.0000]])
tensor([[-0.4753,  1.0000,  0.0000,  0.0000,  0.0000,  0.0000]])
tensor([[-0.0114,  1.0000,  1.0000,  0.0000,  0.0000,  0.0000]])
tensor([[0.4247, 1.0000, 0.0000, 0.0000, 0.0000, 0.0000]])
tensor([[-0.5290,  1.0000,  0.0000,  0.0000,  0.0000,  0.0000]])
tensor([[0.2555, 1.0000, 0.0000, 0.0000, 0.0000, 0.0000]])
tensor([[-0.4385,  1.0000,  0.0000,  0.0000,  0.0000,  0.0000]])
tensor([[-0.3286,  1.0000,  0.0000,  0.0000,  0.0000,  0.0000]])
tensor([[0.2969, 1.0000, 0.0000, 0.0000, 0.0000, 0.0000]])
tensor([[-0.1004,  1.0000,  0.0000,  0.0000,  0.0000,  0.0000]])
tensor([[0.2492, 1.0000, 0.0000, 0.0000, 0.0000, 0.0000]])
tensor([[-0.7300,  1.0000,  0.0000,  0.0000,  0.0000,  0.0000]])
tensor([[-0.2166,  1.0000,  0.0000,  0.0000,  0.0000,  0.0000]])
tensor([[-0.7125,  1.0000,  0.0000,  0.0000,  0.0000,  0.0000]])
tensor([[-0.3661,  1.0000,  0.0000,  0.0000,  0.0000,  0.0000]])
tensor([[0.3094, 0.0000, 1.0000, 0.0000, 0.0000, 0.0000]])
tensor([[0.1846, 1.0000, 0.0000, 0.0000, 0.0000, 0.0000]])
tensor([[0.3955, 1.0000, 1.0000, 0.0000, 0.0000, 0.0000]])
tensor([[0.9073, 1.0000, 0.0000, 0.0000, 0.0000, 0.0000]])
tensor([[-0.2271,  1.0000,  0.0000,  0.0000,  0.0000,  0.0000]])
tensor([[-0.4696,  1.0000,  0.0000,  0.0000,  0.0000,  0.0000]])
tensor([[0.5013, 1.0000, 0.0000, 0.0000, 0.0000, 0.0000]])
tensor([[0.5130, 1.0000, 0.0000, 0.0000, 0.0000, 0.0000]])
tensor([[-0.2182,  1.0000,  1.0000,  0.0000,  0.0000,  0.0000]])
tensor([[0.9731, 1.0000, 0.0000, 0.0000, 0.0000, 0.0000]])
tensor([[-0.4042,  1.0000,  0.0000,  0.0000,  0.0000,  0.0000]])
tensor([[0.7220, 0.0000, 0.0000, 0.0000, 0.0000, 0.0000]])
tensor([[-0.3893,  1.0000,  0.0000,  0.0000,  0.0000,  0.0000]])
tensor([[0.4579, 1.0000, 0.0000, 0.0000, 0.0000, 0.0000]])
tensor([[0.4050, 1.0000, 0.0000, 0.0000, 1.0000, 0.0000]])
tensor([[-0.3183,  1.0000,  0.0000,  0.0000,  0.0000,  0.0000]])
tensor([[0.0547, 1.0000, 0.0000, 0.0000, 0.0000, 0.0000]])
tensor([[-0.2970,  1.0000,  0.0000,  0.0000,  0.0000,  0.0000]])
tensor([[0.0414, 1.0000, 0.0000, 0.0000, 0.0000, 0.0000]])
tensor([[0.2767, 1.0000, 0.0000, 0.0000, 0.0000, 0.0000]])
tensor([[-0.3031,  1.0000,  0.0000,  0.0000,  0.0000,  0.0000]])
tensor([[0.5055, 1.0000, 0.0000, 0.0000, 0.0000, 0.0000]])
tensor([[-0.7358,  1.0000,  1.0000,  0.0000,  0.0000,  0.0000]])
tensor([[0.4061, 1.0000, 0.0000, 0.0000, 0.0000, 0.0000]])
tensor([[0.7341, 1.0000, 0.0000, 0.0000, 0.0000, 0.0000]])
tensor([[0.7750, 1.0000, 0.0000, 0.0000, 0.0000, 0.0000]])
tensor([[0.4718, 1.0000, 0.0000, 0.0000, 0.0000, 0.0000]])
tensor([[-0.9010,  1.0000,  0.0000,  0.0000,  0.0000,  0.0000]])
tensor([[0.4899, 1.0000, 1.0000, 0.0000, 0.0000, 0.0000]])
tensor([[0.1306, 1.0000, 0.0000, 0.0000, 0.0000, 0.0000]])
tensor([[-0.0855,  0.0000,  0.0000,  0.0000,  0.0000,  0.0000]])
tensor([[0.8352, 0.0000, 0.0000, 0.0000, 0.0000, 0.0000]])
tensor([[-0.2257,  1.0000,  0.0000,  0.0000,  0.0000,  0.0000]])
tensor([[-0.6813,  1.0000,  0.0000,  1.0000,  0.0000,  0.0000]])
tensor([[0.5384, 0.0000, 0.0000, 0.0000, 0.0000, 0.0000]])
tensor([[-0.0371,  1.0000,  0.0000,  0.0000,  0.0000,  0.0000]])
tensor([[-0.8213,  1.0000,  0.0000,  0.0000,  0.0000,  0.0000]])
tensor([[0.8782, 1.0000, 0.0000, 1.0000, 0.0000, 0.0000]])
tensor([[-0.9587,  1.0000,  0.0000,  0.0000,  0.0000,  0.0000]])
tensor([[-0.8229,  1.0000,  0.0000,  0.0000,  0.0000,  0.0000]])
tensor([[0.4068, 1.0000, 0.0000, 0.0000, 0.0000, 0.0000]])
tensor([[-0.1827,  1.0000,  0.0000,  0.0000,  0.0000,  0.0000]])
tensor([[-0.3192,  1.0000,  0.0000,  0.0000,  0.0000,  0.0000]])
tensor([[-0.5160,  1.0000,  0.0000,  0.0000,  0.0000,  0.0000]])
tensor([[-0.1811,  1.0000,  0.0000,  0.0000,  0.0000,  0.0000]])
tensor([[-0.7887,  1.0000,  0.0000,  0.0000,  0.0000,  0.0000]])
tensor([[0.5394, 1.0000, 0.0000, 0.0000, 0.0000, 0.0000]])
tensor([[0.5342, 1.0000, 0.0000, 0.0000, 0.0000, 0.0000]])
tensor([[0.1847, 1.0000, 0.0000, 0.0000, 0.0000, 0.0000]])
tensor([[-0.6103,  1.0000,  0.0000,  0.0000,  0.0000,  0.0000]])
tensor([[-0.1781,  1.0000,  0.0000,  0.0000,  0.0000,  0.0000]])
tensor([[0.6255, 1.0000, 0.0000, 0.0000, 0.0000, 0.0000]])
tensor([[0.2239, 1.0000, 0.0000, 0.0000, 0.0000, 0.0000]])
tensor([[-0.9111,  1.0000,  0.0000,  0.0000,  0.0000,  0.0000]])
tensor([[0.3167, 1.0000, 0.0000, 0.0000, 0.0000, 0.0000]])
tensor([[0.1213, 1.0000, 1.0000, 0.0000, 0.0000, 0.0000]])
tensor([[-0.3025,  1.0000,  0.0000,  0.0000,  0.0000,  0.0000]])
tensor([[0.7297, 1.0000, 0.0000, 0.0000, 0.0000, 0.0000]])
tensor([[0.8967, 1.0000, 0.0000, 0.0000, 0.0000, 0.0000]])
tensor([[-0.8491,  1.0000,  0.0000,  0.0000,  0.0000,  0.0000]])
tensor([[0.6681, 1.0000, 0.0000, 0.0000, 0.0000, 0.0000]])
tensor([[-0.9140,  1.0000,  0.0000,  0.0000,  0.0000,  0.0000]])
tensor([[-0.3350,  1.0000,  0.0000,  0.0000,  0.0000,  0.0000]])
tensor([[-0.7453,  1.0000,  0.0000,  0.0000,  0.0000,  0.0000]])
tensor([[-0.6498,  1.0000,  0.0000,  0.0000,  0.0000,  0.0000]])
tensor([[0.6988, 1.0000, 0.0000, 0.0000, 0.0000, 0.0000]])
tensor([[0.1758, 1.0000, 0.0000, 0.0000, 0.0000, 0.0000]])
tensor([[-0.4160,  1.0000,  0.0000,  0.0000,  0.0000,  0.0000]])
tensor([[0.7195, 1.0000, 0.0000, 0.0000, 0.0000, 0.0000]])
tensor([[-0.1176,  1.0000,  0.0000,  0.0000,  0.0000,  0.0000]])
tensor([[0.4779, 1.0000, 0.0000, 0.0000, 0.0000, 0.0000]])
tensor([[-0.8855,  1.0000,  0.0000,  0.0000,  0.0000,  0.0000]])
tensor([[0.8050, 1.0000, 1.0000, 0.0000, 0.0000, 0.0000]])
tensor([[-0.6249,  1.0000,  0.0000,  0.0000,  0.0000,  0.0000]])
tensor([[0.0736, 1.0000, 0.0000, 0.0000, 0.0000, 0.0000]])
tensor([[0.4960, 1.0000, 0.0000, 0.0000, 0.0000, 0.0000]])
tensor([[0.2416, 1.0000, 1.0000, 0.0000, 0.0000, 0.0000]])
tensor([[0.3714, 1.0000, 0.0000, 0.0000, 0.0000, 0.0000]])
tensor([[0.4323, 1.0000, 0.0000, 0.0000, 0.0000, 0.0000]])
tensor([[-0.5836,  1.0000,  0.0000,  0.0000,  0.0000,  0.0000]])
tensor([[0.8854, 1.0000, 0.0000, 0.0000, 0.0000, 0.0000]])
tensor([[0.5601, 1.0000, 0.0000, 0.0000, 0.0000, 0.0000]])
tensor([[0.5089, 1.0000, 0.0000, 0.0000, 0.0000, 0.0000]])
tensor([[-0.6297,  1.0000,  0.0000,  0.0000,  0.0000,  0.0000]])
tensor([[0.1703, 1.0000, 0.0000, 0.0000, 0.0000, 0.0000]])
tensor([[0.5354, 1.0000, 0.0000, 0.0000, 0.0000, 0.0000]])
tensor([[0.1884, 1.0000, 1.0000, 0.0000, 0.0000, 0.0000]])
tensor([[0.4835, 1.0000, 0.0000, 0.0000, 0.0000, 0.0000]])
tensor([[0.8841, 1.0000, 0.0000, 0.0000, 1.0000, 0.0000]])
tensor([[-0.9254,  1.0000,  1.0000,  0.0000,  0.0000,  0.0000]])
tensor([[-0.5270,  1.0000,  1.0000,  0.0000,  0.0000,  0.0000]])
tensor([[-0.7840,  1.0000,  0.0000,  0.0000,  0.0000,  0.0000]])
tensor([[-0.3487,  1.0000,  0.0000,  0.0000,  0.0000,  0.0000]])
tensor([[-0.7245,  1.0000,  0.0000,  0.0000,  0.0000,  0.0000]])
tensor([[-0.9534,  1.0000,  0.0000,  0.0000,  0.0000,  0.0000]])
tensor([[0.4260, 1.0000, 0.0000, 0.0000, 0.0000, 0.0000]])
tensor([[-0.5073,  1.0000,  0.0000,  0.0000,  0.0000,  0.0000]])
tensor([[-0.6939,  1.0000,  0.0000,  0.0000,  0.0000,  0.0000]])
tensor([[-0.9478,  1.0000,  0.0000,  0.0000,  0.0000,  0.0000]])
tensor([[0.6824, 1.0000, 0.0000, 0.0000, 0.0000, 0.0000]])
tensor([[0.5922, 0.0000, 0.0000, 0.0000, 0.0000, 0.0000]])
tensor([[0.9053, 1.0000, 0.0000, 0.0000, 0.0000, 0.0000]])
tensor([[-0.9501,  1.0000,  0.0000,  0.0000,  0.0000,  0.0000]])
tensor([[-0.7306,  1.0000,  1.0000,  0.0000,  0.0000,  0.0000]])
tensor([[-0.5061,  1.0000,  0.0000,  0.0000,  0.0000,  0.0000]])
tensor([[0.2114, 1.0000, 0.0000, 0.0000, 0.0000, 0.0000]])
tensor([[0.7931, 1.0000, 0.0000, 0.0000, 0.0000, 0.0000]])
tensor([[0.8282, 1.0000, 1.0000, 0.0000, 0.0000, 0.0000]])
tensor([[0.6699, 1.0000, 1.0000, 0.0000, 0.0000, 0.0000]])
tensor([[-0.6045,  1.0000,  0.0000,  0.0000,  0.0000,  0.0000]])
tensor([[0.5148, 1.0000, 0.0000, 0.0000, 0.0000, 0.0000]])
tensor([[0.7279, 1.0000, 1.0000, 0.0000, 1.0000, 0.0000]])
tensor([[0.6143, 1.0000, 0.0000, 0.0000, 0.0000, 0.0000]])
tensor([[0.7084, 1.0000, 0.0000, 0.0000, 0.0000, 0.0000]])
tensor([[0.7937, 1.0000, 0.0000, 0.0000, 0.0000, 0.0000]])
tensor([[-0.0770,  1.0000,  0.0000,  0.0000,  0.0000,  0.0000]])
tensor([[-0.9042,  1.0000,  0.0000,  0.0000,  0.0000,  0.0000]])
tensor([[-0.0406,  1.0000,  0.0000,  0.0000,  0.0000,  0.0000]])
tensor([[-0.7747,  1.0000,  0.0000,  0.0000,  0.0000,  0.0000]])
tensor([[-0.8667,  1.0000,  0.0000,  0.0000,  0.0000,  0.0000]])
tensor([[-0.7169,  1.0000,  0.0000,  1.0000,  0.0000,  0.0000]])
tensor([[-0.3542,  1.0000,  0.0000,  0.0000,  0.0000,  0.0000]])
tensor([[0.8365, 1.0000, 1.0000, 0.0000, 0.0000, 0.0000]])
tensor([[-0.1762,  1.0000,  0.0000,  0.0000,  0.0000,  0.0000]])
tensor([[-0.7564,  1.0000,  1.0000,  0.0000,  0.0000,  0.0000]])
tensor([[-0.7965,  1.0000,  0.0000,  1.0000,  0.0000,  0.0000]])
tensor([[0.1408, 1.0000, 0.0000, 0.0000, 0.0000, 0.0000]])
tensor([[0.2540, 0.0000, 0.0000, 0.0000, 0.0000, 0.0000]])
tensor([[0.4607, 1.0000, 1.0000, 0.0000, 0.0000, 0.0000]])
tensor([[-0.4522,  1.0000,  1.0000,  0.0000,  0.0000,  0.0000]])
tensor([[-0.6476,  1.0000,  0.0000,  0.0000,  0.0000,  0.0000]])
tensor([[0.9066, 1.0000, 0.0000, 0.0000, 0.0000, 0.0000]])
tensor([[-0.2876,  1.0000,  0.0000,  0.0000,  0.0000,  0.0000]])
tensor([[-0.2068,  1.0000,  0.0000,  0.0000,  0.0000,  0.0000]])
tensor([[-0.3508,  1.0000,  0.0000,  0.0000,  0.0000,  0.0000]])
tensor([[0.3308, 1.0000, 0.0000, 0.0000, 0.0000, 0.0000]])
tensor([[0.1528, 1.0000, 0.0000, 0.0000, 0.0000, 0.0000]])
tensor([[0.9166, 1.0000, 0.0000, 0.0000, 0.0000, 0.0000]])
tensor([[0.2852, 1.0000, 0.0000, 0.0000, 0.0000, 0.0000]])
tensor([[-0.9727,  1.0000,  0.0000,  0.0000,  0.0000,  0.0000]])
tensor([[0.1831, 1.0000, 0.0000, 0.0000, 0.0000, 0.0000]])
tensor([[-0.1813,  1.0000,  0.0000,  0.0000,  0.0000,  0.0000]])
tensor([[0.6004, 1.0000, 0.0000, 0.0000, 0.0000, 0.0000]])
tensor([[-0.4002,  1.0000,  0.0000,  0.0000,  0.0000,  0.0000]])
tensor([[-0.2176,  1.0000,  0.0000,  0.0000,  0.0000,  0.0000]])
tensor([[-0.5264,  1.0000,  1.0000,  0.0000,  0.0000,  0.0000]])
tensor([[0.6917, 1.0000, 0.0000, 0.0000, 0.0000, 0.0000]])
tensor([[0.3534, 1.0000, 0.0000, 0.0000, 0.0000, 0.0000]])
tensor([[0.7526, 1.0000, 0.0000, 0.0000, 0.0000, 0.0000]])
tensor([[-0.5113,  1.0000,  0.0000,  0.0000,  0.0000,  0.0000]])
tensor([[0.0528, 1.0000, 0.0000, 0.0000, 1.0000, 0.0000]])
tensor([[-0.5357,  1.0000,  1.0000,  0.0000,  0.0000,  0.0000]])
tensor([[0.2596, 1.0000, 0.0000, 1.0000, 0.0000, 0.0000]])
tensor([[0.2950, 1.0000, 0.0000, 0.0000, 0.0000, 0.0000]])
tensor([[0.9007, 1.0000, 0.0000, 0.0000, 0.0000, 0.0000]])
tensor([[-0.1973,  1.0000,  0.0000,  0.0000,  0.0000,  0.0000]])
tensor([[0.4587, 1.0000, 0.0000, 0.0000, 0.0000, 0.0000]])
tensor([[0.0907, 1.0000, 0.0000, 0.0000, 0.0000, 0.0000]])
tensor([[0.6201, 1.0000, 0.0000, 0.0000, 0.0000, 0.0000]])
tensor([[-0.8384,  1.0000,  0.0000,  0.0000,  0.0000,  0.0000]])
tensor([[-0.3094,  1.0000,  0.0000,  0.0000,  0.0000,  0.0000]])
tensor([[0.2136, 1.0000, 0.0000, 0.0000, 0.0000, 0.0000]])
tensor([[0.0199, 1.0000, 0.0000, 0.0000, 0.0000, 0.0000]])
tensor([[-0.9124,  1.0000,  0.0000,  0.0000,  0.0000,  0.0000]])
tensor([[0.7662, 1.0000, 0.0000, 0.0000, 0.0000, 0.0000]])
tensor([[0.7573, 1.0000, 0.0000, 0.0000, 0.0000, 0.0000]])
tensor([[0.7300, 1.0000, 1.0000, 0.0000, 0.0000, 0.0000]])
tensor([[-0.7603,  1.0000,  0.0000,  0.0000,  0.0000,  0.0000]])
tensor([[-0.7376,  1.0000,  0.0000,  0.0000,  0.0000,  0.0000]])
tensor([[-0.2537,  1.0000,  0.0000,  0.0000,  0.0000,  0.0000]])
tensor([[-0.6929,  1.0000,  0.0000,  0.0000,  0.0000,  0.0000]])
tensor([[-0.6259,  1.0000,  0.0000,  0.0000,  0.0000,  0.0000]])
tensor([[-0.6665,  1.0000,  1.0000,  0.0000,  0.0000,  0.0000]])
tensor([[-0.4772,  1.0000,  0.0000,  0.0000,  0.0000,  0.0000]])
tensor([[0.3632, 1.0000, 0.0000, 0.0000, 0.0000, 0.0000]])
tensor([[0.0771, 1.0000, 0.0000, 0.0000, 0.0000, 0.0000]])
tensor([[0.9023, 1.0000, 1.0000, 0.0000, 0.0000, 0.0000]])
tensor([[0.8446, 1.0000, 0.0000, 0.0000, 0.0000, 0.0000]])
tensor([[0.5145, 1.0000, 0.0000, 0.0000, 0.0000, 0.0000]])
tensor([[0.5477, 1.0000, 0.0000, 0.0000, 0.0000, 0.0000]])
tensor([[-0.4999,  1.0000,  0.0000,  0.0000,  0.0000,  0.0000]])
tensor([[-0.1637,  1.0000,  0.0000,  0.0000,  0.0000,  0.0000]])
tensor([[-0.0104,  1.0000,  0.0000,  0.0000,  0.0000,  0.0000]])
tensor([[0.8214, 0.0000, 1.0000, 0.0000, 0.0000, 0.0000]])
tensor([[-0.2306,  0.0000,  0.0000,  0.0000,  0.0000,  0.0000]])
tensor([[-0.8292,  1.0000,  0.0000,  0.0000,  0.0000,  0.0000]])
tensor([[0.3629, 1.0000, 0.0000, 0.0000, 0.0000, 0.0000]])
tensor([[-0.3965,  1.0000,  0.0000,  0.0000,  0.0000,  0.0000]])
tensor([[-0.9223,  1.0000,  0.0000,  0.0000,  0.0000,  0.0000]])
tensor([[-0.6114,  1.0000,  0.0000,  0.0000,  0.0000,  0.0000]])
tensor([[0.3907, 1.0000, 0.0000, 0.0000, 0.0000, 0.0000]])
tensor([[-0.2632,  1.0000,  0.0000,  0.0000,  0.0000,  0.0000]])
tensor([[-0.6813,  1.0000,  0.0000,  0.0000,  0.0000,  0.0000]])
tensor([[0.2869, 1.0000, 0.0000, 0.0000, 0.0000, 0.0000]])
tensor([[0.6862, 1.0000, 0.0000, 0.0000, 0.0000, 0.0000]])
tensor([[0.3866, 1.0000, 0.0000, 0.0000, 0.0000, 0.0000]])
tensor([[-0.7156,  0.0000,  0.0000,  0.0000,  0.0000,  0.0000]])
tensor([[0.2810, 1.0000, 0.0000, 0.0000, 0.0000, 0.0000]])
tensor([[0.5733, 1.0000, 0.0000, 0.0000, 0.0000, 0.0000]])
tensor([[0.0051, 1.0000, 0.0000, 0.0000, 0.0000, 0.0000]])
tensor([[-0.6753,  1.0000,  0.0000,  0.0000,  0.0000,  0.0000]])
tensor([[0.0450, 1.0000, 0.0000, 0.0000, 0.0000, 0.0000]])
tensor([[0.8308, 1.0000, 0.0000, 0.0000, 0.0000, 0.0000]])
tensor([[0.0100, 1.0000, 0.0000, 0.0000, 0.0000, 0.0000]])
tensor([[0.0425, 1.0000, 0.0000, 0.0000, 0.0000, 0.0000]])
tensor([[-0.8897,  1.0000,  0.0000,  0.0000,  0.0000,  0.0000]])
tensor([[0.4546, 1.0000, 0.0000, 0.0000, 0.0000, 0.0000]])
tensor([[0.5410, 1.0000, 0.0000, 0.0000, 0.0000, 0.0000]])
tensor([[-0.5594,  1.0000,  0.0000,  0.0000,  0.0000,  0.0000]])
tensor([[-0.3252,  1.0000,  0.0000,  0.0000,  0.0000,  0.0000]])
tensor([[-0.3263,  1.0000,  0.0000,  0.0000,  0.0000,  0.0000]])
tensor([[-0.3658,  1.0000,  0.0000,  0.0000,  0.0000,  0.0000]])
tensor([[-0.0945,  1.0000,  0.0000,  0.0000,  0.0000,  0.0000]])
tensor([[0.8609, 1.0000, 0.0000, 0.0000, 0.0000, 0.0000]])
tensor([[-0.7805,  1.0000,  0.0000,  0.0000,  0.0000,  0.0000]])
tensor([[0.3262, 1.0000, 0.0000, 0.0000, 0.0000, 0.0000]])
tensor([[-0.0233,  1.0000,  0.0000,  0.0000,  0.0000,  0.0000]])
tensor([[0.2752, 1.0000, 1.0000, 0.0000, 0.0000, 0.0000]])
tensor([[0.8450, 1.0000, 0.0000, 0.0000, 0.0000, 0.0000]])
tensor([[-0.0145,  1.0000,  0.0000,  0.0000,  0.0000,  0.0000]])
tensor([[-0.3889,  1.0000,  0.0000,  0.0000,  0.0000,  0.0000]])
tensor([[0.7898, 1.0000, 0.0000, 0.0000, 0.0000, 0.0000]])
tensor([[0.1816, 1.0000, 0.0000, 0.0000, 0.0000, 0.0000]])
tensor([[0.2163, 1.0000, 1.0000, 0.0000, 0.0000, 0.0000]])
tensor([[0.0731, 1.0000, 0.0000, 0.0000, 0.0000, 0.0000]])
tensor([[0.1911, 1.0000, 0.0000, 0.0000, 0.0000, 0.0000]])
tensor([[-0.2411,  1.0000,  0.0000,  0.0000,  0.0000,  0.0000]])
tensor([[0.1821, 1.0000, 0.0000, 0.0000, 0.0000, 0.0000]])
tensor([[0.6476, 1.0000, 0.0000, 0.0000, 0.0000, 0.0000]])
tensor([[0.4940, 1.0000, 0.0000, 0.0000, 0.0000, 0.0000]])
tensor([[0.4447, 1.0000, 0.0000, 0.0000, 0.0000, 0.0000]])
tensor([[0.4978, 1.0000, 0.0000, 0.0000, 0.0000, 0.0000]])
tensor([[0.7192, 1.0000, 0.0000, 0.0000, 0.0000, 0.0000]])
tensor([[0.7957, 1.0000, 0.0000, 0.0000, 0.0000, 0.0000]])
tensor([[-0.4587,  1.0000,  0.0000,  0.0000,  0.0000,  0.0000]])
tensor([[0.3455, 1.0000, 0.0000, 0.0000, 0.0000, 0.0000]])
tensor([[0.1337, 1.0000, 0.0000, 0.0000, 0.0000, 0.0000]])
tensor([[0.2665, 1.0000, 0.0000, 0.0000, 0.0000, 0.0000]])
tensor([[-0.4310,  1.0000,  0.0000,  0.0000,  0.0000,  0.0000]])
tensor([[0.7965, 1.0000, 0.0000, 0.0000, 0.0000, 0.0000]])
tensor([[-0.6266,  1.0000,  0.0000,  0.0000,  0.0000,  0.0000]])
tensor([[-0.2993,  1.0000,  0.0000,  0.0000,  0.0000,  0.0000]])
tensor([[0.5700, 1.0000, 1.0000, 0.0000, 0.0000, 0.0000]])
tensor([[0.7450, 1.0000, 0.0000, 0.0000, 0.0000, 0.0000]])
tensor([[0.3509, 1.0000, 0.0000, 0.0000, 0.0000, 0.0000]])
tensor([[-0.7209,  1.0000,  0.0000,  0.0000,  0.0000,  0.0000]])
tensor([[-0.2591,  1.0000,  0.0000,  0.0000,  0.0000,  0.0000]])
tensor([[-0.5180,  1.0000,  1.0000,  0.0000,  0.0000,  0.0000]])
tensor([[-0.3283,  1.0000,  0.0000,  0.0000,  0.0000,  0.0000]])
tensor([[-0.0828,  1.0000,  0.0000,  0.0000,  0.0000,  0.0000]])
tensor([[-0.7675,  1.0000,  0.0000,  0.0000,  0.0000,  0.0000]])
tensor([[-0.4017,  1.0000,  0.0000,  0.0000,  0.0000,  0.0000]])
tensor([[0.8239, 1.0000, 0.0000, 0.0000, 0.0000, 0.0000]])
tensor([[0.2313, 1.0000, 0.0000, 0.0000, 0.0000, 0.0000]])
tensor([[-0.7288,  1.0000,  0.0000,  0.0000,  0.0000,  0.0000]])
tensor([[0.3923, 1.0000, 0.0000, 0.0000, 0.0000, 0.0000]])
tensor([[-0.6108,  1.0000,  0.0000,  0.0000,  0.0000,  0.0000]])
tensor([[0.6813, 1.0000, 0.0000, 0.0000, 0.0000, 0.0000]])
tensor([[-0.6850,  1.0000,  0.0000,  0.0000,  0.0000,  0.0000]])
tensor([[0.6426, 1.0000, 0.0000, 0.0000, 0.0000, 0.0000]])
tensor([[-0.9507,  1.0000,  0.0000,  0.0000,  0.0000,  0.0000]])
tensor([[0.8909, 1.0000, 0.0000, 0.0000, 0.0000, 0.0000]])
tensor([[0.5548, 1.0000, 0.0000, 0.0000, 0.0000, 0.0000]])
tensor([[0.3783, 1.0000, 0.0000, 0.0000, 0.0000, 0.0000]])
tensor([[-0.3301,  1.0000,  0.0000,  0.0000,  0.0000,  0.0000]])
tensor([[0.8283, 0.0000, 0.0000, 0.0000, 0.0000, 0.0000]])
tensor([[0.4494, 1.0000, 0.0000, 0.0000, 0.0000, 0.0000]])
tensor([[-0.9652,  1.0000,  0.0000,  0.0000,  0.0000,  0.0000]])
tensor([[0.5314, 1.0000, 0.0000, 0.0000, 0.0000, 0.0000]])
tensor([[0.5934, 1.0000, 0.0000, 0.0000, 0.0000, 0.0000]])
tensor([[0.8405, 1.0000, 0.0000, 0.0000, 0.0000, 0.0000]])
tensor([[0.7453, 1.0000, 0.0000, 0.0000, 0.0000, 0.0000]])
tensor([[-0.4459,  1.0000,  0.0000,  0.0000,  0.0000,  0.0000]])
tensor([[-0.5645,  1.0000,  0.0000,  0.0000,  0.0000,  0.0000]])
tensor([[-0.4118,  1.0000,  0.0000,  0.0000,  0.0000,  0.0000]])
tensor([[0.9017, 1.0000, 0.0000, 0.0000, 0.0000, 0.0000]])
tensor([[-0.7647,  1.0000,  0.0000,  0.0000,  0.0000,  0.0000]])
tensor([[0.9773, 1.0000, 0.0000, 0.0000, 0.0000, 0.0000]])
tensor([[0.7835, 1.0000, 0.0000, 0.0000, 0.0000, 0.0000]])
tensor([[-0.4858,  1.0000,  0.0000,  0.0000,  0.0000,  0.0000]])
tensor([[-0.6398,  1.0000,  0.0000,  0.0000,  0.0000,  0.0000]])
tensor([[-0.7065,  1.0000,  0.0000,  0.0000,  0.0000,  0.0000]])
tensor([[-0.5575,  1.0000,  0.0000,  0.0000,  0.0000,  0.0000]])
tensor([[-0.3791,  1.0000,  0.0000,  0.0000,  0.0000,  0.0000]])
tensor([[0.8055, 1.0000, 0.0000, 0.0000, 0.0000, 0.0000]])
tensor([[-0.1305,  1.0000,  0.0000,  0.0000,  0.0000,  0.0000]])
tensor([[0.0996, 1.0000, 0.0000, 0.0000, 0.0000, 0.0000]])
tensor([[-0.6965,  1.0000,  1.0000,  0.0000,  0.0000,  0.0000]])
tensor([[0.7054, 1.0000, 0.0000, 0.0000, 0.0000, 0.0000]])
tensor([[0.0496, 1.0000, 0.0000, 0.0000, 0.0000, 0.0000]])
tensor([[0.9051, 1.0000, 0.0000, 0.0000, 0.0000, 0.0000]])
tensor([[0.1047, 1.0000, 0.0000, 0.0000, 0.0000, 0.0000]])
tensor([[-0.1404,  1.0000,  1.0000,  0.0000,  0.0000,  0.0000]])
tensor([[-0.2950,  1.0000,  0.0000,  0.0000,  0.0000,  0.0000]])
tensor([[0.9420, 1.0000, 0.0000, 0.0000, 0.0000, 0.0000]])
tensor([[0.7041, 0.0000, 0.0000, 0.0000, 0.0000, 0.0000]])
tensor([[0.9070, 1.0000, 0.0000, 0.0000, 0.0000, 0.0000]])
tensor([[-0.8527,  1.0000,  0.0000,  0.0000,  0.0000,  0.0000]])
tensor([[-0.3019,  1.0000,  0.0000,  0.0000,  0.0000,  0.0000]])
tensor([[0.3699, 1.0000, 0.0000, 0.0000, 0.0000, 0.0000]])
tensor([[0.4134, 1.0000, 0.0000, 1.0000, 0.0000, 0.0000]])
tensor([[0.3228, 1.0000, 0.0000, 0.0000, 0.0000, 0.0000]])
tensor([[-0.2816,  1.0000,  0.0000,  0.0000,  0.0000,  0.0000]])
tensor([[0.8062, 1.0000, 0.0000, 0.0000, 0.0000, 0.0000]])
tensor([[-0.1782,  1.0000,  0.0000,  0.0000,  0.0000,  0.0000]])
tensor([[0.6058, 1.0000, 0.0000, 0.0000, 0.0000, 0.0000]])
tensor([[0.7539, 1.0000, 0.0000, 0.0000, 0.0000, 0.0000]])
tensor([[0.5076, 1.0000, 0.0000, 0.0000, 0.0000, 0.0000]])
tensor([[0.5345, 1.0000, 0.0000, 0.0000, 0.0000, 0.0000]])
tensor([[0.2962, 1.0000, 1.0000, 0.0000, 0.0000, 0.0000]])
tensor([[0.8809, 1.0000, 0.0000, 0.0000, 0.0000, 0.0000]])
tensor([[-0.2560,  1.0000,  0.0000,  0.0000,  0.0000,  0.0000]])
tensor([[0.7258, 1.0000, 0.0000, 0.0000, 0.0000, 0.0000]])
tensor([[0.9859, 1.0000, 0.0000, 0.0000, 0.0000, 0.0000]])
tensor([[-0.5767,  1.0000,  0.0000,  0.0000,  0.0000,  0.0000]])
tensor([[0.3390, 1.0000, 0.0000, 0.0000, 0.0000, 0.0000]])
tensor([[-0.2093,  1.0000,  1.0000,  0.0000,  0.0000,  0.0000]])
tensor([[-0.7555,  1.0000,  0.0000,  0.0000,  0.0000,  0.0000]])
tensor([[-0.3512,  1.0000,  0.0000,  0.0000,  0.0000,  0.0000]])
tensor([[-0.1023,  1.0000,  0.0000,  0.0000,  0.0000,  0.0000]])
tensor([[-0.7045,  1.0000,  0.0000,  0.0000,  0.0000,  0.0000]])
tensor([[-0.7284,  1.0000,  0.0000,  0.0000,  0.0000,  0.0000]])
tensor([[-0.4817,  1.0000,  0.0000,  0.0000,  0.0000,  0.0000]])
tensor([[-0.1847,  1.0000,  0.0000,  0.0000,  0.0000,  0.0000]])
tensor([[-0.2244,  1.0000,  0.0000,  0.0000,  0.0000,  0.0000]])
tensor([[0.7318, 1.0000, 1.0000, 0.0000, 0.0000, 0.0000]])
tensor([[-0.1285,  1.0000,  0.0000,  0.0000,  0.0000,  0.0000]])
tensor([[0.0978, 1.0000, 0.0000, 0.0000, 0.0000, 0.0000]])
tensor([[0.0579, 1.0000, 0.0000, 0.0000, 0.0000, 0.0000]])
tensor([[0.6917, 1.0000, 0.0000, 0.0000, 0.0000, 0.0000]])
tensor([[0.2215, 1.0000, 1.0000, 0.0000, 0.0000, 0.0000]])
tensor([[0.4096, 1.0000, 0.0000, 0.0000, 0.0000, 0.0000]])
tensor([[-0.1797,  1.0000,  0.0000,  0.0000,  0.0000,  0.0000]])
tensor([[-0.5798,  1.0000,  0.0000,  0.0000,  0.0000,  0.0000]])
tensor([[0.8818, 1.0000, 0.0000, 0.0000, 0.0000, 0.0000]])
tensor([[0.4512, 1.0000, 0.0000, 0.0000, 0.0000, 0.0000]])
tensor([[-0.0524,  1.0000,  0.0000,  0.0000,  0.0000,  0.0000]])
tensor([[-0.2246,  1.0000,  0.0000,  0.0000,  0.0000,  0.0000]])
tensor([[0.3442, 1.0000, 0.0000, 0.0000, 0.0000, 0.0000]])
tensor([[-0.1354,  1.0000,  0.0000,  0.0000,  0.0000,  0.0000]])
tensor([[0.3039, 0.0000, 0.0000, 0.0000, 0.0000, 0.0000]])
tensor([[-0.3944,  1.0000,  0.0000,  0.0000,  0.0000,  0.0000]])
tensor([[-0.2937,  1.0000,  0.0000,  0.0000,  0.0000,  0.0000]])
tensor([[-0.0641,  1.0000,  0.0000,  0.0000,  0.0000,  0.0000]])
tensor([[0.7920, 1.0000, 0.0000, 1.0000, 0.0000, 0.0000]])
tensor([[0.0485, 1.0000, 0.0000, 0.0000, 0.0000, 0.0000]])
tensor([[-0.6783,  1.0000,  0.0000,  0.0000,  0.0000,  0.0000]])
tensor([[-0.4289,  1.0000,  0.0000,  0.0000,  0.0000,  0.0000]])
tensor([[-0.5411,  1.0000,  0.0000,  0.0000,  0.0000,  0.0000]])
tensor([[-0.7917,  1.0000,  0.0000,  0.0000,  0.0000,  0.0000]])
tensor([[0.3353, 1.0000, 0.0000, 1.0000, 0.0000, 0.0000]])
tensor([[-0.1222,  1.0000,  1.0000,  0.0000,  0.0000,  0.0000]])
tensor([[-0.5845,  1.0000,  0.0000,  1.0000,  0.0000,  0.0000]])
tensor([[-0.6362,  1.0000,  0.0000,  0.0000,  0.0000,  0.0000]])
tensor([[-0.1567,  0.0000,  0.0000,  0.0000,  0.0000,  0.0000]])
tensor([[-0.2922,  1.0000,  0.0000,  0.0000,  0.0000,  0.0000]])
tensor([[0.6410, 1.0000, 0.0000, 0.0000, 0.0000, 0.0000]])
tensor([[0.8423, 1.0000, 0.0000, 0.0000, 0.0000, 0.0000]])
tensor([[-0.1088,  1.0000,  0.0000,  0.0000,  0.0000,  0.0000]])
tensor([[0.3918, 1.0000, 0.0000, 0.0000, 0.0000, 0.0000]])
tensor([[-0.7102,  1.0000,  1.0000,  1.0000,  0.0000,  0.0000]])
tensor([[-0.0968,  1.0000,  0.0000,  0.0000,  0.0000,  0.0000]])
tensor([[-0.6882,  0.0000,  0.0000,  0.0000,  0.0000,  0.0000]])
tensor([[0.1244, 1.0000, 0.0000, 0.0000, 0.0000, 0.0000]])
tensor([[0.8705, 1.0000, 0.0000, 1.0000, 0.0000, 0.0000]])
tensor([[0.2498, 1.0000, 0.0000, 0.0000, 0.0000, 0.0000]])
tensor([[0.3856, 1.0000, 0.0000, 0.0000, 0.0000, 0.0000]])
tensor([[0.2641, 1.0000, 0.0000, 0.0000, 0.0000, 0.0000]])
tensor([[0.1769, 1.0000, 0.0000, 0.0000, 0.0000, 0.0000]])
tensor([[-0.1713,  1.0000,  0.0000,  0.0000,  0.0000,  0.0000]])
tensor([[-0.4290,  1.0000,  0.0000,  0.0000,  0.0000,  0.0000]])
tensor([[0.1678, 1.0000, 0.0000, 0.0000, 0.0000, 0.0000]])
tensor([[0.3049, 1.0000, 0.0000, 0.0000, 0.0000, 0.0000]])
tensor([[0.9516, 1.0000, 0.0000, 0.0000, 0.0000, 0.0000]])
tensor([[0.3396, 1.0000, 0.0000, 0.0000, 0.0000, 0.0000]])
tensor([[0.6513, 1.0000, 0.0000, 0.0000, 0.0000, 0.0000]])
tensor([[-0.6019,  1.0000,  0.0000,  0.0000,  0.0000,  0.0000]])
tensor([[-0.3902,  1.0000,  0.0000,  0.0000,  0.0000,  0.0000]])
tensor([[0.9633, 1.0000, 0.0000, 0.0000, 0.0000, 0.0000]])
tensor([[-0.3226,  1.0000,  0.0000,  0.0000,  0.0000,  0.0000]])
tensor([[0.2410, 1.0000, 0.0000, 0.0000, 0.0000, 0.0000]])
tensor([[0.3685, 1.0000, 0.0000, 0.0000, 0.0000, 0.0000]])
tensor([[-0.2693,  1.0000,  0.0000,  0.0000,  0.0000,  0.0000]])
tensor([[-0.5323,  1.0000,  0.0000,  0.0000,  0.0000,  0.0000]])
tensor([[-0.1666,  1.0000,  0.0000,  0.0000,  0.0000,  0.0000]])
tensor([[0.5542, 1.0000, 0.0000, 0.0000, 0.0000, 0.0000]])
tensor([[-0.4203,  1.0000,  0.0000,  0.0000,  0.0000,  0.0000]])
tensor([[0.5585, 1.0000, 0.0000, 0.0000, 0.0000, 0.0000]])
tensor([[0.4071, 1.0000, 1.0000, 0.0000, 0.0000, 0.0000]])
tensor([[0.8552, 1.0000, 0.0000, 0.0000, 0.0000, 0.0000]])
tensor([[0.2130, 1.0000, 0.0000, 0.0000, 0.0000, 0.0000]])
tensor([[0.5069, 1.0000, 0.0000, 0.0000, 0.0000, 0.0000]])
tensor([[-0.6600,  1.0000,  0.0000,  0.0000,  0.0000,  0.0000]])
tensor([[-0.7168,  1.0000,  1.0000,  0.0000,  0.0000,  0.0000]])
tensor([[-0.3484,  1.0000,  0.0000,  0.0000,  0.0000,  0.0000]])
tensor([[-0.2428,  1.0000,  0.0000,  0.0000,  0.0000,  0.0000]])
tensor([[-0.0712,  0.0000,  0.0000,  0.0000,  0.0000,  0.0000]])
tensor([[0.8101, 1.0000, 0.0000, 0.0000, 1.0000, 0.0000]])
tensor([[0.7957, 1.0000, 0.0000, 0.0000, 0.0000, 0.0000]])
tensor([[0.4855, 1.0000, 0.0000, 0.0000, 0.0000, 0.0000]])
tensor([[-0.2310,  1.0000,  0.0000,  0.0000,  0.0000,  0.0000]])
tensor([[-0.6944,  1.0000,  0.0000,  0.0000,  0.0000,  0.0000]])
tensor([[0.8583, 1.0000, 0.0000, 0.0000, 0.0000, 0.0000]])
tensor([[-0.1172,  1.0000,  0.0000,  0.0000,  0.0000,  0.0000]])
tensor([[0.7389, 1.0000, 0.0000, 0.0000, 0.0000, 0.0000]])
tensor([[0.2457, 1.0000, 0.0000, 1.0000, 0.0000, 0.0000]])
tensor([[-0.1712,  1.0000,  0.0000,  1.0000,  0.0000,  0.0000]])
tensor([[0.8408, 1.0000, 0.0000, 0.0000, 0.0000, 0.0000]])
tensor([[0.8569, 1.0000, 0.0000, 0.0000, 0.0000, 0.0000]])
tensor([[-0.8879,  1.0000,  0.0000,  0.0000,  0.0000,  0.0000]])
tensor([[0.1166, 1.0000, 0.0000, 0.0000, 0.0000, 0.0000]])
tensor([[0.9376, 1.0000, 0.0000, 0.0000, 0.0000, 0.0000]])
tensor([[-0.0128,  1.0000,  0.0000,  1.0000,  0.0000,  0.0000]])
tensor([[-0.8840,  1.0000,  0.0000,  0.0000,  0.0000,  0.0000]])
tensor([[0.7573, 1.0000, 0.0000, 0.0000, 0.0000, 0.0000]])
tensor([[-0.0809,  1.0000,  0.0000,  0.0000,  0.0000,  0.0000]])
tensor([[0.5581, 1.0000, 0.0000, 0.0000, 0.0000, 0.0000]])
tensor([[0.9181, 1.0000, 0.0000, 0.0000, 1.0000, 0.0000]])
tensor([[0.6381, 1.0000, 0.0000, 0.0000, 0.0000, 0.0000]])
tensor([[-0.0600,  1.0000,  0.0000,  0.0000,  0.0000,  0.0000]])
tensor([[-0.2027,  1.0000,  0.0000,  0.0000,  0.0000,  0.0000]])
tensor([[0.7790, 1.0000, 0.0000, 1.0000, 0.0000, 0.0000]])
tensor([[-0.6401,  1.0000,  0.0000,  0.0000,  0.0000,  0.0000]])
tensor([[0.4170, 1.0000, 0.0000, 0.0000, 0.0000, 0.0000]])
tensor([[0.6266, 1.0000, 0.0000, 0.0000, 0.0000, 0.0000]])
tensor([[0.4334, 1.0000, 1.0000, 0.0000, 0.0000, 0.0000]])
tensor([[0.4060, 1.0000, 0.0000, 0.0000, 0.0000, 0.0000]])
tensor([[0.7896, 1.0000, 0.0000, 0.0000, 0.0000, 0.0000]])
tensor([[-0.8137,  1.0000,  0.0000,  0.0000,  0.0000,  0.0000]])
tensor([[-0.5980,  1.0000,  0.0000,  0.0000,  0.0000,  0.0000]])
tensor([[-0.5976,  1.0000,  0.0000,  0.0000,  0.0000,  0.0000]])
tensor([[0.5884, 1.0000, 0.0000, 0.0000, 0.0000, 0.0000]])
tensor([[0.8716, 1.0000, 0.0000, 0.0000, 0.0000, 0.0000]])
tensor([[0.0250, 1.0000, 0.0000, 0.0000, 0.0000, 0.0000]])
tensor([[-0.1981,  1.0000,  0.0000,  0.0000,  0.0000,  0.0000]])
tensor([[-0.9165,  1.0000,  0.0000,  0.0000,  0.0000,  0.0000]])
tensor([[-0.0688,  1.0000,  0.0000,  0.0000,  0.0000,  0.0000]])
tensor([[-0.8405,  1.0000,  0.0000,  0.0000,  0.0000,  0.0000]])
tensor([[0.6519, 1.0000, 0.0000, 0.0000, 0.0000, 0.0000]])
tensor([[0.4809, 1.0000, 0.0000, 0.0000, 0.0000, 0.0000]])
tensor([[0.3568, 0.0000, 0.0000, 0.0000, 0.0000, 0.0000]])
tensor([[0.0834, 1.0000, 0.0000, 0.0000, 0.0000, 0.0000]])
tensor([[-0.5843,  1.0000,  0.0000,  0.0000,  0.0000,  0.0000]])
tensor([[-0.4829,  1.0000,  0.0000,  0.0000,  0.0000,  0.0000]])
tensor([[0.9147, 1.0000, 0.0000, 0.0000, 0.0000, 0.0000]])
tensor([[0.8921, 1.0000, 0.0000, 0.0000, 0.0000, 0.0000]])
tensor([[0.4563, 1.0000, 0.0000, 0.0000, 0.0000, 0.0000]])
tensor([[0.2596, 1.0000, 0.0000, 0.0000, 0.0000, 0.0000]])
tensor([[0.9587, 1.0000, 1.0000, 0.0000, 0.0000, 0.0000]])
tensor([[-0.0250,  1.0000,  0.0000,  0.0000,  0.0000,  0.0000]])
tensor([[0.9631, 1.0000, 0.0000, 0.0000, 0.0000, 0.0000]])
tensor([[-0.3361,  0.0000,  0.0000,  0.0000,  0.0000,  0.0000]])
tensor([[-0.1825,  1.0000,  0.0000,  0.0000,  0.0000,  0.0000]])
tensor([[0.2206, 1.0000, 0.0000, 0.0000, 0.0000, 0.0000]])
tensor([[-0.9963,  1.0000,  0.0000,  0.0000,  0.0000,  0.0000]])
tensor([[0.0873, 1.0000, 0.0000, 0.0000, 0.0000, 0.0000]])
tensor([[0.0173, 1.0000, 1.0000, 0.0000, 0.0000, 0.0000]])
tensor([[-0.4927,  1.0000,  0.0000,  0.0000,  0.0000,  0.0000]])
tensor([[0.8551, 1.0000, 1.0000, 0.0000, 0.0000, 0.0000]])
tensor([[-0.3780,  1.0000,  0.0000,  0.0000,  0.0000,  0.0000]])
tensor([[-0.1921,  1.0000,  0.0000,  0.0000,  0.0000,  0.0000]])
tensor([[-0.6838,  1.0000,  1.0000,  0.0000,  0.0000,  0.0000]])
tensor([[0.9274, 1.0000, 0.0000, 0.0000, 0.0000, 0.0000]])
tensor([[-0.5191,  1.0000,  0.0000,  0.0000,  0.0000,  0.0000]])
tensor([[0.2607, 1.0000, 1.0000, 0.0000, 0.0000, 0.0000]])
tensor([[0.4011, 1.0000, 0.0000, 0.0000, 0.0000, 0.0000]])
tensor([[0.5412, 1.0000, 0.0000, 0.0000, 0.0000, 0.0000]])
tensor([[-0.9302,  1.0000,  0.0000,  0.0000,  0.0000,  0.0000]])
tensor([[0.8414, 1.0000, 0.0000, 1.0000, 0.0000, 0.0000]])
tensor([[0.0183, 1.0000, 0.0000, 0.0000, 0.0000, 0.0000]])
tensor([[0.8008, 1.0000, 0.0000, 0.0000, 0.0000, 0.0000]])
tensor([[0.6930, 1.0000, 0.0000, 0.0000, 0.0000, 0.0000]])
tensor([[0.9517, 1.0000, 0.0000, 0.0000, 0.0000, 0.0000]])
tensor([[-0.6356,  1.0000,  0.0000,  0.0000,  0.0000,  0.0000]])
tensor([[-0.6058,  1.0000,  1.0000,  0.0000,  0.0000,  0.0000]])
tensor([[-0.6128,  1.0000,  0.0000,  0.0000,  0.0000,  0.0000]])
tensor([[0.4995, 1.0000, 0.0000, 0.0000, 0.0000, 0.0000]])
tensor([[-0.1514,  1.0000,  0.0000,  0.0000,  0.0000,  0.0000]])
tensor([[0.5799, 1.0000, 0.0000, 0.0000, 0.0000, 0.0000]])
tensor([[-0.7970,  1.0000,  0.0000,  1.0000,  0.0000,  0.0000]])
tensor([[0.6904, 1.0000, 0.0000, 0.0000, 1.0000, 0.0000]])
tensor([[0.7731, 1.0000, 0.0000, 0.0000, 0.0000, 0.0000]])
tensor([[-0.2356,  1.0000,  0.0000,  0.0000,  0.0000,  0.0000]])
tensor([[0.0411, 1.0000, 0.0000, 0.0000, 0.0000, 0.0000]])
tensor([[0.4091, 1.0000, 0.0000, 0.0000, 0.0000, 0.0000]])
tensor([[0.9530, 1.0000, 0.0000, 0.0000, 0.0000, 0.0000]])
tensor([[-0.2331,  1.0000,  0.0000,  0.0000,  0.0000,  0.0000]])
tensor([[0.1374, 1.0000, 0.0000, 0.0000, 0.0000, 0.0000]])
tensor([[0.5712, 1.0000, 0.0000, 0.0000, 0.0000, 0.0000]])
tensor([[-0.1273,  1.0000,  0.0000,  0.0000,  0.0000,  0.0000]])
tensor([[-0.9275,  1.0000,  0.0000,  0.0000,  0.0000,  0.0000]])
tensor([[0.7363, 1.0000, 0.0000, 0.0000, 0.0000, 0.0000]])
tensor([[-0.8228,  1.0000,  0.0000,  0.0000,  0.0000,  0.0000]])
tensor([[-0.7470,  1.0000,  0.0000,  0.0000,  0.0000,  0.0000]])
tensor([[-0.2225,  1.0000,  0.0000,  0.0000,  0.0000,  0.0000]])
tensor([[0.1034, 1.0000, 0.0000, 0.0000, 0.0000, 0.0000]])
tensor([[-0.2428,  1.0000,  0.0000,  0.0000,  0.0000,  0.0000]])
tensor([[0.5979, 1.0000, 0.0000, 0.0000, 0.0000, 0.0000]])
tensor([[0.9582, 1.0000, 0.0000, 0.0000, 0.0000, 0.0000]])
tensor([[0.0676, 1.0000, 1.0000, 0.0000, 0.0000, 0.0000]])
tensor([[-0.3426,  1.0000,  0.0000,  0.0000,  0.0000,  0.0000]])
tensor([[0.8188, 1.0000, 0.0000, 0.0000, 0.0000, 0.0000]])
tensor([[0.9064, 1.0000, 0.0000, 0.0000, 0.0000, 0.0000]])
tensor([[0.7843, 0.0000, 0.0000, 0.0000, 0.0000, 0.0000]])
tensor([[0.3377, 1.0000, 0.0000, 0.0000, 0.0000, 0.0000]])
tensor([[-0.3733,  1.0000,  0.0000,  0.0000,  0.0000,  0.0000]])
tensor([[-0.1937,  1.0000,  0.0000,  0.0000,  0.0000,  0.0000]])
tensor([[-0.0189,  1.0000,  0.0000,  0.0000,  0.0000,  0.0000]])
tensor([[0.5150, 1.0000, 1.0000, 0.0000, 0.0000, 0.0000]])
tensor([[-0.1356,  1.0000,  0.0000,  0.0000,  0.0000,  0.0000]])
tensor([[0.4677, 1.0000, 1.0000, 0.0000, 0.0000, 0.0000]])
tensor([[-0.8266,  1.0000,  0.0000,  0.0000,  0.0000,  0.0000]])
tensor([[-0.4707,  1.0000,  1.0000,  0.0000,  0.0000,  0.0000]])
tensor([[0.5782, 1.0000, 0.0000, 0.0000, 0.0000, 0.0000]])
tensor([[0.7941, 1.0000, 0.0000, 0.0000, 0.0000, 0.0000]])
tensor([[0.7896, 1.0000, 0.0000, 0.0000, 0.0000, 0.0000]])
tensor([[-0.0768,  1.0000,  0.0000,  0.0000,  0.0000,  0.0000]])
tensor([[0.3891, 1.0000, 0.0000, 0.0000, 0.0000, 0.0000]])
tensor([[0.5104, 1.0000, 0.0000, 0.0000, 0.0000, 0.0000]])
tensor([[0.8491, 1.0000, 0.0000, 0.0000, 0.0000, 0.0000]])
tensor([[0.7027, 1.0000, 0.0000, 0.0000, 0.0000, 0.0000]])
tensor([[-0.3266,  1.0000,  0.0000,  0.0000,  0.0000,  0.0000]])
tensor([[0.7928, 1.0000, 0.0000, 0.0000, 0.0000, 0.0000]])
tensor([[0.8843, 1.0000, 0.0000, 0.0000, 0.0000, 0.0000]])
tensor([[-0.1390,  0.0000,  0.0000,  0.0000,  0.0000,  0.0000]])
tensor([[-0.8415,  1.0000,  0.0000,  0.0000,  0.0000,  0.0000]])
tensor([[0.9092, 1.0000, 0.0000, 0.0000, 0.0000, 0.0000]])
tensor([[0.2666, 1.0000, 1.0000, 0.0000, 0.0000, 0.0000]])
tensor([[-0.4567,  1.0000,  0.0000,  0.0000,  0.0000,  0.0000]])
tensor([[0.0417, 1.0000, 0.0000, 0.0000, 0.0000, 0.0000]])
tensor([[-0.0339,  1.0000,  1.0000,  0.0000,  0.0000,  0.0000]])
tensor([[0.7022, 1.0000, 0.0000, 0.0000, 0.0000, 0.0000]])
tensor([[0.8898, 1.0000, 0.0000, 0.0000, 0.0000, 0.0000]])
tensor([[-0.8606,  0.0000,  0.0000,  0.0000,  0.0000,  0.0000]])
tensor([[-0.0677,  1.0000,  0.0000,  0.0000,  0.0000,  0.0000]])
tensor([[-0.3203,  1.0000,  0.0000,  0.0000,  0.0000,  0.0000]])
tensor([[-0.3832,  1.0000,  0.0000,  0.0000,  0.0000,  0.0000]])
tensor([[-0.1580,  1.0000,  0.0000,  0.0000,  0.0000,  0.0000]])
tensor([[-0.4996,  0.0000,  0.0000,  0.0000,  0.0000,  0.0000]])
tensor([[-0.1133,  1.0000,  0.0000,  0.0000,  0.0000,  0.0000]])
tensor([[-0.6464,  1.0000,  0.0000,  0.0000,  0.0000,  0.0000]])
tensor([[0.8751, 1.0000, 0.0000, 0.0000, 0.0000, 0.0000]])
tensor([[0.8823, 1.0000, 0.0000, 0.0000, 0.0000, 0.0000]])
tensor([[0.3378, 1.0000, 0.0000, 0.0000, 0.0000, 0.0000]])
tensor([[0.7745, 1.0000, 0.0000, 0.0000, 0.0000, 0.0000]])
tensor([[-0.0153,  1.0000,  0.0000,  0.0000,  0.0000,  0.0000]])
tensor([[-0.0819,  1.0000,  0.0000,  0.0000,  0.0000,  0.0000]])
tensor([[-0.5360,  1.0000,  0.0000,  0.0000,  0.0000,  0.0000]])
tensor([[0.0765, 1.0000, 0.0000, 0.0000, 0.0000, 0.0000]])
tensor([[0.2437, 1.0000, 0.0000, 0.0000, 0.0000, 0.0000]])
tensor([[0.5535, 1.0000, 0.0000, 0.0000, 0.0000, 0.0000]])
tensor([[0.3396, 1.0000, 0.0000, 0.0000, 0.0000, 0.0000]])
tensor([[0.1819, 1.0000, 0.0000, 0.0000, 0.0000, 0.0000]])
tensor([[-0.1849,  1.0000,  0.0000,  0.0000,  0.0000,  0.0000]])
tensor([[-0.7439,  1.0000,  0.0000,  0.0000,  0.0000,  0.0000]])
tensor([[0.2114, 1.0000, 0.0000, 0.0000, 0.0000, 0.0000]])
tensor([[0.5563, 1.0000, 0.0000, 0.0000, 0.0000, 0.0000]])
tensor([[-0.3930,  1.0000,  0.0000,  0.0000,  0.0000,  0.0000]])
tensor([[-0.7703,  1.0000,  0.0000,  0.0000,  0.0000,  0.0000]])
tensor([[0.5677, 1.0000, 0.0000, 0.0000, 0.0000, 0.0000]])
tensor([[0.4188, 1.0000, 0.0000, 0.0000, 0.0000, 0.0000]])
tensor([[0.3532, 1.0000, 0.0000, 0.0000, 0.0000, 0.0000]])
tensor([[0.2800, 1.0000, 0.0000, 0.0000, 0.0000, 0.0000]])
tensor([[-0.4432,  1.0000,  0.0000,  0.0000,  0.0000,  0.0000]])
tensor([[0.3167, 1.0000, 0.0000, 0.0000, 0.0000, 0.0000]])
tensor([[0.7421, 1.0000, 0.0000, 0.0000, 0.0000, 0.0000]])
tensor([[0.5645, 1.0000, 0.0000, 0.0000, 0.0000, 0.0000]])
tensor([[-0.9517,  1.0000,  0.0000,  0.0000,  0.0000,  0.0000]])
tensor([[0.6841, 1.0000, 0.0000, 0.0000, 0.0000, 0.0000]])
tensor([[-0.5060,  1.0000,  1.0000,  0.0000,  0.0000,  0.0000]])
tensor([[0.1102, 1.0000, 0.0000, 0.0000, 0.0000, 0.0000]])
tensor([[0.0521, 1.0000, 0.0000, 0.0000, 0.0000, 0.0000]])
tensor([[0.3529, 1.0000, 0.0000, 0.0000, 0.0000, 0.0000]])
tensor([[-0.0970,  1.0000,  0.0000,  0.0000,  0.0000,  0.0000]])
tensor([[0.1821, 1.0000, 0.0000, 0.0000, 0.0000, 0.0000]])
tensor([[0.1962, 1.0000, 0.0000, 0.0000, 0.0000, 0.0000]])
tensor([[-0.6437,  1.0000,  0.0000,  0.0000,  0.0000,  0.0000]])
tensor([[0.1053, 1.0000, 0.0000, 0.0000, 0.0000, 0.0000]])
tensor([[-0.1618,  1.0000,  0.0000,  0.0000,  0.0000,  0.0000]])
tensor([[0.8509, 1.0000, 0.0000, 0.0000, 0.0000, 0.0000]])
tensor([[0.8037, 1.0000, 0.0000, 0.0000, 0.0000, 0.0000]])
tensor([[0.2390, 1.0000, 0.0000, 0.0000, 0.0000, 0.0000]])
tensor([[-0.1930,  1.0000,  0.0000,  0.0000,  0.0000,  0.0000]])
tensor([[0.1883, 1.0000, 0.0000, 0.0000, 0.0000, 0.0000]])
tensor([[0.9698, 1.0000, 0.0000, 0.0000, 0.0000, 0.0000]])
tensor([[0.6046, 1.0000, 0.0000, 0.0000, 0.0000, 0.0000]])
tensor([[-0.6783,  1.0000,  1.0000,  0.0000,  0.0000,  0.0000]])
tensor([[0.9090, 1.0000, 0.0000, 0.0000, 0.0000, 0.0000]])
tensor([[-0.0020,  1.0000,  0.0000,  0.0000,  0.0000,  0.0000]])
tensor([[0.0048, 1.0000, 0.0000, 0.0000, 0.0000, 0.0000]])
tensor([[-0.5831,  1.0000,  0.0000,  0.0000,  0.0000,  0.0000]])
tensor([[0.7782, 1.0000, 1.0000, 0.0000, 0.0000, 0.0000]])
tensor([[0.2953, 1.0000, 0.0000, 1.0000, 0.0000, 0.0000]])
tensor([[-0.6444,  1.0000,  0.0000,  0.0000,  0.0000,  0.0000]])
tensor([[-0.8015,  1.0000,  0.0000,  0.0000,  0.0000,  0.0000]])
tensor([[0.4704, 1.0000, 0.0000, 0.0000, 0.0000, 0.0000]])
tensor([[0.9519, 1.0000, 0.0000, 0.0000, 0.0000, 0.0000]])
tensor([[0.2293, 1.0000, 0.0000, 0.0000, 0.0000, 0.0000]])
tensor([[-0.0493,  1.0000,  0.0000,  0.0000,  0.0000,  0.0000]])
tensor([[-0.7233,  1.0000,  0.0000,  0.0000,  0.0000,  0.0000]])
tensor([[0.6983, 1.0000, 0.0000, 0.0000, 0.0000, 0.0000]])
tensor([[0.8659, 1.0000, 0.0000, 0.0000, 0.0000, 0.0000]])
tensor([[0.1621, 1.0000, 0.0000, 0.0000, 0.0000, 0.0000]])
tensor([[0.2535, 1.0000, 0.0000, 0.0000, 0.0000, 0.0000]])
tensor([[-0.7030,  1.0000,  0.0000,  0.0000,  0.0000,  0.0000]])
tensor([[-0.5090,  1.0000,  0.0000,  0.0000,  0.0000,  0.0000]])
tensor([[0.4210, 1.0000, 0.0000, 0.0000, 0.0000, 0.0000]])
tensor([[0.8356, 1.0000, 1.0000, 0.0000, 0.0000, 0.0000]])
tensor([[0.4870, 1.0000, 0.0000, 0.0000, 0.0000, 0.0000]])
tensor([[-0.7068,  1.0000,  0.0000,  0.0000,  0.0000,  0.0000]])
tensor([[0.7858, 1.0000, 0.0000, 0.0000, 0.0000, 0.0000]])
tensor([[0.9184, 1.0000, 0.0000, 0.0000, 0.0000, 0.0000]])
tensor([[0.8419, 1.0000, 0.0000, 0.0000, 0.0000, 0.0000]])
tensor([[-0.5768,  1.0000,  0.0000,  0.0000,  0.0000,  0.0000]])
tensor([[0.4177, 1.0000, 0.0000, 0.0000, 0.0000, 0.0000]])
tensor([[-0.2536,  1.0000,  1.0000,  0.0000,  0.0000,  0.0000]])
tensor([[-0.8214,  1.0000,  0.0000,  0.0000,  0.0000,  0.0000]])
tensor([[0.0316, 1.0000, 0.0000, 0.0000, 0.0000, 0.0000]])
tensor([[-0.6156,  1.0000,  0.0000,  0.0000,  0.0000,  0.0000]])
tensor([[-0.8100,  1.0000,  0.0000,  0.0000,  0.0000,  0.0000]])
tensor([[0.0786, 1.0000, 0.0000, 0.0000, 0.0000, 0.0000]])
tensor([[0.0948, 1.0000, 0.0000, 0.0000, 0.0000, 0.0000]])
tensor([[-0.8970,  1.0000,  1.0000,  0.0000,  0.0000,  0.0000]])
tensor([[0.8307, 1.0000, 0.0000, 0.0000, 0.0000, 0.0000]])
tensor([[0.5375, 1.0000, 0.0000, 0.0000, 0.0000, 0.0000]])
tensor([[0.8344, 0.0000, 1.0000, 0.0000, 0.0000, 0.0000]])
tensor([[-0.6935,  1.0000,  1.0000,  0.0000,  0.0000,  0.0000]])
tensor([[-0.6377,  1.0000,  1.0000,  0.0000,  0.0000,  0.0000]])
tensor([[-0.1581,  1.0000,  0.0000,  0.0000,  0.0000,  0.0000]])
tensor([[0.0903, 1.0000, 0.0000, 0.0000, 1.0000, 0.0000]])
tensor([[0.5561, 1.0000, 1.0000, 0.0000, 0.0000, 0.0000]])
tensor([[0.4768, 1.0000, 0.0000, 0.0000, 0.0000, 0.0000]])
tensor([[0.2274, 1.0000, 0.0000, 1.0000, 0.0000, 0.0000]])
tensor([[0.6321, 1.0000, 0.0000, 0.0000, 0.0000, 0.0000]])
tensor([[0.8886, 1.0000, 0.0000, 0.0000, 1.0000, 0.0000]])
tensor([[0.6478, 1.0000, 0.0000, 0.0000, 0.0000, 0.0000]])
tensor([[-0.6267,  1.0000,  1.0000,  0.0000,  0.0000,  0.0000]])
tensor([[-0.7294,  1.0000,  0.0000,  0.0000,  0.0000,  0.0000]])
tensor([[-0.8881,  1.0000,  0.0000,  0.0000,  0.0000,  0.0000]])
tensor([[-0.0096,  1.0000,  0.0000,  0.0000,  0.0000,  0.0000]])
tensor([[-0.5527,  1.0000,  0.0000,  0.0000,  0.0000,  0.0000]])
tensor([[-0.5145,  1.0000,  0.0000,  0.0000,  0.0000,  0.0000]])
tensor([[0.3199, 1.0000, 0.0000, 0.0000, 0.0000, 0.0000]])
tensor([[-0.6472,  1.0000,  1.0000,  0.0000,  0.0000,  0.0000]])
tensor([[0.3999, 1.0000, 0.0000, 0.0000, 0.0000, 0.0000]])
tensor([[0.4967, 1.0000, 0.0000, 1.0000, 0.0000, 0.0000]])
tensor([[-0.2494,  1.0000,  0.0000,  0.0000,  0.0000,  0.0000]])
tensor([[0.7023, 1.0000, 0.0000, 0.0000, 0.0000, 0.0000]])
tensor([[0.3351, 1.0000, 0.0000, 0.0000, 0.0000, 0.0000]])
tensor([[-0.0632,  1.0000,  0.0000,  0.0000,  0.0000,  0.0000]])
tensor([[0.7233, 1.0000, 0.0000, 0.0000, 0.0000, 0.0000]])
tensor([[-0.9856,  1.0000,  0.0000,  0.0000,  0.0000,  0.0000]])
tensor([[0.9557, 1.0000, 0.0000, 0.0000, 0.0000, 0.0000]])
tensor([[0.8379, 1.0000, 1.0000, 0.0000, 0.0000, 0.0000]])
tensor([[0.6687, 1.0000, 0.0000, 0.0000, 0.0000, 0.0000]])
tensor([[0.9309, 1.0000, 0.0000, 0.0000, 0.0000, 0.0000]])
tensor([[-0.1076,  1.0000,  0.0000,  0.0000,  0.0000,  0.0000]])
tensor([[-0.8212,  1.0000,  0.0000,  0.0000,  0.0000,  0.0000]])
tensor([[0.8361, 1.0000, 0.0000, 0.0000, 0.0000, 0.0000]])
tensor([[-0.0296,  1.0000,  0.0000,  0.0000,  0.0000,  0.0000]])
tensor([[-0.1531,  1.0000,  0.0000,  0.0000,  0.0000,  0.0000]])
tensor([[0.2482, 1.0000, 0.0000, 0.0000, 0.0000, 0.0000]])
tensor([[0.4112, 1.0000, 0.0000, 0.0000, 0.0000, 0.0000]])
tensor([[-0.9087,  1.0000,  0.0000,  0.0000,  0.0000,  0.0000]])
tensor([[0.2233, 1.0000, 0.0000, 0.0000, 0.0000, 0.0000]])
tensor([[-0.9321,  1.0000,  0.0000,  0.0000,  0.0000,  0.0000]])
tensor([[0.3336, 1.0000, 0.0000, 0.0000, 0.0000, 0.0000]])
tensor([[0.7742, 1.0000, 0.0000, 0.0000, 0.0000, 0.0000]])
tensor([[-0.7398,  1.0000,  0.0000,  0.0000,  0.0000,  0.0000]])
tensor([[-0.5291,  1.0000,  0.0000,  0.0000,  0.0000,  0.0000]])
tensor([[-0.0829,  1.0000,  0.0000,  0.0000,  0.0000,  0.0000]])
tensor([[0.8121, 1.0000, 0.0000, 0.0000, 1.0000, 0.0000]])
tensor([[0.4982, 1.0000, 0.0000, 0.0000, 0.0000, 0.0000]])
tensor([[-0.3585,  1.0000,  0.0000,  0.0000,  0.0000,  0.0000]])
tensor([[0.4786, 1.0000, 1.0000, 0.0000, 0.0000, 0.0000]])
tensor([[-0.7974,  1.0000,  1.0000,  0.0000,  0.0000,  0.0000]])
tensor([[-0.0055,  1.0000,  0.0000,  0.0000,  0.0000,  0.0000]])
tensor([[-0.3249,  1.0000,  0.0000,  0.0000,  0.0000,  0.0000]])
tensor([[-0.0243,  1.0000,  0.0000,  0.0000,  0.0000,  0.0000]])
tensor([[0.1304, 1.0000, 0.0000, 0.0000, 0.0000, 0.0000]])
tensor([[-0.9395,  1.0000,  0.0000,  0.0000,  0.0000,  0.0000]])
tensor([[-0.1523,  1.0000,  0.0000,  0.0000,  0.0000,  0.0000]])
tensor([[-0.8429,  1.0000,  0.0000,  0.0000,  0.0000,  0.0000]])
tensor([[0.1723, 1.0000, 0.0000, 0.0000, 0.0000, 0.0000]])
tensor([[0.1159, 1.0000, 0.0000, 0.0000, 0.0000, 0.0000]])
tensor([[0.0488, 1.0000, 0.0000, 0.0000, 0.0000, 0.0000]])
tensor([[0.9594, 1.0000, 0.0000, 0.0000, 0.0000, 0.0000]])
tensor([[0.5565, 1.0000, 0.0000, 0.0000, 0.0000, 0.0000]])
tensor([[0.3036, 1.0000, 0.0000, 0.0000, 0.0000, 0.0000]])
tensor([[0.4811, 1.0000, 0.0000, 0.0000, 0.0000, 0.0000]])
tensor([[0.9687, 1.0000, 0.0000, 0.0000, 0.0000, 0.0000]])
tensor([[-0.0621,  1.0000,  0.0000,  0.0000,  0.0000,  0.0000]])
tensor([[-0.0026,  1.0000,  0.0000,  0.0000,  0.0000,  0.0000]])
tensor([[0.8117, 1.0000, 0.0000, 0.0000, 0.0000, 0.0000]])
tensor([[0.7307, 1.0000, 1.0000, 0.0000, 0.0000, 0.0000]])
tensor([[0.6806, 1.0000, 1.0000, 0.0000, 0.0000, 0.0000]])
tensor([[-0.0873,  1.0000,  0.0000,  0.0000,  0.0000,  0.0000]])
tensor([[-0.9898,  1.0000,  0.0000,  0.0000,  0.0000,  0.0000]])
tensor([[-0.9383,  1.0000,  0.0000,  0.0000,  0.0000,  0.0000]])
tensor([[0.6417, 1.0000, 1.0000, 0.0000, 0.0000, 0.0000]])
tensor([[0.9801, 1.0000, 0.0000, 1.0000, 0.0000, 0.0000]])
tensor([[0.8396, 1.0000, 0.0000, 0.0000, 0.0000, 0.0000]])
tensor([[-0.7571,  1.0000,  0.0000,  0.0000,  0.0000,  0.0000]])
tensor([[0.9636, 1.0000, 0.0000, 0.0000, 0.0000, 0.0000]])
tensor([[0.9773, 1.0000, 0.0000, 0.0000, 0.0000, 0.0000]])
tensor([[0.8397, 1.0000, 0.0000, 0.0000, 0.0000, 0.0000]])
tensor([[0.2065, 1.0000, 0.0000, 0.0000, 0.0000, 0.0000]])
tensor([[-0.6855,  1.0000,  0.0000,  0.0000,  1.0000,  0.0000]])
INFO:root:Agent 0 (TQCars): avg action time = 0.0009s
tensor([[-0.4970,  1.0000,  0.0000,  0.0000,  0.0000,  0.0000]])
tensor([[0.3199, 1.0000, 0.0000, 0.0000, 0.0000, 0.0000]])
tensor([[-0.5992,  1.0000,  0.0000,  0.0000,  0.0000,  0.0000]])
tensor([[0.6880, 1.0000, 0.0000, 0.0000, 0.0000, 0.0000]])
tensor([[0.6657, 1.0000, 0.0000, 0.0000, 0.0000, 0.0000]])
tensor([[0.6862, 1.0000, 1.0000, 0.0000, 0.0000, 0.0000]])
tensor([[-0.3086,  1.0000,  0.0000,  0.0000,  0.0000,  0.0000]])
tensor([[-0.2542,  1.0000,  0.0000,  0.0000,  0.0000,  0.0000]])
tensor([[0.9075, 1.0000, 0.0000, 0.0000, 0.0000, 0.0000]])
tensor([[0.6363, 1.0000, 0.0000, 0.0000, 0.0000, 0.0000]])
tensor([[0.6602, 1.0000, 0.0000, 0.0000, 0.0000, 0.0000]])
tensor([[0.4371, 1.0000, 0.0000, 0.0000, 0.0000, 0.0000]])
tensor([[0.1214, 1.0000, 0.0000, 0.0000, 0.0000, 0.0000]])
tensor([[-0.8587,  1.0000,  1.0000,  0.0000,  0.0000,  0.0000]])
tensor([[0.9775, 1.0000, 0.0000, 0.0000, 0.0000, 0.0000]])
tensor([[0.6855, 1.0000, 0.0000, 0.0000, 0.0000, 0.0000]])
tensor([[0.4883, 1.0000, 0.0000, 0.0000, 0.0000, 0.0000]])
tensor([[0.9786, 1.0000, 0.0000, 0.0000, 0.0000, 0.0000]])
tensor([[0.4478, 1.0000, 0.0000, 0.0000, 0.0000, 0.0000]])
tensor([[0.9748, 1.0000, 0.0000, 0.0000, 0.0000, 0.0000]])
tensor([[0.8107, 1.0000, 0.0000, 0.0000, 0.0000, 0.0000]])
tensor([[0.8473, 1.0000, 0.0000, 0.0000, 0.0000, 0.0000]])
tensor([[-0.5031,  1.0000,  0.0000,  0.0000,  0.0000,  0.0000]])
tensor([[0.1744, 1.0000, 0.0000, 0.0000, 0.0000, 0.0000]])
tensor([[0.8603, 1.0000, 0.0000, 0.0000, 0.0000, 0.0000]])
tensor([[0.2892, 1.0000, 0.0000, 0.0000, 0.0000, 0.0000]])
tensor([[-0.5057,  1.0000,  0.0000,  0.0000,  0.0000,  0.0000]])
tensor([[0.1582, 1.0000, 0.0000, 0.0000, 0.0000, 0.0000]])
tensor([[0.8148, 1.0000, 0.0000, 0.0000, 0.0000, 0.0000]])
tensor([[0.0897, 1.0000, 0.0000, 0.0000, 0.0000, 0.0000]])
tensor([[-0.8017,  1.0000,  0.0000,  0.0000,  0.0000,  0.0000]])
tensor([[-0.1997,  1.0000,  0.0000,  0.0000,  1.0000,  0.0000]])
tensor([[0.8052, 1.0000, 0.0000, 0.0000, 0.0000, 0.0000]])
tensor([[-0.0548,  1.0000,  0.0000,  0.0000,  0.0000,  0.0000]])
tensor([[-0.2311,  1.0000,  0.0000,  0.0000,  0.0000,  0.0000]])
tensor([[-0.4828,  1.0000,  0.0000,  0.0000,  0.0000,  0.0000]])
tensor([[0.5014, 1.0000, 0.0000, 0.0000, 0.0000, 0.0000]])
tensor([[-0.3191,  1.0000,  0.0000,  0.0000,  0.0000,  0.0000]])
tensor([[0.9932, 1.0000, 0.0000, 0.0000, 0.0000, 0.0000]])
tensor([[0.2138, 1.0000, 1.0000, 0.0000, 0.0000, 0.0000]])
tensor([[-0.2683,  1.0000,  0.0000,  0.0000,  0.0000,  0.0000]])
tensor([[0.4853, 1.0000, 0.0000, 0.0000, 0.0000, 0.0000]])
tensor([[0.7750, 1.0000, 0.0000, 0.0000, 0.0000, 0.0000]])
tensor([[0.1368, 1.0000, 0.0000, 0.0000, 0.0000, 0.0000]])
tensor([[-0.3026,  1.0000,  0.0000,  0.0000,  0.0000,  0.0000]])
tensor([[0.1387, 1.0000, 0.0000, 0.0000, 0.0000, 0.0000]])
tensor([[-0.3474,  1.0000,  0.0000,  0.0000,  0.0000,  0.0000]])
tensor([[0.8407, 1.0000, 0.0000, 0.0000, 0.0000, 0.0000]])
{"type": "results", "track": "mines", "results": [{"key": 0, "reward": -0.10003700256347657, "position": 4, "name": "TQCars", "avg_action_time": 0.0009336794813352753}]}
