INFO:root:Loading the agents
INFO:root:Loaded player TQCars
INFO:root:Creating pystk-1
INFO:root:Adding wrapper <function get_wrappers.<locals>.<lambda> at 0x7d7afe0fb420>
INFO:root:Adding wrapper <function get_wrappers.<locals>.<lambda> at 0x7d7afe0fb4c0>
INFO:root:Adding wrapper <function get_wrappers.<locals>.<lambda> at 0x7d7afe0fb560>
INFO:root:Adding wrapper <function get_wrappers.<locals>.<lambda> at 0x7d7afe0fb600>
INFO:root:(multi-env mono adapter) Setting main environment max_paths to 5
INFO:root:Loading trained model from CHECKPOINT-GPUFAC/tqc_EXP16BASEREWARD_300000.pt...
INFO:root:Starting a race
tensor([[0.2483, 1.0000, 0.0000, 0.0000, 0.0000, 0.0000]])
tensor([[0.4132, 1.0000, 0.0000, 0.0000, 0.0000, 0.0000]])
tensor([[0.5454, 1.0000, 1.0000, 0.0000, 0.0000, 0.0000]])
tensor([[-0.0945,  1.0000,  0.0000,  0.0000,  0.0000,  0.0000]])
tensor([[-0.1967,  0.0000,  0.0000,  0.0000,  0.0000,  0.0000]])
tensor([[-0.7565,  1.0000,  0.0000,  0.0000,  0.0000,  0.0000]])
tensor([[-0.2301,  1.0000,  1.0000,  0.0000,  0.0000,  0.0000]])
tensor([[-0.7047,  1.0000,  0.0000,  0.0000,  0.0000,  0.0000]])
tensor([[-0.0700,  1.0000,  0.0000,  0.0000,  0.0000,  0.0000]])
tensor([[0.5931, 1.0000, 0.0000, 0.0000, 0.0000, 0.0000]])
tensor([[-0.0700,  1.0000,  0.0000,  0.0000,  0.0000,  0.0000]])
tensor([[-0.7030,  1.0000,  0.0000,  0.0000,  0.0000,  0.0000]])
tensor([[-0.3197,  1.0000,  0.0000,  0.0000,  0.0000,  0.0000]])
tensor([[0.2858, 1.0000, 0.0000, 0.0000, 0.0000, 0.0000]])
tensor([[-0.0036,  1.0000,  0.0000,  0.0000,  0.0000,  0.0000]])
tensor([[-0.3974,  1.0000,  0.0000,  0.0000,  0.0000,  0.0000]])
tensor([[0.0877, 1.0000, 0.0000, 0.0000, 0.0000, 0.0000]])
tensor([[0.6425, 1.0000, 0.0000, 0.0000, 0.0000, 0.0000]])
tensor([[-0.1926,  1.0000,  0.0000,  0.0000,  0.0000,  0.0000]])
tensor([[-0.4340,  1.0000,  0.0000,  0.0000,  0.0000,  0.0000]])
tensor([[0.4042, 1.0000, 0.0000, 1.0000, 0.0000, 0.0000]])
tensor([[-0.2433,  1.0000,  0.0000,  0.0000,  0.0000,  0.0000]])
tensor([[-0.1079,  1.0000,  0.0000,  0.0000,  0.0000,  0.0000]])
tensor([[0.0692, 1.0000, 0.0000, 0.0000, 0.0000, 0.0000]])
tensor([[0.2257, 1.0000, 0.0000, 0.0000, 0.0000, 0.0000]])
tensor([[0.6514, 1.0000, 0.0000, 0.0000, 0.0000, 0.0000]])
tensor([[0.1909, 1.0000, 0.0000, 0.0000, 0.0000, 0.0000]])
tensor([[0.5343, 1.0000, 0.0000, 0.0000, 0.0000, 0.0000]])
tensor([[0.2377, 1.0000, 0.0000, 0.0000, 0.0000, 0.0000]])
tensor([[-0.0034,  1.0000,  0.0000,  0.0000,  0.0000,  0.0000]])
tensor([[-0.3348,  1.0000,  0.0000,  0.0000,  0.0000,  0.0000]])
tensor([[-0.0220,  1.0000,  0.0000,  0.0000,  0.0000,  0.0000]])
tensor([[0.2681, 1.0000, 0.0000, 1.0000, 0.0000, 0.0000]])
tensor([[-0.2506,  1.0000,  0.0000,  0.0000,  0.0000,  0.0000]])
tensor([[0.4267, 1.0000, 0.0000, 0.0000, 0.0000, 0.0000]])
tensor([[-0.8699,  1.0000,  0.0000,  0.0000,  0.0000,  0.0000]])
tensor([[-0.8882,  0.0000,  0.0000,  0.0000,  0.0000,  0.0000]])
tensor([[-0.8283,  1.0000,  0.0000,  0.0000,  0.0000,  0.0000]])
tensor([[0.9243, 1.0000, 0.0000, 0.0000, 0.0000, 0.0000]])
tensor([[-0.1203,  1.0000,  0.0000,  0.0000,  0.0000,  0.0000]])
tensor([[0.8712, 1.0000, 0.0000, 0.0000, 0.0000, 0.0000]])
tensor([[0.9044, 1.0000, 0.0000, 0.0000, 0.0000, 0.0000]])
tensor([[0.8870, 1.0000, 0.0000, 0.0000, 0.0000, 0.0000]])
tensor([[0.9202, 1.0000, 0.0000, 0.0000, 0.0000, 0.0000]])
tensor([[0.6759, 1.0000, 0.0000, 0.0000, 0.0000, 0.0000]])
tensor([[0.7269, 0.0000, 0.0000, 0.0000, 0.0000, 0.0000]])
tensor([[0.8595, 1.0000, 0.0000, 0.0000, 0.0000, 0.0000]])
tensor([[0.8588, 1.0000, 0.0000, 1.0000, 0.0000, 0.0000]])
tensor([[0.2200, 1.0000, 0.0000, 0.0000, 0.0000, 0.0000]])
tensor([[-0.5645,  1.0000,  0.0000,  0.0000,  0.0000,  0.0000]])
tensor([[-0.3894,  1.0000,  0.0000,  0.0000,  0.0000,  0.0000]])
tensor([[-0.9048,  0.0000,  0.0000,  0.0000,  0.0000,  0.0000]])
tensor([[-0.9026,  1.0000,  0.0000,  0.0000,  0.0000,  0.0000]])
tensor([[-0.3163,  1.0000,  0.0000,  0.0000,  0.0000,  0.0000]])
tensor([[-0.0953,  1.0000,  0.0000,  0.0000,  0.0000,  0.0000]])
tensor([[-0.5551,  1.0000,  0.0000,  0.0000,  0.0000,  0.0000]])
tensor([[-0.5164,  1.0000,  0.0000,  0.0000,  0.0000,  0.0000]])
tensor([[-0.9526,  0.0000,  0.0000,  0.0000,  0.0000,  0.0000]])
tensor([[-0.9762,  1.0000,  0.0000,  1.0000,  0.0000,  0.0000]])
tensor([[-0.9946,  1.0000,  0.0000,  0.0000,  0.0000,  0.0000]])
tensor([[-0.9060,  0.0000,  0.0000,  0.0000,  0.0000,  0.0000]])
tensor([[-0.9360,  1.0000,  0.0000,  0.0000,  0.0000,  0.0000]])
tensor([[-0.8897,  1.0000,  0.0000,  0.0000,  0.0000,  0.0000]])
tensor([[-0.9858,  1.0000,  0.0000,  0.0000,  0.0000,  0.0000]])
tensor([[-0.8899,  1.0000,  0.0000,  0.0000,  0.0000,  0.0000]])
tensor([[0.0760, 1.0000, 0.0000, 0.0000, 0.0000, 0.0000]])
tensor([[-0.8829,  1.0000,  0.0000,  0.0000,  0.0000,  0.0000]])
tensor([[-0.7938,  1.0000,  0.0000,  0.0000,  0.0000,  0.0000]])
tensor([[-0.3022,  1.0000,  0.0000,  1.0000,  0.0000,  0.0000]])
tensor([[0.8353, 1.0000, 0.0000, 0.0000, 0.0000, 0.0000]])
tensor([[0.6344, 1.0000, 0.0000, 0.0000, 0.0000, 0.0000]])
tensor([[0.6641, 1.0000, 0.0000, 0.0000, 0.0000, 0.0000]])
tensor([[0.6543, 1.0000, 0.0000, 0.0000, 0.0000, 0.0000]])
tensor([[0.6098, 1.0000, 0.0000, 0.0000, 0.0000, 0.0000]])
tensor([[0.6971, 1.0000, 0.0000, 0.0000, 0.0000, 0.0000]])
tensor([[0.7710, 1.0000, 0.0000, 0.0000, 0.0000, 0.0000]])
tensor([[0.8869, 1.0000, 0.0000, 0.0000, 0.0000, 0.0000]])
tensor([[0.0015, 1.0000, 0.0000, 0.0000, 0.0000, 0.0000]])
tensor([[0.7736, 1.0000, 0.0000, 0.0000, 0.0000, 0.0000]])
tensor([[0.7623, 1.0000, 0.0000, 0.0000, 0.0000, 0.0000]])
tensor([[0.5800, 1.0000, 0.0000, 0.0000, 0.0000, 0.0000]])
tensor([[-0.2500,  1.0000,  0.0000,  0.0000,  0.0000,  0.0000]])
tensor([[-0.4448,  1.0000,  0.0000,  0.0000,  0.0000,  0.0000]])
tensor([[0.1105, 1.0000, 0.0000, 0.0000, 0.0000, 0.0000]])
tensor([[0.8582, 1.0000, 0.0000, 0.0000, 0.0000, 0.0000]])
tensor([[0.5184, 1.0000, 0.0000, 0.0000, 0.0000, 0.0000]])
tensor([[-0.0931,  1.0000,  0.0000,  0.0000,  0.0000,  0.0000]])
tensor([[-0.6446,  1.0000,  0.0000,  0.0000,  0.0000,  0.0000]])
tensor([[0.1874, 1.0000, 1.0000, 0.0000, 0.0000, 0.0000]])
tensor([[-0.7317,  1.0000,  0.0000,  0.0000,  0.0000,  0.0000]])
tensor([[-0.8380,  1.0000,  0.0000,  0.0000,  0.0000,  0.0000]])
tensor([[0.8379, 1.0000, 0.0000, 0.0000, 0.0000, 0.0000]])
tensor([[-0.9191,  0.0000,  0.0000,  0.0000,  0.0000,  0.0000]])
tensor([[0.2387, 1.0000, 0.0000, 0.0000, 0.0000, 0.0000]])
tensor([[-0.3409,  1.0000,  0.0000,  0.0000,  0.0000,  0.0000]])
tensor([[-0.4479,  1.0000,  0.0000,  0.0000,  0.0000,  0.0000]])
tensor([[-0.6919,  1.0000,  0.0000,  0.0000,  0.0000,  0.0000]])
tensor([[0.4302, 1.0000, 0.0000, 0.0000, 0.0000, 0.0000]])
tensor([[-0.7141,  1.0000,  0.0000,  0.0000,  0.0000,  0.0000]])
tensor([[-0.5744,  1.0000,  0.0000,  0.0000,  0.0000,  0.0000]])
tensor([[-0.3857,  1.0000,  0.0000,  0.0000,  0.0000,  0.0000]])
tensor([[0.8842, 1.0000, 0.0000, 0.0000, 0.0000, 0.0000]])
tensor([[-0.0252,  1.0000,  0.0000,  0.0000,  0.0000,  0.0000]])
tensor([[-0.1531,  1.0000,  0.0000,  0.0000,  0.0000,  0.0000]])
tensor([[0.2633, 1.0000, 0.0000, 0.0000, 0.0000, 0.0000]])
tensor([[0.6634, 0.0000, 0.0000, 0.0000, 0.0000, 0.0000]])
tensor([[0.5177, 1.0000, 0.0000, 0.0000, 0.0000, 0.0000]])
tensor([[0.7890, 1.0000, 0.0000, 0.0000, 0.0000, 0.0000]])
tensor([[0.0551, 0.0000, 0.0000, 0.0000, 0.0000, 0.0000]])
tensor([[0.4514, 1.0000, 0.0000, 0.0000, 0.0000, 0.0000]])
tensor([[0.7534, 1.0000, 0.0000, 0.0000, 0.0000, 0.0000]])
tensor([[0.4351, 0.0000, 0.0000, 0.0000, 0.0000, 0.0000]])
tensor([[0.4209, 1.0000, 0.0000, 0.0000, 0.0000, 0.0000]])
tensor([[-0.4013,  1.0000,  0.0000,  0.0000,  0.0000,  0.0000]])
tensor([[0.8932, 1.0000, 0.0000, 0.0000, 0.0000, 0.0000]])
tensor([[0.8462, 1.0000, 0.0000, 0.0000, 0.0000, 0.0000]])
tensor([[0.8663, 1.0000, 0.0000, 0.0000, 0.0000, 0.0000]])
tensor([[0.8207, 1.0000, 0.0000, 0.0000, 0.0000, 0.0000]])
tensor([[0.0444, 1.0000, 1.0000, 0.0000, 0.0000, 0.0000]])
tensor([[0.2940, 1.0000, 0.0000, 0.0000, 0.0000, 0.0000]])
tensor([[0.0896, 1.0000, 0.0000, 0.0000, 0.0000, 0.0000]])
tensor([[0.0819, 1.0000, 0.0000, 0.0000, 0.0000, 0.0000]])
tensor([[-0.1783,  1.0000,  0.0000,  0.0000,  0.0000,  0.0000]])
tensor([[-0.8676,  1.0000,  0.0000,  0.0000,  0.0000,  0.0000]])
tensor([[0.1829, 1.0000, 0.0000, 0.0000, 0.0000, 0.0000]])
tensor([[-0.2151,  1.0000,  0.0000,  0.0000,  0.0000,  0.0000]])
tensor([[-0.0567,  1.0000,  0.0000,  0.0000,  0.0000,  0.0000]])
tensor([[-0.5742,  1.0000,  0.0000,  0.0000,  0.0000,  0.0000]])
tensor([[0.3945, 1.0000, 0.0000, 0.0000, 0.0000, 0.0000]])
tensor([[-0.0382,  1.0000,  0.0000,  0.0000,  0.0000,  0.0000]])
tensor([[0.3745, 1.0000, 0.0000, 0.0000, 0.0000, 0.0000]])
tensor([[0.8102, 1.0000, 0.0000, 0.0000, 1.0000, 0.0000]])
tensor([[0.9276, 1.0000, 0.0000, 0.0000, 0.0000, 0.0000]])
tensor([[0.1458, 1.0000, 0.0000, 0.0000, 0.0000, 0.0000]])
tensor([[0.9277, 0.0000, 0.0000, 0.0000, 0.0000, 0.0000]])
tensor([[0.5798, 1.0000, 0.0000, 0.0000, 0.0000, 0.0000]])
tensor([[0.9286, 1.0000, 1.0000, 0.0000, 0.0000, 0.0000]])
tensor([[0.7504, 1.0000, 0.0000, 0.0000, 0.0000, 0.0000]])
tensor([[0.2565, 1.0000, 0.0000, 0.0000, 0.0000, 0.0000]])
tensor([[-0.2516,  1.0000,  0.0000,  1.0000,  0.0000,  0.0000]])
tensor([[0.4873, 1.0000, 0.0000, 0.0000, 0.0000, 0.0000]])
tensor([[0.8977, 1.0000, 0.0000, 0.0000, 0.0000, 0.0000]])
tensor([[0.9398, 1.0000, 0.0000, 0.0000, 0.0000, 0.0000]])
tensor([[0.5253, 1.0000, 0.0000, 0.0000, 0.0000, 0.0000]])
tensor([[0.2509, 1.0000, 0.0000, 0.0000, 0.0000, 0.0000]])
tensor([[0.5199, 1.0000, 0.0000, 0.0000, 0.0000, 0.0000]])
tensor([[0.1033, 1.0000, 0.0000, 0.0000, 0.0000, 0.0000]])
tensor([[0.9693, 1.0000, 0.0000, 0.0000, 0.0000, 0.0000]])
tensor([[0.7266, 1.0000, 0.0000, 0.0000, 0.0000, 0.0000]])
tensor([[0.7360, 1.0000, 0.0000, 0.0000, 0.0000, 0.0000]])
tensor([[0.9227, 1.0000, 0.0000, 0.0000, 0.0000, 0.0000]])
tensor([[0.5896, 1.0000, 0.0000, 0.0000, 0.0000, 0.0000]])
tensor([[0.6762, 1.0000, 0.0000, 0.0000, 0.0000, 0.0000]])
tensor([[0.8465, 1.0000, 0.0000, 0.0000, 0.0000, 0.0000]])
tensor([[-0.1995,  1.0000,  0.0000,  0.0000,  0.0000,  0.0000]])
tensor([[0.7414, 1.0000, 0.0000, 0.0000, 0.0000, 0.0000]])
tensor([[0.4011, 1.0000, 0.0000, 0.0000, 0.0000, 0.0000]])
tensor([[0.2200, 1.0000, 0.0000, 0.0000, 0.0000, 0.0000]])
tensor([[0.4942, 1.0000, 0.0000, 0.0000, 0.0000, 0.0000]])
tensor([[0.3085, 1.0000, 0.0000, 0.0000, 0.0000, 0.0000]])
tensor([[0.9590, 1.0000, 0.0000, 0.0000, 0.0000, 0.0000]])
tensor([[0.9660, 1.0000, 0.0000, 0.0000, 0.0000, 0.0000]])
tensor([[0.8425, 1.0000, 0.0000, 0.0000, 0.0000, 0.0000]])
tensor([[-0.1113,  1.0000,  0.0000,  0.0000,  0.0000,  0.0000]])
tensor([[0.9852, 1.0000, 0.0000, 0.0000, 0.0000, 0.0000]])
tensor([[0.8928, 1.0000, 0.0000, 0.0000, 0.0000, 0.0000]])
tensor([[-0.4692,  1.0000,  0.0000,  0.0000,  0.0000,  0.0000]])
tensor([[0.3634, 1.0000, 0.0000, 0.0000, 0.0000, 0.0000]])
tensor([[0.8571, 1.0000, 0.0000, 0.0000, 0.0000, 0.0000]])
tensor([[-0.1603,  1.0000,  0.0000,  0.0000,  0.0000,  0.0000]])
tensor([[0.0763, 1.0000, 0.0000, 0.0000, 0.0000, 0.0000]])
tensor([[0.1353, 1.0000, 1.0000, 0.0000, 0.0000, 0.0000]])
tensor([[-0.6903,  1.0000,  0.0000,  0.0000,  0.0000,  0.0000]])
tensor([[-0.1202,  1.0000,  0.0000,  0.0000,  0.0000,  0.0000]])
tensor([[-0.8493,  1.0000,  0.0000,  0.0000,  0.0000,  0.0000]])
tensor([[-0.2297,  1.0000,  0.0000,  0.0000,  0.0000,  0.0000]])
tensor([[-0.1560,  1.0000,  0.0000,  0.0000,  0.0000,  0.0000]])
tensor([[0.0282, 1.0000, 0.0000, 0.0000, 0.0000, 0.0000]])
tensor([[-0.0446,  1.0000,  0.0000,  0.0000,  0.0000,  0.0000]])
tensor([[-0.2720,  1.0000,  0.0000,  0.0000,  0.0000,  0.0000]])
tensor([[-0.9753,  1.0000,  0.0000,  0.0000,  0.0000,  0.0000]])
tensor([[-0.9481,  1.0000,  0.0000,  0.0000,  0.0000,  0.0000]])
tensor([[-0.9589,  1.0000,  0.0000,  0.0000,  0.0000,  0.0000]])
tensor([[-0.7802,  1.0000,  0.0000,  0.0000,  0.0000,  0.0000]])
tensor([[-0.7505,  1.0000,  0.0000,  0.0000,  0.0000,  0.0000]])
tensor([[-0.3221,  1.0000,  1.0000,  0.0000,  0.0000,  0.0000]])
tensor([[-0.5918,  1.0000,  0.0000,  0.0000,  0.0000,  0.0000]])
tensor([[-0.8162,  1.0000,  1.0000,  1.0000,  0.0000,  0.0000]])
tensor([[-0.9745,  1.0000,  0.0000,  1.0000,  0.0000,  0.0000]])
tensor([[-0.9467,  1.0000,  0.0000,  0.0000,  0.0000,  0.0000]])
tensor([[-0.9914,  1.0000,  0.0000,  0.0000,  0.0000,  0.0000]])
tensor([[-0.5470,  1.0000,  0.0000,  0.0000,  0.0000,  0.0000]])
tensor([[-0.5598,  0.0000,  0.0000,  0.0000,  0.0000,  0.0000]])
tensor([[-0.1602,  1.0000,  0.0000,  0.0000,  0.0000,  0.0000]])
tensor([[0.7265, 1.0000, 0.0000, 0.0000, 0.0000, 0.0000]])
tensor([[-0.8492,  1.0000,  0.0000,  0.0000,  0.0000,  0.0000]])
tensor([[0.0589, 1.0000, 0.0000, 0.0000, 0.0000, 0.0000]])
tensor([[0.2764, 1.0000, 0.0000, 0.0000, 0.0000, 0.0000]])
tensor([[0.7875, 1.0000, 0.0000, 0.0000, 0.0000, 0.0000]])
tensor([[-0.1889,  1.0000,  0.0000,  0.0000,  0.0000,  0.0000]])
tensor([[0.9635, 0.0000, 0.0000, 0.0000, 0.0000, 0.0000]])
tensor([[0.9354, 1.0000, 0.0000, 0.0000, 0.0000, 0.0000]])
tensor([[0.9537, 1.0000, 0.0000, 0.0000, 0.0000, 0.0000]])
tensor([[0.4744, 1.0000, 0.0000, 0.0000, 0.0000, 0.0000]])
tensor([[0.3293, 1.0000, 0.0000, 1.0000, 0.0000, 0.0000]])
tensor([[-0.1746,  1.0000,  0.0000,  0.0000,  0.0000,  0.0000]])
tensor([[0.5812, 1.0000, 0.0000, 0.0000, 0.0000, 0.0000]])
tensor([[0.3251, 1.0000, 0.0000, 0.0000, 0.0000, 0.0000]])
tensor([[0.9237, 1.0000, 0.0000, 1.0000, 0.0000, 0.0000]])
tensor([[-0.2580,  1.0000,  0.0000,  0.0000,  0.0000,  0.0000]])
tensor([[-0.7717,  1.0000,  0.0000,  0.0000,  0.0000,  0.0000]])
tensor([[-0.1887,  1.0000,  0.0000,  0.0000,  0.0000,  0.0000]])
tensor([[0.6114, 1.0000, 0.0000, 0.0000, 0.0000, 0.0000]])
tensor([[0.5824, 1.0000, 0.0000, 0.0000, 0.0000, 0.0000]])
tensor([[-0.1537,  1.0000,  1.0000,  0.0000,  0.0000,  0.0000]])
tensor([[0.8216, 1.0000, 0.0000, 0.0000, 0.0000, 0.0000]])
tensor([[-0.6977,  1.0000,  0.0000,  0.0000,  0.0000,  0.0000]])
tensor([[0.0423, 1.0000, 0.0000, 0.0000, 0.0000, 0.0000]])
tensor([[0.1734, 1.0000, 1.0000, 0.0000, 0.0000, 0.0000]])
tensor([[-0.9151,  1.0000,  0.0000,  0.0000,  0.0000,  0.0000]])
tensor([[0.0200, 1.0000, 0.0000, 0.0000, 0.0000, 0.0000]])
tensor([[0.3573, 1.0000, 0.0000, 0.0000, 0.0000, 0.0000]])
tensor([[0.5272, 1.0000, 0.0000, 0.0000, 0.0000, 0.0000]])
tensor([[0.7938, 1.0000, 0.0000, 0.0000, 0.0000, 0.0000]])
tensor([[0.1490, 1.0000, 0.0000, 0.0000, 0.0000, 0.0000]])
tensor([[0.2879, 1.0000, 0.0000, 0.0000, 0.0000, 0.0000]])
tensor([[0.2191, 1.0000, 0.0000, 0.0000, 0.0000, 0.0000]])
tensor([[0.9767, 1.0000, 0.0000, 1.0000, 0.0000, 0.0000]])
tensor([[0.2488, 1.0000, 0.0000, 0.0000, 0.0000, 0.0000]])
tensor([[0.7565, 1.0000, 0.0000, 0.0000, 0.0000, 0.0000]])
tensor([[-0.6546,  1.0000,  0.0000,  0.0000,  0.0000,  0.0000]])
tensor([[0.0921, 1.0000, 0.0000, 0.0000, 0.0000, 0.0000]])
tensor([[-0.1314,  1.0000,  0.0000,  0.0000,  0.0000,  0.0000]])
tensor([[0.9220, 1.0000, 0.0000, 0.0000, 0.0000, 0.0000]])
tensor([[-0.2762,  1.0000,  0.0000,  0.0000,  0.0000,  0.0000]])
tensor([[0.6730, 1.0000, 0.0000, 0.0000, 0.0000, 0.0000]])
tensor([[0.3807, 1.0000, 0.0000, 0.0000, 0.0000, 0.0000]])
tensor([[0.9706, 0.0000, 0.0000, 0.0000, 0.0000, 0.0000]])
tensor([[-0.2161,  1.0000,  1.0000,  0.0000,  0.0000,  0.0000]])
tensor([[-0.7268,  1.0000,  0.0000,  0.0000,  0.0000,  0.0000]])
tensor([[-0.4828,  1.0000,  1.0000,  0.0000,  0.0000,  0.0000]])
tensor([[0.6946, 1.0000, 0.0000, 0.0000, 0.0000, 0.0000]])
tensor([[0.6476, 1.0000, 0.0000, 0.0000, 0.0000, 0.0000]])
tensor([[0.5342, 1.0000, 0.0000, 0.0000, 0.0000, 0.0000]])
tensor([[0.7002, 1.0000, 0.0000, 0.0000, 0.0000, 0.0000]])
tensor([[0.8639, 1.0000, 1.0000, 0.0000, 0.0000, 0.0000]])
tensor([[-0.2088,  1.0000,  0.0000,  0.0000,  0.0000,  0.0000]])
tensor([[0.9039, 0.0000, 0.0000, 0.0000, 0.0000, 0.0000]])
tensor([[0.4081, 1.0000, 0.0000, 0.0000, 0.0000, 0.0000]])
tensor([[0.5604, 1.0000, 0.0000, 0.0000, 0.0000, 0.0000]])
tensor([[0.9441, 1.0000, 0.0000, 0.0000, 0.0000, 0.0000]])
tensor([[0.9158, 0.0000, 0.0000, 0.0000, 0.0000, 0.0000]])
tensor([[0.2635, 0.0000, 0.0000, 0.0000, 0.0000, 0.0000]])
tensor([[0.8114, 1.0000, 0.0000, 0.0000, 0.0000, 0.0000]])
tensor([[0.9476, 1.0000, 0.0000, 0.0000, 0.0000, 0.0000]])
tensor([[0.4116, 1.0000, 0.0000, 0.0000, 0.0000, 0.0000]])
tensor([[-0.1841,  1.0000,  0.0000,  0.0000,  0.0000,  0.0000]])
tensor([[-0.4507,  1.0000,  0.0000,  0.0000,  0.0000,  0.0000]])
tensor([[-0.5896,  1.0000,  0.0000,  0.0000,  0.0000,  0.0000]])
tensor([[-0.7231,  1.0000,  0.0000,  0.0000,  0.0000,  0.0000]])
tensor([[-0.9511,  1.0000,  0.0000,  0.0000,  0.0000,  0.0000]])
tensor([[-0.7913,  1.0000,  0.0000,  0.0000,  0.0000,  0.0000]])
tensor([[-0.7253,  1.0000,  0.0000,  0.0000,  0.0000,  0.0000]])
tensor([[-0.0143,  1.0000,  0.0000,  0.0000,  0.0000,  0.0000]])
tensor([[-0.0644,  1.0000,  0.0000,  0.0000,  0.0000,  0.0000]])
tensor([[-0.5937,  1.0000,  0.0000,  0.0000,  0.0000,  0.0000]])
tensor([[-0.2064,  1.0000,  0.0000,  0.0000,  0.0000,  0.0000]])
tensor([[0.5531, 1.0000, 0.0000, 0.0000, 0.0000, 0.0000]])
tensor([[-0.1521,  1.0000,  0.0000,  0.0000,  0.0000,  0.0000]])
tensor([[0.1249, 1.0000, 0.0000, 0.0000, 0.0000, 0.0000]])
tensor([[0.3621, 0.0000, 0.0000, 0.0000, 0.0000, 0.0000]])
tensor([[0.6607, 0.0000, 0.0000, 0.0000, 0.0000, 0.0000]])
tensor([[-0.0838,  1.0000,  0.0000,  0.0000,  0.0000,  0.0000]])
tensor([[-0.2649,  1.0000,  0.0000,  0.0000,  0.0000,  0.0000]])
tensor([[-0.3943,  1.0000,  0.0000,  0.0000,  0.0000,  0.0000]])
tensor([[-0.5624,  1.0000,  0.0000,  0.0000,  0.0000,  0.0000]])
tensor([[-0.6635,  1.0000,  0.0000,  0.0000,  0.0000,  0.0000]])
tensor([[-0.5413,  1.0000,  0.0000,  0.0000,  0.0000,  0.0000]])
tensor([[-0.4767,  1.0000,  0.0000,  0.0000,  0.0000,  0.0000]])
tensor([[-0.3626,  1.0000,  0.0000,  0.0000,  0.0000,  0.0000]])
tensor([[-0.7130,  1.0000,  0.0000,  0.0000,  0.0000,  0.0000]])
tensor([[-0.3747,  1.0000,  0.0000,  0.0000,  0.0000,  0.0000]])
tensor([[-0.8758,  1.0000,  0.0000,  0.0000,  0.0000,  0.0000]])
tensor([[-0.7438,  1.0000,  0.0000,  0.0000,  0.0000,  0.0000]])
tensor([[0.8501, 1.0000, 0.0000, 0.0000, 0.0000, 0.0000]])
tensor([[0.6776, 1.0000, 0.0000, 0.0000, 0.0000, 0.0000]])
tensor([[0.8172, 1.0000, 0.0000, 0.0000, 0.0000, 0.0000]])
tensor([[0.2846, 1.0000, 0.0000, 0.0000, 0.0000, 0.0000]])
tensor([[0.3922, 1.0000, 0.0000, 0.0000, 0.0000, 0.0000]])
tensor([[0.2978, 1.0000, 0.0000, 0.0000, 0.0000, 0.0000]])
tensor([[-0.7067,  1.0000,  0.0000,  0.0000,  0.0000,  0.0000]])
tensor([[-0.2100,  0.0000,  0.0000,  0.0000,  0.0000,  0.0000]])
tensor([[-0.7850,  1.0000,  0.0000,  0.0000,  0.0000,  0.0000]])
tensor([[-0.8331,  1.0000,  0.0000,  0.0000,  0.0000,  0.0000]])
tensor([[-0.9705,  1.0000,  0.0000,  0.0000,  1.0000,  0.0000]])
tensor([[-0.9177,  1.0000,  0.0000,  0.0000,  0.0000,  0.0000]])
tensor([[-0.1684,  1.0000,  0.0000,  0.0000,  0.0000,  0.0000]])
tensor([[0.3686, 1.0000, 0.0000, 0.0000, 0.0000, 0.0000]])
tensor([[0.3105, 1.0000, 0.0000, 0.0000, 0.0000, 0.0000]])
tensor([[-0.6050,  1.0000,  0.0000,  0.0000,  0.0000,  0.0000]])
tensor([[-0.9686,  1.0000,  0.0000,  0.0000,  0.0000,  0.0000]])
tensor([[0.5598, 1.0000, 0.0000, 0.0000, 0.0000, 0.0000]])
tensor([[0.7944, 1.0000, 0.0000, 0.0000, 0.0000, 0.0000]])
tensor([[0.5522, 1.0000, 0.0000, 0.0000, 0.0000, 0.0000]])
tensor([[0.2343, 1.0000, 0.0000, 0.0000, 0.0000, 0.0000]])
tensor([[0.6893, 1.0000, 0.0000, 0.0000, 0.0000, 0.0000]])
tensor([[0.8758, 1.0000, 0.0000, 0.0000, 0.0000, 0.0000]])
tensor([[0.9796, 1.0000, 0.0000, 0.0000, 0.0000, 0.0000]])
tensor([[0.6409, 1.0000, 0.0000, 0.0000, 0.0000, 0.0000]])
tensor([[0.3744, 1.0000, 0.0000, 0.0000, 0.0000, 0.0000]])
tensor([[-0.4840,  0.0000,  0.0000,  0.0000,  0.0000,  0.0000]])
tensor([[0.6418, 1.0000, 0.0000, 0.0000, 0.0000, 0.0000]])
tensor([[-0.0189,  1.0000,  0.0000,  0.0000,  0.0000,  0.0000]])
tensor([[0.6822, 1.0000, 0.0000, 1.0000, 0.0000, 0.0000]])
tensor([[-0.9417,  1.0000,  0.0000,  0.0000,  0.0000,  0.0000]])
tensor([[-0.8734,  1.0000,  0.0000,  0.0000,  0.0000,  0.0000]])
tensor([[-0.5492,  1.0000,  0.0000,  0.0000,  0.0000,  0.0000]])
tensor([[-0.8732,  1.0000,  0.0000,  0.0000,  0.0000,  0.0000]])
tensor([[-0.7402,  1.0000,  0.0000,  0.0000,  0.0000,  0.0000]])
tensor([[-0.8151,  1.0000,  0.0000,  0.0000,  0.0000,  0.0000]])
tensor([[-0.5921,  1.0000,  0.0000,  0.0000,  0.0000,  0.0000]])
tensor([[-0.8557,  1.0000,  0.0000,  0.0000,  0.0000,  0.0000]])
tensor([[0.0586, 1.0000, 0.0000, 0.0000, 0.0000, 0.0000]])
tensor([[-0.5023,  1.0000,  0.0000,  0.0000,  0.0000,  0.0000]])
tensor([[0.0260, 1.0000, 0.0000, 0.0000, 0.0000, 0.0000]])
tensor([[-0.8103,  1.0000,  0.0000,  0.0000,  0.0000,  0.0000]])
tensor([[-0.3116,  1.0000,  0.0000,  0.0000,  0.0000,  0.0000]])
tensor([[-0.3623,  1.0000,  0.0000,  0.0000,  0.0000,  0.0000]])
tensor([[-0.1127,  1.0000,  0.0000,  0.0000,  0.0000,  0.0000]])
tensor([[-0.4649,  1.0000,  0.0000,  0.0000,  0.0000,  0.0000]])
tensor([[0.6431, 1.0000, 0.0000, 0.0000, 0.0000, 0.0000]])
tensor([[0.8517, 1.0000, 0.0000, 0.0000, 0.0000, 0.0000]])
tensor([[0.7495, 1.0000, 0.0000, 0.0000, 0.0000, 0.0000]])
tensor([[0.1072, 1.0000, 0.0000, 0.0000, 0.0000, 0.0000]])
tensor([[-0.0520,  1.0000,  0.0000,  0.0000,  0.0000,  0.0000]])
tensor([[0.4061, 1.0000, 0.0000, 0.0000, 0.0000, 0.0000]])
tensor([[0.7707, 1.0000, 0.0000, 0.0000, 0.0000, 0.0000]])
tensor([[0.3287, 1.0000, 0.0000, 0.0000, 0.0000, 0.0000]])
tensor([[-0.2264,  1.0000,  1.0000,  0.0000,  0.0000,  0.0000]])
tensor([[-0.7506,  1.0000,  0.0000,  0.0000,  0.0000,  0.0000]])
tensor([[-0.8951,  1.0000,  0.0000,  0.0000,  0.0000,  0.0000]])
tensor([[-0.8989,  1.0000,  0.0000,  0.0000,  0.0000,  0.0000]])
tensor([[-0.9358,  1.0000,  0.0000,  0.0000,  0.0000,  0.0000]])
tensor([[-0.7730,  1.0000,  0.0000,  0.0000,  0.0000,  0.0000]])
tensor([[-0.9668,  1.0000,  0.0000,  0.0000,  0.0000,  0.0000]])
tensor([[-0.9216,  1.0000,  0.0000,  0.0000,  0.0000,  0.0000]])
tensor([[-0.9401,  1.0000,  0.0000,  0.0000,  0.0000,  0.0000]])
tensor([[-0.3511,  1.0000,  0.0000,  0.0000,  0.0000,  0.0000]])
tensor([[-0.9213,  1.0000,  1.0000,  0.0000,  0.0000,  0.0000]])
tensor([[-0.1052,  1.0000,  0.0000,  0.0000,  0.0000,  0.0000]])
tensor([[-0.8830,  1.0000,  0.0000,  0.0000,  0.0000,  0.0000]])
tensor([[-0.9269,  1.0000,  0.0000,  0.0000,  0.0000,  0.0000]])
tensor([[-0.8545,  1.0000,  0.0000,  0.0000,  0.0000,  0.0000]])
tensor([[-0.9352,  0.0000,  0.0000,  0.0000,  0.0000,  0.0000]])
tensor([[-0.9625,  1.0000,  0.0000,  0.0000,  0.0000,  0.0000]])
tensor([[-0.9799,  1.0000,  0.0000,  0.0000,  0.0000,  0.0000]])
tensor([[-0.6461,  1.0000,  0.0000,  0.0000,  0.0000,  0.0000]])
tensor([[-0.9229,  1.0000,  0.0000,  0.0000,  0.0000,  0.0000]])
tensor([[-0.9594,  1.0000,  0.0000,  0.0000,  0.0000,  0.0000]])
tensor([[-0.9491,  1.0000,  0.0000,  0.0000,  0.0000,  0.0000]])
tensor([[-0.1642,  1.0000,  0.0000,  0.0000,  0.0000,  0.0000]])
tensor([[-0.5895,  1.0000,  0.0000,  0.0000,  0.0000,  0.0000]])
tensor([[-0.7509,  1.0000,  0.0000,  0.0000,  0.0000,  0.0000]])
tensor([[-0.8514,  1.0000,  0.0000,  0.0000,  0.0000,  0.0000]])
tensor([[-0.8318,  1.0000,  0.0000,  0.0000,  0.0000,  0.0000]])
tensor([[-0.9457,  0.0000,  0.0000,  0.0000,  0.0000,  0.0000]])
tensor([[-0.7224,  1.0000,  0.0000,  0.0000,  0.0000,  0.0000]])
tensor([[-0.1539,  1.0000,  0.0000,  0.0000,  0.0000,  0.0000]])
tensor([[-0.8819,  0.0000,  0.0000,  0.0000,  0.0000,  0.0000]])
tensor([[-0.5072,  0.0000,  0.0000,  0.0000,  0.0000,  0.0000]])
tensor([[-0.2719,  1.0000,  0.0000,  0.0000,  0.0000,  0.0000]])
tensor([[-0.7521,  1.0000,  0.0000,  0.0000,  1.0000,  0.0000]])
tensor([[-0.9668,  1.0000,  0.0000,  0.0000,  0.0000,  0.0000]])
tensor([[-0.4037,  1.0000,  1.0000,  0.0000,  0.0000,  0.0000]])
tensor([[-0.6412,  1.0000,  0.0000,  0.0000,  0.0000,  0.0000]])
tensor([[-0.9682,  1.0000,  0.0000,  0.0000,  0.0000,  0.0000]])
tensor([[-0.7044,  1.0000,  0.0000,  0.0000,  0.0000,  0.0000]])
tensor([[-0.9221,  1.0000,  0.0000,  0.0000,  0.0000,  0.0000]])
tensor([[-0.8175,  1.0000,  0.0000,  0.0000,  0.0000,  0.0000]])
tensor([[-0.0733,  1.0000,  0.0000,  0.0000,  0.0000,  0.0000]])
tensor([[-0.8090,  1.0000,  0.0000,  0.0000,  0.0000,  0.0000]])
tensor([[0.0926, 1.0000, 0.0000, 0.0000, 0.0000, 0.0000]])
tensor([[-0.6640,  1.0000,  0.0000,  0.0000,  0.0000,  0.0000]])
tensor([[-0.5754,  1.0000,  0.0000,  0.0000,  0.0000,  0.0000]])
tensor([[-0.8763,  1.0000,  0.0000,  0.0000,  0.0000,  0.0000]])
tensor([[-0.9299,  1.0000,  0.0000,  1.0000,  0.0000,  0.0000]])
tensor([[-0.9141,  1.0000,  0.0000,  0.0000,  0.0000,  0.0000]])
tensor([[-0.4910,  1.0000,  0.0000,  0.0000,  0.0000,  0.0000]])
tensor([[-0.1395,  1.0000,  0.0000,  0.0000,  0.0000,  0.0000]])
tensor([[-0.8440,  1.0000,  0.0000,  0.0000,  0.0000,  0.0000]])
tensor([[-0.3974,  1.0000,  0.0000,  0.0000,  0.0000,  0.0000]])
tensor([[0.3672, 1.0000, 0.0000, 0.0000, 0.0000, 0.0000]])
tensor([[-0.6586,  1.0000,  0.0000,  0.0000,  0.0000,  0.0000]])
tensor([[-0.2092,  1.0000,  0.0000,  0.0000,  0.0000,  0.0000]])
tensor([[0.5636, 1.0000, 0.0000, 0.0000, 0.0000, 0.0000]])
tensor([[0.4102, 1.0000, 0.0000, 0.0000, 0.0000, 0.0000]])
tensor([[0.7826, 1.0000, 1.0000, 0.0000, 0.0000, 0.0000]])
tensor([[-0.0147,  0.0000,  0.0000,  0.0000,  0.0000,  0.0000]])
tensor([[-0.0843,  1.0000,  0.0000,  0.0000,  0.0000,  0.0000]])
tensor([[0.6515, 1.0000, 0.0000, 0.0000, 0.0000, 0.0000]])
tensor([[-0.2870,  1.0000,  0.0000,  0.0000,  0.0000,  0.0000]])
tensor([[0.7493, 1.0000, 0.0000, 0.0000, 0.0000, 0.0000]])
tensor([[0.8398, 0.0000, 0.0000, 0.0000, 0.0000, 0.0000]])
tensor([[0.8664, 1.0000, 0.0000, 0.0000, 0.0000, 0.0000]])
tensor([[-0.4532,  1.0000,  0.0000,  0.0000,  0.0000,  0.0000]])
tensor([[0.6586, 1.0000, 0.0000, 0.0000, 0.0000, 0.0000]])
tensor([[-0.0605,  1.0000,  0.0000,  0.0000,  0.0000,  0.0000]])
tensor([[-0.5934,  1.0000,  0.0000,  0.0000,  0.0000,  0.0000]])
tensor([[-0.2411,  1.0000,  0.0000,  0.0000,  0.0000,  0.0000]])
tensor([[0.2025, 1.0000, 0.0000, 1.0000, 0.0000, 0.0000]])
tensor([[-0.1870,  1.0000,  0.0000,  0.0000,  0.0000,  0.0000]])
tensor([[-0.4951,  1.0000,  0.0000,  0.0000,  0.0000,  0.0000]])
tensor([[-0.7018,  1.0000,  0.0000,  0.0000,  0.0000,  0.0000]])
tensor([[0.2438, 0.0000, 0.0000, 0.0000, 0.0000, 0.0000]])
tensor([[-0.0166,  1.0000,  0.0000,  0.0000,  0.0000,  0.0000]])
tensor([[-0.1487,  1.0000,  0.0000,  0.0000,  0.0000,  0.0000]])
tensor([[0.2779, 1.0000, 0.0000, 0.0000, 0.0000, 0.0000]])
tensor([[0.7964, 1.0000, 0.0000, 0.0000, 0.0000, 0.0000]])
tensor([[0.1945, 1.0000, 0.0000, 0.0000, 0.0000, 0.0000]])
tensor([[0.7059, 1.0000, 0.0000, 0.0000, 0.0000, 0.0000]])
tensor([[0.8035, 1.0000, 0.0000, 1.0000, 0.0000, 0.0000]])
tensor([[0.5011, 1.0000, 0.0000, 0.0000, 0.0000, 0.0000]])
tensor([[0.0279, 1.0000, 0.0000, 0.0000, 0.0000, 0.0000]])
tensor([[0.4949, 1.0000, 0.0000, 0.0000, 0.0000, 0.0000]])
tensor([[-0.6563,  1.0000,  0.0000,  0.0000,  0.0000,  0.0000]])
tensor([[0.2873, 1.0000, 0.0000, 0.0000, 0.0000, 0.0000]])
tensor([[-0.7455,  1.0000,  0.0000,  0.0000,  0.0000,  0.0000]])
tensor([[-0.8669,  1.0000,  1.0000,  0.0000,  0.0000,  0.0000]])
tensor([[0.5041, 1.0000, 0.0000, 0.0000, 0.0000, 0.0000]])
tensor([[0.2692, 1.0000, 1.0000, 0.0000, 0.0000, 0.0000]])
tensor([[0.4473, 1.0000, 0.0000, 0.0000, 0.0000, 0.0000]])
tensor([[0.7994, 1.0000, 0.0000, 0.0000, 0.0000, 0.0000]])
tensor([[0.4449, 1.0000, 0.0000, 0.0000, 0.0000, 0.0000]])
tensor([[0.7167, 1.0000, 0.0000, 0.0000, 0.0000, 0.0000]])
tensor([[-0.2930,  1.0000,  0.0000,  0.0000,  0.0000,  0.0000]])
tensor([[-0.4031,  0.0000,  0.0000,  0.0000,  0.0000,  0.0000]])
tensor([[0.8093, 1.0000, 1.0000, 0.0000, 0.0000, 0.0000]])
tensor([[-0.5544,  1.0000,  0.0000,  0.0000,  0.0000,  0.0000]])
tensor([[0.9225, 1.0000, 0.0000, 0.0000, 0.0000, 0.0000]])
tensor([[0.5690, 1.0000, 0.0000, 0.0000, 0.0000, 0.0000]])
tensor([[-0.7668,  1.0000,  0.0000,  0.0000,  0.0000,  0.0000]])
tensor([[0.8107, 1.0000, 0.0000, 0.0000, 0.0000, 0.0000]])
tensor([[0.2447, 1.0000, 0.0000, 0.0000, 0.0000, 0.0000]])
tensor([[-0.6351,  1.0000,  0.0000,  0.0000,  0.0000,  0.0000]])
tensor([[-0.5214,  1.0000,  0.0000,  0.0000,  0.0000,  0.0000]])
tensor([[-0.3169,  1.0000,  0.0000,  0.0000,  0.0000,  0.0000]])
tensor([[0.9640, 1.0000, 0.0000, 0.0000, 0.0000, 0.0000]])
tensor([[-0.0181,  1.0000,  0.0000,  0.0000,  0.0000,  0.0000]])
tensor([[-0.0612,  1.0000,  0.0000,  0.0000,  0.0000,  0.0000]])
tensor([[-0.0832,  1.0000,  0.0000,  0.0000,  0.0000,  0.0000]])
tensor([[-0.5012,  1.0000,  0.0000,  0.0000,  0.0000,  0.0000]])
tensor([[0.6583, 1.0000, 0.0000, 0.0000, 0.0000, 0.0000]])
tensor([[0.4714, 1.0000, 0.0000, 0.0000, 0.0000, 0.0000]])
tensor([[0.6091, 1.0000, 0.0000, 0.0000, 0.0000, 0.0000]])
tensor([[0.3388, 1.0000, 0.0000, 0.0000, 0.0000, 0.0000]])
tensor([[-0.0678,  1.0000,  0.0000,  0.0000,  0.0000,  0.0000]])
tensor([[0.9368, 1.0000, 0.0000, 0.0000, 0.0000, 0.0000]])
tensor([[0.3672, 1.0000, 1.0000, 0.0000, 0.0000, 0.0000]])
tensor([[0.6194, 1.0000, 0.0000, 0.0000, 0.0000, 0.0000]])
tensor([[0.8753, 1.0000, 0.0000, 0.0000, 0.0000, 0.0000]])
tensor([[-0.9383,  1.0000,  0.0000,  0.0000,  0.0000,  0.0000]])
tensor([[-0.6156,  1.0000,  0.0000,  0.0000,  0.0000,  0.0000]])
tensor([[-0.5353,  1.0000,  1.0000,  0.0000,  0.0000,  0.0000]])
tensor([[0.6261, 0.0000, 0.0000, 0.0000, 0.0000, 0.0000]])
tensor([[0.7346, 1.0000, 0.0000, 0.0000, 0.0000, 0.0000]])
tensor([[0.3363, 1.0000, 0.0000, 0.0000, 0.0000, 0.0000]])
tensor([[0.8687, 1.0000, 0.0000, 0.0000, 0.0000, 0.0000]])
tensor([[-0.7397,  1.0000,  0.0000,  0.0000,  0.0000,  0.0000]])
tensor([[-0.6539,  1.0000,  0.0000,  1.0000,  0.0000,  0.0000]])
tensor([[-0.2399,  1.0000,  0.0000,  0.0000,  0.0000,  0.0000]])
tensor([[0.8572, 1.0000, 1.0000, 0.0000, 0.0000, 0.0000]])
tensor([[0.5110, 1.0000, 0.0000, 0.0000, 0.0000, 0.0000]])
tensor([[-0.9274,  1.0000,  0.0000,  0.0000,  0.0000,  0.0000]])
tensor([[-0.7104,  1.0000,  0.0000,  0.0000,  0.0000,  0.0000]])
tensor([[0.1215, 1.0000, 0.0000, 0.0000, 0.0000, 0.0000]])
tensor([[0.5244, 1.0000, 1.0000, 0.0000, 0.0000, 0.0000]])
tensor([[-0.2498,  1.0000,  0.0000,  0.0000,  0.0000,  0.0000]])
tensor([[-0.8457,  1.0000,  0.0000,  0.0000,  0.0000,  0.0000]])
tensor([[0.1885, 1.0000, 0.0000, 0.0000, 0.0000, 0.0000]])
tensor([[-0.5356,  1.0000,  0.0000,  0.0000,  0.0000,  0.0000]])
tensor([[0.2501, 1.0000, 0.0000, 0.0000, 0.0000, 0.0000]])
tensor([[0.8401, 1.0000, 0.0000, 0.0000, 0.0000, 0.0000]])
tensor([[0.9370, 1.0000, 0.0000, 0.0000, 0.0000, 0.0000]])
tensor([[0.2777, 0.0000, 0.0000, 0.0000, 0.0000, 0.0000]])
tensor([[0.1227, 1.0000, 0.0000, 0.0000, 0.0000, 0.0000]])
tensor([[-0.2645,  1.0000,  0.0000,  0.0000,  0.0000,  0.0000]])
tensor([[0.6186, 1.0000, 0.0000, 0.0000, 0.0000, 0.0000]])
tensor([[-0.2919,  0.0000,  1.0000,  0.0000,  0.0000,  0.0000]])
tensor([[-0.8286,  1.0000,  0.0000,  1.0000,  0.0000,  0.0000]])
tensor([[-0.9833,  1.0000,  0.0000,  0.0000,  0.0000,  0.0000]])
tensor([[-0.1053,  1.0000,  0.0000,  0.0000,  0.0000,  0.0000]])
tensor([[0.8419, 1.0000, 1.0000, 0.0000, 0.0000, 0.0000]])
tensor([[-0.3081,  1.0000,  0.0000,  0.0000,  0.0000,  0.0000]])
tensor([[0.1807, 1.0000, 0.0000, 0.0000, 0.0000, 0.0000]])
tensor([[-0.5563,  1.0000,  0.0000,  0.0000,  0.0000,  0.0000]])
tensor([[0.6343, 1.0000, 0.0000, 0.0000, 0.0000, 0.0000]])
tensor([[-0.8070,  1.0000,  0.0000,  0.0000,  0.0000,  0.0000]])
tensor([[0.2182, 1.0000, 0.0000, 0.0000, 0.0000, 0.0000]])
tensor([[-0.8305,  0.0000,  0.0000,  0.0000,  0.0000,  0.0000]])
tensor([[0.5820, 1.0000, 0.0000, 0.0000, 0.0000, 0.0000]])
tensor([[-0.8624,  1.0000,  0.0000,  0.0000,  0.0000,  0.0000]])
tensor([[-0.1108,  1.0000,  0.0000,  0.0000,  0.0000,  0.0000]])
tensor([[-0.7777,  1.0000,  0.0000,  0.0000,  0.0000,  0.0000]])
tensor([[-0.5395,  1.0000,  0.0000,  0.0000,  0.0000,  0.0000]])
tensor([[0.0239, 1.0000, 0.0000, 0.0000, 0.0000, 0.0000]])
tensor([[0.1122, 1.0000, 0.0000, 0.0000, 0.0000, 0.0000]])
tensor([[-0.0522,  1.0000,  0.0000,  0.0000,  0.0000,  0.0000]])
tensor([[-0.1262,  1.0000,  0.0000,  0.0000,  0.0000,  0.0000]])
tensor([[0.8707, 1.0000, 0.0000, 0.0000, 0.0000, 0.0000]])
tensor([[-0.2909,  1.0000,  0.0000,  0.0000,  0.0000,  0.0000]])
tensor([[-0.7474,  1.0000,  0.0000,  0.0000,  0.0000,  0.0000]])
tensor([[-0.4403,  1.0000,  0.0000,  0.0000,  0.0000,  0.0000]])
tensor([[-0.5227,  0.0000,  1.0000,  0.0000,  0.0000,  0.0000]])
tensor([[0.3511, 1.0000, 0.0000, 0.0000, 0.0000, 0.0000]])
tensor([[0.0684, 0.0000, 0.0000, 0.0000, 0.0000, 0.0000]])
tensor([[0.8779, 1.0000, 0.0000, 0.0000, 0.0000, 0.0000]])
tensor([[0.5237, 1.0000, 0.0000, 0.0000, 0.0000, 0.0000]])
tensor([[-0.7084,  1.0000,  0.0000,  0.0000,  0.0000,  0.0000]])
tensor([[-0.0132,  1.0000,  0.0000,  1.0000,  0.0000,  0.0000]])
tensor([[0.3017, 1.0000, 0.0000, 0.0000, 0.0000, 0.0000]])
tensor([[0.3002, 1.0000, 0.0000, 0.0000, 0.0000, 0.0000]])
tensor([[-0.8765,  1.0000,  0.0000,  0.0000,  0.0000,  0.0000]])
tensor([[0.6298, 1.0000, 0.0000, 0.0000, 0.0000, 0.0000]])
tensor([[0.1172, 1.0000, 0.0000, 0.0000, 0.0000, 0.0000]])
tensor([[-0.6658,  1.0000,  0.0000,  0.0000,  0.0000,  0.0000]])
tensor([[0.6486, 1.0000, 0.0000, 0.0000, 0.0000, 0.0000]])
tensor([[0.6275, 1.0000, 0.0000, 0.0000, 0.0000, 0.0000]])
tensor([[-0.4278,  1.0000,  0.0000,  0.0000,  0.0000,  0.0000]])
tensor([[-0.4472,  1.0000,  0.0000,  0.0000,  0.0000,  0.0000]])
tensor([[-0.9466,  1.0000,  0.0000,  0.0000,  0.0000,  0.0000]])
tensor([[-0.4724,  1.0000,  0.0000,  0.0000,  0.0000,  0.0000]])
tensor([[-0.4978,  1.0000,  0.0000,  0.0000,  1.0000,  0.0000]])
tensor([[-0.5310,  1.0000,  0.0000,  0.0000,  0.0000,  0.0000]])
tensor([[0.2838, 1.0000, 0.0000, 1.0000, 0.0000, 0.0000]])
tensor([[0.8898, 1.0000, 0.0000, 0.0000, 0.0000, 0.0000]])
tensor([[-0.5007,  1.0000,  0.0000,  0.0000,  1.0000,  0.0000]])
tensor([[0.1419, 1.0000, 1.0000, 0.0000, 0.0000, 0.0000]])
tensor([[-0.7694,  1.0000,  0.0000,  0.0000,  0.0000,  0.0000]])
tensor([[-0.1800,  1.0000,  0.0000,  1.0000,  0.0000,  0.0000]])
tensor([[-0.8467,  1.0000,  0.0000,  0.0000,  0.0000,  0.0000]])
tensor([[-0.7591,  1.0000,  0.0000,  0.0000,  0.0000,  0.0000]])
tensor([[-0.8011,  1.0000,  0.0000,  0.0000,  0.0000,  0.0000]])
tensor([[-0.6963,  1.0000,  0.0000,  0.0000,  0.0000,  0.0000]])
tensor([[0.1242, 0.0000, 0.0000, 0.0000, 0.0000, 0.0000]])
tensor([[-0.5391,  1.0000,  0.0000,  0.0000,  0.0000,  0.0000]])
tensor([[0.7737, 1.0000, 1.0000, 0.0000, 0.0000, 0.0000]])
tensor([[-0.0477,  0.0000,  0.0000,  0.0000,  0.0000,  0.0000]])
tensor([[-0.9360,  1.0000,  0.0000,  0.0000,  0.0000,  0.0000]])
tensor([[0.9383, 1.0000, 0.0000, 0.0000, 0.0000, 0.0000]])
tensor([[-0.5125,  1.0000,  0.0000,  0.0000,  0.0000,  0.0000]])
tensor([[-0.1344,  1.0000,  0.0000,  0.0000,  0.0000,  0.0000]])
tensor([[0.3887, 1.0000, 0.0000, 0.0000, 0.0000, 0.0000]])
tensor([[0.2543, 1.0000, 0.0000, 0.0000, 0.0000, 0.0000]])
tensor([[-0.8865,  1.0000,  0.0000,  0.0000,  0.0000,  0.0000]])
tensor([[0.4180, 1.0000, 0.0000, 0.0000, 0.0000, 0.0000]])
tensor([[-0.7202,  1.0000,  0.0000,  0.0000,  0.0000,  0.0000]])
tensor([[0.9528, 1.0000, 0.0000, 0.0000, 0.0000, 0.0000]])
tensor([[0.4530, 1.0000, 0.0000, 0.0000, 0.0000, 0.0000]])
tensor([[-0.8838,  1.0000,  0.0000,  0.0000,  0.0000,  0.0000]])
tensor([[0.7260, 1.0000, 0.0000, 0.0000, 0.0000, 0.0000]])
tensor([[-0.1184,  1.0000,  0.0000,  0.0000,  0.0000,  0.0000]])
tensor([[-0.0267,  1.0000,  0.0000,  0.0000,  0.0000,  0.0000]])
tensor([[0.5687, 1.0000, 0.0000, 0.0000, 0.0000, 0.0000]])
tensor([[-0.7983,  1.0000,  0.0000,  0.0000,  0.0000,  0.0000]])
tensor([[0.0712, 1.0000, 0.0000, 0.0000, 0.0000, 0.0000]])
tensor([[-0.3393,  1.0000,  0.0000,  1.0000,  0.0000,  0.0000]])
tensor([[-0.5106,  1.0000,  0.0000,  0.0000,  0.0000,  0.0000]])
tensor([[0.8194, 1.0000, 0.0000, 0.0000, 0.0000, 0.0000]])
tensor([[-0.0242,  1.0000,  0.0000,  1.0000,  0.0000,  0.0000]])
tensor([[-0.4048,  0.0000,  0.0000,  0.0000,  0.0000,  0.0000]])
tensor([[0.2559, 1.0000, 0.0000, 0.0000, 0.0000, 0.0000]])
tensor([[0.7907, 1.0000, 0.0000, 0.0000, 0.0000, 0.0000]])
tensor([[0.4800, 1.0000, 0.0000, 0.0000, 0.0000, 0.0000]])
tensor([[0.8418, 1.0000, 0.0000, 0.0000, 0.0000, 0.0000]])
tensor([[0.9146, 1.0000, 0.0000, 0.0000, 0.0000, 0.0000]])
tensor([[0.2025, 1.0000, 0.0000, 0.0000, 0.0000, 0.0000]])
tensor([[-0.3910,  1.0000,  0.0000,  0.0000,  0.0000,  0.0000]])
tensor([[0.4589, 1.0000, 1.0000, 0.0000, 0.0000, 0.0000]])
tensor([[-0.4913,  1.0000,  0.0000,  0.0000,  0.0000,  0.0000]])
tensor([[0.3116, 1.0000, 0.0000, 0.0000, 0.0000, 0.0000]])
tensor([[0.0757, 1.0000, 0.0000, 0.0000, 0.0000, 0.0000]])
tensor([[0.0780, 1.0000, 0.0000, 0.0000, 0.0000, 0.0000]])
tensor([[0.6495, 1.0000, 1.0000, 0.0000, 0.0000, 0.0000]])
tensor([[0.7681, 1.0000, 0.0000, 0.0000, 0.0000, 0.0000]])
tensor([[-0.3708,  1.0000,  0.0000,  0.0000,  0.0000,  0.0000]])
tensor([[-0.6445,  1.0000,  0.0000,  0.0000,  0.0000,  0.0000]])
tensor([[0.8318, 1.0000, 0.0000, 0.0000, 0.0000, 0.0000]])
tensor([[0.8827, 1.0000, 0.0000, 0.0000, 0.0000, 0.0000]])
tensor([[-0.7517,  1.0000,  0.0000,  0.0000,  0.0000,  0.0000]])
tensor([[0.6685, 1.0000, 0.0000, 0.0000, 0.0000, 0.0000]])
tensor([[-0.4143,  1.0000,  0.0000,  0.0000,  0.0000,  0.0000]])
tensor([[0.3755, 1.0000, 0.0000, 0.0000, 0.0000, 0.0000]])
tensor([[0.1873, 0.0000, 0.0000, 0.0000, 0.0000, 0.0000]])
tensor([[-0.3980,  1.0000,  0.0000,  0.0000,  0.0000,  0.0000]])
tensor([[0.4538, 1.0000, 0.0000, 0.0000, 0.0000, 0.0000]])
tensor([[0.2513, 1.0000, 0.0000, 0.0000, 0.0000, 0.0000]])
tensor([[-0.8317,  1.0000,  0.0000,  0.0000,  0.0000,  0.0000]])
tensor([[-0.6559,  1.0000,  0.0000,  0.0000,  0.0000,  0.0000]])
tensor([[-0.2927,  1.0000,  0.0000,  0.0000,  0.0000,  0.0000]])
tensor([[0.3508, 1.0000, 0.0000, 0.0000, 0.0000, 0.0000]])
tensor([[0.1233, 1.0000, 0.0000, 0.0000, 0.0000, 0.0000]])
tensor([[0.8727, 1.0000, 0.0000, 0.0000, 0.0000, 0.0000]])
tensor([[0.0399, 1.0000, 0.0000, 0.0000, 0.0000, 0.0000]])
tensor([[-0.0133,  1.0000,  0.0000,  0.0000,  0.0000,  0.0000]])
tensor([[-0.5133,  1.0000,  0.0000,  0.0000,  0.0000,  0.0000]])
tensor([[0.4784, 1.0000, 0.0000, 0.0000, 0.0000, 0.0000]])
tensor([[0.8177, 0.0000, 0.0000, 0.0000, 0.0000, 0.0000]])
tensor([[0.4139, 0.0000, 0.0000, 0.0000, 0.0000, 0.0000]])
tensor([[-0.6827,  1.0000,  1.0000,  0.0000,  0.0000,  0.0000]])
tensor([[-0.6331,  1.0000,  0.0000,  0.0000,  0.0000,  0.0000]])
tensor([[0.1446, 1.0000, 0.0000, 0.0000, 0.0000, 0.0000]])
tensor([[0.5940, 1.0000, 1.0000, 0.0000, 0.0000, 0.0000]])
tensor([[-0.5962,  1.0000,  0.0000,  0.0000,  0.0000,  0.0000]])
tensor([[0.4120, 1.0000, 0.0000, 0.0000, 0.0000, 0.0000]])
tensor([[0.8558, 1.0000, 0.0000, 0.0000, 0.0000, 0.0000]])
tensor([[-0.5159,  1.0000,  0.0000,  0.0000,  0.0000,  0.0000]])
tensor([[-0.2790,  1.0000,  0.0000,  0.0000,  0.0000,  0.0000]])
tensor([[-0.7121,  1.0000,  0.0000,  0.0000,  0.0000,  0.0000]])
tensor([[-0.2844,  1.0000,  0.0000,  0.0000,  0.0000,  0.0000]])
tensor([[-0.5723,  0.0000,  1.0000,  0.0000,  0.0000,  0.0000]])
tensor([[0.8483, 1.0000, 0.0000, 0.0000, 0.0000, 0.0000]])
tensor([[0.5613, 1.0000, 0.0000, 0.0000, 0.0000, 0.0000]])
tensor([[-0.5357,  1.0000,  0.0000,  0.0000,  0.0000,  0.0000]])
tensor([[-0.8829,  1.0000,  0.0000,  0.0000,  0.0000,  0.0000]])
tensor([[0.2117, 0.0000, 0.0000, 0.0000, 0.0000, 0.0000]])
tensor([[0.6159, 1.0000, 0.0000, 0.0000, 0.0000, 0.0000]])
tensor([[-0.0386,  1.0000,  0.0000,  0.0000,  0.0000,  0.0000]])
tensor([[0.0201, 0.0000, 0.0000, 0.0000, 0.0000, 0.0000]])
tensor([[-0.4039,  1.0000,  0.0000,  0.0000,  0.0000,  0.0000]])
tensor([[-0.5142,  1.0000,  0.0000,  0.0000,  0.0000,  0.0000]])
tensor([[0.9677, 1.0000, 0.0000, 0.0000, 0.0000, 0.0000]])
tensor([[-0.6077,  1.0000,  0.0000,  0.0000,  0.0000,  0.0000]])
tensor([[-0.9207,  1.0000,  0.0000,  0.0000,  0.0000,  0.0000]])
tensor([[-0.2773,  1.0000,  0.0000,  1.0000,  0.0000,  0.0000]])
tensor([[0.0409, 1.0000, 0.0000, 0.0000, 0.0000, 0.0000]])
tensor([[-0.7804,  1.0000,  0.0000,  0.0000,  0.0000,  0.0000]])
tensor([[-0.4105,  1.0000,  0.0000,  0.0000,  0.0000,  0.0000]])
tensor([[-0.3260,  1.0000,  0.0000,  0.0000,  0.0000,  0.0000]])
tensor([[-0.3228,  1.0000,  0.0000,  0.0000,  0.0000,  0.0000]])
tensor([[0.9690, 1.0000, 0.0000, 0.0000, 0.0000, 0.0000]])
tensor([[0.7878, 1.0000, 0.0000, 0.0000, 0.0000, 0.0000]])
tensor([[-0.5176,  1.0000,  0.0000,  0.0000,  0.0000,  0.0000]])
tensor([[0.6029, 1.0000, 1.0000, 1.0000, 0.0000, 0.0000]])
tensor([[-0.6486,  1.0000,  0.0000,  0.0000,  0.0000,  0.0000]])
tensor([[-0.5653,  1.0000,  1.0000,  0.0000,  0.0000,  0.0000]])
tensor([[-0.2079,  1.0000,  0.0000,  0.0000,  0.0000,  0.0000]])
tensor([[-0.4631,  1.0000,  0.0000,  1.0000,  0.0000,  0.0000]])
tensor([[-0.0035,  1.0000,  0.0000,  0.0000,  0.0000,  0.0000]])
tensor([[0.3198, 0.0000, 0.0000, 0.0000, 0.0000, 0.0000]])
tensor([[0.1591, 1.0000, 0.0000, 0.0000, 0.0000, 0.0000]])
tensor([[-0.6557,  1.0000,  0.0000,  0.0000,  0.0000,  0.0000]])
tensor([[0.0915, 0.0000, 0.0000, 0.0000, 1.0000, 0.0000]])
tensor([[-0.3316,  1.0000,  0.0000,  0.0000,  0.0000,  0.0000]])
tensor([[-0.1124,  1.0000,  0.0000,  0.0000,  0.0000,  0.0000]])
tensor([[-0.4861,  1.0000,  0.0000,  1.0000,  0.0000,  0.0000]])
tensor([[-0.3091,  1.0000,  0.0000,  0.0000,  0.0000,  0.0000]])
tensor([[-0.8606,  1.0000,  0.0000,  0.0000,  0.0000,  0.0000]])
tensor([[0.8871, 1.0000, 0.0000, 0.0000, 0.0000, 0.0000]])
tensor([[-0.7000,  1.0000,  0.0000,  0.0000,  0.0000,  0.0000]])
tensor([[0.4397, 1.0000, 0.0000, 0.0000, 0.0000, 0.0000]])
tensor([[0.1754, 1.0000, 0.0000, 0.0000, 0.0000, 0.0000]])
tensor([[-0.5608,  1.0000,  0.0000,  0.0000,  0.0000,  0.0000]])
tensor([[-0.4752,  1.0000,  0.0000,  0.0000,  0.0000,  0.0000]])
tensor([[0.7722, 1.0000, 0.0000, 0.0000, 0.0000, 0.0000]])
tensor([[-0.9194,  1.0000,  0.0000,  0.0000,  0.0000,  0.0000]])
tensor([[-0.9615,  1.0000,  0.0000,  0.0000,  0.0000,  0.0000]])
tensor([[0.4189, 1.0000, 0.0000, 0.0000, 0.0000, 0.0000]])
tensor([[0.1145, 1.0000, 0.0000, 1.0000, 0.0000, 0.0000]])
tensor([[0.1910, 1.0000, 0.0000, 0.0000, 0.0000, 0.0000]])
tensor([[0.3443, 1.0000, 0.0000, 0.0000, 0.0000, 0.0000]])
tensor([[-0.1599,  1.0000,  0.0000,  0.0000,  0.0000,  0.0000]])
tensor([[-0.8159,  1.0000,  0.0000,  1.0000,  0.0000,  0.0000]])
tensor([[0.2282, 1.0000, 0.0000, 0.0000, 0.0000, 0.0000]])
tensor([[-0.7717,  1.0000,  0.0000,  0.0000,  0.0000,  0.0000]])
tensor([[0.6934, 1.0000, 0.0000, 0.0000, 0.0000, 0.0000]])
tensor([[0.0887, 1.0000, 0.0000, 0.0000, 0.0000, 0.0000]])
tensor([[-0.5133,  1.0000,  1.0000,  0.0000,  0.0000,  0.0000]])
tensor([[-0.0849,  1.0000,  0.0000,  0.0000,  0.0000,  0.0000]])
tensor([[-0.0819,  1.0000,  1.0000,  1.0000,  0.0000,  0.0000]])
tensor([[-0.9322,  1.0000,  0.0000,  0.0000,  0.0000,  0.0000]])
tensor([[-0.4508,  1.0000,  0.0000,  0.0000,  0.0000,  0.0000]])
tensor([[-0.8760,  1.0000,  0.0000,  0.0000,  0.0000,  0.0000]])
tensor([[0.7740, 1.0000, 1.0000, 0.0000, 0.0000, 0.0000]])
tensor([[-0.8035,  0.0000,  0.0000,  0.0000,  0.0000,  0.0000]])
tensor([[-0.1876,  1.0000,  0.0000,  0.0000,  0.0000,  0.0000]])
tensor([[0.6848, 1.0000, 0.0000, 1.0000, 0.0000, 0.0000]])
tensor([[-0.8238,  1.0000,  0.0000,  0.0000,  0.0000,  0.0000]])
tensor([[-0.7562,  1.0000,  0.0000,  0.0000,  0.0000,  0.0000]])
tensor([[-0.4418,  1.0000,  1.0000,  0.0000,  0.0000,  0.0000]])
tensor([[0.4449, 1.0000, 0.0000, 0.0000, 0.0000, 0.0000]])
tensor([[0.0889, 1.0000, 0.0000, 0.0000, 0.0000, 0.0000]])
tensor([[0.7696, 1.0000, 0.0000, 0.0000, 0.0000, 0.0000]])
tensor([[-0.2374,  1.0000,  0.0000,  0.0000,  0.0000,  0.0000]])
tensor([[0.5859, 1.0000, 0.0000, 0.0000, 0.0000, 0.0000]])
tensor([[0.5731, 1.0000, 0.0000, 0.0000, 0.0000, 0.0000]])
tensor([[-0.3023,  0.0000,  0.0000,  0.0000,  0.0000,  0.0000]])
tensor([[-0.6589,  0.0000,  0.0000,  0.0000,  0.0000,  0.0000]])
tensor([[0.3785, 0.0000, 0.0000, 0.0000, 0.0000, 0.0000]])
tensor([[-0.4623,  1.0000,  0.0000,  0.0000,  0.0000,  0.0000]])
tensor([[-0.1513,  1.0000,  0.0000,  0.0000,  0.0000,  0.0000]])
tensor([[-0.4018,  1.0000,  0.0000,  0.0000,  0.0000,  0.0000]])
tensor([[0.2386, 1.0000, 0.0000, 0.0000, 0.0000, 0.0000]])
tensor([[0.8759, 1.0000, 0.0000, 0.0000, 0.0000, 0.0000]])
tensor([[-0.5806,  1.0000,  0.0000,  0.0000,  0.0000,  0.0000]])
tensor([[0.0879, 1.0000, 0.0000, 0.0000, 0.0000, 0.0000]])
tensor([[0.7423, 1.0000, 0.0000, 0.0000, 0.0000, 0.0000]])
tensor([[-0.2968,  1.0000,  0.0000,  0.0000,  0.0000,  0.0000]])
tensor([[0.8001, 1.0000, 0.0000, 0.0000, 0.0000, 0.0000]])
tensor([[0.5448, 1.0000, 0.0000, 0.0000, 0.0000, 0.0000]])
tensor([[0.3429, 1.0000, 0.0000, 0.0000, 0.0000, 0.0000]])
tensor([[0.3263, 1.0000, 0.0000, 0.0000, 0.0000, 0.0000]])
tensor([[-0.7810,  1.0000,  1.0000,  0.0000,  0.0000,  0.0000]])
tensor([[-0.6896,  1.0000,  0.0000,  0.0000,  0.0000,  0.0000]])
tensor([[0.3301, 1.0000, 0.0000, 0.0000, 0.0000, 0.0000]])
tensor([[0.6383, 1.0000, 1.0000, 0.0000, 0.0000, 0.0000]])
tensor([[-0.4929,  1.0000,  0.0000,  0.0000,  0.0000,  0.0000]])
tensor([[-0.5806,  1.0000,  0.0000,  0.0000,  0.0000,  0.0000]])
tensor([[0.0375, 1.0000, 0.0000, 0.0000, 0.0000, 0.0000]])
tensor([[0.1988, 1.0000, 0.0000, 0.0000, 0.0000, 0.0000]])
tensor([[0.3845, 1.0000, 0.0000, 0.0000, 0.0000, 0.0000]])
tensor([[0.3433, 1.0000, 0.0000, 0.0000, 0.0000, 0.0000]])
tensor([[0.7437, 1.0000, 0.0000, 0.0000, 0.0000, 0.0000]])
tensor([[0.2581, 1.0000, 0.0000, 0.0000, 0.0000, 0.0000]])
tensor([[-0.8610,  1.0000,  0.0000,  0.0000,  0.0000,  0.0000]])
tensor([[-0.6452,  1.0000,  0.0000,  0.0000,  0.0000,  0.0000]])
tensor([[-0.5747,  1.0000,  0.0000,  0.0000,  0.0000,  0.0000]])
tensor([[-0.6680,  1.0000,  0.0000,  0.0000,  0.0000,  0.0000]])
tensor([[-0.7462,  1.0000,  0.0000,  0.0000,  0.0000,  0.0000]])
tensor([[-0.2480,  1.0000,  0.0000,  0.0000,  0.0000,  0.0000]])
tensor([[-0.6847,  1.0000,  0.0000,  0.0000,  0.0000,  0.0000]])
tensor([[-0.7098,  1.0000,  0.0000,  0.0000,  0.0000,  0.0000]])
tensor([[-0.4608,  1.0000,  0.0000,  0.0000,  1.0000,  0.0000]])
tensor([[0.2924, 1.0000, 0.0000, 0.0000, 0.0000, 0.0000]])
tensor([[0.0904, 1.0000, 0.0000, 0.0000, 0.0000, 0.0000]])
tensor([[-0.3589,  1.0000,  0.0000,  0.0000,  0.0000,  0.0000]])
tensor([[-0.0182,  1.0000,  0.0000,  0.0000,  0.0000,  0.0000]])
tensor([[0.9312, 1.0000, 1.0000, 0.0000, 0.0000, 0.0000]])
tensor([[-0.7711,  1.0000,  0.0000,  0.0000,  0.0000,  0.0000]])
tensor([[-0.2137,  1.0000,  0.0000,  0.0000,  0.0000,  0.0000]])
tensor([[-0.5905,  1.0000,  0.0000,  0.0000,  0.0000,  0.0000]])
tensor([[0.7838, 1.0000, 0.0000, 0.0000, 0.0000, 0.0000]])
tensor([[-0.0225,  1.0000,  0.0000,  0.0000,  0.0000,  0.0000]])
tensor([[-0.5890,  1.0000,  0.0000,  0.0000,  0.0000,  0.0000]])
tensor([[-0.0563,  1.0000,  0.0000,  0.0000,  0.0000,  0.0000]])
tensor([[-0.6917,  1.0000,  0.0000,  0.0000,  0.0000,  0.0000]])
tensor([[-0.6372,  1.0000,  0.0000,  0.0000,  0.0000,  0.0000]])
tensor([[0.1489, 1.0000, 0.0000, 0.0000, 0.0000, 0.0000]])
tensor([[-0.5744,  1.0000,  0.0000,  0.0000,  0.0000,  0.0000]])
tensor([[-0.4239,  1.0000,  1.0000,  0.0000,  0.0000,  0.0000]])
tensor([[-0.3527,  1.0000,  0.0000,  0.0000,  0.0000,  0.0000]])
tensor([[0.0461, 1.0000, 0.0000, 0.0000, 0.0000, 0.0000]])
tensor([[-0.2413,  1.0000,  0.0000,  0.0000,  0.0000,  0.0000]])
tensor([[0.7269, 1.0000, 0.0000, 0.0000, 0.0000, 0.0000]])
tensor([[-0.3332,  1.0000,  0.0000,  0.0000,  0.0000,  0.0000]])
tensor([[0.6072, 1.0000, 0.0000, 0.0000, 0.0000, 0.0000]])
tensor([[-0.3820,  1.0000,  0.0000,  0.0000,  0.0000,  0.0000]])
tensor([[0.2039, 1.0000, 0.0000, 0.0000, 0.0000, 0.0000]])
tensor([[-0.0684,  1.0000,  0.0000,  0.0000,  0.0000,  0.0000]])
tensor([[-0.4254,  0.0000,  1.0000,  0.0000,  0.0000,  0.0000]])
tensor([[-0.6311,  1.0000,  0.0000,  0.0000,  0.0000,  0.0000]])
tensor([[-0.7075,  1.0000,  0.0000,  0.0000,  0.0000,  0.0000]])
tensor([[-0.7179,  1.0000,  0.0000,  0.0000,  0.0000,  0.0000]])
tensor([[-0.2097,  1.0000,  0.0000,  0.0000,  0.0000,  0.0000]])
tensor([[-0.5808,  1.0000,  0.0000,  0.0000,  0.0000,  0.0000]])
tensor([[0.2136, 1.0000, 0.0000, 0.0000, 0.0000, 0.0000]])
tensor([[-0.5856,  1.0000,  0.0000,  0.0000,  0.0000,  0.0000]])
tensor([[0.7351, 1.0000, 1.0000, 0.0000, 0.0000, 0.0000]])
tensor([[0.5748, 1.0000, 1.0000, 0.0000, 0.0000, 0.0000]])
tensor([[-0.1229,  1.0000,  1.0000,  0.0000,  0.0000,  0.0000]])
tensor([[-0.3689,  1.0000,  0.0000,  0.0000,  0.0000,  0.0000]])
tensor([[0.1810, 1.0000, 0.0000, 0.0000, 0.0000, 0.0000]])
tensor([[-0.6245,  1.0000,  0.0000,  0.0000,  0.0000,  0.0000]])
tensor([[-0.6172,  1.0000,  0.0000,  0.0000,  0.0000,  0.0000]])
tensor([[-0.0389,  1.0000,  0.0000,  0.0000,  0.0000,  0.0000]])
tensor([[-0.3215,  1.0000,  0.0000,  0.0000,  0.0000,  0.0000]])
tensor([[-0.0612,  1.0000,  0.0000,  0.0000,  0.0000,  0.0000]])
tensor([[0.0976, 1.0000, 0.0000, 0.0000, 0.0000, 0.0000]])
tensor([[-0.0861,  1.0000,  0.0000,  0.0000,  0.0000,  0.0000]])
tensor([[-0.3269,  1.0000,  1.0000,  1.0000,  0.0000,  0.0000]])
tensor([[-0.7700,  1.0000,  0.0000,  0.0000,  0.0000,  0.0000]])
tensor([[-0.4264,  1.0000,  0.0000,  0.0000,  0.0000,  0.0000]])
tensor([[-0.2947,  1.0000,  0.0000,  0.0000,  0.0000,  0.0000]])
tensor([[-0.0147,  1.0000,  0.0000,  0.0000,  0.0000,  0.0000]])
tensor([[0.9075, 1.0000, 1.0000, 0.0000, 0.0000, 0.0000]])
tensor([[0.2527, 1.0000, 0.0000, 0.0000, 0.0000, 0.0000]])
tensor([[-0.0358,  1.0000,  0.0000,  0.0000,  0.0000,  0.0000]])
tensor([[-0.2728,  1.0000,  0.0000,  0.0000,  0.0000,  0.0000]])
tensor([[0.0162, 1.0000, 0.0000, 0.0000, 0.0000, 0.0000]])
tensor([[-0.8515,  1.0000,  0.0000,  0.0000,  0.0000,  0.0000]])
tensor([[-0.7172,  1.0000,  0.0000,  0.0000,  0.0000,  0.0000]])
tensor([[-0.5007,  1.0000,  0.0000,  0.0000,  0.0000,  0.0000]])
tensor([[-0.4346,  1.0000,  0.0000,  0.0000,  0.0000,  0.0000]])
tensor([[0.1662, 1.0000, 0.0000, 0.0000, 0.0000, 0.0000]])
tensor([[-0.1272,  1.0000,  0.0000,  0.0000,  0.0000,  0.0000]])
tensor([[-0.7780,  0.0000,  0.0000,  0.0000,  0.0000,  0.0000]])
tensor([[-0.4666,  1.0000,  1.0000,  0.0000,  0.0000,  0.0000]])
tensor([[0.1099, 1.0000, 0.0000, 0.0000, 0.0000, 0.0000]])
tensor([[-0.8568,  1.0000,  0.0000,  0.0000,  0.0000,  0.0000]])
tensor([[0.4110, 1.0000, 0.0000, 0.0000, 0.0000, 0.0000]])
tensor([[-0.0351,  0.0000,  0.0000,  0.0000,  0.0000,  0.0000]])
tensor([[0.8142, 0.0000, 0.0000, 0.0000, 0.0000, 0.0000]])
tensor([[0.3825, 1.0000, 1.0000, 0.0000, 0.0000, 0.0000]])
tensor([[-0.9122,  1.0000,  0.0000,  0.0000,  0.0000,  0.0000]])
tensor([[0.1799, 1.0000, 0.0000, 0.0000, 0.0000, 0.0000]])
tensor([[0.7053, 1.0000, 0.0000, 0.0000, 0.0000, 0.0000]])
tensor([[0.1186, 1.0000, 0.0000, 0.0000, 0.0000, 0.0000]])
tensor([[-0.7226,  1.0000,  0.0000,  0.0000,  0.0000,  0.0000]])
tensor([[0.7721, 1.0000, 0.0000, 0.0000, 1.0000, 0.0000]])
tensor([[-0.6688,  1.0000,  0.0000,  0.0000,  0.0000,  0.0000]])
tensor([[-0.1837,  0.0000,  0.0000,  0.0000,  0.0000,  0.0000]])
tensor([[-0.0184,  1.0000,  1.0000,  0.0000,  0.0000,  0.0000]])
tensor([[-0.6881,  1.0000,  0.0000,  0.0000,  0.0000,  0.0000]])
tensor([[-0.5914,  1.0000,  0.0000,  0.0000,  0.0000,  0.0000]])
tensor([[0.6485, 1.0000, 1.0000, 0.0000, 0.0000, 0.0000]])
tensor([[0.9185, 1.0000, 0.0000, 0.0000, 0.0000, 0.0000]])
tensor([[-0.5071,  1.0000,  0.0000,  0.0000,  0.0000,  0.0000]])
tensor([[0.0795, 1.0000, 0.0000, 0.0000, 0.0000, 0.0000]])
tensor([[0.2775, 0.0000, 0.0000, 0.0000, 0.0000, 0.0000]])
tensor([[0.1367, 1.0000, 0.0000, 1.0000, 0.0000, 0.0000]])
tensor([[-0.7283,  1.0000,  0.0000,  0.0000,  0.0000,  0.0000]])
tensor([[0.6575, 1.0000, 0.0000, 0.0000, 0.0000, 0.0000]])
tensor([[0.0277, 1.0000, 1.0000, 0.0000, 0.0000, 0.0000]])
tensor([[-0.5782,  1.0000,  0.0000,  0.0000,  0.0000,  0.0000]])
tensor([[-0.4774,  1.0000,  0.0000,  0.0000,  0.0000,  0.0000]])
tensor([[-0.5359,  1.0000,  0.0000,  0.0000,  0.0000,  0.0000]])
tensor([[0.2862, 1.0000, 1.0000, 0.0000, 0.0000, 0.0000]])
tensor([[0.7386, 1.0000, 0.0000, 0.0000, 0.0000, 0.0000]])
tensor([[0.3687, 1.0000, 0.0000, 0.0000, 0.0000, 0.0000]])
tensor([[0.3556, 1.0000, 0.0000, 0.0000, 0.0000, 0.0000]])
tensor([[-0.7218,  1.0000,  0.0000,  0.0000,  0.0000,  0.0000]])
tensor([[-0.7516,  1.0000,  0.0000,  0.0000,  0.0000,  0.0000]])
tensor([[-0.9083,  0.0000,  0.0000,  0.0000,  0.0000,  0.0000]])
tensor([[-0.6548,  1.0000,  1.0000,  0.0000,  0.0000,  0.0000]])
tensor([[0.1101, 1.0000, 0.0000, 0.0000, 0.0000, 0.0000]])
tensor([[0.0389, 1.0000, 0.0000, 0.0000, 0.0000, 0.0000]])
tensor([[-0.8991,  1.0000,  0.0000,  0.0000,  0.0000,  0.0000]])
tensor([[0.1267, 1.0000, 0.0000, 0.0000, 0.0000, 0.0000]])
tensor([[-0.1117,  1.0000,  0.0000,  0.0000,  0.0000,  0.0000]])
tensor([[0.1148, 1.0000, 1.0000, 0.0000, 0.0000, 0.0000]])
tensor([[0.5461, 1.0000, 0.0000, 0.0000, 0.0000, 0.0000]])
tensor([[0.5422, 1.0000, 0.0000, 0.0000, 0.0000, 0.0000]])
tensor([[0.8807, 1.0000, 0.0000, 0.0000, 0.0000, 0.0000]])
tensor([[-0.2525,  1.0000,  0.0000,  0.0000,  0.0000,  0.0000]])
tensor([[-0.3432,  1.0000,  0.0000,  0.0000,  0.0000,  0.0000]])
tensor([[0.2623, 1.0000, 1.0000, 0.0000, 0.0000, 0.0000]])
tensor([[-0.1549,  1.0000,  0.0000,  0.0000,  0.0000,  0.0000]])
tensor([[0.2420, 1.0000, 0.0000, 0.0000, 0.0000, 0.0000]])
tensor([[-0.0099,  1.0000,  0.0000,  0.0000,  0.0000,  0.0000]])
tensor([[0.1073, 1.0000, 1.0000, 0.0000, 0.0000, 0.0000]])
tensor([[-0.4064,  1.0000,  0.0000,  0.0000,  0.0000,  0.0000]])
tensor([[0.0702, 1.0000, 0.0000, 0.0000, 0.0000, 0.0000]])
tensor([[0.3427, 1.0000, 0.0000, 0.0000, 0.0000, 0.0000]])
tensor([[-0.4475,  1.0000,  0.0000,  0.0000,  0.0000,  0.0000]])
tensor([[0.6520, 1.0000, 0.0000, 0.0000, 0.0000, 0.0000]])
tensor([[0.1034, 1.0000, 0.0000, 0.0000, 0.0000, 0.0000]])
tensor([[-0.5581,  0.0000,  0.0000,  0.0000,  0.0000,  0.0000]])
tensor([[-0.5579,  1.0000,  0.0000,  0.0000,  0.0000,  0.0000]])
tensor([[0.2033, 1.0000, 0.0000, 0.0000, 0.0000, 0.0000]])
tensor([[-0.8066,  1.0000,  0.0000,  0.0000,  0.0000,  0.0000]])
tensor([[0.7057, 1.0000, 0.0000, 0.0000, 0.0000, 0.0000]])
tensor([[-0.8947,  1.0000,  0.0000,  0.0000,  0.0000,  0.0000]])
tensor([[0.8747, 1.0000, 0.0000, 0.0000, 0.0000, 0.0000]])
tensor([[-0.4877,  1.0000,  0.0000,  0.0000,  0.0000,  0.0000]])
tensor([[-0.1177,  1.0000,  0.0000,  0.0000,  0.0000,  0.0000]])
tensor([[0.8115, 1.0000, 0.0000, 0.0000, 0.0000, 0.0000]])
tensor([[-0.4370,  1.0000,  0.0000,  0.0000,  0.0000,  0.0000]])
tensor([[0.6132, 1.0000, 0.0000, 0.0000, 0.0000, 0.0000]])
tensor([[-0.2482,  1.0000,  0.0000,  0.0000,  0.0000,  0.0000]])
tensor([[-0.8073,  1.0000,  1.0000,  0.0000,  0.0000,  0.0000]])
tensor([[-0.3493,  1.0000,  0.0000,  0.0000,  0.0000,  0.0000]])
tensor([[0.6078, 1.0000, 0.0000, 0.0000, 0.0000, 0.0000]])
tensor([[0.1073, 1.0000, 0.0000, 0.0000, 0.0000, 0.0000]])
tensor([[0.6016, 1.0000, 0.0000, 0.0000, 0.0000, 0.0000]])
tensor([[0.9496, 1.0000, 0.0000, 0.0000, 0.0000, 0.0000]])
tensor([[0.4056, 1.0000, 0.0000, 0.0000, 0.0000, 0.0000]])
tensor([[-0.3573,  1.0000,  0.0000,  0.0000,  0.0000,  0.0000]])
tensor([[-0.1218,  1.0000,  0.0000,  0.0000,  0.0000,  0.0000]])
tensor([[0.0208, 1.0000, 0.0000, 0.0000, 0.0000, 0.0000]])
tensor([[0.0387, 1.0000, 0.0000, 0.0000, 0.0000, 0.0000]])
tensor([[-0.4744,  1.0000,  0.0000,  0.0000,  0.0000,  0.0000]])
tensor([[-0.0274,  1.0000,  0.0000,  0.0000,  0.0000,  0.0000]])
tensor([[-0.4000,  1.0000,  1.0000,  0.0000,  0.0000,  0.0000]])
tensor([[-0.4873,  1.0000,  0.0000,  0.0000,  0.0000,  0.0000]])
tensor([[0.9309, 1.0000, 0.0000, 0.0000, 0.0000, 0.0000]])
tensor([[0.8862, 1.0000, 0.0000, 0.0000, 0.0000, 0.0000]])
tensor([[0.7480, 1.0000, 0.0000, 0.0000, 0.0000, 0.0000]])
tensor([[-0.5022,  1.0000,  0.0000,  0.0000,  0.0000,  0.0000]])
tensor([[0.5004, 1.0000, 0.0000, 1.0000, 1.0000, 0.0000]])
tensor([[-0.3027,  1.0000,  0.0000,  0.0000,  0.0000,  0.0000]])
tensor([[-0.6226,  1.0000,  0.0000,  0.0000,  0.0000,  0.0000]])
tensor([[-0.1079,  1.0000,  0.0000,  0.0000,  0.0000,  0.0000]])
tensor([[-0.2723,  1.0000,  1.0000,  0.0000,  0.0000,  0.0000]])
tensor([[0.5509, 1.0000, 0.0000, 0.0000, 0.0000, 0.0000]])
tensor([[-0.0632,  1.0000,  0.0000,  0.0000,  0.0000,  0.0000]])
tensor([[-0.2117,  1.0000,  0.0000,  0.0000,  0.0000,  0.0000]])
tensor([[-0.3430,  1.0000,  0.0000,  0.0000,  0.0000,  0.0000]])
tensor([[0.6037, 1.0000, 0.0000, 0.0000, 0.0000, 0.0000]])
tensor([[0.5184, 1.0000, 0.0000, 0.0000, 0.0000, 0.0000]])
tensor([[-0.1753,  1.0000,  0.0000,  0.0000,  0.0000,  0.0000]])
tensor([[-0.9780,  1.0000,  0.0000,  0.0000,  0.0000,  0.0000]])
tensor([[-0.2858,  1.0000,  0.0000,  0.0000,  0.0000,  0.0000]])
tensor([[0.2372, 0.0000, 0.0000, 0.0000, 0.0000, 0.0000]])
tensor([[-0.6296,  1.0000,  0.0000,  0.0000,  0.0000,  0.0000]])
tensor([[-0.5329,  1.0000,  0.0000,  0.0000,  0.0000,  0.0000]])
tensor([[0.0416, 1.0000, 0.0000, 0.0000, 0.0000, 0.0000]])
tensor([[0.0100, 1.0000, 0.0000, 0.0000, 0.0000, 0.0000]])
tensor([[-0.5004,  1.0000,  0.0000,  0.0000,  0.0000,  0.0000]])
tensor([[0.1793, 1.0000, 1.0000, 0.0000, 0.0000, 0.0000]])
tensor([[-0.1847,  1.0000,  0.0000,  0.0000,  0.0000,  0.0000]])
tensor([[0.1069, 1.0000, 0.0000, 0.0000, 0.0000, 0.0000]])
tensor([[-0.6287,  1.0000,  0.0000,  0.0000,  0.0000,  0.0000]])
tensor([[0.4621, 0.0000, 1.0000, 0.0000, 0.0000, 0.0000]])
tensor([[-0.7278,  1.0000,  0.0000,  0.0000,  0.0000,  0.0000]])
tensor([[-0.8718,  1.0000,  0.0000,  0.0000,  0.0000,  0.0000]])
tensor([[-0.5214,  1.0000,  0.0000,  0.0000,  0.0000,  0.0000]])
tensor([[-0.9629,  1.0000,  0.0000,  0.0000,  0.0000,  0.0000]])
tensor([[-0.2528,  1.0000,  0.0000,  0.0000,  0.0000,  0.0000]])
tensor([[0.6234, 1.0000, 1.0000, 0.0000, 0.0000, 0.0000]])
tensor([[-0.7409,  0.0000,  0.0000,  0.0000,  0.0000,  0.0000]])
tensor([[-0.3352,  1.0000,  0.0000,  0.0000,  0.0000,  0.0000]])
tensor([[-0.2996,  1.0000,  0.0000,  0.0000,  0.0000,  0.0000]])
tensor([[-0.3295,  0.0000,  0.0000,  0.0000,  0.0000,  0.0000]])
tensor([[-0.2875,  1.0000,  0.0000,  0.0000,  0.0000,  0.0000]])
tensor([[0.2309, 1.0000, 0.0000, 0.0000, 0.0000, 0.0000]])
tensor([[-0.4133,  1.0000,  0.0000,  0.0000,  0.0000,  0.0000]])
tensor([[-0.8135,  1.0000,  0.0000,  0.0000,  0.0000,  0.0000]])
tensor([[-0.5342,  1.0000,  0.0000,  0.0000,  0.0000,  0.0000]])
tensor([[-0.1310,  1.0000,  0.0000,  0.0000,  0.0000,  0.0000]])
tensor([[0.0819, 1.0000, 0.0000, 0.0000, 0.0000, 0.0000]])
tensor([[0.2919, 1.0000, 0.0000, 0.0000, 0.0000, 0.0000]])
tensor([[-0.4243,  1.0000,  0.0000,  0.0000,  0.0000,  0.0000]])
tensor([[-0.4713,  1.0000,  0.0000,  0.0000,  0.0000,  0.0000]])
tensor([[-0.5026,  1.0000,  0.0000,  0.0000,  0.0000,  0.0000]])
tensor([[-0.0210,  1.0000,  0.0000,  0.0000,  0.0000,  0.0000]])
tensor([[-0.9049,  1.0000,  0.0000,  0.0000,  0.0000,  0.0000]])
tensor([[-0.0562,  1.0000,  0.0000,  0.0000,  0.0000,  0.0000]])
tensor([[0.2413, 1.0000, 0.0000, 0.0000, 0.0000, 0.0000]])
tensor([[0.7922, 1.0000, 0.0000, 0.0000, 0.0000, 0.0000]])
tensor([[0.5782, 1.0000, 0.0000, 0.0000, 1.0000, 0.0000]])
tensor([[0.0771, 1.0000, 0.0000, 0.0000, 0.0000, 0.0000]])
tensor([[-0.6530,  1.0000,  0.0000,  0.0000,  0.0000,  0.0000]])
tensor([[-0.4876,  1.0000,  0.0000,  0.0000,  0.0000,  0.0000]])
tensor([[0.4066, 1.0000, 0.0000, 0.0000, 0.0000, 0.0000]])
tensor([[0.5724, 1.0000, 0.0000, 0.0000, 0.0000, 0.0000]])
tensor([[-0.4133,  1.0000,  0.0000,  0.0000,  0.0000,  0.0000]])
tensor([[0.7473, 1.0000, 1.0000, 0.0000, 0.0000, 0.0000]])
tensor([[0.1097, 1.0000, 0.0000, 0.0000, 0.0000, 0.0000]])
tensor([[-0.5777,  1.0000,  0.0000,  0.0000,  0.0000,  0.0000]])
tensor([[-0.5278,  1.0000,  0.0000,  0.0000,  0.0000,  0.0000]])
tensor([[0.2344, 1.0000, 0.0000, 0.0000, 0.0000, 0.0000]])
tensor([[-0.4043,  0.0000,  0.0000,  0.0000,  0.0000,  0.0000]])
tensor([[0.6210, 1.0000, 0.0000, 0.0000, 0.0000, 0.0000]])
tensor([[-0.1184,  1.0000,  0.0000,  0.0000,  0.0000,  0.0000]])
tensor([[-0.2097,  1.0000,  0.0000,  0.0000,  0.0000,  0.0000]])
tensor([[-0.8694,  1.0000,  0.0000,  0.0000,  0.0000,  0.0000]])
tensor([[0.4228, 1.0000, 0.0000, 0.0000, 0.0000, 0.0000]])
tensor([[-0.8105,  0.0000,  0.0000,  0.0000,  0.0000,  0.0000]])
tensor([[-0.1496,  1.0000,  0.0000,  0.0000,  0.0000,  0.0000]])
tensor([[0.4900, 1.0000, 0.0000, 0.0000, 0.0000, 0.0000]])
tensor([[0.5816, 1.0000, 0.0000, 0.0000, 0.0000, 0.0000]])
tensor([[0.9517, 1.0000, 0.0000, 0.0000, 0.0000, 0.0000]])
tensor([[-0.5099,  1.0000,  1.0000,  0.0000,  0.0000,  0.0000]])
tensor([[0.7084, 1.0000, 0.0000, 0.0000, 0.0000, 0.0000]])
tensor([[-0.7771,  1.0000,  0.0000,  0.0000,  0.0000,  0.0000]])
tensor([[0.9507, 1.0000, 0.0000, 0.0000, 0.0000, 0.0000]])
tensor([[-0.6877,  1.0000,  0.0000,  0.0000,  0.0000,  0.0000]])
tensor([[-0.6947,  1.0000,  0.0000,  0.0000,  0.0000,  0.0000]])
tensor([[0.4938, 1.0000, 0.0000, 0.0000, 0.0000, 0.0000]])
tensor([[-0.2045,  1.0000,  0.0000,  0.0000,  0.0000,  0.0000]])
tensor([[-0.0240,  1.0000,  1.0000,  0.0000,  0.0000,  0.0000]])
tensor([[0.4290, 1.0000, 0.0000, 0.0000, 0.0000, 0.0000]])
tensor([[0.2535, 1.0000, 0.0000, 0.0000, 0.0000, 0.0000]])
tensor([[-0.1891,  1.0000,  0.0000,  0.0000,  0.0000,  0.0000]])
tensor([[-0.6833,  1.0000,  0.0000,  0.0000,  0.0000,  0.0000]])
tensor([[0.5930, 1.0000, 0.0000, 0.0000, 0.0000, 0.0000]])
tensor([[-0.2564,  1.0000,  0.0000,  0.0000,  0.0000,  0.0000]])
tensor([[0.2402, 1.0000, 0.0000, 1.0000, 0.0000, 0.0000]])
tensor([[0.6997, 1.0000, 0.0000, 0.0000, 0.0000, 0.0000]])
tensor([[0.3023, 1.0000, 0.0000, 0.0000, 1.0000, 0.0000]])
tensor([[-0.8717,  1.0000,  0.0000,  0.0000,  0.0000,  0.0000]])
tensor([[-0.8472,  1.0000,  0.0000,  0.0000,  0.0000,  0.0000]])
tensor([[-0.6008,  0.0000,  0.0000,  1.0000,  0.0000,  0.0000]])
tensor([[0.4744, 1.0000, 0.0000, 0.0000, 0.0000, 0.0000]])
tensor([[-0.1947,  1.0000,  0.0000,  0.0000,  0.0000,  0.0000]])
tensor([[0.7993, 1.0000, 0.0000, 0.0000, 0.0000, 0.0000]])
tensor([[0.1551, 0.0000, 0.0000, 0.0000, 0.0000, 0.0000]])
tensor([[0.1136, 1.0000, 0.0000, 0.0000, 0.0000, 0.0000]])
tensor([[0.6131, 0.0000, 0.0000, 0.0000, 0.0000, 0.0000]])
tensor([[0.0031, 1.0000, 0.0000, 0.0000, 0.0000, 0.0000]])
tensor([[-0.6206,  1.0000,  0.0000,  0.0000,  0.0000,  0.0000]])
tensor([[0.0684, 0.0000, 0.0000, 1.0000, 0.0000, 0.0000]])
tensor([[-0.1033,  1.0000,  0.0000,  0.0000,  0.0000,  0.0000]])
tensor([[0.7466, 1.0000, 0.0000, 0.0000, 0.0000, 0.0000]])
tensor([[-0.6900,  1.0000,  0.0000,  0.0000,  0.0000,  0.0000]])
tensor([[-0.3102,  1.0000,  0.0000,  0.0000,  0.0000,  0.0000]])
tensor([[-0.5040,  1.0000,  0.0000,  0.0000,  0.0000,  0.0000]])
tensor([[0.2150, 1.0000, 0.0000, 1.0000, 0.0000, 0.0000]])
tensor([[0.5204, 1.0000, 0.0000, 0.0000, 0.0000, 0.0000]])
tensor([[-0.7619,  1.0000,  0.0000,  0.0000,  0.0000,  0.0000]])
tensor([[0.0098, 1.0000, 0.0000, 0.0000, 0.0000, 0.0000]])
tensor([[-0.7102,  1.0000,  0.0000,  0.0000,  0.0000,  0.0000]])
tensor([[-0.7396,  0.0000,  0.0000,  0.0000,  0.0000,  0.0000]])
tensor([[0.9176, 1.0000, 0.0000, 0.0000, 0.0000, 0.0000]])
tensor([[-0.5402,  1.0000,  0.0000,  0.0000,  0.0000,  0.0000]])
tensor([[-0.7747,  1.0000,  0.0000,  0.0000,  0.0000,  0.0000]])
tensor([[-0.4645,  1.0000,  0.0000,  0.0000,  0.0000,  0.0000]])
tensor([[0.5734, 1.0000, 0.0000, 0.0000, 0.0000, 0.0000]])
tensor([[0.2413, 1.0000, 0.0000, 0.0000, 0.0000, 0.0000]])
tensor([[-0.7729,  1.0000,  0.0000,  0.0000,  0.0000,  0.0000]])
tensor([[-0.5285,  1.0000,  0.0000,  0.0000,  0.0000,  0.0000]])
tensor([[-0.1191,  0.0000,  0.0000,  1.0000,  0.0000,  0.0000]])
tensor([[-0.5510,  1.0000,  0.0000,  0.0000,  0.0000,  0.0000]])
tensor([[0.0011, 1.0000, 0.0000, 0.0000, 0.0000, 0.0000]])
tensor([[-0.5025,  1.0000,  0.0000,  0.0000,  0.0000,  0.0000]])
tensor([[-0.1524,  0.0000,  0.0000,  0.0000,  0.0000,  0.0000]])
tensor([[-0.5687,  1.0000,  0.0000,  0.0000,  0.0000,  0.0000]])
tensor([[0.3687, 1.0000, 0.0000, 0.0000, 0.0000, 0.0000]])
tensor([[-0.0509,  1.0000,  0.0000,  0.0000,  0.0000,  0.0000]])
tensor([[-0.0560,  1.0000,  0.0000,  0.0000,  0.0000,  0.0000]])
tensor([[-0.0893,  0.0000,  0.0000,  0.0000,  0.0000,  0.0000]])
tensor([[-0.3147,  0.0000,  0.0000,  0.0000,  0.0000,  0.0000]])
tensor([[0.2299, 1.0000, 0.0000, 0.0000, 0.0000, 0.0000]])
tensor([[0.0517, 1.0000, 0.0000, 0.0000, 0.0000, 0.0000]])
tensor([[0.8690, 1.0000, 0.0000, 0.0000, 0.0000, 0.0000]])
tensor([[-0.9196,  1.0000,  0.0000,  0.0000,  0.0000,  0.0000]])
tensor([[0.8718, 1.0000, 0.0000, 0.0000, 0.0000, 0.0000]])
tensor([[-0.6763,  1.0000,  0.0000,  0.0000,  0.0000,  0.0000]])
tensor([[0.3190, 1.0000, 0.0000, 0.0000, 0.0000, 0.0000]])
tensor([[-0.7137,  1.0000,  0.0000,  0.0000,  0.0000,  0.0000]])
tensor([[-0.1035,  1.0000,  0.0000,  0.0000,  0.0000,  0.0000]])
tensor([[-0.5811,  1.0000,  0.0000,  0.0000,  0.0000,  0.0000]])
tensor([[0.4938, 1.0000, 1.0000, 0.0000, 0.0000, 0.0000]])
tensor([[0.2050, 1.0000, 0.0000, 0.0000, 0.0000, 0.0000]])
tensor([[0.6677, 1.0000, 0.0000, 0.0000, 0.0000, 0.0000]])
tensor([[-0.6993,  1.0000,  0.0000,  0.0000,  0.0000,  0.0000]])
tensor([[0.5920, 1.0000, 0.0000, 0.0000, 0.0000, 0.0000]])
tensor([[0.1291, 1.0000, 1.0000, 0.0000, 0.0000, 0.0000]])
tensor([[-0.6493,  1.0000,  0.0000,  0.0000,  0.0000,  0.0000]])
tensor([[-0.0184,  1.0000,  0.0000,  0.0000,  0.0000,  0.0000]])
tensor([[-0.0270,  1.0000,  0.0000,  1.0000,  0.0000,  0.0000]])
tensor([[-0.5799,  1.0000,  1.0000,  0.0000,  0.0000,  0.0000]])
tensor([[-0.3850,  1.0000,  0.0000,  0.0000,  0.0000,  0.0000]])
tensor([[0.8329, 0.0000, 0.0000, 0.0000, 0.0000, 0.0000]])
tensor([[-0.6503,  1.0000,  0.0000,  0.0000,  0.0000,  0.0000]])
tensor([[-0.2294,  1.0000,  0.0000,  0.0000,  0.0000,  0.0000]])
tensor([[0.5900, 0.0000, 0.0000, 0.0000, 0.0000, 0.0000]])
tensor([[-0.5813,  0.0000,  0.0000,  0.0000,  0.0000,  0.0000]])
tensor([[0.2905, 1.0000, 0.0000, 0.0000, 0.0000, 0.0000]])
tensor([[0.0587, 1.0000, 0.0000, 0.0000, 0.0000, 0.0000]])
tensor([[0.8316, 1.0000, 0.0000, 0.0000, 0.0000, 0.0000]])
tensor([[-0.8770,  1.0000,  0.0000,  0.0000,  1.0000,  0.0000]])
tensor([[-0.2054,  1.0000,  0.0000,  0.0000,  0.0000,  0.0000]])
tensor([[-0.3218,  1.0000,  0.0000,  0.0000,  0.0000,  0.0000]])
tensor([[-0.8063,  1.0000,  0.0000,  0.0000,  0.0000,  0.0000]])
tensor([[0.6599, 1.0000, 0.0000, 0.0000, 0.0000, 0.0000]])
tensor([[0.5579, 1.0000, 0.0000, 0.0000, 0.0000, 0.0000]])
tensor([[0.5112, 1.0000, 1.0000, 0.0000, 0.0000, 0.0000]])
tensor([[0.4555, 1.0000, 0.0000, 0.0000, 0.0000, 0.0000]])
tensor([[0.3415, 0.0000, 0.0000, 0.0000, 0.0000, 0.0000]])
tensor([[-0.4703,  1.0000,  0.0000,  0.0000,  0.0000,  0.0000]])
tensor([[-0.0795,  1.0000,  0.0000,  0.0000,  0.0000,  0.0000]])
tensor([[-0.6334,  1.0000,  0.0000,  0.0000,  0.0000,  0.0000]])
tensor([[-0.0286,  1.0000,  0.0000,  0.0000,  0.0000,  0.0000]])
tensor([[-0.9686,  1.0000,  0.0000,  1.0000,  0.0000,  0.0000]])
tensor([[0.0302, 0.0000, 0.0000, 0.0000, 0.0000, 0.0000]])
tensor([[-0.7756,  1.0000,  1.0000,  0.0000,  0.0000,  0.0000]])
tensor([[-0.5927,  1.0000,  0.0000,  0.0000,  0.0000,  0.0000]])
tensor([[-0.8097,  1.0000,  0.0000,  0.0000,  0.0000,  0.0000]])
tensor([[0.5320, 0.0000, 1.0000, 0.0000, 0.0000, 0.0000]])
tensor([[0.0948, 0.0000, 0.0000, 0.0000, 0.0000, 0.0000]])
tensor([[-0.2035,  1.0000,  0.0000,  0.0000,  0.0000,  0.0000]])
tensor([[0.4483, 1.0000, 0.0000, 0.0000, 0.0000, 0.0000]])
tensor([[-0.7920,  1.0000,  0.0000,  0.0000,  0.0000,  0.0000]])
tensor([[0.3108, 1.0000, 1.0000, 0.0000, 0.0000, 0.0000]])
tensor([[-0.4184,  1.0000,  0.0000,  0.0000,  0.0000,  0.0000]])
tensor([[-0.8669,  1.0000,  0.0000,  0.0000,  0.0000,  0.0000]])
tensor([[-0.6229,  1.0000,  0.0000,  0.0000,  0.0000,  0.0000]])
tensor([[-0.8976,  1.0000,  0.0000,  0.0000,  0.0000,  0.0000]])
tensor([[-0.0817,  1.0000,  1.0000,  0.0000,  0.0000,  0.0000]])
tensor([[-0.0107,  1.0000,  0.0000,  0.0000,  0.0000,  0.0000]])
tensor([[0.8369, 1.0000, 0.0000, 0.0000, 0.0000, 0.0000]])
tensor([[-0.9700,  1.0000,  0.0000,  0.0000,  0.0000,  0.0000]])
tensor([[-0.6088,  1.0000,  0.0000,  0.0000,  0.0000,  0.0000]])
tensor([[0.4490, 1.0000, 0.0000, 0.0000, 0.0000, 0.0000]])
tensor([[0.2326, 1.0000, 0.0000, 0.0000, 0.0000, 0.0000]])
tensor([[-0.5926,  1.0000,  0.0000,  0.0000,  0.0000,  0.0000]])
tensor([[0.8503, 1.0000, 0.0000, 0.0000, 0.0000, 0.0000]])
tensor([[-0.2166,  1.0000,  0.0000,  0.0000,  0.0000,  0.0000]])
tensor([[0.7383, 1.0000, 0.0000, 0.0000, 0.0000, 0.0000]])
tensor([[0.3212, 1.0000, 0.0000, 0.0000, 0.0000, 0.0000]])
tensor([[-0.0938,  1.0000,  0.0000,  0.0000,  0.0000,  0.0000]])
tensor([[-0.2823,  1.0000,  0.0000,  0.0000,  0.0000,  0.0000]])
tensor([[-0.6389,  1.0000,  0.0000,  0.0000,  0.0000,  0.0000]])
tensor([[-0.2950,  1.0000,  0.0000,  1.0000,  0.0000,  0.0000]])
tensor([[0.6738, 1.0000, 0.0000, 0.0000, 0.0000, 0.0000]])
tensor([[-0.9114,  1.0000,  0.0000,  0.0000,  0.0000,  0.0000]])
tensor([[0.2386, 1.0000, 0.0000, 0.0000, 0.0000, 0.0000]])
tensor([[-0.6564,  1.0000,  1.0000,  0.0000,  0.0000,  0.0000]])
tensor([[-0.7628,  1.0000,  0.0000,  0.0000,  1.0000,  0.0000]])
tensor([[0.7595, 1.0000, 0.0000, 0.0000, 0.0000, 0.0000]])
tensor([[0.8658, 1.0000, 0.0000, 0.0000, 0.0000, 0.0000]])
tensor([[-0.7736,  1.0000,  0.0000,  0.0000,  0.0000,  0.0000]])
tensor([[0.7968, 1.0000, 0.0000, 0.0000, 0.0000, 0.0000]])
tensor([[-0.0901,  1.0000,  0.0000,  0.0000,  0.0000,  0.0000]])
tensor([[-0.3365,  1.0000,  0.0000,  0.0000,  0.0000,  0.0000]])
tensor([[-0.4899,  1.0000,  0.0000,  0.0000,  0.0000,  0.0000]])
tensor([[-0.7583,  1.0000,  0.0000,  0.0000,  0.0000,  0.0000]])
tensor([[-0.3233,  1.0000,  1.0000,  0.0000,  0.0000,  0.0000]])
tensor([[-0.9095,  1.0000,  1.0000,  0.0000,  0.0000,  0.0000]])
tensor([[0.1792, 1.0000, 0.0000, 0.0000, 0.0000, 0.0000]])
tensor([[-0.2574,  1.0000,  0.0000,  0.0000,  0.0000,  0.0000]])
tensor([[-0.4520,  1.0000,  0.0000,  0.0000,  0.0000,  0.0000]])
tensor([[-0.1099,  1.0000,  0.0000,  0.0000,  0.0000,  0.0000]])
tensor([[-0.7359,  1.0000,  0.0000,  0.0000,  0.0000,  0.0000]])
tensor([[0.0380, 1.0000, 1.0000, 0.0000, 0.0000, 0.0000]])
tensor([[-0.7707,  1.0000,  0.0000,  0.0000,  0.0000,  0.0000]])
tensor([[-0.7853,  1.0000,  0.0000,  0.0000,  0.0000,  0.0000]])
tensor([[-0.9177,  1.0000,  0.0000,  0.0000,  0.0000,  0.0000]])
tensor([[0.7191, 1.0000, 0.0000, 0.0000, 0.0000, 0.0000]])
tensor([[-0.0472,  1.0000,  0.0000,  1.0000,  0.0000,  0.0000]])
tensor([[-0.4043,  1.0000,  0.0000,  0.0000,  0.0000,  0.0000]])
tensor([[-0.1859,  1.0000,  0.0000,  1.0000,  0.0000,  0.0000]])
tensor([[-0.4644,  1.0000,  0.0000,  0.0000,  0.0000,  0.0000]])
tensor([[0.8293, 1.0000, 0.0000, 0.0000, 0.0000, 0.0000]])
tensor([[-0.9492,  1.0000,  0.0000,  0.0000,  0.0000,  0.0000]])
tensor([[-0.8270,  1.0000,  1.0000,  0.0000,  0.0000,  0.0000]])
tensor([[-0.3266,  1.0000,  0.0000,  0.0000,  0.0000,  0.0000]])
tensor([[0.4645, 1.0000, 0.0000, 0.0000, 0.0000, 0.0000]])
tensor([[0.4169, 1.0000, 0.0000, 0.0000, 0.0000, 0.0000]])
tensor([[0.7944, 1.0000, 0.0000, 0.0000, 0.0000, 0.0000]])
tensor([[-0.7322,  1.0000,  0.0000,  0.0000,  0.0000,  0.0000]])
tensor([[0.9437, 1.0000, 0.0000, 0.0000, 0.0000, 0.0000]])
tensor([[0.7918, 1.0000, 0.0000, 0.0000, 0.0000, 0.0000]])
tensor([[0.6722, 0.0000, 0.0000, 0.0000, 0.0000, 0.0000]])
tensor([[-0.1497,  1.0000,  0.0000,  0.0000,  0.0000,  0.0000]])
tensor([[-0.7125,  1.0000,  1.0000,  0.0000,  0.0000,  0.0000]])
tensor([[-0.5722,  1.0000,  0.0000,  0.0000,  0.0000,  0.0000]])
tensor([[-0.3668,  0.0000,  0.0000,  0.0000,  0.0000,  0.0000]])
tensor([[0.8914, 1.0000, 0.0000, 0.0000, 0.0000, 0.0000]])
tensor([[0.1146, 1.0000, 0.0000, 0.0000, 0.0000, 0.0000]])
tensor([[-0.7316,  1.0000,  0.0000,  0.0000,  0.0000,  0.0000]])
tensor([[-0.8207,  1.0000,  0.0000,  0.0000,  0.0000,  0.0000]])
tensor([[0.5766, 1.0000, 0.0000, 0.0000, 0.0000, 0.0000]])
tensor([[0.1510, 1.0000, 0.0000, 0.0000, 0.0000, 0.0000]])
tensor([[0.1853, 1.0000, 0.0000, 0.0000, 0.0000, 0.0000]])
tensor([[0.8617, 1.0000, 0.0000, 0.0000, 0.0000, 0.0000]])
tensor([[0.4676, 1.0000, 0.0000, 0.0000, 0.0000, 0.0000]])
tensor([[-0.0813,  1.0000,  0.0000,  0.0000,  0.0000,  0.0000]])
tensor([[0.7081, 1.0000, 0.0000, 0.0000, 0.0000, 0.0000]])
tensor([[-0.1829,  1.0000,  0.0000,  0.0000,  0.0000,  0.0000]])
tensor([[-0.7646,  1.0000,  0.0000,  0.0000,  0.0000,  0.0000]])
tensor([[0.5479, 1.0000, 0.0000, 0.0000, 0.0000, 0.0000]])
tensor([[0.1521, 1.0000, 0.0000, 0.0000, 0.0000, 0.0000]])
tensor([[-0.3510,  1.0000,  0.0000,  0.0000,  0.0000,  0.0000]])
tensor([[-0.7187,  0.0000,  0.0000,  0.0000,  0.0000,  0.0000]])
tensor([[-0.4158,  1.0000,  0.0000,  0.0000,  0.0000,  0.0000]])
tensor([[-0.7525,  1.0000,  0.0000,  0.0000,  0.0000,  0.0000]])
tensor([[-0.4137,  1.0000,  0.0000,  0.0000,  0.0000,  0.0000]])
tensor([[-0.5550,  1.0000,  0.0000,  0.0000,  0.0000,  0.0000]])
tensor([[0.9430, 1.0000, 0.0000, 0.0000, 0.0000, 0.0000]])
tensor([[0.5951, 1.0000, 0.0000, 0.0000, 0.0000, 0.0000]])
tensor([[-0.3639,  1.0000,  1.0000,  0.0000,  0.0000,  0.0000]])
tensor([[-0.2681,  1.0000,  0.0000,  0.0000,  0.0000,  0.0000]])
tensor([[0.6893, 1.0000, 1.0000, 0.0000, 0.0000, 0.0000]])
tensor([[-0.5119,  1.0000,  0.0000,  0.0000,  0.0000,  0.0000]])
tensor([[-0.4494,  1.0000,  0.0000,  0.0000,  0.0000,  0.0000]])
tensor([[-0.2542,  1.0000,  0.0000,  0.0000,  0.0000,  0.0000]])
tensor([[0.4086, 1.0000, 1.0000, 0.0000, 0.0000, 0.0000]])
tensor([[-0.1798,  1.0000,  0.0000,  0.0000,  0.0000,  0.0000]])
tensor([[-0.3098,  1.0000,  0.0000,  0.0000,  0.0000,  0.0000]])
tensor([[0.4012, 1.0000, 0.0000, 0.0000, 0.0000, 0.0000]])
tensor([[-0.6046,  1.0000,  0.0000,  0.0000,  0.0000,  0.0000]])
tensor([[-0.6502,  1.0000,  0.0000,  0.0000,  0.0000,  0.0000]])
tensor([[0.4620, 1.0000, 0.0000, 0.0000, 0.0000, 0.0000]])
tensor([[0.8164, 1.0000, 0.0000, 0.0000, 0.0000, 0.0000]])
tensor([[-0.7329,  1.0000,  0.0000,  0.0000,  0.0000,  0.0000]])
tensor([[0.1878, 1.0000, 1.0000, 0.0000, 0.0000, 0.0000]])
tensor([[0.8587, 1.0000, 0.0000, 0.0000, 0.0000, 0.0000]])
tensor([[-0.3904,  1.0000,  0.0000,  0.0000,  0.0000,  0.0000]])
tensor([[-0.1040,  1.0000,  0.0000,  0.0000,  0.0000,  0.0000]])
tensor([[0.4162, 1.0000, 1.0000, 0.0000, 0.0000, 0.0000]])
tensor([[0.3009, 1.0000, 1.0000, 0.0000, 0.0000, 0.0000]])
tensor([[-0.0729,  1.0000,  1.0000,  0.0000,  0.0000,  0.0000]])
tensor([[-0.5109,  1.0000,  0.0000,  0.0000,  0.0000,  0.0000]])
tensor([[0.0328, 1.0000, 0.0000, 0.0000, 0.0000, 0.0000]])
tensor([[0.5786, 1.0000, 0.0000, 0.0000, 0.0000, 0.0000]])
tensor([[0.5774, 1.0000, 0.0000, 0.0000, 0.0000, 0.0000]])
tensor([[-0.7519,  1.0000,  0.0000,  1.0000,  0.0000,  0.0000]])
tensor([[-0.7960,  1.0000,  0.0000,  0.0000,  0.0000,  0.0000]])
tensor([[-0.5867,  1.0000,  0.0000,  0.0000,  0.0000,  0.0000]])
tensor([[-0.5361,  1.0000,  0.0000,  0.0000,  0.0000,  0.0000]])
tensor([[0.8605, 1.0000, 0.0000, 0.0000, 0.0000, 0.0000]])
tensor([[0.3262, 1.0000, 0.0000, 0.0000, 0.0000, 0.0000]])
tensor([[0.4237, 1.0000, 0.0000, 0.0000, 0.0000, 0.0000]])
tensor([[-0.6702,  0.0000,  0.0000,  0.0000,  0.0000,  0.0000]])
tensor([[-0.8027,  1.0000,  1.0000,  0.0000,  0.0000,  0.0000]])
tensor([[-0.2298,  1.0000,  0.0000,  0.0000,  0.0000,  0.0000]])
tensor([[0.1673, 1.0000, 0.0000, 0.0000, 0.0000, 0.0000]])
tensor([[0.6251, 1.0000, 0.0000, 0.0000, 0.0000, 0.0000]])
tensor([[0.4647, 1.0000, 0.0000, 0.0000, 0.0000, 0.0000]])
tensor([[-0.9104,  1.0000,  0.0000,  0.0000,  0.0000,  0.0000]])
tensor([[-0.1129,  1.0000,  0.0000,  0.0000,  0.0000,  0.0000]])
tensor([[0.3794, 1.0000, 0.0000, 0.0000, 0.0000, 0.0000]])
tensor([[0.8672, 1.0000, 0.0000, 0.0000, 0.0000, 0.0000]])
tensor([[0.7354, 1.0000, 0.0000, 0.0000, 0.0000, 0.0000]])
tensor([[-0.5929,  1.0000,  0.0000,  0.0000,  0.0000,  0.0000]])
tensor([[-0.4247,  1.0000,  0.0000,  0.0000,  0.0000,  0.0000]])
tensor([[-0.2337,  1.0000,  0.0000,  0.0000,  0.0000,  0.0000]])
tensor([[0.6708, 1.0000, 0.0000, 0.0000, 1.0000, 0.0000]])
tensor([[0.5915, 1.0000, 0.0000, 0.0000, 0.0000, 0.0000]])
tensor([[-0.0579,  1.0000,  0.0000,  0.0000,  0.0000,  0.0000]])
tensor([[-0.7438,  1.0000,  0.0000,  0.0000,  0.0000,  0.0000]])
tensor([[0.6312, 1.0000, 0.0000, 0.0000, 0.0000, 0.0000]])
tensor([[-0.6357,  1.0000,  0.0000,  0.0000,  0.0000,  0.0000]])
tensor([[0.4149, 1.0000, 0.0000, 0.0000, 0.0000, 0.0000]])
tensor([[0.3704, 1.0000, 0.0000, 0.0000, 0.0000, 0.0000]])
tensor([[0.7857, 0.0000, 0.0000, 0.0000, 0.0000, 0.0000]])
tensor([[0.3174, 1.0000, 0.0000, 0.0000, 0.0000, 0.0000]])
tensor([[-0.7812,  1.0000,  0.0000,  0.0000,  0.0000,  0.0000]])
tensor([[-0.4682,  1.0000,  0.0000,  0.0000,  0.0000,  0.0000]])
tensor([[0.1609, 0.0000, 0.0000, 0.0000, 0.0000, 0.0000]])
tensor([[-0.1214,  1.0000,  0.0000,  0.0000,  0.0000,  0.0000]])
tensor([[-0.9318,  1.0000,  0.0000,  0.0000,  0.0000,  0.0000]])
tensor([[-0.6176,  1.0000,  0.0000,  0.0000,  0.0000,  0.0000]])
tensor([[0.5672, 0.0000, 0.0000, 0.0000, 0.0000, 0.0000]])
tensor([[-0.3589,  1.0000,  0.0000,  0.0000,  0.0000,  0.0000]])
tensor([[-0.6215,  1.0000,  0.0000,  0.0000,  0.0000,  0.0000]])
tensor([[-0.7089,  1.0000,  0.0000,  0.0000,  0.0000,  0.0000]])
tensor([[-0.3696,  1.0000,  0.0000,  0.0000,  0.0000,  0.0000]])
tensor([[0.4623, 1.0000, 0.0000, 0.0000, 0.0000, 0.0000]])
tensor([[-0.6632,  1.0000,  0.0000,  0.0000,  0.0000,  0.0000]])
tensor([[0.8752, 1.0000, 0.0000, 0.0000, 0.0000, 0.0000]])
tensor([[-0.3829,  1.0000,  0.0000,  0.0000,  0.0000,  0.0000]])
tensor([[0.2420, 1.0000, 0.0000, 0.0000, 0.0000, 0.0000]])
tensor([[-0.8635,  1.0000,  0.0000,  0.0000,  0.0000,  0.0000]])
tensor([[-0.5561,  1.0000,  0.0000,  0.0000,  0.0000,  0.0000]])
tensor([[-0.8934,  1.0000,  0.0000,  0.0000,  0.0000,  0.0000]])
tensor([[0.7683, 1.0000, 0.0000, 0.0000, 0.0000, 0.0000]])
tensor([[0.0764, 1.0000, 0.0000, 0.0000, 0.0000, 0.0000]])
tensor([[0.3088, 1.0000, 0.0000, 0.0000, 0.0000, 0.0000]])
tensor([[0.4152, 1.0000, 1.0000, 0.0000, 0.0000, 0.0000]])
tensor([[-0.7967,  1.0000,  1.0000,  0.0000,  0.0000,  0.0000]])
tensor([[0.4197, 0.0000, 0.0000, 1.0000, 0.0000, 0.0000]])
tensor([[-0.9576,  1.0000,  0.0000,  0.0000,  0.0000,  0.0000]])
tensor([[-0.3572,  1.0000,  0.0000,  0.0000,  0.0000,  0.0000]])
tensor([[0.2037, 1.0000, 1.0000, 0.0000, 0.0000, 0.0000]])
tensor([[-0.0034,  1.0000,  1.0000,  0.0000,  0.0000,  0.0000]])
tensor([[0.6633, 1.0000, 1.0000, 0.0000, 0.0000, 0.0000]])
tensor([[-0.5780,  1.0000,  0.0000,  0.0000,  0.0000,  0.0000]])
tensor([[-0.9518,  1.0000,  0.0000,  0.0000,  0.0000,  0.0000]])
tensor([[0.5668, 1.0000, 0.0000, 0.0000, 0.0000, 0.0000]])
tensor([[-0.2320,  1.0000,  1.0000,  0.0000,  0.0000,  0.0000]])
tensor([[-0.3629,  1.0000,  0.0000,  0.0000,  0.0000,  0.0000]])
tensor([[-0.7046,  1.0000,  0.0000,  0.0000,  0.0000,  0.0000]])
tensor([[-0.0858,  1.0000,  0.0000,  0.0000,  0.0000,  0.0000]])
tensor([[0.7004, 1.0000, 0.0000, 0.0000, 0.0000, 0.0000]])
tensor([[-0.6881,  1.0000,  0.0000,  0.0000,  0.0000,  0.0000]])
tensor([[0.7784, 1.0000, 0.0000, 0.0000, 0.0000, 0.0000]])
tensor([[0.2659, 1.0000, 0.0000, 0.0000, 0.0000, 0.0000]])
tensor([[-0.5819,  1.0000,  0.0000,  0.0000,  0.0000,  0.0000]])
tensor([[-0.7120,  1.0000,  0.0000,  0.0000,  0.0000,  0.0000]])
tensor([[0.7716, 0.0000, 0.0000, 0.0000, 0.0000, 0.0000]])
tensor([[-0.7033,  1.0000,  0.0000,  0.0000,  0.0000,  0.0000]])
tensor([[0.7267, 1.0000, 1.0000, 0.0000, 0.0000, 0.0000]])
tensor([[-0.3583,  1.0000,  0.0000,  0.0000,  0.0000,  0.0000]])
tensor([[0.5941, 1.0000, 0.0000, 0.0000, 0.0000, 0.0000]])
tensor([[0.2295, 1.0000, 0.0000, 0.0000, 0.0000, 0.0000]])
tensor([[0.6784, 1.0000, 0.0000, 0.0000, 0.0000, 0.0000]])
tensor([[-0.3870,  0.0000,  0.0000,  0.0000,  0.0000,  0.0000]])
tensor([[-0.2505,  1.0000,  0.0000,  0.0000,  0.0000,  0.0000]])
tensor([[-0.8860,  1.0000,  0.0000,  0.0000,  0.0000,  0.0000]])
tensor([[0.2937, 1.0000, 0.0000, 1.0000, 0.0000, 0.0000]])
tensor([[-0.5265,  1.0000,  0.0000,  0.0000,  0.0000,  0.0000]])
tensor([[0.1649, 1.0000, 0.0000, 0.0000, 0.0000, 0.0000]])
tensor([[-0.4151,  1.0000,  0.0000,  0.0000,  0.0000,  0.0000]])
tensor([[0.5241, 1.0000, 0.0000, 0.0000, 0.0000, 0.0000]])
tensor([[-0.7980,  0.0000,  0.0000,  0.0000,  0.0000,  0.0000]])
tensor([[0.4830, 1.0000, 0.0000, 0.0000, 0.0000, 0.0000]])
tensor([[-0.1685,  1.0000,  0.0000,  0.0000,  0.0000,  0.0000]])
tensor([[0.5960, 1.0000, 0.0000, 0.0000, 0.0000, 0.0000]])
tensor([[-0.3592,  1.0000,  0.0000,  0.0000,  0.0000,  0.0000]])
tensor([[-0.9482,  1.0000,  0.0000,  0.0000,  0.0000,  0.0000]])
tensor([[0.4198, 1.0000, 0.0000, 0.0000, 0.0000, 0.0000]])
tensor([[-0.0758,  1.0000,  0.0000,  0.0000,  0.0000,  0.0000]])
tensor([[-0.7911,  1.0000,  1.0000,  0.0000,  0.0000,  0.0000]])
tensor([[0.1241, 1.0000, 0.0000, 0.0000, 0.0000, 0.0000]])
tensor([[0.3863, 1.0000, 0.0000, 0.0000, 0.0000, 0.0000]])
tensor([[-0.8779,  1.0000,  0.0000,  0.0000,  0.0000,  0.0000]])
tensor([[-0.1787,  1.0000,  0.0000,  0.0000,  0.0000,  0.0000]])
tensor([[0.4688, 1.0000, 0.0000, 0.0000, 0.0000, 0.0000]])
tensor([[0.5077, 1.0000, 0.0000, 0.0000, 0.0000, 0.0000]])
tensor([[0.8195, 1.0000, 0.0000, 0.0000, 0.0000, 0.0000]])
tensor([[-0.8288,  1.0000,  0.0000,  0.0000,  0.0000,  0.0000]])
tensor([[0.6740, 1.0000, 0.0000, 0.0000, 0.0000, 0.0000]])
tensor([[-0.8721,  1.0000,  0.0000,  0.0000,  0.0000,  0.0000]])
tensor([[0.8597, 1.0000, 0.0000, 0.0000, 0.0000, 0.0000]])
tensor([[0.6213, 1.0000, 0.0000, 0.0000, 0.0000, 0.0000]])
tensor([[-0.3832,  1.0000,  0.0000,  0.0000,  0.0000,  0.0000]])
tensor([[0.3909, 1.0000, 0.0000, 0.0000, 0.0000, 0.0000]])
tensor([[0.6333, 1.0000, 0.0000, 0.0000, 0.0000, 0.0000]])
tensor([[0.9228, 1.0000, 0.0000, 0.0000, 0.0000, 0.0000]])
tensor([[0.0895, 1.0000, 0.0000, 0.0000, 0.0000, 0.0000]])
tensor([[-0.0250,  1.0000,  0.0000,  0.0000,  0.0000,  0.0000]])
tensor([[0.4383, 1.0000, 0.0000, 0.0000, 0.0000, 0.0000]])
tensor([[0.9407, 0.0000, 0.0000, 0.0000, 0.0000, 0.0000]])
tensor([[-0.1780,  1.0000,  0.0000,  0.0000,  0.0000,  0.0000]])
tensor([[0.3009, 1.0000, 0.0000, 0.0000, 1.0000, 0.0000]])
tensor([[-0.1434,  1.0000,  0.0000,  0.0000,  0.0000,  0.0000]])
tensor([[0.6187, 1.0000, 0.0000, 0.0000, 0.0000, 0.0000]])
tensor([[0.0930, 1.0000, 0.0000, 0.0000, 0.0000, 0.0000]])
tensor([[0.7111, 1.0000, 0.0000, 0.0000, 0.0000, 0.0000]])
tensor([[0.9057, 1.0000, 0.0000, 0.0000, 0.0000, 0.0000]])
tensor([[-0.6691,  1.0000,  0.0000,  0.0000,  0.0000,  0.0000]])
tensor([[-0.6983,  1.0000,  0.0000,  0.0000,  0.0000,  0.0000]])
tensor([[-0.7370,  1.0000,  0.0000,  0.0000,  0.0000,  0.0000]])
tensor([[-0.0426,  1.0000,  0.0000,  0.0000,  0.0000,  0.0000]])
tensor([[0.6931, 1.0000, 0.0000, 0.0000, 0.0000, 0.0000]])
tensor([[-0.6773,  1.0000,  0.0000,  0.0000,  0.0000,  0.0000]])
tensor([[0.1681, 1.0000, 0.0000, 0.0000, 0.0000, 0.0000]])
tensor([[0.2720, 1.0000, 0.0000, 0.0000, 0.0000, 0.0000]])
tensor([[0.7842, 1.0000, 0.0000, 0.0000, 0.0000, 0.0000]])
tensor([[-0.2839,  1.0000,  1.0000,  0.0000,  0.0000,  0.0000]])
tensor([[-0.0874,  1.0000,  0.0000,  0.0000,  0.0000,  0.0000]])
tensor([[0.1259, 1.0000, 0.0000, 0.0000, 0.0000, 0.0000]])
tensor([[0.5772, 1.0000, 0.0000, 0.0000, 0.0000, 0.0000]])
tensor([[-0.2148,  1.0000,  0.0000,  0.0000,  0.0000,  0.0000]])
tensor([[4.9534e-04, 1.0000e+00, 0.0000e+00, 0.0000e+00, 0.0000e+00, 0.0000e+00]])
tensor([[0.2453, 0.0000, 0.0000, 0.0000, 0.0000, 0.0000]])
tensor([[-0.5415,  1.0000,  0.0000,  0.0000,  0.0000,  0.0000]])
tensor([[0.3180, 1.0000, 0.0000, 0.0000, 0.0000, 0.0000]])
tensor([[-0.7502,  1.0000,  0.0000,  0.0000,  0.0000,  0.0000]])
tensor([[0.3114, 1.0000, 0.0000, 0.0000, 0.0000, 0.0000]])
tensor([[-0.7080,  1.0000,  0.0000,  0.0000,  0.0000,  0.0000]])
tensor([[0.8361, 1.0000, 0.0000, 0.0000, 0.0000, 0.0000]])
tensor([[-0.1359,  1.0000,  0.0000,  1.0000,  0.0000,  0.0000]])
tensor([[-0.3350,  1.0000,  0.0000,  0.0000,  0.0000,  0.0000]])
tensor([[0.4531, 1.0000, 0.0000, 0.0000, 0.0000, 0.0000]])
tensor([[-0.7805,  1.0000,  0.0000,  0.0000,  0.0000,  0.0000]])
tensor([[0.0525, 1.0000, 0.0000, 0.0000, 0.0000, 0.0000]])
tensor([[-0.8620,  1.0000,  0.0000,  0.0000,  0.0000,  0.0000]])
tensor([[0.4535, 1.0000, 0.0000, 0.0000, 0.0000, 0.0000]])
tensor([[-0.0143,  1.0000,  1.0000,  0.0000,  0.0000,  0.0000]])
tensor([[0.1844, 1.0000, 0.0000, 0.0000, 0.0000, 0.0000]])
tensor([[0.1978, 1.0000, 0.0000, 0.0000, 0.0000, 0.0000]])
tensor([[0.6186, 1.0000, 0.0000, 0.0000, 0.0000, 0.0000]])
tensor([[0.6677, 1.0000, 0.0000, 0.0000, 0.0000, 0.0000]])
tensor([[-0.2011,  0.0000,  0.0000,  0.0000,  0.0000,  0.0000]])
tensor([[-0.4198,  1.0000,  0.0000,  0.0000,  0.0000,  0.0000]])
tensor([[0.5959, 1.0000, 0.0000, 0.0000, 0.0000, 0.0000]])
tensor([[-0.0011,  1.0000,  0.0000,  0.0000,  0.0000,  0.0000]])
tensor([[-0.8428,  1.0000,  0.0000,  0.0000,  0.0000,  0.0000]])
tensor([[0.7301, 1.0000, 0.0000, 0.0000, 0.0000, 0.0000]])
tensor([[-0.1362,  1.0000,  0.0000,  0.0000,  0.0000,  0.0000]])
tensor([[0.7925, 1.0000, 0.0000, 0.0000, 0.0000, 0.0000]])
tensor([[-0.4689,  0.0000,  0.0000,  0.0000,  0.0000,  0.0000]])
tensor([[-0.8820,  1.0000,  0.0000,  0.0000,  0.0000,  0.0000]])
tensor([[0.6686, 1.0000, 0.0000, 0.0000, 0.0000, 0.0000]])
tensor([[0.9221, 1.0000, 0.0000, 0.0000, 0.0000, 0.0000]])
tensor([[-0.0295,  0.0000,  0.0000,  0.0000,  0.0000,  0.0000]])
tensor([[0.0605, 1.0000, 0.0000, 0.0000, 0.0000, 0.0000]])
tensor([[-0.6242,  1.0000,  0.0000,  0.0000,  0.0000,  0.0000]])
tensor([[0.1905, 1.0000, 1.0000, 0.0000, 0.0000, 0.0000]])
tensor([[0.2136, 1.0000, 0.0000, 0.0000, 0.0000, 0.0000]])
tensor([[0.4460, 0.0000, 0.0000, 0.0000, 0.0000, 0.0000]])
tensor([[0.8366, 0.0000, 0.0000, 0.0000, 0.0000, 0.0000]])
tensor([[0.2705, 1.0000, 0.0000, 0.0000, 0.0000, 0.0000]])
tensor([[-0.5479,  1.0000,  0.0000,  1.0000,  0.0000,  0.0000]])
tensor([[-0.0899,  1.0000,  0.0000,  0.0000,  0.0000,  0.0000]])
tensor([[0.6974, 1.0000, 0.0000, 0.0000, 0.0000, 0.0000]])
tensor([[-0.5890,  1.0000,  0.0000,  0.0000,  0.0000,  0.0000]])
tensor([[-0.1139,  1.0000,  0.0000,  0.0000,  0.0000,  0.0000]])
tensor([[0.6395, 1.0000, 0.0000, 0.0000, 0.0000, 0.0000]])
tensor([[-0.8425,  1.0000,  0.0000,  0.0000,  1.0000,  0.0000]])
tensor([[-0.6309,  1.0000,  0.0000,  0.0000,  0.0000,  0.0000]])
tensor([[-0.5520,  1.0000,  1.0000,  0.0000,  0.0000,  0.0000]])
tensor([[0.7476, 1.0000, 0.0000, 0.0000, 0.0000, 0.0000]])
tensor([[-0.0165,  1.0000,  0.0000,  0.0000,  0.0000,  0.0000]])
tensor([[0.9049, 1.0000, 0.0000, 0.0000, 0.0000, 0.0000]])
tensor([[-0.7061,  1.0000,  0.0000,  0.0000,  0.0000,  0.0000]])
tensor([[0.2150, 0.0000, 0.0000, 0.0000, 0.0000, 0.0000]])
tensor([[-0.2280,  1.0000,  0.0000,  0.0000,  1.0000,  0.0000]])
tensor([[0.8779, 1.0000, 0.0000, 0.0000, 0.0000, 0.0000]])
tensor([[-0.8676,  1.0000,  0.0000,  0.0000,  0.0000,  0.0000]])
tensor([[0.5246, 1.0000, 1.0000, 0.0000, 0.0000, 0.0000]])
tensor([[-0.9100,  1.0000,  0.0000,  0.0000,  0.0000,  0.0000]])
tensor([[-0.1474,  1.0000,  1.0000,  0.0000,  0.0000,  0.0000]])
tensor([[0.5691, 1.0000, 0.0000, 0.0000, 0.0000, 0.0000]])
tensor([[-0.3529,  1.0000,  0.0000,  0.0000,  0.0000,  0.0000]])
tensor([[-0.6381,  1.0000,  0.0000,  1.0000,  0.0000,  0.0000]])
tensor([[-0.2007,  0.0000,  0.0000,  0.0000,  0.0000,  0.0000]])
tensor([[0.0607, 1.0000, 0.0000, 0.0000, 0.0000, 0.0000]])
tensor([[-0.0752,  1.0000,  0.0000,  0.0000,  0.0000,  0.0000]])
tensor([[0.6938, 1.0000, 0.0000, 0.0000, 0.0000, 0.0000]])
tensor([[-0.1520,  1.0000,  0.0000,  0.0000,  0.0000,  0.0000]])
tensor([[0.9273, 1.0000, 0.0000, 0.0000, 0.0000, 0.0000]])
tensor([[-0.0378,  1.0000,  0.0000,  1.0000,  0.0000,  0.0000]])
tensor([[0.1364, 1.0000, 1.0000, 0.0000, 0.0000, 0.0000]])
tensor([[0.5065, 1.0000, 0.0000, 0.0000, 0.0000, 0.0000]])
tensor([[0.8592, 0.0000, 0.0000, 0.0000, 0.0000, 0.0000]])
tensor([[0.8729, 1.0000, 0.0000, 0.0000, 0.0000, 0.0000]])
tensor([[0.2939, 1.0000, 0.0000, 0.0000, 0.0000, 0.0000]])
tensor([[-0.6415,  1.0000,  0.0000,  0.0000,  0.0000,  0.0000]])
tensor([[-0.6060,  1.0000,  0.0000,  0.0000,  0.0000,  0.0000]])
tensor([[-0.6002,  1.0000,  0.0000,  0.0000,  0.0000,  0.0000]])
tensor([[-0.7461,  1.0000,  0.0000,  0.0000,  0.0000,  0.0000]])
tensor([[-0.6328,  1.0000,  0.0000,  0.0000,  0.0000,  0.0000]])
tensor([[0.1356, 1.0000, 0.0000, 0.0000, 0.0000, 0.0000]])
tensor([[-0.3009,  1.0000,  1.0000,  0.0000,  0.0000,  0.0000]])
tensor([[0.8283, 1.0000, 0.0000, 0.0000, 0.0000, 0.0000]])
tensor([[-0.5709,  1.0000,  0.0000,  0.0000,  0.0000,  0.0000]])
tensor([[0.1082, 1.0000, 0.0000, 0.0000, 0.0000, 0.0000]])
tensor([[0.5464, 1.0000, 0.0000, 0.0000, 0.0000, 0.0000]])
tensor([[-0.6026,  1.0000,  0.0000,  0.0000,  0.0000,  0.0000]])
tensor([[-0.8635,  0.0000,  0.0000,  0.0000,  0.0000,  0.0000]])
tensor([[-0.5261,  1.0000,  0.0000,  0.0000,  0.0000,  0.0000]])
tensor([[-0.7406,  1.0000,  0.0000,  0.0000,  0.0000,  0.0000]])
tensor([[0.4524, 1.0000, 0.0000, 0.0000, 0.0000, 0.0000]])
tensor([[0.0883, 1.0000, 1.0000, 0.0000, 0.0000, 0.0000]])
tensor([[-0.3090,  1.0000,  0.0000,  0.0000,  0.0000,  0.0000]])
tensor([[-0.5958,  1.0000,  0.0000,  0.0000,  0.0000,  0.0000]])
tensor([[-0.7826,  1.0000,  0.0000,  0.0000,  0.0000,  0.0000]])
tensor([[0.8557, 1.0000, 0.0000, 0.0000, 0.0000, 0.0000]])
tensor([[0.7459, 1.0000, 0.0000, 0.0000, 0.0000, 0.0000]])
tensor([[0.6013, 1.0000, 1.0000, 0.0000, 0.0000, 0.0000]])
tensor([[-0.1829,  1.0000,  0.0000,  0.0000,  0.0000,  0.0000]])
tensor([[-0.3663,  1.0000,  0.0000,  0.0000,  0.0000,  0.0000]])
tensor([[0.7559, 1.0000, 1.0000, 0.0000, 0.0000, 0.0000]])
tensor([[0.3603, 1.0000, 1.0000, 0.0000, 0.0000, 0.0000]])
tensor([[0.2871, 1.0000, 0.0000, 0.0000, 0.0000, 0.0000]])
tensor([[0.0278, 1.0000, 0.0000, 0.0000, 0.0000, 0.0000]])
tensor([[-0.4476,  1.0000,  0.0000,  0.0000,  0.0000,  0.0000]])
tensor([[-0.7704,  1.0000,  0.0000,  0.0000,  0.0000,  0.0000]])
tensor([[0.4282, 1.0000, 0.0000, 0.0000, 0.0000, 0.0000]])
tensor([[-0.5724,  1.0000,  1.0000,  0.0000,  0.0000,  0.0000]])
tensor([[0.3149, 1.0000, 0.0000, 0.0000, 0.0000, 0.0000]])
tensor([[0.7844, 1.0000, 0.0000, 1.0000, 0.0000, 0.0000]])
tensor([[-0.4600,  1.0000,  0.0000,  0.0000,  0.0000,  0.0000]])
tensor([[-0.7387,  1.0000,  1.0000,  0.0000,  0.0000,  0.0000]])
tensor([[0.3386, 1.0000, 0.0000, 0.0000, 0.0000, 0.0000]])
tensor([[-0.5219,  0.0000,  0.0000,  0.0000,  0.0000,  0.0000]])
tensor([[0.1182, 1.0000, 0.0000, 0.0000, 0.0000, 0.0000]])
tensor([[0.0019, 1.0000, 0.0000, 0.0000, 0.0000, 0.0000]])
INFO:root:Agent 0 (TQCars): avg action time = 0.0009s
tensor([[-0.6008,  1.0000,  0.0000,  0.0000,  1.0000,  0.0000]])
tensor([[0.2111, 1.0000, 0.0000, 0.0000, 0.0000, 0.0000]])
tensor([[0.6725, 1.0000, 0.0000, 1.0000, 0.0000, 0.0000]])
tensor([[-0.7861,  1.0000,  1.0000,  0.0000,  0.0000,  0.0000]])
tensor([[-0.9567,  1.0000,  0.0000,  0.0000,  0.0000,  0.0000]])
tensor([[-0.5497,  1.0000,  1.0000,  0.0000,  0.0000,  0.0000]])
tensor([[-0.0462,  1.0000,  0.0000,  0.0000,  0.0000,  0.0000]])
tensor([[0.7206, 1.0000, 0.0000, 0.0000, 0.0000, 0.0000]])
tensor([[-0.5946,  1.0000,  0.0000,  0.0000,  0.0000,  0.0000]])
tensor([[0.7483, 1.0000, 0.0000, 0.0000, 0.0000, 0.0000]])
tensor([[-0.0711,  1.0000,  0.0000,  0.0000,  0.0000,  0.0000]])
tensor([[0.5034, 1.0000, 0.0000, 1.0000, 0.0000, 0.0000]])
tensor([[0.7546, 1.0000, 0.0000, 0.0000, 0.0000, 0.0000]])
tensor([[-0.8128,  1.0000,  0.0000,  0.0000,  0.0000,  0.0000]])
tensor([[0.6801, 1.0000, 0.0000, 0.0000, 0.0000, 0.0000]])
tensor([[0.1077, 0.0000, 0.0000, 0.0000, 0.0000, 0.0000]])
tensor([[-0.2500,  1.0000,  0.0000,  0.0000,  0.0000,  0.0000]])
tensor([[-0.8116,  0.0000,  0.0000,  0.0000,  0.0000,  0.0000]])
tensor([[0.9391, 1.0000, 1.0000, 0.0000, 0.0000, 0.0000]])
tensor([[-0.1977,  1.0000,  0.0000,  0.0000,  0.0000,  0.0000]])
tensor([[-0.6899,  1.0000,  0.0000,  1.0000,  0.0000,  0.0000]])
tensor([[0.7688, 1.0000, 0.0000, 0.0000, 0.0000, 0.0000]])
tensor([[-0.8924,  1.0000,  0.0000,  0.0000,  0.0000,  0.0000]])
tensor([[0.7655, 1.0000, 0.0000, 0.0000, 0.0000, 0.0000]])
tensor([[0.1160, 1.0000, 0.0000, 0.0000, 0.0000, 0.0000]])
tensor([[0.0100, 1.0000, 0.0000, 0.0000, 0.0000, 0.0000]])
tensor([[0.4657, 0.0000, 0.0000, 0.0000, 0.0000, 0.0000]])
tensor([[-0.8156,  1.0000,  0.0000,  0.0000,  0.0000,  0.0000]])
tensor([[-0.0648,  1.0000,  0.0000,  0.0000,  0.0000,  0.0000]])
tensor([[-0.2967,  1.0000,  0.0000,  0.0000,  0.0000,  0.0000]])
tensor([[0.1513, 1.0000, 0.0000, 0.0000, 0.0000, 0.0000]])
tensor([[0.3943, 1.0000, 0.0000, 0.0000, 0.0000, 0.0000]])
tensor([[0.1699, 1.0000, 0.0000, 0.0000, 0.0000, 0.0000]])
tensor([[-0.6302,  1.0000,  0.0000,  0.0000,  0.0000,  0.0000]])
tensor([[-0.0750,  1.0000,  0.0000,  0.0000,  0.0000,  0.0000]])
tensor([[0.7446, 1.0000, 0.0000, 0.0000, 0.0000, 0.0000]])
tensor([[0.1454, 1.0000, 1.0000, 0.0000, 0.0000, 0.0000]])
tensor([[-0.1070,  0.0000,  0.0000,  1.0000,  0.0000,  0.0000]])
tensor([[0.0477, 1.0000, 0.0000, 0.0000, 0.0000, 0.0000]])
tensor([[-0.3235,  1.0000,  1.0000,  1.0000,  0.0000,  0.0000]])
tensor([[0.1465, 1.0000, 0.0000, 0.0000, 0.0000, 0.0000]])
tensor([[-0.6622,  1.0000,  0.0000,  0.0000,  0.0000,  0.0000]])
tensor([[0.9191, 1.0000, 1.0000, 0.0000, 0.0000, 0.0000]])
tensor([[0.7654, 1.0000, 0.0000, 0.0000, 0.0000, 0.0000]])
tensor([[-0.8908,  1.0000,  0.0000,  0.0000,  0.0000,  0.0000]])
tensor([[-0.5788,  1.0000,  0.0000,  0.0000,  0.0000,  0.0000]])
tensor([[-0.6719,  0.0000,  0.0000,  0.0000,  0.0000,  0.0000]])
tensor([[0.4557, 1.0000, 0.0000, 0.0000, 0.0000, 0.0000]])
tensor([[-0.9448,  1.0000,  0.0000,  0.0000,  0.0000,  0.0000]])
tensor([[-0.4030,  1.0000,  0.0000,  0.0000,  0.0000,  0.0000]])
tensor([[0.7346, 1.0000, 0.0000, 0.0000, 0.0000, 0.0000]])
tensor([[0.2929, 1.0000, 0.0000, 0.0000, 0.0000, 0.0000]])
tensor([[0.1869, 1.0000, 0.0000, 0.0000, 0.0000, 0.0000]])
tensor([[-0.4305,  1.0000,  0.0000,  0.0000,  0.0000,  0.0000]])
tensor([[0.1535, 1.0000, 1.0000, 0.0000, 0.0000, 0.0000]])
tensor([[0.5204, 1.0000, 0.0000, 0.0000, 0.0000, 0.0000]])
tensor([[-0.2764,  1.0000,  1.0000,  0.0000,  0.0000,  0.0000]])
tensor([[-0.3429,  1.0000,  0.0000,  0.0000,  0.0000,  0.0000]])
{"type": "results", "track": "minigolf", "results": [{"key": 0, "reward": -0.09993286132812501, "position": 4, "name": "TQCars", "avg_action_time": 0.0009021601346648822}]}
