INFO:root:Loading the agents
INFO:root:Loaded player TQCars
INFO:root:Creating pystk-1
INFO:root:Adding wrapper <function get_wrappers.<locals>.<lambda> at 0x756ec61f7420>
INFO:root:Adding wrapper <function get_wrappers.<locals>.<lambda> at 0x756ec61f74c0>
INFO:root:Adding wrapper <function get_wrappers.<locals>.<lambda> at 0x756ec61f7560>
INFO:root:Adding wrapper <function get_wrappers.<locals>.<lambda> at 0x756ec61f7600>
INFO:root:(multi-env mono adapter) Setting main environment max_paths to 5
INFO:root:Loading trained model from CHECKPOINT-GPUFAC/tqc_EXP12_300000.pt...
INFO:root:Starting a race
tensor([[-0.9905,  1.0000,  0.0000,  0.0000,  0.0000,  0.0000]])
tensor([[-0.9792,  1.0000,  0.0000,  0.0000,  0.0000,  0.0000]])
tensor([[-0.9949,  1.0000,  0.0000,  0.0000,  0.0000,  0.0000]])
tensor([[-0.9868,  1.0000,  0.0000,  0.0000,  0.0000,  0.0000]])
tensor([[-0.9144,  1.0000,  0.0000,  0.0000,  0.0000,  0.0000]])
tensor([[-0.9912,  1.0000,  0.0000,  0.0000,  0.0000,  0.0000]])
tensor([[-0.9926,  1.0000,  0.0000,  0.0000,  0.0000,  0.0000]])
tensor([[-0.9905,  1.0000,  0.0000,  0.0000,  0.0000,  0.0000]])
tensor([[-0.9798,  1.0000,  0.0000,  0.0000,  0.0000,  0.0000]])
tensor([[-0.8839,  1.0000,  0.0000,  0.0000,  0.0000,  0.0000]])
tensor([[-0.9808,  1.0000,  0.0000,  0.0000,  0.0000,  0.0000]])
tensor([[-0.9845,  1.0000,  0.0000,  0.0000,  0.0000,  0.0000]])
tensor([[-0.9937,  1.0000,  0.0000,  0.0000,  0.0000,  0.0000]])
tensor([[-0.9506,  1.0000,  0.0000,  0.0000,  0.0000,  0.0000]])
tensor([[-0.9854,  1.0000,  0.0000,  0.0000,  0.0000,  0.0000]])
tensor([[-0.8923,  1.0000,  0.0000,  0.0000,  0.0000,  0.0000]])
tensor([[-0.9876,  1.0000,  0.0000,  0.0000,  0.0000,  0.0000]])
tensor([[-0.9868,  1.0000,  0.0000,  0.0000,  0.0000,  0.0000]])
tensor([[-0.9825,  1.0000,  0.0000,  0.0000,  0.0000,  0.0000]])
tensor([[-0.8380,  1.0000,  0.0000,  0.0000,  0.0000,  0.0000]])
tensor([[-0.9933,  1.0000,  0.0000,  0.0000,  0.0000,  0.0000]])
tensor([[-0.9955,  1.0000,  0.0000,  0.0000,  0.0000,  0.0000]])
tensor([[-0.9984,  1.0000,  0.0000,  0.0000,  0.0000,  0.0000]])
tensor([[-0.9950,  1.0000,  0.0000,  0.0000,  0.0000,  0.0000]])
tensor([[-0.9885,  1.0000,  0.0000,  0.0000,  0.0000,  0.0000]])
tensor([[-0.9978,  1.0000,  0.0000,  0.0000,  0.0000,  0.0000]])
tensor([[0.4237, 0.0000, 0.0000, 0.0000, 0.0000, 0.0000]])
tensor([[-0.8387,  1.0000,  0.0000,  0.0000,  0.0000,  0.0000]])
tensor([[-0.9761,  1.0000,  0.0000,  0.0000,  0.0000,  0.0000]])
tensor([[0.1846, 1.0000, 0.0000, 0.0000, 0.0000, 0.0000]])
tensor([[-0.4236,  1.0000,  0.0000,  0.0000,  0.0000,  0.0000]])
tensor([[0.9983, 1.0000, 0.0000, 0.0000, 0.0000, 0.0000]])
tensor([[0.9903, 0.0000, 0.0000, 0.0000, 0.0000, 0.0000]])
tensor([[0.9842, 1.0000, 0.0000, 0.0000, 0.0000, 0.0000]])
tensor([[0.9670, 1.0000, 0.0000, 0.0000, 0.0000, 0.0000]])
tensor([[0.9615, 1.0000, 0.0000, 0.0000, 0.0000, 0.0000]])
tensor([[0.9907, 1.0000, 0.0000, 0.0000, 0.0000, 0.0000]])
tensor([[0.9866, 1.0000, 0.0000, 0.0000, 0.0000, 0.0000]])
tensor([[0.9557, 1.0000, 0.0000, 0.0000, 0.0000, 0.0000]])
tensor([[0.9799, 1.0000, 0.0000, 0.0000, 0.0000, 0.0000]])
tensor([[0.9726, 1.0000, 0.0000, 0.0000, 0.0000, 0.0000]])
tensor([[0.9950, 1.0000, 0.0000, 0.0000, 0.0000, 0.0000]])
tensor([[0.9924, 1.0000, 0.0000, 0.0000, 0.0000, 0.0000]])
tensor([[0.9743, 1.0000, 0.0000, 0.0000, 0.0000, 0.0000]])
tensor([[0.9943, 1.0000, 0.0000, 0.0000, 0.0000, 0.0000]])
tensor([[0.9852, 1.0000, 0.0000, 0.0000, 0.0000, 0.0000]])
tensor([[0.9953, 1.0000, 0.0000, 0.0000, 0.0000, 0.0000]])
tensor([[0.9666, 1.0000, 0.0000, 0.0000, 0.0000, 0.0000]])
tensor([[-0.5110,  1.0000,  0.0000,  0.0000,  1.0000,  0.0000]])
tensor([[-0.9246,  1.0000,  0.0000,  0.0000,  0.0000,  0.0000]])
tensor([[-0.9981,  1.0000,  0.0000,  0.0000,  0.0000,  0.0000]])
tensor([[-0.9949,  1.0000,  0.0000,  0.0000,  0.0000,  0.0000]])
tensor([[-0.9979,  1.0000,  0.0000,  0.0000,  0.0000,  0.0000]])
tensor([[-0.9836,  1.0000,  0.0000,  0.0000,  0.0000,  0.0000]])
tensor([[-0.9988,  1.0000,  0.0000,  0.0000,  0.0000,  0.0000]])
tensor([[-0.9857,  1.0000,  0.0000,  0.0000,  0.0000,  0.0000]])
tensor([[-0.9939,  1.0000,  0.0000,  0.0000,  0.0000,  0.0000]])
tensor([[-0.9947,  1.0000,  0.0000,  0.0000,  0.0000,  0.0000]])
tensor([[-0.9847,  1.0000,  0.0000,  0.0000,  0.0000,  0.0000]])
tensor([[-0.9529,  0.0000,  0.0000,  0.0000,  0.0000,  0.0000]])
tensor([[-0.5293,  1.0000,  0.0000,  0.0000,  0.0000,  0.0000]])
tensor([[-0.9190,  1.0000,  0.0000,  0.0000,  0.0000,  0.0000]])
tensor([[-0.5477,  1.0000,  0.0000,  0.0000,  0.0000,  0.0000]])
tensor([[0.9983, 1.0000, 0.0000, 0.0000, 0.0000, 0.0000]])
tensor([[0.2754, 0.0000, 0.0000, 0.0000, 0.0000, 0.0000]])
tensor([[-0.8194,  1.0000,  0.0000,  0.0000,  0.0000,  0.0000]])
tensor([[-0.9881,  1.0000,  0.0000,  0.0000,  0.0000,  0.0000]])
tensor([[-0.9538,  1.0000,  0.0000,  0.0000,  0.0000,  0.0000]])
tensor([[-0.9477,  1.0000,  0.0000,  0.0000,  0.0000,  0.0000]])
tensor([[-0.9548,  1.0000,  0.0000,  0.0000,  0.0000,  0.0000]])
tensor([[-0.9095,  1.0000,  0.0000,  0.0000,  0.0000,  0.0000]])
tensor([[-0.0247,  1.0000,  0.0000,  0.0000,  0.0000,  0.0000]])
tensor([[0.9259, 1.0000, 0.0000, 0.0000, 0.0000, 0.0000]])
tensor([[-0.8207,  1.0000,  0.0000,  0.0000,  0.0000,  0.0000]])
tensor([[-0.2270,  0.0000,  1.0000,  0.0000,  0.0000,  0.0000]])
tensor([[-0.6598,  1.0000,  0.0000,  0.0000,  0.0000,  0.0000]])
tensor([[-0.7580,  0.0000,  0.0000,  0.0000,  0.0000,  0.0000]])
tensor([[-0.8025,  1.0000,  0.0000,  0.0000,  0.0000,  0.0000]])
tensor([[-0.4122,  1.0000,  0.0000,  0.0000,  0.0000,  0.0000]])
tensor([[-0.9836,  1.0000,  0.0000,  0.0000,  0.0000,  0.0000]])
tensor([[-0.9644,  1.0000,  0.0000,  0.0000,  0.0000,  0.0000]])
tensor([[-0.8148,  1.0000,  0.0000,  0.0000,  0.0000,  0.0000]])
tensor([[-0.9256,  0.0000,  0.0000,  0.0000,  0.0000,  0.0000]])
tensor([[-0.2909,  1.0000,  0.0000,  0.0000,  0.0000,  0.0000]])
tensor([[0.9747, 1.0000, 0.0000, 0.0000, 0.0000, 0.0000]])
tensor([[0.9598, 1.0000, 0.0000, 0.0000, 0.0000, 0.0000]])
tensor([[0.9778, 1.0000, 0.0000, 0.0000, 0.0000, 0.0000]])
tensor([[0.9898, 1.0000, 0.0000, 0.0000, 0.0000, 0.0000]])
tensor([[0.9846, 1.0000, 0.0000, 0.0000, 0.0000, 0.0000]])
tensor([[0.9893, 1.0000, 0.0000, 0.0000, 0.0000, 0.0000]])
tensor([[0.9875, 1.0000, 0.0000, 0.0000, 0.0000, 0.0000]])
tensor([[0.8330, 1.0000, 0.0000, 0.0000, 0.0000, 0.0000]])
tensor([[0.6063, 1.0000, 0.0000, 0.0000, 0.0000, 0.0000]])
tensor([[-0.9864,  1.0000,  0.0000,  0.0000,  0.0000,  0.0000]])
tensor([[-0.9908,  0.0000,  0.0000,  0.0000,  0.0000,  0.0000]])
tensor([[-0.9886,  1.0000,  0.0000,  0.0000,  0.0000,  0.0000]])
tensor([[-0.9899,  1.0000,  0.0000,  0.0000,  0.0000,  0.0000]])
tensor([[-0.9899,  1.0000,  0.0000,  0.0000,  0.0000,  0.0000]])
tensor([[-0.9595,  1.0000,  0.0000,  0.0000,  0.0000,  0.0000]])
tensor([[-0.9627,  1.0000,  0.0000,  0.0000,  0.0000,  0.0000]])
tensor([[-0.9834,  1.0000,  0.0000,  0.0000,  0.0000,  0.0000]])
tensor([[-0.9934,  1.0000,  0.0000,  0.0000,  0.0000,  0.0000]])
tensor([[-0.9735,  1.0000,  0.0000,  0.0000,  0.0000,  0.0000]])
tensor([[-0.9864,  1.0000,  0.0000,  0.0000,  0.0000,  0.0000]])
tensor([[-0.9094,  1.0000,  0.0000,  0.0000,  0.0000,  0.0000]])
tensor([[0.9480, 0.0000, 0.0000, 0.0000, 0.0000, 0.0000]])
tensor([[0.9934, 1.0000, 0.0000, 1.0000, 0.0000, 0.0000]])
tensor([[0.9889, 1.0000, 0.0000, 0.0000, 0.0000, 0.0000]])
tensor([[0.9524, 1.0000, 0.0000, 0.0000, 0.0000, 0.0000]])
tensor([[0.9738, 1.0000, 0.0000, 0.0000, 0.0000, 0.0000]])
tensor([[0.7624, 0.0000, 0.0000, 0.0000, 0.0000, 0.0000]])
tensor([[0.9639, 0.0000, 0.0000, 0.0000, 0.0000, 0.0000]])
tensor([[0.7912, 1.0000, 0.0000, 0.0000, 0.0000, 0.0000]])
tensor([[0.5632, 1.0000, 0.0000, 0.0000, 0.0000, 0.0000]])
tensor([[0.8520, 1.0000, 0.0000, 0.0000, 0.0000, 0.0000]])
tensor([[0.9559, 1.0000, 0.0000, 0.0000, 0.0000, 0.0000]])
tensor([[0.9836, 1.0000, 0.0000, 0.0000, 0.0000, 0.0000]])
tensor([[0.9902, 0.0000, 0.0000, 0.0000, 0.0000, 0.0000]])
tensor([[0.9559, 1.0000, 0.0000, 0.0000, 0.0000, 0.0000]])
tensor([[0.9964, 1.0000, 0.0000, 0.0000, 0.0000, 1.0000]])
tensor([[0.9966, 1.0000, 0.0000, 0.0000, 0.0000, 0.0000]])
tensor([[0.9835, 0.0000, 0.0000, 0.0000, 1.0000, 0.0000]])
tensor([[0.8694, 1.0000, 0.0000, 0.0000, 0.0000, 0.0000]])
tensor([[0.9377, 0.0000, 0.0000, 0.0000, 0.0000, 0.0000]])
tensor([[0.9528, 1.0000, 0.0000, 0.0000, 0.0000, 0.0000]])
tensor([[0.7975, 1.0000, 0.0000, 0.0000, 0.0000, 0.0000]])
tensor([[-0.9909,  1.0000,  0.0000,  0.0000,  0.0000,  0.0000]])
tensor([[-0.9913,  1.0000,  0.0000,  0.0000,  0.0000,  0.0000]])
tensor([[-0.5440,  1.0000,  0.0000,  0.0000,  0.0000,  0.0000]])
tensor([[-0.9371,  0.0000,  0.0000,  0.0000,  0.0000,  0.0000]])
tensor([[-0.9776,  0.0000,  0.0000,  0.0000,  0.0000,  0.0000]])
tensor([[-0.9561,  1.0000,  0.0000,  0.0000,  0.0000,  0.0000]])
tensor([[-0.9592,  1.0000,  1.0000,  0.0000,  0.0000,  0.0000]])
tensor([[-0.9880,  1.0000,  0.0000,  0.0000,  0.0000,  0.0000]])
tensor([[-0.5120,  1.0000,  0.0000,  0.0000,  0.0000,  0.0000]])
tensor([[-0.7337,  1.0000,  0.0000,  0.0000,  0.0000,  0.0000]])
tensor([[-0.8233,  1.0000,  0.0000,  0.0000,  0.0000,  0.0000]])
tensor([[0.9952, 1.0000, 0.0000, 0.0000, 0.0000, 0.0000]])
tensor([[0.9693, 1.0000, 0.0000, 0.0000, 0.0000, 0.0000]])
tensor([[0.9736, 1.0000, 0.0000, 0.0000, 0.0000, 0.0000]])
tensor([[0.9574, 1.0000, 0.0000, 0.0000, 0.0000, 0.0000]])
tensor([[0.9368, 1.0000, 0.0000, 0.0000, 0.0000, 0.0000]])
tensor([[0.6451, 1.0000, 0.0000, 0.0000, 0.0000, 0.0000]])
tensor([[0.6231, 1.0000, 0.0000, 0.0000, 0.0000, 0.0000]])
tensor([[0.8554, 1.0000, 0.0000, 1.0000, 0.0000, 0.0000]])
tensor([[0.9089, 1.0000, 0.0000, 0.0000, 0.0000, 0.0000]])
tensor([[0.5555, 1.0000, 0.0000, 0.0000, 0.0000, 0.0000]])
tensor([[0.9523, 1.0000, 0.0000, 0.0000, 0.0000, 0.0000]])
tensor([[0.1036, 1.0000, 0.0000, 0.0000, 0.0000, 0.0000]])
tensor([[0.8916, 1.0000, 0.0000, 0.0000, 0.0000, 0.0000]])
tensor([[0.7984, 1.0000, 0.0000, 0.0000, 0.0000, 0.0000]])
tensor([[0.8875, 1.0000, 0.0000, 0.0000, 0.0000, 0.0000]])
tensor([[0.6201, 1.0000, 0.0000, 0.0000, 0.0000, 0.0000]])
tensor([[0.7110, 1.0000, 0.0000, 0.0000, 0.0000, 0.0000]])
tensor([[0.9789, 1.0000, 0.0000, 0.0000, 0.0000, 0.0000]])
tensor([[0.7891, 1.0000, 0.0000, 0.0000, 0.0000, 0.0000]])
tensor([[0.9799, 1.0000, 0.0000, 0.0000, 0.0000, 0.0000]])
tensor([[0.9798, 1.0000, 0.0000, 0.0000, 0.0000, 0.0000]])
tensor([[0.6984, 1.0000, 0.0000, 0.0000, 0.0000, 0.0000]])
tensor([[0.9992, 1.0000, 0.0000, 0.0000, 0.0000, 0.0000]])
tensor([[0.7689, 0.0000, 0.0000, 0.0000, 0.0000, 0.0000]])
tensor([[0.7735, 1.0000, 0.0000, 0.0000, 0.0000, 0.0000]])
tensor([[0.9125, 1.0000, 0.0000, 0.0000, 0.0000, 0.0000]])
tensor([[0.9590, 1.0000, 0.0000, 0.0000, 0.0000, 0.0000]])
tensor([[0.5669, 1.0000, 0.0000, 0.0000, 0.0000, 0.0000]])
tensor([[0.7819, 1.0000, 0.0000, 0.0000, 0.0000, 0.0000]])
tensor([[-0.0985,  1.0000,  0.0000,  0.0000,  0.0000,  0.0000]])
tensor([[-0.9567,  1.0000,  0.0000,  0.0000,  0.0000,  0.0000]])
tensor([[-0.9927,  1.0000,  0.0000,  0.0000,  0.0000,  0.0000]])
tensor([[-0.4573,  1.0000,  0.0000,  0.0000,  0.0000,  0.0000]])
tensor([[-0.0081,  1.0000,  0.0000,  0.0000,  0.0000,  0.0000]])
tensor([[-0.7891,  1.0000,  0.0000,  0.0000,  0.0000,  0.0000]])
tensor([[-0.5574,  1.0000,  0.0000,  0.0000,  0.0000,  0.0000]])
tensor([[0.6571, 1.0000, 0.0000, 0.0000, 0.0000, 0.0000]])
tensor([[0.9227, 1.0000, 0.0000, 0.0000, 0.0000, 0.0000]])
tensor([[0.9961, 1.0000, 0.0000, 0.0000, 0.0000, 0.0000]])
tensor([[0.9992, 1.0000, 0.0000, 0.0000, 0.0000, 0.0000]])
tensor([[0.9933, 1.0000, 0.0000, 0.0000, 0.0000, 0.0000]])
tensor([[0.9980, 1.0000, 0.0000, 0.0000, 0.0000, 0.0000]])
tensor([[0.9826, 1.0000, 0.0000, 0.0000, 0.0000, 0.0000]])
tensor([[0.9937, 1.0000, 0.0000, 0.0000, 0.0000, 0.0000]])
tensor([[0.9938, 1.0000, 0.0000, 0.0000, 0.0000, 0.0000]])
tensor([[0.9954, 1.0000, 0.0000, 0.0000, 0.0000, 0.0000]])
tensor([[0.9931, 1.0000, 0.0000, 0.0000, 0.0000, 0.0000]])
tensor([[0.7373, 1.0000, 0.0000, 0.0000, 0.0000, 0.0000]])
tensor([[-0.4108,  1.0000,  0.0000,  0.0000,  0.0000,  0.0000]])
tensor([[-0.4791,  1.0000,  0.0000,  0.0000,  0.0000,  0.0000]])
tensor([[-0.9095,  1.0000,  0.0000,  0.0000,  0.0000,  0.0000]])
tensor([[-0.9895,  1.0000,  0.0000,  0.0000,  0.0000,  0.0000]])
tensor([[-0.7447,  1.0000,  0.0000,  0.0000,  0.0000,  0.0000]])
tensor([[-0.2850,  1.0000,  0.0000,  0.0000,  0.0000,  0.0000]])
tensor([[-0.8367,  1.0000,  0.0000,  0.0000,  0.0000,  0.0000]])
tensor([[0.2467, 1.0000, 0.0000, 0.0000, 0.0000, 0.0000]])
tensor([[-0.0349,  1.0000,  0.0000,  0.0000,  0.0000,  0.0000]])
tensor([[0.9905, 1.0000, 0.0000, 0.0000, 0.0000, 0.0000]])
tensor([[0.9973, 1.0000, 0.0000, 0.0000, 0.0000, 0.0000]])
tensor([[0.9944, 1.0000, 0.0000, 0.0000, 0.0000, 0.0000]])
tensor([[0.8544, 1.0000, 0.0000, 0.0000, 0.0000, 0.0000]])
tensor([[-0.8680,  1.0000,  0.0000,  0.0000,  0.0000,  0.0000]])
tensor([[-0.7991,  0.0000,  0.0000,  0.0000,  0.0000,  0.0000]])
tensor([[-0.9921,  1.0000,  0.0000,  0.0000,  0.0000,  0.0000]])
tensor([[-0.9786,  1.0000,  0.0000,  0.0000,  0.0000,  0.0000]])
tensor([[-0.7643,  1.0000,  0.0000,  0.0000,  0.0000,  0.0000]])
tensor([[-0.9798,  1.0000,  0.0000,  0.0000,  0.0000,  0.0000]])
tensor([[-0.9888,  1.0000,  0.0000,  0.0000,  0.0000,  0.0000]])
tensor([[-0.9804,  1.0000,  0.0000,  0.0000,  0.0000,  0.0000]])
tensor([[-0.7128,  0.0000,  0.0000,  0.0000,  0.0000,  0.0000]])
tensor([[0.9301, 1.0000, 0.0000, 0.0000, 0.0000, 0.0000]])
tensor([[0.9950, 1.0000, 0.0000, 0.0000, 0.0000, 0.0000]])
tensor([[0.9924, 1.0000, 0.0000, 0.0000, 0.0000, 0.0000]])
tensor([[0.9957, 1.0000, 0.0000, 0.0000, 0.0000, 0.0000]])
tensor([[0.9870, 1.0000, 0.0000, 0.0000, 1.0000, 0.0000]])
tensor([[0.9755, 1.0000, 0.0000, 0.0000, 0.0000, 0.0000]])
tensor([[0.9873, 1.0000, 0.0000, 0.0000, 0.0000, 0.0000]])
tensor([[0.9867, 1.0000, 0.0000, 0.0000, 0.0000, 0.0000]])
tensor([[0.7867, 1.0000, 0.0000, 0.0000, 0.0000, 0.0000]])
tensor([[-0.7447,  1.0000,  0.0000,  0.0000,  0.0000,  0.0000]])
tensor([[-0.9629,  1.0000,  0.0000,  0.0000,  0.0000,  0.0000]])
tensor([[-0.9916,  1.0000,  0.0000,  0.0000,  0.0000,  0.0000]])
tensor([[-0.9878,  1.0000,  0.0000,  0.0000,  0.0000,  0.0000]])
tensor([[-0.9908,  1.0000,  0.0000,  0.0000,  0.0000,  0.0000]])
tensor([[-0.9691,  1.0000,  0.0000,  0.0000,  0.0000,  0.0000]])
tensor([[-0.9965,  1.0000,  0.0000,  0.0000,  0.0000,  0.0000]])
tensor([[-0.9957,  1.0000,  0.0000,  0.0000,  0.0000,  0.0000]])
tensor([[-0.9322,  1.0000,  1.0000,  0.0000,  0.0000,  0.0000]])
tensor([[-0.9684,  1.0000,  0.0000,  0.0000,  0.0000,  0.0000]])
tensor([[-0.9857,  0.0000,  0.0000,  0.0000,  0.0000,  0.0000]])
tensor([[-0.9973,  1.0000,  0.0000,  0.0000,  0.0000,  0.0000]])
tensor([[-0.9661,  1.0000,  0.0000,  0.0000,  0.0000,  0.0000]])
tensor([[-0.6854,  1.0000,  0.0000,  0.0000,  0.0000,  0.0000]])
tensor([[0.0120, 1.0000, 0.0000, 0.0000, 0.0000, 0.0000]])
tensor([[0.9730, 1.0000, 0.0000, 0.0000, 0.0000, 0.0000]])
tensor([[0.9992, 1.0000, 0.0000, 0.0000, 0.0000, 0.0000]])
tensor([[0.9907, 1.0000, 0.0000, 0.0000, 0.0000, 0.0000]])
tensor([[0.9745, 1.0000, 0.0000, 0.0000, 0.0000, 0.0000]])
tensor([[0.9962, 1.0000, 0.0000, 0.0000, 0.0000, 0.0000]])
tensor([[0.9845, 1.0000, 0.0000, 0.0000, 0.0000, 0.0000]])
tensor([[0.9930, 1.0000, 0.0000, 0.0000, 0.0000, 0.0000]])
tensor([[0.9822, 1.0000, 0.0000, 0.0000, 0.0000, 0.0000]])
tensor([[0.9958, 1.0000, 0.0000, 0.0000, 0.0000, 0.0000]])
tensor([[0.9916, 1.0000, 0.0000, 0.0000, 0.0000, 0.0000]])
tensor([[0.9856, 1.0000, 0.0000, 0.0000, 0.0000, 0.0000]])
tensor([[0.9905, 1.0000, 0.0000, 0.0000, 0.0000, 0.0000]])
tensor([[0.9812, 1.0000, 0.0000, 0.0000, 0.0000, 0.0000]])
tensor([[0.2335, 1.0000, 0.0000, 0.0000, 0.0000, 0.0000]])
tensor([[-0.9522,  1.0000,  0.0000,  0.0000,  0.0000,  0.0000]])
tensor([[-0.9764,  1.0000,  0.0000,  0.0000,  0.0000,  0.0000]])
tensor([[-0.9841,  1.0000,  0.0000,  0.0000,  0.0000,  0.0000]])
tensor([[-0.9205,  1.0000,  0.0000,  0.0000,  0.0000,  0.0000]])
tensor([[-0.9636,  1.0000,  0.0000,  0.0000,  0.0000,  0.0000]])
tensor([[-0.8747,  1.0000,  0.0000,  0.0000,  0.0000,  0.0000]])
tensor([[-0.9685,  1.0000,  0.0000,  0.0000,  0.0000,  0.0000]])
tensor([[-0.7388,  1.0000,  0.0000,  0.0000,  0.0000,  0.0000]])
tensor([[-0.9419,  1.0000,  0.0000,  0.0000,  0.0000,  0.0000]])
tensor([[-0.8944,  1.0000,  0.0000,  0.0000,  0.0000,  0.0000]])
tensor([[-0.9433,  1.0000,  0.0000,  0.0000,  0.0000,  0.0000]])
tensor([[-0.8294,  1.0000,  0.0000,  0.0000,  0.0000,  0.0000]])
tensor([[-0.8220,  1.0000,  0.0000,  0.0000,  0.0000,  0.0000]])
tensor([[-0.8329,  1.0000,  0.0000,  0.0000,  0.0000,  0.0000]])
tensor([[-0.9937,  1.0000,  0.0000,  0.0000,  0.0000,  0.0000]])
tensor([[-0.8735,  1.0000,  0.0000,  0.0000,  0.0000,  0.0000]])
tensor([[-0.9609,  1.0000,  0.0000,  0.0000,  0.0000,  0.0000]])
tensor([[-0.9627,  1.0000,  1.0000,  0.0000,  0.0000,  0.0000]])
tensor([[-0.9928,  1.0000,  0.0000,  0.0000,  0.0000,  0.0000]])
tensor([[-0.9708,  1.0000,  0.0000,  0.0000,  0.0000,  0.0000]])
tensor([[-0.9258,  1.0000,  0.0000,  0.0000,  0.0000,  0.0000]])
tensor([[-0.9206,  1.0000,  0.0000,  0.0000,  0.0000,  0.0000]])
tensor([[-0.9783,  1.0000,  0.0000,  0.0000,  0.0000,  0.0000]])
tensor([[-0.7868,  0.0000,  0.0000,  0.0000,  0.0000,  0.0000]])
tensor([[-0.8581,  1.0000,  1.0000,  0.0000,  0.0000,  0.0000]])
tensor([[-0.8963,  1.0000,  0.0000,  0.0000,  0.0000,  0.0000]])
tensor([[-0.9864,  1.0000,  0.0000,  0.0000,  0.0000,  0.0000]])
tensor([[-0.9456,  1.0000,  0.0000,  0.0000,  0.0000,  0.0000]])
tensor([[-0.9815,  1.0000,  0.0000,  0.0000,  0.0000,  0.0000]])
tensor([[-0.9097,  1.0000,  0.0000,  0.0000,  0.0000,  0.0000]])
tensor([[-0.9366,  1.0000,  0.0000,  0.0000,  0.0000,  0.0000]])
tensor([[-0.5372,  1.0000,  0.0000,  0.0000,  0.0000,  0.0000]])
tensor([[-0.9934,  1.0000,  0.0000,  0.0000,  0.0000,  0.0000]])
tensor([[-0.9827,  1.0000,  0.0000,  0.0000,  0.0000,  0.0000]])
tensor([[-0.9205,  1.0000,  0.0000,  0.0000,  0.0000,  0.0000]])
tensor([[-0.7650,  1.0000,  0.0000,  0.0000,  0.0000,  0.0000]])
tensor([[-0.9504,  1.0000,  0.0000,  0.0000,  0.0000,  0.0000]])
tensor([[-0.9352,  1.0000,  0.0000,  0.0000,  0.0000,  0.0000]])
tensor([[-0.7919,  1.0000,  0.0000,  0.0000,  0.0000,  0.0000]])
tensor([[-0.9171,  1.0000,  0.0000,  0.0000,  0.0000,  0.0000]])
tensor([[-0.5583,  1.0000,  0.0000,  0.0000,  0.0000,  0.0000]])
tensor([[-0.7329,  1.0000,  0.0000,  0.0000,  0.0000,  0.0000]])
tensor([[-0.7574,  1.0000,  0.0000,  0.0000,  0.0000,  0.0000]])
tensor([[-0.9494,  1.0000,  0.0000,  0.0000,  0.0000,  0.0000]])
tensor([[-0.9160,  1.0000,  0.0000,  0.0000,  0.0000,  0.0000]])
tensor([[-0.9631,  1.0000,  0.0000,  0.0000,  0.0000,  0.0000]])
tensor([[-0.9280,  1.0000,  0.0000,  0.0000,  0.0000,  0.0000]])
tensor([[-0.9359,  1.0000,  0.0000,  0.0000,  0.0000,  0.0000]])
tensor([[-0.9490,  1.0000,  0.0000,  0.0000,  0.0000,  0.0000]])
tensor([[-0.7714,  1.0000,  0.0000,  0.0000,  0.0000,  0.0000]])
tensor([[-0.8636,  1.0000,  0.0000,  0.0000,  0.0000,  0.0000]])
tensor([[-0.9605,  1.0000,  0.0000,  0.0000,  0.0000,  0.0000]])
tensor([[-0.9402,  1.0000,  0.0000,  0.0000,  0.0000,  0.0000]])
tensor([[-0.9670,  1.0000,  0.0000,  0.0000,  0.0000,  0.0000]])
tensor([[0.0103, 1.0000, 0.0000, 0.0000, 0.0000, 0.0000]])
tensor([[-0.9100,  1.0000,  0.0000,  0.0000,  0.0000,  0.0000]])
tensor([[-0.9321,  1.0000,  0.0000,  0.0000,  0.0000,  0.0000]])
tensor([[-0.8437,  1.0000,  0.0000,  0.0000,  0.0000,  0.0000]])
tensor([[-0.8914,  1.0000,  0.0000,  0.0000,  0.0000,  0.0000]])
tensor([[-0.8813,  1.0000,  0.0000,  0.0000,  0.0000,  0.0000]])
tensor([[-0.9929,  1.0000,  0.0000,  0.0000,  0.0000,  0.0000]])
tensor([[-0.9664,  1.0000,  0.0000,  0.0000,  0.0000,  0.0000]])
tensor([[-0.8784,  1.0000,  0.0000,  0.0000,  0.0000,  0.0000]])
tensor([[-0.9708,  1.0000,  0.0000,  0.0000,  0.0000,  0.0000]])
tensor([[-0.9842,  1.0000,  0.0000,  0.0000,  0.0000,  0.0000]])
tensor([[-0.9706,  1.0000,  0.0000,  0.0000,  0.0000,  0.0000]])
tensor([[-0.9605,  1.0000,  0.0000,  0.0000,  0.0000,  0.0000]])
tensor([[-0.9285,  1.0000,  0.0000,  0.0000,  0.0000,  0.0000]])
tensor([[-0.9793,  1.0000,  0.0000,  0.0000,  0.0000,  0.0000]])
tensor([[-0.9642,  1.0000,  0.0000,  0.0000,  0.0000,  0.0000]])
tensor([[-0.9943,  1.0000,  0.0000,  0.0000,  0.0000,  0.0000]])
tensor([[-0.9807,  1.0000,  0.0000,  0.0000,  0.0000,  0.0000]])
tensor([[-0.9534,  1.0000,  0.0000,  0.0000,  0.0000,  0.0000]])
tensor([[-0.9636,  1.0000,  0.0000,  0.0000,  0.0000,  0.0000]])
tensor([[-0.9660,  1.0000,  0.0000,  0.0000,  0.0000,  0.0000]])
tensor([[-0.7942,  1.0000,  0.0000,  0.0000,  0.0000,  0.0000]])
tensor([[-0.9896,  1.0000,  0.0000,  0.0000,  0.0000,  0.0000]])
tensor([[-0.8643,  1.0000,  0.0000,  0.0000,  0.0000,  0.0000]])
tensor([[-0.6834,  1.0000,  0.0000,  0.0000,  0.0000,  0.0000]])
tensor([[-0.9131,  1.0000,  0.0000,  0.0000,  0.0000,  0.0000]])
tensor([[-0.8882,  1.0000,  0.0000,  0.0000,  0.0000,  0.0000]])
tensor([[-0.9415,  1.0000,  0.0000,  0.0000,  0.0000,  0.0000]])
tensor([[-0.6455,  1.0000,  0.0000,  0.0000,  0.0000,  0.0000]])
tensor([[-0.8811,  1.0000,  0.0000,  0.0000,  0.0000,  0.0000]])
tensor([[-0.9572,  1.0000,  0.0000,  0.0000,  0.0000,  0.0000]])
tensor([[-0.7175,  1.0000,  0.0000,  0.0000,  0.0000,  0.0000]])
tensor([[-0.8306,  1.0000,  0.0000,  0.0000,  0.0000,  0.0000]])
tensor([[-0.9559,  1.0000,  0.0000,  0.0000,  0.0000,  0.0000]])
tensor([[-0.7935,  1.0000,  0.0000,  0.0000,  0.0000,  0.0000]])
tensor([[-0.9672,  1.0000,  0.0000,  0.0000,  0.0000,  0.0000]])
tensor([[-0.8874,  1.0000,  0.0000,  0.0000,  0.0000,  0.0000]])
tensor([[-0.9515,  1.0000,  0.0000,  0.0000,  0.0000,  0.0000]])
tensor([[-0.4281,  1.0000,  0.0000,  0.0000,  0.0000,  0.0000]])
tensor([[-0.8068,  1.0000,  0.0000,  0.0000,  0.0000,  0.0000]])
tensor([[-0.9689,  1.0000,  0.0000,  0.0000,  0.0000,  0.0000]])
tensor([[-0.9262,  0.0000,  0.0000,  0.0000,  0.0000,  0.0000]])
tensor([[-0.7407,  1.0000,  0.0000,  0.0000,  0.0000,  0.0000]])
tensor([[-0.9745,  1.0000,  0.0000,  0.0000,  0.0000,  0.0000]])
tensor([[-0.9167,  1.0000,  0.0000,  0.0000,  0.0000,  0.0000]])
tensor([[-0.6816,  1.0000,  0.0000,  0.0000,  0.0000,  0.0000]])
tensor([[-0.8483,  1.0000,  0.0000,  0.0000,  0.0000,  0.0000]])
tensor([[-0.9390,  1.0000,  0.0000,  0.0000,  0.0000,  0.0000]])
tensor([[-0.9634,  1.0000,  0.0000,  0.0000,  0.0000,  0.0000]])
tensor([[-0.9833,  1.0000,  0.0000,  0.0000,  0.0000,  0.0000]])
tensor([[-0.7468,  1.0000,  0.0000,  0.0000,  0.0000,  0.0000]])
tensor([[-0.9106,  1.0000,  0.0000,  0.0000,  0.0000,  0.0000]])
tensor([[-0.9640,  1.0000,  0.0000,  0.0000,  0.0000,  0.0000]])
tensor([[-0.9082,  1.0000,  0.0000,  0.0000,  0.0000,  0.0000]])
tensor([[-0.8988,  1.0000,  0.0000,  0.0000,  0.0000,  0.0000]])
tensor([[-0.9661,  1.0000,  0.0000,  1.0000,  0.0000,  0.0000]])
tensor([[-0.4480,  1.0000,  0.0000,  0.0000,  0.0000,  0.0000]])
tensor([[-0.9610,  1.0000,  0.0000,  0.0000,  0.0000,  0.0000]])
tensor([[-0.9058,  1.0000,  0.0000,  0.0000,  0.0000,  0.0000]])
tensor([[-0.9461,  1.0000,  0.0000,  0.0000,  0.0000,  0.0000]])
tensor([[-0.8341,  1.0000,  0.0000,  0.0000,  0.0000,  0.0000]])
tensor([[-0.9179,  1.0000,  0.0000,  0.0000,  0.0000,  0.0000]])
tensor([[-0.6413,  1.0000,  0.0000,  0.0000,  0.0000,  0.0000]])
tensor([[-0.7649,  1.0000,  0.0000,  0.0000,  0.0000,  0.0000]])
tensor([[-0.9303,  1.0000,  0.0000,  0.0000,  0.0000,  0.0000]])
tensor([[-0.9805,  1.0000,  0.0000,  0.0000,  0.0000,  0.0000]])
tensor([[-0.9737,  1.0000,  0.0000,  0.0000,  0.0000,  0.0000]])
tensor([[-0.9416,  1.0000,  0.0000,  0.0000,  0.0000,  0.0000]])
tensor([[-0.9778,  1.0000,  0.0000,  0.0000,  0.0000,  0.0000]])
tensor([[-0.9827,  1.0000,  0.0000,  0.0000,  0.0000,  0.0000]])
tensor([[-0.4067,  1.0000,  0.0000,  0.0000,  0.0000,  0.0000]])
tensor([[-0.8452,  1.0000,  0.0000,  0.0000,  0.0000,  0.0000]])
tensor([[-0.9675,  1.0000,  0.0000,  0.0000,  0.0000,  0.0000]])
tensor([[-0.9487,  1.0000,  0.0000,  0.0000,  0.0000,  0.0000]])
tensor([[-0.9636,  1.0000,  0.0000,  0.0000,  0.0000,  0.0000]])
tensor([[-0.9754,  1.0000,  0.0000,  0.0000,  0.0000,  0.0000]])
tensor([[-0.8797,  1.0000,  0.0000,  0.0000,  0.0000,  0.0000]])
tensor([[-0.9281,  1.0000,  0.0000,  0.0000,  0.0000,  0.0000]])
tensor([[-0.8929,  1.0000,  0.0000,  0.0000,  0.0000,  0.0000]])
tensor([[-0.9428,  1.0000,  0.0000,  0.0000,  0.0000,  0.0000]])
tensor([[-0.9693,  1.0000,  0.0000,  0.0000,  0.0000,  0.0000]])
tensor([[-0.9310,  1.0000,  0.0000,  0.0000,  0.0000,  0.0000]])
tensor([[-0.9660,  1.0000,  0.0000,  0.0000,  0.0000,  0.0000]])
tensor([[-0.9631,  1.0000,  0.0000,  0.0000,  0.0000,  0.0000]])
tensor([[-0.9895,  1.0000,  0.0000,  0.0000,  0.0000,  0.0000]])
tensor([[-0.9769,  1.0000,  0.0000,  0.0000,  0.0000,  0.0000]])
tensor([[-0.9405,  1.0000,  0.0000,  0.0000,  0.0000,  0.0000]])
tensor([[-0.7116,  1.0000,  0.0000,  0.0000,  0.0000,  0.0000]])
tensor([[-0.9518,  1.0000,  0.0000,  0.0000,  0.0000,  0.0000]])
tensor([[-0.7850,  0.0000,  0.0000,  0.0000,  0.0000,  0.0000]])
tensor([[-0.9843,  1.0000,  0.0000,  0.0000,  0.0000,  0.0000]])
tensor([[-0.6781,  1.0000,  0.0000,  0.0000,  0.0000,  0.0000]])
tensor([[-0.7525,  1.0000,  0.0000,  0.0000,  0.0000,  0.0000]])
tensor([[-0.9677,  1.0000,  0.0000,  0.0000,  0.0000,  0.0000]])
tensor([[-0.9551,  1.0000,  0.0000,  0.0000,  0.0000,  0.0000]])
tensor([[-0.9748,  1.0000,  0.0000,  0.0000,  0.0000,  0.0000]])
tensor([[-0.6977,  1.0000,  0.0000,  0.0000,  0.0000,  0.0000]])
tensor([[-0.7690,  1.0000,  0.0000,  0.0000,  0.0000,  0.0000]])
tensor([[-0.0018,  1.0000,  1.0000,  0.0000,  0.0000,  0.0000]])
tensor([[-0.9344,  1.0000,  0.0000,  0.0000,  0.0000,  0.0000]])
tensor([[-0.9035,  1.0000,  0.0000,  0.0000,  0.0000,  0.0000]])
tensor([[-0.9110,  1.0000,  0.0000,  0.0000,  0.0000,  0.0000]])
tensor([[-0.8886,  1.0000,  0.0000,  0.0000,  0.0000,  0.0000]])
tensor([[-0.7487,  1.0000,  0.0000,  0.0000,  0.0000,  0.0000]])
tensor([[-0.9628,  1.0000,  0.0000,  0.0000,  0.0000,  0.0000]])
tensor([[-0.9332,  1.0000,  0.0000,  0.0000,  0.0000,  0.0000]])
tensor([[-0.9431,  1.0000,  0.0000,  0.0000,  0.0000,  0.0000]])
tensor([[-0.9263,  1.0000,  0.0000,  0.0000,  0.0000,  0.0000]])
tensor([[-0.6167,  0.0000,  0.0000,  0.0000,  0.0000,  0.0000]])
tensor([[-0.8146,  1.0000,  0.0000,  0.0000,  0.0000,  0.0000]])
tensor([[-0.1376,  1.0000,  0.0000,  0.0000,  0.0000,  0.0000]])
tensor([[-0.6799,  1.0000,  0.0000,  0.0000,  0.0000,  0.0000]])
tensor([[-0.9686,  1.0000,  0.0000,  0.0000,  0.0000,  0.0000]])
tensor([[-0.7775,  1.0000,  0.0000,  0.0000,  0.0000,  0.0000]])
tensor([[-0.7494,  1.0000,  0.0000,  0.0000,  0.0000,  0.0000]])
tensor([[-0.8590,  1.0000,  0.0000,  0.0000,  0.0000,  0.0000]])
tensor([[-0.8723,  1.0000,  0.0000,  0.0000,  0.0000,  0.0000]])
tensor([[-0.7632,  0.0000,  0.0000,  0.0000,  0.0000,  0.0000]])
tensor([[-0.2264,  1.0000,  0.0000,  0.0000,  0.0000,  0.0000]])
tensor([[-0.6644,  1.0000,  0.0000,  0.0000,  0.0000,  0.0000]])
tensor([[-0.7213,  1.0000,  0.0000,  0.0000,  0.0000,  0.0000]])
tensor([[0.1240, 1.0000, 0.0000, 0.0000, 0.0000, 0.0000]])
tensor([[-0.7761,  1.0000,  0.0000,  0.0000,  0.0000,  0.0000]])
tensor([[-0.2064,  1.0000,  0.0000,  0.0000,  0.0000,  0.0000]])
tensor([[-0.9691,  1.0000,  0.0000,  0.0000,  0.0000,  0.0000]])
tensor([[-0.8375,  1.0000,  0.0000,  1.0000,  0.0000,  0.0000]])
tensor([[-0.5674,  1.0000,  0.0000,  0.0000,  0.0000,  0.0000]])
tensor([[-0.4176,  1.0000,  0.0000,  0.0000,  0.0000,  0.0000]])
tensor([[-0.6996,  1.0000,  0.0000,  0.0000,  0.0000,  0.0000]])
tensor([[-0.2652,  1.0000,  0.0000,  0.0000,  0.0000,  0.0000]])
tensor([[-0.8434,  1.0000,  0.0000,  0.0000,  0.0000,  0.0000]])
tensor([[-0.8837,  1.0000,  0.0000,  0.0000,  0.0000,  0.0000]])
tensor([[-0.5199,  1.0000,  0.0000,  0.0000,  0.0000,  0.0000]])
tensor([[-0.6874,  1.0000,  0.0000,  1.0000,  0.0000,  0.0000]])
tensor([[-0.3009,  1.0000,  0.0000,  0.0000,  0.0000,  0.0000]])
tensor([[-0.8725,  1.0000,  0.0000,  0.0000,  0.0000,  0.0000]])
tensor([[-0.6996,  1.0000,  0.0000,  0.0000,  0.0000,  0.0000]])
tensor([[-0.8283,  1.0000,  0.0000,  0.0000,  0.0000,  0.0000]])
tensor([[-0.9406,  1.0000,  0.0000,  0.0000,  0.0000,  0.0000]])
tensor([[-0.1289,  1.0000,  0.0000,  0.0000,  0.0000,  0.0000]])
tensor([[0.5115, 1.0000, 0.0000, 0.0000, 0.0000, 0.0000]])
tensor([[-0.4574,  1.0000,  0.0000,  0.0000,  0.0000,  0.0000]])
tensor([[-0.8474,  1.0000,  0.0000,  0.0000,  0.0000,  0.0000]])
tensor([[-0.9830,  1.0000,  0.0000,  0.0000,  0.0000,  0.0000]])
tensor([[-0.7024,  1.0000,  0.0000,  0.0000,  0.0000,  0.0000]])
tensor([[0.1686, 1.0000, 0.0000, 0.0000, 0.0000, 0.0000]])
tensor([[-0.7661,  1.0000,  0.0000,  0.0000,  0.0000,  0.0000]])
tensor([[-0.7201,  1.0000,  0.0000,  0.0000,  0.0000,  0.0000]])
tensor([[-0.8051,  1.0000,  0.0000,  0.0000,  0.0000,  0.0000]])
tensor([[-0.5888,  1.0000,  0.0000,  0.0000,  0.0000,  0.0000]])
tensor([[-0.8978,  1.0000,  0.0000,  0.0000,  0.0000,  0.0000]])
tensor([[-0.5134,  1.0000,  0.0000,  0.0000,  0.0000,  0.0000]])
tensor([[-0.1962,  1.0000,  0.0000,  0.0000,  0.0000,  0.0000]])
tensor([[-0.8821,  1.0000,  0.0000,  0.0000,  0.0000,  0.0000]])
tensor([[-0.7632,  1.0000,  0.0000,  0.0000,  0.0000,  0.0000]])
tensor([[-0.9358,  1.0000,  0.0000,  0.0000,  0.0000,  0.0000]])
tensor([[-0.7942,  1.0000,  0.0000,  0.0000,  0.0000,  0.0000]])
tensor([[-0.9539,  1.0000,  0.0000,  0.0000,  0.0000,  0.0000]])
tensor([[-0.9479,  1.0000,  0.0000,  0.0000,  0.0000,  0.0000]])
tensor([[-0.8800,  1.0000,  0.0000,  0.0000,  0.0000,  0.0000]])
tensor([[-0.4659,  1.0000,  0.0000,  0.0000,  0.0000,  0.0000]])
tensor([[-0.8535,  1.0000,  0.0000,  0.0000,  0.0000,  0.0000]])
tensor([[-0.4172,  1.0000,  0.0000,  0.0000,  0.0000,  0.0000]])
tensor([[-0.8917,  0.0000,  0.0000,  0.0000,  0.0000,  0.0000]])
tensor([[-0.8516,  1.0000,  0.0000,  0.0000,  0.0000,  0.0000]])
tensor([[-0.7554,  1.0000,  0.0000,  0.0000,  0.0000,  0.0000]])
tensor([[-0.8616,  1.0000,  0.0000,  0.0000,  0.0000,  0.0000]])
tensor([[-0.8997,  1.0000,  0.0000,  0.0000,  0.0000,  0.0000]])
tensor([[-0.5861,  1.0000,  0.0000,  0.0000,  0.0000,  0.0000]])
tensor([[-0.4279,  1.0000,  0.0000,  0.0000,  0.0000,  0.0000]])
tensor([[-0.9507,  1.0000,  0.0000,  0.0000,  0.0000,  0.0000]])
tensor([[-0.7197,  1.0000,  0.0000,  0.0000,  0.0000,  0.0000]])
tensor([[-0.3465,  1.0000,  0.0000,  0.0000,  0.0000,  0.0000]])
tensor([[-0.8819,  1.0000,  0.0000,  0.0000,  0.0000,  0.0000]])
tensor([[-0.0086,  1.0000,  0.0000,  0.0000,  0.0000,  0.0000]])
tensor([[-0.8165,  1.0000,  0.0000,  0.0000,  0.0000,  0.0000]])
tensor([[-0.8381,  1.0000,  0.0000,  0.0000,  0.0000,  0.0000]])
tensor([[-0.5783,  1.0000,  0.0000,  0.0000,  0.0000,  0.0000]])
tensor([[-0.8893,  1.0000,  0.0000,  0.0000,  0.0000,  0.0000]])
tensor([[-0.6604,  1.0000,  0.0000,  0.0000,  0.0000,  0.0000]])
tensor([[-0.1687,  1.0000,  0.0000,  0.0000,  0.0000,  0.0000]])
tensor([[-0.9087,  1.0000,  0.0000,  0.0000,  0.0000,  0.0000]])
tensor([[-0.9567,  1.0000,  0.0000,  0.0000,  0.0000,  0.0000]])
tensor([[-0.8406,  1.0000,  0.0000,  0.0000,  0.0000,  0.0000]])
tensor([[-0.7157,  1.0000,  0.0000,  0.0000,  0.0000,  0.0000]])
tensor([[-0.6133,  1.0000,  0.0000,  0.0000,  0.0000,  0.0000]])
tensor([[-0.7147,  1.0000,  0.0000,  0.0000,  0.0000,  0.0000]])
tensor([[-0.5747,  1.0000,  0.0000,  0.0000,  0.0000,  0.0000]])
tensor([[-0.8853,  1.0000,  0.0000,  0.0000,  0.0000,  0.0000]])
tensor([[-0.4092,  1.0000,  0.0000,  0.0000,  0.0000,  0.0000]])
tensor([[-0.4835,  0.0000,  0.0000,  0.0000,  0.0000,  0.0000]])
tensor([[-0.5825,  1.0000,  0.0000,  0.0000,  0.0000,  0.0000]])
tensor([[-0.8124,  1.0000,  0.0000,  0.0000,  0.0000,  0.0000]])
tensor([[-0.3100,  1.0000,  0.0000,  0.0000,  0.0000,  0.0000]])
tensor([[-0.8264,  1.0000,  0.0000,  0.0000,  0.0000,  0.0000]])
tensor([[-0.6852,  1.0000,  0.0000,  0.0000,  0.0000,  0.0000]])
tensor([[-0.9912,  0.0000,  0.0000,  0.0000,  0.0000,  0.0000]])
tensor([[-0.6186,  0.0000,  0.0000,  0.0000,  0.0000,  0.0000]])
tensor([[-0.9691,  0.0000,  0.0000,  0.0000,  0.0000,  0.0000]])
tensor([[-0.7993,  1.0000,  0.0000,  0.0000,  0.0000,  0.0000]])
tensor([[-0.0633,  1.0000,  0.0000,  0.0000,  0.0000,  0.0000]])
tensor([[-0.0814,  1.0000,  0.0000,  0.0000,  0.0000,  0.0000]])
tensor([[-0.3589,  1.0000,  0.0000,  0.0000,  0.0000,  0.0000]])
tensor([[-0.1102,  1.0000,  0.0000,  0.0000,  0.0000,  0.0000]])
tensor([[-0.8018,  1.0000,  0.0000,  0.0000,  0.0000,  0.0000]])
tensor([[-0.7536,  1.0000,  0.0000,  0.0000,  0.0000,  0.0000]])
tensor([[-0.8083,  1.0000,  0.0000,  0.0000,  0.0000,  0.0000]])
tensor([[-0.1527,  1.0000,  0.0000,  0.0000,  0.0000,  0.0000]])
tensor([[0.3606, 0.0000, 0.0000, 0.0000, 0.0000, 0.0000]])
tensor([[-0.7601,  1.0000,  0.0000,  0.0000,  0.0000,  0.0000]])
tensor([[-0.7064,  1.0000,  0.0000,  0.0000,  0.0000,  0.0000]])
tensor([[-0.5172,  1.0000,  0.0000,  0.0000,  0.0000,  0.0000]])
tensor([[-0.2324,  1.0000,  0.0000,  0.0000,  0.0000,  0.0000]])
tensor([[-0.8715,  1.0000,  0.0000,  0.0000,  0.0000,  0.0000]])
tensor([[-0.7857,  1.0000,  0.0000,  0.0000,  0.0000,  0.0000]])
tensor([[-0.9706,  1.0000,  0.0000,  0.0000,  0.0000,  0.0000]])
tensor([[-0.2868,  1.0000,  0.0000,  0.0000,  0.0000,  0.0000]])
tensor([[-0.0891,  1.0000,  0.0000,  0.0000,  0.0000,  0.0000]])
tensor([[-0.8679,  1.0000,  0.0000,  0.0000,  0.0000,  0.0000]])
tensor([[0.7023, 1.0000, 0.0000, 0.0000, 0.0000, 0.0000]])
tensor([[0.8832, 1.0000, 0.0000, 0.0000, 0.0000, 0.0000]])
tensor([[-0.7976,  1.0000,  0.0000,  0.0000,  0.0000,  0.0000]])
tensor([[0.1673, 1.0000, 0.0000, 0.0000, 0.0000, 0.0000]])
tensor([[0.2636, 1.0000, 0.0000, 0.0000, 0.0000, 0.0000]])
tensor([[-0.9295,  1.0000,  0.0000,  0.0000,  0.0000,  0.0000]])
tensor([[0.0158, 1.0000, 0.0000, 0.0000, 0.0000, 0.0000]])
tensor([[-0.1891,  1.0000,  0.0000,  0.0000,  0.0000,  0.0000]])
tensor([[-0.6213,  1.0000,  0.0000,  0.0000,  0.0000,  0.0000]])
tensor([[-0.8831,  1.0000,  0.0000,  0.0000,  0.0000,  0.0000]])
tensor([[0.1373, 1.0000, 0.0000, 0.0000, 0.0000, 0.0000]])
tensor([[-0.3917,  0.0000,  0.0000,  0.0000,  0.0000,  0.0000]])
tensor([[-0.9505,  1.0000,  0.0000,  0.0000,  0.0000,  0.0000]])
tensor([[-0.8345,  1.0000,  0.0000,  0.0000,  0.0000,  0.0000]])
tensor([[-0.4506,  1.0000,  0.0000,  0.0000,  0.0000,  0.0000]])
tensor([[-0.3136,  1.0000,  0.0000,  0.0000,  0.0000,  0.0000]])
tensor([[-0.7360,  1.0000,  0.0000,  0.0000,  0.0000,  0.0000]])
tensor([[-0.8901,  1.0000,  0.0000,  0.0000,  0.0000,  0.0000]])
tensor([[-0.9722,  1.0000,  0.0000,  0.0000,  0.0000,  0.0000]])
tensor([[-0.8168,  1.0000,  0.0000,  0.0000,  0.0000,  0.0000]])
tensor([[-0.4284,  1.0000,  0.0000,  0.0000,  0.0000,  0.0000]])
tensor([[-0.4550,  1.0000,  0.0000,  0.0000,  0.0000,  0.0000]])
tensor([[-0.9348,  1.0000,  0.0000,  0.0000,  0.0000,  0.0000]])
tensor([[-0.2428,  1.0000,  0.0000,  0.0000,  0.0000,  0.0000]])
tensor([[-0.3683,  0.0000,  0.0000,  0.0000,  0.0000,  0.0000]])
tensor([[-0.9893,  1.0000,  0.0000,  0.0000,  0.0000,  0.0000]])
tensor([[-0.1378,  1.0000,  0.0000,  0.0000,  0.0000,  0.0000]])
tensor([[-0.0214,  1.0000,  0.0000,  0.0000,  0.0000,  0.0000]])
tensor([[-0.7887,  1.0000,  0.0000,  0.0000,  0.0000,  0.0000]])
tensor([[-0.0675,  1.0000,  0.0000,  0.0000,  0.0000,  0.0000]])
tensor([[-0.6895,  1.0000,  0.0000,  0.0000,  0.0000,  0.0000]])
tensor([[-0.2237,  1.0000,  0.0000,  0.0000,  0.0000,  0.0000]])
tensor([[-0.4648,  1.0000,  0.0000,  0.0000,  0.0000,  0.0000]])
tensor([[-0.5945,  1.0000,  0.0000,  0.0000,  0.0000,  0.0000]])
tensor([[-0.7411,  1.0000,  0.0000,  0.0000,  0.0000,  0.0000]])
tensor([[-0.8093,  1.0000,  0.0000,  0.0000,  0.0000,  0.0000]])
tensor([[-0.8320,  1.0000,  0.0000,  0.0000,  0.0000,  0.0000]])
tensor([[-0.4970,  1.0000,  0.0000,  0.0000,  0.0000,  0.0000]])
tensor([[-0.9148,  1.0000,  0.0000,  0.0000,  0.0000,  0.0000]])
tensor([[-0.5274,  1.0000,  0.0000,  0.0000,  0.0000,  0.0000]])
tensor([[-0.2461,  1.0000,  0.0000,  0.0000,  0.0000,  0.0000]])
tensor([[-0.9499,  1.0000,  0.0000,  0.0000,  0.0000,  0.0000]])
tensor([[-0.3936,  1.0000,  0.0000,  0.0000,  0.0000,  0.0000]])
tensor([[-0.8799,  0.0000,  0.0000,  0.0000,  0.0000,  0.0000]])
tensor([[-0.5299,  1.0000,  0.0000,  0.0000,  0.0000,  0.0000]])
tensor([[-0.6124,  1.0000,  0.0000,  0.0000,  0.0000,  0.0000]])
tensor([[-0.1747,  1.0000,  0.0000,  0.0000,  0.0000,  0.0000]])
tensor([[0.1718, 1.0000, 0.0000, 0.0000, 0.0000, 0.0000]])
tensor([[-0.9729,  1.0000,  0.0000,  0.0000,  0.0000,  0.0000]])
tensor([[-0.5544,  1.0000,  0.0000,  0.0000,  0.0000,  0.0000]])
tensor([[-0.3389,  1.0000,  0.0000,  0.0000,  0.0000,  0.0000]])
tensor([[-0.7080,  1.0000,  0.0000,  0.0000,  0.0000,  0.0000]])
tensor([[-0.2485,  0.0000,  0.0000,  0.0000,  0.0000,  0.0000]])
tensor([[-0.5469,  1.0000,  0.0000,  0.0000,  0.0000,  0.0000]])
tensor([[0.7242, 1.0000, 0.0000, 0.0000, 0.0000, 0.0000]])
tensor([[0.6562, 1.0000, 0.0000, 0.0000, 0.0000, 0.0000]])
tensor([[-0.7909,  1.0000,  0.0000,  0.0000,  0.0000,  0.0000]])
tensor([[-0.5645,  1.0000,  0.0000,  0.0000,  0.0000,  0.0000]])
tensor([[-0.9343,  1.0000,  0.0000,  0.0000,  0.0000,  0.0000]])
tensor([[-0.4465,  1.0000,  0.0000,  0.0000,  0.0000,  0.0000]])
tensor([[-0.2321,  1.0000,  0.0000,  0.0000,  0.0000,  0.0000]])
tensor([[-0.8943,  1.0000,  0.0000,  0.0000,  0.0000,  0.0000]])
tensor([[-0.2396,  1.0000,  0.0000,  0.0000,  0.0000,  0.0000]])
tensor([[-0.7596,  1.0000,  0.0000,  0.0000,  0.0000,  0.0000]])
tensor([[-0.7531,  1.0000,  0.0000,  0.0000,  0.0000,  0.0000]])
tensor([[-2.9612e-04,  1.0000e+00,  0.0000e+00,  0.0000e+00,  0.0000e+00,
          0.0000e+00]])
tensor([[-0.9436,  1.0000,  0.0000,  0.0000,  0.0000,  0.0000]])
tensor([[-0.7258,  1.0000,  0.0000,  0.0000,  0.0000,  0.0000]])
tensor([[-0.1210,  1.0000,  0.0000,  0.0000,  0.0000,  0.0000]])
tensor([[-0.9419,  1.0000,  0.0000,  0.0000,  0.0000,  0.0000]])
tensor([[-0.2117,  1.0000,  0.0000,  0.0000,  0.0000,  0.0000]])
tensor([[-0.6334,  1.0000,  0.0000,  0.0000,  0.0000,  0.0000]])
tensor([[-0.7741,  1.0000,  0.0000,  0.0000,  0.0000,  0.0000]])
tensor([[-0.1226,  1.0000,  0.0000,  0.0000,  0.0000,  0.0000]])
tensor([[0.3309, 0.0000, 0.0000, 0.0000, 0.0000, 0.0000]])
tensor([[0.3944, 1.0000, 0.0000, 0.0000, 0.0000, 0.0000]])
tensor([[-0.7944,  1.0000,  0.0000,  0.0000,  0.0000,  0.0000]])
tensor([[0.2714, 1.0000, 0.0000, 0.0000, 0.0000, 0.0000]])
tensor([[0.9445, 1.0000, 0.0000, 0.0000, 0.0000, 0.0000]])
tensor([[-0.9058,  1.0000,  0.0000,  0.0000,  0.0000,  0.0000]])
tensor([[-0.1132,  1.0000,  0.0000,  0.0000,  0.0000,  0.0000]])
tensor([[-0.4562,  1.0000,  0.0000,  0.0000,  0.0000,  0.0000]])
tensor([[-0.5038,  1.0000,  0.0000,  0.0000,  0.0000,  0.0000]])
tensor([[-0.9607,  1.0000,  0.0000,  0.0000,  0.0000,  0.0000]])
tensor([[-0.9574,  1.0000,  0.0000,  0.0000,  0.0000,  0.0000]])
tensor([[-0.7104,  1.0000,  0.0000,  0.0000,  0.0000,  0.0000]])
tensor([[-0.2310,  1.0000,  0.0000,  0.0000,  0.0000,  0.0000]])
tensor([[0.6749, 1.0000, 0.0000, 0.0000, 0.0000, 0.0000]])
tensor([[-0.9404,  0.0000,  0.0000,  0.0000,  0.0000,  0.0000]])
tensor([[-0.9084,  1.0000,  0.0000,  0.0000,  0.0000,  0.0000]])
tensor([[-0.0100,  1.0000,  0.0000,  0.0000,  0.0000,  0.0000]])
tensor([[-0.9662,  1.0000,  0.0000,  0.0000,  0.0000,  0.0000]])
tensor([[-0.9502,  1.0000,  0.0000,  0.0000,  0.0000,  0.0000]])
tensor([[-0.9606,  1.0000,  0.0000,  0.0000,  0.0000,  0.0000]])
tensor([[-0.3157,  1.0000,  0.0000,  0.0000,  0.0000,  0.0000]])
tensor([[-0.8144,  1.0000,  0.0000,  0.0000,  0.0000,  0.0000]])
tensor([[-0.8157,  1.0000,  0.0000,  0.0000,  0.0000,  0.0000]])
tensor([[-0.8332,  1.0000,  0.0000,  0.0000,  0.0000,  0.0000]])
tensor([[-0.3313,  1.0000,  0.0000,  0.0000,  0.0000,  0.0000]])
tensor([[-0.8648,  1.0000,  0.0000,  0.0000,  0.0000,  0.0000]])
tensor([[-0.5122,  1.0000,  0.0000,  0.0000,  0.0000,  0.0000]])
tensor([[-0.6829,  1.0000,  0.0000,  0.0000,  0.0000,  0.0000]])
tensor([[-0.6251,  1.0000,  0.0000,  0.0000,  0.0000,  0.0000]])
tensor([[0.4743, 1.0000, 0.0000, 0.0000, 0.0000, 0.0000]])
tensor([[-0.8133,  1.0000,  0.0000,  0.0000,  0.0000,  0.0000]])
tensor([[0.5731, 1.0000, 0.0000, 0.0000, 0.0000, 0.0000]])
tensor([[-0.8689,  1.0000,  0.0000,  0.0000,  0.0000,  0.0000]])
tensor([[-0.6272,  1.0000,  0.0000,  0.0000,  0.0000,  0.0000]])
tensor([[-0.9945,  1.0000,  0.0000,  0.0000,  0.0000,  0.0000]])
tensor([[-0.7669,  1.0000,  0.0000,  0.0000,  0.0000,  0.0000]])
tensor([[-0.0370,  1.0000,  0.0000,  0.0000,  0.0000,  0.0000]])
tensor([[-0.9024,  1.0000,  0.0000,  0.0000,  0.0000,  0.0000]])
tensor([[-0.2975,  1.0000,  0.0000,  0.0000,  0.0000,  0.0000]])
tensor([[-0.5771,  1.0000,  0.0000,  0.0000,  0.0000,  0.0000]])
tensor([[-0.6878,  1.0000,  0.0000,  0.0000,  0.0000,  0.0000]])
tensor([[-0.7855,  1.0000,  0.0000,  0.0000,  0.0000,  0.0000]])
tensor([[0.4039, 1.0000, 0.0000, 0.0000, 0.0000, 0.0000]])
tensor([[0.0683, 1.0000, 0.0000, 0.0000, 0.0000, 0.0000]])
tensor([[-0.2870,  1.0000,  0.0000,  0.0000,  0.0000,  0.0000]])
tensor([[-0.6617,  1.0000,  0.0000,  0.0000,  0.0000,  0.0000]])
tensor([[-0.9598,  1.0000,  0.0000,  0.0000,  0.0000,  0.0000]])
tensor([[-0.7548,  1.0000,  0.0000,  0.0000,  0.0000,  0.0000]])
tensor([[-0.9241,  1.0000,  0.0000,  0.0000,  0.0000,  0.0000]])
tensor([[0.3634, 1.0000, 0.0000, 0.0000, 0.0000, 0.0000]])
tensor([[-0.6514,  1.0000,  0.0000,  0.0000,  0.0000,  0.0000]])
tensor([[0.4923, 1.0000, 0.0000, 0.0000, 0.0000, 0.0000]])
tensor([[-0.9277,  1.0000,  0.0000,  0.0000,  0.0000,  0.0000]])
tensor([[-0.7449,  1.0000,  0.0000,  0.0000,  0.0000,  0.0000]])
tensor([[0.6478, 1.0000, 0.0000, 0.0000, 0.0000, 0.0000]])
tensor([[-0.4368,  1.0000,  0.0000,  0.0000,  0.0000,  0.0000]])
tensor([[-0.8927,  1.0000,  0.0000,  0.0000,  0.0000,  0.0000]])
tensor([[0.8238, 1.0000, 0.0000, 0.0000, 0.0000, 0.0000]])
tensor([[-0.3555,  1.0000,  0.0000,  0.0000,  0.0000,  0.0000]])
tensor([[0.7663, 1.0000, 0.0000, 0.0000, 0.0000, 0.0000]])
tensor([[-0.4141,  1.0000,  0.0000,  0.0000,  0.0000,  0.0000]])
tensor([[-0.7034,  1.0000,  0.0000,  0.0000,  0.0000,  0.0000]])
tensor([[-0.9746,  1.0000,  0.0000,  0.0000,  0.0000,  0.0000]])
tensor([[-0.5945,  1.0000,  0.0000,  0.0000,  0.0000,  0.0000]])
tensor([[-0.2205,  1.0000,  0.0000,  0.0000,  0.0000,  0.0000]])
tensor([[0.0514, 1.0000, 0.0000, 0.0000, 0.0000, 0.0000]])
tensor([[-0.9803,  1.0000,  0.0000,  0.0000,  0.0000,  0.0000]])
tensor([[0.1127, 1.0000, 0.0000, 0.0000, 0.0000, 0.0000]])
tensor([[-0.9786,  1.0000,  0.0000,  0.0000,  0.0000,  0.0000]])
tensor([[-0.6446,  1.0000,  0.0000,  0.0000,  0.0000,  0.0000]])
tensor([[-0.1218,  1.0000,  0.0000,  0.0000,  0.0000,  0.0000]])
tensor([[-0.8417,  1.0000,  0.0000,  0.0000,  0.0000,  0.0000]])
tensor([[-0.3265,  1.0000,  0.0000,  0.0000,  0.0000,  0.0000]])
tensor([[-0.1446,  1.0000,  0.0000,  0.0000,  0.0000,  0.0000]])
tensor([[-0.1770,  1.0000,  0.0000,  0.0000,  0.0000,  0.0000]])
tensor([[0.5197, 0.0000, 0.0000, 0.0000, 0.0000, 0.0000]])
tensor([[-0.7421,  1.0000,  0.0000,  0.0000,  0.0000,  0.0000]])
tensor([[-0.9516,  1.0000,  0.0000,  0.0000,  0.0000,  0.0000]])
tensor([[-0.6519,  1.0000,  0.0000,  0.0000,  0.0000,  0.0000]])
tensor([[-0.3126,  1.0000,  0.0000,  0.0000,  0.0000,  0.0000]])
tensor([[-0.2801,  1.0000,  0.0000,  0.0000,  0.0000,  0.0000]])
tensor([[-0.9318,  1.0000,  0.0000,  1.0000,  0.0000,  0.0000]])
tensor([[0.4578, 1.0000, 0.0000, 0.0000, 0.0000, 0.0000]])
tensor([[-0.7723,  0.0000,  0.0000,  0.0000,  0.0000,  0.0000]])
tensor([[0.1960, 1.0000, 0.0000, 0.0000, 0.0000, 0.0000]])
tensor([[-0.7191,  1.0000,  0.0000,  0.0000,  0.0000,  0.0000]])
tensor([[-0.6615,  1.0000,  0.0000,  0.0000,  0.0000,  0.0000]])
tensor([[-0.9268,  1.0000,  0.0000,  0.0000,  0.0000,  0.0000]])
tensor([[-0.4976,  1.0000,  0.0000,  0.0000,  0.0000,  0.0000]])
tensor([[-0.5068,  1.0000,  0.0000,  0.0000,  0.0000,  0.0000]])
tensor([[-0.4371,  1.0000,  0.0000,  0.0000,  0.0000,  0.0000]])
tensor([[-0.9800,  1.0000,  0.0000,  0.0000,  0.0000,  0.0000]])
tensor([[-0.4276,  1.0000,  0.0000,  0.0000,  0.0000,  0.0000]])
tensor([[-0.4382,  1.0000,  0.0000,  0.0000,  0.0000,  0.0000]])
tensor([[-0.3418,  1.0000,  0.0000,  0.0000,  0.0000,  0.0000]])
tensor([[-0.9007,  1.0000,  0.0000,  0.0000,  0.0000,  0.0000]])
tensor([[-0.1807,  1.0000,  0.0000,  0.0000,  0.0000,  0.0000]])
tensor([[-0.7771,  0.0000,  0.0000,  0.0000,  0.0000,  0.0000]])
tensor([[-0.9373,  1.0000,  0.0000,  0.0000,  0.0000,  0.0000]])
tensor([[-0.5451,  1.0000,  0.0000,  0.0000,  0.0000,  0.0000]])
tensor([[-0.9718,  1.0000,  0.0000,  0.0000,  0.0000,  0.0000]])
tensor([[0.0738, 1.0000, 0.0000, 0.0000, 0.0000, 0.0000]])
tensor([[-0.6220,  1.0000,  0.0000,  0.0000,  0.0000,  0.0000]])
tensor([[-0.5478,  1.0000,  0.0000,  0.0000,  0.0000,  0.0000]])
tensor([[-0.6063,  1.0000,  0.0000,  0.0000,  0.0000,  0.0000]])
tensor([[-0.7631,  1.0000,  0.0000,  0.0000,  0.0000,  0.0000]])
tensor([[-0.9838,  1.0000,  0.0000,  0.0000,  0.0000,  0.0000]])
tensor([[-0.3626,  0.0000,  0.0000,  0.0000,  0.0000,  0.0000]])
tensor([[-0.8343,  1.0000,  0.0000,  0.0000,  1.0000,  0.0000]])
tensor([[0.4399, 1.0000, 0.0000, 0.0000, 0.0000, 0.0000]])
tensor([[-0.8145,  1.0000,  0.0000,  0.0000,  0.0000,  0.0000]])
tensor([[-0.8630,  1.0000,  0.0000,  0.0000,  0.0000,  0.0000]])
tensor([[-0.5272,  1.0000,  0.0000,  0.0000,  0.0000,  0.0000]])
tensor([[0.3283, 1.0000, 0.0000, 0.0000, 0.0000, 0.0000]])
tensor([[-0.2969,  1.0000,  0.0000,  0.0000,  0.0000,  0.0000]])
tensor([[-0.5529,  1.0000,  0.0000,  0.0000,  0.0000,  0.0000]])
tensor([[-0.5708,  1.0000,  0.0000,  0.0000,  0.0000,  0.0000]])
tensor([[-0.5139,  0.0000,  0.0000,  0.0000,  0.0000,  0.0000]])
tensor([[-0.7127,  1.0000,  0.0000,  0.0000,  0.0000,  0.0000]])
tensor([[-0.8063,  1.0000,  0.0000,  0.0000,  0.0000,  0.0000]])
tensor([[-0.1588,  1.0000,  0.0000,  0.0000,  0.0000,  0.0000]])
tensor([[-0.8088,  1.0000,  0.0000,  0.0000,  0.0000,  0.0000]])
tensor([[-0.7408,  1.0000,  0.0000,  0.0000,  0.0000,  0.0000]])
tensor([[-0.8946,  1.0000,  0.0000,  0.0000,  0.0000,  0.0000]])
tensor([[-0.7437,  1.0000,  0.0000,  0.0000,  0.0000,  0.0000]])
tensor([[-0.0511,  1.0000,  0.0000,  0.0000,  0.0000,  0.0000]])
tensor([[-0.3484,  1.0000,  0.0000,  0.0000,  0.0000,  0.0000]])
tensor([[-0.9710,  1.0000,  0.0000,  0.0000,  0.0000,  0.0000]])
tensor([[0.7813, 1.0000, 0.0000, 0.0000, 0.0000, 0.0000]])
tensor([[-0.5366,  1.0000,  0.0000,  0.0000,  0.0000,  0.0000]])
tensor([[-0.3729,  1.0000,  0.0000,  0.0000,  0.0000,  0.0000]])
tensor([[0.5433, 1.0000, 0.0000, 0.0000, 0.0000, 0.0000]])
tensor([[-0.9665,  1.0000,  0.0000,  0.0000,  0.0000,  0.0000]])
tensor([[-0.9425,  1.0000,  0.0000,  0.0000,  0.0000,  0.0000]])
tensor([[-0.8984,  1.0000,  0.0000,  0.0000,  0.0000,  0.0000]])
tensor([[0.1377, 1.0000, 0.0000, 0.0000, 0.0000, 0.0000]])
tensor([[-0.9697,  1.0000,  0.0000,  0.0000,  0.0000,  0.0000]])
tensor([[-0.8455,  1.0000,  0.0000,  0.0000,  0.0000,  0.0000]])
tensor([[-0.9470,  1.0000,  0.0000,  0.0000,  0.0000,  0.0000]])
tensor([[-0.8659,  1.0000,  0.0000,  0.0000,  0.0000,  0.0000]])
tensor([[-0.5141,  1.0000,  0.0000,  0.0000,  0.0000,  0.0000]])
tensor([[0.2617, 1.0000, 0.0000, 0.0000, 0.0000, 0.0000]])
tensor([[0.1824, 1.0000, 0.0000, 0.0000, 0.0000, 0.0000]])
tensor([[-0.9434,  1.0000,  0.0000,  0.0000,  0.0000,  0.0000]])
tensor([[0.3925, 1.0000, 0.0000, 0.0000, 0.0000, 0.0000]])
tensor([[0.4588, 1.0000, 0.0000, 0.0000, 0.0000, 0.0000]])
tensor([[-0.9807,  1.0000,  0.0000,  0.0000,  0.0000,  0.0000]])
tensor([[-0.1059,  1.0000,  0.0000,  0.0000,  0.0000,  0.0000]])
tensor([[-0.9292,  1.0000,  0.0000,  0.0000,  0.0000,  0.0000]])
tensor([[-0.6473,  1.0000,  0.0000,  0.0000,  0.0000,  0.0000]])
tensor([[0.2963, 1.0000, 0.0000, 0.0000, 0.0000, 0.0000]])
tensor([[-0.1143,  1.0000,  0.0000,  0.0000,  0.0000,  0.0000]])
tensor([[-0.9906,  1.0000,  0.0000,  0.0000,  0.0000,  0.0000]])
tensor([[-0.5324,  1.0000,  0.0000,  0.0000,  0.0000,  0.0000]])
tensor([[-0.3785,  1.0000,  0.0000,  0.0000,  0.0000,  0.0000]])
tensor([[-0.1936,  1.0000,  0.0000,  0.0000,  0.0000,  0.0000]])
tensor([[-0.9724,  1.0000,  0.0000,  0.0000,  0.0000,  0.0000]])
tensor([[-0.8436,  1.0000,  0.0000,  0.0000,  0.0000,  0.0000]])
tensor([[-0.8316,  1.0000,  0.0000,  0.0000,  0.0000,  0.0000]])
tensor([[-0.8846,  1.0000,  0.0000,  0.0000,  0.0000,  0.0000]])
tensor([[-0.6862,  1.0000,  0.0000,  0.0000,  0.0000,  0.0000]])
tensor([[-0.9744,  1.0000,  0.0000,  0.0000,  0.0000,  0.0000]])
tensor([[-0.0346,  1.0000,  0.0000,  0.0000,  0.0000,  0.0000]])
tensor([[-0.0066,  1.0000,  0.0000,  0.0000,  0.0000,  0.0000]])
tensor([[0.5075, 1.0000, 0.0000, 0.0000, 0.0000, 0.0000]])
tensor([[-0.4697,  1.0000,  0.0000,  0.0000,  0.0000,  0.0000]])
tensor([[-0.7516,  1.0000,  0.0000,  0.0000,  0.0000,  0.0000]])
tensor([[-0.9238,  1.0000,  0.0000,  0.0000,  0.0000,  0.0000]])
tensor([[-0.8808,  1.0000,  0.0000,  0.0000,  0.0000,  0.0000]])
tensor([[-0.9735,  1.0000,  0.0000,  0.0000,  0.0000,  0.0000]])
tensor([[-0.8860,  1.0000,  0.0000,  0.0000,  0.0000,  0.0000]])
tensor([[0.3783, 1.0000, 0.0000, 0.0000, 0.0000, 0.0000]])
tensor([[-0.9011,  1.0000,  0.0000,  0.0000,  0.0000,  0.0000]])
tensor([[-0.0798,  1.0000,  0.0000,  0.0000,  0.0000,  0.0000]])
tensor([[-0.5684,  1.0000,  0.0000,  0.0000,  0.0000,  0.0000]])
tensor([[-0.8542,  1.0000,  0.0000,  0.0000,  0.0000,  0.0000]])
tensor([[-0.8577,  1.0000,  0.0000,  0.0000,  0.0000,  0.0000]])
tensor([[-0.1026,  1.0000,  0.0000,  0.0000,  0.0000,  0.0000]])
tensor([[-0.8253,  1.0000,  0.0000,  0.0000,  0.0000,  0.0000]])
tensor([[0.3273, 1.0000, 0.0000, 0.0000, 0.0000, 0.0000]])
tensor([[-0.2152,  1.0000,  0.0000,  0.0000,  0.0000,  0.0000]])
tensor([[0.3162, 1.0000, 0.0000, 0.0000, 0.0000, 0.0000]])
tensor([[-0.7798,  1.0000,  0.0000,  0.0000,  0.0000,  0.0000]])
tensor([[0.2326, 1.0000, 0.0000, 0.0000, 0.0000, 0.0000]])
tensor([[0.1133, 1.0000, 0.0000, 0.0000, 0.0000, 0.0000]])
tensor([[-0.8904,  1.0000,  0.0000,  0.0000,  0.0000,  0.0000]])
tensor([[-0.0837,  1.0000,  0.0000,  0.0000,  0.0000,  0.0000]])
tensor([[-0.5379,  1.0000,  0.0000,  0.0000,  0.0000,  0.0000]])
tensor([[-0.8834,  1.0000,  0.0000,  0.0000,  0.0000,  0.0000]])
tensor([[0.4575, 1.0000, 0.0000, 0.0000, 0.0000, 0.0000]])
tensor([[-0.7769,  1.0000,  0.0000,  0.0000,  0.0000,  0.0000]])
tensor([[-0.3731,  1.0000,  0.0000,  0.0000,  0.0000,  0.0000]])
tensor([[-0.6902,  1.0000,  0.0000,  0.0000,  0.0000,  0.0000]])
tensor([[-0.4298,  1.0000,  0.0000,  0.0000,  0.0000,  0.0000]])
tensor([[0.4970, 1.0000, 0.0000, 0.0000, 0.0000, 0.0000]])
tensor([[-0.3153,  1.0000,  0.0000,  0.0000,  0.0000,  0.0000]])
tensor([[0.1695, 1.0000, 0.0000, 0.0000, 0.0000, 0.0000]])
tensor([[-0.9011,  1.0000,  0.0000,  0.0000,  0.0000,  0.0000]])
tensor([[-0.0148,  1.0000,  0.0000,  0.0000,  0.0000,  0.0000]])
tensor([[0.4580, 1.0000, 0.0000, 0.0000, 0.0000, 0.0000]])
tensor([[-0.7099,  1.0000,  0.0000,  0.0000,  0.0000,  0.0000]])
tensor([[-0.4744,  0.0000,  0.0000,  0.0000,  0.0000,  0.0000]])
tensor([[-0.7498,  1.0000,  0.0000,  0.0000,  0.0000,  0.0000]])
tensor([[-0.7501,  1.0000,  0.0000,  0.0000,  0.0000,  0.0000]])
tensor([[0.3654, 1.0000, 0.0000, 0.0000, 0.0000, 0.0000]])
tensor([[-0.3404,  1.0000,  0.0000,  0.0000,  0.0000,  0.0000]])
tensor([[0.7138, 1.0000, 0.0000, 0.0000, 0.0000, 0.0000]])
tensor([[-0.8263,  1.0000,  0.0000,  0.0000,  0.0000,  0.0000]])
tensor([[-0.7659,  1.0000,  0.0000,  0.0000,  0.0000,  0.0000]])
tensor([[0.0544, 1.0000, 0.0000, 0.0000, 0.0000, 0.0000]])
tensor([[-0.0261,  1.0000,  0.0000,  0.0000,  0.0000,  0.0000]])
tensor([[0.2643, 1.0000, 0.0000, 0.0000, 0.0000, 0.0000]])
tensor([[-0.2068,  1.0000,  0.0000,  0.0000,  0.0000,  0.0000]])
tensor([[0.1159, 1.0000, 0.0000, 0.0000, 0.0000, 0.0000]])
tensor([[-0.2166,  1.0000,  0.0000,  0.0000,  0.0000,  0.0000]])
tensor([[0.5080, 1.0000, 0.0000, 0.0000, 0.0000, 0.0000]])
tensor([[-0.5698,  1.0000,  0.0000,  0.0000,  0.0000,  0.0000]])
tensor([[-0.2970,  1.0000,  0.0000,  0.0000,  0.0000,  0.0000]])
tensor([[-0.8053,  1.0000,  0.0000,  0.0000,  0.0000,  0.0000]])
tensor([[0.0908, 1.0000, 0.0000, 0.0000, 0.0000, 0.0000]])
tensor([[-0.4269,  1.0000,  0.0000,  0.0000,  0.0000,  0.0000]])
tensor([[-0.3726,  1.0000,  0.0000,  0.0000,  0.0000,  0.0000]])
tensor([[-0.5825,  1.0000,  0.0000,  1.0000,  0.0000,  0.0000]])
tensor([[-0.4307,  1.0000,  0.0000,  0.0000,  0.0000,  0.0000]])
tensor([[0.4813, 1.0000, 0.0000, 0.0000, 0.0000, 0.0000]])
tensor([[-0.7288,  1.0000,  0.0000,  0.0000,  0.0000,  0.0000]])
tensor([[-0.8382,  1.0000,  0.0000,  0.0000,  0.0000,  0.0000]])
tensor([[0.6080, 1.0000, 0.0000, 0.0000, 0.0000, 0.0000]])
tensor([[0.2745, 1.0000, 0.0000, 0.0000, 0.0000, 0.0000]])
tensor([[-0.7939,  1.0000,  0.0000,  0.0000,  1.0000,  0.0000]])
tensor([[0.5682, 1.0000, 0.0000, 0.0000, 0.0000, 0.0000]])
tensor([[0.6023, 1.0000, 0.0000, 0.0000, 0.0000, 0.0000]])
tensor([[0.1857, 1.0000, 0.0000, 0.0000, 0.0000, 0.0000]])
tensor([[-0.2675,  1.0000,  0.0000,  0.0000,  0.0000,  0.0000]])
tensor([[-0.5153,  1.0000,  0.0000,  0.0000,  0.0000,  0.0000]])
tensor([[-0.4744,  1.0000,  0.0000,  0.0000,  0.0000,  0.0000]])
tensor([[-0.6019,  1.0000,  0.0000,  0.0000,  0.0000,  0.0000]])
tensor([[-0.7978,  1.0000,  0.0000,  0.0000,  0.0000,  0.0000]])
tensor([[-0.7157,  1.0000,  0.0000,  0.0000,  0.0000,  0.0000]])
tensor([[0.7080, 1.0000, 0.0000, 0.0000, 0.0000, 0.0000]])
tensor([[-0.2431,  1.0000,  0.0000,  0.0000,  0.0000,  0.0000]])
tensor([[-0.7096,  1.0000,  0.0000,  0.0000,  0.0000,  0.0000]])
tensor([[0.0542, 0.0000, 0.0000, 0.0000, 0.0000, 0.0000]])
tensor([[0.2444, 1.0000, 0.0000, 0.0000, 0.0000, 0.0000]])
tensor([[-0.4999,  1.0000,  0.0000,  0.0000,  0.0000,  0.0000]])
tensor([[-0.3242,  1.0000,  0.0000,  0.0000,  0.0000,  0.0000]])
tensor([[-0.9798,  1.0000,  0.0000,  0.0000,  0.0000,  0.0000]])
tensor([[-0.7657,  1.0000,  0.0000,  0.0000,  0.0000,  0.0000]])
tensor([[-0.3835,  1.0000,  0.0000,  0.0000,  0.0000,  0.0000]])
tensor([[-0.9100,  1.0000,  0.0000,  0.0000,  0.0000,  0.0000]])
tensor([[-0.1117,  1.0000,  0.0000,  0.0000,  0.0000,  0.0000]])
tensor([[-0.4637,  0.0000,  0.0000,  0.0000,  0.0000,  0.0000]])
tensor([[-0.8392,  1.0000,  0.0000,  0.0000,  0.0000,  0.0000]])
tensor([[-0.3473,  0.0000,  0.0000,  0.0000,  0.0000,  0.0000]])
tensor([[0.0439, 1.0000, 0.0000, 0.0000, 0.0000, 0.0000]])
tensor([[-0.3087,  1.0000,  0.0000,  0.0000,  0.0000,  0.0000]])
tensor([[0.7092, 1.0000, 0.0000, 0.0000, 0.0000, 0.0000]])
tensor([[0.3740, 1.0000, 0.0000, 0.0000, 0.0000, 0.0000]])
tensor([[-0.4495,  1.0000,  0.0000,  0.0000,  0.0000,  0.0000]])
tensor([[0.1853, 1.0000, 0.0000, 0.0000, 0.0000, 0.0000]])
tensor([[-0.8120,  1.0000,  0.0000,  0.0000,  0.0000,  0.0000]])
tensor([[-0.2627,  0.0000,  0.0000,  0.0000,  0.0000,  0.0000]])
tensor([[0.8840, 1.0000, 0.0000, 0.0000, 0.0000, 0.0000]])
tensor([[0.8136, 1.0000, 0.0000, 0.0000, 0.0000, 0.0000]])
tensor([[-0.8361,  1.0000,  1.0000,  0.0000,  0.0000,  0.0000]])
tensor([[0.2775, 1.0000, 0.0000, 0.0000, 0.0000, 0.0000]])
tensor([[0.9045, 1.0000, 0.0000, 0.0000, 0.0000, 0.0000]])
tensor([[0.3740, 1.0000, 0.0000, 0.0000, 0.0000, 0.0000]])
tensor([[0.1458, 1.0000, 0.0000, 0.0000, 0.0000, 0.0000]])
tensor([[0.1817, 1.0000, 0.0000, 0.0000, 0.0000, 0.0000]])
tensor([[0.1589, 1.0000, 0.0000, 0.0000, 0.0000, 0.0000]])
tensor([[0.2799, 1.0000, 0.0000, 0.0000, 0.0000, 0.0000]])
tensor([[-0.6886,  1.0000,  0.0000,  0.0000,  0.0000,  0.0000]])
tensor([[0.5672, 1.0000, 0.0000, 0.0000, 0.0000, 0.0000]])
tensor([[-0.1878,  1.0000,  0.0000,  0.0000,  0.0000,  0.0000]])
tensor([[-0.9557,  1.0000,  0.0000,  0.0000,  0.0000,  0.0000]])
tensor([[-0.1362,  1.0000,  0.0000,  0.0000,  0.0000,  0.0000]])
tensor([[0.4088, 1.0000, 0.0000, 0.0000, 0.0000, 0.0000]])
tensor([[-0.7850,  1.0000,  1.0000,  0.0000,  0.0000,  0.0000]])
tensor([[-0.7654,  1.0000,  0.0000,  0.0000,  0.0000,  0.0000]])
tensor([[0.9566, 1.0000, 1.0000, 0.0000, 0.0000, 0.0000]])
tensor([[0.9357, 1.0000, 0.0000, 0.0000, 0.0000, 0.0000]])
tensor([[-0.3015,  1.0000,  0.0000,  0.0000,  0.0000,  0.0000]])
tensor([[0.1280, 1.0000, 0.0000, 0.0000, 0.0000, 0.0000]])
tensor([[0.6690, 1.0000, 0.0000, 0.0000, 0.0000, 0.0000]])
tensor([[-0.4243,  1.0000,  0.0000,  0.0000,  0.0000,  0.0000]])
tensor([[0.4788, 1.0000, 0.0000, 0.0000, 0.0000, 0.0000]])
tensor([[0.9824, 1.0000, 0.0000, 0.0000, 0.0000, 0.0000]])
tensor([[-0.0699,  1.0000,  0.0000,  0.0000,  0.0000,  0.0000]])
tensor([[0.4226, 1.0000, 0.0000, 0.0000, 0.0000, 0.0000]])
tensor([[-0.7530,  1.0000,  0.0000,  0.0000,  0.0000,  0.0000]])
tensor([[-0.0977,  1.0000,  0.0000,  0.0000,  0.0000,  0.0000]])
tensor([[-0.0400,  1.0000,  0.0000,  0.0000,  0.0000,  0.0000]])
tensor([[0.8219, 1.0000, 0.0000, 0.0000, 0.0000, 0.0000]])
tensor([[0.4019, 1.0000, 0.0000, 0.0000, 0.0000, 0.0000]])
tensor([[-0.8634,  1.0000,  0.0000,  0.0000,  0.0000,  0.0000]])
tensor([[0.0912, 1.0000, 0.0000, 0.0000, 0.0000, 0.0000]])
tensor([[0.1834, 1.0000, 0.0000, 0.0000, 0.0000, 0.0000]])
tensor([[0.4799, 1.0000, 0.0000, 0.0000, 0.0000, 0.0000]])
tensor([[0.1208, 1.0000, 0.0000, 0.0000, 0.0000, 0.0000]])
tensor([[-0.8112,  0.0000,  0.0000,  0.0000,  0.0000,  0.0000]])
tensor([[-0.2382,  1.0000,  0.0000,  0.0000,  0.0000,  0.0000]])
tensor([[0.5397, 1.0000, 0.0000, 0.0000, 0.0000, 0.0000]])
tensor([[-0.2307,  1.0000,  0.0000,  0.0000,  0.0000,  0.0000]])
tensor([[-0.8660,  1.0000,  0.0000,  0.0000,  0.0000,  0.0000]])
tensor([[-0.0163,  1.0000,  0.0000,  0.0000,  0.0000,  0.0000]])
tensor([[0.4474, 1.0000, 0.0000, 0.0000, 0.0000, 0.0000]])
tensor([[0.1521, 1.0000, 0.0000, 0.0000, 0.0000, 0.0000]])
tensor([[0.0734, 1.0000, 0.0000, 0.0000, 0.0000, 0.0000]])
tensor([[0.6261, 1.0000, 0.0000, 0.0000, 0.0000, 0.0000]])
tensor([[0.1979, 1.0000, 0.0000, 0.0000, 0.0000, 0.0000]])
tensor([[0.6597, 1.0000, 0.0000, 0.0000, 0.0000, 0.0000]])
tensor([[0.1924, 1.0000, 0.0000, 0.0000, 0.0000, 0.0000]])
tensor([[0.3797, 1.0000, 0.0000, 0.0000, 0.0000, 0.0000]])
tensor([[-0.9261,  1.0000,  0.0000,  1.0000,  0.0000,  0.0000]])
tensor([[-0.4325,  1.0000,  0.0000,  0.0000,  0.0000,  0.0000]])
tensor([[-0.3921,  1.0000,  0.0000,  0.0000,  0.0000,  0.0000]])
tensor([[-0.4065,  1.0000,  0.0000,  0.0000,  0.0000,  0.0000]])
tensor([[-0.0415,  1.0000,  0.0000,  0.0000,  0.0000,  0.0000]])
tensor([[-0.1544,  1.0000,  0.0000,  0.0000,  0.0000,  0.0000]])
tensor([[-0.8435,  1.0000,  0.0000,  0.0000,  0.0000,  0.0000]])
tensor([[-0.7004,  1.0000,  0.0000,  0.0000,  0.0000,  0.0000]])
tensor([[0.0158, 1.0000, 0.0000, 0.0000, 0.0000, 0.0000]])
tensor([[-0.8434,  1.0000,  0.0000,  0.0000,  0.0000,  0.0000]])
tensor([[-0.3364,  1.0000,  0.0000,  0.0000,  0.0000,  0.0000]])
tensor([[-0.7740,  1.0000,  0.0000,  0.0000,  0.0000,  0.0000]])
tensor([[-0.8180,  1.0000,  0.0000,  0.0000,  0.0000,  0.0000]])
tensor([[-0.2521,  1.0000,  0.0000,  0.0000,  0.0000,  0.0000]])
tensor([[0.7657, 1.0000, 0.0000, 0.0000, 1.0000, 0.0000]])
tensor([[-0.3202,  0.0000,  0.0000,  0.0000,  0.0000,  0.0000]])
tensor([[-0.3231,  1.0000,  0.0000,  0.0000,  0.0000,  0.0000]])
tensor([[-0.0297,  1.0000,  0.0000,  0.0000,  0.0000,  0.0000]])
tensor([[-0.2546,  1.0000,  0.0000,  0.0000,  0.0000,  0.0000]])
tensor([[-0.6635,  1.0000,  0.0000,  0.0000,  0.0000,  0.0000]])
tensor([[-0.7836,  1.0000,  0.0000,  0.0000,  0.0000,  0.0000]])
tensor([[0.8766, 1.0000, 0.0000, 0.0000, 0.0000, 0.0000]])
tensor([[-0.8206,  1.0000,  0.0000,  0.0000,  0.0000,  0.0000]])
tensor([[-0.6122,  1.0000,  0.0000,  0.0000,  0.0000,  0.0000]])
tensor([[-0.9422,  1.0000,  0.0000,  0.0000,  0.0000,  0.0000]])
tensor([[-0.4926,  1.0000,  0.0000,  0.0000,  0.0000,  0.0000]])
tensor([[-0.5878,  0.0000,  0.0000,  0.0000,  0.0000,  1.0000]])
tensor([[-0.3608,  1.0000,  0.0000,  0.0000,  0.0000,  0.0000]])
tensor([[-0.8065,  1.0000,  0.0000,  0.0000,  0.0000,  0.0000]])
tensor([[-0.2288,  1.0000,  0.0000,  0.0000,  0.0000,  0.0000]])
tensor([[0.7282, 1.0000, 0.0000, 0.0000, 0.0000, 0.0000]])
tensor([[0.5554, 1.0000, 0.0000, 0.0000, 0.0000, 0.0000]])
tensor([[-0.8116,  1.0000,  0.0000,  0.0000,  0.0000,  0.0000]])
tensor([[0.0341, 1.0000, 0.0000, 0.0000, 0.0000, 0.0000]])
tensor([[-0.9476,  1.0000,  0.0000,  0.0000,  0.0000,  0.0000]])
tensor([[-0.7357,  1.0000,  0.0000,  0.0000,  0.0000,  0.0000]])
tensor([[-0.0961,  1.0000,  0.0000,  0.0000,  0.0000,  0.0000]])
tensor([[-0.6789,  1.0000,  0.0000,  0.0000,  0.0000,  0.0000]])
tensor([[-0.5325,  1.0000,  0.0000,  0.0000,  0.0000,  0.0000]])
tensor([[-0.2842,  1.0000,  0.0000,  0.0000,  0.0000,  0.0000]])
tensor([[-0.3787,  1.0000,  0.0000,  0.0000,  0.0000,  0.0000]])
tensor([[0.4149, 1.0000, 0.0000, 0.0000, 0.0000, 0.0000]])
tensor([[-0.7439,  1.0000,  0.0000,  0.0000,  0.0000,  0.0000]])
tensor([[-0.5416,  1.0000,  0.0000,  0.0000,  0.0000,  0.0000]])
tensor([[-0.3044,  1.0000,  0.0000,  0.0000,  0.0000,  0.0000]])
tensor([[0.2644, 1.0000, 0.0000, 0.0000, 0.0000, 0.0000]])
tensor([[0.1824, 1.0000, 0.0000, 0.0000, 0.0000, 0.0000]])
tensor([[-0.8352,  1.0000,  0.0000,  0.0000,  0.0000,  0.0000]])
tensor([[0.9416, 1.0000, 0.0000, 0.0000, 0.0000, 0.0000]])
tensor([[-0.2008,  1.0000,  0.0000,  0.0000,  0.0000,  0.0000]])
tensor([[-0.2748,  1.0000,  0.0000,  0.0000,  0.0000,  0.0000]])
tensor([[0.3755, 1.0000, 0.0000, 0.0000, 0.0000, 0.0000]])
tensor([[0.5165, 1.0000, 0.0000, 0.0000, 0.0000, 0.0000]])
tensor([[-0.5198,  1.0000,  0.0000,  0.0000,  0.0000,  0.0000]])
tensor([[-0.8546,  1.0000,  0.0000,  0.0000,  0.0000,  0.0000]])
tensor([[-0.7743,  1.0000,  0.0000,  0.0000,  0.0000,  0.0000]])
tensor([[0.1551, 1.0000, 0.0000, 0.0000, 0.0000, 0.0000]])
tensor([[-0.4734,  1.0000,  0.0000,  0.0000,  0.0000,  0.0000]])
tensor([[-0.0751,  1.0000,  0.0000,  0.0000,  0.0000,  0.0000]])
tensor([[0.9184, 1.0000, 0.0000, 1.0000, 0.0000, 0.0000]])
tensor([[0.1742, 1.0000, 0.0000, 0.0000, 0.0000, 0.0000]])
tensor([[-0.8444,  1.0000,  0.0000,  0.0000,  0.0000,  0.0000]])
tensor([[-0.4749,  1.0000,  0.0000,  0.0000,  0.0000,  0.0000]])
tensor([[0.4613, 1.0000, 0.0000, 0.0000, 0.0000, 0.0000]])
tensor([[-0.9482,  1.0000,  0.0000,  1.0000,  0.0000,  0.0000]])
tensor([[-0.9828,  1.0000,  0.0000,  0.0000,  0.0000,  0.0000]])
tensor([[-0.9342,  1.0000,  0.0000,  0.0000,  0.0000,  0.0000]])
tensor([[-0.3502,  1.0000,  0.0000,  0.0000,  0.0000,  0.0000]])
tensor([[-0.7763,  1.0000,  0.0000,  0.0000,  0.0000,  0.0000]])
tensor([[-0.9425,  1.0000,  0.0000,  0.0000,  0.0000,  0.0000]])
tensor([[-0.9752,  1.0000,  0.0000,  0.0000,  0.0000,  0.0000]])
tensor([[-0.8395,  1.0000,  0.0000,  0.0000,  0.0000,  0.0000]])
tensor([[-0.8912,  1.0000,  0.0000,  0.0000,  0.0000,  0.0000]])
tensor([[-0.8823,  1.0000,  0.0000,  0.0000,  0.0000,  0.0000]])
tensor([[-0.6784,  1.0000,  0.0000,  0.0000,  0.0000,  0.0000]])
tensor([[-0.9783,  1.0000,  0.0000,  0.0000,  0.0000,  0.0000]])
tensor([[-0.7868,  1.0000,  0.0000,  0.0000,  0.0000,  0.0000]])
tensor([[-0.9574,  0.0000,  0.0000,  0.0000,  0.0000,  0.0000]])
tensor([[-0.7456,  1.0000,  0.0000,  0.0000,  0.0000,  0.0000]])
tensor([[-0.8840,  1.0000,  0.0000,  0.0000,  0.0000,  0.0000]])
tensor([[-0.6635,  1.0000,  0.0000,  0.0000,  0.0000,  0.0000]])
tensor([[-0.7001,  1.0000,  0.0000,  0.0000,  0.0000,  0.0000]])
tensor([[-0.9678,  1.0000,  0.0000,  0.0000,  0.0000,  0.0000]])
tensor([[-0.6770,  1.0000,  0.0000,  0.0000,  0.0000,  0.0000]])
tensor([[-0.8189,  1.0000,  0.0000,  0.0000,  0.0000,  0.0000]])
tensor([[-0.9096,  1.0000,  0.0000,  0.0000,  0.0000,  0.0000]])
tensor([[-0.4661,  1.0000,  0.0000,  0.0000,  0.0000,  0.0000]])
tensor([[-0.6251,  1.0000,  0.0000,  0.0000,  0.0000,  0.0000]])
tensor([[-0.5776,  1.0000,  0.0000,  0.0000,  0.0000,  0.0000]])
tensor([[0.0301, 1.0000, 0.0000, 0.0000, 0.0000, 0.0000]])
tensor([[-0.7538,  1.0000,  0.0000,  1.0000,  0.0000,  0.0000]])
tensor([[0.1758, 1.0000, 0.0000, 0.0000, 0.0000, 0.0000]])
tensor([[-0.8098,  1.0000,  0.0000,  0.0000,  0.0000,  0.0000]])
tensor([[-0.5295,  1.0000,  0.0000,  0.0000,  0.0000,  0.0000]])
tensor([[-0.7843,  1.0000,  0.0000,  0.0000,  0.0000,  0.0000]])
tensor([[-0.3527,  1.0000,  0.0000,  0.0000,  0.0000,  0.0000]])
tensor([[-0.5680,  1.0000,  0.0000,  0.0000,  0.0000,  0.0000]])
tensor([[-0.7598,  1.0000,  0.0000,  0.0000,  0.0000,  0.0000]])
tensor([[0.5378, 1.0000, 0.0000, 0.0000, 0.0000, 0.0000]])
tensor([[-0.3478,  1.0000,  0.0000,  0.0000,  0.0000,  0.0000]])
tensor([[-0.2556,  1.0000,  0.0000,  0.0000,  0.0000,  0.0000]])
tensor([[-0.9776,  1.0000,  0.0000,  0.0000,  0.0000,  0.0000]])
tensor([[-0.5752,  1.0000,  0.0000,  0.0000,  0.0000,  0.0000]])
tensor([[-0.9540,  1.0000,  0.0000,  0.0000,  0.0000,  0.0000]])
tensor([[-0.9519,  1.0000,  0.0000,  0.0000,  0.0000,  0.0000]])
tensor([[-0.8358,  1.0000,  0.0000,  0.0000,  0.0000,  0.0000]])
tensor([[0.1320, 1.0000, 0.0000, 0.0000, 0.0000, 0.0000]])
tensor([[-0.2752,  1.0000,  0.0000,  0.0000,  0.0000,  0.0000]])
tensor([[-0.9349,  1.0000,  0.0000,  0.0000,  0.0000,  0.0000]])
tensor([[-0.3121,  1.0000,  0.0000,  0.0000,  0.0000,  0.0000]])
tensor([[-0.1566,  1.0000,  0.0000,  0.0000,  0.0000,  0.0000]])
tensor([[0.4194, 1.0000, 0.0000, 0.0000, 0.0000, 0.0000]])
tensor([[-0.8249,  1.0000,  0.0000,  0.0000,  0.0000,  0.0000]])
tensor([[-0.9782,  1.0000,  0.0000,  0.0000,  0.0000,  0.0000]])
tensor([[-0.8449,  1.0000,  0.0000,  0.0000,  0.0000,  0.0000]])
tensor([[-0.6371,  1.0000,  0.0000,  0.0000,  0.0000,  0.0000]])
tensor([[-0.4661,  1.0000,  0.0000,  0.0000,  1.0000,  0.0000]])
tensor([[-0.9726,  1.0000,  0.0000,  0.0000,  0.0000,  0.0000]])
tensor([[-0.7649,  1.0000,  0.0000,  0.0000,  0.0000,  0.0000]])
tensor([[-0.4972,  1.0000,  0.0000,  0.0000,  0.0000,  0.0000]])
tensor([[-0.7650,  1.0000,  0.0000,  0.0000,  0.0000,  0.0000]])
tensor([[-0.0830,  0.0000,  0.0000,  0.0000,  0.0000,  0.0000]])
tensor([[-0.9190,  1.0000,  0.0000,  0.0000,  0.0000,  0.0000]])
tensor([[-0.8670,  1.0000,  0.0000,  0.0000,  0.0000,  0.0000]])
tensor([[-0.8231,  1.0000,  0.0000,  0.0000,  0.0000,  0.0000]])
tensor([[-0.9974,  1.0000,  0.0000,  0.0000,  0.0000,  0.0000]])
tensor([[-0.5066,  1.0000,  0.0000,  0.0000,  0.0000,  0.0000]])
tensor([[-0.7590,  1.0000,  0.0000,  0.0000,  0.0000,  0.0000]])
tensor([[-0.6259,  1.0000,  0.0000,  0.0000,  0.0000,  0.0000]])
tensor([[-0.4274,  1.0000,  0.0000,  0.0000,  0.0000,  0.0000]])
tensor([[-0.8706,  1.0000,  0.0000,  0.0000,  0.0000,  0.0000]])
tensor([[-0.9640,  1.0000,  0.0000,  0.0000,  0.0000,  0.0000]])
tensor([[-0.9505,  1.0000,  0.0000,  0.0000,  0.0000,  0.0000]])
tensor([[-0.2861,  1.0000,  0.0000,  0.0000,  0.0000,  0.0000]])
tensor([[-0.1706,  1.0000,  0.0000,  0.0000,  0.0000,  0.0000]])
tensor([[-0.5723,  1.0000,  0.0000,  0.0000,  0.0000,  0.0000]])
tensor([[-0.9055,  1.0000,  0.0000,  1.0000,  0.0000,  0.0000]])
tensor([[-0.9173,  1.0000,  0.0000,  0.0000,  0.0000,  0.0000]])
tensor([[-0.6960,  0.0000,  0.0000,  0.0000,  0.0000,  0.0000]])
tensor([[-0.5562,  1.0000,  0.0000,  0.0000,  0.0000,  0.0000]])
tensor([[-0.9946,  1.0000,  0.0000,  0.0000,  0.0000,  0.0000]])
tensor([[-0.9754,  1.0000,  0.0000,  0.0000,  0.0000,  0.0000]])
tensor([[-0.9421,  1.0000,  0.0000,  0.0000,  0.0000,  0.0000]])
tensor([[0.3969, 1.0000, 0.0000, 1.0000, 0.0000, 0.0000]])
tensor([[-0.8022,  1.0000,  0.0000,  0.0000,  0.0000,  0.0000]])
tensor([[-0.9694,  1.0000,  0.0000,  0.0000,  0.0000,  0.0000]])
tensor([[-0.6072,  1.0000,  0.0000,  0.0000,  0.0000,  0.0000]])
tensor([[-0.7756,  1.0000,  0.0000,  0.0000,  0.0000,  0.0000]])
tensor([[-0.9888,  1.0000,  0.0000,  0.0000,  0.0000,  0.0000]])
tensor([[-0.9231,  1.0000,  0.0000,  0.0000,  0.0000,  0.0000]])
tensor([[-0.7724,  1.0000,  0.0000,  0.0000,  0.0000,  0.0000]])
tensor([[-0.4906,  1.0000,  0.0000,  0.0000,  0.0000,  0.0000]])
tensor([[-0.9723,  1.0000,  0.0000,  0.0000,  0.0000,  0.0000]])
tensor([[-0.9576,  1.0000,  0.0000,  0.0000,  0.0000,  0.0000]])
tensor([[-0.8226,  1.0000,  0.0000,  0.0000,  0.0000,  0.0000]])
tensor([[-0.9679,  1.0000,  0.0000,  0.0000,  0.0000,  0.0000]])
tensor([[-0.9196,  1.0000,  0.0000,  0.0000,  0.0000,  0.0000]])
tensor([[-0.7456,  0.0000,  0.0000,  0.0000,  0.0000,  0.0000]])
tensor([[0.1498, 1.0000, 0.0000, 0.0000, 0.0000, 0.0000]])
tensor([[-0.1431,  1.0000,  0.0000,  0.0000,  0.0000,  0.0000]])
tensor([[-0.3431,  0.0000,  0.0000,  0.0000,  0.0000,  0.0000]])
tensor([[-0.6109,  1.0000,  0.0000,  0.0000,  0.0000,  0.0000]])
tensor([[-0.8498,  1.0000,  0.0000,  0.0000,  0.0000,  0.0000]])
tensor([[-0.8367,  1.0000,  0.0000,  0.0000,  0.0000,  0.0000]])
tensor([[-0.9588,  1.0000,  0.0000,  0.0000,  0.0000,  0.0000]])
tensor([[-0.9126,  0.0000,  0.0000,  0.0000,  0.0000,  0.0000]])
tensor([[-0.6064,  1.0000,  0.0000,  0.0000,  1.0000,  0.0000]])
tensor([[-0.8054,  1.0000,  0.0000,  0.0000,  0.0000,  0.0000]])
tensor([[-0.8602,  1.0000,  0.0000,  0.0000,  0.0000,  0.0000]])
tensor([[-0.7110,  1.0000,  0.0000,  0.0000,  0.0000,  0.0000]])
tensor([[-0.1172,  1.0000,  0.0000,  0.0000,  0.0000,  0.0000]])
tensor([[0.3328, 1.0000, 0.0000, 0.0000, 0.0000, 0.0000]])
tensor([[-0.9099,  1.0000,  0.0000,  0.0000,  0.0000,  0.0000]])
tensor([[-0.9280,  1.0000,  0.0000,  0.0000,  0.0000,  0.0000]])
tensor([[-0.8502,  1.0000,  0.0000,  0.0000,  0.0000,  0.0000]])
tensor([[-0.7478,  1.0000,  0.0000,  0.0000,  0.0000,  0.0000]])
tensor([[-0.2142,  1.0000,  0.0000,  0.0000,  0.0000,  0.0000]])
tensor([[-0.9829,  1.0000,  0.0000,  0.0000,  0.0000,  0.0000]])
tensor([[0.2365, 1.0000, 0.0000, 0.0000, 0.0000, 0.0000]])
tensor([[-0.6805,  1.0000,  0.0000,  0.0000,  0.0000,  0.0000]])
tensor([[-0.9370,  1.0000,  0.0000,  0.0000,  0.0000,  0.0000]])
tensor([[-0.8394,  1.0000,  0.0000,  0.0000,  0.0000,  0.0000]])
tensor([[-0.7501,  1.0000,  0.0000,  0.0000,  0.0000,  0.0000]])
tensor([[-0.0740,  1.0000,  0.0000,  0.0000,  0.0000,  0.0000]])
tensor([[-0.6529,  1.0000,  0.0000,  0.0000,  0.0000,  0.0000]])
tensor([[-0.5258,  1.0000,  0.0000,  0.0000,  0.0000,  0.0000]])
tensor([[-0.8790,  1.0000,  0.0000,  0.0000,  0.0000,  0.0000]])
tensor([[-0.8839,  1.0000,  0.0000,  0.0000,  0.0000,  0.0000]])
tensor([[-0.9724,  1.0000,  0.0000,  0.0000,  0.0000,  0.0000]])
tensor([[0.2767, 1.0000, 0.0000, 0.0000, 0.0000, 0.0000]])
tensor([[-0.7897,  1.0000,  0.0000,  0.0000,  0.0000,  0.0000]])
tensor([[-0.7527,  1.0000,  0.0000,  0.0000,  0.0000,  0.0000]])
tensor([[-0.8572,  1.0000,  0.0000,  0.0000,  0.0000,  0.0000]])
tensor([[-0.9073,  1.0000,  0.0000,  0.0000,  0.0000,  0.0000]])
tensor([[-0.8779,  1.0000,  0.0000,  0.0000,  0.0000,  0.0000]])
tensor([[-0.5853,  1.0000,  0.0000,  0.0000,  0.0000,  0.0000]])
tensor([[0.0075, 1.0000, 0.0000, 1.0000, 0.0000, 0.0000]])
tensor([[-0.9680,  1.0000,  0.0000,  0.0000,  1.0000,  0.0000]])
tensor([[-0.7237,  1.0000,  0.0000,  0.0000,  0.0000,  0.0000]])
tensor([[-0.9422,  1.0000,  0.0000,  0.0000,  0.0000,  0.0000]])
tensor([[0.2001, 1.0000, 0.0000, 0.0000, 0.0000, 0.0000]])
tensor([[-0.4047,  1.0000,  0.0000,  0.0000,  0.0000,  0.0000]])
tensor([[-0.6366,  1.0000,  0.0000,  0.0000,  0.0000,  0.0000]])
tensor([[-0.9692,  1.0000,  0.0000,  0.0000,  0.0000,  0.0000]])
tensor([[-0.8559,  1.0000,  0.0000,  0.0000,  0.0000,  0.0000]])
tensor([[-0.8350,  1.0000,  0.0000,  0.0000,  0.0000,  0.0000]])
tensor([[-0.3785,  1.0000,  0.0000,  0.0000,  0.0000,  0.0000]])
tensor([[-0.6512,  1.0000,  0.0000,  0.0000,  0.0000,  0.0000]])
tensor([[-0.8918,  1.0000,  0.0000,  0.0000,  0.0000,  0.0000]])
tensor([[-0.9651,  1.0000,  0.0000,  0.0000,  0.0000,  0.0000]])
tensor([[-0.5338,  1.0000,  0.0000,  0.0000,  0.0000,  0.0000]])
tensor([[-0.9534,  1.0000,  0.0000,  0.0000,  0.0000,  0.0000]])
tensor([[-0.7575,  1.0000,  0.0000,  0.0000,  0.0000,  0.0000]])
tensor([[-0.3351,  1.0000,  0.0000,  0.0000,  0.0000,  0.0000]])
tensor([[-0.9772,  1.0000,  0.0000,  1.0000,  0.0000,  0.0000]])
tensor([[-0.8385,  1.0000,  0.0000,  0.0000,  0.0000,  0.0000]])
tensor([[-0.7403,  1.0000,  0.0000,  0.0000,  0.0000,  0.0000]])
tensor([[-0.6282,  1.0000,  0.0000,  0.0000,  0.0000,  0.0000]])
tensor([[-0.9966,  1.0000,  0.0000,  0.0000,  0.0000,  0.0000]])
tensor([[-0.5851,  1.0000,  0.0000,  0.0000,  0.0000,  0.0000]])
tensor([[-0.9056,  1.0000,  0.0000,  0.0000,  0.0000,  0.0000]])
tensor([[-0.7597,  1.0000,  0.0000,  0.0000,  0.0000,  0.0000]])
tensor([[-0.6357,  1.0000,  0.0000,  0.0000,  0.0000,  0.0000]])
tensor([[-0.9844,  1.0000,  0.0000,  0.0000,  0.0000,  0.0000]])
tensor([[-0.6801,  1.0000,  0.0000,  0.0000,  0.0000,  0.0000]])
tensor([[-0.7644,  1.0000,  0.0000,  0.0000,  0.0000,  0.0000]])
tensor([[-0.6517,  1.0000,  0.0000,  0.0000,  0.0000,  0.0000]])
tensor([[0.2244, 1.0000, 0.0000, 0.0000, 0.0000, 0.0000]])
tensor([[-0.1649,  1.0000,  0.0000,  0.0000,  0.0000,  0.0000]])
tensor([[-0.1185,  1.0000,  0.0000,  0.0000,  0.0000,  0.0000]])
tensor([[-0.9474,  1.0000,  0.0000,  0.0000,  0.0000,  0.0000]])
tensor([[-0.9194,  0.0000,  0.0000,  0.0000,  0.0000,  0.0000]])
tensor([[-0.8331,  1.0000,  0.0000,  0.0000,  0.0000,  0.0000]])
tensor([[-0.9649,  1.0000,  0.0000,  0.0000,  0.0000,  0.0000]])
tensor([[-0.9418,  1.0000,  0.0000,  0.0000,  0.0000,  0.0000]])
tensor([[-0.2242,  1.0000,  0.0000,  0.0000,  0.0000,  0.0000]])
tensor([[-0.7745,  1.0000,  0.0000,  0.0000,  0.0000,  0.0000]])
tensor([[-0.7943,  1.0000,  0.0000,  0.0000,  0.0000,  0.0000]])
tensor([[-0.6208,  1.0000,  0.0000,  0.0000,  0.0000,  0.0000]])
tensor([[-0.4969,  1.0000,  0.0000,  0.0000,  0.0000,  0.0000]])
tensor([[-0.8775,  1.0000,  0.0000,  0.0000,  0.0000,  0.0000]])
tensor([[-0.8403,  1.0000,  0.0000,  0.0000,  0.0000,  0.0000]])
tensor([[-0.8909,  1.0000,  0.0000,  0.0000,  0.0000,  0.0000]])
tensor([[-0.9441,  1.0000,  0.0000,  0.0000,  0.0000,  0.0000]])
tensor([[-0.6672,  1.0000,  0.0000,  0.0000,  0.0000,  0.0000]])
tensor([[-0.4722,  1.0000,  0.0000,  0.0000,  0.0000,  0.0000]])
tensor([[0.2565, 1.0000, 0.0000, 0.0000, 0.0000, 0.0000]])
tensor([[-0.9855,  1.0000,  0.0000,  0.0000,  0.0000,  0.0000]])
tensor([[-0.7749,  1.0000,  0.0000,  0.0000,  0.0000,  0.0000]])
tensor([[-0.9728,  1.0000,  0.0000,  0.0000,  0.0000,  0.0000]])
tensor([[-0.8692,  1.0000,  0.0000,  0.0000,  0.0000,  0.0000]])
tensor([[-0.9140,  1.0000,  0.0000,  0.0000,  0.0000,  0.0000]])
tensor([[-0.3014,  1.0000,  0.0000,  0.0000,  0.0000,  0.0000]])
tensor([[-0.8670,  1.0000,  0.0000,  0.0000,  0.0000,  0.0000]])
tensor([[-0.8972,  1.0000,  0.0000,  0.0000,  0.0000,  0.0000]])
tensor([[-0.8957,  1.0000,  0.0000,  0.0000,  0.0000,  0.0000]])
tensor([[-0.6937,  1.0000,  0.0000,  0.0000,  0.0000,  0.0000]])
tensor([[-0.8106,  1.0000,  0.0000,  0.0000,  0.0000,  0.0000]])
tensor([[-0.8242,  1.0000,  0.0000,  0.0000,  0.0000,  0.0000]])
tensor([[-0.2044,  0.0000,  0.0000,  0.0000,  0.0000,  0.0000]])
tensor([[-0.6304,  1.0000,  0.0000,  0.0000,  0.0000,  0.0000]])
tensor([[0.3985, 1.0000, 0.0000, 0.0000, 0.0000, 0.0000]])
tensor([[-0.7746,  1.0000,  0.0000,  1.0000,  0.0000,  0.0000]])
tensor([[-0.9640,  1.0000,  0.0000,  0.0000,  0.0000,  0.0000]])
tensor([[-0.7073,  1.0000,  0.0000,  0.0000,  0.0000,  0.0000]])
tensor([[-0.7232,  1.0000,  0.0000,  0.0000,  0.0000,  0.0000]])
tensor([[-0.9095,  1.0000,  0.0000,  0.0000,  0.0000,  0.0000]])
tensor([[-0.5738,  1.0000,  0.0000,  0.0000,  0.0000,  0.0000]])
tensor([[-0.9599,  1.0000,  0.0000,  0.0000,  0.0000,  0.0000]])
tensor([[-0.3763,  1.0000,  0.0000,  0.0000,  0.0000,  0.0000]])
tensor([[0.0105, 1.0000, 0.0000, 0.0000, 0.0000, 0.0000]])
tensor([[-0.2890,  1.0000,  0.0000,  0.0000,  0.0000,  0.0000]])
tensor([[-0.7097,  1.0000,  0.0000,  0.0000,  0.0000,  0.0000]])
tensor([[-0.6484,  1.0000,  0.0000,  0.0000,  0.0000,  0.0000]])
tensor([[-0.8385,  1.0000,  0.0000,  0.0000,  0.0000,  0.0000]])
tensor([[-0.5008,  1.0000,  0.0000,  0.0000,  0.0000,  0.0000]])
tensor([[-0.7831,  1.0000,  0.0000,  0.0000,  0.0000,  0.0000]])
tensor([[0.5967, 1.0000, 0.0000, 0.0000, 0.0000, 0.0000]])
tensor([[-0.3230,  1.0000,  0.0000,  0.0000,  0.0000,  0.0000]])
tensor([[-0.9305,  1.0000,  0.0000,  0.0000,  0.0000,  0.0000]])
tensor([[-0.6776,  1.0000,  0.0000,  0.0000,  0.0000,  0.0000]])
tensor([[-0.6124,  1.0000,  0.0000,  0.0000,  0.0000,  0.0000]])
tensor([[-0.9642,  1.0000,  0.0000,  0.0000,  0.0000,  0.0000]])
tensor([[-0.9507,  1.0000,  0.0000,  0.0000,  0.0000,  0.0000]])
tensor([[-0.8878,  1.0000,  0.0000,  0.0000,  0.0000,  0.0000]])
tensor([[-0.8507,  1.0000,  0.0000,  0.0000,  0.0000,  0.0000]])
tensor([[-0.7508,  1.0000,  1.0000,  0.0000,  0.0000,  0.0000]])
tensor([[-0.3184,  1.0000,  0.0000,  0.0000,  0.0000,  0.0000]])
tensor([[-0.6690,  1.0000,  0.0000,  0.0000,  0.0000,  0.0000]])
tensor([[-0.6717,  1.0000,  0.0000,  0.0000,  0.0000,  0.0000]])
tensor([[-0.9722,  1.0000,  0.0000,  0.0000,  0.0000,  0.0000]])
tensor([[-0.8630,  1.0000,  0.0000,  0.0000,  0.0000,  0.0000]])
tensor([[-0.6579,  1.0000,  0.0000,  0.0000,  1.0000,  0.0000]])
tensor([[-0.8471,  1.0000,  0.0000,  0.0000,  0.0000,  0.0000]])
tensor([[-0.9232,  1.0000,  0.0000,  0.0000,  0.0000,  0.0000]])
tensor([[-0.9494,  1.0000,  0.0000,  0.0000,  0.0000,  0.0000]])
tensor([[-0.2073,  1.0000,  0.0000,  0.0000,  0.0000,  0.0000]])
tensor([[0.1139, 1.0000, 0.0000, 0.0000, 0.0000, 0.0000]])
tensor([[-0.8097,  1.0000,  0.0000,  0.0000,  0.0000,  0.0000]])
tensor([[-0.2337,  1.0000,  0.0000,  0.0000,  0.0000,  0.0000]])
tensor([[-0.2837,  1.0000,  0.0000,  0.0000,  0.0000,  0.0000]])
tensor([[0.0406, 1.0000, 0.0000, 0.0000, 0.0000, 0.0000]])
tensor([[-0.9690,  1.0000,  0.0000,  0.0000,  0.0000,  0.0000]])
tensor([[0.4593, 1.0000, 0.0000, 0.0000, 0.0000, 0.0000]])
tensor([[-0.9210,  1.0000,  0.0000,  0.0000,  0.0000,  0.0000]])
tensor([[0.0982, 1.0000, 0.0000, 0.0000, 0.0000, 0.0000]])
tensor([[-0.9003,  1.0000,  0.0000,  0.0000,  0.0000,  0.0000]])
tensor([[-0.4900,  1.0000,  0.0000,  0.0000,  0.0000,  0.0000]])
tensor([[0.2121, 1.0000, 0.0000, 0.0000, 0.0000, 0.0000]])
tensor([[0.0587, 1.0000, 0.0000, 0.0000, 0.0000, 0.0000]])
tensor([[-0.8097,  1.0000,  0.0000,  0.0000,  0.0000,  0.0000]])
tensor([[-0.7855,  1.0000,  0.0000,  0.0000,  0.0000,  0.0000]])
tensor([[0.6371, 1.0000, 0.0000, 0.0000, 0.0000, 0.0000]])
tensor([[-0.7890,  1.0000,  0.0000,  0.0000,  0.0000,  0.0000]])
tensor([[0.4308, 1.0000, 0.0000, 0.0000, 0.0000, 0.0000]])
tensor([[-0.7197,  1.0000,  0.0000,  0.0000,  0.0000,  0.0000]])
tensor([[-0.4425,  1.0000,  0.0000,  0.0000,  0.0000,  0.0000]])
tensor([[-0.4744,  1.0000,  0.0000,  0.0000,  0.0000,  0.0000]])
tensor([[0.1305, 1.0000, 0.0000, 0.0000, 0.0000, 0.0000]])
tensor([[-0.5891,  1.0000,  0.0000,  0.0000,  0.0000,  0.0000]])
tensor([[-0.1304,  1.0000,  0.0000,  0.0000,  0.0000,  0.0000]])
tensor([[-0.6747,  1.0000,  0.0000,  0.0000,  0.0000,  0.0000]])
tensor([[-0.8424,  1.0000,  0.0000,  0.0000,  0.0000,  0.0000]])
tensor([[-0.6187,  1.0000,  0.0000,  0.0000,  0.0000,  0.0000]])
tensor([[0.6252, 1.0000, 0.0000, 0.0000, 0.0000, 0.0000]])
tensor([[0.7014, 1.0000, 0.0000, 0.0000, 0.0000, 0.0000]])
tensor([[0.5994, 1.0000, 0.0000, 0.0000, 0.0000, 0.0000]])
tensor([[-0.9409,  1.0000,  0.0000,  0.0000,  0.0000,  0.0000]])
tensor([[0.0569, 1.0000, 0.0000, 0.0000, 0.0000, 0.0000]])
tensor([[-0.9749,  1.0000,  0.0000,  0.0000,  0.0000,  0.0000]])
tensor([[-0.9265,  1.0000,  0.0000,  0.0000,  0.0000,  0.0000]])
tensor([[-0.4411,  1.0000,  0.0000,  0.0000,  0.0000,  0.0000]])
tensor([[-0.6593,  1.0000,  0.0000,  0.0000,  0.0000,  0.0000]])
tensor([[-0.7518,  1.0000,  0.0000,  0.0000,  0.0000,  0.0000]])
tensor([[-0.7193,  1.0000,  0.0000,  0.0000,  0.0000,  0.0000]])
tensor([[-0.8367,  1.0000,  0.0000,  0.0000,  0.0000,  0.0000]])
tensor([[-0.4589,  1.0000,  0.0000,  0.0000,  0.0000,  0.0000]])
tensor([[-0.0025,  1.0000,  0.0000,  0.0000,  0.0000,  0.0000]])
tensor([[-0.8160,  1.0000,  0.0000,  0.0000,  0.0000,  0.0000]])
tensor([[-0.8418,  1.0000,  0.0000,  0.0000,  0.0000,  0.0000]])
tensor([[-0.7954,  1.0000,  0.0000,  0.0000,  0.0000,  0.0000]])
tensor([[-0.7912,  1.0000,  0.0000,  0.0000,  0.0000,  0.0000]])
tensor([[-0.4082,  1.0000,  0.0000,  0.0000,  0.0000,  0.0000]])
tensor([[-0.5588,  1.0000,  0.0000,  0.0000,  0.0000,  0.0000]])
tensor([[-0.9342,  0.0000,  0.0000,  0.0000,  0.0000,  0.0000]])
tensor([[-0.1989,  1.0000,  0.0000,  0.0000,  0.0000,  0.0000]])
tensor([[-0.5313,  1.0000,  0.0000,  0.0000,  0.0000,  0.0000]])
tensor([[0.1352, 1.0000, 0.0000, 0.0000, 0.0000, 0.0000]])
tensor([[-0.9543,  1.0000,  0.0000,  0.0000,  0.0000,  0.0000]])
tensor([[-0.3856,  1.0000,  0.0000,  0.0000,  0.0000,  0.0000]])
tensor([[0.0455, 1.0000, 0.0000, 0.0000, 0.0000, 0.0000]])
tensor([[-0.3372,  1.0000,  0.0000,  0.0000,  0.0000,  0.0000]])
tensor([[-0.8515,  1.0000,  0.0000,  0.0000,  0.0000,  0.0000]])
tensor([[-0.8555,  1.0000,  0.0000,  0.0000,  0.0000,  0.0000]])
tensor([[-0.8910,  1.0000,  0.0000,  0.0000,  0.0000,  0.0000]])
tensor([[-0.8666,  1.0000,  1.0000,  0.0000,  0.0000,  0.0000]])
tensor([[-0.5569,  1.0000,  0.0000,  0.0000,  0.0000,  0.0000]])
tensor([[-0.3944,  1.0000,  0.0000,  0.0000,  0.0000,  0.0000]])
tensor([[-0.1135,  1.0000,  0.0000,  0.0000,  0.0000,  0.0000]])
tensor([[-0.4735,  0.0000,  0.0000,  0.0000,  0.0000,  0.0000]])
tensor([[0.2378, 1.0000, 0.0000, 0.0000, 0.0000, 0.0000]])
tensor([[-0.3590,  1.0000,  0.0000,  0.0000,  0.0000,  0.0000]])
tensor([[-0.7637,  1.0000,  0.0000,  0.0000,  0.0000,  0.0000]])
tensor([[-0.8565,  1.0000,  0.0000,  0.0000,  0.0000,  0.0000]])
tensor([[0.4153, 1.0000, 0.0000, 0.0000, 0.0000, 0.0000]])
tensor([[-0.9245,  1.0000,  0.0000,  0.0000,  0.0000,  0.0000]])
tensor([[-0.8028,  1.0000,  0.0000,  0.0000,  0.0000,  0.0000]])
tensor([[-0.9516,  1.0000,  0.0000,  0.0000,  0.0000,  0.0000]])
tensor([[-0.7812,  1.0000,  0.0000,  0.0000,  0.0000,  0.0000]])
tensor([[-0.2115,  1.0000,  0.0000,  0.0000,  0.0000,  0.0000]])
tensor([[-0.9894,  1.0000,  0.0000,  0.0000,  0.0000,  0.0000]])
tensor([[-0.5686,  1.0000,  0.0000,  0.0000,  0.0000,  0.0000]])
tensor([[-0.7186,  1.0000,  0.0000,  0.0000,  0.0000,  0.0000]])
tensor([[-0.8637,  1.0000,  0.0000,  0.0000,  0.0000,  0.0000]])
tensor([[-0.4302,  1.0000,  0.0000,  0.0000,  0.0000,  0.0000]])
tensor([[-0.8571,  1.0000,  0.0000,  0.0000,  0.0000,  0.0000]])
tensor([[0.7273, 1.0000, 0.0000, 0.0000, 0.0000, 0.0000]])
tensor([[-0.8919,  1.0000,  0.0000,  0.0000,  0.0000,  0.0000]])
tensor([[-0.8149,  1.0000,  0.0000,  0.0000,  0.0000,  0.0000]])
tensor([[-0.9713,  1.0000,  0.0000,  0.0000,  0.0000,  0.0000]])
tensor([[0.0401, 1.0000, 0.0000, 0.0000, 0.0000, 0.0000]])
tensor([[-0.8915,  1.0000,  0.0000,  0.0000,  0.0000,  0.0000]])
tensor([[-0.8741,  1.0000,  0.0000,  0.0000,  0.0000,  0.0000]])
tensor([[-0.7989,  1.0000,  0.0000,  0.0000,  0.0000,  0.0000]])
tensor([[-0.4495,  1.0000,  0.0000,  0.0000,  0.0000,  0.0000]])
tensor([[-0.6654,  1.0000,  0.0000,  0.0000,  0.0000,  0.0000]])
tensor([[-0.7950,  1.0000,  0.0000,  0.0000,  0.0000,  0.0000]])
tensor([[-0.7204,  1.0000,  0.0000,  0.0000,  0.0000,  0.0000]])
tensor([[-0.7855,  1.0000,  0.0000,  0.0000,  0.0000,  0.0000]])
tensor([[-0.8799,  1.0000,  0.0000,  0.0000,  0.0000,  0.0000]])
tensor([[0.3282, 1.0000, 0.0000, 0.0000, 0.0000, 0.0000]])
tensor([[-0.9081,  1.0000,  0.0000,  0.0000,  0.0000,  0.0000]])
tensor([[-0.1633,  1.0000,  0.0000,  0.0000,  0.0000,  0.0000]])
tensor([[-0.9406,  1.0000,  0.0000,  0.0000,  0.0000,  0.0000]])
tensor([[-0.7130,  1.0000,  0.0000,  0.0000,  0.0000,  0.0000]])
tensor([[-0.7641,  1.0000,  0.0000,  0.0000,  0.0000,  0.0000]])
tensor([[-0.9707,  1.0000,  0.0000,  0.0000,  0.0000,  0.0000]])
tensor([[-0.7024,  1.0000,  0.0000,  0.0000,  0.0000,  0.0000]])
tensor([[-0.5435,  1.0000,  0.0000,  0.0000,  0.0000,  0.0000]])
tensor([[-0.7546,  1.0000,  0.0000,  0.0000,  0.0000,  0.0000]])
tensor([[-0.3618,  1.0000,  0.0000,  0.0000,  0.0000,  0.0000]])
tensor([[0.4704, 1.0000, 0.0000, 0.0000, 0.0000, 0.0000]])
tensor([[-0.9849,  1.0000,  0.0000,  0.0000,  0.0000,  0.0000]])
tensor([[-0.9276,  1.0000,  0.0000,  0.0000,  0.0000,  0.0000]])
tensor([[0.3478, 1.0000, 0.0000, 1.0000, 0.0000, 0.0000]])
tensor([[-0.1932,  1.0000,  0.0000,  0.0000,  0.0000,  0.0000]])
tensor([[-0.8989,  1.0000,  0.0000,  0.0000,  0.0000,  0.0000]])
tensor([[0.2067, 1.0000, 0.0000, 0.0000, 0.0000, 0.0000]])
tensor([[-0.3182,  1.0000,  0.0000,  0.0000,  0.0000,  0.0000]])
tensor([[0.4000, 1.0000, 0.0000, 0.0000, 0.0000, 0.0000]])
tensor([[0.0465, 1.0000, 0.0000, 0.0000, 0.0000, 0.0000]])
tensor([[-0.6721,  1.0000,  0.0000,  1.0000,  0.0000,  0.0000]])
tensor([[0.4576, 1.0000, 0.0000, 0.0000, 0.0000, 0.0000]])
tensor([[0.6869, 1.0000, 0.0000, 1.0000, 0.0000, 0.0000]])
tensor([[0.3354, 1.0000, 0.0000, 0.0000, 0.0000, 0.0000]])
tensor([[-0.4492,  1.0000,  0.0000,  0.0000,  0.0000,  0.0000]])
tensor([[-0.3785,  1.0000,  0.0000,  0.0000,  0.0000,  0.0000]])
tensor([[0.3189, 1.0000, 0.0000, 0.0000, 0.0000, 0.0000]])
tensor([[-0.9824,  1.0000,  0.0000,  0.0000,  0.0000,  0.0000]])
tensor([[0.3251, 1.0000, 0.0000, 0.0000, 0.0000, 0.0000]])
tensor([[-0.1568,  1.0000,  0.0000,  0.0000,  0.0000,  0.0000]])
tensor([[-0.8196,  1.0000,  0.0000,  0.0000,  0.0000,  0.0000]])
tensor([[0.3806, 1.0000, 0.0000, 0.0000, 0.0000, 0.0000]])
tensor([[-0.7716,  1.0000,  0.0000,  0.0000,  0.0000,  0.0000]])
tensor([[0.4255, 1.0000, 0.0000, 0.0000, 0.0000, 0.0000]])
tensor([[0.7811, 1.0000, 0.0000, 0.0000, 0.0000, 0.0000]])
tensor([[0.8468, 1.0000, 0.0000, 0.0000, 0.0000, 0.0000]])
tensor([[0.0494, 1.0000, 0.0000, 0.0000, 0.0000, 0.0000]])
tensor([[-0.6704,  1.0000,  0.0000,  0.0000,  0.0000,  0.0000]])
tensor([[-0.2850,  1.0000,  0.0000,  0.0000,  0.0000,  0.0000]])
tensor([[-0.2376,  1.0000,  0.0000,  0.0000,  0.0000,  0.0000]])
tensor([[0.0677, 1.0000, 0.0000, 0.0000, 0.0000, 0.0000]])
tensor([[0.3863, 1.0000, 0.0000, 0.0000, 0.0000, 0.0000]])
tensor([[-0.9394,  1.0000,  0.0000,  0.0000,  0.0000,  0.0000]])
tensor([[0.7814, 1.0000, 0.0000, 0.0000, 1.0000, 0.0000]])
tensor([[-0.6394,  1.0000,  0.0000,  0.0000,  0.0000,  0.0000]])
tensor([[-0.0111,  1.0000,  0.0000,  0.0000,  0.0000,  0.0000]])
tensor([[-0.0242,  1.0000,  0.0000,  0.0000,  0.0000,  0.0000]])
tensor([[-0.8257,  1.0000,  0.0000,  0.0000,  0.0000,  0.0000]])
tensor([[-0.6149,  0.0000,  0.0000,  0.0000,  0.0000,  0.0000]])
tensor([[-0.5983,  1.0000,  0.0000,  0.0000,  0.0000,  0.0000]])
tensor([[-0.9552,  1.0000,  0.0000,  0.0000,  0.0000,  0.0000]])
tensor([[-0.2492,  1.0000,  0.0000,  0.0000,  0.0000,  0.0000]])
tensor([[-0.7911,  1.0000,  0.0000,  1.0000,  0.0000,  0.0000]])
tensor([[0.7813, 1.0000, 0.0000, 0.0000, 0.0000, 0.0000]])
tensor([[-0.3199,  1.0000,  0.0000,  0.0000,  0.0000,  0.0000]])
tensor([[-0.5003,  1.0000,  0.0000,  0.0000,  0.0000,  0.0000]])
tensor([[0.4759, 1.0000, 0.0000, 0.0000, 0.0000, 0.0000]])
tensor([[-0.0283,  1.0000,  0.0000,  0.0000,  0.0000,  0.0000]])
tensor([[-0.5573,  1.0000,  0.0000,  0.0000,  0.0000,  0.0000]])
tensor([[0.4324, 1.0000, 0.0000, 0.0000, 0.0000, 0.0000]])
tensor([[-0.8014,  1.0000,  0.0000,  0.0000,  0.0000,  0.0000]])
tensor([[0.4805, 1.0000, 0.0000, 0.0000, 0.0000, 0.0000]])
tensor([[0.8516, 1.0000, 0.0000, 0.0000, 0.0000, 0.0000]])
tensor([[-0.2206,  1.0000,  0.0000,  0.0000,  0.0000,  0.0000]])
tensor([[0.5776, 1.0000, 0.0000, 0.0000, 0.0000, 0.0000]])
tensor([[-0.2069,  1.0000,  0.0000,  0.0000,  0.0000,  0.0000]])
tensor([[-0.8376,  1.0000,  0.0000,  0.0000,  0.0000,  0.0000]])
tensor([[0.2176, 0.0000, 0.0000, 0.0000, 0.0000, 0.0000]])
tensor([[-0.6509,  1.0000,  0.0000,  0.0000,  0.0000,  0.0000]])
tensor([[-0.0263,  1.0000,  0.0000,  0.0000,  0.0000,  0.0000]])
tensor([[0.0694, 1.0000, 0.0000, 0.0000, 0.0000, 0.0000]])
tensor([[-0.3190,  1.0000,  0.0000,  1.0000,  0.0000,  0.0000]])
tensor([[-0.7766,  1.0000,  0.0000,  0.0000,  0.0000,  0.0000]])
tensor([[-0.7823,  1.0000,  0.0000,  0.0000,  0.0000,  0.0000]])
tensor([[-0.5031,  1.0000,  0.0000,  0.0000,  0.0000,  0.0000]])
tensor([[-0.9497,  1.0000,  0.0000,  0.0000,  0.0000,  0.0000]])
tensor([[-0.8668,  1.0000,  0.0000,  0.0000,  0.0000,  0.0000]])
tensor([[-0.6086,  0.0000,  0.0000,  0.0000,  0.0000,  0.0000]])
tensor([[-0.9712,  1.0000,  0.0000,  0.0000,  0.0000,  0.0000]])
tensor([[-0.5215,  1.0000,  0.0000,  0.0000,  0.0000,  0.0000]])
tensor([[0.7614, 1.0000, 0.0000, 0.0000, 0.0000, 0.0000]])
tensor([[0.6492, 1.0000, 0.0000, 0.0000, 0.0000, 0.0000]])
tensor([[-0.4463,  1.0000,  0.0000,  0.0000,  0.0000,  0.0000]])
tensor([[0.6228, 1.0000, 0.0000, 0.0000, 0.0000, 0.0000]])
tensor([[-0.8789,  0.0000,  0.0000,  0.0000,  0.0000,  0.0000]])
tensor([[-0.9534,  1.0000,  0.0000,  0.0000,  0.0000,  0.0000]])
tensor([[0.2425, 1.0000, 0.0000, 0.0000, 0.0000, 0.0000]])
tensor([[0.2881, 1.0000, 0.0000, 0.0000, 0.0000, 0.0000]])
tensor([[0.3120, 0.0000, 0.0000, 0.0000, 0.0000, 0.0000]])
tensor([[-0.5851,  1.0000,  0.0000,  0.0000,  0.0000,  0.0000]])
tensor([[-0.9152,  1.0000,  0.0000,  0.0000,  0.0000,  0.0000]])
tensor([[0.0331, 1.0000, 0.0000, 0.0000, 0.0000, 0.0000]])
tensor([[0.6592, 1.0000, 0.0000, 0.0000, 0.0000, 0.0000]])
tensor([[-0.8423,  1.0000,  0.0000,  0.0000,  0.0000,  0.0000]])
tensor([[-0.7041,  1.0000,  0.0000,  0.0000,  0.0000,  0.0000]])
tensor([[-0.6503,  1.0000,  0.0000,  0.0000,  0.0000,  0.0000]])
tensor([[0.4811, 1.0000, 0.0000, 0.0000, 0.0000, 0.0000]])
tensor([[-0.0711,  1.0000,  0.0000,  0.0000,  0.0000,  0.0000]])
tensor([[-0.6019,  1.0000,  0.0000,  0.0000,  0.0000,  0.0000]])
tensor([[0.1462, 1.0000, 0.0000, 0.0000, 0.0000, 0.0000]])
tensor([[0.2722, 1.0000, 0.0000, 0.0000, 0.0000, 0.0000]])
tensor([[0.8118, 1.0000, 0.0000, 0.0000, 0.0000, 0.0000]])
tensor([[0.1650, 1.0000, 0.0000, 0.0000, 0.0000, 0.0000]])
tensor([[0.0966, 1.0000, 0.0000, 0.0000, 0.0000, 0.0000]])
tensor([[0.8842, 1.0000, 0.0000, 0.0000, 0.0000, 0.0000]])
tensor([[0.2440, 1.0000, 0.0000, 0.0000, 0.0000, 0.0000]])
tensor([[0.8128, 1.0000, 0.0000, 0.0000, 0.0000, 0.0000]])
tensor([[-0.7847,  1.0000,  0.0000,  0.0000,  0.0000,  0.0000]])
tensor([[0.8815, 1.0000, 0.0000, 0.0000, 0.0000, 0.0000]])
tensor([[0.2641, 1.0000, 0.0000, 0.0000, 0.0000, 0.0000]])
tensor([[-0.3182,  1.0000,  0.0000,  0.0000,  0.0000,  0.0000]])
tensor([[-0.6615,  1.0000,  0.0000,  0.0000,  0.0000,  0.0000]])
tensor([[-0.1294,  1.0000,  0.0000,  0.0000,  0.0000,  0.0000]])
tensor([[0.0179, 1.0000, 0.0000, 0.0000, 0.0000, 0.0000]])
INFO:root:Agent 0 (TQCars): avg action time = 0.0019s
tensor([[0.5645, 1.0000, 0.0000, 0.0000, 0.0000, 0.0000]])
tensor([[-0.5841,  0.0000,  0.0000,  0.0000,  0.0000,  0.0000]])
tensor([[0.9317, 0.0000, 0.0000, 0.0000, 0.0000, 0.0000]])
tensor([[-0.5021,  1.0000,  0.0000,  0.0000,  0.0000,  0.0000]])
tensor([[-0.4591,  1.0000,  1.0000,  0.0000,  0.0000,  0.0000]])
tensor([[-0.9177,  1.0000,  0.0000,  0.0000,  0.0000,  0.0000]])
tensor([[-0.5595,  0.0000,  0.0000,  0.0000,  0.0000,  0.0000]])
tensor([[0.7543, 1.0000, 0.0000, 0.0000, 0.0000, 0.0000]])
tensor([[-0.7456,  1.0000,  0.0000,  0.0000,  0.0000,  0.0000]])
tensor([[0.6957, 1.0000, 0.0000, 0.0000, 0.0000, 0.0000]])
tensor([[-0.7429,  1.0000,  0.0000,  0.0000,  0.0000,  0.0000]])
tensor([[-0.1963,  1.0000,  0.0000,  0.0000,  0.0000,  0.0000]])
tensor([[0.4880, 1.0000, 0.0000, 0.0000, 0.0000, 0.0000]])
tensor([[-0.0182,  1.0000,  0.0000,  0.0000,  0.0000,  0.0000]])
tensor([[-0.1730,  1.0000,  0.0000,  0.0000,  0.0000,  0.0000]])
tensor([[-0.9485,  1.0000,  0.0000,  0.0000,  0.0000,  0.0000]])
tensor([[-0.7956,  1.0000,  0.0000,  0.0000,  0.0000,  0.0000]])
tensor([[0.1914, 1.0000, 0.0000, 0.0000, 0.0000, 0.0000]])
tensor([[0.5186, 0.0000, 0.0000, 0.0000, 0.0000, 0.0000]])
tensor([[-0.5691,  1.0000,  0.0000,  0.0000,  0.0000,  0.0000]])
tensor([[0.3503, 1.0000, 0.0000, 0.0000, 0.0000, 0.0000]])
tensor([[-0.6308,  1.0000,  0.0000,  0.0000,  0.0000,  0.0000]])
tensor([[-0.9330,  1.0000,  0.0000,  0.0000,  0.0000,  0.0000]])
tensor([[-0.2706,  1.0000,  0.0000,  0.0000,  0.0000,  0.0000]])
tensor([[0.1819, 0.0000, 0.0000, 0.0000, 0.0000, 0.0000]])
tensor([[-0.9581,  1.0000,  0.0000,  0.0000,  0.0000,  0.0000]])
tensor([[-0.5676,  1.0000,  0.0000,  0.0000,  0.0000,  0.0000]])
tensor([[0.1490, 1.0000, 0.0000, 0.0000, 0.0000, 0.0000]])
tensor([[0.7330, 1.0000, 0.0000, 0.0000, 0.0000, 0.0000]])
tensor([[0.7552, 1.0000, 0.0000, 0.0000, 0.0000, 0.0000]])
tensor([[-0.9440,  1.0000,  0.0000,  0.0000,  0.0000,  0.0000]])
tensor([[0.2188, 1.0000, 0.0000, 0.0000, 0.0000, 0.0000]])
tensor([[-0.1227,  1.0000,  0.0000,  0.0000,  0.0000,  0.0000]])
tensor([[-0.7239,  1.0000,  0.0000,  0.0000,  0.0000,  0.0000]])
tensor([[0.6296, 1.0000, 0.0000, 0.0000, 0.0000, 0.0000]])
tensor([[-0.0144,  1.0000,  0.0000,  0.0000,  0.0000,  0.0000]])
tensor([[0.2220, 1.0000, 0.0000, 0.0000, 0.0000, 0.0000]])
tensor([[-0.4922,  1.0000,  0.0000,  0.0000,  0.0000,  0.0000]])
tensor([[-0.7581,  1.0000,  0.0000,  0.0000,  0.0000,  1.0000]])
tensor([[0.0295, 1.0000, 0.0000, 1.0000, 0.0000, 0.0000]])
tensor([[-0.1739,  1.0000,  0.0000,  0.0000,  0.0000,  0.0000]])
tensor([[-0.5257,  1.0000,  0.0000,  0.0000,  0.0000,  0.0000]])
tensor([[-0.4505,  1.0000,  0.0000,  0.0000,  0.0000,  0.0000]])
tensor([[0.2340, 1.0000, 0.0000, 0.0000, 0.0000, 0.0000]])
tensor([[-0.7421,  1.0000,  0.0000,  0.0000,  0.0000,  0.0000]])
tensor([[-0.8082,  1.0000,  0.0000,  0.0000,  0.0000,  0.0000]])
tensor([[-0.3614,  1.0000,  0.0000,  0.0000,  0.0000,  0.0000]])
tensor([[-0.3330,  1.0000,  0.0000,  0.0000,  0.0000,  0.0000]])
tensor([[-0.8679,  1.0000,  0.0000,  0.0000,  0.0000,  0.0000]])
tensor([[0.3299, 1.0000, 0.0000, 0.0000, 0.0000, 0.0000]])
tensor([[0.2802, 1.0000, 0.0000, 0.0000, 0.0000, 0.0000]])
tensor([[-0.2513,  1.0000,  0.0000,  0.0000,  0.0000,  0.0000]])
tensor([[-0.4032,  1.0000,  0.0000,  0.0000,  0.0000,  0.0000]])
tensor([[0.5492, 1.0000, 0.0000, 0.0000, 0.0000, 0.0000]])
tensor([[0.0060, 1.0000, 0.0000, 0.0000, 0.0000, 0.0000]])
tensor([[-0.4567,  1.0000,  0.0000,  0.0000,  0.0000,  0.0000]])
tensor([[0.3509, 1.0000, 0.0000, 0.0000, 0.0000, 0.0000]])
tensor([[0.7558, 1.0000, 0.0000, 0.0000, 0.0000, 0.0000]])
tensor([[0.0998, 1.0000, 0.0000, 0.0000, 0.0000, 0.0000]])
tensor([[-0.7079,  1.0000,  0.0000,  0.0000,  0.0000,  0.0000]])
tensor([[0.1974, 1.0000, 0.0000, 0.0000, 0.0000, 0.0000]])
tensor([[-0.7459,  1.0000,  0.0000,  0.0000,  0.0000,  0.0000]])
tensor([[-0.1961,  1.0000,  0.0000,  0.0000,  0.0000,  0.0000]])
tensor([[-0.3454,  1.0000,  0.0000,  1.0000,  0.0000,  0.0000]])
tensor([[0.8691, 1.0000, 0.0000, 0.0000, 0.0000, 0.0000]])
tensor([[0.0384, 1.0000, 0.0000, 0.0000, 0.0000, 0.0000]])
tensor([[-0.2271,  1.0000,  0.0000,  0.0000,  0.0000,  0.0000]])
tensor([[-0.1270,  1.0000,  0.0000,  0.0000,  0.0000,  0.0000]])
tensor([[-0.9619,  1.0000,  0.0000,  0.0000,  0.0000,  0.0000]])
tensor([[-0.2847,  1.0000,  0.0000,  0.0000,  0.0000,  0.0000]])
tensor([[-0.6366,  1.0000,  0.0000,  0.0000,  0.0000,  0.0000]])
tensor([[0.1042, 1.0000, 0.0000, 0.0000, 0.0000, 0.0000]])
tensor([[0.6001, 1.0000, 0.0000, 0.0000, 0.0000, 0.0000]])
tensor([[0.3974, 1.0000, 0.0000, 0.0000, 0.0000, 0.0000]])
tensor([[-0.7114,  1.0000,  0.0000,  0.0000,  0.0000,  0.0000]])
tensor([[0.9608, 1.0000, 0.0000, 0.0000, 0.0000, 0.0000]])
tensor([[0.5332, 1.0000, 0.0000, 0.0000, 0.0000, 0.0000]])
tensor([[0.0277, 1.0000, 0.0000, 0.0000, 0.0000, 0.0000]])
tensor([[-0.6534,  1.0000,  0.0000,  0.0000,  0.0000,  0.0000]])
tensor([[-0.0825,  1.0000,  0.0000,  0.0000,  0.0000,  0.0000]])
tensor([[-0.7192,  1.0000,  0.0000,  0.0000,  0.0000,  0.0000]])
tensor([[-0.9575,  1.0000,  0.0000,  0.0000,  0.0000,  0.0000]])
tensor([[-0.0925,  0.0000,  0.0000,  0.0000,  0.0000,  0.0000]])
tensor([[-0.6127,  1.0000,  0.0000,  0.0000,  0.0000,  0.0000]])
tensor([[-0.2534,  0.0000,  0.0000,  0.0000,  0.0000,  0.0000]])
tensor([[-0.3936,  0.0000,  0.0000,  0.0000,  0.0000,  0.0000]])
tensor([[0.1295, 1.0000, 0.0000, 0.0000, 0.0000, 0.0000]])
tensor([[-0.9533,  1.0000,  0.0000,  0.0000,  0.0000,  0.0000]])
tensor([[-0.7636,  0.0000,  0.0000,  1.0000,  0.0000,  0.0000]])
{"type": "results", "track": "scotland", "results": [{"key": 0, "reward": -0.0998779296875, "position": 4, "name": "TQCars", "avg_action_time": 0.0018580494599834006}]}
