INFO:root:Loading the agents
INFO:root:Loaded player TQCars
INFO:root:Creating pystk-1
INFO:root:Adding wrapper <function get_wrappers.<locals>.<lambda> at 0x7c535cafb420>
INFO:root:Adding wrapper <function get_wrappers.<locals>.<lambda> at 0x7c535cafb4c0>
INFO:root:Adding wrapper <function get_wrappers.<locals>.<lambda> at 0x7c535cafb560>
INFO:root:Adding wrapper <function get_wrappers.<locals>.<lambda> at 0x7c535cafb600>
INFO:root:(multi-env mono adapter) Setting main environment max_paths to 5
INFO:root:Loading trained model from CHECKPOINT-GPUFAC/tqc_EXP14RACING_600000.pt...
INFO:root:Starting a race
..:: Antarctica Rendering Engine 2.0 ::..
tensor([[-0.7361,  1.0000,  0.0000,  0.0000,  0.0000,  0.0000]])
tensor([[0.3710, 1.0000, 0.0000, 0.0000, 0.0000, 0.0000]])
tensor([[-0.5300,  1.0000,  0.0000,  0.0000,  0.0000,  0.0000]])
tensor([[-0.7183,  1.0000,  0.0000,  0.0000,  0.0000,  0.0000]])
tensor([[0.7643, 1.0000, 0.0000, 0.0000, 0.0000, 0.0000]])
tensor([[0.0684, 1.0000, 0.0000, 0.0000, 0.0000, 0.0000]])
tensor([[0.6310, 1.0000, 0.0000, 0.0000, 0.0000, 0.0000]])
tensor([[0.7634, 1.0000, 0.0000, 0.0000, 0.0000, 0.0000]])
tensor([[-0.2230,  1.0000,  0.0000,  0.0000,  0.0000,  0.0000]])
tensor([[-0.8514,  1.0000,  1.0000,  0.0000,  0.0000,  0.0000]])
tensor([[0.6472, 1.0000, 0.0000, 0.0000, 0.0000, 0.0000]])
tensor([[0.2492, 1.0000, 0.0000, 0.0000, 0.0000, 0.0000]])
tensor([[0.6951, 1.0000, 0.0000, 0.0000, 0.0000, 0.0000]])
tensor([[-0.4787,  1.0000,  0.0000,  0.0000,  0.0000,  0.0000]])
tensor([[0.0134, 1.0000, 0.0000, 0.0000, 0.0000, 0.0000]])
tensor([[0.2226, 1.0000, 0.0000, 0.0000, 0.0000, 0.0000]])
tensor([[-0.3850,  1.0000,  0.0000,  0.0000,  0.0000,  0.0000]])
tensor([[0.1715, 1.0000, 0.0000, 0.0000, 0.0000, 0.0000]])
tensor([[-0.2411,  1.0000,  0.0000,  0.0000,  0.0000,  0.0000]])
tensor([[-0.2330,  1.0000,  0.0000,  0.0000,  0.0000,  0.0000]])
tensor([[0.3375, 1.0000, 0.0000, 0.0000, 0.0000, 0.0000]])
tensor([[0.1339, 1.0000, 0.0000, 0.0000, 0.0000, 0.0000]])
tensor([[0.4369, 1.0000, 0.0000, 0.0000, 0.0000, 0.0000]])
tensor([[-0.3746,  1.0000,  0.0000,  0.0000,  0.0000,  0.0000]])
tensor([[0.6626, 1.0000, 0.0000, 0.0000, 0.0000, 0.0000]])
tensor([[-0.5795,  1.0000,  0.0000,  0.0000,  0.0000,  0.0000]])
tensor([[-0.3561,  1.0000,  0.0000,  0.0000,  0.0000,  0.0000]])
tensor([[-0.7598,  1.0000,  0.0000,  0.0000,  0.0000,  0.0000]])
tensor([[-0.5381,  1.0000,  0.0000,  0.0000,  0.0000,  0.0000]])
tensor([[0.4606, 1.0000, 0.0000, 0.0000, 0.0000, 0.0000]])
tensor([[-0.2397,  1.0000,  0.0000,  0.0000,  0.0000,  0.0000]])
tensor([[0.9602, 1.0000, 0.0000, 0.0000, 0.0000, 0.0000]])
tensor([[-0.0439,  1.0000,  0.0000,  0.0000,  0.0000,  0.0000]])
tensor([[-0.9712,  1.0000,  0.0000,  0.0000,  0.0000,  0.0000]])
tensor([[-0.4298,  1.0000,  0.0000,  0.0000,  0.0000,  0.0000]])
tensor([[-0.5452,  1.0000,  0.0000,  0.0000,  0.0000,  0.0000]])
tensor([[0.6759, 1.0000, 0.0000, 0.0000, 0.0000, 0.0000]])
tensor([[0.2106, 1.0000, 0.0000, 0.0000, 0.0000, 0.0000]])
tensor([[0.1570, 1.0000, 0.0000, 0.0000, 0.0000, 0.0000]])
tensor([[0.7372, 1.0000, 0.0000, 0.0000, 0.0000, 0.0000]])
tensor([[-0.3269,  1.0000,  0.0000,  0.0000,  0.0000,  0.0000]])
tensor([[0.5594, 1.0000, 0.0000, 0.0000, 0.0000, 0.0000]])
tensor([[-0.6147,  1.0000,  0.0000,  0.0000,  0.0000,  0.0000]])
tensor([[0.0181, 1.0000, 0.0000, 0.0000, 0.0000, 0.0000]])
tensor([[-0.7869,  1.0000,  0.0000,  0.0000,  0.0000,  0.0000]])
tensor([[0.1755, 1.0000, 0.0000, 0.0000, 0.0000, 0.0000]])
tensor([[0.4884, 1.0000, 0.0000, 0.0000, 0.0000, 0.0000]])
tensor([[-0.1428,  1.0000,  0.0000,  0.0000,  0.0000,  0.0000]])
tensor([[-0.8514,  1.0000,  0.0000,  0.0000,  0.0000,  0.0000]])
tensor([[0.5022, 1.0000, 0.0000, 0.0000, 0.0000, 0.0000]])
tensor([[-0.4426,  1.0000,  0.0000,  0.0000,  0.0000,  0.0000]])
tensor([[-0.5300,  1.0000,  0.0000,  0.0000,  0.0000,  0.0000]])
tensor([[0.7588, 1.0000, 0.0000, 0.0000, 0.0000, 0.0000]])
tensor([[0.7787, 1.0000, 0.0000, 0.0000, 0.0000, 0.0000]])
tensor([[0.8126, 1.0000, 0.0000, 0.0000, 0.0000, 0.0000]])
tensor([[-0.8948,  1.0000,  0.0000,  0.0000,  0.0000,  0.0000]])
tensor([[-0.6890,  1.0000,  0.0000,  0.0000,  0.0000,  0.0000]])
tensor([[0.4555, 1.0000, 0.0000, 0.0000, 0.0000, 0.0000]])
tensor([[-0.3104,  1.0000,  0.0000,  0.0000,  0.0000,  0.0000]])
tensor([[0.6119, 1.0000, 0.0000, 0.0000, 0.0000, 0.0000]])
tensor([[0.5351, 1.0000, 0.0000, 0.0000, 0.0000, 0.0000]])
tensor([[-0.9843,  1.0000,  0.0000,  0.0000,  0.0000,  0.0000]])
tensor([[0.2205, 1.0000, 0.0000, 0.0000, 0.0000, 0.0000]])
tensor([[0.1868, 1.0000, 0.0000, 0.0000, 0.0000, 0.0000]])
tensor([[0.4786, 1.0000, 0.0000, 0.0000, 0.0000, 0.0000]])
tensor([[-0.6103,  1.0000,  0.0000,  0.0000,  0.0000,  0.0000]])
tensor([[-0.6248,  1.0000,  0.0000,  0.0000,  0.0000,  0.0000]])
tensor([[-0.0038,  1.0000,  0.0000,  0.0000,  0.0000,  0.0000]])
tensor([[-0.0969,  1.0000,  0.0000,  0.0000,  0.0000,  0.0000]])
tensor([[0.6297, 1.0000, 0.0000, 0.0000, 0.0000, 0.0000]])
tensor([[-0.3829,  1.0000,  0.0000,  0.0000,  0.0000,  0.0000]])
tensor([[0.2513, 1.0000, 0.0000, 0.0000, 0.0000, 0.0000]])
tensor([[-0.6297,  1.0000,  0.0000,  0.0000,  0.0000,  0.0000]])
tensor([[-0.9372,  1.0000,  0.0000,  0.0000,  0.0000,  0.0000]])
tensor([[-0.8801,  1.0000,  0.0000,  0.0000,  0.0000,  0.0000]])
tensor([[-0.9209,  1.0000,  0.0000,  0.0000,  0.0000,  0.0000]])
tensor([[-0.9775,  1.0000,  0.0000,  0.0000,  0.0000,  0.0000]])
tensor([[-0.8914,  1.0000,  0.0000,  0.0000,  0.0000,  0.0000]])
tensor([[0.7702, 1.0000, 0.0000, 0.0000, 0.0000, 0.0000]])
tensor([[0.5074, 1.0000, 0.0000, 0.0000, 0.0000, 0.0000]])
tensor([[-0.5377,  1.0000,  0.0000,  0.0000,  0.0000,  0.0000]])
tensor([[0.2298, 1.0000, 0.0000, 0.0000, 0.0000, 0.0000]])
tensor([[0.3162, 1.0000, 0.0000, 0.0000, 0.0000, 0.0000]])
tensor([[-0.4571,  1.0000,  0.0000,  0.0000,  0.0000,  0.0000]])
tensor([[-0.2532,  1.0000,  0.0000,  0.0000,  0.0000,  0.0000]])
tensor([[0.1619, 1.0000, 0.0000, 0.0000, 0.0000, 0.0000]])
tensor([[-0.6016,  1.0000,  0.0000,  0.0000,  0.0000,  0.0000]])
tensor([[0.0558, 1.0000, 0.0000, 0.0000, 0.0000, 0.0000]])
tensor([[-0.7088,  1.0000,  0.0000,  0.0000,  0.0000,  0.0000]])
tensor([[-0.0549,  1.0000,  0.0000,  0.0000,  0.0000,  0.0000]])
tensor([[0.3446, 1.0000, 0.0000, 0.0000, 0.0000, 0.0000]])
tensor([[-0.0357,  1.0000,  0.0000,  0.0000,  0.0000,  0.0000]])
tensor([[0.4069, 1.0000, 0.0000, 0.0000, 0.0000, 0.0000]])
tensor([[-0.3189,  1.0000,  0.0000,  0.0000,  0.0000,  0.0000]])
tensor([[0.4170, 1.0000, 0.0000, 0.0000, 0.0000, 0.0000]])
tensor([[0.6881, 1.0000, 0.0000, 0.0000, 0.0000, 0.0000]])
tensor([[-0.3183,  1.0000,  0.0000,  0.0000,  0.0000,  0.0000]])
tensor([[-0.1395,  1.0000,  0.0000,  0.0000,  0.0000,  0.0000]])
tensor([[0.4405, 1.0000, 0.0000, 0.0000, 0.0000, 0.0000]])
tensor([[-0.7564,  1.0000,  0.0000,  0.0000,  0.0000,  0.0000]])
tensor([[-0.7749,  1.0000,  0.0000,  0.0000,  0.0000,  0.0000]])
tensor([[0.3213, 1.0000, 0.0000, 0.0000, 0.0000, 0.0000]])
tensor([[0.9316, 1.0000, 0.0000, 0.0000, 0.0000, 0.0000]])
tensor([[0.0872, 1.0000, 0.0000, 0.0000, 0.0000, 0.0000]])
tensor([[0.1083, 1.0000, 0.0000, 0.0000, 0.0000, 0.0000]])
tensor([[0.0340, 1.0000, 0.0000, 0.0000, 0.0000, 0.0000]])
tensor([[-0.9196,  1.0000,  0.0000,  0.0000,  0.0000,  0.0000]])
tensor([[-0.9907,  1.0000,  0.0000,  0.0000,  0.0000,  0.0000]])
tensor([[-0.7894,  1.0000,  0.0000,  0.0000,  0.0000,  0.0000]])
tensor([[-0.9824,  1.0000,  0.0000,  0.0000,  0.0000,  0.0000]])
tensor([[-0.9768,  1.0000,  0.0000,  0.0000,  0.0000,  0.0000]])
tensor([[-0.7931,  1.0000,  0.0000,  0.0000,  0.0000,  0.0000]])
tensor([[-0.3311,  1.0000,  0.0000,  0.0000,  0.0000,  0.0000]])
tensor([[-0.9614,  0.0000,  0.0000,  0.0000,  0.0000,  0.0000]])
tensor([[-0.5116,  1.0000,  0.0000,  0.0000,  0.0000,  0.0000]])
tensor([[-0.8578,  1.0000,  0.0000,  0.0000,  0.0000,  0.0000]])
tensor([[0.1716, 1.0000, 0.0000, 0.0000, 0.0000, 0.0000]])
tensor([[-0.8281,  1.0000,  0.0000,  0.0000,  0.0000,  0.0000]])
tensor([[-0.7429,  1.0000,  0.0000,  0.0000,  0.0000,  0.0000]])
tensor([[-0.7949,  1.0000,  0.0000,  0.0000,  0.0000,  0.0000]])
tensor([[-0.2039,  1.0000,  1.0000,  0.0000,  0.0000,  0.0000]])
tensor([[-0.9316,  1.0000,  0.0000,  0.0000,  0.0000,  0.0000]])
tensor([[-0.9929,  1.0000,  0.0000,  0.0000,  0.0000,  0.0000]])
tensor([[-0.9931,  1.0000,  0.0000,  0.0000,  0.0000,  0.0000]])
tensor([[-0.7476,  0.0000,  0.0000,  0.0000,  0.0000,  0.0000]])
tensor([[-0.9114,  1.0000,  0.0000,  0.0000,  0.0000,  0.0000]])
tensor([[-0.9525,  1.0000,  0.0000,  0.0000,  0.0000,  0.0000]])
tensor([[-0.7995,  1.0000,  0.0000,  0.0000,  0.0000,  0.0000]])
tensor([[-0.9882,  1.0000,  0.0000,  0.0000,  0.0000,  0.0000]])
tensor([[-0.9653,  1.0000,  0.0000,  0.0000,  0.0000,  0.0000]])
tensor([[-0.8985,  0.0000,  0.0000,  0.0000,  0.0000,  0.0000]])
tensor([[-0.9516,  1.0000,  0.0000,  0.0000,  0.0000,  0.0000]])
tensor([[-0.8737,  1.0000,  0.0000,  0.0000,  0.0000,  0.0000]])
tensor([[-0.9160,  1.0000,  0.0000,  0.0000,  0.0000,  0.0000]])
tensor([[-0.6619,  1.0000,  0.0000,  0.0000,  0.0000,  0.0000]])
tensor([[-0.0095,  1.0000,  0.0000,  0.0000,  0.0000,  0.0000]])
tensor([[0.3259, 1.0000, 0.0000, 0.0000, 0.0000, 0.0000]])
tensor([[-0.6032,  0.0000,  0.0000,  0.0000,  0.0000,  0.0000]])
tensor([[0.9545, 1.0000, 0.0000, 0.0000, 0.0000, 0.0000]])
tensor([[0.6974, 1.0000, 0.0000, 0.0000, 0.0000, 0.0000]])
tensor([[0.7647, 1.0000, 0.0000, 0.0000, 0.0000, 0.0000]])
tensor([[0.8211, 1.0000, 0.0000, 0.0000, 0.0000, 0.0000]])
tensor([[0.1059, 1.0000, 0.0000, 0.0000, 0.0000, 0.0000]])
tensor([[-0.5515,  1.0000,  0.0000,  0.0000,  0.0000,  0.0000]])
tensor([[-0.3526,  1.0000,  0.0000,  0.0000,  0.0000,  0.0000]])
tensor([[0.8698, 1.0000, 0.0000, 0.0000, 0.0000, 0.0000]])
tensor([[-0.0625,  1.0000,  0.0000,  0.0000,  0.0000,  0.0000]])
tensor([[0.7974, 1.0000, 0.0000, 0.0000, 0.0000, 0.0000]])
tensor([[0.3826, 1.0000, 0.0000, 0.0000, 0.0000, 0.0000]])
tensor([[0.9877, 1.0000, 0.0000, 0.0000, 0.0000, 0.0000]])
tensor([[-0.1833,  1.0000,  0.0000,  0.0000,  0.0000,  0.0000]])
tensor([[0.8650, 1.0000, 0.0000, 0.0000, 0.0000, 0.0000]])
tensor([[0.8070, 1.0000, 0.0000, 0.0000, 0.0000, 0.0000]])
tensor([[0.9741, 1.0000, 0.0000, 0.0000, 0.0000, 0.0000]])
tensor([[0.6067, 1.0000, 0.0000, 0.0000, 0.0000, 0.0000]])
tensor([[0.8886, 1.0000, 0.0000, 0.0000, 0.0000, 0.0000]])
tensor([[0.8454, 1.0000, 0.0000, 0.0000, 0.0000, 0.0000]])
tensor([[0.9078, 1.0000, 0.0000, 0.0000, 0.0000, 0.0000]])
tensor([[0.7885, 1.0000, 0.0000, 0.0000, 0.0000, 0.0000]])
tensor([[0.5276, 1.0000, 0.0000, 0.0000, 0.0000, 0.0000]])
tensor([[-0.4664,  1.0000,  0.0000,  0.0000,  0.0000,  0.0000]])
tensor([[-0.6981,  1.0000,  0.0000,  0.0000,  0.0000,  0.0000]])
tensor([[-0.6195,  1.0000,  0.0000,  0.0000,  0.0000,  0.0000]])
tensor([[-0.7892,  1.0000,  0.0000,  0.0000,  0.0000,  0.0000]])
tensor([[-0.8200,  1.0000,  0.0000,  0.0000,  0.0000,  0.0000]])
tensor([[-0.7930,  1.0000,  0.0000,  0.0000,  0.0000,  0.0000]])
tensor([[0.8510, 1.0000, 0.0000, 0.0000, 0.0000, 0.0000]])
tensor([[0.9039, 1.0000, 0.0000, 0.0000, 0.0000, 0.0000]])
tensor([[0.9060, 1.0000, 0.0000, 0.0000, 0.0000, 0.0000]])
tensor([[0.8532, 1.0000, 0.0000, 0.0000, 0.0000, 0.0000]])
tensor([[-0.0716,  1.0000,  0.0000,  0.0000,  0.0000,  0.0000]])
tensor([[0.9132, 1.0000, 0.0000, 0.0000, 0.0000, 0.0000]])
tensor([[0.7460, 1.0000, 0.0000, 0.0000, 0.0000, 0.0000]])
tensor([[0.7217, 1.0000, 0.0000, 0.0000, 0.0000, 0.0000]])
tensor([[-0.2471,  1.0000,  0.0000,  0.0000,  0.0000,  0.0000]])
tensor([[-0.5542,  1.0000,  0.0000,  0.0000,  0.0000,  0.0000]])
tensor([[0.9593, 1.0000, 0.0000, 0.0000, 0.0000, 0.0000]])
tensor([[-0.0453,  1.0000,  0.0000,  0.0000,  0.0000,  0.0000]])
tensor([[0.9896, 1.0000, 0.0000, 0.0000, 0.0000, 0.0000]])
tensor([[0.9583, 1.0000, 0.0000, 0.0000, 0.0000, 0.0000]])
tensor([[0.6386, 1.0000, 0.0000, 0.0000, 0.0000, 0.0000]])
tensor([[0.8398, 1.0000, 0.0000, 0.0000, 0.0000, 0.0000]])
tensor([[0.4930, 1.0000, 0.0000, 0.0000, 0.0000, 0.0000]])
tensor([[0.7265, 1.0000, 0.0000, 0.0000, 0.0000, 0.0000]])
tensor([[0.8707, 1.0000, 0.0000, 0.0000, 0.0000, 0.0000]])
tensor([[-0.5950,  1.0000,  0.0000,  0.0000,  0.0000,  0.0000]])
tensor([[-0.5927,  1.0000,  0.0000,  0.0000,  0.0000,  0.0000]])
tensor([[-0.6888,  1.0000,  0.0000,  0.0000,  0.0000,  0.0000]])
tensor([[0.7898, 1.0000, 0.0000, 0.0000, 0.0000, 0.0000]])
tensor([[-0.9260,  1.0000,  0.0000,  0.0000,  0.0000,  0.0000]])
tensor([[-0.7171,  1.0000,  0.0000,  0.0000,  0.0000,  0.0000]])
tensor([[0.0273, 1.0000, 0.0000, 0.0000, 0.0000, 0.0000]])
tensor([[0.5175, 1.0000, 0.0000, 0.0000, 0.0000, 0.0000]])
tensor([[-0.6235,  1.0000,  0.0000,  0.0000,  0.0000,  0.0000]])
tensor([[0.7089, 1.0000, 0.0000, 0.0000, 0.0000, 0.0000]])
tensor([[0.9463, 1.0000, 0.0000, 0.0000, 0.0000, 0.0000]])
tensor([[0.9162, 1.0000, 0.0000, 0.0000, 0.0000, 0.0000]])
tensor([[0.9553, 1.0000, 0.0000, 0.0000, 0.0000, 0.0000]])
tensor([[0.7978, 1.0000, 0.0000, 0.0000, 0.0000, 0.0000]])
tensor([[0.8660, 1.0000, 0.0000, 0.0000, 0.0000, 0.0000]])
tensor([[0.6986, 1.0000, 0.0000, 0.0000, 0.0000, 0.0000]])
tensor([[0.1967, 1.0000, 0.0000, 0.0000, 0.0000, 0.0000]])
tensor([[0.9112, 1.0000, 0.0000, 0.0000, 0.0000, 0.0000]])
tensor([[0.9483, 1.0000, 0.0000, 0.0000, 0.0000, 0.0000]])
tensor([[0.8140, 1.0000, 0.0000, 0.0000, 0.0000, 0.0000]])
tensor([[-0.0282,  1.0000,  0.0000,  0.0000,  0.0000,  0.0000]])
tensor([[0.9426, 1.0000, 0.0000, 0.0000, 0.0000, 0.0000]])
tensor([[0.2680, 1.0000, 0.0000, 0.0000, 0.0000, 0.0000]])
tensor([[-0.7517,  1.0000,  0.0000,  0.0000,  0.0000,  0.0000]])
tensor([[0.1501, 1.0000, 0.0000, 0.0000, 0.0000, 0.0000]])
tensor([[0.2994, 1.0000, 0.0000, 0.0000, 0.0000, 0.0000]])
tensor([[0.4804, 1.0000, 0.0000, 0.0000, 0.0000, 0.0000]])
tensor([[-0.5475,  0.0000,  0.0000,  0.0000,  0.0000,  0.0000]])
tensor([[0.3530, 1.0000, 0.0000, 0.0000, 0.0000, 0.0000]])
tensor([[-0.6772,  1.0000,  0.0000,  0.0000,  0.0000,  0.0000]])
tensor([[-0.4222,  1.0000,  0.0000,  0.0000,  0.0000,  0.0000]])
tensor([[-0.8880,  1.0000,  0.0000,  0.0000,  0.0000,  0.0000]])
tensor([[-0.8153,  1.0000,  0.0000,  0.0000,  0.0000,  0.0000]])
tensor([[-0.8491,  1.0000,  0.0000,  0.0000,  0.0000,  0.0000]])
tensor([[-0.5812,  1.0000,  0.0000,  0.0000,  0.0000,  0.0000]])
tensor([[-0.9553,  1.0000,  0.0000,  0.0000,  0.0000,  0.0000]])
tensor([[-0.1592,  1.0000,  0.0000,  0.0000,  0.0000,  0.0000]])
tensor([[0.3047, 1.0000, 0.0000, 0.0000, 0.0000, 0.0000]])
tensor([[-0.2015,  1.0000,  0.0000,  0.0000,  0.0000,  0.0000]])
tensor([[-0.6905,  1.0000,  0.0000,  0.0000,  0.0000,  0.0000]])
tensor([[-0.8053,  1.0000,  0.0000,  0.0000,  0.0000,  0.0000]])
tensor([[-0.9115,  1.0000,  0.0000,  0.0000,  0.0000,  0.0000]])
tensor([[-0.7483,  1.0000,  0.0000,  0.0000,  0.0000,  0.0000]])
tensor([[-0.2768,  0.0000,  0.0000,  0.0000,  0.0000,  0.0000]])
tensor([[0.1840, 1.0000, 0.0000, 0.0000, 0.0000, 0.0000]])
tensor([[-0.4399,  1.0000,  0.0000,  0.0000,  0.0000,  0.0000]])
tensor([[-0.8488,  1.0000,  0.0000,  0.0000,  0.0000,  0.0000]])
tensor([[-0.1408,  1.0000,  0.0000,  0.0000,  0.0000,  0.0000]])
tensor([[-0.7859,  1.0000,  0.0000,  0.0000,  0.0000,  0.0000]])
tensor([[0.1723, 1.0000, 0.0000, 0.0000, 0.0000, 0.0000]])
tensor([[-0.3961,  1.0000,  0.0000,  0.0000,  0.0000,  0.0000]])
tensor([[-0.1114,  1.0000,  0.0000,  0.0000,  0.0000,  0.0000]])
tensor([[-0.9752,  1.0000,  0.0000,  0.0000,  0.0000,  0.0000]])
tensor([[-0.5232,  1.0000,  0.0000,  0.0000,  0.0000,  0.0000]])
tensor([[-0.9473,  1.0000,  0.0000,  0.0000,  0.0000,  0.0000]])
tensor([[-0.0526,  1.0000,  0.0000,  0.0000,  0.0000,  0.0000]])
tensor([[-0.6192,  1.0000,  0.0000,  0.0000,  0.0000,  0.0000]])
tensor([[-0.4909,  1.0000,  0.0000,  0.0000,  0.0000,  0.0000]])
tensor([[-0.7741,  1.0000,  0.0000,  0.0000,  0.0000,  0.0000]])
tensor([[-0.1640,  1.0000,  0.0000,  0.0000,  0.0000,  0.0000]])
tensor([[0.6240, 1.0000, 1.0000, 0.0000, 0.0000, 0.0000]])
tensor([[0.8985, 1.0000, 0.0000, 0.0000, 0.0000, 0.0000]])
tensor([[0.2410, 1.0000, 0.0000, 0.0000, 0.0000, 0.0000]])
tensor([[0.8536, 1.0000, 0.0000, 0.0000, 0.0000, 0.0000]])
tensor([[-0.2225,  1.0000,  0.0000,  0.0000,  0.0000,  0.0000]])
tensor([[-0.7731,  1.0000,  0.0000,  0.0000,  0.0000,  0.0000]])
tensor([[-0.1790,  1.0000,  0.0000,  0.0000,  0.0000,  0.0000]])
tensor([[-0.0359,  1.0000,  0.0000,  0.0000,  0.0000,  0.0000]])
tensor([[0.0047, 1.0000, 0.0000, 0.0000, 0.0000, 0.0000]])
tensor([[0.3690, 1.0000, 0.0000, 0.0000, 0.0000, 0.0000]])
tensor([[0.0027, 1.0000, 0.0000, 0.0000, 0.0000, 0.0000]])
tensor([[-0.6201,  1.0000,  0.0000,  0.0000,  0.0000,  0.0000]])
tensor([[0.3464, 1.0000, 1.0000, 0.0000, 0.0000, 0.0000]])
tensor([[0.1026, 1.0000, 0.0000, 0.0000, 0.0000, 0.0000]])
tensor([[-0.0387,  1.0000,  0.0000,  0.0000,  0.0000,  0.0000]])
tensor([[0.2397, 1.0000, 0.0000, 0.0000, 0.0000, 0.0000]])
tensor([[0.6148, 1.0000, 0.0000, 0.0000, 0.0000, 0.0000]])
tensor([[0.5777, 1.0000, 0.0000, 0.0000, 0.0000, 0.0000]])
tensor([[-0.5113,  1.0000,  0.0000,  0.0000,  0.0000,  0.0000]])
tensor([[0.7870, 1.0000, 0.0000, 0.0000, 0.0000, 0.0000]])
tensor([[0.5969, 1.0000, 0.0000, 0.0000, 0.0000, 0.0000]])
tensor([[-0.5821,  1.0000,  0.0000,  0.0000,  0.0000,  0.0000]])
tensor([[-0.6588,  1.0000,  0.0000,  0.0000,  0.0000,  0.0000]])
tensor([[-0.2457,  1.0000,  0.0000,  0.0000,  0.0000,  0.0000]])
tensor([[0.0655, 1.0000, 0.0000, 0.0000, 0.0000, 0.0000]])
tensor([[0.9408, 1.0000, 0.0000, 0.0000, 0.0000, 0.0000]])
tensor([[0.0076, 1.0000, 0.0000, 0.0000, 0.0000, 0.0000]])
tensor([[-0.0089,  1.0000,  0.0000,  0.0000,  0.0000,  0.0000]])
tensor([[0.0458, 1.0000, 0.0000, 0.0000, 0.0000, 0.0000]])
tensor([[0.9045, 1.0000, 0.0000, 0.0000, 0.0000, 0.0000]])
tensor([[0.7507, 1.0000, 0.0000, 0.0000, 0.0000, 0.0000]])
tensor([[0.1284, 1.0000, 0.0000, 0.0000, 0.0000, 0.0000]])
tensor([[-0.1901,  1.0000,  0.0000,  0.0000,  0.0000,  0.0000]])
tensor([[0.1653, 1.0000, 0.0000, 0.0000, 0.0000, 0.0000]])
tensor([[-0.1530,  1.0000,  0.0000,  0.0000,  0.0000,  0.0000]])
tensor([[-0.6849,  1.0000,  0.0000,  0.0000,  0.0000,  0.0000]])
tensor([[-0.8626,  1.0000,  0.0000,  0.0000,  0.0000,  0.0000]])
tensor([[-0.3629,  1.0000,  0.0000,  0.0000,  0.0000,  0.0000]])
tensor([[0.4259, 1.0000, 0.0000, 0.0000, 0.0000, 0.0000]])
tensor([[0.6969, 1.0000, 0.0000, 0.0000, 0.0000, 0.0000]])
tensor([[-0.4172,  1.0000,  0.0000,  0.0000,  0.0000,  0.0000]])
tensor([[0.4483, 1.0000, 0.0000, 0.0000, 0.0000, 0.0000]])
tensor([[0.5860, 1.0000, 0.0000, 0.0000, 0.0000, 0.0000]])
tensor([[0.2767, 1.0000, 0.0000, 0.0000, 0.0000, 0.0000]])
tensor([[0.6454, 0.0000, 0.0000, 0.0000, 0.0000, 0.0000]])
tensor([[-0.3887,  1.0000,  0.0000,  0.0000,  0.0000,  0.0000]])
tensor([[-0.4535,  1.0000,  0.0000,  0.0000,  0.0000,  0.0000]])
tensor([[0.8443, 1.0000, 0.0000, 0.0000, 0.0000, 0.0000]])
tensor([[-0.7216,  1.0000,  0.0000,  0.0000,  0.0000,  0.0000]])
tensor([[0.2278, 1.0000, 0.0000, 0.0000, 0.0000, 0.0000]])
tensor([[-0.3505,  1.0000,  0.0000,  0.0000,  0.0000,  0.0000]])
tensor([[-0.3549,  1.0000,  0.0000,  0.0000,  0.0000,  0.0000]])
tensor([[-0.8519,  1.0000,  0.0000,  0.0000,  0.0000,  0.0000]])
tensor([[-0.8559,  1.0000,  0.0000,  0.0000,  0.0000,  0.0000]])
tensor([[-0.2824,  1.0000,  0.0000,  0.0000,  0.0000,  0.0000]])
tensor([[0.6470, 1.0000, 0.0000, 0.0000, 0.0000, 0.0000]])
tensor([[0.4170, 1.0000, 0.0000, 0.0000, 0.0000, 0.0000]])
tensor([[-0.7295,  1.0000,  0.0000,  0.0000,  0.0000,  0.0000]])
tensor([[-0.9087,  1.0000,  0.0000,  0.0000,  0.0000,  0.0000]])
tensor([[0.5111, 1.0000, 0.0000, 0.0000, 0.0000, 0.0000]])
tensor([[-0.9884,  1.0000,  0.0000,  0.0000,  0.0000,  0.0000]])
tensor([[-0.7404,  1.0000,  0.0000,  0.0000,  0.0000,  0.0000]])
tensor([[-0.7772,  1.0000,  0.0000,  0.0000,  0.0000,  0.0000]])
tensor([[-0.5361,  1.0000,  0.0000,  0.0000,  0.0000,  0.0000]])
tensor([[-0.8072,  1.0000,  1.0000,  0.0000,  0.0000,  0.0000]])
tensor([[-0.6691,  1.0000,  0.0000,  0.0000,  0.0000,  0.0000]])
tensor([[-0.8227,  0.0000,  0.0000,  0.0000,  0.0000,  0.0000]])
tensor([[0.1008, 1.0000, 0.0000, 0.0000, 0.0000, 0.0000]])
tensor([[0.8628, 1.0000, 0.0000, 0.0000, 0.0000, 0.0000]])
tensor([[-0.0104,  1.0000,  0.0000,  0.0000,  0.0000,  0.0000]])
tensor([[0.6108, 1.0000, 0.0000, 0.0000, 0.0000, 0.0000]])
tensor([[-0.2426,  0.0000,  0.0000,  0.0000,  0.0000,  0.0000]])
tensor([[0.1847, 1.0000, 0.0000, 0.0000, 0.0000, 0.0000]])
tensor([[0.1758, 1.0000, 0.0000, 0.0000, 0.0000, 0.0000]])
tensor([[-0.7603,  1.0000,  0.0000,  0.0000,  0.0000,  0.0000]])
tensor([[-0.8960,  1.0000,  0.0000,  0.0000,  0.0000,  0.0000]])
tensor([[-0.0837,  1.0000,  0.0000,  0.0000,  0.0000,  0.0000]])
tensor([[-0.4740,  1.0000,  0.0000,  0.0000,  0.0000,  0.0000]])
tensor([[-0.8281,  1.0000,  0.0000,  0.0000,  0.0000,  0.0000]])
tensor([[-0.9105,  1.0000,  0.0000,  0.0000,  0.0000,  0.0000]])
tensor([[-0.3880,  1.0000,  0.0000,  0.0000,  0.0000,  0.0000]])
tensor([[0.7990, 1.0000, 0.0000, 0.0000, 0.0000, 0.0000]])
tensor([[0.8405, 1.0000, 0.0000, 0.0000, 0.0000, 0.0000]])
tensor([[-0.6934,  1.0000,  0.0000,  0.0000,  0.0000,  0.0000]])
tensor([[0.1511, 1.0000, 0.0000, 0.0000, 0.0000, 0.0000]])
tensor([[-0.9557,  1.0000,  0.0000,  0.0000,  0.0000,  0.0000]])
tensor([[-0.1555,  1.0000,  0.0000,  0.0000,  0.0000,  0.0000]])
tensor([[-0.7397,  1.0000,  0.0000,  0.0000,  0.0000,  0.0000]])
tensor([[0.5109, 1.0000, 0.0000, 0.0000, 0.0000, 0.0000]])
tensor([[-0.0322,  1.0000,  0.0000,  0.0000,  0.0000,  0.0000]])
tensor([[-0.3796,  1.0000,  0.0000,  0.0000,  0.0000,  0.0000]])
tensor([[-0.5734,  1.0000,  0.0000,  0.0000,  0.0000,  0.0000]])
tensor([[0.7569, 1.0000, 0.0000, 0.0000, 0.0000, 0.0000]])
tensor([[0.9591, 1.0000, 0.0000, 0.0000, 0.0000, 0.0000]])
tensor([[0.5295, 1.0000, 0.0000, 0.0000, 0.0000, 0.0000]])
tensor([[0.3617, 1.0000, 0.0000, 0.0000, 0.0000, 0.0000]])
tensor([[0.3683, 1.0000, 0.0000, 0.0000, 0.0000, 0.0000]])
tensor([[0.5256, 1.0000, 0.0000, 0.0000, 0.0000, 0.0000]])
tensor([[-0.9727,  1.0000,  0.0000,  0.0000,  0.0000,  0.0000]])
tensor([[-0.2662,  1.0000,  0.0000,  0.0000,  0.0000,  0.0000]])
tensor([[-0.6466,  1.0000,  0.0000,  0.0000,  0.0000,  0.0000]])
tensor([[0.3338, 1.0000, 0.0000, 0.0000, 0.0000, 0.0000]])
tensor([[-0.9456,  1.0000,  0.0000,  0.0000,  0.0000,  0.0000]])
tensor([[-0.4083,  1.0000,  0.0000,  0.0000,  0.0000,  0.0000]])
tensor([[-0.6244,  1.0000,  0.0000,  0.0000,  0.0000,  0.0000]])
tensor([[0.6673, 1.0000, 0.0000, 0.0000, 0.0000, 0.0000]])
tensor([[0.5186, 1.0000, 0.0000, 0.0000, 0.0000, 0.0000]])
tensor([[0.1045, 1.0000, 0.0000, 0.0000, 0.0000, 0.0000]])
tensor([[0.5403, 1.0000, 0.0000, 0.0000, 0.0000, 0.0000]])
tensor([[-0.6334,  1.0000,  0.0000,  0.0000,  0.0000,  0.0000]])
tensor([[0.2397, 1.0000, 0.0000, 0.0000, 0.0000, 0.0000]])
tensor([[0.6295, 1.0000, 0.0000, 0.0000, 0.0000, 0.0000]])
tensor([[-0.8284,  1.0000,  0.0000,  0.0000,  0.0000,  0.0000]])
tensor([[-0.6387,  1.0000,  0.0000,  0.0000,  0.0000,  0.0000]])
tensor([[0.7228, 1.0000, 0.0000, 0.0000, 0.0000, 0.0000]])
tensor([[0.0140, 1.0000, 0.0000, 0.0000, 0.0000, 0.0000]])
tensor([[-0.2285,  1.0000,  0.0000,  0.0000,  0.0000,  0.0000]])
tensor([[0.2771, 1.0000, 0.0000, 0.0000, 0.0000, 0.0000]])
tensor([[-0.0546,  1.0000,  0.0000,  0.0000,  0.0000,  0.0000]])
tensor([[0.7532, 1.0000, 0.0000, 0.0000, 0.0000, 0.0000]])
tensor([[-0.0939,  1.0000,  0.0000,  0.0000,  0.0000,  0.0000]])
tensor([[-0.3651,  1.0000,  0.0000,  0.0000,  0.0000,  0.0000]])
tensor([[0.7028, 1.0000, 0.0000, 0.0000, 0.0000, 0.0000]])
tensor([[0.2223, 1.0000, 0.0000, 0.0000, 0.0000, 0.0000]])
tensor([[-0.4844,  1.0000,  0.0000,  0.0000,  0.0000,  0.0000]])
tensor([[0.0349, 1.0000, 0.0000, 0.0000, 0.0000, 0.0000]])
tensor([[0.5074, 1.0000, 0.0000, 0.0000, 0.0000, 0.0000]])
tensor([[0.2340, 1.0000, 0.0000, 0.0000, 0.0000, 0.0000]])
tensor([[-0.6922,  1.0000,  0.0000,  0.0000,  0.0000,  0.0000]])
tensor([[-0.4992,  1.0000,  0.0000,  0.0000,  0.0000,  0.0000]])
tensor([[-0.8332,  1.0000,  0.0000,  0.0000,  0.0000,  0.0000]])
tensor([[-0.0602,  1.0000,  0.0000,  0.0000,  0.0000,  0.0000]])
tensor([[0.7772, 1.0000, 0.0000, 0.0000, 0.0000, 0.0000]])
tensor([[-0.5640,  1.0000,  0.0000,  0.0000,  0.0000,  0.0000]])
tensor([[0.5614, 1.0000, 0.0000, 0.0000, 0.0000, 0.0000]])
tensor([[0.0423, 1.0000, 0.0000, 0.0000, 0.0000, 0.0000]])
tensor([[-0.2291,  1.0000,  0.0000,  0.0000,  0.0000,  0.0000]])
tensor([[0.4812, 1.0000, 0.0000, 0.0000, 0.0000, 0.0000]])
tensor([[0.6521, 1.0000, 0.0000, 0.0000, 0.0000, 0.0000]])
tensor([[-0.0315,  1.0000,  0.0000,  0.0000,  0.0000,  0.0000]])
tensor([[-0.0545,  1.0000,  0.0000,  0.0000,  0.0000,  0.0000]])
tensor([[0.0576, 1.0000, 0.0000, 0.0000, 0.0000, 0.0000]])
tensor([[0.9694, 1.0000, 0.0000, 0.0000, 0.0000, 0.0000]])
tensor([[0.2713, 1.0000, 0.0000, 0.0000, 0.0000, 0.0000]])
tensor([[0.3626, 1.0000, 0.0000, 0.0000, 0.0000, 0.0000]])
tensor([[0.1080, 1.0000, 0.0000, 0.0000, 0.0000, 0.0000]])
tensor([[0.9292, 1.0000, 0.0000, 0.0000, 0.0000, 0.0000]])
tensor([[0.1387, 1.0000, 0.0000, 0.0000, 0.0000, 0.0000]])
tensor([[0.2909, 1.0000, 0.0000, 0.0000, 0.0000, 0.0000]])
tensor([[0.6153, 1.0000, 0.0000, 0.0000, 0.0000, 0.0000]])
tensor([[-0.2599,  1.0000,  0.0000,  0.0000,  0.0000,  0.0000]])
tensor([[-0.5855,  1.0000,  0.0000,  0.0000,  0.0000,  0.0000]])
tensor([[-0.1775,  1.0000,  0.0000,  0.0000,  0.0000,  0.0000]])
tensor([[0.3962, 1.0000, 0.0000, 0.0000, 0.0000, 0.0000]])
tensor([[-0.8190,  1.0000,  0.0000,  0.0000,  0.0000,  0.0000]])
tensor([[0.3345, 1.0000, 0.0000, 0.0000, 0.0000, 0.0000]])
tensor([[0.4756, 1.0000, 0.0000, 0.0000, 0.0000, 0.0000]])
tensor([[-0.3880,  1.0000,  0.0000,  0.0000,  0.0000,  0.0000]])
tensor([[0.2915, 1.0000, 0.0000, 0.0000, 0.0000, 0.0000]])
tensor([[-0.7563,  1.0000,  0.0000,  0.0000,  0.0000,  0.0000]])
tensor([[-0.7941,  1.0000,  0.0000,  0.0000,  0.0000,  0.0000]])
tensor([[0.4608, 1.0000, 0.0000, 0.0000, 0.0000, 0.0000]])
tensor([[-0.1829,  1.0000,  0.0000,  0.0000,  0.0000,  0.0000]])
tensor([[-0.9052,  1.0000,  1.0000,  0.0000,  0.0000,  0.0000]])
tensor([[-0.0403,  1.0000,  0.0000,  0.0000,  0.0000,  0.0000]])
tensor([[0.8317, 1.0000, 0.0000, 0.0000, 0.0000, 0.0000]])
tensor([[0.3461, 1.0000, 0.0000, 0.0000, 0.0000, 0.0000]])
tensor([[0.7481, 1.0000, 0.0000, 0.0000, 0.0000, 0.0000]])
tensor([[-0.2178,  1.0000,  0.0000,  0.0000,  0.0000,  0.0000]])
tensor([[-0.0329,  1.0000,  0.0000,  0.0000,  0.0000,  0.0000]])
tensor([[-0.8039,  1.0000,  0.0000,  0.0000,  0.0000,  0.0000]])
tensor([[0.6847, 1.0000, 0.0000, 0.0000, 0.0000, 0.0000]])
tensor([[0.7894, 1.0000, 0.0000, 0.0000, 0.0000, 0.0000]])
tensor([[0.5371, 1.0000, 0.0000, 0.0000, 0.0000, 0.0000]])
tensor([[0.6699, 1.0000, 0.0000, 0.0000, 0.0000, 0.0000]])
tensor([[0.3691, 1.0000, 0.0000, 0.0000, 0.0000, 0.0000]])
tensor([[-0.7804,  1.0000,  0.0000,  0.0000,  0.0000,  0.0000]])
tensor([[0.1444, 1.0000, 0.0000, 0.0000, 0.0000, 0.0000]])
tensor([[0.4255, 1.0000, 0.0000, 0.0000, 0.0000, 0.0000]])
tensor([[0.8276, 1.0000, 0.0000, 0.0000, 0.0000, 0.0000]])
tensor([[-0.2674,  1.0000,  0.0000,  0.0000,  0.0000,  0.0000]])
tensor([[-0.6299,  1.0000,  0.0000,  0.0000,  0.0000,  0.0000]])
tensor([[-0.2410,  1.0000,  0.0000,  0.0000,  0.0000,  0.0000]])
tensor([[0.7832, 1.0000, 0.0000, 0.0000, 0.0000, 0.0000]])
tensor([[0.2963, 1.0000, 0.0000, 0.0000, 0.0000, 0.0000]])
tensor([[0.1143, 1.0000, 0.0000, 0.0000, 0.0000, 0.0000]])
tensor([[-0.3187,  1.0000,  0.0000,  0.0000,  0.0000,  0.0000]])
tensor([[-0.0018,  1.0000,  0.0000,  0.0000,  0.0000,  0.0000]])
tensor([[0.3498, 1.0000, 0.0000, 0.0000, 0.0000, 0.0000]])
tensor([[0.0560, 1.0000, 0.0000, 0.0000, 0.0000, 0.0000]])
tensor([[0.4318, 1.0000, 0.0000, 1.0000, 0.0000, 0.0000]])
tensor([[-0.9189,  1.0000,  0.0000,  0.0000,  0.0000,  0.0000]])
tensor([[-0.8052,  1.0000,  0.0000,  0.0000,  0.0000,  0.0000]])
tensor([[-0.9318,  1.0000,  0.0000,  0.0000,  0.0000,  0.0000]])
tensor([[-0.9525,  1.0000,  0.0000,  0.0000,  0.0000,  0.0000]])
tensor([[-0.6166,  1.0000,  0.0000,  0.0000,  0.0000,  0.0000]])
tensor([[0.0751, 1.0000, 0.0000, 0.0000, 0.0000, 0.0000]])
tensor([[-0.7281,  1.0000,  0.0000,  0.0000,  0.0000,  0.0000]])
tensor([[0.7920, 1.0000, 0.0000, 0.0000, 0.0000, 0.0000]])
tensor([[0.0030, 1.0000, 0.0000, 0.0000, 0.0000, 0.0000]])
tensor([[0.9393, 1.0000, 0.0000, 0.0000, 0.0000, 0.0000]])
tensor([[0.3823, 1.0000, 0.0000, 0.0000, 0.0000, 0.0000]])
tensor([[0.6639, 1.0000, 0.0000, 0.0000, 0.0000, 0.0000]])
tensor([[0.7990, 1.0000, 0.0000, 0.0000, 0.0000, 0.0000]])
tensor([[0.6740, 1.0000, 0.0000, 0.0000, 0.0000, 0.0000]])
tensor([[0.4598, 1.0000, 0.0000, 0.0000, 0.0000, 0.0000]])
tensor([[-0.4393,  1.0000,  0.0000,  0.0000,  0.0000,  0.0000]])
tensor([[0.7446, 1.0000, 0.0000, 0.0000, 0.0000, 0.0000]])
tensor([[0.3673, 1.0000, 0.0000, 0.0000, 0.0000, 0.0000]])
tensor([[0.1909, 1.0000, 0.0000, 0.0000, 0.0000, 0.0000]])
tensor([[0.2965, 1.0000, 0.0000, 0.0000, 0.0000, 0.0000]])
tensor([[0.7475, 1.0000, 0.0000, 0.0000, 0.0000, 0.0000]])
tensor([[-0.1544,  1.0000,  0.0000,  0.0000,  0.0000,  0.0000]])
tensor([[-0.6990,  1.0000,  0.0000,  0.0000,  0.0000,  0.0000]])
tensor([[0.8787, 1.0000, 0.0000, 0.0000, 0.0000, 0.0000]])
tensor([[0.8917, 1.0000, 0.0000, 0.0000, 0.0000, 0.0000]])
tensor([[0.9206, 1.0000, 0.0000, 0.0000, 0.0000, 0.0000]])
tensor([[0.8817, 1.0000, 0.0000, 0.0000, 0.0000, 0.0000]])
tensor([[0.1566, 1.0000, 0.0000, 0.0000, 0.0000, 0.0000]])
tensor([[-0.5526,  1.0000,  0.0000,  0.0000,  0.0000,  0.0000]])
tensor([[0.9746, 1.0000, 0.0000, 0.0000, 0.0000, 0.0000]])
tensor([[0.9010, 1.0000, 0.0000, 0.0000, 0.0000, 0.0000]])
tensor([[0.8878, 1.0000, 0.0000, 0.0000, 0.0000, 0.0000]])
tensor([[0.8495, 1.0000, 0.0000, 0.0000, 0.0000, 0.0000]])
tensor([[0.3868, 1.0000, 0.0000, 0.0000, 0.0000, 0.0000]])
tensor([[-0.4331,  1.0000,  0.0000,  0.0000,  0.0000,  0.0000]])
tensor([[0.8647, 1.0000, 0.0000, 0.0000, 0.0000, 0.0000]])
tensor([[-0.5954,  1.0000,  0.0000,  0.0000,  0.0000,  0.0000]])
tensor([[0.6618, 1.0000, 0.0000, 0.0000, 0.0000, 0.0000]])
tensor([[0.2908, 1.0000, 0.0000, 0.0000, 0.0000, 0.0000]])
tensor([[-0.2615,  1.0000,  0.0000,  0.0000,  0.0000,  0.0000]])
tensor([[0.8409, 1.0000, 0.0000, 0.0000, 0.0000, 0.0000]])
tensor([[0.9527, 1.0000, 0.0000, 0.0000, 0.0000, 0.0000]])
tensor([[0.8889, 1.0000, 0.0000, 0.0000, 0.0000, 0.0000]])
tensor([[0.6124, 1.0000, 0.0000, 0.0000, 0.0000, 0.0000]])
tensor([[-0.0409,  1.0000,  0.0000,  0.0000,  0.0000,  0.0000]])
tensor([[0.6481, 1.0000, 0.0000, 0.0000, 0.0000, 0.0000]])
tensor([[0.5781, 1.0000, 0.0000, 0.0000, 0.0000, 0.0000]])
tensor([[0.9075, 1.0000, 0.0000, 0.0000, 0.0000, 0.0000]])
tensor([[0.8524, 1.0000, 0.0000, 0.0000, 0.0000, 0.0000]])
tensor([[-0.4377,  1.0000,  0.0000,  0.0000,  0.0000,  0.0000]])
tensor([[-0.2727,  1.0000,  0.0000,  0.0000,  0.0000,  0.0000]])
tensor([[-0.3111,  1.0000,  0.0000,  0.0000,  0.0000,  0.0000]])
tensor([[0.8970, 1.0000, 0.0000, 0.0000, 0.0000, 0.0000]])
tensor([[0.8798, 1.0000, 0.0000, 0.0000, 0.0000, 0.0000]])
tensor([[0.8930, 1.0000, 0.0000, 0.0000, 0.0000, 0.0000]])
tensor([[0.9412, 1.0000, 0.0000, 0.0000, 0.0000, 0.0000]])
tensor([[0.4005, 1.0000, 0.0000, 0.0000, 0.0000, 0.0000]])
tensor([[-0.5101,  1.0000,  0.0000,  0.0000,  0.0000,  0.0000]])
tensor([[0.8371, 1.0000, 0.0000, 0.0000, 0.0000, 0.0000]])
tensor([[0.5878, 1.0000, 0.0000, 0.0000, 0.0000, 0.0000]])
tensor([[0.3047, 1.0000, 0.0000, 0.0000, 0.0000, 0.0000]])
tensor([[-0.2649,  1.0000,  0.0000,  0.0000,  0.0000,  0.0000]])
tensor([[-0.4052,  1.0000,  0.0000,  0.0000,  0.0000,  0.0000]])
tensor([[-0.5218,  1.0000,  0.0000,  0.0000,  0.0000,  0.0000]])
tensor([[-0.0018,  1.0000,  0.0000,  0.0000,  0.0000,  0.0000]])
tensor([[0.5254, 1.0000, 0.0000, 0.0000, 0.0000, 0.0000]])
tensor([[0.2439, 1.0000, 0.0000, 0.0000, 0.0000, 0.0000]])
tensor([[0.0776, 1.0000, 0.0000, 0.0000, 0.0000, 0.0000]])
tensor([[0.2398, 1.0000, 0.0000, 0.0000, 0.0000, 0.0000]])
tensor([[-0.5976,  1.0000,  0.0000,  0.0000,  0.0000,  0.0000]])
tensor([[0.2248, 1.0000, 0.0000, 0.0000, 0.0000, 0.0000]])
tensor([[-0.6325,  1.0000,  0.0000,  0.0000,  0.0000,  0.0000]])
tensor([[-0.3738,  1.0000,  0.0000,  0.0000,  0.0000,  0.0000]])
tensor([[0.6008, 1.0000, 0.0000, 0.0000, 0.0000, 0.0000]])
tensor([[-0.5665,  1.0000,  0.0000,  0.0000,  0.0000,  0.0000]])
tensor([[0.2831, 1.0000, 0.0000, 0.0000, 0.0000, 0.0000]])
tensor([[-0.6028,  1.0000,  0.0000,  0.0000,  0.0000,  0.0000]])
tensor([[-0.6072,  1.0000,  0.0000,  0.0000,  0.0000,  0.0000]])
tensor([[-0.7030,  1.0000,  0.0000,  0.0000,  0.0000,  0.0000]])
tensor([[0.0450, 1.0000, 0.0000, 0.0000, 0.0000, 0.0000]])
tensor([[0.2337, 1.0000, 0.0000, 0.0000, 0.0000, 0.0000]])
tensor([[-0.1295,  1.0000,  0.0000,  0.0000,  0.0000,  0.0000]])
tensor([[0.0829, 1.0000, 0.0000, 1.0000, 0.0000, 0.0000]])
tensor([[-0.6462,  1.0000,  0.0000,  0.0000,  0.0000,  0.0000]])
tensor([[-0.9438,  1.0000,  0.0000,  0.0000,  0.0000,  0.0000]])
tensor([[0.4184, 1.0000, 0.0000, 0.0000, 0.0000, 0.0000]])
tensor([[0.7017, 1.0000, 0.0000, 0.0000, 0.0000, 0.0000]])
tensor([[0.8832, 1.0000, 0.0000, 0.0000, 0.0000, 0.0000]])
tensor([[0.8510, 1.0000, 0.0000, 0.0000, 0.0000, 0.0000]])
tensor([[0.4223, 1.0000, 0.0000, 0.0000, 0.0000, 0.0000]])
tensor([[0.9459, 1.0000, 0.0000, 0.0000, 0.0000, 0.0000]])
tensor([[0.3642, 1.0000, 0.0000, 0.0000, 0.0000, 0.0000]])
tensor([[0.0437, 1.0000, 0.0000, 0.0000, 0.0000, 0.0000]])
tensor([[0.2365, 1.0000, 0.0000, 0.0000, 0.0000, 0.0000]])
tensor([[0.9443, 1.0000, 0.0000, 0.0000, 0.0000, 0.0000]])
tensor([[0.4153, 1.0000, 0.0000, 0.0000, 0.0000, 0.0000]])
tensor([[0.2709, 1.0000, 0.0000, 0.0000, 0.0000, 0.0000]])
tensor([[0.5033, 1.0000, 0.0000, 0.0000, 0.0000, 0.0000]])
tensor([[-0.2914,  1.0000,  0.0000,  0.0000,  0.0000,  0.0000]])
tensor([[0.8856, 1.0000, 0.0000, 0.0000, 0.0000, 0.0000]])
tensor([[0.2974, 1.0000, 0.0000, 0.0000, 0.0000, 0.0000]])
tensor([[0.7389, 1.0000, 0.0000, 0.0000, 0.0000, 0.0000]])
tensor([[-0.2671,  1.0000,  0.0000,  0.0000,  0.0000,  0.0000]])
tensor([[-0.1801,  1.0000,  0.0000,  0.0000,  0.0000,  0.0000]])
tensor([[-0.8072,  1.0000,  0.0000,  0.0000,  0.0000,  0.0000]])
tensor([[-0.5610,  1.0000,  0.0000,  0.0000,  0.0000,  0.0000]])
tensor([[-0.6463,  1.0000,  0.0000,  0.0000,  0.0000,  0.0000]])
tensor([[0.4869, 1.0000, 0.0000, 0.0000, 0.0000, 0.0000]])
tensor([[0.6064, 1.0000, 0.0000, 0.0000, 0.0000, 0.0000]])
tensor([[-0.3031,  1.0000,  0.0000,  0.0000,  0.0000,  0.0000]])
tensor([[0.0030, 1.0000, 0.0000, 0.0000, 0.0000, 0.0000]])
tensor([[0.9701, 1.0000, 0.0000, 0.0000, 0.0000, 0.0000]])
tensor([[0.9058, 1.0000, 0.0000, 0.0000, 0.0000, 0.0000]])
tensor([[-0.7305,  1.0000,  0.0000,  0.0000,  0.0000,  0.0000]])
tensor([[-0.7120,  1.0000,  0.0000,  0.0000,  0.0000,  0.0000]])
tensor([[-0.8687,  1.0000,  0.0000,  0.0000,  0.0000,  0.0000]])
tensor([[0.1198, 1.0000, 0.0000, 0.0000, 0.0000, 0.0000]])
tensor([[-0.7750,  1.0000,  0.0000,  0.0000,  0.0000,  0.0000]])
tensor([[-0.7167,  1.0000,  0.0000,  0.0000,  0.0000,  0.0000]])
tensor([[0.0280, 1.0000, 0.0000, 0.0000, 0.0000, 0.0000]])
tensor([[0.8160, 1.0000, 0.0000, 0.0000, 0.0000, 0.0000]])
tensor([[0.7321, 1.0000, 0.0000, 0.0000, 0.0000, 0.0000]])
tensor([[-0.4169,  1.0000,  0.0000,  0.0000,  0.0000,  0.0000]])
tensor([[0.1984, 1.0000, 0.0000, 0.0000, 0.0000, 0.0000]])
tensor([[-0.0717,  1.0000,  0.0000,  0.0000,  0.0000,  0.0000]])
tensor([[0.6899, 1.0000, 0.0000, 0.0000, 0.0000, 0.0000]])
tensor([[-0.4400,  1.0000,  0.0000,  0.0000,  0.0000,  0.0000]])
tensor([[-0.9403,  1.0000,  0.0000,  0.0000,  0.0000,  0.0000]])
tensor([[0.1168, 1.0000, 0.0000, 0.0000, 0.0000, 0.0000]])
tensor([[0.3249, 1.0000, 0.0000, 0.0000, 0.0000, 0.0000]])
tensor([[0.0042, 1.0000, 0.0000, 0.0000, 0.0000, 0.0000]])
tensor([[-0.2203,  1.0000,  0.0000,  0.0000,  0.0000,  0.0000]])
tensor([[-0.8834,  1.0000,  0.0000,  0.0000,  0.0000,  0.0000]])
tensor([[0.6842, 1.0000, 0.0000, 0.0000, 0.0000, 0.0000]])
tensor([[-0.7099,  1.0000,  0.0000,  0.0000,  0.0000,  0.0000]])
tensor([[0.9913, 1.0000, 0.0000, 0.0000, 0.0000, 0.0000]])
tensor([[0.2446, 1.0000, 0.0000, 0.0000, 0.0000, 0.0000]])
tensor([[-0.1518,  1.0000,  0.0000,  0.0000,  0.0000,  0.0000]])
tensor([[-0.0766,  1.0000,  0.0000,  0.0000,  0.0000,  0.0000]])
tensor([[-0.5916,  1.0000,  0.0000,  0.0000,  0.0000,  0.0000]])
tensor([[-0.0320,  1.0000,  0.0000,  0.0000,  0.0000,  0.0000]])
tensor([[0.5006, 1.0000, 0.0000, 0.0000, 0.0000, 0.0000]])
tensor([[-0.7946,  1.0000,  0.0000,  0.0000,  0.0000,  0.0000]])
tensor([[-0.3212,  1.0000,  1.0000,  0.0000,  0.0000,  0.0000]])
tensor([[0.2766, 1.0000, 0.0000, 0.0000, 0.0000, 0.0000]])
tensor([[0.8832, 1.0000, 0.0000, 0.0000, 0.0000, 0.0000]])
tensor([[0.0168, 1.0000, 0.0000, 0.0000, 0.0000, 0.0000]])
tensor([[0.4801, 1.0000, 0.0000, 0.0000, 0.0000, 0.0000]])
tensor([[-0.1182,  1.0000,  0.0000,  0.0000,  0.0000,  0.0000]])
tensor([[-0.7665,  1.0000,  0.0000,  0.0000,  0.0000,  0.0000]])
tensor([[-0.7160,  1.0000,  0.0000,  0.0000,  0.0000,  0.0000]])
tensor([[-0.5181,  1.0000,  0.0000,  0.0000,  0.0000,  0.0000]])
tensor([[-0.7820,  1.0000,  0.0000,  0.0000,  0.0000,  0.0000]])
tensor([[-0.2017,  1.0000,  0.0000,  0.0000,  0.0000,  0.0000]])
tensor([[-0.3857,  1.0000,  0.0000,  0.0000,  0.0000,  0.0000]])
tensor([[-0.3806,  1.0000,  0.0000,  0.0000,  0.0000,  0.0000]])
tensor([[-0.4825,  1.0000,  0.0000,  0.0000,  0.0000,  0.0000]])
tensor([[-0.3062,  1.0000,  0.0000,  0.0000,  0.0000,  0.0000]])
tensor([[-0.2438,  1.0000,  0.0000,  0.0000,  0.0000,  0.0000]])
tensor([[-0.8840,  1.0000,  0.0000,  0.0000,  0.0000,  0.0000]])
tensor([[-0.9354,  1.0000,  0.0000,  0.0000,  0.0000,  0.0000]])
tensor([[-0.0887,  1.0000,  0.0000,  0.0000,  0.0000,  0.0000]])
tensor([[-0.5648,  1.0000,  0.0000,  0.0000,  0.0000,  0.0000]])
tensor([[-0.6513,  1.0000,  1.0000,  0.0000,  0.0000,  0.0000]])
tensor([[-0.6796,  1.0000,  0.0000,  0.0000,  0.0000,  0.0000]])
tensor([[-0.8897,  1.0000,  0.0000,  0.0000,  0.0000,  0.0000]])
tensor([[0.0998, 1.0000, 0.0000, 0.0000, 0.0000, 0.0000]])
tensor([[-0.4196,  1.0000,  0.0000,  0.0000,  0.0000,  0.0000]])
tensor([[0.3706, 1.0000, 0.0000, 0.0000, 0.0000, 0.0000]])
tensor([[0.3415, 1.0000, 0.0000, 0.0000, 0.0000, 0.0000]])
tensor([[-0.8612,  1.0000,  1.0000,  0.0000,  0.0000,  0.0000]])
tensor([[-0.2922,  1.0000,  0.0000,  0.0000,  0.0000,  0.0000]])
tensor([[-0.5736,  1.0000,  0.0000,  0.0000,  0.0000,  0.0000]])
tensor([[0.4975, 1.0000, 0.0000, 0.0000, 0.0000, 0.0000]])
tensor([[-0.0439,  1.0000,  0.0000,  0.0000,  0.0000,  0.0000]])
tensor([[-0.9572,  1.0000,  0.0000,  0.0000,  0.0000,  0.0000]])
tensor([[-0.9388,  1.0000,  1.0000,  0.0000,  0.0000,  0.0000]])
tensor([[0.0975, 1.0000, 1.0000, 0.0000, 0.0000, 0.0000]])
tensor([[-0.2954,  1.0000,  0.0000,  0.0000,  0.0000,  0.0000]])
tensor([[-0.0620,  1.0000,  0.0000,  0.0000,  0.0000,  0.0000]])
tensor([[-0.4974,  1.0000,  0.0000,  0.0000,  0.0000,  0.0000]])
tensor([[-0.6574,  1.0000,  0.0000,  0.0000,  0.0000,  0.0000]])
tensor([[-0.5509,  1.0000,  0.0000,  0.0000,  0.0000,  0.0000]])
tensor([[-0.5834,  1.0000,  0.0000,  0.0000,  0.0000,  0.0000]])
tensor([[-0.5897,  1.0000,  0.0000,  1.0000,  0.0000,  0.0000]])
tensor([[0.0020, 1.0000, 1.0000, 0.0000, 0.0000, 0.0000]])
tensor([[-0.1249,  0.0000,  0.0000,  0.0000,  0.0000,  0.0000]])
tensor([[-0.3043,  1.0000,  0.0000,  0.0000,  0.0000,  0.0000]])
tensor([[0.0476, 1.0000, 0.0000, 0.0000, 0.0000, 0.0000]])
tensor([[0.3328, 1.0000, 0.0000, 0.0000, 0.0000, 0.0000]])
tensor([[0.5916, 1.0000, 1.0000, 0.0000, 0.0000, 0.0000]])
tensor([[-0.8694,  1.0000,  0.0000,  0.0000,  0.0000,  0.0000]])
tensor([[0.7202, 1.0000, 0.0000, 0.0000, 0.0000, 0.0000]])
tensor([[-0.4512,  1.0000,  1.0000,  0.0000,  0.0000,  0.0000]])
tensor([[0.1860, 1.0000, 0.0000, 0.0000, 0.0000, 0.0000]])
tensor([[-0.6967,  1.0000,  0.0000,  0.0000,  0.0000,  0.0000]])
tensor([[0.1602, 1.0000, 0.0000, 0.0000, 0.0000, 0.0000]])
tensor([[-0.2251,  1.0000,  0.0000,  0.0000,  0.0000,  0.0000]])
tensor([[0.4703, 1.0000, 0.0000, 0.0000, 0.0000, 0.0000]])
tensor([[-0.0350,  1.0000,  0.0000,  0.0000,  0.0000,  0.0000]])
tensor([[-0.1134,  1.0000,  0.0000,  0.0000,  0.0000,  0.0000]])
tensor([[0.1333, 1.0000, 0.0000, 0.0000, 0.0000, 0.0000]])
tensor([[0.8633, 1.0000, 0.0000, 0.0000, 0.0000, 0.0000]])
tensor([[0.0644, 1.0000, 0.0000, 0.0000, 0.0000, 0.0000]])
tensor([[-0.5867,  1.0000,  0.0000,  0.0000,  0.0000,  0.0000]])
tensor([[0.0072, 1.0000, 0.0000, 0.0000, 0.0000, 0.0000]])
tensor([[0.3549, 1.0000, 0.0000, 0.0000, 0.0000, 0.0000]])
tensor([[-0.5990,  1.0000,  0.0000,  0.0000,  0.0000,  0.0000]])
tensor([[0.0977, 1.0000, 0.0000, 0.0000, 0.0000, 0.0000]])
tensor([[-0.6459,  1.0000,  0.0000,  0.0000,  0.0000,  0.0000]])
tensor([[0.3512, 0.0000, 0.0000, 0.0000, 0.0000, 0.0000]])
tensor([[0.0788, 1.0000, 0.0000, 0.0000, 0.0000, 0.0000]])
tensor([[-0.7684,  1.0000,  0.0000,  0.0000,  0.0000,  0.0000]])
tensor([[0.3778, 1.0000, 0.0000, 0.0000, 0.0000, 0.0000]])
tensor([[-0.6955,  1.0000,  0.0000,  0.0000,  0.0000,  0.0000]])
tensor([[-0.0729,  1.0000,  0.0000,  0.0000,  0.0000,  0.0000]])
tensor([[-0.0393,  1.0000,  0.0000,  0.0000,  0.0000,  0.0000]])
tensor([[0.9221, 1.0000, 0.0000, 0.0000, 0.0000, 0.0000]])
tensor([[0.7541, 1.0000, 0.0000, 0.0000, 0.0000, 0.0000]])
tensor([[-0.6499,  1.0000,  0.0000,  0.0000,  0.0000,  0.0000]])
tensor([[-0.4271,  1.0000,  0.0000,  0.0000,  0.0000,  0.0000]])
tensor([[0.2361, 0.0000, 0.0000, 0.0000, 0.0000, 0.0000]])
tensor([[0.9074, 1.0000, 0.0000, 0.0000, 0.0000, 0.0000]])
tensor([[-0.3161,  1.0000,  0.0000,  0.0000,  0.0000,  0.0000]])
tensor([[-0.5595,  1.0000,  0.0000,  0.0000,  0.0000,  0.0000]])
tensor([[0.4122, 1.0000, 0.0000, 0.0000, 0.0000, 0.0000]])
tensor([[-0.2256,  1.0000,  0.0000,  0.0000,  0.0000,  0.0000]])
tensor([[-0.2239,  1.0000,  0.0000,  0.0000,  0.0000,  0.0000]])
tensor([[-0.3243,  0.0000,  0.0000,  0.0000,  0.0000,  0.0000]])
tensor([[0.9344, 1.0000, 0.0000, 0.0000, 0.0000, 0.0000]])
tensor([[-0.7974,  1.0000,  0.0000,  0.0000,  0.0000,  0.0000]])
tensor([[-0.3890,  1.0000,  0.0000,  0.0000,  0.0000,  0.0000]])
tensor([[0.6618, 1.0000, 0.0000, 0.0000, 0.0000, 0.0000]])
tensor([[0.8635, 1.0000, 0.0000, 0.0000, 0.0000, 0.0000]])
tensor([[0.3642, 1.0000, 0.0000, 0.0000, 0.0000, 0.0000]])
tensor([[-0.8772,  1.0000,  0.0000,  0.0000,  0.0000,  0.0000]])
tensor([[-0.5157,  1.0000,  0.0000,  0.0000,  0.0000,  0.0000]])
tensor([[0.8379, 1.0000, 0.0000, 0.0000, 0.0000, 0.0000]])
tensor([[0.0579, 1.0000, 0.0000, 0.0000, 0.0000, 0.0000]])
tensor([[-0.0456,  1.0000,  0.0000,  0.0000,  0.0000,  0.0000]])
tensor([[0.7812, 1.0000, 0.0000, 0.0000, 0.0000, 0.0000]])
tensor([[-0.4560,  1.0000,  0.0000,  0.0000,  0.0000,  0.0000]])
tensor([[0.3679, 1.0000, 0.0000, 0.0000, 0.0000, 0.0000]])
tensor([[-0.3299,  1.0000,  0.0000,  0.0000,  0.0000,  0.0000]])
tensor([[-0.7638,  1.0000,  0.0000,  0.0000,  0.0000,  0.0000]])
tensor([[0.4515, 1.0000, 0.0000, 0.0000, 0.0000, 0.0000]])
tensor([[0.3089, 1.0000, 0.0000, 0.0000, 0.0000, 0.0000]])
tensor([[-0.6665,  1.0000,  0.0000,  0.0000,  0.0000,  0.0000]])
tensor([[0.4839, 1.0000, 0.0000, 0.0000, 0.0000, 0.0000]])
tensor([[0.1881, 1.0000, 0.0000, 0.0000, 0.0000, 0.0000]])
tensor([[0.1166, 1.0000, 0.0000, 0.0000, 0.0000, 0.0000]])
tensor([[0.1125, 1.0000, 0.0000, 0.0000, 0.0000, 0.0000]])
tensor([[-0.4184,  1.0000,  0.0000,  0.0000,  0.0000,  0.0000]])
tensor([[0.8078, 1.0000, 0.0000, 0.0000, 0.0000, 0.0000]])
tensor([[0.8564, 1.0000, 0.0000, 0.0000, 0.0000, 0.0000]])
tensor([[0.5911, 1.0000, 0.0000, 0.0000, 0.0000, 0.0000]])
tensor([[0.8374, 1.0000, 0.0000, 0.0000, 0.0000, 0.0000]])
tensor([[0.9890, 1.0000, 0.0000, 0.0000, 0.0000, 0.0000]])
tensor([[0.9713, 1.0000, 0.0000, 0.0000, 0.0000, 0.0000]])
tensor([[0.9057, 1.0000, 0.0000, 0.0000, 0.0000, 0.0000]])
tensor([[0.6780, 1.0000, 0.0000, 0.0000, 0.0000, 0.0000]])
tensor([[0.1194, 1.0000, 0.0000, 0.0000, 0.0000, 0.0000]])
tensor([[0.3517, 1.0000, 0.0000, 0.0000, 0.0000, 0.0000]])
tensor([[-0.0574,  1.0000,  0.0000,  0.0000,  0.0000,  0.0000]])
tensor([[0.6007, 1.0000, 0.0000, 0.0000, 0.0000, 0.0000]])
tensor([[0.4333, 1.0000, 0.0000, 0.0000, 0.0000, 0.0000]])
tensor([[0.2901, 1.0000, 0.0000, 0.0000, 0.0000, 0.0000]])
tensor([[-0.3199,  1.0000,  0.0000,  0.0000,  0.0000,  0.0000]])
tensor([[-0.3276,  1.0000,  0.0000,  0.0000,  0.0000,  0.0000]])
tensor([[-0.8730,  1.0000,  0.0000,  0.0000,  0.0000,  0.0000]])
tensor([[0.2703, 1.0000, 0.0000, 0.0000, 0.0000, 0.0000]])
tensor([[0.3190, 1.0000, 0.0000, 0.0000, 0.0000, 0.0000]])
tensor([[-0.3246,  0.0000,  0.0000,  0.0000,  0.0000,  0.0000]])
tensor([[-0.9464,  1.0000,  0.0000,  0.0000,  0.0000,  0.0000]])
tensor([[-0.8294,  1.0000,  0.0000,  0.0000,  0.0000,  0.0000]])
tensor([[-0.5477,  1.0000,  0.0000,  0.0000,  0.0000,  0.0000]])
tensor([[0.0523, 1.0000, 0.0000, 0.0000, 0.0000, 0.0000]])
tensor([[-0.1987,  1.0000,  0.0000,  0.0000,  0.0000,  0.0000]])
tensor([[0.3301, 1.0000, 0.0000, 0.0000, 0.0000, 0.0000]])
tensor([[-0.6401,  1.0000,  0.0000,  0.0000,  0.0000,  0.0000]])
tensor([[0.6567, 1.0000, 0.0000, 0.0000, 0.0000, 0.0000]])
tensor([[-0.3713,  1.0000,  0.0000,  0.0000,  0.0000,  0.0000]])
tensor([[-0.0864,  1.0000,  0.0000,  0.0000,  0.0000,  0.0000]])
tensor([[0.7126, 1.0000, 0.0000, 0.0000, 0.0000, 0.0000]])
tensor([[0.4084, 1.0000, 0.0000, 0.0000, 0.0000, 0.0000]])
tensor([[0.5489, 1.0000, 0.0000, 0.0000, 0.0000, 0.0000]])
tensor([[-0.1403,  1.0000,  0.0000,  0.0000,  0.0000,  0.0000]])
tensor([[0.7365, 1.0000, 0.0000, 0.0000, 0.0000, 0.0000]])
tensor([[0.6943, 1.0000, 0.0000, 0.0000, 0.0000, 0.0000]])
tensor([[0.8297, 1.0000, 0.0000, 0.0000, 0.0000, 0.0000]])
tensor([[0.2697, 1.0000, 0.0000, 0.0000, 0.0000, 0.0000]])
tensor([[0.3953, 1.0000, 0.0000, 0.0000, 0.0000, 0.0000]])
tensor([[-0.7208,  1.0000,  0.0000,  0.0000,  0.0000,  0.0000]])
tensor([[-0.5541,  1.0000,  0.0000,  0.0000,  0.0000,  0.0000]])
tensor([[0.6091, 1.0000, 0.0000, 0.0000, 0.0000, 0.0000]])
tensor([[0.8082, 1.0000, 0.0000, 0.0000, 0.0000, 0.0000]])
tensor([[0.8451, 1.0000, 0.0000, 0.0000, 0.0000, 0.0000]])
tensor([[-0.1615,  1.0000,  0.0000,  0.0000,  0.0000,  0.0000]])
tensor([[-0.0222,  1.0000,  0.0000,  0.0000,  0.0000,  0.0000]])
tensor([[-0.3771,  1.0000,  0.0000,  0.0000,  0.0000,  0.0000]])
tensor([[-0.9891,  1.0000,  0.0000,  0.0000,  0.0000,  0.0000]])
tensor([[-0.5185,  1.0000,  0.0000,  1.0000,  0.0000,  0.0000]])
tensor([[-0.6363,  1.0000,  0.0000,  0.0000,  0.0000,  0.0000]])
tensor([[-0.8218,  1.0000,  0.0000,  0.0000,  0.0000,  0.0000]])
tensor([[-0.7433,  1.0000,  0.0000,  0.0000,  0.0000,  0.0000]])
tensor([[0.2230, 1.0000, 0.0000, 0.0000, 0.0000, 0.0000]])
tensor([[-0.2595,  1.0000,  0.0000,  0.0000,  0.0000,  0.0000]])
tensor([[0.1699, 1.0000, 0.0000, 0.0000, 0.0000, 0.0000]])
tensor([[-0.0774,  1.0000,  0.0000,  0.0000,  0.0000,  0.0000]])
tensor([[-0.9257,  1.0000,  0.0000,  0.0000,  0.0000,  0.0000]])
tensor([[-0.9136,  1.0000,  0.0000,  0.0000,  0.0000,  0.0000]])
tensor([[0.3335, 1.0000, 0.0000, 0.0000, 0.0000, 0.0000]])
tensor([[-0.6781,  1.0000,  0.0000,  0.0000,  0.0000,  0.0000]])
tensor([[-0.8404,  1.0000,  0.0000,  0.0000,  0.0000,  0.0000]])
tensor([[-0.8080,  1.0000,  0.0000,  0.0000,  0.0000,  0.0000]])
tensor([[-0.8012,  1.0000,  0.0000,  0.0000,  0.0000,  0.0000]])
tensor([[0.6922, 1.0000, 0.0000, 0.0000, 0.0000, 0.0000]])
tensor([[0.2233, 1.0000, 0.0000, 0.0000, 0.0000, 0.0000]])
tensor([[0.9710, 1.0000, 0.0000, 0.0000, 0.0000, 0.0000]])
tensor([[-0.3438,  1.0000,  0.0000,  0.0000,  0.0000,  0.0000]])
tensor([[-0.4222,  1.0000,  0.0000,  0.0000,  0.0000,  0.0000]])
tensor([[0.3034, 1.0000, 0.0000, 0.0000, 0.0000, 0.0000]])
tensor([[0.8941, 0.0000, 0.0000, 0.0000, 0.0000, 0.0000]])
tensor([[-0.8763,  1.0000,  0.0000,  0.0000,  0.0000,  0.0000]])
tensor([[-0.3981,  1.0000,  0.0000,  0.0000,  0.0000,  0.0000]])
tensor([[-0.7746,  1.0000,  0.0000,  0.0000,  0.0000,  0.0000]])
tensor([[-0.2678,  1.0000,  0.0000,  0.0000,  0.0000,  0.0000]])
tensor([[-0.7045,  1.0000,  0.0000,  0.0000,  0.0000,  0.0000]])
tensor([[-0.0465,  1.0000,  0.0000,  0.0000,  0.0000,  0.0000]])
tensor([[-0.7541,  1.0000,  0.0000,  0.0000,  0.0000,  0.0000]])
tensor([[0.5054, 1.0000, 0.0000, 0.0000, 0.0000, 0.0000]])
tensor([[0.7413, 1.0000, 0.0000, 0.0000, 0.0000, 0.0000]])
tensor([[0.5109, 0.0000, 0.0000, 0.0000, 0.0000, 0.0000]])
tensor([[0.2303, 1.0000, 0.0000, 0.0000, 0.0000, 0.0000]])
tensor([[0.8756, 1.0000, 0.0000, 0.0000, 0.0000, 0.0000]])
tensor([[-0.7445,  0.0000,  0.0000,  0.0000,  0.0000,  0.0000]])
tensor([[0.6469, 1.0000, 0.0000, 0.0000, 0.0000, 0.0000]])
tensor([[0.5860, 1.0000, 0.0000, 0.0000, 0.0000, 0.0000]])
tensor([[0.5590, 1.0000, 0.0000, 0.0000, 0.0000, 0.0000]])
tensor([[-0.3310,  1.0000,  0.0000,  0.0000,  0.0000,  0.0000]])
tensor([[-0.8737,  1.0000,  0.0000,  0.0000,  0.0000,  0.0000]])
tensor([[0.2205, 1.0000, 0.0000, 0.0000, 0.0000, 0.0000]])
tensor([[-0.8428,  1.0000,  1.0000,  0.0000,  0.0000,  0.0000]])
tensor([[0.0548, 1.0000, 0.0000, 0.0000, 0.0000, 0.0000]])
tensor([[-0.9264,  1.0000,  0.0000,  0.0000,  0.0000,  0.0000]])
tensor([[0.7902, 1.0000, 0.0000, 0.0000, 0.0000, 0.0000]])
tensor([[0.8717, 1.0000, 0.0000, 0.0000, 0.0000, 0.0000]])
tensor([[-0.4749,  1.0000,  0.0000,  0.0000,  0.0000,  0.0000]])
tensor([[0.9493, 1.0000, 1.0000, 0.0000, 0.0000, 0.0000]])
tensor([[-0.9416,  1.0000,  0.0000,  0.0000,  0.0000,  0.0000]])
tensor([[0.9473, 1.0000, 0.0000, 0.0000, 0.0000, 0.0000]])
tensor([[-0.4332,  1.0000,  0.0000,  0.0000,  0.0000,  0.0000]])
tensor([[-0.1018,  1.0000,  0.0000,  0.0000,  0.0000,  0.0000]])
tensor([[-0.9047,  1.0000,  0.0000,  0.0000,  0.0000,  0.0000]])
tensor([[-0.1297,  1.0000,  1.0000,  0.0000,  0.0000,  0.0000]])
tensor([[-0.8763,  1.0000,  0.0000,  0.0000,  0.0000,  0.0000]])
tensor([[-0.9809,  1.0000,  0.0000,  0.0000,  0.0000,  0.0000]])
tensor([[0.0714, 1.0000, 0.0000, 0.0000, 0.0000, 0.0000]])
tensor([[-0.3312,  1.0000,  0.0000,  0.0000,  0.0000,  0.0000]])
tensor([[-0.7173,  1.0000,  0.0000,  0.0000,  0.0000,  0.0000]])
tensor([[0.2787, 1.0000, 0.0000, 0.0000, 0.0000, 0.0000]])
tensor([[-0.2211,  1.0000,  0.0000,  0.0000,  0.0000,  0.0000]])
tensor([[0.8873, 1.0000, 0.0000, 0.0000, 0.0000, 0.0000]])
tensor([[-0.2541,  1.0000,  0.0000,  0.0000,  0.0000,  0.0000]])
tensor([[-0.6985,  1.0000,  0.0000,  0.0000,  0.0000,  0.0000]])
tensor([[-0.3223,  1.0000,  0.0000,  0.0000,  0.0000,  0.0000]])
tensor([[-0.4355,  1.0000,  0.0000,  0.0000,  0.0000,  0.0000]])
tensor([[-0.8595,  1.0000,  0.0000,  0.0000,  0.0000,  0.0000]])
tensor([[0.7262, 1.0000, 0.0000, 0.0000, 0.0000, 0.0000]])
tensor([[-0.3733,  1.0000,  0.0000,  0.0000,  0.0000,  0.0000]])
tensor([[-0.7566,  1.0000,  0.0000,  0.0000,  0.0000,  0.0000]])
tensor([[-0.6753,  0.0000,  0.0000,  0.0000,  0.0000,  0.0000]])
tensor([[-0.2254,  1.0000,  0.0000,  0.0000,  0.0000,  0.0000]])
tensor([[-0.9695,  1.0000,  0.0000,  0.0000,  0.0000,  0.0000]])
tensor([[-0.9560,  1.0000,  0.0000,  0.0000,  0.0000,  0.0000]])
tensor([[-0.8134,  1.0000,  0.0000,  0.0000,  0.0000,  0.0000]])
tensor([[-0.9829,  0.0000,  0.0000,  0.0000,  0.0000,  0.0000]])
tensor([[-0.6186,  1.0000,  0.0000,  0.0000,  0.0000,  0.0000]])
tensor([[-0.9302,  1.0000,  0.0000,  0.0000,  0.0000,  0.0000]])
tensor([[-0.8614,  1.0000,  0.0000,  0.0000,  0.0000,  0.0000]])
tensor([[-0.8630,  1.0000,  0.0000,  0.0000,  0.0000,  0.0000]])
tensor([[-0.7168,  1.0000,  1.0000,  0.0000,  0.0000,  0.0000]])
tensor([[-0.9455,  1.0000,  0.0000,  0.0000,  0.0000,  0.0000]])
tensor([[-0.9867,  1.0000,  0.0000,  0.0000,  0.0000,  0.0000]])
tensor([[-0.2010,  1.0000,  0.0000,  0.0000,  0.0000,  0.0000]])
tensor([[-0.9087,  1.0000,  0.0000,  0.0000,  0.0000,  0.0000]])
tensor([[-0.9648,  0.0000,  0.0000,  0.0000,  0.0000,  0.0000]])
tensor([[-0.9033,  1.0000,  0.0000,  0.0000,  0.0000,  0.0000]])
tensor([[-0.5318,  1.0000,  0.0000,  0.0000,  0.0000,  0.0000]])
tensor([[-0.7290,  1.0000,  0.0000,  0.0000,  0.0000,  0.0000]])
tensor([[-0.9258,  1.0000,  0.0000,  0.0000,  0.0000,  0.0000]])
tensor([[-0.8551,  1.0000,  0.0000,  0.0000,  0.0000,  0.0000]])
tensor([[-0.1726,  1.0000,  0.0000,  0.0000,  0.0000,  0.0000]])
tensor([[-0.6312,  1.0000,  0.0000,  0.0000,  0.0000,  0.0000]])
tensor([[-0.3801,  1.0000,  0.0000,  0.0000,  0.0000,  0.0000]])
tensor([[0.0216, 1.0000, 0.0000, 0.0000, 0.0000, 0.0000]])
tensor([[-0.8447,  1.0000,  0.0000,  0.0000,  0.0000,  0.0000]])
tensor([[0.5576, 1.0000, 0.0000, 0.0000, 0.0000, 0.0000]])
tensor([[0.7098, 1.0000, 0.0000, 0.0000, 0.0000, 0.0000]])
tensor([[-0.2197,  1.0000,  0.0000,  0.0000,  0.0000,  0.0000]])
tensor([[0.1118, 1.0000, 0.0000, 0.0000, 0.0000, 0.0000]])
tensor([[-0.2428,  1.0000,  0.0000,  0.0000,  0.0000,  0.0000]])
tensor([[0.3406, 1.0000, 0.0000, 0.0000, 0.0000, 0.0000]])
tensor([[0.8879, 1.0000, 0.0000, 0.0000, 0.0000, 0.0000]])
tensor([[-0.8173,  1.0000,  0.0000,  0.0000,  0.0000,  0.0000]])
tensor([[0.0302, 1.0000, 0.0000, 0.0000, 0.0000, 0.0000]])
tensor([[-0.2208,  1.0000,  0.0000,  0.0000,  0.0000,  0.0000]])
tensor([[0.4342, 1.0000, 0.0000, 0.0000, 0.0000, 0.0000]])
tensor([[-0.7072,  1.0000,  0.0000,  0.0000,  0.0000,  0.0000]])
tensor([[-0.1090,  1.0000,  0.0000,  0.0000,  0.0000,  0.0000]])
tensor([[0.4327, 1.0000, 0.0000, 0.0000, 0.0000, 0.0000]])
tensor([[0.0230, 1.0000, 0.0000, 0.0000, 0.0000, 0.0000]])
tensor([[-0.7913,  1.0000,  0.0000,  0.0000,  0.0000,  0.0000]])
tensor([[0.9397, 1.0000, 0.0000, 0.0000, 0.0000, 0.0000]])
tensor([[-0.7490,  0.0000,  0.0000,  0.0000,  0.0000,  0.0000]])
tensor([[-0.9729,  1.0000,  0.0000,  0.0000,  0.0000,  0.0000]])
tensor([[-0.7673,  1.0000,  0.0000,  0.0000,  0.0000,  0.0000]])
tensor([[-0.7694,  1.0000,  0.0000,  0.0000,  0.0000,  0.0000]])
tensor([[-0.7669,  1.0000,  0.0000,  0.0000,  0.0000,  0.0000]])
tensor([[-0.7578,  1.0000,  0.0000,  0.0000,  0.0000,  0.0000]])
tensor([[-0.4762,  1.0000,  0.0000,  0.0000,  0.0000,  0.0000]])
tensor([[-0.0638,  1.0000,  0.0000,  0.0000,  0.0000,  0.0000]])
tensor([[-0.0462,  1.0000,  0.0000,  0.0000,  0.0000,  0.0000]])
tensor([[0.1718, 1.0000, 0.0000, 0.0000, 0.0000, 0.0000]])
tensor([[-0.3852,  1.0000,  0.0000,  0.0000,  0.0000,  0.0000]])
tensor([[0.7143, 1.0000, 0.0000, 0.0000, 0.0000, 0.0000]])
tensor([[-0.0795,  1.0000,  0.0000,  0.0000,  0.0000,  0.0000]])
tensor([[-0.4450,  0.0000,  0.0000,  0.0000,  0.0000,  0.0000]])
tensor([[-0.2928,  1.0000,  0.0000,  0.0000,  0.0000,  0.0000]])
tensor([[0.2361, 1.0000, 0.0000, 0.0000, 0.0000, 0.0000]])
tensor([[0.3246, 1.0000, 0.0000, 0.0000, 0.0000, 0.0000]])
tensor([[0.9700, 1.0000, 0.0000, 0.0000, 0.0000, 0.0000]])
tensor([[0.9858, 1.0000, 0.0000, 0.0000, 0.0000, 0.0000]])
tensor([[-0.4915,  1.0000,  0.0000,  0.0000,  0.0000,  0.0000]])
tensor([[0.3456, 1.0000, 0.0000, 0.0000, 0.0000, 0.0000]])
tensor([[0.7485, 1.0000, 0.0000, 0.0000, 0.0000, 0.0000]])
tensor([[0.3601, 1.0000, 0.0000, 0.0000, 0.0000, 0.0000]])
tensor([[0.8756, 1.0000, 0.0000, 0.0000, 0.0000, 0.0000]])
tensor([[0.3718, 1.0000, 0.0000, 0.0000, 0.0000, 0.0000]])
tensor([[-0.3354,  1.0000,  0.0000,  0.0000,  0.0000,  0.0000]])
tensor([[0.2013, 0.0000, 0.0000, 0.0000, 0.0000, 0.0000]])
tensor([[-0.2766,  1.0000,  0.0000,  0.0000,  0.0000,  0.0000]])
tensor([[0.9001, 1.0000, 0.0000, 0.0000, 0.0000, 0.0000]])
tensor([[-0.7703,  1.0000,  0.0000,  0.0000,  0.0000,  0.0000]])
tensor([[0.2717, 1.0000, 0.0000, 0.0000, 0.0000, 0.0000]])
tensor([[0.9310, 1.0000, 0.0000, 0.0000, 0.0000, 0.0000]])
tensor([[0.3042, 1.0000, 0.0000, 0.0000, 0.0000, 0.0000]])
tensor([[0.4477, 1.0000, 1.0000, 0.0000, 0.0000, 0.0000]])
tensor([[0.3478, 1.0000, 0.0000, 0.0000, 0.0000, 0.0000]])
tensor([[0.8067, 0.0000, 0.0000, 0.0000, 0.0000, 0.0000]])
tensor([[-0.4703,  1.0000,  0.0000,  0.0000,  0.0000,  0.0000]])
tensor([[-0.3607,  1.0000,  0.0000,  0.0000,  0.0000,  0.0000]])
tensor([[0.9719, 1.0000, 0.0000, 0.0000, 0.0000, 0.0000]])
tensor([[-0.0876,  1.0000,  0.0000,  0.0000,  0.0000,  0.0000]])
tensor([[-0.8892,  1.0000,  0.0000,  0.0000,  0.0000,  0.0000]])
tensor([[0.6660, 1.0000, 0.0000, 0.0000, 0.0000, 0.0000]])
tensor([[0.8089, 1.0000, 0.0000, 0.0000, 0.0000, 0.0000]])
tensor([[0.3433, 1.0000, 0.0000, 0.0000, 0.0000, 0.0000]])
tensor([[-0.1606,  1.0000,  0.0000,  0.0000,  0.0000,  0.0000]])
tensor([[-0.1961,  1.0000,  0.0000,  0.0000,  0.0000,  0.0000]])
tensor([[-0.0296,  1.0000,  0.0000,  0.0000,  0.0000,  0.0000]])
tensor([[-0.5552,  1.0000,  0.0000,  0.0000,  0.0000,  0.0000]])
tensor([[0.6463, 1.0000, 0.0000, 0.0000, 0.0000, 0.0000]])
tensor([[-0.6338,  1.0000,  0.0000,  0.0000,  0.0000,  0.0000]])
tensor([[0.4315, 1.0000, 0.0000, 0.0000, 0.0000, 0.0000]])
tensor([[-0.9489,  1.0000,  0.0000,  0.0000,  0.0000,  0.0000]])
tensor([[0.2238, 1.0000, 0.0000, 0.0000, 0.0000, 0.0000]])
tensor([[0.7072, 1.0000, 0.0000, 0.0000, 0.0000, 0.0000]])
tensor([[0.8776, 1.0000, 0.0000, 0.0000, 0.0000, 0.0000]])
tensor([[0.7308, 0.0000, 0.0000, 0.0000, 0.0000, 0.0000]])
tensor([[-0.3885,  1.0000,  0.0000,  0.0000,  0.0000,  0.0000]])
tensor([[0.8110, 1.0000, 0.0000, 0.0000, 0.0000, 0.0000]])
tensor([[0.9438, 1.0000, 0.0000, 0.0000, 0.0000, 0.0000]])
tensor([[0.5681, 1.0000, 0.0000, 0.0000, 0.0000, 0.0000]])
tensor([[0.6871, 1.0000, 0.0000, 0.0000, 0.0000, 0.0000]])
tensor([[0.7513, 1.0000, 0.0000, 0.0000, 0.0000, 0.0000]])
tensor([[0.5742, 1.0000, 0.0000, 0.0000, 0.0000, 0.0000]])
tensor([[0.2083, 1.0000, 0.0000, 0.0000, 0.0000, 0.0000]])
tensor([[0.1869, 1.0000, 0.0000, 0.0000, 0.0000, 0.0000]])
tensor([[0.3898, 1.0000, 0.0000, 0.0000, 0.0000, 0.0000]])
tensor([[-0.3724,  1.0000,  0.0000,  0.0000,  0.0000,  0.0000]])
tensor([[0.2991, 1.0000, 1.0000, 0.0000, 0.0000, 0.0000]])
tensor([[0.9389, 1.0000, 0.0000, 0.0000, 0.0000, 0.0000]])
tensor([[0.6236, 1.0000, 0.0000, 0.0000, 0.0000, 0.0000]])
tensor([[0.8093, 1.0000, 0.0000, 0.0000, 0.0000, 0.0000]])
tensor([[0.6457, 1.0000, 0.0000, 0.0000, 0.0000, 0.0000]])
tensor([[-0.7645,  1.0000,  0.0000,  0.0000,  0.0000,  0.0000]])
tensor([[-0.1708,  1.0000,  0.0000,  0.0000,  0.0000,  0.0000]])
tensor([[0.3786, 1.0000, 0.0000, 0.0000, 0.0000, 0.0000]])
tensor([[0.3855, 1.0000, 0.0000, 0.0000, 0.0000, 0.0000]])
tensor([[0.8690, 1.0000, 0.0000, 0.0000, 0.0000, 0.0000]])
tensor([[0.9869, 1.0000, 0.0000, 0.0000, 0.0000, 0.0000]])
tensor([[0.1854, 1.0000, 0.0000, 0.0000, 0.0000, 0.0000]])
tensor([[-0.6027,  1.0000,  0.0000,  0.0000,  0.0000,  0.0000]])
tensor([[0.0990, 1.0000, 0.0000, 0.0000, 0.0000, 0.0000]])
tensor([[0.2891, 1.0000, 0.0000, 0.0000, 0.0000, 0.0000]])
tensor([[-0.8689,  1.0000,  0.0000,  0.0000,  0.0000,  0.0000]])
tensor([[0.4392, 1.0000, 0.0000, 0.0000, 0.0000, 0.0000]])
tensor([[0.5810, 1.0000, 0.0000, 0.0000, 0.0000, 0.0000]])
tensor([[-0.6364,  1.0000,  0.0000,  0.0000,  0.0000,  0.0000]])
tensor([[-0.6023,  1.0000,  0.0000,  0.0000,  0.0000,  0.0000]])
tensor([[-0.2460,  1.0000,  0.0000,  0.0000,  0.0000,  0.0000]])
tensor([[-0.1279,  1.0000,  0.0000,  0.0000,  0.0000,  0.0000]])
tensor([[0.0973, 1.0000, 0.0000, 0.0000, 0.0000, 0.0000]])
tensor([[-0.7517,  1.0000,  0.0000,  0.0000,  0.0000,  0.0000]])
tensor([[-0.2282,  1.0000,  0.0000,  0.0000,  0.0000,  0.0000]])
tensor([[-0.6571,  1.0000,  0.0000,  0.0000,  0.0000,  0.0000]])
tensor([[0.9132, 0.0000, 0.0000, 0.0000, 0.0000, 0.0000]])
tensor([[0.9983, 1.0000, 0.0000, 0.0000, 0.0000, 0.0000]])
tensor([[0.8729, 1.0000, 0.0000, 0.0000, 0.0000, 0.0000]])
tensor([[0.3753, 1.0000, 0.0000, 0.0000, 0.0000, 0.0000]])
tensor([[-0.4160,  1.0000,  0.0000,  0.0000,  0.0000,  0.0000]])
tensor([[-0.8710,  1.0000,  0.0000,  0.0000,  0.0000,  0.0000]])
tensor([[0.7810, 1.0000, 0.0000, 0.0000, 0.0000, 0.0000]])
tensor([[0.9501, 1.0000, 0.0000, 0.0000, 0.0000, 0.0000]])
tensor([[-0.0904,  1.0000,  1.0000,  0.0000,  0.0000,  0.0000]])
tensor([[0.2466, 1.0000, 0.0000, 0.0000, 0.0000, 0.0000]])
tensor([[-0.9758,  1.0000,  1.0000,  0.0000,  0.0000,  0.0000]])
tensor([[0.8520, 1.0000, 0.0000, 0.0000, 0.0000, 0.0000]])
tensor([[0.5445, 1.0000, 0.0000, 0.0000, 0.0000, 0.0000]])
tensor([[0.2775, 1.0000, 0.0000, 0.0000, 0.0000, 0.0000]])
tensor([[-0.8784,  1.0000,  0.0000,  0.0000,  0.0000,  0.0000]])
tensor([[-0.4886,  1.0000,  0.0000,  0.0000,  0.0000,  0.0000]])
tensor([[0.8297, 1.0000, 0.0000, 0.0000, 0.0000, 0.0000]])
tensor([[0.9538, 1.0000, 0.0000, 0.0000, 0.0000, 0.0000]])
tensor([[0.8426, 1.0000, 0.0000, 0.0000, 0.0000, 0.0000]])
tensor([[0.7297, 1.0000, 0.0000, 0.0000, 0.0000, 0.0000]])
tensor([[0.6191, 1.0000, 0.0000, 0.0000, 0.0000, 0.0000]])
tensor([[-0.8544,  1.0000,  0.0000,  0.0000,  0.0000,  0.0000]])
tensor([[-0.9691,  1.0000,  0.0000,  0.0000,  0.0000,  0.0000]])
tensor([[0.2834, 1.0000, 0.0000, 0.0000, 0.0000, 0.0000]])
tensor([[0.6643, 1.0000, 0.0000, 0.0000, 0.0000, 0.0000]])
tensor([[-0.3889,  1.0000,  0.0000,  0.0000,  0.0000,  0.0000]])
tensor([[0.2187, 1.0000, 0.0000, 0.0000, 0.0000, 0.0000]])
tensor([[0.2275, 1.0000, 0.0000, 0.0000, 0.0000, 0.0000]])
tensor([[-0.2581,  1.0000,  0.0000,  0.0000,  0.0000,  0.0000]])
tensor([[0.0090, 1.0000, 0.0000, 0.0000, 0.0000, 0.0000]])
tensor([[-0.0295,  1.0000,  1.0000,  0.0000,  0.0000,  0.0000]])
tensor([[0.9036, 1.0000, 0.0000, 0.0000, 0.0000, 0.0000]])
tensor([[-0.7807,  1.0000,  0.0000,  0.0000,  0.0000,  0.0000]])
tensor([[0.8671, 1.0000, 0.0000, 0.0000, 0.0000, 0.0000]])
tensor([[-0.5520,  1.0000,  0.0000,  0.0000,  0.0000,  0.0000]])
tensor([[0.2009, 1.0000, 1.0000, 0.0000, 0.0000, 0.0000]])
tensor([[-0.2041,  1.0000,  0.0000,  0.0000,  0.0000,  0.0000]])
tensor([[0.6635, 1.0000, 0.0000, 0.0000, 0.0000, 0.0000]])
tensor([[-0.2974,  1.0000,  0.0000,  0.0000,  0.0000,  0.0000]])
tensor([[0.7658, 1.0000, 0.0000, 0.0000, 0.0000, 0.0000]])
tensor([[-0.2315,  1.0000,  0.0000,  0.0000,  0.0000,  0.0000]])
tensor([[0.2933, 1.0000, 0.0000, 0.0000, 0.0000, 0.0000]])
tensor([[-0.1611,  1.0000,  0.0000,  0.0000,  0.0000,  0.0000]])
tensor([[-0.1695,  1.0000,  0.0000,  0.0000,  0.0000,  0.0000]])
tensor([[-0.4904,  1.0000,  0.0000,  0.0000,  0.0000,  0.0000]])
tensor([[-0.6471,  1.0000,  0.0000,  0.0000,  0.0000,  0.0000]])
tensor([[-0.3759,  1.0000,  0.0000,  0.0000,  0.0000,  0.0000]])
tensor([[0.3165, 1.0000, 0.0000, 0.0000, 0.0000, 0.0000]])
tensor([[-0.5003,  1.0000,  0.0000,  0.0000,  0.0000,  0.0000]])
tensor([[0.9917, 1.0000, 0.0000, 0.0000, 0.0000, 0.0000]])
tensor([[0.6840, 1.0000, 0.0000, 0.0000, 0.0000, 0.0000]])
tensor([[-0.2348,  1.0000,  0.0000,  0.0000,  0.0000,  0.0000]])
tensor([[-0.8437,  1.0000,  0.0000,  0.0000,  0.0000,  0.0000]])
tensor([[0.0436, 1.0000, 1.0000, 0.0000, 0.0000, 0.0000]])
tensor([[0.4984, 0.0000, 0.0000, 0.0000, 0.0000, 0.0000]])
tensor([[0.2747, 1.0000, 0.0000, 0.0000, 0.0000, 0.0000]])
tensor([[-0.7904,  1.0000,  0.0000,  0.0000,  0.0000,  0.0000]])
tensor([[0.1537, 1.0000, 0.0000, 0.0000, 0.0000, 0.0000]])
tensor([[0.3528, 1.0000, 0.0000, 0.0000, 0.0000, 0.0000]])
tensor([[0.8293, 1.0000, 1.0000, 0.0000, 0.0000, 0.0000]])
tensor([[0.8580, 1.0000, 0.0000, 0.0000, 0.0000, 0.0000]])
tensor([[0.7266, 1.0000, 0.0000, 0.0000, 0.0000, 0.0000]])
tensor([[-0.4081,  1.0000,  0.0000,  0.0000,  0.0000,  0.0000]])
tensor([[0.2008, 1.0000, 0.0000, 0.0000, 0.0000, 0.0000]])
tensor([[0.5921, 1.0000, 0.0000, 0.0000, 0.0000, 0.0000]])
tensor([[0.3702, 1.0000, 0.0000, 0.0000, 0.0000, 0.0000]])
tensor([[-0.6515,  1.0000,  0.0000,  0.0000,  0.0000,  0.0000]])
tensor([[0.7018, 1.0000, 0.0000, 0.0000, 0.0000, 0.0000]])
tensor([[0.5938, 1.0000, 0.0000, 0.0000, 0.0000, 0.0000]])
tensor([[0.6588, 1.0000, 0.0000, 0.0000, 0.0000, 0.0000]])
tensor([[0.4147, 1.0000, 0.0000, 0.0000, 0.0000, 0.0000]])
tensor([[-0.3974,  1.0000,  0.0000,  0.0000,  0.0000,  0.0000]])
tensor([[-0.4709,  1.0000,  0.0000,  0.0000,  0.0000,  0.0000]])
tensor([[0.6159, 1.0000, 0.0000, 0.0000, 0.0000, 0.0000]])
tensor([[0.8373, 1.0000, 1.0000, 0.0000, 0.0000, 0.0000]])
tensor([[-0.6477,  1.0000,  0.0000,  1.0000,  0.0000,  0.0000]])
tensor([[0.8896, 1.0000, 0.0000, 0.0000, 0.0000, 0.0000]])
tensor([[0.1922, 1.0000, 0.0000, 0.0000, 0.0000, 0.0000]])
tensor([[0.4887, 1.0000, 0.0000, 0.0000, 0.0000, 0.0000]])
tensor([[0.1078, 1.0000, 0.0000, 0.0000, 0.0000, 0.0000]])
tensor([[-0.5608,  1.0000,  0.0000,  0.0000,  0.0000,  0.0000]])
tensor([[-0.3339,  1.0000,  0.0000,  0.0000,  0.0000,  0.0000]])
tensor([[0.2304, 1.0000, 0.0000, 0.0000, 0.0000, 0.0000]])
tensor([[-0.9009,  1.0000,  0.0000,  0.0000,  0.0000,  0.0000]])
tensor([[-0.8886,  1.0000,  0.0000,  0.0000,  0.0000,  0.0000]])
tensor([[0.2462, 1.0000, 0.0000, 0.0000, 0.0000, 0.0000]])
tensor([[-0.2675,  1.0000,  0.0000,  0.0000,  0.0000,  0.0000]])
tensor([[-0.4516,  1.0000,  0.0000,  0.0000,  0.0000,  0.0000]])
tensor([[-0.6481,  1.0000,  0.0000,  0.0000,  0.0000,  0.0000]])
tensor([[0.9007, 1.0000, 0.0000, 0.0000, 0.0000, 0.0000]])
tensor([[0.0583, 1.0000, 0.0000, 0.0000, 0.0000, 0.0000]])
tensor([[0.1166, 1.0000, 0.0000, 0.0000, 0.0000, 0.0000]])
tensor([[-0.5805,  1.0000,  0.0000,  0.0000,  0.0000,  0.0000]])
tensor([[-0.6841,  1.0000,  0.0000,  0.0000,  0.0000,  0.0000]])
tensor([[0.0576, 1.0000, 0.0000, 0.0000, 0.0000, 0.0000]])
tensor([[0.0188, 1.0000, 0.0000, 0.0000, 0.0000, 0.0000]])
tensor([[0.1396, 1.0000, 0.0000, 0.0000, 0.0000, 0.0000]])
tensor([[-0.8983,  1.0000,  0.0000,  0.0000,  0.0000,  0.0000]])
tensor([[-0.7571,  1.0000,  0.0000,  0.0000,  0.0000,  0.0000]])
tensor([[0.3157, 1.0000, 1.0000, 0.0000, 0.0000, 0.0000]])
tensor([[0.8973, 1.0000, 0.0000, 0.0000, 0.0000, 0.0000]])
tensor([[-0.5568,  1.0000,  1.0000,  0.0000,  0.0000,  0.0000]])
tensor([[0.1179, 1.0000, 0.0000, 0.0000, 0.0000, 0.0000]])
tensor([[0.1821, 1.0000, 1.0000, 0.0000, 0.0000, 0.0000]])
tensor([[-0.6359,  1.0000,  0.0000,  0.0000,  0.0000,  0.0000]])
tensor([[0.0783, 1.0000, 0.0000, 0.0000, 0.0000, 0.0000]])
tensor([[0.4104, 1.0000, 0.0000, 0.0000, 0.0000, 0.0000]])
tensor([[-0.6112,  1.0000,  0.0000,  0.0000,  0.0000,  0.0000]])
tensor([[0.4872, 1.0000, 0.0000, 0.0000, 0.0000, 0.0000]])
tensor([[-0.6278,  1.0000,  0.0000,  0.0000,  0.0000,  0.0000]])
tensor([[-0.5950,  1.0000,  0.0000,  0.0000,  0.0000,  0.0000]])
tensor([[-0.5764,  1.0000,  0.0000,  0.0000,  0.0000,  0.0000]])
tensor([[0.0619, 1.0000, 1.0000, 0.0000, 0.0000, 0.0000]])
tensor([[0.9722, 1.0000, 0.0000, 0.0000, 0.0000, 0.0000]])
tensor([[0.5028, 1.0000, 0.0000, 0.0000, 0.0000, 0.0000]])
tensor([[-0.9677,  1.0000,  0.0000,  0.0000,  0.0000,  0.0000]])
tensor([[0.0851, 1.0000, 0.0000, 0.0000, 0.0000, 0.0000]])
tensor([[0.6198, 1.0000, 0.0000, 0.0000, 0.0000, 0.0000]])
tensor([[-0.2678,  1.0000,  0.0000,  0.0000,  0.0000,  0.0000]])
tensor([[-0.0275,  1.0000,  0.0000,  0.0000,  0.0000,  0.0000]])
tensor([[0.1028, 1.0000, 0.0000, 0.0000, 0.0000, 0.0000]])
tensor([[-0.5607,  1.0000,  0.0000,  0.0000,  0.0000,  0.0000]])
tensor([[0.7851, 1.0000, 0.0000, 0.0000, 0.0000, 0.0000]])
tensor([[0.2952, 1.0000, 0.0000, 0.0000, 0.0000, 0.0000]])
tensor([[-0.5681,  1.0000,  0.0000,  0.0000,  0.0000,  0.0000]])
tensor([[-0.8368,  1.0000,  0.0000,  0.0000,  0.0000,  0.0000]])
tensor([[-0.5303,  1.0000,  0.0000,  0.0000,  0.0000,  0.0000]])
tensor([[0.1186, 1.0000, 0.0000, 0.0000, 0.0000, 0.0000]])
tensor([[-0.7705,  1.0000,  1.0000,  0.0000,  0.0000,  0.0000]])
tensor([[-0.0552,  1.0000,  0.0000,  0.0000,  0.0000,  0.0000]])
tensor([[0.1338, 1.0000, 0.0000, 0.0000, 0.0000, 0.0000]])
tensor([[-0.7782,  1.0000,  0.0000,  0.0000,  0.0000,  0.0000]])
tensor([[-0.8298,  1.0000,  0.0000,  0.0000,  0.0000,  0.0000]])
tensor([[0.4388, 1.0000, 0.0000, 0.0000, 0.0000, 0.0000]])
tensor([[-0.3735,  1.0000,  0.0000,  0.0000,  0.0000,  0.0000]])
tensor([[0.3146, 1.0000, 0.0000, 0.0000, 0.0000, 0.0000]])
tensor([[0.2837, 1.0000, 0.0000, 0.0000, 0.0000, 0.0000]])
tensor([[-0.7401,  1.0000,  0.0000,  0.0000,  0.0000,  0.0000]])
tensor([[-0.8212,  1.0000,  0.0000,  0.0000,  0.0000,  0.0000]])
tensor([[0.4391, 1.0000, 0.0000, 0.0000, 0.0000, 0.0000]])
tensor([[0.7681, 1.0000, 0.0000, 0.0000, 0.0000, 0.0000]])
tensor([[-0.2452,  1.0000,  0.0000,  0.0000,  0.0000,  0.0000]])
tensor([[0.9332, 1.0000, 0.0000, 0.0000, 0.0000, 0.0000]])
tensor([[-0.9720,  1.0000,  0.0000,  0.0000,  0.0000,  0.0000]])
tensor([[-0.1015,  1.0000,  0.0000,  0.0000,  0.0000,  0.0000]])
tensor([[-0.4864,  1.0000,  0.0000,  0.0000,  0.0000,  0.0000]])
tensor([[-0.9071,  1.0000,  1.0000,  0.0000,  0.0000,  0.0000]])
tensor([[-0.3393,  1.0000,  0.0000,  0.0000,  0.0000,  0.0000]])
tensor([[-0.7798,  1.0000,  0.0000,  0.0000,  0.0000,  0.0000]])
tensor([[0.1212, 1.0000, 1.0000, 0.0000, 0.0000, 0.0000]])
tensor([[-0.9185,  1.0000,  0.0000,  0.0000,  0.0000,  0.0000]])
tensor([[0.1359, 1.0000, 0.0000, 0.0000, 0.0000, 0.0000]])
tensor([[-0.4711,  1.0000,  0.0000,  0.0000,  0.0000,  0.0000]])
tensor([[-0.0306,  1.0000,  0.0000,  0.0000,  0.0000,  0.0000]])
tensor([[-0.5189,  1.0000,  0.0000,  0.0000,  0.0000,  0.0000]])
tensor([[-0.9632,  1.0000,  0.0000,  0.0000,  0.0000,  0.0000]])
tensor([[0.8338, 1.0000, 0.0000, 0.0000, 0.0000, 0.0000]])
tensor([[-0.9336,  1.0000,  0.0000,  0.0000,  0.0000,  0.0000]])
tensor([[-0.6876,  1.0000,  0.0000,  0.0000,  0.0000,  0.0000]])
tensor([[0.1077, 1.0000, 0.0000, 0.0000, 0.0000, 0.0000]])
tensor([[-0.5109,  1.0000,  0.0000,  0.0000,  0.0000,  0.0000]])
tensor([[0.4183, 1.0000, 0.0000, 0.0000, 0.0000, 0.0000]])
tensor([[-0.0064,  1.0000,  0.0000,  0.0000,  0.0000,  0.0000]])
tensor([[-0.6243,  1.0000,  0.0000,  0.0000,  0.0000,  0.0000]])
tensor([[0.6622, 1.0000, 0.0000, 0.0000, 0.0000, 0.0000]])
tensor([[-0.7148,  1.0000,  0.0000,  0.0000,  0.0000,  0.0000]])
tensor([[0.0062, 1.0000, 0.0000, 0.0000, 0.0000, 0.0000]])
tensor([[0.6342, 1.0000, 0.0000, 0.0000, 0.0000, 0.0000]])
tensor([[-0.3636,  1.0000,  0.0000,  0.0000,  0.0000,  0.0000]])
tensor([[-0.5371,  1.0000,  0.0000,  0.0000,  0.0000,  0.0000]])
tensor([[-0.6437,  1.0000,  0.0000,  0.0000,  0.0000,  0.0000]])
tensor([[-0.7389,  1.0000,  0.0000,  0.0000,  0.0000,  0.0000]])
tensor([[-0.1684,  1.0000,  0.0000,  0.0000,  0.0000,  0.0000]])
tensor([[0.3239, 1.0000, 1.0000, 0.0000, 1.0000, 0.0000]])
tensor([[-0.7158,  1.0000,  0.0000,  0.0000,  0.0000,  0.0000]])
tensor([[-0.6235,  1.0000,  0.0000,  0.0000,  0.0000,  0.0000]])
tensor([[0.9237, 1.0000, 0.0000, 0.0000, 0.0000, 0.0000]])
tensor([[0.3559, 1.0000, 0.0000, 0.0000, 0.0000, 0.0000]])
tensor([[0.4065, 1.0000, 0.0000, 0.0000, 0.0000, 0.0000]])
tensor([[-0.2899,  1.0000,  0.0000,  0.0000,  0.0000,  0.0000]])
tensor([[-0.4117,  0.0000,  0.0000,  0.0000,  0.0000,  0.0000]])
tensor([[-0.7515,  1.0000,  0.0000,  0.0000,  0.0000,  0.0000]])
tensor([[0.8200, 1.0000, 0.0000, 0.0000, 0.0000, 0.0000]])
tensor([[-0.7943,  1.0000,  0.0000,  0.0000,  0.0000,  0.0000]])
tensor([[0.9767, 1.0000, 0.0000, 0.0000, 0.0000, 0.0000]])
tensor([[-0.8802,  1.0000,  0.0000,  0.0000,  0.0000,  0.0000]])
tensor([[0.6120, 1.0000, 0.0000, 0.0000, 0.0000, 0.0000]])
tensor([[0.4514, 1.0000, 0.0000, 0.0000, 0.0000, 0.0000]])
tensor([[-0.3033,  1.0000,  0.0000,  0.0000,  0.0000,  0.0000]])
tensor([[0.4199, 1.0000, 0.0000, 0.0000, 0.0000, 0.0000]])
tensor([[0.7593, 1.0000, 1.0000, 0.0000, 0.0000, 0.0000]])
tensor([[-0.2146,  1.0000,  0.0000,  0.0000,  0.0000,  0.0000]])
tensor([[0.1764, 1.0000, 0.0000, 0.0000, 0.0000, 0.0000]])
tensor([[0.9319, 1.0000, 0.0000, 0.0000, 0.0000, 0.0000]])
tensor([[0.7961, 1.0000, 0.0000, 0.0000, 0.0000, 0.0000]])
tensor([[-0.2080,  1.0000,  0.0000,  0.0000,  0.0000,  0.0000]])
tensor([[-0.5570,  1.0000,  0.0000,  0.0000,  0.0000,  0.0000]])
tensor([[0.7654, 1.0000, 0.0000, 0.0000, 0.0000, 0.0000]])
tensor([[0.8260, 1.0000, 0.0000, 0.0000, 0.0000, 0.0000]])
tensor([[-0.9396,  1.0000,  0.0000,  0.0000,  0.0000,  0.0000]])
tensor([[-0.8518,  1.0000,  0.0000,  0.0000,  0.0000,  0.0000]])
tensor([[0.0079, 1.0000, 0.0000, 0.0000, 0.0000, 0.0000]])
tensor([[0.7010, 1.0000, 0.0000, 0.0000, 0.0000, 0.0000]])
tensor([[-0.9281,  1.0000,  0.0000,  0.0000,  0.0000,  0.0000]])
tensor([[-0.6664,  1.0000,  0.0000,  0.0000,  0.0000,  0.0000]])
tensor([[-0.4663,  1.0000,  0.0000,  0.0000,  0.0000,  0.0000]])
tensor([[-0.9136,  1.0000,  0.0000,  0.0000,  0.0000,  0.0000]])
tensor([[-0.6817,  1.0000,  0.0000,  0.0000,  0.0000,  0.0000]])
tensor([[-0.8217,  1.0000,  0.0000,  0.0000,  0.0000,  0.0000]])
tensor([[-0.9613,  1.0000,  0.0000,  0.0000,  0.0000,  0.0000]])
tensor([[-0.4701,  1.0000,  0.0000,  0.0000,  0.0000,  0.0000]])
tensor([[-0.6996,  1.0000,  0.0000,  0.0000,  0.0000,  0.0000]])
tensor([[-0.9716,  1.0000,  0.0000,  0.0000,  0.0000,  0.0000]])
tensor([[-0.6643,  1.0000,  0.0000,  0.0000,  0.0000,  0.0000]])
tensor([[-0.4263,  1.0000,  0.0000,  0.0000,  0.0000,  0.0000]])
tensor([[0.2794, 1.0000, 0.0000, 0.0000, 0.0000, 0.0000]])
tensor([[0.0802, 1.0000, 0.0000, 0.0000, 0.0000, 0.0000]])
tensor([[-0.6162,  1.0000,  0.0000,  0.0000,  0.0000,  0.0000]])
tensor([[0.0191, 1.0000, 0.0000, 0.0000, 0.0000, 0.0000]])
tensor([[0.5428, 1.0000, 0.0000, 0.0000, 0.0000, 0.0000]])
tensor([[-0.2062,  1.0000,  0.0000,  0.0000,  0.0000,  0.0000]])
tensor([[-0.8581,  0.0000,  0.0000,  0.0000,  0.0000,  0.0000]])
tensor([[0.6195, 1.0000, 0.0000, 0.0000, 0.0000, 0.0000]])
tensor([[0.9584, 1.0000, 0.0000, 0.0000, 0.0000, 0.0000]])
tensor([[0.3095, 1.0000, 0.0000, 0.0000, 0.0000, 0.0000]])
tensor([[0.4175, 1.0000, 1.0000, 0.0000, 0.0000, 0.0000]])
tensor([[-0.5176,  1.0000,  0.0000,  0.0000,  0.0000,  0.0000]])
tensor([[0.7463, 1.0000, 0.0000, 0.0000, 0.0000, 0.0000]])
tensor([[-0.7606,  1.0000,  0.0000,  0.0000,  0.0000,  0.0000]])
tensor([[0.1040, 1.0000, 0.0000, 0.0000, 0.0000, 0.0000]])
tensor([[0.8383, 1.0000, 0.0000, 0.0000, 0.0000, 0.0000]])
tensor([[0.5545, 1.0000, 0.0000, 0.0000, 0.0000, 0.0000]])
tensor([[-0.9879,  1.0000,  0.0000,  0.0000,  0.0000,  0.0000]])
tensor([[0.1494, 1.0000, 0.0000, 0.0000, 0.0000, 0.0000]])
tensor([[0.4205, 1.0000, 0.0000, 0.0000, 0.0000, 0.0000]])
tensor([[-0.6035,  1.0000,  0.0000,  0.0000,  0.0000,  0.0000]])
tensor([[0.0554, 1.0000, 0.0000, 0.0000, 0.0000, 0.0000]])
tensor([[0.9699, 1.0000, 0.0000, 0.0000, 0.0000, 0.0000]])
tensor([[0.4515, 1.0000, 0.0000, 0.0000, 0.0000, 0.0000]])
tensor([[-0.2530,  1.0000,  0.0000,  0.0000,  0.0000,  0.0000]])
tensor([[0.7676, 1.0000, 0.0000, 0.0000, 0.0000, 0.0000]])
tensor([[-0.8159,  1.0000,  0.0000,  0.0000,  0.0000,  0.0000]])
tensor([[0.3112, 1.0000, 0.0000, 0.0000, 0.0000, 0.0000]])
tensor([[-0.4819,  0.0000,  0.0000,  0.0000,  0.0000,  0.0000]])
tensor([[-0.3254,  1.0000,  0.0000,  0.0000,  0.0000,  0.0000]])
tensor([[0.9243, 1.0000, 0.0000, 0.0000, 0.0000, 0.0000]])
tensor([[-0.5783,  1.0000,  0.0000,  0.0000,  0.0000,  0.0000]])
tensor([[-0.6497,  1.0000,  0.0000,  0.0000,  0.0000,  0.0000]])
tensor([[-0.6644,  1.0000,  0.0000,  0.0000,  0.0000,  0.0000]])
tensor([[0.0732, 1.0000, 0.0000, 0.0000, 0.0000, 0.0000]])
tensor([[0.6247, 1.0000, 0.0000, 0.0000, 0.0000, 0.0000]])
tensor([[-0.1601,  1.0000,  0.0000,  0.0000,  0.0000,  0.0000]])
tensor([[0.6264, 1.0000, 0.0000, 0.0000, 0.0000, 0.0000]])
tensor([[0.0048, 1.0000, 0.0000, 0.0000, 0.0000, 0.0000]])
tensor([[0.8341, 1.0000, 0.0000, 0.0000, 0.0000, 0.0000]])
tensor([[-0.8522,  1.0000,  0.0000,  0.0000,  0.0000,  0.0000]])
tensor([[-0.2645,  1.0000,  0.0000,  0.0000,  0.0000,  0.0000]])
tensor([[0.9182, 1.0000, 0.0000, 0.0000, 0.0000, 0.0000]])
tensor([[0.3905, 1.0000, 0.0000, 0.0000, 0.0000, 0.0000]])
tensor([[0.5598, 1.0000, 0.0000, 0.0000, 0.0000, 0.0000]])
tensor([[-0.7041,  1.0000,  0.0000,  0.0000,  0.0000,  0.0000]])
tensor([[-0.0268,  1.0000,  0.0000,  0.0000,  0.0000,  0.0000]])
tensor([[-0.0328,  1.0000,  0.0000,  0.0000,  0.0000,  0.0000]])
tensor([[-0.7175,  1.0000,  0.0000,  0.0000,  0.0000,  0.0000]])
tensor([[-0.3038,  1.0000,  0.0000,  0.0000,  0.0000,  0.0000]])
tensor([[-0.8944,  1.0000,  0.0000,  0.0000,  0.0000,  0.0000]])
tensor([[0.7954, 1.0000, 0.0000, 0.0000, 0.0000, 0.0000]])
tensor([[-0.8724,  1.0000,  0.0000,  0.0000,  0.0000,  0.0000]])
tensor([[0.3878, 1.0000, 1.0000, 0.0000, 0.0000, 0.0000]])
tensor([[0.3426, 1.0000, 0.0000, 0.0000, 0.0000, 0.0000]])
tensor([[0.9439, 1.0000, 0.0000, 0.0000, 0.0000, 0.0000]])
tensor([[0.0964, 1.0000, 0.0000, 0.0000, 0.0000, 0.0000]])
tensor([[0.9809, 1.0000, 0.0000, 0.0000, 0.0000, 0.0000]])
tensor([[0.3133, 1.0000, 0.0000, 0.0000, 0.0000, 0.0000]])
tensor([[0.6684, 1.0000, 0.0000, 0.0000, 0.0000, 0.0000]])
tensor([[0.2156, 1.0000, 0.0000, 0.0000, 0.0000, 0.0000]])
tensor([[-0.2893,  1.0000,  0.0000,  0.0000,  0.0000,  0.0000]])
tensor([[0.9300, 0.0000, 0.0000, 0.0000, 0.0000, 0.0000]])
tensor([[0.6129, 1.0000, 0.0000, 0.0000, 0.0000, 0.0000]])
tensor([[-0.6729,  1.0000,  0.0000,  0.0000,  0.0000,  0.0000]])
tensor([[-0.1038,  1.0000,  0.0000,  0.0000,  0.0000,  0.0000]])
tensor([[0.3445, 1.0000, 0.0000, 0.0000, 0.0000, 0.0000]])
tensor([[0.4417, 1.0000, 0.0000, 0.0000, 0.0000, 0.0000]])
tensor([[0.9287, 1.0000, 0.0000, 0.0000, 0.0000, 0.0000]])
tensor([[0.8443, 1.0000, 0.0000, 0.0000, 0.0000, 0.0000]])
tensor([[-0.8749,  1.0000,  0.0000,  0.0000,  0.0000,  0.0000]])
tensor([[0.0058, 1.0000, 0.0000, 0.0000, 0.0000, 0.0000]])
tensor([[-0.1835,  1.0000,  1.0000,  0.0000,  0.0000,  0.0000]])
tensor([[0.7906, 1.0000, 0.0000, 0.0000, 0.0000, 0.0000]])
tensor([[0.7942, 1.0000, 0.0000, 0.0000, 0.0000, 0.0000]])
tensor([[0.4502, 1.0000, 0.0000, 0.0000, 0.0000, 0.0000]])
tensor([[0.6265, 1.0000, 0.0000, 0.0000, 0.0000, 0.0000]])
tensor([[0.1385, 1.0000, 0.0000, 0.0000, 0.0000, 0.0000]])
tensor([[-0.9514,  1.0000,  0.0000,  0.0000,  0.0000,  0.0000]])
tensor([[0.3269, 1.0000, 0.0000, 0.0000, 0.0000, 0.0000]])
tensor([[-0.2814,  1.0000,  0.0000,  0.0000,  0.0000,  0.0000]])
tensor([[-0.7126,  1.0000,  0.0000,  0.0000,  0.0000,  0.0000]])
tensor([[-0.5753,  1.0000,  0.0000,  0.0000,  0.0000,  0.0000]])
tensor([[0.9740, 1.0000, 0.0000, 0.0000, 0.0000, 0.0000]])
tensor([[-0.5589,  1.0000,  1.0000,  0.0000,  0.0000,  0.0000]])
tensor([[-0.2272,  1.0000,  0.0000,  0.0000,  0.0000,  0.0000]])
tensor([[0.4982, 1.0000, 0.0000, 0.0000, 0.0000, 0.0000]])
tensor([[0.4418, 1.0000, 0.0000, 0.0000, 0.0000, 0.0000]])
tensor([[-0.7187,  1.0000,  0.0000,  0.0000,  0.0000,  0.0000]])
tensor([[-0.4445,  1.0000,  1.0000,  0.0000,  0.0000,  0.0000]])
tensor([[-0.0741,  1.0000,  0.0000,  0.0000,  0.0000,  0.0000]])
tensor([[-0.6376,  1.0000,  0.0000,  0.0000,  0.0000,  0.0000]])
tensor([[-0.1403,  1.0000,  0.0000,  0.0000,  0.0000,  0.0000]])
tensor([[0.5499, 1.0000, 0.0000, 0.0000, 0.0000, 0.0000]])
tensor([[0.3345, 1.0000, 0.0000, 0.0000, 0.0000, 0.0000]])
tensor([[-0.3529,  1.0000,  0.0000,  0.0000,  0.0000,  0.0000]])
tensor([[-0.6098,  1.0000,  1.0000,  0.0000,  0.0000,  0.0000]])
tensor([[-0.9430,  1.0000,  0.0000,  0.0000,  0.0000,  0.0000]])
tensor([[0.2446, 1.0000, 1.0000, 0.0000, 0.0000, 0.0000]])
tensor([[-0.5684,  1.0000,  0.0000,  0.0000,  0.0000,  0.0000]])
tensor([[0.9953, 1.0000, 1.0000, 0.0000, 0.0000, 0.0000]])
tensor([[0.9128, 1.0000, 0.0000, 0.0000, 0.0000, 0.0000]])
tensor([[-0.9375,  1.0000,  0.0000,  0.0000,  0.0000,  0.0000]])
tensor([[-0.0981,  1.0000,  0.0000,  0.0000,  0.0000,  0.0000]])
tensor([[0.7606, 1.0000, 0.0000, 0.0000, 0.0000, 0.0000]])
tensor([[0.9003, 1.0000, 0.0000, 0.0000, 0.0000, 0.0000]])
tensor([[-0.8138,  1.0000,  0.0000,  0.0000,  0.0000,  0.0000]])
tensor([[0.4041, 1.0000, 0.0000, 0.0000, 0.0000, 0.0000]])
tensor([[-0.1673,  1.0000,  0.0000,  0.0000,  0.0000,  0.0000]])
tensor([[-0.1180,  1.0000,  0.0000,  0.0000,  0.0000,  0.0000]])
tensor([[-0.6084,  1.0000,  0.0000,  0.0000,  0.0000,  0.0000]])
tensor([[-0.4238,  1.0000,  0.0000,  0.0000,  0.0000,  0.0000]])
tensor([[-0.6469,  1.0000,  0.0000,  0.0000,  0.0000,  0.0000]])
tensor([[-0.3612,  1.0000,  0.0000,  0.0000,  0.0000,  0.0000]])
tensor([[0.7835, 1.0000, 1.0000, 0.0000, 0.0000, 0.0000]])
tensor([[-0.6956,  1.0000,  0.0000,  0.0000,  0.0000,  0.0000]])
tensor([[-0.8453,  1.0000,  0.0000,  0.0000,  0.0000,  0.0000]])
tensor([[-0.4339,  1.0000,  0.0000,  0.0000,  0.0000,  0.0000]])
tensor([[-0.6387,  1.0000,  0.0000,  0.0000,  0.0000,  0.0000]])
tensor([[0.7834, 1.0000, 0.0000, 0.0000, 0.0000, 0.0000]])
tensor([[-0.4070,  1.0000,  0.0000,  0.0000,  0.0000,  0.0000]])
tensor([[-0.5610,  1.0000,  0.0000,  0.0000,  0.0000,  0.0000]])
tensor([[-0.9478,  1.0000,  0.0000,  0.0000,  0.0000,  0.0000]])
tensor([[-0.2890,  1.0000,  0.0000,  0.0000,  0.0000,  0.0000]])
tensor([[-0.9413,  1.0000,  0.0000,  0.0000,  0.0000,  0.0000]])
tensor([[-0.7714,  1.0000,  0.0000,  0.0000,  0.0000,  0.0000]])
tensor([[-0.9392,  1.0000,  0.0000,  0.0000,  0.0000,  0.0000]])
tensor([[0.3472, 1.0000, 0.0000, 0.0000, 0.0000, 0.0000]])
tensor([[-0.8841,  1.0000,  0.0000,  0.0000,  0.0000,  0.0000]])
tensor([[-0.7045,  1.0000,  0.0000,  0.0000,  0.0000,  0.0000]])
tensor([[-0.6892,  1.0000,  0.0000,  0.0000,  0.0000,  0.0000]])
tensor([[-0.1343,  1.0000,  0.0000,  0.0000,  0.0000,  0.0000]])
tensor([[-0.0479,  1.0000,  0.0000,  0.0000,  0.0000,  0.0000]])
tensor([[-0.8432,  1.0000,  0.0000,  0.0000,  0.0000,  0.0000]])
tensor([[-0.0352,  1.0000,  0.0000,  0.0000,  0.0000,  0.0000]])
tensor([[-0.9639,  1.0000,  0.0000,  0.0000,  0.0000,  0.0000]])
tensor([[0.1149, 1.0000, 0.0000, 0.0000, 0.0000, 0.0000]])
tensor([[0.4445, 1.0000, 0.0000, 0.0000, 0.0000, 0.0000]])
tensor([[-2.3989e-04,  1.0000e+00,  0.0000e+00,  0.0000e+00,  0.0000e+00,
          0.0000e+00]])
tensor([[0.3247, 1.0000, 0.0000, 0.0000, 0.0000, 0.0000]])
tensor([[-0.4127,  1.0000,  0.0000,  0.0000,  0.0000,  0.0000]])
tensor([[-0.6396,  1.0000,  0.0000,  0.0000,  0.0000,  0.0000]])
tensor([[-0.0743,  1.0000,  0.0000,  0.0000,  0.0000,  0.0000]])
tensor([[0.7273, 1.0000, 0.0000, 0.0000, 0.0000, 0.0000]])
tensor([[0.7802, 1.0000, 0.0000, 0.0000, 0.0000, 0.0000]])
tensor([[0.9308, 1.0000, 1.0000, 0.0000, 0.0000, 0.0000]])
tensor([[0.9041, 1.0000, 0.0000, 0.0000, 0.0000, 0.0000]])
tensor([[0.9196, 1.0000, 1.0000, 0.0000, 0.0000, 0.0000]])
tensor([[-0.1289,  1.0000,  0.0000,  0.0000,  0.0000,  0.0000]])
tensor([[-0.3315,  1.0000,  0.0000,  0.0000,  0.0000,  0.0000]])
tensor([[-0.4541,  1.0000,  0.0000,  0.0000,  0.0000,  0.0000]])
tensor([[0.4929, 1.0000, 0.0000, 0.0000, 0.0000, 0.0000]])
tensor([[0.1215, 1.0000, 0.0000, 0.0000, 0.0000, 0.0000]])
tensor([[-0.3783,  1.0000,  0.0000,  0.0000,  0.0000,  0.0000]])
tensor([[-0.8081,  1.0000,  0.0000,  0.0000,  0.0000,  0.0000]])
tensor([[-0.5213,  1.0000,  0.0000,  0.0000,  0.0000,  0.0000]])
tensor([[-0.1464,  1.0000,  0.0000,  0.0000,  0.0000,  0.0000]])
tensor([[-0.7141,  1.0000,  0.0000,  0.0000,  0.0000,  0.0000]])
tensor([[0.7331, 1.0000, 0.0000, 0.0000, 0.0000, 0.0000]])
tensor([[0.5697, 1.0000, 0.0000, 0.0000, 0.0000, 0.0000]])
tensor([[0.0322, 1.0000, 0.0000, 0.0000, 0.0000, 0.0000]])
tensor([[-0.4836,  1.0000,  0.0000,  0.0000,  0.0000,  0.0000]])
tensor([[-0.1077,  1.0000,  0.0000,  0.0000,  0.0000,  0.0000]])
tensor([[0.7451, 1.0000, 0.0000, 0.0000, 0.0000, 0.0000]])
tensor([[-0.8360,  1.0000,  1.0000,  0.0000,  0.0000,  0.0000]])
tensor([[-0.2235,  1.0000,  0.0000,  0.0000,  0.0000,  0.0000]])
tensor([[0.8737, 1.0000, 0.0000, 0.0000, 0.0000, 0.0000]])
tensor([[-0.1997,  1.0000,  1.0000,  0.0000,  0.0000,  0.0000]])
tensor([[0.5977, 1.0000, 0.0000, 0.0000, 0.0000, 0.0000]])
tensor([[-0.2988,  1.0000,  0.0000,  0.0000,  0.0000,  0.0000]])
tensor([[0.6684, 1.0000, 0.0000, 0.0000, 0.0000, 0.0000]])
tensor([[0.2117, 1.0000, 0.0000, 0.0000, 0.0000, 0.0000]])
tensor([[-0.7413,  1.0000,  0.0000,  0.0000,  0.0000,  0.0000]])
tensor([[0.1793, 1.0000, 0.0000, 0.0000, 0.0000, 0.0000]])
tensor([[-0.6393,  1.0000,  0.0000,  0.0000,  0.0000,  0.0000]])
tensor([[0.2524, 1.0000, 0.0000, 0.0000, 0.0000, 0.0000]])
tensor([[-0.6211,  1.0000,  1.0000,  0.0000,  0.0000,  0.0000]])
tensor([[0.8390, 1.0000, 0.0000, 0.0000, 0.0000, 0.0000]])
tensor([[-0.8838,  1.0000,  0.0000,  0.0000,  0.0000,  0.0000]])
tensor([[-0.5879,  1.0000,  0.0000,  0.0000,  0.0000,  0.0000]])
tensor([[0.5832, 1.0000, 0.0000, 0.0000, 0.0000, 0.0000]])
tensor([[0.9056, 1.0000, 0.0000, 0.0000, 0.0000, 0.0000]])
tensor([[0.3275, 1.0000, 0.0000, 0.0000, 0.0000, 0.0000]])
tensor([[0.4761, 1.0000, 0.0000, 0.0000, 0.0000, 0.0000]])
tensor([[0.7923, 1.0000, 0.0000, 0.0000, 0.0000, 0.0000]])
tensor([[0.3644, 1.0000, 0.0000, 0.0000, 0.0000, 0.0000]])
tensor([[0.3490, 1.0000, 0.0000, 0.0000, 0.0000, 0.0000]])
tensor([[-0.3877,  1.0000,  0.0000,  0.0000,  0.0000,  0.0000]])
tensor([[0.7344, 1.0000, 1.0000, 0.0000, 0.0000, 0.0000]])
tensor([[0.4064, 1.0000, 0.0000, 0.0000, 0.0000, 0.0000]])
tensor([[0.2578, 1.0000, 0.0000, 0.0000, 0.0000, 0.0000]])
tensor([[0.0272, 1.0000, 0.0000, 0.0000, 0.0000, 0.0000]])
tensor([[-0.8178,  1.0000,  0.0000,  0.0000,  0.0000,  0.0000]])
tensor([[-0.8787,  1.0000,  0.0000,  0.0000,  0.0000,  0.0000]])
tensor([[-0.3290,  1.0000,  0.0000,  0.0000,  0.0000,  0.0000]])
tensor([[0.7661, 1.0000, 0.0000, 0.0000, 0.0000, 0.0000]])
tensor([[0.0935, 1.0000, 0.0000, 0.0000, 0.0000, 0.0000]])
tensor([[-0.6655,  1.0000,  0.0000,  0.0000,  0.0000,  0.0000]])
tensor([[-0.0789,  1.0000,  0.0000,  0.0000,  0.0000,  0.0000]])
tensor([[-0.9184,  1.0000,  0.0000,  0.0000,  0.0000,  0.0000]])
tensor([[0.6804, 1.0000, 0.0000, 0.0000, 0.0000, 0.0000]])
tensor([[-0.0401,  1.0000,  0.0000,  0.0000,  0.0000,  0.0000]])
tensor([[-0.7640,  1.0000,  0.0000,  0.0000,  0.0000,  0.0000]])
tensor([[0.5699, 0.0000, 0.0000, 0.0000, 0.0000, 0.0000]])
tensor([[-0.0513,  1.0000,  0.0000,  0.0000,  0.0000,  0.0000]])
tensor([[-0.8001,  1.0000,  0.0000,  0.0000,  0.0000,  0.0000]])
tensor([[0.5773, 1.0000, 0.0000, 0.0000, 0.0000, 0.0000]])
tensor([[-0.7921,  1.0000,  0.0000,  0.0000,  0.0000,  0.0000]])
tensor([[0.3259, 1.0000, 0.0000, 0.0000, 0.0000, 0.0000]])
tensor([[-0.7081,  1.0000,  0.0000,  0.0000,  0.0000,  0.0000]])
tensor([[0.5275, 1.0000, 0.0000, 0.0000, 0.0000, 0.0000]])
tensor([[-0.3374,  1.0000,  1.0000,  0.0000,  0.0000,  0.0000]])
tensor([[-0.8305,  1.0000,  0.0000,  0.0000,  0.0000,  0.0000]])
tensor([[-0.2909,  1.0000,  0.0000,  0.0000,  0.0000,  0.0000]])
tensor([[-0.6958,  1.0000,  0.0000,  0.0000,  0.0000,  0.0000]])
tensor([[-0.6560,  1.0000,  0.0000,  0.0000,  0.0000,  0.0000]])
tensor([[-0.7605,  1.0000,  0.0000,  0.0000,  0.0000,  0.0000]])
tensor([[-0.4024,  1.0000,  0.0000,  0.0000,  0.0000,  0.0000]])
tensor([[-0.8915,  1.0000,  0.0000,  0.0000,  0.0000,  0.0000]])
tensor([[0.3233, 1.0000, 0.0000, 0.0000, 0.0000, 0.0000]])
tensor([[-0.8725,  1.0000,  0.0000,  0.0000,  0.0000,  0.0000]])
tensor([[-0.6530,  1.0000,  0.0000,  0.0000,  0.0000,  0.0000]])
tensor([[-0.3437,  1.0000,  0.0000,  0.0000,  0.0000,  0.0000]])
tensor([[0.8210, 1.0000, 0.0000, 0.0000, 0.0000, 0.0000]])
tensor([[-0.3170,  1.0000,  0.0000,  0.0000,  0.0000,  0.0000]])
tensor([[-0.6933,  1.0000,  0.0000,  0.0000,  0.0000,  0.0000]])
tensor([[0.3615, 1.0000, 0.0000, 0.0000, 0.0000, 0.0000]])
tensor([[0.8334, 1.0000, 0.0000, 0.0000, 0.0000, 0.0000]])
tensor([[-0.7716,  1.0000,  0.0000,  0.0000,  0.0000,  0.0000]])
tensor([[-0.7060,  1.0000,  0.0000,  0.0000,  0.0000,  0.0000]])
tensor([[-0.7523,  1.0000,  0.0000,  0.0000,  0.0000,  0.0000]])
tensor([[-0.3361,  1.0000,  0.0000,  0.0000,  0.0000,  0.0000]])
tensor([[-0.7029,  1.0000,  0.0000,  0.0000,  0.0000,  0.0000]])
tensor([[-0.0240,  1.0000,  0.0000,  0.0000,  0.0000,  0.0000]])
tensor([[0.2983, 1.0000, 0.0000, 0.0000, 0.0000, 0.0000]])
tensor([[-0.5314,  1.0000,  0.0000,  0.0000,  0.0000,  0.0000]])
tensor([[-0.2395,  1.0000,  0.0000,  0.0000,  0.0000,  0.0000]])
tensor([[-0.8336,  1.0000,  0.0000,  0.0000,  0.0000,  0.0000]])
tensor([[-0.4897,  1.0000,  0.0000,  0.0000,  0.0000,  0.0000]])
tensor([[-0.8471,  1.0000,  0.0000,  0.0000,  0.0000,  0.0000]])
tensor([[-0.9681,  1.0000,  0.0000,  0.0000,  0.0000,  0.0000]])
tensor([[0.7336, 1.0000, 0.0000, 0.0000, 0.0000, 0.0000]])
tensor([[0.9144, 1.0000, 0.0000, 0.0000, 0.0000, 0.0000]])
tensor([[-0.7645,  1.0000,  0.0000,  0.0000,  0.0000,  0.0000]])
tensor([[-0.4442,  1.0000,  0.0000,  0.0000,  0.0000,  0.0000]])
tensor([[0.5102, 1.0000, 0.0000, 0.0000, 0.0000, 0.0000]])
tensor([[-0.0418,  1.0000,  0.0000,  0.0000,  0.0000,  0.0000]])
tensor([[0.1904, 1.0000, 0.0000, 0.0000, 0.0000, 0.0000]])
tensor([[0.0755, 1.0000, 0.0000, 0.0000, 0.0000, 0.0000]])
tensor([[0.4504, 1.0000, 0.0000, 0.0000, 0.0000, 0.0000]])
tensor([[-0.8780,  1.0000,  0.0000,  0.0000,  0.0000,  0.0000]])
tensor([[0.6302, 1.0000, 0.0000, 0.0000, 0.0000, 0.0000]])
tensor([[-0.2909,  1.0000,  0.0000,  0.0000,  0.0000,  0.0000]])
tensor([[-0.2284,  1.0000,  0.0000,  0.0000,  0.0000,  0.0000]])
tensor([[0.4259, 1.0000, 0.0000, 0.0000, 0.0000, 0.0000]])
tensor([[-0.5145,  1.0000,  0.0000,  0.0000,  0.0000,  0.0000]])
tensor([[-0.8549,  1.0000,  0.0000,  0.0000,  0.0000,  0.0000]])
tensor([[-0.9282,  1.0000,  0.0000,  0.0000,  0.0000,  0.0000]])
tensor([[0.8622, 1.0000, 0.0000, 0.0000, 0.0000, 0.0000]])
tensor([[-0.7785,  1.0000,  0.0000,  0.0000,  0.0000,  0.0000]])
tensor([[-0.5185,  1.0000,  0.0000,  0.0000,  0.0000,  0.0000]])
tensor([[-0.1446,  1.0000,  0.0000,  0.0000,  0.0000,  0.0000]])
tensor([[-0.7306,  1.0000,  0.0000,  0.0000,  0.0000,  0.0000]])
tensor([[0.4126, 1.0000, 0.0000, 0.0000, 0.0000, 0.0000]])
tensor([[0.8125, 1.0000, 0.0000, 0.0000, 0.0000, 0.0000]])
tensor([[-0.5118,  1.0000,  0.0000,  0.0000,  0.0000,  0.0000]])
tensor([[0.7780, 1.0000, 0.0000, 0.0000, 0.0000, 0.0000]])
tensor([[-0.8671,  1.0000,  0.0000,  0.0000,  0.0000,  0.0000]])
tensor([[0.2321, 1.0000, 0.0000, 0.0000, 0.0000, 0.0000]])
tensor([[0.2926, 1.0000, 0.0000, 0.0000, 0.0000, 0.0000]])
tensor([[-0.2229,  1.0000,  1.0000,  0.0000,  0.0000,  0.0000]])
tensor([[0.5195, 1.0000, 0.0000, 0.0000, 0.0000, 0.0000]])
tensor([[-0.4777,  1.0000,  0.0000,  0.0000,  0.0000,  0.0000]])
tensor([[-0.2406,  1.0000,  0.0000,  0.0000,  0.0000,  0.0000]])
tensor([[-0.3463,  0.0000,  0.0000,  0.0000,  0.0000,  0.0000]])
tensor([[-0.3704,  1.0000,  0.0000,  0.0000,  0.0000,  0.0000]])
tensor([[-0.5472,  1.0000,  0.0000,  0.0000,  0.0000,  0.0000]])
tensor([[-0.0998,  1.0000,  0.0000,  0.0000,  0.0000,  0.0000]])
tensor([[-0.4179,  1.0000,  0.0000,  0.0000,  0.0000,  0.0000]])
tensor([[-0.8438,  1.0000,  0.0000,  0.0000,  0.0000,  0.0000]])
tensor([[-0.7393,  1.0000,  0.0000,  1.0000,  0.0000,  0.0000]])
tensor([[-0.8807,  1.0000,  0.0000,  0.0000,  0.0000,  0.0000]])
tensor([[-0.1536,  1.0000,  0.0000,  0.0000,  0.0000,  0.0000]])
tensor([[0.0815, 1.0000, 0.0000, 0.0000, 0.0000, 0.0000]])
tensor([[0.2860, 1.0000, 0.0000, 0.0000, 0.0000, 0.0000]])
tensor([[-0.8605,  1.0000,  0.0000,  0.0000,  0.0000,  0.0000]])
tensor([[-0.2333,  1.0000,  0.0000,  0.0000,  0.0000,  0.0000]])
INFO:root:Agent 0 (TQCars): avg action time = 0.0011s
tensor([[-0.5422,  1.0000,  0.0000,  0.0000,  0.0000,  0.0000]])
tensor([[-0.3396,  1.0000,  0.0000,  0.0000,  0.0000,  0.0000]])
tensor([[-0.7787,  1.0000,  0.0000,  0.0000,  0.0000,  0.0000]])
tensor([[0.4702, 1.0000, 0.0000, 0.0000, 0.0000, 0.0000]])
tensor([[-0.8333,  1.0000,  0.0000,  0.0000,  0.0000,  0.0000]])
tensor([[0.4109, 1.0000, 0.0000, 0.0000, 0.0000, 0.0000]])
tensor([[-0.6379,  1.0000,  0.0000,  0.0000,  0.0000,  0.0000]])
tensor([[0.8352, 1.0000, 0.0000, 0.0000, 0.0000, 0.0000]])
tensor([[-0.1988,  1.0000,  0.0000,  0.0000,  0.0000,  0.0000]])
tensor([[0.0392, 1.0000, 0.0000, 0.0000, 0.0000, 0.0000]])
tensor([[-0.7515,  1.0000,  0.0000,  0.0000,  0.0000,  0.0000]])
tensor([[0.7532, 1.0000, 0.0000, 0.0000, 0.0000, 0.0000]])
tensor([[0.4705, 1.0000, 0.0000, 0.0000, 0.0000, 0.0000]])
tensor([[-0.6879,  1.0000,  0.0000,  0.0000,  0.0000,  0.0000]])
tensor([[-0.9513,  1.0000,  0.0000,  0.0000,  0.0000,  0.0000]])
tensor([[-0.5142,  1.0000,  0.0000,  0.0000,  0.0000,  0.0000]])
tensor([[0.5218, 1.0000, 0.0000, 0.0000, 0.0000, 0.0000]])
tensor([[-0.8837,  1.0000,  0.0000,  0.0000,  0.0000,  0.0000]])
tensor([[-0.8942,  1.0000,  0.0000,  0.0000,  0.0000,  0.0000]])
tensor([[-0.0341,  1.0000,  0.0000,  0.0000,  0.0000,  0.0000]])
tensor([[-0.6540,  1.0000,  0.0000,  0.0000,  0.0000,  0.0000]])
tensor([[0.1331, 1.0000, 0.0000, 0.0000, 0.0000, 0.0000]])
tensor([[0.7184, 1.0000, 0.0000, 0.0000, 0.0000, 0.0000]])
tensor([[0.6342, 1.0000, 0.0000, 0.0000, 0.0000, 0.0000]])
tensor([[-0.5365,  1.0000,  0.0000,  0.0000,  0.0000,  0.0000]])
tensor([[-0.6788,  1.0000,  0.0000,  0.0000,  0.0000,  0.0000]])
tensor([[-0.8461,  1.0000,  0.0000,  0.0000,  0.0000,  0.0000]])
tensor([[0.6276, 1.0000, 0.0000, 0.0000, 0.0000, 0.0000]])
tensor([[-0.4297,  1.0000,  1.0000,  0.0000,  0.0000,  0.0000]])
tensor([[0.9717, 1.0000, 0.0000, 0.0000, 0.0000, 0.0000]])
tensor([[0.0363, 1.0000, 0.0000, 0.0000, 0.0000, 0.0000]])
tensor([[0.8488, 1.0000, 0.0000, 0.0000, 0.0000, 0.0000]])
tensor([[0.4975, 1.0000, 1.0000, 0.0000, 0.0000, 0.0000]])
tensor([[0.7034, 1.0000, 0.0000, 0.0000, 0.0000, 0.0000]])
tensor([[-0.4045,  1.0000,  0.0000,  0.0000,  0.0000,  0.0000]])
tensor([[-0.8496,  1.0000,  0.0000,  0.0000,  0.0000,  0.0000]])
tensor([[-0.2446,  1.0000,  0.0000,  0.0000,  0.0000,  0.0000]])
tensor([[-0.3471,  1.0000,  0.0000,  0.0000,  0.0000,  0.0000]])
tensor([[-0.5200,  1.0000,  0.0000,  0.0000,  0.0000,  0.0000]])
tensor([[0.8293, 1.0000, 0.0000, 0.0000, 0.0000, 0.0000]])
tensor([[-0.9924,  1.0000,  0.0000,  0.0000,  0.0000,  0.0000]])
tensor([[0.3112, 1.0000, 0.0000, 0.0000, 0.0000, 0.0000]])
tensor([[-0.2043,  1.0000,  0.0000,  0.0000,  0.0000,  0.0000]])
tensor([[0.4301, 1.0000, 1.0000, 0.0000, 0.0000, 0.0000]])
tensor([[-0.9079,  1.0000,  0.0000,  0.0000,  0.0000,  0.0000]])
tensor([[0.6245, 1.0000, 0.0000, 0.0000, 0.0000, 0.0000]])
tensor([[-0.2824,  1.0000,  0.0000,  0.0000,  0.0000,  0.0000]])
tensor([[-0.4240,  1.0000,  0.0000,  0.0000,  0.0000,  0.0000]])
tensor([[0.4607, 1.0000, 0.0000, 0.0000, 0.0000, 0.0000]])
tensor([[0.8970, 1.0000, 0.0000, 0.0000, 0.0000, 0.0000]])
tensor([[0.8768, 1.0000, 0.0000, 0.0000, 0.0000, 0.0000]])
tensor([[0.8331, 1.0000, 0.0000, 0.0000, 0.0000, 0.0000]])
tensor([[0.7727, 1.0000, 0.0000, 0.0000, 0.0000, 0.0000]])
tensor([[0.7018, 1.0000, 0.0000, 0.0000, 0.0000, 0.0000]])
tensor([[0.5828, 1.0000, 0.0000, 0.0000, 0.0000, 0.0000]])
{"type": "results", "track": "black_forest", "results": [{"key": 0, "reward": -0.1, "position": 4, "name": "TQCars", "avg_action_time": 0.0011452992253034608}]}
