INFO:root:Loading the agents
INFO:root:Loaded player TQCars
INFO:root:Creating pystk-1
INFO:root:Adding wrapper <function get_wrappers.<locals>.<lambda> at 0x7bd83aaff420>
INFO:root:Adding wrapper <function get_wrappers.<locals>.<lambda> at 0x7bd83aaff4c0>
INFO:root:Adding wrapper <function get_wrappers.<locals>.<lambda> at 0x7bd83aaff560>
INFO:root:Adding wrapper <function get_wrappers.<locals>.<lambda> at 0x7bd83aaff600>
INFO:root:(multi-env mono adapter) Setting main environment max_paths to 5
INFO:root:Loading trained model from CHECKPOINT-GPUFAC/tqc_EXP14RACING_600000.pt...
INFO:root:Starting a race
tensor([[-0.4978,  1.0000,  0.0000,  0.0000,  0.0000,  0.0000]])
tensor([[-0.6415,  1.0000,  0.0000,  0.0000,  0.0000,  0.0000]])
tensor([[-0.6923,  1.0000,  0.0000,  0.0000,  0.0000,  0.0000]])
tensor([[-0.7448,  1.0000,  0.0000,  0.0000,  0.0000,  0.0000]])
tensor([[-0.5932,  1.0000,  0.0000,  0.0000,  0.0000,  0.0000]])
tensor([[-0.7721,  1.0000,  0.0000,  0.0000,  0.0000,  0.0000]])
tensor([[0.5885, 1.0000, 0.0000, 0.0000, 0.0000, 0.0000]])
tensor([[-0.7517,  1.0000,  0.0000,  0.0000,  0.0000,  0.0000]])
tensor([[0.4073, 1.0000, 0.0000, 0.0000, 0.0000, 0.0000]])
tensor([[-0.2408,  1.0000,  0.0000,  0.0000,  0.0000,  0.0000]])
tensor([[-0.0505,  1.0000,  0.0000,  0.0000,  0.0000,  0.0000]])
tensor([[0.3763, 1.0000, 0.0000, 0.0000, 0.0000, 0.0000]])
tensor([[-0.2275,  1.0000,  0.0000,  0.0000,  0.0000,  0.0000]])
tensor([[7.1943e-05, 1.0000e+00, 0.0000e+00, 0.0000e+00, 0.0000e+00, 0.0000e+00]])
tensor([[-0.4509,  1.0000,  0.0000,  0.0000,  0.0000,  0.0000]])
tensor([[-0.3745,  1.0000,  0.0000,  0.0000,  0.0000,  0.0000]])
tensor([[-0.1118,  1.0000,  0.0000,  0.0000,  0.0000,  0.0000]])
tensor([[0.1619, 1.0000, 0.0000, 0.0000, 0.0000, 0.0000]])
tensor([[0.9334, 1.0000, 0.0000, 0.0000, 0.0000, 0.0000]])
tensor([[0.0193, 1.0000, 0.0000, 0.0000, 0.0000, 0.0000]])
tensor([[0.1819, 1.0000, 0.0000, 0.0000, 0.0000, 0.0000]])
tensor([[0.3181, 1.0000, 0.0000, 0.0000, 0.0000, 0.0000]])
tensor([[0.3089, 1.0000, 0.0000, 0.0000, 0.0000, 0.0000]])
tensor([[-0.6333,  1.0000,  0.0000,  0.0000,  0.0000,  0.0000]])
tensor([[-0.1892,  1.0000,  0.0000,  0.0000,  0.0000,  0.0000]])
tensor([[-0.4258,  1.0000,  0.0000,  0.0000,  0.0000,  0.0000]])
tensor([[0.8019, 1.0000, 0.0000, 0.0000, 0.0000, 0.0000]])
tensor([[-0.6633,  1.0000,  0.0000,  0.0000,  0.0000,  0.0000]])
tensor([[0.3974, 1.0000, 0.0000, 0.0000, 0.0000, 0.0000]])
tensor([[0.7290, 1.0000, 0.0000, 0.0000, 0.0000, 0.0000]])
tensor([[-0.7606,  1.0000,  0.0000,  0.0000,  0.0000,  0.0000]])
tensor([[-0.0410,  1.0000,  0.0000,  0.0000,  0.0000,  0.0000]])
tensor([[-0.4923,  1.0000,  0.0000,  0.0000,  0.0000,  0.0000]])
tensor([[-0.7289,  1.0000,  0.0000,  0.0000,  0.0000,  0.0000]])
tensor([[0.8764, 1.0000, 0.0000, 0.0000, 0.0000, 0.0000]])
tensor([[0.6814, 1.0000, 0.0000, 0.0000, 0.0000, 0.0000]])
tensor([[0.7404, 1.0000, 0.0000, 0.0000, 0.0000, 0.0000]])
tensor([[-0.1222,  1.0000,  0.0000,  0.0000,  0.0000,  0.0000]])
tensor([[-0.2541,  1.0000,  0.0000,  0.0000,  0.0000,  0.0000]])
tensor([[-0.7448,  1.0000,  0.0000,  0.0000,  0.0000,  0.0000]])
tensor([[-0.2505,  1.0000,  0.0000,  0.0000,  0.0000,  0.0000]])
tensor([[-0.3643,  1.0000,  0.0000,  0.0000,  0.0000,  0.0000]])
tensor([[0.8417, 1.0000, 0.0000, 0.0000, 0.0000, 0.0000]])
tensor([[0.4748, 1.0000, 0.0000, 0.0000, 0.0000, 0.0000]])
tensor([[0.0544, 1.0000, 0.0000, 0.0000, 0.0000, 0.0000]])
tensor([[-0.2172,  1.0000,  0.0000,  0.0000,  0.0000,  0.0000]])
tensor([[0.2309, 1.0000, 0.0000, 0.0000, 0.0000, 0.0000]])
tensor([[-0.2670,  1.0000,  0.0000,  0.0000,  0.0000,  0.0000]])
tensor([[0.3432, 1.0000, 0.0000, 0.0000, 0.0000, 0.0000]])
tensor([[-0.4701,  1.0000,  0.0000,  0.0000,  0.0000,  0.0000]])
tensor([[-0.6005,  1.0000,  0.0000,  0.0000,  0.0000,  0.0000]])
tensor([[-0.9622,  1.0000,  0.0000,  0.0000,  0.0000,  0.0000]])
tensor([[-0.0375,  1.0000,  0.0000,  0.0000,  0.0000,  0.0000]])
tensor([[0.8096, 1.0000, 0.0000, 0.0000, 0.0000, 0.0000]])
tensor([[-0.9504,  1.0000,  0.0000,  0.0000,  0.0000,  0.0000]])
tensor([[-0.9477,  1.0000,  0.0000,  0.0000,  0.0000,  0.0000]])
tensor([[-0.6015,  1.0000,  0.0000,  0.0000,  0.0000,  0.0000]])
tensor([[0.1370, 1.0000, 0.0000, 0.0000, 0.0000, 0.0000]])
tensor([[-0.9574,  1.0000,  0.0000,  0.0000,  0.0000,  0.0000]])
tensor([[-0.5227,  1.0000,  0.0000,  0.0000,  0.0000,  0.0000]])
tensor([[-0.9274,  1.0000,  0.0000,  0.0000,  0.0000,  0.0000]])
tensor([[-0.4396,  1.0000,  0.0000,  0.0000,  0.0000,  0.0000]])
tensor([[0.3164, 1.0000, 0.0000, 0.0000, 0.0000, 0.0000]])
tensor([[0.7777, 1.0000, 0.0000, 0.0000, 0.0000, 0.0000]])
tensor([[-0.9684,  1.0000,  0.0000,  0.0000,  0.0000,  0.0000]])
tensor([[-0.9356,  1.0000,  0.0000,  0.0000,  0.0000,  0.0000]])
tensor([[-0.9214,  1.0000,  0.0000,  0.0000,  0.0000,  0.0000]])
tensor([[-0.5272,  1.0000,  0.0000,  0.0000,  0.0000,  0.0000]])
tensor([[0.2954, 1.0000, 0.0000, 0.0000, 0.0000, 0.0000]])
tensor([[-0.7106,  1.0000,  0.0000,  0.0000,  0.0000,  0.0000]])
tensor([[-0.5861,  1.0000,  0.0000,  0.0000,  0.0000,  0.0000]])
tensor([[0.4138, 1.0000, 0.0000, 0.0000, 0.0000, 0.0000]])
tensor([[0.7472, 1.0000, 0.0000, 0.0000, 0.0000, 0.0000]])
tensor([[-0.8988,  1.0000,  0.0000,  0.0000,  0.0000,  0.0000]])
tensor([[-0.9109,  1.0000,  0.0000,  0.0000,  0.0000,  0.0000]])
tensor([[-0.9402,  1.0000,  0.0000,  0.0000,  0.0000,  0.0000]])
tensor([[-0.9207,  1.0000,  0.0000,  0.0000,  0.0000,  0.0000]])
tensor([[-0.5316,  1.0000,  0.0000,  0.0000,  0.0000,  0.0000]])
tensor([[-0.9425,  1.0000,  0.0000,  0.0000,  0.0000,  0.0000]])
tensor([[-0.7484,  1.0000,  0.0000,  0.0000,  0.0000,  0.0000]])
tensor([[-0.6085,  1.0000,  0.0000,  0.0000,  0.0000,  0.0000]])
tensor([[-0.9934,  1.0000,  0.0000,  0.0000,  0.0000,  0.0000]])
tensor([[-0.8644,  1.0000,  0.0000,  0.0000,  0.0000,  0.0000]])
tensor([[-0.5792,  1.0000,  0.0000,  0.0000,  0.0000,  0.0000]])
tensor([[-0.9524,  1.0000,  0.0000,  0.0000,  0.0000,  0.0000]])
tensor([[-0.9060,  1.0000,  0.0000,  0.0000,  0.0000,  0.0000]])
tensor([[-0.9853,  1.0000,  0.0000,  0.0000,  0.0000,  0.0000]])
tensor([[-0.1023,  1.0000,  0.0000,  0.0000,  0.0000,  0.0000]])
tensor([[0.4728, 1.0000, 0.0000, 0.0000, 0.0000, 0.0000]])
tensor([[-0.8938,  1.0000,  0.0000,  0.0000,  0.0000,  0.0000]])
tensor([[0.0820, 1.0000, 0.0000, 0.0000, 0.0000, 0.0000]])
tensor([[0.7212, 1.0000, 0.0000, 0.0000, 0.0000, 0.0000]])
tensor([[-0.8635,  1.0000,  0.0000,  0.0000,  0.0000,  0.0000]])
tensor([[-0.8964,  1.0000,  0.0000,  0.0000,  0.0000,  0.0000]])
tensor([[-0.9894,  1.0000,  0.0000,  0.0000,  0.0000,  0.0000]])
tensor([[-0.9261,  1.0000,  0.0000,  0.0000,  0.0000,  0.0000]])
tensor([[-0.8940,  1.0000,  0.0000,  0.0000,  0.0000,  0.0000]])
tensor([[-0.7942,  1.0000,  0.0000,  0.0000,  0.0000,  0.0000]])
tensor([[-0.8366,  1.0000,  0.0000,  0.0000,  0.0000,  0.0000]])
tensor([[-0.7517,  1.0000,  0.0000,  0.0000,  0.0000,  0.0000]])
tensor([[0.8400, 1.0000, 0.0000, 0.0000, 0.0000, 0.0000]])
tensor([[0.8225, 1.0000, 0.0000, 0.0000, 0.0000, 0.0000]])
tensor([[-0.7442,  1.0000,  0.0000,  0.0000,  0.0000,  0.0000]])
tensor([[-0.7407,  1.0000,  0.0000,  0.0000,  0.0000,  0.0000]])
tensor([[-0.0272,  1.0000,  0.0000,  0.0000,  0.0000,  0.0000]])
tensor([[-0.1071,  1.0000,  0.0000,  0.0000,  0.0000,  0.0000]])
tensor([[-0.6243,  1.0000,  0.0000,  0.0000,  0.0000,  0.0000]])
tensor([[0.9661, 1.0000, 0.0000, 0.0000, 0.0000, 0.0000]])
tensor([[-0.0336,  1.0000,  0.0000,  0.0000,  0.0000,  0.0000]])
tensor([[0.2139, 1.0000, 0.0000, 0.0000, 0.0000, 0.0000]])
tensor([[0.9625, 1.0000, 0.0000, 0.0000, 0.0000, 0.0000]])
tensor([[0.6461, 1.0000, 0.0000, 0.0000, 0.0000, 0.0000]])
tensor([[0.9161, 1.0000, 0.0000, 0.0000, 0.0000, 0.0000]])
tensor([[0.8113, 1.0000, 0.0000, 0.0000, 0.0000, 0.0000]])
tensor([[0.8661, 1.0000, 0.0000, 0.0000, 0.0000, 0.0000]])
tensor([[0.9444, 1.0000, 0.0000, 0.0000, 0.0000, 0.0000]])
tensor([[-0.3003,  1.0000,  0.0000,  0.0000,  0.0000,  0.0000]])
tensor([[0.6869, 1.0000, 0.0000, 0.0000, 0.0000, 0.0000]])
tensor([[0.9537, 0.0000, 0.0000, 0.0000, 0.0000, 0.0000]])
tensor([[0.0253, 1.0000, 0.0000, 0.0000, 0.0000, 0.0000]])
tensor([[0.8094, 1.0000, 0.0000, 0.0000, 0.0000, 0.0000]])
tensor([[-0.5303,  1.0000,  0.0000,  0.0000,  0.0000,  0.0000]])
tensor([[-0.4145,  1.0000,  0.0000,  0.0000,  0.0000,  0.0000]])
tensor([[-0.6761,  1.0000,  0.0000,  0.0000,  0.0000,  0.0000]])
tensor([[0.2525, 1.0000, 0.0000, 0.0000, 0.0000, 0.0000]])
tensor([[0.9468, 1.0000, 0.0000, 0.0000, 0.0000, 0.0000]])
tensor([[0.9674, 1.0000, 0.0000, 0.0000, 0.0000, 0.0000]])
tensor([[0.9797, 1.0000, 0.0000, 0.0000, 0.0000, 0.0000]])
tensor([[0.8000, 1.0000, 0.0000, 0.0000, 0.0000, 0.0000]])
tensor([[0.7280, 1.0000, 0.0000, 0.0000, 0.0000, 0.0000]])
tensor([[0.7921, 1.0000, 0.0000, 0.0000, 0.0000, 0.0000]])
tensor([[0.7349, 1.0000, 0.0000, 0.0000, 0.0000, 0.0000]])
tensor([[-0.6966,  1.0000,  0.0000,  0.0000,  0.0000,  0.0000]])
tensor([[0.8432, 1.0000, 0.0000, 0.0000, 0.0000, 0.0000]])
tensor([[-0.3252,  1.0000,  0.0000,  0.0000,  0.0000,  0.0000]])
tensor([[0.6149, 1.0000, 0.0000, 0.0000, 0.0000, 0.0000]])
tensor([[0.9700, 1.0000, 0.0000, 0.0000, 0.0000, 0.0000]])
tensor([[-0.8516,  1.0000,  0.0000,  0.0000,  0.0000,  0.0000]])
tensor([[-0.4468,  1.0000,  0.0000,  0.0000,  0.0000,  0.0000]])
tensor([[-0.1314,  1.0000,  0.0000,  0.0000,  0.0000,  0.0000]])
tensor([[-0.4240,  1.0000,  0.0000,  0.0000,  0.0000,  0.0000]])
tensor([[-0.5862,  1.0000,  0.0000,  0.0000,  0.0000,  0.0000]])
tensor([[0.2648, 1.0000, 0.0000, 0.0000, 0.0000, 0.0000]])
tensor([[-0.9752,  1.0000,  0.0000,  0.0000,  0.0000,  0.0000]])
tensor([[-0.7362,  1.0000,  0.0000,  0.0000,  0.0000,  0.0000]])
tensor([[-0.3517,  1.0000,  0.0000,  0.0000,  0.0000,  0.0000]])
tensor([[-0.6128,  1.0000,  0.0000,  0.0000,  0.0000,  0.0000]])
tensor([[-0.5968,  1.0000,  0.0000,  0.0000,  0.0000,  0.0000]])
tensor([[-0.1405,  1.0000,  0.0000,  0.0000,  0.0000,  0.0000]])
tensor([[-0.8820,  1.0000,  0.0000,  0.0000,  0.0000,  0.0000]])
tensor([[0.6910, 1.0000, 0.0000, 0.0000, 0.0000, 0.0000]])
tensor([[-0.9221,  0.0000,  0.0000,  0.0000,  0.0000,  0.0000]])
tensor([[-0.4738,  1.0000,  0.0000,  0.0000,  0.0000,  0.0000]])
tensor([[-0.4573,  1.0000,  0.0000,  0.0000,  0.0000,  0.0000]])
tensor([[0.3260, 1.0000, 0.0000, 0.0000, 0.0000, 0.0000]])
tensor([[0.8496, 1.0000, 0.0000, 0.0000, 0.0000, 0.0000]])
tensor([[-0.4710,  1.0000,  0.0000,  0.0000,  0.0000,  0.0000]])
tensor([[-0.5354,  1.0000,  0.0000,  0.0000,  0.0000,  0.0000]])
tensor([[-0.7884,  1.0000,  0.0000,  0.0000,  0.0000,  0.0000]])
tensor([[-0.7728,  1.0000,  0.0000,  0.0000,  0.0000,  0.0000]])
tensor([[-0.6543,  1.0000,  0.0000,  0.0000,  0.0000,  0.0000]])
tensor([[-0.8869,  1.0000,  0.0000,  0.0000,  0.0000,  0.0000]])
tensor([[-0.2423,  1.0000,  0.0000,  0.0000,  0.0000,  0.0000]])
tensor([[-0.3581,  1.0000,  0.0000,  0.0000,  0.0000,  0.0000]])
tensor([[-0.9824,  1.0000,  0.0000,  0.0000,  0.0000,  0.0000]])
tensor([[-0.9944,  1.0000,  0.0000,  0.0000,  0.0000,  0.0000]])
tensor([[-0.9046,  1.0000,  0.0000,  0.0000,  0.0000,  0.0000]])
tensor([[-0.7903,  1.0000,  0.0000,  0.0000,  0.0000,  0.0000]])
tensor([[-0.9520,  1.0000,  0.0000,  0.0000,  0.0000,  0.0000]])
tensor([[-0.9579,  1.0000,  0.0000,  0.0000,  0.0000,  0.0000]])
tensor([[-0.5398,  1.0000,  0.0000,  0.0000,  0.0000,  0.0000]])
tensor([[-0.7186,  1.0000,  0.0000,  0.0000,  0.0000,  0.0000]])
tensor([[-0.5397,  1.0000,  0.0000,  0.0000,  0.0000,  0.0000]])
tensor([[0.4225, 1.0000, 0.0000, 0.0000, 0.0000, 0.0000]])
tensor([[0.3234, 1.0000, 0.0000, 0.0000, 0.0000, 0.0000]])
tensor([[0.2869, 1.0000, 0.0000, 0.0000, 0.0000, 0.0000]])
tensor([[0.7723, 1.0000, 0.0000, 0.0000, 0.0000, 0.0000]])
tensor([[0.8684, 1.0000, 0.0000, 0.0000, 0.0000, 0.0000]])
tensor([[0.8923, 1.0000, 0.0000, 0.0000, 0.0000, 0.0000]])
tensor([[0.9944, 1.0000, 0.0000, 0.0000, 0.0000, 0.0000]])
tensor([[0.9910, 1.0000, 0.0000, 0.0000, 0.0000, 0.0000]])
tensor([[0.9236, 1.0000, 0.0000, 0.0000, 0.0000, 0.0000]])
tensor([[0.7141, 1.0000, 0.0000, 0.0000, 0.0000, 0.0000]])
tensor([[0.9494, 1.0000, 0.0000, 0.0000, 0.0000, 0.0000]])
tensor([[0.9497, 1.0000, 0.0000, 0.0000, 0.0000, 0.0000]])
tensor([[0.9483, 1.0000, 0.0000, 0.0000, 0.0000, 0.0000]])
tensor([[0.7240, 1.0000, 1.0000, 0.0000, 0.0000, 0.0000]])
tensor([[0.5718, 1.0000, 0.0000, 0.0000, 0.0000, 0.0000]])
tensor([[0.4759, 1.0000, 0.0000, 0.0000, 0.0000, 0.0000]])
tensor([[-0.8948,  1.0000,  0.0000,  0.0000,  0.0000,  0.0000]])
tensor([[-0.9788,  1.0000,  0.0000,  0.0000,  0.0000,  0.0000]])
tensor([[-0.9645,  1.0000,  0.0000,  0.0000,  0.0000,  0.0000]])
tensor([[-0.9955,  1.0000,  0.0000,  0.0000,  0.0000,  0.0000]])
tensor([[-0.9104,  1.0000,  0.0000,  0.0000,  0.0000,  0.0000]])
tensor([[-0.9509,  1.0000,  0.0000,  0.0000,  0.0000,  0.0000]])
tensor([[-0.8550,  1.0000,  0.0000,  0.0000,  0.0000,  0.0000]])
tensor([[-0.9666,  1.0000,  0.0000,  0.0000,  0.0000,  0.0000]])
tensor([[-0.9082,  1.0000,  0.0000,  0.0000,  0.0000,  0.0000]])
tensor([[-0.8326,  1.0000,  0.0000,  0.0000,  0.0000,  0.0000]])
tensor([[-0.9157,  1.0000,  0.0000,  0.0000,  0.0000,  0.0000]])
tensor([[-0.4765,  1.0000,  0.0000,  0.0000,  0.0000,  0.0000]])
tensor([[-0.7015,  1.0000,  0.0000,  0.0000,  0.0000,  0.0000]])
tensor([[-0.9574,  1.0000,  0.0000,  0.0000,  0.0000,  0.0000]])
tensor([[-0.0106,  1.0000,  0.0000,  0.0000,  0.0000,  0.0000]])
tensor([[-0.8628,  1.0000,  0.0000,  0.0000,  0.0000,  0.0000]])
tensor([[-0.9159,  1.0000,  0.0000,  0.0000,  0.0000,  0.0000]])
tensor([[-0.8849,  1.0000,  0.0000,  0.0000,  0.0000,  0.0000]])
tensor([[-0.7498,  1.0000,  0.0000,  0.0000,  0.0000,  0.0000]])
tensor([[-0.1741,  1.0000,  0.0000,  0.0000,  0.0000,  0.0000]])
tensor([[-0.7691,  1.0000,  0.0000,  0.0000,  0.0000,  0.0000]])
tensor([[-0.9458,  1.0000,  0.0000,  0.0000,  0.0000,  0.0000]])
tensor([[-0.9636,  1.0000,  0.0000,  0.0000,  0.0000,  0.0000]])
tensor([[-0.8003,  1.0000,  0.0000,  0.0000,  0.0000,  0.0000]])
tensor([[0.5657, 1.0000, 0.0000, 0.0000, 0.0000, 0.0000]])
tensor([[-0.2361,  0.0000,  0.0000,  0.0000,  0.0000,  0.0000]])
tensor([[-0.8749,  1.0000,  0.0000,  0.0000,  0.0000,  0.0000]])
tensor([[-0.6337,  1.0000,  0.0000,  0.0000,  0.0000,  0.0000]])
tensor([[-0.8562,  1.0000,  0.0000,  0.0000,  0.0000,  0.0000]])
tensor([[-0.9367,  1.0000,  0.0000,  0.0000,  0.0000,  0.0000]])
tensor([[-0.6469,  1.0000,  0.0000,  0.0000,  0.0000,  0.0000]])
tensor([[-0.8183,  1.0000,  0.0000,  0.0000,  0.0000,  0.0000]])
tensor([[0.5130, 1.0000, 0.0000, 0.0000, 0.0000, 0.0000]])
tensor([[0.1964, 1.0000, 0.0000, 0.0000, 0.0000, 0.0000]])
tensor([[0.0030, 1.0000, 0.0000, 0.0000, 0.0000, 0.0000]])
tensor([[0.8367, 1.0000, 0.0000, 0.0000, 0.0000, 0.0000]])
tensor([[0.8109, 1.0000, 0.0000, 0.0000, 0.0000, 0.0000]])
tensor([[0.8964, 1.0000, 0.0000, 0.0000, 0.0000, 0.0000]])
tensor([[0.9813, 1.0000, 0.0000, 0.0000, 0.0000, 0.0000]])
tensor([[0.9056, 1.0000, 0.0000, 0.0000, 0.0000, 0.0000]])
tensor([[0.9400, 1.0000, 0.0000, 0.0000, 0.0000, 0.0000]])
tensor([[0.9164, 1.0000, 0.0000, 0.0000, 0.0000, 0.0000]])
tensor([[0.3817, 1.0000, 0.0000, 0.0000, 0.0000, 0.0000]])
tensor([[0.3886, 1.0000, 0.0000, 0.0000, 0.0000, 0.0000]])
tensor([[0.9560, 1.0000, 0.0000, 0.0000, 0.0000, 0.0000]])
tensor([[0.8805, 1.0000, 0.0000, 0.0000, 0.0000, 0.0000]])
tensor([[0.6440, 1.0000, 0.0000, 0.0000, 0.0000, 0.0000]])
tensor([[0.8476, 1.0000, 0.0000, 0.0000, 0.0000, 0.0000]])
tensor([[0.9458, 1.0000, 0.0000, 0.0000, 0.0000, 0.0000]])
tensor([[0.9947, 1.0000, 0.0000, 0.0000, 0.0000, 0.0000]])
tensor([[0.9633, 1.0000, 0.0000, 0.0000, 0.0000, 0.0000]])
tensor([[0.6746, 1.0000, 0.0000, 0.0000, 0.0000, 0.0000]])
tensor([[0.9297, 1.0000, 0.0000, 0.0000, 0.0000, 0.0000]])
tensor([[0.3910, 1.0000, 0.0000, 0.0000, 0.0000, 0.0000]])
tensor([[0.7168, 1.0000, 0.0000, 0.0000, 0.0000, 0.0000]])
tensor([[-0.1169,  1.0000,  0.0000,  0.0000,  0.0000,  0.0000]])
tensor([[-0.7334,  1.0000,  0.0000,  0.0000,  0.0000,  0.0000]])
tensor([[-0.1634,  1.0000,  0.0000,  0.0000,  0.0000,  0.0000]])
tensor([[0.2425, 1.0000, 0.0000, 0.0000, 0.0000, 0.0000]])
tensor([[-0.9065,  1.0000,  0.0000,  0.0000,  0.0000,  0.0000]])
tensor([[-0.4461,  1.0000,  0.0000,  0.0000,  0.0000,  0.0000]])
tensor([[-0.9289,  1.0000,  0.0000,  0.0000,  0.0000,  0.0000]])
tensor([[-0.7175,  1.0000,  0.0000,  0.0000,  0.0000,  0.0000]])
tensor([[-0.7208,  1.0000,  0.0000,  0.0000,  0.0000,  0.0000]])
tensor([[-0.9262,  1.0000,  0.0000,  0.0000,  0.0000,  0.0000]])
tensor([[-0.9178,  1.0000,  0.0000,  0.0000,  0.0000,  0.0000]])
tensor([[-0.1680,  1.0000,  0.0000,  0.0000,  0.0000,  0.0000]])
tensor([[-0.0770,  1.0000,  0.0000,  0.0000,  0.0000,  0.0000]])
tensor([[-0.0028,  1.0000,  1.0000,  0.0000,  0.0000,  0.0000]])
tensor([[-0.6760,  1.0000,  0.0000,  0.0000,  0.0000,  0.0000]])
tensor([[0.0292, 1.0000, 0.0000, 0.0000, 0.0000, 0.0000]])
tensor([[0.2092, 1.0000, 0.0000, 0.0000, 0.0000, 0.0000]])
tensor([[0.2150, 1.0000, 0.0000, 0.0000, 0.0000, 0.0000]])
tensor([[-0.9273,  1.0000,  0.0000,  0.0000,  0.0000,  0.0000]])
tensor([[-0.3751,  1.0000,  0.0000,  0.0000,  0.0000,  0.0000]])
tensor([[-0.5096,  1.0000,  0.0000,  0.0000,  0.0000,  0.0000]])
tensor([[-0.8665,  1.0000,  0.0000,  0.0000,  0.0000,  0.0000]])
tensor([[-0.0324,  1.0000,  0.0000,  1.0000,  0.0000,  0.0000]])
tensor([[0.2283, 1.0000, 0.0000, 0.0000, 0.0000, 0.0000]])
tensor([[0.3529, 1.0000, 0.0000, 0.0000, 0.0000, 0.0000]])
tensor([[0.2473, 1.0000, 0.0000, 0.0000, 0.0000, 0.0000]])
tensor([[-0.2814,  1.0000,  0.0000,  0.0000,  0.0000,  0.0000]])
tensor([[0.4018, 1.0000, 0.0000, 0.0000, 0.0000, 0.0000]])
tensor([[-0.8475,  1.0000,  0.0000,  0.0000,  0.0000,  0.0000]])
tensor([[-0.7877,  1.0000,  0.0000,  0.0000,  0.0000,  0.0000]])
tensor([[-0.0782,  1.0000,  0.0000,  0.0000,  0.0000,  0.0000]])
tensor([[-0.0040,  1.0000,  0.0000,  0.0000,  0.0000,  0.0000]])
tensor([[0.5472, 1.0000, 0.0000, 0.0000, 0.0000, 0.0000]])
tensor([[-0.0940,  1.0000,  0.0000,  0.0000,  0.0000,  0.0000]])
tensor([[-0.8729,  1.0000,  0.0000,  0.0000,  0.0000,  0.0000]])
tensor([[-0.0456,  1.0000,  0.0000,  0.0000,  0.0000,  0.0000]])
tensor([[-0.7415,  1.0000,  0.0000,  0.0000,  0.0000,  0.0000]])
tensor([[-0.7380,  1.0000,  0.0000,  0.0000,  0.0000,  0.0000]])
tensor([[-0.7423,  1.0000,  0.0000,  0.0000,  0.0000,  0.0000]])
tensor([[-0.5247,  1.0000,  0.0000,  0.0000,  0.0000,  0.0000]])
tensor([[-0.6530,  1.0000,  0.0000,  0.0000,  0.0000,  0.0000]])
tensor([[0.0854, 1.0000, 0.0000, 0.0000, 0.0000, 0.0000]])
tensor([[0.8388, 1.0000, 0.0000, 0.0000, 0.0000, 0.0000]])
tensor([[0.8949, 1.0000, 0.0000, 0.0000, 0.0000, 0.0000]])
tensor([[0.1785, 1.0000, 0.0000, 0.0000, 0.0000, 0.0000]])
tensor([[0.6855, 1.0000, 0.0000, 0.0000, 0.0000, 0.0000]])
tensor([[0.8248, 1.0000, 0.0000, 0.0000, 0.0000, 0.0000]])
tensor([[0.7366, 1.0000, 0.0000, 0.0000, 0.0000, 0.0000]])
tensor([[0.9644, 1.0000, 0.0000, 0.0000, 0.0000, 0.0000]])
tensor([[0.7741, 1.0000, 0.0000, 0.0000, 0.0000, 0.0000]])
tensor([[-0.6353,  1.0000,  0.0000,  0.0000,  0.0000,  0.0000]])
tensor([[-0.4112,  1.0000,  0.0000,  0.0000,  0.0000,  0.0000]])
tensor([[0.7621, 1.0000, 0.0000, 0.0000, 0.0000, 0.0000]])
tensor([[-0.0716,  1.0000,  0.0000,  0.0000,  0.0000,  0.0000]])
tensor([[-0.8982,  1.0000,  0.0000,  0.0000,  0.0000,  0.0000]])
tensor([[-0.7866,  1.0000,  0.0000,  0.0000,  0.0000,  0.0000]])
tensor([[-0.8019,  1.0000,  0.0000,  0.0000,  0.0000,  0.0000]])
tensor([[-0.9100,  1.0000,  0.0000,  0.0000,  0.0000,  0.0000]])
tensor([[-0.9629,  1.0000,  0.0000,  0.0000,  0.0000,  0.0000]])
tensor([[-0.7464,  1.0000,  0.0000,  0.0000,  0.0000,  0.0000]])
tensor([[-0.1326,  1.0000,  0.0000,  0.0000,  0.0000,  0.0000]])
tensor([[0.8667, 1.0000, 0.0000, 0.0000, 0.0000, 0.0000]])
tensor([[0.3383, 1.0000, 0.0000, 0.0000, 0.0000, 0.0000]])
tensor([[-0.1242,  1.0000,  0.0000,  0.0000,  0.0000,  0.0000]])
tensor([[0.7457, 1.0000, 0.0000, 0.0000, 0.0000, 0.0000]])
tensor([[-0.3737,  1.0000,  0.0000,  0.0000,  0.0000,  0.0000]])
tensor([[-0.3158,  1.0000,  0.0000,  0.0000,  0.0000,  0.0000]])
tensor([[0.9850, 1.0000, 0.0000, 0.0000, 0.0000, 0.0000]])
tensor([[0.1597, 1.0000, 0.0000, 0.0000, 0.0000, 0.0000]])
tensor([[0.6571, 1.0000, 0.0000, 0.0000, 0.0000, 0.0000]])
tensor([[-0.0096,  1.0000,  0.0000,  0.0000,  0.0000,  0.0000]])
tensor([[-0.3215,  1.0000,  0.0000,  0.0000,  0.0000,  0.0000]])
tensor([[-0.3130,  1.0000,  0.0000,  0.0000,  0.0000,  0.0000]])
tensor([[-0.5679,  1.0000,  0.0000,  0.0000,  0.0000,  0.0000]])
tensor([[-0.9299,  1.0000,  0.0000,  0.0000,  0.0000,  0.0000]])
tensor([[-0.5396,  1.0000,  0.0000,  0.0000,  0.0000,  0.0000]])
tensor([[0.0311, 1.0000, 0.0000, 0.0000, 0.0000, 0.0000]])
tensor([[-0.7544,  1.0000,  0.0000,  0.0000,  0.0000,  0.0000]])
tensor([[0.5810, 1.0000, 0.0000, 0.0000, 0.0000, 0.0000]])
tensor([[-0.6240,  1.0000,  0.0000,  0.0000,  0.0000,  0.0000]])
tensor([[-0.9119,  1.0000,  0.0000,  0.0000,  0.0000,  0.0000]])
tensor([[0.1415, 0.0000, 0.0000, 0.0000, 0.0000, 0.0000]])
tensor([[-0.9353,  1.0000,  0.0000,  0.0000,  0.0000,  0.0000]])
tensor([[-0.9572,  1.0000,  0.0000,  0.0000,  0.0000,  0.0000]])
tensor([[0.2347, 1.0000, 0.0000, 0.0000, 0.0000, 0.0000]])
tensor([[-0.5706,  1.0000,  0.0000,  0.0000,  0.0000,  0.0000]])
tensor([[-0.8931,  1.0000,  0.0000,  0.0000,  0.0000,  0.0000]])
tensor([[-0.8962,  1.0000,  0.0000,  0.0000,  0.0000,  0.0000]])
tensor([[-0.7893,  1.0000,  0.0000,  0.0000,  0.0000,  0.0000]])
tensor([[0.9542, 1.0000, 0.0000, 0.0000, 0.0000, 0.0000]])
tensor([[-0.4251,  1.0000,  0.0000,  0.0000,  0.0000,  0.0000]])
tensor([[-0.8816,  1.0000,  0.0000,  0.0000,  0.0000,  0.0000]])
tensor([[-0.3050,  1.0000,  0.0000,  0.0000,  0.0000,  0.0000]])
tensor([[-0.6084,  1.0000,  0.0000,  0.0000,  0.0000,  0.0000]])
tensor([[-0.4301,  1.0000,  0.0000,  0.0000,  0.0000,  0.0000]])
tensor([[0.0214, 1.0000, 0.0000, 0.0000, 0.0000, 0.0000]])
tensor([[-0.4455,  1.0000,  0.0000,  0.0000,  0.0000,  0.0000]])
tensor([[-0.5412,  1.0000,  0.0000,  0.0000,  0.0000,  0.0000]])
tensor([[-0.4846,  1.0000,  0.0000,  0.0000,  0.0000,  0.0000]])
tensor([[-0.4668,  1.0000,  0.0000,  0.0000,  0.0000,  0.0000]])
tensor([[0.7889, 1.0000, 0.0000, 0.0000, 0.0000, 0.0000]])
tensor([[0.0401, 1.0000, 0.0000, 0.0000, 0.0000, 0.0000]])
tensor([[-0.5465,  1.0000,  0.0000,  0.0000,  0.0000,  0.0000]])
tensor([[-0.4688,  1.0000,  0.0000,  0.0000,  0.0000,  0.0000]])
tensor([[-0.8840,  1.0000,  1.0000,  0.0000,  0.0000,  0.0000]])
tensor([[-0.1496,  1.0000,  0.0000,  0.0000,  0.0000,  0.0000]])
tensor([[0.3451, 1.0000, 0.0000, 0.0000, 0.0000, 0.0000]])
tensor([[-0.8454,  1.0000,  0.0000,  0.0000,  0.0000,  0.0000]])
tensor([[-0.1430,  1.0000,  0.0000,  0.0000,  0.0000,  0.0000]])
tensor([[0.3210, 1.0000, 0.0000, 0.0000, 0.0000, 0.0000]])
tensor([[-0.8774,  1.0000,  0.0000,  0.0000,  0.0000,  0.0000]])
tensor([[-0.9135,  1.0000,  0.0000,  0.0000,  0.0000,  0.0000]])
tensor([[-0.3027,  1.0000,  0.0000,  0.0000,  0.0000,  0.0000]])
tensor([[-0.4909,  1.0000,  0.0000,  0.0000,  0.0000,  0.0000]])
tensor([[-0.0644,  0.0000,  0.0000,  0.0000,  0.0000,  0.0000]])
tensor([[-0.4201,  1.0000,  0.0000,  0.0000,  0.0000,  0.0000]])
tensor([[0.1975, 1.0000, 0.0000, 0.0000, 0.0000, 0.0000]])
tensor([[-0.7705,  1.0000,  0.0000,  0.0000,  0.0000,  0.0000]])
tensor([[-0.8094,  1.0000,  0.0000,  0.0000,  0.0000,  0.0000]])
tensor([[-0.9775,  1.0000,  0.0000,  0.0000,  0.0000,  0.0000]])
tensor([[-0.9846,  1.0000,  0.0000,  0.0000,  0.0000,  0.0000]])
tensor([[-0.8241,  1.0000,  0.0000,  0.0000,  0.0000,  0.0000]])
tensor([[-0.6074,  1.0000,  0.0000,  0.0000,  0.0000,  0.0000]])
tensor([[-0.0177,  1.0000,  0.0000,  0.0000,  0.0000,  0.0000]])
tensor([[-0.2062,  1.0000,  0.0000,  0.0000,  0.0000,  0.0000]])
tensor([[-0.6896,  1.0000,  0.0000,  0.0000,  0.0000,  0.0000]])
tensor([[-0.9240,  1.0000,  0.0000,  0.0000,  0.0000,  0.0000]])
tensor([[-0.7660,  1.0000,  0.0000,  0.0000,  0.0000,  0.0000]])
tensor([[-0.8265,  1.0000,  0.0000,  0.0000,  0.0000,  0.0000]])
tensor([[0.8855, 1.0000, 0.0000, 0.0000, 0.0000, 0.0000]])
tensor([[-0.7591,  1.0000,  0.0000,  0.0000,  0.0000,  0.0000]])
tensor([[0.2613, 1.0000, 0.0000, 0.0000, 0.0000, 0.0000]])
tensor([[-0.9866,  1.0000,  0.0000,  0.0000,  0.0000,  0.0000]])
tensor([[-0.8389,  1.0000,  0.0000,  0.0000,  0.0000,  0.0000]])
tensor([[0.8104, 1.0000, 0.0000, 0.0000, 0.0000, 0.0000]])
tensor([[0.8145, 1.0000, 0.0000, 1.0000, 0.0000, 0.0000]])
tensor([[0.9465, 1.0000, 0.0000, 0.0000, 0.0000, 0.0000]])
tensor([[-0.7197,  1.0000,  0.0000,  0.0000,  0.0000,  0.0000]])
tensor([[-0.3401,  1.0000,  0.0000,  0.0000,  0.0000,  0.0000]])
tensor([[0.9664, 1.0000, 0.0000, 0.0000, 0.0000, 0.0000]])
tensor([[0.6870, 1.0000, 0.0000, 0.0000, 0.0000, 0.0000]])
tensor([[0.6583, 1.0000, 0.0000, 0.0000, 0.0000, 0.0000]])
tensor([[0.9075, 1.0000, 0.0000, 0.0000, 0.0000, 0.0000]])
tensor([[0.9532, 1.0000, 0.0000, 0.0000, 0.0000, 0.0000]])
tensor([[0.9629, 1.0000, 0.0000, 0.0000, 0.0000, 0.0000]])
tensor([[0.9426, 1.0000, 0.0000, 0.0000, 0.0000, 0.0000]])
INFO:root:Agent 0 (TQCars): avg action time = 0.0010s
tensor([[0.9570, 1.0000, 0.0000, 0.0000, 0.0000, 0.0000]])
tensor([[0.9018, 1.0000, 0.0000, 0.0000, 0.0000, 0.0000]])
tensor([[0.2178, 1.0000, 0.0000, 0.0000, 0.0000, 0.0000]])
tensor([[0.2341, 1.0000, 0.0000, 0.0000, 0.0000, 0.0000]])
tensor([[-0.6579,  1.0000,  0.0000,  0.0000,  0.0000,  0.0000]])
tensor([[-0.8789,  1.0000,  0.0000,  0.0000,  0.0000,  0.0000]])
tensor([[-0.5865,  1.0000,  0.0000,  0.0000,  0.0000,  0.0000]])
tensor([[0.2782, 1.0000, 0.0000, 0.0000, 0.0000, 0.0000]])
tensor([[0.5817, 1.0000, 0.0000, 0.0000, 0.0000, 0.0000]])
tensor([[-0.9760,  1.0000,  0.0000,  0.0000,  0.0000,  0.0000]])
tensor([[-0.9303,  1.0000,  0.0000,  0.0000,  0.0000,  0.0000]])
tensor([[-0.9393,  1.0000,  0.0000,  0.0000,  0.0000,  0.0000]])
tensor([[-0.8795,  1.0000,  0.0000,  0.0000,  0.0000,  0.0000]])
tensor([[-0.9491,  1.0000,  0.0000,  0.0000,  0.0000,  0.0000]])
tensor([[0.5327, 1.0000, 0.0000, 0.0000, 0.0000, 0.0000]])
tensor([[-0.3630,  1.0000,  1.0000,  0.0000,  0.0000,  0.0000]])
tensor([[-0.4629,  1.0000,  0.0000,  0.0000,  0.0000,  0.0000]])
tensor([[-0.8987,  1.0000,  0.0000,  0.0000,  0.0000,  0.0000]])
tensor([[-0.7007,  1.0000,  0.0000,  0.0000,  0.0000,  0.0000]])
tensor([[-0.2482,  1.0000,  0.0000,  0.0000,  0.0000,  0.0000]])
tensor([[0.3375, 1.0000, 0.0000, 0.0000, 0.0000, 0.0000]])
tensor([[-0.8174,  1.0000,  0.0000,  0.0000,  0.0000,  0.0000]])
tensor([[-0.4412,  1.0000,  0.0000,  0.0000,  0.0000,  0.0000]])
tensor([[0.6720, 1.0000, 0.0000, 0.0000, 0.0000, 0.0000]])
tensor([[-0.8259,  1.0000,  0.0000,  0.0000,  0.0000,  0.0000]])
tensor([[-0.7264,  1.0000,  0.0000,  0.0000,  0.0000,  0.0000]])
tensor([[-0.8629,  1.0000,  0.0000,  0.0000,  0.0000,  0.0000]])
tensor([[-0.6547,  1.0000,  0.0000,  0.0000,  0.0000,  0.0000]])
tensor([[0.0226, 1.0000, 0.0000, 0.0000, 0.0000, 0.0000]])
tensor([[-0.9702,  1.0000,  0.0000,  0.0000,  0.0000,  0.0000]])
tensor([[-0.6692,  1.0000,  0.0000,  0.0000,  0.0000,  0.0000]])
tensor([[0.1703, 0.0000, 0.0000, 0.0000, 0.0000, 0.0000]])
tensor([[-0.4228,  0.0000,  0.0000,  0.0000,  0.0000,  0.0000]])
tensor([[0.6115, 1.0000, 0.0000, 0.0000, 0.0000, 0.0000]])
tensor([[-0.5775,  0.0000,  0.0000,  0.0000,  0.0000,  0.0000]])
tensor([[0.9120, 1.0000, 0.0000, 0.0000, 0.0000, 0.0000]])
tensor([[0.8341, 1.0000, 0.0000, 0.0000, 0.0000, 0.0000]])
tensor([[0.9368, 1.0000, 0.0000, 0.0000, 0.0000, 0.0000]])
tensor([[0.8644, 1.0000, 0.0000, 0.0000, 0.0000, 0.0000]])
tensor([[0.2702, 1.0000, 0.0000, 0.0000, 0.0000, 0.0000]])
tensor([[0.3743, 1.0000, 0.0000, 0.0000, 0.0000, 0.0000]])
tensor([[-0.0527,  1.0000,  0.0000,  0.0000,  0.0000,  0.0000]])
tensor([[0.9376, 1.0000, 0.0000, 0.0000, 0.0000, 0.0000]])
tensor([[0.9468, 1.0000, 1.0000, 0.0000, 0.0000, 0.0000]])
tensor([[0.9242, 1.0000, 0.0000, 0.0000, 0.0000, 0.0000]])
tensor([[0.8902, 1.0000, 0.0000, 0.0000, 0.0000, 0.0000]])
tensor([[0.4204, 1.0000, 0.0000, 0.0000, 0.0000, 0.0000]])
tensor([[0.9864, 1.0000, 0.0000, 0.0000, 0.0000, 0.0000]])
tensor([[0.9435, 1.0000, 0.0000, 0.0000, 0.0000, 0.0000]])
tensor([[0.8268, 1.0000, 0.0000, 0.0000, 0.0000, 0.0000]])
tensor([[0.8822, 1.0000, 0.0000, 0.0000, 0.0000, 0.0000]])
tensor([[0.9740, 1.0000, 0.0000, 0.0000, 0.0000, 0.0000]])
tensor([[0.7371, 1.0000, 0.0000, 0.0000, 0.0000, 0.0000]])
tensor([[0.8723, 1.0000, 0.0000, 0.0000, 0.0000, 0.0000]])
tensor([[0.8490, 1.0000, 0.0000, 0.0000, 0.0000, 0.0000]])
tensor([[-0.4104,  1.0000,  0.0000,  0.0000,  0.0000,  0.0000]])
tensor([[0.9395, 1.0000, 0.0000, 0.0000, 0.0000, 0.0000]])
tensor([[0.6123, 1.0000, 0.0000, 0.0000, 0.0000, 0.0000]])
tensor([[0.8654, 1.0000, 0.0000, 0.0000, 0.0000, 0.0000]])
tensor([[0.6229, 1.0000, 1.0000, 0.0000, 0.0000, 0.0000]])
tensor([[0.2594, 1.0000, 0.0000, 0.0000, 0.0000, 0.0000]])
tensor([[0.4098, 1.0000, 0.0000, 0.0000, 0.0000, 0.0000]])
tensor([[0.5717, 1.0000, 0.0000, 0.0000, 0.0000, 0.0000]])
tensor([[0.5538, 1.0000, 0.0000, 0.0000, 0.0000, 0.0000]])
tensor([[0.6047, 1.0000, 0.0000, 0.0000, 0.0000, 0.0000]])
tensor([[0.7332, 1.0000, 0.0000, 0.0000, 0.0000, 0.0000]])
tensor([[0.9543, 1.0000, 0.0000, 0.0000, 0.0000, 0.0000]])
tensor([[0.7928, 1.0000, 0.0000, 0.0000, 0.0000, 0.0000]])
tensor([[-0.0405,  1.0000,  0.0000,  0.0000,  0.0000,  0.0000]])
tensor([[-0.5008,  1.0000,  0.0000,  0.0000,  0.0000,  0.0000]])
tensor([[0.9669, 1.0000, 0.0000, 0.0000, 0.0000, 0.0000]])
tensor([[0.3517, 1.0000, 0.0000, 0.0000, 0.0000, 0.0000]])
tensor([[0.1276, 1.0000, 0.0000, 0.0000, 0.0000, 0.0000]])
tensor([[0.8977, 1.0000, 0.0000, 0.0000, 0.0000, 0.0000]])
tensor([[0.8634, 1.0000, 0.0000, 0.0000, 0.0000, 0.0000]])
tensor([[0.9874, 1.0000, 0.0000, 0.0000, 0.0000, 0.0000]])
tensor([[0.3592, 1.0000, 0.0000, 0.0000, 0.0000, 0.0000]])
tensor([[0.9771, 1.0000, 0.0000, 0.0000, 0.0000, 0.0000]])
tensor([[0.1304, 1.0000, 0.0000, 0.0000, 0.0000, 0.0000]])
tensor([[0.7657, 1.0000, 0.0000, 0.0000, 0.0000, 0.0000]])
tensor([[0.5814, 1.0000, 0.0000, 0.0000, 0.0000, 0.0000]])
tensor([[-0.1811,  1.0000,  0.0000,  0.0000,  0.0000,  0.0000]])
tensor([[-0.9072,  1.0000,  0.0000,  0.0000,  0.0000,  0.0000]])
tensor([[-0.8602,  1.0000,  0.0000,  0.0000,  0.0000,  0.0000]])
tensor([[-0.7704,  1.0000,  0.0000,  0.0000,  0.0000,  0.0000]])
tensor([[-0.1664,  1.0000,  0.0000,  0.0000,  0.0000,  0.0000]])
tensor([[-0.9547,  1.0000,  0.0000,  0.0000,  0.0000,  0.0000]])
tensor([[-0.9088,  1.0000,  0.0000,  0.0000,  0.0000,  0.0000]])
tensor([[-0.0923,  1.0000,  0.0000,  0.0000,  0.0000,  0.0000]])
tensor([[0.0183, 1.0000, 0.0000, 0.0000, 0.0000, 0.0000]])
tensor([[0.7800, 1.0000, 0.0000, 0.0000, 0.0000, 0.0000]])
tensor([[0.7917, 1.0000, 0.0000, 0.0000, 0.0000, 0.0000]])
tensor([[-0.0471,  1.0000,  0.0000,  0.0000,  0.0000,  0.0000]])
tensor([[-0.9351,  1.0000,  0.0000,  0.0000,  0.0000,  0.0000]])
tensor([[-0.3602,  1.0000,  0.0000,  0.0000,  0.0000,  0.0000]])
tensor([[0.6084, 1.0000, 0.0000, 0.0000, 0.0000, 0.0000]])
tensor([[0.9850, 1.0000, 0.0000, 0.0000, 0.0000, 0.0000]])
tensor([[-0.1399,  1.0000,  0.0000,  0.0000,  0.0000,  0.0000]])
tensor([[-0.1254,  1.0000,  0.0000,  0.0000,  0.0000,  0.0000]])
{"type": "results", "track": "lighthouse", "results": [{"key": 0, "reward": 10.09537353515625, "position": 4, "name": "TQCars", "avg_action_time": 0.0009562358445728841}]}
