INFO:root:Loading the agents
INFO:root:Loaded player TQCars
INFO:root:Creating pystk-1
INFO:root:Adding wrapper <function get_wrappers.<locals>.<lambda> at 0x7f4fbc707420>
INFO:root:Adding wrapper <function get_wrappers.<locals>.<lambda> at 0x7f4fbc7074c0>
INFO:root:Adding wrapper <function get_wrappers.<locals>.<lambda> at 0x7f4fbc707560>
INFO:root:Adding wrapper <function get_wrappers.<locals>.<lambda> at 0x7f4fbc707600>
INFO:root:(multi-env mono adapter) Setting main environment max_paths to 5
INFO:root:Loading trained model from CHECKPOINT-GPUFAC/tqc_EXP14RACING_1100000.pt...
INFO:root:Starting a race
tensor([[-0.0144,  1.0000,  0.0000,  0.0000,  0.0000,  0.0000]])
tensor([[0.0884, 1.0000, 0.0000, 0.0000, 0.0000, 0.0000]])
tensor([[-0.1742,  1.0000,  0.0000,  0.0000,  0.0000,  0.0000]])
tensor([[-0.8539,  1.0000,  0.0000,  0.0000,  0.0000,  0.0000]])
tensor([[-0.5855,  1.0000,  0.0000,  0.0000,  0.0000,  0.0000]])
tensor([[-0.1317,  1.0000,  0.0000,  0.0000,  0.0000,  0.0000]])
tensor([[-0.2610,  1.0000,  0.0000,  0.0000,  0.0000,  0.0000]])
tensor([[-0.8526,  1.0000,  0.0000,  0.0000,  0.0000,  0.0000]])
tensor([[-0.6486,  1.0000,  0.0000,  0.0000,  0.0000,  0.0000]])
tensor([[-0.2410,  1.0000,  0.0000,  0.0000,  0.0000,  0.0000]])
tensor([[-0.7571,  1.0000,  0.0000,  0.0000,  0.0000,  0.0000]])
tensor([[-0.0547,  1.0000,  0.0000,  0.0000,  0.0000,  0.0000]])
tensor([[0.6406, 1.0000, 0.0000, 0.0000, 0.0000, 0.0000]])
tensor([[0.1919, 1.0000, 0.0000, 0.0000, 0.0000, 0.0000]])
tensor([[0.1214, 1.0000, 0.0000, 0.0000, 0.0000, 0.0000]])
tensor([[0.4509, 1.0000, 0.0000, 0.0000, 0.0000, 0.0000]])
tensor([[0.7473, 1.0000, 0.0000, 0.0000, 0.0000, 0.0000]])
tensor([[-0.8317,  1.0000,  0.0000,  0.0000,  0.0000,  0.0000]])
tensor([[-0.2990,  1.0000,  0.0000,  0.0000,  0.0000,  0.0000]])
tensor([[0.0815, 1.0000, 0.0000, 0.0000, 0.0000, 0.0000]])
tensor([[0.2912, 1.0000, 0.0000, 0.0000, 0.0000, 0.0000]])
tensor([[-0.2305,  1.0000,  0.0000,  0.0000,  0.0000,  0.0000]])
tensor([[-0.0546,  1.0000,  0.0000,  0.0000,  0.0000,  0.0000]])
tensor([[-0.4407,  1.0000,  0.0000,  0.0000,  0.0000,  0.0000]])
tensor([[-0.8361,  1.0000,  0.0000,  0.0000,  0.0000,  0.0000]])
tensor([[0.4509, 1.0000, 0.0000, 0.0000, 0.0000, 0.0000]])
tensor([[0.2473, 1.0000, 0.0000, 0.0000, 0.0000, 0.0000]])
tensor([[-0.5861,  1.0000,  0.0000,  0.0000,  0.0000,  0.0000]])
tensor([[0.6028, 1.0000, 0.0000, 0.0000, 0.0000, 0.0000]])
tensor([[0.3539, 1.0000, 0.0000, 0.0000, 0.0000, 0.0000]])
tensor([[0.7560, 1.0000, 0.0000, 0.0000, 0.0000, 0.0000]])
tensor([[0.2778, 1.0000, 0.0000, 0.0000, 0.0000, 0.0000]])
tensor([[0.0999, 1.0000, 0.0000, 0.0000, 0.0000, 0.0000]])
tensor([[-0.8361,  1.0000,  0.0000,  0.0000,  0.0000,  0.0000]])
tensor([[0.3732, 1.0000, 0.0000, 0.0000, 0.0000, 0.0000]])
tensor([[0.6543, 1.0000, 0.0000, 0.0000, 0.0000, 0.0000]])
tensor([[-0.5572,  1.0000,  0.0000,  0.0000,  0.0000,  0.0000]])
tensor([[-0.4644,  1.0000,  0.0000,  0.0000,  0.0000,  0.0000]])
tensor([[-0.5692,  1.0000,  0.0000,  0.0000,  0.0000,  0.0000]])
tensor([[-0.6071,  1.0000,  0.0000,  0.0000,  0.0000,  0.0000]])
tensor([[0.9683, 1.0000, 0.0000, 0.0000, 0.0000, 0.0000]])
tensor([[0.6837, 1.0000, 0.0000, 0.0000, 0.0000, 0.0000]])
tensor([[0.8661, 1.0000, 0.0000, 0.0000, 0.0000, 0.0000]])
tensor([[-0.1723,  1.0000,  0.0000,  0.0000,  0.0000,  0.0000]])
tensor([[-0.1992,  1.0000,  0.0000,  0.0000,  0.0000,  0.0000]])
tensor([[-0.7855,  1.0000,  0.0000,  0.0000,  0.0000,  0.0000]])
tensor([[-0.0167,  1.0000,  0.0000,  0.0000,  0.0000,  0.0000]])
tensor([[-0.2101,  1.0000,  0.0000,  0.0000,  0.0000,  0.0000]])
tensor([[0.1440, 1.0000, 0.0000, 0.0000, 0.0000, 0.0000]])
tensor([[-0.3449,  1.0000,  0.0000,  0.0000,  0.0000,  0.0000]])
tensor([[-0.7634,  1.0000,  0.0000,  0.0000,  0.0000,  0.0000]])
tensor([[0.9049, 1.0000, 0.0000, 0.0000, 0.0000, 0.0000]])
tensor([[0.7999, 1.0000, 0.0000, 0.0000, 0.0000, 0.0000]])
tensor([[-0.1453,  1.0000,  0.0000,  0.0000,  0.0000,  0.0000]])
tensor([[-0.9379,  1.0000,  0.0000,  0.0000,  0.0000,  0.0000]])
tensor([[0.4481, 1.0000, 0.0000, 0.0000, 0.0000, 0.0000]])
tensor([[-0.4137,  1.0000,  0.0000,  0.0000,  0.0000,  0.0000]])
tensor([[-0.8686,  1.0000,  0.0000,  0.0000,  0.0000,  0.0000]])
tensor([[0.8756, 1.0000, 0.0000, 0.0000, 0.0000, 0.0000]])
tensor([[0.8836, 1.0000, 0.0000, 0.0000, 0.0000, 0.0000]])
tensor([[0.0097, 1.0000, 0.0000, 0.0000, 0.0000, 0.0000]])
tensor([[0.0073, 1.0000, 0.0000, 0.0000, 0.0000, 0.0000]])
tensor([[0.8735, 1.0000, 0.0000, 0.0000, 0.0000, 0.0000]])
tensor([[0.1508, 1.0000, 0.0000, 0.0000, 0.0000, 0.0000]])
tensor([[0.6894, 1.0000, 0.0000, 0.0000, 0.0000, 0.0000]])
tensor([[0.4534, 1.0000, 0.0000, 0.0000, 0.0000, 0.0000]])
tensor([[0.4835, 1.0000, 0.0000, 0.0000, 0.0000, 0.0000]])
tensor([[-0.6223,  1.0000,  0.0000,  0.0000,  0.0000,  0.0000]])
tensor([[-0.7104,  1.0000,  0.0000,  0.0000,  0.0000,  0.0000]])
tensor([[0.7685, 1.0000, 0.0000, 0.0000, 0.0000, 0.0000]])
tensor([[0.6832, 1.0000, 0.0000, 0.0000, 0.0000, 0.0000]])
tensor([[-0.2339,  1.0000,  0.0000,  0.0000,  0.0000,  0.0000]])
tensor([[0.8997, 1.0000, 0.0000, 0.0000, 0.0000, 0.0000]])
tensor([[0.8900, 1.0000, 0.0000, 0.0000, 0.0000, 0.0000]])
tensor([[0.1511, 1.0000, 0.0000, 0.0000, 0.0000, 0.0000]])
tensor([[0.6220, 1.0000, 0.0000, 0.0000, 0.0000, 0.0000]])
tensor([[0.5788, 1.0000, 0.0000, 0.0000, 0.0000, 0.0000]])
tensor([[0.6812, 1.0000, 0.0000, 0.0000, 0.0000, 0.0000]])
tensor([[0.1198, 1.0000, 0.0000, 0.0000, 0.0000, 0.0000]])
tensor([[0.4374, 1.0000, 0.0000, 0.0000, 0.0000, 0.0000]])
tensor([[-0.7116,  1.0000,  0.0000,  0.0000,  0.0000,  0.0000]])
tensor([[0.6647, 1.0000, 0.0000, 0.0000, 0.0000, 0.0000]])
tensor([[0.1351, 1.0000, 0.0000, 0.0000, 0.0000, 0.0000]])
tensor([[0.7078, 1.0000, 0.0000, 0.0000, 0.0000, 0.0000]])
tensor([[0.3288, 1.0000, 0.0000, 0.0000, 0.0000, 0.0000]])
tensor([[0.1060, 1.0000, 0.0000, 0.0000, 0.0000, 0.0000]])
tensor([[0.8767, 1.0000, 0.0000, 0.0000, 0.0000, 0.0000]])
tensor([[0.7417, 1.0000, 0.0000, 0.0000, 0.0000, 0.0000]])
tensor([[-0.1106,  1.0000,  0.0000,  0.0000,  0.0000,  0.0000]])
tensor([[-0.2077,  1.0000,  0.0000,  0.0000,  0.0000,  0.0000]])
tensor([[0.8803, 1.0000, 0.0000, 0.0000, 0.0000, 0.0000]])
tensor([[0.6431, 1.0000, 0.0000, 0.0000, 0.0000, 0.0000]])
tensor([[-0.8573,  1.0000,  0.0000,  0.0000,  0.0000,  0.0000]])
tensor([[-0.9585,  1.0000,  0.0000,  0.0000,  0.0000,  0.0000]])
tensor([[-0.7038,  1.0000,  0.0000,  0.0000,  0.0000,  0.0000]])
tensor([[0.9088, 1.0000, 0.0000, 0.0000, 0.0000, 0.0000]])
tensor([[0.8908, 1.0000, 0.0000, 0.0000, 0.0000, 0.0000]])
tensor([[-0.5801,  1.0000,  0.0000,  0.0000,  0.0000,  0.0000]])
tensor([[0.9203, 1.0000, 0.0000, 0.0000, 0.0000, 0.0000]])
tensor([[-0.3708,  1.0000,  0.0000,  0.0000,  0.0000,  0.0000]])
tensor([[0.6385, 1.0000, 0.0000, 0.0000, 0.0000, 0.0000]])
tensor([[0.4972, 1.0000, 0.0000, 0.0000, 0.0000, 0.0000]])
tensor([[-0.7968,  1.0000,  0.0000,  0.0000,  0.0000,  0.0000]])
tensor([[-0.7658,  1.0000,  0.0000,  0.0000,  0.0000,  0.0000]])
tensor([[0.2741, 1.0000, 0.0000, 0.0000, 0.0000, 0.0000]])
tensor([[0.6067, 1.0000, 0.0000, 0.0000, 0.0000, 0.0000]])
tensor([[-0.8749,  1.0000,  0.0000,  0.0000,  0.0000,  0.0000]])
tensor([[-0.4658,  1.0000,  0.0000,  0.0000,  0.0000,  0.0000]])
tensor([[0.6691, 1.0000, 0.0000, 0.0000, 0.0000, 0.0000]])
tensor([[-0.1295,  1.0000,  0.0000,  0.0000,  0.0000,  0.0000]])
tensor([[0.1400, 1.0000, 0.0000, 0.0000, 0.0000, 0.0000]])
tensor([[0.0884, 1.0000, 0.0000, 0.0000, 0.0000, 0.0000]])
tensor([[0.7354, 1.0000, 0.0000, 0.0000, 0.0000, 0.0000]])
tensor([[-0.7615,  1.0000,  0.0000,  0.0000,  0.0000,  0.0000]])
tensor([[-0.4870,  1.0000,  0.0000,  0.0000,  0.0000,  0.0000]])
tensor([[-0.0069,  1.0000,  0.0000,  0.0000,  0.0000,  0.0000]])
tensor([[-0.3313,  1.0000,  0.0000,  0.0000,  0.0000,  0.0000]])
tensor([[0.3239, 1.0000, 0.0000, 0.0000, 0.0000, 0.0000]])
tensor([[0.8917, 1.0000, 0.0000, 0.0000, 0.0000, 0.0000]])
tensor([[0.1559, 1.0000, 0.0000, 0.0000, 0.0000, 0.0000]])
tensor([[-0.3671,  1.0000,  0.0000,  0.0000,  0.0000,  0.0000]])
tensor([[-0.5294,  1.0000,  0.0000,  0.0000,  0.0000,  0.0000]])
tensor([[-0.2812,  1.0000,  0.0000,  0.0000,  0.0000,  0.0000]])
tensor([[0.5742, 1.0000, 0.0000, 0.0000, 0.0000, 0.0000]])
tensor([[0.0537, 1.0000, 0.0000, 0.0000, 0.0000, 0.0000]])
tensor([[-0.0171,  1.0000,  1.0000,  0.0000,  0.0000,  0.0000]])
tensor([[-0.7103,  1.0000,  0.0000,  0.0000,  0.0000,  0.0000]])
tensor([[0.2679, 1.0000, 0.0000, 0.0000, 0.0000, 0.0000]])
tensor([[0.3286, 1.0000, 0.0000, 0.0000, 0.0000, 0.0000]])
tensor([[-0.6918,  1.0000,  0.0000,  0.0000,  0.0000,  0.0000]])
tensor([[-0.6321,  1.0000,  0.0000,  0.0000,  0.0000,  0.0000]])
tensor([[0.0129, 1.0000, 0.0000, 0.0000, 0.0000, 0.0000]])
tensor([[0.9552, 1.0000, 0.0000, 0.0000, 0.0000, 0.0000]])
tensor([[0.8053, 1.0000, 0.0000, 0.0000, 0.0000, 0.0000]])
tensor([[-0.3150,  1.0000,  0.0000,  0.0000,  0.0000,  0.0000]])
tensor([[0.2842, 1.0000, 0.0000, 0.0000, 0.0000, 0.0000]])
tensor([[0.7948, 1.0000, 0.0000, 0.0000, 0.0000, 0.0000]])
tensor([[-0.9536,  1.0000,  0.0000,  0.0000,  0.0000,  0.0000]])
tensor([[-0.7518,  1.0000,  0.0000,  0.0000,  0.0000,  0.0000]])
tensor([[0.1909, 1.0000, 0.0000, 0.0000, 0.0000, 0.0000]])
tensor([[0.6233, 1.0000, 0.0000, 0.0000, 0.0000, 0.0000]])
tensor([[0.0331, 1.0000, 0.0000, 1.0000, 0.0000, 0.0000]])
tensor([[0.6483, 1.0000, 0.0000, 0.0000, 0.0000, 0.0000]])
tensor([[-0.9130,  1.0000,  0.0000,  0.0000,  0.0000,  0.0000]])
tensor([[-0.7809,  1.0000,  0.0000,  0.0000,  0.0000,  0.0000]])
tensor([[0.4934, 1.0000, 0.0000, 0.0000, 0.0000, 0.0000]])
tensor([[-0.4215,  1.0000,  0.0000,  0.0000,  0.0000,  0.0000]])
tensor([[-0.9359,  1.0000,  0.0000,  0.0000,  0.0000,  0.0000]])
tensor([[0.1500, 1.0000, 0.0000, 0.0000, 0.0000, 0.0000]])
tensor([[0.7466, 1.0000, 0.0000, 0.0000, 0.0000, 0.0000]])
tensor([[-0.7360,  1.0000,  0.0000,  0.0000,  0.0000,  0.0000]])
tensor([[0.5634, 1.0000, 0.0000, 0.0000, 0.0000, 0.0000]])
tensor([[-0.0246,  1.0000,  0.0000,  0.0000,  0.0000,  0.0000]])
tensor([[-0.6116,  1.0000,  0.0000,  0.0000,  0.0000,  0.0000]])
tensor([[-0.7083,  1.0000,  0.0000,  0.0000,  0.0000,  0.0000]])
tensor([[0.4703, 1.0000, 0.0000, 0.0000, 0.0000, 0.0000]])
tensor([[0.4750, 1.0000, 0.0000, 0.0000, 0.0000, 0.0000]])
tensor([[0.1782, 1.0000, 0.0000, 0.0000, 0.0000, 0.0000]])
tensor([[0.8140, 1.0000, 0.0000, 0.0000, 0.0000, 0.0000]])
tensor([[-0.9274,  1.0000,  0.0000,  0.0000,  0.0000,  0.0000]])
tensor([[0.0526, 1.0000, 0.0000, 0.0000, 0.0000, 0.0000]])
tensor([[-0.4331,  1.0000,  0.0000,  0.0000,  0.0000,  0.0000]])
tensor([[0.8449, 1.0000, 0.0000, 0.0000, 0.0000, 0.0000]])
tensor([[0.1271, 1.0000, 0.0000, 0.0000, 0.0000, 0.0000]])
tensor([[-0.7346,  1.0000,  0.0000,  0.0000,  0.0000,  0.0000]])
tensor([[0.4255, 1.0000, 0.0000, 0.0000, 0.0000, 0.0000]])
tensor([[0.6739, 1.0000, 0.0000, 0.0000, 0.0000, 0.0000]])
tensor([[-0.1054,  1.0000,  0.0000,  0.0000,  0.0000,  0.0000]])
tensor([[-0.3737,  1.0000,  0.0000,  0.0000,  0.0000,  0.0000]])
tensor([[0.0239, 1.0000, 0.0000, 0.0000, 0.0000, 0.0000]])
tensor([[-0.4163,  1.0000,  0.0000,  0.0000,  0.0000,  0.0000]])
tensor([[-0.8141,  1.0000,  0.0000,  0.0000,  0.0000,  0.0000]])
tensor([[0.6572, 1.0000, 0.0000, 0.0000, 0.0000, 0.0000]])
tensor([[-0.8430,  1.0000,  0.0000,  0.0000,  0.0000,  0.0000]])
tensor([[0.4662, 1.0000, 0.0000, 0.0000, 0.0000, 0.0000]])
tensor([[0.5208, 1.0000, 0.0000, 0.0000, 0.0000, 0.0000]])
tensor([[-0.2563,  1.0000,  0.0000,  0.0000,  0.0000,  0.0000]])
tensor([[0.4217, 0.0000, 0.0000, 0.0000, 0.0000, 0.0000]])
tensor([[-0.3783,  1.0000,  0.0000,  0.0000,  0.0000,  0.0000]])
tensor([[-0.3574,  1.0000,  0.0000,  0.0000,  0.0000,  0.0000]])
tensor([[-0.6974,  1.0000,  0.0000,  0.0000,  0.0000,  0.0000]])
tensor([[-0.6185,  1.0000,  0.0000,  0.0000,  0.0000,  0.0000]])
tensor([[0.0355, 1.0000, 0.0000, 0.0000, 0.0000, 0.0000]])
tensor([[-0.3554,  1.0000,  0.0000,  0.0000,  0.0000,  0.0000]])
tensor([[0.1389, 1.0000, 0.0000, 0.0000, 0.0000, 0.0000]])
tensor([[0.7595, 1.0000, 0.0000, 0.0000, 0.0000, 0.0000]])
tensor([[-0.4933,  1.0000,  0.0000,  0.0000,  0.0000,  0.0000]])
tensor([[-0.2449,  1.0000,  1.0000,  0.0000,  0.0000,  0.0000]])
tensor([[-0.4530,  1.0000,  0.0000,  0.0000,  0.0000,  0.0000]])
tensor([[-0.3899,  1.0000,  0.0000,  0.0000,  0.0000,  0.0000]])
tensor([[-0.6827,  1.0000,  0.0000,  0.0000,  0.0000,  0.0000]])
tensor([[0.4537, 1.0000, 0.0000, 0.0000, 0.0000, 0.0000]])
tensor([[-0.5911,  1.0000,  0.0000,  0.0000,  0.0000,  0.0000]])
tensor([[-0.2684,  1.0000,  0.0000,  0.0000,  0.0000,  0.0000]])
tensor([[0.6553, 1.0000, 0.0000, 0.0000, 0.0000, 0.0000]])
tensor([[0.3125, 1.0000, 0.0000, 0.0000, 0.0000, 0.0000]])
tensor([[-0.7115,  1.0000,  0.0000,  0.0000,  0.0000,  0.0000]])
tensor([[-0.8454,  1.0000,  1.0000,  0.0000,  0.0000,  0.0000]])
tensor([[-0.5097,  1.0000,  0.0000,  0.0000,  0.0000,  0.0000]])
tensor([[-0.2937,  1.0000,  0.0000,  0.0000,  0.0000,  0.0000]])
tensor([[-0.4800,  1.0000,  0.0000,  0.0000,  0.0000,  0.0000]])
tensor([[-0.7348,  1.0000,  0.0000,  0.0000,  0.0000,  0.0000]])
tensor([[0.2806, 1.0000, 0.0000, 0.0000, 0.0000, 0.0000]])
tensor([[0.4337, 1.0000, 0.0000, 0.0000, 0.0000, 0.0000]])
tensor([[-0.8302,  1.0000,  0.0000,  0.0000,  0.0000,  0.0000]])
tensor([[-0.4257,  1.0000,  0.0000,  0.0000,  0.0000,  0.0000]])
tensor([[-0.6485,  1.0000,  0.0000,  0.0000,  0.0000,  0.0000]])
tensor([[-0.4394,  1.0000,  0.0000,  0.0000,  0.0000,  0.0000]])
tensor([[0.4371, 1.0000, 0.0000, 0.0000, 0.0000, 0.0000]])
tensor([[-0.7810,  1.0000,  0.0000,  0.0000,  0.0000,  0.0000]])
tensor([[-0.3947,  1.0000,  0.0000,  0.0000,  0.0000,  0.0000]])
tensor([[-0.8014,  1.0000,  0.0000,  0.0000,  0.0000,  0.0000]])
tensor([[-0.9844,  1.0000,  0.0000,  0.0000,  0.0000,  0.0000]])
tensor([[-0.9318,  1.0000,  0.0000,  0.0000,  0.0000,  0.0000]])
tensor([[-0.6062,  1.0000,  0.0000,  0.0000,  0.0000,  0.0000]])
tensor([[0.1575, 1.0000, 0.0000, 0.0000, 0.0000, 0.0000]])
tensor([[-0.1309,  1.0000,  0.0000,  0.0000,  0.0000,  0.0000]])
tensor([[-0.8939,  1.0000,  0.0000,  0.0000,  0.0000,  0.0000]])
tensor([[-0.3082,  1.0000,  0.0000,  0.0000,  0.0000,  0.0000]])
tensor([[-0.9695,  1.0000,  0.0000,  0.0000,  0.0000,  0.0000]])
tensor([[-0.9653,  1.0000,  0.0000,  0.0000,  0.0000,  0.0000]])
tensor([[-0.9006,  1.0000,  0.0000,  0.0000,  0.0000,  0.0000]])
tensor([[-0.8251,  1.0000,  0.0000,  0.0000,  0.0000,  0.0000]])
tensor([[0.0360, 1.0000, 0.0000, 0.0000, 0.0000, 0.0000]])
tensor([[-0.8645,  1.0000,  0.0000,  0.0000,  0.0000,  0.0000]])
tensor([[0.9633, 1.0000, 0.0000, 0.0000, 0.0000, 0.0000]])
tensor([[0.5673, 1.0000, 0.0000, 0.0000, 0.0000, 0.0000]])
tensor([[-0.7647,  1.0000,  0.0000,  0.0000,  0.0000,  0.0000]])
tensor([[-0.0691,  1.0000,  0.0000,  0.0000,  0.0000,  0.0000]])
tensor([[-0.6905,  1.0000,  0.0000,  0.0000,  0.0000,  0.0000]])
tensor([[-0.8634,  1.0000,  0.0000,  0.0000,  0.0000,  0.0000]])
tensor([[-0.9362,  1.0000,  0.0000,  0.0000,  0.0000,  0.0000]])
tensor([[-0.8651,  1.0000,  0.0000,  0.0000,  0.0000,  1.0000]])
tensor([[-0.6197,  1.0000,  0.0000,  0.0000,  0.0000,  0.0000]])
tensor([[0.4329, 1.0000, 0.0000, 0.0000, 0.0000, 0.0000]])
tensor([[0.4850, 1.0000, 0.0000, 0.0000, 0.0000, 0.0000]])
tensor([[0.1013, 1.0000, 0.0000, 0.0000, 0.0000, 0.0000]])
tensor([[-0.8994,  1.0000,  0.0000,  0.0000,  0.0000,  0.0000]])
tensor([[-0.7394,  1.0000,  0.0000,  0.0000,  0.0000,  0.0000]])
tensor([[-0.9350,  1.0000,  0.0000,  0.0000,  0.0000,  0.0000]])
tensor([[-0.9732,  1.0000,  0.0000,  0.0000,  0.0000,  0.0000]])
tensor([[0.3311, 1.0000, 0.0000, 0.0000, 0.0000, 0.0000]])
tensor([[-0.5729,  1.0000,  0.0000,  0.0000,  0.0000,  0.0000]])
tensor([[-0.5953,  1.0000,  0.0000,  0.0000,  0.0000,  0.0000]])
tensor([[-0.6918,  1.0000,  0.0000,  0.0000,  0.0000,  0.0000]])
tensor([[-0.9296,  1.0000,  0.0000,  0.0000,  0.0000,  0.0000]])
tensor([[-0.1997,  1.0000,  0.0000,  0.0000,  0.0000,  0.0000]])
tensor([[-0.7586,  1.0000,  0.0000,  0.0000,  0.0000,  0.0000]])
tensor([[-0.9105,  1.0000,  0.0000,  0.0000,  0.0000,  0.0000]])
tensor([[-0.0595,  1.0000,  0.0000,  0.0000,  0.0000,  0.0000]])
tensor([[-0.1039,  1.0000,  0.0000,  0.0000,  0.0000,  0.0000]])
tensor([[-0.3510,  1.0000,  0.0000,  0.0000,  0.0000,  0.0000]])
tensor([[-0.8014,  1.0000,  0.0000,  0.0000,  0.0000,  0.0000]])
tensor([[0.8549, 1.0000, 0.0000, 0.0000, 0.0000, 0.0000]])
tensor([[0.2335, 1.0000, 0.0000, 0.0000, 0.0000, 0.0000]])
tensor([[-0.8947,  1.0000,  0.0000,  0.0000,  0.0000,  0.0000]])
tensor([[0.4292, 1.0000, 0.0000, 0.0000, 0.0000, 0.0000]])
tensor([[-0.7569,  1.0000,  0.0000,  0.0000,  0.0000,  0.0000]])
tensor([[-0.0110,  1.0000,  0.0000,  0.0000,  0.0000,  0.0000]])
tensor([[0.3703, 1.0000, 0.0000, 0.0000, 0.0000, 0.0000]])
tensor([[-0.8100,  1.0000,  0.0000,  0.0000,  0.0000,  0.0000]])
tensor([[-0.3603,  1.0000,  0.0000,  0.0000,  0.0000,  0.0000]])
tensor([[0.7063, 1.0000, 0.0000, 0.0000, 0.0000, 0.0000]])
tensor([[-0.8670,  1.0000,  0.0000,  0.0000,  0.0000,  0.0000]])
tensor([[0.0044, 1.0000, 0.0000, 0.0000, 0.0000, 0.0000]])
tensor([[-0.7066,  1.0000,  0.0000,  0.0000,  0.0000,  0.0000]])
tensor([[-0.4421,  1.0000,  0.0000,  0.0000,  0.0000,  0.0000]])
tensor([[0.9591, 1.0000, 0.0000, 0.0000, 0.0000, 0.0000]])
tensor([[0.6503, 1.0000, 0.0000, 0.0000, 0.0000, 0.0000]])
tensor([[0.4683, 1.0000, 0.0000, 0.0000, 0.0000, 0.0000]])
tensor([[-0.0993,  1.0000,  0.0000,  0.0000,  0.0000,  0.0000]])
tensor([[-0.6211,  1.0000,  0.0000,  0.0000,  0.0000,  0.0000]])
tensor([[-0.6662,  1.0000,  0.0000,  0.0000,  0.0000,  0.0000]])
tensor([[0.2081, 1.0000, 0.0000, 0.0000, 0.0000, 0.0000]])
tensor([[0.0906, 1.0000, 0.0000, 0.0000, 0.0000, 0.0000]])
tensor([[-0.5721,  1.0000,  0.0000,  0.0000,  0.0000,  0.0000]])
tensor([[-0.4950,  1.0000,  0.0000,  0.0000,  0.0000,  0.0000]])
tensor([[0.8368, 1.0000, 0.0000, 0.0000, 0.0000, 0.0000]])
tensor([[0.4169, 1.0000, 0.0000, 0.0000, 0.0000, 0.0000]])
tensor([[-0.8106,  1.0000,  0.0000,  0.0000,  0.0000,  0.0000]])
tensor([[0.0275, 1.0000, 0.0000, 0.0000, 0.0000, 0.0000]])
tensor([[0.6890, 1.0000, 0.0000, 0.0000, 0.0000, 0.0000]])
tensor([[-0.2726,  1.0000,  0.0000,  0.0000,  0.0000,  0.0000]])
tensor([[0.0447, 1.0000, 0.0000, 0.0000, 0.0000, 0.0000]])
tensor([[-0.5308,  1.0000,  0.0000,  0.0000,  0.0000,  0.0000]])
tensor([[-0.0683,  1.0000,  0.0000,  0.0000,  0.0000,  0.0000]])
tensor([[-0.6559,  1.0000,  0.0000,  0.0000,  0.0000,  0.0000]])
tensor([[-0.1631,  1.0000,  0.0000,  0.0000,  0.0000,  0.0000]])
tensor([[-0.2036,  1.0000,  0.0000,  0.0000,  0.0000,  0.0000]])
tensor([[0.9050, 1.0000, 0.0000, 0.0000, 0.0000, 0.0000]])
tensor([[0.7004, 1.0000, 0.0000, 0.0000, 0.0000, 0.0000]])
tensor([[0.1788, 1.0000, 0.0000, 0.0000, 0.0000, 0.0000]])
tensor([[-0.8759,  1.0000,  0.0000,  0.0000,  0.0000,  0.0000]])
tensor([[-0.5548,  1.0000,  0.0000,  0.0000,  0.0000,  0.0000]])
tensor([[-0.4966,  1.0000,  0.0000,  0.0000,  0.0000,  0.0000]])
tensor([[0.6443, 1.0000, 0.0000, 0.0000, 0.0000, 0.0000]])
tensor([[-0.7504,  1.0000,  0.0000,  0.0000,  0.0000,  0.0000]])
tensor([[0.8169, 1.0000, 0.0000, 0.0000, 0.0000, 0.0000]])
tensor([[0.4385, 1.0000, 0.0000, 0.0000, 0.0000, 0.0000]])
tensor([[-0.8702,  1.0000,  0.0000,  0.0000,  0.0000,  0.0000]])
tensor([[-0.1987,  1.0000,  0.0000,  0.0000,  0.0000,  0.0000]])
tensor([[0.4628, 1.0000, 0.0000, 0.0000, 0.0000, 0.0000]])
tensor([[-0.8252,  1.0000,  0.0000,  0.0000,  0.0000,  0.0000]])
tensor([[-0.2793,  1.0000,  0.0000,  0.0000,  0.0000,  0.0000]])
tensor([[-0.2903,  1.0000,  0.0000,  0.0000,  0.0000,  0.0000]])
tensor([[-0.4200,  1.0000,  0.0000,  0.0000,  0.0000,  0.0000]])
tensor([[-0.7239,  1.0000,  0.0000,  0.0000,  0.0000,  0.0000]])
tensor([[0.0686, 1.0000, 0.0000, 0.0000, 0.0000, 0.0000]])
tensor([[0.5174, 1.0000, 0.0000, 0.0000, 0.0000, 0.0000]])
tensor([[-0.1097,  1.0000,  0.0000,  0.0000,  0.0000,  0.0000]])
tensor([[-0.2061,  1.0000,  0.0000,  0.0000,  0.0000,  0.0000]])
tensor([[-0.9034,  1.0000,  0.0000,  0.0000,  0.0000,  0.0000]])
tensor([[0.0137, 1.0000, 0.0000, 0.0000, 0.0000, 0.0000]])
tensor([[0.0036, 1.0000, 0.0000, 0.0000, 0.0000, 0.0000]])
tensor([[-0.1582,  1.0000,  0.0000,  0.0000,  0.0000,  0.0000]])
tensor([[-0.8879,  1.0000,  0.0000,  0.0000,  0.0000,  0.0000]])
tensor([[-0.3335,  1.0000,  0.0000,  0.0000,  0.0000,  0.0000]])
tensor([[0.0163, 1.0000, 0.0000, 0.0000, 0.0000, 0.0000]])
tensor([[-0.3626,  1.0000,  0.0000,  0.0000,  0.0000,  0.0000]])
tensor([[0.4733, 1.0000, 0.0000, 0.0000, 0.0000, 0.0000]])
tensor([[0.7266, 1.0000, 0.0000, 0.0000, 0.0000, 0.0000]])
tensor([[0.2269, 1.0000, 0.0000, 0.0000, 0.0000, 0.0000]])
tensor([[0.2527, 1.0000, 0.0000, 0.0000, 0.0000, 0.0000]])
tensor([[-0.7650,  1.0000,  0.0000,  0.0000,  0.0000,  0.0000]])
tensor([[-0.8906,  1.0000,  0.0000,  0.0000,  0.0000,  0.0000]])
tensor([[0.8173, 1.0000, 0.0000, 0.0000, 0.0000, 0.0000]])
tensor([[0.8873, 1.0000, 0.0000, 0.0000, 0.0000, 0.0000]])
tensor([[0.8731, 1.0000, 0.0000, 0.0000, 0.0000, 0.0000]])
tensor([[0.8468, 1.0000, 0.0000, 0.0000, 0.0000, 0.0000]])
tensor([[0.3301, 1.0000, 0.0000, 0.0000, 0.0000, 0.0000]])
tensor([[-0.0253,  1.0000,  0.0000,  0.0000,  0.0000,  0.0000]])
tensor([[0.0404, 1.0000, 0.0000, 0.0000, 0.0000, 0.0000]])
tensor([[0.2679, 1.0000, 0.0000, 0.0000, 0.0000, 0.0000]])
tensor([[-0.3394,  1.0000,  0.0000,  0.0000,  0.0000,  0.0000]])
tensor([[0.9658, 1.0000, 0.0000, 0.0000, 0.0000, 0.0000]])
tensor([[0.8877, 1.0000, 0.0000, 0.0000, 0.0000, 0.0000]])
tensor([[0.3536, 1.0000, 0.0000, 0.0000, 0.0000, 0.0000]])
tensor([[0.2319, 1.0000, 0.0000, 0.0000, 0.0000, 0.0000]])
tensor([[-0.8201,  1.0000,  0.0000,  0.0000,  0.0000,  0.0000]])
tensor([[0.4414, 1.0000, 0.0000, 0.0000, 0.0000, 0.0000]])
tensor([[0.5318, 1.0000, 0.0000, 0.0000, 0.0000, 0.0000]])
tensor([[0.3022, 1.0000, 0.0000, 0.0000, 0.0000, 0.0000]])
tensor([[0.3347, 1.0000, 0.0000, 0.0000, 0.0000, 0.0000]])
tensor([[0.7106, 1.0000, 0.0000, 0.0000, 0.0000, 0.0000]])
tensor([[-0.7781,  1.0000,  0.0000,  0.0000,  0.0000,  0.0000]])
tensor([[-0.6376,  1.0000,  0.0000,  0.0000,  0.0000,  0.0000]])
tensor([[0.4702, 1.0000, 0.0000, 0.0000, 0.0000, 0.0000]])
tensor([[0.7389, 1.0000, 0.0000, 0.0000, 0.0000, 0.0000]])
tensor([[0.6233, 1.0000, 0.0000, 0.0000, 0.0000, 0.0000]])
tensor([[0.0082, 1.0000, 0.0000, 0.0000, 0.0000, 0.0000]])
tensor([[0.5375, 1.0000, 0.0000, 0.0000, 0.0000, 0.0000]])
tensor([[-0.3092,  1.0000,  0.0000,  0.0000,  0.0000,  0.0000]])
tensor([[0.9198, 1.0000, 0.0000, 0.0000, 0.0000, 0.0000]])
tensor([[-0.0328,  1.0000,  0.0000,  0.0000,  0.0000,  0.0000]])
tensor([[0.1202, 1.0000, 0.0000, 0.0000, 0.0000, 0.0000]])
tensor([[0.8349, 1.0000, 0.0000, 0.0000, 0.0000, 0.0000]])
tensor([[0.8231, 1.0000, 0.0000, 0.0000, 0.0000, 0.0000]])
tensor([[-0.4884,  1.0000,  0.0000,  0.0000,  0.0000,  0.0000]])
tensor([[0.4718, 1.0000, 0.0000, 0.0000, 0.0000, 0.0000]])
tensor([[-0.1267,  1.0000,  0.0000,  0.0000,  0.0000,  0.0000]])
tensor([[0.3011, 1.0000, 0.0000, 0.0000, 0.0000, 0.0000]])
tensor([[0.8582, 1.0000, 0.0000, 0.0000, 0.0000, 0.0000]])
tensor([[0.7238, 1.0000, 0.0000, 0.0000, 0.0000, 0.0000]])
tensor([[-0.4069,  1.0000,  0.0000,  0.0000,  0.0000,  0.0000]])
tensor([[0.5659, 1.0000, 0.0000, 0.0000, 0.0000, 0.0000]])
tensor([[-0.5684,  1.0000,  0.0000,  0.0000,  0.0000,  0.0000]])
tensor([[0.5851, 1.0000, 0.0000, 0.0000, 0.0000, 0.0000]])
tensor([[0.8360, 1.0000, 0.0000, 0.0000, 0.0000, 0.0000]])
tensor([[0.8827, 1.0000, 0.0000, 0.0000, 0.0000, 0.0000]])
tensor([[0.3396, 1.0000, 0.0000, 0.0000, 0.0000, 0.0000]])
tensor([[-0.9246,  1.0000,  0.0000,  0.0000,  0.0000,  0.0000]])
tensor([[0.9386, 1.0000, 0.0000, 0.0000, 0.0000, 0.0000]])
tensor([[0.1301, 1.0000, 0.0000, 0.0000, 0.0000, 0.0000]])
tensor([[-0.1900,  1.0000,  0.0000,  0.0000,  0.0000,  0.0000]])
tensor([[0.5252, 1.0000, 0.0000, 0.0000, 0.0000, 0.0000]])
tensor([[0.1340, 1.0000, 0.0000, 0.0000, 0.0000, 0.0000]])
tensor([[0.6749, 1.0000, 0.0000, 0.0000, 0.0000, 0.0000]])
tensor([[-0.2296,  1.0000,  0.0000,  0.0000,  0.0000,  0.0000]])
tensor([[-0.4332,  1.0000,  0.0000,  0.0000,  0.0000,  0.0000]])
tensor([[0.6445, 1.0000, 0.0000, 0.0000, 0.0000, 0.0000]])
tensor([[0.9099, 1.0000, 0.0000, 0.0000, 0.0000, 0.0000]])
tensor([[-0.8472,  1.0000,  0.0000,  0.0000,  0.0000,  0.0000]])
tensor([[-0.0988,  1.0000,  0.0000,  0.0000,  0.0000,  0.0000]])
tensor([[0.9347, 1.0000, 0.0000, 0.0000, 0.0000, 0.0000]])
tensor([[0.9575, 1.0000, 0.0000, 0.0000, 0.0000, 0.0000]])
tensor([[0.5950, 1.0000, 0.0000, 0.0000, 0.0000, 0.0000]])
tensor([[0.7918, 1.0000, 0.0000, 0.0000, 0.0000, 0.0000]])
tensor([[0.5449, 1.0000, 0.0000, 0.0000, 0.0000, 0.0000]])
tensor([[0.3594, 1.0000, 0.0000, 0.0000, 0.0000, 0.0000]])
tensor([[-0.7333,  1.0000,  0.0000,  0.0000,  0.0000,  0.0000]])
tensor([[-0.5820,  1.0000,  0.0000,  0.0000,  0.0000,  0.0000]])
tensor([[0.7099, 1.0000, 0.0000, 0.0000, 0.0000, 0.0000]])
tensor([[0.9615, 1.0000, 0.0000, 0.0000, 0.0000, 0.0000]])
tensor([[0.9205, 1.0000, 0.0000, 0.0000, 0.0000, 0.0000]])
tensor([[0.9211, 1.0000, 0.0000, 0.0000, 0.0000, 0.0000]])
tensor([[0.9916, 1.0000, 0.0000, 0.0000, 0.0000, 0.0000]])
tensor([[0.8963, 1.0000, 0.0000, 0.0000, 0.0000, 0.0000]])
tensor([[0.9796, 1.0000, 0.0000, 0.0000, 0.0000, 0.0000]])
tensor([[0.6596, 1.0000, 0.0000, 0.0000, 0.0000, 0.0000]])
tensor([[0.9657, 1.0000, 0.0000, 0.0000, 0.0000, 0.0000]])
tensor([[0.4544, 1.0000, 0.0000, 0.0000, 0.0000, 0.0000]])
tensor([[0.8015, 1.0000, 0.0000, 0.0000, 0.0000, 0.0000]])
tensor([[0.4959, 1.0000, 0.0000, 0.0000, 0.0000, 0.0000]])
tensor([[0.1290, 1.0000, 0.0000, 0.0000, 0.0000, 0.0000]])
tensor([[-0.3469,  1.0000,  0.0000,  0.0000,  0.0000,  0.0000]])
tensor([[-0.7082,  1.0000,  0.0000,  0.0000,  0.0000,  0.0000]])
tensor([[-0.7540,  1.0000,  0.0000,  0.0000,  0.0000,  0.0000]])
tensor([[0.9397, 1.0000, 0.0000, 0.0000, 0.0000, 0.0000]])
tensor([[-0.9495,  1.0000,  0.0000,  0.0000,  0.0000,  0.0000]])
tensor([[-0.4654,  1.0000,  0.0000,  0.0000,  0.0000,  0.0000]])
tensor([[0.9397, 1.0000, 0.0000, 0.0000, 0.0000, 0.0000]])
tensor([[0.7851, 1.0000, 0.0000, 0.0000, 0.0000, 0.0000]])
tensor([[-0.4429,  1.0000,  0.0000,  0.0000,  0.0000,  0.0000]])
tensor([[-0.3733,  1.0000,  0.0000,  0.0000,  0.0000,  0.0000]])
tensor([[0.3191, 1.0000, 0.0000, 0.0000, 0.0000, 0.0000]])
tensor([[-0.6117,  1.0000,  0.0000,  0.0000,  0.0000,  0.0000]])
tensor([[-0.8388,  1.0000,  0.0000,  0.0000,  0.0000,  0.0000]])
tensor([[-0.2459,  1.0000,  1.0000,  0.0000,  0.0000,  0.0000]])
tensor([[-0.0200,  1.0000,  0.0000,  0.0000,  0.0000,  0.0000]])
tensor([[0.2360, 1.0000, 0.0000, 0.0000, 0.0000, 0.0000]])
tensor([[0.2693, 1.0000, 0.0000, 0.0000, 0.0000, 0.0000]])
tensor([[-0.5888,  1.0000,  0.0000,  0.0000,  0.0000,  0.0000]])
tensor([[-0.9052,  1.0000,  0.0000,  0.0000,  0.0000,  0.0000]])
tensor([[-0.4069,  1.0000,  0.0000,  0.0000,  0.0000,  0.0000]])
tensor([[-0.7977,  1.0000,  0.0000,  0.0000,  0.0000,  0.0000]])
tensor([[0.3505, 1.0000, 0.0000, 0.0000, 0.0000, 0.0000]])
tensor([[-0.6061,  1.0000,  0.0000,  0.0000,  0.0000,  0.0000]])
tensor([[-0.2031,  1.0000,  0.0000,  0.0000,  0.0000,  0.0000]])
tensor([[-0.2178,  1.0000,  0.0000,  0.0000,  0.0000,  0.0000]])
tensor([[-0.8134,  1.0000,  0.0000,  0.0000,  0.0000,  0.0000]])
tensor([[-0.7840,  1.0000,  0.0000,  0.0000,  0.0000,  0.0000]])
tensor([[-0.7641,  1.0000,  0.0000,  0.0000,  0.0000,  0.0000]])
tensor([[-0.9960,  1.0000,  0.0000,  0.0000,  0.0000,  0.0000]])
tensor([[-0.9582,  1.0000,  0.0000,  0.0000,  0.0000,  0.0000]])
tensor([[-0.8751,  1.0000,  0.0000,  0.0000,  0.0000,  0.0000]])
tensor([[-0.9350,  1.0000,  0.0000,  0.0000,  0.0000,  0.0000]])
tensor([[-0.9889,  1.0000,  0.0000,  0.0000,  0.0000,  0.0000]])
tensor([[-0.9867,  1.0000,  0.0000,  0.0000,  0.0000,  0.0000]])
tensor([[-0.9873,  1.0000,  0.0000,  0.0000,  0.0000,  0.0000]])
tensor([[-0.9389,  1.0000,  0.0000,  0.0000,  0.0000,  0.0000]])
tensor([[-0.9869,  1.0000,  0.0000,  0.0000,  0.0000,  0.0000]])
tensor([[-0.9683,  1.0000,  1.0000,  0.0000,  0.0000,  0.0000]])
tensor([[0.2662, 1.0000, 0.0000, 0.0000, 0.0000, 0.0000]])
tensor([[-0.2462,  1.0000,  0.0000,  0.0000,  0.0000,  0.0000]])
tensor([[-0.7394,  1.0000,  0.0000,  0.0000,  0.0000,  0.0000]])
tensor([[-0.8322,  1.0000,  0.0000,  0.0000,  0.0000,  0.0000]])
tensor([[0.7446, 1.0000, 0.0000, 0.0000, 0.0000, 0.0000]])
tensor([[0.8436, 1.0000, 0.0000, 0.0000, 0.0000, 0.0000]])
tensor([[-0.2264,  1.0000,  0.0000,  0.0000,  0.0000,  0.0000]])
tensor([[0.6557, 1.0000, 0.0000, 0.0000, 0.0000, 0.0000]])
tensor([[-0.8361,  1.0000,  0.0000,  0.0000,  0.0000,  0.0000]])
tensor([[0.0732, 1.0000, 0.0000, 0.0000, 0.0000, 0.0000]])
tensor([[0.2300, 1.0000, 0.0000, 0.0000, 0.0000, 0.0000]])
tensor([[0.4295, 1.0000, 0.0000, 0.0000, 0.0000, 0.0000]])
tensor([[0.1072, 1.0000, 0.0000, 0.0000, 0.0000, 0.0000]])
tensor([[-0.4127,  1.0000,  0.0000,  0.0000,  0.0000,  0.0000]])
tensor([[-0.6552,  1.0000,  0.0000,  0.0000,  0.0000,  0.0000]])
tensor([[0.3667, 1.0000, 0.0000, 0.0000, 0.0000, 0.0000]])
tensor([[0.5826, 1.0000, 0.0000, 0.0000, 0.0000, 0.0000]])
tensor([[0.4752, 1.0000, 0.0000, 0.0000, 0.0000, 0.0000]])
tensor([[0.4082, 1.0000, 0.0000, 0.0000, 0.0000, 0.0000]])
tensor([[-0.2026,  1.0000,  0.0000,  0.0000,  0.0000,  0.0000]])
tensor([[-0.7278,  1.0000,  0.0000,  0.0000,  0.0000,  0.0000]])
tensor([[0.8940, 1.0000, 0.0000, 0.0000, 0.0000, 0.0000]])
tensor([[0.3636, 1.0000, 0.0000, 0.0000, 0.0000, 0.0000]])
tensor([[-0.2748,  1.0000,  0.0000,  0.0000,  0.0000,  0.0000]])
tensor([[0.2544, 1.0000, 0.0000, 0.0000, 0.0000, 0.0000]])
tensor([[0.9000, 1.0000, 0.0000, 0.0000, 0.0000, 0.0000]])
tensor([[0.1555, 1.0000, 0.0000, 0.0000, 0.0000, 0.0000]])
tensor([[-0.9863,  0.0000,  0.0000,  0.0000,  0.0000,  0.0000]])
tensor([[-0.5516,  1.0000,  0.0000,  0.0000,  0.0000,  0.0000]])
tensor([[-0.8342,  1.0000,  0.0000,  0.0000,  0.0000,  0.0000]])
tensor([[0.8672, 1.0000, 0.0000, 0.0000, 0.0000, 0.0000]])
tensor([[-0.6906,  1.0000,  0.0000,  0.0000,  0.0000,  0.0000]])
tensor([[-0.7685,  1.0000,  0.0000,  0.0000,  0.0000,  0.0000]])
tensor([[0.3253, 1.0000, 0.0000, 0.0000, 0.0000, 0.0000]])
tensor([[0.5766, 1.0000, 0.0000, 0.0000, 0.0000, 0.0000]])
tensor([[0.7700, 1.0000, 0.0000, 0.0000, 0.0000, 0.0000]])
tensor([[0.9737, 1.0000, 0.0000, 0.0000, 0.0000, 0.0000]])
tensor([[0.1346, 1.0000, 0.0000, 0.0000, 0.0000, 0.0000]])
tensor([[0.9057, 1.0000, 0.0000, 0.0000, 0.0000, 0.0000]])
tensor([[0.5348, 1.0000, 1.0000, 0.0000, 0.0000, 0.0000]])
tensor([[0.9602, 1.0000, 0.0000, 0.0000, 0.0000, 0.0000]])
tensor([[-0.2317,  1.0000,  0.0000,  0.0000,  0.0000,  0.0000]])
tensor([[0.8473, 1.0000, 0.0000, 0.0000, 0.0000, 0.0000]])
tensor([[0.8168, 1.0000, 0.0000, 0.0000, 0.0000, 0.0000]])
tensor([[-0.3377,  1.0000,  0.0000,  0.0000,  0.0000,  0.0000]])
tensor([[0.7634, 1.0000, 0.0000, 0.0000, 0.0000, 0.0000]])
tensor([[0.6668, 1.0000, 0.0000, 0.0000, 0.0000, 0.0000]])
tensor([[0.4401, 1.0000, 0.0000, 0.0000, 0.0000, 0.0000]])
tensor([[-0.3572,  1.0000,  0.0000,  0.0000,  0.0000,  0.0000]])
tensor([[0.6743, 1.0000, 0.0000, 0.0000, 0.0000, 0.0000]])
tensor([[-0.5397,  1.0000,  0.0000,  0.0000,  0.0000,  0.0000]])
tensor([[0.2043, 1.0000, 0.0000, 0.0000, 0.0000, 0.0000]])
tensor([[0.6855, 1.0000, 0.0000, 0.0000, 0.0000, 0.0000]])
tensor([[0.8165, 1.0000, 0.0000, 0.0000, 0.0000, 0.0000]])
tensor([[0.8904, 1.0000, 1.0000, 0.0000, 0.0000, 0.0000]])
tensor([[0.6569, 1.0000, 0.0000, 0.0000, 0.0000, 0.0000]])
tensor([[0.8402, 1.0000, 0.0000, 0.0000, 0.0000, 0.0000]])
tensor([[0.8818, 1.0000, 0.0000, 0.0000, 0.0000, 0.0000]])
tensor([[-0.2796,  1.0000,  0.0000,  0.0000,  0.0000,  0.0000]])
tensor([[0.9583, 1.0000, 0.0000, 0.0000, 0.0000, 0.0000]])
tensor([[0.9694, 1.0000, 0.0000, 0.0000, 0.0000, 0.0000]])
tensor([[0.7179, 1.0000, 0.0000, 0.0000, 0.0000, 0.0000]])
tensor([[0.0672, 1.0000, 0.0000, 0.0000, 0.0000, 0.0000]])
tensor([[0.0765, 1.0000, 0.0000, 0.0000, 0.0000, 0.0000]])
tensor([[0.6432, 1.0000, 0.0000, 0.0000, 0.0000, 0.0000]])
tensor([[-0.0876,  1.0000,  0.0000,  0.0000,  0.0000,  0.0000]])
tensor([[0.5112, 1.0000, 0.0000, 0.0000, 0.0000, 0.0000]])
tensor([[0.5954, 1.0000, 0.0000, 0.0000, 0.0000, 0.0000]])
tensor([[0.3285, 1.0000, 0.0000, 0.0000, 0.0000, 0.0000]])
tensor([[-0.8190,  1.0000,  0.0000,  0.0000,  0.0000,  0.0000]])
tensor([[0.3259, 1.0000, 0.0000, 0.0000, 0.0000, 0.0000]])
tensor([[0.8624, 1.0000, 0.0000, 0.0000, 0.0000, 0.0000]])
tensor([[-0.0090,  1.0000,  0.0000,  0.0000,  0.0000,  0.0000]])
tensor([[0.6001, 1.0000, 0.0000, 0.0000, 0.0000, 0.0000]])
tensor([[-0.3670,  1.0000,  0.0000,  0.0000,  0.0000,  0.0000]])
tensor([[0.9625, 1.0000, 0.0000, 0.0000, 0.0000, 0.0000]])
tensor([[0.6579, 1.0000, 0.0000, 0.0000, 0.0000, 0.0000]])
tensor([[-0.5137,  1.0000,  0.0000,  0.0000,  0.0000,  0.0000]])
tensor([[-0.6146,  1.0000,  0.0000,  0.0000,  0.0000,  0.0000]])
tensor([[0.5026, 1.0000, 0.0000, 0.0000, 0.0000, 0.0000]])
tensor([[0.6719, 1.0000, 0.0000, 0.0000, 0.0000, 0.0000]])
tensor([[-0.2247,  1.0000,  0.0000,  0.0000,  0.0000,  0.0000]])
tensor([[-0.8528,  1.0000,  0.0000,  0.0000,  0.0000,  0.0000]])
tensor([[0.6370, 1.0000, 0.0000, 0.0000, 0.0000, 0.0000]])
tensor([[-0.8580,  1.0000,  0.0000,  0.0000,  0.0000,  0.0000]])
INFO:root:Agent 0 (TQCars): avg action time = 0.0009s
tensor([[-0.9743,  1.0000,  0.0000,  0.0000,  0.0000,  0.0000]])
tensor([[-0.8387,  1.0000,  0.0000,  0.0000,  0.0000,  0.0000]])
tensor([[-0.6275,  1.0000,  0.0000,  0.0000,  0.0000,  0.0000]])
tensor([[-0.8566,  1.0000,  0.0000,  0.0000,  0.0000,  0.0000]])
tensor([[-0.8901,  1.0000,  0.0000,  0.0000,  0.0000,  0.0000]])
tensor([[-0.8719,  1.0000,  0.0000,  0.0000,  0.0000,  0.0000]])
tensor([[-0.7154,  1.0000,  0.0000,  0.0000,  0.0000,  0.0000]])
tensor([[0.5550, 1.0000, 0.0000, 0.0000, 0.0000, 0.0000]])
tensor([[-0.7772,  1.0000,  0.0000,  0.0000,  0.0000,  0.0000]])
tensor([[-0.6936,  1.0000,  0.0000,  0.0000,  0.0000,  0.0000]])
tensor([[-0.7219,  1.0000,  0.0000,  0.0000,  0.0000,  0.0000]])
tensor([[-0.9128,  1.0000,  0.0000,  0.0000,  0.0000,  0.0000]])
tensor([[0.4619, 1.0000, 0.0000, 0.0000, 0.0000, 0.0000]])
tensor([[-0.6759,  1.0000,  0.0000,  0.0000,  0.0000,  0.0000]])
tensor([[0.7225, 1.0000, 0.0000, 0.0000, 0.0000, 0.0000]])
tensor([[0.7110, 1.0000, 0.0000, 0.0000, 0.0000, 0.0000]])
tensor([[0.2037, 1.0000, 0.0000, 0.0000, 0.0000, 0.0000]])
tensor([[0.4513, 1.0000, 0.0000, 0.0000, 0.0000, 0.0000]])
tensor([[0.9089, 1.0000, 0.0000, 0.0000, 0.0000, 0.0000]])
tensor([[0.8916, 1.0000, 0.0000, 0.0000, 0.0000, 0.0000]])
tensor([[0.0699, 1.0000, 0.0000, 0.0000, 0.0000, 0.0000]])
tensor([[0.0668, 1.0000, 0.0000, 0.0000, 0.0000, 0.0000]])
tensor([[0.1985, 1.0000, 0.0000, 0.0000, 0.0000, 0.0000]])
tensor([[0.7977, 1.0000, 0.0000, 0.0000, 0.0000, 0.0000]])
tensor([[0.7094, 1.0000, 0.0000, 0.0000, 0.0000, 0.0000]])
tensor([[0.7531, 1.0000, 0.0000, 0.0000, 0.0000, 0.0000]])
tensor([[0.6708, 1.0000, 0.0000, 0.0000, 0.0000, 0.0000]])
tensor([[0.8130, 1.0000, 0.0000, 0.0000, 0.0000, 0.0000]])
tensor([[0.9738, 1.0000, 0.0000, 0.0000, 0.0000, 0.0000]])
tensor([[0.7936, 1.0000, 0.0000, 0.0000, 0.0000, 0.0000]])
tensor([[0.6743, 1.0000, 0.0000, 0.0000, 0.0000, 0.0000]])
tensor([[-0.8942,  1.0000,  0.0000,  0.0000,  0.0000,  0.0000]])
tensor([[0.8096, 1.0000, 0.0000, 0.0000, 0.0000, 0.0000]])
tensor([[0.1669, 1.0000, 0.0000, 0.0000, 0.0000, 0.0000]])
tensor([[0.2228, 1.0000, 0.0000, 0.0000, 0.0000, 0.0000]])
tensor([[-0.3511,  1.0000,  0.0000,  0.0000,  0.0000,  0.0000]])
tensor([[0.4904, 1.0000, 0.0000, 0.0000, 0.0000, 0.0000]])
tensor([[0.7924, 1.0000, 0.0000, 0.0000, 0.0000, 0.0000]])
tensor([[0.0650, 1.0000, 0.0000, 0.0000, 0.0000, 0.0000]])
tensor([[-0.3017,  1.0000,  0.0000,  0.0000,  0.0000,  0.0000]])
tensor([[0.8226, 1.0000, 0.0000, 0.0000, 0.0000, 0.0000]])
tensor([[-0.0303,  1.0000,  0.0000,  0.0000,  0.0000,  0.0000]])
tensor([[0.6552, 1.0000, 0.0000, 0.0000, 0.0000, 0.0000]])
tensor([[0.2435, 1.0000, 0.0000, 0.0000, 0.0000, 0.0000]])
tensor([[-0.7384,  1.0000,  0.0000,  0.0000,  0.0000,  0.0000]])
tensor([[0.1202, 1.0000, 0.0000, 0.0000, 0.0000, 0.0000]])
tensor([[-0.8420,  1.0000,  0.0000,  0.0000,  0.0000,  0.0000]])
tensor([[-0.9441,  1.0000,  0.0000,  0.0000,  0.0000,  0.0000]])
tensor([[0.1272, 1.0000, 0.0000, 0.0000, 0.0000, 0.0000]])
tensor([[0.5868, 1.0000, 0.0000, 0.0000, 0.0000, 0.0000]])
tensor([[-0.7797,  1.0000,  0.0000,  0.0000,  0.0000,  0.0000]])
tensor([[0.2734, 1.0000, 0.0000, 0.0000, 0.0000, 0.0000]])
tensor([[0.7103, 1.0000, 0.0000, 0.0000, 0.0000, 0.0000]])
tensor([[0.4351, 1.0000, 0.0000, 0.0000, 0.0000, 0.0000]])
tensor([[-0.5360,  1.0000,  0.0000,  0.0000,  0.0000,  0.0000]])
tensor([[-0.0793,  1.0000,  0.0000,  0.0000,  0.0000,  0.0000]])
tensor([[0.2930, 1.0000, 0.0000, 0.0000, 0.0000, 0.0000]])
{"type": "results", "track": "hacienda", "results": [{"key": 0, "reward": 9.99527587890625, "position": 4, "name": "TQCars", "avg_action_time": 0.0008779736301053225}]}
