INFO:root:Loading the agents
INFO:root:Loaded player TQCars
INFO:root:Creating pystk-1
INFO:root:Adding wrapper <function get_wrappers.<locals>.<lambda> at 0x7de237eff420>
INFO:root:Adding wrapper <function get_wrappers.<locals>.<lambda> at 0x7de237eff4c0>
INFO:root:Adding wrapper <function get_wrappers.<locals>.<lambda> at 0x7de237eff560>
INFO:root:Adding wrapper <function get_wrappers.<locals>.<lambda> at 0x7de237eff600>
INFO:root:(multi-env mono adapter) Setting main environment max_paths to 5
INFO:root:Loading trained model from CHECKPOINT-GPUFAC/tqc_EXP16BASEREWARD_1600000.pt...
INFO:root:Starting a race
..:: Antarctica Rendering Engine 2.0 ::..
tensor([[-0.5127,  0.0000,  0.0000,  0.0000,  0.0000,  0.0000]])
tensor([[-0.7811,  1.0000,  0.0000,  0.0000,  0.0000,  0.0000]])
tensor([[0.7136, 1.0000, 0.0000, 0.0000, 0.0000, 0.0000]])
tensor([[0.6993, 1.0000, 0.0000, 0.0000, 0.0000, 0.0000]])
tensor([[0.0594, 1.0000, 0.0000, 0.0000, 0.0000, 0.0000]])
tensor([[-0.5113,  1.0000,  0.0000,  0.0000,  0.0000,  0.0000]])
tensor([[0.4822, 1.0000, 0.0000, 0.0000, 0.0000, 0.0000]])
tensor([[0.2827, 1.0000, 0.0000, 0.0000, 0.0000, 0.0000]])
tensor([[-0.2281,  1.0000,  0.0000,  0.0000,  0.0000,  0.0000]])
tensor([[0.0792, 1.0000, 0.0000, 0.0000, 0.0000, 0.0000]])
tensor([[0.1114, 1.0000, 0.0000, 0.0000, 0.0000, 0.0000]])
tensor([[-0.5597,  1.0000,  0.0000,  0.0000,  0.0000,  0.0000]])
tensor([[-0.4095,  1.0000,  0.0000,  0.0000,  1.0000,  0.0000]])
tensor([[0.7230, 1.0000, 0.0000, 0.0000, 0.0000, 0.0000]])
tensor([[0.0106, 1.0000, 0.0000, 0.0000, 0.0000, 0.0000]])
tensor([[-0.4463,  1.0000,  0.0000,  0.0000,  0.0000,  0.0000]])
tensor([[-0.3650,  1.0000,  0.0000,  0.0000,  0.0000,  0.0000]])
tensor([[0.1512, 1.0000, 1.0000, 0.0000, 0.0000, 0.0000]])
tensor([[-0.2650,  1.0000,  0.0000,  0.0000,  0.0000,  0.0000]])
tensor([[0.1702, 1.0000, 0.0000, 0.0000, 0.0000, 0.0000]])
tensor([[0.2865, 1.0000, 0.0000, 0.0000, 0.0000, 0.0000]])
tensor([[-0.0851,  1.0000,  0.0000,  0.0000,  1.0000,  0.0000]])
tensor([[-0.3515,  1.0000,  0.0000,  0.0000,  0.0000,  0.0000]])
tensor([[0.0513, 1.0000, 0.0000, 0.0000, 0.0000, 0.0000]])
tensor([[-0.4279,  1.0000,  0.0000,  0.0000,  1.0000,  0.0000]])
tensor([[-0.5153,  1.0000,  0.0000,  0.0000,  0.0000,  0.0000]])
tensor([[0.0973, 1.0000, 0.0000, 0.0000, 0.0000, 0.0000]])
tensor([[0.5491, 1.0000, 0.0000, 0.0000, 0.0000, 0.0000]])
tensor([[0.6915, 1.0000, 0.0000, 0.0000, 0.0000, 0.0000]])
tensor([[-0.1915,  1.0000,  0.0000,  0.0000,  0.0000,  0.0000]])
tensor([[0.8340, 1.0000, 1.0000, 0.0000, 0.0000, 0.0000]])
tensor([[-0.7723,  1.0000,  0.0000,  0.0000,  0.0000,  0.0000]])
tensor([[0.9483, 1.0000, 0.0000, 0.0000, 0.0000, 0.0000]])
tensor([[0.6888, 1.0000, 0.0000, 0.0000, 0.0000, 0.0000]])
tensor([[-0.8119,  1.0000,  0.0000,  0.0000,  0.0000,  0.0000]])
tensor([[0.7813, 0.0000, 0.0000, 0.0000, 0.0000, 0.0000]])
tensor([[-0.8517,  1.0000,  0.0000,  0.0000,  0.0000,  0.0000]])
tensor([[-0.5625,  1.0000,  0.0000,  0.0000,  0.0000,  0.0000]])
tensor([[0.0891, 1.0000, 0.0000, 0.0000, 0.0000, 0.0000]])
tensor([[-0.5657,  1.0000,  0.0000,  0.0000,  0.0000,  0.0000]])
tensor([[-0.4050,  1.0000,  0.0000,  0.0000,  0.0000,  0.0000]])
tensor([[0.5046, 1.0000, 0.0000, 0.0000, 0.0000, 0.0000]])
tensor([[0.7883, 1.0000, 0.0000, 0.0000, 0.0000, 0.0000]])
tensor([[0.7132, 1.0000, 1.0000, 0.0000, 0.0000, 0.0000]])
tensor([[-0.6063,  1.0000,  0.0000,  0.0000,  0.0000,  0.0000]])
tensor([[-0.8883,  1.0000,  0.0000,  0.0000,  0.0000,  0.0000]])
tensor([[0.0723, 1.0000, 0.0000, 0.0000, 0.0000, 0.0000]])
tensor([[-0.3067,  1.0000,  0.0000,  0.0000,  0.0000,  0.0000]])
tensor([[0.2528, 1.0000, 0.0000, 0.0000, 0.0000, 0.0000]])
tensor([[-0.9019,  1.0000,  0.0000,  0.0000,  0.0000,  0.0000]])
tensor([[-0.8153,  1.0000,  0.0000,  0.0000,  0.0000,  0.0000]])
tensor([[0.9182, 1.0000, 0.0000, 0.0000, 0.0000, 0.0000]])
tensor([[0.0411, 1.0000, 0.0000, 0.0000, 0.0000, 0.0000]])
tensor([[-0.7835,  1.0000,  1.0000,  0.0000,  0.0000,  0.0000]])
tensor([[0.9718, 1.0000, 0.0000, 0.0000, 0.0000, 0.0000]])
tensor([[0.8993, 1.0000, 0.0000, 0.0000, 0.0000, 0.0000]])
tensor([[-0.6401,  1.0000,  0.0000,  0.0000,  0.0000,  0.0000]])
tensor([[0.0949, 1.0000, 0.0000, 0.0000, 0.0000, 0.0000]])
tensor([[-0.4757,  1.0000,  0.0000,  0.0000,  0.0000,  0.0000]])
tensor([[0.2987, 1.0000, 0.0000, 0.0000, 0.0000, 0.0000]])
tensor([[0.6488, 1.0000, 0.0000, 0.0000, 0.0000, 0.0000]])
tensor([[0.4664, 1.0000, 0.0000, 0.0000, 0.0000, 0.0000]])
tensor([[-0.4923,  1.0000,  0.0000,  0.0000,  0.0000,  0.0000]])
tensor([[0.7751, 1.0000, 0.0000, 0.0000, 0.0000, 0.0000]])
tensor([[0.7470, 1.0000, 0.0000, 0.0000, 0.0000, 0.0000]])
tensor([[0.6556, 1.0000, 0.0000, 0.0000, 0.0000, 0.0000]])
tensor([[0.8080, 1.0000, 0.0000, 0.0000, 0.0000, 0.0000]])
tensor([[0.8303, 1.0000, 0.0000, 0.0000, 0.0000, 0.0000]])
tensor([[-0.6033,  1.0000,  0.0000,  0.0000,  0.0000,  0.0000]])
tensor([[-0.5368,  1.0000,  0.0000,  0.0000,  0.0000,  0.0000]])
tensor([[0.2354, 1.0000, 0.0000, 0.0000, 0.0000, 0.0000]])
tensor([[0.3365, 1.0000, 0.0000, 0.0000, 0.0000, 0.0000]])
tensor([[0.4817, 1.0000, 0.0000, 0.0000, 0.0000, 0.0000]])
tensor([[0.6758, 1.0000, 1.0000, 0.0000, 0.0000, 0.0000]])
tensor([[-0.9653,  1.0000,  0.0000,  0.0000,  0.0000,  0.0000]])
tensor([[-0.8434,  1.0000,  0.0000,  0.0000,  0.0000,  0.0000]])
tensor([[0.1946, 1.0000, 0.0000, 0.0000, 0.0000, 0.0000]])
tensor([[-0.5488,  1.0000,  0.0000,  0.0000,  0.0000,  0.0000]])
tensor([[-0.0765,  1.0000,  0.0000,  0.0000,  0.0000,  0.0000]])
tensor([[0.4743, 1.0000, 0.0000, 0.0000, 0.0000, 0.0000]])
tensor([[0.5535, 1.0000, 0.0000, 0.0000, 0.0000, 0.0000]])
tensor([[-0.7333,  1.0000,  0.0000,  0.0000,  0.0000,  0.0000]])
tensor([[-0.7672,  1.0000,  0.0000,  0.0000,  0.0000,  0.0000]])
tensor([[-0.8843,  1.0000,  0.0000,  0.0000,  0.0000,  0.0000]])
tensor([[-0.9927,  1.0000,  0.0000,  0.0000,  0.0000,  0.0000]])
tensor([[-0.9480,  1.0000,  0.0000,  0.0000,  0.0000,  0.0000]])
tensor([[-0.9899,  1.0000,  0.0000,  0.0000,  0.0000,  0.0000]])
tensor([[-0.9819,  1.0000,  0.0000,  0.0000,  0.0000,  0.0000]])
tensor([[-0.9983,  1.0000,  0.0000,  0.0000,  0.0000,  0.0000]])
tensor([[-0.8516,  1.0000,  0.0000,  0.0000,  0.0000,  0.0000]])
tensor([[-0.9655,  1.0000,  0.0000,  0.0000,  0.0000,  0.0000]])
tensor([[-0.8345,  0.0000,  0.0000,  0.0000,  0.0000,  0.0000]])
tensor([[-0.9238,  1.0000,  1.0000,  0.0000,  0.0000,  0.0000]])
tensor([[-0.8075,  1.0000,  0.0000,  0.0000,  0.0000,  0.0000]])
tensor([[0.9783, 1.0000, 0.0000, 0.0000, 0.0000, 0.0000]])
tensor([[0.4519, 1.0000, 0.0000, 0.0000, 0.0000, 0.0000]])
tensor([[-0.5810,  1.0000,  0.0000,  0.0000,  0.0000,  0.0000]])
tensor([[-0.2507,  1.0000,  0.0000,  0.0000,  0.0000,  0.0000]])
tensor([[-0.2484,  1.0000,  0.0000,  0.0000,  0.0000,  0.0000]])
tensor([[0.6940, 1.0000, 0.0000, 0.0000, 0.0000, 0.0000]])
tensor([[0.5544, 1.0000, 0.0000, 0.0000, 0.0000, 0.0000]])
tensor([[0.6786, 1.0000, 0.0000, 0.0000, 0.0000, 0.0000]])
tensor([[0.9857, 1.0000, 0.0000, 0.0000, 0.0000, 0.0000]])
tensor([[0.8126, 0.0000, 0.0000, 0.0000, 0.0000, 0.0000]])
tensor([[0.7036, 1.0000, 0.0000, 0.0000, 0.0000, 0.0000]])
tensor([[-0.6299,  1.0000,  0.0000,  0.0000,  0.0000,  0.0000]])
tensor([[0.0761, 1.0000, 0.0000, 0.0000, 0.0000, 0.0000]])
tensor([[-0.4327,  1.0000,  0.0000,  0.0000,  0.0000,  0.0000]])
tensor([[0.6367, 1.0000, 0.0000, 0.0000, 0.0000, 0.0000]])
tensor([[-0.1166,  1.0000,  0.0000,  0.0000,  0.0000,  0.0000]])
tensor([[-0.7839,  1.0000,  0.0000,  0.0000,  0.0000,  0.0000]])
tensor([[-0.3166,  1.0000,  0.0000,  0.0000,  0.0000,  0.0000]])
tensor([[-0.1278,  1.0000,  0.0000,  0.0000,  0.0000,  0.0000]])
tensor([[-0.3954,  1.0000,  0.0000,  0.0000,  0.0000,  0.0000]])
tensor([[0.2348, 1.0000, 0.0000, 0.0000, 0.0000, 0.0000]])
tensor([[0.6341, 1.0000, 0.0000, 0.0000, 0.0000, 0.0000]])
tensor([[-0.3691,  1.0000,  0.0000,  0.0000,  0.0000,  0.0000]])
tensor([[0.0584, 1.0000, 0.0000, 0.0000, 0.0000, 0.0000]])
tensor([[-0.6424,  1.0000,  0.0000,  0.0000,  0.0000,  0.0000]])
tensor([[-0.0940,  1.0000,  0.0000,  0.0000,  0.0000,  0.0000]])
tensor([[-0.2302,  1.0000,  0.0000,  0.0000,  0.0000,  0.0000]])
tensor([[-0.3180,  1.0000,  0.0000,  0.0000,  0.0000,  0.0000]])
tensor([[-0.6703,  1.0000,  0.0000,  0.0000,  0.0000,  0.0000]])
tensor([[0.2996, 1.0000, 0.0000, 0.0000, 0.0000, 0.0000]])
tensor([[-0.3433,  1.0000,  0.0000,  0.0000,  0.0000,  0.0000]])
tensor([[-0.3478,  1.0000,  0.0000,  0.0000,  0.0000,  0.0000]])
tensor([[0.7040, 1.0000, 0.0000, 0.0000, 0.0000, 0.0000]])
tensor([[-0.8965,  1.0000,  0.0000,  0.0000,  0.0000,  0.0000]])
tensor([[-0.3491,  1.0000,  0.0000,  0.0000,  0.0000,  0.0000]])
tensor([[-0.5283,  1.0000,  0.0000,  0.0000,  0.0000,  0.0000]])
tensor([[-0.1883,  1.0000,  0.0000,  0.0000,  0.0000,  0.0000]])
tensor([[-0.8862,  1.0000,  0.0000,  0.0000,  0.0000,  0.0000]])
tensor([[-0.7392,  1.0000,  0.0000,  0.0000,  0.0000,  0.0000]])
tensor([[-0.7408,  1.0000,  0.0000,  0.0000,  0.0000,  0.0000]])
tensor([[0.2956, 1.0000, 0.0000, 0.0000, 0.0000, 0.0000]])
tensor([[0.4531, 1.0000, 0.0000, 0.0000, 0.0000, 0.0000]])
tensor([[-0.5411,  1.0000,  0.0000,  0.0000,  0.0000,  0.0000]])
tensor([[-0.8182,  1.0000,  0.0000,  0.0000,  0.0000,  0.0000]])
tensor([[0.3983, 1.0000, 0.0000, 0.0000, 0.0000, 0.0000]])
tensor([[0.0593, 1.0000, 0.0000, 0.0000, 0.0000, 0.0000]])
tensor([[-0.0892,  1.0000,  0.0000,  0.0000,  0.0000,  0.0000]])
tensor([[-0.4240,  1.0000,  0.0000,  0.0000,  0.0000,  0.0000]])
tensor([[-0.3561,  1.0000,  0.0000,  0.0000,  0.0000,  0.0000]])
tensor([[-0.6740,  1.0000,  0.0000,  0.0000,  0.0000,  0.0000]])
tensor([[0.4011, 1.0000, 0.0000, 0.0000, 0.0000, 0.0000]])
tensor([[0.7340, 1.0000, 0.0000, 0.0000, 0.0000, 0.0000]])
tensor([[-0.4639,  1.0000,  0.0000,  0.0000,  0.0000,  0.0000]])
tensor([[-0.7168,  1.0000,  0.0000,  0.0000,  0.0000,  0.0000]])
tensor([[0.7187, 1.0000, 0.0000, 0.0000, 0.0000, 0.0000]])
tensor([[0.2404, 1.0000, 0.0000, 0.0000, 0.0000, 0.0000]])
tensor([[0.2675, 1.0000, 0.0000, 0.0000, 0.0000, 0.0000]])
tensor([[-0.1130,  1.0000,  0.0000,  0.0000,  0.0000,  0.0000]])
tensor([[0.0468, 1.0000, 0.0000, 0.0000, 0.0000, 0.0000]])
tensor([[-0.5304,  1.0000,  0.0000,  0.0000,  0.0000,  0.0000]])
tensor([[0.0116, 1.0000, 0.0000, 0.0000, 0.0000, 0.0000]])
tensor([[0.4224, 1.0000, 0.0000, 0.0000, 0.0000, 0.0000]])
tensor([[0.0254, 1.0000, 0.0000, 0.0000, 0.0000, 0.0000]])
tensor([[0.5070, 1.0000, 0.0000, 0.0000, 0.0000, 0.0000]])
tensor([[0.5303, 1.0000, 0.0000, 0.0000, 0.0000, 0.0000]])
tensor([[0.7538, 1.0000, 0.0000, 0.0000, 0.0000, 0.0000]])
tensor([[0.4618, 1.0000, 0.0000, 0.0000, 0.0000, 0.0000]])
tensor([[-0.4758,  1.0000,  0.0000,  0.0000,  0.0000,  0.0000]])
tensor([[-0.4832,  1.0000,  0.0000,  0.0000,  0.0000,  0.0000]])
tensor([[-0.7514,  1.0000,  0.0000,  0.0000,  0.0000,  0.0000]])
tensor([[0.0750, 1.0000, 0.0000, 0.0000, 0.0000, 0.0000]])
tensor([[-0.7193,  1.0000,  0.0000,  0.0000,  0.0000,  0.0000]])
tensor([[-0.0184,  1.0000,  0.0000,  0.0000,  0.0000,  0.0000]])
tensor([[-0.3700,  1.0000,  0.0000,  0.0000,  0.0000,  0.0000]])
tensor([[-0.9161,  1.0000,  0.0000,  0.0000,  0.0000,  0.0000]])
tensor([[-0.7811,  1.0000,  0.0000,  0.0000,  0.0000,  0.0000]])
tensor([[-0.4365,  1.0000,  0.0000,  0.0000,  0.0000,  0.0000]])
tensor([[-0.9107,  1.0000,  0.0000,  0.0000,  0.0000,  0.0000]])
tensor([[-0.7540,  1.0000,  0.0000,  0.0000,  0.0000,  0.0000]])
tensor([[-0.2771,  1.0000,  0.0000,  0.0000,  0.0000,  0.0000]])
tensor([[-0.8615,  1.0000,  0.0000,  0.0000,  0.0000,  0.0000]])
tensor([[-0.8954,  1.0000,  0.0000,  0.0000,  0.0000,  0.0000]])
tensor([[-0.5665,  1.0000,  0.0000,  0.0000,  0.0000,  0.0000]])
tensor([[-0.1905,  1.0000,  0.0000,  0.0000,  0.0000,  0.0000]])
tensor([[-0.7439,  1.0000,  0.0000,  0.0000,  0.0000,  0.0000]])
tensor([[-0.8534,  1.0000,  0.0000,  0.0000,  0.0000,  0.0000]])
tensor([[-0.6339,  1.0000,  0.0000,  0.0000,  0.0000,  0.0000]])
tensor([[-0.6701,  1.0000,  0.0000,  0.0000,  0.0000,  0.0000]])
tensor([[-0.8748,  1.0000,  0.0000,  0.0000,  0.0000,  0.0000]])
tensor([[-0.8703,  1.0000,  0.0000,  0.0000,  0.0000,  0.0000]])
tensor([[-0.9880,  1.0000,  0.0000,  0.0000,  0.0000,  0.0000]])
tensor([[-0.9632,  1.0000,  0.0000,  1.0000,  0.0000,  0.0000]])
tensor([[-0.9763,  1.0000,  0.0000,  0.0000,  0.0000,  0.0000]])
tensor([[-0.8729,  1.0000,  0.0000,  0.0000,  0.0000,  0.0000]])
tensor([[-0.9642,  1.0000,  0.0000,  0.0000,  1.0000,  0.0000]])
tensor([[-0.9641,  1.0000,  0.0000,  0.0000,  0.0000,  0.0000]])
tensor([[-0.3827,  1.0000,  0.0000,  0.0000,  0.0000,  0.0000]])
tensor([[0.3597, 1.0000, 0.0000, 0.0000, 0.0000, 0.0000]])
tensor([[0.9798, 1.0000, 0.0000, 0.0000, 0.0000, 0.0000]])
tensor([[0.8607, 1.0000, 0.0000, 0.0000, 0.0000, 0.0000]])
tensor([[-0.2622,  1.0000,  0.0000,  0.0000,  0.0000,  0.0000]])
tensor([[-0.5739,  1.0000,  0.0000,  0.0000,  0.0000,  0.0000]])
tensor([[-0.8986,  1.0000,  0.0000,  0.0000,  0.0000,  0.0000]])
tensor([[-0.8413,  1.0000,  0.0000,  0.0000,  0.0000,  0.0000]])
tensor([[0.2835, 1.0000, 0.0000, 0.0000, 0.0000, 0.0000]])
tensor([[0.8472, 1.0000, 0.0000, 0.0000, 0.0000, 0.0000]])
tensor([[-0.2772,  0.0000,  0.0000,  0.0000,  0.0000,  0.0000]])
tensor([[0.6574, 1.0000, 0.0000, 0.0000, 0.0000, 0.0000]])
tensor([[0.9503, 1.0000, 0.0000, 0.0000, 0.0000, 0.0000]])
tensor([[0.7591, 1.0000, 0.0000, 0.0000, 0.0000, 0.0000]])
tensor([[0.9922, 1.0000, 0.0000, 0.0000, 0.0000, 0.0000]])
tensor([[0.9624, 1.0000, 0.0000, 0.0000, 1.0000, 0.0000]])
tensor([[0.8847, 1.0000, 0.0000, 0.0000, 0.0000, 0.0000]])
tensor([[0.7291, 1.0000, 0.0000, 0.0000, 0.0000, 0.0000]])
tensor([[-0.7428,  1.0000,  0.0000,  0.0000,  0.0000,  0.0000]])
tensor([[-0.9436,  1.0000,  0.0000,  0.0000,  0.0000,  0.0000]])
tensor([[-0.8495,  1.0000,  0.0000,  0.0000,  0.0000,  0.0000]])
tensor([[-0.5502,  1.0000,  0.0000,  0.0000,  0.0000,  0.0000]])
tensor([[-0.7504,  1.0000,  0.0000,  0.0000,  0.0000,  0.0000]])
tensor([[-0.7322,  1.0000,  0.0000,  0.0000,  0.0000,  0.0000]])
tensor([[-0.3366,  1.0000,  0.0000,  0.0000,  0.0000,  0.0000]])
tensor([[-0.8092,  1.0000,  0.0000,  0.0000,  0.0000,  0.0000]])
tensor([[-0.3155,  1.0000,  0.0000,  0.0000,  0.0000,  0.0000]])
tensor([[0.5391, 1.0000, 0.0000, 0.0000, 0.0000, 0.0000]])
tensor([[0.8905, 1.0000, 0.0000, 0.0000, 0.0000, 0.0000]])
tensor([[0.8753, 1.0000, 0.0000, 0.0000, 0.0000, 0.0000]])
tensor([[0.4863, 1.0000, 0.0000, 0.0000, 0.0000, 0.0000]])
tensor([[0.7272, 1.0000, 0.0000, 0.0000, 0.0000, 0.0000]])
tensor([[-0.6238,  1.0000,  0.0000,  0.0000,  0.0000,  0.0000]])
tensor([[-0.0826,  1.0000,  0.0000,  0.0000,  0.0000,  0.0000]])
tensor([[-0.9270,  1.0000,  0.0000,  0.0000,  0.0000,  0.0000]])
tensor([[0.1487, 1.0000, 0.0000, 0.0000, 0.0000, 0.0000]])
tensor([[-0.5548,  1.0000,  0.0000,  1.0000,  0.0000,  0.0000]])
tensor([[-0.6884,  1.0000,  0.0000,  0.0000,  0.0000,  0.0000]])
tensor([[0.7428, 1.0000, 0.0000, 0.0000, 0.0000, 0.0000]])
tensor([[0.9667, 1.0000, 0.0000, 0.0000, 0.0000, 0.0000]])
tensor([[-0.4935,  1.0000,  0.0000,  0.0000,  0.0000,  0.0000]])
tensor([[-0.8446,  1.0000,  0.0000,  0.0000,  0.0000,  0.0000]])
tensor([[-0.6903,  1.0000,  0.0000,  0.0000,  0.0000,  0.0000]])
tensor([[-0.9277,  1.0000,  0.0000,  0.0000,  0.0000,  0.0000]])
tensor([[-0.9553,  1.0000,  0.0000,  0.0000,  0.0000,  0.0000]])
tensor([[-0.3528,  1.0000,  0.0000,  0.0000,  0.0000,  0.0000]])
tensor([[-0.6611,  1.0000,  0.0000,  0.0000,  0.0000,  0.0000]])
tensor([[-0.4867,  1.0000,  0.0000,  0.0000,  0.0000,  0.0000]])
tensor([[-0.9916,  1.0000,  0.0000,  0.0000,  0.0000,  0.0000]])
tensor([[0.1225, 1.0000, 0.0000, 0.0000, 0.0000, 0.0000]])
tensor([[-0.5891,  1.0000,  0.0000,  0.0000,  0.0000,  0.0000]])
tensor([[-0.8606,  1.0000,  0.0000,  0.0000,  0.0000,  0.0000]])
tensor([[-0.2270,  1.0000,  0.0000,  0.0000,  0.0000,  0.0000]])
tensor([[0.4665, 1.0000, 0.0000, 0.0000, 0.0000, 0.0000]])
tensor([[-0.6330,  1.0000,  0.0000,  0.0000,  0.0000,  0.0000]])
tensor([[-0.9132,  1.0000,  0.0000,  0.0000,  0.0000,  0.0000]])
tensor([[0.4924, 1.0000, 0.0000, 0.0000, 0.0000, 0.0000]])
tensor([[0.1786, 1.0000, 0.0000, 0.0000, 0.0000, 0.0000]])
tensor([[-0.0689,  1.0000,  0.0000,  0.0000,  0.0000,  0.0000]])
tensor([[-0.7972,  1.0000,  0.0000,  0.0000,  0.0000,  0.0000]])
tensor([[0.4390, 1.0000, 0.0000, 0.0000, 0.0000, 0.0000]])
tensor([[-0.0584,  1.0000,  0.0000,  0.0000,  0.0000,  0.0000]])
tensor([[0.7053, 1.0000, 0.0000, 0.0000, 0.0000, 0.0000]])
tensor([[-0.1859,  1.0000,  0.0000,  0.0000,  0.0000,  0.0000]])
tensor([[0.0172, 1.0000, 0.0000, 0.0000, 0.0000, 0.0000]])
tensor([[0.5099, 1.0000, 0.0000, 0.0000, 0.0000, 0.0000]])
tensor([[0.2396, 1.0000, 0.0000, 0.0000, 0.0000, 0.0000]])
tensor([[-0.2711,  1.0000,  0.0000,  0.0000,  0.0000,  0.0000]])
tensor([[-0.0024,  1.0000,  0.0000,  0.0000,  0.0000,  0.0000]])
tensor([[0.1621, 1.0000, 0.0000, 0.0000, 0.0000, 0.0000]])
tensor([[-0.9937,  1.0000,  0.0000,  0.0000,  0.0000,  0.0000]])
tensor([[-0.4091,  1.0000,  0.0000,  0.0000,  0.0000,  0.0000]])
tensor([[-0.8421,  1.0000,  0.0000,  0.0000,  0.0000,  0.0000]])
tensor([[-0.3089,  1.0000,  0.0000,  0.0000,  0.0000,  0.0000]])
tensor([[0.8954, 1.0000, 0.0000, 0.0000, 0.0000, 0.0000]])
tensor([[0.5228, 1.0000, 0.0000, 0.0000, 0.0000, 0.0000]])
tensor([[-0.7580,  1.0000,  0.0000,  0.0000,  0.0000,  0.0000]])
tensor([[0.7091, 1.0000, 0.0000, 0.0000, 0.0000, 0.0000]])
tensor([[0.2718, 1.0000, 0.0000, 0.0000, 0.0000, 0.0000]])
tensor([[0.8041, 1.0000, 0.0000, 0.0000, 0.0000, 0.0000]])
tensor([[0.1222, 1.0000, 0.0000, 0.0000, 0.0000, 0.0000]])
tensor([[-0.0305,  1.0000,  0.0000,  0.0000,  0.0000,  0.0000]])
tensor([[0.6199, 1.0000, 0.0000, 0.0000, 0.0000, 0.0000]])
tensor([[-0.6822,  1.0000,  0.0000,  0.0000,  0.0000,  0.0000]])
tensor([[-0.5526,  1.0000,  0.0000,  0.0000,  0.0000,  0.0000]])
tensor([[-0.9026,  1.0000,  0.0000,  0.0000,  0.0000,  0.0000]])
tensor([[0.7097, 1.0000, 0.0000, 0.0000, 0.0000, 0.0000]])
tensor([[0.0924, 1.0000, 0.0000, 0.0000, 0.0000, 0.0000]])
tensor([[-0.2205,  1.0000,  1.0000,  0.0000,  0.0000,  0.0000]])
tensor([[0.2376, 1.0000, 0.0000, 0.0000, 0.0000, 0.0000]])
tensor([[0.6561, 1.0000, 0.0000, 0.0000, 0.0000, 0.0000]])
tensor([[0.1191, 1.0000, 0.0000, 0.0000, 0.0000, 0.0000]])
tensor([[0.6326, 1.0000, 0.0000, 0.0000, 0.0000, 0.0000]])
tensor([[0.9758, 1.0000, 0.0000, 0.0000, 0.0000, 0.0000]])
tensor([[0.9573, 1.0000, 0.0000, 0.0000, 0.0000, 0.0000]])
tensor([[0.9674, 1.0000, 0.0000, 0.0000, 0.0000, 0.0000]])
tensor([[0.0179, 1.0000, 0.0000, 0.0000, 0.0000, 0.0000]])
tensor([[0.9258, 1.0000, 0.0000, 0.0000, 0.0000, 0.0000]])
tensor([[0.8345, 1.0000, 0.0000, 0.0000, 0.0000, 0.0000]])
tensor([[0.9749, 1.0000, 0.0000, 0.0000, 0.0000, 0.0000]])
tensor([[0.9862, 1.0000, 0.0000, 0.0000, 0.0000, 0.0000]])
tensor([[0.9604, 1.0000, 0.0000, 0.0000, 0.0000, 0.0000]])
tensor([[0.9797, 1.0000, 1.0000, 0.0000, 0.0000, 0.0000]])
tensor([[0.8449, 1.0000, 0.0000, 0.0000, 0.0000, 0.0000]])
tensor([[0.9354, 1.0000, 0.0000, 0.0000, 0.0000, 0.0000]])
tensor([[0.9504, 1.0000, 0.0000, 0.0000, 0.0000, 0.0000]])
tensor([[0.9801, 1.0000, 0.0000, 0.0000, 0.0000, 0.0000]])
tensor([[0.9931, 1.0000, 1.0000, 0.0000, 0.0000, 0.0000]])
tensor([[0.9904, 1.0000, 0.0000, 0.0000, 0.0000, 0.0000]])
tensor([[0.8999, 1.0000, 0.0000, 0.0000, 0.0000, 0.0000]])
tensor([[0.9900, 1.0000, 0.0000, 0.0000, 0.0000, 0.0000]])
tensor([[-0.0795,  1.0000,  0.0000,  0.0000,  0.0000,  0.0000]])
tensor([[0.7199, 1.0000, 0.0000, 0.0000, 0.0000, 0.0000]])
tensor([[0.7593, 1.0000, 0.0000, 0.0000, 0.0000, 0.0000]])
tensor([[0.5892, 1.0000, 0.0000, 0.0000, 0.0000, 0.0000]])
tensor([[0.7159, 1.0000, 0.0000, 0.0000, 0.0000, 0.0000]])
tensor([[0.7252, 1.0000, 0.0000, 0.0000, 0.0000, 0.0000]])
tensor([[-0.5344,  1.0000,  0.0000,  0.0000,  0.0000,  0.0000]])
tensor([[-0.4541,  1.0000,  0.0000,  0.0000,  0.0000,  0.0000]])
tensor([[-0.6456,  1.0000,  0.0000,  0.0000,  0.0000,  0.0000]])
tensor([[0.6740, 1.0000, 0.0000, 0.0000, 0.0000, 0.0000]])
tensor([[-0.5026,  1.0000,  0.0000,  0.0000,  0.0000,  0.0000]])
tensor([[-0.0136,  1.0000,  0.0000,  0.0000,  0.0000,  0.0000]])
tensor([[-0.0549,  1.0000,  0.0000,  0.0000,  0.0000,  0.0000]])
tensor([[-0.2123,  1.0000,  0.0000,  0.0000,  0.0000,  0.0000]])
tensor([[0.4667, 1.0000, 0.0000, 0.0000, 0.0000, 0.0000]])
tensor([[0.6789, 1.0000, 0.0000, 0.0000, 0.0000, 0.0000]])
tensor([[0.6664, 1.0000, 0.0000, 0.0000, 0.0000, 0.0000]])
tensor([[-0.0068,  1.0000,  0.0000,  0.0000,  0.0000,  0.0000]])
tensor([[0.7625, 1.0000, 0.0000, 0.0000, 0.0000, 0.0000]])
tensor([[0.2550, 1.0000, 0.0000, 0.0000, 0.0000, 0.0000]])
tensor([[-0.9627,  1.0000,  0.0000,  0.0000,  0.0000,  0.0000]])
tensor([[-0.9229,  1.0000,  0.0000,  0.0000,  0.0000,  0.0000]])
tensor([[0.2960, 1.0000, 0.0000, 0.0000, 0.0000, 0.0000]])
tensor([[0.1912, 1.0000, 0.0000, 0.0000, 0.0000, 0.0000]])
tensor([[-0.4982,  1.0000,  0.0000,  0.0000,  0.0000,  0.0000]])
tensor([[-0.1776,  1.0000,  0.0000,  0.0000,  0.0000,  0.0000]])
tensor([[0.6997, 1.0000, 0.0000, 0.0000, 0.0000, 0.0000]])
tensor([[0.1957, 1.0000, 0.0000, 0.0000, 0.0000, 0.0000]])
tensor([[-0.7294,  1.0000,  0.0000,  0.0000,  0.0000,  0.0000]])
tensor([[0.0927, 1.0000, 0.0000, 0.0000, 0.0000, 0.0000]])
tensor([[0.7575, 1.0000, 0.0000, 0.0000, 0.0000, 0.0000]])
tensor([[-0.4311,  1.0000,  0.0000,  0.0000,  0.0000,  0.0000]])
tensor([[-0.6839,  1.0000,  0.0000,  0.0000,  0.0000,  0.0000]])
tensor([[0.1497, 1.0000, 0.0000, 0.0000, 0.0000, 0.0000]])
tensor([[0.8197, 1.0000, 0.0000, 0.0000, 0.0000, 0.0000]])
tensor([[0.7473, 1.0000, 0.0000, 0.0000, 0.0000, 0.0000]])
tensor([[-0.5556,  1.0000,  1.0000,  0.0000,  0.0000,  0.0000]])
tensor([[0.2788, 1.0000, 0.0000, 0.0000, 0.0000, 0.0000]])
tensor([[-0.4816,  1.0000,  0.0000,  0.0000,  0.0000,  0.0000]])
tensor([[-0.9569,  1.0000,  0.0000,  0.0000,  0.0000,  0.0000]])
tensor([[0.6659, 1.0000, 0.0000, 0.0000, 0.0000, 0.0000]])
tensor([[0.6541, 1.0000, 0.0000, 0.0000, 0.0000, 0.0000]])
tensor([[0.0865, 1.0000, 0.0000, 0.0000, 0.0000, 0.0000]])
tensor([[0.4281, 1.0000, 0.0000, 0.0000, 0.0000, 0.0000]])
tensor([[-0.6387,  1.0000,  0.0000,  0.0000,  0.0000,  0.0000]])
tensor([[0.9212, 1.0000, 0.0000, 0.0000, 0.0000, 0.0000]])
tensor([[-0.8679,  1.0000,  0.0000,  0.0000,  0.0000,  0.0000]])
tensor([[0.9441, 1.0000, 0.0000, 0.0000, 0.0000, 0.0000]])
tensor([[0.9751, 1.0000, 0.0000, 0.0000, 0.0000, 0.0000]])
tensor([[0.9577, 1.0000, 0.0000, 0.0000, 0.0000, 0.0000]])
tensor([[0.9925, 1.0000, 0.0000, 0.0000, 0.0000, 0.0000]])
tensor([[0.9927, 1.0000, 0.0000, 0.0000, 0.0000, 0.0000]])
tensor([[0.9807, 1.0000, 0.0000, 0.0000, 0.0000, 0.0000]])
tensor([[0.9869, 1.0000, 0.0000, 0.0000, 0.0000, 0.0000]])
tensor([[0.9843, 1.0000, 0.0000, 0.0000, 0.0000, 0.0000]])
tensor([[0.9954, 1.0000, 0.0000, 0.0000, 0.0000, 0.0000]])
tensor([[0.9711, 1.0000, 0.0000, 0.0000, 0.0000, 0.0000]])
tensor([[0.9336, 1.0000, 0.0000, 0.0000, 0.0000, 0.0000]])
tensor([[0.9920, 1.0000, 0.0000, 0.0000, 0.0000, 0.0000]])
tensor([[0.2235, 1.0000, 0.0000, 0.0000, 0.0000, 0.0000]])
tensor([[0.9915, 1.0000, 0.0000, 0.0000, 0.0000, 0.0000]])
tensor([[-0.9944,  1.0000,  1.0000,  0.0000,  0.0000,  0.0000]])
tensor([[-0.5483,  0.0000,  0.0000,  0.0000,  0.0000,  0.0000]])
tensor([[0.9898, 1.0000, 0.0000, 0.0000, 0.0000, 0.0000]])
tensor([[0.5786, 1.0000, 1.0000, 0.0000, 0.0000, 0.0000]])
tensor([[0.8296, 1.0000, 0.0000, 0.0000, 0.0000, 0.0000]])
tensor([[0.3835, 1.0000, 0.0000, 1.0000, 0.0000, 0.0000]])
tensor([[0.9626, 1.0000, 0.0000, 0.0000, 0.0000, 0.0000]])
tensor([[0.8792, 1.0000, 0.0000, 0.0000, 0.0000, 0.0000]])
tensor([[0.8924, 1.0000, 0.0000, 0.0000, 0.0000, 0.0000]])
tensor([[0.6249, 1.0000, 0.0000, 0.0000, 0.0000, 0.0000]])
tensor([[0.5803, 1.0000, 0.0000, 0.0000, 0.0000, 0.0000]])
tensor([[0.9583, 1.0000, 0.0000, 0.0000, 0.0000, 0.0000]])
tensor([[0.8723, 1.0000, 0.0000, 0.0000, 0.0000, 0.0000]])
tensor([[0.6149, 1.0000, 0.0000, 0.0000, 0.0000, 0.0000]])
tensor([[0.8286, 1.0000, 0.0000, 0.0000, 0.0000, 0.0000]])
tensor([[0.7297, 1.0000, 0.0000, 0.0000, 0.0000, 0.0000]])
tensor([[0.1385, 1.0000, 0.0000, 0.0000, 0.0000, 0.0000]])
tensor([[-0.0594,  1.0000,  0.0000,  0.0000,  0.0000,  0.0000]])
tensor([[-0.0303,  1.0000,  0.0000,  0.0000,  0.0000,  0.0000]])
tensor([[-0.4166,  0.0000,  0.0000,  0.0000,  0.0000,  0.0000]])
tensor([[0.0850, 1.0000, 0.0000, 0.0000, 0.0000, 0.0000]])
tensor([[0.6134, 1.0000, 0.0000, 0.0000, 0.0000, 0.0000]])
tensor([[0.0049, 1.0000, 0.0000, 0.0000, 0.0000, 0.0000]])
tensor([[0.0227, 1.0000, 0.0000, 0.0000, 0.0000, 0.0000]])
tensor([[-0.5548,  1.0000,  0.0000,  0.0000,  0.0000,  0.0000]])
tensor([[-0.3093,  1.0000,  0.0000,  0.0000,  0.0000,  0.0000]])
tensor([[-0.7047,  1.0000,  0.0000,  0.0000,  0.0000,  0.0000]])
tensor([[0.2344, 1.0000, 0.0000, 0.0000, 0.0000, 0.0000]])
tensor([[0.9550, 1.0000, 0.0000, 0.0000, 0.0000, 0.0000]])
tensor([[-0.2079,  1.0000,  0.0000,  0.0000,  0.0000,  0.0000]])
tensor([[-0.1574,  1.0000,  0.0000,  0.0000,  0.0000,  0.0000]])
tensor([[0.8280, 1.0000, 0.0000, 0.0000, 0.0000, 0.0000]])
tensor([[-0.1971,  1.0000,  0.0000,  0.0000,  0.0000,  0.0000]])
tensor([[-0.5109,  1.0000,  0.0000,  0.0000,  0.0000,  0.0000]])
tensor([[-0.4260,  1.0000,  0.0000,  0.0000,  0.0000,  0.0000]])
tensor([[-0.1334,  1.0000,  0.0000,  0.0000,  0.0000,  0.0000]])
tensor([[-0.3040,  1.0000,  0.0000,  0.0000,  0.0000,  0.0000]])
tensor([[-0.6531,  1.0000,  0.0000,  0.0000,  0.0000,  0.0000]])
tensor([[-0.1938,  1.0000,  0.0000,  0.0000,  0.0000,  0.0000]])
tensor([[-0.0310,  1.0000,  0.0000,  0.0000,  0.0000,  0.0000]])
tensor([[0.7604, 1.0000, 0.0000, 0.0000, 0.0000, 0.0000]])
tensor([[-0.6120,  1.0000,  0.0000,  0.0000,  0.0000,  0.0000]])
tensor([[-0.9761,  1.0000,  0.0000,  0.0000,  0.0000,  0.0000]])
tensor([[-0.9788,  1.0000,  0.0000,  0.0000,  0.0000,  0.0000]])
tensor([[-0.9947,  0.0000,  0.0000,  0.0000,  0.0000,  0.0000]])
tensor([[-0.9653,  1.0000,  0.0000,  0.0000,  0.0000,  0.0000]])
tensor([[-0.9788,  1.0000,  0.0000,  0.0000,  0.0000,  0.0000]])
tensor([[-0.9791,  1.0000,  0.0000,  0.0000,  0.0000,  0.0000]])
tensor([[-0.9118,  1.0000,  0.0000,  0.0000,  0.0000,  0.0000]])
tensor([[-0.9864,  1.0000,  0.0000,  0.0000,  0.0000,  0.0000]])
tensor([[-0.9882,  1.0000,  0.0000,  0.0000,  0.0000,  0.0000]])
tensor([[-0.9891,  1.0000,  0.0000,  0.0000,  0.0000,  0.0000]])
tensor([[-0.9948,  1.0000,  0.0000,  0.0000,  0.0000,  0.0000]])
tensor([[-0.9990,  1.0000,  0.0000,  0.0000,  0.0000,  0.0000]])
tensor([[-0.9879,  1.0000,  0.0000,  0.0000,  0.0000,  0.0000]])
tensor([[-0.9926,  1.0000,  0.0000,  0.0000,  0.0000,  0.0000]])
tensor([[-0.9592,  1.0000,  0.0000,  0.0000,  0.0000,  0.0000]])
tensor([[-0.9971,  1.0000,  0.0000,  0.0000,  1.0000,  0.0000]])
tensor([[-0.9478,  1.0000,  0.0000,  0.0000,  0.0000,  0.0000]])
tensor([[-0.9906,  1.0000,  0.0000,  0.0000,  0.0000,  0.0000]])
tensor([[-0.8810,  1.0000,  0.0000,  0.0000,  0.0000,  0.0000]])
tensor([[-0.0790,  1.0000,  0.0000,  0.0000,  0.0000,  0.0000]])
tensor([[0.1375, 1.0000, 0.0000, 0.0000, 0.0000, 0.0000]])
tensor([[-0.0448,  1.0000,  0.0000,  0.0000,  0.0000,  0.0000]])
tensor([[0.8676, 1.0000, 0.0000, 0.0000, 0.0000, 0.0000]])
tensor([[-0.4046,  1.0000,  0.0000,  0.0000,  0.0000,  0.0000]])
tensor([[0.8642, 1.0000, 1.0000, 0.0000, 0.0000, 0.0000]])
tensor([[-0.1786,  1.0000,  0.0000,  0.0000,  0.0000,  0.0000]])
tensor([[0.7505, 1.0000, 0.0000, 0.0000, 0.0000, 0.0000]])
tensor([[-0.1972,  1.0000,  0.0000,  0.0000,  0.0000,  0.0000]])
tensor([[0.6918, 1.0000, 0.0000, 0.0000, 0.0000, 0.0000]])
tensor([[-0.3962,  1.0000,  0.0000,  0.0000,  0.0000,  0.0000]])
tensor([[-0.3156,  1.0000,  0.0000,  0.0000,  0.0000,  0.0000]])
tensor([[-0.6715,  1.0000,  0.0000,  0.0000,  0.0000,  0.0000]])
tensor([[-0.0917,  1.0000,  0.0000,  1.0000,  0.0000,  0.0000]])
tensor([[-0.1005,  1.0000,  1.0000,  0.0000,  0.0000,  0.0000]])
tensor([[0.3270, 1.0000, 0.0000, 0.0000, 0.0000, 0.0000]])
tensor([[-0.4118,  1.0000,  0.0000,  0.0000,  0.0000,  0.0000]])
tensor([[0.1493, 1.0000, 0.0000, 0.0000, 0.0000, 0.0000]])
tensor([[-0.0679,  1.0000,  0.0000,  0.0000,  0.0000,  0.0000]])
tensor([[-0.8561,  1.0000,  0.0000,  0.0000,  0.0000,  0.0000]])
tensor([[-0.6275,  1.0000,  0.0000,  0.0000,  0.0000,  0.0000]])
tensor([[-0.1402,  1.0000,  0.0000,  0.0000,  0.0000,  0.0000]])
tensor([[-0.7314,  1.0000,  0.0000,  0.0000,  0.0000,  0.0000]])
tensor([[-0.4178,  1.0000,  0.0000,  0.0000,  0.0000,  0.0000]])
tensor([[-0.7785,  1.0000,  0.0000,  1.0000,  0.0000,  0.0000]])
tensor([[-0.7318,  1.0000,  0.0000,  0.0000,  0.0000,  0.0000]])
tensor([[-0.6109,  1.0000,  0.0000,  0.0000,  0.0000,  0.0000]])
tensor([[-0.6240,  1.0000,  1.0000,  0.0000,  0.0000,  0.0000]])
tensor([[0.5039, 1.0000, 0.0000, 0.0000, 0.0000, 0.0000]])
tensor([[0.3528, 1.0000, 0.0000, 0.0000, 0.0000, 0.0000]])
tensor([[0.7046, 1.0000, 0.0000, 0.0000, 0.0000, 0.0000]])
tensor([[0.3340, 1.0000, 0.0000, 0.0000, 0.0000, 0.0000]])
tensor([[-0.0931,  1.0000,  0.0000,  0.0000,  0.0000,  0.0000]])
tensor([[-0.3421,  1.0000,  0.0000,  0.0000,  0.0000,  0.0000]])
tensor([[-0.8416,  1.0000,  0.0000,  0.0000,  0.0000,  0.0000]])
tensor([[0.8152, 1.0000, 0.0000, 0.0000, 0.0000, 0.0000]])
tensor([[0.2654, 1.0000, 0.0000, 0.0000, 0.0000, 0.0000]])
tensor([[0.4907, 1.0000, 0.0000, 0.0000, 0.0000, 0.0000]])
tensor([[-0.2436,  1.0000,  0.0000,  0.0000,  0.0000,  0.0000]])
tensor([[0.0578, 1.0000, 0.0000, 0.0000, 0.0000, 0.0000]])
tensor([[0.3408, 1.0000, 0.0000, 0.0000, 0.0000, 0.0000]])
tensor([[0.0060, 1.0000, 0.0000, 0.0000, 0.0000, 0.0000]])
tensor([[-0.1491,  1.0000,  0.0000,  0.0000,  0.0000,  0.0000]])
tensor([[0.6717, 1.0000, 0.0000, 0.0000, 0.0000, 0.0000]])
tensor([[-0.9294,  1.0000,  0.0000,  0.0000,  0.0000,  0.0000]])
tensor([[-0.4340,  1.0000,  0.0000,  0.0000,  0.0000,  0.0000]])
tensor([[-0.7390,  1.0000,  0.0000,  0.0000,  0.0000,  0.0000]])
tensor([[0.9761, 1.0000, 0.0000, 0.0000, 0.0000, 0.0000]])
tensor([[0.7814, 1.0000, 0.0000, 0.0000, 0.0000, 0.0000]])
tensor([[0.9821, 1.0000, 0.0000, 0.0000, 0.0000, 0.0000]])
tensor([[0.9815, 1.0000, 0.0000, 0.0000, 0.0000, 0.0000]])
tensor([[0.8875, 1.0000, 0.0000, 0.0000, 0.0000, 0.0000]])
tensor([[0.9877, 1.0000, 0.0000, 0.0000, 0.0000, 0.0000]])
tensor([[0.9541, 1.0000, 0.0000, 0.0000, 0.0000, 0.0000]])
tensor([[0.8583, 1.0000, 0.0000, 0.0000, 0.0000, 0.0000]])
tensor([[0.9309, 1.0000, 0.0000, 0.0000, 0.0000, 0.0000]])
tensor([[0.9803, 1.0000, 0.0000, 0.0000, 0.0000, 0.0000]])
tensor([[0.9989, 1.0000, 0.0000, 0.0000, 0.0000, 0.0000]])
tensor([[0.9833, 1.0000, 0.0000, 0.0000, 0.0000, 0.0000]])
tensor([[0.8430, 1.0000, 0.0000, 0.0000, 0.0000, 0.0000]])
tensor([[0.8398, 0.0000, 0.0000, 0.0000, 0.0000, 0.0000]])
tensor([[0.9827, 1.0000, 0.0000, 0.0000, 0.0000, 0.0000]])
tensor([[0.8544, 1.0000, 1.0000, 0.0000, 0.0000, 0.0000]])
tensor([[0.6930, 1.0000, 0.0000, 0.0000, 0.0000, 0.0000]])
tensor([[0.7181, 1.0000, 0.0000, 0.0000, 0.0000, 0.0000]])
tensor([[0.8592, 1.0000, 0.0000, 0.0000, 0.0000, 0.0000]])
tensor([[-0.9677,  1.0000,  0.0000,  0.0000,  0.0000,  0.0000]])
tensor([[-0.9899,  1.0000,  0.0000,  0.0000,  0.0000,  0.0000]])
tensor([[-0.8990,  1.0000,  0.0000,  0.0000,  0.0000,  0.0000]])
tensor([[0.0081, 1.0000, 0.0000, 0.0000, 0.0000, 0.0000]])
tensor([[0.9947, 1.0000, 0.0000, 0.0000, 0.0000, 0.0000]])
tensor([[0.9848, 1.0000, 0.0000, 0.0000, 0.0000, 0.0000]])
tensor([[0.9416, 1.0000, 0.0000, 0.0000, 0.0000, 0.0000]])
tensor([[0.9958, 1.0000, 0.0000, 0.0000, 0.0000, 0.0000]])
tensor([[0.9985, 1.0000, 0.0000, 0.0000, 0.0000, 0.0000]])
tensor([[0.9979, 1.0000, 0.0000, 0.0000, 0.0000, 0.0000]])
tensor([[0.9968, 1.0000, 0.0000, 0.0000, 0.0000, 0.0000]])
tensor([[0.9881, 1.0000, 0.0000, 0.0000, 0.0000, 0.0000]])
tensor([[0.9436, 1.0000, 0.0000, 0.0000, 0.0000, 0.0000]])
tensor([[0.9849, 1.0000, 0.0000, 0.0000, 0.0000, 0.0000]])
tensor([[0.9976, 1.0000, 0.0000, 0.0000, 0.0000, 0.0000]])
tensor([[0.8211, 1.0000, 0.0000, 0.0000, 0.0000, 0.0000]])
tensor([[0.6338, 1.0000, 1.0000, 0.0000, 1.0000, 0.0000]])
tensor([[0.4585, 1.0000, 0.0000, 0.0000, 0.0000, 0.0000]])
tensor([[0.5364, 1.0000, 0.0000, 0.0000, 0.0000, 0.0000]])
tensor([[0.8984, 1.0000, 0.0000, 0.0000, 0.0000, 0.0000]])
tensor([[-0.3186,  1.0000,  0.0000,  0.0000,  0.0000,  0.0000]])
tensor([[0.7327, 1.0000, 0.0000, 0.0000, 0.0000, 0.0000]])
tensor([[0.7351, 1.0000, 0.0000, 0.0000, 0.0000, 0.0000]])
tensor([[0.9541, 1.0000, 0.0000, 0.0000, 0.0000, 0.0000]])
tensor([[0.7928, 1.0000, 1.0000, 0.0000, 0.0000, 0.0000]])
tensor([[0.4664, 1.0000, 1.0000, 0.0000, 0.0000, 0.0000]])
tensor([[0.9995, 1.0000, 0.0000, 0.0000, 0.0000, 0.0000]])
tensor([[0.7439, 1.0000, 0.0000, 0.0000, 0.0000, 0.0000]])
tensor([[0.9967, 1.0000, 0.0000, 0.0000, 0.0000, 0.0000]])
tensor([[0.9908, 1.0000, 0.0000, 0.0000, 0.0000, 0.0000]])
tensor([[0.9996, 1.0000, 0.0000, 0.0000, 0.0000, 0.0000]])
tensor([[0.9951, 1.0000, 0.0000, 0.0000, 0.0000, 0.0000]])
tensor([[0.9681, 1.0000, 0.0000, 0.0000, 0.0000, 0.0000]])
tensor([[0.9756, 1.0000, 0.0000, 0.0000, 0.0000, 0.0000]])
tensor([[0.6994, 1.0000, 0.0000, 0.0000, 0.0000, 0.0000]])
tensor([[-0.7010,  1.0000,  0.0000,  0.0000,  1.0000,  0.0000]])
tensor([[-0.0332,  1.0000,  0.0000,  0.0000,  0.0000,  0.0000]])
tensor([[0.8230, 1.0000, 1.0000, 0.0000, 0.0000, 0.0000]])
tensor([[0.2530, 1.0000, 0.0000, 0.0000, 0.0000, 0.0000]])
tensor([[0.6338, 1.0000, 0.0000, 0.0000, 0.0000, 0.0000]])
tensor([[0.1422, 1.0000, 0.0000, 0.0000, 0.0000, 0.0000]])
tensor([[0.0837, 1.0000, 0.0000, 0.0000, 0.0000, 0.0000]])
tensor([[0.7985, 1.0000, 0.0000, 0.0000, 0.0000, 0.0000]])
tensor([[0.9858, 1.0000, 0.0000, 0.0000, 0.0000, 0.0000]])
tensor([[0.8392, 1.0000, 0.0000, 0.0000, 0.0000, 0.0000]])
tensor([[0.7548, 1.0000, 0.0000, 0.0000, 0.0000, 0.0000]])
tensor([[0.5008, 1.0000, 0.0000, 0.0000, 0.0000, 0.0000]])
tensor([[0.9582, 1.0000, 0.0000, 0.0000, 0.0000, 0.0000]])
tensor([[0.9962, 1.0000, 0.0000, 0.0000, 0.0000, 0.0000]])
tensor([[0.9387, 1.0000, 0.0000, 0.0000, 0.0000, 0.0000]])
tensor([[0.9680, 1.0000, 0.0000, 0.0000, 0.0000, 0.0000]])
tensor([[0.9183, 1.0000, 0.0000, 0.0000, 0.0000, 0.0000]])
tensor([[0.9798, 1.0000, 0.0000, 0.0000, 0.0000, 0.0000]])
tensor([[-0.1565,  1.0000,  0.0000,  0.0000,  0.0000,  0.0000]])
tensor([[-0.0581,  1.0000,  0.0000,  0.0000,  0.0000,  0.0000]])
tensor([[0.7497, 1.0000, 0.0000, 0.0000, 0.0000, 0.0000]])
tensor([[0.9692, 1.0000, 0.0000, 0.0000, 0.0000, 0.0000]])
tensor([[0.9688, 1.0000, 0.0000, 0.0000, 0.0000, 0.0000]])
tensor([[0.9888, 1.0000, 0.0000, 0.0000, 0.0000, 0.0000]])
tensor([[0.9696, 1.0000, 0.0000, 0.0000, 0.0000, 0.0000]])
tensor([[0.9569, 1.0000, 0.0000, 0.0000, 0.0000, 0.0000]])
tensor([[0.8144, 1.0000, 0.0000, 0.0000, 0.0000, 0.0000]])
tensor([[0.8307, 1.0000, 0.0000, 0.0000, 0.0000, 0.0000]])
tensor([[0.9580, 1.0000, 0.0000, 0.0000, 0.0000, 0.0000]])
tensor([[0.1705, 1.0000, 0.0000, 0.0000, 0.0000, 0.0000]])
tensor([[0.9788, 1.0000, 0.0000, 0.0000, 0.0000, 0.0000]])
tensor([[0.6534, 1.0000, 0.0000, 0.0000, 0.0000, 0.0000]])
tensor([[0.0924, 1.0000, 0.0000, 0.0000, 0.0000, 0.0000]])
tensor([[-0.1836,  1.0000,  0.0000,  0.0000,  0.0000,  0.0000]])
tensor([[0.2275, 1.0000, 0.0000, 0.0000, 0.0000, 0.0000]])
tensor([[0.3262, 1.0000, 0.0000, 0.0000, 0.0000, 0.0000]])
tensor([[-0.6670,  1.0000,  0.0000,  0.0000,  0.0000,  0.0000]])
tensor([[-0.6518,  1.0000,  0.0000,  0.0000,  0.0000,  0.0000]])
tensor([[-0.7790,  1.0000,  0.0000,  0.0000,  0.0000,  0.0000]])
tensor([[-0.2761,  1.0000,  0.0000,  0.0000,  0.0000,  0.0000]])
tensor([[0.8883, 1.0000, 0.0000, 0.0000, 0.0000, 0.0000]])
tensor([[0.4753, 1.0000, 0.0000, 0.0000, 0.0000, 0.0000]])
tensor([[0.9573, 1.0000, 0.0000, 0.0000, 0.0000, 0.0000]])
tensor([[0.8095, 1.0000, 0.0000, 0.0000, 0.0000, 0.0000]])
tensor([[0.4118, 1.0000, 0.0000, 0.0000, 0.0000, 0.0000]])
tensor([[-0.1794,  1.0000,  0.0000,  0.0000,  0.0000,  0.0000]])
tensor([[0.3377, 1.0000, 0.0000, 0.0000, 0.0000, 0.0000]])
tensor([[0.4516, 1.0000, 0.0000, 0.0000, 0.0000, 0.0000]])
tensor([[0.2054, 1.0000, 0.0000, 0.0000, 0.0000, 0.0000]])
tensor([[0.4097, 1.0000, 0.0000, 0.0000, 0.0000, 0.0000]])
tensor([[-0.6762,  1.0000,  0.0000,  0.0000,  0.0000,  0.0000]])
tensor([[-0.3240,  1.0000,  0.0000,  0.0000,  0.0000,  0.0000]])
tensor([[-0.6393,  1.0000,  0.0000,  0.0000,  0.0000,  0.0000]])
tensor([[-0.3633,  1.0000,  0.0000,  0.0000,  0.0000,  0.0000]])
tensor([[-0.1350,  1.0000,  0.0000,  0.0000,  0.0000,  0.0000]])
tensor([[-0.6573,  1.0000,  0.0000,  0.0000,  0.0000,  0.0000]])
tensor([[-0.1792,  0.0000,  0.0000,  0.0000,  0.0000,  0.0000]])
tensor([[-0.9609,  1.0000,  0.0000,  0.0000,  0.0000,  0.0000]])
tensor([[-0.4619,  1.0000,  0.0000,  0.0000,  0.0000,  0.0000]])
tensor([[-0.8319,  1.0000,  0.0000,  0.0000,  0.0000,  0.0000]])
tensor([[-0.7489,  1.0000,  0.0000,  0.0000,  0.0000,  0.0000]])
tensor([[0.0223, 1.0000, 0.0000, 0.0000, 0.0000, 0.0000]])
tensor([[0.0098, 1.0000, 0.0000, 0.0000, 0.0000, 0.0000]])
tensor([[-0.0445,  1.0000,  0.0000,  0.0000,  0.0000,  0.0000]])
tensor([[0.1520, 1.0000, 0.0000, 1.0000, 0.0000, 0.0000]])
tensor([[-0.6062,  1.0000,  0.0000,  0.0000,  0.0000,  0.0000]])
tensor([[-0.9138,  1.0000,  0.0000,  0.0000,  0.0000,  0.0000]])
tensor([[-0.9475,  1.0000,  0.0000,  0.0000,  0.0000,  0.0000]])
tensor([[-0.9261,  1.0000,  0.0000,  0.0000,  0.0000,  0.0000]])
tensor([[-0.9512,  1.0000,  0.0000,  0.0000,  0.0000,  0.0000]])
tensor([[-0.0911,  1.0000,  0.0000,  0.0000,  0.0000,  0.0000]])
tensor([[-0.8570,  1.0000,  0.0000,  0.0000,  0.0000,  0.0000]])
tensor([[0.2853, 1.0000, 0.0000, 0.0000, 0.0000, 0.0000]])
tensor([[0.8658, 1.0000, 0.0000, 0.0000, 0.0000, 0.0000]])
tensor([[0.1740, 1.0000, 0.0000, 0.0000, 0.0000, 0.0000]])
tensor([[0.9580, 1.0000, 0.0000, 0.0000, 0.0000, 0.0000]])
tensor([[0.5493, 1.0000, 0.0000, 0.0000, 0.0000, 0.0000]])
tensor([[-0.3947,  1.0000,  0.0000,  0.0000,  0.0000,  0.0000]])
tensor([[-0.4824,  1.0000,  0.0000,  0.0000,  0.0000,  0.0000]])
tensor([[0.5888, 1.0000, 0.0000, 1.0000, 0.0000, 0.0000]])
tensor([[0.7167, 1.0000, 0.0000, 0.0000, 0.0000, 0.0000]])
tensor([[-0.3902,  1.0000,  0.0000,  0.0000,  0.0000,  0.0000]])
tensor([[-0.4657,  1.0000,  0.0000,  0.0000,  0.0000,  0.0000]])
tensor([[-0.5571,  1.0000,  0.0000,  0.0000,  0.0000,  0.0000]])
tensor([[-0.5756,  1.0000,  0.0000,  0.0000,  0.0000,  0.0000]])
tensor([[-0.1381,  1.0000,  0.0000,  1.0000,  0.0000,  0.0000]])
tensor([[0.1867, 1.0000, 0.0000, 0.0000, 0.0000, 0.0000]])
tensor([[0.9871, 1.0000, 0.0000, 0.0000, 0.0000, 0.0000]])
tensor([[0.9882, 1.0000, 0.0000, 0.0000, 0.0000, 0.0000]])
tensor([[-0.3434,  1.0000,  0.0000,  0.0000,  0.0000,  0.0000]])
tensor([[-0.8044,  1.0000,  0.0000,  0.0000,  0.0000,  0.0000]])
tensor([[-0.9546,  1.0000,  0.0000,  0.0000,  0.0000,  0.0000]])
tensor([[-0.7328,  1.0000,  0.0000,  0.0000,  0.0000,  0.0000]])
tensor([[-0.8323,  1.0000,  0.0000,  0.0000,  0.0000,  0.0000]])
tensor([[-0.6868,  1.0000,  0.0000,  0.0000,  0.0000,  0.0000]])
tensor([[-0.1928,  1.0000,  0.0000,  0.0000,  0.0000,  0.0000]])
tensor([[-0.0400,  1.0000,  0.0000,  0.0000,  0.0000,  0.0000]])
tensor([[-0.9532,  1.0000,  0.0000,  0.0000,  0.0000,  0.0000]])
tensor([[-0.9700,  1.0000,  0.0000,  0.0000,  0.0000,  0.0000]])
tensor([[-0.9473,  1.0000,  0.0000,  0.0000,  0.0000,  0.0000]])
tensor([[-0.9536,  1.0000,  0.0000,  0.0000,  0.0000,  0.0000]])
tensor([[-0.9799,  1.0000,  0.0000,  0.0000,  0.0000,  0.0000]])
tensor([[-0.9603,  1.0000,  0.0000,  0.0000,  0.0000,  0.0000]])
tensor([[-0.9585,  1.0000,  0.0000,  0.0000,  0.0000,  0.0000]])
tensor([[-0.9411,  1.0000,  0.0000,  0.0000,  0.0000,  0.0000]])
tensor([[-0.4037,  1.0000,  0.0000,  0.0000,  0.0000,  0.0000]])
tensor([[-0.9760,  1.0000,  0.0000,  0.0000,  0.0000,  0.0000]])
tensor([[-0.5532,  0.0000,  0.0000,  0.0000,  0.0000,  0.0000]])
tensor([[-0.5713,  1.0000,  0.0000,  0.0000,  0.0000,  0.0000]])
tensor([[-0.8306,  1.0000,  0.0000,  0.0000,  0.0000,  0.0000]])
tensor([[-0.6545,  1.0000,  0.0000,  0.0000,  0.0000,  0.0000]])
tensor([[-0.3782,  1.0000,  0.0000,  0.0000,  0.0000,  0.0000]])
tensor([[0.5063, 1.0000, 0.0000, 0.0000, 0.0000, 0.0000]])
tensor([[0.2979, 1.0000, 0.0000, 0.0000, 0.0000, 0.0000]])
tensor([[-0.6245,  1.0000,  0.0000,  0.0000,  0.0000,  0.0000]])
tensor([[-0.7933,  1.0000,  0.0000,  0.0000,  0.0000,  0.0000]])
tensor([[0.3406, 1.0000, 0.0000, 0.0000, 0.0000, 0.0000]])
tensor([[0.7794, 1.0000, 0.0000, 0.0000, 0.0000, 0.0000]])
tensor([[-0.1620,  1.0000,  0.0000,  0.0000,  0.0000,  0.0000]])
tensor([[-0.1844,  1.0000,  0.0000,  0.0000,  0.0000,  0.0000]])
tensor([[0.2726, 1.0000, 0.0000, 0.0000, 0.0000, 0.0000]])
tensor([[-0.4095,  1.0000,  0.0000,  0.0000,  0.0000,  0.0000]])
tensor([[-0.1388,  1.0000,  0.0000,  0.0000,  0.0000,  0.0000]])
tensor([[-0.5650,  1.0000,  0.0000,  0.0000,  0.0000,  0.0000]])
tensor([[-0.8116,  1.0000,  0.0000,  0.0000,  0.0000,  0.0000]])
tensor([[-0.7032,  1.0000,  0.0000,  0.0000,  0.0000,  0.0000]])
tensor([[0.8884, 1.0000, 0.0000, 0.0000, 0.0000, 0.0000]])
tensor([[0.8077, 1.0000, 0.0000, 0.0000, 0.0000, 0.0000]])
tensor([[-0.6809,  1.0000,  0.0000,  0.0000,  0.0000,  0.0000]])
tensor([[-0.9383,  1.0000,  0.0000,  0.0000,  0.0000,  0.0000]])
tensor([[-0.8707,  1.0000,  0.0000,  0.0000,  0.0000,  0.0000]])
tensor([[-0.1274,  1.0000,  0.0000,  0.0000,  0.0000,  0.0000]])
tensor([[-0.7147,  1.0000,  0.0000,  0.0000,  0.0000,  0.0000]])
tensor([[0.1668, 1.0000, 0.0000, 0.0000, 0.0000, 0.0000]])
tensor([[0.5891, 1.0000, 0.0000, 0.0000, 0.0000, 0.0000]])
tensor([[0.8740, 1.0000, 0.0000, 0.0000, 0.0000, 0.0000]])
tensor([[0.3407, 1.0000, 0.0000, 0.0000, 0.0000, 0.0000]])
tensor([[-0.7350,  1.0000,  0.0000,  0.0000,  0.0000,  0.0000]])
tensor([[-0.0261,  1.0000,  0.0000,  0.0000,  0.0000,  0.0000]])
tensor([[-0.5847,  1.0000,  0.0000,  0.0000,  0.0000,  0.0000]])
tensor([[0.5740, 1.0000, 0.0000, 0.0000, 0.0000, 0.0000]])
tensor([[0.3303, 1.0000, 0.0000, 0.0000, 0.0000, 0.0000]])
tensor([[0.5921, 1.0000, 0.0000, 0.0000, 0.0000, 0.0000]])
tensor([[0.6495, 1.0000, 0.0000, 0.0000, 0.0000, 0.0000]])
tensor([[0.4656, 1.0000, 0.0000, 0.0000, 0.0000, 0.0000]])
tensor([[0.5244, 1.0000, 0.0000, 0.0000, 0.0000, 0.0000]])
tensor([[0.8314, 1.0000, 0.0000, 0.0000, 0.0000, 0.0000]])
tensor([[0.9659, 1.0000, 0.0000, 0.0000, 0.0000, 0.0000]])
tensor([[0.7811, 1.0000, 0.0000, 0.0000, 0.0000, 0.0000]])
tensor([[0.9973, 1.0000, 0.0000, 0.0000, 0.0000, 0.0000]])
tensor([[0.9759, 1.0000, 0.0000, 0.0000, 0.0000, 0.0000]])
tensor([[0.9940, 1.0000, 0.0000, 0.0000, 0.0000, 0.0000]])
tensor([[0.9967, 1.0000, 0.0000, 0.0000, 0.0000, 0.0000]])
tensor([[0.9858, 1.0000, 0.0000, 0.0000, 0.0000, 0.0000]])
tensor([[0.9867, 1.0000, 0.0000, 0.0000, 0.0000, 0.0000]])
tensor([[0.9937, 1.0000, 0.0000, 0.0000, 0.0000, 0.0000]])
tensor([[0.9989, 1.0000, 0.0000, 0.0000, 0.0000, 0.0000]])
tensor([[0.9981, 1.0000, 0.0000, 0.0000, 0.0000, 0.0000]])
tensor([[0.9953, 1.0000, 0.0000, 0.0000, 0.0000, 0.0000]])
tensor([[0.9976, 1.0000, 0.0000, 0.0000, 0.0000, 0.0000]])
tensor([[0.9975, 1.0000, 0.0000, 0.0000, 1.0000, 0.0000]])
tensor([[0.7701, 1.0000, 0.0000, 0.0000, 0.0000, 0.0000]])
tensor([[0.3852, 1.0000, 0.0000, 0.0000, 0.0000, 0.0000]])
tensor([[0.9287, 1.0000, 0.0000, 0.0000, 0.0000, 0.0000]])
tensor([[0.4116, 1.0000, 0.0000, 0.0000, 1.0000, 0.0000]])
tensor([[0.6534, 1.0000, 0.0000, 0.0000, 0.0000, 0.0000]])
tensor([[0.4821, 1.0000, 0.0000, 0.0000, 0.0000, 0.0000]])
tensor([[0.6178, 1.0000, 0.0000, 0.0000, 0.0000, 0.0000]])
tensor([[-0.0176,  1.0000,  0.0000,  0.0000,  0.0000,  0.0000]])
tensor([[-0.3733,  1.0000,  0.0000,  0.0000,  0.0000,  0.0000]])
tensor([[-0.8529,  1.0000,  0.0000,  0.0000,  0.0000,  0.0000]])
tensor([[0.5333, 1.0000, 0.0000, 0.0000, 0.0000, 0.0000]])
tensor([[-0.7996,  1.0000,  0.0000,  0.0000,  0.0000,  0.0000]])
tensor([[-0.1482,  1.0000,  0.0000,  0.0000,  0.0000,  0.0000]])
tensor([[-0.9083,  1.0000,  0.0000,  0.0000,  0.0000,  0.0000]])
tensor([[-0.9881,  1.0000,  0.0000,  0.0000,  0.0000,  0.0000]])
tensor([[-0.9702,  1.0000,  0.0000,  0.0000,  0.0000,  0.0000]])
tensor([[-0.9750,  1.0000,  0.0000,  0.0000,  0.0000,  0.0000]])
tensor([[-0.8020,  1.0000,  0.0000,  0.0000,  0.0000,  0.0000]])
tensor([[-0.3575,  1.0000,  0.0000,  0.0000,  0.0000,  0.0000]])
tensor([[-0.5367,  1.0000,  0.0000,  0.0000,  0.0000,  0.0000]])
tensor([[-0.7360,  1.0000,  0.0000,  0.0000,  0.0000,  0.0000]])
tensor([[-0.1677,  1.0000,  1.0000,  0.0000,  0.0000,  0.0000]])
tensor([[-0.3169,  1.0000,  0.0000,  0.0000,  0.0000,  0.0000]])
tensor([[0.2140, 1.0000, 0.0000, 0.0000, 0.0000, 0.0000]])
tensor([[-0.4998,  1.0000,  1.0000,  0.0000,  0.0000,  0.0000]])
tensor([[-0.2478,  1.0000,  0.0000,  0.0000,  0.0000,  0.0000]])
tensor([[-0.4222,  1.0000,  1.0000,  0.0000,  0.0000,  0.0000]])
tensor([[-0.9012,  1.0000,  0.0000,  0.0000,  0.0000,  0.0000]])
tensor([[-0.9933,  1.0000,  0.0000,  0.0000,  0.0000,  0.0000]])
tensor([[-0.9896,  1.0000,  1.0000,  0.0000,  0.0000,  0.0000]])
tensor([[-0.9942,  1.0000,  0.0000,  0.0000,  0.0000,  0.0000]])
tensor([[0.9516, 1.0000, 0.0000, 0.0000, 0.0000, 0.0000]])
tensor([[0.6877, 1.0000, 0.0000, 0.0000, 0.0000, 0.0000]])
tensor([[0.2204, 1.0000, 0.0000, 0.0000, 0.0000, 0.0000]])
tensor([[0.0598, 1.0000, 0.0000, 0.0000, 0.0000, 0.0000]])
tensor([[0.9458, 1.0000, 0.0000, 0.0000, 0.0000, 0.0000]])
tensor([[0.5088, 1.0000, 0.0000, 0.0000, 0.0000, 0.0000]])
tensor([[0.2518, 1.0000, 0.0000, 0.0000, 0.0000, 0.0000]])
tensor([[0.2462, 1.0000, 0.0000, 0.0000, 0.0000, 0.0000]])
tensor([[0.9088, 1.0000, 0.0000, 1.0000, 0.0000, 0.0000]])
tensor([[-0.8458,  1.0000,  0.0000,  0.0000,  0.0000,  0.0000]])
tensor([[-0.2761,  1.0000,  0.0000,  0.0000,  0.0000,  0.0000]])
tensor([[-0.8088,  1.0000,  0.0000,  0.0000,  0.0000,  0.0000]])
tensor([[-0.0935,  1.0000,  0.0000,  0.0000,  0.0000,  0.0000]])
tensor([[0.1858, 1.0000, 0.0000, 0.0000, 0.0000, 0.0000]])
tensor([[-0.8124,  1.0000,  1.0000,  0.0000,  0.0000,  0.0000]])
tensor([[0.7058, 1.0000, 0.0000, 0.0000, 0.0000, 0.0000]])
tensor([[-0.7938,  1.0000,  0.0000,  0.0000,  0.0000,  0.0000]])
tensor([[-0.3192,  1.0000,  0.0000,  0.0000,  0.0000,  0.0000]])
tensor([[0.5771, 1.0000, 0.0000, 0.0000, 0.0000, 0.0000]])
tensor([[0.4721, 1.0000, 0.0000, 1.0000, 0.0000, 0.0000]])
tensor([[0.7452, 1.0000, 0.0000, 0.0000, 0.0000, 0.0000]])
tensor([[-0.0175,  1.0000,  1.0000,  1.0000,  0.0000,  0.0000]])
tensor([[0.0487, 1.0000, 0.0000, 0.0000, 0.0000, 0.0000]])
tensor([[0.1278, 1.0000, 0.0000, 0.0000, 0.0000, 0.0000]])
tensor([[0.4805, 1.0000, 0.0000, 1.0000, 0.0000, 0.0000]])
tensor([[0.3993, 1.0000, 0.0000, 0.0000, 0.0000, 0.0000]])
tensor([[-0.0351,  1.0000,  0.0000,  1.0000,  0.0000,  0.0000]])
tensor([[-0.5463,  1.0000,  0.0000,  0.0000,  0.0000,  0.0000]])
tensor([[0.0447, 1.0000, 1.0000, 1.0000, 0.0000, 0.0000]])
tensor([[0.2552, 1.0000, 0.0000, 0.0000, 0.0000, 0.0000]])
tensor([[-0.8831,  1.0000,  0.0000,  0.0000,  0.0000,  0.0000]])
tensor([[-0.3876,  1.0000,  0.0000,  0.0000,  0.0000,  0.0000]])
tensor([[-0.8744,  1.0000,  0.0000,  0.0000,  0.0000,  0.0000]])
tensor([[-0.9653,  1.0000,  0.0000,  0.0000,  0.0000,  0.0000]])
tensor([[-0.5527,  1.0000,  0.0000,  0.0000,  0.0000,  0.0000]])
tensor([[-0.9053,  1.0000,  0.0000,  0.0000,  0.0000,  0.0000]])
tensor([[-0.1202,  1.0000,  0.0000,  0.0000,  0.0000,  0.0000]])
tensor([[-0.6362,  1.0000,  0.0000,  0.0000,  0.0000,  0.0000]])
tensor([[-0.6477,  1.0000,  0.0000,  0.0000,  0.0000,  0.0000]])
tensor([[-0.3731,  1.0000,  0.0000,  0.0000,  0.0000,  0.0000]])
tensor([[-0.6887,  1.0000,  0.0000,  0.0000,  0.0000,  0.0000]])
tensor([[-0.7401,  1.0000,  0.0000,  0.0000,  0.0000,  0.0000]])
tensor([[-0.8439,  1.0000,  0.0000,  0.0000,  0.0000,  0.0000]])
tensor([[-0.9334,  1.0000,  0.0000,  0.0000,  0.0000,  0.0000]])
tensor([[-0.9177,  1.0000,  0.0000,  0.0000,  0.0000,  0.0000]])
tensor([[-0.3666,  1.0000,  0.0000,  0.0000,  0.0000,  0.0000]])
tensor([[0.8060, 1.0000, 0.0000, 0.0000, 0.0000, 0.0000]])
tensor([[-0.3938,  1.0000,  0.0000,  0.0000,  0.0000,  0.0000]])
tensor([[0.1748, 1.0000, 0.0000, 0.0000, 0.0000, 0.0000]])
tensor([[0.1116, 1.0000, 0.0000, 0.0000, 0.0000, 0.0000]])
tensor([[-0.5947,  0.0000,  0.0000,  0.0000,  0.0000,  0.0000]])
tensor([[0.0490, 1.0000, 0.0000, 0.0000, 0.0000, 0.0000]])
tensor([[-0.3953,  1.0000,  0.0000,  0.0000,  0.0000,  0.0000]])
tensor([[-0.3176,  1.0000,  0.0000,  0.0000,  0.0000,  0.0000]])
tensor([[0.1810, 1.0000, 0.0000, 0.0000, 0.0000, 0.0000]])
tensor([[0.6095, 1.0000, 0.0000, 0.0000, 0.0000, 0.0000]])
tensor([[-0.6718,  1.0000,  0.0000,  0.0000,  0.0000,  0.0000]])
tensor([[-0.4724,  1.0000,  0.0000,  0.0000,  0.0000,  0.0000]])
tensor([[-0.0504,  1.0000,  0.0000,  0.0000,  0.0000,  0.0000]])
tensor([[-0.1703,  1.0000,  0.0000,  0.0000,  0.0000,  0.0000]])
tensor([[0.1497, 1.0000, 0.0000, 0.0000, 0.0000, 0.0000]])
tensor([[0.5772, 1.0000, 0.0000, 0.0000, 0.0000, 0.0000]])
tensor([[0.2851, 1.0000, 0.0000, 0.0000, 0.0000, 0.0000]])
tensor([[0.3255, 1.0000, 0.0000, 0.0000, 0.0000, 0.0000]])
tensor([[0.9059, 1.0000, 0.0000, 0.0000, 0.0000, 0.0000]])
tensor([[0.7748, 1.0000, 0.0000, 0.0000, 0.0000, 0.0000]])
tensor([[0.9490, 1.0000, 0.0000, 0.0000, 0.0000, 0.0000]])
tensor([[0.7283, 1.0000, 0.0000, 0.0000, 0.0000, 0.0000]])
tensor([[-0.3083,  1.0000,  0.0000,  0.0000,  0.0000,  0.0000]])
tensor([[-0.7572,  1.0000,  0.0000,  0.0000,  0.0000,  0.0000]])
tensor([[0.1431, 1.0000, 0.0000, 0.0000, 0.0000, 0.0000]])
tensor([[0.6696, 1.0000, 0.0000, 0.0000, 0.0000, 0.0000]])
tensor([[0.3569, 1.0000, 0.0000, 0.0000, 0.0000, 0.0000]])
tensor([[0.1376, 1.0000, 0.0000, 0.0000, 0.0000, 0.0000]])
INFO:root:Agent 0 (TQCars): avg action time = 0.0009s
tensor([[0.2368, 1.0000, 0.0000, 0.0000, 0.0000, 0.0000]])
tensor([[-0.2842,  1.0000,  0.0000,  0.0000,  0.0000,  0.0000]])
tensor([[-0.5144,  1.0000,  0.0000,  0.0000,  0.0000,  0.0000]])
tensor([[0.6442, 1.0000, 0.0000, 0.0000, 0.0000, 0.0000]])
tensor([[0.6754, 1.0000, 0.0000, 0.0000, 0.0000, 0.0000]])
tensor([[-0.5127,  1.0000,  0.0000,  0.0000,  0.0000,  0.0000]])
tensor([[-0.0249,  1.0000,  0.0000,  0.0000,  0.0000,  0.0000]])
tensor([[0.3299, 1.0000, 0.0000, 0.0000, 0.0000, 0.0000]])
tensor([[-0.6581,  1.0000,  0.0000,  0.0000,  0.0000,  0.0000]])
tensor([[-0.2118,  1.0000,  0.0000,  0.0000,  0.0000,  0.0000]])
tensor([[-0.4531,  1.0000,  0.0000,  0.0000,  0.0000,  0.0000]])
{"type": "results", "track": "xr591", "results": [{"key": 0, "reward": 10.06502685546875, "position": 4, "name": "TQCars", "avg_action_time": 0.0009239506316964239}]}
