INFO:root:Loading the agents
INFO:root:Loaded player TQCars
INFO:root:Creating pystk-1
INFO:root:Adding wrapper <function get_wrappers.<locals>.<lambda> at 0x76df8a6ff420>
INFO:root:Adding wrapper <function get_wrappers.<locals>.<lambda> at 0x76df8a6ff4c0>
INFO:root:Adding wrapper <function get_wrappers.<locals>.<lambda> at 0x76df8a6ff560>
INFO:root:Adding wrapper <function get_wrappers.<locals>.<lambda> at 0x76df8a6ff600>
INFO:root:(multi-env mono adapter) Setting main environment max_paths to 5
INFO:root:Loading trained model from CHECKPOINT-GPUFAC/tqc_EXP16BASEREWARD_1500000.pt...
INFO:root:Starting a race
tensor([[-0.8236,  1.0000,  0.0000,  0.0000,  0.0000,  0.0000]])
tensor([[-0.6333,  1.0000,  0.0000,  0.0000,  0.0000,  0.0000]])
tensor([[-0.9497,  1.0000,  0.0000,  0.0000,  0.0000,  0.0000]])
tensor([[-0.9269,  1.0000,  0.0000,  0.0000,  0.0000,  0.0000]])
tensor([[-0.9031,  1.0000,  0.0000,  0.0000,  0.0000,  0.0000]])
tensor([[-0.8987,  1.0000,  0.0000,  0.0000,  0.0000,  0.0000]])
tensor([[-0.5824,  1.0000,  0.0000,  0.0000,  0.0000,  0.0000]])
tensor([[-0.8445,  0.0000,  0.0000,  0.0000,  0.0000,  0.0000]])
tensor([[-0.5514,  1.0000,  1.0000,  0.0000,  0.0000,  0.0000]])
tensor([[-0.5868,  1.0000,  0.0000,  0.0000,  0.0000,  0.0000]])
tensor([[-0.8782,  1.0000,  0.0000,  0.0000,  0.0000,  0.0000]])
tensor([[-0.9565,  1.0000,  0.0000,  0.0000,  0.0000,  0.0000]])
tensor([[-0.8780,  1.0000,  1.0000,  0.0000,  0.0000,  0.0000]])
tensor([[-0.9513,  1.0000,  0.0000,  0.0000,  0.0000,  0.0000]])
tensor([[-0.9443,  0.0000,  0.0000,  0.0000,  0.0000,  0.0000]])
tensor([[-0.9775,  1.0000,  0.0000,  0.0000,  0.0000,  0.0000]])
tensor([[-0.9546,  1.0000,  0.0000,  0.0000,  0.0000,  0.0000]])
tensor([[-0.9467,  1.0000,  0.0000,  0.0000,  0.0000,  0.0000]])
tensor([[-0.8419,  1.0000,  0.0000,  0.0000,  0.0000,  0.0000]])
tensor([[-0.8099,  1.0000,  1.0000,  0.0000,  0.0000,  0.0000]])
tensor([[-0.9451,  1.0000,  0.0000,  0.0000,  0.0000,  0.0000]])
tensor([[-0.7080,  1.0000,  0.0000,  0.0000,  0.0000,  0.0000]])
tensor([[-0.8554,  1.0000,  0.0000,  0.0000,  0.0000,  0.0000]])
tensor([[-0.8446,  1.0000,  0.0000,  0.0000,  0.0000,  0.0000]])
tensor([[-0.2675,  1.0000,  0.0000,  0.0000,  0.0000,  0.0000]])
tensor([[0.4490, 0.0000, 0.0000, 0.0000, 0.0000, 0.0000]])
tensor([[0.3965, 1.0000, 0.0000, 0.0000, 0.0000, 0.0000]])
tensor([[-0.0333,  1.0000,  0.0000,  0.0000,  0.0000,  0.0000]])
tensor([[0.5119, 1.0000, 0.0000, 0.0000, 0.0000, 0.0000]])
tensor([[-0.2158,  1.0000,  0.0000,  0.0000,  0.0000,  0.0000]])
tensor([[0.5560, 1.0000, 0.0000, 0.0000, 0.0000, 0.0000]])
tensor([[-0.6480,  1.0000,  0.0000,  0.0000,  0.0000,  0.0000]])
tensor([[-0.1983,  1.0000,  0.0000,  0.0000,  0.0000,  0.0000]])
tensor([[-0.0174,  1.0000,  0.0000,  0.0000,  0.0000,  0.0000]])
tensor([[-0.6436,  1.0000,  0.0000,  0.0000,  0.0000,  0.0000]])
tensor([[-0.6708,  1.0000,  0.0000,  0.0000,  0.0000,  0.0000]])
tensor([[-0.5943,  1.0000,  0.0000,  0.0000,  0.0000,  0.0000]])
tensor([[-0.5081,  1.0000,  0.0000,  0.0000,  0.0000,  0.0000]])
tensor([[0.3555, 1.0000, 0.0000, 0.0000, 0.0000, 0.0000]])
tensor([[-0.8822,  1.0000,  0.0000,  0.0000,  0.0000,  0.0000]])
tensor([[-0.7575,  1.0000,  0.0000,  0.0000,  0.0000,  0.0000]])
tensor([[-0.6843,  1.0000,  0.0000,  0.0000,  0.0000,  0.0000]])
tensor([[-0.9430,  1.0000,  0.0000,  0.0000,  0.0000,  0.0000]])
tensor([[-0.6709,  1.0000,  0.0000,  0.0000,  0.0000,  0.0000]])
tensor([[-0.8797,  1.0000,  0.0000,  0.0000,  0.0000,  0.0000]])
tensor([[-0.8574,  1.0000,  0.0000,  0.0000,  0.0000,  0.0000]])
tensor([[-0.9741,  1.0000,  0.0000,  0.0000,  0.0000,  0.0000]])
tensor([[-0.9263,  1.0000,  0.0000,  0.0000,  0.0000,  0.0000]])
tensor([[-0.8277,  1.0000,  0.0000,  0.0000,  0.0000,  0.0000]])
tensor([[-0.9785,  1.0000,  0.0000,  0.0000,  0.0000,  0.0000]])
tensor([[-0.9671,  1.0000,  0.0000,  0.0000,  0.0000,  0.0000]])
tensor([[-0.3138,  1.0000,  0.0000,  0.0000,  0.0000,  0.0000]])
tensor([[0.6813, 1.0000, 0.0000, 0.0000, 0.0000, 0.0000]])
tensor([[0.0467, 1.0000, 0.0000, 0.0000, 0.0000, 0.0000]])
tensor([[0.0818, 1.0000, 0.0000, 0.0000, 0.0000, 0.0000]])
tensor([[-0.3003,  1.0000,  0.0000,  0.0000,  0.0000,  0.0000]])
tensor([[0.8376, 1.0000, 0.0000, 1.0000, 0.0000, 0.0000]])
tensor([[-0.0493,  1.0000,  1.0000,  0.0000,  0.0000,  0.0000]])
tensor([[-0.5000,  1.0000,  0.0000,  0.0000,  0.0000,  0.0000]])
tensor([[-0.7361,  1.0000,  0.0000,  0.0000,  0.0000,  0.0000]])
tensor([[0.3058, 1.0000, 0.0000, 0.0000, 0.0000, 0.0000]])
tensor([[-0.9053,  1.0000,  0.0000,  0.0000,  0.0000,  0.0000]])
tensor([[-0.0670,  1.0000,  0.0000,  0.0000,  0.0000,  0.0000]])
tensor([[0.4226, 1.0000, 0.0000, 0.0000, 0.0000, 0.0000]])
tensor([[0.9199, 1.0000, 0.0000, 0.0000, 0.0000, 0.0000]])
tensor([[0.4073, 1.0000, 0.0000, 0.0000, 0.0000, 0.0000]])
tensor([[0.5394, 1.0000, 0.0000, 0.0000, 0.0000, 0.0000]])
tensor([[-0.8043,  1.0000,  0.0000,  0.0000,  0.0000,  0.0000]])
tensor([[0.8718, 1.0000, 0.0000, 0.0000, 0.0000, 0.0000]])
tensor([[0.8829, 1.0000, 0.0000, 0.0000, 0.0000, 0.0000]])
tensor([[0.9395, 1.0000, 0.0000, 0.0000, 0.0000, 0.0000]])
tensor([[0.9752, 1.0000, 0.0000, 0.0000, 0.0000, 0.0000]])
tensor([[0.8990, 1.0000, 0.0000, 0.0000, 0.0000, 0.0000]])
tensor([[0.7567, 1.0000, 0.0000, 0.0000, 0.0000, 0.0000]])
tensor([[0.9440, 1.0000, 0.0000, 0.0000, 0.0000, 0.0000]])
tensor([[0.9531, 1.0000, 0.0000, 0.0000, 0.0000, 0.0000]])
tensor([[0.9380, 1.0000, 0.0000, 0.0000, 0.0000, 0.0000]])
tensor([[0.7896, 1.0000, 0.0000, 0.0000, 0.0000, 0.0000]])
tensor([[-0.3773,  1.0000,  0.0000,  0.0000,  0.0000,  0.0000]])
tensor([[-0.6697,  1.0000,  0.0000,  0.0000,  0.0000,  0.0000]])
tensor([[0.1890, 1.0000, 0.0000, 0.0000, 0.0000, 0.0000]])
tensor([[0.5164, 1.0000, 0.0000, 0.0000, 0.0000, 0.0000]])
tensor([[0.0859, 1.0000, 0.0000, 0.0000, 0.0000, 0.0000]])
tensor([[-0.5202,  1.0000,  0.0000,  0.0000,  0.0000,  0.0000]])
tensor([[0.6879, 1.0000, 0.0000, 0.0000, 1.0000, 0.0000]])
tensor([[0.9781, 1.0000, 0.0000, 0.0000, 0.0000, 0.0000]])
tensor([[0.9082, 1.0000, 1.0000, 0.0000, 0.0000, 0.0000]])
tensor([[0.8906, 1.0000, 1.0000, 0.0000, 0.0000, 0.0000]])
tensor([[0.5155, 1.0000, 0.0000, 0.0000, 0.0000, 0.0000]])
tensor([[0.9001, 1.0000, 0.0000, 0.0000, 0.0000, 0.0000]])
tensor([[-0.5886,  1.0000,  1.0000,  0.0000,  0.0000,  0.0000]])
tensor([[0.9884, 1.0000, 0.0000, 0.0000, 0.0000, 0.0000]])
tensor([[0.8667, 1.0000, 0.0000, 0.0000, 0.0000, 0.0000]])
tensor([[0.6653, 1.0000, 0.0000, 0.0000, 0.0000, 0.0000]])
tensor([[-0.5913,  1.0000,  0.0000,  0.0000,  0.0000,  0.0000]])
tensor([[0.8590, 1.0000, 0.0000, 0.0000, 0.0000, 0.0000]])
tensor([[0.4929, 1.0000, 0.0000, 0.0000, 0.0000, 0.0000]])
tensor([[0.0739, 1.0000, 0.0000, 0.0000, 0.0000, 0.0000]])
tensor([[0.3401, 1.0000, 0.0000, 0.0000, 0.0000, 0.0000]])
tensor([[0.3027, 1.0000, 0.0000, 0.0000, 0.0000, 0.0000]])
tensor([[-0.6086,  1.0000,  0.0000,  0.0000,  0.0000,  0.0000]])
tensor([[-0.6081,  1.0000,  0.0000,  0.0000,  0.0000,  0.0000]])
tensor([[-0.4410,  1.0000,  0.0000,  0.0000,  0.0000,  0.0000]])
tensor([[0.4350, 1.0000, 0.0000, 0.0000, 0.0000, 0.0000]])
tensor([[0.7420, 1.0000, 0.0000, 0.0000, 0.0000, 0.0000]])
tensor([[-0.8130,  1.0000,  0.0000,  0.0000,  0.0000,  0.0000]])
tensor([[-0.0045,  1.0000,  0.0000,  0.0000,  0.0000,  0.0000]])
tensor([[0.3912, 1.0000, 0.0000, 0.0000, 0.0000, 0.0000]])
tensor([[0.1265, 1.0000, 0.0000, 0.0000, 0.0000, 0.0000]])
tensor([[0.7591, 1.0000, 0.0000, 0.0000, 0.0000, 0.0000]])
tensor([[-0.0551,  1.0000,  0.0000,  0.0000,  0.0000,  0.0000]])
tensor([[0.9155, 1.0000, 0.0000, 0.0000, 0.0000, 0.0000]])
tensor([[0.7444, 1.0000, 0.0000, 0.0000, 0.0000, 0.0000]])
tensor([[0.4925, 1.0000, 0.0000, 0.0000, 0.0000, 0.0000]])
tensor([[0.7238, 1.0000, 0.0000, 0.0000, 0.0000, 0.0000]])
tensor([[0.6172, 1.0000, 0.0000, 0.0000, 0.0000, 0.0000]])
tensor([[-0.5088,  1.0000,  0.0000,  0.0000,  0.0000,  0.0000]])
tensor([[-0.8568,  1.0000,  0.0000,  0.0000,  0.0000,  0.0000]])
tensor([[-0.3126,  1.0000,  0.0000,  0.0000,  0.0000,  0.0000]])
tensor([[-0.7917,  1.0000,  1.0000,  1.0000,  0.0000,  0.0000]])
tensor([[0.4091, 0.0000, 0.0000, 0.0000, 0.0000, 0.0000]])
tensor([[-0.0193,  1.0000,  0.0000,  0.0000,  0.0000,  0.0000]])
tensor([[-0.6398,  1.0000,  0.0000,  0.0000,  0.0000,  0.0000]])
tensor([[-0.4966,  1.0000,  0.0000,  0.0000,  0.0000,  0.0000]])
tensor([[-0.9368,  1.0000,  0.0000,  0.0000,  0.0000,  0.0000]])
tensor([[-0.9420,  1.0000,  0.0000,  0.0000,  0.0000,  0.0000]])
tensor([[-0.7817,  1.0000,  0.0000,  0.0000,  0.0000,  0.0000]])
tensor([[-0.6020,  1.0000,  0.0000,  0.0000,  0.0000,  0.0000]])
tensor([[-0.3154,  1.0000,  0.0000,  0.0000,  0.0000,  0.0000]])
tensor([[-0.6208,  1.0000,  0.0000,  0.0000,  0.0000,  0.0000]])
tensor([[-0.6216,  1.0000,  0.0000,  0.0000,  0.0000,  0.0000]])
tensor([[-0.5598,  1.0000,  0.0000,  0.0000,  0.0000,  0.0000]])
tensor([[-0.8666,  1.0000,  0.0000,  0.0000,  0.0000,  0.0000]])
tensor([[-0.7168,  1.0000,  0.0000,  0.0000,  0.0000,  0.0000]])
tensor([[-0.7914,  1.0000,  0.0000,  0.0000,  0.0000,  0.0000]])
tensor([[-0.8734,  1.0000,  0.0000,  0.0000,  0.0000,  0.0000]])
tensor([[-0.8315,  1.0000,  0.0000,  1.0000,  0.0000,  0.0000]])
tensor([[-0.9656,  1.0000,  0.0000,  0.0000,  0.0000,  0.0000]])
tensor([[-0.1468,  1.0000,  0.0000,  0.0000,  0.0000,  0.0000]])
tensor([[-0.4307,  1.0000,  0.0000,  0.0000,  0.0000,  0.0000]])
tensor([[0.7226, 1.0000, 0.0000, 0.0000, 0.0000, 0.0000]])
tensor([[-0.2862,  1.0000,  0.0000,  0.0000,  0.0000,  0.0000]])
tensor([[-0.2461,  1.0000,  0.0000,  0.0000,  0.0000,  0.0000]])
tensor([[-0.4759,  1.0000,  0.0000,  0.0000,  0.0000,  0.0000]])
tensor([[0.3680, 1.0000, 0.0000, 0.0000, 0.0000, 0.0000]])
tensor([[-0.3474,  1.0000,  0.0000,  0.0000,  0.0000,  0.0000]])
tensor([[-0.8666,  1.0000,  0.0000,  0.0000,  0.0000,  0.0000]])
tensor([[-0.8337,  1.0000,  0.0000,  0.0000,  0.0000,  0.0000]])
tensor([[0.2925, 1.0000, 0.0000, 0.0000, 0.0000, 0.0000]])
tensor([[-0.4851,  1.0000,  0.0000,  0.0000,  0.0000,  0.0000]])
tensor([[-0.9102,  1.0000,  0.0000,  0.0000,  0.0000,  0.0000]])
tensor([[0.0642, 1.0000, 0.0000, 0.0000, 0.0000, 0.0000]])
tensor([[-0.7968,  1.0000,  0.0000,  0.0000,  0.0000,  0.0000]])
tensor([[-0.3867,  1.0000,  0.0000,  0.0000,  0.0000,  0.0000]])
tensor([[0.6415, 1.0000, 0.0000, 0.0000, 0.0000, 0.0000]])
tensor([[0.4136, 1.0000, 0.0000, 0.0000, 0.0000, 0.0000]])
tensor([[-0.1394,  1.0000,  0.0000,  0.0000,  0.0000,  0.0000]])
tensor([[-0.1679,  1.0000,  0.0000,  0.0000,  0.0000,  0.0000]])
tensor([[0.9940, 1.0000, 0.0000, 0.0000, 0.0000, 0.0000]])
tensor([[0.9805, 1.0000, 0.0000, 0.0000, 0.0000, 0.0000]])
tensor([[0.7178, 1.0000, 0.0000, 0.0000, 0.0000, 0.0000]])
tensor([[0.3750, 1.0000, 0.0000, 0.0000, 0.0000, 0.0000]])
tensor([[0.8512, 1.0000, 0.0000, 0.0000, 0.0000, 0.0000]])
tensor([[0.3174, 1.0000, 0.0000, 0.0000, 0.0000, 0.0000]])
tensor([[0.6442, 1.0000, 0.0000, 0.0000, 0.0000, 0.0000]])
tensor([[0.9892, 1.0000, 0.0000, 0.0000, 0.0000, 0.0000]])
tensor([[0.6891, 1.0000, 0.0000, 0.0000, 0.0000, 0.0000]])
tensor([[0.9934, 1.0000, 0.0000, 0.0000, 0.0000, 0.0000]])
tensor([[0.9989, 1.0000, 0.0000, 0.0000, 0.0000, 0.0000]])
tensor([[0.9993, 1.0000, 0.0000, 0.0000, 0.0000, 0.0000]])
tensor([[0.9990, 1.0000, 0.0000, 0.0000, 0.0000, 0.0000]])
tensor([[0.9948, 1.0000, 0.0000, 0.0000, 0.0000, 0.0000]])
tensor([[0.9267, 1.0000, 0.0000, 0.0000, 0.0000, 0.0000]])
tensor([[0.1987, 1.0000, 0.0000, 0.0000, 0.0000, 0.0000]])
tensor([[-0.7687,  1.0000,  0.0000,  0.0000,  0.0000,  0.0000]])
tensor([[-0.8849,  1.0000,  0.0000,  0.0000,  0.0000,  0.0000]])
tensor([[-0.5497,  1.0000,  0.0000,  0.0000,  0.0000,  0.0000]])
tensor([[0.0985, 1.0000, 0.0000, 0.0000, 0.0000, 0.0000]])
tensor([[-0.9623,  1.0000,  1.0000,  0.0000,  0.0000,  0.0000]])
tensor([[-0.9515,  1.0000,  0.0000,  0.0000,  0.0000,  0.0000]])
tensor([[-0.9395,  1.0000,  0.0000,  0.0000,  0.0000,  0.0000]])
tensor([[-0.9666,  1.0000,  0.0000,  0.0000,  0.0000,  0.0000]])
tensor([[-0.7439,  1.0000,  0.0000,  0.0000,  0.0000,  0.0000]])
tensor([[-0.2184,  1.0000,  0.0000,  0.0000,  0.0000,  0.0000]])
tensor([[-0.9416,  1.0000,  0.0000,  0.0000,  0.0000,  0.0000]])
tensor([[-0.8918,  1.0000,  0.0000,  0.0000,  0.0000,  0.0000]])
tensor([[-0.9795,  1.0000,  0.0000,  0.0000,  0.0000,  0.0000]])
tensor([[-0.8340,  1.0000,  0.0000,  0.0000,  1.0000,  0.0000]])
tensor([[-0.9261,  1.0000,  0.0000,  0.0000,  0.0000,  0.0000]])
tensor([[-0.9497,  1.0000,  0.0000,  0.0000,  0.0000,  0.0000]])
tensor([[-0.9589,  1.0000,  0.0000,  0.0000,  0.0000,  0.0000]])
tensor([[-0.9345,  1.0000,  0.0000,  0.0000,  0.0000,  0.0000]])
tensor([[-0.5571,  1.0000,  0.0000,  0.0000,  0.0000,  0.0000]])
tensor([[0.2550, 1.0000, 0.0000, 0.0000, 0.0000, 0.0000]])
tensor([[-0.2639,  1.0000,  0.0000,  0.0000,  0.0000,  0.0000]])
tensor([[-0.6185,  1.0000,  0.0000,  0.0000,  0.0000,  0.0000]])
tensor([[-0.6780,  1.0000,  0.0000,  0.0000,  0.0000,  0.0000]])
tensor([[-0.9043,  1.0000,  0.0000,  0.0000,  0.0000,  0.0000]])
tensor([[0.8851, 1.0000, 0.0000, 0.0000, 0.0000, 0.0000]])
tensor([[-0.8396,  1.0000,  0.0000,  0.0000,  0.0000,  0.0000]])
tensor([[0.1289, 1.0000, 0.0000, 0.0000, 0.0000, 0.0000]])
tensor([[-0.9970,  1.0000,  0.0000,  0.0000,  0.0000,  0.0000]])
tensor([[-0.8704,  1.0000,  0.0000,  0.0000,  0.0000,  0.0000]])
tensor([[-0.4164,  1.0000,  0.0000,  0.0000,  0.0000,  0.0000]])
tensor([[-0.6376,  1.0000,  0.0000,  0.0000,  0.0000,  0.0000]])
tensor([[-0.0236,  1.0000,  0.0000,  0.0000,  0.0000,  0.0000]])
tensor([[-0.5412,  1.0000,  0.0000,  0.0000,  0.0000,  0.0000]])
tensor([[-0.0141,  1.0000,  0.0000,  0.0000,  0.0000,  0.0000]])
tensor([[-0.0067,  1.0000,  0.0000,  0.0000,  0.0000,  0.0000]])
tensor([[-0.0302,  1.0000,  0.0000,  0.0000,  0.0000,  0.0000]])
tensor([[0.0544, 1.0000, 0.0000, 0.0000, 0.0000, 0.0000]])
tensor([[-0.7808,  1.0000,  0.0000,  0.0000,  0.0000,  0.0000]])
tensor([[-0.1677,  1.0000,  0.0000,  1.0000,  0.0000,  0.0000]])
tensor([[0.2812, 1.0000, 0.0000, 0.0000, 0.0000, 0.0000]])
tensor([[0.8626, 1.0000, 0.0000, 0.0000, 0.0000, 0.0000]])
tensor([[0.4180, 1.0000, 0.0000, 0.0000, 0.0000, 0.0000]])
tensor([[0.6433, 1.0000, 0.0000, 0.0000, 0.0000, 0.0000]])
tensor([[-0.7830,  1.0000,  0.0000,  0.0000,  0.0000,  0.0000]])
tensor([[-0.9390,  1.0000,  0.0000,  0.0000,  0.0000,  0.0000]])
tensor([[0.6201, 1.0000, 0.0000, 0.0000, 0.0000, 0.0000]])
tensor([[-0.3965,  1.0000,  0.0000,  0.0000,  0.0000,  0.0000]])
tensor([[-0.2731,  1.0000,  0.0000,  0.0000,  0.0000,  0.0000]])
tensor([[-0.1448,  1.0000,  0.0000,  0.0000,  0.0000,  0.0000]])
tensor([[0.6959, 1.0000, 0.0000, 0.0000, 0.0000, 0.0000]])
tensor([[0.7554, 1.0000, 0.0000, 0.0000, 0.0000, 0.0000]])
tensor([[-0.2787,  1.0000,  0.0000,  0.0000,  0.0000,  0.0000]])
tensor([[0.0619, 1.0000, 0.0000, 0.0000, 0.0000, 0.0000]])
tensor([[-0.7011,  1.0000,  0.0000,  0.0000,  0.0000,  0.0000]])
tensor([[0.8919, 1.0000, 0.0000, 0.0000, 0.0000, 0.0000]])
tensor([[0.1407, 1.0000, 0.0000, 0.0000, 0.0000, 0.0000]])
tensor([[0.6502, 1.0000, 0.0000, 0.0000, 0.0000, 0.0000]])
tensor([[0.2167, 1.0000, 0.0000, 0.0000, 0.0000, 0.0000]])
tensor([[0.8687, 1.0000, 0.0000, 0.0000, 0.0000, 0.0000]])
tensor([[0.5484, 1.0000, 0.0000, 0.0000, 0.0000, 0.0000]])
tensor([[0.6539, 1.0000, 0.0000, 0.0000, 0.0000, 0.0000]])
tensor([[0.6697, 1.0000, 0.0000, 0.0000, 0.0000, 0.0000]])
tensor([[0.9232, 1.0000, 0.0000, 0.0000, 0.0000, 0.0000]])
tensor([[0.0684, 1.0000, 0.0000, 0.0000, 0.0000, 0.0000]])
tensor([[0.6571, 1.0000, 0.0000, 0.0000, 0.0000, 0.0000]])
tensor([[0.9298, 1.0000, 0.0000, 0.0000, 0.0000, 0.0000]])
tensor([[0.9765, 1.0000, 0.0000, 0.0000, 0.0000, 0.0000]])
tensor([[0.9509, 1.0000, 0.0000, 0.0000, 0.0000, 0.0000]])
tensor([[0.9230, 1.0000, 0.0000, 0.0000, 0.0000, 0.0000]])
tensor([[0.7439, 1.0000, 0.0000, 0.0000, 0.0000, 0.0000]])
tensor([[0.7025, 1.0000, 0.0000, 0.0000, 0.0000, 0.0000]])
tensor([[0.7720, 1.0000, 0.0000, 0.0000, 0.0000, 0.0000]])
tensor([[0.2681, 1.0000, 0.0000, 0.0000, 0.0000, 0.0000]])
tensor([[0.4694, 1.0000, 0.0000, 0.0000, 0.0000, 0.0000]])
tensor([[-0.2592,  1.0000,  0.0000,  0.0000,  0.0000,  0.0000]])
tensor([[-0.2531,  1.0000,  0.0000,  0.0000,  0.0000,  0.0000]])
tensor([[0.5616, 1.0000, 0.0000, 0.0000, 0.0000, 0.0000]])
tensor([[0.2932, 1.0000, 0.0000, 0.0000, 0.0000, 0.0000]])
tensor([[0.0227, 1.0000, 0.0000, 0.0000, 0.0000, 0.0000]])
tensor([[0.3611, 1.0000, 0.0000, 0.0000, 0.0000, 0.0000]])
tensor([[-0.8302,  1.0000,  0.0000,  0.0000,  0.0000,  0.0000]])
tensor([[0.6231, 1.0000, 0.0000, 0.0000, 0.0000, 0.0000]])
tensor([[0.6152, 1.0000, 0.0000, 0.0000, 0.0000, 0.0000]])
tensor([[-0.9358,  1.0000,  0.0000,  0.0000,  0.0000,  0.0000]])
tensor([[-0.8099,  1.0000,  0.0000,  0.0000,  0.0000,  0.0000]])
tensor([[0.0661, 1.0000, 0.0000, 0.0000, 0.0000, 0.0000]])
tensor([[0.8210, 1.0000, 0.0000, 1.0000, 0.0000, 0.0000]])
tensor([[0.8078, 1.0000, 0.0000, 0.0000, 0.0000, 0.0000]])
tensor([[0.8110, 1.0000, 0.0000, 0.0000, 0.0000, 0.0000]])
tensor([[-0.9363,  1.0000,  0.0000,  0.0000,  0.0000,  0.0000]])
tensor([[-0.8499,  1.0000,  0.0000,  0.0000,  0.0000,  0.0000]])
tensor([[-0.6302,  1.0000,  0.0000,  0.0000,  0.0000,  0.0000]])
tensor([[0.7038, 1.0000, 0.0000, 0.0000, 0.0000, 0.0000]])
tensor([[0.6942, 1.0000, 0.0000, 0.0000, 0.0000, 0.0000]])
tensor([[0.1534, 1.0000, 0.0000, 0.0000, 0.0000, 0.0000]])
tensor([[0.2777, 1.0000, 0.0000, 1.0000, 0.0000, 0.0000]])
tensor([[0.9016, 1.0000, 0.0000, 0.0000, 0.0000, 0.0000]])
tensor([[0.9876, 1.0000, 1.0000, 0.0000, 0.0000, 0.0000]])
tensor([[0.9515, 1.0000, 0.0000, 0.0000, 0.0000, 0.0000]])
tensor([[0.9500, 1.0000, 0.0000, 0.0000, 0.0000, 0.0000]])
tensor([[0.9363, 1.0000, 0.0000, 0.0000, 0.0000, 0.0000]])
tensor([[0.9387, 1.0000, 0.0000, 0.0000, 0.0000, 0.0000]])
tensor([[0.8061, 1.0000, 0.0000, 0.0000, 0.0000, 0.0000]])
tensor([[0.7327, 1.0000, 0.0000, 0.0000, 0.0000, 0.0000]])
tensor([[0.8029, 1.0000, 0.0000, 0.0000, 0.0000, 0.0000]])
tensor([[-0.5130,  1.0000,  0.0000,  0.0000,  0.0000,  0.0000]])
tensor([[0.9430, 1.0000, 0.0000, 0.0000, 0.0000, 0.0000]])
tensor([[0.7801, 1.0000, 0.0000, 0.0000, 0.0000, 0.0000]])
tensor([[0.4596, 1.0000, 0.0000, 0.0000, 0.0000, 0.0000]])
tensor([[-0.1051,  1.0000,  0.0000,  0.0000,  0.0000,  0.0000]])
tensor([[-0.7387,  1.0000,  0.0000,  0.0000,  0.0000,  0.0000]])
tensor([[0.9575, 1.0000, 0.0000, 0.0000, 0.0000, 0.0000]])
tensor([[0.8999, 1.0000, 0.0000, 0.0000, 0.0000, 0.0000]])
tensor([[0.8573, 1.0000, 0.0000, 0.0000, 0.0000, 0.0000]])
tensor([[0.8481, 1.0000, 1.0000, 0.0000, 0.0000, 0.0000]])
tensor([[0.9895, 1.0000, 0.0000, 0.0000, 0.0000, 0.0000]])
tensor([[0.9397, 1.0000, 0.0000, 0.0000, 0.0000, 0.0000]])
tensor([[0.9873, 1.0000, 0.0000, 0.0000, 0.0000, 0.0000]])
tensor([[0.8182, 1.0000, 0.0000, 0.0000, 0.0000, 0.0000]])
tensor([[0.8575, 1.0000, 0.0000, 0.0000, 0.0000, 0.0000]])
tensor([[0.8643, 1.0000, 0.0000, 0.0000, 0.0000, 0.0000]])
tensor([[0.9234, 1.0000, 0.0000, 0.0000, 0.0000, 0.0000]])
tensor([[0.3737, 1.0000, 0.0000, 0.0000, 0.0000, 0.0000]])
tensor([[-0.5032,  1.0000,  0.0000,  0.0000,  0.0000,  0.0000]])
tensor([[0.8190, 1.0000, 0.0000, 0.0000, 1.0000, 0.0000]])
tensor([[0.8691, 1.0000, 0.0000, 0.0000, 0.0000, 0.0000]])
tensor([[0.9543, 1.0000, 0.0000, 0.0000, 0.0000, 0.0000]])
tensor([[0.5802, 1.0000, 0.0000, 0.0000, 0.0000, 0.0000]])
tensor([[0.8938, 1.0000, 0.0000, 0.0000, 0.0000, 0.0000]])
tensor([[0.7210, 1.0000, 0.0000, 0.0000, 0.0000, 0.0000]])
tensor([[-0.7655,  1.0000,  0.0000,  0.0000,  0.0000,  0.0000]])
tensor([[0.9133, 1.0000, 0.0000, 0.0000, 0.0000, 0.0000]])
tensor([[0.0941, 1.0000, 0.0000, 0.0000, 0.0000, 0.0000]])
tensor([[-0.0956,  1.0000,  0.0000,  0.0000,  0.0000,  0.0000]])
tensor([[0.1050, 1.0000, 0.0000, 0.0000, 0.0000, 0.0000]])
tensor([[0.5794, 1.0000, 0.0000, 0.0000, 0.0000, 0.0000]])
tensor([[0.8235, 1.0000, 0.0000, 0.0000, 0.0000, 0.0000]])
tensor([[0.4103, 1.0000, 0.0000, 0.0000, 0.0000, 0.0000]])
tensor([[-0.5421,  1.0000,  0.0000,  0.0000,  0.0000,  0.0000]])
tensor([[0.8306, 1.0000, 0.0000, 0.0000, 0.0000, 0.0000]])
tensor([[0.0761, 1.0000, 0.0000, 0.0000, 0.0000, 0.0000]])
tensor([[0.5075, 1.0000, 0.0000, 0.0000, 0.0000, 0.0000]])
tensor([[-0.7412,  1.0000,  0.0000,  0.0000,  0.0000,  0.0000]])
tensor([[-0.4330,  1.0000,  0.0000,  0.0000,  0.0000,  0.0000]])
tensor([[-0.0454,  1.0000,  0.0000,  0.0000,  0.0000,  0.0000]])
tensor([[0.7658, 1.0000, 0.0000, 0.0000, 0.0000, 0.0000]])
tensor([[0.6590, 1.0000, 0.0000, 0.0000, 0.0000, 0.0000]])
tensor([[0.8005, 1.0000, 0.0000, 0.0000, 0.0000, 0.0000]])
tensor([[-0.5083,  1.0000,  0.0000,  0.0000,  0.0000,  0.0000]])
tensor([[-0.7425,  1.0000,  0.0000,  0.0000,  0.0000,  0.0000]])
tensor([[-0.2197,  1.0000,  0.0000,  0.0000,  0.0000,  0.0000]])
tensor([[0.6775, 1.0000, 0.0000, 0.0000, 0.0000, 0.0000]])
tensor([[0.8690, 1.0000, 0.0000, 0.0000, 0.0000, 0.0000]])
tensor([[-0.8265,  1.0000,  0.0000,  0.0000,  0.0000,  0.0000]])
tensor([[0.1087, 1.0000, 0.0000, 0.0000, 0.0000, 0.0000]])
tensor([[-0.0922,  1.0000,  0.0000,  0.0000,  0.0000,  0.0000]])
tensor([[0.6589, 1.0000, 0.0000, 0.0000, 0.0000, 0.0000]])
tensor([[0.3729, 1.0000, 0.0000, 0.0000, 0.0000, 0.0000]])
tensor([[0.5684, 1.0000, 0.0000, 0.0000, 0.0000, 0.0000]])
tensor([[-0.7465,  1.0000,  0.0000,  0.0000,  0.0000,  0.0000]])
tensor([[-0.1411,  1.0000,  0.0000,  0.0000,  0.0000,  0.0000]])
tensor([[-0.4717,  1.0000,  0.0000,  0.0000,  0.0000,  0.0000]])
tensor([[-0.3728,  1.0000,  0.0000,  0.0000,  0.0000,  0.0000]])
tensor([[-0.5692,  1.0000,  0.0000,  0.0000,  0.0000,  0.0000]])
tensor([[-0.7459,  1.0000,  0.0000,  0.0000,  0.0000,  0.0000]])
tensor([[0.8207, 1.0000, 0.0000, 0.0000, 0.0000, 0.0000]])
tensor([[0.4146, 1.0000, 0.0000, 1.0000, 0.0000, 0.0000]])
tensor([[0.2776, 1.0000, 0.0000, 0.0000, 0.0000, 0.0000]])
tensor([[-0.8862,  1.0000,  0.0000,  0.0000,  0.0000,  0.0000]])
tensor([[-0.7059,  1.0000,  0.0000,  0.0000,  0.0000,  0.0000]])
tensor([[0.3949, 1.0000, 0.0000, 0.0000, 0.0000, 0.0000]])
tensor([[-0.6421,  1.0000,  0.0000,  0.0000,  0.0000,  0.0000]])
tensor([[-0.5953,  1.0000,  0.0000,  0.0000,  0.0000,  0.0000]])
tensor([[0.1710, 1.0000, 0.0000, 0.0000, 0.0000, 0.0000]])
tensor([[-0.8717,  0.0000,  0.0000,  0.0000,  0.0000,  0.0000]])
tensor([[-0.6720,  1.0000,  0.0000,  0.0000,  0.0000,  0.0000]])
tensor([[-0.6167,  1.0000,  0.0000,  0.0000,  0.0000,  0.0000]])
tensor([[0.3518, 1.0000, 0.0000, 0.0000, 0.0000, 0.0000]])
tensor([[0.0928, 1.0000, 0.0000, 0.0000, 0.0000, 0.0000]])
tensor([[0.6770, 1.0000, 0.0000, 0.0000, 0.0000, 0.0000]])
tensor([[-0.5241,  1.0000,  0.0000,  0.0000,  0.0000,  0.0000]])
tensor([[-0.9351,  1.0000,  0.0000,  0.0000,  0.0000,  0.0000]])
tensor([[-0.2859,  1.0000,  0.0000,  0.0000,  0.0000,  0.0000]])
tensor([[-0.8809,  1.0000,  0.0000,  0.0000,  0.0000,  0.0000]])
tensor([[0.1016, 1.0000, 0.0000, 0.0000, 0.0000, 0.0000]])
tensor([[-0.6153,  1.0000,  0.0000,  0.0000,  0.0000,  0.0000]])
tensor([[-0.8028,  1.0000,  0.0000,  0.0000,  0.0000,  0.0000]])
tensor([[-0.7573,  1.0000,  0.0000,  0.0000,  0.0000,  0.0000]])
tensor([[0.7547, 1.0000, 0.0000, 0.0000, 0.0000, 0.0000]])
tensor([[-0.5205,  1.0000,  0.0000,  0.0000,  0.0000,  0.0000]])
tensor([[-0.9197,  1.0000,  0.0000,  0.0000,  0.0000,  0.0000]])
tensor([[-0.5979,  1.0000,  0.0000,  0.0000,  0.0000,  0.0000]])
tensor([[-0.0909,  1.0000,  0.0000,  0.0000,  0.0000,  0.0000]])
tensor([[-0.7759,  1.0000,  0.0000,  0.0000,  0.0000,  0.0000]])
tensor([[0.8822, 1.0000, 0.0000, 0.0000, 0.0000, 0.0000]])
tensor([[0.2075, 1.0000, 0.0000, 0.0000, 0.0000, 0.0000]])
tensor([[-0.3585,  1.0000,  0.0000,  0.0000,  0.0000,  0.0000]])
tensor([[-0.9233,  1.0000,  0.0000,  0.0000,  0.0000,  0.0000]])
tensor([[-0.8677,  1.0000,  0.0000,  0.0000,  0.0000,  0.0000]])
tensor([[-0.3673,  1.0000,  0.0000,  0.0000,  0.0000,  0.0000]])
tensor([[-0.4115,  1.0000,  0.0000,  0.0000,  0.0000,  0.0000]])
tensor([[0.8764, 1.0000, 0.0000, 0.0000, 0.0000, 0.0000]])
tensor([[0.4437, 1.0000, 0.0000, 0.0000, 0.0000, 0.0000]])
tensor([[0.4958, 1.0000, 0.0000, 0.0000, 0.0000, 0.0000]])
tensor([[0.3744, 1.0000, 0.0000, 0.0000, 0.0000, 0.0000]])
tensor([[-0.6670,  1.0000,  0.0000,  0.0000,  0.0000,  0.0000]])
tensor([[-0.5952,  1.0000,  0.0000,  0.0000,  0.0000,  0.0000]])
tensor([[-0.2595,  1.0000,  0.0000,  0.0000,  0.0000,  0.0000]])
tensor([[-0.4062,  1.0000,  0.0000,  0.0000,  0.0000,  0.0000]])
tensor([[-0.0686,  1.0000,  0.0000,  0.0000,  0.0000,  0.0000]])
tensor([[-0.6707,  1.0000,  0.0000,  0.0000,  0.0000,  0.0000]])
tensor([[0.4535, 1.0000, 0.0000, 0.0000, 0.0000, 0.0000]])
tensor([[0.4173, 1.0000, 0.0000, 0.0000, 0.0000, 0.0000]])
tensor([[-0.9314,  1.0000,  0.0000,  0.0000,  0.0000,  0.0000]])
tensor([[0.0195, 1.0000, 0.0000, 0.0000, 0.0000, 0.0000]])
tensor([[-0.2628,  1.0000,  0.0000,  0.0000,  0.0000,  0.0000]])
tensor([[-0.5658,  1.0000,  0.0000,  0.0000,  0.0000,  0.0000]])
tensor([[-0.4230,  1.0000,  0.0000,  0.0000,  0.0000,  0.0000]])
tensor([[-0.4275,  1.0000,  0.0000,  0.0000,  0.0000,  0.0000]])
INFO:root:Agent 0 (TQCars): avg action time = 0.0009s
tensor([[0.6926, 1.0000, 0.0000, 0.0000, 0.0000, 0.0000]])
tensor([[-0.8394,  1.0000,  0.0000,  0.0000,  0.0000,  0.0000]])
{"type": "results", "track": "zengarden", "results": [{"key": 0, "reward": 9.999114990234375, "position": 4, "name": "TQCars", "avg_action_time": 0.000944082103745166}]}
