INFO:root:Loading the agents
INFO:root:Loaded player TQCars
INFO:root:Creating pystk-1
INFO:root:Adding wrapper <function get_wrappers.<locals>.<lambda> at 0x79069d8ef420>
INFO:root:Adding wrapper <function get_wrappers.<locals>.<lambda> at 0x79069d8ef4c0>
INFO:root:Adding wrapper <function get_wrappers.<locals>.<lambda> at 0x79069d8ef560>
INFO:root:Adding wrapper <function get_wrappers.<locals>.<lambda> at 0x79069d8ef600>
INFO:root:(multi-env mono adapter) Setting main environment max_paths to 5
INFO:root:Loading trained model from CHECKPOINT-GPUFAC/tqc_EXP12_1500000.pt...
INFO:root:Starting a race
tensor([[0.2183, 1.0000, 0.0000, 0.0000, 0.0000, 0.0000]])
tensor([[0.3941, 1.0000, 0.0000, 0.0000, 0.0000, 0.0000]])
tensor([[0.2041, 1.0000, 0.0000, 0.0000, 0.0000, 0.0000]])
tensor([[0.5173, 0.0000, 0.0000, 0.0000, 0.0000, 0.0000]])
tensor([[0.4462, 1.0000, 0.0000, 0.0000, 0.0000, 0.0000]])
tensor([[0.6125, 1.0000, 0.0000, 0.0000, 0.0000, 0.0000]])
tensor([[0.4364, 1.0000, 0.0000, 0.0000, 0.0000, 0.0000]])
tensor([[0.4043, 1.0000, 0.0000, 0.0000, 0.0000, 0.0000]])
tensor([[0.6544, 1.0000, 0.0000, 0.0000, 0.0000, 0.0000]])
tensor([[0.6396, 1.0000, 0.0000, 0.0000, 0.0000, 0.0000]])
tensor([[0.5350, 1.0000, 0.0000, 0.0000, 0.0000, 0.0000]])
tensor([[0.5094, 1.0000, 0.0000, 0.0000, 0.0000, 0.0000]])
tensor([[0.3256, 1.0000, 0.0000, 1.0000, 0.0000, 0.0000]])
tensor([[0.5835, 1.0000, 0.0000, 0.0000, 0.0000, 0.0000]])
tensor([[0.4350, 1.0000, 0.0000, 0.0000, 0.0000, 0.0000]])
tensor([[0.2967, 1.0000, 0.0000, 0.0000, 0.0000, 0.0000]])
tensor([[0.5261, 0.0000, 0.0000, 0.0000, 0.0000, 0.0000]])
tensor([[0.5499, 1.0000, 0.0000, 0.0000, 0.0000, 0.0000]])
tensor([[-0.0592,  1.0000,  0.0000,  0.0000,  0.0000,  0.0000]])
tensor([[0.3871, 1.0000, 0.0000, 0.0000, 0.0000, 0.0000]])
tensor([[0.3787, 1.0000, 0.0000, 0.0000, 0.0000, 0.0000]])
tensor([[0.7158, 1.0000, 0.0000, 0.0000, 0.0000, 0.0000]])
tensor([[0.8055, 1.0000, 0.0000, 0.0000, 0.0000, 0.0000]])
tensor([[0.8784, 1.0000, 0.0000, 0.0000, 0.0000, 0.0000]])
tensor([[-0.1514,  1.0000,  0.0000,  0.0000,  0.0000,  0.0000]])
tensor([[0.6411, 1.0000, 0.0000, 0.0000, 0.0000, 0.0000]])
tensor([[-0.0409,  1.0000,  0.0000,  0.0000,  0.0000,  0.0000]])
tensor([[-0.5714,  1.0000,  0.0000,  0.0000,  0.0000,  0.0000]])
tensor([[0.6586, 1.0000, 0.0000, 0.0000, 0.0000, 0.0000]])
tensor([[-0.4995,  0.0000,  0.0000,  0.0000,  0.0000,  0.0000]])
tensor([[-0.7125,  1.0000,  0.0000,  0.0000,  0.0000,  0.0000]])
tensor([[0.0495, 1.0000, 0.0000, 0.0000, 1.0000, 0.0000]])
tensor([[-0.0785,  1.0000,  0.0000,  0.0000,  0.0000,  0.0000]])
tensor([[-0.1161,  0.0000,  1.0000,  0.0000,  0.0000,  0.0000]])
tensor([[-0.6781,  1.0000,  0.0000,  0.0000,  0.0000,  0.0000]])
tensor([[-0.0501,  1.0000,  0.0000,  0.0000,  1.0000,  0.0000]])
tensor([[0.0814, 1.0000, 0.0000, 0.0000, 0.0000, 0.0000]])
tensor([[-0.9113,  1.0000,  0.0000,  0.0000,  0.0000,  0.0000]])
tensor([[0.5349, 1.0000, 0.0000, 0.0000, 0.0000, 0.0000]])
tensor([[-0.7769,  1.0000,  0.0000,  0.0000,  0.0000,  0.0000]])
tensor([[0.0922, 0.0000, 1.0000, 0.0000, 0.0000, 0.0000]])
tensor([[0.2899, 1.0000, 0.0000, 0.0000, 0.0000, 0.0000]])
tensor([[-0.1872,  1.0000,  1.0000,  0.0000,  0.0000,  0.0000]])
tensor([[-0.8168,  1.0000,  0.0000,  0.0000,  0.0000,  0.0000]])
tensor([[-0.8550,  1.0000,  0.0000,  0.0000,  0.0000,  0.0000]])
tensor([[-0.4103,  1.0000,  0.0000,  0.0000,  0.0000,  0.0000]])
tensor([[-0.6562,  1.0000,  0.0000,  0.0000,  0.0000,  0.0000]])
tensor([[0.7611, 0.0000, 0.0000, 0.0000, 0.0000, 0.0000]])
tensor([[0.2067, 1.0000, 0.0000, 0.0000, 0.0000, 0.0000]])
tensor([[0.4757, 1.0000, 1.0000, 0.0000, 0.0000, 0.0000]])
tensor([[-0.8323,  1.0000,  0.0000,  0.0000,  0.0000,  0.0000]])
tensor([[-0.1756,  0.0000,  0.0000,  0.0000,  0.0000,  0.0000]])
tensor([[-0.1825,  1.0000,  0.0000,  0.0000,  0.0000,  0.0000]])
tensor([[-0.4742,  0.0000,  0.0000,  0.0000,  0.0000,  0.0000]])
tensor([[-0.1930,  0.0000,  0.0000,  0.0000,  0.0000,  0.0000]])
tensor([[-0.8981,  1.0000,  1.0000,  1.0000,  0.0000,  0.0000]])
tensor([[-0.2691,  1.0000,  1.0000,  0.0000,  0.0000,  0.0000]])
tensor([[0.7679, 1.0000, 0.0000, 0.0000, 0.0000, 0.0000]])
tensor([[-0.5587,  1.0000,  1.0000,  0.0000,  0.0000,  0.0000]])
tensor([[-0.3084,  1.0000,  0.0000,  0.0000,  0.0000,  0.0000]])
tensor([[0.5364, 1.0000, 0.0000, 0.0000, 0.0000, 0.0000]])
tensor([[-0.8744,  1.0000,  1.0000,  0.0000,  0.0000,  0.0000]])
tensor([[-0.5990,  1.0000,  0.0000,  0.0000,  0.0000,  0.0000]])
tensor([[0.8297, 1.0000, 0.0000, 0.0000, 0.0000, 0.0000]])
tensor([[0.0514, 1.0000, 0.0000, 0.0000, 0.0000, 0.0000]])
tensor([[-0.9496,  1.0000,  1.0000,  0.0000,  0.0000,  0.0000]])
tensor([[-0.5073,  0.0000,  0.0000,  0.0000,  0.0000,  0.0000]])
tensor([[-0.9816,  0.0000,  0.0000,  0.0000,  0.0000,  0.0000]])
tensor([[-0.7408,  1.0000,  0.0000,  0.0000,  0.0000,  0.0000]])
tensor([[-0.0886,  0.0000,  1.0000,  0.0000,  0.0000,  0.0000]])
tensor([[0.1053, 0.0000, 0.0000, 0.0000, 0.0000, 0.0000]])
tensor([[-0.4352,  1.0000,  0.0000,  0.0000,  0.0000,  0.0000]])
tensor([[-0.2724,  0.0000,  1.0000,  0.0000,  0.0000,  0.0000]])
tensor([[-0.2026,  0.0000,  1.0000,  0.0000,  0.0000,  0.0000]])
tensor([[0.1454, 1.0000, 0.0000, 0.0000, 0.0000, 0.0000]])
tensor([[-0.1964,  1.0000,  0.0000,  0.0000,  0.0000,  0.0000]])
tensor([[-0.4493,  1.0000,  1.0000,  0.0000,  0.0000,  0.0000]])
tensor([[-0.2832,  0.0000,  0.0000,  0.0000,  0.0000,  0.0000]])
tensor([[0.2690, 1.0000, 0.0000, 0.0000, 0.0000, 0.0000]])
tensor([[0.2252, 0.0000, 1.0000, 0.0000, 1.0000, 0.0000]])
tensor([[-0.9548,  1.0000,  0.0000,  0.0000,  0.0000,  0.0000]])
tensor([[-0.9550,  1.0000,  0.0000,  0.0000,  0.0000,  0.0000]])
tensor([[-0.9215,  0.0000,  1.0000,  0.0000,  0.0000,  0.0000]])
tensor([[0.6026, 1.0000, 1.0000, 0.0000, 0.0000, 0.0000]])
tensor([[-0.9700,  0.0000,  0.0000,  0.0000,  0.0000,  0.0000]])
tensor([[0.0940, 0.0000, 0.0000, 0.0000, 0.0000, 0.0000]])
tensor([[0.1539, 1.0000, 1.0000, 0.0000, 0.0000, 0.0000]])
tensor([[-0.0669,  1.0000,  0.0000,  0.0000,  0.0000,  0.0000]])
tensor([[-0.3530,  0.0000,  0.0000,  0.0000,  0.0000,  0.0000]])
tensor([[-0.6984,  1.0000,  1.0000,  0.0000,  0.0000,  0.0000]])
tensor([[0.0609, 1.0000, 0.0000, 0.0000, 0.0000, 0.0000]])
tensor([[0.1279, 0.0000, 1.0000, 0.0000, 0.0000, 0.0000]])
tensor([[-0.0735,  1.0000,  0.0000,  0.0000,  0.0000,  0.0000]])
tensor([[-0.0409,  1.0000,  0.0000,  0.0000,  0.0000,  0.0000]])
tensor([[-0.5978,  1.0000,  0.0000,  0.0000,  0.0000,  0.0000]])
tensor([[0.5734, 1.0000, 1.0000, 1.0000, 0.0000, 0.0000]])
tensor([[-0.6643,  0.0000,  0.0000,  0.0000,  0.0000,  0.0000]])
tensor([[-0.9945,  0.0000,  1.0000,  0.0000,  0.0000,  0.0000]])
tensor([[-0.8596,  0.0000,  0.0000,  1.0000,  0.0000,  0.0000]])
tensor([[-0.2827,  0.0000,  1.0000,  0.0000,  0.0000,  0.0000]])
tensor([[-0.9531,  1.0000,  0.0000,  0.0000,  1.0000,  0.0000]])
tensor([[-0.7481,  1.0000,  1.0000,  1.0000,  0.0000,  0.0000]])
tensor([[0.8309, 1.0000, 0.0000, 0.0000, 0.0000, 0.0000]])
tensor([[0.1817, 1.0000, 0.0000, 0.0000, 0.0000, 0.0000]])
tensor([[0.9164, 1.0000, 0.0000, 0.0000, 0.0000, 0.0000]])
tensor([[-0.4209,  0.0000,  1.0000,  0.0000,  0.0000,  0.0000]])
tensor([[0.6828, 1.0000, 0.0000, 0.0000, 0.0000, 0.0000]])
tensor([[-0.7132,  0.0000,  0.0000,  0.0000,  0.0000,  0.0000]])
tensor([[-0.4462,  1.0000,  1.0000,  0.0000,  0.0000,  0.0000]])
tensor([[-0.2685,  1.0000,  0.0000,  1.0000,  0.0000,  0.0000]])
tensor([[0.2842, 0.0000, 0.0000, 1.0000, 0.0000, 0.0000]])
tensor([[0.0281, 1.0000, 0.0000, 1.0000, 0.0000, 0.0000]])
tensor([[0.9384, 0.0000, 0.0000, 0.0000, 0.0000, 0.0000]])
tensor([[0.1201, 0.0000, 0.0000, 0.0000, 0.0000, 0.0000]])
tensor([[0.2478, 1.0000, 0.0000, 0.0000, 0.0000, 0.0000]])
tensor([[-0.0275,  1.0000,  1.0000,  0.0000,  1.0000,  0.0000]])
tensor([[0.8145, 0.0000, 1.0000, 0.0000, 0.0000, 0.0000]])
tensor([[0.3668, 1.0000, 1.0000, 0.0000, 0.0000, 0.0000]])
tensor([[-0.9615,  1.0000,  0.0000,  0.0000,  0.0000,  0.0000]])
tensor([[-0.9662,  1.0000,  1.0000,  0.0000,  0.0000,  0.0000]])
tensor([[-0.8612,  1.0000,  0.0000,  0.0000,  0.0000,  0.0000]])
tensor([[0.7044, 1.0000, 1.0000, 0.0000, 1.0000, 0.0000]])
tensor([[-0.7312,  0.0000,  1.0000,  0.0000,  0.0000,  0.0000]])
tensor([[0.6507, 1.0000, 0.0000, 0.0000, 1.0000, 0.0000]])
tensor([[-0.2260,  0.0000,  0.0000,  0.0000,  0.0000,  0.0000]])
tensor([[-0.3190,  1.0000,  0.0000,  0.0000,  0.0000,  0.0000]])
tensor([[0.4755, 1.0000, 0.0000, 0.0000, 0.0000, 0.0000]])
tensor([[-0.4758,  1.0000,  0.0000,  0.0000,  0.0000,  0.0000]])
tensor([[-0.6118,  0.0000,  0.0000,  0.0000,  1.0000,  0.0000]])
tensor([[0.2149, 0.0000, 0.0000, 0.0000, 0.0000, 0.0000]])
tensor([[-0.9899,  0.0000,  0.0000,  0.0000,  0.0000,  0.0000]])
tensor([[-0.9259,  0.0000,  0.0000,  0.0000,  0.0000,  0.0000]])
tensor([[-0.7007,  1.0000,  0.0000,  0.0000,  0.0000,  0.0000]])
tensor([[0.2380, 1.0000, 1.0000, 0.0000, 0.0000, 0.0000]])
tensor([[0.9606, 0.0000, 1.0000, 0.0000, 0.0000, 0.0000]])
tensor([[0.9431, 1.0000, 0.0000, 0.0000, 0.0000, 0.0000]])
tensor([[0.1823, 1.0000, 0.0000, 0.0000, 0.0000, 0.0000]])
tensor([[-0.3358,  0.0000,  0.0000,  0.0000,  0.0000,  0.0000]])
tensor([[-0.5560,  1.0000,  0.0000,  0.0000,  1.0000,  0.0000]])
tensor([[-0.7474,  1.0000,  1.0000,  0.0000,  0.0000,  0.0000]])
tensor([[0.7589, 0.0000, 0.0000, 0.0000, 0.0000, 0.0000]])
tensor([[0.9420, 1.0000, 0.0000, 0.0000, 0.0000, 0.0000]])
tensor([[0.2665, 1.0000, 0.0000, 0.0000, 0.0000, 0.0000]])
tensor([[-0.4816,  1.0000,  0.0000,  0.0000,  0.0000,  0.0000]])
tensor([[0.2316, 1.0000, 0.0000, 0.0000, 0.0000, 0.0000]])
tensor([[0.4290, 1.0000, 0.0000, 0.0000, 0.0000, 0.0000]])
tensor([[-0.8864,  0.0000,  0.0000,  0.0000,  0.0000,  0.0000]])
tensor([[-0.6946,  1.0000,  0.0000,  0.0000,  0.0000,  0.0000]])
tensor([[0.4500, 0.0000, 0.0000, 0.0000, 0.0000, 0.0000]])
tensor([[-0.1406,  1.0000,  0.0000,  0.0000,  0.0000,  0.0000]])
tensor([[0.0275, 1.0000, 0.0000, 0.0000, 1.0000, 0.0000]])
tensor([[0.6888, 1.0000, 0.0000, 0.0000, 0.0000, 0.0000]])
tensor([[0.2791, 1.0000, 0.0000, 0.0000, 0.0000, 0.0000]])
tensor([[-0.5451,  1.0000,  0.0000,  0.0000,  0.0000,  0.0000]])
tensor([[-0.0519,  1.0000,  0.0000,  0.0000,  0.0000,  0.0000]])
tensor([[-0.3218,  1.0000,  0.0000,  0.0000,  0.0000,  0.0000]])
tensor([[-0.7783,  1.0000,  0.0000,  0.0000,  0.0000,  0.0000]])
tensor([[0.8272, 1.0000, 0.0000, 0.0000, 0.0000, 0.0000]])
tensor([[-0.0083,  1.0000,  0.0000,  1.0000,  0.0000,  0.0000]])
tensor([[0.4234, 1.0000, 0.0000, 0.0000, 0.0000, 0.0000]])
tensor([[0.6509, 0.0000, 0.0000, 0.0000, 0.0000, 0.0000]])
tensor([[0.9900, 1.0000, 1.0000, 0.0000, 0.0000, 0.0000]])
tensor([[0.9528, 1.0000, 0.0000, 0.0000, 0.0000, 0.0000]])
tensor([[0.8322, 1.0000, 0.0000, 0.0000, 0.0000, 0.0000]])
tensor([[-0.4789,  1.0000,  0.0000,  0.0000,  0.0000,  0.0000]])
tensor([[-0.7640,  1.0000,  0.0000,  0.0000,  0.0000,  0.0000]])
tensor([[-0.5842,  1.0000,  0.0000,  0.0000,  0.0000,  0.0000]])
tensor([[0.0175, 1.0000, 0.0000, 0.0000, 0.0000, 0.0000]])
tensor([[0.3268, 1.0000, 0.0000, 0.0000, 0.0000, 0.0000]])
tensor([[-0.4015,  1.0000,  0.0000,  0.0000,  0.0000,  0.0000]])
tensor([[0.0950, 1.0000, 0.0000, 0.0000, 0.0000, 0.0000]])
tensor([[-0.2075,  1.0000,  0.0000,  0.0000,  0.0000,  0.0000]])
tensor([[-0.4187,  1.0000,  0.0000,  0.0000,  0.0000,  0.0000]])
tensor([[0.9672, 1.0000, 0.0000, 0.0000, 0.0000, 0.0000]])
tensor([[0.9936, 0.0000, 0.0000, 0.0000, 0.0000, 0.0000]])
tensor([[0.9860, 1.0000, 0.0000, 0.0000, 0.0000, 0.0000]])
tensor([[0.9783, 1.0000, 0.0000, 0.0000, 0.0000, 0.0000]])
tensor([[0.9230, 1.0000, 0.0000, 0.0000, 0.0000, 0.0000]])
tensor([[0.8352, 1.0000, 0.0000, 0.0000, 0.0000, 0.0000]])
tensor([[0.0389, 1.0000, 0.0000, 0.0000, 0.0000, 0.0000]])
tensor([[-0.9280,  1.0000,  0.0000,  0.0000,  0.0000,  0.0000]])
tensor([[-0.7459,  1.0000,  0.0000,  0.0000,  0.0000,  0.0000]])
tensor([[-0.8914,  1.0000,  0.0000,  0.0000,  0.0000,  0.0000]])
tensor([[-0.2639,  1.0000,  0.0000,  0.0000,  1.0000,  0.0000]])
tensor([[0.5233, 1.0000, 0.0000, 0.0000, 0.0000, 0.0000]])
tensor([[0.9240, 0.0000, 0.0000, 0.0000, 1.0000, 0.0000]])
tensor([[-0.1323,  1.0000,  0.0000,  0.0000,  0.0000,  0.0000]])
tensor([[-0.8011,  1.0000,  0.0000,  0.0000,  0.0000,  0.0000]])
tensor([[0.5608, 1.0000, 0.0000, 0.0000, 0.0000, 0.0000]])
tensor([[-0.1470,  1.0000,  0.0000,  0.0000,  0.0000,  0.0000]])
tensor([[0.3188, 0.0000, 0.0000, 0.0000, 0.0000, 0.0000]])
tensor([[-0.8099,  1.0000,  0.0000,  0.0000,  0.0000,  0.0000]])
tensor([[-0.5141,  0.0000,  1.0000,  0.0000,  0.0000,  0.0000]])
tensor([[0.8831, 1.0000, 0.0000, 0.0000, 0.0000, 0.0000]])
tensor([[0.6712, 0.0000, 0.0000, 0.0000, 0.0000, 0.0000]])
tensor([[-0.5380,  1.0000,  1.0000,  0.0000,  0.0000,  0.0000]])
tensor([[-0.6382,  0.0000,  1.0000,  0.0000,  0.0000,  0.0000]])
tensor([[-0.4070,  1.0000,  0.0000,  0.0000,  0.0000,  0.0000]])
tensor([[-0.0324,  0.0000,  0.0000,  0.0000,  0.0000,  0.0000]])
tensor([[0.5014, 0.0000, 0.0000, 0.0000, 0.0000, 0.0000]])
tensor([[-0.4293,  1.0000,  1.0000,  0.0000,  0.0000,  0.0000]])
tensor([[-0.2565,  1.0000,  0.0000,  0.0000,  0.0000,  0.0000]])
tensor([[-0.2135,  0.0000,  1.0000,  0.0000,  0.0000,  0.0000]])
tensor([[-0.9253,  1.0000,  1.0000,  0.0000,  0.0000,  0.0000]])
tensor([[-0.9612,  1.0000,  1.0000,  0.0000,  0.0000,  0.0000]])
tensor([[-0.8096,  1.0000,  0.0000,  0.0000,  0.0000,  0.0000]])
tensor([[-0.1912,  1.0000,  0.0000,  0.0000,  0.0000,  0.0000]])
tensor([[-0.1647,  0.0000,  1.0000,  0.0000,  0.0000,  0.0000]])
tensor([[-0.4260,  1.0000,  1.0000,  0.0000,  0.0000,  0.0000]])
tensor([[0.1230, 1.0000, 1.0000, 1.0000, 0.0000, 0.0000]])
tensor([[0.6557, 0.0000, 0.0000, 0.0000, 0.0000, 0.0000]])
tensor([[-0.8219,  1.0000,  0.0000,  0.0000,  1.0000,  0.0000]])
tensor([[-0.8124,  1.0000,  0.0000,  0.0000,  0.0000,  0.0000]])
tensor([[0.1073, 1.0000, 0.0000, 0.0000, 0.0000, 0.0000]])
tensor([[0.1666, 1.0000, 0.0000, 0.0000, 0.0000, 0.0000]])
tensor([[-0.9986,  0.0000,  1.0000,  0.0000,  0.0000,  0.0000]])
tensor([[-0.9966,  1.0000,  1.0000,  0.0000,  1.0000,  0.0000]])
tensor([[-0.9595,  1.0000,  1.0000,  0.0000,  0.0000,  0.0000]])
tensor([[-0.9538,  0.0000,  0.0000,  0.0000,  0.0000,  0.0000]])
tensor([[-0.9689,  0.0000,  0.0000,  0.0000,  1.0000,  0.0000]])
tensor([[-0.8671,  0.0000,  1.0000,  0.0000,  1.0000,  0.0000]])
tensor([[-0.6873,  0.0000,  1.0000,  0.0000,  0.0000,  0.0000]])
tensor([[-0.8734,  0.0000,  1.0000,  0.0000,  0.0000,  0.0000]])
tensor([[-0.9528,  0.0000,  0.0000,  0.0000,  0.0000,  0.0000]])
tensor([[-0.6576,  1.0000,  0.0000,  1.0000,  0.0000,  0.0000]])
tensor([[0.6076, 1.0000, 0.0000, 1.0000, 0.0000, 0.0000]])
tensor([[0.9680, 1.0000, 0.0000, 0.0000, 0.0000, 0.0000]])
tensor([[0.9614, 1.0000, 0.0000, 0.0000, 0.0000, 0.0000]])
tensor([[0.7256, 1.0000, 0.0000, 0.0000, 0.0000, 0.0000]])
tensor([[0.4948, 1.0000, 0.0000, 0.0000, 0.0000, 0.0000]])
tensor([[0.9195, 1.0000, 0.0000, 0.0000, 0.0000, 0.0000]])
tensor([[0.4795, 1.0000, 0.0000, 0.0000, 0.0000, 0.0000]])
tensor([[-0.7496,  1.0000,  0.0000,  0.0000,  1.0000,  0.0000]])
tensor([[-0.1930,  1.0000,  0.0000,  0.0000,  1.0000,  0.0000]])
tensor([[-0.1476,  1.0000,  0.0000,  0.0000,  0.0000,  0.0000]])
tensor([[-0.7542,  1.0000,  0.0000,  0.0000,  0.0000,  0.0000]])
tensor([[0.8451, 1.0000, 0.0000, 0.0000, 0.0000, 0.0000]])
tensor([[0.4159, 1.0000, 0.0000, 0.0000, 0.0000, 0.0000]])
tensor([[-0.7290,  0.0000,  0.0000,  0.0000,  0.0000,  0.0000]])
tensor([[-0.3820,  1.0000,  0.0000,  0.0000,  0.0000,  0.0000]])
tensor([[-0.3916,  1.0000,  0.0000,  0.0000,  1.0000,  0.0000]])
tensor([[-0.0833,  1.0000,  0.0000,  0.0000,  0.0000,  0.0000]])
tensor([[-0.8533,  1.0000,  0.0000,  0.0000,  0.0000,  0.0000]])
tensor([[-0.4613,  1.0000,  1.0000,  0.0000,  0.0000,  0.0000]])
tensor([[-0.8174,  1.0000,  0.0000,  0.0000,  0.0000,  0.0000]])
tensor([[-0.0684,  1.0000,  0.0000,  0.0000,  0.0000,  0.0000]])
tensor([[0.9084, 1.0000, 0.0000, 0.0000, 0.0000, 0.0000]])
tensor([[0.1194, 1.0000, 1.0000, 0.0000, 0.0000, 0.0000]])
tensor([[-0.2655,  1.0000,  0.0000,  0.0000,  0.0000,  0.0000]])
tensor([[-0.9732,  1.0000,  0.0000,  0.0000,  0.0000,  0.0000]])
tensor([[-0.9686,  0.0000,  0.0000,  0.0000,  0.0000,  0.0000]])
tensor([[-0.4256,  0.0000,  0.0000,  0.0000,  0.0000,  0.0000]])
tensor([[0.8064, 0.0000, 1.0000, 0.0000, 0.0000, 0.0000]])
tensor([[0.9139, 1.0000, 0.0000, 0.0000, 0.0000, 0.0000]])
tensor([[0.8374, 1.0000, 0.0000, 0.0000, 0.0000, 0.0000]])
tensor([[-0.0254,  1.0000,  0.0000,  0.0000,  0.0000,  0.0000]])
tensor([[-0.4871,  1.0000,  0.0000,  0.0000,  0.0000,  0.0000]])
tensor([[0.6398, 1.0000, 0.0000, 0.0000, 0.0000, 0.0000]])
tensor([[0.6786, 1.0000, 0.0000, 0.0000, 0.0000, 0.0000]])
tensor([[-0.6150,  1.0000,  0.0000,  0.0000,  0.0000,  0.0000]])
tensor([[-0.0587,  1.0000,  0.0000,  0.0000,  0.0000,  0.0000]])
tensor([[-0.4216,  1.0000,  0.0000,  0.0000,  0.0000,  0.0000]])
tensor([[-0.4101,  1.0000,  0.0000,  0.0000,  0.0000,  0.0000]])
tensor([[0.2227, 0.0000, 0.0000, 0.0000, 0.0000, 0.0000]])
tensor([[-0.0829,  1.0000,  1.0000,  0.0000,  0.0000,  0.0000]])
tensor([[-0.7815,  1.0000,  1.0000,  0.0000,  0.0000,  0.0000]])
tensor([[0.3469, 1.0000, 0.0000, 1.0000, 1.0000, 0.0000]])
tensor([[-0.4939,  0.0000,  0.0000,  0.0000,  0.0000,  0.0000]])
tensor([[-0.6551,  1.0000,  0.0000,  0.0000,  0.0000,  0.0000]])
tensor([[0.4947, 1.0000, 1.0000, 0.0000, 0.0000, 0.0000]])
tensor([[-0.7126,  1.0000,  0.0000,  0.0000,  0.0000,  0.0000]])
tensor([[0.1646, 0.0000, 1.0000, 0.0000, 1.0000, 0.0000]])
tensor([[0.9305, 1.0000, 0.0000, 0.0000, 0.0000, 0.0000]])
tensor([[0.8260, 1.0000, 0.0000, 0.0000, 0.0000, 0.0000]])
tensor([[0.8498, 1.0000, 1.0000, 0.0000, 0.0000, 0.0000]])
tensor([[0.5751, 1.0000, 1.0000, 0.0000, 0.0000, 0.0000]])
tensor([[-0.9455,  1.0000,  0.0000,  0.0000,  0.0000,  0.0000]])
tensor([[-0.9963,  1.0000,  0.0000,  0.0000,  0.0000,  0.0000]])
tensor([[-0.9808,  1.0000,  1.0000,  0.0000,  0.0000,  0.0000]])
tensor([[-0.8318,  0.0000,  0.0000,  0.0000,  0.0000,  0.0000]])
tensor([[0.4256, 1.0000, 0.0000, 0.0000, 0.0000, 0.0000]])
tensor([[0.3541, 0.0000, 0.0000, 0.0000, 0.0000, 0.0000]])
tensor([[0.3633, 1.0000, 0.0000, 0.0000, 0.0000, 0.0000]])
tensor([[0.6242, 1.0000, 0.0000, 0.0000, 0.0000, 0.0000]])
tensor([[0.1325, 1.0000, 1.0000, 0.0000, 0.0000, 0.0000]])
tensor([[0.2008, 1.0000, 0.0000, 0.0000, 0.0000, 0.0000]])
tensor([[-0.5252,  0.0000,  0.0000,  0.0000,  0.0000,  0.0000]])
tensor([[-0.9261,  1.0000,  0.0000,  0.0000,  0.0000,  0.0000]])
tensor([[-0.8061,  1.0000,  0.0000,  0.0000,  0.0000,  0.0000]])
tensor([[-0.4119,  0.0000,  0.0000,  0.0000,  0.0000,  0.0000]])
tensor([[0.5915, 1.0000, 0.0000, 1.0000, 0.0000, 0.0000]])
tensor([[0.7879, 1.0000, 0.0000, 0.0000, 0.0000, 1.0000]])
tensor([[-8.4530e-04,  1.0000e+00,  1.0000e+00,  0.0000e+00,  0.0000e+00,
          0.0000e+00]])
tensor([[-0.3917,  0.0000,  0.0000,  0.0000,  0.0000,  0.0000]])
tensor([[0.6606, 0.0000, 0.0000, 0.0000, 0.0000, 0.0000]])
tensor([[-0.9358,  0.0000,  0.0000,  0.0000,  0.0000,  0.0000]])
tensor([[-0.9190,  1.0000,  1.0000,  0.0000,  0.0000,  0.0000]])
tensor([[0.5290, 1.0000, 0.0000, 0.0000, 0.0000, 0.0000]])
tensor([[0.8567, 1.0000, 0.0000, 0.0000, 0.0000, 0.0000]])
tensor([[0.9300, 1.0000, 0.0000, 0.0000, 0.0000, 0.0000]])
tensor([[0.9883, 1.0000, 0.0000, 0.0000, 0.0000, 0.0000]])
tensor([[-0.2762,  1.0000,  0.0000,  0.0000,  0.0000,  0.0000]])
tensor([[0.8597, 1.0000, 0.0000, 0.0000, 0.0000, 0.0000]])
tensor([[-0.7193,  1.0000,  0.0000,  0.0000,  0.0000,  0.0000]])
tensor([[0.1605, 1.0000, 0.0000, 0.0000, 0.0000, 0.0000]])
tensor([[0.2901, 1.0000, 1.0000, 0.0000, 0.0000, 0.0000]])
tensor([[-0.3713,  0.0000,  0.0000,  0.0000,  0.0000,  0.0000]])
tensor([[0.0090, 1.0000, 0.0000, 0.0000, 0.0000, 0.0000]])
tensor([[-0.6306,  1.0000,  0.0000,  0.0000,  0.0000,  0.0000]])
tensor([[0.8148, 1.0000, 0.0000, 0.0000, 0.0000, 0.0000]])
tensor([[0.9163, 1.0000, 0.0000, 0.0000, 0.0000, 0.0000]])
tensor([[-0.9325,  0.0000,  1.0000,  0.0000,  0.0000,  0.0000]])
tensor([[-0.8202,  1.0000,  1.0000,  0.0000,  0.0000,  0.0000]])
tensor([[-0.7733,  0.0000,  0.0000,  0.0000,  0.0000,  0.0000]])
tensor([[0.0751, 1.0000, 0.0000, 0.0000, 0.0000, 0.0000]])
tensor([[0.0707, 1.0000, 0.0000, 0.0000, 0.0000, 0.0000]])
tensor([[0.2367, 0.0000, 0.0000, 0.0000, 0.0000, 0.0000]])
tensor([[0.7837, 1.0000, 0.0000, 0.0000, 0.0000, 0.0000]])
tensor([[0.5764, 1.0000, 0.0000, 0.0000, 0.0000, 0.0000]])
tensor([[0.5868, 1.0000, 0.0000, 0.0000, 0.0000, 0.0000]])
tensor([[-0.7890,  1.0000,  0.0000,  0.0000,  0.0000,  0.0000]])
tensor([[-0.9955,  1.0000,  0.0000,  0.0000,  0.0000,  0.0000]])
tensor([[-0.7637,  0.0000,  0.0000,  0.0000,  0.0000,  0.0000]])
tensor([[-0.2253,  1.0000,  0.0000,  0.0000,  0.0000,  0.0000]])
tensor([[0.9282, 1.0000, 0.0000, 0.0000, 0.0000, 0.0000]])
tensor([[0.7277, 1.0000, 0.0000, 0.0000, 0.0000, 0.0000]])
tensor([[0.8834, 1.0000, 0.0000, 0.0000, 0.0000, 0.0000]])
tensor([[0.8604, 0.0000, 0.0000, 0.0000, 0.0000, 0.0000]])
tensor([[-0.8248,  1.0000,  1.0000,  0.0000,  0.0000,  0.0000]])
tensor([[-0.9561,  1.0000,  0.0000,  0.0000,  0.0000,  0.0000]])
tensor([[-0.4996,  1.0000,  0.0000,  1.0000,  0.0000,  0.0000]])
tensor([[0.9570, 1.0000, 0.0000, 0.0000, 0.0000, 0.0000]])
tensor([[0.8913, 1.0000, 0.0000, 0.0000, 0.0000, 0.0000]])
tensor([[0.2455, 1.0000, 0.0000, 0.0000, 0.0000, 0.0000]])
tensor([[-0.7461,  0.0000,  1.0000,  0.0000,  0.0000,  0.0000]])
tensor([[-0.3758,  0.0000,  0.0000,  0.0000,  0.0000,  0.0000]])
tensor([[-0.4649,  0.0000,  0.0000,  0.0000,  0.0000,  0.0000]])
tensor([[0.9211, 1.0000, 0.0000, 0.0000, 0.0000, 0.0000]])
tensor([[0.2882, 1.0000, 1.0000, 0.0000, 0.0000, 0.0000]])
tensor([[-0.4488,  1.0000,  1.0000,  0.0000,  0.0000,  0.0000]])
tensor([[-0.5451,  1.0000,  0.0000,  0.0000,  0.0000,  0.0000]])
tensor([[0.6666, 1.0000, 0.0000, 0.0000, 0.0000, 0.0000]])
tensor([[-0.0746,  1.0000,  0.0000,  0.0000,  0.0000,  0.0000]])
tensor([[-0.0158,  1.0000,  0.0000,  0.0000,  0.0000,  0.0000]])
tensor([[-0.2548,  0.0000,  0.0000,  0.0000,  0.0000,  0.0000]])
tensor([[0.4652, 1.0000, 1.0000, 1.0000, 0.0000, 0.0000]])
tensor([[-0.8632,  1.0000,  0.0000,  1.0000,  0.0000,  0.0000]])
tensor([[-0.9955,  0.0000,  1.0000,  0.0000,  0.0000,  0.0000]])
tensor([[-0.9520,  0.0000,  1.0000,  0.0000,  0.0000,  0.0000]])
tensor([[-0.7756,  0.0000,  0.0000,  0.0000,  0.0000,  0.0000]])
tensor([[-0.8260,  1.0000,  1.0000,  0.0000,  0.0000,  0.0000]])
tensor([[-0.1543,  0.0000,  1.0000,  0.0000,  1.0000,  0.0000]])
tensor([[-0.8419,  0.0000,  0.0000,  0.0000,  0.0000,  0.0000]])
tensor([[0.0590, 0.0000, 0.0000, 0.0000, 0.0000, 0.0000]])
tensor([[-0.7271,  0.0000,  1.0000,  0.0000,  0.0000,  0.0000]])
tensor([[-0.5590,  0.0000,  0.0000,  1.0000,  0.0000,  0.0000]])
tensor([[0.3108, 1.0000, 0.0000, 0.0000, 0.0000, 0.0000]])
tensor([[0.8173, 1.0000, 0.0000, 1.0000, 0.0000, 0.0000]])
tensor([[0.8356, 1.0000, 0.0000, 0.0000, 0.0000, 0.0000]])
tensor([[0.8033, 1.0000, 1.0000, 1.0000, 0.0000, 0.0000]])
tensor([[0.5277, 1.0000, 0.0000, 0.0000, 0.0000, 0.0000]])
tensor([[-0.7717,  0.0000,  0.0000,  0.0000,  0.0000,  0.0000]])
tensor([[-0.7337,  1.0000,  0.0000,  0.0000,  0.0000,  0.0000]])
tensor([[-0.6440,  1.0000,  0.0000,  0.0000,  0.0000,  0.0000]])
tensor([[0.8391, 1.0000, 0.0000, 0.0000, 0.0000, 0.0000]])
tensor([[0.4434, 1.0000, 0.0000, 0.0000, 0.0000, 0.0000]])
tensor([[-0.9958,  0.0000,  0.0000,  0.0000,  0.0000,  0.0000]])
tensor([[-0.6796,  1.0000,  0.0000,  0.0000,  0.0000,  0.0000]])
tensor([[-0.8156,  0.0000,  0.0000,  0.0000,  0.0000,  0.0000]])
tensor([[-0.4880,  1.0000,  0.0000,  0.0000,  0.0000,  0.0000]])
tensor([[0.3203, 1.0000, 0.0000, 0.0000, 0.0000, 0.0000]])
tensor([[-0.0662,  1.0000,  0.0000,  0.0000,  0.0000,  0.0000]])
tensor([[-0.1454,  0.0000,  0.0000,  0.0000,  0.0000,  0.0000]])
tensor([[-0.2279,  1.0000,  1.0000,  0.0000,  0.0000,  0.0000]])
tensor([[0.3436, 1.0000, 0.0000, 0.0000, 0.0000, 0.0000]])
tensor([[-0.3643,  1.0000,  0.0000,  0.0000,  0.0000,  0.0000]])
tensor([[-0.3614,  1.0000,  0.0000,  0.0000,  0.0000,  0.0000]])
tensor([[-0.6454,  1.0000,  0.0000,  0.0000,  0.0000,  0.0000]])
tensor([[-0.1502,  0.0000,  0.0000,  0.0000,  0.0000,  0.0000]])
tensor([[-0.9586,  1.0000,  1.0000,  1.0000,  0.0000,  0.0000]])
tensor([[-0.6645,  1.0000,  0.0000,  0.0000,  0.0000,  0.0000]])
tensor([[0.1701, 0.0000, 0.0000, 0.0000, 0.0000, 0.0000]])
tensor([[-0.0809,  1.0000,  0.0000,  0.0000,  0.0000,  0.0000]])
tensor([[0.4967, 0.0000, 0.0000, 0.0000, 0.0000, 0.0000]])
tensor([[-0.3010,  1.0000,  1.0000,  1.0000,  0.0000,  0.0000]])
tensor([[-0.0501,  1.0000,  0.0000,  0.0000,  0.0000,  0.0000]])
tensor([[-0.1010,  0.0000,  0.0000,  0.0000,  1.0000,  0.0000]])
tensor([[0.8126, 1.0000, 0.0000, 0.0000, 0.0000, 0.0000]])
tensor([[-0.0154,  1.0000,  0.0000,  0.0000,  0.0000,  0.0000]])
tensor([[-0.9457,  0.0000,  0.0000,  0.0000,  0.0000,  0.0000]])
tensor([[-0.9899,  1.0000,  1.0000,  0.0000,  0.0000,  0.0000]])
tensor([[-0.6685,  0.0000,  0.0000,  0.0000,  0.0000,  0.0000]])
tensor([[-0.7444,  1.0000,  1.0000,  0.0000,  0.0000,  0.0000]])
tensor([[-0.3790,  1.0000,  0.0000,  0.0000,  0.0000,  0.0000]])
tensor([[0.7361, 1.0000, 0.0000, 0.0000, 0.0000, 0.0000]])
tensor([[-0.6006,  1.0000,  1.0000,  0.0000,  0.0000,  0.0000]])
tensor([[-0.5299,  1.0000,  0.0000,  0.0000,  0.0000,  0.0000]])
tensor([[0.3729, 1.0000, 1.0000, 0.0000, 0.0000, 0.0000]])
tensor([[0.2653, 1.0000, 1.0000, 0.0000, 0.0000, 0.0000]])
tensor([[-0.3174,  1.0000,  0.0000,  0.0000,  0.0000,  0.0000]])
tensor([[0.1957, 1.0000, 0.0000, 0.0000, 0.0000, 0.0000]])
tensor([[-0.9301,  1.0000,  1.0000,  0.0000,  0.0000,  0.0000]])
tensor([[-0.9657,  1.0000,  1.0000,  0.0000,  1.0000,  0.0000]])
tensor([[-0.9804,  0.0000,  0.0000,  0.0000,  1.0000,  0.0000]])
tensor([[-0.6994,  1.0000,  0.0000,  0.0000,  0.0000,  0.0000]])
tensor([[0.7943, 1.0000, 0.0000, 0.0000, 0.0000, 0.0000]])
tensor([[0.5078, 1.0000, 0.0000, 0.0000, 0.0000, 0.0000]])
tensor([[-0.1172,  0.0000,  0.0000,  0.0000,  0.0000,  0.0000]])
tensor([[-0.6792,  1.0000,  0.0000,  0.0000,  0.0000,  0.0000]])
tensor([[-0.7212,  0.0000,  1.0000,  0.0000,  0.0000,  0.0000]])
tensor([[-0.2316,  0.0000,  1.0000,  0.0000,  0.0000,  0.0000]])
tensor([[-0.9778,  1.0000,  0.0000,  0.0000,  0.0000,  0.0000]])
tensor([[-0.9774,  1.0000,  1.0000,  1.0000,  0.0000,  0.0000]])
tensor([[-0.9136,  1.0000,  0.0000,  0.0000,  0.0000,  0.0000]])
tensor([[-0.6532,  0.0000,  0.0000,  1.0000,  0.0000,  0.0000]])
tensor([[0.5872, 1.0000, 0.0000, 0.0000, 0.0000, 0.0000]])
tensor([[0.1614, 1.0000, 0.0000, 0.0000, 0.0000, 0.0000]])
tensor([[0.9700, 1.0000, 0.0000, 0.0000, 0.0000, 0.0000]])
tensor([[0.0022, 1.0000, 0.0000, 0.0000, 0.0000, 0.0000]])
tensor([[-0.1201,  1.0000,  0.0000,  0.0000,  0.0000,  0.0000]])
tensor([[0.0222, 1.0000, 0.0000, 0.0000, 0.0000, 0.0000]])
tensor([[0.7867, 0.0000, 0.0000, 0.0000, 0.0000, 0.0000]])
tensor([[0.3062, 1.0000, 1.0000, 1.0000, 0.0000, 0.0000]])
tensor([[-0.9921,  1.0000,  0.0000,  0.0000,  0.0000,  0.0000]])
tensor([[-0.9935,  1.0000,  0.0000,  0.0000,  0.0000,  0.0000]])
tensor([[-0.9852,  1.0000,  0.0000,  0.0000,  0.0000,  0.0000]])
tensor([[-0.9890,  0.0000,  1.0000,  0.0000,  0.0000,  0.0000]])
tensor([[-0.9952,  0.0000,  0.0000,  0.0000,  0.0000,  0.0000]])
tensor([[-0.8578,  0.0000,  0.0000,  0.0000,  0.0000,  0.0000]])
tensor([[-0.1996,  1.0000,  1.0000,  0.0000,  0.0000,  0.0000]])
tensor([[0.6714, 1.0000, 0.0000, 0.0000, 0.0000, 0.0000]])
tensor([[0.7871, 1.0000, 0.0000, 0.0000, 0.0000, 0.0000]])
tensor([[0.7336, 1.0000, 0.0000, 0.0000, 0.0000, 0.0000]])
tensor([[0.6416, 1.0000, 0.0000, 0.0000, 0.0000, 0.0000]])
tensor([[-0.8933,  1.0000,  0.0000,  0.0000,  0.0000,  0.0000]])
tensor([[0.1396, 1.0000, 0.0000, 0.0000, 0.0000, 0.0000]])
tensor([[0.8513, 1.0000, 0.0000, 0.0000, 0.0000, 0.0000]])
tensor([[-0.9088,  1.0000,  0.0000,  0.0000,  0.0000,  0.0000]])
tensor([[0.3944, 1.0000, 1.0000, 0.0000, 0.0000, 0.0000]])
tensor([[-0.3770,  1.0000,  1.0000,  0.0000,  0.0000,  0.0000]])
tensor([[-0.2118,  1.0000,  0.0000,  0.0000,  0.0000,  0.0000]])
tensor([[0.3443, 1.0000, 0.0000, 0.0000, 0.0000, 0.0000]])
tensor([[0.8588, 1.0000, 0.0000, 0.0000, 0.0000, 0.0000]])
tensor([[-0.7642,  1.0000,  0.0000,  0.0000,  0.0000,  0.0000]])
tensor([[-0.8339,  1.0000,  0.0000,  0.0000,  0.0000,  0.0000]])
tensor([[0.6121, 0.0000, 0.0000, 0.0000, 0.0000, 0.0000]])
tensor([[0.2137, 1.0000, 1.0000, 0.0000, 0.0000, 0.0000]])
tensor([[-0.6075,  1.0000,  0.0000,  0.0000,  0.0000,  0.0000]])
tensor([[-0.1790,  1.0000,  0.0000,  0.0000,  0.0000,  0.0000]])
tensor([[0.8254, 0.0000, 0.0000, 0.0000, 0.0000, 0.0000]])
tensor([[0.4271, 0.0000, 0.0000, 0.0000, 0.0000, 0.0000]])
tensor([[-0.8708,  1.0000,  0.0000,  0.0000,  0.0000,  0.0000]])
tensor([[0.9512, 1.0000, 0.0000, 0.0000, 0.0000, 0.0000]])
tensor([[-0.5580,  0.0000,  0.0000,  0.0000,  0.0000,  0.0000]])
tensor([[-0.4187,  1.0000,  0.0000,  0.0000,  0.0000,  0.0000]])
tensor([[0.8737, 1.0000, 0.0000, 0.0000, 0.0000, 0.0000]])
tensor([[-0.1861,  1.0000,  0.0000,  0.0000,  0.0000,  0.0000]])
tensor([[0.8162, 1.0000, 0.0000, 0.0000, 0.0000, 0.0000]])
tensor([[-0.8081,  0.0000,  0.0000,  0.0000,  0.0000,  0.0000]])
tensor([[-0.9269,  0.0000,  0.0000,  0.0000,  0.0000,  0.0000]])
tensor([[0.3386, 0.0000, 1.0000, 0.0000, 0.0000, 0.0000]])
tensor([[-0.6921,  1.0000,  1.0000,  0.0000,  0.0000,  0.0000]])
tensor([[-0.3775,  1.0000,  0.0000,  0.0000,  0.0000,  0.0000]])
tensor([[-0.1572,  1.0000,  1.0000,  0.0000,  0.0000,  0.0000]])
tensor([[0.5627, 1.0000, 0.0000, 0.0000, 0.0000, 0.0000]])
tensor([[0.8539, 1.0000, 0.0000, 0.0000, 0.0000, 0.0000]])
tensor([[0.0543, 1.0000, 1.0000, 0.0000, 0.0000, 0.0000]])
tensor([[0.8120, 1.0000, 0.0000, 0.0000, 0.0000, 0.0000]])
tensor([[-0.5472,  0.0000,  0.0000,  0.0000,  0.0000,  0.0000]])
tensor([[-0.6807,  1.0000,  0.0000,  0.0000,  0.0000,  0.0000]])
tensor([[0.6785, 1.0000, 0.0000, 0.0000, 0.0000, 0.0000]])
tensor([[-0.0587,  1.0000,  0.0000,  0.0000,  0.0000,  0.0000]])
tensor([[0.7835, 1.0000, 0.0000, 0.0000, 0.0000, 0.0000]])
tensor([[-0.8363,  1.0000,  0.0000,  0.0000,  0.0000,  0.0000]])
tensor([[0.6162, 1.0000, 0.0000, 0.0000, 0.0000, 0.0000]])
tensor([[-0.7446,  1.0000,  1.0000,  0.0000,  0.0000,  0.0000]])
tensor([[0.8271, 1.0000, 0.0000, 0.0000, 0.0000, 0.0000]])
tensor([[0.5414, 1.0000, 0.0000, 0.0000, 0.0000, 0.0000]])
tensor([[0.4915, 0.0000, 1.0000, 0.0000, 0.0000, 0.0000]])
tensor([[0.5403, 1.0000, 0.0000, 0.0000, 0.0000, 0.0000]])
tensor([[0.3923, 1.0000, 0.0000, 0.0000, 0.0000, 0.0000]])
tensor([[-0.7997,  1.0000,  0.0000,  0.0000,  0.0000,  0.0000]])
tensor([[0.9083, 1.0000, 1.0000, 0.0000, 0.0000, 0.0000]])
tensor([[0.0714, 1.0000, 1.0000, 0.0000, 0.0000, 0.0000]])
tensor([[-0.2250,  1.0000,  0.0000,  0.0000,  0.0000,  0.0000]])
tensor([[0.9346, 0.0000, 0.0000, 0.0000, 0.0000, 0.0000]])
tensor([[0.9801, 1.0000, 0.0000, 0.0000, 0.0000, 0.0000]])
tensor([[0.7968, 1.0000, 0.0000, 0.0000, 0.0000, 0.0000]])
tensor([[0.7386, 1.0000, 0.0000, 0.0000, 0.0000, 0.0000]])
tensor([[-0.0620,  1.0000,  0.0000,  0.0000,  0.0000,  0.0000]])
tensor([[0.6044, 0.0000, 0.0000, 0.0000, 0.0000, 0.0000]])
tensor([[0.6830, 1.0000, 0.0000, 0.0000, 0.0000, 0.0000]])
tensor([[0.9991, 1.0000, 0.0000, 0.0000, 0.0000, 0.0000]])
tensor([[0.9988, 1.0000, 0.0000, 0.0000, 0.0000, 0.0000]])
tensor([[0.9903, 1.0000, 0.0000, 0.0000, 0.0000, 0.0000]])
tensor([[0.9992, 1.0000, 0.0000, 0.0000, 0.0000, 0.0000]])
tensor([[0.9996, 1.0000, 0.0000, 0.0000, 0.0000, 0.0000]])
tensor([[1.0000, 1.0000, 0.0000, 0.0000, 0.0000, 0.0000]])
tensor([[0.9932, 1.0000, 0.0000, 0.0000, 0.0000, 0.0000]])
tensor([[0.9983, 1.0000, 0.0000, 0.0000, 0.0000, 0.0000]])
tensor([[0.9978, 1.0000, 0.0000, 0.0000, 0.0000, 0.0000]])
tensor([[0.9736, 1.0000, 0.0000, 0.0000, 0.0000, 0.0000]])
tensor([[-0.0696,  1.0000,  0.0000,  0.0000,  0.0000,  0.0000]])
tensor([[0.2901, 1.0000, 0.0000, 0.0000, 0.0000, 0.0000]])
tensor([[-0.8202,  1.0000,  0.0000,  0.0000,  0.0000,  0.0000]])
tensor([[-0.6923,  1.0000,  0.0000,  0.0000,  0.0000,  0.0000]])
tensor([[-0.7805,  1.0000,  0.0000,  0.0000,  0.0000,  0.0000]])
tensor([[0.0953, 1.0000, 0.0000, 0.0000, 0.0000, 0.0000]])
tensor([[0.6773, 1.0000, 0.0000, 0.0000, 0.0000, 0.0000]])
tensor([[0.8206, 1.0000, 0.0000, 0.0000, 0.0000, 0.0000]])
tensor([[0.7511, 1.0000, 0.0000, 0.0000, 0.0000, 0.0000]])
tensor([[0.8228, 1.0000, 0.0000, 0.0000, 0.0000, 0.0000]])
tensor([[0.9867, 1.0000, 0.0000, 0.0000, 1.0000, 0.0000]])
tensor([[0.9545, 1.0000, 0.0000, 0.0000, 0.0000, 0.0000]])
tensor([[0.4503, 1.0000, 0.0000, 0.0000, 0.0000, 0.0000]])
tensor([[0.9951, 1.0000, 0.0000, 0.0000, 0.0000, 0.0000]])
tensor([[0.8039, 0.0000, 0.0000, 0.0000, 0.0000, 0.0000]])
tensor([[-0.8955,  1.0000,  0.0000,  0.0000,  0.0000,  0.0000]])
tensor([[-0.7486,  1.0000,  0.0000,  0.0000,  0.0000,  0.0000]])
tensor([[0.9776, 0.0000, 0.0000, 1.0000, 0.0000, 0.0000]])
tensor([[0.5125, 1.0000, 0.0000, 0.0000, 0.0000, 0.0000]])
tensor([[-0.7079,  1.0000,  0.0000,  0.0000,  0.0000,  0.0000]])
tensor([[0.9980, 1.0000, 0.0000, 0.0000, 0.0000, 0.0000]])
tensor([[-0.5643,  0.0000,  0.0000,  0.0000,  0.0000,  0.0000]])
INFO:root:Agent 0 (TQCars): avg action time = 0.0014s
tensor([[0.9057, 1.0000, 1.0000, 0.0000, 0.0000, 0.0000]])
tensor([[0.9203, 1.0000, 0.0000, 0.0000, 0.0000, 0.0000]])
tensor([[-0.5467,  1.0000,  0.0000,  0.0000,  0.0000,  0.0000]])
tensor([[0.8970, 1.0000, 0.0000, 1.0000, 0.0000, 0.0000]])
tensor([[0.7864, 1.0000, 0.0000, 0.0000, 0.0000, 0.0000]])
tensor([[0.9956, 1.0000, 0.0000, 0.0000, 0.0000, 0.0000]])
tensor([[0.3739, 1.0000, 1.0000, 0.0000, 0.0000, 0.0000]])
tensor([[-0.8313,  1.0000,  0.0000,  0.0000,  0.0000,  0.0000]])
tensor([[0.9253, 1.0000, 0.0000, 0.0000, 0.0000, 0.0000]])
tensor([[0.9900, 1.0000, 0.0000, 0.0000, 0.0000, 0.0000]])
tensor([[0.9997, 1.0000, 0.0000, 0.0000, 0.0000, 0.0000]])
tensor([[0.9668, 1.0000, 0.0000, 0.0000, 0.0000, 0.0000]])
tensor([[0.0588, 1.0000, 0.0000, 0.0000, 0.0000, 0.0000]])
tensor([[-0.8639,  1.0000,  0.0000,  0.0000,  0.0000,  0.0000]])
tensor([[-0.9581,  1.0000,  0.0000,  0.0000,  0.0000,  0.0000]])
tensor([[-0.6288,  1.0000,  0.0000,  0.0000,  0.0000,  0.0000]])
tensor([[-0.4461,  1.0000,  0.0000,  0.0000,  0.0000,  0.0000]])
tensor([[0.8624, 1.0000, 1.0000, 0.0000, 0.0000, 0.0000]])
tensor([[0.8718, 1.0000, 0.0000, 0.0000, 0.0000, 0.0000]])
tensor([[0.8638, 1.0000, 0.0000, 0.0000, 0.0000, 0.0000]])
tensor([[0.6192, 1.0000, 0.0000, 0.0000, 0.0000, 0.0000]])
tensor([[0.0650, 1.0000, 0.0000, 0.0000, 0.0000, 0.0000]])
tensor([[-0.4664,  1.0000,  0.0000,  0.0000,  0.0000,  0.0000]])
tensor([[0.9916, 1.0000, 0.0000, 0.0000, 0.0000, 0.0000]])
tensor([[0.9945, 1.0000, 0.0000, 0.0000, 0.0000, 0.0000]])
tensor([[0.9994, 1.0000, 0.0000, 0.0000, 0.0000, 0.0000]])
tensor([[0.9997, 1.0000, 0.0000, 0.0000, 0.0000, 0.0000]])
tensor([[0.9953, 1.0000, 0.0000, 0.0000, 0.0000, 0.0000]])
tensor([[0.9947, 1.0000, 0.0000, 0.0000, 0.0000, 0.0000]])
tensor([[0.9986, 1.0000, 0.0000, 0.0000, 0.0000, 0.0000]])
tensor([[0.9647, 1.0000, 0.0000, 0.0000, 0.0000, 0.0000]])
tensor([[0.9947, 1.0000, 0.0000, 0.0000, 0.0000, 0.0000]])
tensor([[0.9715, 1.0000, 0.0000, 0.0000, 0.0000, 0.0000]])
tensor([[0.9997, 1.0000, 0.0000, 0.0000, 0.0000, 0.0000]])
tensor([[0.9999, 1.0000, 0.0000, 0.0000, 0.0000, 0.0000]])
tensor([[0.9992, 1.0000, 0.0000, 0.0000, 0.0000, 0.0000]])
tensor([[0.9997, 1.0000, 0.0000, 0.0000, 0.0000, 0.0000]])
tensor([[1.0000, 1.0000, 0.0000, 0.0000, 0.0000, 0.0000]])
tensor([[0.9997, 1.0000, 0.0000, 0.0000, 0.0000, 0.0000]])
tensor([[0.6649, 1.0000, 0.0000, 0.0000, 0.0000, 0.0000]])
tensor([[-0.9947,  1.0000,  0.0000,  0.0000,  1.0000,  0.0000]])
tensor([[-0.9182,  1.0000,  0.0000,  0.0000,  0.0000,  0.0000]])
tensor([[-0.9946,  1.0000,  0.0000,  1.0000,  0.0000,  0.0000]])
tensor([[-0.9982,  1.0000,  0.0000,  0.0000,  0.0000,  0.0000]])
tensor([[-0.9983,  1.0000,  0.0000,  0.0000,  0.0000,  0.0000]])
tensor([[-0.9423,  1.0000,  0.0000,  0.0000,  0.0000,  0.0000]])
tensor([[0.6687, 1.0000, 0.0000, 0.0000, 0.0000, 0.0000]])
tensor([[-0.1438,  1.0000,  0.0000,  0.0000,  0.0000,  0.0000]])
tensor([[0.2145, 1.0000, 0.0000, 0.0000, 0.0000, 0.0000]])
tensor([[0.3543, 1.0000, 0.0000, 0.0000, 0.0000, 0.0000]])
tensor([[0.3694, 1.0000, 0.0000, 0.0000, 0.0000, 0.0000]])
tensor([[0.0673, 1.0000, 0.0000, 0.0000, 0.0000, 0.0000]])
tensor([[-0.5971,  0.0000,  0.0000,  0.0000,  0.0000,  0.0000]])
tensor([[0.2932, 0.0000, 0.0000, 0.0000, 0.0000, 0.0000]])
tensor([[0.1139, 0.0000, 1.0000, 0.0000, 0.0000, 0.0000]])
tensor([[-0.1903,  0.0000,  1.0000,  0.0000,  0.0000,  0.0000]])
tensor([[-0.3347,  0.0000,  0.0000,  0.0000,  0.0000,  0.0000]])
tensor([[-0.7800,  0.0000,  0.0000,  0.0000,  0.0000,  0.0000]])
tensor([[0.8985, 0.0000, 0.0000, 0.0000, 0.0000, 0.0000]])
tensor([[0.6217, 0.0000, 0.0000, 0.0000, 0.0000, 0.0000]])
tensor([[0.6063, 1.0000, 1.0000, 0.0000, 0.0000, 0.0000]])
tensor([[0.9702, 0.0000, 0.0000, 0.0000, 0.0000, 0.0000]])
tensor([[0.8113, 1.0000, 0.0000, 0.0000, 0.0000, 0.0000]])
tensor([[0.9268, 1.0000, 0.0000, 0.0000, 0.0000, 0.0000]])
tensor([[0.9427, 0.0000, 0.0000, 0.0000, 0.0000, 0.0000]])
tensor([[0.9994, 1.0000, 0.0000, 0.0000, 0.0000, 0.0000]])
tensor([[0.9990, 1.0000, 0.0000, 0.0000, 0.0000, 0.0000]])
tensor([[0.9997, 1.0000, 0.0000, 0.0000, 0.0000, 0.0000]])
tensor([[0.9995, 1.0000, 0.0000, 0.0000, 0.0000, 0.0000]])
tensor([[0.9996, 1.0000, 0.0000, 0.0000, 0.0000, 0.0000]])
tensor([[0.9987, 0.0000, 0.0000, 0.0000, 0.0000, 0.0000]])
tensor([[0.9993, 1.0000, 0.0000, 0.0000, 0.0000, 0.0000]])
tensor([[0.9999, 1.0000, 0.0000, 0.0000, 0.0000, 0.0000]])
tensor([[0.9999, 1.0000, 0.0000, 0.0000, 0.0000, 0.0000]])
tensor([[1.0000, 1.0000, 0.0000, 0.0000, 0.0000, 0.0000]])
tensor([[0.9996, 1.0000, 0.0000, 0.0000, 0.0000, 0.0000]])
tensor([[0.9992, 1.0000, 0.0000, 0.0000, 0.0000, 0.0000]])
tensor([[0.9966, 1.0000, 0.0000, 0.0000, 0.0000, 0.0000]])
tensor([[0.9980, 1.0000, 0.0000, 0.0000, 0.0000, 0.0000]])
tensor([[0.9998, 1.0000, 0.0000, 0.0000, 0.0000, 0.0000]])
tensor([[0.9998, 1.0000, 0.0000, 0.0000, 0.0000, 0.0000]])
tensor([[0.9995, 1.0000, 0.0000, 0.0000, 0.0000, 0.0000]])
tensor([[0.9995, 1.0000, 0.0000, 0.0000, 0.0000, 0.0000]])
tensor([[0.9721, 1.0000, 0.0000, 0.0000, 0.0000, 0.0000]])
tensor([[-0.6007,  1.0000,  0.0000,  0.0000,  0.0000,  0.0000]])
tensor([[-0.9706,  1.0000,  0.0000,  0.0000,  0.0000,  0.0000]])
tensor([[-0.9098,  1.0000,  0.0000,  0.0000,  0.0000,  0.0000]])
tensor([[-0.9898,  0.0000,  0.0000,  0.0000,  0.0000,  0.0000]])
tensor([[-0.9791,  1.0000,  0.0000,  0.0000,  0.0000,  0.0000]])
tensor([[-0.9957,  1.0000,  0.0000,  0.0000,  0.0000,  0.0000]])
tensor([[-0.9003,  0.0000,  0.0000,  0.0000,  0.0000,  0.0000]])
tensor([[-0.4983,  1.0000,  0.0000,  0.0000,  0.0000,  0.0000]])
tensor([[-0.2333,  1.0000,  0.0000,  0.0000,  0.0000,  0.0000]])
tensor([[-0.8008,  1.0000,  0.0000,  0.0000,  0.0000,  0.0000]])
tensor([[-0.9956,  0.0000,  1.0000,  0.0000,  0.0000,  0.0000]])
tensor([[-0.9981,  0.0000,  0.0000,  0.0000,  0.0000,  0.0000]])
tensor([[-0.9486,  1.0000,  0.0000,  0.0000,  0.0000,  0.0000]])
tensor([[-0.9553,  1.0000,  1.0000,  0.0000,  0.0000,  0.0000]])
tensor([[-0.3160,  0.0000,  0.0000,  0.0000,  0.0000,  0.0000]])
tensor([[0.3822, 0.0000, 0.0000, 0.0000, 0.0000, 0.0000]])
tensor([[0.6638, 0.0000, 0.0000, 0.0000, 0.0000, 0.0000]])
tensor([[0.6383, 0.0000, 0.0000, 0.0000, 0.0000, 0.0000]])
tensor([[-0.8106,  1.0000,  0.0000,  0.0000,  0.0000,  0.0000]])
tensor([[0.9650, 1.0000, 1.0000, 0.0000, 0.0000, 0.0000]])
tensor([[0.6403, 0.0000, 0.0000, 0.0000, 0.0000, 0.0000]])
tensor([[-0.9406,  1.0000,  0.0000,  0.0000,  0.0000,  0.0000]])
tensor([[-0.0114,  1.0000,  0.0000,  0.0000,  0.0000,  0.0000]])
tensor([[-0.9608,  0.0000,  0.0000,  0.0000,  0.0000,  0.0000]])
tensor([[0.2689, 1.0000, 0.0000, 0.0000, 0.0000, 0.0000]])
tensor([[-0.8881,  0.0000,  1.0000,  0.0000,  0.0000,  0.0000]])
tensor([[-0.2540,  1.0000,  0.0000,  0.0000,  0.0000,  0.0000]])
tensor([[-0.9170,  0.0000,  0.0000,  0.0000,  0.0000,  0.0000]])
tensor([[-0.1218,  1.0000,  0.0000,  0.0000,  0.0000,  0.0000]])
tensor([[-0.6540,  1.0000,  0.0000,  0.0000,  0.0000,  0.0000]])
tensor([[0.8664, 0.0000, 0.0000, 1.0000, 0.0000, 0.0000]])
tensor([[-0.1866,  1.0000,  0.0000,  0.0000,  0.0000,  0.0000]])
tensor([[0.9633, 1.0000, 0.0000, 0.0000, 0.0000, 0.0000]])
tensor([[-0.8423,  1.0000,  0.0000,  0.0000,  0.0000,  0.0000]])
tensor([[0.7525, 1.0000, 0.0000, 0.0000, 0.0000, 0.0000]])
tensor([[0.8699, 1.0000, 1.0000, 0.0000, 0.0000, 0.0000]])
tensor([[-0.6898,  1.0000,  0.0000,  0.0000,  0.0000,  0.0000]])
tensor([[0.3010, 1.0000, 1.0000, 0.0000, 0.0000, 0.0000]])
tensor([[-0.4394,  1.0000,  0.0000,  0.0000,  0.0000,  0.0000]])
tensor([[-0.5064,  1.0000,  1.0000,  0.0000,  0.0000,  0.0000]])
{"type": "results", "track": "fortmagma", "results": [{"key": 0, "reward": 10.0361083984375, "position": 4, "name": "TQCars", "avg_action_time": 0.001369150487626928}]}
