INFO:root:Loading the agents
INFO:root:Loaded player TQCars
INFO:root:Creating pystk-1
INFO:root:Adding wrapper <function get_wrappers.<locals>.<lambda> at 0x706e456ff420>
INFO:root:Adding wrapper <function get_wrappers.<locals>.<lambda> at 0x706e456ff4c0>
INFO:root:Adding wrapper <function get_wrappers.<locals>.<lambda> at 0x706e456ff560>
INFO:root:Adding wrapper <function get_wrappers.<locals>.<lambda> at 0x706e456ff600>
INFO:root:(multi-env mono adapter) Setting main environment max_paths to 5
INFO:root:Loading trained model from CHECKPOINT-GPUFAC/tqc_EXP12_1800000.pt...
INFO:root:Starting a race
tensor([[0.6728, 1.0000, 0.0000, 0.0000, 0.0000, 0.0000]])
tensor([[0.7049, 1.0000, 0.0000, 0.0000, 0.0000, 0.0000]])
tensor([[0.5736, 1.0000, 0.0000, 0.0000, 0.0000, 0.0000]])
tensor([[0.6162, 1.0000, 0.0000, 0.0000, 0.0000, 0.0000]])
tensor([[0.7110, 1.0000, 0.0000, 0.0000, 0.0000, 0.0000]])
tensor([[0.8190, 1.0000, 1.0000, 0.0000, 0.0000, 0.0000]])
tensor([[-0.0876,  1.0000,  0.0000,  0.0000,  0.0000,  0.0000]])
tensor([[0.6784, 1.0000, 0.0000, 1.0000, 1.0000, 0.0000]])
tensor([[0.7332, 1.0000, 0.0000, 0.0000, 0.0000, 0.0000]])
tensor([[0.7706, 1.0000, 0.0000, 0.0000, 1.0000, 0.0000]])
tensor([[0.7002, 0.0000, 0.0000, 0.0000, 0.0000, 0.0000]])
tensor([[0.6988, 1.0000, 0.0000, 0.0000, 0.0000, 0.0000]])
tensor([[0.7431, 1.0000, 0.0000, 0.0000, 0.0000, 0.0000]])
tensor([[0.6024, 0.0000, 1.0000, 0.0000, 0.0000, 0.0000]])
tensor([[0.7928, 1.0000, 0.0000, 0.0000, 0.0000, 0.0000]])
tensor([[0.9366, 1.0000, 0.0000, 0.0000, 0.0000, 0.0000]])
tensor([[0.8665, 1.0000, 0.0000, 0.0000, 0.0000, 0.0000]])
tensor([[0.7962, 0.0000, 0.0000, 0.0000, 0.0000, 0.0000]])
tensor([[0.8117, 1.0000, 0.0000, 0.0000, 0.0000, 0.0000]])
tensor([[0.0862, 1.0000, 1.0000, 0.0000, 0.0000, 0.0000]])
tensor([[0.7639, 0.0000, 1.0000, 0.0000, 0.0000, 0.0000]])
tensor([[0.6062, 1.0000, 0.0000, 0.0000, 0.0000, 0.0000]])
tensor([[0.8304, 0.0000, 0.0000, 0.0000, 0.0000, 0.0000]])
tensor([[0.7364, 0.0000, 0.0000, 0.0000, 0.0000, 0.0000]])
tensor([[0.3961, 0.0000, 1.0000, 0.0000, 0.0000, 0.0000]])
tensor([[0.6774, 1.0000, 0.0000, 0.0000, 0.0000, 0.0000]])
tensor([[0.8366, 0.0000, 0.0000, 0.0000, 1.0000, 0.0000]])
tensor([[0.7102, 0.0000, 0.0000, 0.0000, 0.0000, 0.0000]])
tensor([[0.0593, 0.0000, 0.0000, 0.0000, 0.0000, 0.0000]])
tensor([[0.6001, 1.0000, 0.0000, 1.0000, 0.0000, 0.0000]])
tensor([[0.8341, 0.0000, 0.0000, 0.0000, 0.0000, 0.0000]])
tensor([[0.6962, 1.0000, 0.0000, 0.0000, 0.0000, 0.0000]])
tensor([[0.8461, 0.0000, 0.0000, 0.0000, 0.0000, 0.0000]])
tensor([[0.3645, 0.0000, 0.0000, 0.0000, 0.0000, 0.0000]])
tensor([[0.6565, 0.0000, 0.0000, 1.0000, 0.0000, 0.0000]])
tensor([[0.4290, 1.0000, 0.0000, 0.0000, 0.0000, 0.0000]])
tensor([[0.6966, 1.0000, 1.0000, 0.0000, 0.0000, 0.0000]])
tensor([[0.7067, 1.0000, 0.0000, 0.0000, 0.0000, 0.0000]])
tensor([[0.5735, 1.0000, 1.0000, 0.0000, 0.0000, 0.0000]])
tensor([[0.5316, 1.0000, 0.0000, 0.0000, 0.0000, 0.0000]])
tensor([[0.6930, 0.0000, 0.0000, 0.0000, 0.0000, 0.0000]])
tensor([[-0.1507,  1.0000,  0.0000,  0.0000,  0.0000,  0.0000]])
tensor([[-0.4311,  1.0000,  0.0000,  0.0000,  0.0000,  0.0000]])
tensor([[0.1294, 1.0000, 1.0000, 0.0000, 0.0000, 0.0000]])
tensor([[-0.2261,  1.0000,  1.0000,  0.0000,  0.0000,  0.0000]])
tensor([[-0.4103,  1.0000,  0.0000,  0.0000,  0.0000,  0.0000]])
tensor([[-0.4423,  0.0000,  0.0000,  0.0000,  0.0000,  0.0000]])
tensor([[0.0038, 1.0000, 0.0000, 0.0000, 1.0000, 0.0000]])
tensor([[-0.0103,  1.0000,  0.0000,  0.0000,  0.0000,  1.0000]])
tensor([[-0.7588,  1.0000,  0.0000,  0.0000,  0.0000,  0.0000]])
tensor([[-0.4671,  1.0000,  0.0000,  0.0000,  0.0000,  0.0000]])
tensor([[-0.5140,  1.0000,  0.0000,  0.0000,  0.0000,  0.0000]])
tensor([[-0.0580,  1.0000,  0.0000,  1.0000,  0.0000,  0.0000]])
tensor([[0.4410, 1.0000, 0.0000, 0.0000, 0.0000, 0.0000]])
tensor([[-0.5940,  1.0000,  0.0000,  0.0000,  0.0000,  0.0000]])
tensor([[-0.2578,  1.0000,  0.0000,  0.0000,  0.0000,  0.0000]])
tensor([[0.3592, 1.0000, 0.0000, 0.0000, 0.0000, 0.0000]])
tensor([[0.0701, 1.0000, 0.0000, 0.0000, 1.0000, 0.0000]])
tensor([[-0.5471,  1.0000,  0.0000,  0.0000,  0.0000,  0.0000]])
tensor([[0.2339, 1.0000, 0.0000, 0.0000, 0.0000, 0.0000]])
tensor([[0.1523, 1.0000, 0.0000, 0.0000, 0.0000, 0.0000]])
tensor([[-0.4262,  1.0000,  0.0000,  0.0000,  0.0000,  0.0000]])
tensor([[-0.6314,  1.0000,  0.0000,  0.0000,  0.0000,  0.0000]])
tensor([[-0.8032,  1.0000,  0.0000,  0.0000,  0.0000,  0.0000]])
tensor([[-0.2391,  1.0000,  0.0000,  0.0000,  0.0000,  0.0000]])
tensor([[-0.1903,  1.0000,  0.0000,  0.0000,  0.0000,  0.0000]])
tensor([[0.2979, 1.0000, 0.0000, 0.0000, 0.0000, 0.0000]])
tensor([[0.4138, 1.0000, 0.0000, 0.0000, 0.0000, 0.0000]])
tensor([[-0.0846,  1.0000,  1.0000,  0.0000,  0.0000,  1.0000]])
tensor([[-0.7246,  1.0000,  0.0000,  0.0000,  0.0000,  0.0000]])
tensor([[-0.7726,  1.0000,  0.0000,  0.0000,  0.0000,  0.0000]])
tensor([[-0.9301,  1.0000,  0.0000,  0.0000,  0.0000,  0.0000]])
tensor([[-0.4389,  1.0000,  0.0000,  0.0000,  0.0000,  0.0000]])
tensor([[-0.8865,  1.0000,  0.0000,  0.0000,  0.0000,  0.0000]])
tensor([[-0.8100,  1.0000,  0.0000,  0.0000,  0.0000,  0.0000]])
tensor([[-0.8719,  1.0000,  0.0000,  0.0000,  0.0000,  0.0000]])
tensor([[-0.2876,  1.0000,  0.0000,  0.0000,  0.0000,  0.0000]])
tensor([[0.1139, 1.0000, 0.0000, 0.0000, 0.0000, 0.0000]])
tensor([[0.0428, 1.0000, 0.0000, 0.0000, 0.0000, 0.0000]])
tensor([[0.1395, 1.0000, 0.0000, 0.0000, 1.0000, 0.0000]])
tensor([[0.8364, 1.0000, 0.0000, 0.0000, 0.0000, 0.0000]])
tensor([[0.1645, 1.0000, 0.0000, 0.0000, 1.0000, 0.0000]])
tensor([[0.6459, 1.0000, 0.0000, 0.0000, 0.0000, 0.0000]])
tensor([[-0.2592,  1.0000,  0.0000,  0.0000,  0.0000,  1.0000]])
tensor([[-0.6454,  1.0000,  0.0000,  0.0000,  0.0000,  0.0000]])
tensor([[-0.9463,  1.0000,  0.0000,  0.0000,  0.0000,  0.0000]])
tensor([[-0.9355,  1.0000,  0.0000,  0.0000,  0.0000,  0.0000]])
tensor([[-0.7734,  1.0000,  0.0000,  0.0000,  0.0000,  0.0000]])
tensor([[-0.7097,  1.0000,  0.0000,  0.0000,  0.0000,  0.0000]])
tensor([[-0.1889,  1.0000,  0.0000,  0.0000,  0.0000,  0.0000]])
tensor([[-0.0191,  1.0000,  0.0000,  0.0000,  0.0000,  0.0000]])
tensor([[0.8163, 1.0000, 0.0000, 0.0000, 0.0000, 0.0000]])
tensor([[0.7249, 0.0000, 0.0000, 0.0000, 0.0000, 0.0000]])
tensor([[0.6433, 1.0000, 0.0000, 0.0000, 0.0000, 0.0000]])
tensor([[0.3504, 1.0000, 0.0000, 0.0000, 0.0000, 0.0000]])
tensor([[-0.2045,  1.0000,  0.0000,  0.0000,  0.0000,  0.0000]])
tensor([[-0.3615,  0.0000,  1.0000,  0.0000,  0.0000,  0.0000]])
tensor([[0.1884, 1.0000, 0.0000, 1.0000, 0.0000, 0.0000]])
tensor([[0.3499, 1.0000, 0.0000, 0.0000, 0.0000, 0.0000]])
tensor([[-0.2614,  0.0000,  0.0000,  0.0000,  0.0000,  0.0000]])
tensor([[-0.5697,  1.0000,  0.0000,  0.0000,  0.0000,  0.0000]])
tensor([[-0.3221,  1.0000,  0.0000,  0.0000,  0.0000,  0.0000]])
tensor([[0.6792, 0.0000, 0.0000, 0.0000, 0.0000, 0.0000]])
tensor([[0.8924, 1.0000, 0.0000, 0.0000, 0.0000, 0.0000]])
tensor([[0.6304, 1.0000, 0.0000, 0.0000, 0.0000, 0.0000]])
tensor([[0.6601, 1.0000, 1.0000, 0.0000, 0.0000, 0.0000]])
tensor([[0.5589, 1.0000, 0.0000, 0.0000, 0.0000, 0.0000]])
tensor([[0.5069, 1.0000, 0.0000, 0.0000, 0.0000, 0.0000]])
tensor([[0.5909, 1.0000, 0.0000, 0.0000, 0.0000, 0.0000]])
tensor([[0.5972, 1.0000, 0.0000, 0.0000, 0.0000, 0.0000]])
tensor([[0.7143, 1.0000, 0.0000, 0.0000, 0.0000, 0.0000]])
tensor([[0.7948, 1.0000, 0.0000, 0.0000, 0.0000, 0.0000]])
tensor([[0.6648, 1.0000, 0.0000, 1.0000, 0.0000, 0.0000]])
tensor([[0.8262, 1.0000, 0.0000, 1.0000, 0.0000, 0.0000]])
tensor([[0.8025, 1.0000, 0.0000, 1.0000, 0.0000, 0.0000]])
tensor([[0.6692, 1.0000, 0.0000, 0.0000, 0.0000, 0.0000]])
tensor([[-0.7480,  1.0000,  1.0000,  0.0000,  0.0000,  0.0000]])
tensor([[-0.5739,  1.0000,  1.0000,  0.0000,  0.0000,  0.0000]])
tensor([[-0.4708,  1.0000,  0.0000,  0.0000,  0.0000,  0.0000]])
tensor([[0.7008, 1.0000, 0.0000, 0.0000, 0.0000, 0.0000]])
tensor([[0.7732, 1.0000, 0.0000, 0.0000, 0.0000, 0.0000]])
tensor([[0.6201, 1.0000, 0.0000, 0.0000, 0.0000, 0.0000]])
tensor([[0.3244, 1.0000, 0.0000, 0.0000, 0.0000, 0.0000]])
tensor([[0.0268, 1.0000, 0.0000, 0.0000, 0.0000, 0.0000]])
tensor([[0.8457, 1.0000, 0.0000, 0.0000, 0.0000, 0.0000]])
tensor([[0.3306, 1.0000, 1.0000, 0.0000, 0.0000, 0.0000]])
tensor([[0.8296, 1.0000, 0.0000, 0.0000, 1.0000, 0.0000]])
tensor([[0.6218, 1.0000, 0.0000, 0.0000, 0.0000, 0.0000]])
tensor([[-0.2528,  1.0000,  0.0000,  0.0000,  0.0000,  0.0000]])
tensor([[0.6390, 1.0000, 0.0000, 0.0000, 0.0000, 0.0000]])
tensor([[0.7273, 1.0000, 0.0000, 0.0000, 0.0000, 0.0000]])
tensor([[0.2479, 1.0000, 0.0000, 0.0000, 0.0000, 0.0000]])
tensor([[0.5646, 0.0000, 0.0000, 0.0000, 0.0000, 0.0000]])
tensor([[0.3740, 1.0000, 0.0000, 1.0000, 0.0000, 0.0000]])
tensor([[-0.0505,  1.0000,  0.0000,  0.0000,  0.0000,  0.0000]])
tensor([[-0.7191,  1.0000,  0.0000,  0.0000,  0.0000,  0.0000]])
tensor([[-0.4915,  1.0000,  0.0000,  0.0000,  0.0000,  0.0000]])
tensor([[-0.3246,  1.0000,  0.0000,  0.0000,  0.0000,  0.0000]])
tensor([[0.6885, 1.0000, 1.0000, 0.0000, 0.0000, 0.0000]])
tensor([[0.2324, 1.0000, 0.0000, 0.0000, 0.0000, 0.0000]])
tensor([[0.2146, 1.0000, 0.0000, 0.0000, 0.0000, 0.0000]])
tensor([[0.3208, 1.0000, 0.0000, 0.0000, 0.0000, 0.0000]])
tensor([[0.8728, 1.0000, 0.0000, 1.0000, 0.0000, 0.0000]])
tensor([[0.9207, 1.0000, 1.0000, 0.0000, 0.0000, 0.0000]])
tensor([[0.7869, 1.0000, 0.0000, 0.0000, 0.0000, 0.0000]])
tensor([[0.3508, 1.0000, 0.0000, 0.0000, 0.0000, 0.0000]])
tensor([[-0.0455,  1.0000,  0.0000,  0.0000,  0.0000,  0.0000]])
tensor([[0.0195, 1.0000, 0.0000, 0.0000, 0.0000, 0.0000]])
tensor([[-0.7535,  1.0000,  0.0000,  0.0000,  0.0000,  0.0000]])
tensor([[-0.5132,  1.0000,  1.0000,  0.0000,  0.0000,  0.0000]])
tensor([[0.6419, 1.0000, 0.0000, 0.0000, 0.0000, 0.0000]])
tensor([[0.5730, 1.0000, 0.0000, 0.0000, 0.0000, 0.0000]])
tensor([[0.1312, 1.0000, 0.0000, 0.0000, 0.0000, 0.0000]])
tensor([[0.6098, 1.0000, 0.0000, 0.0000, 1.0000, 0.0000]])
tensor([[0.6722, 1.0000, 0.0000, 0.0000, 0.0000, 0.0000]])
tensor([[0.9566, 1.0000, 0.0000, 0.0000, 0.0000, 0.0000]])
tensor([[0.5409, 1.0000, 0.0000, 0.0000, 0.0000, 0.0000]])
tensor([[0.6172, 1.0000, 0.0000, 0.0000, 0.0000, 0.0000]])
tensor([[0.0166, 1.0000, 0.0000, 0.0000, 0.0000, 0.0000]])
tensor([[0.2661, 1.0000, 0.0000, 0.0000, 0.0000, 0.0000]])
tensor([[-0.7538,  1.0000,  0.0000,  0.0000,  0.0000,  0.0000]])
tensor([[-0.9379,  1.0000,  0.0000,  0.0000,  0.0000,  0.0000]])
tensor([[-0.9677,  1.0000,  0.0000,  0.0000,  0.0000,  0.0000]])
tensor([[-0.9928,  1.0000,  1.0000,  0.0000,  0.0000,  0.0000]])
tensor([[-0.9828,  1.0000,  0.0000,  0.0000,  0.0000,  0.0000]])
tensor([[-0.9784,  1.0000,  0.0000,  0.0000,  0.0000,  0.0000]])
tensor([[-0.9896,  1.0000,  0.0000,  0.0000,  0.0000,  0.0000]])
tensor([[-0.9534,  1.0000,  0.0000,  0.0000,  0.0000,  0.0000]])
tensor([[-0.4554,  1.0000,  0.0000,  0.0000,  0.0000,  0.0000]])
tensor([[-0.1067,  1.0000,  0.0000,  0.0000,  0.0000,  0.0000]])
tensor([[0.4779, 1.0000, 0.0000, 0.0000, 0.0000, 0.0000]])
tensor([[0.7368, 1.0000, 0.0000, 0.0000, 0.0000, 0.0000]])
tensor([[0.4963, 1.0000, 0.0000, 0.0000, 0.0000, 0.0000]])
tensor([[0.8862, 1.0000, 1.0000, 0.0000, 0.0000, 0.0000]])
tensor([[0.6454, 1.0000, 0.0000, 0.0000, 0.0000, 0.0000]])
tensor([[-0.3014,  1.0000,  0.0000,  0.0000,  0.0000,  1.0000]])
tensor([[-0.9347,  1.0000,  0.0000,  0.0000,  0.0000,  0.0000]])
tensor([[-0.9879,  1.0000,  1.0000,  0.0000,  0.0000,  0.0000]])
tensor([[-0.9828,  1.0000,  0.0000,  0.0000,  0.0000,  0.0000]])
tensor([[-0.9456,  1.0000,  0.0000,  0.0000,  0.0000,  0.0000]])
tensor([[-0.9347,  1.0000,  0.0000,  0.0000,  0.0000,  0.0000]])
tensor([[-0.6136,  1.0000,  0.0000,  0.0000,  0.0000,  0.0000]])
tensor([[-0.0601,  1.0000,  0.0000,  0.0000,  0.0000,  0.0000]])
tensor([[0.9768, 1.0000, 0.0000, 0.0000, 0.0000, 0.0000]])
tensor([[0.9498, 1.0000, 0.0000, 0.0000, 0.0000, 0.0000]])
tensor([[0.1456, 1.0000, 0.0000, 0.0000, 0.0000, 0.0000]])
tensor([[-0.1958,  1.0000,  0.0000,  0.0000,  0.0000,  0.0000]])
tensor([[-0.7807,  1.0000,  0.0000,  0.0000,  0.0000,  0.0000]])
tensor([[-0.9857,  1.0000,  0.0000,  0.0000,  0.0000,  0.0000]])
tensor([[-0.9949,  1.0000,  0.0000,  0.0000,  0.0000,  0.0000]])
tensor([[-0.9995,  1.0000,  0.0000,  0.0000,  1.0000,  0.0000]])
tensor([[-0.9799,  1.0000,  0.0000,  0.0000,  0.0000,  0.0000]])
tensor([[-0.9908,  1.0000,  0.0000,  0.0000,  0.0000,  0.0000]])
tensor([[-0.9950,  1.0000,  0.0000,  0.0000,  0.0000,  0.0000]])
tensor([[-0.9703,  0.0000,  1.0000,  0.0000,  0.0000,  0.0000]])
tensor([[-0.9199,  1.0000,  0.0000,  0.0000,  0.0000,  0.0000]])
tensor([[-0.8826,  1.0000,  0.0000,  1.0000,  0.0000,  0.0000]])
tensor([[0.1968, 1.0000, 0.0000, 0.0000, 0.0000, 0.0000]])
tensor([[0.8410, 1.0000, 0.0000, 0.0000, 0.0000, 0.0000]])
tensor([[0.9992, 1.0000, 0.0000, 0.0000, 0.0000, 0.0000]])
tensor([[0.6620, 1.0000, 1.0000, 0.0000, 0.0000, 0.0000]])
tensor([[0.7126, 1.0000, 0.0000, 0.0000, 0.0000, 0.0000]])
tensor([[-0.2709,  0.0000,  0.0000,  0.0000,  0.0000,  0.0000]])
tensor([[-0.9807,  1.0000,  0.0000,  0.0000,  0.0000,  0.0000]])
tensor([[-0.9960,  1.0000,  0.0000,  0.0000,  0.0000,  0.0000]])
tensor([[-0.9983,  1.0000,  1.0000,  1.0000,  0.0000,  0.0000]])
tensor([[-0.9938,  1.0000,  1.0000,  0.0000,  0.0000,  0.0000]])
tensor([[-0.9996,  1.0000,  0.0000,  0.0000,  0.0000,  0.0000]])
tensor([[-0.9787,  1.0000,  0.0000,  0.0000,  0.0000,  0.0000]])
tensor([[-0.9963,  1.0000,  0.0000,  1.0000,  0.0000,  0.0000]])
tensor([[-0.9380,  1.0000,  0.0000,  1.0000,  0.0000,  0.0000]])
tensor([[-0.7503,  1.0000,  0.0000,  1.0000,  0.0000,  0.0000]])
tensor([[-0.2091,  1.0000,  0.0000,  0.0000,  0.0000,  0.0000]])
tensor([[-0.1247,  1.0000,  0.0000,  0.0000,  0.0000,  0.0000]])
tensor([[0.3749, 1.0000, 0.0000, 0.0000, 0.0000, 0.0000]])
tensor([[0.2038, 1.0000, 0.0000, 0.0000, 0.0000, 0.0000]])
tensor([[0.7653, 1.0000, 0.0000, 0.0000, 0.0000, 0.0000]])
tensor([[0.5053, 1.0000, 0.0000, 0.0000, 0.0000, 0.0000]])
tensor([[-0.4337,  1.0000,  0.0000,  0.0000,  0.0000,  0.0000]])
tensor([[0.0537, 1.0000, 0.0000, 0.0000, 0.0000, 0.0000]])
tensor([[0.1478, 1.0000, 0.0000, 0.0000, 0.0000, 0.0000]])
tensor([[0.0150, 1.0000, 0.0000, 0.0000, 0.0000, 0.0000]])
tensor([[-0.2853,  1.0000,  0.0000,  0.0000,  0.0000,  0.0000]])
tensor([[-0.7591,  1.0000,  0.0000,  0.0000,  0.0000,  0.0000]])
tensor([[-0.1584,  1.0000,  1.0000,  0.0000,  1.0000,  0.0000]])
tensor([[-0.0577,  1.0000,  0.0000,  0.0000,  0.0000,  0.0000]])
tensor([[-0.0554,  1.0000,  0.0000,  0.0000,  0.0000,  0.0000]])
tensor([[0.3095, 1.0000, 0.0000, 0.0000, 0.0000, 0.0000]])
tensor([[0.0537, 1.0000, 0.0000, 0.0000, 0.0000, 0.0000]])
tensor([[0.5521, 1.0000, 0.0000, 0.0000, 0.0000, 0.0000]])
tensor([[0.3545, 1.0000, 0.0000, 0.0000, 0.0000, 0.0000]])
tensor([[0.2645, 1.0000, 0.0000, 0.0000, 0.0000, 0.0000]])
tensor([[0.0138, 1.0000, 0.0000, 0.0000, 0.0000, 0.0000]])
tensor([[0.0375, 1.0000, 0.0000, 0.0000, 0.0000, 0.0000]])
tensor([[0.6105, 1.0000, 0.0000, 0.0000, 0.0000, 0.0000]])
tensor([[0.2295, 1.0000, 1.0000, 0.0000, 0.0000, 1.0000]])
tensor([[0.7193, 1.0000, 0.0000, 0.0000, 0.0000, 0.0000]])
tensor([[0.2892, 1.0000, 0.0000, 0.0000, 0.0000, 0.0000]])
tensor([[-0.0406,  1.0000,  0.0000,  0.0000,  0.0000,  0.0000]])
tensor([[0.5051, 1.0000, 0.0000, 0.0000, 0.0000, 0.0000]])
tensor([[0.5502, 1.0000, 0.0000, 0.0000, 0.0000, 0.0000]])
tensor([[-0.1566,  1.0000,  0.0000,  0.0000,  0.0000,  0.0000]])
tensor([[0.8935, 1.0000, 0.0000, 0.0000, 0.0000, 0.0000]])
tensor([[0.9415, 1.0000, 0.0000, 0.0000, 0.0000, 0.0000]])
tensor([[0.9167, 1.0000, 0.0000, 0.0000, 0.0000, 0.0000]])
tensor([[0.4288, 1.0000, 0.0000, 0.0000, 0.0000, 0.0000]])
tensor([[0.8942, 1.0000, 0.0000, 0.0000, 0.0000, 0.0000]])
tensor([[0.8766, 1.0000, 0.0000, 0.0000, 0.0000, 0.0000]])
tensor([[-0.4022,  1.0000,  0.0000,  0.0000,  0.0000,  0.0000]])
tensor([[-0.3051,  1.0000,  0.0000,  0.0000,  0.0000,  0.0000]])
tensor([[-0.8524,  1.0000,  0.0000,  0.0000,  0.0000,  0.0000]])
tensor([[0.3972, 1.0000, 0.0000, 0.0000, 0.0000, 0.0000]])
tensor([[0.2607, 1.0000, 0.0000, 0.0000, 0.0000, 0.0000]])
tensor([[0.7935, 1.0000, 0.0000, 0.0000, 0.0000, 0.0000]])
tensor([[-0.7247,  1.0000,  0.0000,  0.0000,  1.0000,  0.0000]])
tensor([[-0.4431,  1.0000,  0.0000,  0.0000,  0.0000,  0.0000]])
tensor([[0.6241, 1.0000, 0.0000, 0.0000, 0.0000, 0.0000]])
tensor([[0.3389, 1.0000, 0.0000, 0.0000, 0.0000, 0.0000]])
tensor([[0.9721, 1.0000, 0.0000, 0.0000, 0.0000, 0.0000]])
tensor([[0.4872, 1.0000, 0.0000, 0.0000, 0.0000, 0.0000]])
tensor([[0.2431, 1.0000, 0.0000, 0.0000, 0.0000, 0.0000]])
tensor([[-0.4572,  1.0000,  0.0000,  0.0000,  0.0000,  0.0000]])
tensor([[0.2695, 1.0000, 0.0000, 1.0000, 0.0000, 0.0000]])
tensor([[-0.2651,  1.0000,  0.0000,  0.0000,  0.0000,  0.0000]])
tensor([[-0.4337,  1.0000,  0.0000,  0.0000,  0.0000,  0.0000]])
tensor([[-0.1497,  1.0000,  0.0000,  0.0000,  0.0000,  0.0000]])
tensor([[0.2232, 1.0000, 0.0000, 0.0000, 0.0000, 0.0000]])
tensor([[0.0365, 1.0000, 1.0000, 1.0000, 0.0000, 0.0000]])
tensor([[0.3163, 1.0000, 0.0000, 0.0000, 0.0000, 0.0000]])
tensor([[-0.4054,  1.0000,  0.0000,  0.0000,  0.0000,  0.0000]])
tensor([[-0.5685,  1.0000,  0.0000,  0.0000,  0.0000,  0.0000]])
tensor([[-0.6561,  1.0000,  0.0000,  0.0000,  0.0000,  0.0000]])
tensor([[-0.8029,  1.0000,  0.0000,  0.0000,  1.0000,  0.0000]])
tensor([[0.5644, 1.0000, 0.0000, 0.0000, 0.0000, 0.0000]])
tensor([[0.8075, 1.0000, 0.0000, 0.0000, 0.0000, 0.0000]])
tensor([[0.4088, 1.0000, 0.0000, 0.0000, 0.0000, 0.0000]])
tensor([[0.4248, 1.0000, 0.0000, 0.0000, 0.0000, 0.0000]])
tensor([[0.4677, 1.0000, 0.0000, 0.0000, 0.0000, 0.0000]])
tensor([[-0.7534,  1.0000,  0.0000,  0.0000,  0.0000,  0.0000]])
tensor([[-0.8716,  1.0000,  0.0000,  0.0000,  0.0000,  0.0000]])
tensor([[-0.8987,  1.0000,  0.0000,  0.0000,  0.0000,  0.0000]])
tensor([[-0.8414,  1.0000,  0.0000,  0.0000,  0.0000,  1.0000]])
tensor([[-0.4353,  1.0000,  0.0000,  0.0000,  0.0000,  0.0000]])
tensor([[0.2374, 1.0000, 0.0000, 0.0000, 0.0000, 0.0000]])
tensor([[-0.0439,  1.0000,  0.0000,  0.0000,  0.0000,  0.0000]])
tensor([[0.7935, 1.0000, 0.0000, 0.0000, 0.0000, 0.0000]])
tensor([[0.8426, 1.0000, 0.0000, 0.0000, 0.0000, 0.0000]])
tensor([[0.3133, 0.0000, 0.0000, 0.0000, 0.0000, 0.0000]])
tensor([[0.6132, 1.0000, 0.0000, 0.0000, 0.0000, 0.0000]])
tensor([[-0.3039,  1.0000,  0.0000,  0.0000,  0.0000,  0.0000]])
tensor([[-0.7794,  1.0000,  0.0000,  0.0000,  0.0000,  0.0000]])
tensor([[-0.9431,  1.0000,  1.0000,  0.0000,  0.0000,  0.0000]])
tensor([[-0.9668,  0.0000,  0.0000,  0.0000,  0.0000,  0.0000]])
tensor([[-0.9643,  1.0000,  0.0000,  0.0000,  0.0000,  0.0000]])
tensor([[-0.9779,  1.0000,  0.0000,  0.0000,  0.0000,  0.0000]])
tensor([[-0.8399,  1.0000,  0.0000,  0.0000,  0.0000,  1.0000]])
tensor([[0.1723, 1.0000, 0.0000, 0.0000, 0.0000, 0.0000]])
tensor([[0.5777, 1.0000, 1.0000, 0.0000, 0.0000, 0.0000]])
tensor([[0.0735, 1.0000, 1.0000, 0.0000, 0.0000, 0.0000]])
tensor([[0.7982, 1.0000, 0.0000, 0.0000, 0.0000, 0.0000]])
tensor([[-0.5063,  1.0000,  0.0000,  1.0000,  1.0000,  0.0000]])
tensor([[0.3836, 1.0000, 0.0000, 0.0000, 0.0000, 0.0000]])
tensor([[-0.8440,  1.0000,  0.0000,  0.0000,  0.0000,  0.0000]])
tensor([[-0.2195,  1.0000,  0.0000,  0.0000,  0.0000,  0.0000]])
tensor([[-0.5266,  1.0000,  1.0000,  0.0000,  0.0000,  0.0000]])
tensor([[-0.3711,  1.0000,  0.0000,  0.0000,  0.0000,  0.0000]])
tensor([[-0.6494,  1.0000,  0.0000,  0.0000,  0.0000,  0.0000]])
tensor([[0.5413, 1.0000, 0.0000, 0.0000, 0.0000, 0.0000]])
tensor([[0.7769, 1.0000, 0.0000, 0.0000, 0.0000, 0.0000]])
tensor([[0.7957, 1.0000, 0.0000, 0.0000, 0.0000, 0.0000]])
tensor([[0.0934, 1.0000, 0.0000, 0.0000, 0.0000, 0.0000]])
tensor([[-0.4630,  1.0000,  0.0000,  0.0000,  0.0000,  0.0000]])
tensor([[-0.8390,  1.0000,  0.0000,  0.0000,  0.0000,  0.0000]])
tensor([[-0.8113,  1.0000,  0.0000,  0.0000,  0.0000,  0.0000]])
tensor([[-0.8971,  1.0000,  0.0000,  0.0000,  0.0000,  0.0000]])
tensor([[-0.9061,  1.0000,  0.0000,  0.0000,  0.0000,  0.0000]])
tensor([[-0.1159,  1.0000,  0.0000,  0.0000,  0.0000,  0.0000]])
tensor([[-0.6900,  1.0000,  0.0000,  0.0000,  0.0000,  0.0000]])
tensor([[0.5785, 1.0000, 0.0000, 0.0000, 0.0000, 0.0000]])
tensor([[0.0433, 1.0000, 0.0000, 0.0000, 0.0000, 0.0000]])
tensor([[0.4891, 1.0000, 0.0000, 0.0000, 0.0000, 0.0000]])
tensor([[0.3285, 1.0000, 0.0000, 0.0000, 0.0000, 0.0000]])
tensor([[0.4393, 1.0000, 0.0000, 0.0000, 0.0000, 1.0000]])
tensor([[0.7076, 1.0000, 0.0000, 0.0000, 0.0000, 0.0000]])
tensor([[-0.3055,  1.0000,  0.0000,  0.0000,  0.0000,  0.0000]])
tensor([[-0.9044,  1.0000,  0.0000,  1.0000,  0.0000,  0.0000]])
tensor([[-0.8343,  1.0000,  0.0000,  0.0000,  0.0000,  0.0000]])
tensor([[-0.9658,  1.0000,  0.0000,  0.0000,  0.0000,  0.0000]])
tensor([[-0.4943,  1.0000,  0.0000,  0.0000,  0.0000,  0.0000]])
tensor([[-0.7832,  1.0000,  0.0000,  0.0000,  0.0000,  0.0000]])
tensor([[-0.4202,  1.0000,  0.0000,  0.0000,  1.0000,  0.0000]])
tensor([[-0.2572,  1.0000,  0.0000,  0.0000,  0.0000,  0.0000]])
tensor([[-0.2219,  1.0000,  0.0000,  0.0000,  0.0000,  0.0000]])
tensor([[-0.3926,  1.0000,  0.0000,  1.0000,  0.0000,  0.0000]])
tensor([[0.3047, 1.0000, 0.0000, 0.0000, 0.0000, 0.0000]])
tensor([[0.7865, 1.0000, 0.0000, 0.0000, 0.0000, 0.0000]])
tensor([[0.6998, 1.0000, 0.0000, 0.0000, 0.0000, 0.0000]])
tensor([[0.4403, 1.0000, 1.0000, 0.0000, 1.0000, 0.0000]])
tensor([[0.9222, 1.0000, 0.0000, 1.0000, 0.0000, 0.0000]])
tensor([[-0.0080,  1.0000,  0.0000,  0.0000,  0.0000,  0.0000]])
tensor([[-0.8934,  1.0000,  0.0000,  0.0000,  0.0000,  0.0000]])
tensor([[-0.8976,  1.0000,  1.0000,  0.0000,  0.0000,  0.0000]])
tensor([[-0.9822,  1.0000,  0.0000,  0.0000,  0.0000,  0.0000]])
tensor([[-0.9949,  1.0000,  0.0000,  0.0000,  0.0000,  0.0000]])
tensor([[-0.9951,  1.0000,  1.0000,  0.0000,  0.0000,  0.0000]])
tensor([[-0.9846,  1.0000,  0.0000,  0.0000,  0.0000,  1.0000]])
tensor([[-0.9781,  1.0000,  0.0000,  0.0000,  0.0000,  0.0000]])
tensor([[-0.8516,  1.0000,  0.0000,  0.0000,  0.0000,  0.0000]])
tensor([[0.0567, 1.0000, 0.0000, 0.0000, 0.0000, 0.0000]])
tensor([[-0.0114,  1.0000,  0.0000,  0.0000,  0.0000,  0.0000]])
tensor([[0.2875, 1.0000, 0.0000, 0.0000, 0.0000, 0.0000]])
tensor([[0.5566, 1.0000, 0.0000, 0.0000, 0.0000, 0.0000]])
tensor([[0.3298, 1.0000, 0.0000, 0.0000, 0.0000, 0.0000]])
tensor([[0.9170, 1.0000, 0.0000, 0.0000, 0.0000, 0.0000]])
tensor([[0.5557, 1.0000, 0.0000, 0.0000, 1.0000, 0.0000]])
tensor([[0.4050, 1.0000, 0.0000, 0.0000, 0.0000, 0.0000]])
tensor([[0.6433, 1.0000, 0.0000, 0.0000, 0.0000, 0.0000]])
tensor([[0.0183, 1.0000, 0.0000, 0.0000, 0.0000, 0.0000]])
tensor([[-0.8068,  1.0000,  0.0000,  0.0000,  0.0000,  0.0000]])
tensor([[-0.8492,  1.0000,  0.0000,  0.0000,  0.0000,  0.0000]])
tensor([[-0.8703,  1.0000,  0.0000,  0.0000,  0.0000,  0.0000]])
tensor([[-0.7802,  1.0000,  0.0000,  0.0000,  0.0000,  0.0000]])
tensor([[-0.4067,  1.0000,  0.0000,  0.0000,  0.0000,  0.0000]])
tensor([[-0.7101,  1.0000,  0.0000,  0.0000,  0.0000,  0.0000]])
tensor([[-0.0134,  1.0000,  0.0000,  0.0000,  0.0000,  0.0000]])
tensor([[0.5848, 1.0000, 0.0000, 0.0000, 0.0000, 0.0000]])
tensor([[-0.2742,  1.0000,  0.0000,  0.0000,  0.0000,  0.0000]])
tensor([[0.7970, 1.0000, 0.0000, 0.0000, 0.0000, 0.0000]])
tensor([[0.0967, 1.0000, 0.0000, 1.0000, 0.0000, 0.0000]])
tensor([[-0.1449,  1.0000,  0.0000,  0.0000,  0.0000,  0.0000]])
tensor([[-0.0094,  1.0000,  0.0000,  0.0000,  0.0000,  0.0000]])
tensor([[-0.3770,  1.0000,  0.0000,  0.0000,  0.0000,  0.0000]])
tensor([[-0.8700,  1.0000,  0.0000,  0.0000,  0.0000,  0.0000]])
tensor([[-0.9690,  1.0000,  0.0000,  0.0000,  0.0000,  0.0000]])
tensor([[-0.9126,  1.0000,  0.0000,  0.0000,  0.0000,  0.0000]])
tensor([[-0.8462,  1.0000,  0.0000,  0.0000,  0.0000,  0.0000]])
tensor([[-0.9481,  1.0000,  0.0000,  0.0000,  0.0000,  0.0000]])
tensor([[-0.9809,  1.0000,  0.0000,  0.0000,  0.0000,  0.0000]])
tensor([[0.0377, 1.0000, 0.0000, 0.0000, 1.0000, 0.0000]])
tensor([[-0.7387,  1.0000,  0.0000,  0.0000,  0.0000,  0.0000]])
tensor([[-0.4535,  1.0000,  1.0000,  0.0000,  0.0000,  0.0000]])
tensor([[-0.6996,  1.0000,  0.0000,  0.0000,  0.0000,  0.0000]])
tensor([[-0.8305,  1.0000,  0.0000,  0.0000,  0.0000,  0.0000]])
tensor([[-0.9725,  1.0000,  0.0000,  0.0000,  0.0000,  0.0000]])
tensor([[-0.8224,  1.0000,  0.0000,  0.0000,  0.0000,  0.0000]])
tensor([[-0.9836,  1.0000,  0.0000,  0.0000,  0.0000,  0.0000]])
tensor([[-0.9942,  1.0000,  0.0000,  0.0000,  0.0000,  0.0000]])
tensor([[-0.9833,  1.0000,  1.0000,  0.0000,  0.0000,  0.0000]])
tensor([[-0.9246,  1.0000,  1.0000,  0.0000,  1.0000,  0.0000]])
tensor([[-0.7334,  1.0000,  0.0000,  0.0000,  0.0000,  0.0000]])
tensor([[-0.9703,  1.0000,  0.0000,  0.0000,  0.0000,  0.0000]])
tensor([[-0.8597,  1.0000,  0.0000,  0.0000,  0.0000,  0.0000]])
tensor([[-0.9615,  1.0000,  0.0000,  0.0000,  0.0000,  0.0000]])
tensor([[-0.5185,  1.0000,  0.0000,  0.0000,  0.0000,  0.0000]])
tensor([[0.9409, 1.0000, 0.0000, 0.0000, 0.0000, 0.0000]])
tensor([[0.9977, 1.0000, 0.0000, 0.0000, 0.0000, 0.0000]])
tensor([[0.9939, 1.0000, 0.0000, 0.0000, 0.0000, 0.0000]])
tensor([[0.9841, 1.0000, 1.0000, 0.0000, 0.0000, 0.0000]])
tensor([[0.9997, 1.0000, 1.0000, 0.0000, 0.0000, 0.0000]])
tensor([[0.9980, 1.0000, 0.0000, 0.0000, 0.0000, 0.0000]])
tensor([[0.9964, 1.0000, 0.0000, 0.0000, 0.0000, 0.0000]])
tensor([[0.9943, 1.0000, 0.0000, 0.0000, 0.0000, 0.0000]])
tensor([[0.9996, 1.0000, 0.0000, 0.0000, 0.0000, 0.0000]])
tensor([[0.9948, 1.0000, 0.0000, 0.0000, 0.0000, 0.0000]])
tensor([[0.9968, 1.0000, 0.0000, 0.0000, 0.0000, 0.0000]])
tensor([[0.9925, 1.0000, 1.0000, 0.0000, 0.0000, 0.0000]])
tensor([[0.9875, 1.0000, 0.0000, 0.0000, 0.0000, 0.0000]])
tensor([[0.9819, 1.0000, 0.0000, 0.0000, 0.0000, 0.0000]])
tensor([[-0.7638,  1.0000,  0.0000,  0.0000,  0.0000,  0.0000]])
tensor([[-0.9961,  1.0000,  0.0000,  0.0000,  0.0000,  0.0000]])
tensor([[-0.9967,  1.0000,  0.0000,  0.0000,  0.0000,  0.0000]])
tensor([[-0.9997,  1.0000,  0.0000,  0.0000,  0.0000,  0.0000]])
tensor([[-0.9999,  1.0000,  0.0000,  0.0000,  0.0000,  0.0000]])
tensor([[-0.9994,  1.0000,  0.0000,  0.0000,  0.0000,  0.0000]])
tensor([[-0.9644,  1.0000,  0.0000,  0.0000,  0.0000,  0.0000]])
tensor([[-0.8836,  1.0000,  0.0000,  0.0000,  0.0000,  0.0000]])
tensor([[0.0303, 1.0000, 0.0000, 0.0000, 0.0000, 0.0000]])
tensor([[0.7061, 1.0000, 0.0000, 0.0000, 0.0000, 0.0000]])
tensor([[0.9509, 1.0000, 1.0000, 0.0000, 0.0000, 0.0000]])
tensor([[0.9201, 1.0000, 0.0000, 0.0000, 1.0000, 0.0000]])
tensor([[0.9893, 1.0000, 0.0000, 0.0000, 0.0000, 0.0000]])
tensor([[0.9610, 1.0000, 0.0000, 0.0000, 0.0000, 0.0000]])
tensor([[0.6499, 1.0000, 0.0000, 0.0000, 0.0000, 0.0000]])
tensor([[-0.6246,  1.0000,  0.0000,  0.0000,  0.0000,  0.0000]])
tensor([[-0.7428,  1.0000,  0.0000,  0.0000,  0.0000,  0.0000]])
tensor([[0.0667, 1.0000, 0.0000, 1.0000, 0.0000, 0.0000]])
tensor([[-0.2125,  1.0000,  0.0000,  0.0000,  0.0000,  0.0000]])
tensor([[-0.7196,  1.0000,  0.0000,  0.0000,  0.0000,  0.0000]])
tensor([[0.6858, 1.0000, 0.0000, 0.0000, 0.0000, 0.0000]])
tensor([[0.5923, 1.0000, 0.0000, 0.0000, 0.0000, 1.0000]])
tensor([[0.8511, 1.0000, 0.0000, 0.0000, 0.0000, 0.0000]])
tensor([[0.9182, 1.0000, 0.0000, 0.0000, 0.0000, 0.0000]])
tensor([[0.2185, 1.0000, 0.0000, 0.0000, 0.0000, 0.0000]])
tensor([[0.3413, 1.0000, 0.0000, 0.0000, 0.0000, 0.0000]])
tensor([[0.9987, 1.0000, 0.0000, 0.0000, 0.0000, 0.0000]])
tensor([[0.9975, 1.0000, 1.0000, 0.0000, 0.0000, 0.0000]])
tensor([[0.9983, 1.0000, 0.0000, 0.0000, 0.0000, 0.0000]])
tensor([[-0.9574,  0.0000,  0.0000,  0.0000,  0.0000,  0.0000]])
tensor([[0.2221, 1.0000, 0.0000, 0.0000, 0.0000, 0.0000]])
tensor([[0.0488, 0.0000, 0.0000, 0.0000, 0.0000, 0.0000]])
tensor([[0.8311, 1.0000, 0.0000, 0.0000, 0.0000, 0.0000]])
tensor([[0.8288, 1.0000, 0.0000, 0.0000, 0.0000, 0.0000]])
tensor([[0.7208, 1.0000, 1.0000, 0.0000, 0.0000, 0.0000]])
tensor([[0.7284, 1.0000, 0.0000, 0.0000, 0.0000, 0.0000]])
tensor([[-0.9986,  0.0000,  1.0000,  0.0000,  0.0000,  0.0000]])
tensor([[-0.6234,  1.0000,  1.0000,  0.0000,  0.0000,  0.0000]])
tensor([[-0.0791,  1.0000,  0.0000,  0.0000,  0.0000,  0.0000]])
tensor([[-0.2951,  1.0000,  0.0000,  0.0000,  0.0000,  0.0000]])
tensor([[0.7914, 1.0000, 0.0000, 0.0000, 0.0000, 0.0000]])
tensor([[-0.1871,  0.0000,  0.0000,  0.0000,  0.0000,  0.0000]])
tensor([[0.8406, 1.0000, 1.0000, 0.0000, 0.0000, 0.0000]])
tensor([[0.5301, 0.0000, 1.0000, 0.0000, 0.0000, 0.0000]])
tensor([[0.3530, 0.0000, 0.0000, 0.0000, 0.0000, 0.0000]])
tensor([[0.9311, 0.0000, 1.0000, 0.0000, 0.0000, 0.0000]])
tensor([[0.8647, 1.0000, 1.0000, 0.0000, 0.0000, 0.0000]])
tensor([[0.6497, 0.0000, 1.0000, 0.0000, 0.0000, 0.0000]])
tensor([[0.6720, 0.0000, 1.0000, 0.0000, 0.0000, 0.0000]])
tensor([[0.7458, 0.0000, 0.0000, 0.0000, 0.0000, 0.0000]])
tensor([[0.8470, 0.0000, 1.0000, 0.0000, 0.0000, 0.0000]])
tensor([[0.9454, 1.0000, 1.0000, 0.0000, 0.0000, 0.0000]])
tensor([[0.6043, 0.0000, 1.0000, 0.0000, 0.0000, 0.0000]])
tensor([[0.9572, 1.0000, 1.0000, 0.0000, 0.0000, 0.0000]])
tensor([[0.9123, 1.0000, 0.0000, 0.0000, 1.0000, 0.0000]])
tensor([[0.7118, 0.0000, 1.0000, 0.0000, 0.0000, 0.0000]])
tensor([[0.9514, 0.0000, 0.0000, 0.0000, 0.0000, 0.0000]])
tensor([[0.9931, 0.0000, 0.0000, 0.0000, 0.0000, 0.0000]])
tensor([[0.7766, 0.0000, 1.0000, 0.0000, 0.0000, 0.0000]])
tensor([[0.7003, 0.0000, 1.0000, 0.0000, 0.0000, 0.0000]])
tensor([[0.8030, 0.0000, 0.0000, 0.0000, 0.0000, 0.0000]])
tensor([[0.9878, 1.0000, 0.0000, 0.0000, 0.0000, 0.0000]])
tensor([[0.9861, 0.0000, 1.0000, 0.0000, 0.0000, 0.0000]])
tensor([[0.9853, 1.0000, 1.0000, 0.0000, 0.0000, 0.0000]])
tensor([[0.8911, 1.0000, 1.0000, 0.0000, 0.0000, 0.0000]])
tensor([[0.9576, 1.0000, 0.0000, 0.0000, 0.0000, 0.0000]])
tensor([[0.9281, 1.0000, 0.0000, 0.0000, 0.0000, 0.0000]])
tensor([[0.9226, 0.0000, 1.0000, 0.0000, 0.0000, 0.0000]])
tensor([[0.8498, 0.0000, 0.0000, 0.0000, 0.0000, 0.0000]])
tensor([[0.9496, 1.0000, 1.0000, 0.0000, 0.0000, 0.0000]])
tensor([[0.7286, 0.0000, 0.0000, 0.0000, 0.0000, 0.0000]])
tensor([[0.9493, 0.0000, 1.0000, 0.0000, 0.0000, 0.0000]])
tensor([[0.7958, 0.0000, 0.0000, 0.0000, 0.0000, 0.0000]])
tensor([[0.9772, 0.0000, 1.0000, 0.0000, 0.0000, 0.0000]])
tensor([[0.9022, 1.0000, 1.0000, 0.0000, 0.0000, 0.0000]])
tensor([[0.9430, 0.0000, 1.0000, 0.0000, 0.0000, 0.0000]])
tensor([[0.9342, 0.0000, 1.0000, 0.0000, 0.0000, 0.0000]])
tensor([[0.9963, 0.0000, 1.0000, 0.0000, 0.0000, 0.0000]])
tensor([[0.9926, 0.0000, 1.0000, 0.0000, 0.0000, 0.0000]])
tensor([[0.9938, 0.0000, 1.0000, 0.0000, 0.0000, 0.0000]])
tensor([[0.9749, 1.0000, 1.0000, 0.0000, 0.0000, 0.0000]])
tensor([[0.9847, 1.0000, 0.0000, 0.0000, 0.0000, 0.0000]])
tensor([[0.9945, 1.0000, 0.0000, 0.0000, 0.0000, 0.0000]])
tensor([[0.9997, 1.0000, 0.0000, 0.0000, 0.0000, 0.0000]])
tensor([[0.9998, 1.0000, 1.0000, 0.0000, 0.0000, 0.0000]])
tensor([[0.9996, 1.0000, 1.0000, 0.0000, 0.0000, 0.0000]])
tensor([[0.9999, 1.0000, 0.0000, 0.0000, 0.0000, 0.0000]])
tensor([[1.0000, 1.0000, 0.0000, 0.0000, 0.0000, 0.0000]])
tensor([[1.0000, 0.0000, 0.0000, 0.0000, 0.0000, 0.0000]])
tensor([[0.9999, 1.0000, 0.0000, 0.0000, 0.0000, 0.0000]])
tensor([[0.9998, 1.0000, 0.0000, 0.0000, 0.0000, 0.0000]])
tensor([[0.9997, 1.0000, 0.0000, 0.0000, 0.0000, 0.0000]])
tensor([[0.9993, 0.0000, 0.0000, 0.0000, 0.0000, 0.0000]])
tensor([[0.9993, 1.0000, 0.0000, 0.0000, 0.0000, 0.0000]])
tensor([[0.9987, 1.0000, 0.0000, 0.0000, 0.0000, 0.0000]])
tensor([[0.9973, 1.0000, 0.0000, 0.0000, 0.0000, 0.0000]])
tensor([[0.9977, 1.0000, 0.0000, 0.0000, 0.0000, 0.0000]])
tensor([[0.9959, 1.0000, 0.0000, 0.0000, 0.0000, 0.0000]])
tensor([[0.9960, 1.0000, 0.0000, 0.0000, 0.0000, 0.0000]])
tensor([[0.9959, 1.0000, 0.0000, 0.0000, 0.0000, 0.0000]])
tensor([[0.9891, 1.0000, 0.0000, 0.0000, 0.0000, 0.0000]])
tensor([[0.9785, 1.0000, 0.0000, 0.0000, 0.0000, 0.0000]])
tensor([[0.9629, 1.0000, 0.0000, 0.0000, 1.0000, 0.0000]])
tensor([[0.8852, 1.0000, 0.0000, 0.0000, 0.0000, 0.0000]])
tensor([[0.0653, 1.0000, 0.0000, 0.0000, 0.0000, 0.0000]])
tensor([[-0.6518,  1.0000,  0.0000,  0.0000,  0.0000,  0.0000]])
tensor([[0.4516, 1.0000, 0.0000, 0.0000, 0.0000, 0.0000]])
tensor([[-0.6291,  1.0000,  0.0000,  0.0000,  0.0000,  0.0000]])
tensor([[-0.5289,  1.0000,  0.0000,  0.0000,  0.0000,  0.0000]])
tensor([[-0.7907,  1.0000,  0.0000,  0.0000,  0.0000,  0.0000]])
tensor([[-0.7958,  1.0000,  1.0000,  0.0000,  0.0000,  0.0000]])
tensor([[-0.0382,  1.0000,  0.0000,  0.0000,  0.0000,  0.0000]])
tensor([[-0.1181,  1.0000,  0.0000,  0.0000,  0.0000,  0.0000]])
tensor([[0.7097, 1.0000, 0.0000, 0.0000, 0.0000, 0.0000]])
tensor([[0.7043, 0.0000, 0.0000, 0.0000, 0.0000, 0.0000]])
tensor([[0.7530, 1.0000, 1.0000, 0.0000, 0.0000, 0.0000]])
tensor([[0.5828, 1.0000, 0.0000, 0.0000, 0.0000, 0.0000]])
tensor([[0.1376, 1.0000, 0.0000, 0.0000, 0.0000, 0.0000]])
tensor([[0.4370, 1.0000, 0.0000, 1.0000, 0.0000, 0.0000]])
tensor([[0.2763, 1.0000, 0.0000, 0.0000, 0.0000, 0.0000]])
tensor([[-0.8196,  1.0000,  0.0000,  0.0000,  0.0000,  0.0000]])
tensor([[-0.6742,  0.0000,  0.0000,  0.0000,  0.0000,  0.0000]])
tensor([[-0.6579,  1.0000,  0.0000,  0.0000,  0.0000,  0.0000]])
tensor([[0.0230, 1.0000, 1.0000, 0.0000, 0.0000, 0.0000]])
tensor([[0.2410, 1.0000, 0.0000, 0.0000, 0.0000, 0.0000]])
tensor([[-0.1866,  1.0000,  0.0000,  0.0000,  0.0000,  0.0000]])
tensor([[0.6007, 1.0000, 0.0000, 0.0000, 0.0000, 0.0000]])
tensor([[0.9409, 1.0000, 0.0000, 0.0000, 0.0000, 0.0000]])
tensor([[0.8421, 1.0000, 0.0000, 0.0000, 0.0000, 0.0000]])
tensor([[0.9514, 1.0000, 0.0000, 0.0000, 0.0000, 0.0000]])
tensor([[0.6972, 1.0000, 0.0000, 0.0000, 0.0000, 0.0000]])
tensor([[-0.7009,  1.0000,  0.0000,  0.0000,  0.0000,  0.0000]])
tensor([[-0.8176,  1.0000,  0.0000,  0.0000,  0.0000,  0.0000]])
tensor([[-0.5784,  1.0000,  1.0000,  0.0000,  0.0000,  0.0000]])
tensor([[-0.9468,  1.0000,  0.0000,  0.0000,  0.0000,  0.0000]])
tensor([[-0.9160,  1.0000,  0.0000,  0.0000,  0.0000,  0.0000]])
tensor([[-0.9393,  1.0000,  0.0000,  0.0000,  0.0000,  0.0000]])
tensor([[-0.8365,  1.0000,  0.0000,  0.0000,  0.0000,  0.0000]])
tensor([[-0.4705,  1.0000,  0.0000,  0.0000,  0.0000,  0.0000]])
tensor([[0.3530, 1.0000, 1.0000, 0.0000, 0.0000, 0.0000]])
tensor([[0.3390, 1.0000, 0.0000, 0.0000, 0.0000, 0.0000]])
tensor([[0.5377, 1.0000, 0.0000, 0.0000, 0.0000, 0.0000]])
tensor([[0.7808, 1.0000, 1.0000, 0.0000, 0.0000, 0.0000]])
tensor([[0.1566, 1.0000, 0.0000, 0.0000, 0.0000, 0.0000]])
tensor([[-0.3506,  1.0000,  0.0000,  0.0000,  0.0000,  0.0000]])
tensor([[-0.9020,  0.0000,  0.0000,  0.0000,  1.0000,  0.0000]])
tensor([[-0.7519,  1.0000,  0.0000,  0.0000,  0.0000,  0.0000]])
tensor([[-0.9742,  1.0000,  0.0000,  1.0000,  0.0000,  0.0000]])
tensor([[-0.9085,  0.0000,  0.0000,  1.0000,  0.0000,  0.0000]])
tensor([[-0.7793,  1.0000,  0.0000,  0.0000,  0.0000,  0.0000]])
tensor([[-0.4338,  1.0000,  0.0000,  0.0000,  0.0000,  0.0000]])
tensor([[0.0716, 1.0000, 0.0000, 0.0000, 0.0000, 0.0000]])
tensor([[0.8634, 1.0000, 0.0000, 0.0000, 0.0000, 0.0000]])
tensor([[0.9059, 1.0000, 0.0000, 0.0000, 0.0000, 0.0000]])
tensor([[0.8075, 1.0000, 1.0000, 0.0000, 0.0000, 0.0000]])
tensor([[0.8280, 1.0000, 0.0000, 0.0000, 0.0000, 0.0000]])
tensor([[0.4878, 1.0000, 1.0000, 0.0000, 0.0000, 0.0000]])
tensor([[-0.7315,  1.0000,  0.0000,  0.0000,  0.0000,  0.0000]])
tensor([[-0.5546,  1.0000,  0.0000,  0.0000,  0.0000,  0.0000]])
tensor([[-0.8160,  1.0000,  0.0000,  1.0000,  0.0000,  0.0000]])
tensor([[-0.7854,  1.0000,  0.0000,  0.0000,  0.0000,  0.0000]])
tensor([[-0.8107,  1.0000,  0.0000,  0.0000,  0.0000,  0.0000]])
tensor([[0.2379, 1.0000, 0.0000, 0.0000, 0.0000, 0.0000]])
tensor([[0.5398, 1.0000, 0.0000, 0.0000, 0.0000, 0.0000]])
tensor([[0.7649, 1.0000, 0.0000, 0.0000, 0.0000, 0.0000]])
tensor([[0.0880, 1.0000, 0.0000, 0.0000, 0.0000, 0.0000]])
tensor([[0.2686, 1.0000, 1.0000, 0.0000, 1.0000, 0.0000]])
tensor([[-0.5581,  1.0000,  0.0000,  0.0000,  0.0000,  0.0000]])
tensor([[-0.9457,  1.0000,  0.0000,  0.0000,  0.0000,  1.0000]])
tensor([[-0.8505,  1.0000,  0.0000,  0.0000,  0.0000,  0.0000]])
tensor([[-0.9082,  1.0000,  0.0000,  0.0000,  0.0000,  0.0000]])
tensor([[-0.9103,  0.0000,  0.0000,  1.0000,  0.0000,  0.0000]])
tensor([[-0.8435,  1.0000,  0.0000,  0.0000,  0.0000,  0.0000]])
tensor([[0.2253, 1.0000, 0.0000, 0.0000, 0.0000, 0.0000]])
tensor([[0.6266, 0.0000, 0.0000, 0.0000, 0.0000, 0.0000]])
tensor([[0.7252, 1.0000, 0.0000, 0.0000, 0.0000, 0.0000]])
tensor([[0.8281, 1.0000, 0.0000, 0.0000, 0.0000, 0.0000]])
tensor([[0.7055, 1.0000, 0.0000, 0.0000, 0.0000, 0.0000]])
tensor([[0.4870, 1.0000, 0.0000, 0.0000, 0.0000, 0.0000]])
tensor([[-0.6142,  1.0000,  0.0000,  0.0000,  0.0000,  0.0000]])
tensor([[-0.6362,  1.0000,  0.0000,  0.0000,  0.0000,  0.0000]])
tensor([[-0.8411,  1.0000,  0.0000,  0.0000,  0.0000,  0.0000]])
tensor([[-0.9034,  1.0000,  0.0000,  0.0000,  0.0000,  0.0000]])
tensor([[-0.8429,  1.0000,  0.0000,  0.0000,  0.0000,  0.0000]])
tensor([[-0.7290,  1.0000,  0.0000,  0.0000,  0.0000,  0.0000]])
tensor([[-0.5369,  1.0000,  0.0000,  0.0000,  0.0000,  0.0000]])
tensor([[0.9228, 1.0000, 0.0000, 0.0000, 0.0000, 0.0000]])
tensor([[0.8704, 1.0000, 0.0000, 1.0000, 0.0000, 0.0000]])
tensor([[0.6839, 1.0000, 0.0000, 1.0000, 0.0000, 0.0000]])
tensor([[0.7498, 1.0000, 0.0000, 0.0000, 0.0000, 0.0000]])
tensor([[0.3542, 1.0000, 0.0000, 0.0000, 0.0000, 0.0000]])
tensor([[-0.8137,  1.0000,  0.0000,  0.0000,  0.0000,  0.0000]])
tensor([[-0.9475,  1.0000,  0.0000,  0.0000,  0.0000,  0.0000]])
tensor([[-0.8894,  1.0000,  0.0000,  0.0000,  0.0000,  0.0000]])
tensor([[-0.9875,  1.0000,  0.0000,  0.0000,  0.0000,  0.0000]])
tensor([[-0.9341,  1.0000,  0.0000,  0.0000,  0.0000,  0.0000]])
tensor([[-0.9211,  1.0000,  1.0000,  0.0000,  0.0000,  0.0000]])
tensor([[-0.4938,  1.0000,  0.0000,  0.0000,  0.0000,  0.0000]])
tensor([[0.5599, 1.0000, 0.0000, 0.0000, 0.0000, 0.0000]])
tensor([[0.4510, 1.0000, 0.0000, 0.0000, 0.0000, 0.0000]])
tensor([[0.4310, 1.0000, 0.0000, 0.0000, 0.0000, 0.0000]])
tensor([[0.7188, 1.0000, 0.0000, 0.0000, 0.0000, 0.0000]])
tensor([[-0.4050,  1.0000,  0.0000,  0.0000,  0.0000,  0.0000]])
tensor([[0.5448, 1.0000, 0.0000, 0.0000, 0.0000, 0.0000]])
tensor([[-0.0758,  1.0000,  0.0000,  0.0000,  0.0000,  0.0000]])
tensor([[0.2281, 1.0000, 0.0000, 0.0000, 0.0000, 0.0000]])
tensor([[-0.0106,  1.0000,  0.0000,  0.0000,  0.0000,  0.0000]])
tensor([[-0.4226,  1.0000,  0.0000,  0.0000,  0.0000,  0.0000]])
tensor([[-0.8449,  1.0000,  0.0000,  0.0000,  0.0000,  0.0000]])
tensor([[-0.2296,  1.0000,  0.0000,  0.0000,  0.0000,  0.0000]])
tensor([[-0.1815,  1.0000,  0.0000,  0.0000,  0.0000,  0.0000]])
tensor([[-0.2718,  1.0000,  0.0000,  0.0000,  0.0000,  0.0000]])
tensor([[-0.0297,  1.0000,  0.0000,  0.0000,  0.0000,  0.0000]])
tensor([[-0.2830,  1.0000,  0.0000,  0.0000,  0.0000,  0.0000]])
tensor([[0.3707, 1.0000, 0.0000, 0.0000, 0.0000, 0.0000]])
tensor([[0.0669, 1.0000, 0.0000, 0.0000, 1.0000, 0.0000]])
tensor([[-0.1085,  1.0000,  0.0000,  0.0000,  0.0000,  0.0000]])
tensor([[-0.3919,  1.0000,  0.0000,  0.0000,  0.0000,  0.0000]])
tensor([[0.3319, 1.0000, 1.0000, 0.0000, 0.0000, 0.0000]])
tensor([[0.1926, 1.0000, 0.0000, 0.0000, 0.0000, 0.0000]])
tensor([[-0.3694,  1.0000,  0.0000,  0.0000,  0.0000,  0.0000]])
tensor([[-0.3789,  1.0000,  0.0000,  1.0000,  0.0000,  0.0000]])
tensor([[-0.0010,  1.0000,  0.0000,  0.0000,  0.0000,  0.0000]])
tensor([[-0.8734,  1.0000,  1.0000,  0.0000,  0.0000,  0.0000]])
tensor([[-0.7906,  1.0000,  1.0000,  0.0000,  0.0000,  0.0000]])
tensor([[0.8473, 0.0000, 0.0000, 0.0000, 0.0000, 0.0000]])
tensor([[0.6902, 1.0000, 0.0000, 0.0000, 0.0000, 0.0000]])
tensor([[0.8331, 1.0000, 1.0000, 0.0000, 0.0000, 0.0000]])
tensor([[0.7884, 1.0000, 0.0000, 0.0000, 0.0000, 0.0000]])
tensor([[0.2841, 0.0000, 0.0000, 0.0000, 0.0000, 0.0000]])
tensor([[-0.6527,  1.0000,  1.0000,  0.0000,  0.0000,  0.0000]])
tensor([[-0.2534,  1.0000,  0.0000,  0.0000,  0.0000,  0.0000]])
tensor([[-0.9624,  1.0000,  0.0000,  0.0000,  0.0000,  0.0000]])
tensor([[-0.9517,  1.0000,  0.0000,  0.0000,  0.0000,  0.0000]])
tensor([[-0.1239,  1.0000,  0.0000,  0.0000,  0.0000,  0.0000]])
tensor([[-0.7836,  1.0000,  0.0000,  0.0000,  0.0000,  0.0000]])
tensor([[-0.2352,  1.0000,  0.0000,  0.0000,  0.0000,  0.0000]])
tensor([[0.1070, 1.0000, 1.0000, 1.0000, 1.0000, 0.0000]])
tensor([[-0.5366,  1.0000,  0.0000,  0.0000,  0.0000,  0.0000]])
tensor([[-0.8923,  1.0000,  0.0000,  0.0000,  0.0000,  0.0000]])
tensor([[0.2666, 1.0000, 0.0000, 0.0000, 0.0000, 0.0000]])
tensor([[-0.3395,  1.0000,  0.0000,  0.0000,  0.0000,  0.0000]])
tensor([[-0.1988,  1.0000,  0.0000,  1.0000,  0.0000,  0.0000]])
tensor([[0.5964, 1.0000, 0.0000, 0.0000, 0.0000, 0.0000]])
tensor([[0.4846, 1.0000, 0.0000, 0.0000, 0.0000, 0.0000]])
tensor([[-0.3641,  1.0000,  0.0000,  0.0000,  0.0000,  0.0000]])
tensor([[0.7504, 1.0000, 0.0000, 0.0000, 0.0000, 0.0000]])
tensor([[0.8591, 1.0000, 0.0000, 0.0000, 0.0000, 0.0000]])
tensor([[0.8556, 1.0000, 0.0000, 0.0000, 0.0000, 0.0000]])
tensor([[0.4329, 1.0000, 0.0000, 0.0000, 0.0000, 0.0000]])
tensor([[-0.9812,  1.0000,  1.0000,  0.0000,  1.0000,  0.0000]])
tensor([[-0.9876,  1.0000,  0.0000,  0.0000,  0.0000,  0.0000]])
tensor([[-0.9812,  1.0000,  1.0000,  0.0000,  0.0000,  0.0000]])
tensor([[-0.8528,  1.0000,  0.0000,  0.0000,  0.0000,  0.0000]])
tensor([[-0.8494,  1.0000,  0.0000,  0.0000,  0.0000,  0.0000]])
INFO:root:Agent 0 (TQCars): avg action time = 0.0016s
tensor([[-0.6010,  1.0000,  0.0000,  0.0000,  0.0000,  0.0000]])
tensor([[0.5028, 1.0000, 1.0000, 0.0000, 0.0000, 0.0000]])
tensor([[0.0745, 1.0000, 0.0000, 0.0000, 0.0000, 0.0000]])
tensor([[0.1546, 1.0000, 0.0000, 0.0000, 0.0000, 0.0000]])
tensor([[0.8389, 1.0000, 0.0000, 0.0000, 0.0000, 0.0000]])
tensor([[0.3258, 1.0000, 0.0000, 0.0000, 1.0000, 0.0000]])
tensor([[0.2202, 1.0000, 0.0000, 0.0000, 0.0000, 0.0000]])
tensor([[-0.5771,  1.0000,  0.0000,  0.0000,  0.0000,  0.0000]])
tensor([[0.2500, 1.0000, 0.0000, 1.0000, 0.0000, 0.0000]])
tensor([[-0.8297,  1.0000,  0.0000,  0.0000,  0.0000,  0.0000]])
tensor([[-0.9382,  1.0000,  0.0000,  0.0000,  1.0000,  0.0000]])
tensor([[-0.9272,  1.0000,  0.0000,  0.0000,  0.0000,  0.0000]])
tensor([[0.2938, 1.0000, 0.0000, 0.0000, 0.0000, 0.0000]])
tensor([[-0.7319,  1.0000,  0.0000,  0.0000,  0.0000,  0.0000]])
tensor([[-0.6591,  1.0000,  0.0000,  0.0000,  0.0000,  0.0000]])
tensor([[0.2304, 1.0000, 1.0000, 0.0000, 0.0000, 0.0000]])
tensor([[0.6106, 1.0000, 0.0000, 0.0000, 0.0000, 0.0000]])
tensor([[-0.8015,  1.0000,  0.0000,  0.0000,  0.0000,  0.0000]])
tensor([[0.2696, 1.0000, 0.0000, 0.0000, 0.0000, 0.0000]])
tensor([[-0.6971,  1.0000,  0.0000,  0.0000,  0.0000,  0.0000]])
tensor([[-0.2026,  1.0000,  1.0000,  0.0000,  0.0000,  0.0000]])
tensor([[-0.1764,  1.0000,  0.0000,  1.0000,  0.0000,  0.0000]])
tensor([[0.1244, 1.0000, 0.0000, 0.0000, 0.0000, 0.0000]])
tensor([[0.1336, 1.0000, 0.0000, 0.0000, 0.0000, 0.0000]])
tensor([[0.8642, 1.0000, 0.0000, 0.0000, 0.0000, 0.0000]])
tensor([[-0.0295,  1.0000,  0.0000,  0.0000,  0.0000,  0.0000]])
tensor([[0.5764, 1.0000, 0.0000, 0.0000, 0.0000, 0.0000]])
tensor([[-0.8291,  1.0000,  1.0000,  0.0000,  0.0000,  0.0000]])
tensor([[-0.7041,  1.0000,  1.0000,  0.0000,  0.0000,  0.0000]])
tensor([[-0.2101,  1.0000,  0.0000,  1.0000,  0.0000,  0.0000]])
tensor([[-0.6700,  1.0000,  0.0000,  0.0000,  0.0000,  0.0000]])
tensor([[-0.0298,  1.0000,  0.0000,  0.0000,  0.0000,  0.0000]])
tensor([[0.2773, 1.0000, 0.0000, 0.0000, 0.0000, 0.0000]])
tensor([[-0.4386,  0.0000,  0.0000,  0.0000,  0.0000,  0.0000]])
tensor([[-0.4904,  0.0000,  0.0000,  0.0000,  0.0000,  0.0000]])
tensor([[-0.2496,  0.0000,  0.0000,  0.0000,  0.0000,  0.0000]])
tensor([[-0.1410,  1.0000,  0.0000,  0.0000,  0.0000,  0.0000]])
tensor([[-0.7026,  1.0000,  0.0000,  0.0000,  0.0000,  0.0000]])
tensor([[-0.8919,  1.0000,  0.0000,  0.0000,  0.0000,  0.0000]])
tensor([[-0.8400,  1.0000,  0.0000,  0.0000,  0.0000,  0.0000]])
tensor([[-0.3224,  1.0000,  0.0000,  0.0000,  0.0000,  0.0000]])
tensor([[-0.0592,  1.0000,  0.0000,  0.0000,  0.0000,  0.0000]])
tensor([[0.6658, 1.0000, 0.0000, 0.0000, 0.0000, 0.0000]])
tensor([[0.7313, 1.0000, 0.0000, 0.0000, 0.0000, 0.0000]])
tensor([[0.3443, 1.0000, 1.0000, 0.0000, 0.0000, 0.0000]])
tensor([[0.5583, 1.0000, 0.0000, 0.0000, 0.0000, 1.0000]])
tensor([[0.0318, 1.0000, 1.0000, 0.0000, 0.0000, 0.0000]])
tensor([[-0.0553,  1.0000,  0.0000,  0.0000,  0.0000,  0.0000]])
tensor([[-0.0655,  1.0000,  0.0000,  0.0000,  0.0000,  0.0000]])
tensor([[-0.4297,  1.0000,  0.0000,  0.0000,  0.0000,  0.0000]])
tensor([[-0.4977,  1.0000,  0.0000,  0.0000,  0.0000,  0.0000]])
tensor([[-0.2268,  1.0000,  0.0000,  0.0000,  0.0000,  0.0000]])
tensor([[-0.2229,  1.0000,  0.0000,  0.0000,  0.0000,  0.0000]])
tensor([[0.6095, 1.0000, 0.0000, 1.0000, 0.0000, 0.0000]])
tensor([[0.8212, 1.0000, 0.0000, 0.0000, 0.0000, 0.0000]])
tensor([[-0.1079,  1.0000,  0.0000,  0.0000,  0.0000,  0.0000]])
tensor([[-0.8077,  1.0000,  1.0000,  0.0000,  1.0000,  0.0000]])
tensor([[-0.6487,  1.0000,  0.0000,  0.0000,  0.0000,  0.0000]])
tensor([[-0.5986,  1.0000,  0.0000,  0.0000,  0.0000,  0.0000]])
tensor([[-0.3247,  1.0000,  1.0000,  0.0000,  0.0000,  0.0000]])
tensor([[-0.4859,  1.0000,  0.0000,  0.0000,  0.0000,  0.0000]])
tensor([[0.4353, 1.0000, 0.0000, 0.0000, 0.0000, 0.0000]])
tensor([[0.8382, 1.0000, 0.0000, 0.0000, 0.0000, 0.0000]])
tensor([[0.3307, 1.0000, 1.0000, 0.0000, 0.0000, 0.0000]])
tensor([[0.2565, 1.0000, 1.0000, 0.0000, 0.0000, 0.0000]])
tensor([[0.0672, 1.0000, 0.0000, 0.0000, 0.0000, 0.0000]])
{"type": "results", "track": "ravenbridge_mansion", "results": [{"key": 0, "reward": 10.05810546875, "position": 4, "name": "TQCars", "avg_action_time": 0.001574659005444902}]}
