INFO:root:Loading the agents
INFO:root:Loaded player TQCars
INFO:root:Creating pystk-1
INFO:root:Adding wrapper <function get_wrappers.<locals>.<lambda> at 0x79c8558ff420>
INFO:root:Adding wrapper <function get_wrappers.<locals>.<lambda> at 0x79c8558ff4c0>
INFO:root:Adding wrapper <function get_wrappers.<locals>.<lambda> at 0x79c8558ff560>
INFO:root:Adding wrapper <function get_wrappers.<locals>.<lambda> at 0x79c8558ff600>
INFO:root:(multi-env mono adapter) Setting main environment max_paths to 5
INFO:root:Loading trained model from CHECKPOINT-GPUFAC/tqc_EXP14RACING_500000.pt...
INFO:root:Starting a race
tensor([[-0.4671,  1.0000,  0.0000,  0.0000,  0.0000,  0.0000]])
tensor([[-0.8529,  1.0000,  0.0000,  0.0000,  0.0000,  0.0000]])
tensor([[-0.0084,  1.0000,  0.0000,  0.0000,  0.0000,  0.0000]])
tensor([[-0.8533,  1.0000,  0.0000,  0.0000,  0.0000,  0.0000]])
tensor([[0.1329, 1.0000, 0.0000, 0.0000, 0.0000, 0.0000]])
tensor([[-0.8382,  1.0000,  0.0000,  0.0000,  0.0000,  0.0000]])
tensor([[0.3238, 1.0000, 0.0000, 0.0000, 0.0000, 0.0000]])
tensor([[-0.7679,  1.0000,  0.0000,  0.0000,  0.0000,  0.0000]])
tensor([[0.4121, 1.0000, 0.0000, 0.0000, 0.0000, 0.0000]])
tensor([[0.1183, 0.0000, 0.0000, 0.0000, 0.0000, 0.0000]])
tensor([[0.1689, 1.0000, 0.0000, 0.0000, 0.0000, 0.0000]])
tensor([[-0.3210,  1.0000,  0.0000,  0.0000,  0.0000,  0.0000]])
tensor([[0.2491, 1.0000, 0.0000, 0.0000, 0.0000, 0.0000]])
tensor([[-0.9552,  1.0000,  0.0000,  0.0000,  0.0000,  0.0000]])
tensor([[-0.7469,  1.0000,  0.0000,  0.0000,  0.0000,  0.0000]])
tensor([[-0.7067,  1.0000,  0.0000,  0.0000,  0.0000,  0.0000]])
tensor([[-0.4022,  1.0000,  0.0000,  0.0000,  0.0000,  0.0000]])
tensor([[0.1091, 1.0000, 0.0000, 0.0000, 0.0000, 0.0000]])
tensor([[0.3053, 1.0000, 0.0000, 0.0000, 0.0000, 0.0000]])
tensor([[-0.8363,  1.0000,  0.0000,  0.0000,  0.0000,  0.0000]])
tensor([[-0.9469,  1.0000,  0.0000,  0.0000,  0.0000,  0.0000]])
tensor([[-0.1259,  1.0000,  0.0000,  0.0000,  0.0000,  0.0000]])
tensor([[-0.5174,  1.0000,  0.0000,  0.0000,  0.0000,  0.0000]])
tensor([[-0.9231,  1.0000,  0.0000,  0.0000,  0.0000,  0.0000]])
tensor([[0.4690, 1.0000, 0.0000, 0.0000, 0.0000, 0.0000]])
tensor([[0.6876, 1.0000, 0.0000, 0.0000, 0.0000, 0.0000]])
tensor([[0.0961, 1.0000, 0.0000, 0.0000, 0.0000, 0.0000]])
tensor([[-0.3850,  1.0000,  0.0000,  0.0000,  0.0000,  0.0000]])
tensor([[0.0771, 1.0000, 0.0000, 0.0000, 0.0000, 0.0000]])
tensor([[0.0974, 1.0000, 0.0000, 0.0000, 0.0000, 0.0000]])
tensor([[0.6978, 1.0000, 0.0000, 0.0000, 0.0000, 0.0000]])
tensor([[0.2709, 1.0000, 0.0000, 0.0000, 0.0000, 0.0000]])
tensor([[0.7286, 1.0000, 0.0000, 0.0000, 0.0000, 0.0000]])
tensor([[0.0588, 1.0000, 0.0000, 0.0000, 0.0000, 0.0000]])
tensor([[-0.3382,  1.0000,  0.0000,  0.0000,  0.0000,  0.0000]])
tensor([[-0.7160,  1.0000,  0.0000,  0.0000,  0.0000,  0.0000]])
tensor([[-0.6894,  1.0000,  0.0000,  0.0000,  0.0000,  0.0000]])
tensor([[0.4524, 1.0000, 0.0000, 0.0000, 0.0000, 0.0000]])
tensor([[0.7206, 1.0000, 0.0000, 0.0000, 0.0000, 0.0000]])
tensor([[0.8905, 1.0000, 0.0000, 0.0000, 0.0000, 0.0000]])
tensor([[-0.5125,  1.0000,  0.0000,  0.0000,  0.0000,  0.0000]])
tensor([[-0.9495,  1.0000,  0.0000,  0.0000,  0.0000,  0.0000]])
tensor([[-0.8018,  1.0000,  0.0000,  0.0000,  0.0000,  0.0000]])
tensor([[0.9404, 1.0000, 0.0000, 0.0000, 0.0000, 0.0000]])
tensor([[-0.0369,  1.0000,  0.0000,  0.0000,  0.0000,  0.0000]])
tensor([[0.8168, 1.0000, 0.0000, 0.0000, 0.0000, 0.0000]])
tensor([[0.3968, 1.0000, 0.0000, 0.0000, 0.0000, 0.0000]])
tensor([[0.3155, 1.0000, 0.0000, 0.0000, 0.0000, 0.0000]])
tensor([[0.6550, 1.0000, 0.0000, 0.0000, 0.0000, 0.0000]])
tensor([[-0.2916,  1.0000,  0.0000,  0.0000,  0.0000,  0.0000]])
tensor([[-0.8972,  1.0000,  0.0000,  0.0000,  0.0000,  0.0000]])
tensor([[-0.9670,  1.0000,  0.0000,  0.0000,  0.0000,  0.0000]])
tensor([[-0.6135,  1.0000,  0.0000,  0.0000,  0.0000,  0.0000]])
tensor([[-0.1552,  1.0000,  0.0000,  0.0000,  0.0000,  0.0000]])
tensor([[0.3758, 1.0000, 0.0000, 0.0000, 0.0000, 0.0000]])
tensor([[0.2236, 1.0000, 0.0000, 0.0000, 0.0000, 0.0000]])
tensor([[0.9667, 1.0000, 0.0000, 0.0000, 0.0000, 0.0000]])
tensor([[-0.1715,  1.0000,  0.0000,  0.0000,  0.0000,  0.0000]])
tensor([[-0.9187,  1.0000,  0.0000,  0.0000,  0.0000,  0.0000]])
tensor([[-0.3311,  1.0000,  0.0000,  0.0000,  0.0000,  0.0000]])
tensor([[0.5850, 1.0000, 0.0000, 0.0000, 0.0000, 0.0000]])
tensor([[0.7129, 1.0000, 0.0000, 0.0000, 0.0000, 0.0000]])
tensor([[0.7880, 1.0000, 0.0000, 0.0000, 0.0000, 0.0000]])
tensor([[0.9175, 1.0000, 0.0000, 0.0000, 0.0000, 0.0000]])
tensor([[-0.9652,  1.0000,  0.0000,  0.0000,  0.0000,  0.0000]])
tensor([[0.3724, 1.0000, 0.0000, 0.0000, 0.0000, 0.0000]])
tensor([[0.3216, 1.0000, 0.0000, 0.0000, 0.0000, 0.0000]])
tensor([[0.8526, 1.0000, 0.0000, 0.0000, 0.0000, 0.0000]])
tensor([[-0.1024,  1.0000,  0.0000,  0.0000,  0.0000,  0.0000]])
tensor([[0.5518, 1.0000, 0.0000, 0.0000, 0.0000, 0.0000]])
tensor([[0.1927, 1.0000, 0.0000, 0.0000, 0.0000, 0.0000]])
tensor([[0.7573, 1.0000, 0.0000, 0.0000, 0.0000, 0.0000]])
tensor([[-0.2782,  1.0000,  0.0000,  0.0000,  0.0000,  0.0000]])
tensor([[-0.5018,  1.0000,  0.0000,  0.0000,  0.0000,  0.0000]])
tensor([[-0.6163,  1.0000,  0.0000,  0.0000,  0.0000,  0.0000]])
tensor([[0.9158, 1.0000, 0.0000, 0.0000, 0.0000, 0.0000]])
tensor([[0.9802, 1.0000, 0.0000, 0.0000, 0.0000, 0.0000]])
tensor([[0.6363, 1.0000, 0.0000, 0.0000, 0.0000, 0.0000]])
tensor([[0.9126, 1.0000, 0.0000, 0.0000, 0.0000, 0.0000]])
tensor([[0.9200, 1.0000, 0.0000, 0.0000, 0.0000, 0.0000]])
tensor([[0.5894, 1.0000, 0.0000, 0.0000, 0.0000, 0.0000]])
tensor([[0.9113, 1.0000, 0.0000, 0.0000, 0.0000, 0.0000]])
tensor([[0.2173, 1.0000, 0.0000, 0.0000, 0.0000, 0.0000]])
tensor([[0.9429, 1.0000, 0.0000, 0.0000, 0.0000, 0.0000]])
tensor([[-0.7530,  1.0000,  0.0000,  0.0000,  0.0000,  0.0000]])
tensor([[0.6517, 1.0000, 0.0000, 0.0000, 0.0000, 0.0000]])
tensor([[0.8260, 1.0000, 0.0000, 0.0000, 0.0000, 0.0000]])
tensor([[0.1110, 1.0000, 0.0000, 0.0000, 0.0000, 0.0000]])
tensor([[0.6910, 1.0000, 0.0000, 0.0000, 0.0000, 0.0000]])
tensor([[-0.8407,  1.0000,  0.0000,  0.0000,  0.0000,  0.0000]])
tensor([[0.0748, 1.0000, 0.0000, 0.0000, 1.0000, 0.0000]])
tensor([[-0.5934,  1.0000,  0.0000,  0.0000,  0.0000,  0.0000]])
tensor([[-0.0600,  1.0000,  0.0000,  0.0000,  0.0000,  0.0000]])
tensor([[0.9613, 1.0000, 0.0000, 0.0000, 0.0000, 0.0000]])
tensor([[-0.4683,  1.0000,  0.0000,  0.0000,  0.0000,  0.0000]])
tensor([[-0.4452,  1.0000,  0.0000,  0.0000,  0.0000,  0.0000]])
tensor([[-0.6332,  1.0000,  0.0000,  0.0000,  0.0000,  0.0000]])
tensor([[-0.4543,  1.0000,  0.0000,  0.0000,  0.0000,  0.0000]])
tensor([[0.5495, 1.0000, 0.0000, 0.0000, 0.0000, 0.0000]])
tensor([[0.0041, 1.0000, 0.0000, 0.0000, 0.0000, 0.0000]])
tensor([[0.6134, 1.0000, 0.0000, 0.0000, 0.0000, 0.0000]])
tensor([[0.7910, 1.0000, 0.0000, 0.0000, 0.0000, 0.0000]])
tensor([[0.6850, 1.0000, 0.0000, 0.0000, 1.0000, 0.0000]])
tensor([[0.9826, 1.0000, 0.0000, 0.0000, 0.0000, 0.0000]])
tensor([[0.1609, 1.0000, 0.0000, 0.0000, 0.0000, 0.0000]])
tensor([[0.8649, 1.0000, 0.0000, 0.0000, 0.0000, 0.0000]])
tensor([[0.2111, 1.0000, 0.0000, 0.0000, 0.0000, 0.0000]])
tensor([[-0.7499,  1.0000,  0.0000,  0.0000,  0.0000,  0.0000]])
tensor([[-0.7127,  1.0000,  0.0000,  1.0000,  0.0000,  0.0000]])
tensor([[-0.0995,  1.0000,  0.0000,  0.0000,  0.0000,  0.0000]])
tensor([[-0.4581,  1.0000,  0.0000,  0.0000,  0.0000,  0.0000]])
tensor([[0.4537, 1.0000, 0.0000, 0.0000, 0.0000, 0.0000]])
tensor([[-0.6864,  1.0000,  0.0000,  0.0000,  0.0000,  0.0000]])
tensor([[0.5042, 1.0000, 0.0000, 0.0000, 0.0000, 0.0000]])
tensor([[-0.2879,  1.0000,  0.0000,  0.0000,  0.0000,  0.0000]])
tensor([[0.5285, 1.0000, 0.0000, 0.0000, 0.0000, 0.0000]])
tensor([[-0.6047,  1.0000,  0.0000,  0.0000,  0.0000,  0.0000]])
tensor([[-0.9077,  1.0000,  0.0000,  0.0000,  0.0000,  0.0000]])
tensor([[-0.2346,  1.0000,  0.0000,  0.0000,  0.0000,  0.0000]])
tensor([[0.9398, 1.0000, 0.0000, 0.0000, 0.0000, 0.0000]])
tensor([[0.9326, 1.0000, 0.0000, 0.0000, 0.0000, 0.0000]])
tensor([[0.8508, 1.0000, 0.0000, 0.0000, 0.0000, 0.0000]])
tensor([[0.9277, 1.0000, 0.0000, 0.0000, 0.0000, 0.0000]])
tensor([[-0.7282,  1.0000,  0.0000,  0.0000,  0.0000,  0.0000]])
tensor([[0.7666, 1.0000, 0.0000, 0.0000, 0.0000, 0.0000]])
tensor([[0.5599, 1.0000, 0.0000, 0.0000, 0.0000, 0.0000]])
tensor([[-0.0614,  1.0000,  0.0000,  0.0000,  0.0000,  0.0000]])
tensor([[0.9596, 1.0000, 0.0000, 0.0000, 0.0000, 0.0000]])
tensor([[-0.2898,  1.0000,  0.0000,  0.0000,  0.0000,  0.0000]])
tensor([[0.9593, 1.0000, 0.0000, 0.0000, 0.0000, 0.0000]])
tensor([[0.1355, 1.0000, 0.0000, 0.0000, 0.0000, 0.0000]])
tensor([[0.6658, 1.0000, 0.0000, 0.0000, 0.0000, 0.0000]])
tensor([[-0.9493,  1.0000,  0.0000,  0.0000,  0.0000,  0.0000]])
tensor([[-0.3339,  1.0000,  0.0000,  0.0000,  0.0000,  0.0000]])
tensor([[0.3853, 1.0000, 0.0000, 0.0000, 0.0000, 0.0000]])
tensor([[0.2637, 1.0000, 0.0000, 0.0000, 0.0000, 0.0000]])
tensor([[0.3888, 1.0000, 0.0000, 0.0000, 0.0000, 0.0000]])
tensor([[0.1048, 1.0000, 0.0000, 0.0000, 0.0000, 0.0000]])
tensor([[-0.4580,  0.0000,  0.0000,  0.0000,  0.0000,  0.0000]])
tensor([[-0.1281,  1.0000,  0.0000,  0.0000,  0.0000,  0.0000]])
tensor([[0.8446, 1.0000, 0.0000, 0.0000, 0.0000, 0.0000]])
tensor([[0.0269, 1.0000, 0.0000, 0.0000, 0.0000, 0.0000]])
tensor([[0.3862, 1.0000, 0.0000, 0.0000, 0.0000, 0.0000]])
tensor([[-0.2128,  1.0000,  0.0000,  0.0000,  0.0000,  0.0000]])
tensor([[0.2349, 1.0000, 0.0000, 0.0000, 0.0000, 0.0000]])
tensor([[-0.4230,  1.0000,  0.0000,  0.0000,  0.0000,  0.0000]])
tensor([[-0.7010,  1.0000,  0.0000,  0.0000,  0.0000,  0.0000]])
tensor([[-0.6505,  1.0000,  0.0000,  0.0000,  0.0000,  0.0000]])
tensor([[-0.5121,  1.0000,  0.0000,  0.0000,  0.0000,  0.0000]])
tensor([[0.4705, 1.0000, 0.0000, 0.0000, 0.0000, 0.0000]])
tensor([[0.4196, 1.0000, 0.0000, 0.0000, 0.0000, 0.0000]])
tensor([[0.5215, 1.0000, 0.0000, 0.0000, 0.0000, 0.0000]])
tensor([[0.5964, 1.0000, 0.0000, 0.0000, 0.0000, 0.0000]])
tensor([[0.8273, 1.0000, 0.0000, 0.0000, 0.0000, 0.0000]])
tensor([[0.3569, 1.0000, 0.0000, 0.0000, 0.0000, 0.0000]])
tensor([[-0.8140,  1.0000,  0.0000,  0.0000,  0.0000,  0.0000]])
tensor([[-0.4067,  1.0000,  0.0000,  0.0000,  0.0000,  0.0000]])
tensor([[-0.5902,  1.0000,  0.0000,  0.0000,  0.0000,  0.0000]])
tensor([[0.7017, 1.0000, 0.0000, 0.0000, 0.0000, 0.0000]])
tensor([[-0.0745,  1.0000,  0.0000,  0.0000,  0.0000,  0.0000]])
tensor([[0.3317, 1.0000, 0.0000, 0.0000, 0.0000, 0.0000]])
tensor([[-0.8881,  1.0000,  0.0000,  0.0000,  0.0000,  0.0000]])
tensor([[0.7882, 1.0000, 0.0000, 0.0000, 0.0000, 0.0000]])
tensor([[-0.9263,  1.0000,  0.0000,  0.0000,  0.0000,  0.0000]])
tensor([[-0.1691,  1.0000,  0.0000,  0.0000,  0.0000,  0.0000]])
tensor([[0.3611, 1.0000, 0.0000, 0.0000, 0.0000, 0.0000]])
tensor([[-0.1740,  1.0000,  0.0000,  0.0000,  0.0000,  0.0000]])
tensor([[-0.6242,  0.0000,  0.0000,  0.0000,  0.0000,  0.0000]])
tensor([[-0.8252,  1.0000,  0.0000,  0.0000,  0.0000,  0.0000]])
tensor([[0.4665, 1.0000, 0.0000, 0.0000, 0.0000, 0.0000]])
tensor([[0.8815, 1.0000, 0.0000, 0.0000, 0.0000, 0.0000]])
tensor([[0.6929, 1.0000, 0.0000, 0.0000, 0.0000, 0.0000]])
tensor([[0.9615, 1.0000, 0.0000, 0.0000, 0.0000, 0.0000]])
tensor([[0.5576, 1.0000, 0.0000, 0.0000, 0.0000, 0.0000]])
tensor([[-0.4095,  1.0000,  0.0000,  0.0000,  0.0000,  0.0000]])
tensor([[-0.6403,  1.0000,  0.0000,  0.0000,  0.0000,  0.0000]])
tensor([[0.3680, 1.0000, 0.0000, 0.0000, 0.0000, 0.0000]])
tensor([[-0.3624,  1.0000,  0.0000,  0.0000,  0.0000,  0.0000]])
tensor([[-0.5188,  1.0000,  0.0000,  0.0000,  0.0000,  0.0000]])
tensor([[-0.2900,  1.0000,  0.0000,  0.0000,  0.0000,  0.0000]])
tensor([[0.2049, 1.0000, 0.0000, 0.0000, 0.0000, 0.0000]])
tensor([[0.3123, 1.0000, 0.0000, 0.0000, 0.0000, 0.0000]])
tensor([[-0.4115,  1.0000,  0.0000,  0.0000,  0.0000,  0.0000]])
tensor([[-0.7070,  1.0000,  0.0000,  0.0000,  0.0000,  0.0000]])
tensor([[-0.0940,  1.0000,  0.0000,  0.0000,  0.0000,  0.0000]])
tensor([[0.3964, 1.0000, 0.0000, 0.0000, 0.0000, 0.0000]])
tensor([[-0.7390,  0.0000,  0.0000,  0.0000,  0.0000,  0.0000]])
tensor([[0.4628, 1.0000, 0.0000, 0.0000, 0.0000, 0.0000]])
tensor([[-0.8367,  1.0000,  0.0000,  0.0000,  0.0000,  0.0000]])
tensor([[0.1938, 1.0000, 0.0000, 0.0000, 0.0000, 0.0000]])
tensor([[-0.8269,  1.0000,  0.0000,  0.0000,  0.0000,  0.0000]])
tensor([[-0.6331,  1.0000,  0.0000,  0.0000,  0.0000,  0.0000]])
tensor([[0.6334, 1.0000, 0.0000, 0.0000, 0.0000, 0.0000]])
tensor([[0.6390, 1.0000, 0.0000, 0.0000, 0.0000, 0.0000]])
tensor([[-0.6316,  1.0000,  0.0000,  0.0000,  0.0000,  0.0000]])
tensor([[0.1218, 1.0000, 0.0000, 0.0000, 0.0000, 0.0000]])
tensor([[0.3433, 1.0000, 0.0000, 0.0000, 0.0000, 0.0000]])
tensor([[0.9515, 1.0000, 0.0000, 0.0000, 0.0000, 0.0000]])
tensor([[0.6993, 1.0000, 0.0000, 0.0000, 0.0000, 0.0000]])
tensor([[0.9943, 1.0000, 0.0000, 0.0000, 0.0000, 0.0000]])
tensor([[0.8702, 1.0000, 0.0000, 0.0000, 0.0000, 0.0000]])
tensor([[0.5794, 1.0000, 0.0000, 0.0000, 0.0000, 0.0000]])
tensor([[0.5694, 1.0000, 0.0000, 0.0000, 0.0000, 0.0000]])
tensor([[0.9852, 1.0000, 0.0000, 0.0000, 0.0000, 0.0000]])
tensor([[-0.1738,  1.0000,  0.0000,  0.0000,  0.0000,  0.0000]])
tensor([[-0.5681,  1.0000,  0.0000,  0.0000,  0.0000,  0.0000]])
tensor([[-0.7204,  1.0000,  0.0000,  0.0000,  0.0000,  0.0000]])
tensor([[0.2402, 1.0000, 0.0000, 0.0000, 0.0000, 0.0000]])
tensor([[-0.0438,  1.0000,  0.0000,  0.0000,  0.0000,  0.0000]])
tensor([[-0.6718,  1.0000,  0.0000,  0.0000,  0.0000,  0.0000]])
tensor([[0.5914, 1.0000, 0.0000, 0.0000, 0.0000, 0.0000]])
tensor([[-0.8397,  1.0000,  0.0000,  0.0000,  0.0000,  0.0000]])
tensor([[-0.3717,  1.0000,  0.0000,  0.0000,  0.0000,  0.0000]])
tensor([[-0.9546,  1.0000,  0.0000,  0.0000,  0.0000,  0.0000]])
tensor([[-0.6876,  1.0000,  0.0000,  0.0000,  0.0000,  0.0000]])
tensor([[-0.2634,  1.0000,  0.0000,  0.0000,  0.0000,  0.0000]])
tensor([[0.6787, 1.0000, 0.0000, 0.0000, 0.0000, 0.0000]])
tensor([[-0.9418,  1.0000,  0.0000,  0.0000,  0.0000,  0.0000]])
tensor([[-0.1213,  1.0000,  1.0000,  0.0000,  0.0000,  0.0000]])
tensor([[-0.0527,  1.0000,  0.0000,  0.0000,  0.0000,  0.0000]])
tensor([[0.1715, 1.0000, 0.0000, 0.0000, 0.0000, 0.0000]])
tensor([[-0.6845,  1.0000,  0.0000,  0.0000,  0.0000,  0.0000]])
tensor([[0.3675, 1.0000, 1.0000, 0.0000, 0.0000, 0.0000]])
tensor([[-0.8527,  1.0000,  1.0000,  0.0000,  0.0000,  0.0000]])
tensor([[-0.5886,  1.0000,  0.0000,  0.0000,  0.0000,  0.0000]])
tensor([[-0.1729,  1.0000,  0.0000,  0.0000,  0.0000,  0.0000]])
tensor([[-0.2041,  1.0000,  0.0000,  0.0000,  0.0000,  0.0000]])
tensor([[0.7475, 1.0000, 0.0000, 0.0000, 0.0000, 0.0000]])
tensor([[0.0867, 1.0000, 0.0000, 0.0000, 0.0000, 0.0000]])
tensor([[0.9234, 1.0000, 0.0000, 0.0000, 0.0000, 0.0000]])
tensor([[0.4496, 1.0000, 0.0000, 0.0000, 0.0000, 0.0000]])
tensor([[0.6358, 1.0000, 0.0000, 0.0000, 0.0000, 1.0000]])
tensor([[-0.8871,  1.0000,  0.0000,  0.0000,  0.0000,  0.0000]])
tensor([[0.0281, 1.0000, 0.0000, 0.0000, 0.0000, 0.0000]])
tensor([[0.2693, 1.0000, 0.0000, 0.0000, 0.0000, 0.0000]])
tensor([[0.7550, 1.0000, 0.0000, 0.0000, 0.0000, 0.0000]])
tensor([[0.9481, 1.0000, 0.0000, 0.0000, 0.0000, 0.0000]])
tensor([[-0.5491,  1.0000,  0.0000,  0.0000,  0.0000,  0.0000]])
tensor([[0.2310, 1.0000, 0.0000, 0.0000, 0.0000, 0.0000]])
tensor([[-0.5691,  1.0000,  0.0000,  0.0000,  0.0000,  0.0000]])
tensor([[-0.1189,  1.0000,  0.0000,  0.0000,  0.0000,  0.0000]])
tensor([[-0.8892,  1.0000,  0.0000,  0.0000,  0.0000,  0.0000]])
tensor([[-0.8515,  1.0000,  0.0000,  0.0000,  0.0000,  0.0000]])
tensor([[-0.7107,  1.0000,  0.0000,  0.0000,  0.0000,  0.0000]])
tensor([[-0.9255,  1.0000,  0.0000,  0.0000,  0.0000,  0.0000]])
tensor([[0.5358, 1.0000, 0.0000, 0.0000, 0.0000, 0.0000]])
tensor([[-0.5102,  1.0000,  0.0000,  0.0000,  0.0000,  0.0000]])
tensor([[0.9560, 1.0000, 0.0000, 0.0000, 0.0000, 0.0000]])
tensor([[-0.1672,  1.0000,  0.0000,  0.0000,  0.0000,  0.0000]])
tensor([[0.2079, 1.0000, 0.0000, 0.0000, 0.0000, 0.0000]])
tensor([[-0.0250,  1.0000,  0.0000,  0.0000,  0.0000,  0.0000]])
tensor([[-0.3183,  1.0000,  0.0000,  0.0000,  0.0000,  0.0000]])
tensor([[-0.5976,  1.0000,  0.0000,  0.0000,  0.0000,  0.0000]])
tensor([[-0.9309,  1.0000,  0.0000,  0.0000,  0.0000,  0.0000]])
tensor([[0.1908, 1.0000, 0.0000, 0.0000, 0.0000, 0.0000]])
tensor([[-0.7312,  1.0000,  0.0000,  0.0000,  0.0000,  0.0000]])
tensor([[-0.0528,  1.0000,  0.0000,  0.0000,  0.0000,  0.0000]])
tensor([[0.1145, 1.0000, 0.0000, 0.0000, 0.0000, 0.0000]])
tensor([[0.0734, 1.0000, 0.0000, 0.0000, 0.0000, 0.0000]])
tensor([[-0.2387,  1.0000,  0.0000,  0.0000,  0.0000,  0.0000]])
tensor([[0.0421, 1.0000, 0.0000, 0.0000, 0.0000, 0.0000]])
tensor([[-0.6730,  1.0000,  0.0000,  0.0000,  0.0000,  0.0000]])
tensor([[-0.2052,  1.0000,  0.0000,  0.0000,  0.0000,  0.0000]])
tensor([[-0.4726,  1.0000,  0.0000,  0.0000,  0.0000,  0.0000]])
tensor([[-0.8433,  1.0000,  0.0000,  0.0000,  0.0000,  0.0000]])
tensor([[-0.6652,  0.0000,  0.0000,  0.0000,  0.0000,  0.0000]])
tensor([[-0.5534,  1.0000,  0.0000,  0.0000,  0.0000,  0.0000]])
tensor([[0.8778, 1.0000, 0.0000, 0.0000, 0.0000, 0.0000]])
tensor([[-0.7630,  1.0000,  0.0000,  0.0000,  0.0000,  0.0000]])
tensor([[-0.3711,  1.0000,  0.0000,  0.0000,  0.0000,  0.0000]])
tensor([[-0.8665,  1.0000,  0.0000,  0.0000,  0.0000,  0.0000]])
tensor([[-0.2456,  1.0000,  0.0000,  0.0000,  0.0000,  0.0000]])
tensor([[-0.1127,  1.0000,  0.0000,  0.0000,  0.0000,  0.0000]])
tensor([[0.0344, 1.0000, 0.0000, 0.0000, 0.0000, 0.0000]])
tensor([[0.5606, 1.0000, 0.0000, 0.0000, 0.0000, 0.0000]])
tensor([[-0.0280,  1.0000,  0.0000,  0.0000,  0.0000,  0.0000]])
tensor([[0.5434, 1.0000, 0.0000, 0.0000, 0.0000, 0.0000]])
tensor([[-0.1996,  1.0000,  0.0000,  0.0000,  0.0000,  0.0000]])
tensor([[-0.3473,  1.0000,  0.0000,  0.0000,  0.0000,  0.0000]])
tensor([[0.5523, 1.0000, 0.0000, 0.0000, 0.0000, 0.0000]])
tensor([[-0.4156,  1.0000,  0.0000,  0.0000,  0.0000,  0.0000]])
tensor([[-0.1530,  1.0000,  0.0000,  0.0000,  0.0000,  0.0000]])
tensor([[0.8513, 1.0000, 0.0000, 0.0000, 0.0000, 0.0000]])
tensor([[-0.4300,  1.0000,  0.0000,  0.0000,  0.0000,  0.0000]])
tensor([[0.4352, 0.0000, 0.0000, 0.0000, 0.0000, 0.0000]])
tensor([[0.6592, 1.0000, 0.0000, 0.0000, 0.0000, 0.0000]])
tensor([[0.4094, 1.0000, 0.0000, 0.0000, 0.0000, 0.0000]])
tensor([[0.8634, 1.0000, 0.0000, 0.0000, 0.0000, 0.0000]])
tensor([[0.1254, 1.0000, 0.0000, 0.0000, 0.0000, 0.0000]])
tensor([[-0.7382,  1.0000,  0.0000,  0.0000,  0.0000,  0.0000]])
tensor([[-0.8906,  1.0000,  0.0000,  0.0000,  0.0000,  0.0000]])
tensor([[-0.6747,  1.0000,  0.0000,  0.0000,  0.0000,  0.0000]])
tensor([[-0.9072,  1.0000,  0.0000,  0.0000,  0.0000,  0.0000]])
tensor([[-0.5909,  0.0000,  0.0000,  0.0000,  0.0000,  0.0000]])
tensor([[0.5394, 1.0000, 0.0000, 0.0000, 0.0000, 0.0000]])
tensor([[0.9099, 1.0000, 0.0000, 0.0000, 0.0000, 0.0000]])
tensor([[0.8008, 1.0000, 0.0000, 0.0000, 0.0000, 0.0000]])
tensor([[0.6851, 1.0000, 0.0000, 0.0000, 0.0000, 0.0000]])
tensor([[0.9470, 1.0000, 0.0000, 0.0000, 0.0000, 0.0000]])
tensor([[0.9725, 1.0000, 0.0000, 0.0000, 0.0000, 0.0000]])
tensor([[0.0623, 1.0000, 0.0000, 0.0000, 0.0000, 0.0000]])
tensor([[0.0711, 1.0000, 0.0000, 0.0000, 0.0000, 0.0000]])
tensor([[0.6414, 1.0000, 0.0000, 0.0000, 0.0000, 0.0000]])
tensor([[-0.5561,  1.0000,  0.0000,  0.0000,  0.0000,  0.0000]])
tensor([[0.9788, 1.0000, 0.0000, 0.0000, 0.0000, 0.0000]])
tensor([[0.7466, 1.0000, 0.0000, 0.0000, 0.0000, 0.0000]])
tensor([[-0.0386,  1.0000,  0.0000,  0.0000,  0.0000,  0.0000]])
tensor([[0.9083, 1.0000, 0.0000, 0.0000, 0.0000, 0.0000]])
tensor([[-0.0251,  1.0000,  0.0000,  0.0000,  0.0000,  0.0000]])
tensor([[0.0482, 1.0000, 0.0000, 0.0000, 0.0000, 0.0000]])
tensor([[-0.1651,  1.0000,  0.0000,  0.0000,  0.0000,  0.0000]])
tensor([[-0.8192,  1.0000,  0.0000,  0.0000,  0.0000,  0.0000]])
tensor([[-0.8608,  1.0000,  0.0000,  0.0000,  0.0000,  0.0000]])
tensor([[-0.4972,  1.0000,  0.0000,  0.0000,  0.0000,  0.0000]])
tensor([[-0.6247,  1.0000,  0.0000,  0.0000,  0.0000,  0.0000]])
tensor([[-0.8230,  1.0000,  0.0000,  0.0000,  0.0000,  0.0000]])
tensor([[-0.8798,  1.0000,  0.0000,  0.0000,  0.0000,  0.0000]])
tensor([[-0.7588,  1.0000,  0.0000,  0.0000,  0.0000,  0.0000]])
tensor([[0.6495, 1.0000, 0.0000, 0.0000, 0.0000, 0.0000]])
tensor([[-0.9268,  1.0000,  0.0000,  0.0000,  0.0000,  0.0000]])
tensor([[-0.7856,  1.0000,  0.0000,  0.0000,  0.0000,  0.0000]])
tensor([[-0.5021,  1.0000,  0.0000,  0.0000,  0.0000,  0.0000]])
tensor([[-0.9786,  1.0000,  0.0000,  0.0000,  0.0000,  0.0000]])
tensor([[-0.8149,  1.0000,  0.0000,  0.0000,  0.0000,  0.0000]])
tensor([[0.2507, 1.0000, 0.0000, 0.0000, 0.0000, 0.0000]])
tensor([[0.0551, 1.0000, 0.0000, 0.0000, 0.0000, 0.0000]])
tensor([[-0.7873,  1.0000,  0.0000,  0.0000,  0.0000,  0.0000]])
tensor([[0.0078, 1.0000, 0.0000, 0.0000, 0.0000, 0.0000]])
tensor([[-0.5818,  1.0000,  0.0000,  0.0000,  0.0000,  0.0000]])
tensor([[-0.4662,  1.0000,  0.0000,  0.0000,  0.0000,  0.0000]])
tensor([[-0.6336,  1.0000,  0.0000,  0.0000,  0.0000,  0.0000]])
tensor([[-0.5143,  1.0000,  0.0000,  0.0000,  0.0000,  0.0000]])
tensor([[-0.5584,  1.0000,  0.0000,  0.0000,  0.0000,  0.0000]])
tensor([[0.9184, 1.0000, 0.0000, 0.0000, 0.0000, 0.0000]])
tensor([[-0.5671,  1.0000,  0.0000,  0.0000,  0.0000,  0.0000]])
tensor([[0.7344, 1.0000, 0.0000, 0.0000, 0.0000, 0.0000]])
tensor([[-0.5232,  1.0000,  0.0000,  0.0000,  0.0000,  0.0000]])
tensor([[0.8060, 1.0000, 0.0000, 0.0000, 0.0000, 0.0000]])
tensor([[-0.9677,  1.0000,  0.0000,  0.0000,  0.0000,  0.0000]])
tensor([[0.3714, 1.0000, 0.0000, 0.0000, 0.0000, 0.0000]])
tensor([[-0.3622,  1.0000,  0.0000,  0.0000,  0.0000,  0.0000]])
tensor([[0.1343, 1.0000, 0.0000, 1.0000, 0.0000, 0.0000]])
tensor([[-0.9726,  1.0000,  0.0000,  0.0000,  0.0000,  0.0000]])
tensor([[-0.7735,  1.0000,  0.0000,  0.0000,  0.0000,  0.0000]])
tensor([[-0.2575,  1.0000,  0.0000,  0.0000,  0.0000,  0.0000]])
tensor([[-0.2541,  1.0000,  0.0000,  0.0000,  0.0000,  0.0000]])
tensor([[-0.4064,  1.0000,  0.0000,  0.0000,  0.0000,  0.0000]])
tensor([[-0.9005,  1.0000,  0.0000,  0.0000,  0.0000,  0.0000]])
tensor([[0.9414, 1.0000, 0.0000, 0.0000, 0.0000, 0.0000]])
tensor([[-0.1629,  1.0000,  0.0000,  0.0000,  0.0000,  0.0000]])
tensor([[-0.6065,  1.0000,  0.0000,  0.0000,  0.0000,  0.0000]])
tensor([[0.0561, 1.0000, 0.0000, 0.0000, 0.0000, 0.0000]])
tensor([[0.5973, 1.0000, 0.0000, 0.0000, 0.0000, 0.0000]])
tensor([[-0.5344,  1.0000,  0.0000,  0.0000,  0.0000,  0.0000]])
tensor([[-0.0184,  1.0000,  0.0000,  0.0000,  0.0000,  0.0000]])
tensor([[-0.7508,  1.0000,  0.0000,  0.0000,  0.0000,  0.0000]])
tensor([[-0.7229,  1.0000,  0.0000,  0.0000,  0.0000,  0.0000]])
tensor([[0.8928, 0.0000, 0.0000, 0.0000, 0.0000, 0.0000]])
tensor([[-0.0252,  1.0000,  0.0000,  0.0000,  0.0000,  0.0000]])
tensor([[0.6870, 1.0000, 0.0000, 0.0000, 0.0000, 0.0000]])
tensor([[-0.3277,  1.0000,  0.0000,  0.0000,  0.0000,  0.0000]])
tensor([[-0.6190,  1.0000,  0.0000,  0.0000,  0.0000,  0.0000]])
tensor([[0.2876, 1.0000, 0.0000, 0.0000, 0.0000, 0.0000]])
tensor([[0.4683, 1.0000, 0.0000, 0.0000, 0.0000, 0.0000]])
tensor([[-0.1555,  1.0000,  0.0000,  0.0000,  0.0000,  0.0000]])
tensor([[-0.9530,  1.0000,  0.0000,  0.0000,  0.0000,  0.0000]])
tensor([[-0.3739,  1.0000,  0.0000,  0.0000,  0.0000,  0.0000]])
tensor([[0.3594, 1.0000, 0.0000, 0.0000, 0.0000, 0.0000]])
tensor([[0.3180, 1.0000, 0.0000, 0.0000, 0.0000, 0.0000]])
tensor([[-0.2855,  1.0000,  0.0000,  0.0000,  0.0000,  0.0000]])
tensor([[0.0662, 1.0000, 0.0000, 0.0000, 0.0000, 0.0000]])
tensor([[-0.1972,  1.0000,  0.0000,  0.0000,  0.0000,  0.0000]])
tensor([[0.4714, 1.0000, 0.0000, 0.0000, 0.0000, 0.0000]])
tensor([[-0.3286,  1.0000,  0.0000,  0.0000,  0.0000,  0.0000]])
tensor([[0.6695, 1.0000, 0.0000, 0.0000, 0.0000, 0.0000]])
tensor([[0.2134, 1.0000, 0.0000, 0.0000, 0.0000, 0.0000]])
tensor([[-0.3607,  1.0000,  0.0000,  0.0000,  0.0000,  0.0000]])
tensor([[0.2853, 1.0000, 0.0000, 0.0000, 0.0000, 0.0000]])
tensor([[-0.9274,  1.0000,  0.0000,  0.0000,  0.0000,  0.0000]])
tensor([[-0.4734,  1.0000,  0.0000,  0.0000,  0.0000,  0.0000]])
tensor([[-0.5266,  1.0000,  0.0000,  0.0000,  0.0000,  0.0000]])
tensor([[0.4406, 1.0000, 0.0000, 0.0000, 0.0000, 0.0000]])
tensor([[-0.5408,  1.0000,  0.0000,  0.0000,  0.0000,  0.0000]])
tensor([[0.7629, 1.0000, 0.0000, 0.0000, 0.0000, 0.0000]])
tensor([[-0.7433,  1.0000,  0.0000,  0.0000,  0.0000,  0.0000]])
tensor([[-0.8249,  1.0000,  0.0000,  0.0000,  0.0000,  0.0000]])
tensor([[0.0211, 1.0000, 1.0000, 0.0000, 0.0000, 0.0000]])
tensor([[-0.2773,  1.0000,  0.0000,  0.0000,  0.0000,  0.0000]])
tensor([[-0.8327,  1.0000,  0.0000,  0.0000,  0.0000,  0.0000]])
tensor([[0.2356, 1.0000, 0.0000, 0.0000, 0.0000, 0.0000]])
tensor([[0.1308, 1.0000, 0.0000, 0.0000, 0.0000, 0.0000]])
tensor([[0.4707, 1.0000, 0.0000, 0.0000, 0.0000, 0.0000]])
tensor([[-0.1961,  1.0000,  0.0000,  0.0000,  0.0000,  0.0000]])
tensor([[-0.4739,  1.0000,  0.0000,  0.0000,  0.0000,  0.0000]])
tensor([[0.6884, 1.0000, 0.0000, 0.0000, 0.0000, 0.0000]])
tensor([[-0.6679,  1.0000,  0.0000,  0.0000,  0.0000,  0.0000]])
tensor([[-0.9020,  1.0000,  0.0000,  0.0000,  0.0000,  0.0000]])
tensor([[-0.2155,  1.0000,  0.0000,  0.0000,  0.0000,  0.0000]])
tensor([[-0.3486,  1.0000,  0.0000,  0.0000,  0.0000,  0.0000]])
tensor([[-0.6101,  1.0000,  0.0000,  0.0000,  0.0000,  0.0000]])
tensor([[-0.1643,  1.0000,  0.0000,  0.0000,  0.0000,  0.0000]])
tensor([[-0.7592,  1.0000,  0.0000,  0.0000,  0.0000,  0.0000]])
tensor([[0.3039, 1.0000, 0.0000, 0.0000, 0.0000, 0.0000]])
tensor([[-0.2880,  1.0000,  0.0000,  0.0000,  0.0000,  0.0000]])
tensor([[-0.6510,  1.0000,  0.0000,  0.0000,  0.0000,  0.0000]])
tensor([[-0.6712,  1.0000,  0.0000,  0.0000,  0.0000,  0.0000]])
tensor([[-0.8326,  1.0000,  0.0000,  0.0000,  0.0000,  0.0000]])
tensor([[-0.5603,  1.0000,  1.0000,  0.0000,  0.0000,  0.0000]])
tensor([[-0.7392,  1.0000,  0.0000,  0.0000,  0.0000,  0.0000]])
tensor([[-0.8941,  1.0000,  0.0000,  0.0000,  0.0000,  0.0000]])
tensor([[-0.9737,  1.0000,  0.0000,  0.0000,  0.0000,  0.0000]])
tensor([[-0.8349,  0.0000,  0.0000,  0.0000,  0.0000,  0.0000]])
tensor([[0.0786, 1.0000, 0.0000, 0.0000, 0.0000, 0.0000]])
tensor([[0.6377, 1.0000, 0.0000, 0.0000, 0.0000, 0.0000]])
tensor([[-0.8229,  1.0000,  0.0000,  0.0000,  0.0000,  0.0000]])
tensor([[0.1148, 1.0000, 0.0000, 0.0000, 0.0000, 0.0000]])
tensor([[0.2402, 1.0000, 0.0000, 0.0000, 0.0000, 0.0000]])
tensor([[0.1012, 0.0000, 0.0000, 0.0000, 0.0000, 0.0000]])
tensor([[-0.1264,  1.0000,  0.0000,  0.0000,  0.0000,  0.0000]])
tensor([[-0.0346,  0.0000,  0.0000,  0.0000,  0.0000,  0.0000]])
tensor([[0.0713, 1.0000, 0.0000, 0.0000, 0.0000, 0.0000]])
tensor([[0.5326, 1.0000, 0.0000, 0.0000, 0.0000, 0.0000]])
tensor([[-0.8074,  1.0000,  0.0000,  0.0000,  0.0000,  0.0000]])
tensor([[0.2864, 1.0000, 0.0000, 0.0000, 0.0000, 0.0000]])
tensor([[-0.7277,  1.0000,  0.0000,  0.0000,  0.0000,  0.0000]])
tensor([[-0.5414,  1.0000,  0.0000,  0.0000,  0.0000,  0.0000]])
tensor([[-0.6546,  1.0000,  0.0000,  1.0000,  0.0000,  0.0000]])
tensor([[-0.5026,  1.0000,  0.0000,  0.0000,  0.0000,  0.0000]])
tensor([[0.4346, 1.0000, 0.0000, 0.0000, 0.0000, 0.0000]])
tensor([[0.8969, 1.0000, 0.0000, 0.0000, 0.0000, 0.0000]])
tensor([[0.3808, 0.0000, 0.0000, 0.0000, 0.0000, 0.0000]])
tensor([[0.5609, 1.0000, 0.0000, 0.0000, 0.0000, 0.0000]])
tensor([[0.8239, 0.0000, 0.0000, 0.0000, 0.0000, 0.0000]])
tensor([[-0.7252,  1.0000,  0.0000,  0.0000,  0.0000,  0.0000]])
tensor([[0.1329, 1.0000, 0.0000, 0.0000, 0.0000, 0.0000]])
tensor([[0.5811, 1.0000, 0.0000, 0.0000, 0.0000, 0.0000]])
tensor([[-0.7566,  1.0000,  0.0000,  0.0000,  0.0000,  0.0000]])
tensor([[-0.1747,  1.0000,  0.0000,  0.0000,  0.0000,  0.0000]])
tensor([[-0.7480,  1.0000,  0.0000,  0.0000,  0.0000,  0.0000]])
tensor([[-0.6945,  1.0000,  1.0000,  0.0000,  0.0000,  0.0000]])
tensor([[0.4169, 1.0000, 0.0000, 0.0000, 0.0000, 0.0000]])
tensor([[0.0408, 1.0000, 0.0000, 0.0000, 0.0000, 0.0000]])
tensor([[0.7580, 1.0000, 1.0000, 0.0000, 0.0000, 0.0000]])
tensor([[-0.3309,  1.0000,  0.0000,  0.0000,  0.0000,  0.0000]])
tensor([[-0.6466,  1.0000,  0.0000,  0.0000,  0.0000,  0.0000]])
tensor([[-0.9212,  1.0000,  0.0000,  0.0000,  0.0000,  0.0000]])
tensor([[-0.7708,  0.0000,  1.0000,  0.0000,  0.0000,  0.0000]])
tensor([[-0.1228,  1.0000,  0.0000,  0.0000,  0.0000,  0.0000]])
tensor([[0.0847, 1.0000, 0.0000, 0.0000, 0.0000, 0.0000]])
tensor([[-0.8144,  1.0000,  0.0000,  0.0000,  0.0000,  0.0000]])
tensor([[-0.6326,  0.0000,  1.0000,  0.0000,  0.0000,  0.0000]])
tensor([[-0.9170,  1.0000,  0.0000,  0.0000,  0.0000,  0.0000]])
tensor([[-0.6149,  1.0000,  0.0000,  0.0000,  0.0000,  0.0000]])
tensor([[-0.6227,  1.0000,  1.0000,  0.0000,  0.0000,  0.0000]])
tensor([[-0.5174,  1.0000,  0.0000,  0.0000,  0.0000,  0.0000]])
tensor([[0.2894, 1.0000, 0.0000, 0.0000, 0.0000, 0.0000]])
tensor([[-0.6662,  1.0000,  0.0000,  0.0000,  0.0000,  0.0000]])
tensor([[0.4956, 1.0000, 0.0000, 0.0000, 0.0000, 0.0000]])
tensor([[-0.9971,  1.0000,  0.0000,  0.0000,  0.0000,  0.0000]])
tensor([[-0.7960,  1.0000,  0.0000,  0.0000,  0.0000,  0.0000]])
tensor([[-0.1217,  1.0000,  1.0000,  0.0000,  0.0000,  0.0000]])
tensor([[0.1944, 1.0000, 0.0000, 0.0000, 0.0000, 0.0000]])
tensor([[-0.3771,  1.0000,  0.0000,  0.0000,  0.0000,  0.0000]])
tensor([[-0.7742,  1.0000,  0.0000,  0.0000,  0.0000,  0.0000]])
tensor([[0.6723, 1.0000, 0.0000, 0.0000, 0.0000, 0.0000]])
tensor([[-0.8067,  1.0000,  0.0000,  0.0000,  0.0000,  0.0000]])
tensor([[-0.6753,  1.0000,  0.0000,  0.0000,  0.0000,  0.0000]])
tensor([[0.3981, 1.0000, 0.0000, 0.0000, 0.0000, 0.0000]])
tensor([[-0.9138,  1.0000,  0.0000,  0.0000,  0.0000,  0.0000]])
tensor([[-0.5779,  1.0000,  0.0000,  0.0000,  0.0000,  0.0000]])
tensor([[-0.9072,  1.0000,  0.0000,  0.0000,  0.0000,  0.0000]])
tensor([[-0.6656,  1.0000,  0.0000,  0.0000,  0.0000,  0.0000]])
tensor([[-0.9153,  1.0000,  0.0000,  0.0000,  0.0000,  0.0000]])
tensor([[0.7359, 1.0000, 0.0000, 1.0000, 0.0000, 0.0000]])
tensor([[-0.5609,  1.0000,  0.0000,  0.0000,  0.0000,  0.0000]])
tensor([[0.5478, 1.0000, 0.0000, 0.0000, 0.0000, 0.0000]])
tensor([[0.4266, 1.0000, 0.0000, 0.0000, 0.0000, 0.0000]])
tensor([[0.8974, 1.0000, 0.0000, 0.0000, 0.0000, 0.0000]])
tensor([[0.3010, 1.0000, 0.0000, 0.0000, 0.0000, 0.0000]])
tensor([[-0.5415,  1.0000,  0.0000,  0.0000,  0.0000,  0.0000]])
tensor([[0.2488, 1.0000, 0.0000, 0.0000, 0.0000, 0.0000]])
tensor([[-0.7528,  1.0000,  0.0000,  0.0000,  0.0000,  0.0000]])
tensor([[-0.2327,  1.0000,  0.0000,  0.0000,  0.0000,  0.0000]])
tensor([[0.0181, 1.0000, 0.0000, 0.0000, 0.0000, 0.0000]])
tensor([[-0.9572,  1.0000,  0.0000,  0.0000,  0.0000,  0.0000]])
tensor([[-0.8669,  0.0000,  0.0000,  0.0000,  0.0000,  0.0000]])
tensor([[-0.8176,  1.0000,  0.0000,  0.0000,  0.0000,  0.0000]])
tensor([[-0.1810,  1.0000,  0.0000,  0.0000,  0.0000,  0.0000]])
tensor([[-0.9606,  1.0000,  0.0000,  0.0000,  0.0000,  0.0000]])
tensor([[-0.8555,  1.0000,  0.0000,  0.0000,  0.0000,  0.0000]])
tensor([[-0.2699,  1.0000,  0.0000,  0.0000,  0.0000,  0.0000]])
tensor([[-0.8620,  1.0000,  0.0000,  0.0000,  0.0000,  0.0000]])
tensor([[0.5996, 1.0000, 0.0000, 0.0000, 0.0000, 0.0000]])
tensor([[-0.9482,  1.0000,  0.0000,  0.0000,  0.0000,  0.0000]])
tensor([[-0.3532,  0.0000,  1.0000,  0.0000,  0.0000,  0.0000]])
tensor([[-0.7742,  1.0000,  0.0000,  0.0000,  0.0000,  0.0000]])
tensor([[-0.0494,  1.0000,  0.0000,  0.0000,  0.0000,  0.0000]])
tensor([[-0.9623,  1.0000,  0.0000,  0.0000,  0.0000,  0.0000]])
tensor([[0.7669, 1.0000, 0.0000, 0.0000, 0.0000, 0.0000]])
tensor([[-0.9786,  1.0000,  1.0000,  0.0000,  0.0000,  0.0000]])
tensor([[0.0754, 1.0000, 0.0000, 0.0000, 0.0000, 0.0000]])
tensor([[-0.0085,  1.0000,  0.0000,  0.0000,  0.0000,  0.0000]])
tensor([[-0.3416,  1.0000,  0.0000,  0.0000,  0.0000,  0.0000]])
tensor([[-0.0910,  1.0000,  0.0000,  0.0000,  0.0000,  0.0000]])
tensor([[-0.6573,  1.0000,  0.0000,  0.0000,  0.0000,  0.0000]])
tensor([[-0.6282,  1.0000,  1.0000,  0.0000,  0.0000,  0.0000]])
tensor([[-0.5967,  1.0000,  0.0000,  0.0000,  0.0000,  0.0000]])
tensor([[-0.7844,  1.0000,  0.0000,  0.0000,  0.0000,  0.0000]])
tensor([[0.8365, 1.0000, 0.0000, 0.0000, 0.0000, 0.0000]])
tensor([[-0.8346,  1.0000,  0.0000,  0.0000,  0.0000,  0.0000]])
tensor([[-0.5364,  1.0000,  0.0000,  0.0000,  0.0000,  0.0000]])
tensor([[-0.5542,  1.0000,  0.0000,  0.0000,  0.0000,  0.0000]])
tensor([[-0.1592,  1.0000,  0.0000,  0.0000,  0.0000,  0.0000]])
tensor([[-0.8456,  1.0000,  0.0000,  0.0000,  0.0000,  0.0000]])
tensor([[0.3137, 1.0000, 0.0000, 0.0000, 0.0000, 0.0000]])
tensor([[-0.9008,  1.0000,  0.0000,  0.0000,  0.0000,  0.0000]])
tensor([[-0.1080,  1.0000,  0.0000,  0.0000,  0.0000,  0.0000]])
tensor([[0.6557, 1.0000, 0.0000, 0.0000, 0.0000, 0.0000]])
tensor([[-0.7225,  1.0000,  1.0000,  0.0000,  0.0000,  0.0000]])
tensor([[-0.9250,  1.0000,  0.0000,  0.0000,  0.0000,  0.0000]])
tensor([[-0.9714,  1.0000,  0.0000,  0.0000,  0.0000,  0.0000]])
tensor([[-0.7809,  1.0000,  0.0000,  0.0000,  0.0000,  0.0000]])
tensor([[-0.7671,  1.0000,  0.0000,  0.0000,  0.0000,  0.0000]])
tensor([[-0.9951,  1.0000,  0.0000,  0.0000,  0.0000,  0.0000]])
tensor([[-0.8618,  1.0000,  1.0000,  0.0000,  0.0000,  0.0000]])
tensor([[0.5118, 1.0000, 0.0000, 0.0000, 0.0000, 0.0000]])
tensor([[0.1885, 1.0000, 0.0000, 0.0000, 0.0000, 0.0000]])
tensor([[0.9145, 1.0000, 0.0000, 0.0000, 0.0000, 0.0000]])
tensor([[-0.7415,  1.0000,  0.0000,  0.0000,  0.0000,  0.0000]])
tensor([[-0.9701,  1.0000,  0.0000,  0.0000,  0.0000,  0.0000]])
tensor([[-0.1705,  1.0000,  0.0000,  0.0000,  0.0000,  0.0000]])
tensor([[-0.9168,  1.0000,  0.0000,  0.0000,  0.0000,  0.0000]])
tensor([[0.5380, 1.0000, 0.0000, 0.0000, 0.0000, 0.0000]])
tensor([[0.5352, 1.0000, 0.0000, 0.0000, 0.0000, 0.0000]])
tensor([[-0.6885,  1.0000,  0.0000,  0.0000,  0.0000,  0.0000]])
tensor([[-0.9769,  1.0000,  0.0000,  0.0000,  0.0000,  0.0000]])
tensor([[0.1450, 1.0000, 1.0000, 0.0000, 0.0000, 0.0000]])
tensor([[0.0932, 1.0000, 0.0000, 0.0000, 0.0000, 0.0000]])
tensor([[0.9609, 1.0000, 0.0000, 0.0000, 0.0000, 0.0000]])
tensor([[-0.3013,  1.0000,  0.0000,  0.0000,  0.0000,  0.0000]])
tensor([[-0.4821,  1.0000,  0.0000,  0.0000,  0.0000,  0.0000]])
tensor([[0.5288, 1.0000, 0.0000, 0.0000, 0.0000, 0.0000]])
tensor([[-0.8575,  1.0000,  0.0000,  0.0000,  0.0000,  0.0000]])
tensor([[-0.2339,  1.0000,  0.0000,  0.0000,  0.0000,  0.0000]])
tensor([[-0.6789,  1.0000,  0.0000,  0.0000,  0.0000,  0.0000]])
tensor([[-0.1792,  1.0000,  0.0000,  0.0000,  0.0000,  0.0000]])
tensor([[-0.3659,  1.0000,  0.0000,  0.0000,  0.0000,  0.0000]])
tensor([[-0.0165,  1.0000,  1.0000,  0.0000,  0.0000,  0.0000]])
tensor([[-0.8130,  1.0000,  0.0000,  0.0000,  0.0000,  0.0000]])
tensor([[-0.7779,  1.0000,  0.0000,  0.0000,  0.0000,  0.0000]])
tensor([[-0.8545,  1.0000,  0.0000,  0.0000,  0.0000,  0.0000]])
tensor([[-0.3818,  1.0000,  1.0000,  0.0000,  0.0000,  0.0000]])
tensor([[0.8463, 1.0000, 0.0000, 0.0000, 0.0000, 0.0000]])
tensor([[-0.8961,  1.0000,  0.0000,  0.0000,  0.0000,  0.0000]])
tensor([[-0.9568,  1.0000,  0.0000,  0.0000,  0.0000,  0.0000]])
tensor([[0.6738, 1.0000, 0.0000, 0.0000, 0.0000, 0.0000]])
tensor([[0.0909, 1.0000, 0.0000, 0.0000, 0.0000, 0.0000]])
tensor([[0.7948, 1.0000, 1.0000, 0.0000, 0.0000, 0.0000]])
tensor([[0.8529, 1.0000, 0.0000, 0.0000, 0.0000, 0.0000]])
tensor([[-0.4094,  1.0000,  1.0000,  0.0000,  0.0000,  0.0000]])
tensor([[-0.2406,  1.0000,  0.0000,  0.0000,  0.0000,  0.0000]])
tensor([[0.3885, 1.0000, 0.0000, 0.0000, 0.0000, 0.0000]])
tensor([[0.1707, 1.0000, 0.0000, 0.0000, 0.0000, 0.0000]])
tensor([[-0.3320,  1.0000,  0.0000,  0.0000,  0.0000,  0.0000]])
tensor([[0.5705, 1.0000, 0.0000, 0.0000, 0.0000, 0.0000]])
tensor([[-0.1515,  0.0000,  0.0000,  0.0000,  0.0000,  0.0000]])
tensor([[-0.9622,  1.0000,  0.0000,  0.0000,  0.0000,  0.0000]])
tensor([[0.6613, 1.0000, 1.0000, 0.0000, 0.0000, 0.0000]])
tensor([[-0.0404,  1.0000,  0.0000,  0.0000,  0.0000,  0.0000]])
tensor([[0.2826, 1.0000, 0.0000, 0.0000, 0.0000, 0.0000]])
tensor([[-0.0414,  1.0000,  0.0000,  0.0000,  0.0000,  0.0000]])
tensor([[6.6638e-05, 1.0000e+00, 0.0000e+00, 0.0000e+00, 0.0000e+00, 0.0000e+00]])
tensor([[0.6762, 1.0000, 0.0000, 0.0000, 0.0000, 0.0000]])
tensor([[-0.8769,  1.0000,  0.0000,  0.0000,  0.0000,  0.0000]])
tensor([[0.1675, 1.0000, 1.0000, 0.0000, 0.0000, 0.0000]])
tensor([[0.4503, 1.0000, 0.0000, 0.0000, 0.0000, 0.0000]])
tensor([[-0.4848,  0.0000,  0.0000,  0.0000,  0.0000,  0.0000]])
tensor([[-0.6370,  1.0000,  0.0000,  0.0000,  0.0000,  0.0000]])
tensor([[-0.8530,  1.0000,  0.0000,  0.0000,  0.0000,  0.0000]])
tensor([[-0.7455,  1.0000,  0.0000,  0.0000,  0.0000,  0.0000]])
tensor([[-0.1640,  1.0000,  0.0000,  0.0000,  0.0000,  0.0000]])
tensor([[-0.9441,  1.0000,  0.0000,  0.0000,  0.0000,  0.0000]])
tensor([[-0.9762,  1.0000,  0.0000,  0.0000,  0.0000,  0.0000]])
tensor([[0.0308, 0.0000, 0.0000, 0.0000, 0.0000, 0.0000]])
tensor([[-4.9710e-04,  1.0000e+00,  0.0000e+00,  0.0000e+00,  0.0000e+00,
          0.0000e+00]])
tensor([[0.2171, 1.0000, 1.0000, 0.0000, 0.0000, 0.0000]])
tensor([[-0.6548,  1.0000,  0.0000,  0.0000,  0.0000,  0.0000]])
tensor([[-0.8467,  1.0000,  0.0000,  0.0000,  0.0000,  0.0000]])
tensor([[0.6840, 0.0000, 0.0000, 0.0000, 0.0000, 0.0000]])
tensor([[0.2259, 1.0000, 0.0000, 0.0000, 0.0000, 0.0000]])
tensor([[-0.9462,  1.0000,  0.0000,  0.0000,  0.0000,  0.0000]])
tensor([[0.3526, 1.0000, 0.0000, 0.0000, 0.0000, 0.0000]])
tensor([[-0.9776,  1.0000,  0.0000,  0.0000,  0.0000,  0.0000]])
tensor([[-0.9367,  0.0000,  0.0000,  0.0000,  0.0000,  0.0000]])
tensor([[-0.4269,  1.0000,  0.0000,  0.0000,  0.0000,  0.0000]])
tensor([[0.0854, 1.0000, 0.0000, 0.0000, 0.0000, 0.0000]])
tensor([[-0.8473,  1.0000,  0.0000,  0.0000,  0.0000,  0.0000]])
tensor([[-0.5395,  1.0000,  0.0000,  0.0000,  0.0000,  0.0000]])
tensor([[-0.0853,  0.0000,  0.0000,  0.0000,  0.0000,  0.0000]])
tensor([[-0.0974,  1.0000,  0.0000,  0.0000,  0.0000,  0.0000]])
tensor([[-0.1131,  1.0000,  0.0000,  0.0000,  0.0000,  0.0000]])
tensor([[-0.0382,  1.0000,  0.0000,  0.0000,  0.0000,  0.0000]])
tensor([[-0.2701,  1.0000,  0.0000,  0.0000,  0.0000,  0.0000]])
tensor([[-0.9452,  1.0000,  0.0000,  0.0000,  0.0000,  0.0000]])
tensor([[0.3215, 1.0000, 0.0000, 0.0000, 0.0000, 0.0000]])
tensor([[-0.8338,  1.0000,  0.0000,  0.0000,  0.0000,  0.0000]])
tensor([[-0.9260,  1.0000,  0.0000,  0.0000,  0.0000,  0.0000]])
tensor([[-0.8333,  1.0000,  0.0000,  0.0000,  0.0000,  0.0000]])
tensor([[-0.8451,  1.0000,  0.0000,  0.0000,  0.0000,  0.0000]])
tensor([[-0.5763,  1.0000,  0.0000,  0.0000,  0.0000,  0.0000]])
tensor([[0.2843, 1.0000, 0.0000, 0.0000, 0.0000, 0.0000]])
tensor([[0.4223, 1.0000, 0.0000, 0.0000, 0.0000, 0.0000]])
tensor([[-0.5153,  1.0000,  0.0000,  0.0000,  0.0000,  0.0000]])
tensor([[-0.5614,  1.0000,  0.0000,  0.0000,  0.0000,  0.0000]])
tensor([[-0.2483,  1.0000,  0.0000,  0.0000,  0.0000,  0.0000]])
tensor([[-0.7533,  1.0000,  0.0000,  0.0000,  0.0000,  0.0000]])
tensor([[0.4087, 1.0000, 0.0000, 0.0000, 0.0000, 0.0000]])
tensor([[0.8859, 1.0000, 0.0000, 0.0000, 0.0000, 0.0000]])
tensor([[-0.6245,  1.0000,  0.0000,  0.0000,  0.0000,  0.0000]])
tensor([[0.1573, 1.0000, 0.0000, 0.0000, 0.0000, 0.0000]])
tensor([[-0.7666,  1.0000,  0.0000,  0.0000,  0.0000,  0.0000]])
tensor([[-0.7090,  1.0000,  0.0000,  0.0000,  0.0000,  0.0000]])
tensor([[0.8779, 1.0000, 0.0000, 0.0000, 0.0000, 0.0000]])
tensor([[-0.9447,  1.0000,  0.0000,  0.0000,  0.0000,  0.0000]])
tensor([[0.3076, 1.0000, 0.0000, 0.0000, 0.0000, 0.0000]])
tensor([[-0.3254,  1.0000,  0.0000,  0.0000,  0.0000,  0.0000]])
tensor([[0.7278, 1.0000, 0.0000, 0.0000, 0.0000, 0.0000]])
tensor([[-0.8170,  1.0000,  0.0000,  0.0000,  0.0000,  0.0000]])
tensor([[0.6005, 1.0000, 1.0000, 0.0000, 0.0000, 0.0000]])
tensor([[-0.0136,  1.0000,  0.0000,  0.0000,  0.0000,  0.0000]])
tensor([[0.8340, 1.0000, 0.0000, 0.0000, 0.0000, 0.0000]])
tensor([[-0.2520,  1.0000,  0.0000,  0.0000,  0.0000,  0.0000]])
tensor([[-0.7699,  1.0000,  0.0000,  0.0000,  0.0000,  0.0000]])
tensor([[-0.1778,  1.0000,  0.0000,  0.0000,  0.0000,  0.0000]])
tensor([[-0.6669,  1.0000,  0.0000,  0.0000,  0.0000,  0.0000]])
tensor([[-0.4619,  1.0000,  0.0000,  0.0000,  0.0000,  0.0000]])
tensor([[-0.9039,  1.0000,  0.0000,  0.0000,  0.0000,  0.0000]])
tensor([[-0.9092,  1.0000,  0.0000,  0.0000,  0.0000,  0.0000]])
tensor([[-0.0707,  1.0000,  0.0000,  0.0000,  0.0000,  0.0000]])
tensor([[-0.8943,  1.0000,  0.0000,  0.0000,  0.0000,  0.0000]])
tensor([[-0.2473,  1.0000,  0.0000,  0.0000,  0.0000,  0.0000]])
tensor([[0.1685, 1.0000, 0.0000, 0.0000, 0.0000, 0.0000]])
tensor([[-0.9642,  1.0000,  0.0000,  0.0000,  0.0000,  0.0000]])
tensor([[-0.3717,  1.0000,  0.0000,  0.0000,  0.0000,  0.0000]])
tensor([[-0.4231,  1.0000,  0.0000,  0.0000,  0.0000,  0.0000]])
tensor([[-0.3631,  1.0000,  0.0000,  0.0000,  0.0000,  0.0000]])
tensor([[-0.7365,  1.0000,  1.0000,  0.0000,  0.0000,  0.0000]])
tensor([[0.4173, 1.0000, 1.0000, 0.0000, 0.0000, 0.0000]])
tensor([[-0.0442,  1.0000,  1.0000,  0.0000,  0.0000,  0.0000]])
tensor([[-0.0765,  1.0000,  0.0000,  0.0000,  0.0000,  0.0000]])
tensor([[0.3433, 1.0000, 0.0000, 0.0000, 0.0000, 0.0000]])
tensor([[-0.8289,  1.0000,  0.0000,  0.0000,  0.0000,  0.0000]])
tensor([[0.9064, 1.0000, 1.0000, 0.0000, 0.0000, 0.0000]])
tensor([[0.1771, 1.0000, 0.0000, 0.0000, 0.0000, 0.0000]])
tensor([[-0.9523,  1.0000,  0.0000,  0.0000,  0.0000,  0.0000]])
tensor([[-0.3033,  1.0000,  0.0000,  0.0000,  0.0000,  0.0000]])
tensor([[-0.3067,  1.0000,  0.0000,  0.0000,  0.0000,  0.0000]])
tensor([[-0.9587,  0.0000,  0.0000,  0.0000,  0.0000,  0.0000]])
tensor([[0.7564, 1.0000, 0.0000, 0.0000, 0.0000, 0.0000]])
tensor([[-0.9424,  1.0000,  0.0000,  0.0000,  0.0000,  0.0000]])
tensor([[-0.4607,  1.0000,  0.0000,  0.0000,  0.0000,  0.0000]])
tensor([[-0.4495,  1.0000,  0.0000,  0.0000,  0.0000,  0.0000]])
tensor([[-0.8410,  1.0000,  0.0000,  0.0000,  0.0000,  0.0000]])
tensor([[-0.1541,  1.0000,  0.0000,  0.0000,  0.0000,  0.0000]])
tensor([[-0.5274,  1.0000,  0.0000,  0.0000,  0.0000,  0.0000]])
tensor([[0.7039, 1.0000, 0.0000, 0.0000, 0.0000, 0.0000]])
tensor([[-0.6054,  1.0000,  0.0000,  0.0000,  0.0000,  0.0000]])
tensor([[-0.2382,  1.0000,  0.0000,  0.0000,  0.0000,  0.0000]])
tensor([[-0.7013,  1.0000,  0.0000,  0.0000,  0.0000,  0.0000]])
tensor([[-0.6523,  1.0000,  1.0000,  0.0000,  0.0000,  0.0000]])
tensor([[0.3342, 1.0000, 0.0000, 0.0000, 0.0000, 0.0000]])
tensor([[-0.9728,  1.0000,  0.0000,  0.0000,  0.0000,  0.0000]])
tensor([[-0.3264,  1.0000,  0.0000,  0.0000,  0.0000,  0.0000]])
tensor([[-0.5351,  1.0000,  0.0000,  0.0000,  0.0000,  0.0000]])
tensor([[0.6446, 1.0000, 1.0000, 0.0000, 0.0000, 0.0000]])
tensor([[0.0582, 1.0000, 0.0000, 0.0000, 0.0000, 0.0000]])
tensor([[-0.9709,  1.0000,  0.0000,  0.0000,  0.0000,  0.0000]])
tensor([[-0.7322,  1.0000,  0.0000,  0.0000,  0.0000,  0.0000]])
tensor([[-0.5322,  1.0000,  0.0000,  0.0000,  0.0000,  0.0000]])
tensor([[-0.4458,  1.0000,  0.0000,  0.0000,  0.0000,  0.0000]])
tensor([[0.5917, 1.0000, 0.0000, 0.0000, 0.0000, 0.0000]])
tensor([[-0.3122,  1.0000,  0.0000,  0.0000,  0.0000,  0.0000]])
tensor([[0.4128, 1.0000, 0.0000, 0.0000, 0.0000, 0.0000]])
tensor([[-0.8471,  1.0000,  0.0000,  0.0000,  0.0000,  0.0000]])
tensor([[0.4193, 1.0000, 0.0000, 0.0000, 0.0000, 0.0000]])
tensor([[0.8315, 1.0000, 0.0000, 0.0000, 0.0000, 0.0000]])
tensor([[-0.7582,  1.0000,  0.0000,  0.0000,  0.0000,  0.0000]])
tensor([[-0.2121,  1.0000,  0.0000,  0.0000,  0.0000,  0.0000]])
tensor([[-0.2524,  0.0000,  0.0000,  0.0000,  0.0000,  0.0000]])
tensor([[0.9899, 1.0000, 0.0000, 0.0000, 0.0000, 0.0000]])
tensor([[-0.1017,  1.0000,  0.0000,  0.0000,  0.0000,  0.0000]])
tensor([[0.3714, 1.0000, 0.0000, 0.0000, 0.0000, 0.0000]])
tensor([[0.4519, 1.0000, 0.0000, 0.0000, 0.0000, 0.0000]])
tensor([[0.5533, 1.0000, 1.0000, 0.0000, 0.0000, 0.0000]])
tensor([[0.1566, 1.0000, 0.0000, 0.0000, 0.0000, 0.0000]])
tensor([[-0.7567,  1.0000,  0.0000,  0.0000,  0.0000,  0.0000]])
tensor([[-0.1794,  1.0000,  0.0000,  0.0000,  0.0000,  0.0000]])
tensor([[0.0964, 1.0000, 0.0000, 0.0000, 0.0000, 0.0000]])
tensor([[0.4236, 1.0000, 0.0000, 0.0000, 0.0000, 0.0000]])
tensor([[0.1192, 1.0000, 0.0000, 0.0000, 0.0000, 0.0000]])
tensor([[-0.8664,  1.0000,  0.0000,  0.0000,  0.0000,  0.0000]])
tensor([[-0.8132,  1.0000,  0.0000,  0.0000,  0.0000,  0.0000]])
tensor([[-0.6811,  1.0000,  0.0000,  0.0000,  0.0000,  0.0000]])
tensor([[0.0459, 1.0000, 0.0000, 0.0000, 0.0000, 0.0000]])
tensor([[0.1421, 1.0000, 0.0000, 0.0000, 0.0000, 0.0000]])
tensor([[-0.7872,  1.0000,  0.0000,  0.0000,  0.0000,  0.0000]])
tensor([[-0.8065,  1.0000,  0.0000,  0.0000,  0.0000,  0.0000]])
tensor([[-0.8792,  1.0000,  0.0000,  0.0000,  0.0000,  0.0000]])
tensor([[0.7646, 1.0000, 0.0000, 0.0000, 0.0000, 0.0000]])
tensor([[0.0844, 1.0000, 0.0000, 0.0000, 0.0000, 0.0000]])
tensor([[-0.9005,  1.0000,  0.0000,  0.0000,  0.0000,  0.0000]])
tensor([[-0.5010,  1.0000,  0.0000,  0.0000,  0.0000,  0.0000]])
tensor([[-0.7769,  1.0000,  0.0000,  0.0000,  0.0000,  0.0000]])
tensor([[-0.5802,  1.0000,  0.0000,  0.0000,  0.0000,  0.0000]])
tensor([[-0.9632,  1.0000,  0.0000,  0.0000,  0.0000,  0.0000]])
tensor([[-0.9934,  1.0000,  0.0000,  0.0000,  0.0000,  0.0000]])
tensor([[0.9286, 1.0000, 0.0000, 0.0000, 0.0000, 0.0000]])
tensor([[-0.9069,  1.0000,  0.0000,  0.0000,  0.0000,  0.0000]])
tensor([[-0.3142,  1.0000,  0.0000,  0.0000,  0.0000,  0.0000]])
tensor([[-0.8110,  1.0000,  0.0000,  0.0000,  0.0000,  0.0000]])
tensor([[-0.4435,  1.0000,  0.0000,  0.0000,  0.0000,  0.0000]])
tensor([[-0.4438,  1.0000,  0.0000,  0.0000,  0.0000,  0.0000]])
tensor([[-0.7382,  1.0000,  0.0000,  0.0000,  0.0000,  0.0000]])
tensor([[-0.1172,  1.0000,  0.0000,  0.0000,  0.0000,  0.0000]])
tensor([[0.7123, 1.0000, 0.0000, 0.0000, 0.0000, 0.0000]])
tensor([[-0.8254,  1.0000,  0.0000,  0.0000,  0.0000,  0.0000]])
tensor([[-0.7577,  1.0000,  0.0000,  0.0000,  0.0000,  0.0000]])
tensor([[-0.4323,  1.0000,  0.0000,  0.0000,  0.0000,  0.0000]])
tensor([[-0.2794,  1.0000,  0.0000,  0.0000,  0.0000,  0.0000]])
tensor([[-0.4128,  1.0000,  0.0000,  0.0000,  0.0000,  0.0000]])
tensor([[0.8666, 1.0000, 0.0000, 0.0000, 0.0000, 0.0000]])
tensor([[-0.8796,  1.0000,  0.0000,  0.0000,  0.0000,  0.0000]])
tensor([[0.1024, 1.0000, 0.0000, 0.0000, 0.0000, 0.0000]])
tensor([[0.7720, 1.0000, 1.0000, 0.0000, 0.0000, 0.0000]])
tensor([[-0.0405,  1.0000,  0.0000,  0.0000,  0.0000,  0.0000]])
tensor([[0.8426, 1.0000, 0.0000, 0.0000, 0.0000, 0.0000]])
tensor([[-0.2644,  1.0000,  1.0000,  0.0000,  0.0000,  0.0000]])
tensor([[0.5987, 1.0000, 0.0000, 0.0000, 0.0000, 0.0000]])
tensor([[-0.1122,  1.0000,  0.0000,  0.0000,  0.0000,  0.0000]])
tensor([[0.7719, 1.0000, 0.0000, 0.0000, 0.0000, 0.0000]])
tensor([[-0.6960,  1.0000,  0.0000,  0.0000,  0.0000,  0.0000]])
tensor([[0.1759, 1.0000, 0.0000, 0.0000, 0.0000, 0.0000]])
tensor([[-0.8772,  1.0000,  0.0000,  0.0000,  0.0000,  0.0000]])
tensor([[0.7187, 1.0000, 0.0000, 0.0000, 0.0000, 0.0000]])
tensor([[-0.9416,  1.0000,  0.0000,  0.0000,  0.0000,  0.0000]])
tensor([[-0.9378,  1.0000,  0.0000,  0.0000,  0.0000,  0.0000]])
tensor([[0.0085, 1.0000, 0.0000, 0.0000, 0.0000, 0.0000]])
tensor([[-0.8252,  1.0000,  0.0000,  0.0000,  0.0000,  0.0000]])
tensor([[-0.1280,  1.0000,  0.0000,  0.0000,  0.0000,  0.0000]])
tensor([[0.4780, 1.0000, 0.0000, 0.0000, 0.0000, 0.0000]])
tensor([[-0.4168,  1.0000,  0.0000,  0.0000,  0.0000,  0.0000]])
tensor([[-0.4303,  1.0000,  0.0000,  0.0000,  0.0000,  0.0000]])
tensor([[0.4164, 1.0000, 0.0000, 0.0000, 0.0000, 0.0000]])
tensor([[0.0043, 1.0000, 0.0000, 0.0000, 0.0000, 0.0000]])
tensor([[-0.6822,  1.0000,  0.0000,  0.0000,  0.0000,  0.0000]])
tensor([[0.2605, 1.0000, 0.0000, 0.0000, 0.0000, 0.0000]])
tensor([[0.5108, 1.0000, 0.0000, 0.0000, 0.0000, 0.0000]])
tensor([[-0.8106,  1.0000,  0.0000,  0.0000,  0.0000,  0.0000]])
tensor([[0.0999, 1.0000, 0.0000, 0.0000, 0.0000, 0.0000]])
tensor([[-0.3425,  1.0000,  0.0000,  0.0000,  0.0000,  0.0000]])
tensor([[-0.9792,  1.0000,  0.0000,  0.0000,  0.0000,  0.0000]])
tensor([[-0.8511,  1.0000,  0.0000,  0.0000,  0.0000,  0.0000]])
tensor([[4.6128e-04, 1.0000e+00, 0.0000e+00, 0.0000e+00, 0.0000e+00, 0.0000e+00]])
tensor([[0.0438, 1.0000, 0.0000, 0.0000, 0.0000, 0.0000]])
tensor([[-0.9443,  1.0000,  0.0000,  0.0000,  0.0000,  0.0000]])
tensor([[-0.9421,  1.0000,  0.0000,  0.0000,  0.0000,  0.0000]])
tensor([[-0.9462,  1.0000,  0.0000,  0.0000,  0.0000,  0.0000]])
tensor([[2.0015e-04, 1.0000e+00, 0.0000e+00, 0.0000e+00, 0.0000e+00, 0.0000e+00]])
tensor([[0.8126, 1.0000, 0.0000, 0.0000, 0.0000, 0.0000]])
tensor([[-0.8809,  1.0000,  0.0000,  0.0000,  0.0000,  0.0000]])
tensor([[0.3561, 1.0000, 0.0000, 0.0000, 0.0000, 0.0000]])
tensor([[-0.2163,  1.0000,  0.0000,  0.0000,  0.0000,  0.0000]])
tensor([[0.9659, 1.0000, 0.0000, 0.0000, 0.0000, 0.0000]])
tensor([[-0.6104,  1.0000,  0.0000,  0.0000,  0.0000,  0.0000]])
tensor([[-0.7665,  1.0000,  0.0000,  0.0000,  0.0000,  0.0000]])
tensor([[-0.6776,  1.0000,  0.0000,  0.0000,  0.0000,  0.0000]])
tensor([[-0.1809,  1.0000,  0.0000,  0.0000,  0.0000,  0.0000]])
tensor([[-0.9885,  1.0000,  0.0000,  0.0000,  0.0000,  0.0000]])
tensor([[-0.3420,  1.0000,  0.0000,  0.0000,  0.0000,  0.0000]])
tensor([[-0.7994,  1.0000,  0.0000,  0.0000,  0.0000,  0.0000]])
tensor([[-0.6458,  1.0000,  0.0000,  0.0000,  0.0000,  0.0000]])
tensor([[-0.3735,  1.0000,  0.0000,  0.0000,  0.0000,  0.0000]])
tensor([[0.5080, 1.0000, 0.0000, 0.0000, 0.0000, 0.0000]])
tensor([[-0.7754,  1.0000,  0.0000,  0.0000,  0.0000,  0.0000]])
tensor([[-0.1159,  1.0000,  0.0000,  0.0000,  0.0000,  0.0000]])
tensor([[0.7612, 1.0000, 0.0000, 0.0000, 0.0000, 0.0000]])
tensor([[0.4623, 1.0000, 0.0000, 0.0000, 0.0000, 0.0000]])
tensor([[-0.9930,  1.0000,  0.0000,  0.0000,  0.0000,  0.0000]])
tensor([[-0.5044,  1.0000,  0.0000,  0.0000,  0.0000,  0.0000]])
tensor([[-0.9207,  1.0000,  0.0000,  0.0000,  0.0000,  0.0000]])
tensor([[-0.9039,  1.0000,  0.0000,  0.0000,  0.0000,  0.0000]])
tensor([[0.5240, 1.0000, 0.0000, 0.0000, 0.0000, 0.0000]])
tensor([[-0.6556,  1.0000,  0.0000,  0.0000,  0.0000,  0.0000]])
tensor([[0.5503, 1.0000, 0.0000, 0.0000, 0.0000, 0.0000]])
tensor([[0.8759, 1.0000, 0.0000, 0.0000, 0.0000, 0.0000]])
tensor([[-0.0699,  1.0000,  0.0000,  0.0000,  0.0000,  0.0000]])
tensor([[0.8406, 1.0000, 0.0000, 0.0000, 0.0000, 0.0000]])
tensor([[-0.9383,  1.0000,  0.0000,  0.0000,  0.0000,  0.0000]])
tensor([[-0.4548,  1.0000,  0.0000,  0.0000,  0.0000,  0.0000]])
tensor([[0.5597, 0.0000, 0.0000, 0.0000, 0.0000, 0.0000]])
tensor([[-0.0455,  1.0000,  0.0000,  0.0000,  0.0000,  0.0000]])
tensor([[-0.5424,  1.0000,  0.0000,  0.0000,  0.0000,  0.0000]])
tensor([[-0.9174,  1.0000,  0.0000,  0.0000,  0.0000,  0.0000]])
tensor([[0.0425, 1.0000, 0.0000, 0.0000, 0.0000, 0.0000]])
tensor([[-0.7760,  1.0000,  0.0000,  0.0000,  0.0000,  0.0000]])
tensor([[-0.2671,  1.0000,  0.0000,  0.0000,  0.0000,  0.0000]])
tensor([[-0.7901,  1.0000,  0.0000,  0.0000,  0.0000,  0.0000]])
tensor([[-0.8240,  1.0000,  0.0000,  0.0000,  0.0000,  0.0000]])
tensor([[-0.4173,  1.0000,  0.0000,  0.0000,  0.0000,  0.0000]])
tensor([[-0.8393,  1.0000,  0.0000,  0.0000,  0.0000,  0.0000]])
tensor([[0.6798, 1.0000, 0.0000, 0.0000, 0.0000, 0.0000]])
tensor([[0.7891, 1.0000, 0.0000, 0.0000, 0.0000, 0.0000]])
tensor([[-0.2269,  1.0000,  0.0000,  0.0000,  0.0000,  0.0000]])
tensor([[0.3132, 1.0000, 0.0000, 0.0000, 0.0000, 0.0000]])
tensor([[0.2242, 1.0000, 0.0000, 0.0000, 0.0000, 0.0000]])
tensor([[-0.8617,  0.0000,  0.0000,  0.0000,  0.0000,  0.0000]])
tensor([[-0.8653,  1.0000,  0.0000,  0.0000,  0.0000,  0.0000]])
tensor([[-0.7828,  1.0000,  0.0000,  0.0000,  0.0000,  0.0000]])
tensor([[-0.2723,  1.0000,  0.0000,  0.0000,  0.0000,  0.0000]])
tensor([[-0.5208,  1.0000,  0.0000,  0.0000,  0.0000,  0.0000]])
tensor([[-0.7549,  1.0000,  0.0000,  0.0000,  0.0000,  0.0000]])
tensor([[-0.9271,  1.0000,  0.0000,  0.0000,  0.0000,  0.0000]])
tensor([[-0.7091,  1.0000,  0.0000,  0.0000,  0.0000,  0.0000]])
tensor([[-0.0802,  1.0000,  0.0000,  0.0000,  0.0000,  0.0000]])
tensor([[-0.1080,  1.0000,  0.0000,  0.0000,  0.0000,  0.0000]])
tensor([[0.5233, 1.0000, 0.0000, 0.0000, 0.0000, 0.0000]])
tensor([[-0.0449,  1.0000,  0.0000,  0.0000,  0.0000,  0.0000]])
tensor([[0.7431, 1.0000, 0.0000, 0.0000, 0.0000, 0.0000]])
tensor([[-0.3948,  1.0000,  0.0000,  0.0000,  0.0000,  0.0000]])
tensor([[0.1316, 0.0000, 0.0000, 0.0000, 0.0000, 0.0000]])
tensor([[0.3880, 1.0000, 0.0000, 0.0000, 0.0000, 0.0000]])
tensor([[-0.4313,  0.0000,  0.0000,  0.0000,  0.0000,  0.0000]])
tensor([[-0.3423,  1.0000,  0.0000,  0.0000,  0.0000,  0.0000]])
tensor([[-0.9073,  1.0000,  0.0000,  0.0000,  0.0000,  0.0000]])
tensor([[0.5108, 1.0000, 0.0000, 0.0000, 0.0000, 0.0000]])
tensor([[-0.1299,  1.0000,  0.0000,  0.0000,  0.0000,  0.0000]])
tensor([[-0.8507,  1.0000,  0.0000,  0.0000,  0.0000,  0.0000]])
tensor([[0.4436, 1.0000, 0.0000, 0.0000, 0.0000, 0.0000]])
tensor([[0.5314, 1.0000, 0.0000, 0.0000, 0.0000, 0.0000]])
tensor([[-0.9126,  1.0000,  0.0000,  0.0000,  0.0000,  0.0000]])
tensor([[-0.0045,  1.0000,  0.0000,  0.0000,  0.0000,  0.0000]])
tensor([[0.1745, 1.0000, 0.0000, 0.0000, 0.0000, 0.0000]])
tensor([[0.4491, 1.0000, 0.0000, 0.0000, 0.0000, 0.0000]])
tensor([[-0.1892,  1.0000,  0.0000,  0.0000,  0.0000,  0.0000]])
tensor([[-0.9391,  1.0000,  0.0000,  0.0000,  0.0000,  0.0000]])
tensor([[0.0056, 1.0000, 0.0000, 0.0000, 0.0000, 0.0000]])
tensor([[-0.1426,  1.0000,  0.0000,  0.0000,  0.0000,  0.0000]])
tensor([[-0.6531,  1.0000,  1.0000,  0.0000,  0.0000,  0.0000]])
tensor([[0.3436, 1.0000, 0.0000, 0.0000, 0.0000, 0.0000]])
tensor([[-0.3369,  1.0000,  0.0000,  0.0000,  0.0000,  0.0000]])
tensor([[0.2769, 1.0000, 0.0000, 0.0000, 0.0000, 0.0000]])
tensor([[-0.2001,  1.0000,  0.0000,  0.0000,  0.0000,  0.0000]])
tensor([[-0.1658,  1.0000,  0.0000,  0.0000,  0.0000,  0.0000]])
tensor([[-0.6620,  1.0000,  0.0000,  1.0000,  0.0000,  0.0000]])
tensor([[0.7861, 1.0000, 1.0000, 0.0000, 0.0000, 0.0000]])
tensor([[-0.5493,  1.0000,  0.0000,  0.0000,  0.0000,  0.0000]])
tensor([[-0.0145,  1.0000,  0.0000,  1.0000,  0.0000,  0.0000]])
tensor([[0.6706, 1.0000, 0.0000, 0.0000, 0.0000, 0.0000]])
tensor([[-0.6040,  1.0000,  0.0000,  0.0000,  0.0000,  0.0000]])
tensor([[0.6009, 1.0000, 0.0000, 0.0000, 0.0000, 0.0000]])
tensor([[0.6712, 1.0000, 0.0000, 0.0000, 0.0000, 0.0000]])
tensor([[-0.7111,  1.0000,  0.0000,  0.0000,  0.0000,  0.0000]])
tensor([[-0.2345,  1.0000,  0.0000,  0.0000,  0.0000,  0.0000]])
tensor([[-0.6278,  1.0000,  0.0000,  0.0000,  0.0000,  0.0000]])
tensor([[-0.5953,  1.0000,  0.0000,  0.0000,  0.0000,  0.0000]])
tensor([[-0.8614,  1.0000,  0.0000,  0.0000,  0.0000,  0.0000]])
tensor([[-0.3681,  1.0000,  0.0000,  0.0000,  0.0000,  0.0000]])
tensor([[-0.5550,  1.0000,  0.0000,  0.0000,  0.0000,  0.0000]])
tensor([[0.1760, 1.0000, 0.0000, 0.0000, 0.0000, 0.0000]])
tensor([[-0.7957,  1.0000,  0.0000,  0.0000,  0.0000,  0.0000]])
tensor([[-0.9429,  1.0000,  0.0000,  0.0000,  0.0000,  0.0000]])
tensor([[0.6442, 1.0000, 0.0000, 0.0000, 0.0000, 0.0000]])
tensor([[-0.8465,  1.0000,  0.0000,  0.0000,  0.0000,  0.0000]])
tensor([[-0.8132,  1.0000,  0.0000,  0.0000,  0.0000,  0.0000]])
tensor([[-0.1862,  1.0000,  0.0000,  0.0000,  0.0000,  0.0000]])
tensor([[0.5926, 1.0000, 0.0000, 0.0000, 0.0000, 0.0000]])
tensor([[0.4210, 1.0000, 0.0000, 0.0000, 0.0000, 0.0000]])
tensor([[0.3753, 1.0000, 0.0000, 0.0000, 0.0000, 0.0000]])
tensor([[-0.5731,  1.0000,  0.0000,  0.0000,  0.0000,  0.0000]])
tensor([[-0.6579,  1.0000,  0.0000,  0.0000,  0.0000,  0.0000]])
tensor([[0.5358, 1.0000, 0.0000, 0.0000, 0.0000, 0.0000]])
tensor([[0.6612, 1.0000, 0.0000, 0.0000, 0.0000, 0.0000]])
tensor([[0.2488, 1.0000, 0.0000, 0.0000, 0.0000, 0.0000]])
tensor([[-0.6815,  1.0000,  0.0000,  0.0000,  0.0000,  0.0000]])
tensor([[0.5776, 1.0000, 0.0000, 0.0000, 0.0000, 0.0000]])
tensor([[-0.4587,  1.0000,  0.0000,  0.0000,  0.0000,  0.0000]])
tensor([[-0.7652,  1.0000,  0.0000,  0.0000,  0.0000,  0.0000]])
tensor([[-0.5039,  1.0000,  0.0000,  0.0000,  0.0000,  0.0000]])
tensor([[-0.4349,  1.0000,  0.0000,  0.0000,  0.0000,  0.0000]])
tensor([[-0.3602,  1.0000,  0.0000,  0.0000,  0.0000,  0.0000]])
tensor([[0.3581, 1.0000, 0.0000, 0.0000, 0.0000, 0.0000]])
tensor([[0.9827, 1.0000, 0.0000, 0.0000, 0.0000, 0.0000]])
tensor([[0.8972, 1.0000, 1.0000, 0.0000, 0.0000, 0.0000]])
tensor([[-0.9085,  1.0000,  0.0000,  0.0000,  0.0000,  0.0000]])
tensor([[0.0840, 1.0000, 0.0000, 0.0000, 0.0000, 0.0000]])
tensor([[0.6426, 1.0000, 0.0000, 0.0000, 0.0000, 0.0000]])
tensor([[0.2827, 0.0000, 0.0000, 0.0000, 0.0000, 0.0000]])
tensor([[-0.1988,  1.0000,  0.0000,  0.0000,  0.0000,  0.0000]])
tensor([[-0.8859,  1.0000,  0.0000,  0.0000,  0.0000,  0.0000]])
tensor([[-0.2019,  1.0000,  0.0000,  0.0000,  0.0000,  0.0000]])
tensor([[-0.5522,  1.0000,  0.0000,  0.0000,  0.0000,  0.0000]])
tensor([[-0.1827,  1.0000,  0.0000,  0.0000,  0.0000,  0.0000]])
tensor([[-0.5257,  1.0000,  0.0000,  0.0000,  0.0000,  0.0000]])
tensor([[0.3961, 1.0000, 0.0000, 0.0000, 0.0000, 0.0000]])
tensor([[-0.8026,  1.0000,  0.0000,  0.0000,  0.0000,  0.0000]])
tensor([[0.2528, 1.0000, 0.0000, 0.0000, 0.0000, 0.0000]])
tensor([[0.5908, 1.0000, 0.0000, 0.0000, 0.0000, 0.0000]])
tensor([[-0.2059,  1.0000,  0.0000,  0.0000,  0.0000,  0.0000]])
tensor([[0.5186, 1.0000, 0.0000, 0.0000, 0.0000, 0.0000]])
tensor([[-0.7187,  1.0000,  0.0000,  0.0000,  0.0000,  0.0000]])
tensor([[0.7759, 1.0000, 0.0000, 0.0000, 0.0000, 0.0000]])
tensor([[-0.7929,  1.0000,  0.0000,  0.0000,  0.0000,  0.0000]])
tensor([[0.4318, 1.0000, 0.0000, 0.0000, 0.0000, 0.0000]])
tensor([[-0.6387,  1.0000,  0.0000,  0.0000,  0.0000,  0.0000]])
tensor([[0.0656, 1.0000, 0.0000, 0.0000, 0.0000, 0.0000]])
tensor([[0.9739, 1.0000, 0.0000, 0.0000, 0.0000, 0.0000]])
tensor([[0.1691, 1.0000, 0.0000, 0.0000, 0.0000, 0.0000]])
tensor([[-0.9571,  0.0000,  0.0000,  0.0000,  0.0000,  0.0000]])
tensor([[0.4695, 1.0000, 0.0000, 0.0000, 0.0000, 0.0000]])
tensor([[-0.9862,  1.0000,  0.0000,  0.0000,  0.0000,  0.0000]])
tensor([[-0.2342,  1.0000,  0.0000,  0.0000,  0.0000,  0.0000]])
tensor([[-0.3510,  1.0000,  0.0000,  0.0000,  0.0000,  0.0000]])
tensor([[-0.5619,  1.0000,  0.0000,  0.0000,  0.0000,  0.0000]])
tensor([[0.2160, 1.0000, 0.0000, 0.0000, 0.0000, 0.0000]])
tensor([[-0.8890,  1.0000,  0.0000,  0.0000,  0.0000,  0.0000]])
tensor([[-0.0285,  1.0000,  0.0000,  0.0000,  0.0000,  0.0000]])
tensor([[-0.0184,  0.0000,  0.0000,  0.0000,  0.0000,  0.0000]])
tensor([[-0.3436,  1.0000,  0.0000,  0.0000,  0.0000,  0.0000]])
tensor([[-0.5000,  1.0000,  0.0000,  0.0000,  0.0000,  0.0000]])
tensor([[-0.5945,  1.0000,  0.0000,  0.0000,  0.0000,  0.0000]])
tensor([[0.3469, 1.0000, 0.0000, 0.0000, 0.0000, 0.0000]])
tensor([[-0.4318,  1.0000,  0.0000,  0.0000,  0.0000,  0.0000]])
tensor([[-0.3817,  1.0000,  0.0000,  0.0000,  0.0000,  0.0000]])
tensor([[0.7898, 1.0000, 0.0000, 0.0000, 0.0000, 0.0000]])
tensor([[-0.4966,  1.0000,  0.0000,  0.0000,  0.0000,  0.0000]])
tensor([[-0.2877,  1.0000,  0.0000,  0.0000,  0.0000,  0.0000]])
tensor([[-0.2484,  1.0000,  0.0000,  0.0000,  0.0000,  0.0000]])
tensor([[0.7660, 1.0000, 0.0000, 0.0000, 0.0000, 0.0000]])
tensor([[-0.4927,  1.0000,  0.0000,  0.0000,  0.0000,  0.0000]])
tensor([[0.6738, 1.0000, 0.0000, 0.0000, 0.0000, 0.0000]])
tensor([[0.9867, 1.0000, 0.0000, 0.0000, 0.0000, 0.0000]])
tensor([[-0.3361,  1.0000,  0.0000,  0.0000,  0.0000,  0.0000]])
tensor([[0.0634, 1.0000, 0.0000, 0.0000, 0.0000, 0.0000]])
tensor([[-0.7725,  1.0000,  0.0000,  0.0000,  0.0000,  0.0000]])
tensor([[0.1642, 0.0000, 0.0000, 0.0000, 0.0000, 0.0000]])
tensor([[0.6716, 1.0000, 0.0000, 0.0000, 0.0000, 0.0000]])
tensor([[-0.2439,  1.0000,  0.0000,  0.0000,  0.0000,  0.0000]])
tensor([[-0.8729,  1.0000,  0.0000,  0.0000,  0.0000,  0.0000]])
tensor([[0.0746, 1.0000, 0.0000, 0.0000, 0.0000, 0.0000]])
tensor([[0.5016, 1.0000, 0.0000, 0.0000, 0.0000, 0.0000]])
tensor([[0.7659, 1.0000, 0.0000, 0.0000, 0.0000, 0.0000]])
tensor([[0.0907, 1.0000, 0.0000, 0.0000, 0.0000, 0.0000]])
tensor([[-0.6961,  1.0000,  0.0000,  0.0000,  0.0000,  0.0000]])
tensor([[0.5101, 1.0000, 0.0000, 0.0000, 0.0000, 0.0000]])
tensor([[-0.9189,  1.0000,  0.0000,  0.0000,  0.0000,  0.0000]])
tensor([[0.5774, 1.0000, 0.0000, 0.0000, 0.0000, 0.0000]])
tensor([[-0.7955,  1.0000,  0.0000,  0.0000,  0.0000,  0.0000]])
tensor([[0.1541, 1.0000, 0.0000, 0.0000, 0.0000, 0.0000]])
tensor([[-0.9449,  1.0000,  1.0000,  0.0000,  0.0000,  0.0000]])
tensor([[0.6223, 1.0000, 0.0000, 0.0000, 0.0000, 0.0000]])
tensor([[0.1992, 1.0000, 0.0000, 0.0000, 0.0000, 0.0000]])
tensor([[-0.2263,  1.0000,  0.0000,  0.0000,  0.0000,  0.0000]])
tensor([[-0.7156,  1.0000,  0.0000,  0.0000,  0.0000,  0.0000]])
tensor([[-0.6983,  1.0000,  0.0000,  0.0000,  0.0000,  0.0000]])
tensor([[-0.3487,  1.0000,  0.0000,  0.0000,  0.0000,  0.0000]])
tensor([[-0.9919,  1.0000,  0.0000,  0.0000,  0.0000,  0.0000]])
tensor([[-0.6935,  0.0000,  0.0000,  0.0000,  0.0000,  0.0000]])
tensor([[-0.9950,  1.0000,  0.0000,  0.0000,  0.0000,  0.0000]])
tensor([[-0.7944,  0.0000,  0.0000,  0.0000,  1.0000,  0.0000]])
tensor([[-0.8243,  1.0000,  0.0000,  0.0000,  0.0000,  0.0000]])
tensor([[-0.2290,  1.0000,  0.0000,  0.0000,  0.0000,  0.0000]])
tensor([[-0.5351,  1.0000,  0.0000,  0.0000,  0.0000,  0.0000]])
tensor([[0.6817, 0.0000, 0.0000, 0.0000, 0.0000, 0.0000]])
tensor([[0.8989, 1.0000, 0.0000, 0.0000, 0.0000, 0.0000]])
tensor([[-0.8523,  1.0000,  0.0000,  0.0000,  0.0000,  0.0000]])
tensor([[0.0338, 1.0000, 1.0000, 0.0000, 0.0000, 0.0000]])
tensor([[-0.6453,  1.0000,  0.0000,  0.0000,  0.0000,  0.0000]])
tensor([[0.4067, 1.0000, 0.0000, 0.0000, 0.0000, 0.0000]])
tensor([[-0.1208,  1.0000,  0.0000,  0.0000,  0.0000,  0.0000]])
tensor([[-0.9559,  0.0000,  0.0000,  0.0000,  0.0000,  0.0000]])
tensor([[0.2192, 1.0000, 0.0000, 0.0000, 0.0000, 0.0000]])
tensor([[0.8001, 1.0000, 0.0000, 0.0000, 0.0000, 0.0000]])
tensor([[0.6986, 1.0000, 0.0000, 0.0000, 0.0000, 0.0000]])
tensor([[0.5603, 1.0000, 0.0000, 0.0000, 0.0000, 0.0000]])
tensor([[0.0216, 1.0000, 1.0000, 0.0000, 0.0000, 0.0000]])
tensor([[-0.1992,  1.0000,  0.0000,  0.0000,  0.0000,  0.0000]])
tensor([[-0.6564,  1.0000,  0.0000,  0.0000,  0.0000,  0.0000]])
tensor([[-0.9651,  1.0000,  0.0000,  0.0000,  0.0000,  0.0000]])
tensor([[0.8599, 1.0000, 0.0000, 0.0000, 0.0000, 0.0000]])
tensor([[0.1287, 1.0000, 0.0000, 0.0000, 0.0000, 0.0000]])
tensor([[-0.0957,  1.0000,  0.0000,  0.0000,  0.0000,  0.0000]])
tensor([[0.0707, 1.0000, 0.0000, 0.0000, 0.0000, 0.0000]])
tensor([[-0.8061,  1.0000,  0.0000,  0.0000,  0.0000,  0.0000]])
tensor([[-0.9407,  1.0000,  0.0000,  0.0000,  0.0000,  0.0000]])
tensor([[0.0740, 1.0000, 0.0000, 0.0000, 0.0000, 0.0000]])
tensor([[0.6227, 1.0000, 0.0000, 0.0000, 0.0000, 0.0000]])
tensor([[0.3403, 1.0000, 0.0000, 0.0000, 0.0000, 0.0000]])
tensor([[-0.7273,  0.0000,  0.0000,  0.0000,  0.0000,  0.0000]])
tensor([[-0.8981,  1.0000,  0.0000,  0.0000,  0.0000,  0.0000]])
tensor([[0.5241, 1.0000, 0.0000, 0.0000, 0.0000, 0.0000]])
tensor([[0.3406, 1.0000, 0.0000, 0.0000, 0.0000, 0.0000]])
tensor([[0.6952, 1.0000, 0.0000, 0.0000, 0.0000, 0.0000]])
tensor([[-0.9687,  1.0000,  0.0000,  0.0000,  0.0000,  0.0000]])
tensor([[-0.6907,  0.0000,  0.0000,  0.0000,  0.0000,  0.0000]])
tensor([[-0.9751,  1.0000,  0.0000,  0.0000,  0.0000,  0.0000]])
tensor([[0.7369, 1.0000, 0.0000, 0.0000, 0.0000, 0.0000]])
tensor([[0.7040, 0.0000, 0.0000, 0.0000, 0.0000, 0.0000]])
tensor([[0.8488, 1.0000, 1.0000, 0.0000, 0.0000, 0.0000]])
tensor([[-0.3733,  1.0000,  1.0000,  0.0000,  0.0000,  0.0000]])
tensor([[-0.2704,  1.0000,  0.0000,  0.0000,  0.0000,  0.0000]])
tensor([[-0.6167,  1.0000,  0.0000,  0.0000,  0.0000,  0.0000]])
tensor([[-0.8113,  1.0000,  0.0000,  0.0000,  0.0000,  0.0000]])
tensor([[-0.1244,  1.0000,  0.0000,  0.0000,  0.0000,  0.0000]])
tensor([[0.4191, 1.0000, 0.0000, 0.0000, 0.0000, 0.0000]])
tensor([[-0.9176,  1.0000,  0.0000,  0.0000,  0.0000,  0.0000]])
tensor([[0.5749, 1.0000, 0.0000, 0.0000, 0.0000, 0.0000]])
tensor([[0.2911, 1.0000, 0.0000, 0.0000, 0.0000, 0.0000]])
tensor([[0.2588, 1.0000, 0.0000, 0.0000, 0.0000, 0.0000]])
tensor([[0.2356, 1.0000, 0.0000, 0.0000, 0.0000, 0.0000]])
tensor([[-0.8722,  1.0000,  0.0000,  0.0000,  0.0000,  0.0000]])
tensor([[-0.9676,  1.0000,  0.0000,  0.0000,  0.0000,  0.0000]])
tensor([[-0.7195,  1.0000,  0.0000,  0.0000,  0.0000,  0.0000]])
tensor([[-0.9284,  1.0000,  0.0000,  1.0000,  0.0000,  0.0000]])
tensor([[-0.4078,  1.0000,  0.0000,  0.0000,  0.0000,  0.0000]])
tensor([[-0.6404,  1.0000,  0.0000,  0.0000,  0.0000,  0.0000]])
tensor([[-0.0090,  1.0000,  0.0000,  0.0000,  0.0000,  0.0000]])
tensor([[-0.2234,  1.0000,  0.0000,  0.0000,  0.0000,  0.0000]])
tensor([[-0.0360,  1.0000,  0.0000,  0.0000,  0.0000,  0.0000]])
tensor([[0.5618, 1.0000, 0.0000, 0.0000, 0.0000, 0.0000]])
tensor([[-0.5435,  1.0000,  0.0000,  0.0000,  0.0000,  0.0000]])
tensor([[0.3615, 1.0000, 0.0000, 0.0000, 0.0000, 0.0000]])
tensor([[-0.7461,  1.0000,  0.0000,  0.0000,  0.0000,  0.0000]])
tensor([[-0.2445,  1.0000,  0.0000,  0.0000,  0.0000,  0.0000]])
tensor([[-0.6958,  1.0000,  0.0000,  0.0000,  0.0000,  0.0000]])
tensor([[-0.8192,  1.0000,  1.0000,  0.0000,  0.0000,  0.0000]])
tensor([[-0.6229,  1.0000,  0.0000,  0.0000,  0.0000,  0.0000]])
tensor([[0.5599, 1.0000, 0.0000, 0.0000, 0.0000, 0.0000]])
tensor([[0.5234, 1.0000, 0.0000, 0.0000, 0.0000, 0.0000]])
tensor([[0.0258, 1.0000, 0.0000, 0.0000, 0.0000, 0.0000]])
tensor([[0.0614, 1.0000, 0.0000, 0.0000, 0.0000, 0.0000]])
tensor([[0.3510, 1.0000, 0.0000, 0.0000, 0.0000, 0.0000]])
tensor([[-0.0239,  1.0000,  0.0000,  0.0000,  0.0000,  0.0000]])
tensor([[-0.7389,  1.0000,  0.0000,  0.0000,  0.0000,  0.0000]])
tensor([[-0.0216,  1.0000,  0.0000,  0.0000,  0.0000,  0.0000]])
tensor([[0.1973, 1.0000, 0.0000, 0.0000, 0.0000, 0.0000]])
tensor([[0.7275, 1.0000, 0.0000, 0.0000, 0.0000, 0.0000]])
tensor([[0.5350, 1.0000, 0.0000, 0.0000, 0.0000, 0.0000]])
tensor([[0.1447, 1.0000, 0.0000, 0.0000, 0.0000, 0.0000]])
tensor([[-0.9100,  1.0000,  0.0000,  0.0000,  0.0000,  0.0000]])
tensor([[-0.6614,  1.0000,  0.0000,  0.0000,  0.0000,  0.0000]])
tensor([[0.5842, 1.0000, 0.0000, 0.0000, 0.0000, 0.0000]])
tensor([[-0.7079,  1.0000,  0.0000,  0.0000,  0.0000,  0.0000]])
tensor([[-0.4990,  1.0000,  0.0000,  0.0000,  0.0000,  0.0000]])
tensor([[-0.5651,  1.0000,  0.0000,  0.0000,  0.0000,  0.0000]])
tensor([[0.0757, 1.0000, 0.0000, 0.0000, 0.0000, 0.0000]])
tensor([[-0.9391,  1.0000,  0.0000,  0.0000,  0.0000,  0.0000]])
tensor([[-0.7204,  1.0000,  0.0000,  0.0000,  0.0000,  0.0000]])
tensor([[0.1154, 1.0000, 0.0000, 0.0000, 0.0000, 0.0000]])
tensor([[0.6129, 1.0000, 0.0000, 0.0000, 0.0000, 0.0000]])
tensor([[0.8370, 1.0000, 0.0000, 0.0000, 0.0000, 0.0000]])
tensor([[-0.3444,  1.0000,  0.0000,  0.0000,  0.0000,  0.0000]])
tensor([[-0.7805,  1.0000,  0.0000,  0.0000,  0.0000,  0.0000]])
tensor([[-0.7525,  1.0000,  0.0000,  0.0000,  0.0000,  0.0000]])
tensor([[0.2520, 1.0000, 0.0000, 0.0000, 0.0000, 0.0000]])
tensor([[0.5209, 1.0000, 0.0000, 0.0000, 0.0000, 0.0000]])
tensor([[0.6816, 1.0000, 0.0000, 0.0000, 0.0000, 0.0000]])
tensor([[0.9254, 1.0000, 0.0000, 0.0000, 0.0000, 0.0000]])
tensor([[0.8534, 1.0000, 0.0000, 0.0000, 0.0000, 0.0000]])
tensor([[-0.9753,  1.0000,  1.0000,  0.0000,  0.0000,  0.0000]])
tensor([[0.4741, 1.0000, 0.0000, 0.0000, 0.0000, 0.0000]])
tensor([[-0.3656,  1.0000,  0.0000,  0.0000,  0.0000,  0.0000]])
tensor([[-0.8759,  1.0000,  0.0000,  0.0000,  0.0000,  0.0000]])
tensor([[0.4028, 1.0000, 0.0000, 0.0000, 0.0000, 0.0000]])
tensor([[-0.5554,  1.0000,  0.0000,  0.0000,  0.0000,  0.0000]])
tensor([[-0.0889,  1.0000,  1.0000,  0.0000,  0.0000,  0.0000]])
tensor([[0.6829, 1.0000, 0.0000, 0.0000, 0.0000, 0.0000]])
tensor([[0.7254, 1.0000, 0.0000, 0.0000, 0.0000, 0.0000]])
tensor([[0.8431, 1.0000, 0.0000, 0.0000, 0.0000, 0.0000]])
tensor([[-0.9530,  1.0000,  0.0000,  0.0000,  0.0000,  0.0000]])
tensor([[0.2032, 1.0000, 0.0000, 1.0000, 0.0000, 0.0000]])
tensor([[-0.6416,  0.0000,  0.0000,  0.0000,  0.0000,  0.0000]])
tensor([[-0.9178,  1.0000,  0.0000,  0.0000,  0.0000,  0.0000]])
tensor([[-0.2086,  1.0000,  0.0000,  0.0000,  0.0000,  0.0000]])
tensor([[-0.4039,  1.0000,  0.0000,  0.0000,  0.0000,  0.0000]])
tensor([[0.0550, 1.0000, 0.0000, 0.0000, 0.0000, 0.0000]])
tensor([[-0.7189,  1.0000,  0.0000,  0.0000,  0.0000,  0.0000]])
tensor([[-0.9076,  1.0000,  0.0000,  0.0000,  0.0000,  0.0000]])
tensor([[0.7623, 1.0000, 0.0000, 0.0000, 0.0000, 0.0000]])
tensor([[-0.0042,  1.0000,  1.0000,  0.0000,  0.0000,  0.0000]])
tensor([[-0.7060,  1.0000,  0.0000,  0.0000,  0.0000,  0.0000]])
tensor([[-0.9389,  1.0000,  0.0000,  0.0000,  0.0000,  0.0000]])
tensor([[-0.2389,  1.0000,  0.0000,  0.0000,  0.0000,  0.0000]])
tensor([[-0.8208,  1.0000,  1.0000,  0.0000,  0.0000,  0.0000]])
tensor([[-0.6504,  1.0000,  1.0000,  0.0000,  0.0000,  0.0000]])
tensor([[-0.4767,  1.0000,  0.0000,  0.0000,  0.0000,  0.0000]])
tensor([[-0.9279,  1.0000,  0.0000,  0.0000,  0.0000,  0.0000]])
tensor([[-0.2519,  1.0000,  0.0000,  0.0000,  0.0000,  0.0000]])
tensor([[0.9615, 1.0000, 0.0000, 0.0000, 0.0000, 0.0000]])
tensor([[-0.0221,  1.0000,  0.0000,  0.0000,  0.0000,  0.0000]])
tensor([[-0.9129,  1.0000,  0.0000,  0.0000,  0.0000,  0.0000]])
tensor([[-0.9855,  0.0000,  0.0000,  0.0000,  0.0000,  0.0000]])
tensor([[-0.9609,  1.0000,  0.0000,  0.0000,  0.0000,  0.0000]])
tensor([[-0.9263,  1.0000,  0.0000,  0.0000,  0.0000,  0.0000]])
tensor([[-0.0755,  1.0000,  0.0000,  0.0000,  0.0000,  0.0000]])
tensor([[-0.8439,  1.0000,  0.0000,  0.0000,  0.0000,  0.0000]])
tensor([[0.4528, 1.0000, 0.0000, 0.0000, 0.0000, 1.0000]])
tensor([[-0.7200,  1.0000,  0.0000,  0.0000,  0.0000,  0.0000]])
tensor([[-0.6969,  1.0000,  1.0000,  0.0000,  0.0000,  0.0000]])
tensor([[-0.9832,  1.0000,  0.0000,  0.0000,  0.0000,  0.0000]])
tensor([[-0.6405,  1.0000,  1.0000,  0.0000,  0.0000,  0.0000]])
tensor([[-0.7369,  1.0000,  0.0000,  0.0000,  0.0000,  0.0000]])
tensor([[-0.1478,  1.0000,  0.0000,  0.0000,  0.0000,  0.0000]])
tensor([[-0.0867,  1.0000,  0.0000,  0.0000,  0.0000,  0.0000]])
tensor([[0.2668, 1.0000, 0.0000, 0.0000, 0.0000, 0.0000]])
tensor([[0.3047, 1.0000, 0.0000, 0.0000, 0.0000, 0.0000]])
tensor([[-0.7688,  1.0000,  0.0000,  0.0000,  0.0000,  0.0000]])
tensor([[0.4514, 1.0000, 0.0000, 0.0000, 0.0000, 0.0000]])
tensor([[0.3244, 1.0000, 0.0000, 0.0000, 0.0000, 0.0000]])
tensor([[-0.2149,  1.0000,  0.0000,  0.0000,  0.0000,  0.0000]])
tensor([[-0.8719,  1.0000,  0.0000,  0.0000,  0.0000,  0.0000]])
tensor([[0.3497, 1.0000, 0.0000, 0.0000, 0.0000, 0.0000]])
tensor([[-0.7632,  1.0000,  0.0000,  0.0000,  0.0000,  0.0000]])
tensor([[0.8345, 1.0000, 0.0000, 0.0000, 0.0000, 0.0000]])
tensor([[-0.5605,  1.0000,  0.0000,  0.0000,  0.0000,  0.0000]])
tensor([[-0.7473,  1.0000,  0.0000,  0.0000,  0.0000,  0.0000]])
tensor([[-0.7758,  1.0000,  0.0000,  0.0000,  0.0000,  0.0000]])
tensor([[-0.6835,  1.0000,  0.0000,  0.0000,  0.0000,  0.0000]])
tensor([[-0.5223,  1.0000,  0.0000,  0.0000,  0.0000,  0.0000]])
tensor([[-0.6622,  0.0000,  1.0000,  0.0000,  0.0000,  0.0000]])
tensor([[-0.9641,  1.0000,  0.0000,  0.0000,  0.0000,  0.0000]])
tensor([[-0.7405,  1.0000,  0.0000,  0.0000,  0.0000,  0.0000]])
tensor([[-0.2116,  1.0000,  0.0000,  0.0000,  0.0000,  0.0000]])
tensor([[-0.9810,  1.0000,  0.0000,  0.0000,  0.0000,  0.0000]])
tensor([[-0.4711,  1.0000,  0.0000,  0.0000,  0.0000,  0.0000]])
tensor([[0.4309, 1.0000, 1.0000, 0.0000, 0.0000, 0.0000]])
tensor([[0.7003, 0.0000, 0.0000, 0.0000, 0.0000, 0.0000]])
tensor([[0.1260, 1.0000, 0.0000, 0.0000, 0.0000, 0.0000]])
tensor([[0.5549, 1.0000, 0.0000, 0.0000, 0.0000, 0.0000]])
tensor([[-0.9654,  1.0000,  0.0000,  0.0000,  0.0000,  0.0000]])
tensor([[-0.5946,  1.0000,  0.0000,  0.0000,  0.0000,  0.0000]])
tensor([[-0.3291,  1.0000,  0.0000,  0.0000,  0.0000,  0.0000]])
tensor([[0.0284, 1.0000, 0.0000, 0.0000, 0.0000, 0.0000]])
tensor([[0.8310, 1.0000, 0.0000, 0.0000, 0.0000, 0.0000]])
tensor([[-0.5986,  1.0000,  0.0000,  0.0000,  0.0000,  0.0000]])
tensor([[-0.7386,  1.0000,  1.0000,  0.0000,  0.0000,  0.0000]])
tensor([[-0.9125,  0.0000,  0.0000,  0.0000,  0.0000,  0.0000]])
tensor([[0.8473, 1.0000, 0.0000, 0.0000, 0.0000, 0.0000]])
tensor([[-0.9787,  1.0000,  0.0000,  0.0000,  0.0000,  0.0000]])
tensor([[0.3244, 1.0000, 1.0000, 0.0000, 0.0000, 0.0000]])
tensor([[-0.8298,  1.0000,  0.0000,  0.0000,  0.0000,  0.0000]])
tensor([[-0.2556,  1.0000,  0.0000,  0.0000,  0.0000,  0.0000]])
tensor([[0.8814, 1.0000, 0.0000, 0.0000, 0.0000, 0.0000]])
tensor([[-0.4652,  1.0000,  0.0000,  0.0000,  0.0000,  0.0000]])
tensor([[0.3838, 1.0000, 1.0000, 0.0000, 0.0000, 0.0000]])
tensor([[-0.8726,  1.0000,  0.0000,  0.0000,  0.0000,  0.0000]])
tensor([[-0.2270,  1.0000,  0.0000,  0.0000,  0.0000,  0.0000]])
tensor([[-0.5076,  1.0000,  0.0000,  0.0000,  0.0000,  0.0000]])
tensor([[-0.8707,  1.0000,  0.0000,  0.0000,  0.0000,  0.0000]])
tensor([[0.3570, 1.0000, 0.0000, 0.0000, 0.0000, 0.0000]])
tensor([[-0.5109,  1.0000,  1.0000,  0.0000,  0.0000,  0.0000]])
tensor([[-0.5836,  1.0000,  0.0000,  0.0000,  0.0000,  0.0000]])
tensor([[0.0366, 1.0000, 0.0000, 0.0000, 0.0000, 0.0000]])
tensor([[-0.4110,  1.0000,  0.0000,  0.0000,  0.0000,  0.0000]])
tensor([[-0.5590,  1.0000,  0.0000,  0.0000,  0.0000,  0.0000]])
tensor([[-0.7625,  1.0000,  0.0000,  0.0000,  0.0000,  0.0000]])
tensor([[-0.1309,  1.0000,  0.0000,  0.0000,  0.0000,  0.0000]])
tensor([[0.6605, 1.0000, 0.0000, 0.0000, 0.0000, 0.0000]])
tensor([[0.7273, 1.0000, 0.0000, 0.0000, 0.0000, 0.0000]])
tensor([[-0.6871,  1.0000,  0.0000,  0.0000,  0.0000,  0.0000]])
tensor([[0.3266, 1.0000, 1.0000, 0.0000, 0.0000, 0.0000]])
tensor([[-0.0966,  1.0000,  0.0000,  0.0000,  0.0000,  0.0000]])
tensor([[0.6698, 1.0000, 0.0000, 0.0000, 0.0000, 0.0000]])
tensor([[-0.2406,  1.0000,  0.0000,  0.0000,  0.0000,  0.0000]])
tensor([[-0.5532,  0.0000,  0.0000,  0.0000,  0.0000,  0.0000]])
tensor([[0.5185, 1.0000, 0.0000, 0.0000, 0.0000, 0.0000]])
tensor([[-0.5842,  1.0000,  0.0000,  0.0000,  0.0000,  0.0000]])
tensor([[0.3660, 1.0000, 0.0000, 0.0000, 0.0000, 0.0000]])
tensor([[0.5274, 1.0000, 0.0000, 0.0000, 0.0000, 0.0000]])
tensor([[-0.1677,  1.0000,  0.0000,  0.0000,  0.0000,  0.0000]])
tensor([[0.7762, 1.0000, 0.0000, 0.0000, 0.0000, 0.0000]])
tensor([[-0.2845,  1.0000,  0.0000,  0.0000,  0.0000,  0.0000]])
tensor([[-0.3721,  1.0000,  1.0000,  0.0000,  0.0000,  0.0000]])
tensor([[0.1059, 1.0000, 0.0000, 0.0000, 0.0000, 0.0000]])
tensor([[-0.6618,  1.0000,  0.0000,  0.0000,  0.0000,  0.0000]])
tensor([[-0.2985,  1.0000,  0.0000,  0.0000,  0.0000,  0.0000]])
tensor([[0.0464, 1.0000, 0.0000, 0.0000, 0.0000, 0.0000]])
tensor([[-0.3222,  1.0000,  0.0000,  0.0000,  0.0000,  0.0000]])
tensor([[-0.4155,  1.0000,  0.0000,  0.0000,  0.0000,  0.0000]])
tensor([[-0.9707,  1.0000,  0.0000,  0.0000,  0.0000,  0.0000]])
tensor([[-0.6936,  1.0000,  0.0000,  0.0000,  0.0000,  0.0000]])
tensor([[-0.8293,  1.0000,  0.0000,  0.0000,  0.0000,  0.0000]])
tensor([[-0.1165,  1.0000,  0.0000,  0.0000,  0.0000,  0.0000]])
tensor([[0.2119, 1.0000, 1.0000, 0.0000, 0.0000, 0.0000]])
tensor([[0.7916, 1.0000, 0.0000, 0.0000, 0.0000, 0.0000]])
tensor([[-0.2124,  1.0000,  0.0000,  0.0000,  0.0000,  0.0000]])
tensor([[0.1102, 1.0000, 0.0000, 0.0000, 0.0000, 0.0000]])
tensor([[-0.4205,  1.0000,  0.0000,  0.0000,  0.0000,  0.0000]])
tensor([[-0.1808,  1.0000,  0.0000,  0.0000,  0.0000,  0.0000]])
tensor([[-0.8364,  1.0000,  0.0000,  0.0000,  0.0000,  0.0000]])
tensor([[0.0436, 1.0000, 0.0000, 0.0000, 0.0000, 0.0000]])
tensor([[0.8712, 1.0000, 0.0000, 0.0000, 0.0000, 0.0000]])
tensor([[0.3477, 1.0000, 0.0000, 0.0000, 0.0000, 0.0000]])
tensor([[-0.5145,  1.0000,  0.0000,  0.0000,  0.0000,  0.0000]])
tensor([[0.0984, 1.0000, 1.0000, 0.0000, 0.0000, 0.0000]])
tensor([[-0.8315,  1.0000,  0.0000,  0.0000,  0.0000,  0.0000]])
tensor([[-0.8466,  1.0000,  0.0000,  0.0000,  0.0000,  0.0000]])
tensor([[-0.7084,  1.0000,  0.0000,  0.0000,  0.0000,  0.0000]])
tensor([[-0.0998,  1.0000,  0.0000,  0.0000,  0.0000,  0.0000]])
tensor([[0.0040, 1.0000, 1.0000, 0.0000, 0.0000, 0.0000]])
tensor([[0.0186, 1.0000, 0.0000, 0.0000, 0.0000, 0.0000]])
tensor([[-0.0588,  1.0000,  0.0000,  0.0000,  0.0000,  0.0000]])
tensor([[-0.2891,  1.0000,  0.0000,  0.0000,  0.0000,  0.0000]])
tensor([[-0.9524,  1.0000,  0.0000,  0.0000,  0.0000,  0.0000]])
tensor([[-0.2462,  1.0000,  0.0000,  0.0000,  0.0000,  0.0000]])
tensor([[0.6185, 1.0000, 0.0000, 0.0000, 0.0000, 0.0000]])
tensor([[0.6589, 1.0000, 0.0000, 0.0000, 0.0000, 0.0000]])
tensor([[0.1614, 1.0000, 0.0000, 0.0000, 0.0000, 0.0000]])
tensor([[-0.9108,  1.0000,  0.0000,  0.0000,  0.0000,  0.0000]])
tensor([[0.1632, 1.0000, 0.0000, 0.0000, 0.0000, 0.0000]])
tensor([[0.4860, 1.0000, 0.0000, 0.0000, 0.0000, 0.0000]])
tensor([[0.0647, 1.0000, 0.0000, 0.0000, 0.0000, 0.0000]])
tensor([[-0.5246,  1.0000,  0.0000,  0.0000,  0.0000,  0.0000]])
tensor([[-0.9826,  1.0000,  0.0000,  0.0000,  0.0000,  0.0000]])
tensor([[0.2454, 1.0000, 0.0000, 0.0000, 0.0000, 0.0000]])
tensor([[-0.8849,  1.0000,  0.0000,  0.0000,  0.0000,  0.0000]])
tensor([[-0.1638,  1.0000,  0.0000,  0.0000,  0.0000,  0.0000]])
tensor([[-0.6591,  1.0000,  0.0000,  0.0000,  0.0000,  0.0000]])
tensor([[-0.8593,  1.0000,  0.0000,  0.0000,  0.0000,  0.0000]])
tensor([[0.5344, 1.0000, 0.0000, 0.0000, 0.0000, 0.0000]])
tensor([[-0.8154,  1.0000,  0.0000,  0.0000,  0.0000,  0.0000]])
tensor([[0.6151, 1.0000, 0.0000, 0.0000, 0.0000, 0.0000]])
tensor([[-0.4145,  1.0000,  0.0000,  0.0000,  0.0000,  0.0000]])
tensor([[0.6256, 1.0000, 0.0000, 0.0000, 0.0000, 0.0000]])
tensor([[0.5401, 1.0000, 0.0000, 0.0000, 0.0000, 0.0000]])
tensor([[0.8793, 1.0000, 0.0000, 0.0000, 0.0000, 0.0000]])
tensor([[-0.9664,  1.0000,  0.0000,  0.0000,  0.0000,  0.0000]])
tensor([[-0.1751,  1.0000,  0.0000,  0.0000,  0.0000,  0.0000]])
tensor([[-0.9339,  1.0000,  0.0000,  0.0000,  0.0000,  0.0000]])
tensor([[0.8734, 1.0000, 1.0000, 0.0000, 0.0000, 0.0000]])
tensor([[-0.3759,  1.0000,  0.0000,  0.0000,  0.0000,  0.0000]])
tensor([[-0.7404,  1.0000,  0.0000,  0.0000,  0.0000,  0.0000]])
tensor([[0.8024, 1.0000, 0.0000, 0.0000, 0.0000, 0.0000]])
tensor([[-0.8234,  1.0000,  0.0000,  0.0000,  0.0000,  0.0000]])
tensor([[2.4542e-04, 1.0000e+00, 0.0000e+00, 0.0000e+00, 0.0000e+00, 0.0000e+00]])
tensor([[-0.7498,  1.0000,  0.0000,  0.0000,  0.0000,  0.0000]])
tensor([[-0.7824,  1.0000,  0.0000,  0.0000,  0.0000,  0.0000]])
tensor([[-0.8312,  1.0000,  0.0000,  0.0000,  0.0000,  0.0000]])
tensor([[-0.4852,  1.0000,  0.0000,  0.0000,  0.0000,  0.0000]])
tensor([[-0.2424,  1.0000,  1.0000,  0.0000,  0.0000,  0.0000]])
tensor([[-0.6323,  1.0000,  0.0000,  0.0000,  0.0000,  0.0000]])
tensor([[0.3758, 1.0000, 0.0000, 0.0000, 0.0000, 0.0000]])
tensor([[-0.3436,  1.0000,  0.0000,  0.0000,  0.0000,  0.0000]])
tensor([[-0.8798,  0.0000,  0.0000,  0.0000,  0.0000,  0.0000]])
tensor([[-0.8828,  1.0000,  1.0000,  0.0000,  0.0000,  0.0000]])
tensor([[-0.1399,  1.0000,  0.0000,  0.0000,  0.0000,  0.0000]])
tensor([[-0.9020,  1.0000,  0.0000,  0.0000,  0.0000,  0.0000]])
tensor([[-0.6411,  1.0000,  0.0000,  0.0000,  0.0000,  0.0000]])
tensor([[-0.8395,  1.0000,  0.0000,  0.0000,  0.0000,  0.0000]])
tensor([[-0.5892,  1.0000,  0.0000,  0.0000,  0.0000,  0.0000]])
tensor([[-0.7621,  1.0000,  0.0000,  0.0000,  0.0000,  0.0000]])
tensor([[-0.4184,  1.0000,  0.0000,  0.0000,  0.0000,  0.0000]])
tensor([[-0.2110,  1.0000,  0.0000,  0.0000,  0.0000,  0.0000]])
tensor([[-0.7466,  1.0000,  0.0000,  0.0000,  0.0000,  0.0000]])
tensor([[-0.0797,  1.0000,  0.0000,  0.0000,  0.0000,  0.0000]])
tensor([[-0.6182,  1.0000,  0.0000,  0.0000,  0.0000,  0.0000]])
tensor([[-0.2022,  1.0000,  0.0000,  0.0000,  0.0000,  0.0000]])
tensor([[-0.1676,  1.0000,  0.0000,  0.0000,  0.0000,  0.0000]])
tensor([[-0.2263,  1.0000,  0.0000,  0.0000,  0.0000,  0.0000]])
tensor([[-0.2065,  1.0000,  0.0000,  0.0000,  0.0000,  0.0000]])
tensor([[-0.3588,  1.0000,  0.0000,  0.0000,  0.0000,  0.0000]])
tensor([[0.1249, 1.0000, 0.0000, 0.0000, 0.0000, 0.0000]])
tensor([[-0.3372,  1.0000,  1.0000,  0.0000,  0.0000,  0.0000]])
tensor([[0.3639, 1.0000, 0.0000, 0.0000, 0.0000, 0.0000]])
tensor([[-0.6910,  1.0000,  0.0000,  0.0000,  0.0000,  0.0000]])
tensor([[-0.6404,  1.0000,  1.0000,  0.0000,  0.0000,  0.0000]])
tensor([[-0.8710,  1.0000,  0.0000,  0.0000,  0.0000,  0.0000]])
tensor([[-0.8280,  1.0000,  0.0000,  0.0000,  0.0000,  0.0000]])
tensor([[0.4610, 1.0000, 0.0000, 0.0000, 0.0000, 0.0000]])
tensor([[0.5968, 1.0000, 0.0000, 0.0000, 0.0000, 0.0000]])
tensor([[-0.9144,  1.0000,  0.0000,  0.0000,  0.0000,  0.0000]])
tensor([[0.8948, 1.0000, 0.0000, 0.0000, 0.0000, 0.0000]])
tensor([[-0.3432,  1.0000,  0.0000,  0.0000,  0.0000,  0.0000]])
tensor([[-0.7890,  1.0000,  0.0000,  0.0000,  0.0000,  0.0000]])
tensor([[-0.5183,  1.0000,  0.0000,  0.0000,  0.0000,  0.0000]])
tensor([[-0.9744,  1.0000,  0.0000,  0.0000,  0.0000,  0.0000]])
tensor([[-0.0276,  1.0000,  0.0000,  0.0000,  0.0000,  0.0000]])
tensor([[-0.8791,  1.0000,  0.0000,  0.0000,  0.0000,  0.0000]])
tensor([[-0.8815,  1.0000,  0.0000,  0.0000,  0.0000,  0.0000]])
tensor([[-0.6516,  1.0000,  0.0000,  0.0000,  0.0000,  0.0000]])
tensor([[-0.7236,  1.0000,  0.0000,  0.0000,  0.0000,  0.0000]])
tensor([[0.5499, 1.0000, 0.0000, 0.0000, 0.0000, 0.0000]])
tensor([[-0.7597,  1.0000,  0.0000,  0.0000,  0.0000,  0.0000]])
tensor([[-0.0434,  1.0000,  0.0000,  0.0000,  0.0000,  0.0000]])
tensor([[-0.8860,  1.0000,  0.0000,  0.0000,  0.0000,  0.0000]])
tensor([[-0.1794,  1.0000,  0.0000,  0.0000,  0.0000,  0.0000]])
tensor([[-0.5841,  1.0000,  0.0000,  0.0000,  0.0000,  0.0000]])
tensor([[0.0265, 1.0000, 0.0000, 0.0000, 0.0000, 0.0000]])
tensor([[0.7000, 1.0000, 0.0000, 0.0000, 0.0000, 0.0000]])
tensor([[-0.4296,  1.0000,  0.0000,  0.0000,  0.0000,  0.0000]])
tensor([[-0.8862,  1.0000,  0.0000,  0.0000,  0.0000,  0.0000]])
tensor([[-0.1159,  1.0000,  0.0000,  0.0000,  0.0000,  0.0000]])
tensor([[-0.8320,  1.0000,  0.0000,  0.0000,  0.0000,  0.0000]])
tensor([[-0.6389,  1.0000,  0.0000,  0.0000,  0.0000,  0.0000]])
tensor([[0.3574, 1.0000, 0.0000, 0.0000, 0.0000, 0.0000]])
tensor([[-0.8972,  1.0000,  0.0000,  0.0000,  0.0000,  0.0000]])
tensor([[-0.8104,  1.0000,  0.0000,  0.0000,  0.0000,  0.0000]])
tensor([[-0.4244,  1.0000,  0.0000,  0.0000,  0.0000,  0.0000]])
tensor([[0.0831, 1.0000, 0.0000, 0.0000, 0.0000, 0.0000]])
tensor([[0.7870, 1.0000, 0.0000, 0.0000, 0.0000, 0.0000]])
tensor([[0.7887, 1.0000, 0.0000, 0.0000, 0.0000, 0.0000]])
tensor([[0.4490, 0.0000, 0.0000, 0.0000, 0.0000, 0.0000]])
tensor([[0.3099, 1.0000, 0.0000, 0.0000, 0.0000, 0.0000]])
tensor([[-0.8172,  0.0000,  0.0000,  0.0000,  0.0000,  0.0000]])
tensor([[-0.6627,  1.0000,  0.0000,  0.0000,  0.0000,  0.0000]])
tensor([[-0.0359,  1.0000,  0.0000,  0.0000,  0.0000,  0.0000]])
tensor([[-0.9833,  1.0000,  0.0000,  0.0000,  0.0000,  0.0000]])
tensor([[-0.6859,  1.0000,  0.0000,  0.0000,  0.0000,  0.0000]])
tensor([[-0.8357,  1.0000,  0.0000,  0.0000,  0.0000,  0.0000]])
tensor([[-0.7502,  1.0000,  0.0000,  0.0000,  0.0000,  0.0000]])
tensor([[0.9160, 1.0000, 0.0000, 0.0000, 0.0000, 0.0000]])
tensor([[-0.9142,  1.0000,  0.0000,  0.0000,  0.0000,  0.0000]])
tensor([[-0.3268,  1.0000,  0.0000,  0.0000,  0.0000,  0.0000]])
tensor([[-0.6212,  1.0000,  0.0000,  0.0000,  0.0000,  0.0000]])
tensor([[0.6432, 1.0000, 0.0000, 0.0000, 0.0000, 0.0000]])
tensor([[-0.5138,  1.0000,  0.0000,  0.0000,  0.0000,  0.0000]])
tensor([[0.4997, 1.0000, 1.0000, 0.0000, 0.0000, 0.0000]])
tensor([[0.2109, 1.0000, 0.0000, 0.0000, 0.0000, 0.0000]])
tensor([[0.5066, 1.0000, 0.0000, 0.0000, 0.0000, 0.0000]])
tensor([[-0.6644,  1.0000,  0.0000,  0.0000,  0.0000,  0.0000]])
tensor([[0.3982, 1.0000, 0.0000, 0.0000, 0.0000, 0.0000]])
tensor([[0.1195, 1.0000, 0.0000, 0.0000, 0.0000, 0.0000]])
tensor([[-0.0065,  1.0000,  0.0000,  0.0000,  0.0000,  0.0000]])
tensor([[-0.8722,  1.0000,  1.0000,  0.0000,  0.0000,  0.0000]])
tensor([[-0.3521,  1.0000,  0.0000,  0.0000,  0.0000,  0.0000]])
tensor([[-0.2542,  1.0000,  0.0000,  0.0000,  0.0000,  0.0000]])
tensor([[-0.6134,  1.0000,  0.0000,  0.0000,  0.0000,  0.0000]])
tensor([[-0.2660,  1.0000,  0.0000,  0.0000,  0.0000,  0.0000]])
tensor([[-0.3885,  1.0000,  0.0000,  0.0000,  0.0000,  0.0000]])
tensor([[-0.4947,  1.0000,  0.0000,  0.0000,  0.0000,  0.0000]])
tensor([[-0.6865,  1.0000,  0.0000,  0.0000,  0.0000,  0.0000]])
tensor([[-0.5127,  1.0000,  0.0000,  0.0000,  0.0000,  0.0000]])
tensor([[-0.6093,  1.0000,  0.0000,  0.0000,  0.0000,  0.0000]])
tensor([[-0.0301,  1.0000,  0.0000,  0.0000,  0.0000,  0.0000]])
tensor([[0.3325, 1.0000, 0.0000, 0.0000, 0.0000, 0.0000]])
tensor([[0.3050, 1.0000, 0.0000, 0.0000, 0.0000, 0.0000]])
tensor([[-0.2824,  1.0000,  0.0000,  0.0000,  0.0000,  0.0000]])
tensor([[-0.3415,  1.0000,  0.0000,  0.0000,  0.0000,  0.0000]])
tensor([[-0.7224,  1.0000,  0.0000,  0.0000,  0.0000,  0.0000]])
tensor([[0.1673, 1.0000, 0.0000, 0.0000, 0.0000, 0.0000]])
tensor([[0.6862, 1.0000, 0.0000, 0.0000, 0.0000, 0.0000]])
tensor([[-0.7198,  1.0000,  0.0000,  0.0000,  0.0000,  0.0000]])
tensor([[0.3088, 1.0000, 0.0000, 0.0000, 0.0000, 0.0000]])
tensor([[0.2305, 1.0000, 0.0000, 0.0000, 0.0000, 0.0000]])
tensor([[0.7599, 1.0000, 0.0000, 0.0000, 0.0000, 0.0000]])
tensor([[-0.5231,  1.0000,  0.0000,  0.0000,  0.0000,  0.0000]])
tensor([[-0.7047,  1.0000,  0.0000,  0.0000,  0.0000,  0.0000]])
tensor([[0.2469, 1.0000, 0.0000, 0.0000, 0.0000, 0.0000]])
tensor([[0.8801, 1.0000, 0.0000, 0.0000, 0.0000, 0.0000]])
tensor([[0.4651, 1.0000, 0.0000, 0.0000, 0.0000, 0.0000]])
tensor([[-0.1057,  1.0000,  0.0000,  0.0000,  0.0000,  0.0000]])
tensor([[-0.3434,  1.0000,  0.0000,  0.0000,  0.0000,  0.0000]])
tensor([[0.0386, 1.0000, 0.0000, 0.0000, 0.0000, 0.0000]])
tensor([[-0.4969,  1.0000,  0.0000,  0.0000,  0.0000,  0.0000]])
tensor([[0.0086, 1.0000, 0.0000, 0.0000, 0.0000, 0.0000]])
tensor([[-0.0456,  1.0000,  0.0000,  0.0000,  0.0000,  0.0000]])
tensor([[-0.4998,  1.0000,  0.0000,  0.0000,  0.0000,  0.0000]])
tensor([[-0.6982,  1.0000,  0.0000,  0.0000,  0.0000,  0.0000]])
tensor([[0.2805, 1.0000, 0.0000, 0.0000, 0.0000, 0.0000]])
tensor([[-0.8785,  1.0000,  1.0000,  0.0000,  0.0000,  0.0000]])
tensor([[0.5054, 1.0000, 0.0000, 0.0000, 0.0000, 0.0000]])
tensor([[-0.5478,  1.0000,  0.0000,  0.0000,  0.0000,  0.0000]])
tensor([[0.0856, 1.0000, 0.0000, 0.0000, 0.0000, 0.0000]])
tensor([[-0.7171,  1.0000,  0.0000,  0.0000,  0.0000,  0.0000]])
tensor([[0.1603, 1.0000, 0.0000, 0.0000, 0.0000, 0.0000]])
tensor([[0.2872, 1.0000, 0.0000, 0.0000, 0.0000, 0.0000]])
tensor([[-0.1350,  1.0000,  0.0000,  0.0000,  0.0000,  0.0000]])
tensor([[0.1102, 1.0000, 0.0000, 0.0000, 0.0000, 0.0000]])
tensor([[-0.9019,  1.0000,  0.0000,  0.0000,  0.0000,  0.0000]])
tensor([[-0.0542,  1.0000,  0.0000,  0.0000,  0.0000,  0.0000]])
tensor([[0.1149, 1.0000, 0.0000, 0.0000, 0.0000, 0.0000]])
tensor([[-0.3806,  1.0000,  0.0000,  0.0000,  0.0000,  0.0000]])
tensor([[-0.5916,  1.0000,  0.0000,  0.0000,  0.0000,  0.0000]])
tensor([[-0.0071,  1.0000,  0.0000,  0.0000,  0.0000,  0.0000]])
tensor([[0.0829, 1.0000, 0.0000, 0.0000, 0.0000, 0.0000]])
tensor([[-0.6983,  1.0000,  0.0000,  0.0000,  0.0000,  0.0000]])
tensor([[-0.5274,  1.0000,  0.0000,  0.0000,  0.0000,  0.0000]])
tensor([[0.2338, 1.0000, 0.0000, 0.0000, 0.0000, 0.0000]])
tensor([[-0.4124,  1.0000,  0.0000,  0.0000,  0.0000,  0.0000]])
tensor([[-0.5825,  1.0000,  0.0000,  0.0000,  0.0000,  0.0000]])
tensor([[0.3946, 1.0000, 0.0000, 0.0000, 0.0000, 0.0000]])
tensor([[0.4843, 1.0000, 0.0000, 0.0000, 0.0000, 0.0000]])
tensor([[-0.9111,  1.0000,  0.0000,  0.0000,  0.0000,  0.0000]])
tensor([[0.7273, 1.0000, 0.0000, 0.0000, 0.0000, 0.0000]])
tensor([[-0.6772,  1.0000,  0.0000,  0.0000,  0.0000,  0.0000]])
tensor([[-0.0712,  1.0000,  0.0000,  0.0000,  0.0000,  0.0000]])
tensor([[-0.1954,  1.0000,  0.0000,  0.0000,  0.0000,  0.0000]])
tensor([[-0.9884,  1.0000,  0.0000,  0.0000,  0.0000,  0.0000]])
tensor([[-0.2947,  1.0000,  0.0000,  0.0000,  0.0000,  0.0000]])
tensor([[-0.9075,  1.0000,  1.0000,  0.0000,  0.0000,  0.0000]])
tensor([[-0.8924,  1.0000,  0.0000,  0.0000,  0.0000,  0.0000]])
tensor([[0.3237, 1.0000, 0.0000, 0.0000, 0.0000, 0.0000]])
tensor([[0.8215, 1.0000, 0.0000, 0.0000, 0.0000, 0.0000]])
tensor([[-0.5520,  1.0000,  0.0000,  0.0000,  0.0000,  0.0000]])
tensor([[-0.2936,  1.0000,  0.0000,  0.0000,  0.0000,  0.0000]])
tensor([[0.4335, 1.0000, 0.0000, 0.0000, 0.0000, 0.0000]])
tensor([[0.3880, 1.0000, 0.0000, 0.0000, 0.0000, 0.0000]])
tensor([[0.3404, 1.0000, 0.0000, 0.0000, 0.0000, 0.0000]])
tensor([[-0.2406,  1.0000,  0.0000,  0.0000,  0.0000,  0.0000]])
tensor([[0.3112, 1.0000, 0.0000, 0.0000, 0.0000, 0.0000]])
tensor([[0.4405, 1.0000, 0.0000, 0.0000, 0.0000, 0.0000]])
tensor([[-0.9339,  0.0000,  0.0000,  0.0000,  0.0000,  0.0000]])
tensor([[0.2324, 1.0000, 0.0000, 0.0000, 0.0000, 0.0000]])
tensor([[-0.6799,  1.0000,  0.0000,  0.0000,  0.0000,  0.0000]])
tensor([[-0.0362,  1.0000,  0.0000,  0.0000,  0.0000,  0.0000]])
tensor([[0.0166, 1.0000, 0.0000, 0.0000, 0.0000, 0.0000]])
tensor([[0.9664, 1.0000, 0.0000, 0.0000, 0.0000, 0.0000]])
tensor([[-0.0347,  1.0000,  0.0000,  0.0000,  0.0000,  0.0000]])
tensor([[-0.4668,  1.0000,  0.0000,  0.0000,  0.0000,  0.0000]])
tensor([[0.7231, 1.0000, 0.0000, 0.0000, 0.0000, 0.0000]])
tensor([[0.7079, 1.0000, 0.0000, 0.0000, 0.0000, 0.0000]])
tensor([[0.9542, 1.0000, 0.0000, 0.0000, 0.0000, 0.0000]])
tensor([[-0.7403,  1.0000,  0.0000,  0.0000,  0.0000,  0.0000]])
tensor([[0.0677, 0.0000, 0.0000, 0.0000, 0.0000, 0.0000]])
tensor([[0.3919, 1.0000, 0.0000, 0.0000, 0.0000, 0.0000]])
tensor([[-0.9721,  1.0000,  0.0000,  0.0000,  0.0000,  0.0000]])
tensor([[-0.8260,  1.0000,  0.0000,  0.0000,  0.0000,  0.0000]])
tensor([[-0.1466,  1.0000,  0.0000,  0.0000,  0.0000,  0.0000]])
tensor([[-0.6743,  1.0000,  0.0000,  0.0000,  0.0000,  0.0000]])
tensor([[-0.6377,  1.0000,  0.0000,  0.0000,  0.0000,  0.0000]])
tensor([[0.9739, 1.0000, 0.0000, 0.0000, 0.0000, 0.0000]])
INFO:root:Agent 0 (TQCars): avg action time = 0.0009s
tensor([[-0.5078,  1.0000,  0.0000,  0.0000,  0.0000,  0.0000]])
tensor([[0.2526, 1.0000, 0.0000, 0.0000, 0.0000, 0.0000]])
tensor([[0.4699, 1.0000, 0.0000, 0.0000, 0.0000, 0.0000]])
tensor([[0.9183, 1.0000, 1.0000, 0.0000, 0.0000, 0.0000]])
tensor([[-0.0343,  1.0000,  0.0000,  0.0000,  0.0000,  0.0000]])
tensor([[-0.6493,  1.0000,  0.0000,  0.0000,  0.0000,  0.0000]])
tensor([[-0.4900,  1.0000,  1.0000,  0.0000,  0.0000,  0.0000]])
tensor([[0.8563, 0.0000, 0.0000, 0.0000, 0.0000, 0.0000]])
tensor([[-0.8337,  1.0000,  0.0000,  0.0000,  0.0000,  0.0000]])
tensor([[0.5440, 1.0000, 0.0000, 0.0000, 0.0000, 0.0000]])
tensor([[-0.7899,  1.0000,  0.0000,  0.0000,  0.0000,  0.0000]])
tensor([[0.1010, 1.0000, 0.0000, 0.0000, 0.0000, 0.0000]])
tensor([[0.7011, 1.0000, 0.0000, 0.0000, 0.0000, 0.0000]])
tensor([[0.0869, 1.0000, 0.0000, 0.0000, 0.0000, 0.0000]])
tensor([[-0.3546,  1.0000,  0.0000,  0.0000,  0.0000,  0.0000]])
tensor([[0.7929, 1.0000, 0.0000, 0.0000, 0.0000, 0.0000]])
tensor([[0.9575, 1.0000, 0.0000, 0.0000, 0.0000, 0.0000]])
tensor([[0.2369, 1.0000, 1.0000, 0.0000, 0.0000, 0.0000]])
tensor([[0.6424, 1.0000, 0.0000, 0.0000, 0.0000, 0.0000]])
tensor([[0.9849, 1.0000, 0.0000, 0.0000, 0.0000, 0.0000]])
tensor([[-0.4475,  1.0000,  0.0000,  0.0000,  0.0000,  0.0000]])
tensor([[0.0216, 1.0000, 0.0000, 0.0000, 0.0000, 0.0000]])
tensor([[-0.2339,  1.0000,  0.0000,  0.0000,  0.0000,  0.0000]])
tensor([[-0.5218,  1.0000,  0.0000,  0.0000,  0.0000,  0.0000]])
tensor([[0.9608, 1.0000, 0.0000, 0.0000, 0.0000, 0.0000]])
tensor([[0.7895, 1.0000, 0.0000, 0.0000, 0.0000, 0.0000]])
tensor([[-0.0433,  1.0000,  0.0000,  0.0000,  0.0000,  0.0000]])
tensor([[-0.9854,  1.0000,  0.0000,  0.0000,  0.0000,  0.0000]])
tensor([[0.4112, 1.0000, 0.0000, 0.0000, 0.0000, 0.0000]])
tensor([[-0.7743,  1.0000,  0.0000,  0.0000,  0.0000,  0.0000]])
tensor([[-0.6019,  1.0000,  0.0000,  0.0000,  0.0000,  0.0000]])
tensor([[0.7018, 1.0000, 0.0000, 0.0000, 0.0000, 0.0000]])
tensor([[-0.7658,  1.0000,  0.0000,  0.0000,  0.0000,  0.0000]])
tensor([[-0.8400,  1.0000,  0.0000,  0.0000,  0.0000,  0.0000]])
tensor([[0.8168, 1.0000, 0.0000, 0.0000, 0.0000, 0.0000]])
tensor([[-0.3214,  1.0000,  0.0000,  0.0000,  0.0000,  0.0000]])
tensor([[-0.8376,  0.0000,  0.0000,  0.0000,  0.0000,  0.0000]])
tensor([[0.1195, 0.0000, 0.0000, 0.0000, 0.0000, 0.0000]])
tensor([[0.3422, 1.0000, 0.0000, 0.0000, 0.0000, 0.0000]])
tensor([[0.1831, 1.0000, 0.0000, 0.0000, 0.0000, 0.0000]])
tensor([[0.1000, 1.0000, 0.0000, 0.0000, 0.0000, 0.0000]])
tensor([[0.2708, 1.0000, 1.0000, 0.0000, 0.0000, 0.0000]])
tensor([[-0.8787,  1.0000,  1.0000,  0.0000,  0.0000,  0.0000]])
tensor([[-0.0725,  1.0000,  0.0000,  0.0000,  0.0000,  0.0000]])
tensor([[-0.8850,  1.0000,  0.0000,  0.0000,  0.0000,  0.0000]])
tensor([[-0.3565,  1.0000,  0.0000,  0.0000,  0.0000,  0.0000]])
tensor([[0.2965, 1.0000, 0.0000, 0.0000, 0.0000, 0.0000]])
tensor([[-0.7887,  1.0000,  0.0000,  0.0000,  0.0000,  0.0000]])
tensor([[-0.7331,  1.0000,  0.0000,  0.0000,  0.0000,  0.0000]])
tensor([[0.4696, 1.0000, 0.0000, 0.0000, 0.0000, 0.0000]])
tensor([[0.6436, 1.0000, 0.0000, 0.0000, 0.0000, 0.0000]])
tensor([[-0.3312,  1.0000,  0.0000,  0.0000,  0.0000,  0.0000]])
tensor([[-0.5973,  1.0000,  0.0000,  0.0000,  0.0000,  0.0000]])
tensor([[0.0246, 1.0000, 0.0000, 0.0000, 0.0000, 0.0000]])
tensor([[-0.6858,  1.0000,  0.0000,  0.0000,  0.0000,  0.0000]])
tensor([[-0.1294,  1.0000,  0.0000,  0.0000,  0.0000,  0.0000]])
tensor([[-0.9135,  1.0000,  0.0000,  0.0000,  0.0000,  0.0000]])
tensor([[-0.5947,  1.0000,  0.0000,  0.0000,  0.0000,  0.0000]])
tensor([[0.9552, 1.0000, 0.0000, 0.0000, 0.0000, 0.0000]])
tensor([[-0.9740,  1.0000,  0.0000,  0.0000,  0.0000,  0.0000]])
tensor([[-0.2039,  1.0000,  0.0000,  0.0000,  0.0000,  0.0000]])
tensor([[0.1955, 1.0000, 0.0000, 0.0000, 0.0000, 0.0000]])
tensor([[-0.8372,  1.0000,  0.0000,  0.0000,  0.0000,  0.0000]])
tensor([[-0.1496,  1.0000,  0.0000,  0.0000,  0.0000,  0.0000]])
tensor([[0.3201, 1.0000, 0.0000, 0.0000, 0.0000, 0.0000]])
tensor([[-0.0274,  1.0000,  0.0000,  0.0000,  0.0000,  0.0000]])
tensor([[-0.2441,  1.0000,  0.0000,  0.0000,  0.0000,  0.0000]])
tensor([[-0.7168,  1.0000,  0.0000,  0.0000,  0.0000,  0.0000]])
tensor([[-0.6999,  1.0000,  1.0000,  0.0000,  0.0000,  0.0000]])
tensor([[0.9139, 1.0000, 0.0000, 0.0000, 0.0000, 0.0000]])
{"type": "results", "track": "hacienda", "results": [{"key": 0, "reward": -0.10010528564453125, "position": 4, "name": "TQCars", "avg_action_time": 0.0009445236346825065}]}
