INFO:root:Loading the agents
INFO:root:Loaded player TQCars
INFO:root:Creating pystk-1
INFO:root:Adding wrapper <function get_wrappers.<locals>.<lambda> at 0x709b148f3420>
INFO:root:Adding wrapper <function get_wrappers.<locals>.<lambda> at 0x709b148f34c0>
INFO:root:Adding wrapper <function get_wrappers.<locals>.<lambda> at 0x709b148f3560>
INFO:root:Adding wrapper <function get_wrappers.<locals>.<lambda> at 0x709b148f3600>
INFO:root:(multi-env mono adapter) Setting main environment max_paths to 5
INFO:root:Loading trained model from CHECKPOINT-GPUFAC/tqc_EXP16BASEREWARD_900000.pt...
INFO:root:Starting a race
..:: Antarctica Rendering Engine 2.0 ::..
tensor([[-0.0460,  1.0000,  0.0000,  0.0000,  0.0000,  0.0000]])
tensor([[-0.3474,  0.0000,  0.0000,  0.0000,  0.0000,  0.0000]])
tensor([[-0.5741,  1.0000,  0.0000,  0.0000,  0.0000,  0.0000]])
tensor([[-0.1019,  1.0000,  0.0000,  0.0000,  0.0000,  0.0000]])
tensor([[-0.4533,  1.0000,  0.0000,  0.0000,  0.0000,  0.0000]])
tensor([[0.0373, 1.0000, 0.0000, 0.0000, 0.0000, 0.0000]])
tensor([[-0.7501,  1.0000,  0.0000,  0.0000,  0.0000,  0.0000]])
tensor([[-0.0792,  1.0000,  0.0000,  0.0000,  0.0000,  0.0000]])
tensor([[-0.1407,  1.0000,  0.0000,  0.0000,  0.0000,  0.0000]])
tensor([[-0.9397,  0.0000,  0.0000,  0.0000,  0.0000,  0.0000]])
tensor([[-0.7448,  1.0000,  0.0000,  0.0000,  0.0000,  0.0000]])
tensor([[0.7365, 1.0000, 0.0000, 0.0000, 0.0000, 0.0000]])
tensor([[-0.2968,  1.0000,  0.0000,  0.0000,  0.0000,  0.0000]])
tensor([[-0.4244,  1.0000,  0.0000,  0.0000,  0.0000,  0.0000]])
tensor([[-0.5389,  1.0000,  0.0000,  0.0000,  0.0000,  0.0000]])
tensor([[-0.3425,  1.0000,  0.0000,  0.0000,  0.0000,  0.0000]])
tensor([[-0.2268,  1.0000,  0.0000,  0.0000,  0.0000,  0.0000]])
tensor([[-0.3404,  1.0000,  0.0000,  0.0000,  0.0000,  0.0000]])
tensor([[-0.4442,  1.0000,  0.0000,  0.0000,  0.0000,  0.0000]])
tensor([[-0.5636,  1.0000,  0.0000,  0.0000,  0.0000,  0.0000]])
tensor([[-0.5287,  0.0000,  0.0000,  0.0000,  0.0000,  0.0000]])
tensor([[-0.3452,  1.0000,  0.0000,  0.0000,  0.0000,  0.0000]])
tensor([[0.2730, 1.0000, 0.0000, 0.0000, 0.0000, 0.0000]])
tensor([[-0.5735,  1.0000,  0.0000,  0.0000,  0.0000,  0.0000]])
tensor([[-0.4429,  1.0000,  0.0000,  0.0000,  0.0000,  0.0000]])
tensor([[0.3075, 1.0000, 0.0000, 0.0000, 0.0000, 0.0000]])
tensor([[-0.5686,  1.0000,  0.0000,  0.0000,  0.0000,  0.0000]])
tensor([[-0.2540,  1.0000,  1.0000,  0.0000,  0.0000,  0.0000]])
tensor([[0.6659, 1.0000, 0.0000, 0.0000, 0.0000, 0.0000]])
tensor([[-0.5873,  1.0000,  0.0000,  0.0000,  0.0000,  0.0000]])
tensor([[-0.4607,  1.0000,  0.0000,  0.0000,  0.0000,  0.0000]])
tensor([[-0.4972,  1.0000,  0.0000,  0.0000,  0.0000,  0.0000]])
tensor([[0.2821, 1.0000, 0.0000, 0.0000, 0.0000, 0.0000]])
tensor([[-0.6224,  1.0000,  0.0000,  0.0000,  0.0000,  0.0000]])
tensor([[0.5045, 1.0000, 0.0000, 0.0000, 0.0000, 0.0000]])
tensor([[0.4172, 1.0000, 0.0000, 0.0000, 0.0000, 0.0000]])
tensor([[0.1903, 1.0000, 0.0000, 0.0000, 0.0000, 0.0000]])
tensor([[-0.6963,  1.0000,  0.0000,  0.0000,  0.0000,  0.0000]])
tensor([[0.0265, 1.0000, 0.0000, 0.0000, 0.0000, 0.0000]])
tensor([[0.1910, 1.0000, 0.0000, 0.0000, 0.0000, 0.0000]])
tensor([[-0.8762,  1.0000,  0.0000,  0.0000,  0.0000,  0.0000]])
tensor([[-0.3214,  1.0000,  1.0000,  0.0000,  0.0000,  0.0000]])
tensor([[0.3195, 1.0000, 0.0000, 0.0000, 0.0000, 0.0000]])
tensor([[0.5648, 1.0000, 0.0000, 0.0000, 0.0000, 0.0000]])
tensor([[-0.0048,  1.0000,  0.0000,  0.0000,  0.0000,  0.0000]])
tensor([[0.7767, 1.0000, 0.0000, 0.0000, 0.0000, 0.0000]])
tensor([[0.9004, 1.0000, 0.0000, 0.0000, 0.0000, 0.0000]])
tensor([[-0.0858,  1.0000,  0.0000,  0.0000,  0.0000,  0.0000]])
tensor([[0.4265, 1.0000, 0.0000, 0.0000, 0.0000, 0.0000]])
tensor([[-0.3436,  1.0000,  0.0000,  0.0000,  0.0000,  0.0000]])
tensor([[0.4017, 1.0000, 0.0000, 0.0000, 0.0000, 0.0000]])
tensor([[0.4903, 1.0000, 0.0000, 0.0000, 0.0000, 0.0000]])
tensor([[-0.6675,  1.0000,  0.0000,  0.0000,  0.0000,  0.0000]])
tensor([[-0.2508,  1.0000,  0.0000,  0.0000,  0.0000,  0.0000]])
tensor([[-0.8665,  1.0000,  0.0000,  0.0000,  0.0000,  0.0000]])
tensor([[-0.8839,  1.0000,  0.0000,  0.0000,  0.0000,  0.0000]])
tensor([[0.6622, 1.0000, 0.0000, 0.0000, 0.0000, 0.0000]])
tensor([[0.0697, 1.0000, 0.0000, 0.0000, 0.0000, 0.0000]])
tensor([[0.4771, 1.0000, 0.0000, 0.0000, 0.0000, 0.0000]])
tensor([[-0.7924,  1.0000,  0.0000,  0.0000,  0.0000,  0.0000]])
tensor([[0.2421, 1.0000, 0.0000, 0.0000, 0.0000, 0.0000]])
tensor([[-0.5750,  1.0000,  0.0000,  0.0000,  0.0000,  0.0000]])
tensor([[-0.4824,  1.0000,  0.0000,  0.0000,  0.0000,  0.0000]])
tensor([[0.1234, 1.0000, 0.0000, 0.0000, 0.0000, 0.0000]])
tensor([[0.5980, 1.0000, 0.0000, 0.0000, 0.0000, 0.0000]])
tensor([[0.0674, 0.0000, 0.0000, 0.0000, 0.0000, 0.0000]])
tensor([[-0.2870,  1.0000,  0.0000,  0.0000,  0.0000,  0.0000]])
tensor([[0.6656, 1.0000, 0.0000, 0.0000, 0.0000, 0.0000]])
tensor([[0.8506, 1.0000, 0.0000, 0.0000, 0.0000, 0.0000]])
tensor([[-0.1334,  1.0000,  0.0000,  0.0000,  0.0000,  0.0000]])
tensor([[0.5193, 1.0000, 0.0000, 0.0000, 0.0000, 0.0000]])
tensor([[-0.6729,  1.0000,  0.0000,  0.0000,  0.0000,  0.0000]])
tensor([[-0.6546,  1.0000,  0.0000,  0.0000,  0.0000,  0.0000]])
tensor([[-0.0183,  1.0000,  0.0000,  0.0000,  0.0000,  0.0000]])
tensor([[-0.4849,  1.0000,  0.0000,  0.0000,  0.0000,  0.0000]])
tensor([[-0.7586,  1.0000,  0.0000,  0.0000,  0.0000,  0.0000]])
tensor([[-0.1660,  1.0000,  0.0000,  0.0000,  0.0000,  0.0000]])
tensor([[-0.6936,  1.0000,  0.0000,  0.0000,  0.0000,  0.0000]])
tensor([[-0.4770,  1.0000,  0.0000,  0.0000,  0.0000,  0.0000]])
tensor([[0.0357, 1.0000, 0.0000, 0.0000, 0.0000, 0.0000]])
tensor([[-0.4599,  1.0000,  0.0000,  0.0000,  0.0000,  0.0000]])
tensor([[-0.8599,  1.0000,  0.0000,  0.0000,  0.0000,  0.0000]])
tensor([[-0.2158,  1.0000,  0.0000,  0.0000,  0.0000,  0.0000]])
tensor([[0.3260, 1.0000, 0.0000, 0.0000, 0.0000, 0.0000]])
tensor([[-0.8071,  1.0000,  0.0000,  0.0000,  0.0000,  0.0000]])
tensor([[-0.6139,  1.0000,  0.0000,  0.0000,  0.0000,  0.0000]])
tensor([[0.5528, 1.0000, 0.0000, 0.0000, 0.0000, 0.0000]])
tensor([[-0.2280,  1.0000,  0.0000,  0.0000,  0.0000,  0.0000]])
tensor([[0.0585, 1.0000, 0.0000, 0.0000, 0.0000, 0.0000]])
tensor([[-0.3903,  1.0000,  0.0000,  0.0000,  0.0000,  0.0000]])
tensor([[-0.1024,  1.0000,  0.0000,  0.0000,  0.0000,  0.0000]])
tensor([[0.1575, 1.0000, 0.0000, 0.0000, 0.0000, 0.0000]])
tensor([[0.4794, 1.0000, 0.0000, 0.0000, 0.0000, 0.0000]])
tensor([[-0.5636,  1.0000,  0.0000,  0.0000,  0.0000,  0.0000]])
tensor([[0.1853, 1.0000, 0.0000, 0.0000, 0.0000, 0.0000]])
tensor([[0.4393, 1.0000, 0.0000, 0.0000, 0.0000, 0.0000]])
tensor([[-0.6210,  1.0000,  0.0000,  0.0000,  0.0000,  0.0000]])
tensor([[0.5221, 1.0000, 0.0000, 0.0000, 0.0000, 0.0000]])
tensor([[-0.8287,  1.0000,  0.0000,  0.0000,  0.0000,  0.0000]])
tensor([[0.5498, 1.0000, 0.0000, 0.0000, 0.0000, 0.0000]])
tensor([[-0.2377,  1.0000,  0.0000,  0.0000,  0.0000,  0.0000]])
tensor([[-0.0578,  1.0000,  0.0000,  0.0000,  0.0000,  0.0000]])
tensor([[-0.4713,  1.0000,  0.0000,  0.0000,  0.0000,  0.0000]])
tensor([[0.1313, 1.0000, 0.0000, 0.0000, 0.0000, 0.0000]])
tensor([[-0.6335,  1.0000,  0.0000,  0.0000,  0.0000,  0.0000]])
tensor([[-0.0423,  1.0000,  0.0000,  0.0000,  0.0000,  0.0000]])
tensor([[-0.2702,  1.0000,  0.0000,  0.0000,  0.0000,  0.0000]])
tensor([[-0.3017,  1.0000,  0.0000,  0.0000,  0.0000,  0.0000]])
tensor([[0.1126, 1.0000, 0.0000, 0.0000, 0.0000, 0.0000]])
tensor([[-0.7902,  1.0000,  0.0000,  0.0000,  0.0000,  0.0000]])
tensor([[-0.3694,  1.0000,  0.0000,  0.0000,  0.0000,  0.0000]])
tensor([[-0.4656,  1.0000,  0.0000,  0.0000,  0.0000,  0.0000]])
tensor([[-0.7120,  1.0000,  0.0000,  0.0000,  0.0000,  0.0000]])
tensor([[-0.4859,  1.0000,  0.0000,  0.0000,  0.0000,  0.0000]])
tensor([[-0.6657,  1.0000,  0.0000,  0.0000,  0.0000,  0.0000]])
tensor([[-0.4526,  1.0000,  0.0000,  0.0000,  0.0000,  0.0000]])
tensor([[-0.5610,  1.0000,  0.0000,  0.0000,  0.0000,  0.0000]])
tensor([[-0.9918,  1.0000,  0.0000,  0.0000,  0.0000,  0.0000]])
tensor([[-0.8204,  1.0000,  0.0000,  0.0000,  0.0000,  0.0000]])
tensor([[-0.7679,  1.0000,  0.0000,  0.0000,  0.0000,  0.0000]])
tensor([[-0.9604,  1.0000,  1.0000,  0.0000,  0.0000,  0.0000]])
tensor([[-0.9532,  1.0000,  0.0000,  0.0000,  0.0000,  0.0000]])
tensor([[-0.8648,  1.0000,  0.0000,  0.0000,  0.0000,  0.0000]])
tensor([[-0.6598,  1.0000,  0.0000,  0.0000,  0.0000,  0.0000]])
tensor([[-0.6952,  1.0000,  0.0000,  0.0000,  0.0000,  0.0000]])
tensor([[-0.9596,  1.0000,  0.0000,  0.0000,  0.0000,  0.0000]])
tensor([[-0.4795,  1.0000,  0.0000,  0.0000,  0.0000,  0.0000]])
tensor([[-0.0636,  1.0000,  0.0000,  0.0000,  0.0000,  0.0000]])
tensor([[-0.1217,  1.0000,  0.0000,  0.0000,  0.0000,  0.0000]])
tensor([[-0.1474,  1.0000,  0.0000,  0.0000,  0.0000,  0.0000]])
tensor([[0.0325, 1.0000, 0.0000, 1.0000, 0.0000, 0.0000]])
tensor([[-0.1879,  1.0000,  0.0000,  0.0000,  0.0000,  0.0000]])
tensor([[-0.2905,  1.0000,  0.0000,  0.0000,  0.0000,  0.0000]])
tensor([[-0.7446,  1.0000,  0.0000,  0.0000,  0.0000,  0.0000]])
tensor([[-0.5381,  1.0000,  0.0000,  0.0000,  0.0000,  0.0000]])
tensor([[-0.8062,  1.0000,  0.0000,  0.0000,  0.0000,  0.0000]])
tensor([[-0.0701,  1.0000,  0.0000,  0.0000,  0.0000,  0.0000]])
tensor([[-0.2633,  1.0000,  0.0000,  0.0000,  0.0000,  0.0000]])
tensor([[-0.9625,  1.0000,  0.0000,  0.0000,  0.0000,  0.0000]])
tensor([[-0.8827,  1.0000,  0.0000,  0.0000,  0.0000,  0.0000]])
tensor([[-0.9341,  1.0000,  1.0000,  0.0000,  0.0000,  0.0000]])
tensor([[-0.3387,  1.0000,  0.0000,  0.0000,  0.0000,  0.0000]])
tensor([[-0.9469,  1.0000,  0.0000,  0.0000,  0.0000,  0.0000]])
tensor([[-0.7087,  1.0000,  0.0000,  0.0000,  0.0000,  0.0000]])
tensor([[-0.6715,  1.0000,  0.0000,  0.0000,  0.0000,  0.0000]])
tensor([[-0.8987,  1.0000,  0.0000,  0.0000,  0.0000,  0.0000]])
tensor([[-0.5418,  0.0000,  0.0000,  0.0000,  0.0000,  0.0000]])
tensor([[-0.6886,  1.0000,  0.0000,  0.0000,  0.0000,  0.0000]])
tensor([[-0.7882,  1.0000,  0.0000,  0.0000,  0.0000,  0.0000]])
tensor([[-0.9431,  1.0000,  0.0000,  0.0000,  0.0000,  0.0000]])
tensor([[-0.8172,  0.0000,  0.0000,  0.0000,  0.0000,  0.0000]])
tensor([[0.6703, 1.0000, 0.0000, 0.0000, 0.0000, 0.0000]])
tensor([[0.2197, 1.0000, 0.0000, 0.0000, 0.0000, 0.0000]])
tensor([[-0.1226,  1.0000,  0.0000,  0.0000,  0.0000,  0.0000]])
tensor([[-0.7539,  1.0000,  0.0000,  0.0000,  0.0000,  0.0000]])
tensor([[0.3852, 1.0000, 0.0000, 0.0000, 0.0000, 0.0000]])
tensor([[0.6397, 1.0000, 0.0000, 0.0000, 0.0000, 0.0000]])
tensor([[0.3751, 1.0000, 0.0000, 0.0000, 0.0000, 0.0000]])
tensor([[0.9434, 1.0000, 0.0000, 0.0000, 0.0000, 0.0000]])
tensor([[0.2865, 0.0000, 0.0000, 0.0000, 0.0000, 0.0000]])
tensor([[0.4794, 1.0000, 0.0000, 0.0000, 0.0000, 0.0000]])
tensor([[0.9019, 1.0000, 0.0000, 0.0000, 0.0000, 0.0000]])
tensor([[0.9562, 1.0000, 0.0000, 0.0000, 0.0000, 0.0000]])
tensor([[0.3446, 1.0000, 0.0000, 0.0000, 0.0000, 0.0000]])
tensor([[-0.0884,  1.0000,  0.0000,  0.0000,  0.0000,  0.0000]])
tensor([[-0.4891,  1.0000,  0.0000,  0.0000,  0.0000,  0.0000]])
tensor([[-0.2180,  1.0000,  0.0000,  0.0000,  0.0000,  0.0000]])
tensor([[0.5074, 1.0000, 0.0000, 0.0000, 0.0000, 0.0000]])
tensor([[0.8830, 1.0000, 0.0000, 0.0000, 0.0000, 0.0000]])
tensor([[0.8256, 1.0000, 0.0000, 0.0000, 0.0000, 0.0000]])
tensor([[0.5911, 1.0000, 0.0000, 0.0000, 0.0000, 0.0000]])
tensor([[0.9454, 1.0000, 0.0000, 0.0000, 0.0000, 0.0000]])
tensor([[0.5087, 1.0000, 0.0000, 0.0000, 0.0000, 0.0000]])
tensor([[0.8355, 1.0000, 0.0000, 0.0000, 0.0000, 0.0000]])
tensor([[0.5147, 1.0000, 0.0000, 0.0000, 0.0000, 0.0000]])
tensor([[-0.2613,  1.0000,  0.0000,  0.0000,  0.0000,  0.0000]])
tensor([[0.6618, 1.0000, 0.0000, 0.0000, 0.0000, 0.0000]])
tensor([[0.0148, 1.0000, 0.0000, 0.0000, 0.0000, 0.0000]])
tensor([[0.0805, 1.0000, 0.0000, 0.0000, 0.0000, 0.0000]])
tensor([[0.7095, 1.0000, 0.0000, 0.0000, 0.0000, 0.0000]])
tensor([[-0.3467,  1.0000,  0.0000,  0.0000,  0.0000,  0.0000]])
tensor([[0.8905, 1.0000, 0.0000, 0.0000, 0.0000, 0.0000]])
tensor([[0.3056, 1.0000, 0.0000, 0.0000, 0.0000, 0.0000]])
tensor([[0.8569, 1.0000, 0.0000, 0.0000, 0.0000, 0.0000]])
tensor([[-0.3792,  1.0000,  0.0000,  0.0000,  0.0000,  0.0000]])
tensor([[0.5240, 1.0000, 0.0000, 0.0000, 0.0000, 0.0000]])
tensor([[0.2930, 1.0000, 0.0000, 0.0000, 0.0000, 0.0000]])
tensor([[0.3379, 1.0000, 0.0000, 0.0000, 0.0000, 0.0000]])
tensor([[0.5336, 1.0000, 0.0000, 0.0000, 0.0000, 0.0000]])
tensor([[0.8239, 1.0000, 0.0000, 0.0000, 0.0000, 0.0000]])
tensor([[0.0671, 1.0000, 0.0000, 0.0000, 0.0000, 0.0000]])
tensor([[0.2894, 1.0000, 0.0000, 0.0000, 0.0000, 0.0000]])
tensor([[-0.7648,  1.0000,  0.0000,  0.0000,  0.0000,  0.0000]])
tensor([[0.7864, 1.0000, 0.0000, 0.0000, 0.0000, 0.0000]])
tensor([[0.6180, 1.0000, 0.0000, 0.0000, 0.0000, 0.0000]])
tensor([[-0.3784,  1.0000,  0.0000,  0.0000,  0.0000,  0.0000]])
tensor([[0.6899, 1.0000, 0.0000, 0.0000, 0.0000, 0.0000]])
tensor([[-0.2150,  1.0000,  0.0000,  0.0000,  0.0000,  0.0000]])
tensor([[0.4170, 1.0000, 0.0000, 0.0000, 0.0000, 0.0000]])
tensor([[-0.0101,  1.0000,  0.0000,  0.0000,  0.0000,  0.0000]])
tensor([[0.7528, 1.0000, 0.0000, 0.0000, 0.0000, 0.0000]])
tensor([[0.6637, 1.0000, 0.0000, 0.0000, 0.0000, 0.0000]])
tensor([[0.4016, 1.0000, 0.0000, 0.0000, 0.0000, 0.0000]])
tensor([[0.8093, 1.0000, 0.0000, 0.0000, 0.0000, 0.0000]])
tensor([[0.8149, 1.0000, 0.0000, 0.0000, 0.0000, 0.0000]])
tensor([[0.0310, 1.0000, 0.0000, 0.0000, 0.0000, 0.0000]])
tensor([[-0.2548,  1.0000,  0.0000,  0.0000,  0.0000,  0.0000]])
tensor([[-0.0208,  1.0000,  0.0000,  0.0000,  0.0000,  0.0000]])
tensor([[0.6864, 1.0000, 0.0000, 0.0000, 0.0000, 0.0000]])
tensor([[-0.2161,  1.0000,  0.0000,  0.0000,  0.0000,  0.0000]])
tensor([[0.5777, 1.0000, 0.0000, 0.0000, 0.0000, 0.0000]])
tensor([[0.4536, 1.0000, 0.0000, 0.0000, 0.0000, 0.0000]])
tensor([[-0.3826,  1.0000,  0.0000,  0.0000,  0.0000,  0.0000]])
tensor([[0.2156, 1.0000, 0.0000, 0.0000, 0.0000, 0.0000]])
tensor([[0.3276, 1.0000, 0.0000, 0.0000, 0.0000, 0.0000]])
tensor([[0.8192, 1.0000, 0.0000, 0.0000, 0.0000, 0.0000]])
tensor([[0.1014, 1.0000, 0.0000, 0.0000, 0.0000, 0.0000]])
tensor([[0.3525, 1.0000, 0.0000, 0.0000, 0.0000, 0.0000]])
tensor([[0.9283, 1.0000, 0.0000, 0.0000, 0.0000, 0.0000]])
tensor([[0.8900, 1.0000, 0.0000, 0.0000, 0.0000, 0.0000]])
tensor([[-0.1075,  1.0000,  0.0000,  0.0000,  0.0000,  0.0000]])
tensor([[0.1046, 1.0000, 0.0000, 0.0000, 0.0000, 0.0000]])
tensor([[0.1590, 0.0000, 0.0000, 0.0000, 0.0000, 0.0000]])
tensor([[0.2255, 1.0000, 0.0000, 0.0000, 0.0000, 0.0000]])
tensor([[0.3487, 1.0000, 0.0000, 0.0000, 0.0000, 0.0000]])
tensor([[0.2047, 1.0000, 0.0000, 0.0000, 0.0000, 0.0000]])
tensor([[0.7559, 1.0000, 0.0000, 0.0000, 0.0000, 0.0000]])
tensor([[0.7802, 1.0000, 0.0000, 0.0000, 0.0000, 0.0000]])
tensor([[-0.1059,  1.0000,  0.0000,  0.0000,  0.0000,  0.0000]])
tensor([[0.8271, 1.0000, 0.0000, 0.0000, 0.0000, 0.0000]])
tensor([[-0.7283,  1.0000,  0.0000,  1.0000,  0.0000,  0.0000]])
tensor([[-0.5397,  1.0000,  0.0000,  0.0000,  0.0000,  0.0000]])
tensor([[0.7771, 1.0000, 0.0000, 0.0000, 0.0000, 0.0000]])
tensor([[0.8902, 1.0000, 0.0000, 0.0000, 0.0000, 0.0000]])
tensor([[0.8617, 1.0000, 0.0000, 1.0000, 0.0000, 0.0000]])
tensor([[0.7418, 1.0000, 0.0000, 0.0000, 0.0000, 0.0000]])
tensor([[-0.9362,  1.0000,  0.0000,  0.0000,  0.0000,  0.0000]])
tensor([[-0.5522,  1.0000,  0.0000,  0.0000,  0.0000,  0.0000]])
tensor([[-0.8974,  1.0000,  0.0000,  0.0000,  0.0000,  0.0000]])
tensor([[-0.7751,  1.0000,  0.0000,  0.0000,  0.0000,  0.0000]])
tensor([[-0.6893,  1.0000,  0.0000,  0.0000,  0.0000,  0.0000]])
tensor([[-0.3730,  1.0000,  0.0000,  0.0000,  0.0000,  0.0000]])
tensor([[-0.8874,  1.0000,  0.0000,  0.0000,  0.0000,  0.0000]])
tensor([[-0.6080,  0.0000,  0.0000,  0.0000,  0.0000,  0.0000]])
tensor([[-0.9580,  1.0000,  0.0000,  0.0000,  0.0000,  0.0000]])
tensor([[-0.9661,  1.0000,  0.0000,  0.0000,  0.0000,  0.0000]])
tensor([[-0.9580,  1.0000,  0.0000,  0.0000,  0.0000,  0.0000]])
tensor([[-0.7494,  1.0000,  0.0000,  0.0000,  0.0000,  0.0000]])
tensor([[-0.9602,  1.0000,  0.0000,  0.0000,  0.0000,  0.0000]])
tensor([[-0.2810,  1.0000,  0.0000,  0.0000,  0.0000,  0.0000]])
tensor([[-0.5595,  1.0000,  0.0000,  1.0000,  0.0000,  0.0000]])
tensor([[-0.0156,  1.0000,  0.0000,  0.0000,  0.0000,  0.0000]])
tensor([[-0.2545,  1.0000,  0.0000,  0.0000,  0.0000,  0.0000]])
tensor([[-0.8213,  1.0000,  0.0000,  0.0000,  0.0000,  0.0000]])
tensor([[-0.7346,  1.0000,  0.0000,  0.0000,  0.0000,  0.0000]])
tensor([[-0.1672,  1.0000,  0.0000,  0.0000,  0.0000,  0.0000]])
tensor([[-0.0805,  1.0000,  0.0000,  0.0000,  0.0000,  0.0000]])
tensor([[0.1647, 1.0000, 0.0000, 0.0000, 0.0000, 0.0000]])
tensor([[-0.1667,  1.0000,  0.0000,  0.0000,  0.0000,  0.0000]])
tensor([[-0.1254,  1.0000,  0.0000,  0.0000,  0.0000,  0.0000]])
tensor([[0.2040, 1.0000, 0.0000, 0.0000, 0.0000, 0.0000]])
tensor([[-0.4566,  1.0000,  0.0000,  0.0000,  0.0000,  0.0000]])
tensor([[0.5136, 1.0000, 0.0000, 0.0000, 0.0000, 0.0000]])
tensor([[-0.4672,  1.0000,  0.0000,  0.0000,  0.0000,  0.0000]])
tensor([[-0.3461,  1.0000,  0.0000,  0.0000,  0.0000,  0.0000]])
tensor([[0.0752, 1.0000, 0.0000, 0.0000, 0.0000, 0.0000]])
tensor([[0.2928, 1.0000, 0.0000, 0.0000, 0.0000, 0.0000]])
tensor([[-0.8279,  1.0000,  0.0000,  0.0000,  0.0000,  0.0000]])
tensor([[-0.0178,  1.0000,  0.0000,  0.0000,  0.0000,  0.0000]])
tensor([[0.7227, 1.0000, 0.0000, 0.0000, 0.0000, 0.0000]])
tensor([[0.0413, 1.0000, 0.0000, 0.0000, 0.0000, 0.0000]])
tensor([[0.6968, 1.0000, 0.0000, 0.0000, 0.0000, 0.0000]])
tensor([[0.1723, 1.0000, 0.0000, 0.0000, 0.0000, 0.0000]])
tensor([[-0.4881,  1.0000,  0.0000,  0.0000,  0.0000,  0.0000]])
tensor([[-0.4827,  1.0000,  0.0000,  0.0000,  0.0000,  0.0000]])
tensor([[-0.1263,  1.0000,  0.0000,  0.0000,  0.0000,  0.0000]])
tensor([[-0.0753,  1.0000,  0.0000,  0.0000,  0.0000,  0.0000]])
tensor([[0.1010, 1.0000, 0.0000, 0.0000, 0.0000, 0.0000]])
tensor([[-0.8677,  1.0000,  0.0000,  0.0000,  0.0000,  0.0000]])
tensor([[-0.5651,  1.0000,  0.0000,  0.0000,  0.0000,  0.0000]])
tensor([[0.0580, 1.0000, 0.0000, 0.0000, 0.0000, 0.0000]])
tensor([[0.1953, 1.0000, 0.0000, 0.0000, 0.0000, 0.0000]])
tensor([[0.9529, 1.0000, 0.0000, 0.0000, 0.0000, 0.0000]])
tensor([[0.7917, 1.0000, 0.0000, 0.0000, 0.0000, 0.0000]])
tensor([[0.1339, 1.0000, 0.0000, 0.0000, 0.0000, 0.0000]])
tensor([[0.8154, 1.0000, 0.0000, 0.0000, 0.0000, 0.0000]])
tensor([[0.6702, 1.0000, 0.0000, 0.0000, 0.0000, 0.0000]])
tensor([[-0.4207,  1.0000,  0.0000,  0.0000,  0.0000,  0.0000]])
tensor([[-0.6039,  1.0000,  0.0000,  0.0000,  0.0000,  0.0000]])
tensor([[0.7494, 1.0000, 0.0000, 0.0000, 0.0000, 0.0000]])
tensor([[0.2244, 1.0000, 0.0000, 0.0000, 0.0000, 0.0000]])
tensor([[0.1954, 1.0000, 0.0000, 0.0000, 0.0000, 0.0000]])
tensor([[0.1265, 1.0000, 0.0000, 0.0000, 0.0000, 0.0000]])
tensor([[-0.1329,  1.0000,  0.0000,  0.0000,  1.0000,  0.0000]])
tensor([[0.3345, 1.0000, 0.0000, 0.0000, 0.0000, 0.0000]])
tensor([[-0.1774,  1.0000,  0.0000,  0.0000,  0.0000,  0.0000]])
tensor([[-0.2210,  1.0000,  0.0000,  0.0000,  0.0000,  0.0000]])
tensor([[-0.2182,  1.0000,  0.0000,  0.0000,  0.0000,  0.0000]])
tensor([[-0.5336,  1.0000,  0.0000,  0.0000,  0.0000,  0.0000]])
tensor([[-0.0254,  1.0000,  0.0000,  0.0000,  0.0000,  0.0000]])
tensor([[-0.6077,  1.0000,  0.0000,  0.0000,  0.0000,  0.0000]])
tensor([[-0.1801,  1.0000,  0.0000,  0.0000,  0.0000,  0.0000]])
tensor([[0.7904, 1.0000, 0.0000, 0.0000, 0.0000, 0.0000]])
tensor([[0.5865, 1.0000, 0.0000, 0.0000, 0.0000, 0.0000]])
tensor([[0.1162, 1.0000, 0.0000, 0.0000, 0.0000, 0.0000]])
tensor([[0.5324, 1.0000, 0.0000, 0.0000, 0.0000, 0.0000]])
tensor([[0.1885, 1.0000, 0.0000, 0.0000, 0.0000, 0.0000]])
tensor([[0.0136, 1.0000, 0.0000, 0.0000, 0.0000, 0.0000]])
tensor([[0.5898, 1.0000, 0.0000, 0.0000, 0.0000, 0.0000]])
tensor([[-0.5535,  1.0000,  0.0000,  0.0000,  0.0000,  0.0000]])
tensor([[0.0163, 1.0000, 0.0000, 0.0000, 0.0000, 0.0000]])
tensor([[0.8031, 1.0000, 0.0000, 0.0000, 0.0000, 0.0000]])
tensor([[-0.3010,  1.0000,  0.0000,  0.0000,  0.0000,  0.0000]])
tensor([[0.2488, 1.0000, 0.0000, 0.0000, 0.0000, 0.0000]])
tensor([[-0.7182,  1.0000,  0.0000,  0.0000,  0.0000,  0.0000]])
tensor([[-0.1360,  1.0000,  0.0000,  0.0000,  0.0000,  0.0000]])
tensor([[0.2947, 1.0000, 0.0000, 0.0000, 0.0000, 0.0000]])
tensor([[0.4010, 1.0000, 0.0000, 0.0000, 0.0000, 0.0000]])
tensor([[-0.2239,  1.0000,  0.0000,  0.0000,  0.0000,  0.0000]])
tensor([[0.6254, 1.0000, 0.0000, 0.0000, 0.0000, 0.0000]])
tensor([[-0.4890,  1.0000,  0.0000,  0.0000,  0.0000,  0.0000]])
tensor([[0.1351, 1.0000, 0.0000, 0.0000, 0.0000, 0.0000]])
tensor([[0.3647, 1.0000, 0.0000, 0.0000, 0.0000, 0.0000]])
tensor([[0.0304, 1.0000, 0.0000, 0.0000, 0.0000, 0.0000]])
tensor([[0.0338, 1.0000, 0.0000, 0.0000, 0.0000, 0.0000]])
tensor([[-0.1628,  1.0000,  0.0000,  0.0000,  0.0000,  0.0000]])
tensor([[0.2228, 1.0000, 0.0000, 0.0000, 0.0000, 0.0000]])
tensor([[0.2356, 1.0000, 0.0000, 0.0000, 0.0000, 0.0000]])
tensor([[-0.3418,  1.0000,  0.0000,  0.0000,  0.0000,  0.0000]])
tensor([[0.3824, 1.0000, 0.0000, 0.0000, 0.0000, 0.0000]])
tensor([[-0.1061,  1.0000,  0.0000,  0.0000,  0.0000,  0.0000]])
tensor([[-0.2135,  1.0000,  0.0000,  0.0000,  0.0000,  0.0000]])
tensor([[-0.7035,  1.0000,  0.0000,  0.0000,  0.0000,  0.0000]])
tensor([[-0.0433,  1.0000,  0.0000,  0.0000,  0.0000,  0.0000]])
tensor([[-0.8907,  1.0000,  0.0000,  0.0000,  0.0000,  0.0000]])
tensor([[-0.7293,  1.0000,  0.0000,  0.0000,  0.0000,  0.0000]])
tensor([[0.0860, 1.0000, 0.0000, 0.0000, 0.0000, 0.0000]])
tensor([[-0.6301,  1.0000,  0.0000,  0.0000,  0.0000,  0.0000]])
tensor([[-0.6548,  1.0000,  0.0000,  0.0000,  0.0000,  0.0000]])
tensor([[-0.2623,  1.0000,  0.0000,  0.0000,  0.0000,  0.0000]])
tensor([[-0.8339,  1.0000,  0.0000,  0.0000,  0.0000,  0.0000]])
tensor([[-0.6076,  1.0000,  0.0000,  0.0000,  0.0000,  0.0000]])
tensor([[0.0487, 1.0000, 0.0000, 0.0000, 0.0000, 0.0000]])
tensor([[-0.1842,  1.0000,  0.0000,  0.0000,  0.0000,  0.0000]])
tensor([[-0.7498,  1.0000,  0.0000,  0.0000,  0.0000,  0.0000]])
tensor([[0.2796, 1.0000, 0.0000, 0.0000, 0.0000, 0.0000]])
tensor([[-0.6127,  1.0000,  0.0000,  0.0000,  0.0000,  0.0000]])
tensor([[-0.2490,  1.0000,  0.0000,  0.0000,  0.0000,  0.0000]])
tensor([[-0.3340,  1.0000,  0.0000,  0.0000,  0.0000,  0.0000]])
tensor([[-0.4508,  1.0000,  0.0000,  0.0000,  0.0000,  0.0000]])
tensor([[0.0094, 1.0000, 0.0000, 0.0000, 0.0000, 0.0000]])
tensor([[-0.0773,  1.0000,  0.0000,  0.0000,  0.0000,  0.0000]])
tensor([[-0.7727,  1.0000,  0.0000,  0.0000,  0.0000,  0.0000]])
tensor([[0.7640, 1.0000, 0.0000, 0.0000, 0.0000, 0.0000]])
tensor([[-0.5052,  1.0000,  0.0000,  0.0000,  0.0000,  0.0000]])
tensor([[-0.0110,  1.0000,  0.0000,  0.0000,  0.0000,  0.0000]])
tensor([[-0.3321,  1.0000,  0.0000,  0.0000,  0.0000,  0.0000]])
tensor([[-0.0781,  1.0000,  0.0000,  0.0000,  0.0000,  0.0000]])
tensor([[0.0841, 1.0000, 0.0000, 0.0000, 0.0000, 0.0000]])
tensor([[0.3995, 1.0000, 0.0000, 0.0000, 0.0000, 0.0000]])
tensor([[-0.7659,  1.0000,  0.0000,  0.0000,  0.0000,  0.0000]])
tensor([[-0.2377,  1.0000,  0.0000,  0.0000,  0.0000,  0.0000]])
tensor([[-0.5874,  1.0000,  0.0000,  0.0000,  0.0000,  0.0000]])
tensor([[0.0351, 1.0000, 0.0000, 0.0000, 0.0000, 0.0000]])
tensor([[-0.0822,  1.0000,  0.0000,  0.0000,  0.0000,  0.0000]])
tensor([[-0.8426,  1.0000,  0.0000,  0.0000,  0.0000,  0.0000]])
tensor([[0.3932, 1.0000, 0.0000, 0.0000, 0.0000, 0.0000]])
tensor([[-0.3254,  1.0000,  0.0000,  0.0000,  0.0000,  0.0000]])
tensor([[-0.1104,  1.0000,  0.0000,  0.0000,  0.0000,  0.0000]])
tensor([[-0.5607,  1.0000,  0.0000,  0.0000,  0.0000,  0.0000]])
tensor([[0.6813, 1.0000, 0.0000, 0.0000, 0.0000, 0.0000]])
tensor([[-0.5258,  1.0000,  0.0000,  0.0000,  0.0000,  0.0000]])
tensor([[-0.0211,  1.0000,  0.0000,  0.0000,  0.0000,  0.0000]])
tensor([[0.6534, 1.0000, 0.0000, 0.0000, 0.0000, 0.0000]])
tensor([[-0.1164,  1.0000,  0.0000,  0.0000,  0.0000,  0.0000]])
tensor([[0.0815, 1.0000, 0.0000, 0.0000, 0.0000, 0.0000]])
tensor([[-0.0275,  1.0000,  0.0000,  0.0000,  0.0000,  0.0000]])
tensor([[0.4086, 1.0000, 0.0000, 0.0000, 0.0000, 0.0000]])
tensor([[0.3596, 1.0000, 0.0000, 0.0000, 0.0000, 0.0000]])
tensor([[-0.1858,  1.0000,  0.0000,  0.0000,  0.0000,  0.0000]])
tensor([[-0.0297,  1.0000,  0.0000,  0.0000,  0.0000,  0.0000]])
tensor([[-0.2533,  1.0000,  0.0000,  0.0000,  0.0000,  0.0000]])
tensor([[-0.1647,  1.0000,  0.0000,  0.0000,  0.0000,  0.0000]])
tensor([[0.0246, 1.0000, 0.0000, 0.0000, 0.0000, 0.0000]])
tensor([[0.4513, 1.0000, 0.0000, 0.0000, 0.0000, 0.0000]])
tensor([[-0.6260,  1.0000,  1.0000,  0.0000,  0.0000,  0.0000]])
tensor([[0.2691, 1.0000, 0.0000, 0.0000, 0.0000, 0.0000]])
tensor([[0.7941, 1.0000, 0.0000, 0.0000, 0.0000, 0.0000]])
tensor([[-0.3944,  1.0000,  0.0000,  0.0000,  0.0000,  0.0000]])
tensor([[-0.5660,  1.0000,  0.0000,  0.0000,  0.0000,  0.0000]])
tensor([[-0.4824,  1.0000,  0.0000,  0.0000,  0.0000,  0.0000]])
tensor([[0.3489, 1.0000, 0.0000, 0.0000, 0.0000, 0.0000]])
tensor([[-0.4140,  1.0000,  0.0000,  0.0000,  0.0000,  0.0000]])
tensor([[0.1461, 1.0000, 0.0000, 0.0000, 0.0000, 0.0000]])
tensor([[0.2606, 1.0000, 0.0000, 0.0000, 0.0000, 0.0000]])
tensor([[0.3725, 1.0000, 0.0000, 0.0000, 0.0000, 0.0000]])
tensor([[0.8944, 1.0000, 0.0000, 0.0000, 0.0000, 0.0000]])
tensor([[0.0197, 1.0000, 0.0000, 0.0000, 0.0000, 0.0000]])
tensor([[-0.0939,  1.0000,  0.0000,  0.0000,  0.0000,  0.0000]])
tensor([[-0.4635,  1.0000,  0.0000,  0.0000,  0.0000,  0.0000]])
tensor([[-0.4368,  1.0000,  0.0000,  0.0000,  0.0000,  0.0000]])
tensor([[0.8404, 1.0000, 0.0000, 0.0000, 0.0000, 0.0000]])
tensor([[0.9136, 1.0000, 0.0000, 0.0000, 0.0000, 0.0000]])
tensor([[0.9144, 1.0000, 0.0000, 0.0000, 0.0000, 0.0000]])
tensor([[0.2329, 1.0000, 0.0000, 0.0000, 0.0000, 0.0000]])
tensor([[-0.0489,  1.0000,  0.0000,  0.0000,  0.0000,  0.0000]])
tensor([[-0.7063,  1.0000,  0.0000,  0.0000,  0.0000,  0.0000]])
tensor([[0.0378, 1.0000, 0.0000, 0.0000, 0.0000, 0.0000]])
tensor([[-0.0771,  1.0000,  0.0000,  0.0000,  0.0000,  0.0000]])
tensor([[0.1010, 1.0000, 0.0000, 0.0000, 0.0000, 0.0000]])
tensor([[0.7772, 1.0000, 0.0000, 0.0000, 0.0000, 0.0000]])
tensor([[0.2044, 1.0000, 0.0000, 0.0000, 0.0000, 0.0000]])
tensor([[-0.0109,  1.0000,  0.0000,  0.0000,  0.0000,  0.0000]])
tensor([[0.0345, 1.0000, 0.0000, 0.0000, 0.0000, 0.0000]])
tensor([[0.1086, 1.0000, 0.0000, 0.0000, 0.0000, 0.0000]])
tensor([[-0.0375,  1.0000,  0.0000,  0.0000,  0.0000,  0.0000]])
tensor([[-0.6052,  1.0000,  1.0000,  0.0000,  0.0000,  0.0000]])
tensor([[0.6245, 1.0000, 0.0000, 0.0000, 0.0000, 0.0000]])
tensor([[0.5667, 1.0000, 0.0000, 0.0000, 0.0000, 0.0000]])
tensor([[-0.1688,  1.0000,  0.0000,  0.0000,  0.0000,  0.0000]])
tensor([[0.4114, 1.0000, 0.0000, 0.0000, 0.0000, 0.0000]])
tensor([[-0.0665,  1.0000,  0.0000,  0.0000,  0.0000,  0.0000]])
tensor([[0.3746, 1.0000, 0.0000, 0.0000, 0.0000, 0.0000]])
tensor([[0.7352, 1.0000, 0.0000, 0.0000, 0.0000, 0.0000]])
tensor([[0.1734, 1.0000, 0.0000, 0.0000, 0.0000, 0.0000]])
tensor([[0.4994, 1.0000, 0.0000, 0.0000, 0.0000, 0.0000]])
tensor([[0.2500, 1.0000, 0.0000, 0.0000, 0.0000, 0.0000]])
tensor([[-0.3829,  1.0000,  0.0000,  0.0000,  0.0000,  0.0000]])
tensor([[0.8686, 1.0000, 1.0000, 0.0000, 0.0000, 0.0000]])
tensor([[0.4325, 1.0000, 0.0000, 0.0000, 0.0000, 0.0000]])
tensor([[0.4341, 1.0000, 0.0000, 0.0000, 0.0000, 0.0000]])
tensor([[-0.2671,  1.0000,  0.0000,  0.0000,  0.0000,  0.0000]])
tensor([[-0.1238,  1.0000,  0.0000,  0.0000,  0.0000,  0.0000]])
tensor([[-0.2890,  1.0000,  0.0000,  0.0000,  0.0000,  0.0000]])
tensor([[-0.7137,  1.0000,  0.0000,  0.0000,  0.0000,  0.0000]])
tensor([[-0.5124,  1.0000,  0.0000,  0.0000,  0.0000,  0.0000]])
tensor([[0.0714, 1.0000, 0.0000, 0.0000, 0.0000, 0.0000]])
tensor([[0.7616, 1.0000, 0.0000, 0.0000, 0.0000, 0.0000]])
tensor([[0.3218, 1.0000, 0.0000, 0.0000, 1.0000, 0.0000]])
tensor([[0.3798, 1.0000, 0.0000, 0.0000, 0.0000, 0.0000]])
tensor([[0.7747, 1.0000, 0.0000, 0.0000, 0.0000, 0.0000]])
tensor([[0.2402, 1.0000, 0.0000, 0.0000, 0.0000, 0.0000]])
tensor([[0.9470, 1.0000, 0.0000, 0.0000, 0.0000, 0.0000]])
tensor([[0.7154, 1.0000, 0.0000, 0.0000, 0.0000, 0.0000]])
tensor([[0.8435, 1.0000, 0.0000, 1.0000, 0.0000, 0.0000]])
tensor([[0.9553, 1.0000, 0.0000, 0.0000, 0.0000, 0.0000]])
tensor([[0.9772, 1.0000, 0.0000, 0.0000, 0.0000, 0.0000]])
tensor([[0.9976, 1.0000, 0.0000, 0.0000, 0.0000, 0.0000]])
tensor([[0.9367, 1.0000, 0.0000, 0.0000, 0.0000, 0.0000]])
tensor([[0.8878, 1.0000, 0.0000, 0.0000, 0.0000, 0.0000]])
tensor([[0.7173, 1.0000, 0.0000, 0.0000, 0.0000, 0.0000]])
tensor([[0.7471, 1.0000, 0.0000, 0.0000, 0.0000, 0.0000]])
tensor([[0.8995, 1.0000, 0.0000, 0.0000, 0.0000, 0.0000]])
tensor([[-0.1618,  1.0000,  0.0000,  0.0000,  0.0000,  0.0000]])
tensor([[-0.0485,  1.0000,  0.0000,  0.0000,  0.0000,  0.0000]])
tensor([[-0.0929,  1.0000,  0.0000,  0.0000,  0.0000,  0.0000]])
tensor([[0.3732, 1.0000, 0.0000, 0.0000, 0.0000, 0.0000]])
tensor([[0.8225, 1.0000, 0.0000, 0.0000, 0.0000, 0.0000]])
tensor([[0.4281, 1.0000, 0.0000, 0.0000, 0.0000, 0.0000]])
tensor([[0.2637, 1.0000, 0.0000, 0.0000, 0.0000, 0.0000]])
tensor([[0.6387, 1.0000, 0.0000, 0.0000, 0.0000, 0.0000]])
tensor([[0.2885, 1.0000, 0.0000, 0.0000, 0.0000, 0.0000]])
tensor([[0.4576, 1.0000, 0.0000, 0.0000, 0.0000, 0.0000]])
tensor([[0.1534, 1.0000, 0.0000, 0.0000, 0.0000, 0.0000]])
tensor([[0.6730, 1.0000, 0.0000, 0.0000, 0.0000, 0.0000]])
tensor([[-0.2359,  1.0000,  0.0000,  0.0000,  0.0000,  0.0000]])
tensor([[0.1659, 1.0000, 0.0000, 0.0000, 0.0000, 0.0000]])
tensor([[-0.2053,  1.0000,  0.0000,  0.0000,  0.0000,  0.0000]])
tensor([[-0.1101,  1.0000,  0.0000,  0.0000,  0.0000,  0.0000]])
tensor([[0.0727, 1.0000, 0.0000, 0.0000, 0.0000, 0.0000]])
tensor([[-0.0280,  1.0000,  0.0000,  0.0000,  0.0000,  0.0000]])
tensor([[-0.0013,  1.0000,  0.0000,  0.0000,  1.0000,  0.0000]])
tensor([[0.1342, 1.0000, 0.0000, 0.0000, 0.0000, 0.0000]])
tensor([[-0.6204,  1.0000,  0.0000,  0.0000,  0.0000,  0.0000]])
tensor([[-0.7188,  1.0000,  0.0000,  0.0000,  0.0000,  0.0000]])
tensor([[-0.8132,  1.0000,  0.0000,  0.0000,  0.0000,  0.0000]])
tensor([[-0.4376,  1.0000,  0.0000,  0.0000,  0.0000,  0.0000]])
tensor([[0.5936, 1.0000, 0.0000, 0.0000, 0.0000, 0.0000]])
tensor([[-0.3495,  1.0000,  0.0000,  0.0000,  0.0000,  0.0000]])
tensor([[0.4961, 1.0000, 0.0000, 0.0000, 0.0000, 0.0000]])
tensor([[0.9134, 1.0000, 0.0000, 0.0000, 0.0000, 0.0000]])
tensor([[-0.1197,  1.0000,  0.0000,  0.0000,  0.0000,  0.0000]])
tensor([[0.5520, 1.0000, 0.0000, 0.0000, 0.0000, 0.0000]])
tensor([[0.8788, 1.0000, 0.0000, 0.0000, 0.0000, 0.0000]])
tensor([[0.3933, 1.0000, 0.0000, 0.0000, 0.0000, 0.0000]])
tensor([[0.4705, 1.0000, 0.0000, 0.0000, 0.0000, 0.0000]])
tensor([[0.8410, 1.0000, 0.0000, 0.0000, 0.0000, 0.0000]])
tensor([[0.7913, 1.0000, 0.0000, 0.0000, 0.0000, 0.0000]])
tensor([[0.7276, 1.0000, 0.0000, 0.0000, 0.0000, 0.0000]])
tensor([[0.1801, 1.0000, 0.0000, 0.0000, 0.0000, 0.0000]])
tensor([[-0.0624,  1.0000,  0.0000,  0.0000,  0.0000,  0.0000]])
tensor([[0.5461, 1.0000, 0.0000, 0.0000, 0.0000, 0.0000]])
tensor([[-0.6959,  1.0000,  0.0000,  0.0000,  0.0000,  0.0000]])
tensor([[-0.2539,  1.0000,  0.0000,  0.0000,  0.0000,  0.0000]])
tensor([[-0.0954,  1.0000,  0.0000,  0.0000,  0.0000,  0.0000]])
tensor([[0.0353, 1.0000, 0.0000, 0.0000, 0.0000, 0.0000]])
tensor([[0.4330, 1.0000, 0.0000, 0.0000, 0.0000, 0.0000]])
tensor([[-0.0747,  1.0000,  0.0000,  0.0000,  0.0000,  0.0000]])
tensor([[-0.3445,  1.0000,  0.0000,  0.0000,  0.0000,  0.0000]])
tensor([[-0.1043,  1.0000,  0.0000,  0.0000,  0.0000,  0.0000]])
tensor([[-0.4718,  1.0000,  0.0000,  0.0000,  0.0000,  0.0000]])
tensor([[0.1717, 1.0000, 0.0000, 0.0000, 0.0000, 0.0000]])
tensor([[-0.4806,  1.0000,  0.0000,  1.0000,  0.0000,  0.0000]])
tensor([[-0.1944,  1.0000,  0.0000,  0.0000,  0.0000,  0.0000]])
tensor([[0.8778, 1.0000, 0.0000, 0.0000, 0.0000, 0.0000]])
tensor([[0.1554, 1.0000, 0.0000, 0.0000, 0.0000, 0.0000]])
tensor([[-0.9262,  1.0000,  0.0000,  0.0000,  0.0000,  0.0000]])
tensor([[-0.4887,  1.0000,  0.0000,  0.0000,  0.0000,  0.0000]])
tensor([[-0.6129,  1.0000,  0.0000,  0.0000,  0.0000,  0.0000]])
tensor([[0.6678, 1.0000, 0.0000, 0.0000, 0.0000, 0.0000]])
tensor([[-0.0927,  1.0000,  0.0000,  0.0000,  0.0000,  0.0000]])
tensor([[-0.3740,  1.0000,  0.0000,  0.0000,  0.0000,  0.0000]])
tensor([[-0.0132,  1.0000,  0.0000,  0.0000,  0.0000,  0.0000]])
tensor([[0.4439, 1.0000, 0.0000, 0.0000, 0.0000, 0.0000]])
tensor([[0.1358, 1.0000, 0.0000, 0.0000, 0.0000, 0.0000]])
tensor([[0.6823, 1.0000, 0.0000, 0.0000, 0.0000, 0.0000]])
tensor([[-0.2441,  1.0000,  0.0000,  0.0000,  0.0000,  0.0000]])
tensor([[-0.5359,  1.0000,  0.0000,  0.0000,  0.0000,  0.0000]])
tensor([[-0.7098,  1.0000,  0.0000,  0.0000,  0.0000,  0.0000]])
tensor([[-0.2434,  1.0000,  0.0000,  0.0000,  0.0000,  0.0000]])
tensor([[0.2955, 1.0000, 0.0000, 0.0000, 0.0000, 0.0000]])
tensor([[0.7532, 1.0000, 0.0000, 0.0000, 0.0000, 0.0000]])
tensor([[-0.5441,  1.0000,  0.0000,  0.0000,  0.0000,  0.0000]])
tensor([[0.4215, 1.0000, 0.0000, 0.0000, 0.0000, 0.0000]])
tensor([[0.3348, 1.0000, 0.0000, 0.0000, 0.0000, 0.0000]])
tensor([[0.1206, 1.0000, 0.0000, 0.0000, 0.0000, 0.0000]])
tensor([[0.1404, 1.0000, 0.0000, 0.0000, 0.0000, 0.0000]])
tensor([[-0.0938,  1.0000,  0.0000,  0.0000,  0.0000,  0.0000]])
tensor([[-0.0259,  1.0000,  0.0000,  0.0000,  0.0000,  0.0000]])
tensor([[0.1176, 1.0000, 0.0000, 0.0000, 0.0000, 0.0000]])
tensor([[0.6851, 1.0000, 0.0000, 0.0000, 0.0000, 0.0000]])
tensor([[-0.3356,  1.0000,  0.0000,  0.0000,  0.0000,  0.0000]])
tensor([[0.7643, 1.0000, 0.0000, 0.0000, 0.0000, 0.0000]])
tensor([[0.2506, 1.0000, 0.0000, 0.0000, 0.0000, 0.0000]])
tensor([[0.9975, 1.0000, 0.0000, 0.0000, 0.0000, 0.0000]])
tensor([[0.9854, 1.0000, 0.0000, 0.0000, 0.0000, 0.0000]])
tensor([[-0.3755,  1.0000,  0.0000,  0.0000,  0.0000,  0.0000]])
tensor([[-0.7308,  1.0000,  0.0000,  0.0000,  0.0000,  0.0000]])
tensor([[-0.8810,  1.0000,  0.0000,  0.0000,  0.0000,  0.0000]])
tensor([[-0.9498,  1.0000,  0.0000,  0.0000,  0.0000,  0.0000]])
tensor([[-0.8482,  1.0000,  0.0000,  0.0000,  0.0000,  0.0000]])
tensor([[-0.6907,  1.0000,  0.0000,  0.0000,  0.0000,  0.0000]])
tensor([[0.0547, 1.0000, 0.0000, 0.0000, 0.0000, 0.0000]])
tensor([[-0.2223,  1.0000,  0.0000,  0.0000,  0.0000,  0.0000]])
tensor([[-0.0407,  1.0000,  0.0000,  0.0000,  0.0000,  0.0000]])
tensor([[0.2216, 1.0000, 1.0000, 0.0000, 0.0000, 0.0000]])
tensor([[-0.9126,  1.0000,  0.0000,  0.0000,  0.0000,  0.0000]])
tensor([[-0.6443,  1.0000,  0.0000,  0.0000,  0.0000,  0.0000]])
tensor([[0.5740, 1.0000, 0.0000, 0.0000, 0.0000, 0.0000]])
tensor([[-0.8994,  1.0000,  0.0000,  0.0000,  0.0000,  0.0000]])
tensor([[-0.9037,  1.0000,  0.0000,  0.0000,  0.0000,  0.0000]])
tensor([[-0.7760,  1.0000,  0.0000,  0.0000,  0.0000,  0.0000]])
tensor([[0.4535, 1.0000, 1.0000, 0.0000, 0.0000, 0.0000]])
tensor([[-0.5946,  1.0000,  0.0000,  0.0000,  0.0000,  0.0000]])
tensor([[-0.6703,  1.0000,  0.0000,  0.0000,  0.0000,  0.0000]])
tensor([[-0.5430,  1.0000,  0.0000,  0.0000,  0.0000,  0.0000]])
tensor([[-0.7652,  1.0000,  0.0000,  0.0000,  0.0000,  0.0000]])
tensor([[-0.4748,  1.0000,  0.0000,  0.0000,  0.0000,  0.0000]])
tensor([[-0.8284,  1.0000,  0.0000,  0.0000,  0.0000,  0.0000]])
tensor([[-0.8178,  1.0000,  0.0000,  0.0000,  0.0000,  0.0000]])
tensor([[-0.4618,  1.0000,  0.0000,  0.0000,  0.0000,  0.0000]])
tensor([[0.4232, 1.0000, 0.0000, 0.0000, 0.0000, 0.0000]])
tensor([[-0.2282,  1.0000,  0.0000,  0.0000,  0.0000,  0.0000]])
tensor([[0.4521, 1.0000, 0.0000, 0.0000, 0.0000, 0.0000]])
tensor([[-0.1967,  1.0000,  0.0000,  0.0000,  0.0000,  0.0000]])
tensor([[-0.7791,  1.0000,  0.0000,  0.0000,  0.0000,  0.0000]])
tensor([[-0.8154,  1.0000,  0.0000,  0.0000,  0.0000,  0.0000]])
tensor([[-0.5605,  1.0000,  0.0000,  0.0000,  0.0000,  0.0000]])
tensor([[0.1312, 1.0000, 0.0000, 0.0000, 0.0000, 0.0000]])
tensor([[-0.9771,  1.0000,  0.0000,  0.0000,  0.0000,  0.0000]])
tensor([[-0.7588,  1.0000,  0.0000,  0.0000,  0.0000,  0.0000]])
tensor([[-0.5594,  1.0000,  0.0000,  0.0000,  0.0000,  0.0000]])
tensor([[-0.8640,  1.0000,  0.0000,  0.0000,  0.0000,  0.0000]])
tensor([[-0.5688,  1.0000,  0.0000,  0.0000,  0.0000,  0.0000]])
tensor([[-0.0794,  1.0000,  0.0000,  0.0000,  0.0000,  0.0000]])
tensor([[-0.7667,  1.0000,  0.0000,  0.0000,  0.0000,  0.0000]])
tensor([[-0.8731,  1.0000,  0.0000,  0.0000,  0.0000,  0.0000]])
tensor([[-0.4992,  1.0000,  0.0000,  0.0000,  0.0000,  0.0000]])
tensor([[-0.6636,  1.0000,  0.0000,  0.0000,  0.0000,  0.0000]])
tensor([[-0.8851,  1.0000,  0.0000,  0.0000,  0.0000,  0.0000]])
tensor([[-0.4819,  1.0000,  0.0000,  0.0000,  0.0000,  0.0000]])
tensor([[-0.2545,  1.0000,  0.0000,  0.0000,  0.0000,  0.0000]])
tensor([[0.7060, 1.0000, 0.0000, 0.0000, 0.0000, 0.0000]])
tensor([[0.0265, 1.0000, 0.0000, 0.0000, 0.0000, 0.0000]])
tensor([[0.8910, 1.0000, 0.0000, 0.0000, 0.0000, 0.0000]])
tensor([[0.3050, 1.0000, 0.0000, 0.0000, 0.0000, 0.0000]])
tensor([[0.6318, 1.0000, 0.0000, 0.0000, 0.0000, 0.0000]])
tensor([[-0.5666,  1.0000,  0.0000,  0.0000,  0.0000,  0.0000]])
tensor([[0.7158, 1.0000, 0.0000, 0.0000, 0.0000, 0.0000]])
tensor([[0.1320, 0.0000, 0.0000, 0.0000, 0.0000, 0.0000]])
tensor([[0.8625, 1.0000, 0.0000, 0.0000, 0.0000, 0.0000]])
tensor([[0.0043, 1.0000, 0.0000, 0.0000, 0.0000, 0.0000]])
tensor([[0.7784, 1.0000, 0.0000, 0.0000, 0.0000, 0.0000]])
tensor([[-0.1245,  1.0000,  0.0000,  0.0000,  0.0000,  0.0000]])
tensor([[0.7275, 1.0000, 0.0000, 0.0000, 0.0000, 0.0000]])
tensor([[-0.3501,  1.0000,  0.0000,  1.0000,  0.0000,  0.0000]])
tensor([[-0.2874,  1.0000,  0.0000,  0.0000,  0.0000,  0.0000]])
tensor([[0.2634, 1.0000, 0.0000, 0.0000, 0.0000, 0.0000]])
tensor([[0.2180, 1.0000, 0.0000, 0.0000, 0.0000, 0.0000]])
tensor([[0.8657, 1.0000, 0.0000, 0.0000, 0.0000, 0.0000]])
tensor([[-0.9472,  1.0000,  0.0000,  0.0000,  0.0000,  0.0000]])
tensor([[-0.5725,  1.0000,  1.0000,  0.0000,  0.0000,  0.0000]])
tensor([[0.0407, 1.0000, 0.0000, 0.0000, 0.0000, 0.0000]])
tensor([[0.4113, 1.0000, 0.0000, 0.0000, 0.0000, 0.0000]])
tensor([[-0.1197,  1.0000,  0.0000,  0.0000,  0.0000,  0.0000]])
tensor([[-0.3209,  1.0000,  0.0000,  0.0000,  0.0000,  0.0000]])
tensor([[0.5345, 1.0000, 0.0000, 0.0000, 0.0000, 0.0000]])
tensor([[-0.4276,  1.0000,  0.0000,  0.0000,  0.0000,  0.0000]])
tensor([[-0.5130,  1.0000,  0.0000,  0.0000,  0.0000,  0.0000]])
tensor([[0.6028, 1.0000, 0.0000, 0.0000, 0.0000, 0.0000]])
tensor([[-0.1193,  1.0000,  0.0000,  0.0000,  0.0000,  0.0000]])
tensor([[0.8307, 1.0000, 0.0000, 0.0000, 0.0000, 0.0000]])
tensor([[0.5161, 1.0000, 0.0000, 0.0000, 0.0000, 0.0000]])
tensor([[0.3211, 1.0000, 0.0000, 0.0000, 0.0000, 0.0000]])
tensor([[0.8746, 1.0000, 0.0000, 0.0000, 0.0000, 0.0000]])
tensor([[-0.0904,  1.0000,  0.0000,  0.0000,  0.0000,  0.0000]])
tensor([[0.3214, 1.0000, 0.0000, 0.0000, 0.0000, 0.0000]])
tensor([[0.1045, 1.0000, 0.0000, 0.0000, 0.0000, 0.0000]])
tensor([[0.4034, 1.0000, 0.0000, 0.0000, 0.0000, 0.0000]])
tensor([[-0.5723,  1.0000,  0.0000,  0.0000,  0.0000,  0.0000]])
tensor([[0.3311, 1.0000, 0.0000, 0.0000, 0.0000, 0.0000]])
tensor([[0.2896, 1.0000, 0.0000, 0.0000, 0.0000, 0.0000]])
tensor([[0.8076, 1.0000, 0.0000, 0.0000, 0.0000, 0.0000]])
tensor([[0.7312, 1.0000, 0.0000, 0.0000, 0.0000, 0.0000]])
tensor([[0.7728, 1.0000, 0.0000, 0.0000, 0.0000, 0.0000]])
tensor([[0.1453, 1.0000, 0.0000, 0.0000, 0.0000, 0.0000]])
tensor([[-0.5727,  1.0000,  0.0000,  0.0000,  0.0000,  0.0000]])
tensor([[0.4035, 1.0000, 0.0000, 0.0000, 0.0000, 0.0000]])
tensor([[0.5782, 1.0000, 0.0000, 0.0000, 0.0000, 0.0000]])
tensor([[-0.8334,  1.0000,  0.0000,  0.0000,  0.0000,  0.0000]])
tensor([[-0.5577,  1.0000,  0.0000,  0.0000,  0.0000,  0.0000]])
tensor([[0.4401, 1.0000, 0.0000, 0.0000, 0.0000, 0.0000]])
tensor([[0.2443, 1.0000, 0.0000, 0.0000, 0.0000, 0.0000]])
tensor([[-0.8585,  1.0000,  1.0000,  0.0000,  0.0000,  0.0000]])
tensor([[0.5908, 1.0000, 0.0000, 0.0000, 0.0000, 0.0000]])
tensor([[0.6909, 1.0000, 0.0000, 0.0000, 0.0000, 0.0000]])
tensor([[0.1807, 1.0000, 0.0000, 0.0000, 0.0000, 0.0000]])
tensor([[0.5744, 1.0000, 0.0000, 0.0000, 0.0000, 0.0000]])
tensor([[-0.0562,  1.0000,  0.0000,  0.0000,  0.0000,  0.0000]])
tensor([[-0.0448,  1.0000,  0.0000,  0.0000,  0.0000,  0.0000]])
tensor([[-0.0467,  1.0000,  0.0000,  0.0000,  0.0000,  0.0000]])
tensor([[0.8528, 1.0000, 0.0000, 0.0000, 0.0000, 0.0000]])
tensor([[-0.1501,  1.0000,  0.0000,  0.0000,  0.0000,  0.0000]])
tensor([[-0.7659,  1.0000,  0.0000,  1.0000,  0.0000,  0.0000]])
tensor([[-0.4894,  1.0000,  0.0000,  0.0000,  0.0000,  0.0000]])
tensor([[-0.3167,  1.0000,  0.0000,  0.0000,  0.0000,  0.0000]])
tensor([[-0.8221,  1.0000,  0.0000,  0.0000,  0.0000,  0.0000]])
tensor([[0.0594, 1.0000, 0.0000, 0.0000, 0.0000, 0.0000]])
tensor([[-0.3547,  1.0000,  0.0000,  0.0000,  0.0000,  0.0000]])
tensor([[0.6454, 1.0000, 0.0000, 0.0000, 0.0000, 0.0000]])
tensor([[-0.2767,  1.0000,  0.0000,  0.0000,  0.0000,  0.0000]])
tensor([[-0.6257,  1.0000,  0.0000,  0.0000,  0.0000,  0.0000]])
tensor([[0.5459, 1.0000, 0.0000, 0.0000, 0.0000, 0.0000]])
tensor([[-0.6003,  1.0000,  0.0000,  0.0000,  0.0000,  0.0000]])
tensor([[-0.3789,  1.0000,  0.0000,  0.0000,  0.0000,  0.0000]])
tensor([[0.8071, 1.0000, 0.0000, 0.0000, 0.0000, 0.0000]])
tensor([[0.3604, 1.0000, 0.0000, 0.0000, 0.0000, 0.0000]])
tensor([[-0.6238,  1.0000,  0.0000,  0.0000,  0.0000,  0.0000]])
tensor([[0.0521, 1.0000, 0.0000, 0.0000, 0.0000, 0.0000]])
tensor([[0.3984, 1.0000, 0.0000, 0.0000, 0.0000, 0.0000]])
tensor([[0.5053, 1.0000, 0.0000, 0.0000, 0.0000, 0.0000]])
tensor([[0.2599, 1.0000, 0.0000, 0.0000, 0.0000, 0.0000]])
tensor([[-0.7548,  1.0000,  0.0000,  0.0000,  0.0000,  0.0000]])
tensor([[-0.7338,  1.0000,  0.0000,  0.0000,  0.0000,  0.0000]])
tensor([[0.2093, 1.0000, 0.0000, 0.0000, 0.0000, 0.0000]])
tensor([[0.1593, 1.0000, 0.0000, 0.0000, 0.0000, 0.0000]])
tensor([[-0.5474,  1.0000,  0.0000,  0.0000,  0.0000,  0.0000]])
tensor([[-0.9421,  1.0000,  0.0000,  0.0000,  0.0000,  0.0000]])
tensor([[-0.7624,  1.0000,  0.0000,  0.0000,  0.0000,  0.0000]])
tensor([[-0.4272,  1.0000,  0.0000,  0.0000,  0.0000,  0.0000]])
tensor([[-0.9840,  1.0000,  0.0000,  0.0000,  0.0000,  0.0000]])
tensor([[-0.9922,  1.0000,  0.0000,  0.0000,  0.0000,  0.0000]])
tensor([[-0.2107,  1.0000,  0.0000,  0.0000,  0.0000,  0.0000]])
tensor([[-0.7723,  1.0000,  0.0000,  0.0000,  0.0000,  0.0000]])
tensor([[-0.7846,  1.0000,  0.0000,  0.0000,  0.0000,  0.0000]])
tensor([[-0.8869,  1.0000,  0.0000,  0.0000,  0.0000,  0.0000]])
tensor([[0.9507, 1.0000, 0.0000, 0.0000, 0.0000, 0.0000]])
tensor([[0.9619, 1.0000, 0.0000, 0.0000, 0.0000, 0.0000]])
tensor([[-0.8205,  1.0000,  0.0000,  0.0000,  0.0000,  0.0000]])
tensor([[0.1453, 1.0000, 0.0000, 0.0000, 0.0000, 0.0000]])
tensor([[-0.6215,  1.0000,  0.0000,  0.0000,  0.0000,  0.0000]])
tensor([[-0.8768,  1.0000,  0.0000,  0.0000,  0.0000,  0.0000]])
tensor([[-0.9596,  1.0000,  0.0000,  0.0000,  0.0000,  0.0000]])
tensor([[-0.9270,  1.0000,  0.0000,  0.0000,  0.0000,  0.0000]])
tensor([[0.6950, 1.0000, 0.0000, 0.0000, 0.0000, 0.0000]])
tensor([[-0.8593,  1.0000,  0.0000,  0.0000,  0.0000,  0.0000]])
tensor([[-0.7317,  1.0000,  1.0000,  0.0000,  0.0000,  0.0000]])
tensor([[-0.4174,  1.0000,  0.0000,  0.0000,  0.0000,  0.0000]])
tensor([[-0.4037,  1.0000,  0.0000,  0.0000,  0.0000,  0.0000]])
tensor([[0.3816, 1.0000, 0.0000, 1.0000, 0.0000, 0.0000]])
tensor([[0.8112, 1.0000, 0.0000, 0.0000, 0.0000, 0.0000]])
tensor([[0.0206, 1.0000, 0.0000, 0.0000, 0.0000, 0.0000]])
tensor([[-0.2359,  1.0000,  0.0000,  0.0000,  0.0000,  0.0000]])
tensor([[-0.6055,  1.0000,  0.0000,  0.0000,  0.0000,  0.0000]])
tensor([[0.1307, 1.0000, 0.0000, 0.0000, 0.0000, 0.0000]])
tensor([[0.8454, 1.0000, 0.0000, 0.0000, 0.0000, 0.0000]])
tensor([[-0.2255,  1.0000,  0.0000,  0.0000,  0.0000,  0.0000]])
tensor([[-0.3813,  1.0000,  0.0000,  0.0000,  0.0000,  0.0000]])
tensor([[0.0797, 1.0000, 0.0000, 0.0000, 0.0000, 0.0000]])
tensor([[-0.1469,  1.0000,  0.0000,  0.0000,  0.0000,  0.0000]])
tensor([[0.8536, 1.0000, 0.0000, 0.0000, 0.0000, 0.0000]])
tensor([[0.1699, 1.0000, 0.0000, 0.0000, 0.0000, 0.0000]])
tensor([[-0.2306,  1.0000,  0.0000,  0.0000,  0.0000,  0.0000]])
tensor([[-0.7314,  1.0000,  0.0000,  0.0000,  0.0000,  0.0000]])
tensor([[-0.0611,  1.0000,  0.0000,  0.0000,  0.0000,  0.0000]])
tensor([[-0.8960,  1.0000,  0.0000,  0.0000,  0.0000,  0.0000]])
tensor([[0.1993, 1.0000, 1.0000, 1.0000, 0.0000, 0.0000]])
tensor([[-0.5047,  1.0000,  0.0000,  0.0000,  0.0000,  0.0000]])
tensor([[0.8800, 1.0000, 0.0000, 0.0000, 0.0000, 0.0000]])
tensor([[-0.5692,  1.0000,  0.0000,  0.0000,  0.0000,  0.0000]])
tensor([[0.4530, 1.0000, 0.0000, 0.0000, 0.0000, 0.0000]])
tensor([[0.7160, 1.0000, 0.0000, 0.0000, 0.0000, 0.0000]])
tensor([[-0.1328,  1.0000,  0.0000,  0.0000,  0.0000,  0.0000]])
tensor([[-0.5953,  1.0000,  0.0000,  0.0000,  0.0000,  0.0000]])
tensor([[0.3421, 1.0000, 0.0000, 0.0000, 0.0000, 0.0000]])
tensor([[-0.5205,  1.0000,  0.0000,  0.0000,  0.0000,  0.0000]])
tensor([[-0.6218,  1.0000,  0.0000,  0.0000,  0.0000,  0.0000]])
tensor([[-0.4841,  1.0000,  0.0000,  0.0000,  0.0000,  0.0000]])
tensor([[-0.0300,  1.0000,  0.0000,  0.0000,  0.0000,  0.0000]])
tensor([[0.0815, 1.0000, 0.0000, 0.0000, 0.0000, 0.0000]])
tensor([[-0.2631,  1.0000,  0.0000,  0.0000,  0.0000,  0.0000]])
tensor([[-0.8879,  1.0000,  0.0000,  0.0000,  0.0000,  0.0000]])
tensor([[-0.6141,  1.0000,  0.0000,  0.0000,  0.0000,  0.0000]])
tensor([[0.8127, 1.0000, 0.0000, 0.0000, 0.0000, 0.0000]])
tensor([[-0.9714,  1.0000,  0.0000,  0.0000,  0.0000,  0.0000]])
tensor([[-0.8901,  1.0000,  0.0000,  0.0000,  0.0000,  0.0000]])
tensor([[-0.3730,  1.0000,  0.0000,  0.0000,  0.0000,  0.0000]])
tensor([[0.0518, 1.0000, 0.0000, 0.0000, 0.0000, 0.0000]])
tensor([[0.4578, 1.0000, 0.0000, 0.0000, 0.0000, 0.0000]])
tensor([[0.0252, 1.0000, 0.0000, 0.0000, 0.0000, 0.0000]])
tensor([[0.6372, 1.0000, 0.0000, 0.0000, 0.0000, 0.0000]])
tensor([[0.4891, 1.0000, 0.0000, 0.0000, 0.0000, 0.0000]])
tensor([[0.3709, 1.0000, 0.0000, 0.0000, 0.0000, 0.0000]])
tensor([[0.0585, 1.0000, 0.0000, 0.0000, 0.0000, 0.0000]])
tensor([[0.7543, 1.0000, 0.0000, 0.0000, 0.0000, 0.0000]])
tensor([[0.8084, 1.0000, 0.0000, 0.0000, 0.0000, 0.0000]])
tensor([[0.8827, 1.0000, 0.0000, 0.0000, 0.0000, 0.0000]])
tensor([[0.1107, 1.0000, 0.0000, 0.0000, 0.0000, 0.0000]])
tensor([[0.7848, 1.0000, 0.0000, 0.0000, 0.0000, 0.0000]])
tensor([[-0.1894,  1.0000,  1.0000,  0.0000,  0.0000,  0.0000]])
tensor([[0.3581, 1.0000, 0.0000, 0.0000, 0.0000, 0.0000]])
tensor([[-0.8276,  1.0000,  0.0000,  0.0000,  0.0000,  0.0000]])
tensor([[0.0623, 1.0000, 0.0000, 0.0000, 0.0000, 0.0000]])
tensor([[0.4667, 1.0000, 0.0000, 0.0000, 0.0000, 0.0000]])
tensor([[0.2292, 1.0000, 0.0000, 0.0000, 0.0000, 0.0000]])
tensor([[-0.8020,  1.0000,  0.0000,  0.0000,  0.0000,  0.0000]])
tensor([[-0.2794,  1.0000,  0.0000,  0.0000,  0.0000,  0.0000]])
tensor([[0.1095, 1.0000, 0.0000, 0.0000, 0.0000, 0.0000]])
tensor([[0.1488, 1.0000, 0.0000, 0.0000, 0.0000, 0.0000]])
tensor([[-0.2155,  1.0000,  0.0000,  0.0000,  0.0000,  0.0000]])
tensor([[-0.6553,  1.0000,  0.0000,  0.0000,  0.0000,  0.0000]])
tensor([[-0.5056,  1.0000,  0.0000,  0.0000,  0.0000,  0.0000]])
tensor([[-0.3855,  1.0000,  0.0000,  0.0000,  0.0000,  0.0000]])
tensor([[-0.6398,  1.0000,  0.0000,  0.0000,  0.0000,  0.0000]])
tensor([[-0.7406,  1.0000,  0.0000,  0.0000,  0.0000,  0.0000]])
tensor([[0.5765, 1.0000, 0.0000, 0.0000, 0.0000, 0.0000]])
tensor([[-0.5250,  1.0000,  0.0000,  0.0000,  0.0000,  0.0000]])
tensor([[0.2719, 1.0000, 0.0000, 0.0000, 0.0000, 0.0000]])
tensor([[-0.6126,  1.0000,  0.0000,  0.0000,  0.0000,  0.0000]])
tensor([[0.7671, 1.0000, 0.0000, 0.0000, 0.0000, 0.0000]])
tensor([[-0.5939,  1.0000,  0.0000,  0.0000,  0.0000,  0.0000]])
tensor([[0.4269, 1.0000, 0.0000, 0.0000, 0.0000, 0.0000]])
tensor([[-0.4634,  1.0000,  0.0000,  0.0000,  0.0000,  0.0000]])
tensor([[0.7116, 1.0000, 0.0000, 0.0000, 0.0000, 0.0000]])
tensor([[-0.5596,  1.0000,  0.0000,  0.0000,  0.0000,  0.0000]])
tensor([[0.7767, 1.0000, 0.0000, 0.0000, 0.0000, 0.0000]])
tensor([[0.0428, 1.0000, 0.0000, 0.0000, 0.0000, 0.0000]])
tensor([[0.8059, 1.0000, 0.0000, 0.0000, 0.0000, 0.0000]])
tensor([[-0.4378,  1.0000,  0.0000,  0.0000,  1.0000,  0.0000]])
tensor([[0.6649, 1.0000, 0.0000, 0.0000, 0.0000, 0.0000]])
tensor([[0.2503, 1.0000, 0.0000, 0.0000, 0.0000, 0.0000]])
tensor([[-0.2635,  1.0000,  0.0000,  0.0000,  0.0000,  0.0000]])
tensor([[-0.5333,  1.0000,  0.0000,  0.0000,  0.0000,  0.0000]])
tensor([[0.8445, 1.0000, 0.0000, 0.0000, 0.0000, 0.0000]])
tensor([[0.6245, 0.0000, 0.0000, 0.0000, 0.0000, 0.0000]])
tensor([[0.8414, 1.0000, 0.0000, 0.0000, 0.0000, 0.0000]])
tensor([[0.3533, 1.0000, 0.0000, 0.0000, 0.0000, 0.0000]])
tensor([[-0.0593,  1.0000,  0.0000,  0.0000,  0.0000,  0.0000]])
tensor([[0.8255, 1.0000, 0.0000, 0.0000, 0.0000, 0.0000]])
tensor([[-0.9247,  1.0000,  0.0000,  0.0000,  0.0000,  0.0000]])
tensor([[-0.7293,  1.0000,  0.0000,  0.0000,  0.0000,  0.0000]])
tensor([[-0.5589,  1.0000,  0.0000,  0.0000,  0.0000,  0.0000]])
tensor([[-0.4850,  1.0000,  0.0000,  0.0000,  0.0000,  0.0000]])
tensor([[-0.7187,  1.0000,  0.0000,  0.0000,  0.0000,  0.0000]])
tensor([[-0.0666,  1.0000,  0.0000,  0.0000,  0.0000,  0.0000]])
tensor([[-0.7739,  1.0000,  0.0000,  0.0000,  0.0000,  0.0000]])
tensor([[-0.6778,  1.0000,  0.0000,  0.0000,  0.0000,  0.0000]])
tensor([[-0.0180,  1.0000,  0.0000,  0.0000,  0.0000,  0.0000]])
tensor([[-0.6046,  1.0000,  0.0000,  0.0000,  0.0000,  0.0000]])
tensor([[0.1479, 1.0000, 0.0000, 0.0000, 0.0000, 0.0000]])
tensor([[0.1805, 1.0000, 0.0000, 0.0000, 0.0000, 0.0000]])
tensor([[0.7978, 1.0000, 0.0000, 0.0000, 0.0000, 0.0000]])
tensor([[0.6942, 1.0000, 0.0000, 0.0000, 0.0000, 0.0000]])
tensor([[0.4595, 0.0000, 0.0000, 0.0000, 0.0000, 0.0000]])
tensor([[0.0283, 1.0000, 0.0000, 0.0000, 0.0000, 0.0000]])
tensor([[0.2455, 1.0000, 0.0000, 0.0000, 0.0000, 0.0000]])
tensor([[0.3905, 1.0000, 0.0000, 0.0000, 0.0000, 0.0000]])
tensor([[0.7693, 1.0000, 0.0000, 0.0000, 0.0000, 0.0000]])
tensor([[0.2645, 1.0000, 0.0000, 0.0000, 0.0000, 0.0000]])
tensor([[0.9716, 1.0000, 0.0000, 0.0000, 0.0000, 0.0000]])
tensor([[0.5585, 1.0000, 0.0000, 0.0000, 0.0000, 0.0000]])
tensor([[0.7827, 1.0000, 0.0000, 0.0000, 0.0000, 0.0000]])
tensor([[0.3713, 1.0000, 0.0000, 0.0000, 0.0000, 0.0000]])
tensor([[0.9761, 1.0000, 0.0000, 0.0000, 0.0000, 0.0000]])
tensor([[0.3859, 1.0000, 0.0000, 0.0000, 0.0000, 0.0000]])
tensor([[-0.0045,  1.0000,  0.0000,  0.0000,  0.0000,  0.0000]])
tensor([[0.2702, 1.0000, 0.0000, 0.0000, 0.0000, 0.0000]])
tensor([[-0.4585,  1.0000,  0.0000,  0.0000,  0.0000,  0.0000]])
tensor([[-0.0025,  1.0000,  0.0000,  0.0000,  0.0000,  0.0000]])
tensor([[-0.6879,  1.0000,  0.0000,  0.0000,  0.0000,  0.0000]])
tensor([[0.0237, 1.0000, 0.0000, 0.0000, 0.0000, 0.0000]])
tensor([[-0.3394,  1.0000,  0.0000,  0.0000,  0.0000,  0.0000]])
tensor([[0.0891, 1.0000, 0.0000, 0.0000, 0.0000, 0.0000]])
tensor([[-0.4941,  1.0000,  0.0000,  1.0000,  0.0000,  0.0000]])
tensor([[-0.5760,  1.0000,  0.0000,  0.0000,  0.0000,  0.0000]])
tensor([[-0.7448,  1.0000,  0.0000,  0.0000,  0.0000,  0.0000]])
tensor([[-0.4086,  1.0000,  0.0000,  0.0000,  0.0000,  0.0000]])
tensor([[-0.7292,  1.0000,  0.0000,  0.0000,  0.0000,  0.0000]])
tensor([[-0.0145,  1.0000,  0.0000,  0.0000,  0.0000,  0.0000]])
tensor([[0.1701, 1.0000, 0.0000, 0.0000, 0.0000, 0.0000]])
tensor([[0.1774, 1.0000, 0.0000, 0.0000, 0.0000, 0.0000]])
tensor([[0.1964, 1.0000, 0.0000, 0.0000, 0.0000, 0.0000]])
tensor([[-0.1731,  1.0000,  0.0000,  0.0000,  0.0000,  0.0000]])
tensor([[0.0163, 1.0000, 0.0000, 0.0000, 0.0000, 0.0000]])
tensor([[-0.6546,  1.0000,  0.0000,  0.0000,  0.0000,  0.0000]])
tensor([[0.1617, 1.0000, 0.0000, 0.0000, 0.0000, 0.0000]])
tensor([[0.2967, 1.0000, 0.0000, 0.0000, 0.0000, 0.0000]])
tensor([[-0.4804,  1.0000,  0.0000,  0.0000,  0.0000,  0.0000]])
tensor([[-0.7214,  0.0000,  0.0000,  0.0000,  0.0000,  0.0000]])
tensor([[0.5780, 1.0000, 0.0000, 0.0000, 0.0000, 0.0000]])
tensor([[-0.8441,  1.0000,  0.0000,  0.0000,  0.0000,  0.0000]])
tensor([[-0.9144,  1.0000,  0.0000,  0.0000,  0.0000,  0.0000]])
tensor([[0.5804, 1.0000, 0.0000, 0.0000, 0.0000, 0.0000]])
tensor([[0.3794, 1.0000, 0.0000, 0.0000, 0.0000, 0.0000]])
tensor([[-0.1972,  1.0000,  0.0000,  0.0000,  0.0000,  0.0000]])
tensor([[-0.8818,  1.0000,  0.0000,  0.0000,  0.0000,  0.0000]])
tensor([[-0.8096,  1.0000,  1.0000,  0.0000,  0.0000,  0.0000]])
tensor([[0.7310, 1.0000, 0.0000, 0.0000, 0.0000, 0.0000]])
tensor([[-0.9943,  1.0000,  1.0000,  0.0000,  0.0000,  0.0000]])
tensor([[-0.8111,  1.0000,  0.0000,  1.0000,  0.0000,  0.0000]])
tensor([[-0.4405,  1.0000,  0.0000,  0.0000,  0.0000,  0.0000]])
tensor([[-0.8563,  1.0000,  0.0000,  0.0000,  0.0000,  0.0000]])
tensor([[-0.3310,  1.0000,  0.0000,  0.0000,  0.0000,  0.0000]])
tensor([[-0.7125,  1.0000,  0.0000,  0.0000,  0.0000,  0.0000]])
tensor([[-0.9586,  1.0000,  0.0000,  0.0000,  0.0000,  0.0000]])
tensor([[-0.8786,  1.0000,  0.0000,  0.0000,  0.0000,  0.0000]])
tensor([[-0.3127,  1.0000,  0.0000,  0.0000,  0.0000,  0.0000]])
tensor([[-0.2633,  1.0000,  0.0000,  0.0000,  0.0000,  0.0000]])
tensor([[0.0128, 1.0000, 0.0000, 0.0000, 0.0000, 0.0000]])
tensor([[0.6525, 1.0000, 0.0000, 0.0000, 0.0000, 0.0000]])
tensor([[0.9183, 1.0000, 0.0000, 0.0000, 0.0000, 0.0000]])
tensor([[0.5766, 1.0000, 0.0000, 0.0000, 0.0000, 0.0000]])
tensor([[-0.3229,  1.0000,  0.0000,  0.0000,  0.0000,  0.0000]])
tensor([[-0.9627,  1.0000,  0.0000,  0.0000,  0.0000,  0.0000]])
tensor([[0.6373, 1.0000, 0.0000, 0.0000, 0.0000, 0.0000]])
tensor([[-0.4752,  1.0000,  0.0000,  0.0000,  0.0000,  0.0000]])
tensor([[0.3889, 1.0000, 0.0000, 0.0000, 0.0000, 0.0000]])
tensor([[-0.7950,  1.0000,  0.0000,  0.0000,  0.0000,  0.0000]])
tensor([[-0.8169,  1.0000,  0.0000,  0.0000,  0.0000,  0.0000]])
tensor([[-0.1002,  1.0000,  0.0000,  1.0000,  0.0000,  0.0000]])
tensor([[-0.3973,  1.0000,  0.0000,  0.0000,  0.0000,  0.0000]])
tensor([[0.2985, 1.0000, 0.0000, 0.0000, 0.0000, 0.0000]])
tensor([[-0.6965,  1.0000,  0.0000,  0.0000,  0.0000,  0.0000]])
tensor([[-0.1685,  1.0000,  0.0000,  0.0000,  0.0000,  0.0000]])
tensor([[0.2140, 1.0000, 0.0000, 0.0000, 0.0000, 0.0000]])
tensor([[-0.3529,  1.0000,  0.0000,  0.0000,  0.0000,  0.0000]])
tensor([[0.5910, 1.0000, 0.0000, 1.0000, 0.0000, 0.0000]])
tensor([[-0.3919,  1.0000,  0.0000,  0.0000,  0.0000,  0.0000]])
tensor([[-0.8919,  1.0000,  0.0000,  0.0000,  0.0000,  0.0000]])
tensor([[-0.6492,  1.0000,  0.0000,  0.0000,  0.0000,  0.0000]])
tensor([[-0.1300,  1.0000,  0.0000,  0.0000,  0.0000,  0.0000]])
tensor([[-0.5622,  1.0000,  0.0000,  0.0000,  0.0000,  0.0000]])
tensor([[-0.8308,  1.0000,  0.0000,  0.0000,  0.0000,  0.0000]])
tensor([[-0.7247,  1.0000,  0.0000,  0.0000,  0.0000,  0.0000]])
tensor([[-0.6193,  1.0000,  0.0000,  0.0000,  0.0000,  0.0000]])
tensor([[-0.4662,  1.0000,  0.0000,  0.0000,  0.0000,  0.0000]])
tensor([[-0.3908,  1.0000,  0.0000,  0.0000,  0.0000,  0.0000]])
tensor([[0.6232, 1.0000, 0.0000, 0.0000, 0.0000, 0.0000]])
tensor([[0.1974, 1.0000, 0.0000, 0.0000, 0.0000, 0.0000]])
tensor([[-0.6410,  1.0000,  0.0000,  0.0000,  0.0000,  0.0000]])
tensor([[-0.1530,  1.0000,  0.0000,  0.0000,  0.0000,  0.0000]])
tensor([[0.2121, 0.0000, 0.0000, 0.0000, 0.0000, 0.0000]])
tensor([[0.4866, 1.0000, 0.0000, 0.0000, 0.0000, 0.0000]])
tensor([[0.0963, 1.0000, 1.0000, 1.0000, 0.0000, 0.0000]])
tensor([[-0.1447,  1.0000,  0.0000,  0.0000,  0.0000,  0.0000]])
tensor([[0.6858, 1.0000, 0.0000, 0.0000, 0.0000, 0.0000]])
tensor([[-0.2555,  1.0000,  0.0000,  0.0000,  0.0000,  0.0000]])
tensor([[-0.4743,  1.0000,  0.0000,  0.0000,  0.0000,  0.0000]])
tensor([[-0.4515,  1.0000,  0.0000,  0.0000,  0.0000,  0.0000]])
tensor([[-0.1047,  1.0000,  1.0000,  0.0000,  0.0000,  0.0000]])
tensor([[-0.5758,  1.0000,  0.0000,  0.0000,  0.0000,  0.0000]])
tensor([[0.2928, 1.0000, 0.0000, 0.0000, 0.0000, 0.0000]])
tensor([[0.7617, 1.0000, 0.0000, 0.0000, 0.0000, 0.0000]])
tensor([[-0.2951,  1.0000,  0.0000,  0.0000,  1.0000,  0.0000]])
tensor([[0.3168, 1.0000, 0.0000, 0.0000, 0.0000, 0.0000]])
tensor([[0.7108, 1.0000, 0.0000, 0.0000, 0.0000, 0.0000]])
tensor([[0.2133, 1.0000, 0.0000, 0.0000, 0.0000, 0.0000]])
tensor([[-0.3675,  1.0000,  0.0000,  0.0000,  0.0000,  0.0000]])
tensor([[-0.8323,  1.0000,  0.0000,  0.0000,  0.0000,  0.0000]])
tensor([[-0.5844,  1.0000,  0.0000,  0.0000,  0.0000,  0.0000]])
tensor([[0.2005, 1.0000, 0.0000, 0.0000, 0.0000, 0.0000]])
tensor([[-0.6450,  1.0000,  0.0000,  0.0000,  1.0000,  0.0000]])
tensor([[0.6595, 1.0000, 0.0000, 0.0000, 0.0000, 0.0000]])
tensor([[-0.4343,  1.0000,  0.0000,  0.0000,  0.0000,  0.0000]])
tensor([[0.0395, 1.0000, 0.0000, 0.0000, 0.0000, 0.0000]])
tensor([[0.7451, 1.0000, 0.0000, 0.0000, 0.0000, 0.0000]])
tensor([[0.1746, 1.0000, 0.0000, 0.0000, 0.0000, 0.0000]])
tensor([[0.0841, 1.0000, 0.0000, 0.0000, 0.0000, 0.0000]])
tensor([[0.0878, 1.0000, 0.0000, 0.0000, 0.0000, 0.0000]])
tensor([[0.2671, 1.0000, 0.0000, 0.0000, 0.0000, 0.0000]])
tensor([[0.5095, 1.0000, 0.0000, 0.0000, 0.0000, 0.0000]])
tensor([[0.2484, 1.0000, 0.0000, 0.0000, 0.0000, 0.0000]])
tensor([[0.0018, 1.0000, 0.0000, 0.0000, 0.0000, 0.0000]])
tensor([[0.9706, 1.0000, 0.0000, 0.0000, 0.0000, 0.0000]])
tensor([[0.3355, 1.0000, 0.0000, 0.0000, 0.0000, 0.0000]])
tensor([[0.7601, 1.0000, 0.0000, 0.0000, 0.0000, 0.0000]])
tensor([[0.8469, 1.0000, 0.0000, 0.0000, 0.0000, 0.0000]])
tensor([[0.4991, 1.0000, 0.0000, 0.0000, 0.0000, 0.0000]])
tensor([[0.3054, 1.0000, 0.0000, 0.0000, 0.0000, 0.0000]])
tensor([[0.3382, 1.0000, 0.0000, 0.0000, 0.0000, 0.0000]])
tensor([[-0.1250,  1.0000,  0.0000,  0.0000,  0.0000,  0.0000]])
tensor([[-0.0855,  1.0000,  0.0000,  0.0000,  0.0000,  0.0000]])
tensor([[0.4708, 1.0000, 0.0000, 0.0000, 0.0000, 0.0000]])
tensor([[-0.3733,  1.0000,  0.0000,  0.0000,  0.0000,  0.0000]])
tensor([[0.8280, 1.0000, 0.0000, 0.0000, 0.0000, 0.0000]])
tensor([[-0.5099,  1.0000,  0.0000,  0.0000,  0.0000,  0.0000]])
tensor([[0.1723, 1.0000, 0.0000, 0.0000, 0.0000, 0.0000]])
tensor([[0.4243, 1.0000, 0.0000, 0.0000, 0.0000, 0.0000]])
tensor([[-0.0186,  1.0000,  0.0000,  0.0000,  0.0000,  0.0000]])
tensor([[-0.6331,  1.0000,  0.0000,  0.0000,  0.0000,  0.0000]])
tensor([[0.6296, 1.0000, 0.0000, 0.0000, 0.0000, 0.0000]])
tensor([[0.0639, 1.0000, 0.0000, 0.0000, 0.0000, 0.0000]])
tensor([[0.0309, 1.0000, 0.0000, 0.0000, 0.0000, 0.0000]])
tensor([[0.7704, 1.0000, 0.0000, 0.0000, 0.0000, 0.0000]])
tensor([[0.7941, 1.0000, 0.0000, 0.0000, 0.0000, 0.0000]])
tensor([[0.5561, 1.0000, 0.0000, 0.0000, 0.0000, 0.0000]])
tensor([[-0.2468,  1.0000,  0.0000,  0.0000,  0.0000,  0.0000]])
tensor([[0.8893, 1.0000, 0.0000, 0.0000, 0.0000, 0.0000]])
tensor([[0.9170, 1.0000, 0.0000, 0.0000, 0.0000, 0.0000]])
tensor([[0.7131, 1.0000, 0.0000, 0.0000, 0.0000, 0.0000]])
tensor([[0.9210, 1.0000, 0.0000, 0.0000, 0.0000, 0.0000]])
tensor([[0.2829, 1.0000, 0.0000, 0.0000, 0.0000, 0.0000]])
tensor([[0.6547, 1.0000, 0.0000, 0.0000, 0.0000, 0.0000]])
tensor([[0.8630, 1.0000, 0.0000, 1.0000, 0.0000, 0.0000]])
tensor([[-0.0725,  1.0000,  0.0000,  0.0000,  0.0000,  0.0000]])
tensor([[0.7802, 1.0000, 0.0000, 0.0000, 0.0000, 0.0000]])
tensor([[0.8814, 1.0000, 0.0000, 0.0000, 0.0000, 0.0000]])
tensor([[0.6832, 1.0000, 0.0000, 0.0000, 0.0000, 0.0000]])
tensor([[0.7530, 1.0000, 0.0000, 0.0000, 0.0000, 0.0000]])
tensor([[0.9683, 1.0000, 0.0000, 0.0000, 0.0000, 0.0000]])
tensor([[0.9918, 1.0000, 0.0000, 0.0000, 0.0000, 0.0000]])
tensor([[0.9501, 1.0000, 0.0000, 0.0000, 0.0000, 0.0000]])
tensor([[0.9927, 1.0000, 0.0000, 0.0000, 0.0000, 0.0000]])
tensor([[0.0365, 1.0000, 0.0000, 0.0000, 0.0000, 0.0000]])
tensor([[-0.2647,  1.0000,  1.0000,  0.0000,  1.0000,  0.0000]])
tensor([[-0.6837,  1.0000,  0.0000,  0.0000,  0.0000,  0.0000]])
tensor([[-0.9670,  1.0000,  0.0000,  0.0000,  0.0000,  0.0000]])
tensor([[0.6597, 1.0000, 0.0000, 0.0000, 0.0000, 0.0000]])
tensor([[-0.1756,  1.0000,  0.0000,  0.0000,  0.0000,  0.0000]])
tensor([[-0.0773,  1.0000,  0.0000,  0.0000,  0.0000,  0.0000]])
tensor([[-0.3657,  1.0000,  0.0000,  0.0000,  0.0000,  0.0000]])
tensor([[0.6148, 1.0000, 0.0000, 0.0000, 0.0000, 0.0000]])
tensor([[0.7648, 1.0000, 0.0000, 0.0000, 0.0000, 0.0000]])
tensor([[0.9877, 1.0000, 0.0000, 0.0000, 0.0000, 0.0000]])
tensor([[-0.4742,  1.0000,  0.0000,  0.0000,  0.0000,  0.0000]])
tensor([[-0.8310,  1.0000,  0.0000,  0.0000,  0.0000,  0.0000]])
tensor([[-0.9481,  1.0000,  0.0000,  0.0000,  0.0000,  0.0000]])
tensor([[-0.9019,  1.0000,  0.0000,  0.0000,  0.0000,  0.0000]])
tensor([[-0.2467,  1.0000,  0.0000,  0.0000,  0.0000,  0.0000]])
tensor([[-0.8469,  1.0000,  0.0000,  1.0000,  0.0000,  0.0000]])
tensor([[-0.5339,  1.0000,  0.0000,  0.0000,  0.0000,  0.0000]])
tensor([[-0.8669,  1.0000,  0.0000,  0.0000,  0.0000,  0.0000]])
tensor([[-0.1075,  1.0000,  0.0000,  0.0000,  0.0000,  0.0000]])
tensor([[0.1473, 1.0000, 0.0000, 0.0000, 0.0000, 0.0000]])
tensor([[-0.9357,  1.0000,  0.0000,  0.0000,  0.0000,  0.0000]])
tensor([[-0.7427,  1.0000,  0.0000,  0.0000,  0.0000,  0.0000]])
tensor([[-0.2012,  1.0000,  0.0000,  0.0000,  1.0000,  0.0000]])
tensor([[-0.7462,  1.0000,  0.0000,  0.0000,  1.0000,  0.0000]])
tensor([[-0.6624,  1.0000,  0.0000,  0.0000,  0.0000,  0.0000]])
tensor([[-0.6472,  1.0000,  0.0000,  0.0000,  0.0000,  0.0000]])
tensor([[-0.0163,  1.0000,  0.0000,  0.0000,  0.0000,  0.0000]])
tensor([[-0.7390,  1.0000,  0.0000,  0.0000,  0.0000,  0.0000]])
tensor([[0.0035, 1.0000, 0.0000, 0.0000, 0.0000, 0.0000]])
tensor([[-0.5912,  1.0000,  0.0000,  0.0000,  0.0000,  0.0000]])
tensor([[0.6073, 1.0000, 0.0000, 0.0000, 0.0000, 0.0000]])
tensor([[0.0540, 1.0000, 0.0000, 0.0000, 0.0000, 0.0000]])
tensor([[-0.3955,  1.0000,  0.0000,  0.0000,  0.0000,  0.0000]])
tensor([[-0.7137,  1.0000,  0.0000,  0.0000,  0.0000,  0.0000]])
tensor([[-0.8894,  1.0000,  0.0000,  0.0000,  0.0000,  0.0000]])
tensor([[0.2539, 1.0000, 0.0000, 0.0000, 0.0000, 0.0000]])
tensor([[-0.2286,  1.0000,  0.0000,  0.0000,  0.0000,  0.0000]])
tensor([[-0.2697,  1.0000,  0.0000,  0.0000,  0.0000,  0.0000]])
tensor([[-0.8266,  1.0000,  0.0000,  0.0000,  0.0000,  0.0000]])
tensor([[0.4654, 1.0000, 0.0000, 0.0000, 0.0000, 0.0000]])
tensor([[-0.1646,  1.0000,  0.0000,  0.0000,  0.0000,  0.0000]])
tensor([[-0.9072,  1.0000,  0.0000,  0.0000,  0.0000,  0.0000]])
tensor([[0.2758, 1.0000, 0.0000, 0.0000, 0.0000, 0.0000]])
tensor([[0.5362, 1.0000, 0.0000, 0.0000, 0.0000, 0.0000]])
tensor([[0.2947, 1.0000, 0.0000, 0.0000, 0.0000, 0.0000]])
tensor([[0.7122, 1.0000, 0.0000, 0.0000, 0.0000, 0.0000]])
tensor([[0.0441, 1.0000, 0.0000, 0.0000, 0.0000, 0.0000]])
tensor([[0.0572, 1.0000, 1.0000, 0.0000, 0.0000, 0.0000]])
tensor([[0.7332, 1.0000, 1.0000, 0.0000, 0.0000, 0.0000]])
tensor([[-0.7508,  1.0000,  0.0000,  0.0000,  0.0000,  0.0000]])
tensor([[0.5693, 1.0000, 0.0000, 0.0000, 0.0000, 0.0000]])
tensor([[-0.6991,  1.0000,  0.0000,  0.0000,  0.0000,  0.0000]])
tensor([[0.0609, 1.0000, 1.0000, 0.0000, 0.0000, 0.0000]])
tensor([[-0.5133,  1.0000,  0.0000,  0.0000,  0.0000,  0.0000]])
tensor([[-0.6470,  1.0000,  0.0000,  0.0000,  0.0000,  0.0000]])
tensor([[-0.0678,  0.0000,  1.0000,  1.0000,  0.0000,  0.0000]])
tensor([[-0.7792,  1.0000,  0.0000,  0.0000,  0.0000,  0.0000]])
tensor([[0.4261, 1.0000, 0.0000, 0.0000, 0.0000, 0.0000]])
tensor([[-0.7658,  1.0000,  0.0000,  0.0000,  0.0000,  0.0000]])
tensor([[-0.1076,  1.0000,  0.0000,  0.0000,  0.0000,  0.0000]])
tensor([[0.0839, 1.0000, 0.0000, 0.0000, 0.0000, 0.0000]])
tensor([[-0.6901,  1.0000,  1.0000,  0.0000,  0.0000,  0.0000]])
tensor([[-0.6207,  1.0000,  0.0000,  0.0000,  0.0000,  0.0000]])
tensor([[-0.4161,  1.0000,  0.0000,  0.0000,  0.0000,  0.0000]])
tensor([[-0.8865,  1.0000,  0.0000,  0.0000,  0.0000,  0.0000]])
tensor([[-0.6475,  1.0000,  0.0000,  0.0000,  0.0000,  0.0000]])
tensor([[-0.8500,  1.0000,  0.0000,  0.0000,  0.0000,  0.0000]])
tensor([[0.0621, 1.0000, 0.0000, 0.0000, 0.0000, 0.0000]])
tensor([[-0.3923,  1.0000,  0.0000,  0.0000,  0.0000,  0.0000]])
tensor([[-0.3556,  1.0000,  0.0000,  0.0000,  0.0000,  0.0000]])
tensor([[-0.8460,  1.0000,  1.0000,  0.0000,  0.0000,  0.0000]])
tensor([[0.6673, 1.0000, 0.0000, 0.0000, 0.0000, 0.0000]])
tensor([[0.2888, 1.0000, 0.0000, 0.0000, 0.0000, 0.0000]])
tensor([[-0.2669,  1.0000,  0.0000,  0.0000,  0.0000,  0.0000]])
tensor([[0.1254, 1.0000, 0.0000, 0.0000, 0.0000, 0.0000]])
tensor([[0.6628, 1.0000, 0.0000, 0.0000, 0.0000, 0.0000]])
tensor([[-0.8274,  1.0000,  0.0000,  0.0000,  0.0000,  0.0000]])
tensor([[0.4610, 1.0000, 0.0000, 0.0000, 0.0000, 0.0000]])
tensor([[-0.7138,  1.0000,  0.0000,  0.0000,  0.0000,  0.0000]])
tensor([[0.7676, 1.0000, 1.0000, 0.0000, 0.0000, 0.0000]])
tensor([[0.7596, 1.0000, 0.0000, 0.0000, 0.0000, 0.0000]])
tensor([[-0.1896,  1.0000,  1.0000,  0.0000,  0.0000,  0.0000]])
tensor([[-0.2063,  1.0000,  0.0000,  0.0000,  0.0000,  0.0000]])
tensor([[0.4267, 1.0000, 0.0000, 0.0000, 0.0000, 0.0000]])
tensor([[-0.8311,  1.0000,  0.0000,  0.0000,  0.0000,  0.0000]])
tensor([[0.7164, 1.0000, 0.0000, 0.0000, 0.0000, 0.0000]])
tensor([[-0.1620,  1.0000,  0.0000,  0.0000,  0.0000,  0.0000]])
tensor([[-0.1072,  1.0000,  0.0000,  0.0000,  0.0000,  0.0000]])
tensor([[-0.7693,  1.0000,  0.0000,  0.0000,  0.0000,  0.0000]])
tensor([[-0.8131,  1.0000,  0.0000,  0.0000,  0.0000,  0.0000]])
tensor([[0.7310, 1.0000, 0.0000, 0.0000, 0.0000, 0.0000]])
tensor([[0.5473, 1.0000, 0.0000, 0.0000, 0.0000, 0.0000]])
tensor([[0.5344, 1.0000, 0.0000, 0.0000, 0.0000, 0.0000]])
tensor([[-0.4703,  1.0000,  0.0000,  0.0000,  0.0000,  0.0000]])
tensor([[0.2324, 1.0000, 0.0000, 0.0000, 0.0000, 0.0000]])
tensor([[-0.1088,  1.0000,  0.0000,  0.0000,  0.0000,  0.0000]])
tensor([[-0.8630,  1.0000,  0.0000,  0.0000,  0.0000,  0.0000]])
tensor([[0.2235, 1.0000, 0.0000, 0.0000, 0.0000, 0.0000]])
tensor([[0.5628, 1.0000, 1.0000, 0.0000, 0.0000, 0.0000]])
tensor([[0.0726, 1.0000, 0.0000, 0.0000, 0.0000, 0.0000]])
tensor([[-0.1644,  1.0000,  0.0000,  1.0000,  0.0000,  0.0000]])
tensor([[-0.5291,  1.0000,  0.0000,  0.0000,  0.0000,  0.0000]])
tensor([[0.8153, 1.0000, 1.0000, 0.0000, 0.0000, 0.0000]])
tensor([[0.9056, 1.0000, 0.0000, 0.0000, 0.0000, 0.0000]])
tensor([[-0.1518,  1.0000,  1.0000,  0.0000,  0.0000,  0.0000]])
tensor([[-0.5026,  1.0000,  0.0000,  0.0000,  0.0000,  0.0000]])
tensor([[-0.0913,  1.0000,  0.0000,  0.0000,  0.0000,  0.0000]])
tensor([[0.5289, 1.0000, 0.0000, 0.0000, 0.0000, 0.0000]])
tensor([[-0.6512,  1.0000,  0.0000,  0.0000,  0.0000,  0.0000]])
tensor([[0.0815, 1.0000, 0.0000, 0.0000, 0.0000, 0.0000]])
tensor([[0.2536, 1.0000, 0.0000, 0.0000, 0.0000, 0.0000]])
tensor([[-0.4264,  0.0000,  0.0000,  0.0000,  0.0000,  0.0000]])
tensor([[-0.4463,  1.0000,  0.0000,  0.0000,  0.0000,  0.0000]])
tensor([[0.0771, 1.0000, 0.0000, 0.0000, 0.0000, 0.0000]])
tensor([[-0.6316,  1.0000,  0.0000,  0.0000,  0.0000,  0.0000]])
tensor([[0.7885, 1.0000, 0.0000, 0.0000, 0.0000, 0.0000]])
tensor([[0.3270, 1.0000, 0.0000, 0.0000, 0.0000, 0.0000]])
tensor([[-0.8798,  1.0000,  0.0000,  0.0000,  0.0000,  0.0000]])
tensor([[-0.5618,  1.0000,  0.0000,  0.0000,  0.0000,  0.0000]])
tensor([[-0.4792,  1.0000,  0.0000,  0.0000,  0.0000,  0.0000]])
tensor([[0.2907, 1.0000, 0.0000, 0.0000, 0.0000, 0.0000]])
tensor([[-0.9819,  1.0000,  0.0000,  0.0000,  0.0000,  0.0000]])
tensor([[-0.9829,  1.0000,  1.0000,  0.0000,  0.0000,  0.0000]])
tensor([[-0.2580,  1.0000,  0.0000,  0.0000,  0.0000,  0.0000]])
tensor([[-0.4973,  1.0000,  1.0000,  0.0000,  0.0000,  0.0000]])
tensor([[-0.8350,  1.0000,  0.0000,  0.0000,  0.0000,  0.0000]])
tensor([[-0.7491,  1.0000,  0.0000,  0.0000,  0.0000,  0.0000]])
tensor([[-0.0674,  1.0000,  0.0000,  0.0000,  0.0000,  0.0000]])
tensor([[0.8854, 1.0000, 0.0000, 0.0000, 0.0000, 0.0000]])
tensor([[-0.9248,  1.0000,  0.0000,  0.0000,  0.0000,  0.0000]])
tensor([[0.2717, 1.0000, 0.0000, 0.0000, 0.0000, 0.0000]])
tensor([[-0.8750,  1.0000,  0.0000,  0.0000,  0.0000,  0.0000]])
tensor([[-0.7007,  1.0000,  0.0000,  0.0000,  0.0000,  0.0000]])
tensor([[-0.3475,  1.0000,  0.0000,  0.0000,  0.0000,  0.0000]])
tensor([[-0.7694,  0.0000,  0.0000,  0.0000,  0.0000,  0.0000]])
tensor([[-0.4046,  1.0000,  1.0000,  0.0000,  0.0000,  0.0000]])
tensor([[-0.9426,  1.0000,  1.0000,  0.0000,  0.0000,  0.0000]])
tensor([[-0.5349,  1.0000,  0.0000,  0.0000,  0.0000,  0.0000]])
tensor([[-0.7340,  1.0000,  0.0000,  0.0000,  0.0000,  0.0000]])
tensor([[-0.7027,  1.0000,  0.0000,  0.0000,  0.0000,  0.0000]])
tensor([[-0.6381,  1.0000,  0.0000,  0.0000,  0.0000,  0.0000]])
tensor([[0.1885, 1.0000, 1.0000, 0.0000, 0.0000, 0.0000]])
tensor([[-0.9292,  1.0000,  0.0000,  0.0000,  0.0000,  0.0000]])
tensor([[-0.7499,  1.0000,  0.0000,  0.0000,  0.0000,  0.0000]])
tensor([[-0.9522,  1.0000,  0.0000,  0.0000,  1.0000,  0.0000]])
tensor([[0.4734, 1.0000, 0.0000, 0.0000, 0.0000, 0.0000]])
tensor([[-0.3872,  1.0000,  0.0000,  0.0000,  0.0000,  0.0000]])
tensor([[-0.6579,  1.0000,  0.0000,  1.0000,  0.0000,  0.0000]])
tensor([[0.4088, 1.0000, 0.0000, 0.0000, 0.0000, 0.0000]])
tensor([[-0.9070,  1.0000,  0.0000,  0.0000,  0.0000,  0.0000]])
tensor([[-0.1635,  1.0000,  0.0000,  0.0000,  0.0000,  0.0000]])
tensor([[-0.0550,  1.0000,  0.0000,  0.0000,  0.0000,  0.0000]])
tensor([[-0.7417,  1.0000,  0.0000,  0.0000,  0.0000,  0.0000]])
tensor([[-0.9492,  1.0000,  0.0000,  0.0000,  0.0000,  0.0000]])
tensor([[0.1511, 1.0000, 0.0000, 0.0000, 0.0000, 0.0000]])
tensor([[-0.2404,  0.0000,  1.0000,  0.0000,  0.0000,  0.0000]])
tensor([[-0.6580,  1.0000,  0.0000,  0.0000,  0.0000,  0.0000]])
tensor([[-0.9584,  1.0000,  0.0000,  0.0000,  0.0000,  0.0000]])
tensor([[-0.3328,  1.0000,  0.0000,  0.0000,  0.0000,  0.0000]])
tensor([[-0.7752,  1.0000,  0.0000,  0.0000,  0.0000,  0.0000]])
tensor([[-0.4275,  1.0000,  1.0000,  0.0000,  0.0000,  0.0000]])
tensor([[-0.4241,  1.0000,  1.0000,  0.0000,  0.0000,  0.0000]])
tensor([[-0.2301,  1.0000,  0.0000,  0.0000,  0.0000,  0.0000]])
tensor([[-0.5677,  1.0000,  1.0000,  0.0000,  0.0000,  0.0000]])
tensor([[-0.3827,  1.0000,  0.0000,  0.0000,  0.0000,  0.0000]])
tensor([[-0.9141,  1.0000,  0.0000,  0.0000,  0.0000,  0.0000]])
tensor([[-0.2704,  1.0000,  0.0000,  0.0000,  0.0000,  0.0000]])
tensor([[-0.8759,  1.0000,  0.0000,  0.0000,  0.0000,  0.0000]])
tensor([[0.2053, 1.0000, 0.0000, 0.0000, 0.0000, 0.0000]])
tensor([[-0.5760,  1.0000,  0.0000,  0.0000,  0.0000,  0.0000]])
tensor([[0.2554, 1.0000, 0.0000, 0.0000, 0.0000, 0.0000]])
tensor([[-0.7939,  1.0000,  0.0000,  0.0000,  0.0000,  0.0000]])
tensor([[-0.9214,  1.0000,  0.0000,  0.0000,  0.0000,  0.0000]])
tensor([[0.5868, 1.0000, 0.0000, 0.0000, 0.0000, 0.0000]])
tensor([[-0.3283,  1.0000,  0.0000,  1.0000,  0.0000,  0.0000]])
tensor([[-0.9286,  1.0000,  0.0000,  0.0000,  0.0000,  0.0000]])
tensor([[-0.8248,  1.0000,  0.0000,  0.0000,  0.0000,  0.0000]])
tensor([[-0.8936,  1.0000,  0.0000,  0.0000,  0.0000,  0.0000]])
tensor([[-0.0753,  1.0000,  0.0000,  0.0000,  0.0000,  0.0000]])
tensor([[-0.0937,  1.0000,  0.0000,  0.0000,  0.0000,  0.0000]])
tensor([[-0.2312,  1.0000,  0.0000,  1.0000,  0.0000,  0.0000]])
tensor([[-0.8503,  0.0000,  0.0000,  0.0000,  0.0000,  0.0000]])
tensor([[-0.7091,  1.0000,  0.0000,  0.0000,  0.0000,  0.0000]])
tensor([[-0.3119,  1.0000,  0.0000,  1.0000,  0.0000,  0.0000]])
tensor([[-0.7542,  1.0000,  0.0000,  0.0000,  0.0000,  0.0000]])
tensor([[-0.5706,  1.0000,  0.0000,  0.0000,  1.0000,  0.0000]])
tensor([[-0.1164,  1.0000,  0.0000,  1.0000,  0.0000,  0.0000]])
tensor([[-0.3693,  1.0000,  0.0000,  0.0000,  0.0000,  0.0000]])
tensor([[0.0234, 1.0000, 0.0000, 0.0000, 0.0000, 0.0000]])
tensor([[-0.8904,  1.0000,  0.0000,  0.0000,  0.0000,  0.0000]])
tensor([[-0.4120,  1.0000,  1.0000,  0.0000,  0.0000,  0.0000]])
tensor([[-0.4033,  1.0000,  0.0000,  0.0000,  0.0000,  0.0000]])
tensor([[-0.7138,  1.0000,  0.0000,  0.0000,  0.0000,  0.0000]])
tensor([[-0.0987,  1.0000,  0.0000,  0.0000,  0.0000,  0.0000]])
tensor([[-0.4244,  1.0000,  0.0000,  0.0000,  0.0000,  0.0000]])
tensor([[-0.0556,  1.0000,  0.0000,  0.0000,  0.0000,  0.0000]])
tensor([[-0.3658,  1.0000,  0.0000,  0.0000,  0.0000,  0.0000]])
tensor([[0.4988, 1.0000, 0.0000, 0.0000, 0.0000, 0.0000]])
tensor([[0.9363, 1.0000, 0.0000, 0.0000, 0.0000, 0.0000]])
tensor([[-0.8084,  1.0000,  0.0000,  0.0000,  0.0000,  0.0000]])
tensor([[-0.8734,  1.0000,  0.0000,  0.0000,  0.0000,  0.0000]])
tensor([[-0.8898,  0.0000,  0.0000,  0.0000,  0.0000,  0.0000]])
tensor([[-0.7079,  1.0000,  0.0000,  1.0000,  0.0000,  0.0000]])
tensor([[-0.8018,  1.0000,  0.0000,  1.0000,  0.0000,  0.0000]])
tensor([[-0.4832,  1.0000,  0.0000,  0.0000,  0.0000,  0.0000]])
tensor([[-0.9472,  1.0000,  0.0000,  0.0000,  0.0000,  0.0000]])
tensor([[-0.6435,  1.0000,  0.0000,  0.0000,  0.0000,  0.0000]])
tensor([[-0.9302,  1.0000,  0.0000,  0.0000,  0.0000,  0.0000]])
tensor([[-0.3906,  1.0000,  0.0000,  0.0000,  0.0000,  0.0000]])
tensor([[0.8592, 1.0000, 0.0000, 0.0000, 0.0000, 0.0000]])
tensor([[-0.7940,  1.0000,  0.0000,  0.0000,  0.0000,  0.0000]])
tensor([[-0.4725,  1.0000,  0.0000,  0.0000,  0.0000,  0.0000]])
tensor([[0.4475, 1.0000, 0.0000, 0.0000, 0.0000, 0.0000]])
tensor([[-0.4186,  1.0000,  0.0000,  0.0000,  0.0000,  0.0000]])
tensor([[-0.5064,  1.0000,  0.0000,  0.0000,  0.0000,  0.0000]])
tensor([[-0.9724,  1.0000,  0.0000,  0.0000,  0.0000,  0.0000]])
tensor([[-0.5733,  0.0000,  0.0000,  0.0000,  0.0000,  0.0000]])
tensor([[-0.5829,  1.0000,  0.0000,  0.0000,  0.0000,  0.0000]])
tensor([[-0.4155,  0.0000,  0.0000,  0.0000,  0.0000,  0.0000]])
tensor([[-0.8238,  1.0000,  1.0000,  0.0000,  0.0000,  0.0000]])
tensor([[-0.9928,  1.0000,  0.0000,  0.0000,  0.0000,  0.0000]])
tensor([[0.0639, 1.0000, 0.0000, 0.0000, 0.0000, 0.0000]])
tensor([[-0.8281,  1.0000,  0.0000,  0.0000,  0.0000,  0.0000]])
tensor([[-0.0925,  0.0000,  0.0000,  0.0000,  0.0000,  0.0000]])
tensor([[-0.7129,  1.0000,  0.0000,  1.0000,  0.0000,  0.0000]])
tensor([[0.7745, 1.0000, 0.0000, 0.0000, 0.0000, 0.0000]])
tensor([[-0.7703,  1.0000,  0.0000,  0.0000,  0.0000,  0.0000]])
tensor([[-0.7178,  1.0000,  0.0000,  0.0000,  0.0000,  0.0000]])
tensor([[-0.7476,  1.0000,  0.0000,  0.0000,  0.0000,  0.0000]])
tensor([[-0.4355,  1.0000,  0.0000,  0.0000,  0.0000,  0.0000]])
tensor([[-0.7854,  1.0000,  0.0000,  0.0000,  0.0000,  0.0000]])
tensor([[-0.7429,  1.0000,  0.0000,  0.0000,  0.0000,  0.0000]])
tensor([[-0.9369,  1.0000,  0.0000,  0.0000,  0.0000,  0.0000]])
tensor([[-0.8480,  1.0000,  0.0000,  0.0000,  0.0000,  0.0000]])
tensor([[-0.2314,  0.0000,  0.0000,  0.0000,  0.0000,  0.0000]])
tensor([[-0.9194,  1.0000,  0.0000,  0.0000,  0.0000,  0.0000]])
tensor([[0.1330, 1.0000, 0.0000, 0.0000, 0.0000, 0.0000]])
tensor([[0.4647, 1.0000, 0.0000, 0.0000, 0.0000, 0.0000]])
tensor([[-0.6424,  1.0000,  0.0000,  0.0000,  0.0000,  0.0000]])
tensor([[-0.8939,  1.0000,  1.0000,  0.0000,  0.0000,  0.0000]])
tensor([[-0.1981,  1.0000,  0.0000,  0.0000,  0.0000,  0.0000]])
tensor([[0.0977, 1.0000, 0.0000, 1.0000, 0.0000, 0.0000]])
tensor([[-0.8109,  1.0000,  0.0000,  0.0000,  0.0000,  0.0000]])
tensor([[-0.8565,  1.0000,  0.0000,  0.0000,  0.0000,  0.0000]])
tensor([[0.4207, 1.0000, 0.0000, 0.0000, 0.0000, 0.0000]])
tensor([[-0.7482,  1.0000,  0.0000,  0.0000,  0.0000,  0.0000]])
tensor([[-0.0833,  1.0000,  0.0000,  0.0000,  0.0000,  0.0000]])
tensor([[-0.1327,  1.0000,  0.0000,  0.0000,  0.0000,  0.0000]])
tensor([[-0.9324,  1.0000,  0.0000,  0.0000,  0.0000,  0.0000]])
tensor([[0.8772, 1.0000, 0.0000, 0.0000, 0.0000, 0.0000]])
tensor([[0.2283, 0.0000, 0.0000, 0.0000, 0.0000, 0.0000]])
tensor([[-0.0213,  1.0000,  0.0000,  0.0000,  0.0000,  0.0000]])
tensor([[-0.9294,  1.0000,  0.0000,  1.0000,  0.0000,  0.0000]])
tensor([[-0.4951,  0.0000,  0.0000,  0.0000,  0.0000,  0.0000]])
tensor([[0.1362, 1.0000, 0.0000, 0.0000, 0.0000, 0.0000]])
tensor([[0.7830, 1.0000, 0.0000, 0.0000, 0.0000, 0.0000]])
tensor([[0.1527, 1.0000, 0.0000, 0.0000, 0.0000, 0.0000]])
tensor([[-0.1726,  1.0000,  0.0000,  0.0000,  0.0000,  0.0000]])
tensor([[-0.8420,  1.0000,  0.0000,  0.0000,  0.0000,  0.0000]])
tensor([[-0.4449,  1.0000,  0.0000,  0.0000,  0.0000,  0.0000]])
tensor([[-0.9109,  1.0000,  0.0000,  0.0000,  0.0000,  0.0000]])
tensor([[-0.3564,  1.0000,  0.0000,  0.0000,  0.0000,  0.0000]])
tensor([[0.7974, 1.0000, 0.0000, 1.0000, 0.0000, 0.0000]])
tensor([[0.5413, 1.0000, 0.0000, 1.0000, 0.0000, 0.0000]])
tensor([[-0.3223,  1.0000,  0.0000,  0.0000,  0.0000,  0.0000]])
tensor([[0.5111, 1.0000, 0.0000, 0.0000, 0.0000, 0.0000]])
tensor([[-0.1288,  1.0000,  0.0000,  0.0000,  0.0000,  0.0000]])
tensor([[0.8505, 1.0000, 0.0000, 0.0000, 0.0000, 0.0000]])
tensor([[-0.3371,  1.0000,  0.0000,  0.0000,  0.0000,  0.0000]])
tensor([[0.0208, 1.0000, 0.0000, 0.0000, 0.0000, 0.0000]])
tensor([[-0.8445,  1.0000,  0.0000,  0.0000,  0.0000,  0.0000]])
tensor([[0.5209, 1.0000, 0.0000, 0.0000, 0.0000, 0.0000]])
tensor([[-0.5547,  1.0000,  0.0000,  0.0000,  0.0000,  0.0000]])
tensor([[-0.3493,  1.0000,  0.0000,  0.0000,  0.0000,  0.0000]])
tensor([[-0.4209,  1.0000,  0.0000,  0.0000,  0.0000,  0.0000]])
tensor([[0.7107, 0.0000, 0.0000, 0.0000, 0.0000, 0.0000]])
tensor([[-0.9359,  1.0000,  0.0000,  0.0000,  0.0000,  0.0000]])
tensor([[-0.8625,  1.0000,  0.0000,  0.0000,  0.0000,  0.0000]])
tensor([[-0.3535,  1.0000,  0.0000,  0.0000,  0.0000,  0.0000]])
tensor([[-0.2512,  1.0000,  0.0000,  0.0000,  0.0000,  0.0000]])
tensor([[-0.6986,  1.0000,  0.0000,  0.0000,  0.0000,  0.0000]])
tensor([[0.5922, 1.0000, 0.0000, 0.0000, 0.0000, 0.0000]])
tensor([[0.1186, 1.0000, 0.0000, 0.0000, 0.0000, 0.0000]])
tensor([[-0.8084,  1.0000,  0.0000,  0.0000,  0.0000,  0.0000]])
tensor([[0.4849, 1.0000, 1.0000, 0.0000, 0.0000, 0.0000]])
tensor([[-0.7941,  1.0000,  0.0000,  0.0000,  0.0000,  0.0000]])
tensor([[-0.8610,  1.0000,  0.0000,  0.0000,  0.0000,  0.0000]])
tensor([[-0.1074,  1.0000,  0.0000,  0.0000,  0.0000,  0.0000]])
tensor([[-0.6088,  1.0000,  0.0000,  1.0000,  0.0000,  0.0000]])
tensor([[-0.1287,  0.0000,  0.0000,  0.0000,  0.0000,  0.0000]])
tensor([[-0.5808,  1.0000,  0.0000,  0.0000,  0.0000,  0.0000]])
tensor([[-0.5493,  1.0000,  0.0000,  0.0000,  0.0000,  0.0000]])
tensor([[-0.3636,  1.0000,  0.0000,  0.0000,  0.0000,  0.0000]])
tensor([[-0.4923,  1.0000,  0.0000,  0.0000,  0.0000,  0.0000]])
tensor([[-0.8157,  1.0000,  0.0000,  0.0000,  0.0000,  0.0000]])
tensor([[-0.1598,  1.0000,  0.0000,  0.0000,  0.0000,  0.0000]])
tensor([[-0.3945,  1.0000,  0.0000,  0.0000,  0.0000,  0.0000]])
tensor([[-0.2757,  1.0000,  0.0000,  0.0000,  0.0000,  0.0000]])
tensor([[-0.8869,  1.0000,  0.0000,  1.0000,  0.0000,  0.0000]])
tensor([[-0.6961,  1.0000,  0.0000,  0.0000,  0.0000,  0.0000]])
tensor([[-0.6147,  1.0000,  0.0000,  0.0000,  0.0000,  0.0000]])
tensor([[0.0139, 1.0000, 0.0000, 1.0000, 0.0000, 0.0000]])
tensor([[-0.3875,  1.0000,  0.0000,  0.0000,  0.0000,  0.0000]])
tensor([[0.6789, 1.0000, 0.0000, 0.0000, 0.0000, 0.0000]])
tensor([[0.6739, 0.0000, 0.0000, 1.0000, 0.0000, 0.0000]])
tensor([[-0.7877,  1.0000,  0.0000,  0.0000,  0.0000,  0.0000]])
tensor([[-0.8498,  1.0000,  0.0000,  0.0000,  0.0000,  0.0000]])
tensor([[0.1722, 1.0000, 0.0000, 1.0000, 0.0000, 0.0000]])
tensor([[-0.5082,  1.0000,  0.0000,  0.0000,  0.0000,  0.0000]])
tensor([[0.4512, 1.0000, 0.0000, 0.0000, 0.0000, 0.0000]])
tensor([[-0.5404,  1.0000,  0.0000,  0.0000,  0.0000,  0.0000]])
tensor([[-0.0875,  0.0000,  0.0000,  0.0000,  0.0000,  0.0000]])
tensor([[-0.7276,  1.0000,  0.0000,  0.0000,  0.0000,  0.0000]])
tensor([[-0.2441,  1.0000,  0.0000,  0.0000,  0.0000,  0.0000]])
tensor([[-0.8446,  1.0000,  0.0000,  0.0000,  0.0000,  0.0000]])
tensor([[-0.7815,  1.0000,  0.0000,  0.0000,  0.0000,  0.0000]])
tensor([[0.6846, 1.0000, 0.0000, 1.0000, 0.0000, 0.0000]])
tensor([[-0.0916,  1.0000,  0.0000,  0.0000,  0.0000,  0.0000]])
tensor([[-0.7506,  1.0000,  0.0000,  0.0000,  0.0000,  0.0000]])
tensor([[0.0469, 1.0000, 0.0000, 0.0000, 0.0000, 0.0000]])
tensor([[-0.8728,  1.0000,  0.0000,  0.0000,  0.0000,  0.0000]])
tensor([[-0.2348,  1.0000,  0.0000,  0.0000,  0.0000,  0.0000]])
tensor([[0.3920, 1.0000, 0.0000, 0.0000, 0.0000, 0.0000]])
tensor([[0.4181, 1.0000, 0.0000, 0.0000, 0.0000, 0.0000]])
tensor([[-0.7169,  1.0000,  0.0000,  0.0000,  0.0000,  0.0000]])
tensor([[-0.7450,  1.0000,  0.0000,  0.0000,  0.0000,  0.0000]])
tensor([[-0.5633,  1.0000,  0.0000,  0.0000,  0.0000,  0.0000]])
tensor([[0.3623, 1.0000, 0.0000, 0.0000, 0.0000, 0.0000]])
tensor([[-0.1681,  1.0000,  0.0000,  0.0000,  0.0000,  0.0000]])
tensor([[-0.4150,  1.0000,  0.0000,  0.0000,  0.0000,  0.0000]])
tensor([[0.7449, 1.0000, 0.0000, 0.0000, 0.0000, 0.0000]])
tensor([[-0.8588,  1.0000,  0.0000,  0.0000,  0.0000,  0.0000]])
tensor([[-0.3904,  1.0000,  0.0000,  0.0000,  0.0000,  0.0000]])
tensor([[-0.9029,  1.0000,  0.0000,  0.0000,  0.0000,  0.0000]])
tensor([[0.6946, 1.0000, 0.0000, 0.0000, 0.0000, 0.0000]])
tensor([[-0.3671,  1.0000,  0.0000,  0.0000,  0.0000,  0.0000]])
tensor([[-0.8508,  1.0000,  0.0000,  0.0000,  0.0000,  0.0000]])
tensor([[0.8144, 1.0000, 0.0000, 0.0000, 0.0000, 0.0000]])
tensor([[0.3806, 1.0000, 0.0000, 0.0000, 0.0000, 0.0000]])
tensor([[-0.3865,  1.0000,  1.0000,  0.0000,  0.0000,  0.0000]])
tensor([[0.0190, 1.0000, 0.0000, 0.0000, 0.0000, 0.0000]])
tensor([[-0.5755,  1.0000,  0.0000,  0.0000,  0.0000,  0.0000]])
tensor([[-0.1628,  1.0000,  0.0000,  0.0000,  0.0000,  0.0000]])
tensor([[-0.0257,  1.0000,  0.0000,  0.0000,  0.0000,  0.0000]])
tensor([[-0.8584,  1.0000,  0.0000,  0.0000,  0.0000,  0.0000]])
tensor([[-0.7897,  1.0000,  0.0000,  0.0000,  0.0000,  0.0000]])
tensor([[-0.7801,  1.0000,  1.0000,  0.0000,  0.0000,  0.0000]])
tensor([[-0.2082,  1.0000,  0.0000,  0.0000,  0.0000,  0.0000]])
tensor([[-0.5396,  1.0000,  0.0000,  0.0000,  0.0000,  0.0000]])
tensor([[-0.8469,  1.0000,  0.0000,  0.0000,  0.0000,  0.0000]])
tensor([[0.4056, 1.0000, 0.0000, 0.0000, 0.0000, 0.0000]])
tensor([[-0.5652,  1.0000,  0.0000,  0.0000,  0.0000,  0.0000]])
tensor([[-0.5020,  1.0000,  0.0000,  0.0000,  0.0000,  0.0000]])
tensor([[-0.7745,  1.0000,  0.0000,  0.0000,  0.0000,  0.0000]])
tensor([[0.3043, 1.0000, 0.0000, 0.0000, 0.0000, 0.0000]])
tensor([[-0.2655,  0.0000,  0.0000,  0.0000,  0.0000,  0.0000]])
tensor([[-0.1833,  1.0000,  0.0000,  0.0000,  0.0000,  0.0000]])
tensor([[0.7840, 1.0000, 1.0000, 0.0000, 0.0000, 0.0000]])
tensor([[-0.5393,  1.0000,  0.0000,  0.0000,  0.0000,  0.0000]])
tensor([[-0.7588,  1.0000,  0.0000,  0.0000,  0.0000,  0.0000]])
tensor([[-0.2561,  1.0000,  0.0000,  0.0000,  0.0000,  0.0000]])
tensor([[0.2792, 1.0000, 0.0000, 0.0000, 0.0000, 0.0000]])
tensor([[-0.8655,  1.0000,  0.0000,  0.0000,  0.0000,  0.0000]])
tensor([[-0.7375,  1.0000,  0.0000,  0.0000,  0.0000,  0.0000]])
tensor([[-0.3612,  1.0000,  0.0000,  0.0000,  0.0000,  0.0000]])
tensor([[-0.8081,  1.0000,  0.0000,  0.0000,  0.0000,  0.0000]])
tensor([[0.7465, 1.0000, 0.0000, 0.0000, 0.0000, 0.0000]])
tensor([[-0.2288,  1.0000,  0.0000,  0.0000,  0.0000,  0.0000]])
tensor([[0.6927, 1.0000, 0.0000, 0.0000, 0.0000, 0.0000]])
tensor([[0.2573, 1.0000, 0.0000, 0.0000, 0.0000, 0.0000]])
tensor([[0.7857, 1.0000, 0.0000, 0.0000, 0.0000, 0.0000]])
tensor([[0.6336, 1.0000, 0.0000, 0.0000, 0.0000, 0.0000]])
tensor([[-0.9513,  1.0000,  0.0000,  0.0000,  0.0000,  0.0000]])
tensor([[-0.9193,  1.0000,  1.0000,  0.0000,  0.0000,  0.0000]])
tensor([[0.5120, 1.0000, 0.0000, 0.0000, 0.0000, 0.0000]])
tensor([[-0.5864,  1.0000,  0.0000,  0.0000,  0.0000,  0.0000]])
tensor([[0.4119, 1.0000, 0.0000, 0.0000, 0.0000, 0.0000]])
tensor([[-0.8888,  1.0000,  1.0000,  0.0000,  0.0000,  0.0000]])
tensor([[-0.7001,  1.0000,  0.0000,  0.0000,  0.0000,  0.0000]])
tensor([[-0.8190,  1.0000,  1.0000,  0.0000,  0.0000,  0.0000]])
tensor([[-0.1186,  1.0000,  0.0000,  0.0000,  0.0000,  0.0000]])
tensor([[0.5331, 1.0000, 0.0000, 0.0000, 0.0000, 0.0000]])
tensor([[0.1149, 1.0000, 0.0000, 0.0000, 0.0000, 0.0000]])
tensor([[-0.9084,  1.0000,  1.0000,  0.0000,  0.0000,  0.0000]])
tensor([[-0.5428,  1.0000,  0.0000,  0.0000,  0.0000,  0.0000]])
tensor([[0.1550, 1.0000, 0.0000, 0.0000, 0.0000, 0.0000]])
tensor([[-0.9499,  1.0000,  0.0000,  1.0000,  0.0000,  0.0000]])
tensor([[-0.4056,  1.0000,  0.0000,  0.0000,  0.0000,  0.0000]])
tensor([[-0.8712,  1.0000,  1.0000,  0.0000,  0.0000,  0.0000]])
tensor([[-0.9146,  1.0000,  0.0000,  0.0000,  0.0000,  0.0000]])
tensor([[-0.2511,  1.0000,  0.0000,  0.0000,  0.0000,  0.0000]])
tensor([[0.2369, 1.0000, 0.0000, 0.0000, 0.0000, 0.0000]])
tensor([[-0.8277,  1.0000,  0.0000,  0.0000,  0.0000,  0.0000]])
tensor([[-0.9036,  1.0000,  0.0000,  0.0000,  0.0000,  0.0000]])
tensor([[0.1431, 1.0000, 0.0000, 0.0000, 0.0000, 0.0000]])
tensor([[-0.0514,  1.0000,  0.0000,  1.0000,  0.0000,  0.0000]])
tensor([[-0.6818,  1.0000,  0.0000,  0.0000,  0.0000,  0.0000]])
tensor([[0.0113, 1.0000, 0.0000, 0.0000, 0.0000, 0.0000]])
tensor([[0.1123, 1.0000, 0.0000, 0.0000, 0.0000, 0.0000]])
tensor([[-0.6957,  1.0000,  0.0000,  0.0000,  0.0000,  0.0000]])
tensor([[-0.8735,  1.0000,  0.0000,  0.0000,  0.0000,  0.0000]])
tensor([[0.1245, 1.0000, 0.0000, 0.0000, 0.0000, 0.0000]])
tensor([[-0.0958,  1.0000,  0.0000,  0.0000,  0.0000,  0.0000]])
tensor([[0.1885, 1.0000, 1.0000, 0.0000, 0.0000, 0.0000]])
tensor([[-0.9786,  0.0000,  0.0000,  0.0000,  0.0000,  0.0000]])
tensor([[0.7812, 0.0000, 0.0000, 0.0000, 0.0000, 0.0000]])
tensor([[0.8503, 1.0000, 0.0000, 0.0000, 0.0000, 0.0000]])
tensor([[-0.8405,  1.0000,  0.0000,  0.0000,  0.0000,  0.0000]])
tensor([[-0.9169,  1.0000,  0.0000,  0.0000,  0.0000,  0.0000]])
tensor([[-0.9839,  1.0000,  0.0000,  0.0000,  0.0000,  0.0000]])
tensor([[0.6643, 1.0000, 0.0000, 0.0000, 0.0000, 0.0000]])
tensor([[-0.9428,  1.0000,  0.0000,  0.0000,  0.0000,  0.0000]])
tensor([[-0.3522,  1.0000,  1.0000,  0.0000,  0.0000,  0.0000]])
tensor([[-0.9753,  1.0000,  0.0000,  0.0000,  0.0000,  0.0000]])
tensor([[0.1969, 1.0000, 0.0000, 0.0000, 0.0000, 0.0000]])
tensor([[-0.8085,  1.0000,  1.0000,  0.0000,  0.0000,  0.0000]])
tensor([[0.1800, 1.0000, 0.0000, 0.0000, 0.0000, 0.0000]])
tensor([[0.5989, 1.0000, 0.0000, 0.0000, 0.0000, 0.0000]])
tensor([[-0.0957,  1.0000,  0.0000,  0.0000,  0.0000,  0.0000]])
tensor([[0.2731, 1.0000, 0.0000, 0.0000, 0.0000, 0.0000]])
tensor([[0.3425, 1.0000, 0.0000, 0.0000, 0.0000, 0.0000]])
tensor([[0.1860, 1.0000, 0.0000, 0.0000, 0.0000, 0.0000]])
tensor([[0.5172, 1.0000, 0.0000, 0.0000, 0.0000, 0.0000]])
tensor([[-0.3634,  1.0000,  0.0000,  0.0000,  0.0000,  0.0000]])
tensor([[-0.5565,  1.0000,  0.0000,  0.0000,  0.0000,  0.0000]])
tensor([[-0.7153,  1.0000,  0.0000,  0.0000,  0.0000,  0.0000]])
tensor([[-0.5894,  1.0000,  0.0000,  0.0000,  0.0000,  0.0000]])
tensor([[-0.3826,  1.0000,  1.0000,  0.0000,  0.0000,  0.0000]])
tensor([[-0.5114,  1.0000,  0.0000,  0.0000,  0.0000,  0.0000]])
tensor([[-0.9386,  1.0000,  0.0000,  0.0000,  0.0000,  0.0000]])
tensor([[0.2191, 1.0000, 0.0000, 0.0000, 0.0000, 0.0000]])
tensor([[0.6750, 1.0000, 0.0000, 0.0000, 0.0000, 0.0000]])
tensor([[-0.8430,  1.0000,  1.0000,  0.0000,  0.0000,  0.0000]])
tensor([[-0.3106,  1.0000,  0.0000,  0.0000,  0.0000,  0.0000]])
tensor([[-0.7597,  1.0000,  1.0000,  0.0000,  0.0000,  0.0000]])
tensor([[-0.0865,  1.0000,  0.0000,  0.0000,  0.0000,  0.0000]])
tensor([[-0.9241,  1.0000,  0.0000,  0.0000,  0.0000,  0.0000]])
tensor([[-0.3071,  1.0000,  1.0000,  0.0000,  0.0000,  0.0000]])
tensor([[-0.7745,  1.0000,  0.0000,  0.0000,  0.0000,  0.0000]])
tensor([[-0.6325,  1.0000,  0.0000,  0.0000,  0.0000,  0.0000]])
tensor([[0.1102, 1.0000, 0.0000, 0.0000, 0.0000, 0.0000]])
tensor([[-0.1854,  0.0000,  0.0000,  0.0000,  0.0000,  0.0000]])
tensor([[0.7902, 1.0000, 0.0000, 0.0000, 0.0000, 0.0000]])
tensor([[0.7796, 1.0000, 0.0000, 0.0000, 0.0000, 0.0000]])
tensor([[-0.5361,  1.0000,  0.0000,  0.0000,  0.0000,  0.0000]])
tensor([[-0.0792,  1.0000,  0.0000,  0.0000,  0.0000,  0.0000]])
tensor([[-0.1011,  1.0000,  1.0000,  0.0000,  0.0000,  0.0000]])
tensor([[-0.9095,  1.0000,  0.0000,  0.0000,  0.0000,  0.0000]])
tensor([[-0.9803,  1.0000,  0.0000,  0.0000,  0.0000,  0.0000]])
tensor([[-0.8456,  1.0000,  0.0000,  0.0000,  0.0000,  0.0000]])
tensor([[-0.2924,  1.0000,  0.0000,  0.0000,  0.0000,  0.0000]])
tensor([[0.6461, 1.0000, 0.0000, 0.0000, 0.0000, 0.0000]])
tensor([[-0.0792,  1.0000,  0.0000,  0.0000,  0.0000,  0.0000]])
tensor([[-0.4120,  1.0000,  0.0000,  0.0000,  0.0000,  0.0000]])
tensor([[0.2169, 1.0000, 0.0000, 0.0000, 0.0000, 0.0000]])
tensor([[-0.8629,  1.0000,  0.0000,  0.0000,  0.0000,  0.0000]])
tensor([[-0.8084,  1.0000,  1.0000,  0.0000,  0.0000,  0.0000]])
tensor([[-0.1347,  1.0000,  0.0000,  0.0000,  0.0000,  0.0000]])
tensor([[-0.2579,  1.0000,  0.0000,  0.0000,  0.0000,  0.0000]])
tensor([[-0.8279,  1.0000,  0.0000,  0.0000,  0.0000,  0.0000]])
tensor([[-0.0550,  0.0000,  0.0000,  0.0000,  0.0000,  0.0000]])
tensor([[0.0024, 1.0000, 0.0000, 0.0000, 0.0000, 0.0000]])
tensor([[-0.6796,  1.0000,  0.0000,  0.0000,  0.0000,  0.0000]])
tensor([[-0.9184,  1.0000,  0.0000,  0.0000,  0.0000,  0.0000]])
tensor([[-0.8635,  1.0000,  1.0000,  0.0000,  0.0000,  0.0000]])
tensor([[-0.5650,  1.0000,  1.0000,  0.0000,  0.0000,  0.0000]])
tensor([[0.4124, 1.0000, 0.0000, 0.0000, 0.0000, 0.0000]])
tensor([[0.0876, 1.0000, 0.0000, 0.0000, 0.0000, 0.0000]])
tensor([[0.1891, 1.0000, 1.0000, 0.0000, 0.0000, 0.0000]])
tensor([[-0.1303,  1.0000,  0.0000,  0.0000,  0.0000,  0.0000]])
tensor([[-0.6985,  1.0000,  0.0000,  0.0000,  0.0000,  0.0000]])
tensor([[0.6468, 1.0000, 0.0000, 0.0000, 0.0000, 0.0000]])
tensor([[0.0943, 1.0000, 0.0000, 0.0000, 0.0000, 0.0000]])
tensor([[-0.9848,  1.0000,  0.0000,  0.0000,  0.0000,  0.0000]])
tensor([[0.3247, 1.0000, 0.0000, 0.0000, 0.0000, 0.0000]])
tensor([[-0.2140,  1.0000,  0.0000,  0.0000,  0.0000,  0.0000]])
tensor([[-0.9338,  1.0000,  0.0000,  0.0000,  0.0000,  0.0000]])
tensor([[-0.2445,  1.0000,  0.0000,  0.0000,  0.0000,  0.0000]])
tensor([[-0.8312,  1.0000,  0.0000,  0.0000,  0.0000,  0.0000]])
tensor([[-0.8053,  1.0000,  0.0000,  0.0000,  0.0000,  0.0000]])
tensor([[-0.7039,  1.0000,  0.0000,  0.0000,  0.0000,  0.0000]])
tensor([[0.5413, 1.0000, 0.0000, 0.0000, 0.0000, 0.0000]])
tensor([[0.1221, 1.0000, 0.0000, 0.0000, 0.0000, 0.0000]])
INFO:root:Agent 0 (TQCars): avg action time = 0.0012s
tensor([[-0.0900,  1.0000,  1.0000,  0.0000,  0.0000,  0.0000]])
tensor([[0.0617, 1.0000, 0.0000, 0.0000, 0.0000, 0.0000]])
tensor([[-0.3186,  1.0000,  0.0000,  0.0000,  0.0000,  0.0000]])
tensor([[-0.5744,  1.0000,  0.0000,  0.0000,  0.0000,  0.0000]])
tensor([[-0.0118,  1.0000,  0.0000,  0.0000,  0.0000,  0.0000]])
tensor([[-0.3065,  1.0000,  0.0000,  0.0000,  0.0000,  0.0000]])
tensor([[-0.4272,  1.0000,  0.0000,  0.0000,  0.0000,  0.0000]])
tensor([[-0.6392,  1.0000,  0.0000,  0.0000,  0.0000,  0.0000]])
tensor([[0.7681, 1.0000, 0.0000, 0.0000, 0.0000, 0.0000]])
tensor([[0.1972, 1.0000, 0.0000, 0.0000, 0.0000, 0.0000]])
tensor([[-0.6468,  1.0000,  0.0000,  0.0000,  0.0000,  0.0000]])
tensor([[0.7802, 1.0000, 0.0000, 0.0000, 0.0000, 0.0000]])
tensor([[-0.3033,  1.0000,  0.0000,  0.0000,  0.0000,  0.0000]])
tensor([[0.0495, 1.0000, 1.0000, 0.0000, 0.0000, 0.0000]])
tensor([[-0.6807,  1.0000,  0.0000,  0.0000,  0.0000,  0.0000]])
tensor([[-0.9591,  1.0000,  0.0000,  0.0000,  0.0000,  0.0000]])
tensor([[-0.9503,  1.0000,  0.0000,  0.0000,  0.0000,  0.0000]])
tensor([[0.3036, 1.0000, 0.0000, 0.0000, 0.0000, 0.0000]])
tensor([[-0.7598,  1.0000,  0.0000,  0.0000,  0.0000,  0.0000]])
tensor([[0.7255, 1.0000, 0.0000, 0.0000, 0.0000, 0.0000]])
tensor([[-0.7972,  1.0000,  0.0000,  0.0000,  0.0000,  0.0000]])
tensor([[0.3759, 1.0000, 0.0000, 0.0000, 0.0000, 0.0000]])
tensor([[-0.9466,  1.0000,  0.0000,  0.0000,  0.0000,  0.0000]])
tensor([[-0.1793,  1.0000,  0.0000,  0.0000,  0.0000,  0.0000]])
tensor([[-0.4571,  1.0000,  0.0000,  0.0000,  0.0000,  0.0000]])
tensor([[0.4808, 1.0000, 0.0000, 0.0000, 0.0000, 0.0000]])
tensor([[-0.6678,  1.0000,  1.0000,  0.0000,  0.0000,  0.0000]])
tensor([[-0.1060,  1.0000,  0.0000,  0.0000,  0.0000,  0.0000]])
tensor([[-0.9509,  1.0000,  0.0000,  0.0000,  0.0000,  0.0000]])
tensor([[0.5351, 1.0000, 0.0000, 0.0000, 0.0000, 0.0000]])
tensor([[0.0483, 1.0000, 0.0000, 0.0000, 0.0000, 0.0000]])
tensor([[-0.7429,  1.0000,  0.0000,  0.0000,  0.0000,  0.0000]])
tensor([[-0.2716,  1.0000,  0.0000,  0.0000,  0.0000,  0.0000]])
tensor([[-0.4472,  1.0000,  0.0000,  0.0000,  0.0000,  0.0000]])
tensor([[0.8885, 1.0000, 0.0000, 0.0000, 0.0000, 0.0000]])
tensor([[-0.1893,  1.0000,  0.0000,  0.0000,  0.0000,  0.0000]])
tensor([[-0.9814,  1.0000,  0.0000,  0.0000,  0.0000,  0.0000]])
tensor([[-0.6472,  1.0000,  0.0000,  0.0000,  0.0000,  0.0000]])
tensor([[-0.8384,  1.0000,  1.0000,  0.0000,  0.0000,  0.0000]])
tensor([[-0.1142,  1.0000,  0.0000,  0.0000,  0.0000,  0.0000]])
tensor([[-0.2456,  1.0000,  0.0000,  0.0000,  0.0000,  0.0000]])
tensor([[-0.8044,  1.0000,  0.0000,  0.0000,  0.0000,  0.0000]])
tensor([[-0.0636,  1.0000,  0.0000,  0.0000,  0.0000,  0.0000]])
tensor([[-0.3422,  1.0000,  0.0000,  0.0000,  0.0000,  0.0000]])
tensor([[-0.4615,  1.0000,  0.0000,  0.0000,  0.0000,  0.0000]])
tensor([[-0.1380,  1.0000,  0.0000,  0.0000,  0.0000,  0.0000]])
tensor([[-0.7418,  1.0000,  0.0000,  0.0000,  0.0000,  0.0000]])
tensor([[-0.8061,  1.0000,  0.0000,  0.0000,  0.0000,  0.0000]])
tensor([[-0.5765,  1.0000,  0.0000,  0.0000,  0.0000,  0.0000]])
tensor([[-0.9314,  1.0000,  0.0000,  0.0000,  0.0000,  0.0000]])
tensor([[0.2380, 1.0000, 0.0000, 0.0000, 0.0000, 0.0000]])
tensor([[0.2861, 1.0000, 1.0000, 0.0000, 0.0000, 0.0000]])
tensor([[-0.5629,  1.0000,  0.0000,  0.0000,  0.0000,  0.0000]])
tensor([[-0.2156,  1.0000,  0.0000,  0.0000,  0.0000,  0.0000]])
tensor([[-0.6406,  1.0000,  0.0000,  0.0000,  0.0000,  0.0000]])
tensor([[-0.9290,  1.0000,  0.0000,  0.0000,  0.0000,  0.0000]])
tensor([[-0.0218,  1.0000,  0.0000,  0.0000,  0.0000,  0.0000]])
tensor([[-0.9839,  1.0000,  0.0000,  0.0000,  0.0000,  0.0000]])
tensor([[-0.8568,  1.0000,  0.0000,  0.0000,  0.0000,  0.0000]])
tensor([[-0.3992,  1.0000,  0.0000,  0.0000,  0.0000,  0.0000]])
tensor([[0.3129, 1.0000, 0.0000, 0.0000, 0.0000, 0.0000]])
tensor([[-0.4646,  1.0000,  0.0000,  0.0000,  0.0000,  0.0000]])
tensor([[0.6279, 1.0000, 0.0000, 0.0000, 0.0000, 0.0000]])
{"type": "results", "track": "black_forest", "results": [{"key": 0, "reward": -0.1, "position": 4, "name": "TQCars", "avg_action_time": 0.001171665730644842}]}
