INFO:root:Loading the agents
INFO:root:Loaded player TQCars
INFO:root:Creating pystk-1
INFO:root:Adding wrapper <function get_wrappers.<locals>.<lambda> at 0x7418c8efb420>
INFO:root:Adding wrapper <function get_wrappers.<locals>.<lambda> at 0x7418c8efb4c0>
INFO:root:Adding wrapper <function get_wrappers.<locals>.<lambda> at 0x7418c8efb560>
INFO:root:Adding wrapper <function get_wrappers.<locals>.<lambda> at 0x7418c8efb600>
INFO:root:(multi-env mono adapter) Setting main environment max_paths to 5
INFO:root:Loading trained model from CHECKPOINT-GPUFAC/tqc_EXP16BASEREWARD_900000.pt...
INFO:root:Starting a race
..:: Antarctica Rendering Engine 2.0 ::..
tensor([[-0.8011,  0.0000,  0.0000,  0.0000,  0.0000,  0.0000]])
tensor([[-0.1935,  1.0000,  0.0000,  0.0000,  0.0000,  0.0000]])
tensor([[-0.5509,  1.0000,  0.0000,  0.0000,  0.0000,  0.0000]])
tensor([[-0.6955,  1.0000,  0.0000,  0.0000,  0.0000,  0.0000]])
tensor([[1.5110e-04, 1.0000e+00, 0.0000e+00, 0.0000e+00, 0.0000e+00, 0.0000e+00]])
tensor([[0.5359, 1.0000, 0.0000, 0.0000, 0.0000, 0.0000]])
tensor([[-0.6419,  1.0000,  0.0000,  0.0000,  0.0000,  0.0000]])
tensor([[-0.5905,  1.0000,  0.0000,  0.0000,  0.0000,  0.0000]])
tensor([[0.0223, 1.0000, 0.0000, 0.0000, 0.0000, 0.0000]])
tensor([[-0.2166,  1.0000,  0.0000,  0.0000,  0.0000,  0.0000]])
tensor([[0.0253, 1.0000, 0.0000, 0.0000, 0.0000, 0.0000]])
tensor([[-0.4279,  1.0000,  0.0000,  0.0000,  0.0000,  0.0000]])
tensor([[-0.2671,  1.0000,  0.0000,  0.0000,  1.0000,  0.0000]])
tensor([[-0.9439,  1.0000,  0.0000,  0.0000,  0.0000,  0.0000]])
tensor([[-0.6214,  1.0000,  0.0000,  0.0000,  0.0000,  0.0000]])
tensor([[-0.7307,  1.0000,  0.0000,  0.0000,  0.0000,  0.0000]])
tensor([[-0.5243,  1.0000,  0.0000,  0.0000,  0.0000,  0.0000]])
tensor([[-0.9230,  1.0000,  0.0000,  0.0000,  0.0000,  0.0000]])
tensor([[-0.0083,  1.0000,  0.0000,  0.0000,  0.0000,  0.0000]])
tensor([[-0.2971,  1.0000,  0.0000,  0.0000,  0.0000,  0.0000]])
tensor([[-0.1640,  1.0000,  0.0000,  0.0000,  0.0000,  0.0000]])
tensor([[-0.5520,  1.0000,  1.0000,  0.0000,  0.0000,  0.0000]])
tensor([[-0.7642,  1.0000,  0.0000,  0.0000,  0.0000,  0.0000]])
tensor([[0.8755, 1.0000, 0.0000, 0.0000, 0.0000, 0.0000]])
tensor([[0.5147, 1.0000, 0.0000, 0.0000, 0.0000, 0.0000]])
tensor([[0.5500, 1.0000, 0.0000, 0.0000, 0.0000, 0.0000]])
tensor([[0.7319, 1.0000, 0.0000, 0.0000, 0.0000, 0.0000]])
tensor([[-0.2417,  1.0000,  0.0000,  0.0000,  0.0000,  0.0000]])
tensor([[-0.1575,  1.0000,  0.0000,  0.0000,  0.0000,  0.0000]])
tensor([[0.3864, 1.0000, 0.0000, 0.0000, 0.0000, 0.0000]])
tensor([[0.3268, 1.0000, 0.0000, 1.0000, 0.0000, 0.0000]])
tensor([[0.0935, 1.0000, 0.0000, 0.0000, 0.0000, 0.0000]])
tensor([[-0.5874,  1.0000,  0.0000,  0.0000,  0.0000,  0.0000]])
tensor([[-0.5062,  1.0000,  0.0000,  0.0000,  0.0000,  0.0000]])
tensor([[-0.6009,  1.0000,  0.0000,  0.0000,  0.0000,  0.0000]])
tensor([[-0.2108,  1.0000,  0.0000,  0.0000,  0.0000,  0.0000]])
tensor([[-0.1402,  1.0000,  0.0000,  0.0000,  0.0000,  0.0000]])
tensor([[0.6850, 1.0000, 0.0000, 0.0000, 0.0000, 0.0000]])
tensor([[-0.6333,  1.0000,  0.0000,  0.0000,  0.0000,  0.0000]])
tensor([[-0.8002,  1.0000,  0.0000,  0.0000,  0.0000,  0.0000]])
tensor([[-0.6527,  1.0000,  0.0000,  0.0000,  0.0000,  0.0000]])
tensor([[-0.4143,  1.0000,  0.0000,  0.0000,  0.0000,  0.0000]])
tensor([[0.4566, 1.0000, 0.0000, 0.0000, 0.0000, 0.0000]])
tensor([[-0.2850,  1.0000,  0.0000,  0.0000,  0.0000,  0.0000]])
tensor([[0.3098, 1.0000, 0.0000, 0.0000, 0.0000, 0.0000]])
tensor([[-0.6436,  1.0000,  0.0000,  0.0000,  0.0000,  0.0000]])
tensor([[0.6679, 1.0000, 0.0000, 0.0000, 0.0000, 0.0000]])
tensor([[-0.2349,  1.0000,  0.0000,  0.0000,  0.0000,  0.0000]])
tensor([[0.8535, 1.0000, 0.0000, 0.0000, 0.0000, 0.0000]])
tensor([[-0.6399,  1.0000,  0.0000,  0.0000,  0.0000,  0.0000]])
tensor([[0.6122, 1.0000, 0.0000, 0.0000, 0.0000, 0.0000]])
tensor([[-0.1662,  1.0000,  0.0000,  0.0000,  0.0000,  0.0000]])
tensor([[0.5686, 1.0000, 0.0000, 0.0000, 0.0000, 0.0000]])
tensor([[-0.9488,  1.0000,  0.0000,  0.0000,  0.0000,  0.0000]])
tensor([[-0.6613,  1.0000,  0.0000,  0.0000,  0.0000,  0.0000]])
tensor([[-0.0022,  1.0000,  0.0000,  0.0000,  0.0000,  0.0000]])
tensor([[-0.3791,  1.0000,  0.0000,  0.0000,  0.0000,  0.0000]])
tensor([[-0.5665,  1.0000,  0.0000,  0.0000,  0.0000,  0.0000]])
tensor([[0.0090, 1.0000, 0.0000, 0.0000, 0.0000, 0.0000]])
tensor([[0.5180, 1.0000, 0.0000, 0.0000, 0.0000, 0.0000]])
tensor([[0.9466, 1.0000, 0.0000, 0.0000, 0.0000, 0.0000]])
tensor([[0.9198, 1.0000, 0.0000, 0.0000, 0.0000, 0.0000]])
tensor([[0.4503, 1.0000, 0.0000, 0.0000, 0.0000, 0.0000]])
tensor([[0.9817, 1.0000, 0.0000, 0.0000, 0.0000, 0.0000]])
tensor([[0.9848, 1.0000, 0.0000, 0.0000, 0.0000, 0.0000]])
tensor([[-0.5585,  1.0000,  0.0000,  0.0000,  0.0000,  0.0000]])
tensor([[0.4934, 1.0000, 0.0000, 0.0000, 0.0000, 0.0000]])
tensor([[0.8397, 1.0000, 0.0000, 0.0000, 0.0000, 0.0000]])
tensor([[0.1919, 1.0000, 0.0000, 0.0000, 0.0000, 0.0000]])
tensor([[0.1470, 1.0000, 0.0000, 0.0000, 0.0000, 0.0000]])
tensor([[-0.3151,  1.0000,  0.0000,  0.0000,  0.0000,  0.0000]])
tensor([[-0.2795,  1.0000,  0.0000,  0.0000,  0.0000,  0.0000]])
tensor([[0.3421, 1.0000, 0.0000, 0.0000, 0.0000, 0.0000]])
tensor([[0.2840, 1.0000, 0.0000, 0.0000, 0.0000, 0.0000]])
tensor([[-0.7193,  1.0000,  0.0000,  0.0000,  0.0000,  0.0000]])
tensor([[-0.6828,  1.0000,  0.0000,  0.0000,  0.0000,  0.0000]])
tensor([[-0.9596,  1.0000,  0.0000,  0.0000,  0.0000,  0.0000]])
tensor([[-0.9775,  1.0000,  0.0000,  0.0000,  0.0000,  0.0000]])
tensor([[-0.7684,  1.0000,  0.0000,  0.0000,  0.0000,  0.0000]])
tensor([[-0.7477,  1.0000,  0.0000,  0.0000,  0.0000,  0.0000]])
tensor([[-0.1940,  1.0000,  0.0000,  0.0000,  0.0000,  0.0000]])
tensor([[-0.8806,  1.0000,  0.0000,  0.0000,  0.0000,  0.0000]])
tensor([[0.2017, 1.0000, 0.0000, 0.0000, 0.0000, 0.0000]])
tensor([[-0.6699,  1.0000,  0.0000,  0.0000,  0.0000,  0.0000]])
tensor([[0.6072, 1.0000, 0.0000, 0.0000, 0.0000, 0.0000]])
tensor([[-0.5212,  1.0000,  0.0000,  0.0000,  0.0000,  0.0000]])
tensor([[0.7634, 1.0000, 0.0000, 0.0000, 0.0000, 0.0000]])
tensor([[0.0905, 1.0000, 0.0000, 1.0000, 0.0000, 0.0000]])
tensor([[-0.9105,  1.0000,  0.0000,  0.0000,  0.0000,  0.0000]])
tensor([[-0.5973,  1.0000,  0.0000,  0.0000,  0.0000,  0.0000]])
tensor([[-0.6245,  1.0000,  0.0000,  0.0000,  0.0000,  0.0000]])
tensor([[-0.7043,  1.0000,  0.0000,  0.0000,  0.0000,  0.0000]])
tensor([[-0.0228,  1.0000,  0.0000,  0.0000,  0.0000,  0.0000]])
tensor([[-0.4132,  1.0000,  0.0000,  0.0000,  0.0000,  0.0000]])
tensor([[-0.9149,  1.0000,  0.0000,  0.0000,  0.0000,  0.0000]])
tensor([[-0.8536,  1.0000,  0.0000,  0.0000,  0.0000,  0.0000]])
tensor([[-0.4340,  1.0000,  0.0000,  0.0000,  0.0000,  0.0000]])
tensor([[0.1693, 1.0000, 0.0000, 0.0000, 0.0000, 0.0000]])
tensor([[0.1277, 1.0000, 0.0000, 0.0000, 0.0000, 0.0000]])
tensor([[-0.8338,  1.0000,  0.0000,  0.0000,  0.0000,  0.0000]])
tensor([[-0.0291,  1.0000,  0.0000,  0.0000,  0.0000,  0.0000]])
tensor([[-0.7268,  1.0000,  0.0000,  0.0000,  0.0000,  0.0000]])
tensor([[-0.4203,  1.0000,  0.0000,  0.0000,  0.0000,  0.0000]])
tensor([[0.7061, 1.0000, 0.0000, 0.0000, 0.0000, 0.0000]])
tensor([[-0.4091,  1.0000,  0.0000,  0.0000,  0.0000,  0.0000]])
tensor([[0.7117, 1.0000, 0.0000, 0.0000, 0.0000, 0.0000]])
tensor([[0.5830, 1.0000, 0.0000, 0.0000, 0.0000, 0.0000]])
tensor([[0.1366, 1.0000, 0.0000, 0.0000, 0.0000, 0.0000]])
tensor([[0.2834, 1.0000, 0.0000, 0.0000, 0.0000, 0.0000]])
tensor([[-0.3628,  1.0000,  0.0000,  0.0000,  0.0000,  0.0000]])
tensor([[0.8460, 1.0000, 0.0000, 0.0000, 0.0000, 0.0000]])
tensor([[0.0328, 1.0000, 0.0000, 0.0000, 0.0000, 0.0000]])
tensor([[-0.4678,  1.0000,  0.0000,  0.0000,  0.0000,  0.0000]])
tensor([[0.3493, 1.0000, 0.0000, 0.0000, 0.0000, 0.0000]])
tensor([[-0.6372,  1.0000,  0.0000,  1.0000,  0.0000,  0.0000]])
tensor([[0.0484, 1.0000, 0.0000, 0.0000, 0.0000, 0.0000]])
tensor([[0.6861, 1.0000, 0.0000, 0.0000, 0.0000, 0.0000]])
tensor([[-0.5459,  1.0000,  0.0000,  0.0000,  0.0000,  0.0000]])
tensor([[-0.2784,  1.0000,  0.0000,  0.0000,  0.0000,  0.0000]])
tensor([[0.5828, 1.0000, 0.0000, 0.0000, 0.0000, 0.0000]])
tensor([[0.5684, 1.0000, 0.0000, 0.0000, 0.0000, 0.0000]])
tensor([[-0.7061,  1.0000,  0.0000,  0.0000,  0.0000,  0.0000]])
tensor([[-0.3338,  1.0000,  0.0000,  0.0000,  0.0000,  0.0000]])
tensor([[0.4491, 1.0000, 0.0000, 0.0000, 0.0000, 0.0000]])
tensor([[0.6699, 1.0000, 0.0000, 0.0000, 0.0000, 0.0000]])
tensor([[-0.7342,  1.0000,  0.0000,  0.0000,  0.0000,  0.0000]])
tensor([[-0.6094,  0.0000,  0.0000,  0.0000,  0.0000,  0.0000]])
tensor([[-0.6890,  1.0000,  0.0000,  0.0000,  0.0000,  0.0000]])
tensor([[0.7336, 1.0000, 0.0000, 0.0000, 0.0000, 0.0000]])
tensor([[0.0984, 1.0000, 0.0000, 0.0000, 0.0000, 0.0000]])
tensor([[-0.8125,  1.0000,  0.0000,  0.0000,  0.0000,  0.0000]])
tensor([[-0.1485,  1.0000,  0.0000,  0.0000,  0.0000,  0.0000]])
tensor([[0.0943, 1.0000, 0.0000, 0.0000, 0.0000, 0.0000]])
tensor([[-0.4227,  1.0000,  0.0000,  0.0000,  0.0000,  0.0000]])
tensor([[-0.6271,  1.0000,  0.0000,  0.0000,  0.0000,  0.0000]])
tensor([[-0.7263,  1.0000,  0.0000,  0.0000,  0.0000,  0.0000]])
tensor([[-0.9944,  1.0000,  0.0000,  0.0000,  0.0000,  0.0000]])
tensor([[-0.6601,  1.0000,  0.0000,  0.0000,  0.0000,  0.0000]])
tensor([[-0.8171,  1.0000,  0.0000,  0.0000,  0.0000,  0.0000]])
tensor([[-0.6860,  1.0000,  0.0000,  0.0000,  0.0000,  0.0000]])
tensor([[-0.9730,  1.0000,  0.0000,  0.0000,  0.0000,  0.0000]])
tensor([[-0.6355,  0.0000,  1.0000,  0.0000,  0.0000,  0.0000]])
tensor([[-0.1804,  1.0000,  0.0000,  0.0000,  0.0000,  0.0000]])
tensor([[-0.3807,  1.0000,  1.0000,  0.0000,  0.0000,  0.0000]])
tensor([[-0.7243,  1.0000,  0.0000,  0.0000,  0.0000,  0.0000]])
tensor([[-0.9070,  1.0000,  0.0000,  0.0000,  0.0000,  0.0000]])
tensor([[-0.9611,  1.0000,  0.0000,  0.0000,  0.0000,  0.0000]])
tensor([[-0.4877,  1.0000,  0.0000,  0.0000,  0.0000,  0.0000]])
tensor([[0.6297, 1.0000, 0.0000, 0.0000, 0.0000, 0.0000]])
tensor([[-0.9465,  1.0000,  0.0000,  0.0000,  0.0000,  0.0000]])
tensor([[-0.9713,  1.0000,  0.0000,  0.0000,  0.0000,  0.0000]])
tensor([[-0.3390,  1.0000,  0.0000,  0.0000,  0.0000,  0.0000]])
tensor([[-0.7929,  1.0000,  0.0000,  0.0000,  0.0000,  0.0000]])
tensor([[-0.4067,  1.0000,  0.0000,  0.0000,  0.0000,  0.0000]])
tensor([[-0.8020,  1.0000,  0.0000,  0.0000,  0.0000,  0.0000]])
tensor([[-0.1025,  1.0000,  0.0000,  0.0000,  0.0000,  0.0000]])
tensor([[0.9641, 1.0000, 0.0000, 0.0000, 0.0000, 0.0000]])
tensor([[0.3759, 1.0000, 0.0000, 0.0000, 0.0000, 0.0000]])
tensor([[0.4018, 1.0000, 1.0000, 0.0000, 0.0000, 0.0000]])
tensor([[0.3994, 1.0000, 0.0000, 0.0000, 0.0000, 0.0000]])
tensor([[0.4879, 1.0000, 1.0000, 0.0000, 0.0000, 0.0000]])
tensor([[0.5754, 1.0000, 0.0000, 0.0000, 0.0000, 0.0000]])
tensor([[-0.0561,  1.0000,  0.0000,  1.0000,  0.0000,  0.0000]])
tensor([[0.1599, 1.0000, 0.0000, 0.0000, 0.0000, 0.0000]])
tensor([[0.7003, 1.0000, 0.0000, 0.0000, 0.0000, 0.0000]])
tensor([[0.9354, 1.0000, 0.0000, 0.0000, 0.0000, 0.0000]])
tensor([[-0.7036,  1.0000,  0.0000,  0.0000,  0.0000,  0.0000]])
tensor([[0.6243, 1.0000, 0.0000, 0.0000, 0.0000, 0.0000]])
tensor([[0.6231, 1.0000, 0.0000, 0.0000, 1.0000, 0.0000]])
tensor([[0.3169, 1.0000, 1.0000, 0.0000, 0.0000, 0.0000]])
tensor([[0.1627, 1.0000, 0.0000, 0.0000, 0.0000, 0.0000]])
tensor([[0.3610, 1.0000, 0.0000, 0.0000, 0.0000, 0.0000]])
tensor([[0.7296, 1.0000, 0.0000, 0.0000, 0.0000, 0.0000]])
tensor([[0.6807, 1.0000, 1.0000, 0.0000, 0.0000, 0.0000]])
tensor([[-0.0637,  1.0000,  0.0000,  0.0000,  0.0000,  0.0000]])
tensor([[-0.2114,  1.0000,  0.0000,  0.0000,  0.0000,  0.0000]])
tensor([[-0.0451,  1.0000,  0.0000,  0.0000,  0.0000,  0.0000]])
tensor([[-0.2055,  1.0000,  0.0000,  0.0000,  0.0000,  0.0000]])
tensor([[-0.2323,  1.0000,  0.0000,  0.0000,  0.0000,  0.0000]])
tensor([[-0.4218,  1.0000,  0.0000,  0.0000,  0.0000,  0.0000]])
tensor([[0.4469, 1.0000, 0.0000, 0.0000, 0.0000, 0.0000]])
tensor([[-0.2586,  0.0000,  0.0000,  0.0000,  0.0000,  0.0000]])
tensor([[-0.4541,  1.0000,  0.0000,  0.0000,  0.0000,  0.0000]])
tensor([[-0.2499,  1.0000,  0.0000,  0.0000,  0.0000,  0.0000]])
tensor([[0.4969, 1.0000, 0.0000, 0.0000, 0.0000, 0.0000]])
tensor([[-0.2474,  1.0000,  0.0000,  0.0000,  0.0000,  0.0000]])
tensor([[0.5270, 1.0000, 0.0000, 0.0000, 0.0000, 0.0000]])
tensor([[-0.3463,  1.0000,  0.0000,  0.0000,  0.0000,  0.0000]])
tensor([[-0.8682,  1.0000,  0.0000,  0.0000,  0.0000,  0.0000]])
tensor([[-0.7567,  1.0000,  0.0000,  0.0000,  0.0000,  0.0000]])
tensor([[-0.4428,  1.0000,  0.0000,  1.0000,  0.0000,  0.0000]])
tensor([[-0.1514,  1.0000,  0.0000,  0.0000,  0.0000,  0.0000]])
tensor([[-0.6646,  1.0000,  0.0000,  0.0000,  0.0000,  0.0000]])
tensor([[-0.6529,  1.0000,  0.0000,  0.0000,  0.0000,  0.0000]])
tensor([[-0.8239,  1.0000,  1.0000,  0.0000,  0.0000,  0.0000]])
tensor([[-0.2654,  1.0000,  0.0000,  0.0000,  0.0000,  0.0000]])
tensor([[-0.3960,  1.0000,  0.0000,  0.0000,  0.0000,  0.0000]])
tensor([[0.3339, 1.0000, 0.0000, 0.0000, 0.0000, 0.0000]])
tensor([[-0.5768,  1.0000,  0.0000,  0.0000,  0.0000,  0.0000]])
tensor([[-0.9030,  1.0000,  0.0000,  0.0000,  0.0000,  0.0000]])
tensor([[-0.8651,  1.0000,  0.0000,  0.0000,  0.0000,  0.0000]])
tensor([[-0.1674,  1.0000,  0.0000,  0.0000,  0.0000,  0.0000]])
tensor([[-0.9796,  1.0000,  0.0000,  0.0000,  0.0000,  0.0000]])
tensor([[-0.5402,  1.0000,  0.0000,  0.0000,  0.0000,  0.0000]])
tensor([[0.1723, 1.0000, 0.0000, 0.0000, 0.0000, 0.0000]])
tensor([[-0.4196,  0.0000,  0.0000,  0.0000,  0.0000,  0.0000]])
tensor([[-0.4759,  1.0000,  0.0000,  0.0000,  0.0000,  0.0000]])
tensor([[-0.9504,  1.0000,  0.0000,  0.0000,  0.0000,  0.0000]])
tensor([[-0.0727,  1.0000,  0.0000,  0.0000,  0.0000,  0.0000]])
tensor([[-0.4656,  1.0000,  0.0000,  0.0000,  0.0000,  0.0000]])
tensor([[0.9117, 1.0000, 0.0000, 1.0000, 0.0000, 0.0000]])
tensor([[0.6838, 1.0000, 0.0000, 0.0000, 0.0000, 0.0000]])
tensor([[-0.6492,  1.0000,  0.0000,  0.0000,  0.0000,  0.0000]])
tensor([[0.3307, 1.0000, 0.0000, 0.0000, 0.0000, 0.0000]])
tensor([[0.2274, 1.0000, 0.0000, 0.0000, 0.0000, 0.0000]])
tensor([[-0.9078,  1.0000,  0.0000,  0.0000,  0.0000,  0.0000]])
tensor([[-0.0768,  1.0000,  0.0000,  0.0000,  0.0000,  0.0000]])
tensor([[-0.9200,  1.0000,  0.0000,  0.0000,  0.0000,  0.0000]])
tensor([[0.7160, 1.0000, 0.0000, 0.0000, 0.0000, 0.0000]])
tensor([[0.2125, 1.0000, 0.0000, 0.0000, 0.0000, 0.0000]])
tensor([[0.0638, 1.0000, 0.0000, 0.0000, 0.0000, 0.0000]])
tensor([[-0.9916,  1.0000,  0.0000,  0.0000,  0.0000,  0.0000]])
tensor([[-0.7768,  1.0000,  0.0000,  1.0000,  0.0000,  0.0000]])
tensor([[0.6344, 1.0000, 0.0000, 0.0000, 0.0000, 0.0000]])
tensor([[-0.3075,  1.0000,  0.0000,  0.0000,  0.0000,  0.0000]])
tensor([[-0.3632,  1.0000,  0.0000,  0.0000,  0.0000,  0.0000]])
tensor([[-0.9680,  1.0000,  0.0000,  0.0000,  0.0000,  0.0000]])
tensor([[-0.4344,  1.0000,  0.0000,  0.0000,  0.0000,  0.0000]])
tensor([[-0.7715,  1.0000,  0.0000,  0.0000,  0.0000,  0.0000]])
tensor([[-0.0343,  1.0000,  0.0000,  0.0000,  0.0000,  0.0000]])
tensor([[-0.5075,  1.0000,  0.0000,  0.0000,  0.0000,  0.0000]])
tensor([[0.4093, 1.0000, 1.0000, 0.0000, 0.0000, 0.0000]])
tensor([[-0.8220,  1.0000,  0.0000,  0.0000,  0.0000,  0.0000]])
tensor([[0.3893, 1.0000, 0.0000, 0.0000, 0.0000, 0.0000]])
tensor([[-0.9283,  1.0000,  0.0000,  0.0000,  0.0000,  0.0000]])
tensor([[0.5528, 1.0000, 0.0000, 0.0000, 0.0000, 0.0000]])
tensor([[-0.9075,  1.0000,  0.0000,  0.0000,  0.0000,  0.0000]])
tensor([[-0.5133,  0.0000,  0.0000,  0.0000,  0.0000,  0.0000]])
tensor([[-0.3267,  1.0000,  0.0000,  0.0000,  0.0000,  0.0000]])
tensor([[-0.9661,  1.0000,  0.0000,  0.0000,  0.0000,  0.0000]])
tensor([[-0.0149,  1.0000,  0.0000,  0.0000,  0.0000,  0.0000]])
tensor([[-0.6168,  1.0000,  0.0000,  0.0000,  0.0000,  0.0000]])
tensor([[-0.2913,  1.0000,  0.0000,  0.0000,  0.0000,  0.0000]])
tensor([[0.1879, 1.0000, 0.0000, 0.0000, 0.0000, 0.0000]])
tensor([[-0.6355,  1.0000,  0.0000,  0.0000,  0.0000,  0.0000]])
tensor([[0.2453, 1.0000, 0.0000, 0.0000, 0.0000, 0.0000]])
tensor([[-0.8946,  1.0000,  0.0000,  0.0000,  0.0000,  0.0000]])
tensor([[-0.7867,  1.0000,  0.0000,  0.0000,  0.0000,  0.0000]])
tensor([[0.4978, 1.0000, 0.0000, 0.0000, 0.0000, 0.0000]])
tensor([[0.9803, 1.0000, 0.0000, 0.0000, 0.0000, 0.0000]])
tensor([[0.8495, 1.0000, 0.0000, 0.0000, 0.0000, 0.0000]])
tensor([[0.5793, 1.0000, 0.0000, 0.0000, 0.0000, 0.0000]])
tensor([[-0.2797,  1.0000,  0.0000,  0.0000,  0.0000,  0.0000]])
tensor([[0.8970, 1.0000, 0.0000, 0.0000, 0.0000, 0.0000]])
tensor([[0.8400, 1.0000, 0.0000, 0.0000, 0.0000, 0.0000]])
tensor([[0.9165, 1.0000, 0.0000, 0.0000, 0.0000, 0.0000]])
tensor([[0.9581, 1.0000, 0.0000, 0.0000, 0.0000, 0.0000]])
tensor([[0.9361, 1.0000, 0.0000, 0.0000, 0.0000, 0.0000]])
tensor([[0.8919, 1.0000, 0.0000, 0.0000, 0.0000, 0.0000]])
tensor([[0.8609, 1.0000, 0.0000, 0.0000, 0.0000, 0.0000]])
tensor([[-0.0683,  1.0000,  0.0000,  0.0000,  0.0000,  0.0000]])
tensor([[-0.2033,  1.0000,  0.0000,  0.0000,  0.0000,  0.0000]])
tensor([[-0.0708,  1.0000,  0.0000,  0.0000,  0.0000,  0.0000]])
tensor([[0.5028, 1.0000, 0.0000, 0.0000, 0.0000, 0.0000]])
tensor([[0.7913, 1.0000, 0.0000, 0.0000, 0.0000, 0.0000]])
tensor([[-0.6318,  1.0000,  0.0000,  0.0000,  0.0000,  0.0000]])
tensor([[-0.1242,  0.0000,  0.0000,  0.0000,  1.0000,  0.0000]])
tensor([[0.6487, 1.0000, 0.0000, 0.0000, 0.0000, 0.0000]])
tensor([[-0.4596,  1.0000,  0.0000,  0.0000,  0.0000,  0.0000]])
tensor([[-0.4470,  1.0000,  0.0000,  0.0000,  0.0000,  0.0000]])
tensor([[-0.9593,  1.0000,  0.0000,  0.0000,  0.0000,  0.0000]])
tensor([[-0.6581,  1.0000,  0.0000,  0.0000,  0.0000,  0.0000]])
tensor([[-0.6049,  1.0000,  0.0000,  0.0000,  0.0000,  0.0000]])
tensor([[-0.2836,  1.0000,  0.0000,  0.0000,  0.0000,  0.0000]])
tensor([[0.2864, 1.0000, 0.0000, 0.0000, 0.0000, 0.0000]])
tensor([[0.2236, 1.0000, 0.0000, 0.0000, 0.0000, 0.0000]])
tensor([[-0.5213,  1.0000,  0.0000,  0.0000,  0.0000,  0.0000]])
tensor([[-0.6616,  1.0000,  0.0000,  0.0000,  0.0000,  0.0000]])
tensor([[0.7269, 1.0000, 0.0000, 0.0000, 0.0000, 0.0000]])
tensor([[0.5587, 1.0000, 0.0000, 1.0000, 0.0000, 0.0000]])
tensor([[-0.4575,  1.0000,  0.0000,  0.0000,  0.0000,  0.0000]])
tensor([[0.3904, 1.0000, 0.0000, 0.0000, 0.0000, 0.0000]])
tensor([[0.5187, 1.0000, 0.0000, 0.0000, 0.0000, 0.0000]])
tensor([[0.0896, 0.0000, 0.0000, 0.0000, 0.0000, 0.0000]])
tensor([[0.2864, 1.0000, 0.0000, 0.0000, 0.0000, 0.0000]])
tensor([[0.7758, 1.0000, 0.0000, 0.0000, 0.0000, 0.0000]])
tensor([[-0.0320,  1.0000,  0.0000,  0.0000,  0.0000,  0.0000]])
tensor([[-0.7720,  1.0000,  0.0000,  0.0000,  0.0000,  0.0000]])
tensor([[-0.0957,  1.0000,  0.0000,  0.0000,  0.0000,  0.0000]])
tensor([[0.3554, 1.0000, 0.0000, 0.0000, 0.0000, 0.0000]])
tensor([[-0.5742,  1.0000,  0.0000,  0.0000,  0.0000,  0.0000]])
tensor([[-0.9053,  1.0000,  0.0000,  0.0000,  0.0000,  0.0000]])
tensor([[0.1999, 1.0000, 0.0000, 0.0000, 0.0000, 0.0000]])
tensor([[-0.4091,  1.0000,  0.0000,  0.0000,  0.0000,  0.0000]])
tensor([[-0.1097,  1.0000,  0.0000,  0.0000,  0.0000,  0.0000]])
tensor([[0.7172, 1.0000, 0.0000, 0.0000, 0.0000, 0.0000]])
tensor([[-0.1573,  1.0000,  0.0000,  0.0000,  0.0000,  0.0000]])
tensor([[-0.8698,  1.0000,  0.0000,  0.0000,  0.0000,  0.0000]])
tensor([[-0.3193,  1.0000,  0.0000,  0.0000,  0.0000,  0.0000]])
tensor([[-0.4440,  1.0000,  0.0000,  0.0000,  0.0000,  0.0000]])
tensor([[-0.6737,  1.0000,  0.0000,  0.0000,  0.0000,  0.0000]])
tensor([[-0.4042,  1.0000,  0.0000,  0.0000,  0.0000,  0.0000]])
tensor([[-0.9026,  1.0000,  0.0000,  0.0000,  0.0000,  0.0000]])
tensor([[-0.9386,  1.0000,  0.0000,  0.0000,  0.0000,  0.0000]])
tensor([[-0.0620,  1.0000,  0.0000,  0.0000,  0.0000,  0.0000]])
tensor([[-0.0554,  1.0000,  0.0000,  0.0000,  0.0000,  0.0000]])
tensor([[0.0469, 1.0000, 0.0000, 0.0000, 0.0000, 0.0000]])
tensor([[-0.6263,  1.0000,  0.0000,  0.0000,  0.0000,  0.0000]])
tensor([[-0.8214,  1.0000,  0.0000,  0.0000,  0.0000,  0.0000]])
tensor([[-0.8979,  1.0000,  0.0000,  0.0000,  0.0000,  0.0000]])
tensor([[-0.7209,  1.0000,  0.0000,  0.0000,  0.0000,  0.0000]])
tensor([[-0.5152,  1.0000,  0.0000,  0.0000,  0.0000,  0.0000]])
tensor([[0.0404, 1.0000, 0.0000, 0.0000, 0.0000, 0.0000]])
tensor([[0.3921, 1.0000, 0.0000, 0.0000, 0.0000, 0.0000]])
tensor([[-0.0030,  1.0000,  0.0000,  0.0000,  0.0000,  0.0000]])
tensor([[0.8311, 1.0000, 0.0000, 0.0000, 0.0000, 0.0000]])
tensor([[0.7424, 1.0000, 0.0000, 0.0000, 0.0000, 0.0000]])
tensor([[-0.5875,  1.0000,  0.0000,  0.0000,  0.0000,  0.0000]])
tensor([[-0.6545,  1.0000,  0.0000,  0.0000,  0.0000,  0.0000]])
tensor([[-0.0548,  1.0000,  0.0000,  0.0000,  0.0000,  0.0000]])
tensor([[0.9490, 0.0000, 0.0000, 0.0000, 0.0000, 0.0000]])
tensor([[0.3910, 1.0000, 0.0000, 0.0000, 0.0000, 0.0000]])
tensor([[-0.9021,  1.0000,  0.0000,  0.0000,  0.0000,  0.0000]])
tensor([[-0.7743,  1.0000,  0.0000,  0.0000,  0.0000,  0.0000]])
tensor([[-0.5352,  1.0000,  0.0000,  0.0000,  0.0000,  0.0000]])
tensor([[0.8800, 1.0000, 0.0000, 0.0000, 0.0000, 0.0000]])
tensor([[-0.3468,  0.0000,  0.0000,  0.0000,  0.0000,  0.0000]])
tensor([[-0.4087,  1.0000,  0.0000,  0.0000,  0.0000,  0.0000]])
tensor([[0.7636, 1.0000, 0.0000, 0.0000, 0.0000, 0.0000]])
tensor([[0.4122, 1.0000, 0.0000, 0.0000, 0.0000, 0.0000]])
tensor([[0.1668, 1.0000, 0.0000, 0.0000, 0.0000, 0.0000]])
tensor([[0.1197, 1.0000, 0.0000, 0.0000, 0.0000, 0.0000]])
tensor([[0.2056, 1.0000, 0.0000, 0.0000, 0.0000, 0.0000]])
tensor([[-0.8756,  1.0000,  0.0000,  0.0000,  0.0000,  0.0000]])
tensor([[-0.3994,  1.0000,  0.0000,  0.0000,  0.0000,  0.0000]])
tensor([[0.2062, 1.0000, 1.0000, 0.0000, 0.0000, 0.0000]])
tensor([[-0.9362,  1.0000,  1.0000,  0.0000,  0.0000,  0.0000]])
tensor([[-0.5224,  1.0000,  0.0000,  0.0000,  0.0000,  0.0000]])
tensor([[-0.8413,  1.0000,  0.0000,  0.0000,  0.0000,  0.0000]])
tensor([[-0.9852,  1.0000,  0.0000,  0.0000,  0.0000,  0.0000]])
tensor([[-0.9173,  1.0000,  1.0000,  0.0000,  0.0000,  0.0000]])
tensor([[-0.9640,  1.0000,  0.0000,  0.0000,  0.0000,  0.0000]])
tensor([[-0.4864,  1.0000,  0.0000,  0.0000,  0.0000,  0.0000]])
tensor([[-0.7662,  1.0000,  0.0000,  0.0000,  0.0000,  0.0000]])
tensor([[-0.8340,  1.0000,  0.0000,  0.0000,  0.0000,  0.0000]])
tensor([[-0.9713,  1.0000,  0.0000,  0.0000,  0.0000,  0.0000]])
tensor([[-0.9747,  1.0000,  0.0000,  0.0000,  0.0000,  0.0000]])
tensor([[-0.9823,  1.0000,  0.0000,  0.0000,  0.0000,  0.0000]])
tensor([[0.7891, 1.0000, 0.0000, 0.0000, 0.0000, 0.0000]])
tensor([[-0.9196,  1.0000,  1.0000,  0.0000,  0.0000,  0.0000]])
tensor([[-0.8624,  1.0000,  0.0000,  0.0000,  0.0000,  0.0000]])
tensor([[-0.9462,  1.0000,  0.0000,  0.0000,  0.0000,  0.0000]])
tensor([[-0.9132,  1.0000,  0.0000,  1.0000,  0.0000,  0.0000]])
tensor([[-0.5065,  1.0000,  0.0000,  0.0000,  0.0000,  0.0000]])
tensor([[-0.9246,  1.0000,  0.0000,  0.0000,  0.0000,  0.0000]])
tensor([[-0.7610,  1.0000,  0.0000,  0.0000,  0.0000,  0.0000]])
tensor([[0.2773, 1.0000, 0.0000, 0.0000, 0.0000, 0.0000]])
tensor([[-0.8345,  1.0000,  0.0000,  0.0000,  0.0000,  0.0000]])
tensor([[-0.8301,  1.0000,  0.0000,  0.0000,  0.0000,  0.0000]])
tensor([[-0.8616,  1.0000,  0.0000,  0.0000,  0.0000,  0.0000]])
tensor([[-0.4890,  1.0000,  0.0000,  0.0000,  0.0000,  0.0000]])
tensor([[-0.9632,  1.0000,  0.0000,  0.0000,  0.0000,  0.0000]])
tensor([[-0.3738,  1.0000,  0.0000,  0.0000,  0.0000,  0.0000]])
tensor([[-0.8271,  1.0000,  0.0000,  0.0000,  0.0000,  0.0000]])
tensor([[-0.7480,  1.0000,  0.0000,  0.0000,  0.0000,  0.0000]])
tensor([[-0.1927,  1.0000,  1.0000,  0.0000,  0.0000,  0.0000]])
tensor([[-0.7046,  1.0000,  0.0000,  0.0000,  0.0000,  0.0000]])
tensor([[-0.8654,  1.0000,  0.0000,  0.0000,  0.0000,  0.0000]])
tensor([[-0.1890,  1.0000,  1.0000,  0.0000,  0.0000,  0.0000]])
tensor([[-0.8462,  1.0000,  0.0000,  0.0000,  0.0000,  0.0000]])
tensor([[-0.6910,  1.0000,  0.0000,  0.0000,  0.0000,  0.0000]])
tensor([[-0.6682,  1.0000,  0.0000,  0.0000,  0.0000,  0.0000]])
tensor([[-0.9340,  1.0000,  0.0000,  0.0000,  0.0000,  0.0000]])
tensor([[-0.3026,  0.0000,  0.0000,  0.0000,  0.0000,  0.0000]])
tensor([[-0.4942,  1.0000,  0.0000,  0.0000,  0.0000,  0.0000]])
tensor([[-0.9682,  1.0000,  1.0000,  0.0000,  0.0000,  0.0000]])
tensor([[-0.2602,  1.0000,  0.0000,  0.0000,  0.0000,  0.0000]])
tensor([[-0.8036,  1.0000,  0.0000,  0.0000,  1.0000,  0.0000]])
tensor([[-0.7092,  1.0000,  0.0000,  0.0000,  0.0000,  0.0000]])
tensor([[-0.5046,  1.0000,  0.0000,  0.0000,  0.0000,  0.0000]])
tensor([[0.0126, 1.0000, 0.0000, 0.0000, 0.0000, 0.0000]])
tensor([[-0.9795,  1.0000,  0.0000,  1.0000,  0.0000,  0.0000]])
tensor([[0.1659, 1.0000, 0.0000, 0.0000, 0.0000, 0.0000]])
tensor([[-0.5956,  1.0000,  0.0000,  1.0000,  0.0000,  0.0000]])
tensor([[-0.8122,  1.0000,  0.0000,  0.0000,  0.0000,  0.0000]])
tensor([[-0.9311,  1.0000,  0.0000,  0.0000,  0.0000,  0.0000]])
tensor([[-0.7845,  1.0000,  0.0000,  0.0000,  0.0000,  0.0000]])
tensor([[-0.8880,  1.0000,  1.0000,  0.0000,  0.0000,  0.0000]])
tensor([[-0.6965,  1.0000,  0.0000,  0.0000,  0.0000,  0.0000]])
tensor([[-0.8724,  1.0000,  0.0000,  0.0000,  0.0000,  0.0000]])
tensor([[-0.6348,  1.0000,  0.0000,  0.0000,  0.0000,  0.0000]])
tensor([[-0.7998,  1.0000,  0.0000,  0.0000,  0.0000,  0.0000]])
tensor([[-0.9157,  1.0000,  1.0000,  0.0000,  0.0000,  0.0000]])
tensor([[-0.9567,  1.0000,  0.0000,  0.0000,  0.0000,  0.0000]])
tensor([[-0.6725,  1.0000,  0.0000,  0.0000,  0.0000,  0.0000]])
tensor([[-0.8527,  1.0000,  0.0000,  0.0000,  0.0000,  0.0000]])
tensor([[-0.7422,  1.0000,  0.0000,  0.0000,  0.0000,  0.0000]])
tensor([[-0.2307,  1.0000,  0.0000,  0.0000,  0.0000,  0.0000]])
tensor([[-0.9307,  1.0000,  0.0000,  0.0000,  0.0000,  0.0000]])
tensor([[-0.9138,  1.0000,  0.0000,  0.0000,  0.0000,  0.0000]])
tensor([[-0.9460,  1.0000,  0.0000,  0.0000,  0.0000,  0.0000]])
tensor([[-0.0529,  1.0000,  0.0000,  0.0000,  0.0000,  0.0000]])
tensor([[-0.9709,  1.0000,  0.0000,  0.0000,  0.0000,  0.0000]])
tensor([[-0.2181,  1.0000,  0.0000,  0.0000,  0.0000,  0.0000]])
tensor([[-0.2034,  1.0000,  1.0000,  0.0000,  0.0000,  0.0000]])
tensor([[-0.3954,  1.0000,  0.0000,  0.0000,  0.0000,  0.0000]])
tensor([[-0.0215,  1.0000,  0.0000,  0.0000,  0.0000,  0.0000]])
tensor([[-0.7919,  1.0000,  0.0000,  0.0000,  0.0000,  0.0000]])
tensor([[-0.4758,  1.0000,  0.0000,  0.0000,  0.0000,  0.0000]])
tensor([[-0.0286,  1.0000,  0.0000,  0.0000,  0.0000,  0.0000]])
tensor([[-0.2097,  1.0000,  0.0000,  0.0000,  0.0000,  0.0000]])
tensor([[-0.7176,  1.0000,  1.0000,  0.0000,  0.0000,  0.0000]])
tensor([[-0.8888,  1.0000,  0.0000,  0.0000,  0.0000,  0.0000]])
tensor([[0.6891, 1.0000, 0.0000, 0.0000, 0.0000, 0.0000]])
tensor([[-0.9326,  1.0000,  0.0000,  0.0000,  0.0000,  0.0000]])
tensor([[-0.6080,  1.0000,  0.0000,  0.0000,  0.0000,  0.0000]])
tensor([[-0.5592,  1.0000,  0.0000,  0.0000,  0.0000,  0.0000]])
tensor([[-0.9469,  1.0000,  0.0000,  0.0000,  0.0000,  0.0000]])
tensor([[-0.9257,  1.0000,  0.0000,  0.0000,  0.0000,  0.0000]])
tensor([[-0.4236,  1.0000,  1.0000,  0.0000,  0.0000,  0.0000]])
tensor([[-0.1406,  1.0000,  0.0000,  0.0000,  0.0000,  0.0000]])
tensor([[-0.6604,  1.0000,  0.0000,  0.0000,  0.0000,  0.0000]])
tensor([[-0.2439,  1.0000,  0.0000,  0.0000,  0.0000,  0.0000]])
tensor([[0.0357, 1.0000, 0.0000, 0.0000, 0.0000, 0.0000]])
tensor([[-0.7858,  1.0000,  0.0000,  0.0000,  0.0000,  0.0000]])
tensor([[-0.9140,  1.0000,  0.0000,  0.0000,  0.0000,  0.0000]])
tensor([[-0.9074,  1.0000,  0.0000,  0.0000,  0.0000,  0.0000]])
tensor([[-0.2923,  1.0000,  1.0000,  0.0000,  0.0000,  0.0000]])
tensor([[-0.7903,  1.0000,  0.0000,  0.0000,  0.0000,  0.0000]])
tensor([[-0.1803,  1.0000,  0.0000,  0.0000,  0.0000,  0.0000]])
tensor([[-0.8445,  1.0000,  0.0000,  0.0000,  0.0000,  0.0000]])
tensor([[0.2401, 1.0000, 1.0000, 0.0000, 0.0000, 0.0000]])
tensor([[-0.6207,  1.0000,  0.0000,  0.0000,  0.0000,  0.0000]])
tensor([[-0.6620,  1.0000,  0.0000,  0.0000,  0.0000,  0.0000]])
tensor([[-0.8579,  1.0000,  0.0000,  0.0000,  0.0000,  0.0000]])
tensor([[-0.9036,  1.0000,  0.0000,  0.0000,  0.0000,  0.0000]])
tensor([[-0.9951,  1.0000,  0.0000,  0.0000,  0.0000,  0.0000]])
tensor([[-0.7005,  1.0000,  0.0000,  0.0000,  0.0000,  0.0000]])
tensor([[-0.9075,  1.0000,  1.0000,  1.0000,  0.0000,  0.0000]])
tensor([[-0.6406,  0.0000,  0.0000,  0.0000,  0.0000,  0.0000]])
tensor([[-0.4869,  1.0000,  0.0000,  0.0000,  0.0000,  0.0000]])
tensor([[0.4281, 1.0000, 0.0000, 0.0000, 0.0000, 0.0000]])
tensor([[0.7896, 1.0000, 0.0000, 0.0000, 0.0000, 0.0000]])
tensor([[-0.9197,  1.0000,  0.0000,  0.0000,  0.0000,  0.0000]])
tensor([[0.7573, 1.0000, 1.0000, 0.0000, 0.0000, 0.0000]])
tensor([[-0.8451,  1.0000,  0.0000,  0.0000,  0.0000,  0.0000]])
tensor([[-0.6301,  1.0000,  0.0000,  0.0000,  0.0000,  0.0000]])
tensor([[-0.7845,  1.0000,  0.0000,  0.0000,  0.0000,  0.0000]])
tensor([[-0.8976,  1.0000,  0.0000,  0.0000,  0.0000,  0.0000]])
tensor([[-0.9845,  1.0000,  0.0000,  0.0000,  0.0000,  0.0000]])
tensor([[-0.4745,  1.0000,  0.0000,  0.0000,  0.0000,  0.0000]])
tensor([[-0.8784,  1.0000,  0.0000,  0.0000,  0.0000,  0.0000]])
tensor([[0.3235, 1.0000, 0.0000, 0.0000, 0.0000, 0.0000]])
tensor([[-0.0744,  1.0000,  0.0000,  0.0000,  0.0000,  0.0000]])
tensor([[0.9816, 1.0000, 0.0000, 0.0000, 0.0000, 0.0000]])
tensor([[-0.4399,  1.0000,  0.0000,  0.0000,  0.0000,  0.0000]])
tensor([[-0.6320,  1.0000,  0.0000,  0.0000,  0.0000,  0.0000]])
tensor([[0.6848, 1.0000, 0.0000, 0.0000, 0.0000, 0.0000]])
tensor([[-0.9749,  1.0000,  0.0000,  0.0000,  0.0000,  0.0000]])
tensor([[-0.7705,  1.0000,  0.0000,  0.0000,  0.0000,  0.0000]])
tensor([[-0.9412,  1.0000,  0.0000,  0.0000,  0.0000,  0.0000]])
tensor([[-0.4800,  1.0000,  0.0000,  0.0000,  0.0000,  0.0000]])
tensor([[0.0054, 1.0000, 0.0000, 0.0000, 0.0000, 0.0000]])
tensor([[-0.9487,  1.0000,  1.0000,  0.0000,  0.0000,  0.0000]])
tensor([[0.5064, 0.0000, 0.0000, 0.0000, 0.0000, 0.0000]])
tensor([[-0.8348,  1.0000,  0.0000,  0.0000,  0.0000,  0.0000]])
tensor([[-0.3671,  1.0000,  0.0000,  0.0000,  0.0000,  0.0000]])
tensor([[-0.4225,  1.0000,  0.0000,  0.0000,  0.0000,  0.0000]])
tensor([[-0.9683,  1.0000,  0.0000,  0.0000,  0.0000,  0.0000]])
tensor([[-0.6960,  1.0000,  0.0000,  0.0000,  0.0000,  0.0000]])
tensor([[-0.9551,  1.0000,  0.0000,  0.0000,  0.0000,  0.0000]])
tensor([[-0.9353,  1.0000,  0.0000,  0.0000,  0.0000,  0.0000]])
tensor([[-0.7683,  1.0000,  0.0000,  0.0000,  0.0000,  0.0000]])
tensor([[0.8410, 1.0000, 0.0000, 0.0000, 0.0000, 0.0000]])
tensor([[-0.4983,  1.0000,  0.0000,  0.0000,  0.0000,  0.0000]])
tensor([[0.2315, 1.0000, 0.0000, 0.0000, 0.0000, 0.0000]])
tensor([[-0.8228,  1.0000,  0.0000,  0.0000,  0.0000,  0.0000]])
tensor([[-0.3110,  1.0000,  0.0000,  0.0000,  0.0000,  0.0000]])
tensor([[-0.5313,  1.0000,  0.0000,  0.0000,  0.0000,  0.0000]])
tensor([[-0.8206,  1.0000,  0.0000,  0.0000,  0.0000,  0.0000]])
tensor([[-0.9760,  1.0000,  0.0000,  0.0000,  0.0000,  0.0000]])
tensor([[-0.5757,  1.0000,  0.0000,  0.0000,  0.0000,  0.0000]])
tensor([[-0.9101,  1.0000,  0.0000,  0.0000,  0.0000,  0.0000]])
tensor([[-0.0417,  1.0000,  0.0000,  0.0000,  0.0000,  0.0000]])
tensor([[-0.7270,  1.0000,  0.0000,  0.0000,  0.0000,  0.0000]])
tensor([[-0.3159,  0.0000,  0.0000,  0.0000,  0.0000,  0.0000]])
tensor([[-0.0680,  1.0000,  0.0000,  0.0000,  0.0000,  0.0000]])
tensor([[-0.2345,  1.0000,  0.0000,  0.0000,  1.0000,  0.0000]])
tensor([[-0.9764,  1.0000,  1.0000,  0.0000,  0.0000,  0.0000]])
tensor([[-0.4448,  1.0000,  0.0000,  0.0000,  0.0000,  0.0000]])
tensor([[-0.2626,  1.0000,  0.0000,  0.0000,  0.0000,  0.0000]])
tensor([[0.2326, 1.0000, 0.0000, 0.0000, 0.0000, 0.0000]])
tensor([[0.5419, 1.0000, 0.0000, 0.0000, 0.0000, 0.0000]])
tensor([[-0.6640,  1.0000,  0.0000,  0.0000,  0.0000,  0.0000]])
tensor([[0.4911, 1.0000, 0.0000, 0.0000, 0.0000, 0.0000]])
tensor([[-0.7657,  1.0000,  0.0000,  0.0000,  0.0000,  0.0000]])
tensor([[-0.9035,  1.0000,  0.0000,  0.0000,  0.0000,  0.0000]])
tensor([[-0.5994,  1.0000,  0.0000,  0.0000,  0.0000,  0.0000]])
tensor([[0.1463, 1.0000, 0.0000, 0.0000, 0.0000, 0.0000]])
tensor([[-0.8107,  0.0000,  1.0000,  0.0000,  0.0000,  0.0000]])
tensor([[-0.0238,  1.0000,  0.0000,  0.0000,  0.0000,  0.0000]])
tensor([[0.1913, 1.0000, 0.0000, 0.0000, 0.0000, 0.0000]])
tensor([[0.2174, 1.0000, 1.0000, 0.0000, 0.0000, 0.0000]])
tensor([[-0.4599,  1.0000,  0.0000,  0.0000,  0.0000,  0.0000]])
tensor([[-0.3319,  1.0000,  0.0000,  0.0000,  0.0000,  0.0000]])
tensor([[-0.7273,  1.0000,  0.0000,  0.0000,  0.0000,  0.0000]])
tensor([[-0.4125,  1.0000,  0.0000,  0.0000,  0.0000,  0.0000]])
tensor([[0.6033, 1.0000, 0.0000, 0.0000, 0.0000, 0.0000]])
tensor([[0.7014, 1.0000, 0.0000, 0.0000, 0.0000, 0.0000]])
tensor([[-0.8022,  1.0000,  0.0000,  0.0000,  0.0000,  0.0000]])
tensor([[-0.7399,  1.0000,  0.0000,  0.0000,  0.0000,  0.0000]])
tensor([[0.9329, 1.0000, 0.0000, 1.0000, 0.0000, 0.0000]])
tensor([[-0.7357,  1.0000,  0.0000,  0.0000,  0.0000,  0.0000]])
tensor([[-0.2316,  1.0000,  0.0000,  0.0000,  0.0000,  0.0000]])
tensor([[0.4942, 1.0000, 1.0000, 0.0000, 0.0000, 0.0000]])
tensor([[0.7524, 1.0000, 0.0000, 0.0000, 0.0000, 0.0000]])
tensor([[0.0682, 1.0000, 0.0000, 0.0000, 0.0000, 0.0000]])
tensor([[-0.0161,  1.0000,  0.0000,  0.0000,  0.0000,  0.0000]])
tensor([[0.7128, 1.0000, 0.0000, 0.0000, 0.0000, 0.0000]])
tensor([[-0.7740,  1.0000,  0.0000,  0.0000,  0.0000,  0.0000]])
tensor([[0.5430, 1.0000, 0.0000, 0.0000, 0.0000, 0.0000]])
tensor([[0.2741, 1.0000, 1.0000, 0.0000, 0.0000, 0.0000]])
tensor([[0.9429, 1.0000, 0.0000, 0.0000, 0.0000, 0.0000]])
tensor([[0.0084, 1.0000, 0.0000, 0.0000, 0.0000, 0.0000]])
tensor([[0.1584, 1.0000, 0.0000, 0.0000, 0.0000, 0.0000]])
tensor([[0.9261, 1.0000, 0.0000, 0.0000, 0.0000, 0.0000]])
tensor([[-0.0734,  1.0000,  0.0000,  0.0000,  0.0000,  0.0000]])
tensor([[0.2960, 1.0000, 0.0000, 0.0000, 0.0000, 0.0000]])
tensor([[0.8700, 1.0000, 0.0000, 0.0000, 0.0000, 0.0000]])
tensor([[-0.5805,  1.0000,  0.0000,  0.0000,  0.0000,  0.0000]])
tensor([[-0.4895,  1.0000,  0.0000,  0.0000,  0.0000,  0.0000]])
tensor([[-0.7001,  1.0000,  0.0000,  0.0000,  0.0000,  0.0000]])
tensor([[-0.7999,  0.0000,  0.0000,  0.0000,  0.0000,  0.0000]])
tensor([[0.3947, 1.0000, 0.0000, 0.0000, 0.0000, 0.0000]])
tensor([[0.0331, 1.0000, 0.0000, 0.0000, 0.0000, 0.0000]])
tensor([[0.2571, 1.0000, 0.0000, 0.0000, 0.0000, 0.0000]])
tensor([[0.5086, 1.0000, 0.0000, 0.0000, 0.0000, 0.0000]])
tensor([[-0.6339,  1.0000,  0.0000,  0.0000,  0.0000,  0.0000]])
tensor([[-0.7008,  1.0000,  0.0000,  0.0000,  0.0000,  0.0000]])
tensor([[0.8928, 1.0000, 0.0000, 0.0000, 0.0000, 0.0000]])
tensor([[0.3687, 1.0000, 0.0000, 0.0000, 0.0000, 0.0000]])
tensor([[-0.9363,  1.0000,  1.0000,  0.0000,  0.0000,  0.0000]])
tensor([[-0.4639,  1.0000,  0.0000,  0.0000,  0.0000,  0.0000]])
tensor([[-0.7609,  1.0000,  0.0000,  0.0000,  0.0000,  0.0000]])
tensor([[-0.3415,  1.0000,  0.0000,  0.0000,  0.0000,  0.0000]])
tensor([[0.8468, 1.0000, 0.0000, 0.0000, 0.0000, 0.0000]])
tensor([[-0.6881,  1.0000,  0.0000,  0.0000,  0.0000,  0.0000]])
tensor([[-0.0020,  1.0000,  0.0000,  0.0000,  0.0000,  0.0000]])
tensor([[0.2121, 1.0000, 0.0000, 0.0000, 0.0000, 0.0000]])
tensor([[-0.9810,  1.0000,  0.0000,  0.0000,  0.0000,  0.0000]])
tensor([[-0.6375,  1.0000,  0.0000,  0.0000,  0.0000,  0.0000]])
tensor([[-0.9448,  1.0000,  0.0000,  0.0000,  0.0000,  0.0000]])
tensor([[-0.6839,  1.0000,  0.0000,  0.0000,  0.0000,  0.0000]])
tensor([[-0.7338,  1.0000,  1.0000,  0.0000,  0.0000,  0.0000]])
tensor([[-0.5991,  1.0000,  1.0000,  0.0000,  0.0000,  0.0000]])
tensor([[-0.7202,  1.0000,  0.0000,  0.0000,  0.0000,  0.0000]])
tensor([[-0.9828,  1.0000,  1.0000,  0.0000,  0.0000,  0.0000]])
tensor([[-0.9341,  1.0000,  1.0000,  0.0000,  0.0000,  0.0000]])
tensor([[-0.9814,  1.0000,  0.0000,  0.0000,  0.0000,  0.0000]])
tensor([[0.0880, 1.0000, 0.0000, 0.0000, 0.0000, 0.0000]])
tensor([[0.3790, 1.0000, 0.0000, 0.0000, 0.0000, 0.0000]])
tensor([[0.6847, 1.0000, 0.0000, 0.0000, 0.0000, 0.0000]])
tensor([[-0.9347,  1.0000,  0.0000,  0.0000,  0.0000,  0.0000]])
tensor([[-0.5764,  1.0000,  0.0000,  0.0000,  0.0000,  0.0000]])
tensor([[0.2246, 1.0000, 0.0000, 0.0000, 0.0000, 0.0000]])
tensor([[0.6302, 1.0000, 0.0000, 0.0000, 0.0000, 0.0000]])
tensor([[-0.5834,  1.0000,  1.0000,  0.0000,  0.0000,  0.0000]])
tensor([[-0.9451,  1.0000,  0.0000,  0.0000,  0.0000,  0.0000]])
tensor([[-0.4768,  1.0000,  0.0000,  0.0000,  0.0000,  0.0000]])
tensor([[-0.5764,  1.0000,  1.0000,  0.0000,  0.0000,  0.0000]])
tensor([[-0.2484,  1.0000,  0.0000,  0.0000,  0.0000,  0.0000]])
tensor([[-0.6040,  1.0000,  0.0000,  0.0000,  0.0000,  0.0000]])
tensor([[-0.3885,  1.0000,  0.0000,  0.0000,  0.0000,  0.0000]])
tensor([[0.4353, 1.0000, 0.0000, 0.0000, 0.0000, 0.0000]])
tensor([[0.1438, 1.0000, 0.0000, 0.0000, 0.0000, 0.0000]])
tensor([[0.4933, 1.0000, 0.0000, 0.0000, 0.0000, 0.0000]])
tensor([[-0.5586,  1.0000,  0.0000,  0.0000,  0.0000,  0.0000]])
tensor([[-0.7718,  1.0000,  1.0000,  0.0000,  0.0000,  0.0000]])
tensor([[-0.2714,  1.0000,  0.0000,  0.0000,  0.0000,  0.0000]])
tensor([[-0.8674,  0.0000,  0.0000,  0.0000,  1.0000,  0.0000]])
tensor([[-0.6744,  1.0000,  0.0000,  0.0000,  0.0000,  0.0000]])
tensor([[-0.0592,  1.0000,  0.0000,  0.0000,  0.0000,  0.0000]])
tensor([[-0.3156,  1.0000,  0.0000,  0.0000,  0.0000,  0.0000]])
tensor([[-0.1120,  1.0000,  0.0000,  0.0000,  0.0000,  0.0000]])
tensor([[-0.1295,  1.0000,  0.0000,  0.0000,  0.0000,  0.0000]])
tensor([[0.5796, 1.0000, 0.0000, 0.0000, 0.0000, 0.0000]])
tensor([[0.4385, 1.0000, 0.0000, 0.0000, 0.0000, 0.0000]])
tensor([[0.7856, 1.0000, 0.0000, 0.0000, 0.0000, 0.0000]])
tensor([[-0.6347,  1.0000,  0.0000,  0.0000,  0.0000,  0.0000]])
tensor([[0.5915, 1.0000, 0.0000, 0.0000, 0.0000, 0.0000]])
tensor([[0.7751, 1.0000, 0.0000, 1.0000, 0.0000, 0.0000]])
tensor([[-0.4045,  1.0000,  0.0000,  0.0000,  0.0000,  0.0000]])
tensor([[-0.8934,  1.0000,  1.0000,  0.0000,  0.0000,  0.0000]])
tensor([[0.0755, 1.0000, 0.0000, 0.0000, 0.0000, 0.0000]])
tensor([[-0.9853,  1.0000,  1.0000,  0.0000,  0.0000,  0.0000]])
tensor([[-0.4555,  1.0000,  0.0000,  0.0000,  0.0000,  0.0000]])
tensor([[-0.0696,  1.0000,  1.0000,  0.0000,  0.0000,  0.0000]])
tensor([[-0.1368,  1.0000,  1.0000,  0.0000,  0.0000,  0.0000]])
tensor([[-0.3615,  1.0000,  0.0000,  0.0000,  0.0000,  0.0000]])
tensor([[0.6755, 1.0000, 0.0000, 0.0000, 0.0000, 0.0000]])
tensor([[0.1501, 1.0000, 0.0000, 0.0000, 0.0000, 0.0000]])
tensor([[-0.1622,  1.0000,  0.0000,  0.0000,  0.0000,  0.0000]])
tensor([[-0.3259,  1.0000,  0.0000,  0.0000,  0.0000,  0.0000]])
tensor([[-0.6417,  1.0000,  0.0000,  0.0000,  0.0000,  0.0000]])
tensor([[-0.3745,  1.0000,  0.0000,  0.0000,  0.0000,  0.0000]])
tensor([[-0.4373,  1.0000,  1.0000,  0.0000,  0.0000,  0.0000]])
tensor([[0.7189, 1.0000, 0.0000, 0.0000, 0.0000, 0.0000]])
tensor([[-0.7191,  1.0000,  0.0000,  0.0000,  0.0000,  0.0000]])
tensor([[0.7916, 1.0000, 0.0000, 0.0000, 0.0000, 0.0000]])
tensor([[-0.7910,  1.0000,  0.0000,  0.0000,  0.0000,  0.0000]])
tensor([[-0.6702,  1.0000,  0.0000,  0.0000,  0.0000,  0.0000]])
tensor([[0.8460, 1.0000, 0.0000, 0.0000, 0.0000, 0.0000]])
tensor([[-0.2691,  1.0000,  0.0000,  0.0000,  0.0000,  0.0000]])
tensor([[-0.3602,  1.0000,  0.0000,  0.0000,  0.0000,  0.0000]])
tensor([[0.0811, 1.0000, 0.0000, 0.0000, 0.0000, 0.0000]])
tensor([[0.8855, 1.0000, 0.0000, 0.0000, 0.0000, 0.0000]])
tensor([[0.4110, 1.0000, 0.0000, 0.0000, 0.0000, 0.0000]])
tensor([[-0.6373,  1.0000,  0.0000,  0.0000,  0.0000,  0.0000]])
tensor([[0.2804, 1.0000, 0.0000, 0.0000, 0.0000, 0.0000]])
tensor([[-0.6879,  1.0000,  0.0000,  0.0000,  0.0000,  0.0000]])
tensor([[0.4536, 1.0000, 0.0000, 0.0000, 0.0000, 0.0000]])
tensor([[-0.8300,  1.0000,  0.0000,  0.0000,  0.0000,  0.0000]])
tensor([[-0.2691,  1.0000,  0.0000,  0.0000,  0.0000,  0.0000]])
tensor([[-0.7742,  1.0000,  0.0000,  0.0000,  0.0000,  0.0000]])
tensor([[-0.4042,  1.0000,  0.0000,  0.0000,  0.0000,  0.0000]])
tensor([[-0.5151,  1.0000,  1.0000,  1.0000,  0.0000,  0.0000]])
tensor([[0.3250, 1.0000, 0.0000, 0.0000, 0.0000, 0.0000]])
tensor([[0.5655, 0.0000, 0.0000, 0.0000, 0.0000, 0.0000]])
tensor([[-0.9647,  1.0000,  0.0000,  0.0000,  0.0000,  0.0000]])
tensor([[-0.0244,  0.0000,  0.0000,  0.0000,  0.0000,  0.0000]])
tensor([[-0.3052,  1.0000,  0.0000,  0.0000,  0.0000,  0.0000]])
tensor([[0.5821, 1.0000, 0.0000, 0.0000, 0.0000, 0.0000]])
tensor([[-0.8490,  1.0000,  0.0000,  0.0000,  0.0000,  0.0000]])
tensor([[0.2176, 1.0000, 0.0000, 0.0000, 0.0000, 0.0000]])
tensor([[0.2715, 1.0000, 0.0000, 0.0000, 0.0000, 0.0000]])
tensor([[-0.0237,  1.0000,  0.0000,  0.0000,  0.0000,  0.0000]])
tensor([[-0.7013,  1.0000,  0.0000,  0.0000,  0.0000,  0.0000]])
tensor([[-0.4805,  1.0000,  0.0000,  0.0000,  0.0000,  0.0000]])
tensor([[0.2651, 1.0000, 0.0000, 0.0000, 0.0000, 0.0000]])
tensor([[0.7393, 1.0000, 0.0000, 0.0000, 0.0000, 0.0000]])
tensor([[0.5028, 1.0000, 0.0000, 0.0000, 0.0000, 0.0000]])
tensor([[-0.5047,  1.0000,  0.0000,  0.0000,  0.0000,  0.0000]])
tensor([[-0.8685,  1.0000,  0.0000,  0.0000,  0.0000,  0.0000]])
tensor([[-0.1828,  1.0000,  1.0000,  0.0000,  0.0000,  0.0000]])
tensor([[0.5029, 1.0000, 0.0000, 0.0000, 0.0000, 0.0000]])
tensor([[-0.1646,  1.0000,  0.0000,  0.0000,  0.0000,  0.0000]])
tensor([[0.7263, 1.0000, 0.0000, 0.0000, 0.0000, 0.0000]])
tensor([[-0.5378,  1.0000,  0.0000,  0.0000,  0.0000,  0.0000]])
tensor([[0.6374, 1.0000, 0.0000, 0.0000, 0.0000, 0.0000]])
tensor([[0.7800, 1.0000, 0.0000, 0.0000, 0.0000, 0.0000]])
tensor([[-0.8003,  1.0000,  0.0000,  0.0000,  0.0000,  0.0000]])
tensor([[0.6120, 1.0000, 0.0000, 0.0000, 0.0000, 0.0000]])
tensor([[-0.0259,  1.0000,  0.0000,  0.0000,  0.0000,  0.0000]])
tensor([[0.5816, 1.0000, 0.0000, 0.0000, 0.0000, 0.0000]])
tensor([[-0.5377,  1.0000,  0.0000,  0.0000,  0.0000,  0.0000]])
tensor([[0.7931, 1.0000, 0.0000, 0.0000, 0.0000, 0.0000]])
tensor([[-0.4612,  1.0000,  0.0000,  0.0000,  0.0000,  0.0000]])
tensor([[-0.7232,  1.0000,  0.0000,  0.0000,  0.0000,  0.0000]])
tensor([[0.7593, 1.0000, 0.0000, 0.0000, 0.0000, 0.0000]])
tensor([[-0.3285,  1.0000,  0.0000,  0.0000,  0.0000,  0.0000]])
tensor([[-0.1920,  1.0000,  0.0000,  0.0000,  0.0000,  0.0000]])
tensor([[0.6181, 1.0000, 0.0000, 0.0000, 0.0000, 0.0000]])
tensor([[0.8059, 1.0000, 0.0000, 0.0000, 0.0000, 0.0000]])
tensor([[0.5803, 0.0000, 0.0000, 0.0000, 0.0000, 0.0000]])
tensor([[0.3792, 1.0000, 0.0000, 0.0000, 0.0000, 0.0000]])
tensor([[-0.8324,  1.0000,  0.0000,  0.0000,  0.0000,  0.0000]])
tensor([[-0.6813,  1.0000,  0.0000,  0.0000,  0.0000,  0.0000]])
tensor([[-0.0059,  1.0000,  0.0000,  0.0000,  0.0000,  0.0000]])
tensor([[-0.9445,  1.0000,  0.0000,  0.0000,  0.0000,  0.0000]])
tensor([[-0.9029,  1.0000,  0.0000,  0.0000,  0.0000,  0.0000]])
tensor([[0.0426, 1.0000, 0.0000, 0.0000, 0.0000, 0.0000]])
tensor([[0.8324, 1.0000, 0.0000, 0.0000, 0.0000, 0.0000]])
tensor([[0.3378, 1.0000, 0.0000, 0.0000, 0.0000, 0.0000]])
tensor([[0.3707, 1.0000, 0.0000, 0.0000, 0.0000, 0.0000]])
tensor([[0.8877, 1.0000, 0.0000, 0.0000, 0.0000, 0.0000]])
tensor([[-0.4844,  1.0000,  0.0000,  0.0000,  0.0000,  0.0000]])
tensor([[0.3375, 1.0000, 0.0000, 0.0000, 0.0000, 0.0000]])
tensor([[0.1642, 1.0000, 0.0000, 0.0000, 0.0000, 0.0000]])
tensor([[-0.0435,  1.0000,  0.0000,  0.0000,  0.0000,  0.0000]])
tensor([[0.2450, 1.0000, 0.0000, 0.0000, 0.0000, 0.0000]])
tensor([[0.0362, 1.0000, 0.0000, 0.0000, 0.0000, 0.0000]])
tensor([[0.4631, 1.0000, 0.0000, 0.0000, 0.0000, 0.0000]])
tensor([[0.5102, 1.0000, 0.0000, 0.0000, 0.0000, 0.0000]])
tensor([[0.8156, 0.0000, 0.0000, 0.0000, 0.0000, 0.0000]])
tensor([[-0.8688,  1.0000,  0.0000,  0.0000,  0.0000,  0.0000]])
tensor([[-0.3816,  1.0000,  0.0000,  1.0000,  0.0000,  0.0000]])
tensor([[0.1665, 1.0000, 1.0000, 0.0000, 0.0000, 0.0000]])
tensor([[-0.2027,  1.0000,  0.0000,  0.0000,  0.0000,  0.0000]])
tensor([[-0.3685,  1.0000,  0.0000,  0.0000,  0.0000,  0.0000]])
tensor([[0.2863, 1.0000, 0.0000, 0.0000, 0.0000, 0.0000]])
tensor([[-0.4109,  1.0000,  0.0000,  0.0000,  0.0000,  0.0000]])
tensor([[0.8947, 1.0000, 0.0000, 0.0000, 0.0000, 0.0000]])
tensor([[-0.5031,  0.0000,  0.0000,  0.0000,  0.0000,  0.0000]])
tensor([[0.7937, 1.0000, 0.0000, 0.0000, 0.0000, 0.0000]])
tensor([[-0.5856,  1.0000,  0.0000,  0.0000,  0.0000,  0.0000]])
tensor([[-0.4109,  1.0000,  0.0000,  0.0000,  0.0000,  0.0000]])
tensor([[0.5613, 1.0000, 0.0000, 0.0000, 0.0000, 0.0000]])
tensor([[0.3553, 0.0000, 0.0000, 0.0000, 0.0000, 0.0000]])
tensor([[-0.9115,  1.0000,  0.0000,  0.0000,  0.0000,  0.0000]])
tensor([[0.6783, 1.0000, 0.0000, 0.0000, 0.0000, 0.0000]])
tensor([[0.7729, 1.0000, 0.0000, 0.0000, 0.0000, 0.0000]])
tensor([[0.7755, 1.0000, 0.0000, 0.0000, 0.0000, 0.0000]])
tensor([[0.5579, 1.0000, 0.0000, 0.0000, 0.0000, 0.0000]])
tensor([[0.8873, 1.0000, 0.0000, 0.0000, 0.0000, 0.0000]])
tensor([[-0.3129,  1.0000,  0.0000,  0.0000,  0.0000,  0.0000]])
tensor([[0.2289, 1.0000, 1.0000, 1.0000, 0.0000, 0.0000]])
tensor([[-0.3810,  1.0000,  0.0000,  0.0000,  0.0000,  0.0000]])
tensor([[-0.5445,  1.0000,  0.0000,  0.0000,  0.0000,  0.0000]])
tensor([[0.6082, 1.0000, 0.0000, 0.0000, 0.0000, 0.0000]])
tensor([[-0.4268,  1.0000,  0.0000,  0.0000,  0.0000,  0.0000]])
tensor([[0.8753, 1.0000, 1.0000, 0.0000, 0.0000, 0.0000]])
tensor([[-0.9520,  1.0000,  0.0000,  0.0000,  0.0000,  0.0000]])
tensor([[-0.1357,  1.0000,  0.0000,  0.0000,  0.0000,  0.0000]])
tensor([[-0.5463,  1.0000,  0.0000,  0.0000,  0.0000,  0.0000]])
tensor([[-0.2687,  1.0000,  0.0000,  0.0000,  0.0000,  0.0000]])
tensor([[0.3204, 1.0000, 0.0000, 0.0000, 0.0000, 0.0000]])
tensor([[-0.3127,  1.0000,  0.0000,  0.0000,  0.0000,  0.0000]])
tensor([[0.3396, 1.0000, 0.0000, 0.0000, 0.0000, 0.0000]])
tensor([[0.0538, 1.0000, 0.0000, 0.0000, 0.0000, 0.0000]])
tensor([[0.8835, 1.0000, 0.0000, 0.0000, 0.0000, 0.0000]])
tensor([[-0.5222,  1.0000,  0.0000,  0.0000,  0.0000,  0.0000]])
tensor([[-0.4549,  1.0000,  0.0000,  0.0000,  0.0000,  0.0000]])
tensor([[-0.1693,  1.0000,  0.0000,  0.0000,  0.0000,  0.0000]])
tensor([[0.7137, 1.0000, 0.0000, 0.0000, 0.0000, 0.0000]])
tensor([[0.9522, 1.0000, 1.0000, 0.0000, 0.0000, 0.0000]])
tensor([[0.6426, 1.0000, 0.0000, 0.0000, 0.0000, 0.0000]])
tensor([[0.2001, 1.0000, 0.0000, 0.0000, 0.0000, 0.0000]])
tensor([[0.5619, 1.0000, 1.0000, 0.0000, 0.0000, 0.0000]])
tensor([[-0.2676,  1.0000,  0.0000,  0.0000,  0.0000,  0.0000]])
tensor([[0.7062, 1.0000, 0.0000, 0.0000, 0.0000, 0.0000]])
tensor([[0.2949, 1.0000, 0.0000, 0.0000, 0.0000, 0.0000]])
tensor([[-0.9217,  1.0000,  0.0000,  0.0000,  0.0000,  0.0000]])
tensor([[0.5315, 1.0000, 0.0000, 0.0000, 0.0000, 0.0000]])
tensor([[0.5923, 1.0000, 0.0000, 0.0000, 0.0000, 0.0000]])
tensor([[-0.5896,  1.0000,  0.0000,  0.0000,  0.0000,  0.0000]])
tensor([[-0.8418,  1.0000,  0.0000,  0.0000,  0.0000,  0.0000]])
tensor([[0.5141, 1.0000, 0.0000, 0.0000, 0.0000, 0.0000]])
tensor([[0.6620, 1.0000, 0.0000, 0.0000, 0.0000, 0.0000]])
tensor([[-0.7653,  1.0000,  0.0000,  0.0000,  0.0000,  0.0000]])
tensor([[-0.8219,  1.0000,  0.0000,  0.0000,  0.0000,  0.0000]])
tensor([[0.3314, 1.0000, 0.0000, 0.0000, 0.0000, 0.0000]])
tensor([[-0.8568,  1.0000,  0.0000,  0.0000,  0.0000,  0.0000]])
tensor([[-0.0349,  1.0000,  0.0000,  0.0000,  0.0000,  0.0000]])
tensor([[0.7017, 1.0000, 0.0000, 0.0000, 0.0000, 0.0000]])
tensor([[0.4705, 1.0000, 0.0000, 0.0000, 0.0000, 0.0000]])
tensor([[0.8519, 1.0000, 0.0000, 0.0000, 0.0000, 0.0000]])
tensor([[-0.5834,  1.0000,  0.0000,  0.0000,  0.0000,  0.0000]])
tensor([[0.4997, 1.0000, 0.0000, 0.0000, 0.0000, 0.0000]])
tensor([[-0.3626,  1.0000,  0.0000,  0.0000,  0.0000,  0.0000]])
tensor([[0.7694, 1.0000, 0.0000, 0.0000, 0.0000, 0.0000]])
tensor([[-0.8594,  1.0000,  0.0000,  0.0000,  0.0000,  0.0000]])
tensor([[-0.7378,  1.0000,  0.0000,  0.0000,  0.0000,  0.0000]])
tensor([[-0.9136,  1.0000,  0.0000,  0.0000,  0.0000,  0.0000]])
tensor([[-0.9568,  1.0000,  0.0000,  0.0000,  0.0000,  0.0000]])
tensor([[-0.7578,  1.0000,  0.0000,  0.0000,  0.0000,  0.0000]])
tensor([[-0.4758,  1.0000,  0.0000,  0.0000,  0.0000,  0.0000]])
tensor([[0.2310, 1.0000, 0.0000, 0.0000, 0.0000, 0.0000]])
tensor([[0.4611, 1.0000, 0.0000, 0.0000, 0.0000, 0.0000]])
tensor([[-0.7416,  1.0000,  0.0000,  0.0000,  0.0000,  0.0000]])
tensor([[-0.8207,  1.0000,  0.0000,  0.0000,  0.0000,  0.0000]])
tensor([[-0.9139,  1.0000,  0.0000,  0.0000,  0.0000,  0.0000]])
tensor([[-0.6697,  1.0000,  0.0000,  0.0000,  0.0000,  0.0000]])
tensor([[-0.6787,  1.0000,  0.0000,  0.0000,  0.0000,  0.0000]])
tensor([[-0.5378,  1.0000,  0.0000,  0.0000,  0.0000,  0.0000]])
tensor([[-0.9925,  1.0000,  0.0000,  0.0000,  0.0000,  0.0000]])
tensor([[-0.9521,  1.0000,  0.0000,  0.0000,  0.0000,  0.0000]])
tensor([[-0.9330,  1.0000,  0.0000,  0.0000,  0.0000,  0.0000]])
tensor([[-0.9494,  1.0000,  0.0000,  0.0000,  0.0000,  0.0000]])
tensor([[-0.9101,  1.0000,  0.0000,  0.0000,  0.0000,  0.0000]])
tensor([[-0.9770,  1.0000,  0.0000,  0.0000,  0.0000,  0.0000]])
tensor([[-0.9824,  1.0000,  0.0000,  0.0000,  0.0000,  0.0000]])
tensor([[-0.7712,  1.0000,  0.0000,  0.0000,  0.0000,  0.0000]])
tensor([[0.3681, 1.0000, 0.0000, 0.0000, 0.0000, 0.0000]])
tensor([[-0.8953,  1.0000,  0.0000,  0.0000,  0.0000,  0.0000]])
tensor([[-0.9275,  1.0000,  0.0000,  0.0000,  0.0000,  0.0000]])
tensor([[-0.9030,  1.0000,  0.0000,  0.0000,  0.0000,  0.0000]])
tensor([[0.1374, 1.0000, 0.0000, 0.0000, 0.0000, 0.0000]])
tensor([[-0.9757,  1.0000,  0.0000,  0.0000,  0.0000,  0.0000]])
tensor([[-0.8827,  1.0000,  0.0000,  0.0000,  0.0000,  0.0000]])
tensor([[-0.8317,  1.0000,  0.0000,  0.0000,  0.0000,  0.0000]])
tensor([[-0.5942,  1.0000,  0.0000,  0.0000,  0.0000,  0.0000]])
tensor([[-0.7782,  1.0000,  0.0000,  0.0000,  0.0000,  0.0000]])
tensor([[-0.9642,  1.0000,  1.0000,  0.0000,  0.0000,  0.0000]])
tensor([[0.0085, 1.0000, 0.0000, 0.0000, 0.0000, 0.0000]])
tensor([[-0.8219,  1.0000,  0.0000,  0.0000,  0.0000,  0.0000]])
tensor([[-0.8130,  1.0000,  0.0000,  0.0000,  0.0000,  0.0000]])
tensor([[-0.5792,  1.0000,  0.0000,  0.0000,  0.0000,  0.0000]])
tensor([[-0.4413,  1.0000,  0.0000,  0.0000,  0.0000,  0.0000]])
tensor([[-0.3465,  1.0000,  0.0000,  0.0000,  0.0000,  0.0000]])
tensor([[-0.8358,  1.0000,  0.0000,  0.0000,  0.0000,  0.0000]])
tensor([[-0.8362,  1.0000,  0.0000,  0.0000,  0.0000,  0.0000]])
tensor([[-0.8959,  1.0000,  0.0000,  0.0000,  0.0000,  0.0000]])
tensor([[0.3339, 1.0000, 1.0000, 0.0000, 0.0000, 0.0000]])
tensor([[-0.9737,  1.0000,  0.0000,  0.0000,  0.0000,  0.0000]])
tensor([[-0.2738,  1.0000,  0.0000,  0.0000,  0.0000,  0.0000]])
tensor([[0.9592, 1.0000, 0.0000, 0.0000, 0.0000, 0.0000]])
tensor([[0.2715, 1.0000, 0.0000, 0.0000, 0.0000, 0.0000]])
tensor([[0.6180, 1.0000, 0.0000, 0.0000, 0.0000, 0.0000]])
tensor([[0.3614, 1.0000, 0.0000, 0.0000, 0.0000, 0.0000]])
tensor([[-0.5168,  1.0000,  0.0000,  0.0000,  0.0000,  0.0000]])
tensor([[0.2012, 1.0000, 0.0000, 0.0000, 0.0000, 0.0000]])
tensor([[0.6028, 1.0000, 0.0000, 0.0000, 0.0000, 0.0000]])
tensor([[-0.9469,  1.0000,  0.0000,  1.0000,  0.0000,  0.0000]])
tensor([[0.6815, 1.0000, 0.0000, 0.0000, 0.0000, 0.0000]])
tensor([[0.1269, 1.0000, 0.0000, 0.0000, 0.0000, 0.0000]])
tensor([[-0.3995,  1.0000,  0.0000,  0.0000,  0.0000,  0.0000]])
tensor([[-0.5300,  1.0000,  0.0000,  0.0000,  0.0000,  0.0000]])
tensor([[-0.8553,  1.0000,  0.0000,  0.0000,  0.0000,  0.0000]])
tensor([[-0.0432,  1.0000,  0.0000,  0.0000,  0.0000,  0.0000]])
tensor([[-0.3300,  1.0000,  1.0000,  0.0000,  0.0000,  0.0000]])
tensor([[0.7622, 1.0000, 0.0000, 0.0000, 0.0000, 0.0000]])
tensor([[0.2830, 1.0000, 0.0000, 0.0000, 0.0000, 0.0000]])
tensor([[-0.3674,  1.0000,  0.0000,  0.0000,  0.0000,  0.0000]])
tensor([[-0.7345,  1.0000,  0.0000,  0.0000,  0.0000,  0.0000]])
tensor([[-0.4907,  1.0000,  0.0000,  0.0000,  0.0000,  0.0000]])
tensor([[0.9759, 1.0000, 0.0000, 0.0000, 0.0000, 0.0000]])
tensor([[0.6030, 1.0000, 0.0000, 0.0000, 0.0000, 0.0000]])
tensor([[0.2487, 1.0000, 0.0000, 0.0000, 0.0000, 0.0000]])
tensor([[-0.6755,  1.0000,  0.0000,  0.0000,  0.0000,  0.0000]])
tensor([[-0.9386,  1.0000,  0.0000,  0.0000,  0.0000,  0.0000]])
tensor([[0.4078, 1.0000, 0.0000, 0.0000, 0.0000, 0.0000]])
tensor([[0.3743, 1.0000, 0.0000, 0.0000, 0.0000, 0.0000]])
tensor([[-0.9622,  1.0000,  0.0000,  0.0000,  0.0000,  0.0000]])
tensor([[-0.2867,  1.0000,  0.0000,  0.0000,  0.0000,  0.0000]])
tensor([[-0.7550,  1.0000,  0.0000,  0.0000,  0.0000,  0.0000]])
tensor([[0.4201, 1.0000, 0.0000, 0.0000, 0.0000, 0.0000]])
tensor([[0.4433, 1.0000, 0.0000, 0.0000, 0.0000, 0.0000]])
tensor([[0.5826, 1.0000, 1.0000, 0.0000, 0.0000, 0.0000]])
tensor([[-0.4710,  1.0000,  0.0000,  0.0000,  0.0000,  0.0000]])
tensor([[-0.8115,  1.0000,  0.0000,  0.0000,  0.0000,  0.0000]])
tensor([[-0.9830,  1.0000,  0.0000,  0.0000,  0.0000,  0.0000]])
tensor([[-0.5769,  1.0000,  0.0000,  0.0000,  0.0000,  0.0000]])
tensor([[-0.1931,  1.0000,  0.0000,  0.0000,  0.0000,  0.0000]])
tensor([[0.2139, 1.0000, 0.0000, 0.0000, 0.0000, 0.0000]])
tensor([[-0.2085,  1.0000,  0.0000,  0.0000,  0.0000,  0.0000]])
tensor([[-0.9531,  1.0000,  0.0000,  0.0000,  0.0000,  0.0000]])
tensor([[-0.4918,  1.0000,  0.0000,  0.0000,  0.0000,  0.0000]])
tensor([[0.8939, 1.0000, 0.0000, 0.0000, 0.0000, 0.0000]])
tensor([[-0.8130,  1.0000,  0.0000,  0.0000,  0.0000,  0.0000]])
tensor([[0.6361, 1.0000, 0.0000, 0.0000, 0.0000, 0.0000]])
tensor([[0.0993, 1.0000, 0.0000, 0.0000, 0.0000, 0.0000]])
tensor([[-0.0085,  1.0000,  0.0000,  0.0000,  0.0000,  0.0000]])
tensor([[0.6737, 1.0000, 0.0000, 0.0000, 0.0000, 0.0000]])
tensor([[-0.6551,  1.0000,  0.0000,  0.0000,  0.0000,  0.0000]])
tensor([[-0.7103,  1.0000,  0.0000,  0.0000,  0.0000,  0.0000]])
tensor([[-0.9527,  1.0000,  0.0000,  0.0000,  0.0000,  0.0000]])
tensor([[-0.9500,  1.0000,  0.0000,  0.0000,  0.0000,  0.0000]])
tensor([[-0.2047,  1.0000,  0.0000,  0.0000,  0.0000,  0.0000]])
tensor([[0.0945, 0.0000, 0.0000, 0.0000, 0.0000, 0.0000]])
tensor([[0.3101, 1.0000, 0.0000, 0.0000, 0.0000, 0.0000]])
tensor([[0.5673, 1.0000, 0.0000, 0.0000, 0.0000, 0.0000]])
tensor([[-0.4601,  1.0000,  0.0000,  0.0000,  0.0000,  0.0000]])
tensor([[-0.9036,  1.0000,  0.0000,  0.0000,  0.0000,  0.0000]])
tensor([[0.0734, 1.0000, 0.0000, 0.0000, 0.0000, 0.0000]])
tensor([[-0.6961,  1.0000,  0.0000,  0.0000,  0.0000,  0.0000]])
tensor([[-0.4024,  1.0000,  0.0000,  0.0000,  0.0000,  0.0000]])
tensor([[-0.0667,  1.0000,  0.0000,  0.0000,  0.0000,  0.0000]])
tensor([[-0.9590,  1.0000,  0.0000,  0.0000,  0.0000,  0.0000]])
tensor([[0.9221, 1.0000, 1.0000, 0.0000, 0.0000, 0.0000]])
tensor([[0.3196, 1.0000, 0.0000, 0.0000, 0.0000, 0.0000]])
tensor([[-0.5465,  1.0000,  0.0000,  0.0000,  0.0000,  0.0000]])
tensor([[0.8846, 0.0000, 0.0000, 0.0000, 0.0000, 0.0000]])
tensor([[-0.8402,  1.0000,  0.0000,  0.0000,  0.0000,  0.0000]])
tensor([[0.9061, 1.0000, 0.0000, 0.0000, 0.0000, 0.0000]])
tensor([[-0.2326,  1.0000,  0.0000,  0.0000,  0.0000,  0.0000]])
tensor([[-0.7012,  1.0000,  0.0000,  0.0000,  0.0000,  0.0000]])
tensor([[-0.9808,  1.0000,  0.0000,  0.0000,  0.0000,  0.0000]])
tensor([[0.3490, 1.0000, 0.0000, 0.0000, 0.0000, 0.0000]])
tensor([[0.0867, 1.0000, 0.0000, 0.0000, 0.0000, 0.0000]])
tensor([[0.3449, 1.0000, 0.0000, 0.0000, 0.0000, 0.0000]])
tensor([[0.0170, 1.0000, 0.0000, 0.0000, 0.0000, 0.0000]])
tensor([[0.8022, 1.0000, 0.0000, 0.0000, 0.0000, 0.0000]])
tensor([[0.6080, 1.0000, 0.0000, 0.0000, 0.0000, 0.0000]])
tensor([[0.9742, 1.0000, 0.0000, 0.0000, 0.0000, 0.0000]])
tensor([[0.7851, 1.0000, 0.0000, 0.0000, 0.0000, 0.0000]])
tensor([[-0.9700,  1.0000,  0.0000,  0.0000,  0.0000,  0.0000]])
tensor([[-0.0584,  1.0000,  0.0000,  0.0000,  0.0000,  0.0000]])
tensor([[-0.5144,  1.0000,  0.0000,  0.0000,  0.0000,  0.0000]])
tensor([[0.2883, 1.0000, 0.0000, 0.0000, 0.0000, 0.0000]])
tensor([[0.5019, 1.0000, 0.0000, 0.0000, 0.0000, 0.0000]])
tensor([[-0.8419,  1.0000,  0.0000,  0.0000,  0.0000,  0.0000]])
tensor([[0.0629, 1.0000, 0.0000, 0.0000, 0.0000, 0.0000]])
tensor([[-0.3185,  0.0000,  0.0000,  0.0000,  0.0000,  0.0000]])
tensor([[-0.6962,  1.0000,  0.0000,  0.0000,  0.0000,  0.0000]])
tensor([[-0.7383,  1.0000,  0.0000,  0.0000,  0.0000,  0.0000]])
tensor([[-0.6268,  1.0000,  0.0000,  0.0000,  0.0000,  0.0000]])
tensor([[0.1219, 1.0000, 0.0000, 0.0000, 0.0000, 0.0000]])
tensor([[-0.1960,  1.0000,  0.0000,  0.0000,  0.0000,  0.0000]])
tensor([[0.4185, 1.0000, 0.0000, 0.0000, 0.0000, 0.0000]])
tensor([[0.8671, 1.0000, 0.0000, 0.0000, 0.0000, 0.0000]])
tensor([[0.7562, 1.0000, 0.0000, 0.0000, 0.0000, 0.0000]])
tensor([[0.9764, 1.0000, 0.0000, 0.0000, 0.0000, 0.0000]])
tensor([[0.0314, 1.0000, 0.0000, 0.0000, 0.0000, 0.0000]])
tensor([[-0.8017,  1.0000,  0.0000,  0.0000,  0.0000,  0.0000]])
tensor([[-0.6200,  1.0000,  0.0000,  0.0000,  0.0000,  0.0000]])
tensor([[-0.1621,  1.0000,  0.0000,  0.0000,  0.0000,  0.0000]])
tensor([[-0.8602,  1.0000,  0.0000,  0.0000,  0.0000,  0.0000]])
tensor([[-0.3862,  1.0000,  0.0000,  0.0000,  0.0000,  0.0000]])
tensor([[0.8196, 1.0000, 0.0000, 0.0000, 0.0000, 0.0000]])
tensor([[0.3708, 1.0000, 0.0000, 0.0000, 0.0000, 0.0000]])
tensor([[-0.5160,  1.0000,  0.0000,  0.0000,  0.0000,  0.0000]])
tensor([[-0.6667,  1.0000,  0.0000,  0.0000,  0.0000,  0.0000]])
tensor([[-0.5517,  1.0000,  0.0000,  0.0000,  0.0000,  0.0000]])
tensor([[0.8965, 1.0000, 0.0000, 0.0000, 0.0000, 0.0000]])
tensor([[0.3409, 1.0000, 0.0000, 0.0000, 0.0000, 0.0000]])
tensor([[0.8551, 1.0000, 0.0000, 0.0000, 0.0000, 0.0000]])
tensor([[0.5915, 1.0000, 0.0000, 0.0000, 0.0000, 0.0000]])
tensor([[-0.7508,  1.0000,  0.0000,  0.0000,  0.0000,  0.0000]])
tensor([[-0.7431,  1.0000,  0.0000,  0.0000,  0.0000,  0.0000]])
tensor([[-0.7471,  1.0000,  0.0000,  0.0000,  0.0000,  0.0000]])
tensor([[-0.2898,  1.0000,  0.0000,  0.0000,  0.0000,  0.0000]])
tensor([[0.3239, 1.0000, 0.0000, 0.0000, 0.0000, 0.0000]])
tensor([[-0.4046,  1.0000,  0.0000,  1.0000,  0.0000,  0.0000]])
tensor([[0.3869, 1.0000, 0.0000, 0.0000, 0.0000, 0.0000]])
tensor([[-0.2784,  1.0000,  0.0000,  0.0000,  0.0000,  0.0000]])
tensor([[-0.8133,  1.0000,  0.0000,  0.0000,  0.0000,  0.0000]])
tensor([[-0.7542,  1.0000,  0.0000,  0.0000,  0.0000,  0.0000]])
tensor([[-0.9276,  1.0000,  0.0000,  0.0000,  0.0000,  0.0000]])
tensor([[0.1053, 1.0000, 0.0000, 0.0000, 0.0000, 0.0000]])
tensor([[0.3291, 1.0000, 0.0000, 0.0000, 0.0000, 0.0000]])
tensor([[-0.3305,  1.0000,  0.0000,  0.0000,  0.0000,  0.0000]])
tensor([[-0.8176,  1.0000,  0.0000,  0.0000,  0.0000,  0.0000]])
tensor([[-0.6084,  1.0000,  0.0000,  0.0000,  0.0000,  0.0000]])
tensor([[-0.5102,  1.0000,  0.0000,  0.0000,  0.0000,  0.0000]])
tensor([[0.0996, 1.0000, 0.0000, 0.0000, 0.0000, 0.0000]])
tensor([[-0.9778,  1.0000,  0.0000,  0.0000,  0.0000,  0.0000]])
tensor([[0.0912, 1.0000, 0.0000, 0.0000, 0.0000, 0.0000]])
tensor([[0.4146, 1.0000, 0.0000, 0.0000, 0.0000, 0.0000]])
tensor([[0.7894, 1.0000, 1.0000, 0.0000, 0.0000, 0.0000]])
tensor([[0.3275, 1.0000, 0.0000, 0.0000, 0.0000, 0.0000]])
tensor([[0.6455, 1.0000, 0.0000, 0.0000, 0.0000, 0.0000]])
tensor([[-0.9614,  1.0000,  0.0000,  0.0000,  0.0000,  0.0000]])
tensor([[-0.8544,  1.0000,  0.0000,  0.0000,  0.0000,  0.0000]])
tensor([[-0.2784,  1.0000,  0.0000,  0.0000,  0.0000,  0.0000]])
tensor([[-0.5246,  1.0000,  0.0000,  0.0000,  0.0000,  0.0000]])
tensor([[0.1356, 1.0000, 0.0000, 0.0000, 0.0000, 0.0000]])
tensor([[0.3441, 1.0000, 0.0000, 0.0000, 0.0000, 0.0000]])
tensor([[0.7855, 1.0000, 0.0000, 0.0000, 0.0000, 0.0000]])
tensor([[-0.1720,  1.0000,  0.0000,  0.0000,  0.0000,  0.0000]])
tensor([[-0.9432,  1.0000,  0.0000,  0.0000,  0.0000,  0.0000]])
tensor([[-0.6375,  1.0000,  0.0000,  0.0000,  0.0000,  0.0000]])
tensor([[-0.9645,  1.0000,  0.0000,  0.0000,  0.0000,  0.0000]])
tensor([[-0.6644,  1.0000,  1.0000,  0.0000,  0.0000,  0.0000]])
tensor([[0.1800, 1.0000, 0.0000, 0.0000, 0.0000, 0.0000]])
tensor([[-0.9413,  1.0000,  0.0000,  0.0000,  0.0000,  0.0000]])
tensor([[-0.8804,  0.0000,  1.0000,  0.0000,  0.0000,  0.0000]])
tensor([[-0.3909,  1.0000,  0.0000,  0.0000,  0.0000,  0.0000]])
tensor([[-0.7256,  1.0000,  0.0000,  0.0000,  0.0000,  0.0000]])
tensor([[-0.3718,  1.0000,  0.0000,  0.0000,  0.0000,  0.0000]])
tensor([[-0.9656,  1.0000,  0.0000,  0.0000,  0.0000,  0.0000]])
tensor([[-0.8221,  1.0000,  0.0000,  0.0000,  0.0000,  0.0000]])
tensor([[-0.9374,  1.0000,  0.0000,  0.0000,  0.0000,  0.0000]])
tensor([[-0.9705,  1.0000,  0.0000,  0.0000,  0.0000,  0.0000]])
tensor([[-0.9709,  1.0000,  0.0000,  0.0000,  0.0000,  0.0000]])
tensor([[-0.5881,  1.0000,  0.0000,  0.0000,  0.0000,  0.0000]])
tensor([[-0.2915,  1.0000,  0.0000,  0.0000,  0.0000,  0.0000]])
tensor([[-0.3014,  1.0000,  0.0000,  0.0000,  0.0000,  0.0000]])
tensor([[-0.0756,  1.0000,  0.0000,  0.0000,  0.0000,  0.0000]])
tensor([[0.1229, 1.0000, 0.0000, 0.0000, 0.0000, 0.0000]])
tensor([[0.3580, 1.0000, 0.0000, 0.0000, 0.0000, 0.0000]])
tensor([[-0.2513,  1.0000,  0.0000,  0.0000,  0.0000,  0.0000]])
tensor([[-0.7943,  1.0000,  0.0000,  0.0000,  0.0000,  0.0000]])
tensor([[-0.9810,  1.0000,  0.0000,  0.0000,  0.0000,  0.0000]])
tensor([[-0.8416,  1.0000,  1.0000,  0.0000,  0.0000,  0.0000]])
tensor([[-0.3090,  1.0000,  0.0000,  0.0000,  0.0000,  0.0000]])
tensor([[-0.9609,  1.0000,  0.0000,  0.0000,  0.0000,  0.0000]])
tensor([[-0.7853,  1.0000,  1.0000,  0.0000,  0.0000,  0.0000]])
tensor([[-0.7040,  1.0000,  0.0000,  0.0000,  0.0000,  0.0000]])
tensor([[-0.9203,  1.0000,  0.0000,  0.0000,  0.0000,  0.0000]])
tensor([[-0.8917,  1.0000,  0.0000,  0.0000,  0.0000,  0.0000]])
tensor([[0.3008, 1.0000, 1.0000, 0.0000, 0.0000, 0.0000]])
tensor([[-0.7687,  1.0000,  0.0000,  0.0000,  0.0000,  0.0000]])
tensor([[-0.7810,  1.0000,  0.0000,  0.0000,  0.0000,  0.0000]])
tensor([[-0.8893,  1.0000,  0.0000,  0.0000,  0.0000,  0.0000]])
tensor([[0.0723, 1.0000, 0.0000, 0.0000, 0.0000, 0.0000]])
tensor([[-0.1013,  1.0000,  0.0000,  1.0000,  0.0000,  0.0000]])
tensor([[-0.8908,  1.0000,  0.0000,  0.0000,  0.0000,  0.0000]])
tensor([[-0.8449,  1.0000,  0.0000,  0.0000,  0.0000,  0.0000]])
tensor([[-0.4920,  1.0000,  0.0000,  0.0000,  0.0000,  0.0000]])
tensor([[-0.9759,  1.0000,  0.0000,  0.0000,  0.0000,  0.0000]])
tensor([[-0.9753,  1.0000,  0.0000,  0.0000,  0.0000,  0.0000]])
tensor([[-0.6064,  1.0000,  0.0000,  0.0000,  0.0000,  0.0000]])
tensor([[0.7841, 1.0000, 0.0000, 0.0000, 0.0000, 0.0000]])
tensor([[-0.0632,  1.0000,  0.0000,  0.0000,  0.0000,  0.0000]])
tensor([[-0.6923,  1.0000,  0.0000,  0.0000,  0.0000,  0.0000]])
tensor([[-0.7066,  1.0000,  0.0000,  0.0000,  0.0000,  0.0000]])
tensor([[0.3416, 1.0000, 0.0000, 0.0000, 0.0000, 0.0000]])
tensor([[-0.8160,  1.0000,  0.0000,  0.0000,  0.0000,  0.0000]])
tensor([[-0.9495,  1.0000,  0.0000,  0.0000,  0.0000,  0.0000]])
tensor([[-0.9264,  1.0000,  0.0000,  0.0000,  0.0000,  0.0000]])
tensor([[-0.9792,  1.0000,  0.0000,  0.0000,  0.0000,  0.0000]])
tensor([[-0.9625,  1.0000,  0.0000,  0.0000,  0.0000,  0.0000]])
tensor([[-0.7910,  1.0000,  0.0000,  0.0000,  0.0000,  0.0000]])
tensor([[-0.7760,  1.0000,  0.0000,  0.0000,  0.0000,  0.0000]])
tensor([[-0.2514,  1.0000,  0.0000,  0.0000,  0.0000,  0.0000]])
tensor([[-0.9325,  1.0000,  0.0000,  0.0000,  0.0000,  0.0000]])
tensor([[-0.8870,  1.0000,  0.0000,  0.0000,  0.0000,  0.0000]])
tensor([[-0.9858,  1.0000,  0.0000,  0.0000,  0.0000,  0.0000]])
tensor([[-0.6571,  1.0000,  0.0000,  0.0000,  0.0000,  0.0000]])
tensor([[-0.8582,  1.0000,  1.0000,  0.0000,  0.0000,  0.0000]])
tensor([[-0.6829,  1.0000,  1.0000,  0.0000,  0.0000,  0.0000]])
tensor([[-0.7074,  1.0000,  0.0000,  0.0000,  0.0000,  0.0000]])
tensor([[-0.2638,  1.0000,  0.0000,  0.0000,  0.0000,  0.0000]])
tensor([[-0.9489,  1.0000,  0.0000,  0.0000,  0.0000,  0.0000]])
tensor([[0.0861, 1.0000, 0.0000, 0.0000, 0.0000, 0.0000]])
tensor([[-0.7021,  1.0000,  1.0000,  0.0000,  0.0000,  0.0000]])
tensor([[0.2444, 1.0000, 1.0000, 0.0000, 0.0000, 0.0000]])
tensor([[-0.9081,  1.0000,  0.0000,  0.0000,  0.0000,  0.0000]])
tensor([[-0.9828,  1.0000,  0.0000,  0.0000,  0.0000,  0.0000]])
tensor([[-0.8739,  1.0000,  0.0000,  0.0000,  0.0000,  0.0000]])
tensor([[-0.9307,  1.0000,  0.0000,  0.0000,  0.0000,  0.0000]])
tensor([[-0.0443,  1.0000,  0.0000,  0.0000,  0.0000,  0.0000]])
tensor([[-0.3374,  1.0000,  0.0000,  0.0000,  0.0000,  0.0000]])
tensor([[-0.4697,  1.0000,  0.0000,  0.0000,  0.0000,  0.0000]])
tensor([[-0.3037,  1.0000,  0.0000,  0.0000,  0.0000,  0.0000]])
tensor([[-0.8435,  1.0000,  0.0000,  0.0000,  0.0000,  0.0000]])
tensor([[-0.5934,  1.0000,  0.0000,  0.0000,  0.0000,  0.0000]])
tensor([[-0.5032,  1.0000,  0.0000,  0.0000,  0.0000,  0.0000]])
tensor([[-0.3200,  1.0000,  0.0000,  0.0000,  0.0000,  0.0000]])
tensor([[-0.9619,  1.0000,  0.0000,  0.0000,  0.0000,  0.0000]])
tensor([[-0.2345,  1.0000,  0.0000,  0.0000,  0.0000,  0.0000]])
tensor([[0.3319, 1.0000, 0.0000, 0.0000, 0.0000, 0.0000]])
tensor([[-0.8111,  1.0000,  0.0000,  0.0000,  0.0000,  0.0000]])
tensor([[-0.5536,  1.0000,  0.0000,  0.0000,  0.0000,  0.0000]])
tensor([[-0.9363,  1.0000,  1.0000,  0.0000,  0.0000,  0.0000]])
tensor([[-0.2903,  1.0000,  0.0000,  0.0000,  0.0000,  0.0000]])
tensor([[-0.9863,  1.0000,  0.0000,  0.0000,  0.0000,  0.0000]])
tensor([[-0.9183,  1.0000,  0.0000,  0.0000,  0.0000,  0.0000]])
tensor([[-0.0540,  1.0000,  0.0000,  0.0000,  0.0000,  0.0000]])
tensor([[-0.6092,  1.0000,  0.0000,  0.0000,  0.0000,  0.0000]])
tensor([[-0.6291,  1.0000,  1.0000,  0.0000,  0.0000,  0.0000]])
tensor([[-0.5509,  1.0000,  0.0000,  0.0000,  0.0000,  0.0000]])
tensor([[-0.9979,  1.0000,  0.0000,  0.0000,  0.0000,  0.0000]])
tensor([[0.4331, 1.0000, 1.0000, 0.0000, 0.0000, 0.0000]])
tensor([[-0.6948,  1.0000,  0.0000,  0.0000,  0.0000,  0.0000]])
tensor([[-0.5623,  1.0000,  0.0000,  0.0000,  0.0000,  0.0000]])
tensor([[0.0019, 1.0000, 0.0000, 0.0000, 0.0000, 0.0000]])
tensor([[0.6390, 1.0000, 0.0000, 0.0000, 0.0000, 0.0000]])
tensor([[-0.5476,  1.0000,  0.0000,  0.0000,  0.0000,  0.0000]])
tensor([[-0.7578,  1.0000,  1.0000,  0.0000,  1.0000,  0.0000]])
tensor([[-0.6868,  1.0000,  0.0000,  0.0000,  0.0000,  0.0000]])
tensor([[-0.1989,  1.0000,  0.0000,  0.0000,  0.0000,  0.0000]])
tensor([[0.2746, 1.0000, 1.0000, 0.0000, 0.0000, 0.0000]])
tensor([[-0.9153,  1.0000,  0.0000,  0.0000,  0.0000,  0.0000]])
tensor([[-0.3331,  1.0000,  0.0000,  0.0000,  0.0000,  0.0000]])
tensor([[-0.9735,  1.0000,  0.0000,  0.0000,  0.0000,  0.0000]])
tensor([[-0.8728,  1.0000,  0.0000,  0.0000,  0.0000,  0.0000]])
tensor([[-0.7668,  1.0000,  0.0000,  0.0000,  0.0000,  0.0000]])
tensor([[-0.6643,  1.0000,  0.0000,  0.0000,  0.0000,  0.0000]])
tensor([[-0.8887,  1.0000,  1.0000,  0.0000,  0.0000,  0.0000]])
tensor([[-0.6217,  1.0000,  0.0000,  0.0000,  0.0000,  0.0000]])
tensor([[-0.7108,  1.0000,  0.0000,  0.0000,  0.0000,  0.0000]])
tensor([[-0.9433,  1.0000,  0.0000,  0.0000,  0.0000,  0.0000]])
tensor([[-0.8658,  1.0000,  1.0000,  0.0000,  0.0000,  0.0000]])
tensor([[-0.1830,  1.0000,  0.0000,  0.0000,  0.0000,  0.0000]])
tensor([[-0.6108,  1.0000,  0.0000,  0.0000,  0.0000,  0.0000]])
tensor([[0.7267, 1.0000, 0.0000, 0.0000, 0.0000, 0.0000]])
tensor([[-0.9805,  1.0000,  0.0000,  0.0000,  0.0000,  0.0000]])
tensor([[-0.5100,  1.0000,  0.0000,  0.0000,  0.0000,  0.0000]])
tensor([[-0.7834,  1.0000,  0.0000,  0.0000,  0.0000,  0.0000]])
tensor([[-0.6785,  1.0000,  1.0000,  0.0000,  0.0000,  0.0000]])
tensor([[-0.7262,  1.0000,  0.0000,  0.0000,  0.0000,  0.0000]])
tensor([[-0.9735,  1.0000,  0.0000,  0.0000,  0.0000,  0.0000]])
tensor([[-0.1258,  1.0000,  0.0000,  0.0000,  0.0000,  0.0000]])
tensor([[0.2673, 1.0000, 0.0000, 0.0000, 0.0000, 0.0000]])
tensor([[-0.2244,  1.0000,  0.0000,  0.0000,  0.0000,  0.0000]])
tensor([[-0.8700,  1.0000,  0.0000,  0.0000,  0.0000,  0.0000]])
tensor([[-0.9229,  1.0000,  0.0000,  0.0000,  0.0000,  0.0000]])
tensor([[-0.7598,  1.0000,  0.0000,  0.0000,  0.0000,  0.0000]])
tensor([[0.1575, 1.0000, 0.0000, 0.0000, 0.0000, 0.0000]])
tensor([[-0.9170,  1.0000,  0.0000,  0.0000,  0.0000,  0.0000]])
tensor([[-0.9587,  1.0000,  0.0000,  0.0000,  0.0000,  0.0000]])
tensor([[-0.8319,  1.0000,  0.0000,  0.0000,  0.0000,  0.0000]])
tensor([[-0.9292,  1.0000,  0.0000,  0.0000,  0.0000,  0.0000]])
tensor([[-0.7345,  1.0000,  0.0000,  0.0000,  0.0000,  0.0000]])
tensor([[-0.9775,  1.0000,  1.0000,  0.0000,  0.0000,  0.0000]])
tensor([[-0.8272,  1.0000,  0.0000,  0.0000,  0.0000,  0.0000]])
tensor([[-0.8622,  1.0000,  0.0000,  0.0000,  0.0000,  0.0000]])
tensor([[-0.2922,  1.0000,  0.0000,  0.0000,  0.0000,  0.0000]])
tensor([[0.5494, 1.0000, 0.0000, 0.0000, 0.0000, 0.0000]])
tensor([[0.5054, 1.0000, 1.0000, 0.0000, 0.0000, 0.0000]])
tensor([[-0.9640,  1.0000,  0.0000,  0.0000,  0.0000,  0.0000]])
tensor([[-0.2097,  1.0000,  0.0000,  0.0000,  0.0000,  0.0000]])
tensor([[-0.8804,  1.0000,  0.0000,  0.0000,  0.0000,  0.0000]])
tensor([[-0.5500,  1.0000,  0.0000,  0.0000,  0.0000,  0.0000]])
tensor([[-0.3789,  1.0000,  0.0000,  0.0000,  0.0000,  0.0000]])
tensor([[-0.4988,  1.0000,  0.0000,  0.0000,  0.0000,  0.0000]])
tensor([[-0.4340,  1.0000,  0.0000,  0.0000,  0.0000,  0.0000]])
tensor([[-0.5400,  1.0000,  0.0000,  0.0000,  0.0000,  0.0000]])
tensor([[-0.4356,  1.0000,  0.0000,  0.0000,  0.0000,  0.0000]])
tensor([[-0.5101,  1.0000,  0.0000,  0.0000,  0.0000,  0.0000]])
tensor([[0.2592, 1.0000, 0.0000, 0.0000, 0.0000, 0.0000]])
tensor([[-0.9680,  1.0000,  0.0000,  1.0000,  0.0000,  0.0000]])
tensor([[-0.2782,  1.0000,  0.0000,  0.0000,  0.0000,  0.0000]])
tensor([[-0.5932,  1.0000,  0.0000,  0.0000,  0.0000,  0.0000]])
tensor([[-0.7547,  1.0000,  0.0000,  0.0000,  0.0000,  0.0000]])
tensor([[-0.3948,  1.0000,  0.0000,  0.0000,  0.0000,  0.0000]])
tensor([[-0.8593,  1.0000,  0.0000,  0.0000,  0.0000,  0.0000]])
tensor([[0.0340, 1.0000, 0.0000, 0.0000, 0.0000, 0.0000]])
tensor([[-0.5813,  1.0000,  0.0000,  0.0000,  0.0000,  0.0000]])
tensor([[-0.4724,  1.0000,  0.0000,  0.0000,  0.0000,  0.0000]])
tensor([[-0.3459,  1.0000,  1.0000,  0.0000,  0.0000,  0.0000]])
tensor([[0.4390, 1.0000, 0.0000, 0.0000, 0.0000, 0.0000]])
tensor([[-0.8890,  1.0000,  0.0000,  0.0000,  0.0000,  0.0000]])
tensor([[-0.8520,  1.0000,  0.0000,  0.0000,  0.0000,  0.0000]])
tensor([[-0.4898,  1.0000,  0.0000,  0.0000,  0.0000,  0.0000]])
tensor([[-0.9759,  1.0000,  0.0000,  0.0000,  0.0000,  0.0000]])
tensor([[-0.8369,  1.0000,  0.0000,  0.0000,  0.0000,  0.0000]])
tensor([[0.1623, 1.0000, 0.0000, 0.0000, 0.0000, 0.0000]])
tensor([[-0.1049,  1.0000,  0.0000,  0.0000,  0.0000,  0.0000]])
tensor([[-0.4844,  1.0000,  0.0000,  0.0000,  0.0000,  0.0000]])
tensor([[-0.4391,  1.0000,  0.0000,  0.0000,  0.0000,  0.0000]])
tensor([[-0.3323,  1.0000,  0.0000,  0.0000,  0.0000,  0.0000]])
tensor([[-0.6495,  1.0000,  0.0000,  0.0000,  0.0000,  0.0000]])
tensor([[-0.2212,  1.0000,  0.0000,  0.0000,  0.0000,  0.0000]])
tensor([[0.3049, 1.0000, 0.0000, 0.0000, 0.0000, 0.0000]])
tensor([[0.3771, 1.0000, 0.0000, 0.0000, 0.0000, 0.0000]])
tensor([[0.2133, 1.0000, 0.0000, 0.0000, 0.0000, 0.0000]])
tensor([[-0.6718,  1.0000,  0.0000,  0.0000,  0.0000,  0.0000]])
tensor([[-0.6200,  1.0000,  0.0000,  0.0000,  0.0000,  0.0000]])
tensor([[-0.3132,  1.0000,  0.0000,  0.0000,  0.0000,  0.0000]])
tensor([[-0.4095,  1.0000,  0.0000,  0.0000,  1.0000,  0.0000]])
tensor([[-0.4082,  1.0000,  0.0000,  0.0000,  0.0000,  0.0000]])
tensor([[0.5556, 1.0000, 0.0000, 0.0000, 0.0000, 0.0000]])
tensor([[-0.3900,  1.0000,  0.0000,  0.0000,  0.0000,  0.0000]])
tensor([[-0.5740,  0.0000,  0.0000,  1.0000,  0.0000,  0.0000]])
tensor([[-0.1056,  1.0000,  0.0000,  0.0000,  0.0000,  0.0000]])
tensor([[0.5861, 1.0000, 0.0000, 0.0000, 0.0000, 0.0000]])
tensor([[-0.1399,  1.0000,  0.0000,  0.0000,  0.0000,  0.0000]])
tensor([[-0.4243,  1.0000,  0.0000,  0.0000,  0.0000,  0.0000]])
tensor([[-0.4927,  1.0000,  0.0000,  0.0000,  0.0000,  0.0000]])
tensor([[-0.5871,  1.0000,  0.0000,  0.0000,  0.0000,  0.0000]])
tensor([[-0.7420,  1.0000,  0.0000,  0.0000,  0.0000,  0.0000]])
tensor([[-0.6022,  1.0000,  0.0000,  0.0000,  0.0000,  0.0000]])
tensor([[-0.8875,  1.0000,  0.0000,  0.0000,  0.0000,  0.0000]])
tensor([[0.5674, 1.0000, 0.0000, 0.0000, 0.0000, 0.0000]])
tensor([[-0.4902,  1.0000,  0.0000,  0.0000,  0.0000,  0.0000]])
tensor([[-0.5631,  1.0000,  0.0000,  1.0000,  0.0000,  0.0000]])
tensor([[-0.9573,  1.0000,  0.0000,  0.0000,  0.0000,  0.0000]])
tensor([[-0.8436,  1.0000,  0.0000,  0.0000,  0.0000,  0.0000]])
tensor([[-0.8199,  1.0000,  0.0000,  0.0000,  0.0000,  0.0000]])
tensor([[0.5809, 1.0000, 0.0000, 0.0000, 1.0000, 0.0000]])
tensor([[-0.4384,  1.0000,  1.0000,  0.0000,  0.0000,  0.0000]])
tensor([[-0.5980,  1.0000,  0.0000,  0.0000,  0.0000,  0.0000]])
tensor([[-0.8080,  1.0000,  0.0000,  0.0000,  0.0000,  0.0000]])
tensor([[0.4489, 1.0000, 0.0000, 0.0000, 0.0000, 0.0000]])
tensor([[0.0799, 1.0000, 0.0000, 0.0000, 0.0000, 0.0000]])
tensor([[0.1018, 1.0000, 0.0000, 0.0000, 0.0000, 0.0000]])
tensor([[0.5037, 1.0000, 0.0000, 0.0000, 0.0000, 0.0000]])
tensor([[-0.4937,  1.0000,  0.0000,  0.0000,  0.0000,  0.0000]])
tensor([[-0.3755,  1.0000,  0.0000,  0.0000,  0.0000,  0.0000]])
tensor([[0.7306, 1.0000, 0.0000, 0.0000, 0.0000, 0.0000]])
tensor([[-0.0311,  1.0000,  1.0000,  0.0000,  0.0000,  0.0000]])
tensor([[-0.6826,  1.0000,  0.0000,  0.0000,  0.0000,  0.0000]])
tensor([[-0.4654,  1.0000,  1.0000,  0.0000,  0.0000,  0.0000]])
tensor([[-0.5972,  1.0000,  0.0000,  0.0000,  0.0000,  0.0000]])
tensor([[-0.9670,  1.0000,  0.0000,  0.0000,  0.0000,  0.0000]])
tensor([[-0.0193,  0.0000,  0.0000,  0.0000,  0.0000,  0.0000]])
tensor([[-0.8423,  1.0000,  0.0000,  0.0000,  0.0000,  0.0000]])
tensor([[-0.4459,  1.0000,  0.0000,  0.0000,  0.0000,  0.0000]])
tensor([[-0.5055,  1.0000,  1.0000,  0.0000,  0.0000,  0.0000]])
tensor([[0.8572, 1.0000, 0.0000, 0.0000, 0.0000, 0.0000]])
tensor([[0.2619, 1.0000, 0.0000, 0.0000, 0.0000, 0.0000]])
tensor([[-0.8233,  1.0000,  0.0000,  0.0000,  0.0000,  0.0000]])
tensor([[-0.7343,  1.0000,  0.0000,  0.0000,  0.0000,  0.0000]])
tensor([[-0.2863,  1.0000,  0.0000,  0.0000,  0.0000,  0.0000]])
tensor([[0.7269, 1.0000, 0.0000, 0.0000, 0.0000, 0.0000]])
tensor([[-0.2360,  1.0000,  0.0000,  0.0000,  0.0000,  0.0000]])
tensor([[0.0107, 1.0000, 0.0000, 0.0000, 0.0000, 0.0000]])
tensor([[-0.0095,  1.0000,  0.0000,  0.0000,  0.0000,  0.0000]])
tensor([[-0.7483,  1.0000,  0.0000,  0.0000,  0.0000,  0.0000]])
tensor([[-0.7505,  1.0000,  0.0000,  0.0000,  0.0000,  0.0000]])
tensor([[0.1884, 1.0000, 0.0000, 0.0000, 0.0000, 0.0000]])
tensor([[-0.1942,  1.0000,  0.0000,  0.0000,  0.0000,  0.0000]])
tensor([[0.9278, 1.0000, 0.0000, 0.0000, 0.0000, 0.0000]])
tensor([[-0.6925,  1.0000,  0.0000,  0.0000,  0.0000,  0.0000]])
tensor([[-0.6696,  1.0000,  0.0000,  0.0000,  0.0000,  0.0000]])
tensor([[-0.9540,  1.0000,  0.0000,  0.0000,  0.0000,  0.0000]])
tensor([[-0.8917,  1.0000,  0.0000,  0.0000,  0.0000,  0.0000]])
tensor([[-0.8543,  1.0000,  0.0000,  0.0000,  0.0000,  0.0000]])
tensor([[0.5897, 1.0000, 0.0000, 0.0000, 0.0000, 0.0000]])
tensor([[0.8795, 1.0000, 0.0000, 0.0000, 0.0000, 0.0000]])
tensor([[-0.1236,  1.0000,  0.0000,  0.0000,  0.0000,  0.0000]])
tensor([[-0.6075,  1.0000,  0.0000,  0.0000,  0.0000,  0.0000]])
tensor([[-0.9370,  1.0000,  0.0000,  1.0000,  0.0000,  0.0000]])
tensor([[0.6212, 1.0000, 0.0000, 0.0000, 0.0000, 0.0000]])
tensor([[0.6859, 0.0000, 0.0000, 0.0000, 0.0000, 0.0000]])
tensor([[-0.8806,  1.0000,  0.0000,  0.0000,  0.0000,  0.0000]])
tensor([[0.4541, 1.0000, 0.0000, 0.0000, 0.0000, 0.0000]])
tensor([[0.0237, 1.0000, 1.0000, 0.0000, 0.0000, 0.0000]])
tensor([[-0.4026,  1.0000,  0.0000,  0.0000,  0.0000,  0.0000]])
tensor([[0.4619, 1.0000, 0.0000, 0.0000, 0.0000, 0.0000]])
tensor([[-0.6447,  1.0000,  0.0000,  0.0000,  0.0000,  0.0000]])
tensor([[-0.5100,  1.0000,  0.0000,  0.0000,  0.0000,  0.0000]])
tensor([[0.5266, 1.0000, 1.0000, 0.0000, 0.0000, 0.0000]])
tensor([[-0.4778,  1.0000,  0.0000,  0.0000,  0.0000,  0.0000]])
tensor([[0.1379, 1.0000, 0.0000, 0.0000, 0.0000, 0.0000]])
tensor([[0.4687, 1.0000, 0.0000, 0.0000, 0.0000, 0.0000]])
tensor([[0.9058, 1.0000, 0.0000, 0.0000, 0.0000, 0.0000]])
tensor([[0.2488, 1.0000, 0.0000, 0.0000, 0.0000, 0.0000]])
tensor([[-0.2630,  1.0000,  0.0000,  0.0000,  0.0000,  0.0000]])
tensor([[-0.9561,  1.0000,  0.0000,  0.0000,  0.0000,  0.0000]])
tensor([[0.7102, 1.0000, 0.0000, 0.0000, 0.0000, 0.0000]])
tensor([[-0.9385,  1.0000,  0.0000,  0.0000,  0.0000,  0.0000]])
tensor([[-0.7520,  1.0000,  0.0000,  0.0000,  0.0000,  0.0000]])
tensor([[-0.5262,  1.0000,  0.0000,  0.0000,  0.0000,  0.0000]])
tensor([[-0.8240,  1.0000,  1.0000,  0.0000,  0.0000,  0.0000]])
tensor([[-0.5989,  1.0000,  0.0000,  0.0000,  0.0000,  0.0000]])
tensor([[-0.0241,  1.0000,  0.0000,  0.0000,  0.0000,  0.0000]])
tensor([[-0.3581,  1.0000,  0.0000,  0.0000,  0.0000,  0.0000]])
tensor([[0.8971, 1.0000, 0.0000, 0.0000, 0.0000, 0.0000]])
tensor([[0.0750, 1.0000, 0.0000, 0.0000, 0.0000, 0.0000]])
tensor([[0.6307, 1.0000, 0.0000, 0.0000, 0.0000, 0.0000]])
tensor([[0.5285, 1.0000, 0.0000, 0.0000, 0.0000, 0.0000]])
tensor([[0.8664, 1.0000, 0.0000, 0.0000, 0.0000, 0.0000]])
tensor([[-0.6646,  1.0000,  0.0000,  0.0000,  0.0000,  0.0000]])
tensor([[-0.9584,  1.0000,  0.0000,  0.0000,  0.0000,  0.0000]])
tensor([[-0.2025,  1.0000,  0.0000,  0.0000,  0.0000,  0.0000]])
tensor([[-0.4698,  1.0000,  0.0000,  0.0000,  0.0000,  0.0000]])
tensor([[-0.3899,  1.0000,  0.0000,  0.0000,  0.0000,  0.0000]])
tensor([[-0.4868,  1.0000,  0.0000,  0.0000,  0.0000,  0.0000]])
tensor([[-0.1052,  1.0000,  0.0000,  0.0000,  0.0000,  0.0000]])
tensor([[-0.8546,  1.0000,  0.0000,  0.0000,  0.0000,  0.0000]])
tensor([[-0.9778,  1.0000,  0.0000,  0.0000,  0.0000,  0.0000]])
tensor([[-0.6484,  1.0000,  0.0000,  0.0000,  0.0000,  0.0000]])
tensor([[-0.5191,  1.0000,  0.0000,  0.0000,  0.0000,  0.0000]])
tensor([[-0.6543,  1.0000,  0.0000,  0.0000,  0.0000,  0.0000]])
tensor([[-0.7634,  1.0000,  0.0000,  0.0000,  0.0000,  0.0000]])
tensor([[0.7459, 1.0000, 0.0000, 0.0000, 0.0000, 0.0000]])
tensor([[0.3380, 1.0000, 0.0000, 0.0000, 0.0000, 0.0000]])
tensor([[-0.8906,  1.0000,  1.0000,  0.0000,  0.0000,  0.0000]])
tensor([[-0.5317,  1.0000,  0.0000,  0.0000,  0.0000,  0.0000]])
tensor([[-0.6469,  1.0000,  0.0000,  0.0000,  0.0000,  0.0000]])
tensor([[-0.4299,  1.0000,  0.0000,  0.0000,  0.0000,  0.0000]])
tensor([[-0.7996,  1.0000,  0.0000,  0.0000,  0.0000,  0.0000]])
tensor([[-0.6091,  1.0000,  1.0000,  0.0000,  0.0000,  0.0000]])
tensor([[0.7560, 1.0000, 0.0000, 0.0000, 0.0000, 0.0000]])
tensor([[-0.9634,  1.0000,  0.0000,  0.0000,  0.0000,  0.0000]])
tensor([[0.2076, 1.0000, 0.0000, 0.0000, 0.0000, 0.0000]])
tensor([[0.8324, 1.0000, 1.0000, 0.0000, 0.0000, 0.0000]])
tensor([[-0.4587,  1.0000,  0.0000,  0.0000,  0.0000,  0.0000]])
tensor([[-0.9622,  1.0000,  0.0000,  0.0000,  0.0000,  0.0000]])
tensor([[-0.8914,  1.0000,  0.0000,  0.0000,  0.0000,  0.0000]])
tensor([[0.7028, 1.0000, 0.0000, 0.0000, 0.0000, 0.0000]])
tensor([[0.2873, 1.0000, 0.0000, 0.0000, 0.0000, 0.0000]])
tensor([[0.0779, 1.0000, 0.0000, 0.0000, 0.0000, 0.0000]])
tensor([[-0.1150,  1.0000,  0.0000,  0.0000,  0.0000,  0.0000]])
tensor([[-0.5031,  1.0000,  0.0000,  0.0000,  0.0000,  0.0000]])
tensor([[-0.8660,  1.0000,  0.0000,  0.0000,  0.0000,  0.0000]])
tensor([[-0.7981,  1.0000,  0.0000,  0.0000,  0.0000,  0.0000]])
tensor([[0.9557, 1.0000, 0.0000, 0.0000, 0.0000, 0.0000]])
tensor([[-0.9673,  1.0000,  0.0000,  0.0000,  0.0000,  0.0000]])
tensor([[-0.9803,  1.0000,  0.0000,  0.0000,  0.0000,  0.0000]])
tensor([[-0.9369,  1.0000,  0.0000,  1.0000,  0.0000,  0.0000]])
tensor([[-0.5962,  1.0000,  0.0000,  0.0000,  0.0000,  0.0000]])
tensor([[0.0704, 1.0000, 0.0000, 0.0000, 0.0000, 0.0000]])
tensor([[-0.2520,  1.0000,  0.0000,  0.0000,  0.0000,  0.0000]])
tensor([[0.8477, 1.0000, 0.0000, 0.0000, 0.0000, 0.0000]])
tensor([[-0.7084,  1.0000,  0.0000,  0.0000,  0.0000,  0.0000]])
tensor([[-0.3794,  1.0000,  0.0000,  0.0000,  0.0000,  0.0000]])
tensor([[-0.9254,  1.0000,  0.0000,  0.0000,  0.0000,  0.0000]])
tensor([[-0.0218,  1.0000,  0.0000,  0.0000,  0.0000,  0.0000]])
tensor([[-0.4200,  1.0000,  0.0000,  0.0000,  0.0000,  0.0000]])
tensor([[0.5943, 1.0000, 0.0000, 0.0000, 0.0000, 0.0000]])
tensor([[-0.5121,  0.0000,  0.0000,  0.0000,  0.0000,  0.0000]])
tensor([[0.5944, 1.0000, 0.0000, 0.0000, 0.0000, 0.0000]])
tensor([[-0.6855,  1.0000,  1.0000,  0.0000,  0.0000,  0.0000]])
tensor([[-0.6874,  1.0000,  0.0000,  0.0000,  0.0000,  0.0000]])
tensor([[0.3042, 1.0000, 0.0000, 0.0000, 0.0000, 0.0000]])
tensor([[-0.3858,  1.0000,  0.0000,  0.0000,  0.0000,  0.0000]])
tensor([[-0.0809,  1.0000,  0.0000,  0.0000,  0.0000,  0.0000]])
tensor([[-0.6973,  1.0000,  0.0000,  0.0000,  0.0000,  0.0000]])
tensor([[0.9089, 1.0000, 0.0000, 0.0000, 0.0000, 0.0000]])
tensor([[0.7265, 1.0000, 0.0000, 0.0000, 0.0000, 0.0000]])
tensor([[-0.9207,  1.0000,  0.0000,  0.0000,  0.0000,  0.0000]])
tensor([[-0.4735,  1.0000,  0.0000,  0.0000,  0.0000,  0.0000]])
tensor([[-0.0143,  1.0000,  0.0000,  0.0000,  0.0000,  0.0000]])
tensor([[-0.9561,  1.0000,  0.0000,  0.0000,  0.0000,  0.0000]])
tensor([[-0.2413,  1.0000,  1.0000,  0.0000,  0.0000,  0.0000]])
tensor([[0.5534, 1.0000, 0.0000, 0.0000, 0.0000, 0.0000]])
tensor([[0.7846, 1.0000, 0.0000, 0.0000, 0.0000, 0.0000]])
tensor([[0.3496, 1.0000, 0.0000, 0.0000, 0.0000, 0.0000]])
tensor([[0.4316, 1.0000, 0.0000, 0.0000, 0.0000, 0.0000]])
tensor([[-0.5416,  1.0000,  0.0000,  0.0000,  0.0000,  0.0000]])
tensor([[-0.7525,  1.0000,  0.0000,  0.0000,  0.0000,  0.0000]])
tensor([[0.0252, 1.0000, 0.0000, 0.0000, 0.0000, 0.0000]])
tensor([[-0.1175,  1.0000,  0.0000,  0.0000,  0.0000,  0.0000]])
tensor([[0.1042, 1.0000, 0.0000, 0.0000, 0.0000, 0.0000]])
tensor([[0.7569, 1.0000, 0.0000, 0.0000, 0.0000, 0.0000]])
tensor([[0.6901, 1.0000, 0.0000, 0.0000, 0.0000, 0.0000]])
tensor([[0.0650, 1.0000, 0.0000, 0.0000, 0.0000, 0.0000]])
tensor([[-0.0463,  1.0000,  0.0000,  0.0000,  0.0000,  0.0000]])
tensor([[0.4206, 1.0000, 0.0000, 0.0000, 0.0000, 0.0000]])
tensor([[0.2739, 1.0000, 0.0000, 0.0000, 0.0000, 0.0000]])
tensor([[-0.7470,  1.0000,  0.0000,  0.0000,  0.0000,  0.0000]])
tensor([[0.0631, 1.0000, 0.0000, 0.0000, 0.0000, 0.0000]])
tensor([[-0.7392,  1.0000,  0.0000,  0.0000,  0.0000,  0.0000]])
tensor([[-0.4466,  1.0000,  0.0000,  0.0000,  0.0000,  0.0000]])
tensor([[-0.5913,  1.0000,  0.0000,  0.0000,  0.0000,  0.0000]])
tensor([[0.1883, 1.0000, 0.0000, 0.0000, 0.0000, 0.0000]])
tensor([[0.3312, 1.0000, 0.0000, 0.0000, 0.0000, 0.0000]])
tensor([[-0.3272,  1.0000,  0.0000,  0.0000,  0.0000,  0.0000]])
tensor([[-0.1407,  1.0000,  0.0000,  0.0000,  0.0000,  0.0000]])
tensor([[-0.2092,  1.0000,  0.0000,  0.0000,  0.0000,  0.0000]])
tensor([[0.4504, 1.0000, 0.0000, 0.0000, 0.0000, 0.0000]])
tensor([[-0.3964,  1.0000,  0.0000,  0.0000,  0.0000,  0.0000]])
tensor([[0.7405, 1.0000, 0.0000, 0.0000, 0.0000, 0.0000]])
tensor([[0.0302, 1.0000, 0.0000, 0.0000, 0.0000, 0.0000]])
tensor([[-0.3789,  1.0000,  0.0000,  0.0000,  0.0000,  0.0000]])
tensor([[0.5882, 1.0000, 0.0000, 0.0000, 0.0000, 0.0000]])
tensor([[0.3202, 1.0000, 0.0000, 0.0000, 0.0000, 0.0000]])
tensor([[0.7302, 1.0000, 0.0000, 0.0000, 0.0000, 0.0000]])
tensor([[-0.4515,  1.0000,  0.0000,  0.0000,  0.0000,  0.0000]])
tensor([[0.4066, 1.0000, 0.0000, 0.0000, 0.0000, 0.0000]])
tensor([[-0.3788,  1.0000,  0.0000,  0.0000,  0.0000,  0.0000]])
tensor([[0.0321, 1.0000, 0.0000, 0.0000, 0.0000, 0.0000]])
tensor([[-0.9259,  1.0000,  0.0000,  0.0000,  0.0000,  0.0000]])
tensor([[0.4452, 1.0000, 1.0000, 0.0000, 0.0000, 0.0000]])
tensor([[-0.9157,  1.0000,  0.0000,  0.0000,  0.0000,  0.0000]])
tensor([[0.0190, 1.0000, 0.0000, 0.0000, 0.0000, 0.0000]])
tensor([[0.6113, 1.0000, 0.0000, 0.0000, 0.0000, 0.0000]])
tensor([[0.2937, 0.0000, 1.0000, 0.0000, 0.0000, 0.0000]])
tensor([[-0.7651,  0.0000,  0.0000,  0.0000,  0.0000,  0.0000]])
tensor([[-0.5355,  1.0000,  0.0000,  0.0000,  0.0000,  0.0000]])
tensor([[-0.6913,  1.0000,  0.0000,  0.0000,  0.0000,  0.0000]])
tensor([[0.2563, 1.0000, 0.0000, 0.0000, 0.0000, 0.0000]])
tensor([[0.2995, 1.0000, 0.0000, 0.0000, 0.0000, 0.0000]])
tensor([[-0.8455,  1.0000,  0.0000,  0.0000,  0.0000,  0.0000]])
tensor([[0.0378, 1.0000, 0.0000, 0.0000, 0.0000, 0.0000]])
tensor([[0.0044, 1.0000, 0.0000, 0.0000, 0.0000, 0.0000]])
tensor([[-0.5542,  1.0000,  0.0000,  0.0000,  0.0000,  0.0000]])
tensor([[0.0255, 1.0000, 0.0000, 0.0000, 0.0000, 0.0000]])
tensor([[-0.4891,  1.0000,  0.0000,  0.0000,  0.0000,  0.0000]])
tensor([[-0.4999,  0.0000,  0.0000,  0.0000,  0.0000,  0.0000]])
tensor([[-0.4220,  1.0000,  0.0000,  0.0000,  0.0000,  0.0000]])
tensor([[0.7635, 1.0000, 0.0000, 0.0000, 0.0000, 0.0000]])
tensor([[-0.5162,  1.0000,  0.0000,  0.0000,  0.0000,  0.0000]])
tensor([[0.1504, 1.0000, 0.0000, 0.0000, 0.0000, 0.0000]])
tensor([[0.8215, 1.0000, 0.0000, 0.0000, 0.0000, 0.0000]])
tensor([[-0.5079,  1.0000,  0.0000,  0.0000,  0.0000,  0.0000]])
tensor([[-0.7631,  0.0000,  0.0000,  0.0000,  0.0000,  0.0000]])
tensor([[-0.8665,  1.0000,  1.0000,  0.0000,  0.0000,  0.0000]])
tensor([[0.0775, 1.0000, 0.0000, 0.0000, 0.0000, 0.0000]])
tensor([[-0.7409,  1.0000,  0.0000,  0.0000,  0.0000,  0.0000]])
tensor([[0.6882, 1.0000, 0.0000, 0.0000, 0.0000, 0.0000]])
tensor([[-0.8517,  1.0000,  0.0000,  0.0000,  0.0000,  0.0000]])
tensor([[0.4080, 1.0000, 0.0000, 0.0000, 0.0000, 0.0000]])
tensor([[-0.4270,  1.0000,  0.0000,  0.0000,  0.0000,  0.0000]])
tensor([[-0.9185,  1.0000,  0.0000,  0.0000,  0.0000,  0.0000]])
tensor([[0.8665, 1.0000, 0.0000, 0.0000, 0.0000, 0.0000]])
tensor([[-0.7667,  1.0000,  0.0000,  0.0000,  0.0000,  0.0000]])
tensor([[-0.9568,  1.0000,  0.0000,  0.0000,  0.0000,  0.0000]])
tensor([[-0.3493,  1.0000,  0.0000,  0.0000,  0.0000,  0.0000]])
tensor([[-0.9289,  1.0000,  0.0000,  0.0000,  0.0000,  0.0000]])
tensor([[-0.3674,  1.0000,  0.0000,  0.0000,  0.0000,  0.0000]])
tensor([[-0.0825,  1.0000,  1.0000,  0.0000,  0.0000,  0.0000]])
tensor([[-0.9681,  1.0000,  0.0000,  0.0000,  0.0000,  0.0000]])
tensor([[-0.6316,  1.0000,  0.0000,  0.0000,  0.0000,  0.0000]])
tensor([[-0.9809,  1.0000,  0.0000,  0.0000,  0.0000,  0.0000]])
tensor([[-0.7280,  1.0000,  0.0000,  0.0000,  0.0000,  0.0000]])
tensor([[-0.0866,  1.0000,  1.0000,  0.0000,  0.0000,  0.0000]])
tensor([[-0.6429,  1.0000,  1.0000,  0.0000,  0.0000,  0.0000]])
tensor([[-0.4343,  1.0000,  0.0000,  0.0000,  0.0000,  0.0000]])
tensor([[-0.1332,  1.0000,  1.0000,  0.0000,  0.0000,  0.0000]])
tensor([[-0.9790,  1.0000,  0.0000,  0.0000,  0.0000,  0.0000]])
tensor([[-0.5453,  1.0000,  0.0000,  0.0000,  0.0000,  0.0000]])
tensor([[-0.9108,  1.0000,  0.0000,  0.0000,  0.0000,  0.0000]])
tensor([[-0.9459,  1.0000,  1.0000,  0.0000,  0.0000,  0.0000]])
tensor([[-0.9522,  1.0000,  0.0000,  0.0000,  0.0000,  0.0000]])
tensor([[-0.9098,  1.0000,  0.0000,  0.0000,  0.0000,  0.0000]])
tensor([[-0.1974,  1.0000,  0.0000,  0.0000,  0.0000,  0.0000]])
tensor([[-0.8476,  1.0000,  0.0000,  0.0000,  0.0000,  0.0000]])
tensor([[-0.7285,  1.0000,  0.0000,  0.0000,  0.0000,  0.0000]])
tensor([[-0.6919,  1.0000,  0.0000,  0.0000,  0.0000,  0.0000]])
tensor([[-0.9581,  1.0000,  0.0000,  0.0000,  0.0000,  0.0000]])
tensor([[-0.8302,  1.0000,  0.0000,  0.0000,  0.0000,  0.0000]])
tensor([[-0.9761,  1.0000,  0.0000,  0.0000,  0.0000,  0.0000]])
tensor([[-0.6811,  1.0000,  0.0000,  0.0000,  0.0000,  0.0000]])
tensor([[-0.9755,  1.0000,  0.0000,  0.0000,  0.0000,  0.0000]])
tensor([[-0.8770,  1.0000,  0.0000,  1.0000,  0.0000,  0.0000]])
tensor([[-0.9373,  1.0000,  0.0000,  0.0000,  0.0000,  0.0000]])
tensor([[-0.5717,  1.0000,  0.0000,  0.0000,  0.0000,  0.0000]])
tensor([[-0.7125,  1.0000,  0.0000,  0.0000,  0.0000,  0.0000]])
tensor([[-0.6773,  1.0000,  0.0000,  0.0000,  0.0000,  0.0000]])
tensor([[-0.3857,  1.0000,  0.0000,  0.0000,  0.0000,  0.0000]])
tensor([[-0.7067,  1.0000,  0.0000,  0.0000,  0.0000,  0.0000]])
tensor([[-0.6129,  1.0000,  0.0000,  0.0000,  0.0000,  0.0000]])
tensor([[-0.8457,  1.0000,  0.0000,  0.0000,  0.0000,  0.0000]])
tensor([[-0.9134,  1.0000,  0.0000,  0.0000,  0.0000,  0.0000]])
tensor([[-0.8705,  1.0000,  0.0000,  0.0000,  0.0000,  0.0000]])
tensor([[-0.7376,  1.0000,  0.0000,  0.0000,  0.0000,  0.0000]])
tensor([[0.2761, 1.0000, 0.0000, 0.0000, 0.0000, 0.0000]])
tensor([[-0.7875,  1.0000,  0.0000,  0.0000,  0.0000,  0.0000]])
tensor([[0.5156, 1.0000, 1.0000, 0.0000, 0.0000, 0.0000]])
tensor([[-0.9196,  1.0000,  0.0000,  0.0000,  0.0000,  0.0000]])
tensor([[-0.7565,  1.0000,  0.0000,  0.0000,  0.0000,  0.0000]])
tensor([[-0.7231,  1.0000,  0.0000,  0.0000,  0.0000,  0.0000]])
tensor([[0.4659, 1.0000, 0.0000, 0.0000, 0.0000, 0.0000]])
tensor([[-0.8743,  1.0000,  0.0000,  0.0000,  0.0000,  0.0000]])
tensor([[0.7779, 1.0000, 0.0000, 0.0000, 0.0000, 0.0000]])
tensor([[0.4230, 1.0000, 0.0000, 0.0000, 0.0000, 0.0000]])
tensor([[-0.7728,  1.0000,  0.0000,  0.0000,  0.0000,  0.0000]])
tensor([[-0.7101,  1.0000,  0.0000,  0.0000,  0.0000,  0.0000]])
tensor([[0.8393, 1.0000, 1.0000, 0.0000, 0.0000, 0.0000]])
tensor([[-0.6716,  1.0000,  0.0000,  0.0000,  0.0000,  0.0000]])
tensor([[-0.7254,  1.0000,  0.0000,  0.0000,  0.0000,  0.0000]])
tensor([[-0.8433,  1.0000,  0.0000,  0.0000,  0.0000,  0.0000]])
tensor([[-0.3368,  1.0000,  0.0000,  0.0000,  0.0000,  0.0000]])
tensor([[-0.2619,  1.0000,  0.0000,  0.0000,  0.0000,  0.0000]])
tensor([[-0.5833,  1.0000,  0.0000,  0.0000,  0.0000,  0.0000]])
tensor([[-0.7096,  1.0000,  0.0000,  0.0000,  0.0000,  0.0000]])
tensor([[-0.7448,  1.0000,  0.0000,  0.0000,  0.0000,  0.0000]])
tensor([[0.8359, 1.0000, 0.0000, 0.0000, 0.0000, 0.0000]])
tensor([[0.0012, 1.0000, 0.0000, 0.0000, 0.0000, 0.0000]])
tensor([[-0.7997,  1.0000,  0.0000,  0.0000,  0.0000,  0.0000]])
tensor([[-0.0693,  1.0000,  0.0000,  0.0000,  0.0000,  0.0000]])
tensor([[-0.6252,  1.0000,  0.0000,  0.0000,  0.0000,  0.0000]])
tensor([[-0.8815,  1.0000,  0.0000,  0.0000,  0.0000,  0.0000]])
tensor([[0.7387, 1.0000, 0.0000, 0.0000, 0.0000, 0.0000]])
tensor([[-0.0593,  1.0000,  0.0000,  0.0000,  0.0000,  0.0000]])
tensor([[0.0236, 1.0000, 0.0000, 0.0000, 0.0000, 0.0000]])
tensor([[0.9460, 1.0000, 0.0000, 0.0000, 0.0000, 0.0000]])
tensor([[0.5635, 1.0000, 0.0000, 1.0000, 0.0000, 0.0000]])
tensor([[0.9308, 1.0000, 0.0000, 0.0000, 0.0000, 0.0000]])
INFO:root:Agent 0 (TQCars): avg action time = 0.0010s
tensor([[-0.7675,  1.0000,  0.0000,  0.0000,  0.0000,  0.0000]])
tensor([[-0.3033,  1.0000,  0.0000,  0.0000,  0.0000,  0.0000]])
tensor([[0.9694, 1.0000, 0.0000, 0.0000, 0.0000, 0.0000]])
tensor([[0.7914, 1.0000, 1.0000, 0.0000, 0.0000, 0.0000]])
tensor([[-0.9418,  1.0000,  0.0000,  0.0000,  0.0000,  0.0000]])
tensor([[-0.0266,  1.0000,  0.0000,  0.0000,  0.0000,  0.0000]])
tensor([[0.6843, 1.0000, 0.0000, 0.0000, 0.0000, 0.0000]])
tensor([[-0.8306,  1.0000,  0.0000,  0.0000,  0.0000,  0.0000]])
tensor([[-0.9796,  1.0000,  0.0000,  0.0000,  0.0000,  0.0000]])
tensor([[-0.8120,  1.0000,  0.0000,  0.0000,  0.0000,  0.0000]])
tensor([[-0.6715,  1.0000,  0.0000,  0.0000,  0.0000,  0.0000]])
tensor([[-0.8386,  1.0000,  0.0000,  0.0000,  0.0000,  0.0000]])
tensor([[0.4299, 1.0000, 0.0000, 0.0000, 0.0000, 0.0000]])
tensor([[-0.2539,  1.0000,  0.0000,  0.0000,  0.0000,  0.0000]])
tensor([[0.3258, 1.0000, 0.0000, 0.0000, 0.0000, 0.0000]])
tensor([[0.2064, 1.0000, 0.0000, 0.0000, 0.0000, 0.0000]])
tensor([[-0.7760,  1.0000,  0.0000,  0.0000,  0.0000,  0.0000]])
tensor([[-0.5812,  1.0000,  0.0000,  0.0000,  0.0000,  0.0000]])
tensor([[-0.4578,  1.0000,  0.0000,  0.0000,  0.0000,  0.0000]])
tensor([[0.0530, 1.0000, 0.0000, 0.0000, 0.0000, 0.0000]])
tensor([[0.3627, 1.0000, 0.0000, 0.0000, 0.0000, 0.0000]])
tensor([[0.4073, 1.0000, 0.0000, 0.0000, 0.0000, 0.0000]])
tensor([[-0.6867,  1.0000,  0.0000,  0.0000,  0.0000,  0.0000]])
tensor([[0.6935, 1.0000, 0.0000, 0.0000, 0.0000, 0.0000]])
tensor([[-0.8688,  1.0000,  0.0000,  0.0000,  0.0000,  0.0000]])
tensor([[-0.9212,  1.0000,  0.0000,  0.0000,  0.0000,  0.0000]])
tensor([[0.7074, 1.0000, 0.0000, 0.0000, 0.0000, 0.0000]])
tensor([[-0.2909,  1.0000,  0.0000,  0.0000,  0.0000,  0.0000]])
tensor([[-0.5512,  1.0000,  0.0000,  1.0000,  0.0000,  0.0000]])
tensor([[0.8954, 1.0000, 0.0000, 0.0000, 0.0000, 0.0000]])
tensor([[0.5934, 1.0000, 0.0000, 1.0000, 0.0000, 0.0000]])
tensor([[-0.7542,  1.0000,  0.0000,  0.0000,  0.0000,  0.0000]])
tensor([[0.1478, 1.0000, 0.0000, 0.0000, 0.0000, 0.0000]])
tensor([[-0.3366,  1.0000,  0.0000,  0.0000,  0.0000,  0.0000]])
tensor([[0.5150, 1.0000, 0.0000, 0.0000, 0.0000, 0.0000]])
tensor([[0.7558, 1.0000, 0.0000, 0.0000, 0.0000, 0.0000]])
tensor([[0.8681, 1.0000, 0.0000, 0.0000, 0.0000, 0.0000]])
tensor([[-0.6790,  1.0000,  0.0000,  0.0000,  0.0000,  0.0000]])
tensor([[0.2328, 1.0000, 0.0000, 0.0000, 0.0000, 0.0000]])
tensor([[0.9633, 1.0000, 0.0000, 0.0000, 0.0000, 0.0000]])
tensor([[-0.8184,  1.0000,  0.0000,  0.0000,  0.0000,  0.0000]])
tensor([[0.1246, 1.0000, 0.0000, 0.0000, 0.0000, 0.0000]])
tensor([[-0.1610,  1.0000,  0.0000,  0.0000,  0.0000,  0.0000]])
tensor([[0.3500, 1.0000, 0.0000, 0.0000, 0.0000, 0.0000]])
tensor([[0.8831, 1.0000, 0.0000, 0.0000, 0.0000, 0.0000]])
tensor([[-0.5220,  1.0000,  0.0000,  0.0000,  0.0000,  0.0000]])
tensor([[0.5291, 1.0000, 0.0000, 0.0000, 0.0000, 0.0000]])
tensor([[-0.8372,  1.0000,  0.0000,  0.0000,  0.0000,  0.0000]])
tensor([[-0.1124,  1.0000,  0.0000,  0.0000,  0.0000,  0.0000]])
tensor([[-0.6124,  1.0000,  0.0000,  0.0000,  0.0000,  0.0000]])
tensor([[-0.2179,  1.0000,  0.0000,  0.0000,  0.0000,  0.0000]])
tensor([[-0.2713,  1.0000,  0.0000,  0.0000,  0.0000,  0.0000]])
tensor([[0.1009, 1.0000, 0.0000, 0.0000, 0.0000, 0.0000]])
tensor([[-0.5645,  1.0000,  0.0000,  0.0000,  0.0000,  0.0000]])
tensor([[-0.8646,  1.0000,  0.0000,  0.0000,  0.0000,  0.0000]])
tensor([[-0.5796,  0.0000,  0.0000,  0.0000,  0.0000,  0.0000]])
tensor([[-0.3092,  1.0000,  0.0000,  1.0000,  0.0000,  0.0000]])
tensor([[-0.8847,  1.0000,  0.0000,  0.0000,  0.0000,  0.0000]])
tensor([[-0.0669,  1.0000,  0.0000,  0.0000,  0.0000,  0.0000]])
tensor([[0.6781, 1.0000, 0.0000, 0.0000, 0.0000, 0.0000]])
tensor([[0.6258, 1.0000, 0.0000, 0.0000, 0.0000, 0.0000]])
tensor([[-0.6713,  1.0000,  0.0000,  0.0000,  0.0000,  0.0000]])
tensor([[-0.8249,  1.0000,  0.0000,  0.0000,  0.0000,  0.0000]])
tensor([[-0.1581,  1.0000,  0.0000,  0.0000,  0.0000,  0.0000]])
tensor([[0.5445, 1.0000, 0.0000, 0.0000, 0.0000, 0.0000]])
tensor([[0.1757, 1.0000, 0.0000, 0.0000, 0.0000, 0.0000]])
tensor([[-0.9005,  1.0000,  0.0000,  0.0000,  0.0000,  0.0000]])
tensor([[-0.2725,  1.0000,  0.0000,  0.0000,  0.0000,  0.0000]])
tensor([[-0.0028,  1.0000,  0.0000,  0.0000,  0.0000,  0.0000]])
tensor([[0.4597, 1.0000, 0.0000, 0.0000, 0.0000, 0.0000]])
tensor([[0.1237, 1.0000, 0.0000, 0.0000, 0.0000, 0.0000]])
tensor([[-0.8140,  1.0000,  0.0000,  0.0000,  0.0000,  0.0000]])
tensor([[-0.6511,  1.0000,  0.0000,  0.0000,  0.0000,  0.0000]])
tensor([[-0.7786,  1.0000,  0.0000,  0.0000,  0.0000,  0.0000]])
tensor([[-0.9878,  1.0000,  0.0000,  1.0000,  0.0000,  0.0000]])
tensor([[-0.0196,  1.0000,  0.0000,  0.0000,  0.0000,  0.0000]])
{"type": "results", "track": "xr591", "results": [{"key": 0, "reward": -0.1003662109375, "position": 4, "name": "TQCars", "avg_action_time": 0.001019367237319481}]}
