INFO:root:Loading the agents
INFO:root:Loaded player TQCars
INFO:root:Creating pystk-1
INFO:root:Adding wrapper <function get_wrappers.<locals>.<lambda> at 0x768b6cd07420>
INFO:root:Adding wrapper <function get_wrappers.<locals>.<lambda> at 0x768b6cd074c0>
INFO:root:Adding wrapper <function get_wrappers.<locals>.<lambda> at 0x768b6cd07560>
INFO:root:Adding wrapper <function get_wrappers.<locals>.<lambda> at 0x768b6cd07600>
INFO:root:(multi-env mono adapter) Setting main environment max_paths to 5
INFO:root:Loading trained model from CHECKPOINT-GPUFAC/tqc_EXP14RACING_200000.pt...
INFO:root:Starting a race
..:: Antarctica Rendering Engine 2.0 ::..
tensor([[-0.7556,  1.0000,  0.0000,  0.0000,  0.0000,  0.0000]])
tensor([[-0.6986,  1.0000,  0.0000,  0.0000,  0.0000,  0.0000]])
tensor([[-0.8150,  1.0000,  0.0000,  0.0000,  0.0000,  0.0000]])
tensor([[-0.6928,  0.0000,  0.0000,  0.0000,  0.0000,  0.0000]])
tensor([[-0.9782,  1.0000,  0.0000,  0.0000,  0.0000,  0.0000]])
tensor([[-0.8349,  1.0000,  0.0000,  0.0000,  0.0000,  0.0000]])
tensor([[-0.3854,  1.0000,  0.0000,  0.0000,  0.0000,  0.0000]])
tensor([[-0.7972,  1.0000,  0.0000,  0.0000,  0.0000,  0.0000]])
tensor([[-0.6207,  1.0000,  0.0000,  0.0000,  0.0000,  0.0000]])
tensor([[-0.8501,  1.0000,  0.0000,  0.0000,  0.0000,  0.0000]])
tensor([[-0.8185,  1.0000,  0.0000,  0.0000,  0.0000,  0.0000]])
tensor([[-0.8992,  1.0000,  0.0000,  0.0000,  0.0000,  0.0000]])
tensor([[-0.8692,  1.0000,  0.0000,  0.0000,  0.0000,  0.0000]])
tensor([[-0.7882,  1.0000,  0.0000,  0.0000,  0.0000,  0.0000]])
tensor([[-0.7362,  1.0000,  0.0000,  0.0000,  0.0000,  0.0000]])
tensor([[-0.2778,  1.0000,  0.0000,  0.0000,  0.0000,  0.0000]])
tensor([[-0.9855,  1.0000,  0.0000,  0.0000,  0.0000,  0.0000]])
tensor([[-0.5582,  1.0000,  0.0000,  0.0000,  0.0000,  0.0000]])
tensor([[-0.7108,  1.0000,  0.0000,  0.0000,  0.0000,  0.0000]])
tensor([[-0.9481,  1.0000,  0.0000,  0.0000,  0.0000,  0.0000]])
tensor([[-0.0313,  1.0000,  0.0000,  0.0000,  0.0000,  0.0000]])
tensor([[-0.9424,  1.0000,  0.0000,  0.0000,  0.0000,  0.0000]])
tensor([[-0.7384,  1.0000,  0.0000,  0.0000,  0.0000,  0.0000]])
tensor([[-0.2162,  1.0000,  0.0000,  0.0000,  0.0000,  0.0000]])
tensor([[-0.4832,  1.0000,  0.0000,  0.0000,  0.0000,  0.0000]])
tensor([[0.0969, 1.0000, 0.0000, 0.0000, 0.0000, 0.0000]])
tensor([[-0.2988,  1.0000,  0.0000,  0.0000,  0.0000,  0.0000]])
tensor([[0.6686, 1.0000, 0.0000, 0.0000, 0.0000, 0.0000]])
tensor([[0.6900, 1.0000, 0.0000, 0.0000, 0.0000, 0.0000]])
tensor([[-0.5807,  1.0000,  0.0000,  0.0000,  0.0000,  0.0000]])
tensor([[-0.4079,  1.0000,  0.0000,  0.0000,  0.0000,  0.0000]])
tensor([[-0.1389,  1.0000,  0.0000,  0.0000,  0.0000,  0.0000]])
tensor([[0.9606, 1.0000, 0.0000, 0.0000, 0.0000, 0.0000]])
tensor([[0.6864, 1.0000, 0.0000, 0.0000, 0.0000, 0.0000]])
tensor([[0.4526, 1.0000, 0.0000, 0.0000, 0.0000, 0.0000]])
tensor([[0.9078, 1.0000, 0.0000, 0.0000, 0.0000, 0.0000]])
tensor([[-0.8525,  1.0000,  0.0000,  0.0000,  0.0000,  0.0000]])
tensor([[-0.4970,  1.0000,  0.0000,  0.0000,  0.0000,  0.0000]])
tensor([[-0.3866,  1.0000,  0.0000,  0.0000,  0.0000,  0.0000]])
tensor([[-0.1063,  1.0000,  0.0000,  0.0000,  0.0000,  0.0000]])
tensor([[0.8461, 1.0000, 0.0000, 0.0000, 0.0000, 0.0000]])
tensor([[0.0832, 1.0000, 0.0000, 0.0000, 0.0000, 0.0000]])
tensor([[-0.2299,  1.0000,  0.0000,  0.0000,  0.0000,  0.0000]])
tensor([[0.8328, 1.0000, 0.0000, 0.0000, 0.0000, 0.0000]])
tensor([[0.3242, 1.0000, 0.0000, 0.0000, 0.0000, 0.0000]])
tensor([[-0.5243,  1.0000,  0.0000,  0.0000,  0.0000,  0.0000]])
tensor([[-0.7086,  1.0000,  0.0000,  0.0000,  0.0000,  0.0000]])
tensor([[0.1445, 1.0000, 0.0000, 0.0000, 0.0000, 0.0000]])
tensor([[-0.7351,  1.0000,  0.0000,  0.0000,  0.0000,  0.0000]])
tensor([[0.5248, 1.0000, 0.0000, 0.0000, 0.0000, 0.0000]])
tensor([[0.9749, 1.0000, 0.0000, 0.0000, 0.0000, 0.0000]])
tensor([[0.6517, 1.0000, 0.0000, 0.0000, 0.0000, 0.0000]])
tensor([[0.5557, 1.0000, 0.0000, 0.0000, 0.0000, 0.0000]])
tensor([[0.9691, 1.0000, 0.0000, 0.0000, 0.0000, 0.0000]])
tensor([[0.7502, 1.0000, 0.0000, 0.0000, 0.0000, 0.0000]])
tensor([[0.9683, 1.0000, 0.0000, 0.0000, 0.0000, 0.0000]])
tensor([[0.9743, 1.0000, 0.0000, 0.0000, 0.0000, 0.0000]])
tensor([[0.9551, 1.0000, 0.0000, 0.0000, 0.0000, 0.0000]])
tensor([[0.7820, 1.0000, 0.0000, 0.0000, 0.0000, 0.0000]])
tensor([[0.7123, 1.0000, 0.0000, 0.0000, 0.0000, 0.0000]])
tensor([[0.9781, 1.0000, 0.0000, 0.0000, 0.0000, 0.0000]])
tensor([[0.9649, 1.0000, 0.0000, 0.0000, 0.0000, 0.0000]])
tensor([[0.9890, 1.0000, 0.0000, 0.0000, 0.0000, 0.0000]])
tensor([[0.9770, 1.0000, 0.0000, 0.0000, 0.0000, 0.0000]])
tensor([[0.9096, 1.0000, 0.0000, 0.0000, 0.0000, 0.0000]])
tensor([[0.9725, 1.0000, 0.0000, 0.0000, 0.0000, 0.0000]])
tensor([[0.7961, 1.0000, 0.0000, 0.0000, 0.0000, 0.0000]])
tensor([[0.9022, 1.0000, 0.0000, 0.0000, 0.0000, 0.0000]])
tensor([[0.7843, 1.0000, 0.0000, 0.0000, 0.0000, 0.0000]])
tensor([[0.7536, 1.0000, 0.0000, 0.0000, 0.0000, 0.0000]])
tensor([[-0.3829,  1.0000,  0.0000,  0.0000,  0.0000,  0.0000]])
tensor([[-0.6960,  1.0000,  0.0000,  0.0000,  0.0000,  0.0000]])
tensor([[0.9556, 1.0000, 0.0000, 0.0000, 0.0000, 0.0000]])
tensor([[-0.3218,  1.0000,  0.0000,  0.0000,  0.0000,  0.0000]])
tensor([[0.3087, 1.0000, 0.0000, 0.0000, 0.0000, 0.0000]])
tensor([[-0.3548,  1.0000,  0.0000,  0.0000,  0.0000,  0.0000]])
tensor([[-0.4615,  1.0000,  0.0000,  0.0000,  0.0000,  0.0000]])
tensor([[0.3210, 1.0000, 0.0000, 0.0000, 0.0000, 0.0000]])
tensor([[0.4657, 1.0000, 0.0000, 0.0000, 0.0000, 0.0000]])
tensor([[-0.6838,  1.0000,  0.0000,  0.0000,  0.0000,  0.0000]])
tensor([[0.7679, 1.0000, 0.0000, 0.0000, 0.0000, 0.0000]])
tensor([[-0.5700,  1.0000,  0.0000,  0.0000,  0.0000,  0.0000]])
tensor([[-0.8566,  1.0000,  0.0000,  0.0000,  0.0000,  0.0000]])
tensor([[0.0927, 1.0000, 0.0000, 0.0000, 0.0000, 0.0000]])
tensor([[-0.4012,  1.0000,  0.0000,  0.0000,  0.0000,  0.0000]])
tensor([[-0.4945,  1.0000,  0.0000,  0.0000,  0.0000,  0.0000]])
tensor([[-0.0891,  1.0000,  0.0000,  0.0000,  0.0000,  0.0000]])
tensor([[0.8876, 1.0000, 0.0000, 0.0000, 0.0000, 0.0000]])
tensor([[0.2183, 1.0000, 0.0000, 0.0000, 0.0000, 0.0000]])
tensor([[0.6609, 1.0000, 0.0000, 0.0000, 0.0000, 0.0000]])
tensor([[0.9951, 1.0000, 0.0000, 0.0000, 0.0000, 0.0000]])
tensor([[-0.2154,  1.0000,  0.0000,  0.0000,  0.0000,  0.0000]])
tensor([[0.1202, 1.0000, 0.0000, 0.0000, 0.0000, 0.0000]])
tensor([[-0.9002,  1.0000,  0.0000,  0.0000,  0.0000,  0.0000]])
tensor([[-0.4400,  1.0000,  0.0000,  0.0000,  0.0000,  0.0000]])
tensor([[-0.4687,  1.0000,  0.0000,  0.0000,  0.0000,  0.0000]])
tensor([[0.8310, 1.0000, 0.0000, 0.0000, 0.0000, 0.0000]])
tensor([[-0.3071,  1.0000,  0.0000,  0.0000,  0.0000,  0.0000]])
tensor([[0.7261, 1.0000, 0.0000, 0.0000, 0.0000, 0.0000]])
tensor([[-0.7263,  1.0000,  0.0000,  0.0000,  0.0000,  0.0000]])
tensor([[-0.7379,  1.0000,  0.0000,  0.0000,  0.0000,  0.0000]])
tensor([[-0.7313,  1.0000,  0.0000,  0.0000,  0.0000,  0.0000]])
tensor([[0.3685, 1.0000, 0.0000, 0.0000, 0.0000, 0.0000]])
tensor([[-0.2656,  1.0000,  0.0000,  0.0000,  0.0000,  0.0000]])
tensor([[0.9714, 1.0000, 0.0000, 0.0000, 0.0000, 0.0000]])
tensor([[0.6375, 1.0000, 0.0000, 0.0000, 0.0000, 0.0000]])
tensor([[-0.0288,  1.0000,  0.0000,  0.0000,  0.0000,  0.0000]])
tensor([[-0.4284,  1.0000,  0.0000,  0.0000,  0.0000,  0.0000]])
tensor([[-0.8043,  1.0000,  0.0000,  0.0000,  0.0000,  0.0000]])
tensor([[0.4475, 1.0000, 0.0000, 0.0000, 0.0000, 0.0000]])
tensor([[-0.0043,  1.0000,  0.0000,  0.0000,  0.0000,  0.0000]])
tensor([[0.9779, 1.0000, 0.0000, 0.0000, 0.0000, 0.0000]])
tensor([[0.9830, 1.0000, 0.0000, 0.0000, 0.0000, 0.0000]])
tensor([[0.9008, 1.0000, 0.0000, 0.0000, 0.0000, 0.0000]])
tensor([[0.9737, 1.0000, 0.0000, 0.0000, 0.0000, 0.0000]])
tensor([[0.8705, 1.0000, 0.0000, 0.0000, 0.0000, 0.0000]])
tensor([[0.2342, 1.0000, 0.0000, 0.0000, 0.0000, 0.0000]])
tensor([[0.9629, 1.0000, 0.0000, 0.0000, 0.0000, 0.0000]])
tensor([[0.9925, 1.0000, 0.0000, 0.0000, 0.0000, 0.0000]])
tensor([[0.9951, 1.0000, 0.0000, 0.0000, 0.0000, 0.0000]])
tensor([[0.9402, 1.0000, 0.0000, 0.0000, 0.0000, 0.0000]])
tensor([[0.6593, 1.0000, 0.0000, 0.0000, 0.0000, 0.0000]])
tensor([[0.5189, 1.0000, 0.0000, 0.0000, 0.0000, 0.0000]])
tensor([[0.3541, 1.0000, 0.0000, 0.0000, 0.0000, 0.0000]])
tensor([[-0.1543,  1.0000,  0.0000,  0.0000,  0.0000,  0.0000]])
tensor([[0.1850, 1.0000, 0.0000, 0.0000, 0.0000, 0.0000]])
tensor([[-0.7148,  1.0000,  0.0000,  0.0000,  0.0000,  0.0000]])
tensor([[-0.1200,  1.0000,  0.0000,  0.0000,  0.0000,  0.0000]])
tensor([[0.1388, 1.0000, 0.0000, 0.0000, 0.0000, 0.0000]])
tensor([[0.0674, 1.0000, 0.0000, 0.0000, 0.0000, 0.0000]])
tensor([[-0.1372,  1.0000,  0.0000,  0.0000,  0.0000,  0.0000]])
tensor([[0.0890, 1.0000, 0.0000, 0.0000, 0.0000, 0.0000]])
tensor([[-0.5706,  1.0000,  0.0000,  0.0000,  0.0000,  0.0000]])
tensor([[-0.9751,  1.0000,  0.0000,  0.0000,  0.0000,  0.0000]])
tensor([[0.3566, 1.0000, 0.0000, 0.0000, 0.0000, 0.0000]])
tensor([[-0.4959,  1.0000,  0.0000,  0.0000,  0.0000,  0.0000]])
tensor([[0.2277, 1.0000, 0.0000, 0.0000, 0.0000, 0.0000]])
tensor([[0.5524, 1.0000, 0.0000, 0.0000, 0.0000, 0.0000]])
tensor([[-0.0271,  1.0000,  0.0000,  0.0000,  0.0000,  0.0000]])
tensor([[-0.9188,  1.0000,  0.0000,  0.0000,  0.0000,  0.0000]])
tensor([[-0.2133,  1.0000,  0.0000,  0.0000,  0.0000,  0.0000]])
tensor([[-0.3140,  1.0000,  0.0000,  0.0000,  0.0000,  0.0000]])
tensor([[0.6213, 1.0000, 0.0000, 0.0000, 0.0000, 0.0000]])
tensor([[0.2502, 1.0000, 0.0000, 0.0000, 0.0000, 0.0000]])
tensor([[0.3684, 1.0000, 0.0000, 0.0000, 0.0000, 0.0000]])
tensor([[0.4240, 1.0000, 0.0000, 0.0000, 0.0000, 0.0000]])
tensor([[0.5747, 1.0000, 0.0000, 0.0000, 0.0000, 0.0000]])
tensor([[-0.8390,  1.0000,  0.0000,  0.0000,  0.0000,  0.0000]])
tensor([[-0.1055,  1.0000,  0.0000,  0.0000,  0.0000,  0.0000]])
tensor([[-0.6329,  1.0000,  0.0000,  0.0000,  0.0000,  0.0000]])
tensor([[-0.8071,  1.0000,  0.0000,  0.0000,  0.0000,  0.0000]])
tensor([[0.0831, 1.0000, 0.0000, 0.0000, 0.0000, 0.0000]])
tensor([[-0.6613,  1.0000,  0.0000,  0.0000,  0.0000,  0.0000]])
tensor([[0.2308, 1.0000, 0.0000, 0.0000, 0.0000, 0.0000]])
tensor([[0.6745, 1.0000, 0.0000, 0.0000, 0.0000, 0.0000]])
tensor([[0.3284, 1.0000, 0.0000, 0.0000, 0.0000, 0.0000]])
tensor([[0.3007, 1.0000, 0.0000, 0.0000, 0.0000, 0.0000]])
tensor([[0.9289, 1.0000, 0.0000, 0.0000, 0.0000, 0.0000]])
tensor([[0.7293, 1.0000, 0.0000, 0.0000, 0.0000, 0.0000]])
tensor([[-0.8928,  1.0000,  0.0000,  0.0000,  0.0000,  0.0000]])
tensor([[-0.7693,  1.0000,  0.0000,  0.0000,  0.0000,  0.0000]])
tensor([[-0.1484,  1.0000,  0.0000,  0.0000,  0.0000,  0.0000]])
tensor([[0.4365, 1.0000, 0.0000, 0.0000, 0.0000, 0.0000]])
tensor([[-0.5069,  1.0000,  0.0000,  0.0000,  0.0000,  0.0000]])
tensor([[0.2523, 1.0000, 0.0000, 0.0000, 0.0000, 0.0000]])
tensor([[0.1614, 1.0000, 0.0000, 0.0000, 0.0000, 0.0000]])
tensor([[0.2958, 1.0000, 0.0000, 0.0000, 0.0000, 0.0000]])
tensor([[-0.2359,  1.0000,  0.0000,  0.0000,  0.0000,  0.0000]])
tensor([[0.3997, 1.0000, 0.0000, 0.0000, 0.0000, 0.0000]])
tensor([[-0.2498,  1.0000,  0.0000,  0.0000,  0.0000,  0.0000]])
tensor([[0.2878, 1.0000, 0.0000, 0.0000, 0.0000, 0.0000]])
tensor([[-0.0912,  1.0000,  0.0000,  0.0000,  0.0000,  0.0000]])
tensor([[0.2674, 1.0000, 0.0000, 0.0000, 0.0000, 0.0000]])
tensor([[0.3831, 1.0000, 0.0000, 0.0000, 0.0000, 0.0000]])
tensor([[-0.8629,  1.0000,  0.0000,  0.0000,  0.0000,  0.0000]])
tensor([[-0.4205,  1.0000,  0.0000,  0.0000,  0.0000,  0.0000]])
tensor([[-0.3018,  1.0000,  0.0000,  0.0000,  0.0000,  0.0000]])
tensor([[-0.1953,  1.0000,  0.0000,  0.0000,  0.0000,  0.0000]])
tensor([[-0.6722,  1.0000,  0.0000,  0.0000,  0.0000,  0.0000]])
tensor([[0.6774, 1.0000, 0.0000, 0.0000, 0.0000, 0.0000]])
tensor([[-0.1172,  1.0000,  0.0000,  0.0000,  0.0000,  0.0000]])
tensor([[0.2936, 1.0000, 0.0000, 0.0000, 0.0000, 0.0000]])
tensor([[0.5479, 1.0000, 0.0000, 0.0000, 0.0000, 0.0000]])
tensor([[-0.7881,  1.0000,  0.0000,  0.0000,  0.0000,  0.0000]])
tensor([[-0.6123,  1.0000,  0.0000,  0.0000,  0.0000,  0.0000]])
tensor([[0.0096, 1.0000, 0.0000, 0.0000, 0.0000, 0.0000]])
tensor([[0.8208, 1.0000, 0.0000, 0.0000, 0.0000, 0.0000]])
tensor([[0.3703, 1.0000, 0.0000, 0.0000, 0.0000, 0.0000]])
tensor([[-0.1143,  1.0000,  0.0000,  0.0000,  0.0000,  0.0000]])
tensor([[0.9364, 1.0000, 0.0000, 0.0000, 0.0000, 0.0000]])
tensor([[0.8169, 1.0000, 0.0000, 0.0000, 0.0000, 0.0000]])
tensor([[-0.4803,  1.0000,  0.0000,  0.0000,  0.0000,  0.0000]])
tensor([[0.7958, 1.0000, 0.0000, 0.0000, 0.0000, 0.0000]])
tensor([[-0.2959,  1.0000,  0.0000,  0.0000,  0.0000,  0.0000]])
tensor([[-0.9825,  1.0000,  0.0000,  0.0000,  0.0000,  0.0000]])
tensor([[-0.5817,  1.0000,  0.0000,  0.0000,  0.0000,  0.0000]])
tensor([[-0.3736,  0.0000,  0.0000,  0.0000,  0.0000,  0.0000]])
tensor([[-0.7254,  1.0000,  0.0000,  0.0000,  0.0000,  0.0000]])
tensor([[0.4708, 1.0000, 0.0000, 0.0000, 0.0000, 0.0000]])
tensor([[0.9056, 1.0000, 0.0000, 0.0000, 0.0000, 0.0000]])
tensor([[-0.8391,  1.0000,  0.0000,  0.0000,  0.0000,  0.0000]])
tensor([[0.5934, 1.0000, 0.0000, 0.0000, 0.0000, 0.0000]])
tensor([[-0.6807,  1.0000,  0.0000,  0.0000,  0.0000,  0.0000]])
tensor([[0.0027, 1.0000, 0.0000, 0.0000, 0.0000, 0.0000]])
tensor([[-0.3594,  1.0000,  0.0000,  0.0000,  0.0000,  0.0000]])
tensor([[0.7649, 1.0000, 0.0000, 0.0000, 0.0000, 0.0000]])
tensor([[-0.7131,  1.0000,  0.0000,  0.0000,  0.0000,  0.0000]])
tensor([[0.7813, 1.0000, 0.0000, 0.0000, 0.0000, 0.0000]])
tensor([[0.6023, 1.0000, 0.0000, 0.0000, 0.0000, 0.0000]])
tensor([[-0.3034,  1.0000,  0.0000,  0.0000,  0.0000,  0.0000]])
tensor([[-0.8402,  1.0000,  0.0000,  0.0000,  0.0000,  0.0000]])
tensor([[-0.4421,  1.0000,  0.0000,  0.0000,  0.0000,  0.0000]])
tensor([[0.8862, 1.0000, 0.0000, 0.0000, 0.0000, 0.0000]])
tensor([[0.8446, 1.0000, 0.0000, 0.0000, 0.0000, 0.0000]])
tensor([[0.8661, 1.0000, 0.0000, 0.0000, 0.0000, 0.0000]])
tensor([[0.3058, 1.0000, 0.0000, 0.0000, 0.0000, 0.0000]])
tensor([[-0.9159,  1.0000,  0.0000,  0.0000,  0.0000,  0.0000]])
tensor([[0.1505, 1.0000, 0.0000, 0.0000, 0.0000, 0.0000]])
tensor([[-0.6671,  1.0000,  0.0000,  0.0000,  0.0000,  0.0000]])
tensor([[-0.9872,  1.0000,  0.0000,  0.0000,  0.0000,  0.0000]])
tensor([[-0.9727,  1.0000,  0.0000,  0.0000,  0.0000,  0.0000]])
tensor([[-0.9730,  1.0000,  0.0000,  0.0000,  0.0000,  0.0000]])
tensor([[-0.7715,  1.0000,  0.0000,  0.0000,  0.0000,  0.0000]])
tensor([[-0.9187,  1.0000,  0.0000,  0.0000,  0.0000,  0.0000]])
tensor([[-0.9860,  1.0000,  0.0000,  0.0000,  0.0000,  0.0000]])
tensor([[-0.9943,  1.0000,  0.0000,  0.0000,  0.0000,  0.0000]])
tensor([[-0.6125,  1.0000,  0.0000,  0.0000,  0.0000,  0.0000]])
tensor([[-0.9295,  1.0000,  0.0000,  0.0000,  0.0000,  0.0000]])
tensor([[-0.9350,  1.0000,  0.0000,  0.0000,  0.0000,  0.0000]])
tensor([[0.3417, 1.0000, 0.0000, 0.0000, 0.0000, 0.0000]])
tensor([[-0.7780,  1.0000,  0.0000,  0.0000,  0.0000,  0.0000]])
tensor([[-0.7162,  1.0000,  0.0000,  0.0000,  0.0000,  0.0000]])
tensor([[-0.4887,  1.0000,  0.0000,  0.0000,  0.0000,  0.0000]])
tensor([[0.7572, 1.0000, 0.0000, 0.0000, 0.0000, 0.0000]])
tensor([[0.4397, 1.0000, 0.0000, 0.0000, 0.0000, 0.0000]])
tensor([[0.3574, 1.0000, 0.0000, 0.0000, 0.0000, 0.0000]])
tensor([[0.2063, 1.0000, 0.0000, 0.0000, 0.0000, 0.0000]])
tensor([[0.7651, 1.0000, 0.0000, 0.0000, 0.0000, 0.0000]])
tensor([[-0.0099,  1.0000,  0.0000,  0.0000,  0.0000,  0.0000]])
tensor([[0.8381, 1.0000, 0.0000, 0.0000, 0.0000, 0.0000]])
tensor([[0.7106, 1.0000, 0.0000, 0.0000, 0.0000, 0.0000]])
tensor([[0.9025, 1.0000, 0.0000, 0.0000, 0.0000, 0.0000]])
tensor([[0.1498, 1.0000, 0.0000, 0.0000, 0.0000, 0.0000]])
tensor([[0.8857, 1.0000, 0.0000, 0.0000, 0.0000, 0.0000]])
tensor([[0.7988, 1.0000, 0.0000, 0.0000, 0.0000, 0.0000]])
tensor([[0.5447, 1.0000, 0.0000, 0.0000, 0.0000, 0.0000]])
tensor([[-0.9354,  1.0000,  0.0000,  0.0000,  0.0000,  0.0000]])
tensor([[0.4908, 1.0000, 0.0000, 0.0000, 0.0000, 0.0000]])
tensor([[0.9718, 1.0000, 0.0000, 0.0000, 0.0000, 0.0000]])
tensor([[0.5189, 1.0000, 0.0000, 0.0000, 0.0000, 0.0000]])
tensor([[0.9322, 1.0000, 0.0000, 0.0000, 0.0000, 0.0000]])
tensor([[0.4297, 1.0000, 0.0000, 0.0000, 0.0000, 0.0000]])
tensor([[-0.4291,  1.0000,  0.0000,  0.0000,  0.0000,  0.0000]])
tensor([[-0.4458,  1.0000,  0.0000,  0.0000,  0.0000,  0.0000]])
tensor([[0.6805, 1.0000, 0.0000, 0.0000, 0.0000, 0.0000]])
tensor([[0.6132, 1.0000, 0.0000, 0.0000, 0.0000, 0.0000]])
tensor([[0.3192, 1.0000, 0.0000, 0.0000, 0.0000, 0.0000]])
tensor([[0.4909, 1.0000, 0.0000, 0.0000, 0.0000, 0.0000]])
tensor([[0.1877, 1.0000, 0.0000, 0.0000, 0.0000, 0.0000]])
tensor([[-0.7851,  1.0000,  0.0000,  0.0000,  0.0000,  0.0000]])
tensor([[0.4898, 1.0000, 0.0000, 0.0000, 0.0000, 0.0000]])
tensor([[0.5215, 1.0000, 0.0000, 0.0000, 0.0000, 0.0000]])
tensor([[0.7763, 1.0000, 0.0000, 0.0000, 0.0000, 0.0000]])
tensor([[0.6782, 1.0000, 0.0000, 0.0000, 0.0000, 0.0000]])
tensor([[-0.7400,  1.0000,  0.0000,  0.0000,  0.0000,  0.0000]])
tensor([[-0.0020,  1.0000,  0.0000,  0.0000,  0.0000,  0.0000]])
tensor([[0.8458, 1.0000, 0.0000, 0.0000, 0.0000, 0.0000]])
tensor([[0.3950, 1.0000, 0.0000, 0.0000, 0.0000, 0.0000]])
tensor([[-0.7888,  1.0000,  0.0000,  0.0000,  0.0000,  0.0000]])
tensor([[0.9357, 1.0000, 0.0000, 0.0000, 0.0000, 0.0000]])
tensor([[0.9239, 1.0000, 0.0000, 0.0000, 0.0000, 0.0000]])
tensor([[0.8594, 1.0000, 0.0000, 0.0000, 0.0000, 0.0000]])
tensor([[-0.0873,  1.0000,  0.0000,  0.0000,  0.0000,  0.0000]])
tensor([[-0.3685,  1.0000,  0.0000,  0.0000,  0.0000,  0.0000]])
tensor([[0.8712, 1.0000, 0.0000, 0.0000, 0.0000, 0.0000]])
tensor([[0.8818, 1.0000, 0.0000, 0.0000, 0.0000, 0.0000]])
tensor([[0.7889, 1.0000, 0.0000, 0.0000, 0.0000, 0.0000]])
tensor([[-0.5166,  1.0000,  0.0000,  0.0000,  0.0000,  0.0000]])
tensor([[0.8536, 1.0000, 0.0000, 0.0000, 0.0000, 0.0000]])
tensor([[0.9022, 1.0000, 0.0000, 0.0000, 0.0000, 0.0000]])
tensor([[-0.3506,  1.0000,  0.0000,  0.0000,  0.0000,  0.0000]])
tensor([[0.5661, 1.0000, 0.0000, 0.0000, 0.0000, 0.0000]])
tensor([[0.0779, 1.0000, 0.0000, 0.0000, 0.0000, 0.0000]])
tensor([[-0.8390,  1.0000,  0.0000,  0.0000,  0.0000,  0.0000]])
tensor([[-0.2402,  1.0000,  0.0000,  0.0000,  0.0000,  0.0000]])
tensor([[0.1659, 1.0000, 0.0000, 0.0000, 0.0000, 0.0000]])
tensor([[0.1060, 1.0000, 0.0000, 0.0000, 0.0000, 0.0000]])
tensor([[0.8389, 1.0000, 0.0000, 0.0000, 0.0000, 0.0000]])
tensor([[0.9423, 1.0000, 0.0000, 0.0000, 0.0000, 0.0000]])
tensor([[0.5842, 1.0000, 0.0000, 0.0000, 0.0000, 0.0000]])
tensor([[0.4159, 1.0000, 0.0000, 0.0000, 0.0000, 0.0000]])
tensor([[0.0325, 1.0000, 0.0000, 0.0000, 0.0000, 0.0000]])
tensor([[-0.1598,  1.0000,  0.0000,  0.0000,  0.0000,  0.0000]])
tensor([[0.6403, 1.0000, 0.0000, 0.0000, 0.0000, 0.0000]])
tensor([[-0.8273,  1.0000,  0.0000,  0.0000,  0.0000,  0.0000]])
tensor([[0.3815, 1.0000, 0.0000, 0.0000, 0.0000, 0.0000]])
tensor([[0.3438, 1.0000, 0.0000, 0.0000, 0.0000, 0.0000]])
tensor([[0.9527, 1.0000, 0.0000, 0.0000, 0.0000, 0.0000]])
tensor([[-0.2520,  1.0000,  0.0000,  0.0000,  0.0000,  0.0000]])
tensor([[0.5825, 1.0000, 0.0000, 0.0000, 0.0000, 0.0000]])
tensor([[0.8355, 1.0000, 0.0000, 0.0000, 0.0000, 0.0000]])
tensor([[0.4080, 1.0000, 0.0000, 0.0000, 0.0000, 0.0000]])
tensor([[0.7785, 1.0000, 0.0000, 0.0000, 0.0000, 0.0000]])
tensor([[-0.6462,  1.0000,  0.0000,  0.0000,  0.0000,  0.0000]])
tensor([[0.2328, 1.0000, 0.0000, 0.0000, 0.0000, 0.0000]])
tensor([[0.9715, 1.0000, 0.0000, 0.0000, 0.0000, 0.0000]])
tensor([[-0.2933,  1.0000,  0.0000,  0.0000,  0.0000,  0.0000]])
tensor([[0.8163, 1.0000, 0.0000, 0.0000, 0.0000, 0.0000]])
tensor([[0.8117, 1.0000, 0.0000, 0.0000, 0.0000, 0.0000]])
tensor([[0.2202, 1.0000, 0.0000, 0.0000, 0.0000, 0.0000]])
tensor([[-0.9357,  1.0000,  0.0000,  0.0000,  0.0000,  0.0000]])
tensor([[-0.3599,  1.0000,  0.0000,  0.0000,  0.0000,  0.0000]])
tensor([[0.7059, 1.0000, 0.0000, 0.0000, 0.0000, 0.0000]])
tensor([[0.9591, 1.0000, 0.0000, 0.0000, 0.0000, 0.0000]])
tensor([[0.8935, 1.0000, 0.0000, 0.0000, 0.0000, 0.0000]])
tensor([[0.7377, 1.0000, 0.0000, 0.0000, 0.0000, 0.0000]])
tensor([[-0.4841,  1.0000,  0.0000,  0.0000,  0.0000,  0.0000]])
tensor([[0.7171, 1.0000, 0.0000, 0.0000, 0.0000, 0.0000]])
tensor([[0.9413, 1.0000, 0.0000, 0.0000, 0.0000, 0.0000]])
tensor([[0.5091, 1.0000, 0.0000, 0.0000, 0.0000, 0.0000]])
tensor([[-0.0201,  1.0000,  0.0000,  0.0000,  0.0000,  0.0000]])
tensor([[-0.6615,  1.0000,  0.0000,  0.0000,  0.0000,  0.0000]])
tensor([[-0.0027,  1.0000,  0.0000,  0.0000,  0.0000,  0.0000]])
tensor([[-0.7207,  1.0000,  0.0000,  0.0000,  0.0000,  0.0000]])
tensor([[0.2307, 1.0000, 0.0000, 0.0000, 0.0000, 0.0000]])
tensor([[0.9621, 1.0000, 0.0000, 0.0000, 0.0000, 0.0000]])
tensor([[0.7118, 1.0000, 0.0000, 0.0000, 0.0000, 0.0000]])
tensor([[0.8424, 1.0000, 0.0000, 0.0000, 0.0000, 0.0000]])
tensor([[0.8880, 1.0000, 0.0000, 0.0000, 0.0000, 0.0000]])
tensor([[0.4853, 1.0000, 0.0000, 0.0000, 0.0000, 0.0000]])
tensor([[-0.9711,  1.0000,  0.0000,  0.0000,  0.0000,  0.0000]])
tensor([[-0.9888,  1.0000,  0.0000,  0.0000,  0.0000,  0.0000]])
tensor([[-0.9816,  1.0000,  0.0000,  0.0000,  0.0000,  0.0000]])
tensor([[-0.9344,  1.0000,  0.0000,  0.0000,  0.0000,  0.0000]])
tensor([[0.8140, 1.0000, 0.0000, 0.0000, 0.0000, 0.0000]])
tensor([[0.7081, 0.0000, 0.0000, 0.0000, 0.0000, 0.0000]])
tensor([[-0.9948,  1.0000,  0.0000,  0.0000,  0.0000,  0.0000]])
tensor([[-0.9816,  1.0000,  0.0000,  0.0000,  0.0000,  0.0000]])
tensor([[-0.6882,  1.0000,  0.0000,  0.0000,  0.0000,  0.0000]])
tensor([[-0.6643,  1.0000,  0.0000,  0.0000,  0.0000,  0.0000]])
tensor([[-0.6346,  1.0000,  0.0000,  0.0000,  0.0000,  0.0000]])
tensor([[-0.5928,  1.0000,  0.0000,  0.0000,  0.0000,  0.0000]])
tensor([[-0.8847,  1.0000,  0.0000,  0.0000,  0.0000,  0.0000]])
tensor([[-0.8373,  1.0000,  0.0000,  0.0000,  0.0000,  0.0000]])
tensor([[-0.9441,  1.0000,  0.0000,  0.0000,  0.0000,  0.0000]])
tensor([[-0.9501,  1.0000,  0.0000,  0.0000,  0.0000,  0.0000]])
tensor([[-0.7588,  1.0000,  0.0000,  0.0000,  0.0000,  0.0000]])
tensor([[-0.8878,  1.0000,  0.0000,  0.0000,  0.0000,  0.0000]])
tensor([[-0.9273,  1.0000,  0.0000,  0.0000,  0.0000,  0.0000]])
tensor([[-0.8922,  1.0000,  0.0000,  0.0000,  0.0000,  0.0000]])
tensor([[-0.9668,  1.0000,  0.0000,  0.0000,  0.0000,  0.0000]])
tensor([[0.7976, 1.0000, 0.0000, 0.0000, 0.0000, 0.0000]])
tensor([[0.7197, 1.0000, 0.0000, 0.0000, 0.0000, 0.0000]])
tensor([[0.7077, 1.0000, 0.0000, 0.0000, 0.0000, 0.0000]])
tensor([[-0.0883,  1.0000,  0.0000,  0.0000,  0.0000,  0.0000]])
tensor([[-0.5684,  1.0000,  0.0000,  0.0000,  0.0000,  0.0000]])
tensor([[-0.0765,  1.0000,  0.0000,  0.0000,  0.0000,  0.0000]])
tensor([[0.0559, 1.0000, 0.0000, 0.0000, 0.0000, 0.0000]])
tensor([[0.9528, 1.0000, 0.0000, 0.0000, 0.0000, 0.0000]])
tensor([[0.5426, 1.0000, 0.0000, 0.0000, 0.0000, 0.0000]])
tensor([[0.7905, 1.0000, 0.0000, 0.0000, 0.0000, 0.0000]])
tensor([[-0.0494,  1.0000,  0.0000,  0.0000,  0.0000,  0.0000]])
tensor([[0.9921, 1.0000, 0.0000, 0.0000, 0.0000, 0.0000]])
tensor([[0.7979, 1.0000, 0.0000, 0.0000, 0.0000, 0.0000]])
tensor([[0.8040, 1.0000, 0.0000, 0.0000, 0.0000, 0.0000]])
tensor([[0.9669, 1.0000, 0.0000, 0.0000, 0.0000, 0.0000]])
tensor([[0.8254, 1.0000, 0.0000, 0.0000, 0.0000, 0.0000]])
tensor([[0.8971, 1.0000, 0.0000, 0.0000, 0.0000, 0.0000]])
tensor([[-0.2973,  1.0000,  0.0000,  0.0000,  0.0000,  0.0000]])
tensor([[0.3013, 1.0000, 0.0000, 0.0000, 0.0000, 0.0000]])
tensor([[-0.8419,  1.0000,  0.0000,  0.0000,  0.0000,  0.0000]])
tensor([[-0.8220,  1.0000,  0.0000,  0.0000,  0.0000,  0.0000]])
tensor([[-0.8527,  1.0000,  0.0000,  0.0000,  0.0000,  0.0000]])
tensor([[-0.1161,  1.0000,  0.0000,  0.0000,  0.0000,  0.0000]])
tensor([[-0.9108,  1.0000,  0.0000,  0.0000,  0.0000,  0.0000]])
tensor([[-0.0225,  1.0000,  0.0000,  0.0000,  0.0000,  0.0000]])
tensor([[-0.9171,  1.0000,  0.0000,  0.0000,  0.0000,  0.0000]])
tensor([[-0.6657,  1.0000,  0.0000,  0.0000,  0.0000,  0.0000]])
tensor([[-0.9353,  1.0000,  0.0000,  0.0000,  0.0000,  0.0000]])
tensor([[-0.9643,  1.0000,  0.0000,  0.0000,  0.0000,  0.0000]])
tensor([[-0.9457,  1.0000,  0.0000,  0.0000,  0.0000,  0.0000]])
tensor([[-0.6508,  1.0000,  0.0000,  0.0000,  0.0000,  0.0000]])
tensor([[-0.6952,  1.0000,  0.0000,  0.0000,  0.0000,  0.0000]])
tensor([[-0.4022,  1.0000,  0.0000,  0.0000,  0.0000,  0.0000]])
tensor([[0.4358, 1.0000, 0.0000, 0.0000, 0.0000, 0.0000]])
tensor([[-0.9744,  1.0000,  0.0000,  0.0000,  0.0000,  0.0000]])
tensor([[-0.7470,  1.0000,  0.0000,  0.0000,  0.0000,  0.0000]])
tensor([[-0.6346,  1.0000,  0.0000,  0.0000,  0.0000,  0.0000]])
tensor([[0.7142, 1.0000, 0.0000, 0.0000, 0.0000, 0.0000]])
tensor([[0.3238, 1.0000, 0.0000, 0.0000, 0.0000, 0.0000]])
tensor([[-0.7502,  1.0000,  0.0000,  0.0000,  0.0000,  0.0000]])
tensor([[-0.6787,  1.0000,  0.0000,  0.0000,  0.0000,  0.0000]])
tensor([[0.3289, 1.0000, 0.0000, 0.0000, 0.0000, 0.0000]])
tensor([[0.9814, 1.0000, 0.0000, 0.0000, 0.0000, 0.0000]])
tensor([[-0.4469,  1.0000,  0.0000,  0.0000,  0.0000,  0.0000]])
tensor([[-0.5081,  1.0000,  0.0000,  0.0000,  0.0000,  0.0000]])
tensor([[0.9713, 1.0000, 0.0000, 0.0000, 0.0000, 0.0000]])
tensor([[0.9834, 1.0000, 0.0000, 0.0000, 0.0000, 0.0000]])
tensor([[0.8926, 1.0000, 0.0000, 0.0000, 0.0000, 0.0000]])
tensor([[0.8739, 1.0000, 0.0000, 0.0000, 0.0000, 0.0000]])
tensor([[0.3368, 1.0000, 0.0000, 0.0000, 0.0000, 0.0000]])
tensor([[0.5945, 1.0000, 0.0000, 0.0000, 0.0000, 0.0000]])
tensor([[0.6784, 1.0000, 0.0000, 0.0000, 0.0000, 0.0000]])
tensor([[-0.9600,  1.0000,  0.0000,  0.0000,  0.0000,  0.0000]])
tensor([[0.0590, 1.0000, 0.0000, 0.0000, 0.0000, 0.0000]])
tensor([[0.1810, 1.0000, 0.0000, 0.0000, 0.0000, 0.0000]])
tensor([[0.6711, 1.0000, 0.0000, 0.0000, 0.0000, 0.0000]])
tensor([[0.9172, 1.0000, 0.0000, 0.0000, 0.0000, 0.0000]])
tensor([[0.8814, 0.0000, 0.0000, 0.0000, 0.0000, 0.0000]])
tensor([[0.5603, 1.0000, 0.0000, 0.0000, 0.0000, 0.0000]])
tensor([[0.5917, 1.0000, 0.0000, 0.0000, 0.0000, 0.0000]])
tensor([[0.9635, 1.0000, 0.0000, 0.0000, 0.0000, 0.0000]])
tensor([[0.5098, 1.0000, 0.0000, 0.0000, 0.0000, 0.0000]])
tensor([[0.5726, 1.0000, 0.0000, 0.0000, 0.0000, 0.0000]])
tensor([[-0.4635,  1.0000,  0.0000,  0.0000,  0.0000,  0.0000]])
tensor([[0.8521, 1.0000, 0.0000, 0.0000, 0.0000, 0.0000]])
tensor([[0.5568, 1.0000, 0.0000, 0.0000, 0.0000, 0.0000]])
tensor([[-0.2185,  1.0000,  0.0000,  0.0000,  0.0000,  0.0000]])
tensor([[0.6143, 1.0000, 0.0000, 0.0000, 0.0000, 0.0000]])
tensor([[-0.3726,  1.0000,  0.0000,  0.0000,  0.0000,  0.0000]])
tensor([[0.5049, 1.0000, 0.0000, 0.0000, 0.0000, 0.0000]])
tensor([[-0.0878,  1.0000,  0.0000,  0.0000,  0.0000,  0.0000]])
tensor([[-0.3740,  1.0000,  0.0000,  0.0000,  0.0000,  0.0000]])
tensor([[-0.0502,  1.0000,  0.0000,  0.0000,  0.0000,  0.0000]])
tensor([[-0.0381,  1.0000,  0.0000,  0.0000,  0.0000,  0.0000]])
tensor([[-0.8911,  1.0000,  0.0000,  0.0000,  0.0000,  0.0000]])
tensor([[0.0146, 1.0000, 0.0000, 0.0000, 0.0000, 0.0000]])
tensor([[0.7010, 1.0000, 0.0000, 0.0000, 0.0000, 0.0000]])
tensor([[0.4326, 1.0000, 0.0000, 0.0000, 0.0000, 0.0000]])
tensor([[-0.3755,  1.0000,  0.0000,  0.0000,  0.0000,  0.0000]])
tensor([[0.1309, 1.0000, 0.0000, 0.0000, 0.0000, 0.0000]])
tensor([[0.7728, 1.0000, 0.0000, 0.0000, 0.0000, 0.0000]])
tensor([[-0.1338,  1.0000,  0.0000,  0.0000,  0.0000,  0.0000]])
tensor([[0.2625, 1.0000, 0.0000, 0.0000, 0.0000, 0.0000]])
tensor([[-0.8769,  1.0000,  0.0000,  0.0000,  0.0000,  0.0000]])
tensor([[-0.4489,  1.0000,  0.0000,  0.0000,  0.0000,  0.0000]])
tensor([[-0.7388,  1.0000,  0.0000,  0.0000,  0.0000,  0.0000]])
tensor([[-0.0281,  1.0000,  0.0000,  0.0000,  0.0000,  0.0000]])
tensor([[-0.5600,  1.0000,  0.0000,  0.0000,  0.0000,  0.0000]])
tensor([[-0.2811,  1.0000,  0.0000,  0.0000,  0.0000,  0.0000]])
tensor([[0.4610, 1.0000, 0.0000, 0.0000, 0.0000, 0.0000]])
tensor([[0.5712, 1.0000, 0.0000, 0.0000, 0.0000, 0.0000]])
tensor([[0.4912, 1.0000, 0.0000, 0.0000, 0.0000, 0.0000]])
tensor([[-0.5693,  1.0000,  0.0000,  0.0000,  0.0000,  0.0000]])
tensor([[0.3139, 1.0000, 0.0000, 0.0000, 0.0000, 0.0000]])
tensor([[0.9892, 1.0000, 0.0000, 0.0000, 0.0000, 0.0000]])
tensor([[0.5368, 1.0000, 0.0000, 0.0000, 0.0000, 0.0000]])
tensor([[0.6640, 1.0000, 0.0000, 0.0000, 0.0000, 0.0000]])
tensor([[-0.0450,  1.0000,  0.0000,  0.0000,  0.0000,  0.0000]])
tensor([[-0.6856,  1.0000,  0.0000,  0.0000,  0.0000,  0.0000]])
tensor([[-0.5919,  1.0000,  0.0000,  0.0000,  0.0000,  0.0000]])
tensor([[-0.7369,  1.0000,  0.0000,  0.0000,  0.0000,  0.0000]])
tensor([[0.7575, 1.0000, 0.0000, 0.0000, 0.0000, 0.0000]])
tensor([[-0.1180,  1.0000,  0.0000,  0.0000,  0.0000,  0.0000]])
tensor([[-0.1412,  1.0000,  0.0000,  0.0000,  0.0000,  0.0000]])
tensor([[-0.8872,  1.0000,  0.0000,  0.0000,  0.0000,  0.0000]])
tensor([[-0.8393,  1.0000,  0.0000,  0.0000,  0.0000,  0.0000]])
tensor([[0.3792, 1.0000, 0.0000, 0.0000, 0.0000, 0.0000]])
tensor([[-0.4789,  1.0000,  0.0000,  0.0000,  0.0000,  0.0000]])
tensor([[0.0997, 1.0000, 0.0000, 0.0000, 0.0000, 0.0000]])
tensor([[0.2843, 1.0000, 0.0000, 0.0000, 0.0000, 0.0000]])
tensor([[0.7583, 1.0000, 0.0000, 0.0000, 0.0000, 0.0000]])
tensor([[0.8911, 0.0000, 0.0000, 0.0000, 0.0000, 0.0000]])
tensor([[-0.7715,  1.0000,  0.0000,  0.0000,  0.0000,  0.0000]])
tensor([[0.3976, 1.0000, 0.0000, 0.0000, 0.0000, 0.0000]])
tensor([[-0.1226,  1.0000,  0.0000,  0.0000,  0.0000,  0.0000]])
tensor([[0.9189, 1.0000, 0.0000, 0.0000, 0.0000, 0.0000]])
tensor([[0.0519, 1.0000, 0.0000, 0.0000, 0.0000, 0.0000]])
tensor([[0.6779, 1.0000, 0.0000, 0.0000, 0.0000, 0.0000]])
tensor([[-0.3213,  1.0000,  0.0000,  0.0000,  0.0000,  0.0000]])
tensor([[-0.3629,  1.0000,  0.0000,  0.0000,  0.0000,  0.0000]])
tensor([[-0.7638,  1.0000,  0.0000,  0.0000,  0.0000,  0.0000]])
tensor([[0.9180, 1.0000, 0.0000, 0.0000, 0.0000, 0.0000]])
tensor([[0.9540, 1.0000, 0.0000, 0.0000, 0.0000, 0.0000]])
tensor([[0.9839, 1.0000, 0.0000, 0.0000, 0.0000, 0.0000]])
tensor([[0.8866, 1.0000, 0.0000, 0.0000, 0.0000, 0.0000]])
tensor([[0.6860, 1.0000, 0.0000, 0.0000, 0.0000, 0.0000]])
tensor([[0.9660, 1.0000, 0.0000, 0.0000, 0.0000, 0.0000]])
tensor([[0.8879, 1.0000, 0.0000, 0.0000, 0.0000, 0.0000]])
tensor([[0.8890, 1.0000, 0.0000, 0.0000, 0.0000, 0.0000]])
tensor([[0.8869, 1.0000, 0.0000, 0.0000, 0.0000, 0.0000]])
tensor([[-0.9098,  1.0000,  0.0000,  0.0000,  0.0000,  0.0000]])
tensor([[0.6015, 1.0000, 0.0000, 0.0000, 0.0000, 0.0000]])
tensor([[0.8496, 1.0000, 0.0000, 0.0000, 0.0000, 0.0000]])
tensor([[0.0378, 1.0000, 0.0000, 0.0000, 0.0000, 0.0000]])
tensor([[0.5395, 1.0000, 0.0000, 0.0000, 0.0000, 0.0000]])
tensor([[-0.1576,  1.0000,  0.0000,  0.0000,  0.0000,  0.0000]])
tensor([[-0.8851,  1.0000,  0.0000,  0.0000,  0.0000,  0.0000]])
tensor([[-0.8254,  1.0000,  0.0000,  0.0000,  0.0000,  0.0000]])
tensor([[-0.8420,  1.0000,  0.0000,  0.0000,  0.0000,  0.0000]])
tensor([[0.4864, 1.0000, 0.0000, 0.0000, 0.0000, 0.0000]])
tensor([[-0.7771,  1.0000,  0.0000,  0.0000,  0.0000,  0.0000]])
tensor([[0.8976, 1.0000, 0.0000, 0.0000, 0.0000, 0.0000]])
tensor([[0.6462, 1.0000, 0.0000, 0.0000, 0.0000, 0.0000]])
tensor([[-0.3425,  1.0000,  0.0000,  0.0000,  0.0000,  0.0000]])
tensor([[0.4541, 1.0000, 0.0000, 0.0000, 0.0000, 0.0000]])
tensor([[0.7552, 1.0000, 0.0000, 0.0000, 0.0000, 0.0000]])
tensor([[0.4686, 1.0000, 0.0000, 0.0000, 0.0000, 0.0000]])
tensor([[-0.7878,  1.0000,  0.0000,  0.0000,  0.0000,  0.0000]])
tensor([[-0.8800,  1.0000,  0.0000,  0.0000,  0.0000,  0.0000]])
tensor([[-0.0040,  1.0000,  0.0000,  0.0000,  0.0000,  0.0000]])
tensor([[-0.2705,  1.0000,  0.0000,  0.0000,  0.0000,  0.0000]])
tensor([[0.8299, 1.0000, 0.0000, 0.0000, 0.0000, 0.0000]])
tensor([[-0.1691,  1.0000,  0.0000,  0.0000,  0.0000,  0.0000]])
tensor([[-0.7928,  1.0000,  0.0000,  0.0000,  0.0000,  0.0000]])
tensor([[0.6625, 1.0000, 0.0000, 0.0000, 0.0000, 0.0000]])
tensor([[-0.6189,  1.0000,  0.0000,  0.0000,  0.0000,  0.0000]])
tensor([[0.8348, 1.0000, 0.0000, 0.0000, 0.0000, 0.0000]])
tensor([[0.1699, 1.0000, 0.0000, 0.0000, 0.0000, 0.0000]])
tensor([[-0.0738,  1.0000,  0.0000,  0.0000,  0.0000,  0.0000]])
tensor([[-0.8654,  1.0000,  0.0000,  0.0000,  0.0000,  0.0000]])
tensor([[-0.2057,  1.0000,  0.0000,  0.0000,  0.0000,  0.0000]])
tensor([[0.6025, 1.0000, 0.0000, 0.0000, 0.0000, 0.0000]])
tensor([[-0.2730,  1.0000,  0.0000,  0.0000,  0.0000,  0.0000]])
tensor([[0.1251, 1.0000, 0.0000, 0.0000, 0.0000, 0.0000]])
tensor([[0.6179, 1.0000, 0.0000, 0.0000, 0.0000, 0.0000]])
tensor([[-0.5818,  1.0000,  0.0000,  0.0000,  0.0000,  0.0000]])
tensor([[-0.6360,  1.0000,  0.0000,  0.0000,  0.0000,  0.0000]])
tensor([[-0.5567,  1.0000,  0.0000,  0.0000,  0.0000,  0.0000]])
tensor([[-0.9601,  1.0000,  0.0000,  0.0000,  0.0000,  0.0000]])
tensor([[-0.7654,  1.0000,  0.0000,  0.0000,  0.0000,  0.0000]])
tensor([[-0.8074,  1.0000,  0.0000,  0.0000,  0.0000,  0.0000]])
tensor([[-0.2115,  1.0000,  0.0000,  0.0000,  0.0000,  0.0000]])
tensor([[-0.9340,  1.0000,  0.0000,  0.0000,  0.0000,  0.0000]])
tensor([[-0.3795,  1.0000,  0.0000,  0.0000,  0.0000,  0.0000]])
tensor([[-0.7032,  1.0000,  0.0000,  0.0000,  0.0000,  0.0000]])
tensor([[-0.9185,  1.0000,  0.0000,  0.0000,  0.0000,  0.0000]])
tensor([[-0.8919,  1.0000,  0.0000,  0.0000,  0.0000,  0.0000]])
INFO:root:Agent 0 (TQCars): avg action time = 0.0011s
tensor([[-0.9249,  1.0000,  0.0000,  0.0000,  0.0000,  0.0000]])
tensor([[0.0864, 1.0000, 0.0000, 0.0000, 0.0000, 0.0000]])
tensor([[0.1348, 1.0000, 0.0000, 0.0000, 0.0000, 0.0000]])
tensor([[0.4157, 1.0000, 0.0000, 0.0000, 0.0000, 0.0000]])
tensor([[-0.9180,  1.0000,  0.0000,  0.0000,  0.0000,  0.0000]])
tensor([[-0.9710,  1.0000,  0.0000,  0.0000,  0.0000,  0.0000]])
tensor([[-0.6606,  1.0000,  0.0000,  0.0000,  0.0000,  0.0000]])
tensor([[0.9387, 1.0000, 0.0000, 0.0000, 0.0000, 0.0000]])
tensor([[0.6956, 1.0000, 0.0000, 0.0000, 0.0000, 0.0000]])
tensor([[-0.3341,  1.0000,  0.0000,  0.0000,  0.0000,  0.0000]])
tensor([[0.4846, 1.0000, 0.0000, 0.0000, 0.0000, 0.0000]])
tensor([[0.9007, 1.0000, 0.0000, 0.0000, 0.0000, 0.0000]])
tensor([[0.0842, 1.0000, 0.0000, 0.0000, 0.0000, 0.0000]])
tensor([[0.8561, 1.0000, 0.0000, 0.0000, 0.0000, 0.0000]])
tensor([[0.1856, 1.0000, 0.0000, 0.0000, 0.0000, 0.0000]])
tensor([[-0.2630,  1.0000,  0.0000,  0.0000,  0.0000,  0.0000]])
tensor([[0.5559, 0.0000, 0.0000, 0.0000, 0.0000, 0.0000]])
tensor([[-0.6401,  1.0000,  0.0000,  0.0000,  0.0000,  0.0000]])
tensor([[-0.1831,  1.0000,  0.0000,  0.0000,  0.0000,  0.0000]])
tensor([[-0.6839,  1.0000,  0.0000,  0.0000,  0.0000,  0.0000]])
tensor([[-0.2218,  1.0000,  0.0000,  0.0000,  0.0000,  0.0000]])
tensor([[-0.5747,  1.0000,  0.0000,  0.0000,  0.0000,  0.0000]])
tensor([[0.5012, 1.0000, 0.0000, 0.0000, 0.0000, 0.0000]])
tensor([[-0.0577,  1.0000,  0.0000,  0.0000,  0.0000,  0.0000]])
tensor([[-0.7782,  1.0000,  0.0000,  0.0000,  0.0000,  0.0000]])
tensor([[0.6889, 1.0000, 0.0000, 0.0000, 0.0000, 0.0000]])
{"type": "results", "track": "candela_city", "results": [{"key": 0, "reward": 10.03870849609375, "position": 4, "name": "TQCars", "avg_action_time": 0.0010579406733230686}]}
