INFO:root:Loading the agents
INFO:root:Loaded player TQCars
INFO:root:Creating pystk-1
INFO:root:Adding wrapper <function get_wrappers.<locals>.<lambda> at 0x7a03b3eff420>
INFO:root:Adding wrapper <function get_wrappers.<locals>.<lambda> at 0x7a03b3eff4c0>
INFO:root:Adding wrapper <function get_wrappers.<locals>.<lambda> at 0x7a03b3eff560>
INFO:root:Adding wrapper <function get_wrappers.<locals>.<lambda> at 0x7a03b3eff600>
INFO:root:(multi-env mono adapter) Setting main environment max_paths to 5
INFO:root:Loading trained model from CHECKPOINT-GPUFAC/tqc_EXP14RACING_200000.pt...
INFO:root:Starting a race
tensor([[-0.4042,  1.0000,  0.0000,  0.0000,  0.0000,  0.0000]])
tensor([[-0.4360,  1.0000,  0.0000,  0.0000,  0.0000,  0.0000]])
tensor([[0.7143, 1.0000, 0.0000, 0.0000, 0.0000, 0.0000]])
tensor([[-0.9588,  1.0000,  0.0000,  0.0000,  0.0000,  0.0000]])
tensor([[-0.0403,  1.0000,  0.0000,  0.0000,  0.0000,  0.0000]])
tensor([[-0.5844,  1.0000,  0.0000,  0.0000,  0.0000,  0.0000]])
tensor([[-0.9034,  1.0000,  0.0000,  0.0000,  0.0000,  0.0000]])
tensor([[-0.0570,  1.0000,  0.0000,  0.0000,  0.0000,  0.0000]])
tensor([[-0.3348,  1.0000,  0.0000,  0.0000,  0.0000,  0.0000]])
tensor([[-0.7804,  1.0000,  0.0000,  0.0000,  0.0000,  0.0000]])
tensor([[-0.1134,  1.0000,  0.0000,  0.0000,  0.0000,  0.0000]])
tensor([[0.3119, 1.0000, 0.0000, 0.0000, 0.0000, 0.0000]])
tensor([[-0.6334,  1.0000,  0.0000,  0.0000,  0.0000,  0.0000]])
tensor([[-0.1841,  1.0000,  0.0000,  0.0000,  0.0000,  0.0000]])
tensor([[0.7462, 1.0000, 0.0000, 0.0000, 0.0000, 0.0000]])
tensor([[-0.2795,  1.0000,  0.0000,  0.0000,  0.0000,  0.0000]])
tensor([[-0.8041,  1.0000,  0.0000,  0.0000,  0.0000,  0.0000]])
tensor([[-0.3298,  1.0000,  0.0000,  0.0000,  0.0000,  0.0000]])
tensor([[0.8078, 1.0000, 0.0000, 0.0000, 0.0000, 0.0000]])
tensor([[-0.7878,  1.0000,  0.0000,  0.0000,  0.0000,  0.0000]])
tensor([[-0.2939,  1.0000,  0.0000,  0.0000,  0.0000,  0.0000]])
tensor([[0.5464, 1.0000, 0.0000, 0.0000, 0.0000, 0.0000]])
tensor([[-0.8487,  1.0000,  0.0000,  0.0000,  0.0000,  0.0000]])
tensor([[-0.3564,  1.0000,  0.0000,  0.0000,  0.0000,  0.0000]])
tensor([[-0.6332,  1.0000,  0.0000,  0.0000,  0.0000,  0.0000]])
tensor([[0.4633, 1.0000, 0.0000, 0.0000, 0.0000, 0.0000]])
tensor([[0.3269, 1.0000, 0.0000, 0.0000, 0.0000, 0.0000]])
tensor([[0.4509, 1.0000, 0.0000, 0.0000, 0.0000, 0.0000]])
tensor([[0.2216, 1.0000, 0.0000, 0.0000, 0.0000, 0.0000]])
tensor([[0.4755, 1.0000, 0.0000, 0.0000, 0.0000, 0.0000]])
tensor([[-0.2014,  1.0000,  0.0000,  0.0000,  0.0000,  0.0000]])
tensor([[0.8542, 1.0000, 0.0000, 0.0000, 0.0000, 0.0000]])
tensor([[0.1221, 1.0000, 0.0000, 0.0000, 0.0000, 0.0000]])
tensor([[-0.1224,  1.0000,  0.0000,  0.0000,  0.0000,  0.0000]])
tensor([[-0.9014,  1.0000,  0.0000,  0.0000,  0.0000,  0.0000]])
tensor([[0.8776, 1.0000, 0.0000, 0.0000, 0.0000, 0.0000]])
tensor([[0.3916, 1.0000, 0.0000, 0.0000, 0.0000, 0.0000]])
tensor([[-0.6630,  1.0000,  0.0000,  0.0000,  0.0000,  0.0000]])
tensor([[-0.3879,  1.0000,  0.0000,  0.0000,  0.0000,  0.0000]])
tensor([[-0.4710,  1.0000,  0.0000,  0.0000,  0.0000,  0.0000]])
tensor([[0.6994, 1.0000, 0.0000, 0.0000, 0.0000, 0.0000]])
tensor([[0.7032, 1.0000, 0.0000, 0.0000, 0.0000, 0.0000]])
tensor([[-0.9231,  1.0000,  0.0000,  0.0000,  0.0000,  0.0000]])
tensor([[0.8005, 1.0000, 0.0000, 0.0000, 0.0000, 0.0000]])
tensor([[-0.3183,  1.0000,  0.0000,  0.0000,  0.0000,  0.0000]])
tensor([[-0.5683,  1.0000,  0.0000,  0.0000,  0.0000,  0.0000]])
tensor([[-0.0602,  1.0000,  0.0000,  0.0000,  0.0000,  0.0000]])
tensor([[-0.6810,  1.0000,  0.0000,  0.0000,  0.0000,  0.0000]])
tensor([[-0.2883,  1.0000,  0.0000,  0.0000,  0.0000,  0.0000]])
tensor([[-0.3286,  1.0000,  0.0000,  0.0000,  0.0000,  0.0000]])
tensor([[-0.6800,  1.0000,  0.0000,  0.0000,  0.0000,  0.0000]])
tensor([[-0.3845,  1.0000,  0.0000,  0.0000,  0.0000,  0.0000]])
tensor([[0.5609, 1.0000, 0.0000, 0.0000, 0.0000, 0.0000]])
tensor([[0.7257, 1.0000, 0.0000, 0.0000, 0.0000, 0.0000]])
tensor([[-0.7666,  1.0000,  0.0000,  0.0000,  0.0000,  0.0000]])
tensor([[0.5582, 1.0000, 0.0000, 0.0000, 0.0000, 0.0000]])
tensor([[-0.9939,  1.0000,  0.0000,  0.0000,  0.0000,  0.0000]])
tensor([[-0.9309,  1.0000,  0.0000,  0.0000,  0.0000,  0.0000]])
tensor([[-0.9494,  1.0000,  0.0000,  0.0000,  0.0000,  0.0000]])
tensor([[-0.7486,  1.0000,  0.0000,  0.0000,  0.0000,  0.0000]])
tensor([[-0.4045,  1.0000,  0.0000,  0.0000,  0.0000,  0.0000]])
tensor([[-0.6821,  1.0000,  0.0000,  0.0000,  0.0000,  0.0000]])
tensor([[-0.8004,  1.0000,  0.0000,  0.0000,  0.0000,  0.0000]])
tensor([[-0.8087,  1.0000,  0.0000,  0.0000,  0.0000,  0.0000]])
tensor([[-0.2433,  1.0000,  0.0000,  0.0000,  0.0000,  0.0000]])
tensor([[0.1894, 1.0000, 0.0000, 0.0000, 0.0000, 0.0000]])
tensor([[0.1537, 1.0000, 0.0000, 0.0000, 0.0000, 0.0000]])
tensor([[0.0971, 1.0000, 0.0000, 0.0000, 0.0000, 0.0000]])
tensor([[-0.7037,  0.0000,  0.0000,  0.0000,  0.0000,  0.0000]])
tensor([[-0.8735,  1.0000,  0.0000,  0.0000,  0.0000,  0.0000]])
tensor([[-0.2600,  1.0000,  0.0000,  0.0000,  0.0000,  0.0000]])
tensor([[-0.3538,  1.0000,  0.0000,  0.0000,  0.0000,  0.0000]])
tensor([[-0.6732,  1.0000,  0.0000,  0.0000,  0.0000,  0.0000]])
tensor([[-0.9419,  1.0000,  0.0000,  0.0000,  0.0000,  0.0000]])
tensor([[0.2952, 1.0000, 0.0000, 0.0000, 0.0000, 0.0000]])
tensor([[0.6164, 1.0000, 0.0000, 0.0000, 0.0000, 0.0000]])
tensor([[-0.7387,  1.0000,  0.0000,  0.0000,  0.0000,  0.0000]])
tensor([[-0.1114,  1.0000,  0.0000,  0.0000,  0.0000,  0.0000]])
tensor([[-0.9150,  1.0000,  0.0000,  0.0000,  0.0000,  0.0000]])
tensor([[-0.8631,  1.0000,  0.0000,  0.0000,  0.0000,  0.0000]])
tensor([[-0.8755,  1.0000,  0.0000,  0.0000,  0.0000,  0.0000]])
tensor([[-0.9509,  1.0000,  0.0000,  0.0000,  0.0000,  0.0000]])
tensor([[-0.9859,  1.0000,  0.0000,  0.0000,  0.0000,  0.0000]])
tensor([[-0.9309,  1.0000,  0.0000,  0.0000,  0.0000,  0.0000]])
tensor([[-0.9670,  1.0000,  0.0000,  0.0000,  0.0000,  0.0000]])
tensor([[-0.8374,  1.0000,  0.0000,  0.0000,  0.0000,  0.0000]])
tensor([[-0.8569,  1.0000,  0.0000,  0.0000,  0.0000,  0.0000]])
tensor([[-0.5470,  0.0000,  0.0000,  0.0000,  0.0000,  0.0000]])
tensor([[-0.8418,  1.0000,  0.0000,  0.0000,  0.0000,  0.0000]])
tensor([[0.0583, 1.0000, 0.0000, 0.0000, 0.0000, 0.0000]])
tensor([[-0.0316,  1.0000,  0.0000,  0.0000,  0.0000,  0.0000]])
tensor([[-0.7887,  1.0000,  0.0000,  0.0000,  0.0000,  0.0000]])
tensor([[-0.7605,  1.0000,  0.0000,  0.0000,  0.0000,  0.0000]])
tensor([[-0.7889,  1.0000,  0.0000,  0.0000,  0.0000,  0.0000]])
tensor([[-0.7817,  1.0000,  0.0000,  0.0000,  0.0000,  0.0000]])
tensor([[-0.1511,  1.0000,  0.0000,  0.0000,  0.0000,  0.0000]])
tensor([[0.0535, 1.0000, 0.0000, 0.0000, 0.0000, 0.0000]])
tensor([[-0.5247,  1.0000,  0.0000,  0.0000,  0.0000,  0.0000]])
tensor([[0.2891, 1.0000, 0.0000, 0.0000, 0.0000, 0.0000]])
tensor([[0.0872, 1.0000, 0.0000, 0.0000, 0.0000, 0.0000]])
tensor([[-0.3955,  1.0000,  0.0000,  0.0000,  0.0000,  0.0000]])
tensor([[0.5694, 1.0000, 0.0000, 0.0000, 0.0000, 0.0000]])
tensor([[0.5647, 1.0000, 0.0000, 0.0000, 0.0000, 0.0000]])
tensor([[-0.2819,  1.0000,  0.0000,  0.0000,  0.0000,  0.0000]])
tensor([[-0.1767,  1.0000,  0.0000,  0.0000,  0.0000,  0.0000]])
tensor([[-0.4816,  1.0000,  0.0000,  0.0000,  0.0000,  0.0000]])
tensor([[0.7521, 1.0000, 0.0000, 0.0000, 0.0000, 0.0000]])
tensor([[-0.8807,  1.0000,  0.0000,  0.0000,  0.0000,  0.0000]])
tensor([[-0.5092,  1.0000,  0.0000,  0.0000,  0.0000,  0.0000]])
tensor([[0.3378, 1.0000, 0.0000, 0.0000, 0.0000, 0.0000]])
tensor([[-0.8304,  1.0000,  0.0000,  0.0000,  0.0000,  0.0000]])
tensor([[-0.7305,  1.0000,  0.0000,  0.0000,  0.0000,  0.0000]])
tensor([[-0.2190,  1.0000,  0.0000,  0.0000,  0.0000,  0.0000]])
tensor([[-0.8295,  1.0000,  0.0000,  0.0000,  0.0000,  0.0000]])
tensor([[-0.9255,  1.0000,  0.0000,  0.0000,  0.0000,  0.0000]])
tensor([[-0.2882,  1.0000,  0.0000,  0.0000,  0.0000,  0.0000]])
tensor([[0.5614, 1.0000, 0.0000, 0.0000, 0.0000, 0.0000]])
tensor([[0.2464, 1.0000, 0.0000, 0.0000, 0.0000, 0.0000]])
tensor([[-0.8062,  1.0000,  0.0000,  0.0000,  0.0000,  0.0000]])
tensor([[-0.6292,  1.0000,  0.0000,  0.0000,  0.0000,  0.0000]])
tensor([[-0.1397,  1.0000,  0.0000,  0.0000,  0.0000,  0.0000]])
tensor([[-0.9669,  1.0000,  0.0000,  0.0000,  0.0000,  0.0000]])
tensor([[0.7677, 1.0000, 0.0000, 0.0000, 0.0000, 0.0000]])
tensor([[-0.1504,  1.0000,  0.0000,  0.0000,  0.0000,  0.0000]])
tensor([[0.7204, 1.0000, 0.0000, 0.0000, 0.0000, 0.0000]])
tensor([[-0.7194,  1.0000,  0.0000,  0.0000,  0.0000,  0.0000]])
tensor([[0.5707, 1.0000, 0.0000, 0.0000, 0.0000, 0.0000]])
tensor([[0.7356, 1.0000, 0.0000, 0.0000, 0.0000, 0.0000]])
tensor([[-0.2215,  1.0000,  0.0000,  0.0000,  0.0000,  0.0000]])
tensor([[-0.3829,  1.0000,  0.0000,  0.0000,  0.0000,  0.0000]])
tensor([[0.5470, 1.0000, 0.0000, 0.0000, 0.0000, 0.0000]])
tensor([[0.7811, 1.0000, 0.0000, 0.0000, 0.0000, 0.0000]])
tensor([[0.9172, 1.0000, 0.0000, 0.0000, 0.0000, 0.0000]])
tensor([[0.9616, 1.0000, 0.0000, 0.0000, 0.0000, 0.0000]])
tensor([[0.1580, 1.0000, 0.0000, 0.0000, 0.0000, 0.0000]])
tensor([[0.1425, 1.0000, 0.0000, 0.0000, 0.0000, 0.0000]])
tensor([[-0.6730,  1.0000,  0.0000,  0.0000,  0.0000,  0.0000]])
tensor([[0.3597, 1.0000, 0.0000, 0.0000, 0.0000, 0.0000]])
tensor([[-0.5446,  1.0000,  0.0000,  0.0000,  0.0000,  0.0000]])
tensor([[0.8131, 1.0000, 0.0000, 0.0000, 0.0000, 0.0000]])
tensor([[0.9042, 1.0000, 0.0000, 0.0000, 0.0000, 0.0000]])
tensor([[0.5373, 1.0000, 0.0000, 0.0000, 0.0000, 0.0000]])
tensor([[0.3199, 1.0000, 0.0000, 0.0000, 0.0000, 0.0000]])
tensor([[-0.1529,  1.0000,  0.0000,  0.0000,  0.0000,  0.0000]])
tensor([[0.7598, 1.0000, 0.0000, 0.0000, 0.0000, 0.0000]])
tensor([[0.6889, 1.0000, 0.0000, 0.0000, 0.0000, 0.0000]])
tensor([[-0.9209,  1.0000,  0.0000,  0.0000,  0.0000,  0.0000]])
tensor([[0.7222, 1.0000, 0.0000, 0.0000, 0.0000, 0.0000]])
tensor([[0.0395, 1.0000, 0.0000, 0.0000, 0.0000, 0.0000]])
tensor([[-0.1767,  1.0000,  0.0000,  0.0000,  0.0000,  0.0000]])
tensor([[0.8800, 1.0000, 0.0000, 0.0000, 0.0000, 0.0000]])
tensor([[0.9256, 1.0000, 0.0000, 0.0000, 0.0000, 0.0000]])
tensor([[0.7845, 1.0000, 0.0000, 0.0000, 0.0000, 0.0000]])
tensor([[-0.8879,  1.0000,  0.0000,  0.0000,  0.0000,  0.0000]])
tensor([[-0.3677,  1.0000,  0.0000,  0.0000,  0.0000,  0.0000]])
tensor([[0.8394, 1.0000, 0.0000, 0.0000, 0.0000, 0.0000]])
tensor([[0.9703, 1.0000, 0.0000, 0.0000, 0.0000, 0.0000]])
tensor([[0.8990, 1.0000, 0.0000, 0.0000, 0.0000, 0.0000]])
tensor([[0.4982, 1.0000, 0.0000, 0.0000, 0.0000, 0.0000]])
tensor([[-0.3757,  1.0000,  0.0000,  0.0000,  0.0000,  0.0000]])
tensor([[0.6207, 1.0000, 0.0000, 0.0000, 0.0000, 0.0000]])
tensor([[0.9518, 1.0000, 0.0000, 0.0000, 0.0000, 0.0000]])
tensor([[0.4033, 1.0000, 0.0000, 0.0000, 0.0000, 0.0000]])
tensor([[-0.0397,  1.0000,  0.0000,  0.0000,  0.0000,  0.0000]])
tensor([[-0.5998,  1.0000,  0.0000,  0.0000,  0.0000,  0.0000]])
tensor([[-0.7276,  1.0000,  0.0000,  0.0000,  0.0000,  0.0000]])
tensor([[0.9209, 1.0000, 0.0000, 0.0000, 0.0000, 0.0000]])
tensor([[0.9677, 1.0000, 0.0000, 0.0000, 0.0000, 0.0000]])
tensor([[0.3594, 1.0000, 0.0000, 0.0000, 0.0000, 0.0000]])
tensor([[0.6367, 1.0000, 0.0000, 0.0000, 0.0000, 0.0000]])
tensor([[0.9431, 1.0000, 0.0000, 0.0000, 0.0000, 0.0000]])
tensor([[-0.1779,  1.0000,  0.0000,  0.0000,  0.0000,  0.0000]])
tensor([[0.3960, 1.0000, 0.0000, 0.0000, 0.0000, 0.0000]])
tensor([[-0.9170,  1.0000,  0.0000,  0.0000,  0.0000,  0.0000]])
tensor([[-0.9677,  1.0000,  0.0000,  0.0000,  0.0000,  0.0000]])
tensor([[-0.9723,  1.0000,  0.0000,  0.0000,  0.0000,  0.0000]])
tensor([[-0.8812,  1.0000,  0.0000,  0.0000,  0.0000,  0.0000]])
tensor([[-0.7591,  1.0000,  0.0000,  0.0000,  0.0000,  0.0000]])
tensor([[-0.4934,  1.0000,  0.0000,  0.0000,  0.0000,  0.0000]])
tensor([[-0.8826,  1.0000,  0.0000,  0.0000,  0.0000,  0.0000]])
tensor([[-0.8445,  1.0000,  0.0000,  0.0000,  0.0000,  0.0000]])
tensor([[-0.7022,  1.0000,  0.0000,  0.0000,  0.0000,  0.0000]])
tensor([[0.8345, 1.0000, 0.0000, 0.0000, 0.0000, 0.0000]])
tensor([[0.2112, 1.0000, 0.0000, 0.0000, 0.0000, 0.0000]])
tensor([[0.3033, 1.0000, 0.0000, 0.0000, 0.0000, 0.0000]])
tensor([[-0.9593,  1.0000,  0.0000,  0.0000,  0.0000,  0.0000]])
tensor([[0.5433, 1.0000, 0.0000, 0.0000, 0.0000, 0.0000]])
tensor([[-0.9485,  1.0000,  0.0000,  0.0000,  0.0000,  0.0000]])
tensor([[-0.4017,  1.0000,  0.0000,  0.0000,  0.0000,  0.0000]])
tensor([[-0.9416,  1.0000,  0.0000,  0.0000,  0.0000,  0.0000]])
tensor([[-0.9766,  1.0000,  0.0000,  0.0000,  0.0000,  0.0000]])
tensor([[0.0796, 1.0000, 0.0000, 0.0000, 0.0000, 0.0000]])
tensor([[-0.2652,  1.0000,  0.0000,  0.0000,  0.0000,  0.0000]])
tensor([[-0.3005,  1.0000,  0.0000,  0.0000,  0.0000,  0.0000]])
tensor([[-0.9282,  1.0000,  0.0000,  0.0000,  0.0000,  0.0000]])
tensor([[-0.8167,  1.0000,  0.0000,  0.0000,  0.0000,  0.0000]])
tensor([[-0.8688,  1.0000,  0.0000,  0.0000,  0.0000,  0.0000]])
tensor([[-0.9048,  1.0000,  0.0000,  0.0000,  0.0000,  0.0000]])
tensor([[-0.5562,  1.0000,  0.0000,  0.0000,  0.0000,  0.0000]])
tensor([[-0.2471,  1.0000,  0.0000,  0.0000,  0.0000,  0.0000]])
tensor([[-0.3769,  1.0000,  0.0000,  0.0000,  0.0000,  0.0000]])
tensor([[-0.3197,  1.0000,  0.0000,  0.0000,  0.0000,  0.0000]])
tensor([[-0.9748,  1.0000,  0.0000,  0.0000,  0.0000,  0.0000]])
tensor([[-0.8642,  1.0000,  0.0000,  0.0000,  0.0000,  0.0000]])
tensor([[-0.9345,  1.0000,  0.0000,  0.0000,  0.0000,  0.0000]])
tensor([[-0.9643,  1.0000,  0.0000,  0.0000,  0.0000,  0.0000]])
tensor([[-0.7277,  1.0000,  0.0000,  0.0000,  0.0000,  0.0000]])
tensor([[-0.2121,  1.0000,  0.0000,  0.0000,  0.0000,  0.0000]])
tensor([[0.9499, 1.0000, 0.0000, 0.0000, 0.0000, 0.0000]])
tensor([[0.7917, 1.0000, 0.0000, 0.0000, 0.0000, 0.0000]])
tensor([[0.9843, 1.0000, 0.0000, 0.0000, 0.0000, 0.0000]])
tensor([[0.9799, 1.0000, 0.0000, 0.0000, 0.0000, 0.0000]])
tensor([[0.9485, 1.0000, 0.0000, 0.0000, 0.0000, 0.0000]])
tensor([[0.9876, 1.0000, 0.0000, 0.0000, 0.0000, 0.0000]])
tensor([[0.8987, 1.0000, 0.0000, 0.0000, 0.0000, 0.0000]])
tensor([[0.7137, 1.0000, 0.0000, 0.0000, 0.0000, 0.0000]])
tensor([[0.9131, 1.0000, 0.0000, 0.0000, 0.0000, 0.0000]])
tensor([[0.1628, 1.0000, 0.0000, 0.0000, 0.0000, 0.0000]])
tensor([[0.5062, 1.0000, 0.0000, 0.0000, 0.0000, 0.0000]])
tensor([[0.7612, 1.0000, 0.0000, 0.0000, 0.0000, 0.0000]])
tensor([[0.9816, 1.0000, 0.0000, 0.0000, 0.0000, 0.0000]])
tensor([[0.9869, 1.0000, 0.0000, 0.0000, 0.0000, 0.0000]])
tensor([[0.2475, 1.0000, 0.0000, 0.0000, 0.0000, 0.0000]])
tensor([[0.5521, 1.0000, 0.0000, 0.0000, 0.0000, 0.0000]])
tensor([[0.4795, 1.0000, 0.0000, 0.0000, 0.0000, 0.0000]])
tensor([[0.6050, 1.0000, 0.0000, 0.0000, 0.0000, 0.0000]])
tensor([[-0.0860,  1.0000,  0.0000,  0.0000,  0.0000,  0.0000]])
tensor([[-0.4093,  1.0000,  0.0000,  0.0000,  0.0000,  0.0000]])
tensor([[-0.8396,  1.0000,  0.0000,  0.0000,  0.0000,  0.0000]])
tensor([[-0.9864,  1.0000,  0.0000,  0.0000,  0.0000,  0.0000]])
tensor([[-0.9987,  1.0000,  0.0000,  0.0000,  0.0000,  0.0000]])
tensor([[-0.9747,  1.0000,  0.0000,  0.0000,  0.0000,  0.0000]])
tensor([[-0.9510,  1.0000,  0.0000,  0.0000,  0.0000,  0.0000]])
tensor([[-0.9907,  1.0000,  1.0000,  0.0000,  0.0000,  0.0000]])
tensor([[-0.9912,  1.0000,  0.0000,  0.0000,  0.0000,  0.0000]])
tensor([[-0.9853,  1.0000,  0.0000,  0.0000,  0.0000,  0.0000]])
tensor([[-0.9145,  1.0000,  0.0000,  0.0000,  0.0000,  0.0000]])
tensor([[-0.8722,  1.0000,  0.0000,  0.0000,  0.0000,  0.0000]])
tensor([[-0.8278,  1.0000,  0.0000,  0.0000,  0.0000,  0.0000]])
tensor([[-0.8363,  1.0000,  0.0000,  0.0000,  0.0000,  0.0000]])
tensor([[-0.8677,  1.0000,  0.0000,  0.0000,  0.0000,  0.0000]])
tensor([[-0.7822,  1.0000,  0.0000,  0.0000,  0.0000,  0.0000]])
tensor([[-0.9059,  1.0000,  0.0000,  0.0000,  0.0000,  0.0000]])
tensor([[-0.9216,  1.0000,  0.0000,  0.0000,  0.0000,  0.0000]])
tensor([[-0.6404,  1.0000,  0.0000,  0.0000,  0.0000,  0.0000]])
tensor([[-0.1360,  1.0000,  0.0000,  0.0000,  0.0000,  0.0000]])
tensor([[-0.8054,  1.0000,  0.0000,  0.0000,  0.0000,  0.0000]])
tensor([[-0.9066,  1.0000,  0.0000,  0.0000,  0.0000,  0.0000]])
tensor([[-0.7634,  1.0000,  0.0000,  0.0000,  0.0000,  0.0000]])
tensor([[-0.8947,  1.0000,  0.0000,  0.0000,  0.0000,  0.0000]])
tensor([[-0.1838,  1.0000,  0.0000,  0.0000,  0.0000,  0.0000]])
tensor([[0.4858, 1.0000, 0.0000, 0.0000, 0.0000, 0.0000]])
tensor([[-0.9740,  1.0000,  0.0000,  0.0000,  0.0000,  0.0000]])
tensor([[-0.9673,  1.0000,  0.0000,  0.0000,  0.0000,  0.0000]])
tensor([[-0.0538,  1.0000,  0.0000,  0.0000,  0.0000,  0.0000]])
tensor([[0.2649, 1.0000, 0.0000, 0.0000, 0.0000, 0.0000]])
tensor([[-0.1600,  1.0000,  0.0000,  0.0000,  0.0000,  0.0000]])
tensor([[-0.9488,  0.0000,  0.0000,  0.0000,  0.0000,  0.0000]])
tensor([[-0.1643,  1.0000,  0.0000,  0.0000,  0.0000,  0.0000]])
tensor([[-0.1465,  1.0000,  0.0000,  0.0000,  0.0000,  0.0000]])
tensor([[0.4333, 1.0000, 0.0000, 0.0000, 0.0000, 0.0000]])
tensor([[0.6583, 1.0000, 0.0000, 0.0000, 0.0000, 0.0000]])
tensor([[-0.4345,  1.0000,  0.0000,  0.0000,  0.0000,  0.0000]])
tensor([[-0.4020,  1.0000,  0.0000,  0.0000,  0.0000,  0.0000]])
tensor([[0.5044, 1.0000, 0.0000, 0.0000, 0.0000, 0.0000]])
tensor([[0.5861, 1.0000, 0.0000, 0.0000, 0.0000, 0.0000]])
tensor([[-0.4767,  1.0000,  0.0000,  0.0000,  0.0000,  0.0000]])
tensor([[-0.7010,  1.0000,  0.0000,  0.0000,  0.0000,  0.0000]])
tensor([[-0.4043,  1.0000,  0.0000,  0.0000,  0.0000,  0.0000]])
tensor([[0.3475, 1.0000, 0.0000, 0.0000, 0.0000, 0.0000]])
tensor([[-0.7045,  1.0000,  0.0000,  0.0000,  0.0000,  0.0000]])
tensor([[-0.0636,  1.0000,  0.0000,  0.0000,  0.0000,  0.0000]])
tensor([[-0.9493,  1.0000,  0.0000,  0.0000,  0.0000,  0.0000]])
tensor([[0.3065, 1.0000, 0.0000, 0.0000, 0.0000, 0.0000]])
tensor([[0.9776, 1.0000, 0.0000, 0.0000, 0.0000, 0.0000]])
tensor([[0.8591, 1.0000, 0.0000, 0.0000, 0.0000, 0.0000]])
tensor([[0.9755, 1.0000, 0.0000, 0.0000, 0.0000, 0.0000]])
tensor([[0.9108, 1.0000, 0.0000, 0.0000, 0.0000, 0.0000]])
tensor([[0.5276, 1.0000, 0.0000, 0.0000, 0.0000, 0.0000]])
tensor([[0.8131, 1.0000, 0.0000, 0.0000, 0.0000, 0.0000]])
tensor([[0.6325, 1.0000, 0.0000, 0.0000, 0.0000, 0.0000]])
tensor([[0.9933, 1.0000, 0.0000, 0.0000, 0.0000, 0.0000]])
tensor([[0.9508, 1.0000, 0.0000, 0.0000, 0.0000, 0.0000]])
tensor([[0.9125, 1.0000, 0.0000, 0.0000, 0.0000, 0.0000]])
tensor([[0.4953, 1.0000, 0.0000, 0.0000, 0.0000, 0.0000]])
tensor([[0.8811, 1.0000, 0.0000, 0.0000, 0.0000, 0.0000]])
tensor([[0.8903, 1.0000, 0.0000, 0.0000, 0.0000, 0.0000]])
tensor([[0.8691, 1.0000, 0.0000, 0.0000, 0.0000, 0.0000]])
tensor([[0.8694, 1.0000, 0.0000, 0.0000, 0.0000, 0.0000]])
tensor([[-0.1734,  1.0000,  0.0000,  0.0000,  0.0000,  0.0000]])
tensor([[0.9030, 1.0000, 0.0000, 0.0000, 0.0000, 0.0000]])
tensor([[0.9297, 1.0000, 0.0000, 0.0000, 0.0000, 0.0000]])
tensor([[-0.3812,  1.0000,  0.0000,  0.0000,  0.0000,  0.0000]])
tensor([[0.7549, 1.0000, 0.0000, 0.0000, 0.0000, 0.0000]])
tensor([[0.0845, 1.0000, 0.0000, 0.0000, 0.0000, 0.0000]])
tensor([[0.2991, 1.0000, 0.0000, 0.0000, 0.0000, 0.0000]])
tensor([[-0.1538,  1.0000,  0.0000,  0.0000,  0.0000,  0.0000]])
tensor([[0.4300, 1.0000, 0.0000, 0.0000, 0.0000, 0.0000]])
tensor([[0.8261, 1.0000, 0.0000, 0.0000, 0.0000, 0.0000]])
tensor([[0.4238, 1.0000, 0.0000, 0.0000, 0.0000, 0.0000]])
tensor([[-0.8330,  1.0000,  0.0000,  0.0000,  0.0000,  0.0000]])
tensor([[-0.5658,  1.0000,  0.0000,  0.0000,  0.0000,  0.0000]])
tensor([[-0.9219,  1.0000,  0.0000,  0.0000,  0.0000,  0.0000]])
tensor([[-0.9231,  1.0000,  0.0000,  0.0000,  0.0000,  0.0000]])
tensor([[-0.2003,  1.0000,  0.0000,  0.0000,  0.0000,  0.0000]])
tensor([[-0.9763,  1.0000,  0.0000,  0.0000,  0.0000,  0.0000]])
tensor([[-0.5864,  1.0000,  0.0000,  0.0000,  0.0000,  0.0000]])
tensor([[-0.5292,  1.0000,  0.0000,  0.0000,  0.0000,  0.0000]])
tensor([[-0.7254,  1.0000,  0.0000,  0.0000,  0.0000,  0.0000]])
tensor([[-0.0462,  1.0000,  0.0000,  0.0000,  0.0000,  0.0000]])
tensor([[-0.9265,  1.0000,  0.0000,  0.0000,  0.0000,  0.0000]])
tensor([[-0.7261,  1.0000,  0.0000,  0.0000,  0.0000,  0.0000]])
tensor([[-0.5098,  1.0000,  0.0000,  0.0000,  0.0000,  0.0000]])
tensor([[0.4728, 1.0000, 0.0000, 0.0000, 0.0000, 0.0000]])
tensor([[0.3780, 1.0000, 0.0000, 0.0000, 0.0000, 0.0000]])
tensor([[-0.8027,  1.0000,  0.0000,  0.0000,  0.0000,  0.0000]])
tensor([[-0.6523,  1.0000,  0.0000,  0.0000,  0.0000,  0.0000]])
tensor([[-0.5667,  1.0000,  0.0000,  0.0000,  0.0000,  0.0000]])
tensor([[-0.5228,  1.0000,  0.0000,  0.0000,  0.0000,  0.0000]])
tensor([[0.3664, 1.0000, 0.0000, 0.0000, 0.0000, 0.0000]])
tensor([[0.4533, 1.0000, 0.0000, 0.0000, 0.0000, 0.0000]])
tensor([[0.2948, 1.0000, 0.0000, 0.0000, 0.0000, 0.0000]])
tensor([[0.7565, 1.0000, 0.0000, 0.0000, 0.0000, 0.0000]])
tensor([[0.6645, 1.0000, 0.0000, 0.0000, 0.0000, 0.0000]])
tensor([[0.2854, 1.0000, 0.0000, 0.0000, 0.0000, 0.0000]])
tensor([[-0.6112,  1.0000,  0.0000,  0.0000,  0.0000,  0.0000]])
tensor([[-0.9050,  1.0000,  0.0000,  0.0000,  0.0000,  0.0000]])
tensor([[-0.5074,  1.0000,  0.0000,  0.0000,  0.0000,  0.0000]])
tensor([[-0.6896,  1.0000,  0.0000,  0.0000,  0.0000,  0.0000]])
tensor([[-0.9640,  1.0000,  0.0000,  0.0000,  0.0000,  0.0000]])
tensor([[-0.9600,  1.0000,  0.0000,  0.0000,  0.0000,  0.0000]])
tensor([[-0.8855,  1.0000,  0.0000,  0.0000,  0.0000,  0.0000]])
tensor([[-0.1912,  1.0000,  0.0000,  0.0000,  0.0000,  0.0000]])
tensor([[-0.9338,  1.0000,  0.0000,  0.0000,  0.0000,  0.0000]])
tensor([[-0.8657,  1.0000,  0.0000,  0.0000,  0.0000,  0.0000]])
tensor([[0.1227, 1.0000, 0.0000, 0.0000, 0.0000, 0.0000]])
tensor([[0.2718, 1.0000, 0.0000, 0.0000, 0.0000, 0.0000]])
tensor([[-0.2735,  1.0000,  0.0000,  0.0000,  0.0000,  0.0000]])
tensor([[0.5440, 1.0000, 0.0000, 0.0000, 0.0000, 0.0000]])
tensor([[0.8639, 1.0000, 0.0000, 0.0000, 0.0000, 0.0000]])
tensor([[0.7025, 1.0000, 0.0000, 0.0000, 0.0000, 0.0000]])
tensor([[0.9738, 1.0000, 0.0000, 0.0000, 0.0000, 0.0000]])
tensor([[0.5089, 1.0000, 0.0000, 0.0000, 0.0000, 0.0000]])
tensor([[0.8099, 1.0000, 0.0000, 0.0000, 0.0000, 0.0000]])
tensor([[0.6379, 1.0000, 0.0000, 0.0000, 0.0000, 0.0000]])
tensor([[0.2625, 1.0000, 0.0000, 0.0000, 0.0000, 0.0000]])
tensor([[0.0880, 1.0000, 0.0000, 0.0000, 0.0000, 0.0000]])
tensor([[-0.8372,  1.0000,  0.0000,  0.0000,  0.0000,  0.0000]])
tensor([[0.5375, 1.0000, 0.0000, 0.0000, 0.0000, 0.0000]])
tensor([[-0.6234,  1.0000,  0.0000,  0.0000,  0.0000,  0.0000]])
tensor([[-0.5753,  1.0000,  0.0000,  0.0000,  0.0000,  0.0000]])
tensor([[-0.6680,  1.0000,  0.0000,  0.0000,  0.0000,  0.0000]])
tensor([[-0.4557,  1.0000,  0.0000,  0.0000,  0.0000,  0.0000]])
tensor([[-0.8872,  1.0000,  0.0000,  0.0000,  0.0000,  0.0000]])
tensor([[-0.8133,  1.0000,  0.0000,  0.0000,  0.0000,  0.0000]])
tensor([[-0.7886,  1.0000,  0.0000,  0.0000,  0.0000,  0.0000]])
tensor([[-0.7201,  1.0000,  0.0000,  0.0000,  0.0000,  0.0000]])
tensor([[-0.7190,  1.0000,  0.0000,  0.0000,  0.0000,  0.0000]])
tensor([[0.8979, 1.0000, 0.0000, 0.0000, 0.0000, 0.0000]])
tensor([[-0.6034,  1.0000,  0.0000,  0.0000,  0.0000,  0.0000]])
tensor([[0.0946, 1.0000, 0.0000, 0.0000, 0.0000, 0.0000]])
tensor([[0.9902, 1.0000, 0.0000, 0.0000, 0.0000, 0.0000]])
tensor([[0.7424, 1.0000, 0.0000, 0.0000, 0.0000, 0.0000]])
tensor([[0.8035, 1.0000, 0.0000, 0.0000, 0.0000, 0.0000]])
tensor([[0.3377, 1.0000, 0.0000, 0.0000, 0.0000, 0.0000]])
tensor([[-0.7577,  1.0000,  0.0000,  0.0000,  0.0000,  0.0000]])
tensor([[-0.8099,  1.0000,  0.0000,  0.0000,  0.0000,  0.0000]])
tensor([[0.7209, 1.0000, 0.0000, 0.0000, 0.0000, 0.0000]])
tensor([[0.9010, 1.0000, 0.0000, 0.0000, 0.0000, 0.0000]])
tensor([[0.6883, 1.0000, 0.0000, 0.0000, 0.0000, 0.0000]])
tensor([[0.4092, 1.0000, 0.0000, 0.0000, 0.0000, 0.0000]])
tensor([[-0.5549,  1.0000,  0.0000,  0.0000,  0.0000,  0.0000]])
tensor([[-0.3796,  1.0000,  0.0000,  0.0000,  0.0000,  0.0000]])
tensor([[0.6334, 1.0000, 0.0000, 0.0000, 0.0000, 0.0000]])
tensor([[-0.4867,  1.0000,  0.0000,  0.0000,  0.0000,  0.0000]])
tensor([[-0.2572,  1.0000,  0.0000,  0.0000,  0.0000,  0.0000]])
tensor([[-0.9554,  1.0000,  0.0000,  0.0000,  0.0000,  0.0000]])
tensor([[-0.9653,  1.0000,  0.0000,  0.0000,  0.0000,  0.0000]])
tensor([[-0.8335,  1.0000,  0.0000,  0.0000,  0.0000,  0.0000]])
tensor([[-0.9010,  1.0000,  0.0000,  0.0000,  0.0000,  0.0000]])
tensor([[-0.6565,  1.0000,  0.0000,  0.0000,  0.0000,  0.0000]])
tensor([[-0.9792,  1.0000,  0.0000,  0.0000,  0.0000,  0.0000]])
tensor([[-0.9409,  1.0000,  0.0000,  0.0000,  0.0000,  0.0000]])
tensor([[-0.7627,  1.0000,  0.0000,  0.0000,  0.0000,  0.0000]])
tensor([[-0.2704,  1.0000,  0.0000,  0.0000,  0.0000,  0.0000]])
tensor([[-0.3397,  1.0000,  0.0000,  0.0000,  0.0000,  0.0000]])
tensor([[-0.1489,  1.0000,  0.0000,  0.0000,  0.0000,  0.0000]])
tensor([[-0.5483,  1.0000,  0.0000,  0.0000,  0.0000,  0.0000]])
tensor([[0.4018, 1.0000, 0.0000, 0.0000, 0.0000, 0.0000]])
tensor([[-0.7301,  1.0000,  0.0000,  0.0000,  0.0000,  0.0000]])
tensor([[-0.9158,  1.0000,  0.0000,  0.0000,  0.0000,  0.0000]])
tensor([[-0.4630,  1.0000,  0.0000,  0.0000,  0.0000,  0.0000]])
tensor([[-0.8060,  1.0000,  0.0000,  0.0000,  0.0000,  0.0000]])
tensor([[0.1949, 1.0000, 0.0000, 0.0000, 0.0000, 0.0000]])
tensor([[0.7962, 1.0000, 0.0000, 0.0000, 0.0000, 0.0000]])
tensor([[-0.8008,  1.0000,  0.0000,  0.0000,  0.0000,  0.0000]])
tensor([[0.3889, 1.0000, 0.0000, 0.0000, 0.0000, 0.0000]])
tensor([[-0.4684,  1.0000,  0.0000,  0.0000,  0.0000,  0.0000]])
tensor([[-0.9809,  1.0000,  0.0000,  0.0000,  0.0000,  0.0000]])
tensor([[-0.3001,  1.0000,  0.0000,  0.0000,  0.0000,  0.0000]])
tensor([[0.3089, 1.0000, 0.0000, 0.0000, 0.0000, 0.0000]])
tensor([[-0.6362,  1.0000,  0.0000,  0.0000,  0.0000,  0.0000]])
tensor([[-0.5668,  1.0000,  0.0000,  0.0000,  0.0000,  0.0000]])
tensor([[-0.2011,  1.0000,  0.0000,  0.0000,  0.0000,  0.0000]])
tensor([[-0.8651,  1.0000,  0.0000,  0.0000,  0.0000,  0.0000]])
tensor([[0.2549, 1.0000, 0.0000, 0.0000, 0.0000, 0.0000]])
tensor([[0.4697, 1.0000, 0.0000, 0.0000, 0.0000, 0.0000]])
tensor([[-0.7520,  1.0000,  0.0000,  0.0000,  0.0000,  0.0000]])
tensor([[-0.8544,  1.0000,  0.0000,  0.0000,  0.0000,  0.0000]])
tensor([[-0.9938,  1.0000,  0.0000,  0.0000,  0.0000,  0.0000]])
tensor([[-0.2893,  1.0000,  0.0000,  0.0000,  0.0000,  0.0000]])
tensor([[-0.6114,  1.0000,  0.0000,  0.0000,  0.0000,  0.0000]])
tensor([[-0.7715,  1.0000,  0.0000,  0.0000,  0.0000,  0.0000]])
tensor([[-0.8541,  1.0000,  0.0000,  0.0000,  0.0000,  0.0000]])
tensor([[0.3660, 1.0000, 0.0000, 0.0000, 0.0000, 0.0000]])
tensor([[0.2379, 1.0000, 0.0000, 0.0000, 0.0000, 0.0000]])
tensor([[0.6744, 1.0000, 0.0000, 0.0000, 0.0000, 0.0000]])
tensor([[-0.9444,  1.0000,  0.0000,  0.0000,  0.0000,  0.0000]])
tensor([[-0.9294,  1.0000,  0.0000,  0.0000,  0.0000,  0.0000]])
tensor([[-0.7882,  1.0000,  0.0000,  0.0000,  0.0000,  0.0000]])
tensor([[0.8347, 1.0000, 0.0000, 0.0000, 0.0000, 0.0000]])
tensor([[-0.9871,  1.0000,  0.0000,  0.0000,  0.0000,  0.0000]])
tensor([[0.0994, 1.0000, 0.0000, 0.0000, 0.0000, 0.0000]])
tensor([[-0.9586,  1.0000,  0.0000,  0.0000,  0.0000,  0.0000]])
tensor([[-0.9415,  1.0000,  0.0000,  0.0000,  0.0000,  0.0000]])
tensor([[-0.9150,  0.0000,  0.0000,  0.0000,  0.0000,  0.0000]])
tensor([[-0.9541,  1.0000,  0.0000,  0.0000,  0.0000,  0.0000]])
tensor([[-0.9777,  1.0000,  0.0000,  0.0000,  0.0000,  0.0000]])
tensor([[-0.9512,  1.0000,  0.0000,  0.0000,  0.0000,  0.0000]])
tensor([[-0.4730,  1.0000,  0.0000,  0.0000,  0.0000,  0.0000]])
tensor([[-0.7346,  1.0000,  0.0000,  0.0000,  0.0000,  0.0000]])
tensor([[-0.7606,  1.0000,  0.0000,  0.0000,  0.0000,  0.0000]])
tensor([[0.7363, 1.0000, 0.0000, 0.0000, 0.0000, 0.0000]])
tensor([[0.8095, 1.0000, 0.0000, 0.0000, 0.0000, 0.0000]])
tensor([[0.9399, 1.0000, 0.0000, 0.0000, 0.0000, 0.0000]])
tensor([[0.7935, 1.0000, 0.0000, 0.0000, 0.0000, 0.0000]])
tensor([[0.7129, 1.0000, 0.0000, 0.0000, 0.0000, 0.0000]])
tensor([[0.0531, 1.0000, 0.0000, 0.0000, 0.0000, 0.0000]])
tensor([[0.9823, 1.0000, 0.0000, 0.0000, 0.0000, 0.0000]])
tensor([[0.9387, 1.0000, 0.0000, 0.0000, 0.0000, 0.0000]])
tensor([[0.9717, 1.0000, 0.0000, 0.0000, 0.0000, 0.0000]])
tensor([[0.9991, 1.0000, 0.0000, 0.0000, 0.0000, 0.0000]])
tensor([[0.9923, 1.0000, 0.0000, 0.0000, 0.0000, 0.0000]])
tensor([[0.9647, 1.0000, 0.0000, 0.0000, 0.0000, 0.0000]])
tensor([[0.9704, 1.0000, 0.0000, 0.0000, 0.0000, 0.0000]])
tensor([[0.9657, 0.0000, 0.0000, 0.0000, 0.0000, 0.0000]])
tensor([[0.3807, 1.0000, 0.0000, 0.0000, 0.0000, 0.0000]])
tensor([[-0.1185,  1.0000,  0.0000,  0.0000,  0.0000,  0.0000]])
tensor([[-0.9310,  1.0000,  0.0000,  0.0000,  0.0000,  0.0000]])
tensor([[-0.6049,  1.0000,  0.0000,  0.0000,  0.0000,  0.0000]])
tensor([[0.8709, 1.0000, 0.0000, 0.0000, 0.0000, 0.0000]])
tensor([[-0.9513,  1.0000,  0.0000,  0.0000,  0.0000,  0.0000]])
tensor([[-0.9373,  1.0000,  0.0000,  0.0000,  0.0000,  0.0000]])
tensor([[-0.9545,  1.0000,  0.0000,  0.0000,  0.0000,  0.0000]])
tensor([[-0.7328,  1.0000,  0.0000,  0.0000,  0.0000,  0.0000]])
tensor([[-0.9132,  1.0000,  0.0000,  0.0000,  0.0000,  0.0000]])
tensor([[-0.9079,  1.0000,  0.0000,  0.0000,  0.0000,  0.0000]])
tensor([[-0.9214,  1.0000,  0.0000,  0.0000,  0.0000,  0.0000]])
tensor([[-0.8378,  1.0000,  0.0000,  0.0000,  0.0000,  0.0000]])
tensor([[-0.9296,  1.0000,  0.0000,  0.0000,  0.0000,  0.0000]])
tensor([[-0.9452,  1.0000,  0.0000,  0.0000,  0.0000,  0.0000]])
tensor([[-0.5874,  1.0000,  0.0000,  0.0000,  0.0000,  0.0000]])
tensor([[-0.9345,  1.0000,  0.0000,  0.0000,  0.0000,  0.0000]])
tensor([[0.1159, 1.0000, 0.0000, 0.0000, 0.0000, 0.0000]])
tensor([[0.7497, 1.0000, 0.0000, 0.0000, 0.0000, 0.0000]])
tensor([[0.7815, 1.0000, 0.0000, 0.0000, 0.0000, 0.0000]])
tensor([[-0.5879,  1.0000,  0.0000,  0.0000,  0.0000,  0.0000]])
tensor([[0.5759, 1.0000, 0.0000, 0.0000, 0.0000, 0.0000]])
tensor([[0.7557, 1.0000, 0.0000, 0.0000, 0.0000, 0.0000]])
tensor([[0.3751, 1.0000, 0.0000, 0.0000, 0.0000, 0.0000]])
tensor([[0.3888, 1.0000, 0.0000, 0.0000, 0.0000, 0.0000]])
tensor([[0.8789, 1.0000, 0.0000, 0.0000, 0.0000, 0.0000]])
tensor([[0.9859, 1.0000, 0.0000, 0.0000, 0.0000, 0.0000]])
tensor([[0.9885, 1.0000, 0.0000, 0.0000, 0.0000, 0.0000]])
tensor([[0.9980, 1.0000, 0.0000, 0.0000, 0.0000, 0.0000]])
tensor([[0.7286, 1.0000, 0.0000, 0.0000, 0.0000, 0.0000]])
tensor([[0.9927, 1.0000, 0.0000, 0.0000, 0.0000, 0.0000]])
tensor([[0.9956, 1.0000, 0.0000, 0.0000, 0.0000, 0.0000]])
tensor([[0.9827, 1.0000, 0.0000, 0.0000, 0.0000, 0.0000]])
tensor([[0.8571, 1.0000, 0.0000, 0.0000, 0.0000, 0.0000]])
tensor([[-0.2953,  1.0000,  0.0000,  0.0000,  0.0000,  0.0000]])
tensor([[0.9923, 1.0000, 0.0000, 0.0000, 0.0000, 0.0000]])
tensor([[0.9906, 1.0000, 0.0000, 0.0000, 0.0000, 0.0000]])
tensor([[0.8297, 1.0000, 0.0000, 0.0000, 0.0000, 0.0000]])
tensor([[0.9519, 1.0000, 0.0000, 0.0000, 0.0000, 0.0000]])
tensor([[0.8163, 1.0000, 0.0000, 0.0000, 0.0000, 0.0000]])
tensor([[0.9576, 1.0000, 0.0000, 0.0000, 0.0000, 0.0000]])
tensor([[0.9494, 1.0000, 0.0000, 0.0000, 0.0000, 0.0000]])
tensor([[-0.6402,  1.0000,  0.0000,  0.0000,  0.0000,  0.0000]])
tensor([[0.7865, 1.0000, 0.0000, 0.0000, 0.0000, 0.0000]])
tensor([[0.9669, 1.0000, 0.0000, 0.0000, 0.0000, 0.0000]])
tensor([[0.1246, 1.0000, 0.0000, 0.0000, 0.0000, 0.0000]])
tensor([[0.5541, 1.0000, 0.0000, 0.0000, 0.0000, 0.0000]])
tensor([[-0.7224,  1.0000,  0.0000,  0.0000,  0.0000,  0.0000]])
tensor([[0.9637, 1.0000, 0.0000, 0.0000, 0.0000, 0.0000]])
tensor([[0.8554, 1.0000, 0.0000, 0.0000, 0.0000, 0.0000]])
tensor([[0.5842, 1.0000, 0.0000, 0.0000, 0.0000, 0.0000]])
tensor([[0.8708, 1.0000, 0.0000, 0.0000, 0.0000, 0.0000]])
tensor([[0.9625, 1.0000, 0.0000, 0.0000, 0.0000, 0.0000]])
tensor([[0.8363, 1.0000, 0.0000, 0.0000, 0.0000, 0.0000]])
tensor([[0.3242, 1.0000, 0.0000, 0.0000, 0.0000, 0.0000]])
tensor([[-0.3386,  1.0000,  0.0000,  0.0000,  0.0000,  0.0000]])
tensor([[-0.2865,  1.0000,  0.0000,  0.0000,  0.0000,  0.0000]])
tensor([[0.7583, 1.0000, 0.0000, 0.0000, 0.0000, 0.0000]])
tensor([[0.6547, 1.0000, 0.0000, 0.0000, 0.0000, 0.0000]])
tensor([[0.2713, 1.0000, 0.0000, 0.0000, 0.0000, 0.0000]])
tensor([[-0.7745,  1.0000,  0.0000,  0.0000,  0.0000,  0.0000]])
tensor([[-0.2589,  1.0000,  0.0000,  0.0000,  0.0000,  0.0000]])
tensor([[-0.0969,  1.0000,  0.0000,  0.0000,  0.0000,  0.0000]])
tensor([[0.2606, 1.0000, 0.0000, 0.0000, 0.0000, 0.0000]])
tensor([[-0.9618,  1.0000,  0.0000,  0.0000,  0.0000,  0.0000]])
tensor([[-0.1227,  1.0000,  0.0000,  0.0000,  0.0000,  0.0000]])
tensor([[-0.2836,  1.0000,  0.0000,  0.0000,  0.0000,  0.0000]])
tensor([[0.8992, 1.0000, 0.0000, 0.0000, 0.0000, 0.0000]])
tensor([[0.5963, 1.0000, 0.0000, 0.0000, 0.0000, 0.0000]])
tensor([[-0.1083,  1.0000,  0.0000,  0.0000,  0.0000,  0.0000]])
tensor([[0.6891, 1.0000, 0.0000, 0.0000, 0.0000, 0.0000]])
tensor([[0.4441, 1.0000, 0.0000, 0.0000, 0.0000, 0.0000]])
tensor([[-0.8339,  1.0000,  0.0000,  0.0000,  0.0000,  0.0000]])
tensor([[0.6367, 1.0000, 0.0000, 0.0000, 0.0000, 0.0000]])
tensor([[0.5358, 1.0000, 0.0000, 0.0000, 0.0000, 0.0000]])
tensor([[-0.7592,  1.0000,  0.0000,  0.0000,  0.0000,  0.0000]])
tensor([[-0.9865,  1.0000,  0.0000,  0.0000,  0.0000,  0.0000]])
INFO:root:Agent 0 (TQCars): avg action time = 0.0015s
tensor([[0.2291, 1.0000, 0.0000, 0.0000, 0.0000, 0.0000]])
tensor([[0.2226, 1.0000, 0.0000, 0.0000, 0.0000, 0.0000]])
tensor([[-0.4060,  1.0000,  0.0000,  0.0000,  0.0000,  0.0000]])
{"type": "results", "track": "lighthouse", "results": [{"key": 0, "reward": 10.129840087890624, "position": 4, "name": "TQCars", "avg_action_time": 0.0015433492471511065}]}
