INFO:root:Loading the agents
INFO:root:Loaded player TQCars
INFO:root:Creating pystk-1
INFO:root:Adding wrapper <function get_wrappers.<locals>.<lambda> at 0x709808b03420>
INFO:root:Adding wrapper <function get_wrappers.<locals>.<lambda> at 0x709808b034c0>
INFO:root:Adding wrapper <function get_wrappers.<locals>.<lambda> at 0x709808b03560>
INFO:root:Adding wrapper <function get_wrappers.<locals>.<lambda> at 0x709808b03600>
INFO:root:(multi-env mono adapter) Setting main environment max_paths to 5
INFO:root:Loading trained model from CHECKPOINT-GPUFAC/tqc_EXP14RACING_200000.pt...
INFO:root:Starting a race
..:: Antarctica Rendering Engine 2.0 ::..
tensor([[-0.4369,  1.0000,  0.0000,  0.0000,  0.0000,  0.0000]])
tensor([[0.2004, 1.0000, 0.0000, 0.0000, 0.0000, 0.0000]])
tensor([[-0.7333,  1.0000,  0.0000,  0.0000,  0.0000,  0.0000]])
tensor([[-0.2971,  1.0000,  0.0000,  0.0000,  0.0000,  0.0000]])
tensor([[0.0698, 1.0000, 0.0000, 0.0000, 0.0000, 0.0000]])
tensor([[-0.9033,  1.0000,  0.0000,  0.0000,  0.0000,  0.0000]])
tensor([[-0.1109,  1.0000,  0.0000,  0.0000,  0.0000,  0.0000]])
tensor([[-0.9327,  1.0000,  0.0000,  0.0000,  0.0000,  0.0000]])
tensor([[-0.9384,  1.0000,  0.0000,  0.0000,  0.0000,  0.0000]])
tensor([[-0.0492,  1.0000,  0.0000,  0.0000,  0.0000,  0.0000]])
tensor([[-0.8743,  1.0000,  0.0000,  0.0000,  0.0000,  0.0000]])
tensor([[-0.6620,  1.0000,  0.0000,  0.0000,  0.0000,  0.0000]])
tensor([[-0.6295,  1.0000,  0.0000,  0.0000,  0.0000,  0.0000]])
tensor([[-0.5377,  1.0000,  0.0000,  0.0000,  0.0000,  0.0000]])
tensor([[-0.0778,  1.0000,  0.0000,  0.0000,  0.0000,  0.0000]])
tensor([[-0.0916,  1.0000,  0.0000,  0.0000,  0.0000,  0.0000]])
tensor([[-0.1937,  1.0000,  0.0000,  0.0000,  0.0000,  0.0000]])
tensor([[0.5735, 1.0000, 0.0000, 0.0000, 0.0000, 0.0000]])
tensor([[-0.8700,  1.0000,  0.0000,  0.0000,  0.0000,  0.0000]])
tensor([[-0.4700,  1.0000,  0.0000,  0.0000,  0.0000,  0.0000]])
tensor([[0.1028, 1.0000, 0.0000, 0.0000, 0.0000, 0.0000]])
tensor([[0.6152, 1.0000, 0.0000, 0.0000, 0.0000, 0.0000]])
tensor([[-0.1259,  1.0000,  0.0000,  0.0000,  0.0000,  0.0000]])
tensor([[-0.8077,  1.0000,  0.0000,  0.0000,  0.0000,  0.0000]])
tensor([[-0.7160,  1.0000,  0.0000,  0.0000,  0.0000,  0.0000]])
tensor([[0.1664, 1.0000, 0.0000, 0.0000, 0.0000, 0.0000]])
tensor([[-0.4414,  1.0000,  0.0000,  0.0000,  0.0000,  0.0000]])
tensor([[0.7034, 1.0000, 0.0000, 0.0000, 0.0000, 0.0000]])
tensor([[0.1486, 1.0000, 0.0000, 0.0000, 0.0000, 0.0000]])
tensor([[0.1915, 1.0000, 0.0000, 0.0000, 0.0000, 0.0000]])
tensor([[0.8667, 1.0000, 0.0000, 0.0000, 0.0000, 0.0000]])
tensor([[-0.0575,  1.0000,  0.0000,  0.0000,  0.0000,  0.0000]])
tensor([[0.0840, 1.0000, 0.0000, 0.0000, 0.0000, 0.0000]])
tensor([[0.6482, 1.0000, 0.0000, 0.0000, 0.0000, 0.0000]])
tensor([[-0.6356,  1.0000,  0.0000,  0.0000,  0.0000,  0.0000]])
tensor([[-0.3574,  1.0000,  0.0000,  0.0000,  0.0000,  0.0000]])
tensor([[-0.6878,  1.0000,  0.0000,  0.0000,  0.0000,  0.0000]])
tensor([[0.6366, 1.0000, 0.0000, 0.0000, 0.0000, 0.0000]])
tensor([[0.9443, 1.0000, 0.0000, 0.0000, 0.0000, 0.0000]])
tensor([[0.0886, 1.0000, 0.0000, 0.0000, 0.0000, 0.0000]])
tensor([[0.8912, 1.0000, 0.0000, 0.0000, 0.0000, 0.0000]])
tensor([[-0.7631,  1.0000,  0.0000,  0.0000,  0.0000,  0.0000]])
tensor([[-0.5403,  1.0000,  0.0000,  0.0000,  0.0000,  0.0000]])
tensor([[0.8634, 1.0000, 0.0000, 0.0000, 0.0000, 0.0000]])
tensor([[0.2343, 1.0000, 0.0000, 0.0000, 0.0000, 0.0000]])
tensor([[-0.6221,  1.0000,  0.0000,  0.0000,  0.0000,  0.0000]])
tensor([[-0.7018,  1.0000,  0.0000,  0.0000,  0.0000,  0.0000]])
tensor([[0.2195, 1.0000, 0.0000, 0.0000, 0.0000, 0.0000]])
tensor([[-0.4719,  1.0000,  0.0000,  0.0000,  0.0000,  0.0000]])
tensor([[0.6752, 1.0000, 0.0000, 0.0000, 0.0000, 0.0000]])
tensor([[0.7335, 1.0000, 0.0000, 0.0000, 0.0000, 0.0000]])
tensor([[-0.9277,  1.0000,  0.0000,  0.0000,  0.0000,  0.0000]])
tensor([[-0.3280,  1.0000,  0.0000,  0.0000,  0.0000,  0.0000]])
tensor([[0.6249, 1.0000, 0.0000, 0.0000, 0.0000, 0.0000]])
tensor([[-0.3509,  1.0000,  0.0000,  0.0000,  0.0000,  0.0000]])
tensor([[0.8681, 1.0000, 0.0000, 0.0000, 0.0000, 0.0000]])
tensor([[0.9420, 1.0000, 0.0000, 0.0000, 0.0000, 0.0000]])
tensor([[0.9354, 1.0000, 0.0000, 0.0000, 0.0000, 0.0000]])
tensor([[0.9540, 1.0000, 0.0000, 0.0000, 0.0000, 0.0000]])
tensor([[0.9810, 1.0000, 0.0000, 0.0000, 0.0000, 0.0000]])
tensor([[0.8395, 1.0000, 0.0000, 0.0000, 0.0000, 0.0000]])
tensor([[0.4222, 1.0000, 0.0000, 0.0000, 0.0000, 0.0000]])
tensor([[0.7953, 1.0000, 0.0000, 0.0000, 0.0000, 0.0000]])
tensor([[0.8496, 1.0000, 0.0000, 0.0000, 0.0000, 0.0000]])
tensor([[-0.4622,  1.0000,  0.0000,  0.0000,  0.0000,  0.0000]])
tensor([[0.9424, 1.0000, 0.0000, 0.0000, 0.0000, 0.0000]])
tensor([[-0.1940,  1.0000,  0.0000,  0.0000,  0.0000,  0.0000]])
tensor([[0.5900, 1.0000, 0.0000, 0.0000, 0.0000, 0.0000]])
tensor([[0.4597, 1.0000, 0.0000, 0.0000, 0.0000, 0.0000]])
tensor([[0.6321, 1.0000, 0.0000, 0.0000, 0.0000, 0.0000]])
tensor([[0.8433, 1.0000, 0.0000, 0.0000, 0.0000, 0.0000]])
tensor([[0.5098, 1.0000, 0.0000, 0.0000, 0.0000, 0.0000]])
tensor([[-0.6562,  1.0000,  0.0000,  0.0000,  0.0000,  0.0000]])
tensor([[0.5500, 1.0000, 0.0000, 0.0000, 0.0000, 0.0000]])
tensor([[0.0492, 1.0000, 0.0000, 0.0000, 0.0000, 0.0000]])
tensor([[-0.4106,  1.0000,  0.0000,  0.0000,  0.0000,  0.0000]])
tensor([[-0.0506,  1.0000,  0.0000,  0.0000,  0.0000,  0.0000]])
tensor([[-0.8185,  1.0000,  0.0000,  0.0000,  0.0000,  0.0000]])
tensor([[-0.2454,  1.0000,  0.0000,  0.0000,  0.0000,  0.0000]])
tensor([[-0.2808,  1.0000,  0.0000,  0.0000,  0.0000,  0.0000]])
tensor([[0.9663, 1.0000, 0.0000, 0.0000, 0.0000, 0.0000]])
tensor([[0.2926, 1.0000, 0.0000, 0.0000, 0.0000, 0.0000]])
tensor([[-0.2723,  1.0000,  0.0000,  0.0000,  0.0000,  0.0000]])
tensor([[0.8763, 1.0000, 0.0000, 0.0000, 0.0000, 0.0000]])
tensor([[0.8147, 1.0000, 0.0000, 0.0000, 0.0000, 0.0000]])
tensor([[0.7602, 1.0000, 0.0000, 0.0000, 0.0000, 0.0000]])
tensor([[-0.0461,  1.0000,  0.0000,  0.0000,  0.0000,  0.0000]])
tensor([[-0.8328,  1.0000,  0.0000,  0.0000,  0.0000,  0.0000]])
tensor([[-0.6026,  1.0000,  0.0000,  0.0000,  0.0000,  0.0000]])
tensor([[0.8490, 1.0000, 0.0000, 0.0000, 0.0000, 0.0000]])
tensor([[0.5595, 1.0000, 0.0000, 0.0000, 0.0000, 0.0000]])
tensor([[0.6878, 1.0000, 0.0000, 0.0000, 0.0000, 0.0000]])
tensor([[0.6908, 1.0000, 0.0000, 0.0000, 0.0000, 0.0000]])
tensor([[-0.3374,  1.0000,  0.0000,  0.0000,  0.0000,  0.0000]])
tensor([[0.0645, 1.0000, 0.0000, 0.0000, 0.0000, 0.0000]])
tensor([[-0.4904,  1.0000,  0.0000,  0.0000,  0.0000,  0.0000]])
tensor([[0.6353, 1.0000, 0.0000, 0.0000, 0.0000, 0.0000]])
tensor([[-0.3227,  1.0000,  0.0000,  0.0000,  0.0000,  0.0000]])
tensor([[-0.9546,  1.0000,  0.0000,  0.0000,  0.0000,  0.0000]])
tensor([[-0.0229,  1.0000,  0.0000,  0.0000,  0.0000,  0.0000]])
tensor([[0.1876, 1.0000, 0.0000, 0.0000, 0.0000, 0.0000]])
tensor([[-0.4229,  1.0000,  0.0000,  0.0000,  0.0000,  0.0000]])
tensor([[0.8824, 1.0000, 0.0000, 0.0000, 0.0000, 0.0000]])
tensor([[-0.4496,  1.0000,  0.0000,  0.0000,  0.0000,  0.0000]])
tensor([[0.5665, 1.0000, 0.0000, 0.0000, 0.0000, 0.0000]])
tensor([[-0.5908,  1.0000,  0.0000,  0.0000,  0.0000,  0.0000]])
tensor([[-0.8432,  1.0000,  0.0000,  0.0000,  0.0000,  0.0000]])
tensor([[-0.6097,  1.0000,  0.0000,  0.0000,  0.0000,  0.0000]])
tensor([[-0.5911,  1.0000,  0.0000,  0.0000,  0.0000,  0.0000]])
tensor([[-0.9058,  1.0000,  0.0000,  0.0000,  0.0000,  0.0000]])
tensor([[-0.6198,  1.0000,  0.0000,  0.0000,  0.0000,  0.0000]])
tensor([[-0.8960,  1.0000,  0.0000,  0.0000,  0.0000,  0.0000]])
tensor([[0.3916, 1.0000, 0.0000, 0.0000, 0.0000, 0.0000]])
tensor([[-0.8312,  1.0000,  0.0000,  0.0000,  0.0000,  0.0000]])
tensor([[-0.9599,  1.0000,  0.0000,  0.0000,  0.0000,  0.0000]])
tensor([[-0.5030,  1.0000,  0.0000,  0.0000,  0.0000,  0.0000]])
tensor([[-0.6221,  1.0000,  0.0000,  0.0000,  0.0000,  0.0000]])
tensor([[-0.7503,  1.0000,  0.0000,  0.0000,  0.0000,  0.0000]])
tensor([[-0.5599,  1.0000,  0.0000,  0.0000,  0.0000,  0.0000]])
tensor([[-0.4498,  1.0000,  0.0000,  0.0000,  0.0000,  0.0000]])
tensor([[-0.5888,  1.0000,  0.0000,  0.0000,  0.0000,  0.0000]])
tensor([[-0.5421,  1.0000,  0.0000,  0.0000,  0.0000,  0.0000]])
tensor([[0.5209, 1.0000, 0.0000, 0.0000, 0.0000, 0.0000]])
tensor([[0.0863, 1.0000, 0.0000, 0.0000, 0.0000, 0.0000]])
tensor([[0.9305, 1.0000, 0.0000, 0.0000, 0.0000, 0.0000]])
tensor([[0.2426, 1.0000, 0.0000, 0.0000, 0.0000, 0.0000]])
tensor([[0.3428, 1.0000, 0.0000, 0.0000, 0.0000, 0.0000]])
tensor([[-0.9017,  1.0000,  0.0000,  0.0000,  0.0000,  0.0000]])
tensor([[-0.4613,  1.0000,  0.0000,  0.0000,  0.0000,  0.0000]])
tensor([[-0.1974,  1.0000,  0.0000,  0.0000,  0.0000,  0.0000]])
tensor([[-0.6490,  1.0000,  0.0000,  0.0000,  0.0000,  0.0000]])
tensor([[-0.4072,  1.0000,  0.0000,  0.0000,  0.0000,  0.0000]])
tensor([[-0.4896,  1.0000,  0.0000,  0.0000,  0.0000,  0.0000]])
tensor([[0.9813, 1.0000, 0.0000, 0.0000, 0.0000, 0.0000]])
tensor([[0.9332, 1.0000, 0.0000, 0.0000, 0.0000, 0.0000]])
tensor([[-0.0634,  1.0000,  0.0000,  0.0000,  0.0000,  0.0000]])
tensor([[0.8541, 1.0000, 0.0000, 0.0000, 0.0000, 0.0000]])
tensor([[0.8563, 1.0000, 0.0000, 0.0000, 0.0000, 0.0000]])
tensor([[-0.2439,  1.0000,  0.0000,  0.0000,  0.0000,  0.0000]])
tensor([[0.6647, 1.0000, 0.0000, 0.0000, 0.0000, 0.0000]])
tensor([[0.9404, 1.0000, 0.0000, 0.0000, 0.0000, 0.0000]])
tensor([[-0.6753,  1.0000,  0.0000,  0.0000,  0.0000,  0.0000]])
tensor([[0.9843, 1.0000, 0.0000, 0.0000, 0.0000, 0.0000]])
tensor([[0.7063, 1.0000, 0.0000, 0.0000, 0.0000, 0.0000]])
tensor([[0.9680, 1.0000, 0.0000, 0.0000, 0.0000, 0.0000]])
tensor([[0.9843, 1.0000, 0.0000, 0.0000, 0.0000, 0.0000]])
tensor([[0.7363, 1.0000, 0.0000, 0.0000, 0.0000, 0.0000]])
tensor([[0.3864, 1.0000, 0.0000, 0.0000, 0.0000, 0.0000]])
tensor([[0.5952, 1.0000, 0.0000, 0.0000, 0.0000, 0.0000]])
tensor([[0.1324, 1.0000, 0.0000, 0.0000, 0.0000, 0.0000]])
tensor([[0.4724, 1.0000, 0.0000, 0.0000, 0.0000, 0.0000]])
tensor([[0.8395, 1.0000, 0.0000, 0.0000, 0.0000, 0.0000]])
tensor([[0.7686, 1.0000, 0.0000, 0.0000, 0.0000, 0.0000]])
tensor([[0.9790, 1.0000, 0.0000, 0.0000, 0.0000, 0.0000]])
tensor([[-0.7737,  1.0000,  0.0000,  0.0000,  0.0000,  0.0000]])
tensor([[-0.9695,  1.0000,  0.0000,  0.0000,  0.0000,  0.0000]])
tensor([[0.6047, 1.0000, 0.0000, 0.0000, 0.0000, 0.0000]])
tensor([[-0.5731,  1.0000,  0.0000,  0.0000,  0.0000,  0.0000]])
tensor([[0.9193, 1.0000, 0.0000, 0.0000, 0.0000, 0.0000]])
tensor([[0.3850, 1.0000, 0.0000, 0.0000, 0.0000, 0.0000]])
tensor([[-0.5588,  1.0000,  0.0000,  0.0000,  0.0000,  0.0000]])
tensor([[0.0162, 1.0000, 0.0000, 0.0000, 0.0000, 0.0000]])
tensor([[-0.1333,  1.0000,  0.0000,  0.0000,  0.0000,  0.0000]])
tensor([[-0.3983,  1.0000,  0.0000,  0.0000,  0.0000,  0.0000]])
tensor([[-0.7479,  1.0000,  0.0000,  0.0000,  0.0000,  0.0000]])
tensor([[-0.5170,  1.0000,  0.0000,  0.0000,  0.0000,  0.0000]])
tensor([[0.4931, 1.0000, 0.0000, 0.0000, 0.0000, 0.0000]])
tensor([[-0.7130,  1.0000,  0.0000,  0.0000,  0.0000,  0.0000]])
tensor([[0.7974, 1.0000, 0.0000, 0.0000, 0.0000, 0.0000]])
tensor([[-0.0031,  1.0000,  0.0000,  0.0000,  0.0000,  0.0000]])
tensor([[-0.3865,  1.0000,  0.0000,  0.0000,  0.0000,  0.0000]])
tensor([[-0.7799,  1.0000,  0.0000,  0.0000,  0.0000,  0.0000]])
tensor([[-0.9324,  1.0000,  0.0000,  0.0000,  0.0000,  0.0000]])
tensor([[0.3837, 1.0000, 0.0000, 0.0000, 0.0000, 0.0000]])
tensor([[-0.1456,  1.0000,  0.0000,  0.0000,  0.0000,  0.0000]])
tensor([[-0.8390,  1.0000,  0.0000,  0.0000,  0.0000,  0.0000]])
tensor([[-0.4089,  1.0000,  0.0000,  0.0000,  0.0000,  0.0000]])
tensor([[-0.1056,  1.0000,  0.0000,  0.0000,  0.0000,  0.0000]])
tensor([[-0.5970,  1.0000,  0.0000,  0.0000,  0.0000,  0.0000]])
tensor([[0.6514, 1.0000, 0.0000, 0.0000, 0.0000, 0.0000]])
tensor([[0.4217, 1.0000, 0.0000, 0.0000, 0.0000, 0.0000]])
tensor([[-0.7221,  1.0000,  0.0000,  0.0000,  0.0000,  0.0000]])
tensor([[-0.3023,  1.0000,  0.0000,  0.0000,  0.0000,  0.0000]])
tensor([[-0.8624,  1.0000,  0.0000,  0.0000,  0.0000,  0.0000]])
tensor([[0.7817, 1.0000, 0.0000, 0.0000, 0.0000, 0.0000]])
tensor([[0.8841, 1.0000, 0.0000, 0.0000, 0.0000, 0.0000]])
tensor([[0.7081, 1.0000, 0.0000, 0.0000, 0.0000, 0.0000]])
tensor([[0.1581, 1.0000, 0.0000, 0.0000, 0.0000, 0.0000]])
tensor([[-0.1688,  1.0000,  0.0000,  0.0000,  0.0000,  0.0000]])
tensor([[-0.4237,  1.0000,  0.0000,  0.0000,  0.0000,  0.0000]])
tensor([[0.8073, 1.0000, 0.0000, 0.0000, 0.0000, 0.0000]])
tensor([[0.1797, 1.0000, 0.0000, 0.0000, 0.0000, 0.0000]])
tensor([[0.9603, 1.0000, 0.0000, 0.0000, 0.0000, 0.0000]])
tensor([[0.8711, 1.0000, 0.0000, 0.0000, 0.0000, 0.0000]])
tensor([[0.9199, 1.0000, 0.0000, 0.0000, 0.0000, 0.0000]])
tensor([[0.2826, 1.0000, 0.0000, 0.0000, 0.0000, 0.0000]])
tensor([[-0.6613,  1.0000,  0.0000,  0.0000,  0.0000,  0.0000]])
tensor([[0.4804, 1.0000, 0.0000, 0.0000, 0.0000, 0.0000]])
tensor([[0.5207, 1.0000, 0.0000, 0.0000, 0.0000, 0.0000]])
tensor([[0.7645, 1.0000, 0.0000, 0.0000, 0.0000, 0.0000]])
tensor([[0.1833, 1.0000, 0.0000, 0.0000, 0.0000, 0.0000]])
tensor([[0.2235, 1.0000, 0.0000, 0.0000, 0.0000, 0.0000]])
tensor([[0.2820, 1.0000, 0.0000, 0.0000, 0.0000, 0.0000]])
tensor([[0.8628, 1.0000, 0.0000, 0.0000, 0.0000, 0.0000]])
tensor([[0.8650, 1.0000, 0.0000, 0.0000, 0.0000, 0.0000]])
tensor([[0.9772, 1.0000, 0.0000, 0.0000, 0.0000, 0.0000]])
tensor([[-0.5454,  1.0000,  0.0000,  0.0000,  0.0000,  0.0000]])
tensor([[0.7220, 1.0000, 0.0000, 0.0000, 0.0000, 0.0000]])
tensor([[0.7570, 1.0000, 0.0000, 0.0000, 0.0000, 0.0000]])
tensor([[-0.1977,  1.0000,  0.0000,  0.0000,  0.0000,  0.0000]])
tensor([[0.1489, 1.0000, 0.0000, 0.0000, 0.0000, 0.0000]])
tensor([[0.5333, 1.0000, 0.0000, 0.0000, 0.0000, 0.0000]])
tensor([[0.3719, 1.0000, 0.0000, 0.0000, 0.0000, 0.0000]])
tensor([[0.5389, 1.0000, 0.0000, 0.0000, 0.0000, 0.0000]])
tensor([[0.2956, 1.0000, 0.0000, 0.0000, 0.0000, 0.0000]])
tensor([[-0.3690,  1.0000,  0.0000,  0.0000,  0.0000,  0.0000]])
tensor([[0.1095, 1.0000, 0.0000, 0.0000, 0.0000, 0.0000]])
tensor([[0.1503, 1.0000, 0.0000, 0.0000, 0.0000, 0.0000]])
tensor([[-0.6342,  1.0000,  0.0000,  0.0000,  0.0000,  0.0000]])
tensor([[0.4682, 1.0000, 0.0000, 0.0000, 0.0000, 0.0000]])
tensor([[0.2007, 1.0000, 0.0000, 0.0000, 0.0000, 0.0000]])
tensor([[-0.7620,  1.0000,  0.0000,  0.0000,  0.0000,  0.0000]])
tensor([[0.6218, 1.0000, 0.0000, 0.0000, 0.0000, 0.0000]])
tensor([[0.6061, 1.0000, 0.0000, 0.0000, 0.0000, 0.0000]])
tensor([[0.0053, 1.0000, 0.0000, 0.0000, 0.0000, 0.0000]])
tensor([[0.5740, 1.0000, 0.0000, 0.0000, 0.0000, 0.0000]])
tensor([[-0.3579,  1.0000,  0.0000,  0.0000,  0.0000,  0.0000]])
tensor([[0.9374, 1.0000, 0.0000, 0.0000, 0.0000, 0.0000]])
tensor([[-0.6703,  1.0000,  0.0000,  0.0000,  0.0000,  0.0000]])
tensor([[0.3053, 1.0000, 0.0000, 0.0000, 0.0000, 0.0000]])
tensor([[-0.4845,  1.0000,  0.0000,  0.0000,  0.0000,  0.0000]])
tensor([[0.7251, 1.0000, 0.0000, 0.0000, 0.0000, 0.0000]])
tensor([[0.6658, 1.0000, 0.0000, 0.0000, 0.0000, 0.0000]])
tensor([[0.4758, 1.0000, 0.0000, 0.0000, 0.0000, 0.0000]])
tensor([[-0.0621,  1.0000,  0.0000,  0.0000,  0.0000,  0.0000]])
tensor([[-0.6335,  1.0000,  0.0000,  0.0000,  0.0000,  0.0000]])
tensor([[-0.4722,  1.0000,  0.0000,  0.0000,  0.0000,  0.0000]])
tensor([[-0.8518,  1.0000,  0.0000,  0.0000,  0.0000,  0.0000]])
tensor([[-0.6705,  1.0000,  0.0000,  0.0000,  0.0000,  0.0000]])
tensor([[0.1908, 1.0000, 0.0000, 0.0000, 0.0000, 0.0000]])
tensor([[-0.4714,  1.0000,  0.0000,  0.0000,  0.0000,  0.0000]])
tensor([[-0.6893,  1.0000,  0.0000,  0.0000,  0.0000,  0.0000]])
tensor([[-0.8931,  1.0000,  0.0000,  0.0000,  0.0000,  0.0000]])
tensor([[-0.7759,  1.0000,  0.0000,  0.0000,  0.0000,  0.0000]])
tensor([[0.9031, 1.0000, 0.0000, 0.0000, 0.0000, 0.0000]])
tensor([[0.9316, 1.0000, 0.0000, 0.0000, 0.0000, 0.0000]])
tensor([[0.8238, 1.0000, 0.0000, 0.0000, 0.0000, 0.0000]])
tensor([[0.9231, 1.0000, 0.0000, 0.0000, 0.0000, 0.0000]])
tensor([[0.6734, 1.0000, 0.0000, 0.0000, 0.0000, 0.0000]])
tensor([[-0.9360,  1.0000,  0.0000,  0.0000,  0.0000,  0.0000]])
tensor([[-0.3806,  1.0000,  0.0000,  0.0000,  0.0000,  0.0000]])
tensor([[-0.9173,  1.0000,  0.0000,  0.0000,  0.0000,  0.0000]])
tensor([[-0.4576,  1.0000,  0.0000,  0.0000,  0.0000,  0.0000]])
tensor([[0.8708, 1.0000, 0.0000, 0.0000, 0.0000, 0.0000]])
tensor([[0.9498, 1.0000, 0.0000, 0.0000, 0.0000, 0.0000]])
tensor([[0.7716, 1.0000, 0.0000, 0.0000, 0.0000, 0.0000]])
tensor([[0.9094, 1.0000, 0.0000, 0.0000, 0.0000, 0.0000]])
tensor([[0.5271, 1.0000, 0.0000, 0.0000, 0.0000, 0.0000]])
tensor([[-0.7054,  1.0000,  0.0000,  0.0000,  0.0000,  0.0000]])
tensor([[-0.1242,  1.0000,  0.0000,  0.0000,  0.0000,  0.0000]])
tensor([[0.8826, 1.0000, 0.0000, 0.0000, 0.0000, 0.0000]])
tensor([[-0.1576,  1.0000,  0.0000,  0.0000,  0.0000,  0.0000]])
tensor([[0.2056, 1.0000, 0.0000, 0.0000, 0.0000, 0.0000]])
tensor([[0.6682, 1.0000, 0.0000, 0.0000, 0.0000, 0.0000]])
tensor([[0.1122, 1.0000, 0.0000, 0.0000, 0.0000, 0.0000]])
tensor([[0.8270, 1.0000, 0.0000, 0.0000, 0.0000, 0.0000]])
tensor([[0.8651, 1.0000, 0.0000, 0.0000, 0.0000, 0.0000]])
tensor([[0.9083, 1.0000, 0.0000, 0.0000, 0.0000, 0.0000]])
tensor([[-0.7746,  1.0000,  0.0000,  0.0000,  0.0000,  0.0000]])
tensor([[-0.0555,  1.0000,  0.0000,  0.0000,  0.0000,  0.0000]])
tensor([[0.3577, 1.0000, 0.0000, 0.0000, 0.0000, 0.0000]])
tensor([[0.7712, 1.0000, 0.0000, 0.0000, 0.0000, 0.0000]])
tensor([[0.2621, 1.0000, 0.0000, 0.0000, 0.0000, 0.0000]])
tensor([[0.2687, 1.0000, 0.0000, 0.0000, 0.0000, 0.0000]])
tensor([[-0.8221,  1.0000,  0.0000,  0.0000,  0.0000,  0.0000]])
tensor([[0.2530, 1.0000, 0.0000, 0.0000, 0.0000, 0.0000]])
tensor([[0.8388, 1.0000, 0.0000, 0.0000, 0.0000, 0.0000]])
tensor([[-0.5654,  1.0000,  0.0000,  0.0000,  0.0000,  0.0000]])
tensor([[-0.2279,  1.0000,  0.0000,  0.0000,  0.0000,  0.0000]])
tensor([[-0.1554,  1.0000,  0.0000,  0.0000,  0.0000,  0.0000]])
tensor([[0.5872, 1.0000, 0.0000, 0.0000, 0.0000, 0.0000]])
tensor([[0.9696, 1.0000, 0.0000, 0.0000, 0.0000, 0.0000]])
tensor([[-0.4582,  1.0000,  0.0000,  0.0000,  0.0000,  0.0000]])
tensor([[0.7552, 1.0000, 0.0000, 0.0000, 0.0000, 0.0000]])
tensor([[0.8973, 1.0000, 0.0000, 0.0000, 0.0000, 0.0000]])
tensor([[0.5143, 1.0000, 0.0000, 0.0000, 0.0000, 0.0000]])
tensor([[0.4704, 1.0000, 0.0000, 0.0000, 0.0000, 0.0000]])
tensor([[0.5262, 1.0000, 0.0000, 0.0000, 0.0000, 0.0000]])
tensor([[0.4115, 1.0000, 0.0000, 0.0000, 0.0000, 0.0000]])
tensor([[-0.6611,  1.0000,  0.0000,  0.0000,  0.0000,  0.0000]])
tensor([[0.7371, 1.0000, 0.0000, 1.0000, 0.0000, 0.0000]])
tensor([[0.4306, 1.0000, 0.0000, 0.0000, 0.0000, 0.0000]])
tensor([[-0.4729,  1.0000,  0.0000,  0.0000,  0.0000,  0.0000]])
tensor([[-0.5368,  1.0000,  0.0000,  0.0000,  0.0000,  0.0000]])
tensor([[-0.2092,  1.0000,  0.0000,  0.0000,  0.0000,  0.0000]])
tensor([[-0.1934,  1.0000,  0.0000,  0.0000,  0.0000,  0.0000]])
tensor([[0.6986, 1.0000, 0.0000, 0.0000, 0.0000, 0.0000]])
tensor([[-0.0603,  1.0000,  0.0000,  0.0000,  0.0000,  0.0000]])
tensor([[0.8159, 1.0000, 0.0000, 0.0000, 0.0000, 0.0000]])
tensor([[0.1403, 1.0000, 0.0000, 0.0000, 0.0000, 0.0000]])
tensor([[0.9565, 1.0000, 0.0000, 0.0000, 0.0000, 0.0000]])
tensor([[-0.3299,  1.0000,  0.0000,  0.0000,  0.0000,  0.0000]])
tensor([[0.4333, 1.0000, 0.0000, 0.0000, 0.0000, 0.0000]])
tensor([[0.9796, 1.0000, 0.0000, 0.0000, 0.0000, 0.0000]])
tensor([[0.4061, 1.0000, 0.0000, 0.0000, 0.0000, 0.0000]])
tensor([[0.3876, 1.0000, 0.0000, 0.0000, 0.0000, 0.0000]])
tensor([[0.2947, 1.0000, 0.0000, 0.0000, 0.0000, 0.0000]])
tensor([[0.6277, 1.0000, 0.0000, 0.0000, 0.0000, 0.0000]])
tensor([[-0.4831,  1.0000,  0.0000,  0.0000,  0.0000,  0.0000]])
tensor([[0.5858, 1.0000, 0.0000, 0.0000, 0.0000, 0.0000]])
tensor([[0.7011, 1.0000, 0.0000, 0.0000, 0.0000, 0.0000]])
tensor([[0.9388, 1.0000, 0.0000, 0.0000, 0.0000, 0.0000]])
tensor([[0.7336, 1.0000, 0.0000, 0.0000, 0.0000, 0.0000]])
tensor([[-0.3133,  1.0000,  0.0000,  0.0000,  0.0000,  0.0000]])
tensor([[-0.0613,  1.0000,  0.0000,  0.0000,  0.0000,  0.0000]])
tensor([[-0.4974,  1.0000,  0.0000,  0.0000,  0.0000,  0.0000]])
tensor([[-0.3035,  1.0000,  0.0000,  0.0000,  0.0000,  0.0000]])
tensor([[-0.2280,  1.0000,  0.0000,  0.0000,  0.0000,  0.0000]])
tensor([[-0.1493,  1.0000,  0.0000,  0.0000,  0.0000,  0.0000]])
tensor([[0.9933, 1.0000, 0.0000, 0.0000, 0.0000, 0.0000]])
tensor([[0.9025, 1.0000, 0.0000, 0.0000, 0.0000, 0.0000]])
tensor([[0.5760, 1.0000, 0.0000, 0.0000, 0.0000, 0.0000]])
tensor([[0.6458, 1.0000, 0.0000, 0.0000, 0.0000, 0.0000]])
tensor([[-0.8060,  1.0000,  0.0000,  0.0000,  0.0000,  0.0000]])
tensor([[0.9164, 1.0000, 0.0000, 0.0000, 0.0000, 0.0000]])
tensor([[0.9498, 1.0000, 0.0000, 0.0000, 0.0000, 0.0000]])
tensor([[0.7483, 1.0000, 0.0000, 0.0000, 0.0000, 0.0000]])
tensor([[0.1570, 1.0000, 0.0000, 0.0000, 0.0000, 0.0000]])
tensor([[-0.1505,  1.0000,  0.0000,  0.0000,  0.0000,  0.0000]])
tensor([[0.0734, 1.0000, 0.0000, 0.0000, 0.0000, 0.0000]])
tensor([[0.2411, 1.0000, 0.0000, 0.0000, 0.0000, 0.0000]])
tensor([[0.8223, 1.0000, 0.0000, 0.0000, 0.0000, 0.0000]])
tensor([[0.5624, 1.0000, 0.0000, 0.0000, 0.0000, 0.0000]])
tensor([[-0.7956,  1.0000,  0.0000,  0.0000,  0.0000,  0.0000]])
tensor([[-0.0802,  1.0000,  0.0000,  0.0000,  0.0000,  0.0000]])
tensor([[0.4686, 1.0000, 0.0000, 0.0000, 0.0000, 0.0000]])
tensor([[0.9759, 1.0000, 0.0000, 0.0000, 0.0000, 0.0000]])
tensor([[0.8083, 1.0000, 0.0000, 0.0000, 0.0000, 0.0000]])
tensor([[0.7716, 1.0000, 0.0000, 0.0000, 0.0000, 0.0000]])
tensor([[0.1220, 1.0000, 0.0000, 0.0000, 0.0000, 0.0000]])
tensor([[-0.6266,  1.0000,  0.0000,  0.0000,  0.0000,  0.0000]])
tensor([[-0.1356,  1.0000,  0.0000,  0.0000,  0.0000,  0.0000]])
tensor([[0.3162, 1.0000, 0.0000, 0.0000, 0.0000, 0.0000]])
tensor([[0.8398, 1.0000, 0.0000, 0.0000, 0.0000, 0.0000]])
tensor([[0.0621, 1.0000, 0.0000, 0.0000, 0.0000, 0.0000]])
tensor([[-0.7759,  1.0000,  0.0000,  0.0000,  0.0000,  0.0000]])
tensor([[0.1343, 1.0000, 0.0000, 0.0000, 0.0000, 0.0000]])
tensor([[0.7771, 1.0000, 0.0000, 0.0000, 0.0000, 0.0000]])
tensor([[0.8620, 1.0000, 0.0000, 0.0000, 0.0000, 0.0000]])
tensor([[0.8644, 1.0000, 0.0000, 0.0000, 0.0000, 0.0000]])
tensor([[0.6699, 1.0000, 0.0000, 0.0000, 0.0000, 0.0000]])
tensor([[0.3208, 1.0000, 0.0000, 0.0000, 0.0000, 0.0000]])
tensor([[0.2767, 1.0000, 0.0000, 0.0000, 0.0000, 0.0000]])
tensor([[0.9365, 1.0000, 0.0000, 0.0000, 0.0000, 0.0000]])
tensor([[0.4656, 1.0000, 0.0000, 0.0000, 0.0000, 0.0000]])
tensor([[-0.3091,  1.0000,  0.0000,  0.0000,  0.0000,  0.0000]])
tensor([[0.9430, 1.0000, 0.0000, 0.0000, 0.0000, 0.0000]])
tensor([[0.5310, 1.0000, 0.0000, 0.0000, 0.0000, 0.0000]])
tensor([[-0.6848,  1.0000,  0.0000,  0.0000,  0.0000,  0.0000]])
tensor([[-0.6682,  1.0000,  0.0000,  0.0000,  0.0000,  0.0000]])
tensor([[0.8260, 1.0000, 0.0000, 0.0000, 0.0000, 0.0000]])
tensor([[0.9210, 1.0000, 0.0000, 0.0000, 0.0000, 0.0000]])
tensor([[0.5599, 1.0000, 0.0000, 0.0000, 0.0000, 0.0000]])
tensor([[0.7292, 1.0000, 0.0000, 0.0000, 0.0000, 0.0000]])
tensor([[0.9198, 1.0000, 0.0000, 0.0000, 0.0000, 0.0000]])
tensor([[0.4397, 1.0000, 0.0000, 0.0000, 0.0000, 0.0000]])
tensor([[-0.8675,  1.0000,  0.0000,  0.0000,  0.0000,  0.0000]])
tensor([[0.6701, 1.0000, 0.0000, 0.0000, 0.0000, 0.0000]])
tensor([[0.8739, 1.0000, 0.0000, 0.0000, 0.0000, 0.0000]])
tensor([[-0.0996,  1.0000,  0.0000,  0.0000,  0.0000,  0.0000]])
tensor([[0.9979, 1.0000, 0.0000, 0.0000, 0.0000, 0.0000]])
tensor([[0.2192, 1.0000, 0.0000, 0.0000, 0.0000, 0.0000]])
tensor([[0.6499, 1.0000, 0.0000, 0.0000, 0.0000, 0.0000]])
tensor([[0.8231, 1.0000, 0.0000, 0.0000, 0.0000, 0.0000]])
tensor([[0.0809, 1.0000, 0.0000, 0.0000, 0.0000, 0.0000]])
tensor([[0.0765, 1.0000, 0.0000, 0.0000, 0.0000, 0.0000]])
tensor([[-0.6450,  1.0000,  0.0000,  0.0000,  0.0000,  0.0000]])
tensor([[-0.8533,  1.0000,  0.0000,  0.0000,  0.0000,  0.0000]])
tensor([[0.6095, 1.0000, 0.0000, 0.0000, 0.0000, 0.0000]])
tensor([[0.9929, 1.0000, 0.0000, 0.0000, 0.0000, 0.0000]])
tensor([[0.9965, 1.0000, 0.0000, 0.0000, 0.0000, 0.0000]])
tensor([[0.5615, 1.0000, 0.0000, 0.0000, 0.0000, 0.0000]])
tensor([[0.8267, 1.0000, 0.0000, 0.0000, 0.0000, 0.0000]])
tensor([[0.8334, 1.0000, 0.0000, 0.0000, 0.0000, 0.0000]])
tensor([[0.6746, 1.0000, 0.0000, 0.0000, 0.0000, 0.0000]])
tensor([[0.8107, 1.0000, 0.0000, 0.0000, 0.0000, 0.0000]])
tensor([[0.8666, 1.0000, 0.0000, 0.0000, 0.0000, 0.0000]])
tensor([[-0.2224,  1.0000,  0.0000,  0.0000,  0.0000,  0.0000]])
tensor([[-0.7150,  1.0000,  0.0000,  0.0000,  0.0000,  0.0000]])
tensor([[0.4202, 1.0000, 0.0000, 0.0000, 0.0000, 0.0000]])
tensor([[0.8364, 1.0000, 0.0000, 0.0000, 0.0000, 0.0000]])
tensor([[0.0065, 1.0000, 0.0000, 0.0000, 0.0000, 0.0000]])
tensor([[0.2679, 1.0000, 0.0000, 0.0000, 0.0000, 0.0000]])
tensor([[0.3287, 1.0000, 0.0000, 0.0000, 0.0000, 0.0000]])
tensor([[0.8933, 1.0000, 0.0000, 0.0000, 0.0000, 0.0000]])
tensor([[-0.3572,  1.0000,  0.0000,  0.0000,  0.0000,  0.0000]])
tensor([[0.1541, 1.0000, 0.0000, 0.0000, 0.0000, 0.0000]])
tensor([[0.4376, 1.0000, 0.0000, 0.0000, 0.0000, 0.0000]])
tensor([[0.3246, 1.0000, 0.0000, 0.0000, 0.0000, 0.0000]])
tensor([[0.8600, 1.0000, 0.0000, 0.0000, 0.0000, 0.0000]])
tensor([[0.9678, 1.0000, 0.0000, 0.0000, 0.0000, 0.0000]])
tensor([[0.8715, 1.0000, 0.0000, 0.0000, 0.0000, 0.0000]])
tensor([[-0.0082,  1.0000,  0.0000,  0.0000,  0.0000,  0.0000]])
tensor([[0.8198, 1.0000, 0.0000, 0.0000, 0.0000, 0.0000]])
tensor([[0.4981, 1.0000, 0.0000, 0.0000, 0.0000, 0.0000]])
tensor([[-0.6681,  1.0000,  0.0000,  0.0000,  0.0000,  0.0000]])
tensor([[-0.2575,  1.0000,  0.0000,  0.0000,  0.0000,  0.0000]])
tensor([[0.5139, 1.0000, 0.0000, 0.0000, 0.0000, 0.0000]])
tensor([[0.1100, 1.0000, 0.0000, 0.0000, 0.0000, 0.0000]])
tensor([[0.8524, 1.0000, 0.0000, 0.0000, 0.0000, 0.0000]])
tensor([[0.6365, 1.0000, 0.0000, 0.0000, 0.0000, 0.0000]])
tensor([[0.9848, 1.0000, 0.0000, 0.0000, 0.0000, 0.0000]])
tensor([[0.9384, 1.0000, 0.0000, 0.0000, 0.0000, 0.0000]])
tensor([[0.8925, 1.0000, 0.0000, 0.0000, 0.0000, 0.0000]])
tensor([[-0.3083,  1.0000,  0.0000,  0.0000,  0.0000,  0.0000]])
tensor([[0.6729, 1.0000, 0.0000, 0.0000, 0.0000, 0.0000]])
tensor([[0.8757, 1.0000, 0.0000, 0.0000, 0.0000, 0.0000]])
tensor([[0.5469, 1.0000, 0.0000, 0.0000, 0.0000, 0.0000]])
tensor([[-0.2659,  1.0000,  0.0000,  0.0000,  0.0000,  0.0000]])
tensor([[0.6831, 1.0000, 0.0000, 0.0000, 0.0000, 0.0000]])
tensor([[-0.4539,  1.0000,  0.0000,  0.0000,  0.0000,  0.0000]])
tensor([[-0.6207,  1.0000,  0.0000,  0.0000,  0.0000,  0.0000]])
tensor([[-0.8215,  1.0000,  0.0000,  0.0000,  0.0000,  0.0000]])
tensor([[0.7385, 1.0000, 0.0000, 0.0000, 0.0000, 0.0000]])
tensor([[-0.4610,  1.0000,  0.0000,  0.0000,  0.0000,  0.0000]])
tensor([[-0.9608,  1.0000,  0.0000,  0.0000,  0.0000,  0.0000]])
tensor([[0.4606, 1.0000, 0.0000, 0.0000, 0.0000, 0.0000]])
tensor([[-0.4495,  1.0000,  0.0000,  0.0000,  0.0000,  0.0000]])
tensor([[0.2936, 1.0000, 0.0000, 0.0000, 0.0000, 0.0000]])
tensor([[0.7075, 1.0000, 0.0000, 0.0000, 0.0000, 0.0000]])
tensor([[0.0216, 1.0000, 0.0000, 0.0000, 0.0000, 0.0000]])
tensor([[0.5467, 1.0000, 0.0000, 0.0000, 0.0000, 0.0000]])
tensor([[-0.5886,  1.0000,  0.0000,  0.0000,  0.0000,  0.0000]])
tensor([[-0.9046,  1.0000,  0.0000,  0.0000,  0.0000,  0.0000]])
tensor([[0.3736, 1.0000, 0.0000, 0.0000, 0.0000, 0.0000]])
tensor([[-0.6312,  1.0000,  0.0000,  0.0000,  0.0000,  0.0000]])
tensor([[0.4531, 1.0000, 0.0000, 0.0000, 0.0000, 0.0000]])
tensor([[-0.3510,  1.0000,  0.0000,  0.0000,  0.0000,  0.0000]])
tensor([[0.3265, 1.0000, 0.0000, 0.0000, 0.0000, 0.0000]])
tensor([[-0.0282,  1.0000,  0.0000,  0.0000,  0.0000,  0.0000]])
tensor([[0.7693, 1.0000, 0.0000, 0.0000, 0.0000, 0.0000]])
tensor([[-0.9560,  1.0000,  0.0000,  0.0000,  0.0000,  0.0000]])
tensor([[-0.5518,  1.0000,  0.0000,  0.0000,  0.0000,  0.0000]])
tensor([[-0.7843,  1.0000,  1.0000,  0.0000,  0.0000,  0.0000]])
tensor([[-0.1648,  1.0000,  0.0000,  0.0000,  0.0000,  0.0000]])
tensor([[0.7043, 1.0000, 0.0000, 0.0000, 0.0000, 0.0000]])
tensor([[0.8604, 1.0000, 0.0000, 0.0000, 0.0000, 0.0000]])
tensor([[0.4472, 1.0000, 0.0000, 0.0000, 0.0000, 0.0000]])
tensor([[0.4735, 1.0000, 0.0000, 0.0000, 0.0000, 0.0000]])
tensor([[0.8179, 1.0000, 0.0000, 0.0000, 0.0000, 0.0000]])
tensor([[-0.3136,  1.0000,  0.0000,  0.0000,  0.0000,  0.0000]])
tensor([[-0.4029,  1.0000,  0.0000,  0.0000,  0.0000,  0.0000]])
tensor([[0.6637, 1.0000, 0.0000, 0.0000, 0.0000, 0.0000]])
tensor([[-0.2528,  1.0000,  0.0000,  0.0000,  0.0000,  0.0000]])
tensor([[-0.7082,  1.0000,  0.0000,  0.0000,  0.0000,  0.0000]])
tensor([[-0.8219,  1.0000,  0.0000,  0.0000,  0.0000,  0.0000]])
tensor([[0.3359, 1.0000, 0.0000, 0.0000, 0.0000, 0.0000]])
tensor([[0.7412, 1.0000, 0.0000, 0.0000, 0.0000, 0.0000]])
tensor([[0.0522, 1.0000, 0.0000, 0.0000, 0.0000, 0.0000]])
tensor([[0.6422, 1.0000, 0.0000, 0.0000, 0.0000, 0.0000]])
tensor([[0.1065, 1.0000, 0.0000, 0.0000, 0.0000, 0.0000]])
tensor([[-0.4514,  1.0000,  0.0000,  0.0000,  0.0000,  0.0000]])
tensor([[-0.4707,  1.0000,  0.0000,  0.0000,  0.0000,  0.0000]])
tensor([[-0.8744,  1.0000,  0.0000,  0.0000,  0.0000,  0.0000]])
tensor([[-0.4617,  1.0000,  0.0000,  0.0000,  0.0000,  0.0000]])
tensor([[-0.5150,  1.0000,  0.0000,  0.0000,  0.0000,  0.0000]])
tensor([[0.5423, 1.0000, 0.0000, 0.0000, 0.0000, 0.0000]])
tensor([[-0.3898,  1.0000,  0.0000,  0.0000,  0.0000,  0.0000]])
tensor([[-0.6277,  1.0000,  0.0000,  0.0000,  0.0000,  0.0000]])
tensor([[0.7967, 1.0000, 0.0000, 0.0000, 0.0000, 0.0000]])
tensor([[-0.0751,  1.0000,  0.0000,  0.0000,  0.0000,  0.0000]])
tensor([[0.7769, 1.0000, 0.0000, 0.0000, 0.0000, 0.0000]])
tensor([[-0.0454,  1.0000,  0.0000,  0.0000,  0.0000,  0.0000]])
tensor([[0.9646, 1.0000, 0.0000, 0.0000, 0.0000, 0.0000]])
tensor([[-0.3558,  1.0000,  0.0000,  0.0000,  0.0000,  0.0000]])
tensor([[0.9335, 1.0000, 0.0000, 0.0000, 0.0000, 0.0000]])
tensor([[-0.9049,  1.0000,  0.0000,  0.0000,  0.0000,  0.0000]])
tensor([[0.4024, 1.0000, 0.0000, 0.0000, 0.0000, 0.0000]])
tensor([[0.1363, 1.0000, 0.0000, 0.0000, 0.0000, 0.0000]])
tensor([[-0.8323,  1.0000,  0.0000,  0.0000,  0.0000,  0.0000]])
tensor([[0.0679, 1.0000, 0.0000, 0.0000, 0.0000, 0.0000]])
tensor([[0.5339, 1.0000, 0.0000, 0.0000, 0.0000, 0.0000]])
tensor([[-0.9658,  1.0000,  0.0000,  0.0000,  0.0000,  0.0000]])
tensor([[-0.4256,  1.0000,  0.0000,  0.0000,  0.0000,  0.0000]])
tensor([[-0.4537,  1.0000,  0.0000,  0.0000,  0.0000,  0.0000]])
tensor([[-0.8728,  1.0000,  0.0000,  0.0000,  0.0000,  0.0000]])
tensor([[-0.8377,  1.0000,  0.0000,  0.0000,  0.0000,  0.0000]])
tensor([[-0.4435,  1.0000,  0.0000,  0.0000,  0.0000,  0.0000]])
tensor([[0.1432, 1.0000, 0.0000, 0.0000, 0.0000, 0.0000]])
tensor([[0.6368, 0.0000, 0.0000, 0.0000, 0.0000, 0.0000]])
tensor([[-0.0049,  1.0000,  0.0000,  0.0000,  0.0000,  0.0000]])
tensor([[-0.8123,  1.0000,  0.0000,  0.0000,  0.0000,  0.0000]])
tensor([[-0.9455,  1.0000,  0.0000,  0.0000,  0.0000,  0.0000]])
tensor([[-0.7867,  1.0000,  0.0000,  0.0000,  0.0000,  0.0000]])
tensor([[-0.8195,  1.0000,  0.0000,  0.0000,  0.0000,  0.0000]])
tensor([[0.3207, 1.0000, 0.0000, 0.0000, 0.0000, 0.0000]])
tensor([[0.4313, 1.0000, 0.0000, 0.0000, 0.0000, 0.0000]])
tensor([[-0.8382,  1.0000,  0.0000,  0.0000,  0.0000,  0.0000]])
tensor([[-0.8710,  1.0000,  0.0000,  0.0000,  0.0000,  0.0000]])
tensor([[-0.0348,  1.0000,  0.0000,  0.0000,  0.0000,  0.0000]])
tensor([[-0.8973,  1.0000,  0.0000,  0.0000,  0.0000,  0.0000]])
tensor([[-0.9619,  1.0000,  0.0000,  0.0000,  0.0000,  0.0000]])
tensor([[-0.6325,  1.0000,  1.0000,  0.0000,  0.0000,  0.0000]])
tensor([[0.0217, 1.0000, 0.0000, 0.0000, 0.0000, 0.0000]])
tensor([[-0.6501,  1.0000,  0.0000,  0.0000,  0.0000,  0.0000]])
tensor([[-0.8830,  1.0000,  0.0000,  0.0000,  0.0000,  0.0000]])
tensor([[0.2756, 1.0000, 0.0000, 0.0000, 0.0000, 0.0000]])
tensor([[0.3456, 1.0000, 0.0000, 0.0000, 0.0000, 0.0000]])
tensor([[-0.3510,  0.0000,  0.0000,  0.0000,  0.0000,  0.0000]])
tensor([[-0.8218,  1.0000,  0.0000,  0.0000,  0.0000,  0.0000]])
tensor([[-0.7743,  1.0000,  0.0000,  0.0000,  0.0000,  0.0000]])
tensor([[-0.8049,  1.0000,  0.0000,  0.0000,  0.0000,  0.0000]])
tensor([[-0.8626,  1.0000,  0.0000,  0.0000,  0.0000,  0.0000]])
tensor([[-0.0537,  1.0000,  0.0000,  0.0000,  0.0000,  0.0000]])
tensor([[-0.8941,  1.0000,  0.0000,  0.0000,  0.0000,  0.0000]])
tensor([[0.3999, 1.0000, 0.0000, 0.0000, 0.0000, 0.0000]])
tensor([[-0.4976,  1.0000,  0.0000,  0.0000,  0.0000,  0.0000]])
tensor([[-0.4588,  1.0000,  0.0000,  0.0000,  0.0000,  0.0000]])
tensor([[-0.9766,  1.0000,  0.0000,  0.0000,  0.0000,  0.0000]])
tensor([[-0.9723,  1.0000,  0.0000,  0.0000,  0.0000,  0.0000]])
tensor([[-0.5221,  1.0000,  0.0000,  0.0000,  0.0000,  0.0000]])
tensor([[0.6249, 1.0000, 0.0000, 0.0000, 0.0000, 0.0000]])
tensor([[-0.4246,  1.0000,  0.0000,  0.0000,  0.0000,  0.0000]])
tensor([[-0.9286,  1.0000,  0.0000,  0.0000,  0.0000,  0.0000]])
tensor([[-0.9683,  1.0000,  0.0000,  0.0000,  0.0000,  0.0000]])
tensor([[0.5658, 1.0000, 0.0000, 0.0000, 0.0000, 0.0000]])
tensor([[0.2747, 1.0000, 0.0000, 0.0000, 0.0000, 0.0000]])
tensor([[-0.5489,  1.0000,  0.0000,  0.0000,  0.0000,  0.0000]])
tensor([[0.0528, 1.0000, 0.0000, 0.0000, 0.0000, 0.0000]])
tensor([[-0.1546,  1.0000,  0.0000,  0.0000,  0.0000,  0.0000]])
tensor([[-0.3643,  1.0000,  0.0000,  0.0000,  0.0000,  0.0000]])
tensor([[0.3418, 1.0000, 0.0000, 0.0000, 0.0000, 0.0000]])
tensor([[0.1900, 1.0000, 0.0000, 0.0000, 0.0000, 0.0000]])
tensor([[-0.8758,  1.0000,  0.0000,  0.0000,  0.0000,  0.0000]])
tensor([[-0.6962,  1.0000,  0.0000,  0.0000,  0.0000,  0.0000]])
tensor([[-0.9682,  1.0000,  0.0000,  0.0000,  0.0000,  0.0000]])
tensor([[-0.8591,  1.0000,  0.0000,  0.0000,  0.0000,  0.0000]])
tensor([[-0.8434,  1.0000,  0.0000,  0.0000,  0.0000,  0.0000]])
tensor([[0.7060, 1.0000, 0.0000, 0.0000, 0.0000, 0.0000]])
tensor([[-0.8379,  1.0000,  0.0000,  0.0000,  0.0000,  0.0000]])
tensor([[-0.7865,  1.0000,  0.0000,  0.0000,  0.0000,  0.0000]])
tensor([[-0.4469,  1.0000,  0.0000,  0.0000,  0.0000,  0.0000]])
tensor([[-0.4564,  1.0000,  0.0000,  0.0000,  0.0000,  0.0000]])
tensor([[-0.1536,  1.0000,  0.0000,  0.0000,  0.0000,  0.0000]])
tensor([[-0.4481,  1.0000,  0.0000,  0.0000,  0.0000,  0.0000]])
tensor([[0.4819, 1.0000, 0.0000, 0.0000, 0.0000, 0.0000]])
tensor([[0.2791, 1.0000, 0.0000, 0.0000, 0.0000, 0.0000]])
tensor([[-0.7921,  1.0000,  0.0000,  0.0000,  0.0000,  0.0000]])
tensor([[-0.7286,  1.0000,  0.0000,  0.0000,  0.0000,  0.0000]])
tensor([[-0.6176,  1.0000,  0.0000,  0.0000,  0.0000,  0.0000]])
tensor([[0.0309, 1.0000, 0.0000, 0.0000, 0.0000, 0.0000]])
tensor([[-0.2588,  1.0000,  0.0000,  0.0000,  0.0000,  0.0000]])
tensor([[-0.4802,  1.0000,  0.0000,  0.0000,  0.0000,  0.0000]])
tensor([[-0.9083,  1.0000,  0.0000,  0.0000,  0.0000,  0.0000]])
tensor([[-0.3261,  1.0000,  0.0000,  0.0000,  0.0000,  0.0000]])
tensor([[-0.8326,  1.0000,  0.0000,  0.0000,  0.0000,  0.0000]])
tensor([[-0.4034,  1.0000,  0.0000,  0.0000,  0.0000,  0.0000]])
tensor([[0.1187, 1.0000, 0.0000, 0.0000, 0.0000, 0.0000]])
tensor([[-0.7250,  0.0000,  0.0000,  0.0000,  0.0000,  0.0000]])
tensor([[-0.6879,  1.0000,  0.0000,  0.0000,  0.0000,  0.0000]])
tensor([[-0.5977,  1.0000,  0.0000,  0.0000,  0.0000,  0.0000]])
tensor([[0.3015, 1.0000, 0.0000, 0.0000, 0.0000, 0.0000]])
tensor([[0.0770, 1.0000, 0.0000, 0.0000, 0.0000, 0.0000]])
tensor([[0.8638, 1.0000, 0.0000, 0.0000, 0.0000, 0.0000]])
tensor([[-0.5567,  1.0000,  0.0000,  0.0000,  0.0000,  0.0000]])
tensor([[-0.7217,  1.0000,  0.0000,  0.0000,  0.0000,  0.0000]])
tensor([[0.3729, 1.0000, 0.0000, 0.0000, 0.0000, 0.0000]])
tensor([[-0.8439,  1.0000,  0.0000,  0.0000,  0.0000,  0.0000]])
tensor([[-0.9501,  1.0000,  0.0000,  0.0000,  0.0000,  0.0000]])
tensor([[-0.5021,  1.0000,  0.0000,  0.0000,  0.0000,  0.0000]])
tensor([[-0.5476,  1.0000,  0.0000,  0.0000,  0.0000,  0.0000]])
tensor([[-0.9548,  0.0000,  0.0000,  0.0000,  0.0000,  0.0000]])
tensor([[-0.7678,  1.0000,  0.0000,  0.0000,  0.0000,  0.0000]])
tensor([[-0.0088,  1.0000,  0.0000,  0.0000,  0.0000,  0.0000]])
tensor([[-0.3027,  1.0000,  0.0000,  0.0000,  0.0000,  0.0000]])
tensor([[-0.7030,  1.0000,  0.0000,  0.0000,  0.0000,  0.0000]])
tensor([[0.3051, 1.0000, 0.0000, 0.0000, 0.0000, 0.0000]])
tensor([[0.2624, 1.0000, 0.0000, 0.0000, 0.0000, 0.0000]])
tensor([[0.5954, 1.0000, 0.0000, 0.0000, 0.0000, 0.0000]])
tensor([[-0.5024,  1.0000,  0.0000,  0.0000,  0.0000,  0.0000]])
tensor([[-0.8956,  1.0000,  0.0000,  0.0000,  0.0000,  0.0000]])
tensor([[-0.6003,  1.0000,  0.0000,  0.0000,  0.0000,  0.0000]])
tensor([[0.6602, 1.0000, 0.0000, 0.0000, 0.0000, 0.0000]])
tensor([[0.0998, 1.0000, 0.0000, 0.0000, 0.0000, 0.0000]])
tensor([[-0.4583,  1.0000,  0.0000,  0.0000,  0.0000,  0.0000]])
tensor([[-0.0462,  1.0000,  1.0000,  0.0000,  0.0000,  0.0000]])
tensor([[-0.9675,  1.0000,  0.0000,  0.0000,  0.0000,  0.0000]])
tensor([[-0.8857,  1.0000,  0.0000,  0.0000,  0.0000,  0.0000]])
tensor([[-0.9574,  1.0000,  0.0000,  0.0000,  0.0000,  0.0000]])
tensor([[0.0947, 1.0000, 0.0000, 0.0000, 0.0000, 0.0000]])
tensor([[0.8869, 1.0000, 0.0000, 0.0000, 0.0000, 0.0000]])
tensor([[-0.9186,  1.0000,  0.0000,  0.0000,  0.0000,  0.0000]])
tensor([[-0.9282,  1.0000,  0.0000,  0.0000,  0.0000,  0.0000]])
tensor([[-0.8234,  1.0000,  0.0000,  0.0000,  0.0000,  0.0000]])
tensor([[0.8431, 1.0000, 0.0000, 0.0000, 0.0000, 0.0000]])
tensor([[-0.6110,  1.0000,  0.0000,  0.0000,  0.0000,  0.0000]])
tensor([[0.2113, 1.0000, 0.0000, 0.0000, 0.0000, 0.0000]])
tensor([[-0.8058,  1.0000,  0.0000,  0.0000,  0.0000,  0.0000]])
tensor([[-0.8565,  1.0000,  0.0000,  0.0000,  0.0000,  0.0000]])
tensor([[0.9465, 1.0000, 0.0000, 0.0000, 0.0000, 0.0000]])
tensor([[0.8155, 1.0000, 0.0000, 0.0000, 0.0000, 0.0000]])
tensor([[-0.7354,  1.0000,  0.0000,  0.0000,  0.0000,  0.0000]])
tensor([[0.3130, 1.0000, 0.0000, 0.0000, 0.0000, 0.0000]])
tensor([[-0.9772,  1.0000,  0.0000,  0.0000,  0.0000,  0.0000]])
tensor([[-0.4911,  1.0000,  0.0000,  0.0000,  0.0000,  0.0000]])
tensor([[-0.8161,  1.0000,  0.0000,  0.0000,  0.0000,  0.0000]])
tensor([[-0.7480,  1.0000,  0.0000,  0.0000,  0.0000,  0.0000]])
tensor([[-0.5884,  1.0000,  0.0000,  0.0000,  0.0000,  0.0000]])
tensor([[-0.2023,  1.0000,  0.0000,  0.0000,  0.0000,  0.0000]])
tensor([[-0.8036,  1.0000,  0.0000,  0.0000,  0.0000,  0.0000]])
tensor([[0.8515, 1.0000, 0.0000, 0.0000, 0.0000, 0.0000]])
tensor([[-0.9031,  1.0000,  0.0000,  0.0000,  0.0000,  0.0000]])
tensor([[-0.2753,  1.0000,  0.0000,  0.0000,  0.0000,  0.0000]])
tensor([[-0.7160,  1.0000,  0.0000,  0.0000,  0.0000,  0.0000]])
tensor([[-0.5684,  1.0000,  0.0000,  0.0000,  0.0000,  0.0000]])
tensor([[-0.8550,  1.0000,  0.0000,  0.0000,  0.0000,  0.0000]])
tensor([[0.7232, 1.0000, 0.0000, 0.0000, 0.0000, 0.0000]])
tensor([[-0.7459,  1.0000,  0.0000,  0.0000,  0.0000,  0.0000]])
tensor([[-0.6103,  1.0000,  0.0000,  0.0000,  0.0000,  0.0000]])
tensor([[-0.7500,  1.0000,  0.0000,  0.0000,  0.0000,  0.0000]])
tensor([[-0.7782,  1.0000,  0.0000,  0.0000,  0.0000,  0.0000]])
tensor([[0.7762, 1.0000, 0.0000, 0.0000, 0.0000, 0.0000]])
tensor([[-0.7188,  1.0000,  0.0000,  0.0000,  0.0000,  0.0000]])
tensor([[0.9225, 1.0000, 0.0000, 0.0000, 0.0000, 0.0000]])
tensor([[0.9887, 1.0000, 0.0000, 0.0000, 0.0000, 0.0000]])
tensor([[-0.9424,  1.0000,  0.0000,  0.0000,  0.0000,  0.0000]])
tensor([[-0.8903,  1.0000,  0.0000,  0.0000,  0.0000,  0.0000]])
tensor([[-0.8467,  1.0000,  0.0000,  0.0000,  0.0000,  0.0000]])
tensor([[-0.8993,  1.0000,  0.0000,  0.0000,  0.0000,  0.0000]])
tensor([[0.1703, 1.0000, 0.0000, 0.0000, 0.0000, 0.0000]])
tensor([[0.3266, 1.0000, 0.0000, 0.0000, 0.0000, 0.0000]])
tensor([[-0.7231,  1.0000,  0.0000,  0.0000,  0.0000,  0.0000]])
tensor([[-0.8056,  1.0000,  0.0000,  0.0000,  0.0000,  0.0000]])
tensor([[0.4138, 1.0000, 0.0000, 0.0000, 0.0000, 0.0000]])
tensor([[0.5020, 1.0000, 0.0000, 0.0000, 0.0000, 0.0000]])
tensor([[-0.7720,  1.0000,  0.0000,  0.0000,  0.0000,  0.0000]])
tensor([[0.5942, 1.0000, 0.0000, 0.0000, 0.0000, 0.0000]])
tensor([[0.3917, 1.0000, 0.0000, 0.0000, 0.0000, 0.0000]])
tensor([[-0.5218,  1.0000,  0.0000,  0.0000,  0.0000,  0.0000]])
tensor([[0.0788, 1.0000, 0.0000, 0.0000, 0.0000, 0.0000]])
tensor([[0.6027, 1.0000, 0.0000, 0.0000, 0.0000, 0.0000]])
tensor([[-0.3924,  1.0000,  0.0000,  0.0000,  0.0000,  0.0000]])
tensor([[-0.9175,  1.0000,  0.0000,  0.0000,  0.0000,  0.0000]])
tensor([[-0.8279,  1.0000,  0.0000,  0.0000,  0.0000,  0.0000]])
tensor([[-0.3927,  1.0000,  0.0000,  0.0000,  0.0000,  0.0000]])
tensor([[-0.7651,  1.0000,  0.0000,  0.0000,  0.0000,  0.0000]])
tensor([[0.4225, 1.0000, 0.0000, 0.0000, 0.0000, 0.0000]])
tensor([[0.9909, 1.0000, 0.0000, 0.0000, 0.0000, 0.0000]])
tensor([[0.7201, 1.0000, 0.0000, 0.0000, 0.0000, 0.0000]])
tensor([[-0.4566,  1.0000,  1.0000,  0.0000,  0.0000,  0.0000]])
tensor([[0.0535, 1.0000, 0.0000, 0.0000, 0.0000, 0.0000]])
tensor([[0.0662, 1.0000, 0.0000, 0.0000, 0.0000, 0.0000]])
tensor([[-0.0310,  1.0000,  0.0000,  0.0000,  0.0000,  0.0000]])
tensor([[0.5512, 1.0000, 0.0000, 0.0000, 0.0000, 0.0000]])
tensor([[-0.9346,  1.0000,  0.0000,  0.0000,  0.0000,  0.0000]])
tensor([[-0.0371,  0.0000,  0.0000,  0.0000,  0.0000,  0.0000]])
tensor([[-0.0044,  1.0000,  0.0000,  0.0000,  0.0000,  0.0000]])
tensor([[-0.1740,  1.0000,  0.0000,  0.0000,  0.0000,  0.0000]])
tensor([[-0.2052,  1.0000,  0.0000,  0.0000,  0.0000,  0.0000]])
tensor([[-0.7630,  1.0000,  0.0000,  0.0000,  0.0000,  0.0000]])
tensor([[-0.6376,  1.0000,  0.0000,  0.0000,  0.0000,  0.0000]])
tensor([[-0.1817,  1.0000,  0.0000,  0.0000,  0.0000,  0.0000]])
tensor([[0.8703, 1.0000, 0.0000, 0.0000, 0.0000, 0.0000]])
tensor([[-0.5914,  1.0000,  0.0000,  0.0000,  0.0000,  0.0000]])
tensor([[0.1529, 1.0000, 0.0000, 0.0000, 0.0000, 0.0000]])
tensor([[-0.2604,  1.0000,  0.0000,  0.0000,  0.0000,  0.0000]])
tensor([[-0.1446,  1.0000,  0.0000,  0.0000,  0.0000,  0.0000]])
tensor([[0.6188, 1.0000, 0.0000, 0.0000, 0.0000, 0.0000]])
tensor([[0.3798, 1.0000, 0.0000, 0.0000, 0.0000, 0.0000]])
tensor([[0.3833, 1.0000, 0.0000, 0.0000, 0.0000, 0.0000]])
tensor([[-0.1660,  1.0000,  0.0000,  0.0000,  0.0000,  0.0000]])
tensor([[-0.1668,  1.0000,  0.0000,  0.0000,  0.0000,  0.0000]])
tensor([[-0.9062,  1.0000,  0.0000,  0.0000,  0.0000,  0.0000]])
tensor([[-0.3779,  1.0000,  0.0000,  0.0000,  0.0000,  0.0000]])
tensor([[0.6999, 1.0000, 0.0000, 0.0000, 0.0000, 0.0000]])
tensor([[0.7780, 1.0000, 0.0000, 0.0000, 0.0000, 0.0000]])
tensor([[-0.8817,  1.0000,  0.0000,  0.0000,  0.0000,  0.0000]])
tensor([[-0.1706,  1.0000,  0.0000,  0.0000,  0.0000,  0.0000]])
tensor([[-0.8796,  1.0000,  0.0000,  0.0000,  0.0000,  0.0000]])
tensor([[-0.9755,  1.0000,  0.0000,  0.0000,  0.0000,  0.0000]])
tensor([[-0.0942,  1.0000,  0.0000,  0.0000,  0.0000,  0.0000]])
tensor([[-0.8870,  1.0000,  0.0000,  0.0000,  0.0000,  0.0000]])
tensor([[0.8985, 1.0000, 0.0000, 0.0000, 0.0000, 0.0000]])
tensor([[0.3414, 1.0000, 0.0000, 0.0000, 0.0000, 0.0000]])
tensor([[-0.6968,  1.0000,  0.0000,  0.0000,  0.0000,  0.0000]])
tensor([[-0.8501,  1.0000,  0.0000,  0.0000,  0.0000,  0.0000]])
tensor([[-0.8308,  1.0000,  0.0000,  0.0000,  0.0000,  0.0000]])
tensor([[0.5065, 1.0000, 0.0000, 0.0000, 0.0000, 0.0000]])
tensor([[-0.6002,  1.0000,  0.0000,  0.0000,  0.0000,  0.0000]])
tensor([[0.4998, 1.0000, 0.0000, 0.0000, 0.0000, 0.0000]])
tensor([[-0.5520,  1.0000,  0.0000,  0.0000,  0.0000,  0.0000]])
tensor([[-0.1850,  1.0000,  0.0000,  0.0000,  0.0000,  0.0000]])
tensor([[0.2191, 1.0000, 0.0000, 0.0000, 0.0000, 0.0000]])
tensor([[-0.2210,  1.0000,  0.0000,  0.0000,  0.0000,  0.0000]])
tensor([[0.6418, 1.0000, 0.0000, 0.0000, 0.0000, 0.0000]])
tensor([[-0.8084,  1.0000,  0.0000,  0.0000,  0.0000,  0.0000]])
tensor([[-0.8466,  1.0000,  0.0000,  0.0000,  0.0000,  0.0000]])
tensor([[-0.8988,  1.0000,  0.0000,  0.0000,  0.0000,  0.0000]])
tensor([[-0.2418,  1.0000,  0.0000,  0.0000,  0.0000,  0.0000]])
tensor([[-0.8744,  1.0000,  0.0000,  0.0000,  0.0000,  1.0000]])
tensor([[0.5272, 1.0000, 0.0000, 0.0000, 0.0000, 0.0000]])
tensor([[-0.2148,  1.0000,  0.0000,  0.0000,  0.0000,  0.0000]])
tensor([[0.6234, 1.0000, 0.0000, 0.0000, 0.0000, 0.0000]])
tensor([[-0.9504,  1.0000,  0.0000,  0.0000,  0.0000,  0.0000]])
tensor([[-0.9458,  1.0000,  0.0000,  0.0000,  0.0000,  0.0000]])
tensor([[-0.0963,  1.0000,  0.0000,  0.0000,  0.0000,  0.0000]])
tensor([[0.7483, 1.0000, 0.0000, 0.0000, 0.0000, 0.0000]])
tensor([[-0.8497,  1.0000,  0.0000,  0.0000,  0.0000,  0.0000]])
tensor([[-0.7774,  1.0000,  0.0000,  0.0000,  0.0000,  0.0000]])
tensor([[-0.8042,  0.0000,  0.0000,  0.0000,  0.0000,  0.0000]])
tensor([[-0.8335,  1.0000,  0.0000,  0.0000,  0.0000,  0.0000]])
tensor([[-0.2846,  1.0000,  0.0000,  0.0000,  0.0000,  0.0000]])
tensor([[-0.7857,  1.0000,  0.0000,  0.0000,  0.0000,  0.0000]])
tensor([[-0.5766,  1.0000,  0.0000,  0.0000,  0.0000,  0.0000]])
tensor([[0.7374, 1.0000, 0.0000, 0.0000, 0.0000, 0.0000]])
tensor([[-0.9217,  1.0000,  0.0000,  0.0000,  0.0000,  0.0000]])
tensor([[0.1477, 1.0000, 0.0000, 0.0000, 0.0000, 0.0000]])
tensor([[-0.4595,  1.0000,  0.0000,  0.0000,  0.0000,  0.0000]])
tensor([[0.8904, 1.0000, 0.0000, 0.0000, 0.0000, 0.0000]])
tensor([[0.9924, 1.0000, 0.0000, 0.0000, 0.0000, 0.0000]])
tensor([[0.8522, 1.0000, 0.0000, 0.0000, 0.0000, 0.0000]])
tensor([[0.8409, 1.0000, 0.0000, 0.0000, 0.0000, 0.0000]])
tensor([[0.3172, 1.0000, 0.0000, 0.0000, 0.0000, 0.0000]])
tensor([[-0.2778,  1.0000,  0.0000,  0.0000,  0.0000,  0.0000]])
tensor([[-0.5122,  1.0000,  0.0000,  0.0000,  0.0000,  0.0000]])
tensor([[-0.3444,  1.0000,  0.0000,  0.0000,  0.0000,  0.0000]])
tensor([[0.7538, 1.0000, 0.0000, 0.0000, 0.0000, 0.0000]])
tensor([[0.5354, 1.0000, 0.0000, 0.0000, 0.0000, 0.0000]])
tensor([[-0.3664,  1.0000,  0.0000,  0.0000,  0.0000,  0.0000]])
tensor([[-0.6824,  1.0000,  0.0000,  0.0000,  0.0000,  0.0000]])
tensor([[-0.8863,  1.0000,  0.0000,  0.0000,  0.0000,  0.0000]])
tensor([[-0.4824,  1.0000,  0.0000,  0.0000,  0.0000,  0.0000]])
tensor([[-0.5483,  1.0000,  0.0000,  0.0000,  0.0000,  0.0000]])
tensor([[0.2262, 0.0000, 0.0000, 0.0000, 0.0000, 0.0000]])
tensor([[0.4502, 1.0000, 0.0000, 0.0000, 0.0000, 0.0000]])
tensor([[-0.9020,  1.0000,  0.0000,  0.0000,  0.0000,  0.0000]])
tensor([[-0.3974,  1.0000,  0.0000,  0.0000,  0.0000,  0.0000]])
tensor([[-0.2187,  1.0000,  0.0000,  0.0000,  0.0000,  0.0000]])
tensor([[-0.7434,  1.0000,  0.0000,  0.0000,  0.0000,  0.0000]])
tensor([[-0.1952,  1.0000,  0.0000,  0.0000,  0.0000,  0.0000]])
tensor([[-0.0124,  1.0000,  0.0000,  0.0000,  0.0000,  0.0000]])
tensor([[0.5301, 1.0000, 0.0000, 0.0000, 0.0000, 0.0000]])
tensor([[0.3541, 1.0000, 0.0000, 0.0000, 0.0000, 0.0000]])
tensor([[-0.7770,  1.0000,  0.0000,  0.0000,  0.0000,  0.0000]])
tensor([[0.9580, 1.0000, 0.0000, 0.0000, 0.0000, 0.0000]])
tensor([[-0.0095,  1.0000,  0.0000,  0.0000,  0.0000,  0.0000]])
tensor([[0.8785, 1.0000, 0.0000, 0.0000, 0.0000, 0.0000]])
tensor([[0.6933, 1.0000, 0.0000, 0.0000, 0.0000, 0.0000]])
tensor([[0.7025, 1.0000, 0.0000, 0.0000, 0.0000, 0.0000]])
tensor([[0.8750, 1.0000, 0.0000, 0.0000, 0.0000, 0.0000]])
tensor([[0.4859, 1.0000, 0.0000, 0.0000, 0.0000, 0.0000]])
tensor([[0.7197, 1.0000, 0.0000, 0.0000, 0.0000, 0.0000]])
tensor([[0.5576, 1.0000, 0.0000, 0.0000, 0.0000, 0.0000]])
tensor([[-0.6335,  1.0000,  0.0000,  0.0000,  0.0000,  0.0000]])
tensor([[0.1507, 1.0000, 0.0000, 0.0000, 0.0000, 0.0000]])
tensor([[-0.5971,  1.0000,  0.0000,  0.0000,  0.0000,  0.0000]])
tensor([[-0.2635,  1.0000,  0.0000,  0.0000,  0.0000,  0.0000]])
tensor([[-0.8616,  1.0000,  0.0000,  0.0000,  0.0000,  0.0000]])
tensor([[0.3707, 1.0000, 0.0000, 0.0000, 0.0000, 0.0000]])
tensor([[0.8039, 1.0000, 0.0000, 0.0000, 0.0000, 0.0000]])
tensor([[-0.8962,  1.0000,  0.0000,  0.0000,  0.0000,  0.0000]])
tensor([[-0.0612,  1.0000,  0.0000,  0.0000,  0.0000,  0.0000]])
tensor([[-0.6340,  1.0000,  0.0000,  0.0000,  0.0000,  0.0000]])
tensor([[-0.6515,  1.0000,  0.0000,  0.0000,  0.0000,  0.0000]])
tensor([[0.1740, 1.0000, 0.0000, 0.0000, 0.0000, 0.0000]])
tensor([[0.0744, 1.0000, 0.0000, 0.0000, 0.0000, 0.0000]])
tensor([[0.9036, 1.0000, 0.0000, 0.0000, 0.0000, 0.0000]])
tensor([[0.3106, 1.0000, 0.0000, 0.0000, 0.0000, 0.0000]])
tensor([[0.9734, 1.0000, 0.0000, 0.0000, 0.0000, 0.0000]])
tensor([[0.9591, 1.0000, 0.0000, 0.0000, 0.0000, 0.0000]])
tensor([[0.1285, 1.0000, 0.0000, 0.0000, 0.0000, 0.0000]])
tensor([[0.5987, 1.0000, 0.0000, 0.0000, 0.0000, 0.0000]])
tensor([[0.3163, 1.0000, 0.0000, 0.0000, 0.0000, 0.0000]])
tensor([[-0.3927,  1.0000,  0.0000,  0.0000,  0.0000,  0.0000]])
tensor([[-0.6486,  1.0000,  0.0000,  0.0000,  0.0000,  0.0000]])
tensor([[-0.5482,  1.0000,  0.0000,  0.0000,  0.0000,  0.0000]])
tensor([[-0.7611,  1.0000,  0.0000,  0.0000,  0.0000,  0.0000]])
tensor([[-0.6766,  1.0000,  0.0000,  0.0000,  0.0000,  0.0000]])
tensor([[-0.8961,  1.0000,  0.0000,  0.0000,  0.0000,  0.0000]])
tensor([[-0.8082,  1.0000,  0.0000,  0.0000,  0.0000,  0.0000]])
tensor([[-0.2590,  1.0000,  0.0000,  0.0000,  0.0000,  0.0000]])
tensor([[-0.9836,  1.0000,  0.0000,  0.0000,  0.0000,  0.0000]])
tensor([[-0.9719,  1.0000,  0.0000,  0.0000,  0.0000,  0.0000]])
tensor([[-0.9499,  1.0000,  1.0000,  0.0000,  0.0000,  0.0000]])
tensor([[-0.5042,  1.0000,  0.0000,  0.0000,  0.0000,  0.0000]])
tensor([[0.0823, 1.0000, 0.0000, 0.0000, 0.0000, 0.0000]])
tensor([[-0.1598,  1.0000,  0.0000,  0.0000,  0.0000,  0.0000]])
tensor([[-0.4741,  1.0000,  0.0000,  0.0000,  0.0000,  0.0000]])
tensor([[0.0340, 1.0000, 0.0000, 0.0000, 0.0000, 0.0000]])
tensor([[0.8134, 1.0000, 0.0000, 0.0000, 0.0000, 0.0000]])
tensor([[0.5911, 1.0000, 0.0000, 0.0000, 0.0000, 0.0000]])
tensor([[-0.9808,  1.0000,  0.0000,  0.0000,  0.0000,  0.0000]])
tensor([[-0.9622,  1.0000,  0.0000,  0.0000,  0.0000,  0.0000]])
tensor([[-0.9815,  1.0000,  0.0000,  0.0000,  0.0000,  0.0000]])
tensor([[-0.2246,  1.0000,  0.0000,  0.0000,  0.0000,  0.0000]])
tensor([[-0.9128,  1.0000,  0.0000,  0.0000,  0.0000,  0.0000]])
tensor([[-0.1748,  1.0000,  0.0000,  0.0000,  0.0000,  0.0000]])
tensor([[0.5805, 1.0000, 0.0000, 0.0000, 0.0000, 0.0000]])
tensor([[-0.7994,  1.0000,  0.0000,  0.0000,  0.0000,  0.0000]])
tensor([[0.0640, 1.0000, 0.0000, 0.0000, 0.0000, 0.0000]])
tensor([[-0.9654,  1.0000,  0.0000,  0.0000,  0.0000,  0.0000]])
tensor([[0.8420, 1.0000, 0.0000, 0.0000, 0.0000, 0.0000]])
tensor([[-0.6047,  1.0000,  0.0000,  0.0000,  0.0000,  0.0000]])
tensor([[-0.0045,  1.0000,  0.0000,  0.0000,  0.0000,  0.0000]])
tensor([[-0.8144,  1.0000,  0.0000,  0.0000,  0.0000,  0.0000]])
tensor([[0.3099, 1.0000, 0.0000, 0.0000, 0.0000, 0.0000]])
tensor([[0.3105, 1.0000, 0.0000, 0.0000, 0.0000, 0.0000]])
tensor([[-0.4660,  1.0000,  0.0000,  0.0000,  0.0000,  0.0000]])
tensor([[0.3523, 1.0000, 0.0000, 0.0000, 0.0000, 0.0000]])
tensor([[-0.6034,  1.0000,  0.0000,  0.0000,  0.0000,  0.0000]])
tensor([[-0.7120,  1.0000,  0.0000,  0.0000,  0.0000,  0.0000]])
tensor([[-0.3667,  1.0000,  0.0000,  0.0000,  0.0000,  0.0000]])
tensor([[-0.5238,  1.0000,  0.0000,  0.0000,  0.0000,  0.0000]])
tensor([[-0.6128,  1.0000,  0.0000,  0.0000,  0.0000,  0.0000]])
tensor([[0.9651, 1.0000, 0.0000, 0.0000, 0.0000, 0.0000]])
tensor([[-0.0331,  1.0000,  0.0000,  0.0000,  0.0000,  0.0000]])
tensor([[-0.3420,  1.0000,  0.0000,  0.0000,  0.0000,  0.0000]])
tensor([[0.0551, 1.0000, 0.0000, 0.0000, 0.0000, 0.0000]])
tensor([[0.8033, 1.0000, 0.0000, 0.0000, 0.0000, 0.0000]])
tensor([[0.7797, 1.0000, 0.0000, 0.0000, 0.0000, 0.0000]])
tensor([[-0.2855,  1.0000,  0.0000,  0.0000,  0.0000,  0.0000]])
tensor([[-0.8796,  1.0000,  0.0000,  0.0000,  0.0000,  0.0000]])
tensor([[-0.9337,  1.0000,  0.0000,  0.0000,  0.0000,  0.0000]])
tensor([[-0.6565,  1.0000,  0.0000,  0.0000,  0.0000,  0.0000]])
tensor([[-0.9356,  1.0000,  0.0000,  0.0000,  0.0000,  0.0000]])
tensor([[-0.2290,  1.0000,  0.0000,  0.0000,  0.0000,  0.0000]])
tensor([[-0.0981,  1.0000,  0.0000,  0.0000,  0.0000,  0.0000]])
tensor([[-0.8836,  1.0000,  0.0000,  0.0000,  0.0000,  0.0000]])
tensor([[0.6365, 1.0000, 0.0000, 0.0000, 0.0000, 0.0000]])
tensor([[-0.5018,  1.0000,  0.0000,  0.0000,  0.0000,  0.0000]])
tensor([[-0.5122,  1.0000,  0.0000,  0.0000,  0.0000,  0.0000]])
tensor([[0.0798, 1.0000, 0.0000, 0.0000, 0.0000, 0.0000]])
tensor([[0.9270, 1.0000, 0.0000, 0.0000, 0.0000, 0.0000]])
tensor([[-0.1643,  1.0000,  0.0000,  0.0000,  0.0000,  0.0000]])
tensor([[-0.8024,  1.0000,  0.0000,  0.0000,  0.0000,  0.0000]])
tensor([[-0.8391,  1.0000,  0.0000,  0.0000,  0.0000,  0.0000]])
tensor([[0.8303, 1.0000, 0.0000, 0.0000, 0.0000, 0.0000]])
tensor([[-0.7674,  1.0000,  0.0000,  0.0000,  0.0000,  0.0000]])
tensor([[-0.9744,  1.0000,  0.0000,  0.0000,  0.0000,  0.0000]])
tensor([[-0.8808,  1.0000,  0.0000,  0.0000,  0.0000,  0.0000]])
tensor([[0.0494, 1.0000, 0.0000, 0.0000, 0.0000, 0.0000]])
tensor([[0.9238, 1.0000, 0.0000, 0.0000, 0.0000, 0.0000]])
tensor([[-0.2702,  1.0000,  0.0000,  0.0000,  0.0000,  0.0000]])
tensor([[0.4204, 1.0000, 0.0000, 0.0000, 0.0000, 0.0000]])
tensor([[0.1213, 1.0000, 0.0000, 0.0000, 0.0000, 0.0000]])
tensor([[-0.2677,  1.0000,  0.0000,  0.0000,  0.0000,  0.0000]])
tensor([[0.1177, 1.0000, 0.0000, 0.0000, 0.0000, 0.0000]])
tensor([[0.9502, 1.0000, 0.0000, 0.0000, 0.0000, 0.0000]])
tensor([[-0.4598,  1.0000,  0.0000,  0.0000,  0.0000,  0.0000]])
tensor([[-0.9487,  1.0000,  0.0000,  0.0000,  0.0000,  0.0000]])
tensor([[-0.8495,  1.0000,  0.0000,  0.0000,  0.0000,  0.0000]])
tensor([[0.6626, 1.0000, 0.0000, 0.0000, 0.0000, 0.0000]])
tensor([[-0.3807,  1.0000,  0.0000,  0.0000,  0.0000,  0.0000]])
tensor([[-0.6595,  1.0000,  0.0000,  0.0000,  0.0000,  0.0000]])
tensor([[-0.4234,  1.0000,  0.0000,  0.0000,  0.0000,  0.0000]])
tensor([[0.9047, 1.0000, 0.0000, 0.0000, 0.0000, 0.0000]])
tensor([[-0.6169,  1.0000,  0.0000,  0.0000,  0.0000,  0.0000]])
tensor([[-0.3368,  1.0000,  0.0000,  0.0000,  0.0000,  0.0000]])
tensor([[-0.7716,  1.0000,  0.0000,  0.0000,  0.0000,  0.0000]])
tensor([[-0.6804,  1.0000,  0.0000,  0.0000,  0.0000,  0.0000]])
tensor([[0.1855, 1.0000, 0.0000, 0.0000, 0.0000, 0.0000]])
tensor([[0.7497, 1.0000, 0.0000, 0.0000, 0.0000, 0.0000]])
tensor([[-0.8147,  1.0000,  0.0000,  0.0000,  0.0000,  0.0000]])
tensor([[-0.1196,  1.0000,  0.0000,  0.0000,  0.0000,  0.0000]])
tensor([[0.0471, 1.0000, 0.0000, 0.0000, 0.0000, 0.0000]])
tensor([[0.6503, 1.0000, 0.0000, 0.0000, 0.0000, 0.0000]])
tensor([[-0.6362,  1.0000,  0.0000,  0.0000,  0.0000,  0.0000]])
tensor([[0.5619, 1.0000, 0.0000, 0.0000, 0.0000, 0.0000]])
tensor([[-0.2749,  1.0000,  0.0000,  0.0000,  0.0000,  0.0000]])
tensor([[0.7914, 1.0000, 0.0000, 0.0000, 0.0000, 0.0000]])
tensor([[-0.8536,  1.0000,  0.0000,  0.0000,  0.0000,  0.0000]])
tensor([[-0.6091,  1.0000,  0.0000,  0.0000,  0.0000,  0.0000]])
tensor([[-0.9293,  1.0000,  0.0000,  0.0000,  0.0000,  0.0000]])
tensor([[0.0414, 1.0000, 0.0000, 0.0000, 0.0000, 0.0000]])
tensor([[-0.8213,  1.0000,  0.0000,  0.0000,  0.0000,  0.0000]])
tensor([[-0.5290,  1.0000,  0.0000,  0.0000,  0.0000,  0.0000]])
tensor([[0.0478, 1.0000, 0.0000, 0.0000, 0.0000, 0.0000]])
tensor([[-0.0035,  1.0000,  0.0000,  0.0000,  0.0000,  0.0000]])
tensor([[-0.8905,  1.0000,  0.0000,  0.0000,  0.0000,  0.0000]])
tensor([[-0.3886,  1.0000,  0.0000,  0.0000,  0.0000,  0.0000]])
tensor([[0.9790, 1.0000, 0.0000, 0.0000, 0.0000, 0.0000]])
tensor([[0.7374, 1.0000, 0.0000, 0.0000, 0.0000, 0.0000]])
tensor([[0.8598, 1.0000, 0.0000, 0.0000, 0.0000, 0.0000]])
tensor([[0.5016, 1.0000, 0.0000, 0.0000, 0.0000, 0.0000]])
tensor([[-0.5794,  1.0000,  0.0000,  0.0000,  0.0000,  0.0000]])
tensor([[-0.4966,  1.0000,  0.0000,  0.0000,  0.0000,  0.0000]])
tensor([[0.7154, 1.0000, 0.0000, 0.0000, 0.0000, 0.0000]])
tensor([[-0.8786,  1.0000,  0.0000,  0.0000,  0.0000,  0.0000]])
tensor([[-0.8285,  1.0000,  0.0000,  0.0000,  0.0000,  0.0000]])
tensor([[0.7377, 1.0000, 0.0000, 0.0000, 0.0000, 0.0000]])
tensor([[-0.2915,  0.0000,  0.0000,  0.0000,  0.0000,  0.0000]])
tensor([[-0.5135,  1.0000,  0.0000,  0.0000,  0.0000,  0.0000]])
tensor([[-0.8322,  1.0000,  0.0000,  0.0000,  0.0000,  0.0000]])
tensor([[-0.6766,  1.0000,  0.0000,  0.0000,  0.0000,  0.0000]])
tensor([[-0.6410,  1.0000,  0.0000,  0.0000,  0.0000,  0.0000]])
tensor([[0.1973, 1.0000, 0.0000, 0.0000, 0.0000, 0.0000]])
tensor([[-0.2700,  1.0000,  0.0000,  0.0000,  0.0000,  0.0000]])
tensor([[-0.2750,  1.0000,  0.0000,  0.0000,  0.0000,  0.0000]])
tensor([[0.8947, 1.0000, 0.0000, 0.0000, 0.0000, 0.0000]])
tensor([[-0.8071,  1.0000,  0.0000,  0.0000,  0.0000,  0.0000]])
tensor([[0.4549, 1.0000, 0.0000, 0.0000, 0.0000, 0.0000]])
tensor([[0.1772, 1.0000, 0.0000, 0.0000, 0.0000, 0.0000]])
tensor([[0.9720, 1.0000, 0.0000, 0.0000, 0.0000, 0.0000]])
tensor([[0.4202, 1.0000, 0.0000, 0.0000, 0.0000, 0.0000]])
tensor([[-0.3399,  1.0000,  0.0000,  0.0000,  0.0000,  0.0000]])
tensor([[-0.3657,  1.0000,  0.0000,  0.0000,  0.0000,  0.0000]])
tensor([[-0.7463,  1.0000,  0.0000,  0.0000,  0.0000,  0.0000]])
tensor([[-0.1558,  1.0000,  0.0000,  0.0000,  0.0000,  0.0000]])
tensor([[-0.8582,  1.0000,  0.0000,  0.0000,  0.0000,  0.0000]])
tensor([[-0.3001,  1.0000,  0.0000,  0.0000,  0.0000,  0.0000]])
tensor([[-0.0798,  1.0000,  0.0000,  0.0000,  0.0000,  0.0000]])
tensor([[-0.4050,  1.0000,  0.0000,  0.0000,  0.0000,  0.0000]])
tensor([[-0.3542,  1.0000,  0.0000,  0.0000,  0.0000,  0.0000]])
tensor([[0.0506, 1.0000, 0.0000, 0.0000, 0.0000, 0.0000]])
tensor([[0.7554, 1.0000, 0.0000, 0.0000, 0.0000, 0.0000]])
tensor([[0.1447, 1.0000, 0.0000, 0.0000, 0.0000, 0.0000]])
tensor([[-0.1231,  1.0000,  0.0000,  0.0000,  0.0000,  0.0000]])
tensor([[0.0524, 1.0000, 0.0000, 0.0000, 0.0000, 0.0000]])
tensor([[0.2389, 1.0000, 0.0000, 0.0000, 0.0000, 0.0000]])
INFO:root:Agent 0 (TQCars): avg action time = 0.0010s
tensor([[-0.5323,  1.0000,  0.0000,  0.0000,  0.0000,  0.0000]])
tensor([[-0.8350,  1.0000,  0.0000,  0.0000,  0.0000,  0.0000]])
tensor([[0.3120, 1.0000, 0.0000, 0.0000, 0.0000, 0.0000]])
tensor([[0.0589, 1.0000, 0.0000, 0.0000, 0.0000, 0.0000]])
tensor([[-0.0071,  1.0000,  0.0000,  0.0000,  0.0000,  0.0000]])
tensor([[-0.4546,  1.0000,  0.0000,  0.0000,  0.0000,  0.0000]])
tensor([[0.8214, 1.0000, 0.0000, 0.0000, 0.0000, 0.0000]])
tensor([[0.4002, 1.0000, 0.0000, 0.0000, 0.0000, 0.0000]])
tensor([[-0.1945,  1.0000,  0.0000,  0.0000,  0.0000,  0.0000]])
tensor([[0.1716, 1.0000, 0.0000, 0.0000, 0.0000, 0.0000]])
tensor([[0.3471, 1.0000, 0.0000, 0.0000, 0.0000, 0.0000]])
tensor([[0.1967, 1.0000, 0.0000, 0.0000, 0.0000, 0.0000]])
tensor([[-0.8896,  1.0000,  0.0000,  0.0000,  0.0000,  0.0000]])
tensor([[0.6300, 1.0000, 0.0000, 0.0000, 0.0000, 0.0000]])
tensor([[0.7450, 1.0000, 0.0000, 0.0000, 0.0000, 0.0000]])
tensor([[0.5657, 1.0000, 0.0000, 0.0000, 0.0000, 0.0000]])
tensor([[0.5209, 1.0000, 0.0000, 0.0000, 0.0000, 0.0000]])
tensor([[0.3780, 1.0000, 0.0000, 0.0000, 0.0000, 0.0000]])
tensor([[-0.8553,  1.0000,  0.0000,  0.0000,  0.0000,  0.0000]])
tensor([[0.7351, 1.0000, 0.0000, 0.0000, 0.0000, 0.0000]])
tensor([[0.7824, 1.0000, 0.0000, 0.0000, 0.0000, 0.0000]])
tensor([[0.0839, 1.0000, 0.0000, 0.0000, 0.0000, 0.0000]])
tensor([[0.2949, 1.0000, 0.0000, 0.0000, 0.0000, 1.0000]])
tensor([[0.8451, 1.0000, 1.0000, 0.0000, 0.0000, 0.0000]])
tensor([[0.9482, 1.0000, 0.0000, 0.0000, 0.0000, 0.0000]])
tensor([[-0.6111,  1.0000,  0.0000,  0.0000,  0.0000,  0.0000]])
tensor([[0.1001, 1.0000, 0.0000, 0.0000, 0.0000, 0.0000]])
tensor([[0.0048, 1.0000, 0.0000, 0.0000, 0.0000, 0.0000]])
tensor([[0.8632, 1.0000, 0.0000, 0.0000, 0.0000, 0.0000]])
tensor([[0.8337, 1.0000, 0.0000, 0.0000, 0.0000, 0.0000]])
tensor([[0.9050, 1.0000, 0.0000, 0.0000, 0.0000, 0.0000]])
tensor([[0.6316, 1.0000, 0.0000, 0.0000, 0.0000, 0.0000]])
tensor([[0.7973, 1.0000, 0.0000, 0.0000, 0.0000, 0.0000]])
tensor([[0.7938, 1.0000, 0.0000, 0.0000, 0.0000, 0.0000]])
tensor([[0.7747, 1.0000, 0.0000, 0.0000, 0.0000, 0.0000]])
tensor([[0.6740, 1.0000, 0.0000, 0.0000, 0.0000, 0.0000]])
tensor([[0.5523, 1.0000, 0.0000, 0.0000, 0.0000, 0.0000]])
tensor([[-0.2164,  1.0000,  0.0000,  0.0000,  0.0000,  0.0000]])
tensor([[-0.9066,  1.0000,  0.0000,  0.0000,  0.0000,  0.0000]])
tensor([[0.3686, 1.0000, 0.0000, 0.0000, 0.0000, 0.0000]])
tensor([[-0.9360,  1.0000,  0.0000,  0.0000,  0.0000,  0.0000]])
tensor([[0.1423, 1.0000, 0.0000, 0.0000, 0.0000, 0.0000]])
tensor([[-0.8331,  1.0000,  0.0000,  0.0000,  0.0000,  0.0000]])
tensor([[-0.8386,  1.0000,  0.0000,  0.0000,  0.0000,  0.0000]])
tensor([[0.2568, 1.0000, 0.0000, 0.0000, 0.0000, 0.0000]])
tensor([[0.1132, 1.0000, 0.0000, 0.0000, 0.0000, 0.0000]])
tensor([[0.0920, 1.0000, 0.0000, 0.0000, 0.0000, 0.0000]])
tensor([[0.0485, 1.0000, 0.0000, 0.0000, 0.0000, 0.0000]])
tensor([[0.7117, 1.0000, 0.0000, 0.0000, 0.0000, 0.0000]])
tensor([[-0.8739,  1.0000,  0.0000,  0.0000,  0.0000,  0.0000]])
tensor([[-0.0820,  1.0000,  0.0000,  0.0000,  0.0000,  0.0000]])
tensor([[-0.4111,  1.0000,  0.0000,  0.0000,  0.0000,  0.0000]])
tensor([[0.9412, 1.0000, 0.0000, 0.0000, 0.0000, 0.0000]])
tensor([[0.3245, 1.0000, 0.0000, 0.0000, 0.0000, 0.0000]])
tensor([[-0.4958,  1.0000,  0.0000,  0.0000,  0.0000,  0.0000]])
tensor([[0.8971, 1.0000, 0.0000, 0.0000, 0.0000, 0.0000]])
tensor([[0.7120, 1.0000, 0.0000, 0.0000, 0.0000, 0.0000]])
tensor([[0.1869, 1.0000, 0.0000, 0.0000, 0.0000, 0.0000]])
tensor([[0.9823, 1.0000, 0.0000, 0.0000, 0.0000, 0.0000]])
tensor([[-0.1367,  1.0000,  0.0000,  0.0000,  0.0000,  0.0000]])
tensor([[0.1658, 1.0000, 0.0000, 0.0000, 0.0000, 0.0000]])
tensor([[0.6897, 1.0000, 0.0000, 0.0000, 0.0000, 0.0000]])
tensor([[-0.9139,  1.0000,  0.0000,  0.0000,  0.0000,  0.0000]])
tensor([[0.8152, 1.0000, 0.0000, 0.0000, 0.0000, 0.0000]])
tensor([[0.7596, 1.0000, 0.0000, 0.0000, 0.0000, 0.0000]])
tensor([[0.2700, 1.0000, 0.0000, 0.0000, 0.0000, 0.0000]])
tensor([[0.9552, 1.0000, 0.0000, 0.0000, 0.0000, 0.0000]])
tensor([[0.9246, 1.0000, 0.0000, 0.0000, 0.0000, 0.0000]])
tensor([[-0.5346,  1.0000,  0.0000,  0.0000,  0.0000,  0.0000]])
tensor([[0.2013, 1.0000, 0.0000, 0.0000, 0.0000, 0.0000]])
tensor([[0.3057, 1.0000, 0.0000, 0.0000, 0.0000, 0.0000]])
tensor([[-0.3274,  1.0000,  0.0000,  0.0000,  0.0000,  0.0000]])
tensor([[0.7643, 1.0000, 0.0000, 0.0000, 0.0000, 0.0000]])
tensor([[0.9186, 1.0000, 0.0000, 0.0000, 0.0000, 0.0000]])
tensor([[0.7911, 1.0000, 0.0000, 0.0000, 0.0000, 0.0000]])
tensor([[-0.2220,  1.0000,  0.0000,  0.0000,  0.0000,  0.0000]])
tensor([[0.3528, 1.0000, 0.0000, 0.0000, 0.0000, 0.0000]])
tensor([[-0.7675,  1.0000,  0.0000,  0.0000,  0.0000,  0.0000]])
tensor([[-0.0964,  1.0000,  0.0000,  0.0000,  0.0000,  0.0000]])
tensor([[0.5676, 1.0000, 0.0000, 0.0000, 0.0000, 0.0000]])
tensor([[0.4136, 1.0000, 0.0000, 0.0000, 0.0000, 0.0000]])
tensor([[-0.1072,  1.0000,  0.0000,  0.0000,  0.0000,  0.0000]])
tensor([[0.1330, 1.0000, 0.0000, 0.0000, 0.0000, 0.0000]])
tensor([[-0.6074,  1.0000,  0.0000,  0.0000,  0.0000,  0.0000]])
tensor([[-0.6688,  1.0000,  0.0000,  0.0000,  0.0000,  0.0000]])
tensor([[0.2610, 1.0000, 0.0000, 0.0000, 0.0000, 0.0000]])
tensor([[0.8781, 1.0000, 0.0000, 0.0000, 0.0000, 0.0000]])
tensor([[0.5206, 1.0000, 0.0000, 0.0000, 0.0000, 0.0000]])
tensor([[-0.1982,  1.0000,  0.0000,  0.0000,  0.0000,  0.0000]])
tensor([[-0.3529,  1.0000,  0.0000,  0.0000,  0.0000,  0.0000]])
tensor([[-0.9824,  1.0000,  0.0000,  0.0000,  0.0000,  0.0000]])
tensor([[-0.9587,  1.0000,  0.0000,  0.0000,  0.0000,  0.0000]])
tensor([[0.8729, 1.0000, 0.0000, 0.0000, 0.0000, 0.0000]])
tensor([[-0.8263,  1.0000,  0.0000,  0.0000,  0.0000,  0.0000]])
tensor([[0.8556, 1.0000, 0.0000, 0.0000, 0.0000, 0.0000]])
tensor([[-0.3444,  1.0000,  0.0000,  0.0000,  0.0000,  0.0000]])
tensor([[-0.2607,  1.0000,  0.0000,  0.0000,  0.0000,  0.0000]])
tensor([[0.4003, 1.0000, 0.0000, 0.0000, 0.0000, 0.0000]])
tensor([[-0.2512,  1.0000,  0.0000,  0.0000,  0.0000,  0.0000]])
tensor([[0.6734, 1.0000, 0.0000, 0.0000, 0.0000, 0.0000]])
tensor([[0.9314, 1.0000, 0.0000, 0.0000, 0.0000, 0.0000]])
tensor([[-0.4348,  1.0000,  0.0000,  0.0000,  0.0000,  0.0000]])
tensor([[0.8535, 1.0000, 0.0000, 0.0000, 0.0000, 0.0000]])
tensor([[-0.5413,  1.0000,  0.0000,  0.0000,  0.0000,  0.0000]])
tensor([[0.5817, 1.0000, 0.0000, 0.0000, 0.0000, 0.0000]])
tensor([[0.4203, 1.0000, 0.0000, 0.0000, 0.0000, 0.0000]])
tensor([[-0.0855,  1.0000,  0.0000,  0.0000,  0.0000,  0.0000]])
tensor([[-0.2901,  1.0000,  0.0000,  0.0000,  0.0000,  0.0000]])
{"type": "results", "track": "volcano_island", "results": [{"key": 0, "reward": 10.1281005859375, "position": 4, "name": "TQCars", "avg_action_time": 0.0009631295725343763}]}
