INFO:root:Loading the agents
INFO:root:Loaded player TQCars
INFO:root:Creating pystk-1
INFO:root:Adding wrapper <function get_wrappers.<locals>.<lambda> at 0x7581ea2f3420>
INFO:root:Adding wrapper <function get_wrappers.<locals>.<lambda> at 0x7581ea2f34c0>
INFO:root:Adding wrapper <function get_wrappers.<locals>.<lambda> at 0x7581ea2f3560>
INFO:root:Adding wrapper <function get_wrappers.<locals>.<lambda> at 0x7581ea2f3600>
INFO:root:(multi-env mono adapter) Setting main environment max_paths to 5
INFO:root:Loading trained model from CHECKPOINT-GPUFAC/tqc_EXP12_400000.pt...
INFO:root:Starting a race
tensor([[0.9857, 1.0000, 0.0000, 0.0000, 0.0000, 0.0000]])
tensor([[0.9050, 1.0000, 0.0000, 0.0000, 0.0000, 0.0000]])
tensor([[0.7604, 1.0000, 0.0000, 0.0000, 0.0000, 0.0000]])
tensor([[0.9455, 1.0000, 1.0000, 0.0000, 0.0000, 0.0000]])
tensor([[0.5933, 1.0000, 0.0000, 0.0000, 0.0000, 0.0000]])
tensor([[0.9827, 1.0000, 0.0000, 0.0000, 0.0000, 0.0000]])
tensor([[0.9079, 1.0000, 0.0000, 0.0000, 0.0000, 0.0000]])
tensor([[0.6589, 1.0000, 0.0000, 0.0000, 0.0000, 0.0000]])
tensor([[0.0800, 1.0000, 0.0000, 0.0000, 0.0000, 0.0000]])
tensor([[0.8242, 1.0000, 0.0000, 0.0000, 0.0000, 0.0000]])
tensor([[0.9931, 0.0000, 0.0000, 0.0000, 0.0000, 0.0000]])
tensor([[0.5426, 1.0000, 0.0000, 0.0000, 0.0000, 0.0000]])
tensor([[0.9841, 1.0000, 0.0000, 0.0000, 0.0000, 0.0000]])
tensor([[0.8031, 1.0000, 0.0000, 0.0000, 0.0000, 0.0000]])
tensor([[0.8981, 1.0000, 0.0000, 0.0000, 0.0000, 0.0000]])
tensor([[0.3665, 1.0000, 0.0000, 0.0000, 0.0000, 0.0000]])
tensor([[0.0438, 1.0000, 0.0000, 0.0000, 0.0000, 0.0000]])
tensor([[0.9600, 1.0000, 0.0000, 0.0000, 0.0000, 0.0000]])
tensor([[0.9741, 0.0000, 0.0000, 0.0000, 0.0000, 0.0000]])
tensor([[-0.1992,  1.0000,  0.0000,  0.0000,  0.0000,  0.0000]])
tensor([[0.8658, 1.0000, 0.0000, 0.0000, 0.0000, 0.0000]])
tensor([[0.8673, 1.0000, 0.0000, 0.0000, 0.0000, 0.0000]])
tensor([[-0.4534,  1.0000,  0.0000,  0.0000,  0.0000,  0.0000]])
tensor([[-0.6914,  1.0000,  0.0000,  0.0000,  0.0000,  0.0000]])
tensor([[0.7535, 1.0000, 0.0000, 0.0000, 0.0000, 0.0000]])
tensor([[-0.6877,  1.0000,  0.0000,  0.0000,  0.0000,  0.0000]])
tensor([[0.8794, 1.0000, 0.0000, 0.0000, 0.0000, 0.0000]])
tensor([[0.7648, 1.0000, 0.0000, 0.0000, 0.0000, 0.0000]])
tensor([[0.1266, 1.0000, 0.0000, 0.0000, 0.0000, 0.0000]])
tensor([[-0.9947,  1.0000,  0.0000,  0.0000,  0.0000,  0.0000]])
tensor([[-0.9701,  1.0000,  0.0000,  0.0000,  0.0000,  0.0000]])
tensor([[-0.9636,  1.0000,  0.0000,  0.0000,  0.0000,  0.0000]])
tensor([[0.9837, 1.0000, 0.0000, 0.0000, 0.0000, 0.0000]])
tensor([[-0.8237,  1.0000,  0.0000,  0.0000,  0.0000,  0.0000]])
tensor([[-0.9893,  1.0000,  0.0000,  0.0000,  0.0000,  0.0000]])
tensor([[0.9357, 1.0000, 0.0000, 0.0000, 0.0000, 0.0000]])
tensor([[0.9887, 1.0000, 0.0000, 0.0000, 0.0000, 0.0000]])
tensor([[0.9553, 1.0000, 0.0000, 0.0000, 0.0000, 0.0000]])
tensor([[-0.7037,  1.0000,  0.0000,  0.0000,  0.0000,  0.0000]])
tensor([[-0.9218,  1.0000,  0.0000,  0.0000,  0.0000,  0.0000]])
tensor([[0.9902, 1.0000, 0.0000, 0.0000, 0.0000, 0.0000]])
tensor([[-0.2812,  1.0000,  0.0000,  0.0000,  0.0000,  0.0000]])
tensor([[-0.3472,  1.0000,  0.0000,  0.0000,  0.0000,  0.0000]])
tensor([[-0.9642,  1.0000,  0.0000,  0.0000,  0.0000,  0.0000]])
tensor([[-0.9881,  1.0000,  0.0000,  0.0000,  0.0000,  0.0000]])
tensor([[-0.7157,  1.0000,  0.0000,  0.0000,  0.0000,  0.0000]])
tensor([[-0.6766,  1.0000,  0.0000,  0.0000,  0.0000,  0.0000]])
tensor([[0.8976, 1.0000, 0.0000, 0.0000, 0.0000, 0.0000]])
tensor([[0.9960, 1.0000, 0.0000, 0.0000, 0.0000, 0.0000]])
tensor([[0.9874, 1.0000, 0.0000, 0.0000, 0.0000, 0.0000]])
tensor([[0.9721, 1.0000, 0.0000, 0.0000, 0.0000, 0.0000]])
tensor([[0.9908, 1.0000, 0.0000, 0.0000, 0.0000, 0.0000]])
tensor([[0.9610, 1.0000, 0.0000, 0.0000, 0.0000, 0.0000]])
tensor([[0.8790, 1.0000, 0.0000, 0.0000, 0.0000, 0.0000]])
tensor([[-0.7472,  1.0000,  0.0000,  0.0000,  0.0000,  0.0000]])
tensor([[-0.9922,  1.0000,  0.0000,  0.0000,  0.0000,  0.0000]])
tensor([[-0.9938,  1.0000,  0.0000,  0.0000,  0.0000,  0.0000]])
tensor([[-0.9966,  1.0000,  0.0000,  0.0000,  0.0000,  0.0000]])
tensor([[-0.9922,  0.0000,  0.0000,  0.0000,  0.0000,  0.0000]])
tensor([[-0.9835,  1.0000,  0.0000,  0.0000,  0.0000,  0.0000]])
tensor([[-0.9739,  1.0000,  0.0000,  0.0000,  0.0000,  0.0000]])
tensor([[-0.9656,  1.0000,  0.0000,  0.0000,  0.0000,  0.0000]])
tensor([[-0.1833,  1.0000,  0.0000,  0.0000,  0.0000,  0.0000]])
tensor([[0.9985, 1.0000, 0.0000, 0.0000, 0.0000, 0.0000]])
tensor([[0.9619, 1.0000, 0.0000, 0.0000, 0.0000, 0.0000]])
tensor([[0.9186, 1.0000, 0.0000, 0.0000, 0.0000, 0.0000]])
tensor([[0.9871, 1.0000, 0.0000, 0.0000, 0.0000, 0.0000]])
tensor([[0.9910, 1.0000, 0.0000, 0.0000, 0.0000, 0.0000]])
tensor([[0.8391, 1.0000, 0.0000, 0.0000, 0.0000, 0.0000]])
tensor([[0.9951, 1.0000, 0.0000, 0.0000, 0.0000, 0.0000]])
tensor([[0.9091, 1.0000, 0.0000, 0.0000, 0.0000, 0.0000]])
tensor([[0.9514, 1.0000, 0.0000, 0.0000, 0.0000, 0.0000]])
tensor([[-0.6073,  0.0000,  0.0000,  0.0000,  0.0000,  0.0000]])
tensor([[-0.9908,  1.0000,  0.0000,  0.0000,  0.0000,  0.0000]])
tensor([[-0.9991,  1.0000,  0.0000,  0.0000,  0.0000,  0.0000]])
tensor([[-0.9680,  1.0000,  0.0000,  0.0000,  0.0000,  0.0000]])
tensor([[-0.9928,  1.0000,  0.0000,  0.0000,  0.0000,  0.0000]])
tensor([[-0.9966,  1.0000,  0.0000,  0.0000,  0.0000,  0.0000]])
tensor([[-0.9854,  1.0000,  0.0000,  0.0000,  0.0000,  0.0000]])
tensor([[-0.9846,  1.0000,  0.0000,  0.0000,  0.0000,  0.0000]])
tensor([[-0.9986,  1.0000,  0.0000,  0.0000,  0.0000,  0.0000]])
tensor([[-0.8680,  1.0000,  0.0000,  0.0000,  0.0000,  0.0000]])
tensor([[-0.9791,  1.0000,  0.0000,  0.0000,  0.0000,  0.0000]])
tensor([[0.9910, 0.0000, 0.0000, 0.0000, 0.0000, 0.0000]])
tensor([[0.9836, 1.0000, 0.0000, 0.0000, 0.0000, 0.0000]])
tensor([[0.9964, 1.0000, 0.0000, 0.0000, 0.0000, 0.0000]])
tensor([[0.9823, 1.0000, 0.0000, 0.0000, 0.0000, 0.0000]])
tensor([[0.9954, 1.0000, 0.0000, 0.0000, 0.0000, 0.0000]])
tensor([[0.9964, 1.0000, 0.0000, 0.0000, 0.0000, 0.0000]])
tensor([[0.9190, 1.0000, 0.0000, 0.0000, 0.0000, 0.0000]])
tensor([[0.9669, 1.0000, 0.0000, 0.0000, 0.0000, 0.0000]])
tensor([[0.7150, 1.0000, 0.0000, 0.0000, 0.0000, 0.0000]])
tensor([[-0.8535,  1.0000,  0.0000,  0.0000,  0.0000,  0.0000]])
tensor([[-0.8957,  1.0000,  0.0000,  0.0000,  0.0000,  0.0000]])
tensor([[-0.9659,  1.0000,  0.0000,  0.0000,  0.0000,  0.0000]])
tensor([[-0.6627,  1.0000,  0.0000,  0.0000,  0.0000,  0.0000]])
tensor([[-0.0067,  1.0000,  0.0000,  0.0000,  0.0000,  0.0000]])
tensor([[-0.6012,  1.0000,  0.0000,  0.0000,  0.0000,  0.0000]])
tensor([[0.8889, 1.0000, 0.0000, 0.0000, 0.0000, 0.0000]])
tensor([[0.9696, 1.0000, 0.0000, 0.0000, 0.0000, 0.0000]])
tensor([[0.0611, 1.0000, 0.0000, 0.0000, 0.0000, 0.0000]])
tensor([[-0.9900,  1.0000,  0.0000,  0.0000,  0.0000,  0.0000]])
tensor([[0.6619, 1.0000, 0.0000, 0.0000, 0.0000, 0.0000]])
tensor([[-0.6848,  1.0000,  0.0000,  0.0000,  0.0000,  0.0000]])
tensor([[0.9093, 1.0000, 0.0000, 0.0000, 0.0000, 0.0000]])
tensor([[-8.0049e-04,  1.0000e+00,  0.0000e+00,  0.0000e+00,  0.0000e+00,
          0.0000e+00]])
tensor([[0.1969, 1.0000, 0.0000, 0.0000, 0.0000, 0.0000]])
tensor([[-0.2236,  1.0000,  0.0000,  0.0000,  0.0000,  0.0000]])
tensor([[-0.6342,  1.0000,  0.0000,  0.0000,  0.0000,  0.0000]])
tensor([[-0.0911,  1.0000,  0.0000,  0.0000,  0.0000,  0.0000]])
tensor([[-0.4746,  1.0000,  0.0000,  0.0000,  0.0000,  0.0000]])
tensor([[0.9084, 1.0000, 0.0000, 0.0000, 0.0000, 0.0000]])
tensor([[0.8273, 1.0000, 0.0000, 0.0000, 0.0000, 0.0000]])
tensor([[0.5571, 1.0000, 0.0000, 0.0000, 0.0000, 0.0000]])
tensor([[0.2526, 1.0000, 0.0000, 0.0000, 0.0000, 0.0000]])
tensor([[0.9921, 1.0000, 0.0000, 0.0000, 0.0000, 0.0000]])
tensor([[0.3233, 1.0000, 0.0000, 0.0000, 0.0000, 0.0000]])
tensor([[-0.3807,  1.0000,  0.0000,  0.0000,  0.0000,  0.0000]])
tensor([[-0.8184,  1.0000,  0.0000,  0.0000,  0.0000,  0.0000]])
tensor([[0.1507, 1.0000, 0.0000, 0.0000, 0.0000, 0.0000]])
tensor([[-0.9706,  1.0000,  0.0000,  0.0000,  0.0000,  0.0000]])
tensor([[-0.9510,  1.0000,  0.0000,  0.0000,  0.0000,  0.0000]])
tensor([[0.9227, 1.0000, 0.0000, 0.0000, 0.0000, 0.0000]])
tensor([[0.6286, 1.0000, 0.0000, 0.0000, 0.0000, 0.0000]])
tensor([[-0.9710,  1.0000,  0.0000,  0.0000,  0.0000,  0.0000]])
tensor([[-0.9073,  1.0000,  0.0000,  0.0000,  0.0000,  0.0000]])
tensor([[0.8596, 1.0000, 0.0000, 0.0000, 0.0000, 0.0000]])
tensor([[0.0657, 1.0000, 0.0000, 0.0000, 0.0000, 0.0000]])
tensor([[0.1776, 1.0000, 0.0000, 0.0000, 0.0000, 0.0000]])
tensor([[-0.9008,  1.0000,  0.0000,  0.0000,  0.0000,  0.0000]])
tensor([[-0.7511,  1.0000,  0.0000,  0.0000,  0.0000,  0.0000]])
tensor([[-0.4270,  1.0000,  0.0000,  0.0000,  0.0000,  0.0000]])
tensor([[0.5529, 1.0000, 0.0000, 0.0000, 0.0000, 0.0000]])
tensor([[-0.9377,  1.0000,  0.0000,  0.0000,  0.0000,  0.0000]])
tensor([[0.3922, 1.0000, 0.0000, 0.0000, 0.0000, 0.0000]])
tensor([[-0.0053,  1.0000,  1.0000,  0.0000,  0.0000,  0.0000]])
tensor([[-0.9671,  1.0000,  0.0000,  0.0000,  0.0000,  0.0000]])
tensor([[0.2184, 1.0000, 0.0000, 0.0000, 0.0000, 0.0000]])
tensor([[-0.9240,  1.0000,  0.0000,  0.0000,  0.0000,  0.0000]])
tensor([[0.5825, 1.0000, 0.0000, 0.0000, 0.0000, 0.0000]])
tensor([[0.8734, 1.0000, 0.0000, 0.0000, 0.0000, 0.0000]])
tensor([[0.9966, 1.0000, 0.0000, 0.0000, 0.0000, 0.0000]])
tensor([[0.4863, 1.0000, 0.0000, 0.0000, 0.0000, 0.0000]])
tensor([[-0.1788,  1.0000,  0.0000,  0.0000,  0.0000,  0.0000]])
tensor([[-0.8339,  1.0000,  0.0000,  0.0000,  0.0000,  0.0000]])
tensor([[0.9354, 1.0000, 0.0000, 0.0000, 0.0000, 0.0000]])
tensor([[-0.1110,  1.0000,  0.0000,  0.0000,  0.0000,  0.0000]])
tensor([[-0.9598,  1.0000,  0.0000,  0.0000,  0.0000,  0.0000]])
tensor([[-0.2866,  0.0000,  0.0000,  0.0000,  0.0000,  0.0000]])
tensor([[0.9583, 1.0000, 0.0000, 0.0000, 0.0000, 0.0000]])
tensor([[0.1179, 1.0000, 0.0000, 0.0000, 0.0000, 0.0000]])
tensor([[-0.6882,  1.0000,  0.0000,  0.0000,  0.0000,  0.0000]])
tensor([[-0.9393,  1.0000,  0.0000,  0.0000,  0.0000,  0.0000]])
tensor([[0.9778, 1.0000, 0.0000, 0.0000, 0.0000, 0.0000]])
tensor([[0.8431, 1.0000, 0.0000, 0.0000, 0.0000, 0.0000]])
tensor([[-0.7480,  1.0000,  0.0000,  0.0000,  0.0000,  0.0000]])
tensor([[-0.8038,  1.0000,  0.0000,  0.0000,  0.0000,  0.0000]])
tensor([[-0.9753,  1.0000,  0.0000,  0.0000,  0.0000,  0.0000]])
tensor([[-0.9929,  1.0000,  0.0000,  0.0000,  0.0000,  0.0000]])
tensor([[-0.9842,  1.0000,  0.0000,  0.0000,  0.0000,  0.0000]])
tensor([[-0.9917,  1.0000,  0.0000,  0.0000,  0.0000,  0.0000]])
tensor([[-0.9981,  1.0000,  0.0000,  0.0000,  0.0000,  0.0000]])
tensor([[-0.9830,  1.0000,  0.0000,  0.0000,  0.0000,  0.0000]])
tensor([[0.3638, 1.0000, 0.0000, 0.0000, 0.0000, 0.0000]])
tensor([[0.9991, 1.0000, 0.0000, 0.0000, 0.0000, 0.0000]])
tensor([[0.9987, 1.0000, 0.0000, 0.0000, 0.0000, 0.0000]])
tensor([[0.9939, 1.0000, 0.0000, 0.0000, 0.0000, 0.0000]])
tensor([[0.9998, 1.0000, 0.0000, 0.0000, 0.0000, 0.0000]])
tensor([[0.9997, 1.0000, 0.0000, 0.0000, 0.0000, 0.0000]])
tensor([[0.0323, 1.0000, 0.0000, 0.0000, 0.0000, 0.0000]])
tensor([[-0.9937,  1.0000,  0.0000,  0.0000,  0.0000,  0.0000]])
tensor([[-0.9949,  1.0000,  0.0000,  0.0000,  0.0000,  0.0000]])
tensor([[-0.8959,  1.0000,  0.0000,  0.0000,  0.0000,  0.0000]])
tensor([[-0.9487,  1.0000,  0.0000,  0.0000,  0.0000,  0.0000]])
tensor([[-0.8311,  1.0000,  0.0000,  0.0000,  0.0000,  0.0000]])
tensor([[-0.8996,  1.0000,  0.0000,  0.0000,  0.0000,  0.0000]])
tensor([[-0.9405,  1.0000,  0.0000,  0.0000,  0.0000,  0.0000]])
tensor([[0.8498, 1.0000, 0.0000, 0.0000, 0.0000, 0.0000]])
tensor([[0.9345, 1.0000, 0.0000, 0.0000, 0.0000, 0.0000]])
tensor([[0.9996, 1.0000, 0.0000, 0.0000, 0.0000, 0.0000]])
tensor([[0.6727, 1.0000, 0.0000, 0.0000, 0.0000, 0.0000]])
tensor([[-0.6249,  1.0000,  0.0000,  0.0000,  0.0000,  0.0000]])
tensor([[-0.9990,  1.0000,  0.0000,  0.0000,  0.0000,  0.0000]])
tensor([[-0.9950,  1.0000,  0.0000,  0.0000,  0.0000,  0.0000]])
tensor([[0.6083, 1.0000, 0.0000, 0.0000, 0.0000, 0.0000]])
tensor([[-0.9870,  1.0000,  0.0000,  0.0000,  0.0000,  0.0000]])
tensor([[0.6526, 1.0000, 0.0000, 0.0000, 0.0000, 0.0000]])
tensor([[0.9931, 1.0000, 0.0000, 1.0000, 0.0000, 0.0000]])
tensor([[-0.7017,  0.0000,  0.0000,  0.0000,  0.0000,  0.0000]])
tensor([[-0.9934,  1.0000,  0.0000,  0.0000,  0.0000,  0.0000]])
tensor([[-0.9973,  0.0000,  0.0000,  0.0000,  0.0000,  0.0000]])
tensor([[-0.9987,  1.0000,  0.0000,  0.0000,  0.0000,  0.0000]])
tensor([[-0.9902,  1.0000,  0.0000,  0.0000,  0.0000,  0.0000]])
tensor([[-0.9946,  1.0000,  1.0000,  0.0000,  0.0000,  0.0000]])
tensor([[-0.9864,  1.0000,  0.0000,  1.0000,  0.0000,  0.0000]])
tensor([[-0.9817,  1.0000,  0.0000,  0.0000,  0.0000,  0.0000]])
tensor([[-0.7700,  1.0000,  0.0000,  0.0000,  0.0000,  0.0000]])
tensor([[0.9049, 1.0000, 0.0000, 0.0000, 0.0000, 0.0000]])
tensor([[0.9898, 1.0000, 0.0000, 0.0000, 0.0000, 0.0000]])
tensor([[0.9993, 1.0000, 0.0000, 0.0000, 0.0000, 0.0000]])
tensor([[0.9897, 1.0000, 0.0000, 0.0000, 0.0000, 0.0000]])
tensor([[0.9858, 1.0000, 0.0000, 0.0000, 0.0000, 0.0000]])
tensor([[0.9719, 1.0000, 0.0000, 0.0000, 0.0000, 0.0000]])
tensor([[0.9770, 1.0000, 0.0000, 0.0000, 0.0000, 0.0000]])
tensor([[0.9913, 1.0000, 0.0000, 1.0000, 0.0000, 0.0000]])
tensor([[0.9926, 1.0000, 0.0000, 0.0000, 0.0000, 0.0000]])
tensor([[-0.8792,  1.0000,  0.0000,  0.0000,  0.0000,  0.0000]])
tensor([[-0.9976,  1.0000,  0.0000,  0.0000,  0.0000,  0.0000]])
tensor([[-0.9955,  1.0000,  0.0000,  0.0000,  0.0000,  0.0000]])
tensor([[-0.9911,  1.0000,  0.0000,  0.0000,  0.0000,  0.0000]])
tensor([[-0.9991,  1.0000,  0.0000,  0.0000,  0.0000,  0.0000]])
tensor([[-0.9968,  1.0000,  0.0000,  0.0000,  0.0000,  0.0000]])
tensor([[-0.9990,  1.0000,  0.0000,  0.0000,  0.0000,  0.0000]])
tensor([[-0.9916,  0.0000,  0.0000,  0.0000,  0.0000,  0.0000]])
tensor([[-0.9977,  1.0000,  0.0000,  0.0000,  0.0000,  0.0000]])
tensor([[-0.9584,  1.0000,  0.0000,  0.0000,  0.0000,  0.0000]])
tensor([[0.9998, 1.0000, 0.0000, 0.0000, 0.0000, 0.0000]])
tensor([[0.9944, 1.0000, 0.0000, 0.0000, 0.0000, 0.0000]])
tensor([[0.6990, 1.0000, 0.0000, 0.0000, 0.0000, 0.0000]])
tensor([[-0.3143,  1.0000,  0.0000,  0.0000,  0.0000,  0.0000]])
tensor([[-0.9970,  1.0000,  0.0000,  0.0000,  0.0000,  0.0000]])
tensor([[-0.9901,  1.0000,  0.0000,  0.0000,  0.0000,  0.0000]])
tensor([[-0.9527,  1.0000,  0.0000,  0.0000,  0.0000,  0.0000]])
tensor([[0.5000, 1.0000, 0.0000, 0.0000, 0.0000, 0.0000]])
tensor([[0.9891, 0.0000, 0.0000, 0.0000, 0.0000, 0.0000]])
tensor([[0.9954, 1.0000, 0.0000, 0.0000, 0.0000, 0.0000]])
tensor([[-0.9658,  1.0000,  0.0000,  0.0000,  0.0000,  0.0000]])
tensor([[-0.9613,  1.0000,  0.0000,  0.0000,  0.0000,  0.0000]])
tensor([[-0.9969,  1.0000,  0.0000,  0.0000,  0.0000,  0.0000]])
tensor([[-0.9877,  1.0000,  0.0000,  0.0000,  0.0000,  0.0000]])
tensor([[-0.9795,  1.0000,  0.0000,  0.0000,  0.0000,  0.0000]])
tensor([[-0.7938,  1.0000,  0.0000,  0.0000,  0.0000,  0.0000]])
tensor([[0.7310, 1.0000, 0.0000, 0.0000, 0.0000, 0.0000]])
tensor([[0.9969, 1.0000, 0.0000, 0.0000, 0.0000, 0.0000]])
tensor([[0.9684, 1.0000, 0.0000, 0.0000, 0.0000, 0.0000]])
tensor([[0.9973, 1.0000, 0.0000, 0.0000, 0.0000, 0.0000]])
tensor([[0.9857, 1.0000, 0.0000, 0.0000, 0.0000, 0.0000]])
tensor([[0.9723, 1.0000, 0.0000, 0.0000, 0.0000, 0.0000]])
tensor([[0.6601, 1.0000, 0.0000, 0.0000, 0.0000, 0.0000]])
tensor([[-0.9674,  1.0000,  0.0000,  0.0000,  0.0000,  0.0000]])
tensor([[-0.9480,  1.0000,  0.0000,  0.0000,  0.0000,  0.0000]])
tensor([[-0.9815,  1.0000,  0.0000,  0.0000,  0.0000,  0.0000]])
tensor([[-0.9886,  1.0000,  0.0000,  0.0000,  0.0000,  0.0000]])
tensor([[-0.9978,  1.0000,  0.0000,  0.0000,  0.0000,  0.0000]])
tensor([[-0.9966,  1.0000,  0.0000,  0.0000,  0.0000,  0.0000]])
tensor([[-0.9926,  1.0000,  0.0000,  0.0000,  0.0000,  0.0000]])
tensor([[-0.9756,  1.0000,  0.0000,  0.0000,  0.0000,  0.0000]])
tensor([[-0.9836,  1.0000,  0.0000,  0.0000,  0.0000,  0.0000]])
tensor([[-0.9951,  1.0000,  0.0000,  0.0000,  0.0000,  0.0000]])
tensor([[-0.9886,  1.0000,  0.0000,  0.0000,  0.0000,  0.0000]])
tensor([[0.5598, 1.0000, 0.0000, 0.0000, 0.0000, 0.0000]])
tensor([[0.9008, 0.0000, 0.0000, 0.0000, 0.0000, 0.0000]])
tensor([[0.9946, 1.0000, 0.0000, 0.0000, 0.0000, 0.0000]])
tensor([[0.9825, 1.0000, 0.0000, 0.0000, 0.0000, 0.0000]])
tensor([[0.9918, 1.0000, 0.0000, 0.0000, 0.0000, 0.0000]])
tensor([[0.9946, 1.0000, 0.0000, 0.0000, 0.0000, 0.0000]])
tensor([[0.9969, 1.0000, 0.0000, 0.0000, 0.0000, 0.0000]])
tensor([[0.9973, 1.0000, 0.0000, 0.0000, 0.0000, 0.0000]])
tensor([[0.9965, 1.0000, 0.0000, 0.0000, 0.0000, 0.0000]])
tensor([[0.9739, 1.0000, 0.0000, 0.0000, 0.0000, 0.0000]])
tensor([[0.2153, 1.0000, 0.0000, 0.0000, 0.0000, 0.0000]])
tensor([[0.0286, 1.0000, 0.0000, 0.0000, 0.0000, 0.0000]])
tensor([[-0.9972,  1.0000,  0.0000,  0.0000,  0.0000,  0.0000]])
tensor([[-0.9796,  1.0000,  0.0000,  0.0000,  0.0000,  0.0000]])
tensor([[-0.9962,  0.0000,  0.0000,  0.0000,  0.0000,  0.0000]])
tensor([[-0.9961,  1.0000,  0.0000,  0.0000,  0.0000,  0.0000]])
tensor([[-0.9793,  1.0000,  0.0000,  0.0000,  0.0000,  0.0000]])
tensor([[0.1673, 1.0000, 0.0000, 0.0000, 0.0000, 0.0000]])
tensor([[0.9086, 1.0000, 0.0000, 0.0000, 0.0000, 0.0000]])
tensor([[0.9606, 1.0000, 0.0000, 0.0000, 0.0000, 0.0000]])
tensor([[0.9830, 1.0000, 0.0000, 0.0000, 0.0000, 0.0000]])
tensor([[0.9383, 1.0000, 0.0000, 0.0000, 0.0000, 0.0000]])
tensor([[0.9964, 1.0000, 0.0000, 0.0000, 0.0000, 0.0000]])
tensor([[0.9925, 1.0000, 0.0000, 0.0000, 0.0000, 0.0000]])
tensor([[0.9775, 1.0000, 0.0000, 0.0000, 0.0000, 0.0000]])
tensor([[0.9510, 1.0000, 0.0000, 0.0000, 0.0000, 0.0000]])
tensor([[0.9910, 1.0000, 0.0000, 0.0000, 0.0000, 0.0000]])
tensor([[0.9864, 1.0000, 0.0000, 0.0000, 0.0000, 0.0000]])
tensor([[0.9881, 1.0000, 0.0000, 0.0000, 0.0000, 0.0000]])
tensor([[0.9868, 1.0000, 0.0000, 0.0000, 0.0000, 0.0000]])
tensor([[0.9964, 1.0000, 0.0000, 0.0000, 0.0000, 0.0000]])
tensor([[0.9796, 1.0000, 0.0000, 0.0000, 0.0000, 0.0000]])
tensor([[0.9831, 1.0000, 0.0000, 0.0000, 0.0000, 0.0000]])
tensor([[0.4442, 1.0000, 0.0000, 0.0000, 0.0000, 0.0000]])
tensor([[-0.9182,  1.0000,  0.0000,  0.0000,  0.0000,  0.0000]])
tensor([[-0.8857,  1.0000,  0.0000,  0.0000,  0.0000,  0.0000]])
tensor([[-0.9916,  1.0000,  0.0000,  0.0000,  0.0000,  0.0000]])
tensor([[-0.9813,  1.0000,  0.0000,  0.0000,  0.0000,  0.0000]])
tensor([[-0.9709,  1.0000,  0.0000,  0.0000,  0.0000,  0.0000]])
tensor([[-0.9974,  1.0000,  0.0000,  0.0000,  0.0000,  0.0000]])
tensor([[-0.9922,  1.0000,  0.0000,  0.0000,  0.0000,  0.0000]])
tensor([[-0.9629,  1.0000,  0.0000,  0.0000,  0.0000,  0.0000]])
tensor([[-0.9876,  1.0000,  0.0000,  0.0000,  0.0000,  0.0000]])
tensor([[-0.9712,  1.0000,  0.0000,  0.0000,  0.0000,  0.0000]])
tensor([[-0.9454,  1.0000,  0.0000,  0.0000,  0.0000,  0.0000]])
tensor([[-0.6153,  1.0000,  1.0000,  0.0000,  0.0000,  0.0000]])
tensor([[0.7185, 0.0000, 1.0000, 0.0000, 0.0000, 0.0000]])
tensor([[0.9988, 1.0000, 0.0000, 1.0000, 0.0000, 0.0000]])
tensor([[0.9443, 1.0000, 0.0000, 0.0000, 0.0000, 0.0000]])
tensor([[0.9947, 1.0000, 0.0000, 0.0000, 0.0000, 0.0000]])
tensor([[0.9845, 1.0000, 0.0000, 0.0000, 0.0000, 0.0000]])
tensor([[0.9967, 1.0000, 0.0000, 0.0000, 0.0000, 0.0000]])
tensor([[0.9981, 1.0000, 0.0000, 0.0000, 0.0000, 0.0000]])
tensor([[0.9983, 1.0000, 0.0000, 0.0000, 0.0000, 0.0000]])
tensor([[0.9854, 1.0000, 0.0000, 0.0000, 0.0000, 0.0000]])
tensor([[0.9609, 1.0000, 0.0000, 0.0000, 0.0000, 0.0000]])
tensor([[0.9992, 1.0000, 0.0000, 0.0000, 0.0000, 0.0000]])
tensor([[0.9915, 1.0000, 0.0000, 0.0000, 0.0000, 0.0000]])
tensor([[0.2945, 1.0000, 0.0000, 0.0000, 0.0000, 0.0000]])
tensor([[-0.9841,  1.0000,  0.0000,  0.0000,  0.0000,  0.0000]])
tensor([[-0.9874,  1.0000,  0.0000,  0.0000,  0.0000,  0.0000]])
tensor([[-0.9911,  1.0000,  0.0000,  0.0000,  0.0000,  0.0000]])
tensor([[-0.9960,  1.0000,  0.0000,  0.0000,  0.0000,  0.0000]])
tensor([[-0.9908,  1.0000,  0.0000,  0.0000,  0.0000,  0.0000]])
tensor([[-0.9868,  1.0000,  0.0000,  0.0000,  0.0000,  0.0000]])
tensor([[-0.9430,  1.0000,  0.0000,  0.0000,  0.0000,  0.0000]])
tensor([[0.8944, 1.0000, 0.0000, 0.0000, 0.0000, 0.0000]])
tensor([[0.9923, 0.0000, 0.0000, 0.0000, 0.0000, 0.0000]])
tensor([[0.9995, 1.0000, 0.0000, 0.0000, 0.0000, 0.0000]])
tensor([[0.9998, 1.0000, 0.0000, 0.0000, 0.0000, 0.0000]])
tensor([[0.9990, 1.0000, 0.0000, 0.0000, 0.0000, 0.0000]])
tensor([[0.9757, 1.0000, 0.0000, 0.0000, 0.0000, 0.0000]])
tensor([[0.0191, 1.0000, 0.0000, 0.0000, 0.0000, 0.0000]])
tensor([[-0.5847,  1.0000,  0.0000,  0.0000,  0.0000,  0.0000]])
tensor([[-0.7623,  0.0000,  0.0000,  1.0000,  0.0000,  0.0000]])
tensor([[-0.9885,  1.0000,  0.0000,  0.0000,  0.0000,  0.0000]])
tensor([[-0.8861,  1.0000,  0.0000,  0.0000,  0.0000,  0.0000]])
tensor([[-0.9966,  1.0000,  0.0000,  0.0000,  0.0000,  0.0000]])
tensor([[0.9863, 1.0000, 0.0000, 0.0000, 0.0000, 0.0000]])
tensor([[0.8476, 1.0000, 0.0000, 1.0000, 0.0000, 0.0000]])
tensor([[0.1415, 1.0000, 0.0000, 0.0000, 0.0000, 0.0000]])
tensor([[-0.9739,  1.0000,  0.0000,  0.0000,  0.0000,  0.0000]])
tensor([[-0.9874,  1.0000,  0.0000,  0.0000,  0.0000,  0.0000]])
tensor([[0.0114, 1.0000, 0.0000, 0.0000, 0.0000, 0.0000]])
tensor([[-0.9547,  1.0000,  1.0000,  0.0000,  0.0000,  0.0000]])
tensor([[-0.9988,  1.0000,  0.0000,  0.0000,  0.0000,  0.0000]])
tensor([[-0.9990,  1.0000,  0.0000,  0.0000,  0.0000,  0.0000]])
tensor([[-0.9883,  1.0000,  0.0000,  0.0000,  0.0000,  0.0000]])
tensor([[0.9515, 1.0000, 0.0000, 0.0000, 0.0000, 0.0000]])
tensor([[0.2596, 1.0000, 0.0000, 0.0000, 0.0000, 0.0000]])
tensor([[-0.8443,  1.0000,  0.0000,  0.0000,  0.0000,  0.0000]])
tensor([[0.1445, 1.0000, 1.0000, 0.0000, 0.0000, 0.0000]])
tensor([[0.0935, 1.0000, 0.0000, 0.0000, 0.0000, 0.0000]])
tensor([[-0.7645,  1.0000,  0.0000,  0.0000,  0.0000,  0.0000]])
tensor([[0.2690, 1.0000, 0.0000, 0.0000, 0.0000, 0.0000]])
tensor([[0.4884, 1.0000, 0.0000, 0.0000, 0.0000, 0.0000]])
tensor([[-0.7872,  1.0000,  0.0000,  1.0000,  0.0000,  0.0000]])
tensor([[-0.7213,  1.0000,  0.0000,  0.0000,  0.0000,  0.0000]])
tensor([[0.7864, 1.0000, 0.0000, 0.0000, 0.0000, 0.0000]])
tensor([[-0.1741,  1.0000,  0.0000,  0.0000,  0.0000,  0.0000]])
tensor([[-0.6192,  1.0000,  0.0000,  0.0000,  0.0000,  0.0000]])
tensor([[-0.3417,  1.0000,  0.0000,  0.0000,  0.0000,  0.0000]])
tensor([[-0.3974,  1.0000,  0.0000,  0.0000,  0.0000,  0.0000]])
tensor([[-0.3479,  1.0000,  0.0000,  0.0000,  0.0000,  0.0000]])
tensor([[0.7381, 1.0000, 0.0000, 0.0000, 0.0000, 0.0000]])
tensor([[-0.3049,  1.0000,  0.0000,  0.0000,  0.0000,  0.0000]])
tensor([[-0.8642,  1.0000,  0.0000,  0.0000,  0.0000,  0.0000]])
tensor([[0.4188, 1.0000, 0.0000, 0.0000, 0.0000, 0.0000]])
tensor([[-0.6897,  0.0000,  0.0000,  0.0000,  0.0000,  0.0000]])
tensor([[-0.7026,  1.0000,  0.0000,  0.0000,  0.0000,  0.0000]])
tensor([[-0.0825,  1.0000,  0.0000,  0.0000,  0.0000,  0.0000]])
tensor([[0.4753, 1.0000, 0.0000, 0.0000, 0.0000, 0.0000]])
tensor([[-0.9989,  1.0000,  0.0000,  0.0000,  0.0000,  0.0000]])
tensor([[-0.9911,  1.0000,  0.0000,  0.0000,  0.0000,  0.0000]])
tensor([[-0.9968,  1.0000,  1.0000,  0.0000,  0.0000,  0.0000]])
tensor([[-0.9869,  1.0000,  0.0000,  0.0000,  0.0000,  0.0000]])
tensor([[-0.9900,  0.0000,  0.0000,  0.0000,  0.0000,  0.0000]])
tensor([[0.9521, 1.0000, 0.0000, 0.0000, 0.0000, 0.0000]])
tensor([[0.9968, 0.0000, 0.0000, 0.0000, 0.0000, 0.0000]])
tensor([[0.9525, 1.0000, 0.0000, 0.0000, 0.0000, 0.0000]])
tensor([[0.8273, 1.0000, 0.0000, 0.0000, 0.0000, 0.0000]])
tensor([[0.8020, 1.0000, 0.0000, 0.0000, 0.0000, 0.0000]])
tensor([[-0.8287,  1.0000,  0.0000,  0.0000,  0.0000,  0.0000]])
tensor([[-0.9530,  1.0000,  0.0000,  0.0000,  1.0000,  0.0000]])
tensor([[-0.8509,  1.0000,  0.0000,  0.0000,  0.0000,  0.0000]])
tensor([[0.4912, 1.0000, 0.0000, 0.0000, 0.0000, 0.0000]])
tensor([[-0.9759,  1.0000,  0.0000,  0.0000,  0.0000,  0.0000]])
tensor([[-0.9939,  1.0000,  0.0000,  0.0000,  0.0000,  0.0000]])
tensor([[-0.9940,  1.0000,  0.0000,  0.0000,  0.0000,  0.0000]])
tensor([[-0.9922,  1.0000,  0.0000,  0.0000,  0.0000,  0.0000]])
tensor([[-0.9938,  1.0000,  0.0000,  0.0000,  0.0000,  0.0000]])
tensor([[-0.9691,  1.0000,  0.0000,  0.0000,  0.0000,  0.0000]])
tensor([[-0.9950,  1.0000,  0.0000,  0.0000,  0.0000,  0.0000]])
tensor([[0.3129, 1.0000, 0.0000, 0.0000, 0.0000, 0.0000]])
tensor([[0.6932, 1.0000, 0.0000, 0.0000, 0.0000, 0.0000]])
tensor([[0.9980, 1.0000, 0.0000, 0.0000, 0.0000, 0.0000]])
tensor([[0.9964, 1.0000, 0.0000, 0.0000, 0.0000, 0.0000]])
tensor([[0.9873, 1.0000, 0.0000, 0.0000, 0.0000, 0.0000]])
tensor([[0.9236, 1.0000, 0.0000, 0.0000, 0.0000, 0.0000]])
tensor([[0.9926, 1.0000, 0.0000, 0.0000, 0.0000, 0.0000]])
tensor([[0.9838, 1.0000, 0.0000, 0.0000, 0.0000, 0.0000]])
tensor([[0.9985, 1.0000, 0.0000, 0.0000, 0.0000, 0.0000]])
tensor([[0.6332, 1.0000, 0.0000, 0.0000, 0.0000, 0.0000]])
tensor([[-0.9788,  0.0000,  0.0000,  0.0000,  0.0000,  0.0000]])
tensor([[-0.9958,  1.0000,  0.0000,  0.0000,  0.0000,  0.0000]])
tensor([[-0.9816,  1.0000,  0.0000,  0.0000,  0.0000,  0.0000]])
tensor([[-0.9883,  1.0000,  0.0000,  0.0000,  0.0000,  0.0000]])
tensor([[-0.9551,  1.0000,  0.0000,  0.0000,  0.0000,  0.0000]])
tensor([[-0.9917,  1.0000,  0.0000,  0.0000,  0.0000,  0.0000]])
tensor([[-0.9695,  1.0000,  0.0000,  0.0000,  0.0000,  0.0000]])
tensor([[-0.9889,  1.0000,  0.0000,  0.0000,  0.0000,  0.0000]])
tensor([[-0.9741,  1.0000,  0.0000,  0.0000,  0.0000,  0.0000]])
tensor([[-0.9677,  0.0000,  0.0000,  0.0000,  0.0000,  0.0000]])
tensor([[-0.9774,  0.0000,  0.0000,  0.0000,  0.0000,  0.0000]])
tensor([[-0.9548,  1.0000,  0.0000,  0.0000,  0.0000,  0.0000]])
tensor([[-0.9725,  1.0000,  0.0000,  0.0000,  0.0000,  0.0000]])
tensor([[-0.1529,  1.0000,  0.0000,  0.0000,  0.0000,  0.0000]])
tensor([[0.8393, 1.0000, 0.0000, 0.0000, 0.0000, 0.0000]])
tensor([[-0.4178,  1.0000,  1.0000,  0.0000,  0.0000,  0.0000]])
tensor([[0.9200, 1.0000, 0.0000, 0.0000, 0.0000, 0.0000]])
tensor([[0.9862, 0.0000, 0.0000, 0.0000, 0.0000, 0.0000]])
tensor([[0.9613, 1.0000, 0.0000, 0.0000, 0.0000, 0.0000]])
tensor([[0.9877, 1.0000, 0.0000, 0.0000, 0.0000, 0.0000]])
tensor([[0.9764, 1.0000, 0.0000, 0.0000, 0.0000, 0.0000]])
tensor([[0.9389, 1.0000, 0.0000, 0.0000, 0.0000, 0.0000]])
tensor([[0.5312, 1.0000, 0.0000, 0.0000, 0.0000, 0.0000]])
tensor([[0.9444, 1.0000, 0.0000, 0.0000, 0.0000, 0.0000]])
tensor([[-0.3879,  1.0000,  0.0000,  0.0000,  0.0000,  0.0000]])
tensor([[-0.9951,  1.0000,  0.0000,  0.0000,  0.0000,  0.0000]])
tensor([[-0.9599,  1.0000,  0.0000,  0.0000,  0.0000,  0.0000]])
tensor([[-0.9834,  1.0000,  0.0000,  0.0000,  0.0000,  0.0000]])
tensor([[-0.9317,  1.0000,  0.0000,  0.0000,  0.0000,  0.0000]])
tensor([[-0.9963,  0.0000,  0.0000,  0.0000,  0.0000,  0.0000]])
tensor([[-0.9974,  1.0000,  0.0000,  0.0000,  0.0000,  0.0000]])
tensor([[-0.9944,  1.0000,  0.0000,  0.0000,  0.0000,  0.0000]])
tensor([[-0.8876,  1.0000,  0.0000,  0.0000,  0.0000,  0.0000]])
tensor([[0.4527, 1.0000, 0.0000, 0.0000, 0.0000, 0.0000]])
tensor([[0.9214, 1.0000, 0.0000, 0.0000, 0.0000, 0.0000]])
tensor([[0.9741, 1.0000, 0.0000, 0.0000, 0.0000, 0.0000]])
tensor([[0.6740, 1.0000, 0.0000, 0.0000, 0.0000, 0.0000]])
tensor([[0.9885, 1.0000, 0.0000, 0.0000, 0.0000, 0.0000]])
tensor([[0.7057, 1.0000, 0.0000, 0.0000, 0.0000, 0.0000]])
tensor([[0.8711, 1.0000, 0.0000, 0.0000, 0.0000, 0.0000]])
tensor([[-0.0317,  1.0000,  0.0000,  0.0000,  0.0000,  0.0000]])
tensor([[-0.9847,  1.0000,  0.0000,  0.0000,  0.0000,  0.0000]])
tensor([[-0.9871,  1.0000,  0.0000,  0.0000,  0.0000,  0.0000]])
tensor([[-0.9991,  1.0000,  0.0000,  0.0000,  0.0000,  0.0000]])
tensor([[-0.9957,  1.0000,  0.0000,  0.0000,  0.0000,  0.0000]])
tensor([[-0.8164,  1.0000,  0.0000,  0.0000,  0.0000,  0.0000]])
tensor([[-0.5062,  1.0000,  0.0000,  0.0000,  0.0000,  0.0000]])
tensor([[0.9280, 1.0000, 0.0000, 0.0000, 0.0000, 0.0000]])
tensor([[0.9852, 1.0000, 0.0000, 0.0000, 0.0000, 0.0000]])
tensor([[0.9708, 1.0000, 0.0000, 0.0000, 0.0000, 0.0000]])
tensor([[0.9810, 1.0000, 0.0000, 0.0000, 0.0000, 0.0000]])
tensor([[0.5978, 1.0000, 0.0000, 0.0000, 0.0000, 0.0000]])
tensor([[-0.9483,  1.0000,  0.0000,  0.0000,  0.0000,  0.0000]])
tensor([[-0.9496,  1.0000,  0.0000,  0.0000,  0.0000,  0.0000]])
tensor([[-0.9748,  1.0000,  0.0000,  0.0000,  0.0000,  0.0000]])
tensor([[-0.9954,  1.0000,  0.0000,  0.0000,  0.0000,  0.0000]])
tensor([[-0.9850,  1.0000,  0.0000,  0.0000,  1.0000,  0.0000]])
tensor([[-0.9848,  1.0000,  0.0000,  0.0000,  0.0000,  0.0000]])
tensor([[-0.9928,  1.0000,  0.0000,  0.0000,  0.0000,  0.0000]])
tensor([[-0.9936,  1.0000,  0.0000,  0.0000,  0.0000,  0.0000]])
tensor([[-0.9981,  1.0000,  0.0000,  0.0000,  0.0000,  0.0000]])
tensor([[-0.9837,  1.0000,  0.0000,  0.0000,  0.0000,  0.0000]])
tensor([[-0.5511,  1.0000,  0.0000,  0.0000,  0.0000,  0.0000]])
tensor([[0.9689, 1.0000, 0.0000, 0.0000, 0.0000, 0.0000]])
tensor([[0.9969, 1.0000, 0.0000, 0.0000, 0.0000, 0.0000]])
tensor([[0.9870, 1.0000, 0.0000, 0.0000, 0.0000, 0.0000]])
tensor([[0.9723, 1.0000, 0.0000, 0.0000, 0.0000, 0.0000]])
tensor([[0.8786, 1.0000, 0.0000, 0.0000, 0.0000, 0.0000]])
tensor([[-0.7074,  1.0000,  0.0000,  0.0000,  0.0000,  0.0000]])
tensor([[-0.9567,  1.0000,  0.0000,  0.0000,  0.0000,  0.0000]])
tensor([[-0.9939,  1.0000,  0.0000,  0.0000,  0.0000,  0.0000]])
tensor([[-0.9897,  1.0000,  0.0000,  0.0000,  0.0000,  0.0000]])
tensor([[-0.9748,  1.0000,  0.0000,  0.0000,  0.0000,  0.0000]])
tensor([[-0.9614,  1.0000,  0.0000,  0.0000,  0.0000,  0.0000]])
tensor([[-0.9623,  1.0000,  0.0000,  0.0000,  0.0000,  0.0000]])
tensor([[-0.8572,  1.0000,  0.0000,  0.0000,  0.0000,  0.0000]])
tensor([[0.8461, 1.0000, 0.0000, 0.0000, 0.0000, 0.0000]])
tensor([[0.9972, 1.0000, 0.0000, 0.0000, 0.0000, 0.0000]])
tensor([[0.9870, 1.0000, 0.0000, 0.0000, 0.0000, 0.0000]])
tensor([[0.9912, 1.0000, 0.0000, 0.0000, 0.0000, 0.0000]])
tensor([[0.9981, 1.0000, 0.0000, 0.0000, 0.0000, 0.0000]])
tensor([[0.9936, 1.0000, 0.0000, 0.0000, 0.0000, 0.0000]])
tensor([[0.9941, 1.0000, 0.0000, 0.0000, 0.0000, 0.0000]])
tensor([[0.8396, 1.0000, 0.0000, 0.0000, 0.0000, 0.0000]])
tensor([[-0.6633,  1.0000,  0.0000,  0.0000,  0.0000,  0.0000]])
tensor([[-0.9209,  1.0000,  0.0000,  0.0000,  0.0000,  0.0000]])
tensor([[-0.9528,  1.0000,  0.0000,  0.0000,  0.0000,  0.0000]])
tensor([[-0.0784,  1.0000,  0.0000,  0.0000,  0.0000,  0.0000]])
tensor([[-0.1971,  1.0000,  0.0000,  0.0000,  0.0000,  0.0000]])
tensor([[0.6042, 1.0000, 0.0000, 0.0000, 0.0000, 0.0000]])
tensor([[0.9107, 1.0000, 0.0000, 0.0000, 0.0000, 0.0000]])
tensor([[0.9996, 0.0000, 0.0000, 0.0000, 0.0000, 0.0000]])
tensor([[0.9968, 1.0000, 0.0000, 0.0000, 0.0000, 0.0000]])
tensor([[0.9935, 1.0000, 0.0000, 0.0000, 0.0000, 0.0000]])
tensor([[0.9948, 1.0000, 0.0000, 0.0000, 0.0000, 0.0000]])
tensor([[0.9984, 1.0000, 0.0000, 0.0000, 0.0000, 0.0000]])
tensor([[0.9988, 1.0000, 0.0000, 0.0000, 0.0000, 0.0000]])
tensor([[0.9840, 1.0000, 0.0000, 0.0000, 0.0000, 0.0000]])
tensor([[0.9964, 1.0000, 0.0000, 0.0000, 0.0000, 0.0000]])
tensor([[0.9929, 1.0000, 0.0000, 0.0000, 0.0000, 0.0000]])
tensor([[0.9963, 1.0000, 0.0000, 0.0000, 0.0000, 0.0000]])
tensor([[0.9257, 1.0000, 0.0000, 0.0000, 0.0000, 0.0000]])
tensor([[0.9877, 1.0000, 0.0000, 0.0000, 0.0000, 0.0000]])
tensor([[0.9855, 1.0000, 0.0000, 0.0000, 0.0000, 0.0000]])
tensor([[0.9197, 1.0000, 0.0000, 0.0000, 0.0000, 0.0000]])
tensor([[0.9358, 1.0000, 0.0000, 0.0000, 0.0000, 0.0000]])
tensor([[0.6511, 1.0000, 0.0000, 0.0000, 0.0000, 0.0000]])
tensor([[-0.9137,  1.0000,  0.0000,  0.0000,  0.0000,  0.0000]])
tensor([[-0.9316,  1.0000,  0.0000,  0.0000,  0.0000,  0.0000]])
tensor([[-0.9507,  1.0000,  0.0000,  0.0000,  0.0000,  0.0000]])
tensor([[-0.4584,  1.0000,  0.0000,  0.0000,  0.0000,  0.0000]])
tensor([[-0.0655,  1.0000,  0.0000,  0.0000,  0.0000,  0.0000]])
tensor([[0.1074, 1.0000, 0.0000, 0.0000, 0.0000, 0.0000]])
tensor([[-0.9031,  1.0000,  0.0000,  0.0000,  0.0000,  0.0000]])
tensor([[0.8832, 1.0000, 0.0000, 0.0000, 0.0000, 0.0000]])
tensor([[0.6001, 1.0000, 0.0000, 0.0000, 0.0000, 0.0000]])
tensor([[-0.9795,  1.0000,  0.0000,  0.0000,  0.0000,  0.0000]])
tensor([[0.8294, 1.0000, 0.0000, 0.0000, 0.0000, 0.0000]])
tensor([[-0.5604,  1.0000,  0.0000,  0.0000,  0.0000,  0.0000]])
tensor([[0.4824, 1.0000, 0.0000, 0.0000, 0.0000, 0.0000]])
tensor([[0.6384, 1.0000, 0.0000, 0.0000, 0.0000, 0.0000]])
tensor([[-0.9646,  1.0000,  0.0000,  0.0000,  0.0000,  0.0000]])
tensor([[-0.6732,  1.0000,  0.0000,  0.0000,  0.0000,  0.0000]])
tensor([[0.8881, 1.0000, 0.0000, 0.0000, 0.0000, 0.0000]])
tensor([[0.6686, 1.0000, 0.0000, 0.0000, 0.0000, 0.0000]])
tensor([[0.1772, 1.0000, 0.0000, 0.0000, 0.0000, 0.0000]])
tensor([[-0.7234,  1.0000,  0.0000,  0.0000,  0.0000,  0.0000]])
tensor([[-0.7113,  1.0000,  0.0000,  0.0000,  0.0000,  0.0000]])
tensor([[0.6822, 1.0000, 0.0000, 0.0000, 0.0000, 0.0000]])
tensor([[-0.2202,  1.0000,  0.0000,  0.0000,  0.0000,  0.0000]])
tensor([[0.7582, 1.0000, 0.0000, 0.0000, 0.0000, 0.0000]])
tensor([[0.3639, 1.0000, 0.0000, 0.0000, 0.0000, 0.0000]])
tensor([[-0.1131,  1.0000,  0.0000,  0.0000,  0.0000,  0.0000]])
tensor([[-0.9546,  1.0000,  0.0000,  0.0000,  0.0000,  0.0000]])
tensor([[-0.7233,  0.0000,  0.0000,  0.0000,  0.0000,  0.0000]])
tensor([[0.7042, 1.0000, 0.0000, 0.0000, 0.0000, 0.0000]])
tensor([[0.9801, 1.0000, 0.0000, 0.0000, 0.0000, 0.0000]])
tensor([[-0.6382,  1.0000,  0.0000,  0.0000,  0.0000,  0.0000]])
tensor([[0.3835, 1.0000, 0.0000, 0.0000, 0.0000, 0.0000]])
tensor([[-0.8197,  1.0000,  0.0000,  0.0000,  0.0000,  0.0000]])
tensor([[-0.7868,  1.0000,  0.0000,  0.0000,  0.0000,  0.0000]])
tensor([[0.8881, 1.0000, 0.0000, 0.0000, 0.0000, 0.0000]])
tensor([[0.9594, 1.0000, 0.0000, 0.0000, 0.0000, 0.0000]])
tensor([[0.9261, 1.0000, 0.0000, 1.0000, 0.0000, 0.0000]])
tensor([[-0.9261,  1.0000,  0.0000,  0.0000,  0.0000,  0.0000]])
tensor([[-0.9743,  1.0000,  0.0000,  0.0000,  0.0000,  0.0000]])
tensor([[-0.9952,  1.0000,  0.0000,  0.0000,  0.0000,  0.0000]])
tensor([[0.4004, 1.0000, 0.0000, 0.0000, 0.0000, 0.0000]])
tensor([[-0.7427,  1.0000,  0.0000,  0.0000,  0.0000,  0.0000]])
tensor([[0.8901, 1.0000, 0.0000, 0.0000, 0.0000, 0.0000]])
tensor([[0.8444, 1.0000, 0.0000, 0.0000, 0.0000, 0.0000]])
tensor([[0.9485, 1.0000, 0.0000, 0.0000, 0.0000, 0.0000]])
tensor([[0.9790, 1.0000, 0.0000, 0.0000, 0.0000, 0.0000]])
tensor([[0.9600, 1.0000, 0.0000, 0.0000, 0.0000, 0.0000]])
tensor([[0.1708, 1.0000, 0.0000, 0.0000, 0.0000, 0.0000]])
tensor([[0.8547, 1.0000, 0.0000, 0.0000, 0.0000, 0.0000]])
tensor([[0.4285, 1.0000, 0.0000, 0.0000, 0.0000, 0.0000]])
tensor([[0.8865, 1.0000, 0.0000, 0.0000, 0.0000, 0.0000]])
tensor([[0.7786, 1.0000, 0.0000, 0.0000, 0.0000, 0.0000]])
tensor([[-0.4370,  1.0000,  0.0000,  0.0000,  0.0000,  0.0000]])
tensor([[0.7447, 1.0000, 0.0000, 0.0000, 0.0000, 0.0000]])
tensor([[0.9852, 1.0000, 0.0000, 0.0000, 0.0000, 0.0000]])
tensor([[0.9779, 1.0000, 0.0000, 0.0000, 0.0000, 0.0000]])
tensor([[0.8761, 1.0000, 0.0000, 0.0000, 0.0000, 0.0000]])
tensor([[-0.8265,  1.0000,  0.0000,  0.0000,  0.0000,  0.0000]])
tensor([[-0.9986,  1.0000,  0.0000,  0.0000,  0.0000,  0.0000]])
tensor([[-0.9947,  1.0000,  0.0000,  0.0000,  0.0000,  0.0000]])
tensor([[-0.9946,  1.0000,  0.0000,  0.0000,  0.0000,  0.0000]])
tensor([[-0.9346,  1.0000,  0.0000,  0.0000,  0.0000,  0.0000]])
tensor([[-0.9593,  1.0000,  0.0000,  0.0000,  0.0000,  0.0000]])
tensor([[-0.9815,  1.0000,  0.0000,  0.0000,  0.0000,  0.0000]])
tensor([[-0.9890,  1.0000,  0.0000,  0.0000,  0.0000,  0.0000]])
tensor([[-0.9012,  1.0000,  0.0000,  0.0000,  0.0000,  0.0000]])
tensor([[-0.5812,  1.0000,  0.0000,  0.0000,  0.0000,  0.0000]])
tensor([[0.7314, 1.0000, 0.0000, 0.0000, 0.0000, 0.0000]])
tensor([[-0.3850,  1.0000,  0.0000,  0.0000,  0.0000,  0.0000]])
tensor([[0.2814, 1.0000, 0.0000, 0.0000, 0.0000, 0.0000]])
tensor([[-0.0211,  1.0000,  0.0000,  0.0000,  0.0000,  0.0000]])
tensor([[0.1815, 1.0000, 0.0000, 0.0000, 0.0000, 0.0000]])
tensor([[-0.5210,  1.0000,  0.0000,  0.0000,  0.0000,  0.0000]])
tensor([[-0.9939,  1.0000,  0.0000,  0.0000,  0.0000,  0.0000]])
tensor([[-0.9334,  1.0000,  0.0000,  0.0000,  0.0000,  0.0000]])
tensor([[-0.2937,  1.0000,  0.0000,  0.0000,  0.0000,  0.0000]])
tensor([[-0.6077,  1.0000,  0.0000,  0.0000,  0.0000,  0.0000]])
tensor([[-0.6205,  1.0000,  0.0000,  0.0000,  0.0000,  0.0000]])
tensor([[-0.1334,  1.0000,  0.0000,  0.0000,  0.0000,  0.0000]])
tensor([[-0.3050,  1.0000,  0.0000,  0.0000,  0.0000,  0.0000]])
tensor([[0.1110, 1.0000, 0.0000, 0.0000, 0.0000, 0.0000]])
tensor([[-0.2842,  1.0000,  0.0000,  0.0000,  0.0000,  0.0000]])
tensor([[0.0509, 1.0000, 0.0000, 0.0000, 0.0000, 0.0000]])
tensor([[-0.5792,  1.0000,  0.0000,  0.0000,  0.0000,  0.0000]])
tensor([[0.6539, 1.0000, 0.0000, 0.0000, 0.0000, 0.0000]])
tensor([[0.1098, 1.0000, 0.0000, 0.0000, 0.0000, 0.0000]])
tensor([[-0.4908,  1.0000,  0.0000,  0.0000,  0.0000,  0.0000]])
tensor([[-0.4897,  1.0000,  0.0000,  0.0000,  0.0000,  0.0000]])
tensor([[-0.4979,  1.0000,  0.0000,  0.0000,  0.0000,  0.0000]])
tensor([[-0.7855,  1.0000,  0.0000,  0.0000,  0.0000,  0.0000]])
tensor([[-0.9438,  1.0000,  0.0000,  0.0000,  0.0000,  0.0000]])
tensor([[-0.9710,  1.0000,  0.0000,  0.0000,  0.0000,  0.0000]])
tensor([[-0.5446,  1.0000,  0.0000,  0.0000,  0.0000,  0.0000]])
tensor([[0.8238, 1.0000, 0.0000, 0.0000, 0.0000, 0.0000]])
tensor([[0.8629, 1.0000, 0.0000, 0.0000, 0.0000, 0.0000]])
tensor([[-0.8519,  1.0000,  0.0000,  0.0000,  0.0000,  0.0000]])
tensor([[-0.8725,  1.0000,  0.0000,  0.0000,  0.0000,  0.0000]])
tensor([[0.3659, 1.0000, 0.0000, 0.0000, 0.0000, 0.0000]])
tensor([[-0.7210,  1.0000,  0.0000,  0.0000,  0.0000,  0.0000]])
tensor([[0.4731, 1.0000, 0.0000, 0.0000, 0.0000, 0.0000]])
tensor([[-0.3162,  1.0000,  0.0000,  0.0000,  0.0000,  0.0000]])
tensor([[-0.2411,  1.0000,  0.0000,  0.0000,  0.0000,  0.0000]])
tensor([[-0.9081,  1.0000,  0.0000,  0.0000,  0.0000,  0.0000]])
tensor([[-0.2702,  1.0000,  1.0000,  0.0000,  0.0000,  0.0000]])
tensor([[-0.4117,  1.0000,  0.0000,  0.0000,  0.0000,  0.0000]])
tensor([[-0.5173,  1.0000,  0.0000,  0.0000,  0.0000,  0.0000]])
tensor([[-0.6018,  1.0000,  0.0000,  0.0000,  0.0000,  0.0000]])
tensor([[0.8886, 1.0000, 0.0000, 0.0000, 0.0000, 0.0000]])
tensor([[0.0327, 1.0000, 0.0000, 0.0000, 0.0000, 0.0000]])
tensor([[-0.9114,  1.0000,  0.0000,  0.0000,  0.0000,  0.0000]])
tensor([[-0.9909,  1.0000,  0.0000,  0.0000,  0.0000,  0.0000]])
tensor([[-0.9914,  1.0000,  0.0000,  0.0000,  0.0000,  0.0000]])
tensor([[-0.9961,  1.0000,  0.0000,  0.0000,  0.0000,  0.0000]])
tensor([[-0.9924,  1.0000,  0.0000,  0.0000,  0.0000,  0.0000]])
tensor([[-0.9265,  1.0000,  0.0000,  0.0000,  0.0000,  0.0000]])
tensor([[-0.0057,  1.0000,  0.0000,  0.0000,  0.0000,  0.0000]])
tensor([[0.9516, 1.0000, 0.0000, 0.0000, 0.0000, 0.0000]])
tensor([[0.9908, 0.0000, 0.0000, 0.0000, 0.0000, 0.0000]])
tensor([[0.9920, 1.0000, 0.0000, 0.0000, 0.0000, 0.0000]])
tensor([[0.9976, 0.0000, 0.0000, 0.0000, 0.0000, 0.0000]])
tensor([[0.9820, 1.0000, 0.0000, 0.0000, 0.0000, 0.0000]])
tensor([[0.9869, 1.0000, 0.0000, 0.0000, 0.0000, 0.0000]])
tensor([[0.9794, 1.0000, 0.0000, 0.0000, 0.0000, 0.0000]])
tensor([[0.9898, 1.0000, 0.0000, 0.0000, 0.0000, 0.0000]])
tensor([[0.9958, 1.0000, 0.0000, 0.0000, 0.0000, 0.0000]])
tensor([[0.9653, 1.0000, 0.0000, 0.0000, 0.0000, 0.0000]])
tensor([[0.4648, 1.0000, 0.0000, 0.0000, 0.0000, 0.0000]])
tensor([[-0.9968,  1.0000,  0.0000,  0.0000,  0.0000,  0.0000]])
tensor([[-0.9971,  1.0000,  1.0000,  0.0000,  0.0000,  0.0000]])
tensor([[-0.9969,  1.0000,  0.0000,  0.0000,  0.0000,  0.0000]])
tensor([[-0.9506,  1.0000,  0.0000,  0.0000,  0.0000,  0.0000]])
tensor([[-0.9851,  1.0000,  0.0000,  0.0000,  0.0000,  0.0000]])
tensor([[-0.9515,  1.0000,  0.0000,  0.0000,  0.0000,  0.0000]])
tensor([[-0.9947,  1.0000,  0.0000,  0.0000,  0.0000,  0.0000]])
tensor([[-0.9976,  0.0000,  0.0000,  0.0000,  0.0000,  0.0000]])
tensor([[-0.9788,  1.0000,  0.0000,  0.0000,  0.0000,  0.0000]])
tensor([[-0.9910,  0.0000,  0.0000,  0.0000,  0.0000,  0.0000]])
tensor([[-0.9569,  1.0000,  0.0000,  0.0000,  0.0000,  0.0000]])
tensor([[-0.8910,  1.0000,  0.0000,  0.0000,  0.0000,  0.0000]])
tensor([[0.4808, 1.0000, 0.0000, 0.0000, 0.0000, 0.0000]])
tensor([[0.9322, 1.0000, 0.0000, 0.0000, 0.0000, 0.0000]])
tensor([[0.9416, 1.0000, 0.0000, 0.0000, 0.0000, 0.0000]])
tensor([[0.9967, 1.0000, 0.0000, 0.0000, 0.0000, 0.0000]])
tensor([[0.9590, 1.0000, 0.0000, 0.0000, 0.0000, 0.0000]])
tensor([[0.9952, 1.0000, 0.0000, 0.0000, 0.0000, 0.0000]])
tensor([[0.9973, 1.0000, 0.0000, 0.0000, 0.0000, 0.0000]])
tensor([[0.9914, 1.0000, 0.0000, 0.0000, 0.0000, 0.0000]])
tensor([[0.9936, 1.0000, 0.0000, 0.0000, 0.0000, 0.0000]])
tensor([[0.9940, 1.0000, 0.0000, 0.0000, 0.0000, 0.0000]])
tensor([[0.9974, 1.0000, 0.0000, 0.0000, 1.0000, 0.0000]])
tensor([[0.9838, 1.0000, 0.0000, 0.0000, 0.0000, 0.0000]])
tensor([[0.8014, 1.0000, 0.0000, 0.0000, 0.0000, 0.0000]])
tensor([[-0.9837,  1.0000,  0.0000,  0.0000,  0.0000,  0.0000]])
tensor([[-0.9669,  1.0000,  0.0000,  0.0000,  0.0000,  0.0000]])
tensor([[-0.9481,  0.0000,  0.0000,  0.0000,  0.0000,  0.0000]])
tensor([[-0.9929,  1.0000,  0.0000,  0.0000,  0.0000,  0.0000]])
tensor([[-0.9926,  0.0000,  0.0000,  0.0000,  0.0000,  0.0000]])
INFO:root:Agent 0 (TQCars): avg action time = 0.0015s
tensor([[-0.9565,  1.0000,  0.0000,  0.0000,  0.0000,  0.0000]])
tensor([[-0.9928,  1.0000,  0.0000,  0.0000,  0.0000,  0.0000]])
tensor([[-0.9907,  0.0000,  0.0000,  0.0000,  0.0000,  0.0000]])
tensor([[-0.9586,  1.0000,  0.0000,  0.0000,  0.0000,  0.0000]])
tensor([[-0.7398,  1.0000,  0.0000,  0.0000,  0.0000,  0.0000]])
tensor([[-0.3056,  1.0000,  0.0000,  0.0000,  0.0000,  0.0000]])
tensor([[0.9906, 1.0000, 0.0000, 0.0000, 0.0000, 0.0000]])
tensor([[0.9975, 1.0000, 0.0000, 0.0000, 0.0000, 0.0000]])
tensor([[0.9738, 1.0000, 0.0000, 0.0000, 0.0000, 0.0000]])
{"type": "results", "track": "sandtrack", "results": [{"key": 0, "reward": 10.09581298828125, "position": 4, "name": "TQCars", "avg_action_time": 0.0014589281877074194}]}
