INFO:root:Loading the agents
INFO:root:Loaded player TQCars
INFO:root:Creating pystk-1
INFO:root:Adding wrapper <function get_wrappers.<locals>.<lambda> at 0x7365124ef420>
INFO:root:Adding wrapper <function get_wrappers.<locals>.<lambda> at 0x7365124ef4c0>
INFO:root:Adding wrapper <function get_wrappers.<locals>.<lambda> at 0x7365124ef560>
INFO:root:Adding wrapper <function get_wrappers.<locals>.<lambda> at 0x7365124ef600>
INFO:root:(multi-env mono adapter) Setting main environment max_paths to 5
INFO:root:Loading trained model from CHECKPOINT-GPUFAC/tqc_EXP12_400000.pt...
INFO:root:Starting a race
..:: Antarctica Rendering Engine 2.0 ::..
tensor([[0.9664, 1.0000, 0.0000, 0.0000, 0.0000, 0.0000]])
tensor([[0.8732, 1.0000, 0.0000, 0.0000, 0.0000, 0.0000]])
tensor([[0.9675, 1.0000, 0.0000, 0.0000, 0.0000, 0.0000]])
tensor([[0.9412, 1.0000, 0.0000, 0.0000, 0.0000, 0.0000]])
tensor([[0.9235, 1.0000, 0.0000, 0.0000, 0.0000, 0.0000]])
tensor([[0.9934, 1.0000, 0.0000, 0.0000, 0.0000, 0.0000]])
tensor([[0.9923, 1.0000, 0.0000, 0.0000, 0.0000, 0.0000]])
tensor([[0.9949, 1.0000, 0.0000, 0.0000, 0.0000, 0.0000]])
tensor([[0.9656, 1.0000, 0.0000, 0.0000, 0.0000, 0.0000]])
tensor([[0.9700, 1.0000, 0.0000, 0.0000, 0.0000, 0.0000]])
tensor([[0.6901, 1.0000, 0.0000, 0.0000, 0.0000, 0.0000]])
tensor([[0.7075, 1.0000, 0.0000, 0.0000, 0.0000, 0.0000]])
tensor([[0.9937, 1.0000, 0.0000, 0.0000, 0.0000, 0.0000]])
tensor([[0.9697, 1.0000, 0.0000, 0.0000, 0.0000, 0.0000]])
tensor([[0.6980, 1.0000, 0.0000, 0.0000, 0.0000, 0.0000]])
tensor([[0.8952, 1.0000, 0.0000, 0.0000, 0.0000, 0.0000]])
tensor([[0.9542, 1.0000, 0.0000, 0.0000, 0.0000, 0.0000]])
tensor([[0.9652, 0.0000, 0.0000, 0.0000, 0.0000, 0.0000]])
tensor([[0.9788, 1.0000, 0.0000, 0.0000, 0.0000, 0.0000]])
tensor([[0.9644, 1.0000, 0.0000, 0.0000, 0.0000, 0.0000]])
tensor([[0.9314, 1.0000, 0.0000, 0.0000, 0.0000, 0.0000]])
tensor([[0.9536, 1.0000, 0.0000, 0.0000, 0.0000, 0.0000]])
tensor([[0.9904, 1.0000, 0.0000, 0.0000, 0.0000, 0.0000]])
tensor([[0.9710, 1.0000, 0.0000, 0.0000, 0.0000, 0.0000]])
tensor([[0.9212, 1.0000, 0.0000, 0.0000, 0.0000, 0.0000]])
tensor([[0.9907, 1.0000, 0.0000, 0.0000, 0.0000, 0.0000]])
tensor([[0.9923, 1.0000, 0.0000, 0.0000, 0.0000, 0.0000]])
tensor([[0.9842, 1.0000, 0.0000, 0.0000, 0.0000, 0.0000]])
tensor([[0.5774, 1.0000, 0.0000, 0.0000, 0.0000, 0.0000]])
tensor([[-0.9970,  1.0000,  0.0000,  0.0000,  0.0000,  0.0000]])
tensor([[-0.9982,  1.0000,  0.0000,  0.0000,  0.0000,  0.0000]])
tensor([[-0.9794,  1.0000,  0.0000,  0.0000,  0.0000,  0.0000]])
tensor([[-0.9944,  1.0000,  0.0000,  0.0000,  0.0000,  0.0000]])
tensor([[-0.9948,  1.0000,  0.0000,  0.0000,  0.0000,  0.0000]])
tensor([[-0.9943,  1.0000,  0.0000,  0.0000,  0.0000,  0.0000]])
tensor([[-0.9705,  1.0000,  0.0000,  0.0000,  0.0000,  0.0000]])
tensor([[-0.9959,  1.0000,  0.0000,  0.0000,  0.0000,  0.0000]])
tensor([[-0.9924,  1.0000,  0.0000,  0.0000,  0.0000,  0.0000]])
tensor([[-0.9878,  0.0000,  0.0000,  0.0000,  0.0000,  0.0000]])
tensor([[-0.9969,  1.0000,  0.0000,  0.0000,  0.0000,  0.0000]])
tensor([[-0.9619,  1.0000,  0.0000,  0.0000,  0.0000,  0.0000]])
tensor([[-0.9912,  1.0000,  0.0000,  0.0000,  0.0000,  0.0000]])
tensor([[-0.9945,  1.0000,  0.0000,  0.0000,  0.0000,  0.0000]])
tensor([[0.0198, 1.0000, 0.0000, 0.0000, 0.0000, 0.0000]])
tensor([[0.9062, 1.0000, 0.0000, 0.0000, 0.0000, 0.0000]])
tensor([[0.9969, 1.0000, 0.0000, 0.0000, 0.0000, 0.0000]])
tensor([[0.9901, 1.0000, 0.0000, 0.0000, 0.0000, 0.0000]])
tensor([[0.9912, 1.0000, 0.0000, 0.0000, 0.0000, 0.0000]])
tensor([[0.9980, 1.0000, 0.0000, 0.0000, 0.0000, 0.0000]])
tensor([[0.8641, 1.0000, 0.0000, 0.0000, 0.0000, 0.0000]])
tensor([[0.9873, 1.0000, 0.0000, 0.0000, 0.0000, 0.0000]])
tensor([[0.9779, 1.0000, 0.0000, 0.0000, 0.0000, 0.0000]])
tensor([[0.9772, 1.0000, 0.0000, 0.0000, 0.0000, 0.0000]])
tensor([[0.9855, 1.0000, 0.0000, 0.0000, 0.0000, 0.0000]])
tensor([[0.9216, 1.0000, 0.0000, 0.0000, 0.0000, 0.0000]])
tensor([[-0.9299,  0.0000,  0.0000,  0.0000,  0.0000,  0.0000]])
tensor([[-0.9845,  0.0000,  0.0000,  0.0000,  0.0000,  0.0000]])
tensor([[-0.9934,  1.0000,  0.0000,  0.0000,  0.0000,  0.0000]])
tensor([[-0.9652,  1.0000,  0.0000,  0.0000,  0.0000,  0.0000]])
tensor([[-0.9405,  1.0000,  0.0000,  0.0000,  0.0000,  0.0000]])
tensor([[-0.9969,  1.0000,  0.0000,  0.0000,  0.0000,  0.0000]])
tensor([[-0.7107,  1.0000,  0.0000,  0.0000,  0.0000,  0.0000]])
tensor([[0.9576, 1.0000, 0.0000, 0.0000, 0.0000, 0.0000]])
tensor([[0.9873, 1.0000, 0.0000, 0.0000, 0.0000, 0.0000]])
tensor([[0.9589, 1.0000, 0.0000, 0.0000, 0.0000, 0.0000]])
tensor([[0.9889, 1.0000, 0.0000, 0.0000, 0.0000, 0.0000]])
tensor([[0.9705, 1.0000, 0.0000, 0.0000, 0.0000, 0.0000]])
tensor([[0.9947, 1.0000, 0.0000, 0.0000, 0.0000, 0.0000]])
tensor([[0.9956, 1.0000, 0.0000, 0.0000, 0.0000, 0.0000]])
tensor([[0.9898, 1.0000, 0.0000, 0.0000, 0.0000, 0.0000]])
tensor([[0.7447, 1.0000, 0.0000, 0.0000, 0.0000, 0.0000]])
tensor([[-0.5103,  1.0000,  0.0000,  0.0000,  0.0000,  0.0000]])
tensor([[-0.9154,  1.0000,  0.0000,  0.0000,  0.0000,  0.0000]])
tensor([[-0.9431,  1.0000,  0.0000,  0.0000,  0.0000,  0.0000]])
tensor([[-0.9874,  1.0000,  0.0000,  0.0000,  0.0000,  0.0000]])
tensor([[-0.9698,  1.0000,  0.0000,  0.0000,  0.0000,  0.0000]])
tensor([[-0.9991,  1.0000,  0.0000,  0.0000,  0.0000,  0.0000]])
tensor([[-0.9856,  1.0000,  0.0000,  0.0000,  0.0000,  0.0000]])
tensor([[-0.9854,  1.0000,  0.0000,  0.0000,  0.0000,  0.0000]])
tensor([[-0.9835,  1.0000,  1.0000,  0.0000,  0.0000,  0.0000]])
tensor([[-0.9905,  1.0000,  0.0000,  0.0000,  0.0000,  0.0000]])
tensor([[-0.5416,  1.0000,  0.0000,  0.0000,  0.0000,  0.0000]])
tensor([[0.0996, 1.0000, 0.0000, 0.0000, 0.0000, 0.0000]])
tensor([[0.9623, 1.0000, 0.0000, 0.0000, 0.0000, 0.0000]])
tensor([[0.9830, 1.0000, 0.0000, 0.0000, 0.0000, 0.0000]])
tensor([[0.5975, 1.0000, 0.0000, 0.0000, 0.0000, 0.0000]])
tensor([[-0.9752,  1.0000,  0.0000,  0.0000,  0.0000,  0.0000]])
tensor([[-0.9904,  1.0000,  0.0000,  0.0000,  0.0000,  0.0000]])
tensor([[-0.5972,  1.0000,  0.0000,  0.0000,  0.0000,  0.0000]])
tensor([[0.4668, 1.0000, 0.0000, 0.0000, 0.0000, 0.0000]])
tensor([[0.5832, 1.0000, 0.0000, 1.0000, 0.0000, 0.0000]])
tensor([[-0.9256,  1.0000,  0.0000,  0.0000,  0.0000,  0.0000]])
tensor([[-0.9647,  1.0000,  0.0000,  0.0000,  0.0000,  0.0000]])
tensor([[-0.9619,  1.0000,  0.0000,  0.0000,  0.0000,  0.0000]])
tensor([[-0.9999,  1.0000,  0.0000,  0.0000,  0.0000,  0.0000]])
tensor([[0.4572, 1.0000, 0.0000, 0.0000, 0.0000, 0.0000]])
tensor([[-9.4390e-04,  1.0000e+00,  0.0000e+00,  0.0000e+00,  0.0000e+00,
          0.0000e+00]])
tensor([[0.1317, 1.0000, 0.0000, 0.0000, 0.0000, 0.0000]])
tensor([[-0.9750,  1.0000,  0.0000,  0.0000,  0.0000,  0.0000]])
tensor([[-0.7708,  1.0000,  0.0000,  0.0000,  0.0000,  0.0000]])
tensor([[-0.9732,  1.0000,  0.0000,  0.0000,  0.0000,  0.0000]])
tensor([[-0.9946,  1.0000,  0.0000,  0.0000,  0.0000,  0.0000]])
tensor([[-0.9624,  1.0000,  0.0000,  0.0000,  0.0000,  0.0000]])
tensor([[-0.9968,  1.0000,  0.0000,  0.0000,  0.0000,  0.0000]])
tensor([[-0.9951,  1.0000,  0.0000,  0.0000,  0.0000,  0.0000]])
tensor([[-0.9052,  1.0000,  0.0000,  0.0000,  0.0000,  0.0000]])
tensor([[0.6247, 1.0000, 0.0000, 0.0000, 0.0000, 0.0000]])
tensor([[0.9847, 1.0000, 0.0000, 0.0000, 0.0000, 0.0000]])
tensor([[0.9970, 0.0000, 0.0000, 0.0000, 0.0000, 0.0000]])
tensor([[0.9894, 1.0000, 0.0000, 0.0000, 0.0000, 0.0000]])
tensor([[0.9868, 1.0000, 0.0000, 0.0000, 0.0000, 0.0000]])
tensor([[0.9957, 1.0000, 0.0000, 0.0000, 0.0000, 0.0000]])
tensor([[0.9907, 1.0000, 0.0000, 0.0000, 0.0000, 0.0000]])
tensor([[0.9873, 1.0000, 0.0000, 0.0000, 0.0000, 0.0000]])
tensor([[0.9831, 1.0000, 0.0000, 0.0000, 0.0000, 0.0000]])
tensor([[-0.0420,  1.0000,  0.0000,  0.0000,  0.0000,  0.0000]])
tensor([[-0.8278,  1.0000,  0.0000,  0.0000,  0.0000,  0.0000]])
tensor([[-0.9847,  1.0000,  0.0000,  0.0000,  0.0000,  0.0000]])
tensor([[-0.9753,  1.0000,  0.0000,  0.0000,  0.0000,  0.0000]])
tensor([[-0.9610,  1.0000,  0.0000,  0.0000,  0.0000,  0.0000]])
tensor([[-0.9814,  1.0000,  0.0000,  0.0000,  0.0000,  0.0000]])
tensor([[-0.9605,  1.0000,  0.0000,  0.0000,  0.0000,  0.0000]])
tensor([[-0.9978,  1.0000,  0.0000,  0.0000,  0.0000,  0.0000]])
tensor([[-0.9096,  1.0000,  0.0000,  0.0000,  0.0000,  0.0000]])
tensor([[0.5952, 1.0000, 0.0000, 0.0000, 0.0000, 0.0000]])
tensor([[0.9733, 1.0000, 0.0000, 0.0000, 0.0000, 0.0000]])
tensor([[0.9902, 1.0000, 0.0000, 0.0000, 0.0000, 0.0000]])
tensor([[0.9979, 1.0000, 0.0000, 0.0000, 0.0000, 0.0000]])
tensor([[0.9963, 1.0000, 0.0000, 0.0000, 0.0000, 0.0000]])
tensor([[0.9993, 1.0000, 0.0000, 0.0000, 0.0000, 0.0000]])
tensor([[0.9922, 1.0000, 0.0000, 0.0000, 0.0000, 0.0000]])
tensor([[0.9771, 1.0000, 0.0000, 0.0000, 0.0000, 0.0000]])
tensor([[0.9975, 1.0000, 0.0000, 0.0000, 0.0000, 0.0000]])
tensor([[0.9750, 1.0000, 0.0000, 0.0000, 0.0000, 0.0000]])
tensor([[0.9871, 1.0000, 0.0000, 0.0000, 0.0000, 0.0000]])
tensor([[0.9926, 1.0000, 0.0000, 0.0000, 0.0000, 0.0000]])
tensor([[0.9984, 1.0000, 0.0000, 0.0000, 0.0000, 0.0000]])
tensor([[0.9865, 1.0000, 0.0000, 0.0000, 0.0000, 0.0000]])
tensor([[0.9969, 1.0000, 0.0000, 0.0000, 0.0000, 0.0000]])
tensor([[0.9843, 1.0000, 0.0000, 0.0000, 0.0000, 0.0000]])
tensor([[0.9573, 1.0000, 0.0000, 0.0000, 0.0000, 0.0000]])
tensor([[-0.9532,  1.0000,  0.0000,  0.0000,  0.0000,  0.0000]])
tensor([[-0.9323,  1.0000,  0.0000,  0.0000,  0.0000,  0.0000]])
tensor([[-0.9231,  1.0000,  0.0000,  0.0000,  0.0000,  0.0000]])
tensor([[-0.9809,  1.0000,  0.0000,  0.0000,  0.0000,  0.0000]])
tensor([[-0.9757,  1.0000,  0.0000,  0.0000,  0.0000,  0.0000]])
tensor([[-0.9775,  1.0000,  0.0000,  0.0000,  0.0000,  0.0000]])
tensor([[-0.9242,  1.0000,  0.0000,  0.0000,  0.0000,  0.0000]])
tensor([[-0.9926,  1.0000,  0.0000,  0.0000,  0.0000,  0.0000]])
tensor([[-0.9890,  0.0000,  0.0000,  0.0000,  0.0000,  0.0000]])
tensor([[-0.9927,  0.0000,  0.0000,  0.0000,  0.0000,  0.0000]])
tensor([[-0.8111,  1.0000,  0.0000,  0.0000,  0.0000,  0.0000]])
tensor([[0.8833, 1.0000, 0.0000, 0.0000, 0.0000, 0.0000]])
tensor([[0.9949, 1.0000, 0.0000, 0.0000, 0.0000, 0.0000]])
tensor([[0.9998, 1.0000, 0.0000, 0.0000, 0.0000, 0.0000]])
tensor([[0.9976, 1.0000, 0.0000, 0.0000, 0.0000, 0.0000]])
tensor([[0.9994, 1.0000, 0.0000, 0.0000, 0.0000, 0.0000]])
tensor([[0.9975, 1.0000, 0.0000, 0.0000, 0.0000, 0.0000]])
tensor([[0.9961, 1.0000, 0.0000, 0.0000, 0.0000, 0.0000]])
tensor([[0.9823, 1.0000, 0.0000, 0.0000, 0.0000, 0.0000]])
tensor([[0.9794, 1.0000, 0.0000, 0.0000, 0.0000, 0.0000]])
tensor([[0.9927, 1.0000, 0.0000, 0.0000, 0.0000, 0.0000]])
tensor([[0.9961, 1.0000, 0.0000, 0.0000, 0.0000, 0.0000]])
tensor([[0.9608, 1.0000, 0.0000, 0.0000, 0.0000, 0.0000]])
tensor([[0.9799, 1.0000, 0.0000, 0.0000, 0.0000, 0.0000]])
tensor([[0.9938, 1.0000, 0.0000, 0.0000, 0.0000, 0.0000]])
tensor([[0.9977, 1.0000, 0.0000, 0.0000, 0.0000, 0.0000]])
tensor([[0.9918, 1.0000, 0.0000, 0.0000, 0.0000, 0.0000]])
tensor([[0.9469, 1.0000, 0.0000, 0.0000, 0.0000, 0.0000]])
tensor([[-0.9894,  1.0000,  0.0000,  0.0000,  0.0000,  0.0000]])
tensor([[-0.9917,  1.0000,  0.0000,  0.0000,  0.0000,  0.0000]])
tensor([[-0.9956,  1.0000,  0.0000,  0.0000,  0.0000,  0.0000]])
tensor([[-0.9911,  1.0000,  0.0000,  0.0000,  0.0000,  0.0000]])
tensor([[-0.9979,  1.0000,  0.0000,  0.0000,  0.0000,  0.0000]])
tensor([[-0.9758,  1.0000,  0.0000,  0.0000,  0.0000,  0.0000]])
tensor([[-0.9972,  1.0000,  0.0000,  0.0000,  0.0000,  0.0000]])
tensor([[-0.9972,  1.0000,  0.0000,  0.0000,  0.0000,  0.0000]])
tensor([[-0.9700,  0.0000,  0.0000,  0.0000,  0.0000,  0.0000]])
tensor([[-0.9650,  1.0000,  0.0000,  0.0000,  0.0000,  0.0000]])
tensor([[0.5761, 1.0000, 0.0000, 0.0000, 0.0000, 0.0000]])
tensor([[0.6227, 1.0000, 0.0000, 0.0000, 0.0000, 0.0000]])
tensor([[0.9976, 1.0000, 0.0000, 0.0000, 0.0000, 0.0000]])
tensor([[0.9968, 0.0000, 0.0000, 0.0000, 0.0000, 0.0000]])
tensor([[0.9954, 0.0000, 0.0000, 0.0000, 0.0000, 0.0000]])
tensor([[0.9860, 1.0000, 0.0000, 0.0000, 0.0000, 0.0000]])
tensor([[0.9830, 1.0000, 0.0000, 0.0000, 0.0000, 0.0000]])
tensor([[0.9872, 1.0000, 0.0000, 0.0000, 0.0000, 0.0000]])
tensor([[0.9963, 1.0000, 0.0000, 0.0000, 0.0000, 0.0000]])
tensor([[0.9819, 1.0000, 0.0000, 0.0000, 0.0000, 0.0000]])
tensor([[0.9815, 1.0000, 0.0000, 0.0000, 0.0000, 0.0000]])
tensor([[0.9859, 1.0000, 0.0000, 0.0000, 0.0000, 0.0000]])
tensor([[0.9925, 1.0000, 0.0000, 0.0000, 0.0000, 0.0000]])
tensor([[0.9699, 1.0000, 0.0000, 0.0000, 0.0000, 0.0000]])
tensor([[0.3274, 1.0000, 0.0000, 0.0000, 0.0000, 0.0000]])
tensor([[-0.9925,  1.0000,  0.0000,  0.0000,  0.0000,  0.0000]])
tensor([[-0.9375,  1.0000,  0.0000,  0.0000,  0.0000,  0.0000]])
tensor([[-0.9842,  1.0000,  0.0000,  0.0000,  0.0000,  0.0000]])
tensor([[-0.9827,  1.0000,  0.0000,  0.0000,  0.0000,  0.0000]])
tensor([[-0.9960,  1.0000,  0.0000,  0.0000,  0.0000,  0.0000]])
tensor([[-0.9981,  1.0000,  0.0000,  0.0000,  0.0000,  0.0000]])
tensor([[-0.9159,  1.0000,  0.0000,  0.0000,  0.0000,  0.0000]])
tensor([[-0.9636,  1.0000,  0.0000,  0.0000,  0.0000,  0.0000]])
tensor([[-0.9757,  1.0000,  0.0000,  0.0000,  0.0000,  0.0000]])
tensor([[-0.9252,  1.0000,  0.0000,  0.0000,  0.0000,  0.0000]])
tensor([[0.9689, 1.0000, 0.0000, 0.0000, 0.0000, 0.0000]])
tensor([[0.9992, 1.0000, 0.0000, 0.0000, 0.0000, 0.0000]])
tensor([[0.9917, 1.0000, 0.0000, 0.0000, 0.0000, 0.0000]])
tensor([[0.9857, 1.0000, 0.0000, 0.0000, 0.0000, 0.0000]])
tensor([[0.9942, 1.0000, 0.0000, 0.0000, 0.0000, 0.0000]])
tensor([[0.9902, 1.0000, 0.0000, 0.0000, 1.0000, 0.0000]])
tensor([[0.9846, 1.0000, 0.0000, 0.0000, 0.0000, 0.0000]])
tensor([[0.9958, 1.0000, 0.0000, 0.0000, 0.0000, 0.0000]])
tensor([[0.9985, 1.0000, 0.0000, 0.0000, 0.0000, 0.0000]])
tensor([[0.9984, 1.0000, 0.0000, 0.0000, 0.0000, 0.0000]])
tensor([[0.9960, 1.0000, 0.0000, 0.0000, 0.0000, 0.0000]])
tensor([[0.9948, 1.0000, 0.0000, 0.0000, 0.0000, 0.0000]])
tensor([[-0.5178,  1.0000,  0.0000,  0.0000,  0.0000,  0.0000]])
tensor([[-0.8545,  1.0000,  0.0000,  0.0000,  0.0000,  0.0000]])
tensor([[-0.9986,  1.0000,  0.0000,  0.0000,  0.0000,  0.0000]])
tensor([[-0.9688,  1.0000,  0.0000,  0.0000,  0.0000,  0.0000]])
tensor([[-0.9937,  1.0000,  0.0000,  0.0000,  0.0000,  0.0000]])
tensor([[-0.9966,  1.0000,  0.0000,  0.0000,  0.0000,  0.0000]])
tensor([[-0.9939,  1.0000,  0.0000,  0.0000,  0.0000,  0.0000]])
tensor([[0.9612, 1.0000, 0.0000, 0.0000, 0.0000, 0.0000]])
tensor([[0.9970, 1.0000, 0.0000, 0.0000, 0.0000, 0.0000]])
tensor([[0.9808, 1.0000, 0.0000, 0.0000, 0.0000, 0.0000]])
tensor([[0.8959, 1.0000, 0.0000, 0.0000, 0.0000, 0.0000]])
tensor([[-0.9990,  1.0000,  0.0000,  0.0000,  0.0000,  0.0000]])
tensor([[-0.9601,  1.0000,  0.0000,  0.0000,  0.0000,  0.0000]])
tensor([[-0.9876,  1.0000,  0.0000,  0.0000,  0.0000,  0.0000]])
tensor([[-0.7894,  1.0000,  0.0000,  0.0000,  0.0000,  0.0000]])
tensor([[-0.9748,  1.0000,  0.0000,  0.0000,  0.0000,  0.0000]])
tensor([[-0.9078,  1.0000,  0.0000,  0.0000,  0.0000,  0.0000]])
tensor([[-0.6941,  1.0000,  0.0000,  0.0000,  0.0000,  0.0000]])
tensor([[0.6871, 1.0000, 0.0000, 0.0000, 0.0000, 0.0000]])
tensor([[0.1827, 1.0000, 0.0000, 0.0000, 0.0000, 0.0000]])
tensor([[-0.4078,  1.0000,  0.0000,  0.0000,  0.0000,  0.0000]])
tensor([[0.4594, 1.0000, 0.0000, 0.0000, 0.0000, 0.0000]])
tensor([[0.1246, 1.0000, 0.0000, 0.0000, 0.0000, 0.0000]])
tensor([[0.4301, 1.0000, 0.0000, 0.0000, 0.0000, 0.0000]])
tensor([[0.7445, 1.0000, 0.0000, 0.0000, 0.0000, 0.0000]])
tensor([[0.4755, 1.0000, 0.0000, 0.0000, 0.0000, 0.0000]])
tensor([[0.8284, 1.0000, 0.0000, 0.0000, 0.0000, 0.0000]])
tensor([[0.4356, 1.0000, 0.0000, 0.0000, 0.0000, 0.0000]])
tensor([[0.9691, 0.0000, 0.0000, 0.0000, 0.0000, 0.0000]])
tensor([[0.6739, 1.0000, 0.0000, 0.0000, 0.0000, 0.0000]])
tensor([[-0.9408,  1.0000,  0.0000,  0.0000,  0.0000,  0.0000]])
tensor([[-0.9945,  1.0000,  0.0000,  0.0000,  0.0000,  0.0000]])
tensor([[-0.9793,  1.0000,  0.0000,  0.0000,  0.0000,  0.0000]])
tensor([[-0.9194,  1.0000,  0.0000,  0.0000,  0.0000,  0.0000]])
tensor([[-0.9845,  1.0000,  0.0000,  0.0000,  0.0000,  0.0000]])
tensor([[-0.9971,  1.0000,  0.0000,  0.0000,  0.0000,  0.0000]])
tensor([[-0.9693,  1.0000,  0.0000,  0.0000,  0.0000,  0.0000]])
tensor([[0.9671, 1.0000, 0.0000, 0.0000, 0.0000, 0.0000]])
tensor([[0.0235, 1.0000, 0.0000, 0.0000, 0.0000, 0.0000]])
tensor([[0.9910, 1.0000, 0.0000, 0.0000, 0.0000, 0.0000]])
tensor([[0.6774, 1.0000, 0.0000, 0.0000, 0.0000, 0.0000]])
tensor([[0.7450, 1.0000, 0.0000, 0.0000, 0.0000, 0.0000]])
tensor([[0.7673, 1.0000, 0.0000, 0.0000, 0.0000, 0.0000]])
tensor([[-0.5173,  1.0000,  0.0000,  0.0000,  0.0000,  0.0000]])
tensor([[-0.5087,  1.0000,  0.0000,  0.0000,  0.0000,  0.0000]])
tensor([[-0.6921,  1.0000,  0.0000,  0.0000,  0.0000,  0.0000]])
tensor([[-0.8096,  1.0000,  0.0000,  0.0000,  0.0000,  0.0000]])
tensor([[0.0015, 1.0000, 0.0000, 0.0000, 0.0000, 0.0000]])
tensor([[-0.7614,  1.0000,  0.0000,  0.0000,  0.0000,  0.0000]])
tensor([[-0.9267,  1.0000,  0.0000,  0.0000,  0.0000,  0.0000]])
tensor([[-0.6821,  1.0000,  0.0000,  0.0000,  0.0000,  0.0000]])
tensor([[-0.9639,  1.0000,  0.0000,  0.0000,  0.0000,  0.0000]])
tensor([[-0.9432,  1.0000,  0.0000,  0.0000,  0.0000,  0.0000]])
tensor([[-0.5802,  1.0000,  1.0000,  0.0000,  0.0000,  0.0000]])
tensor([[-0.6841,  1.0000,  0.0000,  0.0000,  0.0000,  0.0000]])
tensor([[0.9794, 0.0000, 0.0000, 0.0000, 0.0000, 0.0000]])
tensor([[0.0998, 1.0000, 0.0000, 0.0000, 0.0000, 0.0000]])
tensor([[0.9847, 1.0000, 0.0000, 0.0000, 0.0000, 0.0000]])
tensor([[0.9916, 1.0000, 0.0000, 0.0000, 0.0000, 0.0000]])
tensor([[0.9936, 1.0000, 0.0000, 0.0000, 0.0000, 0.0000]])
tensor([[0.9965, 1.0000, 0.0000, 0.0000, 0.0000, 0.0000]])
tensor([[0.9965, 1.0000, 0.0000, 0.0000, 0.0000, 0.0000]])
tensor([[0.9961, 1.0000, 0.0000, 0.0000, 0.0000, 0.0000]])
tensor([[0.9949, 1.0000, 0.0000, 0.0000, 0.0000, 0.0000]])
tensor([[0.9545, 1.0000, 0.0000, 0.0000, 0.0000, 0.0000]])
tensor([[0.0971, 1.0000, 0.0000, 0.0000, 0.0000, 0.0000]])
tensor([[-0.9345,  1.0000,  0.0000,  0.0000,  0.0000,  0.0000]])
tensor([[-0.9901,  1.0000,  0.0000,  0.0000,  0.0000,  0.0000]])
tensor([[-0.9981,  1.0000,  0.0000,  0.0000,  0.0000,  0.0000]])
tensor([[-0.9974,  1.0000,  0.0000,  0.0000,  0.0000,  0.0000]])
tensor([[-0.9851,  1.0000,  0.0000,  0.0000,  0.0000,  0.0000]])
tensor([[-0.9512,  1.0000,  0.0000,  0.0000,  0.0000,  0.0000]])
tensor([[-0.9984,  1.0000,  0.0000,  0.0000,  0.0000,  0.0000]])
tensor([[-0.9905,  1.0000,  0.0000,  0.0000,  0.0000,  0.0000]])
tensor([[-0.9880,  1.0000,  0.0000,  0.0000,  0.0000,  0.0000]])
tensor([[-0.9972,  1.0000,  0.0000,  0.0000,  0.0000,  0.0000]])
tensor([[-0.9823,  1.0000,  0.0000,  0.0000,  0.0000,  0.0000]])
tensor([[-0.9082,  1.0000,  0.0000,  0.0000,  0.0000,  0.0000]])
tensor([[0.5553, 1.0000, 0.0000, 0.0000, 0.0000, 0.0000]])
tensor([[0.9251, 1.0000, 0.0000, 0.0000, 0.0000, 0.0000]])
tensor([[0.9408, 1.0000, 0.0000, 0.0000, 0.0000, 0.0000]])
tensor([[0.9850, 1.0000, 0.0000, 0.0000, 0.0000, 0.0000]])
tensor([[0.9867, 1.0000, 0.0000, 0.0000, 0.0000, 0.0000]])
tensor([[0.7875, 1.0000, 0.0000, 0.0000, 0.0000, 0.0000]])
tensor([[0.7283, 1.0000, 0.0000, 0.0000, 0.0000, 0.0000]])
tensor([[-0.4439,  1.0000,  0.0000,  0.0000,  0.0000,  0.0000]])
tensor([[-0.8315,  1.0000,  0.0000,  0.0000,  0.0000,  0.0000]])
tensor([[-0.8998,  1.0000,  0.0000,  0.0000,  0.0000,  0.0000]])
tensor([[-0.9741,  0.0000,  0.0000,  0.0000,  0.0000,  0.0000]])
tensor([[0.6684, 1.0000, 0.0000, 0.0000, 0.0000, 0.0000]])
tensor([[0.9868, 1.0000, 0.0000, 0.0000, 0.0000, 0.0000]])
tensor([[0.9913, 1.0000, 0.0000, 0.0000, 0.0000, 0.0000]])
tensor([[0.9752, 1.0000, 0.0000, 0.0000, 0.0000, 0.0000]])
tensor([[0.8052, 1.0000, 0.0000, 0.0000, 0.0000, 0.0000]])
tensor([[-0.9407,  1.0000,  0.0000,  0.0000,  0.0000,  0.0000]])
tensor([[-0.9791,  0.0000,  0.0000,  0.0000,  0.0000,  0.0000]])
tensor([[-0.9792,  1.0000,  0.0000,  0.0000,  0.0000,  0.0000]])
tensor([[-0.8671,  1.0000,  0.0000,  0.0000,  0.0000,  0.0000]])
tensor([[-0.0173,  1.0000,  0.0000,  0.0000,  0.0000,  0.0000]])
tensor([[0.9227, 1.0000, 0.0000, 0.0000, 0.0000, 0.0000]])
tensor([[0.9962, 1.0000, 0.0000, 0.0000, 0.0000, 0.0000]])
tensor([[0.9815, 1.0000, 0.0000, 0.0000, 0.0000, 0.0000]])
tensor([[0.9950, 1.0000, 0.0000, 0.0000, 0.0000, 0.0000]])
tensor([[0.9876, 1.0000, 0.0000, 0.0000, 0.0000, 0.0000]])
tensor([[0.3404, 0.0000, 0.0000, 0.0000, 0.0000, 0.0000]])
tensor([[-0.8181,  1.0000,  0.0000,  0.0000,  0.0000,  0.0000]])
tensor([[-0.6987,  1.0000,  0.0000,  0.0000,  0.0000,  0.0000]])
tensor([[-0.8200,  1.0000,  0.0000,  0.0000,  0.0000,  0.0000]])
tensor([[0.6223, 1.0000, 0.0000, 0.0000, 0.0000, 0.0000]])
tensor([[0.9892, 1.0000, 0.0000, 0.0000, 0.0000, 0.0000]])
tensor([[0.9759, 1.0000, 0.0000, 0.0000, 0.0000, 0.0000]])
tensor([[0.9866, 1.0000, 0.0000, 0.0000, 0.0000, 0.0000]])
tensor([[0.8891, 0.0000, 0.0000, 0.0000, 0.0000, 0.0000]])
tensor([[0.7078, 1.0000, 0.0000, 0.0000, 0.0000, 0.0000]])
tensor([[0.9096, 1.0000, 0.0000, 0.0000, 0.0000, 0.0000]])
tensor([[-0.9457,  1.0000,  0.0000,  0.0000,  0.0000,  0.0000]])
tensor([[-0.9980,  1.0000,  0.0000,  0.0000,  0.0000,  0.0000]])
tensor([[-0.9843,  1.0000,  0.0000,  0.0000,  0.0000,  0.0000]])
tensor([[-0.9824,  1.0000,  0.0000,  0.0000,  0.0000,  0.0000]])
tensor([[0.1311, 1.0000, 0.0000, 0.0000, 0.0000, 0.0000]])
tensor([[0.9146, 1.0000, 0.0000, 0.0000, 0.0000, 0.0000]])
tensor([[0.9866, 1.0000, 0.0000, 0.0000, 0.0000, 0.0000]])
tensor([[0.9805, 1.0000, 0.0000, 0.0000, 0.0000, 0.0000]])
tensor([[0.9970, 1.0000, 0.0000, 0.0000, 0.0000, 0.0000]])
tensor([[0.9968, 1.0000, 0.0000, 0.0000, 0.0000, 0.0000]])
tensor([[0.9941, 1.0000, 0.0000, 0.0000, 0.0000, 0.0000]])
tensor([[0.9730, 1.0000, 0.0000, 0.0000, 0.0000, 0.0000]])
tensor([[0.9904, 1.0000, 0.0000, 0.0000, 0.0000, 0.0000]])
tensor([[0.9689, 1.0000, 0.0000, 0.0000, 0.0000, 0.0000]])
tensor([[0.9653, 1.0000, 0.0000, 0.0000, 0.0000, 0.0000]])
tensor([[0.3974, 1.0000, 0.0000, 0.0000, 0.0000, 0.0000]])
tensor([[-0.8974,  1.0000,  0.0000,  0.0000,  0.0000,  0.0000]])
tensor([[-0.9927,  1.0000,  0.0000,  0.0000,  0.0000,  0.0000]])
tensor([[-0.9538,  1.0000,  0.0000,  0.0000,  0.0000,  0.0000]])
tensor([[-0.9438,  1.0000,  0.0000,  0.0000,  0.0000,  0.0000]])
tensor([[-0.9272,  1.0000,  0.0000,  0.0000,  0.0000,  0.0000]])
tensor([[-0.8604,  1.0000,  0.0000,  0.0000,  0.0000,  0.0000]])
tensor([[-0.7240,  1.0000,  0.0000,  0.0000,  0.0000,  0.0000]])
tensor([[0.9790, 1.0000, 0.0000, 0.0000, 0.0000, 0.0000]])
tensor([[0.9774, 1.0000, 0.0000, 0.0000, 0.0000, 0.0000]])
tensor([[0.9783, 1.0000, 0.0000, 0.0000, 0.0000, 0.0000]])
tensor([[0.9957, 1.0000, 0.0000, 0.0000, 0.0000, 0.0000]])
tensor([[0.9964, 1.0000, 0.0000, 0.0000, 0.0000, 0.0000]])
tensor([[0.9933, 1.0000, 0.0000, 0.0000, 0.0000, 0.0000]])
tensor([[0.9395, 1.0000, 0.0000, 0.0000, 0.0000, 0.0000]])
tensor([[0.9939, 1.0000, 0.0000, 0.0000, 0.0000, 0.0000]])
tensor([[0.9878, 1.0000, 0.0000, 0.0000, 0.0000, 0.0000]])
tensor([[0.9903, 1.0000, 0.0000, 0.0000, 0.0000, 0.0000]])
tensor([[0.9343, 1.0000, 0.0000, 0.0000, 0.0000, 0.0000]])
tensor([[0.9442, 1.0000, 0.0000, 0.0000, 0.0000, 0.0000]])
tensor([[-0.7985,  1.0000,  0.0000,  0.0000,  0.0000,  0.0000]])
tensor([[-0.9603,  1.0000,  0.0000,  0.0000,  0.0000,  0.0000]])
tensor([[-0.9732,  1.0000,  0.0000,  0.0000,  0.0000,  0.0000]])
tensor([[-0.8210,  1.0000,  0.0000,  0.0000,  0.0000,  0.0000]])
tensor([[-0.9647,  1.0000,  0.0000,  0.0000,  0.0000,  0.0000]])
tensor([[-0.9286,  1.0000,  0.0000,  0.0000,  0.0000,  0.0000]])
tensor([[-0.9898,  1.0000,  0.0000,  0.0000,  0.0000,  0.0000]])
tensor([[0.2682, 1.0000, 0.0000, 0.0000, 0.0000, 0.0000]])
tensor([[-0.9459,  1.0000,  0.0000,  0.0000,  0.0000,  0.0000]])
tensor([[-0.9776,  1.0000,  0.0000,  0.0000,  0.0000,  0.0000]])
tensor([[-0.9653,  1.0000,  0.0000,  0.0000,  0.0000,  0.0000]])
tensor([[-0.9852,  1.0000,  0.0000,  0.0000,  0.0000,  0.0000]])
tensor([[-0.9575,  1.0000,  0.0000,  0.0000,  0.0000,  0.0000]])
tensor([[-0.9930,  1.0000,  0.0000,  0.0000,  0.0000,  0.0000]])
tensor([[-0.9553,  1.0000,  0.0000,  0.0000,  0.0000,  0.0000]])
tensor([[0.9383, 1.0000, 0.0000, 0.0000, 0.0000, 0.0000]])
tensor([[0.8152, 1.0000, 0.0000, 0.0000, 0.0000, 0.0000]])
tensor([[0.9730, 1.0000, 0.0000, 0.0000, 0.0000, 0.0000]])
tensor([[0.9477, 1.0000, 0.0000, 0.0000, 0.0000, 0.0000]])
tensor([[0.7704, 1.0000, 0.0000, 0.0000, 0.0000, 0.0000]])
tensor([[-0.9836,  0.0000,  0.0000,  0.0000,  0.0000,  0.0000]])
tensor([[-0.9952,  1.0000,  0.0000,  0.0000,  0.0000,  0.0000]])
tensor([[-0.9923,  1.0000,  0.0000,  0.0000,  0.0000,  0.0000]])
tensor([[-0.9952,  1.0000,  0.0000,  0.0000,  0.0000,  0.0000]])
tensor([[-0.9858,  1.0000,  0.0000,  0.0000,  0.0000,  0.0000]])
tensor([[-0.9089,  1.0000,  0.0000,  0.0000,  0.0000,  0.0000]])
tensor([[0.3611, 0.0000, 0.0000, 0.0000, 0.0000, 0.0000]])
tensor([[0.9102, 1.0000, 0.0000, 0.0000, 0.0000, 0.0000]])
tensor([[0.9937, 1.0000, 0.0000, 0.0000, 0.0000, 0.0000]])
tensor([[0.9753, 1.0000, 0.0000, 0.0000, 0.0000, 0.0000]])
tensor([[0.9758, 1.0000, 0.0000, 0.0000, 0.0000, 0.0000]])
tensor([[0.9647, 1.0000, 0.0000, 0.0000, 0.0000, 0.0000]])
tensor([[0.9743, 1.0000, 0.0000, 1.0000, 0.0000, 0.0000]])
tensor([[0.9911, 1.0000, 0.0000, 0.0000, 0.0000, 0.0000]])
tensor([[0.9634, 1.0000, 0.0000, 0.0000, 0.0000, 0.0000]])
tensor([[0.6939, 1.0000, 0.0000, 0.0000, 0.0000, 0.0000]])
tensor([[-0.9559,  1.0000,  0.0000,  0.0000,  0.0000,  0.0000]])
tensor([[-0.9634,  1.0000,  0.0000,  1.0000,  0.0000,  0.0000]])
tensor([[-0.8488,  0.0000,  0.0000,  0.0000,  0.0000,  0.0000]])
tensor([[-0.9669,  1.0000,  0.0000,  0.0000,  0.0000,  0.0000]])
tensor([[-0.9049,  1.0000,  0.0000,  0.0000,  0.0000,  0.0000]])
tensor([[0.7113, 0.0000, 0.0000, 0.0000, 0.0000, 0.0000]])
tensor([[0.9738, 1.0000, 0.0000, 0.0000, 0.0000, 0.0000]])
tensor([[0.9904, 1.0000, 0.0000, 0.0000, 0.0000, 0.0000]])
tensor([[0.9982, 1.0000, 0.0000, 0.0000, 0.0000, 0.0000]])
tensor([[0.9957, 1.0000, 0.0000, 0.0000, 0.0000, 0.0000]])
tensor([[0.9873, 1.0000, 0.0000, 0.0000, 0.0000, 0.0000]])
tensor([[0.9946, 1.0000, 0.0000, 0.0000, 0.0000, 0.0000]])
tensor([[0.9976, 1.0000, 0.0000, 0.0000, 0.0000, 0.0000]])
tensor([[0.9573, 1.0000, 0.0000, 0.0000, 0.0000, 0.0000]])
tensor([[0.9304, 1.0000, 0.0000, 0.0000, 0.0000, 0.0000]])
tensor([[-0.0271,  1.0000,  0.0000,  1.0000,  0.0000,  0.0000]])
tensor([[-0.5436,  1.0000,  0.0000,  0.0000,  0.0000,  0.0000]])
tensor([[-0.7763,  0.0000,  0.0000,  0.0000,  0.0000,  0.0000]])
tensor([[0.3519, 1.0000, 0.0000, 0.0000, 0.0000, 0.0000]])
tensor([[-0.4393,  1.0000,  0.0000,  0.0000,  0.0000,  0.0000]])
tensor([[0.0313, 1.0000, 0.0000, 0.0000, 0.0000, 0.0000]])
tensor([[0.5899, 1.0000, 0.0000, 0.0000, 0.0000, 0.0000]])
tensor([[-0.1639,  1.0000,  0.0000,  0.0000,  0.0000,  0.0000]])
tensor([[-0.8560,  1.0000,  0.0000,  0.0000,  0.0000,  0.0000]])
tensor([[-0.2229,  0.0000,  0.0000,  0.0000,  0.0000,  0.0000]])
tensor([[0.9741, 1.0000, 0.0000, 0.0000, 0.0000, 0.0000]])
tensor([[0.5748, 1.0000, 0.0000, 0.0000, 0.0000, 0.0000]])
tensor([[-0.5475,  1.0000,  0.0000,  0.0000,  0.0000,  0.0000]])
tensor([[-0.5397,  1.0000,  0.0000,  0.0000,  0.0000,  0.0000]])
tensor([[0.0878, 1.0000, 0.0000, 0.0000, 0.0000, 0.0000]])
tensor([[0.7269, 1.0000, 0.0000, 0.0000, 0.0000, 0.0000]])
tensor([[-0.1685,  1.0000,  0.0000,  0.0000,  0.0000,  0.0000]])
tensor([[0.6787, 1.0000, 0.0000, 0.0000, 0.0000, 0.0000]])
tensor([[-0.4784,  1.0000,  0.0000,  0.0000,  0.0000,  0.0000]])
tensor([[-0.4842,  1.0000,  0.0000,  0.0000,  0.0000,  0.0000]])
tensor([[-0.9257,  1.0000,  0.0000,  0.0000,  0.0000,  0.0000]])
tensor([[0.7717, 1.0000, 0.0000, 0.0000, 0.0000, 0.0000]])
tensor([[0.9058, 1.0000, 0.0000, 0.0000, 0.0000, 0.0000]])
tensor([[-0.9387,  1.0000,  0.0000,  0.0000,  0.0000,  0.0000]])
tensor([[-0.9013,  0.0000,  0.0000,  0.0000,  0.0000,  0.0000]])
tensor([[-0.5064,  0.0000,  0.0000,  0.0000,  0.0000,  0.0000]])
tensor([[0.3856, 1.0000, 0.0000, 0.0000, 0.0000, 0.0000]])
tensor([[0.0821, 1.0000, 0.0000, 0.0000, 0.0000, 0.0000]])
tensor([[-0.5038,  1.0000,  0.0000,  0.0000,  0.0000,  0.0000]])
tensor([[-0.0373,  1.0000,  0.0000,  0.0000,  0.0000,  0.0000]])
tensor([[-0.9402,  1.0000,  0.0000,  0.0000,  0.0000,  0.0000]])
tensor([[-0.8522,  1.0000,  0.0000,  0.0000,  0.0000,  0.0000]])
tensor([[-0.2135,  0.0000,  0.0000,  0.0000,  0.0000,  0.0000]])
tensor([[-0.9301,  1.0000,  0.0000,  0.0000,  0.0000,  0.0000]])
tensor([[-0.6838,  1.0000,  0.0000,  0.0000,  0.0000,  0.0000]])
tensor([[-0.9938,  1.0000,  0.0000,  0.0000,  0.0000,  0.0000]])
tensor([[-0.9492,  1.0000,  0.0000,  0.0000,  0.0000,  0.0000]])
tensor([[0.9225, 1.0000, 0.0000, 0.0000, 0.0000, 0.0000]])
tensor([[-0.0840,  0.0000,  0.0000,  1.0000,  0.0000,  0.0000]])
tensor([[0.9961, 1.0000, 0.0000, 0.0000, 0.0000, 0.0000]])
tensor([[0.9978, 1.0000, 0.0000, 0.0000, 0.0000, 0.0000]])
tensor([[0.9966, 1.0000, 0.0000, 0.0000, 0.0000, 0.0000]])
tensor([[0.9662, 1.0000, 0.0000, 0.0000, 0.0000, 0.0000]])
tensor([[0.9876, 1.0000, 0.0000, 0.0000, 0.0000, 0.0000]])
tensor([[0.2176, 1.0000, 0.0000, 0.0000, 0.0000, 0.0000]])
tensor([[-0.9384,  1.0000,  0.0000,  0.0000,  0.0000,  0.0000]])
tensor([[-0.9932,  0.0000,  0.0000,  0.0000,  0.0000,  0.0000]])
tensor([[-0.9974,  1.0000,  0.0000,  0.0000,  0.0000,  0.0000]])
tensor([[-0.9917,  1.0000,  0.0000,  0.0000,  0.0000,  0.0000]])
tensor([[-0.9695,  0.0000,  0.0000,  0.0000,  0.0000,  0.0000]])
tensor([[-0.7225,  1.0000,  0.0000,  0.0000,  0.0000,  0.0000]])
tensor([[-0.5335,  0.0000,  0.0000,  0.0000,  0.0000,  0.0000]])
tensor([[0.9675, 0.0000, 0.0000, 0.0000, 0.0000, 0.0000]])
tensor([[0.9844, 1.0000, 0.0000, 0.0000, 0.0000, 0.0000]])
tensor([[0.9847, 0.0000, 1.0000, 0.0000, 0.0000, 0.0000]])
tensor([[0.9412, 1.0000, 0.0000, 0.0000, 0.0000, 0.0000]])
tensor([[0.9376, 1.0000, 0.0000, 0.0000, 0.0000, 0.0000]])
tensor([[0.5983, 1.0000, 0.0000, 0.0000, 0.0000, 0.0000]])
tensor([[0.5757, 1.0000, 0.0000, 0.0000, 0.0000, 0.0000]])
tensor([[-0.6188,  1.0000,  0.0000,  0.0000,  0.0000,  0.0000]])
tensor([[-0.6946,  1.0000,  0.0000,  0.0000,  0.0000,  0.0000]])
tensor([[-0.8630,  1.0000,  0.0000,  0.0000,  0.0000,  0.0000]])
tensor([[0.7554, 1.0000, 0.0000, 0.0000, 0.0000, 0.0000]])
tensor([[0.8070, 1.0000, 0.0000, 0.0000, 0.0000, 0.0000]])
tensor([[-0.1814,  1.0000,  0.0000,  0.0000,  0.0000,  0.0000]])
tensor([[0.5190, 1.0000, 0.0000, 0.0000, 0.0000, 0.0000]])
tensor([[-0.7275,  1.0000,  0.0000,  0.0000,  0.0000,  0.0000]])
tensor([[-0.5923,  1.0000,  0.0000,  0.0000,  0.0000,  0.0000]])
tensor([[-0.3351,  1.0000,  0.0000,  0.0000,  0.0000,  0.0000]])
tensor([[0.5716, 1.0000, 0.0000, 0.0000, 0.0000, 0.0000]])
tensor([[0.3350, 1.0000, 0.0000, 0.0000, 0.0000, 0.0000]])
tensor([[0.6443, 1.0000, 0.0000, 0.0000, 0.0000, 0.0000]])
tensor([[0.5256, 1.0000, 0.0000, 0.0000, 0.0000, 0.0000]])
tensor([[-0.5001,  1.0000,  0.0000,  0.0000,  0.0000,  0.0000]])
tensor([[-0.5484,  1.0000,  0.0000,  0.0000,  0.0000,  0.0000]])
tensor([[-0.8672,  1.0000,  0.0000,  0.0000,  0.0000,  0.0000]])
tensor([[-0.7099,  1.0000,  0.0000,  0.0000,  0.0000,  0.0000]])
tensor([[0.3915, 1.0000, 0.0000, 0.0000, 0.0000, 0.0000]])
tensor([[0.8351, 1.0000, 0.0000, 0.0000, 0.0000, 0.0000]])
tensor([[0.9844, 1.0000, 0.0000, 0.0000, 0.0000, 0.0000]])
tensor([[0.9941, 1.0000, 0.0000, 0.0000, 0.0000, 0.0000]])
tensor([[0.9974, 1.0000, 0.0000, 0.0000, 0.0000, 0.0000]])
tensor([[0.9356, 1.0000, 0.0000, 0.0000, 0.0000, 0.0000]])
tensor([[0.9916, 1.0000, 0.0000, 0.0000, 0.0000, 0.0000]])
tensor([[0.9786, 1.0000, 0.0000, 0.0000, 0.0000, 0.0000]])
tensor([[0.7577, 1.0000, 0.0000, 0.0000, 0.0000, 0.0000]])
tensor([[-0.8490,  1.0000,  0.0000,  0.0000,  0.0000,  0.0000]])
tensor([[-0.9704,  1.0000,  0.0000,  0.0000,  0.0000,  0.0000]])
tensor([[-0.5442,  1.0000,  0.0000,  0.0000,  0.0000,  0.0000]])
tensor([[-0.7588,  1.0000,  0.0000,  0.0000,  0.0000,  0.0000]])
tensor([[-0.0585,  1.0000,  0.0000,  0.0000,  0.0000,  0.0000]])
tensor([[0.8898, 1.0000, 0.0000, 0.0000, 0.0000, 0.0000]])
tensor([[0.9352, 1.0000, 0.0000, 0.0000, 0.0000, 0.0000]])
tensor([[0.7337, 1.0000, 0.0000, 0.0000, 0.0000, 0.0000]])
tensor([[0.7272, 1.0000, 0.0000, 0.0000, 0.0000, 0.0000]])
tensor([[0.3972, 1.0000, 0.0000, 0.0000, 0.0000, 0.0000]])
tensor([[0.3260, 1.0000, 0.0000, 0.0000, 0.0000, 0.0000]])
tensor([[-0.1133,  1.0000,  0.0000,  0.0000,  0.0000,  0.0000]])
tensor([[-0.0489,  1.0000,  0.0000,  0.0000,  0.0000,  0.0000]])
tensor([[-0.1237,  1.0000,  0.0000,  0.0000,  0.0000,  0.0000]])
tensor([[-0.6193,  1.0000,  0.0000,  0.0000,  0.0000,  0.0000]])
tensor([[0.8899, 1.0000, 0.0000, 0.0000, 0.0000, 0.0000]])
tensor([[0.6896, 0.0000, 0.0000, 0.0000, 0.0000, 0.0000]])
tensor([[0.2326, 1.0000, 0.0000, 0.0000, 0.0000, 0.0000]])
tensor([[-0.1845,  1.0000,  0.0000,  0.0000,  0.0000,  0.0000]])
tensor([[-0.6458,  1.0000,  0.0000,  0.0000,  0.0000,  0.0000]])
tensor([[0.8043, 1.0000, 0.0000, 0.0000, 0.0000, 0.0000]])
tensor([[0.9427, 1.0000, 0.0000, 0.0000, 0.0000, 0.0000]])
tensor([[0.6814, 1.0000, 0.0000, 0.0000, 0.0000, 0.0000]])
tensor([[0.6719, 1.0000, 0.0000, 0.0000, 0.0000, 0.0000]])
tensor([[0.9192, 1.0000, 0.0000, 0.0000, 0.0000, 0.0000]])
tensor([[0.5914, 1.0000, 0.0000, 0.0000, 0.0000, 0.0000]])
tensor([[-0.5211,  1.0000,  0.0000,  0.0000,  0.0000,  0.0000]])
tensor([[-0.9465,  1.0000,  0.0000,  0.0000,  0.0000,  0.0000]])
tensor([[-0.9787,  1.0000,  0.0000,  0.0000,  0.0000,  0.0000]])
tensor([[-0.8067,  0.0000,  0.0000,  0.0000,  0.0000,  0.0000]])
tensor([[0.7932, 1.0000, 0.0000, 0.0000, 0.0000, 0.0000]])
tensor([[0.9208, 1.0000, 0.0000, 0.0000, 0.0000, 0.0000]])
tensor([[0.9977, 1.0000, 0.0000, 0.0000, 0.0000, 0.0000]])
tensor([[0.9459, 1.0000, 0.0000, 0.0000, 0.0000, 0.0000]])
tensor([[0.9881, 1.0000, 0.0000, 0.0000, 0.0000, 0.0000]])
tensor([[0.9976, 1.0000, 0.0000, 0.0000, 0.0000, 0.0000]])
tensor([[0.9888, 1.0000, 0.0000, 0.0000, 0.0000, 0.0000]])
tensor([[0.6510, 1.0000, 0.0000, 0.0000, 0.0000, 0.0000]])
tensor([[-0.9173,  1.0000,  0.0000,  0.0000,  0.0000,  0.0000]])
tensor([[-0.8803,  1.0000,  0.0000,  0.0000,  0.0000,  0.0000]])
tensor([[-0.9028,  1.0000,  0.0000,  0.0000,  0.0000,  0.0000]])
tensor([[-0.9704,  1.0000,  0.0000,  0.0000,  0.0000,  0.0000]])
tensor([[-0.9308,  1.0000,  0.0000,  0.0000,  0.0000,  0.0000]])
tensor([[-0.9784,  1.0000,  0.0000,  0.0000,  0.0000,  0.0000]])
tensor([[-0.8753,  1.0000,  0.0000,  0.0000,  0.0000,  0.0000]])
tensor([[-0.3424,  1.0000,  0.0000,  0.0000,  0.0000,  0.0000]])
tensor([[0.9819, 1.0000, 0.0000, 0.0000, 0.0000, 0.0000]])
tensor([[0.9968, 1.0000, 0.0000, 0.0000, 0.0000, 0.0000]])
tensor([[0.9962, 1.0000, 0.0000, 0.0000, 0.0000, 0.0000]])
tensor([[0.9934, 1.0000, 0.0000, 0.0000, 0.0000, 0.0000]])
tensor([[0.9940, 1.0000, 0.0000, 0.0000, 0.0000, 0.0000]])
tensor([[0.9911, 1.0000, 0.0000, 0.0000, 0.0000, 0.0000]])
tensor([[0.9975, 1.0000, 0.0000, 0.0000, 0.0000, 0.0000]])
tensor([[0.9929, 1.0000, 0.0000, 0.0000, 0.0000, 0.0000]])
tensor([[0.9893, 1.0000, 0.0000, 0.0000, 0.0000, 0.0000]])
tensor([[0.9235, 1.0000, 0.0000, 0.0000, 0.0000, 0.0000]])
tensor([[-0.1595,  1.0000,  0.0000,  0.0000,  0.0000,  0.0000]])
tensor([[-0.8798,  1.0000,  0.0000,  0.0000,  0.0000,  0.0000]])
tensor([[-0.9361,  1.0000,  0.0000,  0.0000,  0.0000,  0.0000]])
tensor([[-0.9925,  1.0000,  0.0000,  0.0000,  0.0000,  0.0000]])
tensor([[-0.9950,  1.0000,  0.0000,  0.0000,  0.0000,  0.0000]])
tensor([[-0.9500,  1.0000,  0.0000,  0.0000,  0.0000,  0.0000]])
tensor([[-0.7550,  1.0000,  0.0000,  0.0000,  0.0000,  0.0000]])
tensor([[-0.9794,  1.0000,  0.0000,  0.0000,  0.0000,  0.0000]])
tensor([[-0.9685,  1.0000,  0.0000,  0.0000,  0.0000,  0.0000]])
tensor([[-0.8909,  1.0000,  0.0000,  0.0000,  0.0000,  0.0000]])
tensor([[0.9174, 1.0000, 0.0000, 0.0000, 0.0000, 0.0000]])
tensor([[0.9158, 1.0000, 0.0000, 0.0000, 0.0000, 0.0000]])
tensor([[0.9975, 0.0000, 0.0000, 0.0000, 0.0000, 0.0000]])
tensor([[0.9971, 1.0000, 0.0000, 0.0000, 0.0000, 0.0000]])
tensor([[0.9975, 1.0000, 0.0000, 0.0000, 0.0000, 0.0000]])
tensor([[0.9939, 1.0000, 0.0000, 0.0000, 0.0000, 0.0000]])
tensor([[0.9520, 1.0000, 0.0000, 0.0000, 0.0000, 0.0000]])
tensor([[0.9879, 1.0000, 0.0000, 0.0000, 0.0000, 0.0000]])
tensor([[0.9879, 1.0000, 0.0000, 0.0000, 0.0000, 0.0000]])
tensor([[0.7211, 1.0000, 0.0000, 0.0000, 0.0000, 0.0000]])
tensor([[-0.8973,  1.0000,  0.0000,  0.0000,  0.0000,  0.0000]])
tensor([[-0.9900,  1.0000,  0.0000,  0.0000,  0.0000,  0.0000]])
tensor([[-0.9963,  1.0000,  0.0000,  0.0000,  0.0000,  0.0000]])
tensor([[-0.8884,  1.0000,  0.0000,  0.0000,  0.0000,  0.0000]])
tensor([[-0.7694,  1.0000,  0.0000,  1.0000,  0.0000,  0.0000]])
tensor([[0.8731, 1.0000, 0.0000, 0.0000, 0.0000, 0.0000]])
tensor([[0.8771, 1.0000, 0.0000, 0.0000, 0.0000, 0.0000]])
tensor([[0.9878, 1.0000, 0.0000, 0.0000, 0.0000, 0.0000]])
tensor([[0.9893, 1.0000, 0.0000, 0.0000, 0.0000, 0.0000]])
tensor([[0.9879, 1.0000, 0.0000, 0.0000, 0.0000, 0.0000]])
tensor([[0.9840, 1.0000, 0.0000, 0.0000, 0.0000, 0.0000]])
tensor([[0.8120, 1.0000, 0.0000, 0.0000, 0.0000, 0.0000]])
tensor([[-0.7118,  1.0000,  0.0000,  0.0000,  0.0000,  0.0000]])
tensor([[-0.7984,  1.0000,  0.0000,  0.0000,  0.0000,  0.0000]])
tensor([[-0.9783,  1.0000,  0.0000,  0.0000,  0.0000,  0.0000]])
tensor([[-0.9938,  1.0000,  0.0000,  0.0000,  0.0000,  0.0000]])
tensor([[-0.9810,  0.0000,  0.0000,  0.0000,  0.0000,  0.0000]])
tensor([[-0.9861,  1.0000,  0.0000,  0.0000,  0.0000,  0.0000]])
tensor([[-0.8944,  1.0000,  0.0000,  0.0000,  0.0000,  0.0000]])
tensor([[-0.9880,  1.0000,  0.0000,  0.0000,  0.0000,  0.0000]])
tensor([[-0.9685,  1.0000,  0.0000,  0.0000,  0.0000,  0.0000]])
tensor([[-0.5386,  1.0000,  0.0000,  0.0000,  0.0000,  0.0000]])
tensor([[0.8839, 1.0000, 0.0000, 0.0000, 0.0000, 0.0000]])
tensor([[0.9875, 1.0000, 0.0000, 0.0000, 0.0000, 0.0000]])
tensor([[0.9967, 1.0000, 0.0000, 0.0000, 0.0000, 0.0000]])
tensor([[0.9973, 1.0000, 0.0000, 0.0000, 0.0000, 0.0000]])
tensor([[0.9873, 1.0000, 0.0000, 0.0000, 0.0000, 0.0000]])
tensor([[0.9878, 1.0000, 0.0000, 0.0000, 0.0000, 0.0000]])
tensor([[0.8374, 1.0000, 0.0000, 0.0000, 0.0000, 0.0000]])
tensor([[-0.5739,  1.0000,  0.0000,  0.0000,  0.0000,  0.0000]])
tensor([[-0.9967,  1.0000,  0.0000,  0.0000,  0.0000,  0.0000]])
tensor([[-0.9978,  1.0000,  0.0000,  0.0000,  0.0000,  0.0000]])
tensor([[-0.9979,  1.0000,  0.0000,  0.0000,  0.0000,  0.0000]])
tensor([[-0.9949,  1.0000,  0.0000,  0.0000,  0.0000,  0.0000]])
tensor([[-0.9375,  0.0000,  0.0000,  0.0000,  0.0000,  0.0000]])
tensor([[-0.9218,  1.0000,  0.0000,  0.0000,  0.0000,  0.0000]])
tensor([[0.8398, 1.0000, 0.0000, 0.0000, 0.0000, 0.0000]])
tensor([[-0.3447,  1.0000,  0.0000,  0.0000,  0.0000,  0.0000]])
tensor([[0.9423, 1.0000, 0.0000, 0.0000, 0.0000, 0.0000]])
tensor([[0.5572, 1.0000, 0.0000, 0.0000, 0.0000, 0.0000]])
tensor([[0.9434, 1.0000, 0.0000, 0.0000, 0.0000, 0.0000]])
tensor([[0.2203, 1.0000, 0.0000, 0.0000, 0.0000, 0.0000]])
tensor([[-0.4541,  1.0000,  0.0000,  0.0000,  0.0000,  0.0000]])
tensor([[-0.5062,  1.0000,  0.0000,  0.0000,  0.0000,  0.0000]])
tensor([[-0.4710,  1.0000,  0.0000,  0.0000,  0.0000,  0.0000]])
tensor([[-0.3354,  1.0000,  0.0000,  0.0000,  0.0000,  0.0000]])
tensor([[0.6591, 1.0000, 0.0000, 0.0000, 0.0000, 0.0000]])
tensor([[0.8994, 0.0000, 0.0000, 0.0000, 0.0000, 0.0000]])
tensor([[0.3614, 1.0000, 0.0000, 0.0000, 0.0000, 0.0000]])
tensor([[-0.9740,  1.0000,  0.0000,  0.0000,  0.0000,  0.0000]])
tensor([[-0.6220,  1.0000,  0.0000,  0.0000,  0.0000,  0.0000]])
tensor([[-0.3502,  1.0000,  0.0000,  0.0000,  0.0000,  0.0000]])
tensor([[0.8348, 1.0000, 0.0000, 0.0000, 0.0000, 0.0000]])
tensor([[0.9382, 1.0000, 0.0000, 0.0000, 0.0000, 0.0000]])
tensor([[0.9727, 1.0000, 0.0000, 0.0000, 0.0000, 0.0000]])
tensor([[0.9120, 1.0000, 0.0000, 0.0000, 0.0000, 0.0000]])
tensor([[0.8960, 1.0000, 0.0000, 0.0000, 0.0000, 0.0000]])
tensor([[0.8806, 1.0000, 0.0000, 0.0000, 0.0000, 0.0000]])
tensor([[-0.0541,  1.0000,  0.0000,  0.0000,  0.0000,  0.0000]])
tensor([[-0.8617,  1.0000,  0.0000,  0.0000,  0.0000,  0.0000]])
tensor([[-0.9948,  1.0000,  0.0000,  0.0000,  0.0000,  0.0000]])
tensor([[-0.9354,  1.0000,  0.0000,  0.0000,  0.0000,  0.0000]])
tensor([[-0.9583,  1.0000,  0.0000,  0.0000,  0.0000,  0.0000]])
tensor([[-0.9480,  1.0000,  0.0000,  0.0000,  0.0000,  0.0000]])
tensor([[-0.8864,  1.0000,  0.0000,  0.0000,  0.0000,  0.0000]])
tensor([[-0.9590,  1.0000,  0.0000,  0.0000,  0.0000,  0.0000]])
tensor([[-0.9938,  0.0000,  0.0000,  0.0000,  0.0000,  0.0000]])
tensor([[-0.9969,  1.0000,  0.0000,  0.0000,  0.0000,  0.0000]])
tensor([[-0.9839,  1.0000,  0.0000,  0.0000,  0.0000,  0.0000]])
tensor([[-0.9694,  0.0000,  0.0000,  0.0000,  0.0000,  0.0000]])
tensor([[-0.8333,  1.0000,  0.0000,  0.0000,  0.0000,  0.0000]])
tensor([[-0.6349,  1.0000,  0.0000,  0.0000,  0.0000,  0.0000]])
tensor([[-0.9090,  1.0000,  0.0000,  0.0000,  0.0000,  0.0000]])
tensor([[-0.9050,  1.0000,  0.0000,  0.0000,  0.0000,  0.0000]])
tensor([[-0.6346,  1.0000,  0.0000,  0.0000,  0.0000,  0.0000]])
tensor([[-0.9798,  0.0000,  0.0000,  0.0000,  0.0000,  0.0000]])
tensor([[-0.9979,  1.0000,  0.0000,  0.0000,  0.0000,  0.0000]])
tensor([[-0.9952,  0.0000,  0.0000,  0.0000,  0.0000,  0.0000]])
tensor([[-0.9522,  0.0000,  0.0000,  0.0000,  0.0000,  0.0000]])
tensor([[-0.6345,  1.0000,  0.0000,  0.0000,  0.0000,  0.0000]])
INFO:root:Agent 0 (TQCars): avg action time = 0.0017s
tensor([[-0.9677,  0.0000,  0.0000,  0.0000,  0.0000,  0.0000]])
tensor([[-0.9546,  1.0000,  0.0000,  0.0000,  0.0000,  0.0000]])
tensor([[0.9571, 1.0000, 0.0000, 0.0000, 0.0000, 0.0000]])
tensor([[0.0884, 0.0000, 0.0000, 0.0000, 0.0000, 0.0000]])
tensor([[-0.9552,  1.0000,  0.0000,  0.0000,  0.0000,  0.0000]])
tensor([[-0.9404,  1.0000,  0.0000,  0.0000,  0.0000,  0.0000]])
tensor([[-0.7995,  1.0000,  0.0000,  0.0000,  0.0000,  0.0000]])
tensor([[-0.1403,  0.0000,  0.0000,  0.0000,  0.0000,  0.0000]])
tensor([[-0.3623,  1.0000,  0.0000,  0.0000,  0.0000,  0.0000]])
tensor([[0.8679, 1.0000, 0.0000, 0.0000, 0.0000, 0.0000]])
tensor([[0.9795, 1.0000, 0.0000, 0.0000, 0.0000, 0.0000]])
tensor([[0.9739, 1.0000, 0.0000, 0.0000, 0.0000, 0.0000]])
tensor([[0.9930, 1.0000, 0.0000, 0.0000, 0.0000, 0.0000]])
tensor([[0.9941, 1.0000, 0.0000, 0.0000, 0.0000, 0.0000]])
tensor([[0.9929, 1.0000, 0.0000, 0.0000, 0.0000, 0.0000]])
tensor([[0.9937, 1.0000, 0.0000, 0.0000, 0.0000, 0.0000]])
tensor([[0.9881, 1.0000, 0.0000, 0.0000, 0.0000, 0.0000]])
tensor([[0.9934, 1.0000, 0.0000, 0.0000, 0.0000, 0.0000]])
tensor([[0.9976, 1.0000, 0.0000, 0.0000, 0.0000, 0.0000]])
tensor([[0.9965, 0.0000, 0.0000, 0.0000, 0.0000, 0.0000]])
tensor([[0.9824, 1.0000, 0.0000, 0.0000, 0.0000, 0.0000]])
tensor([[0.9305, 1.0000, 0.0000, 0.0000, 0.0000, 0.0000]])
tensor([[0.9548, 1.0000, 0.0000, 0.0000, 0.0000, 0.0000]])
tensor([[0.7945, 1.0000, 0.0000, 0.0000, 0.0000, 0.0000]])
tensor([[0.4781, 1.0000, 0.0000, 0.0000, 0.0000, 0.0000]])
tensor([[-0.9103,  1.0000,  1.0000,  0.0000,  0.0000,  0.0000]])
tensor([[-0.5698,  1.0000,  0.0000,  0.0000,  0.0000,  0.0000]])
tensor([[-0.9161,  1.0000,  0.0000,  0.0000,  0.0000,  0.0000]])
tensor([[-0.9958,  1.0000,  0.0000,  0.0000,  0.0000,  0.0000]])
tensor([[-0.9895,  1.0000,  0.0000,  0.0000,  0.0000,  0.0000]])
tensor([[-0.2130,  1.0000,  0.0000,  0.0000,  0.0000,  0.0000]])
tensor([[0.6447, 1.0000, 0.0000, 0.0000, 0.0000, 0.0000]])
tensor([[-0.4567,  1.0000,  0.0000,  0.0000,  0.0000,  0.0000]])
tensor([[-0.6883,  1.0000,  0.0000,  0.0000,  0.0000,  0.0000]])
tensor([[0.6959, 1.0000, 0.0000, 0.0000, 0.0000, 0.0000]])
tensor([[0.5548, 1.0000, 0.0000, 0.0000, 0.0000, 0.0000]])
tensor([[0.6189, 1.0000, 0.0000, 0.0000, 0.0000, 0.0000]])
tensor([[0.4284, 1.0000, 0.0000, 0.0000, 0.0000, 0.0000]])
tensor([[0.6698, 1.0000, 0.0000, 0.0000, 0.0000, 0.0000]])
tensor([[0.8087, 1.0000, 0.0000, 0.0000, 0.0000, 0.0000]])
tensor([[-0.2637,  1.0000,  0.0000,  0.0000,  0.0000,  0.0000]])
tensor([[-0.8504,  1.0000,  0.0000,  0.0000,  0.0000,  0.0000]])
tensor([[-0.9956,  1.0000,  0.0000,  0.0000,  0.0000,  0.0000]])
tensor([[-0.9986,  1.0000,  0.0000,  0.0000,  0.0000,  0.0000]])
tensor([[-0.9270,  1.0000,  0.0000,  0.0000,  0.0000,  0.0000]])
tensor([[-0.9246,  1.0000,  0.0000,  0.0000,  0.0000,  0.0000]])
tensor([[-0.9944,  1.0000,  0.0000,  0.0000,  0.0000,  0.0000]])
{"type": "results", "track": "cocoa_temple", "results": [{"key": 0, "reward": 10.1174560546875, "position": 4, "name": "TQCars", "avg_action_time": 0.0016671682577606185}]}
