INFO:root:Loading the agents
INFO:root:Loaded player TQCars
INFO:root:Creating pystk-1
INFO:root:Adding wrapper <function get_wrappers.<locals>.<lambda> at 0x7f6d320ef420>
INFO:root:Adding wrapper <function get_wrappers.<locals>.<lambda> at 0x7f6d320ef4c0>
INFO:root:Adding wrapper <function get_wrappers.<locals>.<lambda> at 0x7f6d320ef560>
INFO:root:Adding wrapper <function get_wrappers.<locals>.<lambda> at 0x7f6d320ef600>
INFO:root:(multi-env mono adapter) Setting main environment max_paths to 5
INFO:root:Loading trained model from CHECKPOINT-GPUFAC/tqc_EXP12_600000.pt...
INFO:root:Starting a race
tensor([[0.8904, 1.0000, 0.0000, 0.0000, 0.0000, 0.0000]])
tensor([[0.9823, 1.0000, 0.0000, 0.0000, 0.0000, 0.0000]])
tensor([[0.9584, 1.0000, 0.0000, 0.0000, 0.0000, 0.0000]])
tensor([[0.9906, 1.0000, 0.0000, 0.0000, 0.0000, 0.0000]])
tensor([[0.8553, 1.0000, 0.0000, 0.0000, 0.0000, 0.0000]])
tensor([[0.9770, 1.0000, 0.0000, 0.0000, 0.0000, 0.0000]])
tensor([[0.9790, 1.0000, 0.0000, 0.0000, 0.0000, 0.0000]])
tensor([[0.9722, 1.0000, 0.0000, 0.0000, 0.0000, 0.0000]])
tensor([[0.8968, 0.0000, 0.0000, 0.0000, 0.0000, 0.0000]])
tensor([[0.9765, 1.0000, 0.0000, 0.0000, 0.0000, 0.0000]])
tensor([[0.9803, 1.0000, 0.0000, 0.0000, 0.0000, 0.0000]])
tensor([[0.9822, 1.0000, 0.0000, 0.0000, 0.0000, 0.0000]])
tensor([[0.9621, 1.0000, 0.0000, 0.0000, 0.0000, 0.0000]])
tensor([[0.9907, 1.0000, 0.0000, 0.0000, 0.0000, 0.0000]])
tensor([[0.9916, 1.0000, 0.0000, 0.0000, 0.0000, 0.0000]])
tensor([[0.9864, 0.0000, 0.0000, 0.0000, 0.0000, 0.0000]])
tensor([[0.9409, 1.0000, 0.0000, 0.0000, 0.0000, 0.0000]])
tensor([[0.9869, 1.0000, 0.0000, 0.0000, 0.0000, 0.0000]])
tensor([[0.9840, 1.0000, 0.0000, 0.0000, 0.0000, 0.0000]])
tensor([[0.7827, 1.0000, 0.0000, 0.0000, 0.0000, 0.0000]])
tensor([[0.9822, 1.0000, 0.0000, 0.0000, 0.0000, 0.0000]])
tensor([[0.9794, 1.0000, 0.0000, 1.0000, 0.0000, 0.0000]])
tensor([[0.9925, 1.0000, 0.0000, 0.0000, 0.0000, 0.0000]])
tensor([[0.9781, 1.0000, 0.0000, 0.0000, 0.0000, 0.0000]])
tensor([[0.9775, 1.0000, 0.0000, 0.0000, 0.0000, 0.0000]])
tensor([[0.9958, 1.0000, 0.0000, 0.0000, 0.0000, 0.0000]])
tensor([[0.8611, 1.0000, 0.0000, 0.0000, 0.0000, 0.0000]])
tensor([[-0.9708,  1.0000,  0.0000,  0.0000,  0.0000,  0.0000]])
tensor([[-0.9890,  1.0000,  0.0000,  0.0000,  0.0000,  0.0000]])
tensor([[-0.9626,  1.0000,  0.0000,  0.0000,  0.0000,  0.0000]])
tensor([[-0.9782,  1.0000,  0.0000,  0.0000,  0.0000,  0.0000]])
tensor([[-0.7005,  1.0000,  0.0000,  0.0000,  0.0000,  0.0000]])
tensor([[-0.7112,  1.0000,  0.0000,  0.0000,  0.0000,  0.0000]])
tensor([[0.5425, 0.0000, 0.0000, 0.0000, 0.0000, 0.0000]])
tensor([[0.9423, 0.0000, 0.0000, 0.0000, 0.0000, 0.0000]])
tensor([[-0.9041,  1.0000,  0.0000,  0.0000,  0.0000,  0.0000]])
tensor([[-0.9815,  1.0000,  0.0000,  0.0000,  0.0000,  0.0000]])
tensor([[0.8344, 1.0000, 0.0000, 0.0000, 0.0000, 0.0000]])
tensor([[-0.9726,  1.0000,  0.0000,  0.0000,  0.0000,  0.0000]])
tensor([[-0.9755,  1.0000,  0.0000,  0.0000,  0.0000,  0.0000]])
tensor([[-0.9714,  1.0000,  0.0000,  0.0000,  0.0000,  0.0000]])
tensor([[0.9664, 1.0000, 0.0000, 0.0000, 0.0000, 0.0000]])
tensor([[0.9948, 1.0000, 0.0000, 0.0000, 0.0000, 0.0000]])
tensor([[0.9738, 1.0000, 0.0000, 0.0000, 0.0000, 0.0000]])
tensor([[-0.9820,  1.0000,  0.0000,  0.0000,  0.0000,  0.0000]])
tensor([[-0.9896,  0.0000,  0.0000,  0.0000,  0.0000,  0.0000]])
tensor([[-0.3156,  0.0000,  0.0000,  0.0000,  1.0000,  0.0000]])
tensor([[0.9933, 1.0000, 1.0000, 0.0000, 0.0000, 0.0000]])
tensor([[0.2193, 1.0000, 0.0000, 0.0000, 0.0000, 0.0000]])
tensor([[-0.8242,  0.0000,  0.0000,  0.0000,  0.0000,  0.0000]])
tensor([[0.8759, 0.0000, 0.0000, 0.0000, 0.0000, 0.0000]])
tensor([[-0.5203,  1.0000,  0.0000,  0.0000,  0.0000,  0.0000]])
tensor([[0.9986, 1.0000, 0.0000, 0.0000, 0.0000, 0.0000]])
tensor([[0.9383, 1.0000, 0.0000, 0.0000, 0.0000, 0.0000]])
tensor([[-0.9090,  1.0000,  0.0000,  0.0000,  0.0000,  0.0000]])
tensor([[-0.9967,  0.0000,  0.0000,  0.0000,  0.0000,  0.0000]])
tensor([[0.9833, 1.0000, 0.0000, 0.0000, 0.0000, 0.0000]])
tensor([[-0.0068,  1.0000,  0.0000,  0.0000,  0.0000,  0.0000]])
tensor([[-0.9337,  0.0000,  0.0000,  0.0000,  0.0000,  0.0000]])
tensor([[-0.6653,  1.0000,  0.0000,  0.0000,  0.0000,  0.0000]])
tensor([[0.9897, 0.0000, 0.0000, 0.0000, 0.0000, 0.0000]])
tensor([[0.2332, 1.0000, 0.0000, 0.0000, 0.0000, 0.0000]])
tensor([[-0.9864,  0.0000,  0.0000,  0.0000,  0.0000,  0.0000]])
tensor([[-0.9778,  0.0000,  0.0000,  0.0000,  0.0000,  0.0000]])
tensor([[0.7526, 1.0000, 0.0000, 0.0000, 0.0000, 0.0000]])
tensor([[0.6106, 1.0000, 0.0000, 0.0000, 0.0000, 0.0000]])
tensor([[0.7351, 1.0000, 0.0000, 0.0000, 0.0000, 0.0000]])
tensor([[-0.9920,  1.0000,  0.0000,  0.0000,  0.0000,  0.0000]])
tensor([[-0.2169,  1.0000,  0.0000,  0.0000,  0.0000,  0.0000]])
tensor([[0.6757, 1.0000, 0.0000, 0.0000, 0.0000, 0.0000]])
tensor([[-0.5387,  0.0000,  0.0000,  0.0000,  0.0000,  0.0000]])
tensor([[0.4268, 1.0000, 0.0000, 0.0000, 0.0000, 0.0000]])
tensor([[0.7287, 1.0000, 0.0000, 0.0000, 0.0000, 0.0000]])
tensor([[-0.8326,  1.0000,  0.0000,  0.0000,  0.0000,  0.0000]])
tensor([[-0.4546,  1.0000,  0.0000,  0.0000,  0.0000,  0.0000]])
tensor([[0.5329, 1.0000, 0.0000, 0.0000, 0.0000, 0.0000]])
tensor([[-0.3351,  1.0000,  0.0000,  0.0000,  0.0000,  0.0000]])
tensor([[-0.6938,  1.0000,  0.0000,  0.0000,  0.0000,  0.0000]])
tensor([[0.9742, 1.0000, 0.0000, 0.0000, 0.0000, 0.0000]])
tensor([[0.9878, 1.0000, 0.0000, 0.0000, 0.0000, 0.0000]])
tensor([[0.3497, 1.0000, 0.0000, 0.0000, 0.0000, 0.0000]])
tensor([[-0.9970,  1.0000,  0.0000,  0.0000,  0.0000,  0.0000]])
tensor([[-0.9806,  0.0000,  0.0000,  0.0000,  0.0000,  0.0000]])
tensor([[-0.0697,  1.0000,  0.0000,  0.0000,  0.0000,  0.0000]])
tensor([[0.4574, 0.0000, 0.0000, 0.0000, 0.0000, 0.0000]])
tensor([[-0.2841,  1.0000,  0.0000,  0.0000,  0.0000,  0.0000]])
tensor([[-0.9496,  1.0000,  0.0000,  0.0000,  0.0000,  0.0000]])
tensor([[0.9322, 1.0000, 0.0000, 0.0000, 0.0000, 0.0000]])
tensor([[0.9947, 1.0000, 0.0000, 0.0000, 0.0000, 0.0000]])
tensor([[0.6543, 1.0000, 0.0000, 0.0000, 0.0000, 0.0000]])
tensor([[-0.9974,  1.0000,  0.0000,  0.0000,  0.0000,  0.0000]])
tensor([[-0.9917,  0.0000,  0.0000,  0.0000,  0.0000,  0.0000]])
tensor([[-0.9954,  1.0000,  0.0000,  0.0000,  0.0000,  0.0000]])
tensor([[-0.9960,  1.0000,  0.0000,  0.0000,  0.0000,  0.0000]])
tensor([[-0.9969,  0.0000,  1.0000,  0.0000,  0.0000,  0.0000]])
tensor([[-0.9968,  1.0000,  0.0000,  0.0000,  0.0000,  0.0000]])
tensor([[-0.9911,  0.0000,  0.0000,  0.0000,  0.0000,  0.0000]])
tensor([[-0.9996,  0.0000,  0.0000,  0.0000,  0.0000,  0.0000]])
tensor([[-0.9922,  0.0000,  0.0000,  0.0000,  0.0000,  0.0000]])
tensor([[-0.9059,  1.0000,  0.0000,  0.0000,  0.0000,  0.0000]])
tensor([[-0.9951,  0.0000,  0.0000,  0.0000,  0.0000,  0.0000]])
tensor([[-0.9119,  0.0000,  0.0000,  0.0000,  0.0000,  0.0000]])
tensor([[0.7435, 0.0000, 0.0000, 0.0000, 0.0000, 0.0000]])
tensor([[0.3788, 1.0000, 0.0000, 0.0000, 0.0000, 0.0000]])
tensor([[-0.9989,  0.0000,  0.0000,  0.0000,  0.0000,  0.0000]])
tensor([[-0.8245,  1.0000,  0.0000,  0.0000,  0.0000,  0.0000]])
tensor([[0.6683, 1.0000, 0.0000, 0.0000, 0.0000, 0.0000]])
tensor([[0.9197, 1.0000, 0.0000, 0.0000, 0.0000, 0.0000]])
tensor([[-0.7929,  0.0000,  0.0000,  0.0000,  0.0000,  0.0000]])
tensor([[-0.5892,  0.0000,  0.0000,  0.0000,  0.0000,  0.0000]])
tensor([[0.5835, 1.0000, 0.0000, 0.0000, 0.0000, 0.0000]])
tensor([[0.9998, 1.0000, 0.0000, 0.0000, 0.0000, 0.0000]])
tensor([[0.9956, 1.0000, 0.0000, 0.0000, 0.0000, 0.0000]])
tensor([[0.9991, 1.0000, 0.0000, 0.0000, 0.0000, 0.0000]])
tensor([[0.9941, 1.0000, 0.0000, 0.0000, 0.0000, 0.0000]])
tensor([[0.9999, 1.0000, 0.0000, 0.0000, 0.0000, 0.0000]])
tensor([[0.7742, 1.0000, 0.0000, 0.0000, 0.0000, 0.0000]])
tensor([[0.9993, 1.0000, 0.0000, 0.0000, 0.0000, 0.0000]])
tensor([[0.9988, 1.0000, 0.0000, 0.0000, 0.0000, 0.0000]])
tensor([[0.9993, 1.0000, 0.0000, 0.0000, 0.0000, 0.0000]])
tensor([[0.9958, 1.0000, 0.0000, 0.0000, 0.0000, 0.0000]])
tensor([[0.9997, 1.0000, 0.0000, 0.0000, 0.0000, 0.0000]])
tensor([[0.9958, 1.0000, 0.0000, 0.0000, 0.0000, 0.0000]])
tensor([[-0.9617,  1.0000,  0.0000,  0.0000,  0.0000,  0.0000]])
tensor([[-0.9594,  1.0000,  0.0000,  0.0000,  0.0000,  0.0000]])
tensor([[-0.9955,  1.0000,  0.0000,  0.0000,  0.0000,  0.0000]])
tensor([[-0.9984,  0.0000,  0.0000,  0.0000,  0.0000,  0.0000]])
tensor([[-0.9984,  1.0000,  0.0000,  0.0000,  0.0000,  0.0000]])
tensor([[-0.9960,  0.0000,  0.0000,  0.0000,  0.0000,  0.0000]])
tensor([[-0.9985,  1.0000,  0.0000,  0.0000,  0.0000,  0.0000]])
tensor([[-0.9831,  1.0000,  0.0000,  0.0000,  0.0000,  0.0000]])
tensor([[-0.5160,  1.0000,  0.0000,  0.0000,  0.0000,  0.0000]])
tensor([[-0.2314,  1.0000,  0.0000,  0.0000,  0.0000,  0.0000]])
tensor([[0.9421, 1.0000, 0.0000, 0.0000, 0.0000, 0.0000]])
tensor([[0.9305, 0.0000, 0.0000, 0.0000, 0.0000, 0.0000]])
tensor([[0.9560, 1.0000, 0.0000, 0.0000, 0.0000, 0.0000]])
tensor([[-0.3290,  1.0000,  0.0000,  0.0000,  0.0000,  0.0000]])
tensor([[-0.9126,  1.0000,  0.0000,  0.0000,  0.0000,  0.0000]])
tensor([[-0.8566,  1.0000,  0.0000,  0.0000,  0.0000,  0.0000]])
tensor([[0.6844, 1.0000, 0.0000, 0.0000, 0.0000, 0.0000]])
tensor([[-0.0345,  1.0000,  0.0000,  0.0000,  0.0000,  0.0000]])
tensor([[-0.9190,  1.0000,  0.0000,  0.0000,  0.0000,  0.0000]])
tensor([[-0.9970,  1.0000,  0.0000,  0.0000,  0.0000,  0.0000]])
tensor([[-0.9953,  1.0000,  0.0000,  0.0000,  0.0000,  0.0000]])
tensor([[-0.9975,  0.0000,  0.0000,  0.0000,  0.0000,  0.0000]])
tensor([[-0.2989,  0.0000,  0.0000,  0.0000,  0.0000,  0.0000]])
tensor([[0.9658, 0.0000, 0.0000, 0.0000, 0.0000, 0.0000]])
tensor([[0.8730, 1.0000, 0.0000, 0.0000, 0.0000, 0.0000]])
tensor([[-0.9067,  1.0000,  0.0000,  0.0000,  0.0000,  0.0000]])
tensor([[-0.0592,  0.0000,  1.0000,  0.0000,  0.0000,  0.0000]])
tensor([[-0.7054,  0.0000,  0.0000,  0.0000,  0.0000,  0.0000]])
tensor([[-0.8028,  0.0000,  0.0000,  0.0000,  0.0000,  0.0000]])
tensor([[-0.8168,  1.0000,  0.0000,  0.0000,  0.0000,  0.0000]])
tensor([[-0.8412,  0.0000,  0.0000,  0.0000,  0.0000,  0.0000]])
tensor([[-0.6249,  1.0000,  0.0000,  0.0000,  0.0000,  0.0000]])
tensor([[-0.7284,  1.0000,  1.0000,  0.0000,  0.0000,  0.0000]])
tensor([[-0.3920,  1.0000,  1.0000,  0.0000,  0.0000,  0.0000]])
tensor([[-0.2774,  1.0000,  1.0000,  0.0000,  0.0000,  0.0000]])
tensor([[0.8573, 1.0000, 0.0000, 0.0000, 0.0000, 0.0000]])
tensor([[-0.7755,  0.0000,  0.0000,  0.0000,  0.0000,  0.0000]])
tensor([[-0.8660,  1.0000,  1.0000,  0.0000,  0.0000,  0.0000]])
tensor([[-0.5272,  0.0000,  0.0000,  0.0000,  0.0000,  0.0000]])
tensor([[-0.8576,  1.0000,  0.0000,  0.0000,  0.0000,  0.0000]])
tensor([[-0.5853,  1.0000,  0.0000,  0.0000,  0.0000,  0.0000]])
tensor([[-0.9436,  0.0000,  0.0000,  0.0000,  0.0000,  0.0000]])
tensor([[-0.7337,  0.0000,  0.0000,  0.0000,  0.0000,  0.0000]])
tensor([[-0.6551,  0.0000,  0.0000,  0.0000,  0.0000,  0.0000]])
tensor([[-0.4354,  0.0000,  0.0000,  0.0000,  0.0000,  0.0000]])
tensor([[0.0190, 1.0000, 0.0000, 0.0000, 0.0000, 0.0000]])
tensor([[-0.8329,  1.0000,  0.0000,  0.0000,  0.0000,  0.0000]])
tensor([[-0.2663,  0.0000,  0.0000,  0.0000,  0.0000,  0.0000]])
tensor([[-0.8851,  1.0000,  0.0000,  0.0000,  0.0000,  0.0000]])
tensor([[0.2065, 0.0000, 1.0000, 0.0000, 0.0000, 0.0000]])
tensor([[-0.3421,  0.0000,  0.0000,  0.0000,  0.0000,  0.0000]])
tensor([[0.9127, 1.0000, 0.0000, 0.0000, 0.0000, 0.0000]])
tensor([[-0.9501,  1.0000,  0.0000,  0.0000,  0.0000,  0.0000]])
tensor([[-0.3761,  1.0000,  0.0000,  0.0000,  0.0000,  0.0000]])
tensor([[0.0092, 1.0000, 0.0000, 0.0000, 0.0000, 0.0000]])
tensor([[-0.9600,  0.0000,  0.0000,  0.0000,  1.0000,  0.0000]])
tensor([[-0.7410,  0.0000,  0.0000,  0.0000,  0.0000,  0.0000]])
tensor([[-0.2975,  1.0000,  0.0000,  0.0000,  0.0000,  0.0000]])
tensor([[0.8352, 1.0000, 0.0000, 0.0000, 0.0000, 0.0000]])
tensor([[-0.9793,  0.0000,  1.0000,  0.0000,  0.0000,  0.0000]])
tensor([[-0.1875,  0.0000,  0.0000,  0.0000,  0.0000,  0.0000]])
tensor([[-0.7387,  0.0000,  1.0000,  0.0000,  0.0000,  0.0000]])
tensor([[-0.6908,  0.0000,  0.0000,  0.0000,  0.0000,  0.0000]])
tensor([[-0.9178,  0.0000,  0.0000,  0.0000,  0.0000,  0.0000]])
tensor([[-0.7870,  1.0000,  0.0000,  0.0000,  0.0000,  0.0000]])
tensor([[-0.9827,  0.0000,  0.0000,  0.0000,  0.0000,  0.0000]])
tensor([[-0.6717,  1.0000,  0.0000,  0.0000,  0.0000,  0.0000]])
tensor([[-0.8944,  1.0000,  0.0000,  0.0000,  0.0000,  0.0000]])
tensor([[-0.7978,  1.0000,  1.0000,  0.0000,  0.0000,  0.0000]])
tensor([[-0.1730,  1.0000,  0.0000,  0.0000,  0.0000,  0.0000]])
tensor([[0.7118, 1.0000, 0.0000, 0.0000, 0.0000, 0.0000]])
tensor([[0.4477, 0.0000, 0.0000, 0.0000, 0.0000, 0.0000]])
tensor([[0.3620, 0.0000, 0.0000, 0.0000, 0.0000, 0.0000]])
tensor([[-0.8596,  0.0000,  0.0000,  0.0000,  1.0000,  0.0000]])
tensor([[-0.1456,  0.0000,  0.0000,  0.0000,  0.0000,  0.0000]])
tensor([[-0.4509,  1.0000,  0.0000,  0.0000,  0.0000,  0.0000]])
tensor([[0.0083, 1.0000, 0.0000, 0.0000, 0.0000, 0.0000]])
tensor([[-0.8572,  0.0000,  0.0000,  0.0000,  0.0000,  0.0000]])
tensor([[0.0167, 1.0000, 0.0000, 0.0000, 0.0000, 0.0000]])
tensor([[-0.9507,  0.0000,  1.0000,  0.0000,  0.0000,  0.0000]])
tensor([[0.7552, 1.0000, 0.0000, 0.0000, 0.0000, 0.0000]])
tensor([[-0.1355,  0.0000,  0.0000,  0.0000,  0.0000,  0.0000]])
tensor([[-0.2010,  0.0000,  0.0000,  0.0000,  0.0000,  0.0000]])
tensor([[0.0054, 1.0000, 0.0000, 0.0000, 0.0000, 0.0000]])
tensor([[-0.1324,  0.0000,  1.0000,  0.0000,  0.0000,  0.0000]])
tensor([[0.9159, 0.0000, 1.0000, 0.0000, 0.0000, 0.0000]])
tensor([[-0.5857,  1.0000,  1.0000,  0.0000,  0.0000,  0.0000]])
tensor([[-0.2412,  0.0000,  0.0000,  0.0000,  0.0000,  0.0000]])
tensor([[0.7207, 1.0000, 0.0000, 0.0000, 0.0000, 0.0000]])
tensor([[0.0812, 0.0000, 0.0000, 0.0000, 0.0000, 0.0000]])
tensor([[-0.7297,  1.0000,  0.0000,  0.0000,  0.0000,  0.0000]])
tensor([[0.6455, 1.0000, 0.0000, 0.0000, 0.0000, 0.0000]])
tensor([[0.2094, 0.0000, 0.0000, 0.0000, 0.0000, 0.0000]])
tensor([[-0.3514,  0.0000,  0.0000,  0.0000,  0.0000,  0.0000]])
tensor([[-0.5769,  0.0000,  0.0000,  0.0000,  0.0000,  0.0000]])
tensor([[-0.7183,  1.0000,  0.0000,  0.0000,  0.0000,  0.0000]])
tensor([[0.0697, 1.0000, 0.0000, 0.0000, 0.0000, 0.0000]])
tensor([[-0.8642,  1.0000,  0.0000,  0.0000,  0.0000,  0.0000]])
tensor([[-0.0118,  0.0000,  0.0000,  0.0000,  1.0000,  0.0000]])
tensor([[-0.6429,  1.0000,  0.0000,  0.0000,  0.0000,  0.0000]])
tensor([[0.5366, 0.0000, 0.0000, 0.0000, 0.0000, 0.0000]])
tensor([[-0.5227,  0.0000,  0.0000,  0.0000,  0.0000,  0.0000]])
tensor([[-0.2197,  1.0000,  0.0000,  0.0000,  0.0000,  0.0000]])
tensor([[0.3544, 1.0000, 0.0000, 0.0000, 0.0000, 0.0000]])
tensor([[0.0383, 0.0000, 0.0000, 0.0000, 0.0000, 0.0000]])
tensor([[0.7440, 0.0000, 0.0000, 0.0000, 0.0000, 0.0000]])
tensor([[-0.2340,  0.0000,  0.0000,  0.0000,  0.0000,  0.0000]])
tensor([[0.5246, 1.0000, 0.0000, 0.0000, 0.0000, 0.0000]])
tensor([[0.8387, 0.0000, 0.0000, 0.0000, 0.0000, 0.0000]])
tensor([[0.0424, 0.0000, 0.0000, 0.0000, 0.0000, 0.0000]])
tensor([[-0.8954,  0.0000,  0.0000,  0.0000,  0.0000,  0.0000]])
tensor([[-0.4556,  0.0000,  0.0000,  0.0000,  0.0000,  0.0000]])
tensor([[0.8418, 0.0000, 0.0000, 0.0000, 0.0000, 0.0000]])
tensor([[-0.6789,  0.0000,  0.0000,  0.0000,  0.0000,  0.0000]])
tensor([[-0.7508,  1.0000,  0.0000,  0.0000,  0.0000,  0.0000]])
tensor([[-0.9113,  0.0000,  0.0000,  0.0000,  0.0000,  0.0000]])
tensor([[0.3634, 1.0000, 0.0000, 0.0000, 0.0000, 0.0000]])
tensor([[-0.8438,  0.0000,  0.0000,  0.0000,  0.0000,  0.0000]])
tensor([[0.8896, 0.0000, 0.0000, 0.0000, 0.0000, 0.0000]])
tensor([[-0.5438,  0.0000,  0.0000,  0.0000,  0.0000,  0.0000]])
tensor([[0.7596, 1.0000, 0.0000, 0.0000, 0.0000, 0.0000]])
tensor([[-0.1359,  0.0000,  0.0000,  0.0000,  0.0000,  0.0000]])
tensor([[0.4890, 1.0000, 0.0000, 0.0000, 0.0000, 0.0000]])
tensor([[-0.6074,  0.0000,  0.0000,  0.0000,  0.0000,  0.0000]])
tensor([[0.5574, 1.0000, 0.0000, 0.0000, 0.0000, 0.0000]])
tensor([[0.3327, 0.0000, 0.0000, 0.0000, 0.0000, 0.0000]])
tensor([[-0.2102,  1.0000,  0.0000,  0.0000,  0.0000,  0.0000]])
tensor([[0.4017, 0.0000, 0.0000, 0.0000, 0.0000, 0.0000]])
tensor([[0.2346, 1.0000, 0.0000, 0.0000, 0.0000, 0.0000]])
tensor([[0.5617, 1.0000, 0.0000, 0.0000, 0.0000, 0.0000]])
tensor([[0.1923, 0.0000, 0.0000, 0.0000, 0.0000, 0.0000]])
tensor([[-0.5626,  1.0000,  0.0000,  0.0000,  0.0000,  0.0000]])
tensor([[0.1903, 0.0000, 0.0000, 0.0000, 0.0000, 0.0000]])
tensor([[0.0612, 0.0000, 0.0000, 0.0000, 0.0000, 0.0000]])
tensor([[-0.9079,  0.0000,  0.0000,  0.0000,  0.0000,  0.0000]])
tensor([[-0.2272,  0.0000,  0.0000,  0.0000,  0.0000,  0.0000]])
tensor([[0.4680, 1.0000, 0.0000, 0.0000, 0.0000, 0.0000]])
tensor([[-0.4154,  0.0000,  0.0000,  0.0000,  0.0000,  0.0000]])
tensor([[-0.0712,  1.0000,  0.0000,  0.0000,  0.0000,  0.0000]])
tensor([[-0.5905,  0.0000,  0.0000,  0.0000,  0.0000,  0.0000]])
tensor([[-0.9530,  0.0000,  0.0000,  0.0000,  0.0000,  0.0000]])
tensor([[-0.5944,  1.0000,  0.0000,  0.0000,  0.0000,  0.0000]])
tensor([[0.0025, 0.0000, 0.0000, 0.0000, 0.0000, 0.0000]])
tensor([[-0.6125,  0.0000,  0.0000,  0.0000,  0.0000,  0.0000]])
tensor([[-0.2837,  0.0000,  0.0000,  0.0000,  0.0000,  0.0000]])
tensor([[0.0139, 0.0000, 0.0000, 0.0000, 0.0000, 0.0000]])
tensor([[-0.4999,  1.0000,  0.0000,  0.0000,  0.0000,  0.0000]])
tensor([[-0.6834,  0.0000,  0.0000,  0.0000,  0.0000,  0.0000]])
tensor([[-0.0093,  1.0000,  0.0000,  0.0000,  0.0000,  0.0000]])
tensor([[-0.5792,  0.0000,  0.0000,  0.0000,  0.0000,  0.0000]])
tensor([[-0.8386,  0.0000,  0.0000,  0.0000,  0.0000,  0.0000]])
tensor([[-0.7369,  1.0000,  0.0000,  0.0000,  0.0000,  0.0000]])
tensor([[-0.1465,  0.0000,  0.0000,  0.0000,  0.0000,  0.0000]])
tensor([[-0.7143,  1.0000,  0.0000,  0.0000,  0.0000,  0.0000]])
tensor([[0.8140, 1.0000, 0.0000, 0.0000, 0.0000, 0.0000]])
tensor([[-0.8415,  1.0000,  0.0000,  0.0000,  0.0000,  0.0000]])
tensor([[-0.6531,  0.0000,  0.0000,  0.0000,  0.0000,  0.0000]])
tensor([[-0.8621,  1.0000,  0.0000,  0.0000,  0.0000,  0.0000]])
tensor([[-0.9697,  0.0000,  0.0000,  0.0000,  0.0000,  0.0000]])
tensor([[-0.9664,  0.0000,  0.0000,  0.0000,  0.0000,  0.0000]])
tensor([[-0.7653,  1.0000,  0.0000,  0.0000,  0.0000,  0.0000]])
tensor([[-0.0954,  1.0000,  0.0000,  0.0000,  0.0000,  0.0000]])
tensor([[-0.4944,  0.0000,  0.0000,  0.0000,  0.0000,  0.0000]])
tensor([[0.5445, 1.0000, 0.0000, 0.0000, 0.0000, 0.0000]])
tensor([[-0.9064,  1.0000,  0.0000,  0.0000,  0.0000,  0.0000]])
tensor([[-0.2284,  0.0000,  0.0000,  0.0000,  0.0000,  0.0000]])
tensor([[-0.8892,  0.0000,  0.0000,  0.0000,  0.0000,  0.0000]])
tensor([[0.5990, 0.0000, 0.0000, 0.0000, 0.0000, 0.0000]])
tensor([[-0.8464,  1.0000,  0.0000,  0.0000,  0.0000,  0.0000]])
tensor([[-0.0445,  1.0000,  0.0000,  0.0000,  0.0000,  0.0000]])
tensor([[-0.9735,  0.0000,  0.0000,  0.0000,  0.0000,  0.0000]])
tensor([[-0.1620,  0.0000,  0.0000,  0.0000,  0.0000,  0.0000]])
tensor([[-0.6972,  0.0000,  0.0000,  0.0000,  0.0000,  0.0000]])
tensor([[0.7394, 0.0000, 0.0000, 0.0000, 0.0000, 0.0000]])
tensor([[-0.5243,  1.0000,  0.0000,  0.0000,  0.0000,  0.0000]])
tensor([[-0.6521,  1.0000,  0.0000,  0.0000,  0.0000,  0.0000]])
tensor([[-0.3718,  0.0000,  0.0000,  0.0000,  0.0000,  0.0000]])
tensor([[-0.7964,  1.0000,  0.0000,  0.0000,  0.0000,  0.0000]])
tensor([[-0.5027,  1.0000,  0.0000,  0.0000,  0.0000,  0.0000]])
tensor([[-0.3958,  1.0000,  0.0000,  0.0000,  0.0000,  0.0000]])
tensor([[0.2657, 1.0000, 0.0000, 0.0000, 0.0000, 0.0000]])
tensor([[-0.7538,  0.0000,  0.0000,  0.0000,  0.0000,  0.0000]])
tensor([[-0.9067,  0.0000,  0.0000,  0.0000,  0.0000,  0.0000]])
tensor([[0.6480, 1.0000, 0.0000, 0.0000, 0.0000, 0.0000]])
tensor([[-0.5983,  0.0000,  0.0000,  0.0000,  0.0000,  0.0000]])
tensor([[-0.9333,  0.0000,  0.0000,  0.0000,  0.0000,  0.0000]])
tensor([[-0.6992,  1.0000,  0.0000,  0.0000,  0.0000,  0.0000]])
tensor([[-0.8981,  1.0000,  0.0000,  0.0000,  0.0000,  0.0000]])
tensor([[-0.1964,  1.0000,  0.0000,  0.0000,  0.0000,  0.0000]])
tensor([[-0.6783,  1.0000,  0.0000,  0.0000,  0.0000,  0.0000]])
tensor([[-0.7394,  1.0000,  0.0000,  0.0000,  0.0000,  0.0000]])
tensor([[-0.0656,  1.0000,  0.0000,  0.0000,  0.0000,  0.0000]])
tensor([[0.5055, 1.0000, 0.0000, 0.0000, 0.0000, 0.0000]])
tensor([[-0.9921,  1.0000,  1.0000,  0.0000,  0.0000,  0.0000]])
tensor([[0.2535, 1.0000, 0.0000, 0.0000, 0.0000, 0.0000]])
tensor([[-0.8744,  1.0000,  0.0000,  0.0000,  0.0000,  0.0000]])
tensor([[-0.9862,  0.0000,  0.0000,  0.0000,  0.0000,  0.0000]])
tensor([[-0.9692,  1.0000,  0.0000,  0.0000,  0.0000,  0.0000]])
tensor([[-0.9410,  0.0000,  0.0000,  0.0000,  0.0000,  0.0000]])
tensor([[-0.2943,  1.0000,  0.0000,  0.0000,  0.0000,  0.0000]])
tensor([[0.1508, 0.0000, 0.0000, 0.0000, 0.0000, 0.0000]])
tensor([[-0.9777,  1.0000,  0.0000,  0.0000,  0.0000,  0.0000]])
tensor([[-0.9646,  1.0000,  0.0000,  0.0000,  0.0000,  0.0000]])
tensor([[-0.9126,  0.0000,  0.0000,  0.0000,  0.0000,  0.0000]])
tensor([[-0.5020,  1.0000,  0.0000,  0.0000,  0.0000,  0.0000]])
tensor([[-0.6143,  0.0000,  0.0000,  0.0000,  0.0000,  0.0000]])
tensor([[-0.9451,  0.0000,  0.0000,  0.0000,  0.0000,  0.0000]])
tensor([[-0.2389,  1.0000,  0.0000,  0.0000,  0.0000,  0.0000]])
tensor([[0.4462, 1.0000, 0.0000, 0.0000, 0.0000, 0.0000]])
tensor([[-0.5805,  0.0000,  0.0000,  0.0000,  0.0000,  0.0000]])
tensor([[-0.8914,  0.0000,  0.0000,  0.0000,  0.0000,  0.0000]])
tensor([[-0.4193,  1.0000,  0.0000,  0.0000,  0.0000,  0.0000]])
tensor([[-0.9299,  0.0000,  0.0000,  0.0000,  0.0000,  0.0000]])
tensor([[-0.2805,  0.0000,  0.0000,  0.0000,  0.0000,  0.0000]])
tensor([[-0.8666,  0.0000,  0.0000,  0.0000,  0.0000,  0.0000]])
tensor([[-0.9272,  0.0000,  0.0000,  0.0000,  0.0000,  0.0000]])
tensor([[-0.9913,  0.0000,  0.0000,  0.0000,  0.0000,  0.0000]])
tensor([[-0.6904,  1.0000,  0.0000,  0.0000,  0.0000,  0.0000]])
tensor([[-0.5755,  1.0000,  0.0000,  0.0000,  0.0000,  0.0000]])
tensor([[-0.7594,  1.0000,  0.0000,  0.0000,  0.0000,  0.0000]])
tensor([[-0.7388,  1.0000,  0.0000,  0.0000,  0.0000,  0.0000]])
tensor([[-0.6901,  0.0000,  0.0000,  0.0000,  0.0000,  0.0000]])
tensor([[-0.8493,  1.0000,  0.0000,  0.0000,  0.0000,  0.0000]])
tensor([[-0.2902,  0.0000,  0.0000,  0.0000,  0.0000,  0.0000]])
tensor([[0.0805, 1.0000, 0.0000, 0.0000, 0.0000, 0.0000]])
tensor([[-0.9152,  0.0000,  0.0000,  0.0000,  0.0000,  0.0000]])
tensor([[-0.9526,  1.0000,  0.0000,  0.0000,  0.0000,  0.0000]])
tensor([[-0.8457,  0.0000,  0.0000,  0.0000,  0.0000,  0.0000]])
tensor([[-0.8165,  0.0000,  1.0000,  0.0000,  0.0000,  0.0000]])
tensor([[0.2044, 1.0000, 0.0000, 0.0000, 0.0000, 0.0000]])
tensor([[-0.9927,  1.0000,  0.0000,  0.0000,  0.0000,  0.0000]])
tensor([[-0.7065,  1.0000,  0.0000,  0.0000,  0.0000,  0.0000]])
tensor([[-0.6049,  1.0000,  1.0000,  0.0000,  0.0000,  0.0000]])
tensor([[-0.4198,  0.0000,  0.0000,  0.0000,  0.0000,  0.0000]])
tensor([[-0.5353,  1.0000,  0.0000,  0.0000,  0.0000,  0.0000]])
tensor([[-0.7754,  0.0000,  0.0000,  0.0000,  0.0000,  0.0000]])
tensor([[-0.5515,  0.0000,  0.0000,  0.0000,  0.0000,  0.0000]])
tensor([[-0.9647,  1.0000,  0.0000,  0.0000,  0.0000,  0.0000]])
tensor([[-0.9424,  0.0000,  0.0000,  0.0000,  0.0000,  0.0000]])
tensor([[-0.3734,  1.0000,  0.0000,  0.0000,  0.0000,  0.0000]])
tensor([[-0.9755,  1.0000,  0.0000,  0.0000,  0.0000,  0.0000]])
tensor([[0.3326, 0.0000, 0.0000, 0.0000, 0.0000, 0.0000]])
tensor([[-0.9561,  0.0000,  1.0000,  0.0000,  0.0000,  0.0000]])
tensor([[-0.8558,  0.0000,  0.0000,  0.0000,  0.0000,  0.0000]])
tensor([[-0.4080,  0.0000,  0.0000,  0.0000,  0.0000,  0.0000]])
tensor([[-0.8177,  1.0000,  0.0000,  0.0000,  0.0000,  0.0000]])
tensor([[-0.9650,  1.0000,  0.0000,  0.0000,  0.0000,  0.0000]])
tensor([[-0.9295,  0.0000,  0.0000,  0.0000,  0.0000,  0.0000]])
tensor([[-0.7488,  1.0000,  0.0000,  0.0000,  0.0000,  0.0000]])
tensor([[-0.9068,  1.0000,  0.0000,  0.0000,  0.0000,  0.0000]])
tensor([[-0.9610,  1.0000,  0.0000,  0.0000,  0.0000,  0.0000]])
tensor([[-0.8493,  1.0000,  0.0000,  0.0000,  0.0000,  0.0000]])
tensor([[-0.6986,  1.0000,  0.0000,  0.0000,  0.0000,  0.0000]])
tensor([[-0.9589,  1.0000,  1.0000,  0.0000,  0.0000,  0.0000]])
tensor([[-0.8223,  0.0000,  0.0000,  0.0000,  0.0000,  0.0000]])
tensor([[-0.9461,  0.0000,  0.0000,  0.0000,  0.0000,  0.0000]])
tensor([[-0.8412,  0.0000,  0.0000,  0.0000,  0.0000,  0.0000]])
tensor([[-0.9956,  1.0000,  0.0000,  0.0000,  0.0000,  0.0000]])
tensor([[-0.8801,  0.0000,  0.0000,  0.0000,  0.0000,  0.0000]])
tensor([[-0.7910,  1.0000,  0.0000,  0.0000,  0.0000,  0.0000]])
tensor([[-0.7126,  1.0000,  0.0000,  0.0000,  0.0000,  0.0000]])
tensor([[-0.9754,  1.0000,  0.0000,  0.0000,  0.0000,  0.0000]])
tensor([[-0.8490,  1.0000,  0.0000,  0.0000,  0.0000,  0.0000]])
tensor([[-0.7566,  1.0000,  0.0000,  0.0000,  0.0000,  0.0000]])
tensor([[-0.2725,  0.0000,  0.0000,  0.0000,  0.0000,  0.0000]])
tensor([[0.0499, 1.0000, 0.0000, 0.0000, 0.0000, 0.0000]])
tensor([[-0.7921,  1.0000,  0.0000,  0.0000,  0.0000,  0.0000]])
tensor([[-0.9891,  1.0000,  0.0000,  0.0000,  0.0000,  0.0000]])
tensor([[-0.1432,  1.0000,  0.0000,  0.0000,  0.0000,  0.0000]])
tensor([[-0.9072,  1.0000,  0.0000,  0.0000,  0.0000,  0.0000]])
tensor([[-0.9723,  1.0000,  0.0000,  0.0000,  0.0000,  0.0000]])
tensor([[-0.9220,  1.0000,  0.0000,  0.0000,  0.0000,  0.0000]])
tensor([[-0.8501,  1.0000,  1.0000,  0.0000,  0.0000,  0.0000]])
tensor([[-0.9922,  0.0000,  0.0000,  0.0000,  0.0000,  0.0000]])
tensor([[-0.9490,  1.0000,  0.0000,  0.0000,  0.0000,  0.0000]])
tensor([[-0.9713,  1.0000,  0.0000,  0.0000,  0.0000,  0.0000]])
tensor([[-0.9904,  0.0000,  0.0000,  0.0000,  0.0000,  0.0000]])
tensor([[-0.7479,  1.0000,  0.0000,  0.0000,  0.0000,  0.0000]])
tensor([[-0.9891,  0.0000,  0.0000,  0.0000,  0.0000,  0.0000]])
tensor([[-0.5483,  1.0000,  0.0000,  0.0000,  0.0000,  0.0000]])
tensor([[-0.9375,  0.0000,  0.0000,  0.0000,  0.0000,  0.0000]])
tensor([[-0.9770,  1.0000,  0.0000,  0.0000,  0.0000,  0.0000]])
tensor([[-0.9634,  1.0000,  0.0000,  0.0000,  0.0000,  0.0000]])
tensor([[-0.9903,  1.0000,  0.0000,  0.0000,  0.0000,  0.0000]])
tensor([[-0.9896,  1.0000,  0.0000,  1.0000,  0.0000,  0.0000]])
tensor([[-0.9121,  1.0000,  0.0000,  0.0000,  0.0000,  0.0000]])
tensor([[-0.9322,  1.0000,  0.0000,  0.0000,  0.0000,  0.0000]])
tensor([[-0.9373,  1.0000,  0.0000,  0.0000,  0.0000,  0.0000]])
tensor([[-0.6925,  0.0000,  0.0000,  0.0000,  0.0000,  0.0000]])
tensor([[-0.9415,  1.0000,  0.0000,  0.0000,  0.0000,  0.0000]])
tensor([[-0.8346,  1.0000,  0.0000,  0.0000,  0.0000,  1.0000]])
tensor([[-0.8739,  1.0000,  0.0000,  0.0000,  0.0000,  0.0000]])
tensor([[-0.9962,  1.0000,  0.0000,  0.0000,  0.0000,  0.0000]])
tensor([[-0.2219,  1.0000,  0.0000,  1.0000,  0.0000,  0.0000]])
tensor([[-0.8957,  0.0000,  0.0000,  0.0000,  0.0000,  0.0000]])
tensor([[-0.9606,  1.0000,  0.0000,  0.0000,  0.0000,  0.0000]])
tensor([[-0.7733,  1.0000,  0.0000,  0.0000,  0.0000,  0.0000]])
tensor([[-0.2320,  1.0000,  1.0000,  0.0000,  0.0000,  0.0000]])
tensor([[-0.9795,  1.0000,  0.0000,  0.0000,  0.0000,  0.0000]])
tensor([[-0.9260,  0.0000,  0.0000,  0.0000,  0.0000,  0.0000]])
tensor([[-0.8589,  0.0000,  0.0000,  0.0000,  0.0000,  0.0000]])
tensor([[-0.9835,  0.0000,  0.0000,  0.0000,  0.0000,  0.0000]])
tensor([[-0.4485,  1.0000,  0.0000,  0.0000,  0.0000,  0.0000]])
tensor([[-0.1601,  0.0000,  0.0000,  0.0000,  0.0000,  0.0000]])
tensor([[-0.9494,  0.0000,  0.0000,  0.0000,  0.0000,  0.0000]])
tensor([[-0.9856,  1.0000,  0.0000,  0.0000,  0.0000,  0.0000]])
tensor([[-0.9044,  1.0000,  0.0000,  0.0000,  0.0000,  0.0000]])
tensor([[-0.3532,  1.0000,  1.0000,  0.0000,  0.0000,  0.0000]])
tensor([[-0.1706,  1.0000,  1.0000,  0.0000,  0.0000,  0.0000]])
tensor([[-0.6928,  1.0000,  0.0000,  0.0000,  0.0000,  0.0000]])
tensor([[-0.9490,  1.0000,  0.0000,  0.0000,  0.0000,  0.0000]])
tensor([[-0.9257,  1.0000,  0.0000,  0.0000,  0.0000,  0.0000]])
tensor([[-0.7697,  0.0000,  0.0000,  0.0000,  0.0000,  0.0000]])
tensor([[-0.7702,  1.0000,  0.0000,  0.0000,  0.0000,  0.0000]])
tensor([[0.3370, 1.0000, 0.0000, 0.0000, 0.0000, 0.0000]])
tensor([[-0.4616,  1.0000,  0.0000,  0.0000,  0.0000,  0.0000]])
tensor([[-0.2630,  1.0000,  0.0000,  0.0000,  0.0000,  0.0000]])
tensor([[-0.9146,  0.0000,  0.0000,  0.0000,  0.0000,  0.0000]])
tensor([[0.1977, 1.0000, 0.0000, 0.0000, 0.0000, 0.0000]])
tensor([[-0.5274,  1.0000,  0.0000,  0.0000,  0.0000,  0.0000]])
tensor([[0.1390, 1.0000, 0.0000, 0.0000, 0.0000, 0.0000]])
tensor([[-0.4870,  1.0000,  0.0000,  0.0000,  0.0000,  0.0000]])
tensor([[0.0995, 1.0000, 0.0000, 0.0000, 0.0000, 0.0000]])
tensor([[0.1319, 0.0000, 0.0000, 0.0000, 0.0000, 0.0000]])
tensor([[-0.9574,  1.0000,  0.0000,  0.0000,  0.0000,  0.0000]])
tensor([[0.4908, 1.0000, 0.0000, 1.0000, 0.0000, 0.0000]])
tensor([[-0.8741,  0.0000,  0.0000,  0.0000,  0.0000,  0.0000]])
tensor([[0.3856, 0.0000, 0.0000, 0.0000, 0.0000, 0.0000]])
tensor([[-0.9205,  0.0000,  1.0000,  0.0000,  0.0000,  0.0000]])
tensor([[-0.6190,  1.0000,  0.0000,  0.0000,  0.0000,  0.0000]])
tensor([[-0.7565,  1.0000,  0.0000,  0.0000,  0.0000,  0.0000]])
tensor([[0.6860, 0.0000, 0.0000, 0.0000, 0.0000, 0.0000]])
tensor([[-0.1085,  1.0000,  0.0000,  0.0000,  0.0000,  0.0000]])
tensor([[-0.8034,  1.0000,  0.0000,  0.0000,  1.0000,  0.0000]])
tensor([[-0.1888,  0.0000,  0.0000,  0.0000,  0.0000,  0.0000]])
tensor([[-0.8903,  1.0000,  0.0000,  0.0000,  0.0000,  0.0000]])
tensor([[-0.2482,  1.0000,  0.0000,  0.0000,  0.0000,  0.0000]])
tensor([[-0.2792,  0.0000,  0.0000,  0.0000,  0.0000,  0.0000]])
tensor([[-0.1751,  1.0000,  0.0000,  0.0000,  0.0000,  0.0000]])
tensor([[-0.5645,  1.0000,  0.0000,  0.0000,  0.0000,  0.0000]])
tensor([[-0.0890,  0.0000,  0.0000,  0.0000,  0.0000,  0.0000]])
tensor([[0.4084, 1.0000, 0.0000, 0.0000, 0.0000, 0.0000]])
tensor([[-0.5697,  1.0000,  0.0000,  0.0000,  0.0000,  0.0000]])
tensor([[0.2006, 1.0000, 0.0000, 0.0000, 0.0000, 0.0000]])
tensor([[0.3573, 1.0000, 0.0000, 0.0000, 0.0000, 0.0000]])
tensor([[0.0990, 0.0000, 0.0000, 0.0000, 0.0000, 0.0000]])
tensor([[0.3205, 0.0000, 0.0000, 0.0000, 0.0000, 0.0000]])
tensor([[0.8651, 1.0000, 0.0000, 0.0000, 0.0000, 0.0000]])
tensor([[0.1253, 0.0000, 0.0000, 0.0000, 0.0000, 0.0000]])
tensor([[0.1141, 0.0000, 0.0000, 1.0000, 0.0000, 0.0000]])
tensor([[-0.5252,  1.0000,  0.0000,  0.0000,  0.0000,  0.0000]])
tensor([[-0.7084,  0.0000,  0.0000,  0.0000,  0.0000,  0.0000]])
tensor([[0.0250, 1.0000, 0.0000, 1.0000, 0.0000, 0.0000]])
tensor([[0.4768, 0.0000, 0.0000, 0.0000, 0.0000, 0.0000]])
tensor([[-0.1029,  1.0000,  0.0000,  0.0000,  0.0000,  0.0000]])
tensor([[0.0399, 1.0000, 0.0000, 0.0000, 0.0000, 0.0000]])
tensor([[0.3986, 0.0000, 0.0000, 0.0000, 0.0000, 0.0000]])
tensor([[-0.0828,  1.0000,  0.0000,  0.0000,  0.0000,  0.0000]])
tensor([[-0.2156,  0.0000,  0.0000,  0.0000,  0.0000,  0.0000]])
tensor([[0.1911, 0.0000, 1.0000, 0.0000, 0.0000, 0.0000]])
tensor([[-0.4547,  0.0000,  0.0000,  0.0000,  0.0000,  0.0000]])
tensor([[-0.2250,  1.0000,  0.0000,  0.0000,  0.0000,  0.0000]])
tensor([[-0.2132,  0.0000,  0.0000,  0.0000,  0.0000,  0.0000]])
tensor([[-0.3578,  1.0000,  0.0000,  0.0000,  0.0000,  0.0000]])
tensor([[-0.6063,  1.0000,  1.0000,  0.0000,  0.0000,  0.0000]])
tensor([[-0.4355,  0.0000,  0.0000,  0.0000,  0.0000,  0.0000]])
tensor([[0.6866, 1.0000, 0.0000, 0.0000, 0.0000, 0.0000]])
tensor([[0.0302, 0.0000, 0.0000, 0.0000, 0.0000, 0.0000]])
tensor([[-0.9364,  1.0000,  0.0000,  0.0000,  0.0000,  0.0000]])
tensor([[-0.6590,  1.0000,  0.0000,  0.0000,  0.0000,  0.0000]])
tensor([[0.7734, 0.0000, 0.0000, 0.0000, 0.0000, 0.0000]])
tensor([[-0.3953,  0.0000,  0.0000,  0.0000,  0.0000,  0.0000]])
tensor([[0.9598, 0.0000, 0.0000, 0.0000, 0.0000, 0.0000]])
tensor([[-0.2598,  1.0000,  0.0000,  0.0000,  0.0000,  0.0000]])
tensor([[0.8820, 0.0000, 1.0000, 0.0000, 0.0000, 0.0000]])
tensor([[-0.1179,  0.0000,  0.0000,  0.0000,  0.0000,  0.0000]])
tensor([[0.5119, 1.0000, 0.0000, 0.0000, 0.0000, 0.0000]])
tensor([[-0.8164,  1.0000,  0.0000,  0.0000,  0.0000,  0.0000]])
tensor([[0.8269, 0.0000, 0.0000, 0.0000, 0.0000, 0.0000]])
tensor([[0.2075, 0.0000, 0.0000, 0.0000, 0.0000, 0.0000]])
tensor([[-0.4839,  1.0000,  0.0000,  0.0000,  0.0000,  0.0000]])
tensor([[-0.7649,  1.0000,  0.0000,  0.0000,  0.0000,  0.0000]])
tensor([[0.0153, 0.0000, 0.0000, 0.0000, 0.0000, 0.0000]])
tensor([[-0.7728,  0.0000,  0.0000,  0.0000,  0.0000,  0.0000]])
tensor([[0.5710, 1.0000, 0.0000, 0.0000, 0.0000, 0.0000]])
tensor([[-0.7930,  1.0000,  0.0000,  0.0000,  0.0000,  0.0000]])
tensor([[0.0705, 0.0000, 0.0000, 0.0000, 0.0000, 0.0000]])
tensor([[0.5209, 1.0000, 0.0000, 0.0000, 0.0000, 0.0000]])
tensor([[-0.8666,  0.0000,  0.0000,  0.0000,  0.0000,  0.0000]])
tensor([[0.2831, 1.0000, 0.0000, 0.0000, 0.0000, 0.0000]])
tensor([[0.1954, 0.0000, 0.0000, 0.0000, 0.0000, 0.0000]])
tensor([[0.4972, 1.0000, 0.0000, 0.0000, 0.0000, 0.0000]])
tensor([[-0.8006,  1.0000,  0.0000,  0.0000,  0.0000,  0.0000]])
tensor([[-0.5689,  1.0000,  0.0000,  0.0000,  0.0000,  0.0000]])
tensor([[0.5462, 1.0000, 0.0000, 0.0000, 0.0000, 0.0000]])
tensor([[0.0061, 1.0000, 0.0000, 0.0000, 0.0000, 0.0000]])
tensor([[0.2597, 0.0000, 0.0000, 0.0000, 0.0000, 0.0000]])
tensor([[-0.8270,  1.0000,  0.0000,  0.0000,  0.0000,  0.0000]])
tensor([[0.5911, 0.0000, 0.0000, 0.0000, 0.0000, 0.0000]])
tensor([[0.0443, 0.0000, 0.0000, 0.0000, 0.0000, 0.0000]])
tensor([[0.5376, 1.0000, 0.0000, 0.0000, 0.0000, 0.0000]])
tensor([[0.4572, 1.0000, 1.0000, 0.0000, 0.0000, 0.0000]])
tensor([[0.4961, 1.0000, 0.0000, 0.0000, 0.0000, 0.0000]])
tensor([[0.0897, 0.0000, 0.0000, 0.0000, 0.0000, 0.0000]])
tensor([[0.6367, 1.0000, 0.0000, 0.0000, 0.0000, 0.0000]])
tensor([[0.4677, 1.0000, 0.0000, 0.0000, 0.0000, 0.0000]])
tensor([[0.4923, 1.0000, 0.0000, 0.0000, 0.0000, 0.0000]])
tensor([[-0.4716,  1.0000,  0.0000,  0.0000,  0.0000,  0.0000]])
tensor([[0.8389, 0.0000, 0.0000, 0.0000, 0.0000, 0.0000]])
tensor([[-0.6887,  1.0000,  0.0000,  0.0000,  0.0000,  0.0000]])
tensor([[0.7892, 0.0000, 0.0000, 0.0000, 0.0000, 0.0000]])
tensor([[-0.7991,  1.0000,  0.0000,  0.0000,  0.0000,  0.0000]])
tensor([[-0.1660,  0.0000,  0.0000,  0.0000,  0.0000,  0.0000]])
tensor([[-0.3917,  1.0000,  0.0000,  0.0000,  0.0000,  0.0000]])
tensor([[0.9454, 1.0000, 0.0000, 0.0000, 0.0000, 0.0000]])
tensor([[0.3520, 1.0000, 0.0000, 0.0000, 0.0000, 0.0000]])
tensor([[0.5194, 0.0000, 0.0000, 0.0000, 0.0000, 0.0000]])
tensor([[0.5833, 0.0000, 0.0000, 0.0000, 0.0000, 0.0000]])
tensor([[0.4677, 0.0000, 0.0000, 0.0000, 0.0000, 0.0000]])
tensor([[0.8938, 0.0000, 1.0000, 0.0000, 0.0000, 0.0000]])
tensor([[-0.6457,  1.0000,  0.0000,  0.0000,  0.0000,  0.0000]])
tensor([[0.2846, 1.0000, 0.0000, 0.0000, 0.0000, 0.0000]])
tensor([[-0.4975,  1.0000,  1.0000,  0.0000,  0.0000,  0.0000]])
tensor([[0.3836, 1.0000, 1.0000, 0.0000, 0.0000, 0.0000]])
tensor([[-0.0944,  1.0000,  0.0000,  0.0000,  0.0000,  0.0000]])
tensor([[-0.2375,  1.0000,  0.0000,  0.0000,  0.0000,  0.0000]])
tensor([[0.3348, 1.0000, 0.0000, 0.0000, 0.0000, 0.0000]])
tensor([[-0.9797,  1.0000,  0.0000,  0.0000,  0.0000,  0.0000]])
tensor([[0.2874, 0.0000, 0.0000, 0.0000, 0.0000, 0.0000]])
tensor([[0.2758, 1.0000, 0.0000, 0.0000, 0.0000, 0.0000]])
tensor([[0.4495, 0.0000, 1.0000, 0.0000, 0.0000, 0.0000]])
tensor([[0.3236, 0.0000, 0.0000, 0.0000, 0.0000, 0.0000]])
tensor([[0.4843, 1.0000, 0.0000, 0.0000, 0.0000, 0.0000]])
tensor([[-0.1711,  0.0000,  0.0000,  0.0000,  0.0000,  0.0000]])
tensor([[-0.2692,  1.0000,  0.0000,  0.0000,  0.0000,  0.0000]])
tensor([[-0.8212,  0.0000,  0.0000,  0.0000,  0.0000,  0.0000]])
tensor([[0.2288, 0.0000, 0.0000, 0.0000, 0.0000, 0.0000]])
tensor([[0.8275, 1.0000, 0.0000, 0.0000, 0.0000, 0.0000]])
tensor([[-0.4682,  0.0000,  0.0000,  0.0000,  0.0000,  0.0000]])
tensor([[0.4099, 1.0000, 0.0000, 0.0000, 0.0000, 0.0000]])
tensor([[0.0017, 1.0000, 0.0000, 0.0000, 0.0000, 0.0000]])
tensor([[0.8939, 1.0000, 0.0000, 0.0000, 0.0000, 0.0000]])
tensor([[-0.7114,  0.0000,  0.0000,  0.0000,  0.0000,  0.0000]])
tensor([[0.9863, 0.0000, 0.0000, 0.0000, 0.0000, 0.0000]])
tensor([[0.0539, 0.0000, 0.0000, 0.0000, 0.0000, 0.0000]])
tensor([[-0.3048,  1.0000,  0.0000,  0.0000,  0.0000,  0.0000]])
tensor([[0.9099, 1.0000, 0.0000, 0.0000, 0.0000, 0.0000]])
tensor([[0.5995, 0.0000, 0.0000, 0.0000, 0.0000, 0.0000]])
tensor([[0.0499, 1.0000, 0.0000, 0.0000, 0.0000, 0.0000]])
tensor([[0.9108, 0.0000, 0.0000, 0.0000, 0.0000, 0.0000]])
tensor([[-0.2568,  1.0000,  1.0000,  0.0000,  0.0000,  0.0000]])
tensor([[0.2238, 0.0000, 0.0000, 0.0000, 0.0000, 0.0000]])
tensor([[-0.5861,  1.0000,  0.0000,  0.0000,  0.0000,  0.0000]])
tensor([[0.2181, 0.0000, 0.0000, 0.0000, 0.0000, 0.0000]])
tensor([[0.4686, 0.0000, 0.0000, 0.0000, 0.0000, 0.0000]])
tensor([[-0.1420,  1.0000,  0.0000,  1.0000,  0.0000,  0.0000]])
tensor([[0.8234, 1.0000, 0.0000, 0.0000, 0.0000, 0.0000]])
tensor([[0.3059, 1.0000, 0.0000, 0.0000, 0.0000, 0.0000]])
tensor([[0.8366, 0.0000, 0.0000, 0.0000, 0.0000, 0.0000]])
tensor([[-0.0659,  1.0000,  0.0000,  0.0000,  0.0000,  0.0000]])
tensor([[-0.6892,  0.0000,  0.0000,  0.0000,  0.0000,  0.0000]])
tensor([[-0.4337,  1.0000,  0.0000,  0.0000,  0.0000,  0.0000]])
tensor([[-0.5701,  0.0000,  0.0000,  0.0000,  0.0000,  0.0000]])
tensor([[-0.7035,  0.0000,  0.0000,  0.0000,  0.0000,  0.0000]])
tensor([[0.3046, 0.0000, 0.0000, 0.0000, 0.0000, 0.0000]])
tensor([[0.4156, 0.0000, 0.0000, 0.0000, 0.0000, 0.0000]])
tensor([[0.4843, 0.0000, 0.0000, 0.0000, 0.0000, 0.0000]])
tensor([[-0.2860,  1.0000,  0.0000,  0.0000,  0.0000,  0.0000]])
tensor([[-0.2715,  0.0000,  0.0000,  0.0000,  0.0000,  0.0000]])
tensor([[0.0460, 0.0000, 0.0000, 0.0000, 0.0000, 0.0000]])
tensor([[0.4455, 0.0000, 0.0000, 0.0000, 0.0000, 0.0000]])
tensor([[-0.3113,  1.0000,  0.0000,  0.0000,  0.0000,  0.0000]])
tensor([[0.7347, 0.0000, 0.0000, 0.0000, 0.0000, 0.0000]])
tensor([[0.3347, 1.0000, 0.0000, 0.0000, 0.0000, 0.0000]])
tensor([[0.6711, 0.0000, 0.0000, 0.0000, 0.0000, 0.0000]])
tensor([[0.7185, 0.0000, 0.0000, 0.0000, 0.0000, 0.0000]])
tensor([[0.1791, 1.0000, 0.0000, 0.0000, 0.0000, 0.0000]])
tensor([[-0.3131,  1.0000,  0.0000,  0.0000,  0.0000,  0.0000]])
tensor([[0.7318, 0.0000, 0.0000, 0.0000, 0.0000, 0.0000]])
tensor([[0.9069, 0.0000, 0.0000, 0.0000, 0.0000, 0.0000]])
tensor([[0.7694, 1.0000, 0.0000, 0.0000, 0.0000, 0.0000]])
tensor([[-0.6250,  1.0000,  1.0000,  0.0000,  0.0000,  0.0000]])
tensor([[0.9752, 0.0000, 0.0000, 0.0000, 0.0000, 0.0000]])
tensor([[0.1904, 0.0000, 0.0000, 0.0000, 0.0000, 0.0000]])
tensor([[-0.1132,  1.0000,  1.0000,  0.0000,  0.0000,  0.0000]])
tensor([[0.6974, 0.0000, 0.0000, 0.0000, 0.0000, 0.0000]])
tensor([[0.0689, 1.0000, 0.0000, 0.0000, 0.0000, 0.0000]])
tensor([[0.1277, 1.0000, 0.0000, 0.0000, 0.0000, 0.0000]])
tensor([[-0.3875,  0.0000,  0.0000,  0.0000,  0.0000,  0.0000]])
tensor([[0.0623, 1.0000, 0.0000, 0.0000, 0.0000, 0.0000]])
tensor([[0.2808, 0.0000, 0.0000, 0.0000, 0.0000, 0.0000]])
tensor([[0.2993, 0.0000, 1.0000, 0.0000, 0.0000, 0.0000]])
tensor([[-0.1647,  0.0000,  0.0000,  0.0000,  0.0000,  0.0000]])
tensor([[-0.3668,  0.0000,  0.0000,  1.0000,  0.0000,  0.0000]])
tensor([[0.9769, 0.0000, 0.0000, 0.0000, 0.0000, 0.0000]])
tensor([[0.4862, 0.0000, 0.0000, 0.0000, 0.0000, 0.0000]])
tensor([[0.8582, 1.0000, 0.0000, 0.0000, 0.0000, 0.0000]])
tensor([[-0.9797,  0.0000,  0.0000,  0.0000,  0.0000,  0.0000]])
tensor([[0.5060, 0.0000, 0.0000, 0.0000, 0.0000, 0.0000]])
tensor([[-0.8587,  1.0000,  0.0000,  0.0000,  0.0000,  0.0000]])
tensor([[-0.7055,  0.0000,  1.0000,  0.0000,  0.0000,  0.0000]])
tensor([[0.9332, 1.0000, 1.0000, 0.0000, 0.0000, 0.0000]])
tensor([[0.4069, 1.0000, 1.0000, 0.0000, 0.0000, 0.0000]])
tensor([[-0.9006,  1.0000,  0.0000,  0.0000,  0.0000,  0.0000]])
tensor([[0.2615, 0.0000, 0.0000, 0.0000, 0.0000, 0.0000]])
tensor([[0.5871, 0.0000, 0.0000, 0.0000, 0.0000, 0.0000]])
tensor([[-0.3791,  1.0000,  0.0000,  0.0000,  0.0000,  0.0000]])
tensor([[0.6280, 0.0000, 0.0000, 0.0000, 0.0000, 0.0000]])
tensor([[0.0963, 0.0000, 1.0000, 0.0000, 0.0000, 0.0000]])
tensor([[-0.2964,  0.0000,  1.0000,  0.0000,  0.0000,  0.0000]])
tensor([[0.2104, 0.0000, 0.0000, 0.0000, 0.0000, 0.0000]])
tensor([[0.8339, 1.0000, 0.0000, 0.0000, 0.0000, 0.0000]])
tensor([[0.7581, 0.0000, 0.0000, 0.0000, 0.0000, 0.0000]])
tensor([[0.7510, 0.0000, 0.0000, 0.0000, 0.0000, 0.0000]])
tensor([[-0.2035,  0.0000,  0.0000,  0.0000,  0.0000,  0.0000]])
tensor([[0.5455, 0.0000, 0.0000, 0.0000, 0.0000, 0.0000]])
tensor([[0.3415, 1.0000, 0.0000, 0.0000, 0.0000, 0.0000]])
tensor([[0.7385, 0.0000, 0.0000, 0.0000, 0.0000, 0.0000]])
tensor([[0.6876, 1.0000, 1.0000, 0.0000, 0.0000, 0.0000]])
tensor([[-0.1721,  0.0000,  0.0000,  0.0000,  0.0000,  0.0000]])
tensor([[0.8296, 0.0000, 0.0000, 0.0000, 0.0000, 0.0000]])
tensor([[-0.0758,  0.0000,  0.0000,  0.0000,  0.0000,  0.0000]])
tensor([[0.2938, 0.0000, 0.0000, 0.0000, 0.0000, 0.0000]])
tensor([[0.4772, 0.0000, 0.0000, 0.0000, 0.0000, 0.0000]])
tensor([[0.2488, 0.0000, 0.0000, 0.0000, 0.0000, 0.0000]])
tensor([[0.3928, 0.0000, 0.0000, 0.0000, 0.0000, 0.0000]])
tensor([[0.2975, 0.0000, 0.0000, 0.0000, 0.0000, 0.0000]])
tensor([[0.9917, 0.0000, 0.0000, 0.0000, 0.0000, 0.0000]])
tensor([[0.7536, 1.0000, 0.0000, 0.0000, 0.0000, 0.0000]])
tensor([[-0.3671,  0.0000,  0.0000,  0.0000,  0.0000,  0.0000]])
tensor([[0.9466, 1.0000, 0.0000, 0.0000, 0.0000, 0.0000]])
tensor([[-0.6597,  1.0000,  0.0000,  0.0000,  0.0000,  0.0000]])
tensor([[-0.3562,  1.0000,  1.0000,  0.0000,  0.0000,  0.0000]])
tensor([[-0.8565,  0.0000,  0.0000,  0.0000,  0.0000,  0.0000]])
tensor([[0.5386, 0.0000, 0.0000, 0.0000, 0.0000, 0.0000]])
tensor([[0.5672, 1.0000, 0.0000, 0.0000, 0.0000, 0.0000]])
tensor([[-0.9457,  1.0000,  0.0000,  0.0000,  0.0000,  0.0000]])
tensor([[-0.3593,  0.0000,  0.0000,  0.0000,  0.0000,  0.0000]])
tensor([[0.0780, 1.0000, 0.0000, 0.0000, 0.0000, 0.0000]])
tensor([[0.9489, 1.0000, 0.0000, 0.0000, 0.0000, 0.0000]])
tensor([[-0.3924,  0.0000,  0.0000,  0.0000,  0.0000,  0.0000]])
tensor([[0.9369, 1.0000, 0.0000, 0.0000, 0.0000, 0.0000]])
tensor([[0.9714, 0.0000, 0.0000, 0.0000, 0.0000, 0.0000]])
tensor([[0.3817, 0.0000, 0.0000, 0.0000, 0.0000, 0.0000]])
tensor([[0.6908, 0.0000, 0.0000, 0.0000, 0.0000, 0.0000]])
tensor([[0.6526, 0.0000, 0.0000, 0.0000, 0.0000, 0.0000]])
tensor([[0.1031, 1.0000, 0.0000, 0.0000, 0.0000, 0.0000]])
tensor([[0.9859, 1.0000, 0.0000, 0.0000, 0.0000, 0.0000]])
tensor([[0.9855, 1.0000, 0.0000, 0.0000, 0.0000, 0.0000]])
tensor([[0.0139, 1.0000, 0.0000, 0.0000, 0.0000, 0.0000]])
tensor([[0.9202, 1.0000, 0.0000, 0.0000, 0.0000, 0.0000]])
tensor([[0.8030, 0.0000, 0.0000, 0.0000, 0.0000, 0.0000]])
tensor([[0.9323, 0.0000, 0.0000, 0.0000, 0.0000, 0.0000]])
tensor([[0.7646, 0.0000, 0.0000, 0.0000, 0.0000, 0.0000]])
tensor([[0.3042, 0.0000, 0.0000, 0.0000, 0.0000, 0.0000]])
tensor([[0.8546, 0.0000, 0.0000, 0.0000, 0.0000, 0.0000]])
tensor([[0.5665, 1.0000, 0.0000, 0.0000, 0.0000, 0.0000]])
tensor([[0.8874, 1.0000, 1.0000, 0.0000, 0.0000, 0.0000]])
tensor([[0.1945, 1.0000, 0.0000, 0.0000, 0.0000, 0.0000]])
tensor([[0.8689, 0.0000, 0.0000, 0.0000, 0.0000, 0.0000]])
tensor([[0.8397, 0.0000, 0.0000, 0.0000, 0.0000, 0.0000]])
tensor([[0.7860, 0.0000, 0.0000, 0.0000, 0.0000, 0.0000]])
tensor([[0.6615, 1.0000, 0.0000, 0.0000, 0.0000, 0.0000]])
tensor([[0.0232, 0.0000, 0.0000, 0.0000, 0.0000, 0.0000]])
tensor([[-0.1581,  0.0000,  0.0000,  0.0000,  0.0000,  0.0000]])
tensor([[0.2082, 1.0000, 0.0000, 0.0000, 0.0000, 0.0000]])
tensor([[0.7557, 0.0000, 0.0000, 0.0000, 0.0000, 0.0000]])
tensor([[0.5786, 1.0000, 0.0000, 0.0000, 0.0000, 0.0000]])
tensor([[0.3666, 1.0000, 0.0000, 0.0000, 0.0000, 0.0000]])
tensor([[0.2662, 1.0000, 0.0000, 0.0000, 0.0000, 0.0000]])
tensor([[0.1408, 1.0000, 1.0000, 0.0000, 0.0000, 0.0000]])
tensor([[0.8235, 0.0000, 0.0000, 0.0000, 0.0000, 0.0000]])
tensor([[-0.5528,  0.0000,  0.0000,  0.0000,  0.0000,  0.0000]])
tensor([[-0.5746,  1.0000,  0.0000,  0.0000,  0.0000,  0.0000]])
tensor([[0.4636, 0.0000, 1.0000, 0.0000, 0.0000, 0.0000]])
tensor([[0.6512, 0.0000, 0.0000, 0.0000, 0.0000, 0.0000]])
tensor([[0.7868, 1.0000, 0.0000, 0.0000, 0.0000, 0.0000]])
tensor([[0.9180, 0.0000, 0.0000, 0.0000, 0.0000, 0.0000]])
tensor([[0.9461, 0.0000, 0.0000, 0.0000, 0.0000, 0.0000]])
tensor([[0.8632, 0.0000, 0.0000, 0.0000, 0.0000, 0.0000]])
tensor([[0.4865, 0.0000, 1.0000, 0.0000, 0.0000, 0.0000]])
tensor([[0.7109, 1.0000, 0.0000, 0.0000, 0.0000, 0.0000]])
tensor([[-0.0511,  0.0000,  0.0000,  0.0000,  0.0000,  0.0000]])
tensor([[0.6567, 0.0000, 0.0000, 0.0000, 0.0000, 0.0000]])
tensor([[0.6750, 1.0000, 0.0000, 0.0000, 0.0000, 0.0000]])
tensor([[0.2200, 0.0000, 0.0000, 0.0000, 0.0000, 0.0000]])
tensor([[0.7869, 1.0000, 0.0000, 0.0000, 0.0000, 0.0000]])
tensor([[-0.0486,  1.0000,  0.0000,  0.0000,  0.0000,  0.0000]])
tensor([[0.0428, 0.0000, 0.0000, 0.0000, 0.0000, 0.0000]])
tensor([[0.5901, 1.0000, 0.0000, 0.0000, 0.0000, 0.0000]])
tensor([[0.1408, 1.0000, 0.0000, 0.0000, 0.0000, 0.0000]])
tensor([[0.2973, 0.0000, 0.0000, 0.0000, 0.0000, 0.0000]])
tensor([[-0.2684,  0.0000,  0.0000,  0.0000,  0.0000,  0.0000]])
tensor([[0.4763, 0.0000, 0.0000, 0.0000, 0.0000, 0.0000]])
tensor([[0.8305, 0.0000, 1.0000, 0.0000, 0.0000, 0.0000]])
tensor([[0.5481, 0.0000, 0.0000, 0.0000, 0.0000, 0.0000]])
tensor([[0.2837, 0.0000, 0.0000, 0.0000, 0.0000, 0.0000]])
tensor([[0.9772, 0.0000, 0.0000, 0.0000, 0.0000, 0.0000]])
tensor([[-0.0800,  0.0000,  0.0000,  0.0000,  0.0000,  0.0000]])
tensor([[-0.2420,  0.0000,  0.0000,  0.0000,  0.0000,  0.0000]])
tensor([[-0.2268,  1.0000,  0.0000,  0.0000,  0.0000,  0.0000]])
tensor([[-0.3995,  0.0000,  0.0000,  0.0000,  0.0000,  0.0000]])
tensor([[0.0288, 1.0000, 0.0000, 0.0000, 0.0000, 0.0000]])
tensor([[0.1231, 0.0000, 0.0000, 0.0000, 0.0000, 0.0000]])
tensor([[-0.0967,  0.0000,  0.0000,  0.0000,  0.0000,  0.0000]])
tensor([[0.7932, 0.0000, 0.0000, 0.0000, 0.0000, 0.0000]])
tensor([[0.7245, 0.0000, 0.0000, 0.0000, 0.0000, 0.0000]])
tensor([[0.4426, 0.0000, 0.0000, 0.0000, 0.0000, 0.0000]])
tensor([[0.2198, 0.0000, 0.0000, 0.0000, 0.0000, 0.0000]])
tensor([[0.6172, 0.0000, 0.0000, 0.0000, 0.0000, 0.0000]])
tensor([[0.2258, 0.0000, 0.0000, 0.0000, 0.0000, 0.0000]])
tensor([[0.9037, 1.0000, 0.0000, 0.0000, 0.0000, 0.0000]])
tensor([[0.5250, 1.0000, 0.0000, 0.0000, 0.0000, 0.0000]])
tensor([[0.7463, 0.0000, 0.0000, 0.0000, 0.0000, 0.0000]])
tensor([[0.6537, 0.0000, 0.0000, 0.0000, 0.0000, 0.0000]])
tensor([[0.8551, 0.0000, 0.0000, 0.0000, 0.0000, 0.0000]])
tensor([[0.9586, 1.0000, 1.0000, 0.0000, 0.0000, 0.0000]])
tensor([[0.7424, 0.0000, 0.0000, 0.0000, 0.0000, 0.0000]])
tensor([[0.8403, 1.0000, 0.0000, 0.0000, 0.0000, 0.0000]])
tensor([[-0.6929,  1.0000,  0.0000,  0.0000,  0.0000,  0.0000]])
tensor([[-0.1794,  0.0000,  0.0000,  0.0000,  0.0000,  0.0000]])
tensor([[0.2903, 0.0000, 0.0000, 0.0000, 0.0000, 0.0000]])
tensor([[-0.5128,  1.0000,  0.0000,  0.0000,  0.0000,  0.0000]])
tensor([[0.1061, 1.0000, 0.0000, 0.0000, 0.0000, 0.0000]])
tensor([[0.6371, 1.0000, 0.0000, 0.0000, 0.0000, 0.0000]])
tensor([[0.6819, 1.0000, 0.0000, 0.0000, 0.0000, 0.0000]])
tensor([[0.6714, 0.0000, 0.0000, 0.0000, 0.0000, 0.0000]])
tensor([[0.4275, 0.0000, 0.0000, 0.0000, 0.0000, 0.0000]])
tensor([[-0.3350,  1.0000,  0.0000,  0.0000,  0.0000,  0.0000]])
tensor([[0.8422, 1.0000, 0.0000, 0.0000, 0.0000, 0.0000]])
tensor([[0.3297, 1.0000, 0.0000, 0.0000, 0.0000, 0.0000]])
tensor([[0.9053, 0.0000, 0.0000, 0.0000, 0.0000, 0.0000]])
tensor([[0.5743, 0.0000, 0.0000, 0.0000, 0.0000, 0.0000]])
tensor([[0.3397, 0.0000, 0.0000, 0.0000, 0.0000, 0.0000]])
tensor([[0.8361, 1.0000, 0.0000, 0.0000, 0.0000, 0.0000]])
tensor([[0.7782, 1.0000, 0.0000, 0.0000, 0.0000, 0.0000]])
tensor([[0.8217, 0.0000, 0.0000, 0.0000, 0.0000, 0.0000]])
tensor([[0.9050, 0.0000, 1.0000, 0.0000, 0.0000, 0.0000]])
tensor([[0.6857, 1.0000, 0.0000, 0.0000, 0.0000, 0.0000]])
tensor([[0.8449, 0.0000, 0.0000, 0.0000, 0.0000, 0.0000]])
tensor([[0.9022, 0.0000, 1.0000, 0.0000, 0.0000, 0.0000]])
tensor([[-0.1032,  0.0000,  1.0000,  0.0000,  0.0000,  0.0000]])
tensor([[-0.1083,  1.0000,  0.0000,  0.0000,  0.0000,  0.0000]])
tensor([[0.3975, 1.0000, 0.0000, 0.0000, 0.0000, 0.0000]])
tensor([[-0.7050,  0.0000,  0.0000,  0.0000,  0.0000,  0.0000]])
tensor([[0.2688, 1.0000, 0.0000, 0.0000, 0.0000, 0.0000]])
tensor([[0.1677, 0.0000, 0.0000, 0.0000, 0.0000, 0.0000]])
tensor([[0.1337, 1.0000, 0.0000, 0.0000, 0.0000, 0.0000]])
tensor([[-0.1499,  1.0000,  0.0000,  0.0000,  0.0000,  0.0000]])
tensor([[-0.7584,  1.0000,  0.0000,  0.0000,  0.0000,  0.0000]])
tensor([[-0.2353,  1.0000,  0.0000,  0.0000,  0.0000,  0.0000]])
tensor([[-0.4167,  1.0000,  0.0000,  0.0000,  0.0000,  0.0000]])
tensor([[-0.5013,  0.0000,  0.0000,  0.0000,  0.0000,  0.0000]])
tensor([[0.7828, 1.0000, 0.0000, 0.0000, 0.0000, 0.0000]])
tensor([[0.8360, 1.0000, 0.0000, 0.0000, 0.0000, 0.0000]])
tensor([[-0.4399,  1.0000,  0.0000,  0.0000,  0.0000,  0.0000]])
tensor([[-0.4621,  1.0000,  0.0000,  0.0000,  0.0000,  0.0000]])
tensor([[-0.4169,  0.0000,  0.0000,  0.0000,  0.0000,  0.0000]])
tensor([[-0.2292,  1.0000,  0.0000,  0.0000,  0.0000,  0.0000]])
tensor([[0.1400, 1.0000, 0.0000, 0.0000, 0.0000, 0.0000]])
tensor([[-0.1402,  0.0000,  0.0000,  0.0000,  0.0000,  0.0000]])
tensor([[0.1474, 1.0000, 0.0000, 0.0000, 0.0000, 0.0000]])
tensor([[0.3406, 0.0000, 0.0000, 0.0000, 0.0000, 0.0000]])
tensor([[0.8881, 0.0000, 1.0000, 0.0000, 0.0000, 0.0000]])
tensor([[0.6991, 0.0000, 0.0000, 0.0000, 0.0000, 0.0000]])
tensor([[0.9724, 0.0000, 0.0000, 0.0000, 0.0000, 0.0000]])
tensor([[-0.0691,  0.0000,  0.0000,  0.0000,  0.0000,  0.0000]])
tensor([[0.8599, 1.0000, 0.0000, 0.0000, 0.0000, 0.0000]])
tensor([[0.6049, 0.0000, 0.0000, 0.0000, 0.0000, 0.0000]])
tensor([[-0.0171,  1.0000,  0.0000,  0.0000,  0.0000,  0.0000]])
tensor([[-0.2377,  1.0000,  0.0000,  0.0000,  0.0000,  0.0000]])
tensor([[-0.7897,  0.0000,  1.0000,  0.0000,  0.0000,  0.0000]])
tensor([[0.5195, 0.0000, 0.0000, 0.0000, 0.0000, 0.0000]])
tensor([[0.3165, 1.0000, 0.0000, 0.0000, 0.0000, 0.0000]])
tensor([[-0.2856,  0.0000,  0.0000,  0.0000,  0.0000,  0.0000]])
tensor([[0.9724, 1.0000, 0.0000, 0.0000, 0.0000, 0.0000]])
tensor([[0.1128, 0.0000, 0.0000, 0.0000, 0.0000, 0.0000]])
tensor([[0.8103, 0.0000, 0.0000, 0.0000, 0.0000, 0.0000]])
tensor([[0.0778, 1.0000, 0.0000, 0.0000, 0.0000, 0.0000]])
tensor([[0.7357, 0.0000, 0.0000, 0.0000, 0.0000, 0.0000]])
tensor([[-0.6194,  1.0000,  0.0000,  0.0000,  0.0000,  0.0000]])
tensor([[0.7262, 1.0000, 0.0000, 0.0000, 0.0000, 0.0000]])
tensor([[-0.8408,  1.0000,  0.0000,  0.0000,  0.0000,  0.0000]])
tensor([[0.8839, 1.0000, 0.0000, 0.0000, 0.0000, 0.0000]])
tensor([[0.4664, 1.0000, 0.0000, 0.0000, 0.0000, 0.0000]])
tensor([[-0.8654,  1.0000,  0.0000,  0.0000,  0.0000,  0.0000]])
tensor([[0.5953, 1.0000, 0.0000, 0.0000, 0.0000, 0.0000]])
tensor([[-0.5319,  1.0000,  0.0000,  0.0000,  0.0000,  0.0000]])
tensor([[-0.6430,  1.0000,  0.0000,  0.0000,  0.0000,  0.0000]])
tensor([[0.4677, 1.0000, 0.0000, 0.0000, 0.0000, 0.0000]])
tensor([[0.9276, 0.0000, 0.0000, 0.0000, 0.0000, 0.0000]])
tensor([[0.3802, 0.0000, 0.0000, 0.0000, 0.0000, 0.0000]])
tensor([[7.9529e-04, 1.0000e+00, 0.0000e+00, 0.0000e+00, 0.0000e+00, 0.0000e+00]])
tensor([[0.8248, 1.0000, 1.0000, 0.0000, 0.0000, 0.0000]])
tensor([[0.1526, 1.0000, 0.0000, 0.0000, 0.0000, 0.0000]])
tensor([[-0.8670,  0.0000,  0.0000,  0.0000,  0.0000,  0.0000]])
tensor([[0.4295, 1.0000, 0.0000, 0.0000, 0.0000, 0.0000]])
tensor([[-0.1066,  1.0000,  0.0000,  0.0000,  0.0000,  0.0000]])
tensor([[0.3546, 1.0000, 0.0000, 0.0000, 0.0000, 0.0000]])
tensor([[0.0441, 1.0000, 0.0000, 0.0000, 0.0000, 0.0000]])
tensor([[0.7748, 1.0000, 0.0000, 0.0000, 0.0000, 0.0000]])
tensor([[-0.8646,  1.0000,  0.0000,  0.0000,  0.0000,  0.0000]])
tensor([[-0.5570,  0.0000,  0.0000,  0.0000,  0.0000,  0.0000]])
tensor([[-0.6908,  1.0000,  0.0000,  0.0000,  0.0000,  0.0000]])
tensor([[-0.8172,  1.0000,  0.0000,  0.0000,  0.0000,  0.0000]])
tensor([[0.4912, 1.0000, 0.0000, 0.0000, 0.0000, 0.0000]])
tensor([[0.9307, 0.0000, 0.0000, 0.0000, 0.0000, 0.0000]])
tensor([[-0.6660,  0.0000,  0.0000,  0.0000,  0.0000,  0.0000]])
tensor([[0.6882, 1.0000, 0.0000, 0.0000, 0.0000, 0.0000]])
tensor([[0.9129, 0.0000, 0.0000, 0.0000, 0.0000, 0.0000]])
tensor([[-0.5688,  0.0000,  0.0000,  0.0000,  0.0000,  0.0000]])
tensor([[0.5644, 0.0000, 1.0000, 0.0000, 0.0000, 0.0000]])
tensor([[0.8547, 1.0000, 0.0000, 0.0000, 0.0000, 0.0000]])
tensor([[-0.8378,  0.0000,  0.0000,  0.0000,  0.0000,  0.0000]])
tensor([[0.8979, 0.0000, 0.0000, 0.0000, 0.0000, 0.0000]])
tensor([[0.2147, 1.0000, 0.0000, 0.0000, 0.0000, 0.0000]])
tensor([[-0.2884,  1.0000,  0.0000,  0.0000,  0.0000,  0.0000]])
tensor([[0.3309, 1.0000, 0.0000, 0.0000, 0.0000, 0.0000]])
tensor([[0.5109, 1.0000, 0.0000, 0.0000, 0.0000, 0.0000]])
tensor([[-0.7334,  1.0000,  0.0000,  0.0000,  0.0000,  0.0000]])
tensor([[0.7976, 1.0000, 0.0000, 0.0000, 0.0000, 0.0000]])
tensor([[-0.2653,  0.0000,  0.0000,  0.0000,  0.0000,  0.0000]])
tensor([[-0.7959,  1.0000,  0.0000,  0.0000,  0.0000,  0.0000]])
tensor([[-0.1078,  0.0000,  0.0000,  0.0000,  0.0000,  0.0000]])
tensor([[-0.2995,  1.0000,  0.0000,  0.0000,  0.0000,  0.0000]])
tensor([[0.3077, 1.0000, 0.0000, 0.0000, 0.0000, 0.0000]])
tensor([[0.4916, 1.0000, 0.0000, 0.0000, 0.0000, 0.0000]])
tensor([[-0.5133,  1.0000,  1.0000,  0.0000,  1.0000,  0.0000]])
tensor([[0.6989, 1.0000, 0.0000, 0.0000, 0.0000, 0.0000]])
tensor([[0.3379, 0.0000, 0.0000, 0.0000, 0.0000, 0.0000]])
tensor([[-0.3242,  0.0000,  0.0000,  0.0000,  0.0000,  0.0000]])
tensor([[0.8907, 0.0000, 0.0000, 0.0000, 0.0000, 0.0000]])
tensor([[0.6667, 1.0000, 1.0000, 0.0000, 0.0000, 0.0000]])
tensor([[0.8285, 1.0000, 0.0000, 0.0000, 0.0000, 0.0000]])
tensor([[-0.1251,  1.0000,  0.0000,  0.0000,  0.0000,  0.0000]])
tensor([[-0.6976,  0.0000,  0.0000,  0.0000,  0.0000,  0.0000]])
tensor([[0.6198, 0.0000, 0.0000, 0.0000, 0.0000, 0.0000]])
tensor([[-0.4623,  1.0000,  0.0000,  0.0000,  0.0000,  0.0000]])
tensor([[0.4964, 1.0000, 0.0000, 0.0000, 0.0000, 0.0000]])
tensor([[-0.0960,  1.0000,  0.0000,  0.0000,  0.0000,  0.0000]])
tensor([[-0.3803,  0.0000,  0.0000,  0.0000,  0.0000,  0.0000]])
tensor([[0.0504, 1.0000, 0.0000, 0.0000, 0.0000, 0.0000]])
tensor([[-0.1154,  0.0000,  0.0000,  0.0000,  0.0000,  0.0000]])
tensor([[0.0308, 0.0000, 1.0000, 0.0000, 0.0000, 0.0000]])
tensor([[0.0091, 1.0000, 0.0000, 0.0000, 0.0000, 0.0000]])
tensor([[-0.1666,  1.0000,  0.0000,  0.0000,  0.0000,  0.0000]])
tensor([[-0.6953,  1.0000,  0.0000,  0.0000,  0.0000,  0.0000]])
tensor([[0.0250, 1.0000, 0.0000, 0.0000, 0.0000, 0.0000]])
tensor([[-0.8515,  0.0000,  0.0000,  0.0000,  0.0000,  0.0000]])
tensor([[0.3876, 0.0000, 0.0000, 0.0000, 0.0000, 0.0000]])
tensor([[-0.1597,  0.0000,  0.0000,  0.0000,  0.0000,  0.0000]])
tensor([[0.3976, 0.0000, 0.0000, 0.0000, 0.0000, 0.0000]])
tensor([[0.9365, 0.0000, 0.0000, 0.0000, 0.0000, 0.0000]])
tensor([[-0.0768,  1.0000,  0.0000,  0.0000,  0.0000,  0.0000]])
tensor([[0.6245, 1.0000, 0.0000, 0.0000, 0.0000, 0.0000]])
tensor([[-0.3436,  1.0000,  0.0000,  0.0000,  0.0000,  0.0000]])
tensor([[-0.7883,  1.0000,  0.0000,  0.0000,  0.0000,  0.0000]])
tensor([[0.1592, 0.0000, 0.0000, 0.0000, 0.0000, 0.0000]])
tensor([[0.6141, 1.0000, 0.0000, 0.0000, 0.0000, 0.0000]])
tensor([[-0.5846,  0.0000,  1.0000,  0.0000,  0.0000,  0.0000]])
tensor([[0.3447, 0.0000, 0.0000, 0.0000, 0.0000, 0.0000]])
tensor([[0.9777, 0.0000, 0.0000, 0.0000, 0.0000, 0.0000]])
tensor([[-0.7326,  1.0000,  0.0000,  0.0000,  0.0000,  0.0000]])
tensor([[0.5814, 0.0000, 0.0000, 0.0000, 0.0000, 0.0000]])
tensor([[-0.1426,  1.0000,  0.0000,  0.0000,  0.0000,  0.0000]])
tensor([[-0.9109,  1.0000,  0.0000,  0.0000,  0.0000,  0.0000]])
tensor([[-0.9366,  0.0000,  0.0000,  0.0000,  0.0000,  0.0000]])
tensor([[-0.3441,  0.0000,  0.0000,  0.0000,  0.0000,  0.0000]])
tensor([[0.1140, 1.0000, 0.0000, 0.0000, 0.0000, 0.0000]])
tensor([[-0.8822,  1.0000,  0.0000,  1.0000,  0.0000,  0.0000]])
tensor([[-0.4419,  1.0000,  0.0000,  0.0000,  0.0000,  0.0000]])
tensor([[-0.6443,  0.0000,  0.0000,  0.0000,  0.0000,  0.0000]])
tensor([[-0.8734,  0.0000,  0.0000,  0.0000,  0.0000,  0.0000]])
tensor([[0.9195, 1.0000, 0.0000, 0.0000, 0.0000, 0.0000]])
tensor([[-0.3542,  1.0000,  0.0000,  0.0000,  0.0000,  0.0000]])
tensor([[-0.2617,  0.0000,  0.0000,  0.0000,  1.0000,  0.0000]])
tensor([[-0.7103,  1.0000,  0.0000,  0.0000,  0.0000,  0.0000]])
tensor([[-0.1413,  1.0000,  0.0000,  0.0000,  0.0000,  0.0000]])
tensor([[0.4812, 0.0000, 0.0000, 0.0000, 0.0000, 0.0000]])
tensor([[-0.4247,  1.0000,  0.0000,  0.0000,  0.0000,  0.0000]])
tensor([[0.8403, 1.0000, 0.0000, 0.0000, 0.0000, 0.0000]])
tensor([[-0.5837,  1.0000,  0.0000,  0.0000,  0.0000,  0.0000]])
tensor([[-0.4845,  0.0000,  0.0000,  0.0000,  0.0000,  0.0000]])
tensor([[-0.7414,  1.0000,  0.0000,  0.0000,  0.0000,  0.0000]])
tensor([[-0.7228,  0.0000,  0.0000,  0.0000,  0.0000,  0.0000]])
tensor([[0.8627, 0.0000, 0.0000, 0.0000, 0.0000, 0.0000]])
tensor([[-0.0195,  1.0000,  1.0000,  0.0000,  0.0000,  0.0000]])
tensor([[-0.3720,  0.0000,  0.0000,  0.0000,  0.0000,  0.0000]])
tensor([[0.8689, 0.0000, 0.0000, 0.0000, 0.0000, 0.0000]])
tensor([[-0.8915,  0.0000,  0.0000,  0.0000,  0.0000,  0.0000]])
tensor([[-0.2017,  1.0000,  0.0000,  0.0000,  0.0000,  0.0000]])
tensor([[-0.8255,  1.0000,  0.0000,  0.0000,  0.0000,  0.0000]])
tensor([[0.2471, 0.0000, 0.0000, 0.0000, 0.0000, 0.0000]])
tensor([[0.3696, 0.0000, 0.0000, 0.0000, 0.0000, 0.0000]])
tensor([[-0.2516,  1.0000,  0.0000,  0.0000,  0.0000,  0.0000]])
tensor([[-0.8522,  0.0000,  0.0000,  0.0000,  0.0000,  0.0000]])
tensor([[-0.9572,  1.0000,  0.0000,  0.0000,  0.0000,  0.0000]])
tensor([[0.0198, 0.0000, 0.0000, 0.0000, 0.0000, 0.0000]])
tensor([[0.0034, 0.0000, 0.0000, 0.0000, 0.0000, 0.0000]])
tensor([[-0.0029,  1.0000,  0.0000,  0.0000,  0.0000,  0.0000]])
tensor([[-0.5831,  1.0000,  1.0000,  0.0000,  0.0000,  0.0000]])
tensor([[0.3160, 1.0000, 0.0000, 0.0000, 0.0000, 0.0000]])
tensor([[-0.3326,  1.0000,  0.0000,  0.0000,  0.0000,  0.0000]])
tensor([[-0.9221,  1.0000,  1.0000,  0.0000,  0.0000,  0.0000]])
tensor([[0.7155, 1.0000, 0.0000, 0.0000, 0.0000, 0.0000]])
tensor([[-0.6832,  1.0000,  0.0000,  0.0000,  0.0000,  0.0000]])
tensor([[-0.7787,  1.0000,  0.0000,  0.0000,  0.0000,  0.0000]])
tensor([[-0.5394,  1.0000,  0.0000,  0.0000,  0.0000,  0.0000]])
tensor([[-0.3621,  0.0000,  0.0000,  0.0000,  0.0000,  0.0000]])
tensor([[-0.9431,  1.0000,  0.0000,  0.0000,  0.0000,  0.0000]])
tensor([[-0.8146,  1.0000,  0.0000,  0.0000,  0.0000,  0.0000]])
tensor([[-0.6046,  1.0000,  0.0000,  0.0000,  0.0000,  0.0000]])
tensor([[-0.8823,  0.0000,  0.0000,  0.0000,  0.0000,  0.0000]])
tensor([[0.5921, 1.0000, 0.0000, 0.0000, 0.0000, 0.0000]])
tensor([[-0.8058,  1.0000,  0.0000,  0.0000,  0.0000,  0.0000]])
tensor([[0.1866, 1.0000, 0.0000, 0.0000, 0.0000, 0.0000]])
tensor([[0.8479, 1.0000, 1.0000, 0.0000, 0.0000, 0.0000]])
tensor([[-0.5561,  1.0000,  0.0000,  0.0000,  0.0000,  0.0000]])
tensor([[0.6500, 1.0000, 0.0000, 0.0000, 0.0000, 0.0000]])
tensor([[0.7569, 0.0000, 0.0000, 0.0000, 0.0000, 0.0000]])
tensor([[0.4379, 0.0000, 0.0000, 0.0000, 0.0000, 0.0000]])
tensor([[0.8444, 1.0000, 0.0000, 0.0000, 0.0000, 0.0000]])
tensor([[-0.9479,  1.0000,  0.0000,  0.0000,  0.0000,  0.0000]])
tensor([[-0.3192,  0.0000,  1.0000,  0.0000,  0.0000,  0.0000]])
tensor([[-0.7286,  1.0000,  0.0000,  0.0000,  1.0000,  0.0000]])
tensor([[-0.4063,  1.0000,  0.0000,  0.0000,  0.0000,  0.0000]])
tensor([[-0.9693,  0.0000,  0.0000,  0.0000,  0.0000,  0.0000]])
tensor([[0.3925, 0.0000, 0.0000, 0.0000, 0.0000, 0.0000]])
tensor([[0.2069, 0.0000, 0.0000, 0.0000, 0.0000, 0.0000]])
tensor([[0.2550, 1.0000, 0.0000, 0.0000, 0.0000, 0.0000]])
tensor([[0.3822, 0.0000, 0.0000, 0.0000, 0.0000, 0.0000]])
tensor([[0.6279, 0.0000, 0.0000, 0.0000, 0.0000, 0.0000]])
tensor([[0.6663, 1.0000, 0.0000, 0.0000, 0.0000, 0.0000]])
tensor([[0.8226, 1.0000, 0.0000, 0.0000, 0.0000, 0.0000]])
tensor([[0.8963, 1.0000, 1.0000, 0.0000, 0.0000, 0.0000]])
tensor([[0.1956, 1.0000, 0.0000, 0.0000, 0.0000, 0.0000]])
tensor([[-0.3955,  0.0000,  1.0000,  0.0000,  0.0000,  0.0000]])
tensor([[0.4493, 1.0000, 0.0000, 0.0000, 0.0000, 0.0000]])
tensor([[-0.4203,  1.0000,  0.0000,  0.0000,  0.0000,  0.0000]])
tensor([[0.2669, 0.0000, 0.0000, 0.0000, 0.0000, 0.0000]])
tensor([[0.2475, 1.0000, 0.0000, 0.0000, 0.0000, 0.0000]])
tensor([[0.1536, 0.0000, 0.0000, 0.0000, 0.0000, 0.0000]])
tensor([[0.6113, 0.0000, 0.0000, 0.0000, 0.0000, 0.0000]])
tensor([[-0.8086,  0.0000,  0.0000,  0.0000,  0.0000,  0.0000]])
tensor([[-0.0176,  1.0000,  0.0000,  0.0000,  0.0000,  0.0000]])
tensor([[-0.7421,  1.0000,  0.0000,  0.0000,  0.0000,  0.0000]])
tensor([[0.2568, 1.0000, 0.0000, 0.0000, 0.0000, 0.0000]])
tensor([[-0.0606,  0.0000,  0.0000,  0.0000,  0.0000,  0.0000]])
tensor([[-0.5900,  0.0000,  0.0000,  0.0000,  0.0000,  0.0000]])
tensor([[-0.3320,  0.0000,  0.0000,  0.0000,  0.0000,  0.0000]])
tensor([[0.0785, 1.0000, 0.0000, 0.0000, 0.0000, 0.0000]])
tensor([[-0.5743,  0.0000,  0.0000,  0.0000,  0.0000,  0.0000]])
tensor([[-0.3766,  0.0000,  0.0000,  0.0000,  0.0000,  0.0000]])
tensor([[-0.3611,  0.0000,  0.0000,  0.0000,  0.0000,  0.0000]])
tensor([[0.0307, 0.0000, 0.0000, 0.0000, 0.0000, 0.0000]])
tensor([[-0.3221,  0.0000,  0.0000,  0.0000,  0.0000,  0.0000]])
tensor([[-0.5552,  1.0000,  0.0000,  0.0000,  0.0000,  0.0000]])
tensor([[0.2302, 1.0000, 0.0000, 0.0000, 0.0000, 0.0000]])
tensor([[0.2053, 0.0000, 0.0000, 0.0000, 0.0000, 0.0000]])
tensor([[-0.6098,  0.0000,  0.0000,  0.0000,  0.0000,  0.0000]])
tensor([[0.3254, 1.0000, 0.0000, 0.0000, 0.0000, 0.0000]])
tensor([[-0.3556,  0.0000,  0.0000,  0.0000,  0.0000,  0.0000]])
tensor([[-0.3827,  1.0000,  0.0000,  0.0000,  0.0000,  0.0000]])
tensor([[-0.4517,  1.0000,  0.0000,  0.0000,  0.0000,  0.0000]])
tensor([[-0.3244,  1.0000,  0.0000,  0.0000,  0.0000,  0.0000]])
tensor([[0.5475, 1.0000, 0.0000, 0.0000, 0.0000, 0.0000]])
tensor([[-0.0581,  1.0000,  0.0000,  0.0000,  1.0000,  0.0000]])
tensor([[-0.6599,  1.0000,  0.0000,  0.0000,  0.0000,  0.0000]])
tensor([[0.6194, 1.0000, 0.0000, 0.0000, 0.0000, 0.0000]])
tensor([[0.7811, 0.0000, 0.0000, 0.0000, 0.0000, 0.0000]])
tensor([[0.6728, 1.0000, 0.0000, 0.0000, 0.0000, 0.0000]])
tensor([[0.2625, 1.0000, 0.0000, 0.0000, 0.0000, 0.0000]])
tensor([[0.6989, 1.0000, 0.0000, 0.0000, 0.0000, 0.0000]])
tensor([[0.2513, 1.0000, 0.0000, 0.0000, 0.0000, 0.0000]])
tensor([[-0.5954,  1.0000,  0.0000,  0.0000,  0.0000,  0.0000]])
tensor([[-0.1354,  1.0000,  0.0000,  0.0000,  0.0000,  0.0000]])
tensor([[-0.4204,  0.0000,  0.0000,  0.0000,  0.0000,  0.0000]])
tensor([[-0.4318,  1.0000,  0.0000,  0.0000,  0.0000,  0.0000]])
tensor([[0.0559, 1.0000, 0.0000, 0.0000, 0.0000, 0.0000]])
tensor([[0.5351, 1.0000, 1.0000, 0.0000, 0.0000, 0.0000]])
tensor([[0.6289, 0.0000, 0.0000, 0.0000, 0.0000, 0.0000]])
tensor([[-0.4548,  0.0000,  0.0000,  0.0000,  0.0000,  0.0000]])
tensor([[0.1343, 1.0000, 0.0000, 0.0000, 0.0000, 0.0000]])
tensor([[-0.6759,  1.0000,  0.0000,  0.0000,  0.0000,  0.0000]])
tensor([[0.2566, 0.0000, 0.0000, 0.0000, 0.0000, 0.0000]])
tensor([[0.4252, 0.0000, 0.0000, 0.0000, 0.0000, 0.0000]])
tensor([[0.5093, 0.0000, 0.0000, 0.0000, 0.0000, 0.0000]])
tensor([[0.3446, 0.0000, 0.0000, 0.0000, 0.0000, 0.0000]])
tensor([[-0.6172,  0.0000,  0.0000,  0.0000,  0.0000,  0.0000]])
tensor([[0.5228, 1.0000, 0.0000, 0.0000, 0.0000, 0.0000]])
tensor([[-0.8870,  1.0000,  0.0000,  0.0000,  0.0000,  0.0000]])
tensor([[0.0667, 1.0000, 0.0000, 0.0000, 0.0000, 0.0000]])
tensor([[0.6441, 0.0000, 0.0000, 0.0000, 0.0000, 0.0000]])
tensor([[0.4819, 1.0000, 0.0000, 0.0000, 0.0000, 0.0000]])
tensor([[0.5896, 1.0000, 1.0000, 0.0000, 0.0000, 0.0000]])
tensor([[0.6247, 1.0000, 0.0000, 0.0000, 0.0000, 0.0000]])
tensor([[-0.8159,  1.0000,  0.0000,  0.0000,  0.0000,  0.0000]])
tensor([[-0.0932,  1.0000,  0.0000,  0.0000,  0.0000,  0.0000]])
tensor([[0.7677, 0.0000, 0.0000, 0.0000, 0.0000, 0.0000]])
tensor([[0.4206, 0.0000, 0.0000, 0.0000, 0.0000, 0.0000]])
tensor([[-0.9436,  1.0000,  0.0000,  0.0000,  0.0000,  0.0000]])
tensor([[-0.6429,  1.0000,  0.0000,  0.0000,  0.0000,  0.0000]])
tensor([[0.5328, 1.0000, 0.0000, 0.0000, 0.0000, 0.0000]])
tensor([[0.4790, 0.0000, 0.0000, 0.0000, 0.0000, 0.0000]])
tensor([[-0.6824,  1.0000,  0.0000,  0.0000,  0.0000,  0.0000]])
tensor([[-0.1926,  1.0000,  0.0000,  0.0000,  0.0000,  0.0000]])
tensor([[0.1153, 0.0000, 0.0000, 0.0000, 0.0000, 0.0000]])
tensor([[-0.5498,  1.0000,  0.0000,  0.0000,  0.0000,  0.0000]])
tensor([[-0.6894,  1.0000,  0.0000,  0.0000,  0.0000,  0.0000]])
tensor([[-0.5173,  1.0000,  1.0000,  0.0000,  0.0000,  0.0000]])
tensor([[-0.1579,  1.0000,  0.0000,  0.0000,  0.0000,  0.0000]])
tensor([[-0.5019,  0.0000,  0.0000,  0.0000,  0.0000,  0.0000]])
tensor([[-0.2247,  1.0000,  0.0000,  0.0000,  0.0000,  0.0000]])
tensor([[-0.6558,  1.0000,  0.0000,  0.0000,  0.0000,  0.0000]])
tensor([[-0.1171,  0.0000,  0.0000,  0.0000,  0.0000,  0.0000]])
tensor([[-0.3872,  1.0000,  1.0000,  0.0000,  0.0000,  0.0000]])
tensor([[0.1830, 1.0000, 0.0000, 0.0000, 0.0000, 0.0000]])
tensor([[-0.9499,  1.0000,  0.0000,  0.0000,  0.0000,  0.0000]])
tensor([[-0.8951,  1.0000,  0.0000,  0.0000,  0.0000,  0.0000]])
tensor([[0.0799, 1.0000, 0.0000, 0.0000, 0.0000, 0.0000]])
tensor([[-0.1641,  1.0000,  0.0000,  0.0000,  0.0000,  0.0000]])
tensor([[0.4583, 0.0000, 0.0000, 0.0000, 0.0000, 0.0000]])
tensor([[-0.7180,  1.0000,  0.0000,  0.0000,  0.0000,  0.0000]])
tensor([[-0.8255,  1.0000,  0.0000,  0.0000,  0.0000,  0.0000]])
tensor([[-0.8797,  1.0000,  0.0000,  0.0000,  0.0000,  0.0000]])
tensor([[-0.1741,  0.0000,  0.0000,  0.0000,  0.0000,  0.0000]])
tensor([[0.0099, 1.0000, 1.0000, 0.0000, 0.0000, 0.0000]])
tensor([[0.3616, 1.0000, 0.0000, 0.0000, 0.0000, 0.0000]])
tensor([[-0.5218,  0.0000,  0.0000,  0.0000,  0.0000,  0.0000]])
tensor([[0.0612, 1.0000, 0.0000, 0.0000, 0.0000, 0.0000]])
tensor([[0.1699, 0.0000, 0.0000, 0.0000, 0.0000, 0.0000]])
tensor([[-0.7503,  1.0000,  0.0000,  0.0000,  0.0000,  0.0000]])
tensor([[-0.9211,  0.0000,  0.0000,  0.0000,  0.0000,  0.0000]])
tensor([[0.1396, 0.0000, 1.0000, 0.0000, 0.0000, 0.0000]])
tensor([[-0.0074,  1.0000,  0.0000,  0.0000,  0.0000,  0.0000]])
tensor([[-0.8617,  1.0000,  0.0000,  0.0000,  0.0000,  0.0000]])
tensor([[-0.6092,  0.0000,  0.0000,  0.0000,  0.0000,  0.0000]])
tensor([[-0.4779,  1.0000,  0.0000,  0.0000,  0.0000,  0.0000]])
tensor([[-0.7842,  1.0000,  0.0000,  0.0000,  1.0000,  0.0000]])
tensor([[0.6577, 1.0000, 0.0000, 0.0000, 0.0000, 0.0000]])
tensor([[0.0452, 1.0000, 0.0000, 0.0000, 0.0000, 0.0000]])
tensor([[-0.7850,  1.0000,  0.0000,  0.0000,  0.0000,  0.0000]])
tensor([[-0.8909,  0.0000,  0.0000,  0.0000,  0.0000,  0.0000]])
tensor([[0.0607, 0.0000, 0.0000, 0.0000, 0.0000, 0.0000]])
tensor([[0.8776, 1.0000, 0.0000, 0.0000, 0.0000, 0.0000]])
tensor([[-0.7488,  1.0000,  0.0000,  0.0000,  0.0000,  0.0000]])
tensor([[-0.7404,  0.0000,  0.0000,  0.0000,  0.0000,  0.0000]])
tensor([[-0.5104,  1.0000,  0.0000,  0.0000,  0.0000,  0.0000]])
tensor([[0.3709, 0.0000, 0.0000, 0.0000, 0.0000, 0.0000]])
tensor([[0.5735, 1.0000, 0.0000, 0.0000, 0.0000, 0.0000]])
tensor([[-0.2977,  1.0000,  0.0000,  0.0000,  0.0000,  0.0000]])
tensor([[-0.4785,  1.0000,  0.0000,  0.0000,  0.0000,  0.0000]])
tensor([[0.7393, 1.0000, 0.0000, 0.0000, 0.0000, 0.0000]])
tensor([[-0.0560,  1.0000,  0.0000,  0.0000,  0.0000,  0.0000]])
tensor([[0.5897, 1.0000, 0.0000, 0.0000, 0.0000, 0.0000]])
tensor([[0.0994, 1.0000, 0.0000, 0.0000, 0.0000, 0.0000]])
tensor([[-0.7758,  1.0000,  0.0000,  0.0000,  0.0000,  0.0000]])
tensor([[0.7748, 0.0000, 1.0000, 0.0000, 0.0000, 0.0000]])
tensor([[0.4887, 1.0000, 0.0000, 0.0000, 0.0000, 0.0000]])
tensor([[-0.8431,  1.0000,  0.0000,  0.0000,  0.0000,  0.0000]])
tensor([[-0.5538,  1.0000,  0.0000,  0.0000,  0.0000,  0.0000]])
tensor([[0.4803, 1.0000, 0.0000, 0.0000, 0.0000, 0.0000]])
tensor([[0.5663, 1.0000, 0.0000, 0.0000, 0.0000, 0.0000]])
tensor([[-0.3843,  1.0000,  0.0000,  0.0000,  0.0000,  0.0000]])
tensor([[-0.1809,  0.0000,  0.0000,  0.0000,  0.0000,  0.0000]])
tensor([[-0.6018,  0.0000,  1.0000,  0.0000,  0.0000,  0.0000]])
tensor([[0.2967, 1.0000, 0.0000, 0.0000, 0.0000, 0.0000]])
tensor([[-0.8920,  1.0000,  0.0000,  0.0000,  0.0000,  0.0000]])
tensor([[0.0956, 0.0000, 0.0000, 0.0000, 0.0000, 0.0000]])
tensor([[0.7442, 1.0000, 1.0000, 0.0000, 0.0000, 0.0000]])
tensor([[-0.2266,  1.0000,  0.0000,  0.0000,  0.0000,  0.0000]])
tensor([[-0.4827,  0.0000,  0.0000,  0.0000,  0.0000,  0.0000]])
tensor([[-0.1093,  0.0000,  0.0000,  0.0000,  0.0000,  0.0000]])
tensor([[-0.6378,  0.0000,  0.0000,  0.0000,  0.0000,  0.0000]])
tensor([[0.6278, 1.0000, 0.0000, 0.0000, 0.0000, 0.0000]])
tensor([[0.7110, 1.0000, 0.0000, 1.0000, 0.0000, 0.0000]])
tensor([[0.5709, 1.0000, 0.0000, 0.0000, 0.0000, 0.0000]])
tensor([[0.4886, 1.0000, 0.0000, 0.0000, 0.0000, 0.0000]])
tensor([[0.0821, 1.0000, 0.0000, 0.0000, 0.0000, 0.0000]])
tensor([[0.2967, 0.0000, 0.0000, 0.0000, 0.0000, 0.0000]])
tensor([[0.5228, 0.0000, 0.0000, 0.0000, 0.0000, 0.0000]])
tensor([[-0.3446,  1.0000,  0.0000,  0.0000,  0.0000,  0.0000]])
tensor([[0.3378, 1.0000, 0.0000, 0.0000, 0.0000, 0.0000]])
tensor([[0.2177, 1.0000, 0.0000, 0.0000, 0.0000, 0.0000]])
tensor([[-0.1693,  1.0000,  0.0000,  0.0000,  0.0000,  0.0000]])
tensor([[0.8915, 1.0000, 1.0000, 0.0000, 0.0000, 0.0000]])
tensor([[0.3887, 0.0000, 0.0000, 0.0000, 0.0000, 0.0000]])
tensor([[-0.6972,  0.0000,  0.0000,  0.0000,  0.0000,  0.0000]])
tensor([[-0.4114,  1.0000,  1.0000,  0.0000,  0.0000,  0.0000]])
tensor([[0.2643, 1.0000, 0.0000, 0.0000, 0.0000, 0.0000]])
tensor([[0.6910, 0.0000, 1.0000, 0.0000, 0.0000, 0.0000]])
tensor([[0.0682, 1.0000, 0.0000, 0.0000, 0.0000, 0.0000]])
tensor([[0.2020, 1.0000, 0.0000, 0.0000, 0.0000, 0.0000]])
tensor([[0.3322, 1.0000, 0.0000, 0.0000, 0.0000, 0.0000]])
tensor([[0.2266, 1.0000, 0.0000, 0.0000, 0.0000, 0.0000]])
tensor([[-0.4076,  1.0000,  0.0000,  0.0000,  0.0000,  0.0000]])
tensor([[0.8494, 1.0000, 0.0000, 0.0000, 0.0000, 0.0000]])
tensor([[0.8831, 1.0000, 0.0000, 0.0000, 0.0000, 0.0000]])
tensor([[0.6661, 1.0000, 0.0000, 0.0000, 0.0000, 0.0000]])
tensor([[0.1673, 1.0000, 0.0000, 0.0000, 0.0000, 0.0000]])
tensor([[-0.9459,  1.0000,  1.0000,  0.0000,  0.0000,  0.0000]])
tensor([[0.2777, 0.0000, 0.0000, 0.0000, 0.0000, 0.0000]])
tensor([[0.2280, 1.0000, 0.0000, 0.0000, 0.0000, 0.0000]])
tensor([[0.5179, 1.0000, 0.0000, 0.0000, 0.0000, 0.0000]])
tensor([[-0.4346,  0.0000,  0.0000,  0.0000,  0.0000,  0.0000]])
tensor([[0.2853, 0.0000, 1.0000, 0.0000, 0.0000, 0.0000]])
tensor([[-0.4781,  0.0000,  0.0000,  0.0000,  0.0000,  0.0000]])
tensor([[0.5695, 1.0000, 0.0000, 0.0000, 0.0000, 0.0000]])
tensor([[0.5239, 1.0000, 0.0000, 0.0000, 0.0000, 0.0000]])
tensor([[-0.5197,  1.0000,  0.0000,  0.0000,  0.0000,  0.0000]])
tensor([[-0.5781,  1.0000,  0.0000,  0.0000,  0.0000,  0.0000]])
tensor([[0.2797, 1.0000, 0.0000, 0.0000, 0.0000, 0.0000]])
tensor([[0.2630, 1.0000, 0.0000, 0.0000, 0.0000, 0.0000]])
tensor([[-0.0025,  0.0000,  0.0000,  0.0000,  0.0000,  0.0000]])
tensor([[-0.4342,  1.0000,  0.0000,  0.0000,  0.0000,  0.0000]])
tensor([[0.0051, 0.0000, 0.0000, 0.0000, 0.0000, 0.0000]])
tensor([[0.2925, 1.0000, 0.0000, 0.0000, 0.0000, 0.0000]])
tensor([[0.1207, 1.0000, 0.0000, 0.0000, 0.0000, 0.0000]])
tensor([[-0.2003,  0.0000,  0.0000,  0.0000,  0.0000,  0.0000]])
tensor([[0.9024, 1.0000, 0.0000, 0.0000, 0.0000, 0.0000]])
tensor([[0.2075, 1.0000, 0.0000, 0.0000, 0.0000, 0.0000]])
tensor([[-0.0842,  1.0000,  0.0000,  0.0000,  0.0000,  0.0000]])
tensor([[0.4087, 1.0000, 0.0000, 0.0000, 0.0000, 0.0000]])
tensor([[0.1963, 0.0000, 0.0000, 0.0000, 0.0000, 0.0000]])
tensor([[0.3978, 1.0000, 0.0000, 0.0000, 0.0000, 0.0000]])
tensor([[0.6744, 1.0000, 0.0000, 0.0000, 0.0000, 0.0000]])
tensor([[0.4114, 0.0000, 0.0000, 0.0000, 0.0000, 0.0000]])
tensor([[-0.2472,  1.0000,  0.0000,  0.0000,  0.0000,  0.0000]])
tensor([[0.6969, 1.0000, 1.0000, 0.0000, 0.0000, 0.0000]])
tensor([[-0.8383,  1.0000,  1.0000,  0.0000,  0.0000,  0.0000]])
tensor([[0.2548, 0.0000, 0.0000, 0.0000, 0.0000, 0.0000]])
tensor([[-0.1277,  1.0000,  0.0000,  0.0000,  0.0000,  0.0000]])
tensor([[0.6909, 0.0000, 0.0000, 0.0000, 0.0000, 0.0000]])
tensor([[0.6586, 1.0000, 0.0000, 0.0000, 0.0000, 0.0000]])
tensor([[0.6459, 1.0000, 0.0000, 0.0000, 0.0000, 0.0000]])
tensor([[0.5945, 1.0000, 1.0000, 0.0000, 0.0000, 0.0000]])
tensor([[-0.5387,  1.0000,  0.0000,  0.0000,  0.0000,  0.0000]])
tensor([[0.5360, 1.0000, 0.0000, 0.0000, 1.0000, 0.0000]])
tensor([[0.8330, 0.0000, 0.0000, 0.0000, 0.0000, 0.0000]])
tensor([[0.0112, 0.0000, 0.0000, 0.0000, 0.0000, 0.0000]])
tensor([[0.4366, 0.0000, 0.0000, 0.0000, 0.0000, 0.0000]])
tensor([[0.1989, 1.0000, 0.0000, 0.0000, 0.0000, 0.0000]])
tensor([[-0.1502,  0.0000,  0.0000,  0.0000,  0.0000,  0.0000]])
tensor([[0.7076, 0.0000, 1.0000, 0.0000, 0.0000, 0.0000]])
tensor([[0.6454, 0.0000, 0.0000, 0.0000, 0.0000, 0.0000]])
tensor([[-0.2086,  1.0000,  0.0000,  0.0000,  0.0000,  0.0000]])
tensor([[0.1314, 0.0000, 0.0000, 0.0000, 0.0000, 0.0000]])
tensor([[-0.1849,  1.0000,  0.0000,  0.0000,  0.0000,  0.0000]])
tensor([[-0.3049,  1.0000,  0.0000,  0.0000,  0.0000,  0.0000]])
tensor([[0.0117, 1.0000, 0.0000, 0.0000, 0.0000, 0.0000]])
tensor([[-0.4477,  0.0000,  0.0000,  0.0000,  0.0000,  1.0000]])
tensor([[-0.2077,  1.0000,  0.0000,  0.0000,  0.0000,  0.0000]])
tensor([[-0.7394,  0.0000,  0.0000,  0.0000,  0.0000,  0.0000]])
tensor([[0.3514, 1.0000, 1.0000, 0.0000, 0.0000, 0.0000]])
tensor([[0.6338, 0.0000, 0.0000, 0.0000, 0.0000, 0.0000]])
tensor([[0.6940, 1.0000, 0.0000, 0.0000, 0.0000, 0.0000]])
tensor([[0.4271, 1.0000, 0.0000, 0.0000, 0.0000, 0.0000]])
tensor([[-0.4844,  1.0000,  1.0000,  0.0000,  0.0000,  0.0000]])
tensor([[0.6762, 1.0000, 0.0000, 0.0000, 0.0000, 0.0000]])
tensor([[-0.1576,  1.0000,  0.0000,  0.0000,  0.0000,  0.0000]])
tensor([[0.0987, 0.0000, 0.0000, 0.0000, 0.0000, 0.0000]])
tensor([[-0.6183,  1.0000,  0.0000,  0.0000,  0.0000,  0.0000]])
tensor([[0.7623, 1.0000, 0.0000, 0.0000, 0.0000, 0.0000]])
tensor([[0.3587, 1.0000, 0.0000, 0.0000, 0.0000, 0.0000]])
tensor([[-0.1327,  0.0000,  0.0000,  0.0000,  0.0000,  0.0000]])
tensor([[-0.7504,  1.0000,  0.0000,  0.0000,  0.0000,  0.0000]])
tensor([[-0.4273,  1.0000,  0.0000,  0.0000,  0.0000,  0.0000]])
tensor([[-0.6870,  0.0000,  0.0000,  0.0000,  0.0000,  0.0000]])
tensor([[0.2416, 0.0000, 0.0000, 0.0000, 0.0000, 0.0000]])
tensor([[0.8758, 1.0000, 0.0000, 0.0000, 0.0000, 0.0000]])
tensor([[0.0009, 0.0000, 0.0000, 0.0000, 0.0000, 0.0000]])
tensor([[-0.7221,  0.0000,  0.0000,  1.0000,  0.0000,  0.0000]])
tensor([[0.8357, 0.0000, 0.0000, 0.0000, 0.0000, 0.0000]])
tensor([[-0.8012,  1.0000,  1.0000,  0.0000,  0.0000,  0.0000]])
tensor([[0.8042, 1.0000, 0.0000, 0.0000, 0.0000, 0.0000]])
tensor([[-0.2264,  1.0000,  0.0000,  0.0000,  0.0000,  0.0000]])
tensor([[0.8530, 1.0000, 0.0000, 0.0000, 0.0000, 0.0000]])
tensor([[-0.4908,  0.0000,  0.0000,  0.0000,  0.0000,  0.0000]])
tensor([[-0.3672,  0.0000,  0.0000,  0.0000,  1.0000,  0.0000]])
tensor([[-0.4658,  0.0000,  0.0000,  0.0000,  0.0000,  0.0000]])
tensor([[-0.6092,  1.0000,  0.0000,  0.0000,  0.0000,  0.0000]])
tensor([[0.2092, 1.0000, 0.0000, 0.0000, 0.0000, 0.0000]])
tensor([[0.0720, 1.0000, 0.0000, 1.0000, 0.0000, 0.0000]])
tensor([[0.2272, 0.0000, 1.0000, 0.0000, 0.0000, 0.0000]])
tensor([[-0.4131,  1.0000,  0.0000,  0.0000,  0.0000,  0.0000]])
tensor([[-0.8379,  1.0000,  0.0000,  0.0000,  0.0000,  0.0000]])
tensor([[-0.0673,  0.0000,  0.0000,  0.0000,  0.0000,  0.0000]])
tensor([[0.2603, 1.0000, 0.0000, 0.0000, 0.0000, 0.0000]])
tensor([[0.4609, 0.0000, 0.0000, 0.0000, 0.0000, 0.0000]])
tensor([[0.4476, 1.0000, 0.0000, 0.0000, 0.0000, 0.0000]])
tensor([[-0.8096,  0.0000,  0.0000,  0.0000,  0.0000,  0.0000]])
tensor([[-0.1439,  0.0000,  0.0000,  0.0000,  0.0000,  0.0000]])
tensor([[0.4491, 0.0000, 0.0000, 0.0000, 0.0000, 0.0000]])
tensor([[-0.9333,  0.0000,  0.0000,  0.0000,  0.0000,  0.0000]])
tensor([[0.7194, 1.0000, 0.0000, 0.0000, 0.0000, 0.0000]])
tensor([[-0.6066,  0.0000,  1.0000,  0.0000,  0.0000,  0.0000]])
tensor([[-0.1159,  1.0000,  0.0000,  0.0000,  0.0000,  0.0000]])
tensor([[-0.8732,  0.0000,  1.0000,  0.0000,  0.0000,  0.0000]])
tensor([[0.8232, 0.0000, 0.0000, 0.0000, 0.0000, 0.0000]])
tensor([[-0.8666,  1.0000,  0.0000,  0.0000,  0.0000,  0.0000]])
tensor([[-0.6173,  0.0000,  0.0000,  0.0000,  0.0000,  0.0000]])
tensor([[-0.2075,  0.0000,  0.0000,  0.0000,  0.0000,  0.0000]])
tensor([[-0.1376,  1.0000,  0.0000,  0.0000,  0.0000,  0.0000]])
tensor([[-0.0410,  1.0000,  0.0000,  0.0000,  0.0000,  0.0000]])
tensor([[-0.2770,  1.0000,  0.0000,  0.0000,  0.0000,  0.0000]])
tensor([[-0.1507,  1.0000,  0.0000,  0.0000,  0.0000,  0.0000]])
tensor([[-0.4753,  1.0000,  0.0000,  0.0000,  0.0000,  0.0000]])
tensor([[-0.7134,  1.0000,  0.0000,  0.0000,  0.0000,  0.0000]])
tensor([[-0.6951,  0.0000,  0.0000,  0.0000,  0.0000,  0.0000]])
tensor([[-0.7771,  1.0000,  0.0000,  0.0000,  0.0000,  0.0000]])
tensor([[0.0282, 1.0000, 0.0000, 0.0000, 0.0000, 0.0000]])
tensor([[0.4624, 0.0000, 0.0000, 0.0000, 0.0000, 0.0000]])
tensor([[-0.5394,  0.0000,  0.0000,  0.0000,  0.0000,  0.0000]])
tensor([[-0.6910,  1.0000,  0.0000,  0.0000,  0.0000,  0.0000]])
tensor([[-0.6760,  0.0000,  0.0000,  0.0000,  0.0000,  0.0000]])
tensor([[-0.7521,  1.0000,  0.0000,  0.0000,  0.0000,  0.0000]])
tensor([[-0.9366,  1.0000,  0.0000,  0.0000,  0.0000,  0.0000]])
tensor([[-0.3655,  1.0000,  1.0000,  0.0000,  0.0000,  0.0000]])
tensor([[-0.1813,  1.0000,  0.0000,  0.0000,  0.0000,  0.0000]])
tensor([[0.1103, 0.0000, 0.0000, 0.0000, 0.0000, 0.0000]])
tensor([[-0.0840,  0.0000,  0.0000,  0.0000,  0.0000,  0.0000]])
tensor([[-0.6301,  0.0000,  0.0000,  0.0000,  0.0000,  0.0000]])
tensor([[0.6603, 1.0000, 0.0000, 0.0000, 0.0000, 0.0000]])
tensor([[0.2865, 0.0000, 0.0000, 0.0000, 0.0000, 0.0000]])
tensor([[-0.8537,  1.0000,  1.0000,  0.0000,  0.0000,  0.0000]])
tensor([[-0.7003,  0.0000,  0.0000,  0.0000,  0.0000,  0.0000]])
tensor([[-0.2532,  0.0000,  0.0000,  0.0000,  0.0000,  0.0000]])
tensor([[-0.6770,  1.0000,  0.0000,  0.0000,  0.0000,  0.0000]])
tensor([[-0.8801,  0.0000,  0.0000,  0.0000,  0.0000,  0.0000]])
tensor([[0.8352, 0.0000, 0.0000, 0.0000, 0.0000, 0.0000]])
tensor([[0.2147, 0.0000, 0.0000, 0.0000, 0.0000, 0.0000]])
tensor([[-0.7471,  1.0000,  0.0000,  0.0000,  0.0000,  0.0000]])
tensor([[-0.5130,  1.0000,  0.0000,  0.0000,  0.0000,  0.0000]])
tensor([[-0.1038,  1.0000,  0.0000,  0.0000,  0.0000,  0.0000]])
tensor([[-0.3831,  1.0000,  0.0000,  0.0000,  0.0000,  0.0000]])
tensor([[-0.4330,  0.0000,  0.0000,  0.0000,  0.0000,  0.0000]])
tensor([[-0.8302,  0.0000,  1.0000,  0.0000,  0.0000,  0.0000]])
tensor([[-0.4046,  0.0000,  0.0000,  0.0000,  0.0000,  0.0000]])
tensor([[-0.5718,  1.0000,  0.0000,  0.0000,  0.0000,  0.0000]])
tensor([[-0.7702,  0.0000,  0.0000,  0.0000,  1.0000,  0.0000]])
tensor([[-0.7272,  0.0000,  0.0000,  0.0000,  0.0000,  0.0000]])
tensor([[-0.3225,  1.0000,  0.0000,  0.0000,  0.0000,  0.0000]])
tensor([[-0.4919,  1.0000,  0.0000,  0.0000,  0.0000,  0.0000]])
tensor([[-0.7033,  1.0000,  0.0000,  0.0000,  0.0000,  0.0000]])
tensor([[-0.5201,  1.0000,  0.0000,  0.0000,  0.0000,  0.0000]])
tensor([[0.0217, 1.0000, 0.0000, 0.0000, 0.0000, 0.0000]])
tensor([[-0.6847,  1.0000,  0.0000,  0.0000,  0.0000,  0.0000]])
tensor([[-0.2971,  1.0000,  0.0000,  0.0000,  0.0000,  0.0000]])
tensor([[-0.7067,  0.0000,  0.0000,  0.0000,  0.0000,  0.0000]])
tensor([[-0.8442,  1.0000,  0.0000,  0.0000,  0.0000,  0.0000]])
tensor([[-0.2673,  1.0000,  0.0000,  0.0000,  0.0000,  0.0000]])
tensor([[-0.7172,  0.0000,  0.0000,  0.0000,  0.0000,  0.0000]])
tensor([[-0.7839,  1.0000,  0.0000,  0.0000,  0.0000,  0.0000]])
tensor([[-0.4753,  1.0000,  0.0000,  0.0000,  0.0000,  0.0000]])
tensor([[-0.6731,  1.0000,  0.0000,  0.0000,  0.0000,  0.0000]])
tensor([[-0.4263,  0.0000,  0.0000,  0.0000,  0.0000,  0.0000]])
tensor([[0.3937, 1.0000, 0.0000, 0.0000, 0.0000, 0.0000]])
tensor([[0.5240, 1.0000, 0.0000, 0.0000, 0.0000, 0.0000]])
tensor([[-0.2417,  1.0000,  0.0000,  0.0000,  0.0000,  0.0000]])
tensor([[-0.6995,  1.0000,  0.0000,  0.0000,  0.0000,  0.0000]])
tensor([[-0.5351,  1.0000,  0.0000,  0.0000,  0.0000,  0.0000]])
tensor([[-0.5007,  1.0000,  0.0000,  0.0000,  0.0000,  0.0000]])
tensor([[0.3218, 1.0000, 0.0000, 0.0000, 0.0000, 0.0000]])
tensor([[-0.4125,  1.0000,  0.0000,  0.0000,  0.0000,  0.0000]])
tensor([[-0.8413,  0.0000,  0.0000,  0.0000,  0.0000,  0.0000]])
tensor([[0.0644, 0.0000, 0.0000, 0.0000, 0.0000, 0.0000]])
tensor([[-0.2738,  1.0000,  0.0000,  0.0000,  0.0000,  0.0000]])
tensor([[0.2610, 1.0000, 0.0000, 0.0000, 0.0000, 0.0000]])
tensor([[-0.4050,  0.0000,  0.0000,  0.0000,  0.0000,  0.0000]])
tensor([[-0.0472,  0.0000,  0.0000,  0.0000,  0.0000,  0.0000]])
tensor([[-0.0152,  0.0000,  0.0000,  0.0000,  0.0000,  0.0000]])
tensor([[0.6152, 1.0000, 0.0000, 0.0000, 0.0000, 0.0000]])
tensor([[-0.8912,  1.0000,  0.0000,  0.0000,  0.0000,  0.0000]])
tensor([[-0.8593,  1.0000,  0.0000,  0.0000,  0.0000,  0.0000]])
tensor([[0.6908, 1.0000, 0.0000, 0.0000, 0.0000, 0.0000]])
tensor([[0.1628, 1.0000, 0.0000, 0.0000, 0.0000, 0.0000]])
tensor([[-0.4365,  0.0000,  0.0000,  0.0000,  0.0000,  0.0000]])
tensor([[-0.5068,  1.0000,  0.0000,  0.0000,  0.0000,  0.0000]])
tensor([[-0.7286,  1.0000,  0.0000,  0.0000,  0.0000,  0.0000]])
tensor([[-0.1606,  1.0000,  0.0000,  0.0000,  0.0000,  0.0000]])
tensor([[0.0596, 0.0000, 0.0000, 0.0000, 0.0000, 0.0000]])
tensor([[-0.7457,  0.0000,  0.0000,  0.0000,  0.0000,  0.0000]])
tensor([[-0.4887,  1.0000,  0.0000,  0.0000,  0.0000,  0.0000]])
tensor([[0.0110, 0.0000, 0.0000, 0.0000, 0.0000, 0.0000]])
tensor([[0.4421, 1.0000, 0.0000, 0.0000, 0.0000, 0.0000]])
tensor([[-0.5854,  1.0000,  1.0000,  0.0000,  0.0000,  0.0000]])
tensor([[-0.2489,  1.0000,  0.0000,  0.0000,  0.0000,  0.0000]])
tensor([[-0.7291,  1.0000,  0.0000,  0.0000,  0.0000,  0.0000]])
tensor([[0.0661, 0.0000, 0.0000, 0.0000, 0.0000, 0.0000]])
tensor([[-0.3948,  0.0000,  0.0000,  0.0000,  0.0000,  0.0000]])
tensor([[-0.1659,  1.0000,  0.0000,  0.0000,  0.0000,  0.0000]])
tensor([[0.6318, 1.0000, 0.0000, 0.0000, 0.0000, 0.0000]])
tensor([[0.0576, 0.0000, 0.0000, 0.0000, 0.0000, 0.0000]])
tensor([[-0.6451,  1.0000,  0.0000,  0.0000,  0.0000,  0.0000]])
tensor([[0.8231, 0.0000, 0.0000, 0.0000, 0.0000, 0.0000]])
tensor([[-0.4783,  1.0000,  0.0000,  0.0000,  0.0000,  0.0000]])
tensor([[-0.5146,  1.0000,  0.0000,  0.0000,  0.0000,  0.0000]])
tensor([[-0.1236,  1.0000,  0.0000,  0.0000,  0.0000,  0.0000]])
tensor([[-0.1888,  1.0000,  0.0000,  0.0000,  0.0000,  0.0000]])
tensor([[-0.5737,  0.0000,  0.0000,  0.0000,  0.0000,  0.0000]])
tensor([[-0.5091,  0.0000,  0.0000,  0.0000,  0.0000,  0.0000]])
tensor([[-0.2969,  1.0000,  0.0000,  0.0000,  0.0000,  0.0000]])
tensor([[0.3240, 1.0000, 0.0000, 0.0000, 0.0000, 0.0000]])
tensor([[-0.3886,  1.0000,  0.0000,  0.0000,  0.0000,  0.0000]])
tensor([[0.1084, 1.0000, 0.0000, 0.0000, 0.0000, 0.0000]])
tensor([[-0.2316,  0.0000,  0.0000,  0.0000,  0.0000,  0.0000]])
tensor([[-0.0709,  0.0000,  0.0000,  0.0000,  0.0000,  0.0000]])
tensor([[-0.6996,  0.0000,  0.0000,  0.0000,  0.0000,  0.0000]])
tensor([[-0.3805,  1.0000,  0.0000,  0.0000,  0.0000,  0.0000]])
tensor([[-0.1216,  0.0000,  0.0000,  0.0000,  0.0000,  0.0000]])
tensor([[0.1546, 0.0000, 0.0000, 0.0000, 0.0000, 0.0000]])
tensor([[0.0830, 0.0000, 0.0000, 0.0000, 0.0000, 0.0000]])
tensor([[-0.8022,  1.0000,  0.0000,  0.0000,  0.0000,  0.0000]])
tensor([[-0.5636,  0.0000,  0.0000,  0.0000,  0.0000,  0.0000]])
tensor([[0.2246, 1.0000, 0.0000, 0.0000, 0.0000, 0.0000]])
tensor([[-0.2703,  1.0000,  0.0000,  0.0000,  0.0000,  0.0000]])
tensor([[0.6310, 1.0000, 0.0000, 0.0000, 0.0000, 0.0000]])
tensor([[-0.2173,  0.0000,  0.0000,  0.0000,  0.0000,  0.0000]])
tensor([[0.5542, 1.0000, 0.0000, 0.0000, 0.0000, 0.0000]])
tensor([[-0.7587,  1.0000,  0.0000,  0.0000,  0.0000,  0.0000]])
tensor([[-0.4061,  0.0000,  0.0000,  0.0000,  0.0000,  0.0000]])
tensor([[-0.3577,  1.0000,  0.0000,  0.0000,  0.0000,  0.0000]])
tensor([[-0.6523,  1.0000,  0.0000,  0.0000,  0.0000,  0.0000]])
tensor([[-0.7450,  1.0000,  0.0000,  0.0000,  0.0000,  0.0000]])
tensor([[0.4764, 1.0000, 0.0000, 0.0000, 0.0000, 0.0000]])
tensor([[0.2235, 1.0000, 0.0000, 0.0000, 0.0000, 0.0000]])
tensor([[0.6827, 1.0000, 0.0000, 0.0000, 0.0000, 0.0000]])
tensor([[0.1350, 0.0000, 0.0000, 0.0000, 0.0000, 0.0000]])
tensor([[-0.8550,  0.0000,  0.0000,  0.0000,  0.0000,  0.0000]])
tensor([[-0.0809,  1.0000,  0.0000,  0.0000,  0.0000,  0.0000]])
tensor([[0.5574, 0.0000, 0.0000, 0.0000, 0.0000, 0.0000]])
tensor([[0.4255, 1.0000, 0.0000, 0.0000, 0.0000, 0.0000]])
tensor([[-0.5661,  1.0000,  0.0000,  0.0000,  0.0000,  0.0000]])
tensor([[-0.6674,  0.0000,  0.0000,  0.0000,  0.0000,  0.0000]])
tensor([[0.0528, 0.0000, 0.0000, 0.0000, 0.0000, 0.0000]])
tensor([[0.5324, 1.0000, 0.0000, 0.0000, 0.0000, 0.0000]])
tensor([[0.4212, 1.0000, 0.0000, 0.0000, 0.0000, 0.0000]])
tensor([[-0.7829,  0.0000,  0.0000,  0.0000,  0.0000,  0.0000]])
tensor([[-0.7592,  0.0000,  0.0000,  0.0000,  0.0000,  0.0000]])
tensor([[0.6466, 0.0000, 0.0000, 0.0000, 0.0000, 0.0000]])
tensor([[0.4915, 0.0000, 1.0000, 0.0000, 0.0000, 0.0000]])
tensor([[0.5019, 0.0000, 0.0000, 0.0000, 0.0000, 0.0000]])
tensor([[-0.7061,  0.0000,  0.0000,  0.0000,  0.0000,  0.0000]])
tensor([[-0.6167,  0.0000,  0.0000,  0.0000,  0.0000,  0.0000]])
tensor([[0.4368, 0.0000, 0.0000, 0.0000, 0.0000, 0.0000]])
tensor([[0.1936, 1.0000, 0.0000, 0.0000, 0.0000, 0.0000]])
tensor([[-0.9222,  1.0000,  0.0000,  0.0000,  0.0000,  0.0000]])
tensor([[-0.4848,  1.0000,  0.0000,  0.0000,  0.0000,  0.0000]])
tensor([[-0.1416,  1.0000,  0.0000,  0.0000,  0.0000,  0.0000]])
tensor([[0.1231, 1.0000, 0.0000, 0.0000, 0.0000, 0.0000]])
tensor([[-0.3671,  0.0000,  1.0000,  0.0000,  0.0000,  0.0000]])
tensor([[-0.3859,  1.0000,  1.0000,  0.0000,  0.0000,  0.0000]])
tensor([[-0.5187,  1.0000,  0.0000,  0.0000,  0.0000,  0.0000]])
tensor([[-0.7769,  1.0000,  0.0000,  0.0000,  0.0000,  0.0000]])
tensor([[-0.2456,  0.0000,  1.0000,  0.0000,  0.0000,  0.0000]])
tensor([[0.7498, 1.0000, 0.0000, 0.0000, 0.0000, 0.0000]])
tensor([[0.7797, 0.0000, 0.0000, 0.0000, 0.0000, 0.0000]])
tensor([[-0.1855,  1.0000,  0.0000,  0.0000,  0.0000,  0.0000]])
tensor([[0.5206, 0.0000, 0.0000, 0.0000, 0.0000, 0.0000]])
tensor([[0.2851, 0.0000, 0.0000, 0.0000, 0.0000, 0.0000]])
tensor([[-0.4685,  1.0000,  0.0000,  0.0000,  0.0000,  0.0000]])
tensor([[0.4945, 1.0000, 0.0000, 0.0000, 0.0000, 0.0000]])
tensor([[-0.7034,  1.0000,  0.0000,  0.0000,  0.0000,  0.0000]])
tensor([[0.4244, 1.0000, 0.0000, 0.0000, 0.0000, 0.0000]])
tensor([[-0.7120,  1.0000,  0.0000,  0.0000,  0.0000,  0.0000]])
tensor([[-0.1577,  0.0000,  0.0000,  0.0000,  0.0000,  0.0000]])
tensor([[0.9309, 1.0000, 0.0000, 0.0000, 0.0000, 0.0000]])
tensor([[0.3315, 1.0000, 0.0000, 0.0000, 0.0000, 0.0000]])
tensor([[-0.6026,  1.0000,  0.0000,  0.0000,  0.0000,  0.0000]])
tensor([[-0.4321,  1.0000,  0.0000,  0.0000,  0.0000,  0.0000]])
tensor([[-0.0230,  0.0000,  0.0000,  0.0000,  0.0000,  0.0000]])
tensor([[-0.4296,  1.0000,  0.0000,  0.0000,  0.0000,  0.0000]])
tensor([[0.6064, 1.0000, 0.0000, 0.0000, 0.0000, 0.0000]])
tensor([[-0.6277,  0.0000,  0.0000,  0.0000,  0.0000,  0.0000]])
tensor([[0.3603, 0.0000, 0.0000, 0.0000, 0.0000, 0.0000]])
tensor([[-0.9233,  1.0000,  0.0000,  0.0000,  0.0000,  0.0000]])
tensor([[0.4680, 1.0000, 0.0000, 0.0000, 0.0000, 0.0000]])
tensor([[0.2468, 1.0000, 0.0000, 0.0000, 0.0000, 0.0000]])
tensor([[0.8037, 0.0000, 0.0000, 0.0000, 0.0000, 0.0000]])
tensor([[0.9750, 1.0000, 0.0000, 0.0000, 0.0000, 0.0000]])
tensor([[0.0191, 0.0000, 0.0000, 0.0000, 0.0000, 0.0000]])
tensor([[-0.4988,  1.0000,  0.0000,  0.0000,  0.0000,  0.0000]])
tensor([[0.5935, 1.0000, 1.0000, 0.0000, 0.0000, 0.0000]])
tensor([[-0.1200,  1.0000,  0.0000,  0.0000,  0.0000,  0.0000]])
tensor([[-0.4351,  1.0000,  0.0000,  0.0000,  0.0000,  0.0000]])
tensor([[0.5270, 1.0000, 0.0000, 0.0000, 0.0000, 0.0000]])
tensor([[-0.1021,  0.0000,  0.0000,  0.0000,  0.0000,  0.0000]])
tensor([[0.4209, 1.0000, 0.0000, 0.0000, 0.0000, 0.0000]])
tensor([[0.5577, 0.0000, 0.0000, 0.0000, 0.0000, 0.0000]])
tensor([[-0.4158,  0.0000,  1.0000,  0.0000,  0.0000,  0.0000]])
tensor([[0.2450, 0.0000, 0.0000, 0.0000, 0.0000, 0.0000]])
tensor([[0.3350, 1.0000, 0.0000, 0.0000, 0.0000, 0.0000]])
tensor([[-0.7140,  1.0000,  0.0000,  0.0000,  0.0000,  0.0000]])
tensor([[-0.4675,  1.0000,  0.0000,  0.0000,  0.0000,  0.0000]])
tensor([[0.6891, 1.0000, 0.0000, 0.0000, 0.0000, 0.0000]])
tensor([[0.8261, 0.0000, 0.0000, 0.0000, 0.0000, 0.0000]])
tensor([[-0.0410,  1.0000,  0.0000,  0.0000,  0.0000,  0.0000]])
tensor([[-0.2512,  0.0000,  0.0000,  0.0000,  0.0000,  0.0000]])
tensor([[-0.0930,  1.0000,  0.0000,  0.0000,  0.0000,  0.0000]])
tensor([[-0.4210,  1.0000,  0.0000,  0.0000,  0.0000,  0.0000]])
tensor([[-0.4885,  1.0000,  0.0000,  0.0000,  0.0000,  0.0000]])
tensor([[0.2775, 1.0000, 0.0000, 0.0000, 0.0000, 0.0000]])
tensor([[-0.2242,  0.0000,  0.0000,  0.0000,  0.0000,  0.0000]])
tensor([[0.0727, 1.0000, 0.0000, 0.0000, 0.0000, 0.0000]])
tensor([[-0.1481,  1.0000,  0.0000,  0.0000,  0.0000,  0.0000]])
tensor([[0.3406, 1.0000, 0.0000, 0.0000, 0.0000, 0.0000]])
tensor([[0.0611, 0.0000, 0.0000, 0.0000, 0.0000, 0.0000]])
tensor([[0.4647, 0.0000, 0.0000, 0.0000, 0.0000, 0.0000]])
tensor([[0.8149, 1.0000, 0.0000, 0.0000, 0.0000, 0.0000]])
tensor([[-0.7965,  0.0000,  0.0000,  0.0000,  0.0000,  0.0000]])
tensor([[-0.6488,  1.0000,  0.0000,  0.0000,  0.0000,  0.0000]])
tensor([[-0.4339,  0.0000,  0.0000,  0.0000,  0.0000,  0.0000]])
tensor([[-0.0057,  1.0000,  0.0000,  0.0000,  0.0000,  0.0000]])
tensor([[0.1170, 1.0000, 0.0000, 0.0000, 0.0000, 0.0000]])
tensor([[0.2906, 1.0000, 0.0000, 0.0000, 0.0000, 0.0000]])
tensor([[-0.8543,  0.0000,  0.0000,  0.0000,  0.0000,  0.0000]])
tensor([[0.0511, 1.0000, 0.0000, 0.0000, 0.0000, 0.0000]])
tensor([[-0.4335,  1.0000,  0.0000,  0.0000,  0.0000,  0.0000]])
tensor([[0.0454, 1.0000, 0.0000, 0.0000, 0.0000, 0.0000]])
INFO:root:Agent 0 (TQCars): avg action time = 0.0022s
tensor([[-0.3366,  1.0000,  0.0000,  0.0000,  0.0000,  0.0000]])
tensor([[0.5448, 1.0000, 0.0000, 0.0000, 0.0000, 0.0000]])
tensor([[0.4026, 1.0000, 0.0000, 0.0000, 0.0000, 0.0000]])
tensor([[-0.2312,  1.0000,  0.0000,  0.0000,  0.0000,  0.0000]])
tensor([[0.5495, 0.0000, 1.0000, 0.0000, 0.0000, 0.0000]])
tensor([[0.1810, 0.0000, 0.0000, 0.0000, 0.0000, 0.0000]])
tensor([[0.0642, 0.0000, 0.0000, 0.0000, 0.0000, 0.0000]])
tensor([[-0.2039,  0.0000,  0.0000,  0.0000,  0.0000,  0.0000]])
tensor([[-0.1879,  0.0000,  0.0000,  0.0000,  0.0000,  0.0000]])
tensor([[-0.8384,  1.0000,  0.0000,  0.0000,  0.0000,  0.0000]])
tensor([[-0.1676,  1.0000,  0.0000,  0.0000,  0.0000,  0.0000]])
tensor([[0.2721, 1.0000, 0.0000, 0.0000, 0.0000, 0.0000]])
tensor([[-0.2166,  1.0000,  0.0000,  0.0000,  0.0000,  0.0000]])
tensor([[-0.8301,  1.0000,  0.0000,  0.0000,  0.0000,  0.0000]])
tensor([[-0.7932,  1.0000,  0.0000,  0.0000,  0.0000,  0.0000]])
tensor([[0.4465, 1.0000, 0.0000, 0.0000, 0.0000, 0.0000]])
tensor([[0.2481, 1.0000, 0.0000, 0.0000, 0.0000, 0.0000]])
tensor([[0.6243, 1.0000, 0.0000, 0.0000, 0.0000, 0.0000]])
tensor([[-0.6690,  0.0000,  0.0000,  0.0000,  0.0000,  0.0000]])
tensor([[-0.1166,  0.0000,  0.0000,  0.0000,  0.0000,  0.0000]])
tensor([[-0.3663,  1.0000,  0.0000,  0.0000,  0.0000,  0.0000]])
tensor([[-0.5080,  1.0000,  0.0000,  0.0000,  0.0000,  0.0000]])
tensor([[0.1262, 0.0000, 0.0000, 0.0000, 0.0000, 0.0000]])
tensor([[-0.4443,  1.0000,  0.0000,  0.0000,  0.0000,  0.0000]])
tensor([[-0.8538,  0.0000,  0.0000,  0.0000,  0.0000,  0.0000]])
tensor([[0.0490, 1.0000, 0.0000, 0.0000, 0.0000, 0.0000]])
tensor([[0.1603, 0.0000, 0.0000, 0.0000, 0.0000, 0.0000]])
tensor([[0.0722, 1.0000, 0.0000, 0.0000, 0.0000, 0.0000]])
tensor([[-0.6121,  1.0000,  0.0000,  0.0000,  0.0000,  0.0000]])
tensor([[-0.0388,  1.0000,  0.0000,  0.0000,  0.0000,  0.0000]])
tensor([[0.3905, 0.0000, 0.0000, 0.0000, 0.0000, 0.0000]])
tensor([[-0.6072,  1.0000,  0.0000,  0.0000,  0.0000,  0.0000]])
tensor([[-0.6991,  1.0000,  0.0000,  0.0000,  0.0000,  0.0000]])
tensor([[-0.8806,  0.0000,  1.0000,  0.0000,  0.0000,  0.0000]])
tensor([[-0.0248,  1.0000,  0.0000,  0.0000,  0.0000,  0.0000]])
tensor([[-0.8520,  1.0000,  0.0000,  0.0000,  0.0000,  0.0000]])
tensor([[-0.7475,  1.0000,  0.0000,  0.0000,  0.0000,  0.0000]])
tensor([[-0.9556,  1.0000,  0.0000,  0.0000,  0.0000,  0.0000]])
tensor([[-0.8927,  0.0000,  0.0000,  0.0000,  0.0000,  0.0000]])
tensor([[0.5629, 1.0000, 0.0000, 0.0000, 0.0000, 0.0000]])
tensor([[0.5394, 1.0000, 0.0000, 0.0000, 0.0000, 0.0000]])
tensor([[-0.8408,  0.0000,  0.0000,  0.0000,  0.0000,  0.0000]])
tensor([[-0.1251,  1.0000,  0.0000,  0.0000,  0.0000,  0.0000]])
tensor([[-0.7920,  1.0000,  0.0000,  0.0000,  0.0000,  0.0000]])
tensor([[-0.7395,  0.0000,  0.0000,  0.0000,  0.0000,  0.0000]])
tensor([[0.3635, 1.0000, 0.0000, 0.0000, 0.0000, 0.0000]])
tensor([[-0.1714,  1.0000,  0.0000,  0.0000,  0.0000,  0.0000]])
tensor([[0.6604, 0.0000, 0.0000, 0.0000, 0.0000, 0.0000]])
tensor([[-0.0061,  0.0000,  0.0000,  0.0000,  0.0000,  0.0000]])
tensor([[-0.4037,  1.0000,  0.0000,  0.0000,  0.0000,  0.0000]])
tensor([[-0.1180,  0.0000,  0.0000,  0.0000,  0.0000,  0.0000]])
tensor([[-0.7117,  1.0000,  0.0000,  0.0000,  0.0000,  0.0000]])
tensor([[-0.2932,  1.0000,  0.0000,  0.0000,  0.0000,  0.0000]])
tensor([[-0.8205,  1.0000,  0.0000,  0.0000,  0.0000,  0.0000]])
tensor([[0.4994, 1.0000, 0.0000, 0.0000, 0.0000, 0.0000]])
tensor([[9.5761e-04, 1.0000e+00, 1.0000e+00, 0.0000e+00, 0.0000e+00, 0.0000e+00]])
tensor([[-0.2029,  1.0000,  0.0000,  0.0000,  0.0000,  0.0000]])
tensor([[-0.4071,  1.0000,  0.0000,  1.0000,  0.0000,  0.0000]])
{"type": "results", "track": "stk_enterprise", "results": [{"key": 0, "reward": -0.0998626708984375, "position": 4, "name": "TQCars", "avg_action_time": 0.002196386523365315}]}
