INFO:root:Loading the agents
INFO:root:Loaded player TQCars
INFO:root:Creating pystk-1
INFO:root:Adding wrapper <function get_wrappers.<locals>.<lambda> at 0x768b72aff420>
INFO:root:Adding wrapper <function get_wrappers.<locals>.<lambda> at 0x768b72aff4c0>
INFO:root:Adding wrapper <function get_wrappers.<locals>.<lambda> at 0x768b72aff560>
INFO:root:Adding wrapper <function get_wrappers.<locals>.<lambda> at 0x768b72aff600>
INFO:root:(multi-env mono adapter) Setting main environment max_paths to 5
INFO:root:Loading trained model from CHECKPOINT-GPUFAC/tqc_EXP12_1200000.pt...
INFO:root:Starting a race
tensor([[-0.1882,  0.0000,  1.0000,  0.0000,  0.0000,  0.0000]])
tensor([[0.6066, 1.0000, 0.0000, 0.0000, 0.0000, 0.0000]])
tensor([[-0.3027,  0.0000,  0.0000,  0.0000,  0.0000,  0.0000]])
tensor([[-0.2412,  1.0000,  0.0000,  0.0000,  0.0000,  0.0000]])
tensor([[0.2414, 1.0000, 0.0000, 0.0000, 0.0000, 0.0000]])
tensor([[-0.2374,  1.0000,  1.0000,  0.0000,  0.0000,  0.0000]])
tensor([[-0.1218,  0.0000,  0.0000,  0.0000,  0.0000,  0.0000]])
tensor([[0.0390, 1.0000, 1.0000, 0.0000, 0.0000, 0.0000]])
tensor([[-0.3853,  1.0000,  0.0000,  0.0000,  0.0000,  0.0000]])
tensor([[-0.2311,  1.0000,  1.0000,  0.0000,  0.0000,  0.0000]])
tensor([[-0.2858,  0.0000,  0.0000,  0.0000,  0.0000,  0.0000]])
tensor([[-0.0093,  0.0000,  0.0000,  0.0000,  0.0000,  0.0000]])
tensor([[0.1037, 0.0000, 1.0000, 0.0000, 0.0000, 0.0000]])
tensor([[0.1929, 0.0000, 0.0000, 0.0000, 0.0000, 0.0000]])
tensor([[-0.2975,  1.0000,  1.0000,  0.0000,  0.0000,  0.0000]])
tensor([[-0.4340,  1.0000,  0.0000,  0.0000,  0.0000,  0.0000]])
tensor([[0.3483, 1.0000, 0.0000, 0.0000, 0.0000, 0.0000]])
tensor([[-0.2156,  1.0000,  0.0000,  0.0000,  0.0000,  0.0000]])
tensor([[-0.0412,  0.0000,  0.0000,  0.0000,  0.0000,  0.0000]])
tensor([[0.1975, 1.0000, 1.0000, 0.0000, 0.0000, 0.0000]])
tensor([[-0.9341,  0.0000,  1.0000,  0.0000,  0.0000,  0.0000]])
tensor([[-0.0305,  1.0000,  0.0000,  0.0000,  0.0000,  0.0000]])
tensor([[-0.8384,  1.0000,  0.0000,  0.0000,  0.0000,  0.0000]])
tensor([[-0.9661,  0.0000,  0.0000,  0.0000,  0.0000,  0.0000]])
tensor([[-0.1021,  0.0000,  0.0000,  0.0000,  0.0000,  0.0000]])
tensor([[-0.0630,  1.0000,  0.0000,  0.0000,  0.0000,  0.0000]])
tensor([[-0.7939,  0.0000,  0.0000,  0.0000,  0.0000,  0.0000]])
tensor([[-0.2429,  1.0000,  0.0000,  0.0000,  0.0000,  0.0000]])
tensor([[-0.9457,  1.0000,  0.0000,  0.0000,  0.0000,  0.0000]])
tensor([[-0.9879,  0.0000,  0.0000,  0.0000,  0.0000,  0.0000]])
tensor([[-0.2218,  1.0000,  0.0000,  0.0000,  0.0000,  0.0000]])
tensor([[-0.8513,  1.0000,  0.0000,  0.0000,  0.0000,  0.0000]])
tensor([[-0.9078,  1.0000,  0.0000,  0.0000,  0.0000,  0.0000]])
tensor([[-0.1218,  1.0000,  1.0000,  1.0000,  0.0000,  0.0000]])
tensor([[0.9667, 1.0000, 0.0000, 0.0000, 0.0000, 0.0000]])
tensor([[0.8079, 1.0000, 0.0000, 0.0000, 0.0000, 0.0000]])
tensor([[0.9749, 1.0000, 0.0000, 0.0000, 0.0000, 0.0000]])
tensor([[0.8851, 1.0000, 0.0000, 0.0000, 0.0000, 0.0000]])
tensor([[0.4364, 1.0000, 0.0000, 0.0000, 0.0000, 0.0000]])
tensor([[0.6207, 1.0000, 0.0000, 0.0000, 0.0000, 0.0000]])
tensor([[-0.4814,  1.0000,  0.0000,  0.0000,  1.0000,  0.0000]])
tensor([[-0.7119,  1.0000,  0.0000,  0.0000,  0.0000,  0.0000]])
tensor([[-0.5777,  1.0000,  0.0000,  0.0000,  1.0000,  0.0000]])
tensor([[-0.6614,  1.0000,  0.0000,  0.0000,  0.0000,  0.0000]])
tensor([[-0.0743,  1.0000,  0.0000,  0.0000,  0.0000,  0.0000]])
tensor([[-0.5375,  1.0000,  0.0000,  0.0000,  0.0000,  0.0000]])
tensor([[-0.2767,  1.0000,  0.0000,  0.0000,  0.0000,  0.0000]])
tensor([[0.6221, 1.0000, 0.0000, 0.0000, 0.0000, 0.0000]])
tensor([[-0.4053,  1.0000,  0.0000,  0.0000,  0.0000,  0.0000]])
tensor([[-0.6181,  1.0000,  0.0000,  0.0000,  0.0000,  0.0000]])
tensor([[-0.9972,  0.0000,  0.0000,  0.0000,  0.0000,  0.0000]])
tensor([[-0.9982,  0.0000,  0.0000,  0.0000,  0.0000,  0.0000]])
tensor([[-0.9954,  0.0000,  1.0000,  0.0000,  0.0000,  0.0000]])
tensor([[-0.9894,  1.0000,  1.0000,  0.0000,  0.0000,  0.0000]])
tensor([[-0.7466,  0.0000,  0.0000,  0.0000,  0.0000,  0.0000]])
tensor([[0.4976, 1.0000, 0.0000, 0.0000, 0.0000, 0.0000]])
tensor([[-0.9970,  1.0000,  0.0000,  0.0000,  0.0000,  0.0000]])
tensor([[-0.9990,  0.0000,  1.0000,  0.0000,  0.0000,  0.0000]])
tensor([[-0.9995,  0.0000,  0.0000,  0.0000,  0.0000,  0.0000]])
tensor([[-0.9929,  0.0000,  1.0000,  0.0000,  0.0000,  0.0000]])
tensor([[-0.3965,  0.0000,  0.0000,  0.0000,  0.0000,  0.0000]])
tensor([[0.2934, 1.0000, 0.0000, 0.0000, 0.0000, 0.0000]])
tensor([[0.5309, 1.0000, 0.0000, 0.0000, 0.0000, 0.0000]])
tensor([[-0.9990,  1.0000,  0.0000,  0.0000,  1.0000,  0.0000]])
tensor([[-0.9969,  0.0000,  0.0000,  0.0000,  0.0000,  0.0000]])
tensor([[-0.8702,  1.0000,  0.0000,  0.0000,  0.0000,  0.0000]])
tensor([[-0.9461,  1.0000,  0.0000,  0.0000,  0.0000,  0.0000]])
tensor([[0.0420, 1.0000, 0.0000, 0.0000, 0.0000, 0.0000]])
tensor([[0.4009, 0.0000, 0.0000, 0.0000, 0.0000, 0.0000]])
tensor([[0.7395, 1.0000, 0.0000, 0.0000, 0.0000, 0.0000]])
tensor([[-0.9974,  1.0000,  0.0000,  0.0000,  0.0000,  0.0000]])
tensor([[-0.9999,  1.0000,  1.0000,  0.0000,  0.0000,  0.0000]])
tensor([[-0.9978,  1.0000,  1.0000,  0.0000,  0.0000,  0.0000]])
tensor([[-0.9876,  1.0000,  0.0000,  0.0000,  1.0000,  0.0000]])
tensor([[-0.3053,  1.0000,  1.0000,  0.0000,  0.0000,  0.0000]])
tensor([[0.4979, 0.0000, 0.0000, 0.0000, 0.0000, 0.0000]])
tensor([[-0.1448,  1.0000,  0.0000,  0.0000,  0.0000,  0.0000]])
tensor([[-0.4268,  1.0000,  0.0000,  0.0000,  0.0000,  0.0000]])
tensor([[-0.2738,  1.0000,  0.0000,  0.0000,  0.0000,  0.0000]])
tensor([[0.8343, 1.0000, 0.0000, 0.0000, 0.0000, 0.0000]])
tensor([[-0.1208,  1.0000,  0.0000,  0.0000,  0.0000,  0.0000]])
tensor([[-0.6251,  1.0000,  0.0000,  0.0000,  0.0000,  0.0000]])
tensor([[0.7503, 1.0000, 0.0000, 0.0000, 0.0000, 0.0000]])
tensor([[-0.8614,  1.0000,  0.0000,  0.0000,  0.0000,  0.0000]])
tensor([[-0.7401,  1.0000,  0.0000,  0.0000,  0.0000,  0.0000]])
tensor([[0.9828, 1.0000, 0.0000, 0.0000, 0.0000, 0.0000]])
tensor([[0.8496, 1.0000, 0.0000, 0.0000, 0.0000, 0.0000]])
tensor([[-0.4600,  1.0000,  0.0000,  0.0000,  0.0000,  0.0000]])
tensor([[0.0343, 1.0000, 0.0000, 0.0000, 0.0000, 0.0000]])
tensor([[0.9963, 1.0000, 0.0000, 0.0000, 0.0000, 0.0000]])
tensor([[0.9859, 1.0000, 0.0000, 0.0000, 0.0000, 0.0000]])
tensor([[0.9578, 1.0000, 0.0000, 0.0000, 0.0000, 0.0000]])
tensor([[0.2384, 1.0000, 0.0000, 0.0000, 0.0000, 0.0000]])
tensor([[0.9438, 1.0000, 0.0000, 0.0000, 0.0000, 0.0000]])
tensor([[0.9138, 1.0000, 0.0000, 0.0000, 0.0000, 0.0000]])
tensor([[0.9871, 1.0000, 0.0000, 0.0000, 0.0000, 0.0000]])
tensor([[0.9779, 1.0000, 0.0000, 0.0000, 0.0000, 0.0000]])
tensor([[0.9992, 1.0000, 0.0000, 0.0000, 0.0000, 0.0000]])
tensor([[0.9896, 1.0000, 0.0000, 0.0000, 0.0000, 0.0000]])
tensor([[0.9783, 1.0000, 0.0000, 0.0000, 0.0000, 0.0000]])
tensor([[0.9498, 0.0000, 0.0000, 0.0000, 0.0000, 0.0000]])
tensor([[0.9837, 1.0000, 0.0000, 0.0000, 0.0000, 0.0000]])
tensor([[0.9727, 1.0000, 0.0000, 0.0000, 0.0000, 0.0000]])
tensor([[-0.9317,  1.0000,  0.0000,  0.0000,  0.0000,  0.0000]])
tensor([[-0.9879,  1.0000,  0.0000,  0.0000,  0.0000,  0.0000]])
tensor([[-0.9096,  1.0000,  0.0000,  0.0000,  0.0000,  0.0000]])
tensor([[-0.1970,  1.0000,  0.0000,  0.0000,  0.0000,  0.0000]])
tensor([[-0.0393,  1.0000,  0.0000,  0.0000,  0.0000,  0.0000]])
tensor([[-0.9789,  0.0000,  0.0000,  0.0000,  0.0000,  0.0000]])
tensor([[-0.9087,  1.0000,  0.0000,  0.0000,  0.0000,  0.0000]])
tensor([[0.9999, 0.0000, 0.0000, 0.0000, 0.0000, 0.0000]])
tensor([[0.9993, 0.0000, 1.0000, 0.0000, 0.0000, 0.0000]])
tensor([[0.9994, 1.0000, 0.0000, 0.0000, 0.0000, 0.0000]])
tensor([[0.9980, 1.0000, 0.0000, 0.0000, 0.0000, 0.0000]])
tensor([[0.9991, 1.0000, 0.0000, 0.0000, 0.0000, 0.0000]])
tensor([[0.9874, 1.0000, 0.0000, 0.0000, 0.0000, 0.0000]])
tensor([[0.9991, 1.0000, 0.0000, 0.0000, 0.0000, 0.0000]])
tensor([[0.9993, 1.0000, 0.0000, 0.0000, 0.0000, 0.0000]])
tensor([[0.8411, 1.0000, 0.0000, 0.0000, 0.0000, 0.0000]])
tensor([[-0.9167,  1.0000,  0.0000,  0.0000,  1.0000,  0.0000]])
tensor([[-0.9952,  1.0000,  0.0000,  0.0000,  0.0000,  0.0000]])
tensor([[-0.9987,  1.0000,  0.0000,  0.0000,  0.0000,  0.0000]])
tensor([[-0.9987,  0.0000,  0.0000,  0.0000,  0.0000,  0.0000]])
tensor([[-0.9979,  1.0000,  1.0000,  0.0000,  0.0000,  0.0000]])
tensor([[-0.9987,  1.0000,  1.0000,  0.0000,  0.0000,  0.0000]])
tensor([[-0.9950,  1.0000,  1.0000,  0.0000,  0.0000,  0.0000]])
tensor([[-0.9889,  0.0000,  0.0000,  0.0000,  0.0000,  0.0000]])
tensor([[-0.7199,  1.0000,  1.0000,  0.0000,  0.0000,  0.0000]])
tensor([[-0.9998,  0.0000,  1.0000,  0.0000,  0.0000,  0.0000]])
tensor([[-0.9984,  0.0000,  1.0000,  0.0000,  0.0000,  0.0000]])
tensor([[-0.9852,  1.0000,  0.0000,  0.0000,  0.0000,  0.0000]])
tensor([[-0.9992,  0.0000,  1.0000,  0.0000,  0.0000,  0.0000]])
tensor([[-0.9953,  0.0000,  0.0000,  0.0000,  0.0000,  0.0000]])
tensor([[-0.9860,  0.0000,  0.0000,  0.0000,  0.0000,  0.0000]])
tensor([[-0.7176,  1.0000,  1.0000,  0.0000,  0.0000,  0.0000]])
tensor([[0.7250, 1.0000, 1.0000, 0.0000, 0.0000, 0.0000]])
tensor([[0.5666, 0.0000, 0.0000, 0.0000, 0.0000, 0.0000]])
tensor([[0.4472, 1.0000, 0.0000, 1.0000, 0.0000, 0.0000]])
tensor([[0.4062, 0.0000, 0.0000, 0.0000, 0.0000, 0.0000]])
tensor([[0.7031, 1.0000, 0.0000, 0.0000, 0.0000, 0.0000]])
tensor([[0.7701, 1.0000, 0.0000, 0.0000, 0.0000, 0.0000]])
tensor([[-0.9575,  1.0000,  0.0000,  0.0000,  0.0000,  0.0000]])
tensor([[-0.9862,  0.0000,  0.0000,  0.0000,  0.0000,  0.0000]])
tensor([[-0.9191,  1.0000,  0.0000,  0.0000,  0.0000,  0.0000]])
tensor([[0.1926, 1.0000, 0.0000, 0.0000, 0.0000, 0.0000]])
tensor([[-0.0133,  1.0000,  0.0000,  0.0000,  0.0000,  0.0000]])
tensor([[0.1385, 1.0000, 0.0000, 0.0000, 0.0000, 0.0000]])
tensor([[0.3344, 1.0000, 0.0000, 0.0000, 1.0000, 0.0000]])
tensor([[-0.5880,  1.0000,  0.0000,  0.0000,  0.0000,  0.0000]])
tensor([[-0.2325,  1.0000,  0.0000,  0.0000,  0.0000,  0.0000]])
tensor([[-0.9962,  1.0000,  0.0000,  0.0000,  0.0000,  0.0000]])
tensor([[-0.9947,  1.0000,  0.0000,  0.0000,  0.0000,  0.0000]])
tensor([[-0.6889,  1.0000,  0.0000,  0.0000,  0.0000,  0.0000]])
tensor([[0.5257, 1.0000, 0.0000, 0.0000, 0.0000, 0.0000]])
tensor([[-0.4603,  1.0000,  0.0000,  0.0000,  0.0000,  0.0000]])
tensor([[-0.9937,  1.0000,  1.0000,  0.0000,  0.0000,  0.0000]])
tensor([[-0.9974,  0.0000,  0.0000,  0.0000,  0.0000,  1.0000]])
tensor([[-0.7914,  1.0000,  1.0000,  0.0000,  0.0000,  0.0000]])
tensor([[-0.2294,  0.0000,  0.0000,  0.0000,  0.0000,  0.0000]])
tensor([[-0.5119,  0.0000,  0.0000,  0.0000,  0.0000,  0.0000]])
tensor([[-0.9581,  0.0000,  0.0000,  0.0000,  0.0000,  0.0000]])
tensor([[-0.5899,  0.0000,  0.0000,  0.0000,  0.0000,  0.0000]])
tensor([[0.3965, 1.0000, 0.0000, 0.0000, 0.0000, 0.0000]])
tensor([[0.8391, 0.0000, 0.0000, 0.0000, 0.0000, 0.0000]])
tensor([[0.3849, 1.0000, 0.0000, 0.0000, 0.0000, 0.0000]])
tensor([[-0.9139,  0.0000,  0.0000,  0.0000,  0.0000,  0.0000]])
tensor([[-0.8857,  1.0000,  0.0000,  0.0000,  0.0000,  0.0000]])
tensor([[-0.6581,  1.0000,  0.0000,  0.0000,  0.0000,  0.0000]])
tensor([[0.2617, 1.0000, 0.0000, 0.0000, 0.0000, 0.0000]])
tensor([[0.9981, 1.0000, 0.0000, 0.0000, 0.0000, 0.0000]])
tensor([[0.9982, 1.0000, 0.0000, 0.0000, 0.0000, 0.0000]])
tensor([[0.9996, 1.0000, 0.0000, 0.0000, 0.0000, 0.0000]])
tensor([[0.9979, 1.0000, 0.0000, 0.0000, 0.0000, 0.0000]])
tensor([[0.9980, 1.0000, 0.0000, 0.0000, 0.0000, 0.0000]])
tensor([[0.9973, 1.0000, 0.0000, 0.0000, 0.0000, 0.0000]])
tensor([[0.9963, 0.0000, 0.0000, 0.0000, 0.0000, 0.0000]])
tensor([[0.9788, 1.0000, 0.0000, 0.0000, 0.0000, 0.0000]])
tensor([[0.9925, 1.0000, 0.0000, 0.0000, 0.0000, 0.0000]])
tensor([[0.9480, 1.0000, 0.0000, 0.0000, 0.0000, 0.0000]])
tensor([[0.9525, 1.0000, 0.0000, 0.0000, 0.0000, 0.0000]])
tensor([[0.6106, 1.0000, 0.0000, 0.0000, 0.0000, 0.0000]])
tensor([[0.9071, 1.0000, 0.0000, 0.0000, 0.0000, 0.0000]])
tensor([[0.9467, 1.0000, 0.0000, 0.0000, 0.0000, 0.0000]])
tensor([[0.9216, 0.0000, 0.0000, 0.0000, 0.0000, 0.0000]])
tensor([[0.7871, 1.0000, 0.0000, 0.0000, 0.0000, 0.0000]])
tensor([[0.8933, 1.0000, 0.0000, 0.0000, 0.0000, 0.0000]])
tensor([[0.7679, 1.0000, 0.0000, 0.0000, 0.0000, 0.0000]])
tensor([[0.6625, 1.0000, 0.0000, 0.0000, 0.0000, 0.0000]])
tensor([[0.8651, 1.0000, 0.0000, 0.0000, 0.0000, 0.0000]])
tensor([[0.9043, 1.0000, 0.0000, 0.0000, 0.0000, 0.0000]])
tensor([[0.2720, 1.0000, 0.0000, 0.0000, 0.0000, 0.0000]])
tensor([[0.2050, 0.0000, 0.0000, 0.0000, 0.0000, 0.0000]])
tensor([[-0.9943,  0.0000,  1.0000,  0.0000,  0.0000,  0.0000]])
tensor([[-0.9833,  0.0000,  0.0000,  0.0000,  0.0000,  0.0000]])
tensor([[-0.9991,  0.0000,  1.0000,  0.0000,  0.0000,  0.0000]])
tensor([[-0.3425,  0.0000,  0.0000,  0.0000,  0.0000,  0.0000]])
tensor([[-0.4939,  1.0000,  1.0000,  0.0000,  0.0000,  0.0000]])
tensor([[-0.9280,  1.0000,  0.0000,  0.0000,  0.0000,  0.0000]])
tensor([[-0.3337,  0.0000,  1.0000,  1.0000,  0.0000,  0.0000]])
tensor([[-0.6659,  1.0000,  0.0000,  0.0000,  0.0000,  0.0000]])
tensor([[-0.6365,  0.0000,  1.0000,  0.0000,  0.0000,  0.0000]])
tensor([[-0.9533,  0.0000,  1.0000,  0.0000,  0.0000,  0.0000]])
tensor([[-0.6416,  0.0000,  1.0000,  0.0000,  0.0000,  0.0000]])
tensor([[-0.5390,  1.0000,  1.0000,  0.0000,  0.0000,  0.0000]])
tensor([[-0.8431,  0.0000,  1.0000,  0.0000,  0.0000,  0.0000]])
tensor([[-0.5209,  0.0000,  1.0000,  0.0000,  0.0000,  0.0000]])
tensor([[-0.6691,  0.0000,  1.0000,  0.0000,  0.0000,  0.0000]])
tensor([[-0.8958,  0.0000,  1.0000,  0.0000,  0.0000,  0.0000]])
tensor([[-0.9200,  1.0000,  1.0000,  0.0000,  0.0000,  0.0000]])
tensor([[-0.1572,  1.0000,  1.0000,  0.0000,  0.0000,  0.0000]])
tensor([[0.5832, 1.0000, 1.0000, 0.0000, 0.0000, 0.0000]])
tensor([[-0.5080,  0.0000,  0.0000,  0.0000,  0.0000,  0.0000]])
tensor([[-0.9336,  0.0000,  0.0000,  0.0000,  0.0000,  0.0000]])
tensor([[-0.8085,  0.0000,  1.0000,  0.0000,  0.0000,  0.0000]])
tensor([[0.2993, 0.0000, 1.0000, 0.0000, 0.0000, 0.0000]])
tensor([[-0.7705,  0.0000,  1.0000,  0.0000,  0.0000,  0.0000]])
tensor([[-0.9974,  1.0000,  0.0000,  0.0000,  0.0000,  0.0000]])
tensor([[-0.9751,  1.0000,  0.0000,  0.0000,  0.0000,  0.0000]])
tensor([[-0.9369,  0.0000,  1.0000,  0.0000,  0.0000,  0.0000]])
tensor([[-0.9141,  1.0000,  1.0000,  0.0000,  0.0000,  0.0000]])
tensor([[-0.9618,  1.0000,  0.0000,  0.0000,  0.0000,  0.0000]])
tensor([[-0.8521,  1.0000,  0.0000,  0.0000,  0.0000,  0.0000]])
tensor([[-0.6455,  1.0000,  0.0000,  0.0000,  0.0000,  0.0000]])
tensor([[-0.5828,  1.0000,  0.0000,  0.0000,  0.0000,  0.0000]])
tensor([[-0.7559,  1.0000,  0.0000,  0.0000,  0.0000,  0.0000]])
tensor([[-0.3734,  0.0000,  0.0000,  0.0000,  0.0000,  0.0000]])
tensor([[-0.8370,  0.0000,  0.0000,  0.0000,  1.0000,  0.0000]])
tensor([[-0.5677,  1.0000,  0.0000,  0.0000,  0.0000,  0.0000]])
tensor([[-0.8801,  1.0000,  0.0000,  0.0000,  0.0000,  0.0000]])
tensor([[-0.6770,  1.0000,  0.0000,  0.0000,  0.0000,  0.0000]])
tensor([[-0.1263,  1.0000,  0.0000,  0.0000,  0.0000,  0.0000]])
tensor([[0.4318, 1.0000, 1.0000, 0.0000, 0.0000, 0.0000]])
tensor([[-0.4695,  1.0000,  0.0000,  0.0000,  1.0000,  0.0000]])
tensor([[0.6790, 1.0000, 0.0000, 0.0000, 0.0000, 0.0000]])
tensor([[-0.6960,  1.0000,  0.0000,  0.0000,  0.0000,  0.0000]])
tensor([[0.0413, 1.0000, 1.0000, 0.0000, 0.0000, 0.0000]])
tensor([[0.9993, 1.0000, 0.0000, 0.0000, 0.0000, 0.0000]])
tensor([[0.9995, 1.0000, 0.0000, 0.0000, 1.0000, 0.0000]])
tensor([[0.9986, 1.0000, 0.0000, 0.0000, 0.0000, 0.0000]])
tensor([[0.9999, 1.0000, 0.0000, 1.0000, 0.0000, 0.0000]])
tensor([[0.9949, 1.0000, 0.0000, 0.0000, 0.0000, 0.0000]])
tensor([[0.9965, 1.0000, 0.0000, 0.0000, 0.0000, 0.0000]])
tensor([[0.9464, 1.0000, 0.0000, 0.0000, 1.0000, 0.0000]])
tensor([[-0.2304,  0.0000,  0.0000,  0.0000,  0.0000,  0.0000]])
tensor([[-0.9576,  1.0000,  0.0000,  0.0000,  0.0000,  0.0000]])
tensor([[-0.9222,  1.0000,  0.0000,  0.0000,  0.0000,  0.0000]])
tensor([[0.9725, 1.0000, 0.0000, 0.0000, 0.0000, 0.0000]])
tensor([[0.8998, 1.0000, 0.0000, 0.0000, 0.0000, 0.0000]])
tensor([[0.5192, 1.0000, 0.0000, 0.0000, 0.0000, 0.0000]])
tensor([[-0.8895,  1.0000,  0.0000,  0.0000,  0.0000,  0.0000]])
tensor([[-0.7072,  0.0000,  0.0000,  0.0000,  0.0000,  0.0000]])
tensor([[-0.4926,  1.0000,  0.0000,  0.0000,  0.0000,  0.0000]])
tensor([[0.5393, 0.0000, 0.0000, 0.0000, 0.0000, 0.0000]])
tensor([[-0.6512,  1.0000,  0.0000,  0.0000,  0.0000,  0.0000]])
tensor([[-0.3747,  1.0000,  1.0000,  0.0000,  0.0000,  0.0000]])
tensor([[0.4257, 1.0000, 0.0000, 0.0000, 0.0000, 0.0000]])
tensor([[-0.2805,  1.0000,  0.0000,  0.0000,  0.0000,  0.0000]])
tensor([[0.1966, 1.0000, 0.0000, 0.0000, 0.0000, 0.0000]])
tensor([[-0.3537,  1.0000,  0.0000,  0.0000,  0.0000,  0.0000]])
tensor([[-0.9833,  1.0000,  0.0000,  0.0000,  0.0000,  0.0000]])
tensor([[-0.9813,  0.0000,  1.0000,  0.0000,  0.0000,  0.0000]])
tensor([[-0.9984,  0.0000,  0.0000,  0.0000,  0.0000,  0.0000]])
tensor([[-0.9830,  0.0000,  0.0000,  0.0000,  0.0000,  0.0000]])
tensor([[-0.9820,  1.0000,  0.0000,  0.0000,  1.0000,  0.0000]])
tensor([[-0.8233,  1.0000,  0.0000,  0.0000,  0.0000,  0.0000]])
tensor([[-0.3358,  1.0000,  0.0000,  0.0000,  0.0000,  0.0000]])
tensor([[0.3891, 1.0000, 0.0000, 0.0000, 0.0000, 0.0000]])
tensor([[0.7276, 1.0000, 0.0000, 0.0000, 0.0000, 0.0000]])
tensor([[-0.5241,  0.0000,  0.0000,  0.0000,  0.0000,  0.0000]])
tensor([[-0.8520,  1.0000,  0.0000,  0.0000,  0.0000,  0.0000]])
tensor([[-0.7049,  0.0000,  0.0000,  0.0000,  0.0000,  0.0000]])
tensor([[-0.1354,  1.0000,  0.0000,  0.0000,  0.0000,  0.0000]])
tensor([[-0.1950,  1.0000,  0.0000,  0.0000,  0.0000,  0.0000]])
tensor([[0.1620, 1.0000, 0.0000, 0.0000, 0.0000, 0.0000]])
tensor([[-0.2361,  1.0000,  0.0000,  0.0000,  1.0000,  0.0000]])
tensor([[-0.9275,  1.0000,  1.0000,  0.0000,  0.0000,  0.0000]])
tensor([[-0.8986,  1.0000,  0.0000,  0.0000,  0.0000,  0.0000]])
tensor([[-0.6698,  1.0000,  0.0000,  0.0000,  0.0000,  0.0000]])
tensor([[-0.7327,  1.0000,  0.0000,  0.0000,  0.0000,  0.0000]])
tensor([[-0.5593,  1.0000,  0.0000,  0.0000,  0.0000,  0.0000]])
tensor([[-0.8818,  1.0000,  0.0000,  0.0000,  0.0000,  0.0000]])
tensor([[0.9049, 1.0000, 0.0000, 0.0000, 0.0000, 0.0000]])
tensor([[-0.8643,  1.0000,  0.0000,  0.0000,  0.0000,  0.0000]])
tensor([[-0.9863,  1.0000,  0.0000,  0.0000,  0.0000,  0.0000]])
tensor([[-0.8900,  0.0000,  1.0000,  0.0000,  0.0000,  0.0000]])
tensor([[-0.8095,  1.0000,  0.0000,  0.0000,  0.0000,  0.0000]])
tensor([[-0.8743,  0.0000,  0.0000,  0.0000,  1.0000,  0.0000]])
tensor([[0.7832, 1.0000, 0.0000, 0.0000, 1.0000, 0.0000]])
tensor([[0.4114, 0.0000, 0.0000, 0.0000, 0.0000, 0.0000]])
tensor([[0.2517, 1.0000, 0.0000, 0.0000, 0.0000, 0.0000]])
tensor([[-0.9994,  1.0000,  0.0000,  0.0000,  0.0000,  0.0000]])
tensor([[-0.9962,  1.0000,  0.0000,  0.0000,  0.0000,  0.0000]])
tensor([[-0.9740,  1.0000,  0.0000,  0.0000,  0.0000,  0.0000]])
tensor([[0.1425, 1.0000, 0.0000, 0.0000, 0.0000, 0.0000]])
tensor([[0.9640, 1.0000, 0.0000, 0.0000, 0.0000, 0.0000]])
tensor([[0.5052, 1.0000, 0.0000, 0.0000, 0.0000, 0.0000]])
tensor([[0.0770, 1.0000, 0.0000, 0.0000, 0.0000, 0.0000]])
tensor([[-0.1888,  1.0000,  0.0000,  0.0000,  0.0000,  0.0000]])
tensor([[-0.4219,  1.0000,  0.0000,  0.0000,  0.0000,  0.0000]])
tensor([[0.4742, 1.0000, 0.0000, 0.0000, 0.0000, 0.0000]])
tensor([[-0.9986,  1.0000,  0.0000,  0.0000,  0.0000,  0.0000]])
tensor([[-0.9980,  1.0000,  0.0000,  0.0000,  0.0000,  0.0000]])
tensor([[-0.9680,  1.0000,  0.0000,  0.0000,  0.0000,  0.0000]])
tensor([[-0.9973,  1.0000,  1.0000,  0.0000,  0.0000,  0.0000]])
tensor([[-0.9978,  0.0000,  0.0000,  0.0000,  0.0000,  0.0000]])
tensor([[0.3707, 0.0000, 0.0000, 0.0000, 0.0000, 0.0000]])
tensor([[0.5898, 1.0000, 0.0000, 0.0000, 0.0000, 0.0000]])
tensor([[-0.9096,  1.0000,  0.0000,  0.0000,  0.0000,  0.0000]])
tensor([[-0.6312,  1.0000,  0.0000,  0.0000,  0.0000,  0.0000]])
tensor([[-0.0171,  1.0000,  0.0000,  0.0000,  0.0000,  0.0000]])
tensor([[0.0878, 1.0000, 0.0000, 0.0000, 0.0000, 0.0000]])
tensor([[0.5387, 0.0000, 0.0000, 0.0000, 0.0000, 0.0000]])
tensor([[-0.2597,  1.0000,  0.0000,  0.0000,  0.0000,  0.0000]])
tensor([[-0.3063,  1.0000,  0.0000,  0.0000,  1.0000,  0.0000]])
tensor([[-0.0536,  1.0000,  1.0000,  0.0000,  0.0000,  0.0000]])
tensor([[0.5147, 1.0000, 0.0000, 0.0000, 0.0000, 0.0000]])
tensor([[-0.3652,  1.0000,  0.0000,  0.0000,  0.0000,  0.0000]])
tensor([[-0.1394,  1.0000,  0.0000,  0.0000,  0.0000,  0.0000]])
tensor([[-0.1101,  1.0000,  0.0000,  0.0000,  0.0000,  0.0000]])
tensor([[0.3613, 1.0000, 0.0000, 0.0000, 0.0000, 0.0000]])
tensor([[-0.3186,  1.0000,  0.0000,  0.0000,  0.0000,  0.0000]])
tensor([[-0.9331,  1.0000,  0.0000,  0.0000,  0.0000,  0.0000]])
tensor([[0.2031, 1.0000, 0.0000, 0.0000, 0.0000, 0.0000]])
tensor([[-0.3734,  1.0000,  1.0000,  0.0000,  0.0000,  0.0000]])
tensor([[0.0322, 1.0000, 0.0000, 0.0000, 0.0000, 0.0000]])
tensor([[0.3934, 1.0000, 0.0000, 0.0000, 0.0000, 0.0000]])
tensor([[-0.7208,  1.0000,  0.0000,  0.0000,  1.0000,  0.0000]])
tensor([[-0.7129,  1.0000,  0.0000,  0.0000,  0.0000,  0.0000]])
tensor([[-0.3844,  1.0000,  0.0000,  0.0000,  0.0000,  0.0000]])
tensor([[0.5416, 1.0000, 0.0000, 0.0000, 0.0000, 0.0000]])
tensor([[0.4868, 1.0000, 0.0000, 0.0000, 0.0000, 0.0000]])
tensor([[-0.0905,  1.0000,  0.0000,  0.0000,  0.0000,  0.0000]])
tensor([[0.2201, 0.0000, 0.0000, 0.0000, 0.0000, 0.0000]])
tensor([[0.9498, 1.0000, 0.0000, 0.0000, 0.0000, 0.0000]])
tensor([[0.9489, 1.0000, 0.0000, 0.0000, 0.0000, 0.0000]])
tensor([[0.5161, 1.0000, 0.0000, 0.0000, 0.0000, 0.0000]])
tensor([[0.3296, 1.0000, 0.0000, 0.0000, 0.0000, 0.0000]])
tensor([[0.9916, 0.0000, 0.0000, 0.0000, 0.0000, 0.0000]])
tensor([[0.9745, 1.0000, 1.0000, 0.0000, 0.0000, 0.0000]])
tensor([[0.4849, 1.0000, 0.0000, 0.0000, 0.0000, 0.0000]])
tensor([[0.9950, 1.0000, 0.0000, 0.0000, 0.0000, 0.0000]])
tensor([[0.9911, 1.0000, 0.0000, 0.0000, 0.0000, 0.0000]])
tensor([[0.9249, 1.0000, 0.0000, 0.0000, 0.0000, 0.0000]])
tensor([[0.9996, 1.0000, 0.0000, 0.0000, 0.0000, 0.0000]])
tensor([[0.9581, 1.0000, 0.0000, 0.0000, 0.0000, 0.0000]])
tensor([[0.9993, 1.0000, 0.0000, 0.0000, 0.0000, 0.0000]])
tensor([[0.9980, 1.0000, 0.0000, 0.0000, 0.0000, 0.0000]])
tensor([[0.9999, 1.0000, 0.0000, 0.0000, 1.0000, 0.0000]])
tensor([[0.9938, 1.0000, 0.0000, 0.0000, 0.0000, 0.0000]])
tensor([[0.9694, 1.0000, 0.0000, 0.0000, 0.0000, 0.0000]])
tensor([[-0.7374,  1.0000,  0.0000,  0.0000,  0.0000,  0.0000]])
tensor([[-0.8134,  1.0000,  0.0000,  0.0000,  0.0000,  0.0000]])
tensor([[-0.6376,  1.0000,  0.0000,  0.0000,  0.0000,  0.0000]])
tensor([[0.1727, 1.0000, 0.0000, 0.0000, 0.0000, 0.0000]])
tensor([[0.9780, 1.0000, 0.0000, 0.0000, 0.0000, 0.0000]])
tensor([[-0.1296,  1.0000,  0.0000,  0.0000,  0.0000,  0.0000]])
tensor([[-0.3802,  1.0000,  0.0000,  0.0000,  0.0000,  0.0000]])
tensor([[0.2360, 0.0000, 0.0000, 0.0000, 0.0000, 0.0000]])
tensor([[-0.1998,  1.0000,  0.0000,  0.0000,  0.0000,  0.0000]])
tensor([[0.6633, 1.0000, 0.0000, 0.0000, 0.0000, 0.0000]])
tensor([[0.2436, 1.0000, 0.0000, 0.0000, 0.0000, 0.0000]])
tensor([[-0.8311,  1.0000,  0.0000,  0.0000,  0.0000,  0.0000]])
tensor([[-0.5323,  1.0000,  0.0000,  0.0000,  0.0000,  0.0000]])
tensor([[0.7596, 1.0000, 0.0000, 0.0000, 0.0000, 0.0000]])
tensor([[0.0528, 1.0000, 0.0000, 0.0000, 0.0000, 0.0000]])
tensor([[-0.1596,  1.0000,  0.0000,  0.0000,  0.0000,  0.0000]])
tensor([[0.9545, 1.0000, 0.0000, 0.0000, 0.0000, 0.0000]])
tensor([[0.6523, 1.0000, 0.0000, 0.0000, 0.0000, 0.0000]])
tensor([[-0.6142,  1.0000,  0.0000,  0.0000,  0.0000,  0.0000]])
tensor([[-0.9821,  1.0000,  0.0000,  0.0000,  0.0000,  0.0000]])
tensor([[0.9990, 1.0000, 0.0000, 0.0000, 0.0000, 0.0000]])
tensor([[0.9977, 1.0000, 0.0000, 0.0000, 0.0000, 0.0000]])
tensor([[0.9880, 1.0000, 0.0000, 0.0000, 0.0000, 0.0000]])
tensor([[0.9995, 1.0000, 0.0000, 0.0000, 0.0000, 0.0000]])
tensor([[0.9862, 1.0000, 0.0000, 0.0000, 0.0000, 0.0000]])
tensor([[0.7944, 1.0000, 0.0000, 0.0000, 0.0000, 0.0000]])
tensor([[0.9984, 1.0000, 0.0000, 0.0000, 0.0000, 0.0000]])
tensor([[0.9933, 1.0000, 0.0000, 0.0000, 0.0000, 0.0000]])
tensor([[0.8760, 1.0000, 0.0000, 0.0000, 1.0000, 0.0000]])
tensor([[0.4515, 1.0000, 0.0000, 0.0000, 0.0000, 0.0000]])
tensor([[-0.4553,  1.0000,  0.0000,  0.0000,  0.0000,  0.0000]])
tensor([[-0.5686,  1.0000,  0.0000,  0.0000,  0.0000,  0.0000]])
tensor([[0.7878, 1.0000, 0.0000, 0.0000, 0.0000, 0.0000]])
tensor([[0.9977, 1.0000, 0.0000, 0.0000, 0.0000, 0.0000]])
tensor([[0.9968, 1.0000, 0.0000, 0.0000, 0.0000, 0.0000]])
tensor([[0.9871, 1.0000, 0.0000, 0.0000, 0.0000, 0.0000]])
tensor([[0.9277, 1.0000, 0.0000, 0.0000, 0.0000, 0.0000]])
tensor([[-0.5784,  1.0000,  0.0000,  0.0000,  1.0000,  0.0000]])
tensor([[0.9997, 0.0000, 0.0000, 0.0000, 0.0000, 0.0000]])
tensor([[0.9994, 1.0000, 0.0000, 0.0000, 0.0000, 0.0000]])
tensor([[0.9986, 1.0000, 0.0000, 0.0000, 0.0000, 0.0000]])
tensor([[0.9858, 1.0000, 0.0000, 0.0000, 0.0000, 0.0000]])
tensor([[0.4935, 1.0000, 0.0000, 0.0000, 0.0000, 0.0000]])
tensor([[0.9958, 1.0000, 0.0000, 0.0000, 0.0000, 0.0000]])
tensor([[0.9803, 1.0000, 0.0000, 0.0000, 0.0000, 0.0000]])
tensor([[0.9646, 1.0000, 0.0000, 0.0000, 0.0000, 0.0000]])
tensor([[-0.9197,  1.0000,  0.0000,  0.0000,  0.0000,  0.0000]])
tensor([[-0.8712,  1.0000,  0.0000,  1.0000,  0.0000,  0.0000]])
tensor([[0.9842, 1.0000, 0.0000, 0.0000, 0.0000, 0.0000]])
tensor([[0.9860, 1.0000, 0.0000, 0.0000, 0.0000, 0.0000]])
tensor([[0.9872, 1.0000, 0.0000, 0.0000, 0.0000, 0.0000]])
tensor([[0.9415, 1.0000, 0.0000, 0.0000, 1.0000, 0.0000]])
tensor([[0.9975, 0.0000, 0.0000, 0.0000, 0.0000, 0.0000]])
tensor([[0.9746, 1.0000, 0.0000, 0.0000, 0.0000, 0.0000]])
tensor([[0.9794, 1.0000, 0.0000, 0.0000, 0.0000, 0.0000]])
tensor([[0.8756, 0.0000, 0.0000, 0.0000, 1.0000, 0.0000]])
tensor([[0.9217, 1.0000, 0.0000, 0.0000, 0.0000, 0.0000]])
tensor([[0.9748, 1.0000, 0.0000, 0.0000, 0.0000, 0.0000]])
tensor([[0.9888, 0.0000, 0.0000, 0.0000, 0.0000, 0.0000]])
tensor([[0.9911, 1.0000, 0.0000, 0.0000, 0.0000, 0.0000]])
tensor([[0.9989, 1.0000, 0.0000, 0.0000, 0.0000, 0.0000]])
tensor([[0.9937, 1.0000, 0.0000, 0.0000, 0.0000, 0.0000]])
tensor([[-0.8704,  1.0000,  0.0000,  0.0000,  0.0000,  0.0000]])
tensor([[-0.9912,  1.0000,  1.0000,  0.0000,  0.0000,  0.0000]])
tensor([[-0.9600,  1.0000,  0.0000,  0.0000,  0.0000,  0.0000]])
tensor([[0.2745, 1.0000, 0.0000, 0.0000, 0.0000, 0.0000]])
tensor([[-0.0523,  1.0000,  0.0000,  0.0000,  0.0000,  0.0000]])
tensor([[0.3509, 1.0000, 0.0000, 0.0000, 0.0000, 0.0000]])
tensor([[-0.3124,  1.0000,  0.0000,  0.0000,  0.0000,  0.0000]])
tensor([[0.9219, 1.0000, 0.0000, 0.0000, 0.0000, 0.0000]])
tensor([[0.4266, 1.0000, 0.0000, 0.0000, 0.0000, 0.0000]])
tensor([[-0.5835,  0.0000,  1.0000,  0.0000,  0.0000,  0.0000]])
tensor([[-0.7914,  0.0000,  0.0000,  0.0000,  0.0000,  0.0000]])
tensor([[-0.3300,  1.0000,  0.0000,  0.0000,  1.0000,  0.0000]])
tensor([[-0.8512,  1.0000,  1.0000,  0.0000,  0.0000,  0.0000]])
tensor([[-0.8410,  1.0000,  1.0000,  0.0000,  0.0000,  0.0000]])
tensor([[0.8160, 1.0000, 1.0000, 0.0000, 0.0000, 0.0000]])
tensor([[0.5139, 0.0000, 1.0000, 0.0000, 0.0000, 0.0000]])
tensor([[-0.4714,  0.0000,  0.0000,  0.0000,  0.0000,  0.0000]])
tensor([[-0.2865,  0.0000,  1.0000,  0.0000,  0.0000,  0.0000]])
tensor([[0.3953, 1.0000, 0.0000, 0.0000, 0.0000, 0.0000]])
tensor([[-0.6613,  0.0000,  0.0000,  0.0000,  0.0000,  0.0000]])
tensor([[0.4140, 1.0000, 1.0000, 0.0000, 0.0000, 0.0000]])
tensor([[0.7457, 0.0000, 1.0000, 0.0000, 0.0000, 0.0000]])
tensor([[-0.2026,  1.0000,  0.0000,  0.0000,  0.0000,  0.0000]])
tensor([[0.0932, 1.0000, 0.0000, 0.0000, 0.0000, 0.0000]])
tensor([[-0.7647,  0.0000,  1.0000,  0.0000,  0.0000,  0.0000]])
tensor([[0.0249, 0.0000, 1.0000, 0.0000, 0.0000, 0.0000]])
tensor([[-0.6784,  0.0000,  0.0000,  0.0000,  0.0000,  0.0000]])
tensor([[-0.1999,  0.0000,  1.0000,  0.0000,  0.0000,  0.0000]])
tensor([[-0.7073,  1.0000,  1.0000,  0.0000,  0.0000,  0.0000]])
tensor([[-0.8866,  1.0000,  1.0000,  0.0000,  0.0000,  0.0000]])
tensor([[-0.8349,  0.0000,  1.0000,  0.0000,  0.0000,  0.0000]])
tensor([[-0.8567,  0.0000,  1.0000,  0.0000,  0.0000,  0.0000]])
tensor([[-0.6577,  0.0000,  0.0000,  0.0000,  0.0000,  0.0000]])
tensor([[-0.6918,  1.0000,  1.0000,  0.0000,  0.0000,  0.0000]])
tensor([[0.6678, 1.0000, 1.0000, 0.0000, 0.0000, 0.0000]])
tensor([[-0.9466,  0.0000,  0.0000,  0.0000,  0.0000,  0.0000]])
tensor([[-0.6860,  0.0000,  0.0000,  0.0000,  0.0000,  0.0000]])
tensor([[0.0060, 1.0000, 1.0000, 0.0000, 0.0000, 0.0000]])
tensor([[-0.6058,  1.0000,  1.0000,  0.0000,  0.0000,  0.0000]])
tensor([[-0.9385,  1.0000,  0.0000,  0.0000,  0.0000,  0.0000]])
tensor([[-0.9607,  0.0000,  0.0000,  0.0000,  0.0000,  0.0000]])
tensor([[-0.8425,  0.0000,  0.0000,  0.0000,  0.0000,  0.0000]])
tensor([[-0.0910,  0.0000,  1.0000,  0.0000,  0.0000,  0.0000]])
tensor([[-0.8602,  0.0000,  0.0000,  0.0000,  0.0000,  0.0000]])
tensor([[-0.9278,  0.0000,  0.0000,  0.0000,  0.0000,  0.0000]])
tensor([[0.0697, 1.0000, 0.0000, 0.0000, 0.0000, 0.0000]])
tensor([[-0.9549,  1.0000,  1.0000,  0.0000,  0.0000,  0.0000]])
tensor([[-0.6559,  0.0000,  0.0000,  0.0000,  0.0000,  0.0000]])
tensor([[-0.3127,  0.0000,  0.0000,  0.0000,  0.0000,  0.0000]])
tensor([[-0.2808,  1.0000,  0.0000,  0.0000,  0.0000,  0.0000]])
tensor([[0.1823, 0.0000, 0.0000, 0.0000, 0.0000, 0.0000]])
tensor([[-0.8755,  0.0000,  1.0000,  0.0000,  0.0000,  0.0000]])
tensor([[-0.9000,  1.0000,  0.0000,  0.0000,  0.0000,  0.0000]])
tensor([[-0.8713,  1.0000,  1.0000,  0.0000,  0.0000,  0.0000]])
tensor([[-0.7950,  0.0000,  0.0000,  0.0000,  0.0000,  0.0000]])
tensor([[-0.3213,  1.0000,  0.0000,  0.0000,  0.0000,  0.0000]])
tensor([[-0.8778,  0.0000,  0.0000,  0.0000,  0.0000,  0.0000]])
tensor([[-0.6027,  1.0000,  0.0000,  0.0000,  0.0000,  0.0000]])
tensor([[-0.8605,  0.0000,  0.0000,  0.0000,  1.0000,  0.0000]])
tensor([[-0.0952,  0.0000,  1.0000,  0.0000,  0.0000,  0.0000]])
tensor([[0.3115, 1.0000, 0.0000, 0.0000, 0.0000, 0.0000]])
tensor([[0.3748, 0.0000, 0.0000, 0.0000, 0.0000, 0.0000]])
tensor([[0.2485, 0.0000, 0.0000, 0.0000, 1.0000, 0.0000]])
tensor([[0.2671, 1.0000, 1.0000, 0.0000, 0.0000, 0.0000]])
tensor([[-0.5103,  0.0000,  1.0000,  0.0000,  0.0000,  0.0000]])
tensor([[0.9542, 0.0000, 1.0000, 0.0000, 0.0000, 0.0000]])
tensor([[-0.8343,  0.0000,  1.0000,  0.0000,  0.0000,  0.0000]])
tensor([[-0.7550,  0.0000,  1.0000,  0.0000,  0.0000,  0.0000]])
tensor([[-0.4612,  1.0000,  0.0000,  0.0000,  0.0000,  0.0000]])
tensor([[-0.9198,  0.0000,  1.0000,  0.0000,  0.0000,  0.0000]])
tensor([[-0.9891,  0.0000,  0.0000,  0.0000,  0.0000,  0.0000]])
tensor([[-0.8878,  0.0000,  0.0000,  0.0000,  0.0000,  0.0000]])
tensor([[-0.9129,  0.0000,  0.0000,  0.0000,  0.0000,  0.0000]])
tensor([[-0.9903,  1.0000,  0.0000,  0.0000,  0.0000,  0.0000]])
tensor([[-0.9106,  1.0000,  1.0000,  0.0000,  0.0000,  0.0000]])
tensor([[-0.8728,  0.0000,  0.0000,  0.0000,  0.0000,  0.0000]])
tensor([[-0.7991,  1.0000,  0.0000,  0.0000,  0.0000,  0.0000]])
tensor([[-0.8865,  0.0000,  1.0000,  0.0000,  0.0000,  0.0000]])
tensor([[-0.9554,  0.0000,  0.0000,  0.0000,  0.0000,  0.0000]])
tensor([[-0.7414,  1.0000,  0.0000,  0.0000,  0.0000,  0.0000]])
tensor([[-0.7834,  0.0000,  1.0000,  0.0000,  0.0000,  0.0000]])
tensor([[-0.9023,  1.0000,  0.0000,  0.0000,  0.0000,  0.0000]])
tensor([[-0.9948,  1.0000,  0.0000,  0.0000,  0.0000,  0.0000]])
tensor([[-0.9182,  0.0000,  0.0000,  0.0000,  0.0000,  0.0000]])
tensor([[-0.8791,  0.0000,  0.0000,  0.0000,  0.0000,  0.0000]])
tensor([[-0.8638,  0.0000,  0.0000,  0.0000,  0.0000,  0.0000]])
tensor([[-0.6014,  0.0000,  0.0000,  0.0000,  0.0000,  0.0000]])
tensor([[-0.9201,  1.0000,  0.0000,  0.0000,  0.0000,  0.0000]])
tensor([[-0.9877,  0.0000,  0.0000,  0.0000,  0.0000,  0.0000]])
tensor([[-0.9415,  0.0000,  0.0000,  0.0000,  0.0000,  0.0000]])
tensor([[-0.8227,  0.0000,  0.0000,  0.0000,  0.0000,  0.0000]])
tensor([[-0.9738,  1.0000,  1.0000,  0.0000,  0.0000,  0.0000]])
tensor([[-0.9940,  0.0000,  1.0000,  0.0000,  0.0000,  0.0000]])
tensor([[-0.9712,  1.0000,  0.0000,  0.0000,  0.0000,  0.0000]])
tensor([[-0.9930,  1.0000,  0.0000,  0.0000,  0.0000,  0.0000]])
tensor([[-0.8615,  1.0000,  0.0000,  0.0000,  0.0000,  0.0000]])
tensor([[-0.9445,  0.0000,  0.0000,  0.0000,  0.0000,  0.0000]])
tensor([[-0.9008,  0.0000,  1.0000,  0.0000,  0.0000,  0.0000]])
tensor([[-0.4501,  1.0000,  0.0000,  0.0000,  0.0000,  0.0000]])
tensor([[-0.8040,  0.0000,  1.0000,  0.0000,  0.0000,  0.0000]])
tensor([[-0.9082,  1.0000,  1.0000,  0.0000,  0.0000,  0.0000]])
tensor([[-0.8347,  0.0000,  0.0000,  0.0000,  0.0000,  0.0000]])
tensor([[-0.7958,  0.0000,  1.0000,  0.0000,  0.0000,  0.0000]])
tensor([[-0.9130,  1.0000,  1.0000,  0.0000,  0.0000,  0.0000]])
tensor([[-0.9670,  0.0000,  0.0000,  0.0000,  0.0000,  0.0000]])
tensor([[-0.8706,  0.0000,  0.0000,  0.0000,  0.0000,  0.0000]])
tensor([[-0.6863,  0.0000,  0.0000,  0.0000,  0.0000,  0.0000]])
tensor([[-0.7100,  0.0000,  0.0000,  0.0000,  0.0000,  0.0000]])
tensor([[-0.3444,  0.0000,  0.0000,  0.0000,  0.0000,  0.0000]])
tensor([[-0.4443,  0.0000,  1.0000,  0.0000,  0.0000,  0.0000]])
tensor([[-0.9326,  0.0000,  0.0000,  0.0000,  0.0000,  0.0000]])
tensor([[-0.9097,  1.0000,  0.0000,  0.0000,  0.0000,  0.0000]])
tensor([[-0.9607,  1.0000,  0.0000,  0.0000,  0.0000,  0.0000]])
tensor([[-0.9727,  0.0000,  1.0000,  0.0000,  0.0000,  0.0000]])
tensor([[-0.7894,  0.0000,  1.0000,  0.0000,  0.0000,  0.0000]])
tensor([[-0.3528,  0.0000,  1.0000,  0.0000,  0.0000,  0.0000]])
tensor([[-0.0164,  1.0000,  0.0000,  0.0000,  0.0000,  0.0000]])
tensor([[-0.6667,  1.0000,  0.0000,  0.0000,  0.0000,  0.0000]])
tensor([[-0.9716,  1.0000,  1.0000,  0.0000,  0.0000,  0.0000]])
tensor([[-0.9867,  0.0000,  0.0000,  0.0000,  0.0000,  0.0000]])
tensor([[-0.8160,  1.0000,  1.0000,  0.0000,  0.0000,  0.0000]])
tensor([[-0.9569,  1.0000,  0.0000,  0.0000,  0.0000,  0.0000]])
tensor([[-0.9980,  1.0000,  1.0000,  0.0000,  0.0000,  0.0000]])
tensor([[-0.9674,  0.0000,  1.0000,  0.0000,  0.0000,  0.0000]])
tensor([[-0.7559,  0.0000,  0.0000,  0.0000,  0.0000,  0.0000]])
tensor([[0.1377, 1.0000, 0.0000, 0.0000, 0.0000, 0.0000]])
tensor([[-0.3917,  1.0000,  0.0000,  0.0000,  0.0000,  0.0000]])
tensor([[-0.9716,  0.0000,  0.0000,  0.0000,  0.0000,  0.0000]])
tensor([[0.0130, 0.0000, 0.0000, 0.0000, 0.0000, 0.0000]])
tensor([[0.6543, 1.0000, 0.0000, 0.0000, 0.0000, 0.0000]])
tensor([[-0.4723,  1.0000,  0.0000,  0.0000,  0.0000,  0.0000]])
tensor([[-0.9002,  0.0000,  1.0000,  0.0000,  0.0000,  0.0000]])
tensor([[0.7634, 0.0000, 1.0000, 0.0000, 0.0000, 0.0000]])
tensor([[0.0562, 0.0000, 1.0000, 0.0000, 0.0000, 0.0000]])
tensor([[0.9231, 0.0000, 1.0000, 0.0000, 0.0000, 0.0000]])
tensor([[0.6887, 1.0000, 0.0000, 0.0000, 0.0000, 0.0000]])
tensor([[-0.5994,  0.0000,  1.0000,  0.0000,  0.0000,  0.0000]])
tensor([[0.2296, 0.0000, 1.0000, 0.0000, 0.0000, 0.0000]])
tensor([[-0.6711,  0.0000,  0.0000,  0.0000,  0.0000,  0.0000]])
tensor([[-0.2195,  0.0000,  0.0000,  0.0000,  0.0000,  0.0000]])
tensor([[0.8218, 0.0000, 0.0000, 0.0000, 0.0000, 0.0000]])
tensor([[-0.6938,  1.0000,  1.0000,  0.0000,  0.0000,  0.0000]])
tensor([[-0.2792,  1.0000,  1.0000,  0.0000,  0.0000,  0.0000]])
tensor([[-0.9726,  0.0000,  1.0000,  0.0000,  0.0000,  0.0000]])
tensor([[-0.2658,  0.0000,  1.0000,  0.0000,  0.0000,  0.0000]])
tensor([[-0.5007,  0.0000,  1.0000,  0.0000,  0.0000,  0.0000]])
tensor([[-0.6756,  0.0000,  0.0000,  0.0000,  0.0000,  0.0000]])
tensor([[-0.8443,  0.0000,  1.0000,  0.0000,  0.0000,  0.0000]])
tensor([[0.0309, 0.0000, 0.0000, 0.0000, 0.0000, 0.0000]])
tensor([[-0.6627,  1.0000,  0.0000,  0.0000,  0.0000,  0.0000]])
tensor([[0.0237, 0.0000, 0.0000, 0.0000, 0.0000, 0.0000]])
tensor([[-0.9696,  0.0000,  1.0000,  0.0000,  0.0000,  0.0000]])
tensor([[0.0596, 0.0000, 0.0000, 0.0000, 0.0000, 0.0000]])
tensor([[-0.7783,  0.0000,  0.0000,  0.0000,  0.0000,  0.0000]])
tensor([[-0.7825,  0.0000,  0.0000,  0.0000,  0.0000,  0.0000]])
tensor([[0.7961, 0.0000, 0.0000, 0.0000, 0.0000, 0.0000]])
tensor([[-0.4113,  0.0000,  0.0000,  0.0000,  0.0000,  0.0000]])
tensor([[0.1415, 1.0000, 1.0000, 0.0000, 0.0000, 0.0000]])
tensor([[-0.8080,  0.0000,  0.0000,  0.0000,  0.0000,  0.0000]])
tensor([[-0.4727,  0.0000,  1.0000,  0.0000,  0.0000,  0.0000]])
tensor([[-0.9760,  1.0000,  0.0000,  0.0000,  0.0000,  0.0000]])
tensor([[-0.1860,  0.0000,  1.0000,  0.0000,  0.0000,  0.0000]])
tensor([[0.7981, 0.0000, 0.0000, 0.0000, 0.0000, 0.0000]])
tensor([[-0.5323,  0.0000,  1.0000,  0.0000,  0.0000,  0.0000]])
tensor([[-0.8527,  1.0000,  0.0000,  0.0000,  0.0000,  0.0000]])
tensor([[-0.9713,  1.0000,  1.0000,  0.0000,  0.0000,  0.0000]])
tensor([[-0.7349,  0.0000,  1.0000,  0.0000,  0.0000,  0.0000]])
tensor([[-0.6288,  0.0000,  0.0000,  0.0000,  0.0000,  0.0000]])
tensor([[-0.9594,  0.0000,  1.0000,  0.0000,  0.0000,  0.0000]])
tensor([[-0.8765,  1.0000,  1.0000,  0.0000,  0.0000,  0.0000]])
tensor([[-0.5932,  0.0000,  1.0000,  0.0000,  0.0000,  0.0000]])
tensor([[-0.8837,  1.0000,  1.0000,  0.0000,  0.0000,  0.0000]])
tensor([[-0.4492,  1.0000,  0.0000,  0.0000,  0.0000,  0.0000]])
tensor([[-0.9365,  0.0000,  0.0000,  0.0000,  0.0000,  0.0000]])
tensor([[-0.2182,  1.0000,  1.0000,  0.0000,  0.0000,  0.0000]])
tensor([[-0.9324,  0.0000,  0.0000,  0.0000,  0.0000,  0.0000]])
tensor([[-0.9135,  1.0000,  1.0000,  0.0000,  0.0000,  0.0000]])
tensor([[-0.4711,  0.0000,  0.0000,  0.0000,  0.0000,  0.0000]])
tensor([[-0.2693,  0.0000,  0.0000,  0.0000,  0.0000,  0.0000]])
tensor([[0.1429, 0.0000, 1.0000, 0.0000, 0.0000, 0.0000]])
tensor([[-0.9785,  0.0000,  0.0000,  0.0000,  0.0000,  0.0000]])
tensor([[-0.6875,  1.0000,  1.0000,  0.0000,  1.0000,  0.0000]])
tensor([[-0.9633,  1.0000,  0.0000,  0.0000,  0.0000,  0.0000]])
tensor([[-0.9879,  1.0000,  1.0000,  0.0000,  0.0000,  0.0000]])
tensor([[-0.9875,  0.0000,  0.0000,  0.0000,  0.0000,  0.0000]])
tensor([[-0.6176,  0.0000,  1.0000,  0.0000,  0.0000,  0.0000]])
tensor([[-0.9673,  0.0000,  1.0000,  0.0000,  0.0000,  0.0000]])
tensor([[-0.8725,  1.0000,  1.0000,  0.0000,  0.0000,  0.0000]])
tensor([[-0.9544,  0.0000,  0.0000,  0.0000,  0.0000,  0.0000]])
tensor([[-0.8751,  1.0000,  0.0000,  0.0000,  0.0000,  0.0000]])
tensor([[-0.9928,  0.0000,  0.0000,  0.0000,  0.0000,  0.0000]])
tensor([[-0.9489,  1.0000,  1.0000,  0.0000,  0.0000,  0.0000]])
tensor([[-0.9865,  0.0000,  0.0000,  0.0000,  0.0000,  0.0000]])
tensor([[-0.9243,  1.0000,  0.0000,  0.0000,  0.0000,  0.0000]])
tensor([[-0.9925,  0.0000,  0.0000,  0.0000,  0.0000,  0.0000]])
tensor([[-0.2607,  0.0000,  0.0000,  0.0000,  0.0000,  0.0000]])
tensor([[-0.7101,  0.0000,  0.0000,  0.0000,  0.0000,  0.0000]])
tensor([[-0.8702,  0.0000,  1.0000,  0.0000,  0.0000,  0.0000]])
tensor([[-0.5418,  0.0000,  0.0000,  0.0000,  0.0000,  0.0000]])
tensor([[-0.4890,  0.0000,  0.0000,  0.0000,  0.0000,  0.0000]])
tensor([[-0.9277,  1.0000,  0.0000,  0.0000,  0.0000,  0.0000]])
tensor([[-0.9282,  1.0000,  0.0000,  0.0000,  0.0000,  0.0000]])
tensor([[-0.9214,  0.0000,  0.0000,  0.0000,  0.0000,  0.0000]])
tensor([[-0.2578,  0.0000,  0.0000,  0.0000,  0.0000,  0.0000]])
tensor([[-0.9185,  1.0000,  0.0000,  0.0000,  0.0000,  0.0000]])
tensor([[-0.3457,  1.0000,  0.0000,  0.0000,  1.0000,  0.0000]])
tensor([[-0.9697,  0.0000,  0.0000,  0.0000,  1.0000,  0.0000]])
tensor([[-0.8354,  0.0000,  0.0000,  0.0000,  0.0000,  0.0000]])
tensor([[-0.2415,  0.0000,  0.0000,  0.0000,  0.0000,  0.0000]])
tensor([[0.2309, 1.0000, 0.0000, 0.0000, 0.0000, 0.0000]])
tensor([[-0.7370,  0.0000,  1.0000,  0.0000,  0.0000,  0.0000]])
tensor([[-0.4665,  0.0000,  0.0000,  0.0000,  0.0000,  0.0000]])
tensor([[-0.9834,  0.0000,  1.0000,  0.0000,  0.0000,  0.0000]])
tensor([[-0.9426,  1.0000,  1.0000,  0.0000,  0.0000,  0.0000]])
tensor([[-0.5694,  0.0000,  0.0000,  0.0000,  0.0000,  0.0000]])
tensor([[-0.5337,  0.0000,  1.0000,  0.0000,  0.0000,  0.0000]])
tensor([[-0.5004,  1.0000,  1.0000,  0.0000,  0.0000,  0.0000]])
tensor([[-0.9177,  0.0000,  0.0000,  0.0000,  0.0000,  0.0000]])
tensor([[0.1849, 1.0000, 1.0000, 0.0000, 0.0000, 0.0000]])
tensor([[-0.8402,  0.0000,  0.0000,  0.0000,  0.0000,  0.0000]])
tensor([[-0.8096,  1.0000,  1.0000,  0.0000,  0.0000,  0.0000]])
tensor([[-0.5636,  0.0000,  0.0000,  0.0000,  0.0000,  0.0000]])
tensor([[-0.6472,  0.0000,  1.0000,  0.0000,  0.0000,  0.0000]])
tensor([[-0.9348,  0.0000,  1.0000,  0.0000,  0.0000,  0.0000]])
tensor([[-0.9948,  0.0000,  0.0000,  0.0000,  0.0000,  0.0000]])
tensor([[-0.9617,  1.0000,  1.0000,  0.0000,  0.0000,  0.0000]])
tensor([[-0.9099,  0.0000,  0.0000,  0.0000,  0.0000,  0.0000]])
tensor([[-0.9950,  0.0000,  1.0000,  0.0000,  0.0000,  0.0000]])
tensor([[-0.8832,  1.0000,  0.0000,  0.0000,  0.0000,  0.0000]])
tensor([[-0.9327,  1.0000,  0.0000,  0.0000,  1.0000,  0.0000]])
tensor([[-0.9952,  0.0000,  0.0000,  0.0000,  0.0000,  0.0000]])
tensor([[-0.9353,  0.0000,  1.0000,  0.0000,  0.0000,  0.0000]])
tensor([[-0.8613,  1.0000,  1.0000,  0.0000,  0.0000,  0.0000]])
tensor([[-0.8570,  1.0000,  0.0000,  0.0000,  0.0000,  0.0000]])
tensor([[-0.9622,  1.0000,  0.0000,  0.0000,  0.0000,  0.0000]])
tensor([[-0.9968,  0.0000,  1.0000,  0.0000,  0.0000,  0.0000]])
tensor([[-0.9959,  0.0000,  0.0000,  0.0000,  0.0000,  0.0000]])
INFO:root:Agent 0 (TQCars): avg action time = 0.0015s
tensor([[-0.9183,  1.0000,  0.0000,  0.0000,  0.0000,  0.0000]])
tensor([[-0.9697,  1.0000,  0.0000,  0.0000,  0.0000,  0.0000]])
tensor([[-0.9166,  1.0000,  1.0000,  0.0000,  0.0000,  0.0000]])
tensor([[-0.9558,  1.0000,  0.0000,  0.0000,  0.0000,  0.0000]])
tensor([[-0.9751,  1.0000,  0.0000,  0.0000,  0.0000,  0.0000]])
tensor([[-0.9937,  1.0000,  0.0000,  0.0000,  0.0000,  0.0000]])
tensor([[-0.9996,  1.0000,  0.0000,  0.0000,  0.0000,  0.0000]])
tensor([[-0.9987,  0.0000,  0.0000,  0.0000,  0.0000,  0.0000]])
tensor([[-0.9752,  1.0000,  1.0000,  0.0000,  0.0000,  0.0000]])
tensor([[-0.9820,  1.0000,  0.0000,  0.0000,  0.0000,  0.0000]])
tensor([[-0.9592,  1.0000,  1.0000,  0.0000,  0.0000,  0.0000]])
tensor([[-0.8755,  0.0000,  0.0000,  0.0000,  0.0000,  0.0000]])
tensor([[0.6537, 1.0000, 0.0000, 0.0000, 0.0000, 0.0000]])
tensor([[0.7181, 1.0000, 0.0000, 0.0000, 0.0000, 0.0000]])
tensor([[0.9152, 1.0000, 0.0000, 0.0000, 0.0000, 0.0000]])
tensor([[-0.3452,  1.0000,  0.0000,  0.0000,  0.0000,  0.0000]])
tensor([[0.9237, 1.0000, 0.0000, 0.0000, 0.0000, 0.0000]])
tensor([[0.7303, 1.0000, 0.0000, 0.0000, 0.0000, 0.0000]])
tensor([[0.6136, 1.0000, 1.0000, 0.0000, 0.0000, 0.0000]])
tensor([[0.5019, 1.0000, 0.0000, 0.0000, 0.0000, 0.0000]])
tensor([[0.1102, 1.0000, 0.0000, 0.0000, 0.0000, 0.0000]])
tensor([[-0.4942,  1.0000,  0.0000,  0.0000,  0.0000,  0.0000]])
tensor([[0.3978, 1.0000, 0.0000, 0.0000, 1.0000, 0.0000]])
tensor([[0.6418, 1.0000, 0.0000, 0.0000, 0.0000, 0.0000]])
tensor([[0.1789, 1.0000, 0.0000, 0.0000, 0.0000, 0.0000]])
tensor([[0.1315, 1.0000, 0.0000, 0.0000, 0.0000, 0.0000]])
tensor([[-0.7904,  0.0000,  0.0000,  0.0000,  0.0000,  0.0000]])
tensor([[0.9163, 1.0000, 0.0000, 0.0000, 0.0000, 0.0000]])
tensor([[0.8751, 1.0000, 0.0000, 0.0000, 0.0000, 0.0000]])
tensor([[-0.0709,  1.0000,  0.0000,  0.0000,  0.0000,  0.0000]])
tensor([[-0.0575,  1.0000,  0.0000,  0.0000,  0.0000,  0.0000]])
tensor([[-0.3882,  0.0000,  0.0000,  0.0000,  0.0000,  0.0000]])
tensor([[-0.3064,  1.0000,  0.0000,  0.0000,  0.0000,  0.0000]])
tensor([[0.9749, 1.0000, 0.0000, 0.0000, 0.0000, 0.0000]])
tensor([[0.9278, 1.0000, 0.0000, 0.0000, 0.0000, 0.0000]])
tensor([[0.5125, 1.0000, 0.0000, 0.0000, 0.0000, 0.0000]])
tensor([[-0.4258,  1.0000,  0.0000,  0.0000,  0.0000,  0.0000]])
tensor([[-0.9239,  1.0000,  0.0000,  0.0000,  0.0000,  0.0000]])
tensor([[-0.3966,  1.0000,  0.0000,  0.0000,  0.0000,  0.0000]])
tensor([[0.4816, 1.0000, 1.0000, 0.0000, 0.0000, 0.0000]])
tensor([[-0.3907,  0.0000,  0.0000,  0.0000,  0.0000,  0.0000]])
tensor([[-0.1862,  0.0000,  0.0000,  0.0000,  0.0000,  0.0000]])
tensor([[-0.8230,  1.0000,  0.0000,  0.0000,  0.0000,  0.0000]])
tensor([[-0.6783,  0.0000,  0.0000,  0.0000,  0.0000,  0.0000]])
tensor([[-0.8572,  1.0000,  0.0000,  0.0000,  0.0000,  0.0000]])
tensor([[0.7775, 1.0000, 0.0000, 0.0000, 0.0000, 0.0000]])
tensor([[0.6492, 1.0000, 0.0000, 0.0000, 0.0000, 0.0000]])
tensor([[-0.0877,  1.0000,  0.0000,  0.0000,  0.0000,  0.0000]])
tensor([[-0.7491,  1.0000,  1.0000,  0.0000,  0.0000,  0.0000]])
tensor([[-0.9173,  1.0000,  0.0000,  0.0000,  0.0000,  0.0000]])
tensor([[0.1836, 1.0000, 1.0000, 0.0000, 0.0000, 0.0000]])
tensor([[0.9478, 1.0000, 0.0000, 0.0000, 1.0000, 0.0000]])
tensor([[0.9161, 0.0000, 0.0000, 0.0000, 1.0000, 0.0000]])
tensor([[-0.1968,  1.0000,  0.0000,  0.0000,  0.0000,  0.0000]])
tensor([[-0.9803,  1.0000,  0.0000,  0.0000,  0.0000,  0.0000]])
tensor([[-0.8406,  0.0000,  1.0000,  0.0000,  0.0000,  0.0000]])
tensor([[-0.4374,  0.0000,  1.0000,  0.0000,  0.0000,  0.0000]])
tensor([[-0.1214,  1.0000,  0.0000,  0.0000,  0.0000,  0.0000]])
tensor([[-0.0117,  1.0000,  0.0000,  0.0000,  0.0000,  0.0000]])
tensor([[0.8364, 1.0000, 0.0000, 0.0000, 0.0000, 0.0000]])
tensor([[0.7421, 1.0000, 0.0000, 0.0000, 0.0000, 0.0000]])
tensor([[-0.9852,  0.0000,  0.0000,  0.0000,  0.0000,  0.0000]])
tensor([[-0.9977,  0.0000,  0.0000,  0.0000,  0.0000,  0.0000]])
tensor([[-0.9737,  1.0000,  0.0000,  0.0000,  0.0000,  0.0000]])
tensor([[-0.7201,  1.0000,  0.0000,  0.0000,  0.0000,  0.0000]])
tensor([[-0.1032,  1.0000,  0.0000,  0.0000,  0.0000,  0.0000]])
tensor([[0.9213, 1.0000, 0.0000, 0.0000, 0.0000, 0.0000]])
tensor([[0.1781, 1.0000, 0.0000, 0.0000, 0.0000, 0.0000]])
tensor([[-0.4108,  1.0000,  0.0000,  0.0000,  0.0000,  0.0000]])
tensor([[-0.9975,  0.0000,  0.0000,  0.0000,  0.0000,  0.0000]])
tensor([[-0.9967,  1.0000,  0.0000,  0.0000,  0.0000,  0.0000]])
tensor([[-0.8732,  0.0000,  0.0000,  0.0000,  0.0000,  0.0000]])
tensor([[-0.8549,  1.0000,  0.0000,  0.0000,  0.0000,  0.0000]])
tensor([[-0.1872,  0.0000,  0.0000,  0.0000,  0.0000,  0.0000]])
tensor([[0.9648, 1.0000, 0.0000, 0.0000, 0.0000, 0.0000]])
tensor([[-0.1347,  1.0000,  0.0000,  0.0000,  0.0000,  0.0000]])
tensor([[-0.9663,  1.0000,  0.0000,  0.0000,  0.0000,  0.0000]])
tensor([[-0.7281,  1.0000,  1.0000,  0.0000,  0.0000,  0.0000]])
tensor([[0.8818, 0.0000, 0.0000, 0.0000, 0.0000, 0.0000]])
tensor([[0.3034, 1.0000, 0.0000, 0.0000, 0.0000, 0.0000]])
tensor([[-0.9805,  1.0000,  0.0000,  0.0000,  1.0000,  0.0000]])
tensor([[-0.9613,  1.0000,  0.0000,  0.0000,  0.0000,  0.0000]])
tensor([[-0.2835,  1.0000,  0.0000,  0.0000,  0.0000,  0.0000]])
tensor([[-0.3250,  1.0000,  0.0000,  0.0000,  0.0000,  0.0000]])
tensor([[0.8380, 1.0000, 0.0000, 0.0000, 0.0000, 0.0000]])
tensor([[0.7763, 1.0000, 0.0000, 0.0000, 0.0000, 0.0000]])
tensor([[-0.7560,  0.0000,  0.0000,  0.0000,  0.0000,  0.0000]])
tensor([[-0.9601,  1.0000,  1.0000,  0.0000,  0.0000,  0.0000]])
tensor([[-0.9398,  1.0000,  0.0000,  0.0000,  0.0000,  0.0000]])
tensor([[-0.1322,  1.0000,  0.0000,  0.0000,  0.0000,  0.0000]])
tensor([[0.8737, 1.0000, 0.0000, 0.0000, 1.0000, 0.0000]])
tensor([[-0.5339,  1.0000,  0.0000,  0.0000,  0.0000,  0.0000]])
tensor([[-0.5088,  1.0000,  0.0000,  0.0000,  0.0000,  0.0000]])
tensor([[0.1190, 0.0000, 0.0000, 0.0000, 0.0000, 0.0000]])
tensor([[-0.3661,  0.0000,  0.0000,  0.0000,  0.0000,  0.0000]])
tensor([[0.2497, 1.0000, 0.0000, 0.0000, 0.0000, 0.0000]])
tensor([[-0.2087,  1.0000,  0.0000,  0.0000,  0.0000,  0.0000]])
{"type": "results", "track": "zengarden", "results": [{"key": 0, "reward": 10.12276611328125, "position": 4, "name": "TQCars", "avg_action_time": 0.0014606517803068422}]}
