INFO:root:Loading the agents
INFO:root:Loaded player TQCars
INFO:root:Creating pystk-1
INFO:root:Adding wrapper <function get_wrappers.<locals>.<lambda> at 0x777e79cf3420>
INFO:root:Adding wrapper <function get_wrappers.<locals>.<lambda> at 0x777e79cf34c0>
INFO:root:Adding wrapper <function get_wrappers.<locals>.<lambda> at 0x777e79cf3560>
INFO:root:Adding wrapper <function get_wrappers.<locals>.<lambda> at 0x777e79cf3600>
INFO:root:(multi-env mono adapter) Setting main environment max_paths to 5
INFO:root:Loading trained model from CHECKPOINT-GPUFAC/tqc_EXP12_2000000.pt...
INFO:root:Starting a race
tensor([[0.8358, 1.0000, 0.0000, 1.0000, 0.0000, 0.0000]])
tensor([[0.5019, 1.0000, 0.0000, 0.0000, 0.0000, 0.0000]])
tensor([[0.8271, 1.0000, 1.0000, 1.0000, 1.0000, 0.0000]])
tensor([[0.4639, 0.0000, 1.0000, 1.0000, 0.0000, 1.0000]])
tensor([[0.6833, 1.0000, 1.0000, 1.0000, 1.0000, 1.0000]])
tensor([[0.5734, 1.0000, 0.0000, 1.0000, 0.0000, 1.0000]])
tensor([[0.3314, 1.0000, 0.0000, 0.0000, 0.0000, 1.0000]])
tensor([[-0.1925,  0.0000,  1.0000,  0.0000,  0.0000,  0.0000]])
tensor([[0.4742, 0.0000, 1.0000, 1.0000, 0.0000, 0.0000]])
tensor([[0.3213, 1.0000, 0.0000, 1.0000, 0.0000, 0.0000]])
tensor([[0.2419, 0.0000, 1.0000, 1.0000, 1.0000, 0.0000]])
tensor([[-0.1034,  1.0000,  1.0000,  1.0000,  0.0000,  0.0000]])
tensor([[0.7001, 0.0000, 0.0000, 0.0000, 0.0000, 1.0000]])
tensor([[0.6989, 1.0000, 1.0000, 1.0000, 0.0000, 0.0000]])
tensor([[0.8547, 0.0000, 0.0000, 0.0000, 0.0000, 1.0000]])
tensor([[-0.1082,  1.0000,  1.0000,  1.0000,  1.0000,  0.0000]])
tensor([[0.0326, 1.0000, 1.0000, 1.0000, 1.0000, 0.0000]])
tensor([[0.7818, 1.0000, 1.0000, 0.0000, 0.0000, 1.0000]])
tensor([[0.2256, 1.0000, 0.0000, 1.0000, 0.0000, 1.0000]])
tensor([[0.2177, 1.0000, 0.0000, 1.0000, 1.0000, 0.0000]])
tensor([[0.2980, 0.0000, 0.0000, 1.0000, 0.0000, 1.0000]])
tensor([[0.0715, 0.0000, 1.0000, 1.0000, 1.0000, 0.0000]])
tensor([[0.4937, 1.0000, 1.0000, 1.0000, 0.0000, 1.0000]])
tensor([[0.2893, 0.0000, 0.0000, 0.0000, 1.0000, 0.0000]])
tensor([[0.3180, 1.0000, 1.0000, 1.0000, 1.0000, 1.0000]])
tensor([[0.4077, 0.0000, 0.0000, 0.0000, 0.0000, 1.0000]])
tensor([[0.6141, 1.0000, 0.0000, 1.0000, 0.0000, 0.0000]])
tensor([[0.1579, 0.0000, 0.0000, 1.0000, 0.0000, 0.0000]])
tensor([[0.6401, 1.0000, 0.0000, 0.0000, 0.0000, 0.0000]])
tensor([[-0.0231,  0.0000,  0.0000,  0.0000,  0.0000,  0.0000]])
tensor([[0.3551, 1.0000, 1.0000, 1.0000, 0.0000, 0.0000]])
tensor([[0.3934, 1.0000, 0.0000, 1.0000, 1.0000, 1.0000]])
tensor([[0.5413, 1.0000, 1.0000, 1.0000, 1.0000, 1.0000]])
tensor([[-0.0252,  1.0000,  0.0000,  1.0000,  0.0000,  0.0000]])
tensor([[-0.1854,  0.0000,  1.0000,  1.0000,  1.0000,  1.0000]])
tensor([[-0.5199,  0.0000,  1.0000,  0.0000,  1.0000,  0.0000]])
tensor([[0.6556, 1.0000, 1.0000, 0.0000, 1.0000, 1.0000]])
tensor([[-0.1001,  1.0000,  1.0000,  1.0000,  0.0000,  1.0000]])
tensor([[-0.4051,  1.0000,  1.0000,  0.0000,  0.0000,  0.0000]])
tensor([[-0.0258,  0.0000,  0.0000,  0.0000,  0.0000,  1.0000]])
tensor([[0.7487, 1.0000, 0.0000, 0.0000, 0.0000, 1.0000]])
tensor([[0.1432, 1.0000, 0.0000, 0.0000, 0.0000, 0.0000]])
tensor([[0.1401, 1.0000, 0.0000, 1.0000, 0.0000, 1.0000]])
tensor([[0.7311, 1.0000, 0.0000, 0.0000, 0.0000, 1.0000]])
tensor([[-0.4936,  1.0000,  1.0000,  1.0000,  1.0000,  1.0000]])
tensor([[-0.1716,  0.0000,  0.0000,  1.0000,  0.0000,  1.0000]])
tensor([[0.8900, 1.0000, 1.0000, 1.0000, 0.0000, 1.0000]])
tensor([[0.3461, 1.0000, 1.0000, 1.0000, 0.0000, 0.0000]])
tensor([[-0.1305,  1.0000,  0.0000,  1.0000,  0.0000,  0.0000]])
tensor([[-0.3167,  0.0000,  0.0000,  0.0000,  0.0000,  0.0000]])
tensor([[-0.0026,  0.0000,  0.0000,  0.0000,  0.0000,  1.0000]])
tensor([[-0.0337,  1.0000,  0.0000,  1.0000,  1.0000,  1.0000]])
tensor([[-0.2366,  0.0000,  1.0000,  1.0000,  0.0000,  0.0000]])
tensor([[0.0113, 1.0000, 1.0000, 1.0000, 0.0000, 0.0000]])
tensor([[-0.0901,  1.0000,  0.0000,  1.0000,  0.0000,  0.0000]])
tensor([[0.1467, 0.0000, 0.0000, 1.0000, 0.0000, 1.0000]])
tensor([[-0.0319,  1.0000,  0.0000,  1.0000,  0.0000,  1.0000]])
tensor([[-0.0031,  0.0000,  1.0000,  0.0000,  1.0000,  0.0000]])
tensor([[0.0251, 1.0000, 1.0000, 1.0000, 0.0000, 1.0000]])
tensor([[-0.3076,  0.0000,  1.0000,  1.0000,  0.0000,  0.0000]])
tensor([[-0.5141,  1.0000,  0.0000,  1.0000,  0.0000,  0.0000]])
tensor([[0.0522, 1.0000, 0.0000, 0.0000, 0.0000, 0.0000]])
tensor([[0.1339, 1.0000, 0.0000, 1.0000, 0.0000, 1.0000]])
tensor([[0.1118, 0.0000, 0.0000, 0.0000, 1.0000, 0.0000]])
tensor([[-0.2143,  0.0000,  0.0000,  0.0000,  0.0000,  0.0000]])
tensor([[-0.0960,  0.0000,  0.0000,  0.0000,  1.0000,  1.0000]])
tensor([[-0.0423,  1.0000,  0.0000,  0.0000,  0.0000,  1.0000]])
tensor([[-0.0313,  0.0000,  0.0000,  1.0000,  1.0000,  1.0000]])
tensor([[0.0604, 1.0000, 0.0000, 0.0000, 1.0000, 1.0000]])
tensor([[-0.2979,  0.0000,  0.0000,  1.0000,  1.0000,  1.0000]])
tensor([[-0.4379,  0.0000,  0.0000,  1.0000,  0.0000,  0.0000]])
tensor([[0.2406, 1.0000, 0.0000, 0.0000, 0.0000, 0.0000]])
tensor([[0.5729, 1.0000, 0.0000, 0.0000, 1.0000, 1.0000]])
tensor([[0.6467, 1.0000, 1.0000, 1.0000, 1.0000, 0.0000]])
tensor([[-0.1393,  1.0000,  0.0000,  0.0000,  1.0000,  0.0000]])
tensor([[-0.4892,  1.0000,  1.0000,  1.0000,  0.0000,  1.0000]])
tensor([[-0.2548,  0.0000,  0.0000,  1.0000,  0.0000,  0.0000]])
tensor([[0.1694, 1.0000, 1.0000, 1.0000, 0.0000, 0.0000]])
tensor([[-0.4894,  1.0000,  0.0000,  1.0000,  0.0000,  0.0000]])
tensor([[-0.9009,  1.0000,  0.0000,  1.0000,  0.0000,  1.0000]])
tensor([[-0.9448,  1.0000,  1.0000,  1.0000,  0.0000,  1.0000]])
tensor([[-0.9500,  1.0000,  1.0000,  1.0000,  0.0000,  0.0000]])
tensor([[-0.9955,  0.0000,  1.0000,  0.0000,  0.0000,  1.0000]])
tensor([[-0.8601,  1.0000,  0.0000,  1.0000,  1.0000,  0.0000]])
tensor([[-0.2275,  1.0000,  0.0000,  1.0000,  0.0000,  0.0000]])
tensor([[-0.4134,  1.0000,  1.0000,  1.0000,  0.0000,  1.0000]])
tensor([[-0.4307,  0.0000,  0.0000,  1.0000,  0.0000,  1.0000]])
tensor([[0.1337, 1.0000, 0.0000, 1.0000, 1.0000, 1.0000]])
tensor([[0.6944, 1.0000, 1.0000, 1.0000, 0.0000, 0.0000]])
tensor([[0.8660, 0.0000, 0.0000, 1.0000, 0.0000, 0.0000]])
tensor([[0.9322, 0.0000, 0.0000, 1.0000, 1.0000, 0.0000]])
tensor([[0.9911, 1.0000, 1.0000, 1.0000, 0.0000, 0.0000]])
tensor([[0.9918, 1.0000, 1.0000, 1.0000, 0.0000, 1.0000]])
tensor([[0.9927, 0.0000, 0.0000, 1.0000, 0.0000, 1.0000]])
tensor([[0.9919, 1.0000, 1.0000, 1.0000, 0.0000, 0.0000]])
tensor([[0.9752, 0.0000, 0.0000, 1.0000, 0.0000, 0.0000]])
tensor([[0.8542, 0.0000, 0.0000, 1.0000, 0.0000, 0.0000]])
tensor([[0.9370, 0.0000, 0.0000, 1.0000, 0.0000, 0.0000]])
tensor([[0.8646, 1.0000, 0.0000, 1.0000, 1.0000, 1.0000]])
tensor([[0.8113, 1.0000, 0.0000, 1.0000, 0.0000, 0.0000]])
tensor([[0.1571, 1.0000, 0.0000, 1.0000, 0.0000, 0.0000]])
tensor([[0.8513, 0.0000, 1.0000, 1.0000, 0.0000, 0.0000]])
tensor([[0.8901, 0.0000, 1.0000, 1.0000, 1.0000, 0.0000]])
tensor([[0.5663, 0.0000, 1.0000, 1.0000, 0.0000, 1.0000]])
tensor([[0.8255, 0.0000, 1.0000, 1.0000, 1.0000, 0.0000]])
tensor([[0.4644, 0.0000, 0.0000, 1.0000, 0.0000, 0.0000]])
tensor([[0.8188, 1.0000, 0.0000, 1.0000, 0.0000, 0.0000]])
tensor([[0.6949, 1.0000, 1.0000, 1.0000, 0.0000, 0.0000]])
tensor([[0.8876, 0.0000, 1.0000, 1.0000, 1.0000, 0.0000]])
tensor([[0.4906, 1.0000, 1.0000, 1.0000, 0.0000, 0.0000]])
tensor([[0.7117, 1.0000, 1.0000, 0.0000, 0.0000, 0.0000]])
tensor([[0.8391, 1.0000, 1.0000, 1.0000, 0.0000, 0.0000]])
tensor([[0.7524, 0.0000, 1.0000, 0.0000, 0.0000, 0.0000]])
tensor([[-0.2238,  1.0000,  0.0000,  1.0000,  0.0000,  0.0000]])
tensor([[0.4546, 1.0000, 1.0000, 1.0000, 0.0000, 0.0000]])
tensor([[-0.0492,  0.0000,  0.0000,  1.0000,  0.0000,  0.0000]])
tensor([[0.2408, 1.0000, 1.0000, 1.0000, 0.0000, 0.0000]])
tensor([[-0.3059,  0.0000,  1.0000,  1.0000,  0.0000,  0.0000]])
tensor([[-0.5767,  0.0000,  1.0000,  1.0000,  1.0000,  0.0000]])
tensor([[0.3450, 1.0000, 1.0000, 1.0000, 0.0000, 0.0000]])
tensor([[-0.7626,  0.0000,  1.0000,  1.0000,  1.0000,  0.0000]])
tensor([[-0.7715,  0.0000,  1.0000,  1.0000,  1.0000,  0.0000]])
tensor([[-0.6666,  0.0000,  1.0000,  1.0000,  0.0000,  0.0000]])
tensor([[-0.4625,  1.0000,  1.0000,  1.0000,  0.0000,  0.0000]])
tensor([[-0.5341,  0.0000,  1.0000,  1.0000,  0.0000,  0.0000]])
tensor([[-0.6821,  0.0000,  0.0000,  1.0000,  0.0000,  0.0000]])
tensor([[0.1352, 0.0000, 0.0000, 1.0000, 0.0000, 0.0000]])
tensor([[0.0239, 1.0000, 1.0000, 1.0000, 1.0000, 0.0000]])
tensor([[0.2150, 0.0000, 1.0000, 0.0000, 0.0000, 0.0000]])
tensor([[0.6042, 0.0000, 1.0000, 1.0000, 1.0000, 0.0000]])
tensor([[-0.1804,  0.0000,  1.0000,  1.0000,  0.0000,  0.0000]])
tensor([[-0.4012,  1.0000,  1.0000,  1.0000,  0.0000,  0.0000]])
tensor([[-0.5864,  0.0000,  1.0000,  0.0000,  0.0000,  0.0000]])
tensor([[-0.0312,  0.0000,  1.0000,  1.0000,  0.0000,  0.0000]])
tensor([[0.1528, 0.0000, 0.0000, 1.0000, 0.0000, 0.0000]])
tensor([[-0.3270,  1.0000,  1.0000,  0.0000,  1.0000,  0.0000]])
tensor([[-0.1314,  1.0000,  0.0000,  1.0000,  0.0000,  0.0000]])
tensor([[0.0479, 0.0000, 1.0000, 1.0000, 0.0000, 0.0000]])
tensor([[-0.7171,  1.0000,  1.0000,  0.0000,  0.0000,  0.0000]])
tensor([[-0.1935,  0.0000,  0.0000,  1.0000,  0.0000,  0.0000]])
tensor([[0.6912, 0.0000, 1.0000, 1.0000, 0.0000, 0.0000]])
tensor([[0.1614, 0.0000, 1.0000, 1.0000, 0.0000, 0.0000]])
tensor([[-0.5971,  0.0000,  1.0000,  1.0000,  1.0000,  0.0000]])
tensor([[-0.2765,  1.0000,  1.0000,  1.0000,  1.0000,  1.0000]])
tensor([[-0.1079,  0.0000,  1.0000,  0.0000,  0.0000,  0.0000]])
tensor([[-0.6209,  0.0000,  1.0000,  1.0000,  0.0000,  0.0000]])
tensor([[-0.9094,  1.0000,  1.0000,  1.0000,  0.0000,  0.0000]])
tensor([[-0.2324,  0.0000,  1.0000,  1.0000,  0.0000,  0.0000]])
tensor([[-0.6519,  0.0000,  1.0000,  1.0000,  0.0000,  0.0000]])
tensor([[-0.4722,  0.0000,  1.0000,  1.0000,  0.0000,  0.0000]])
tensor([[-0.9843,  0.0000,  0.0000,  0.0000,  0.0000,  0.0000]])
tensor([[-0.4305,  1.0000,  0.0000,  1.0000,  1.0000,  0.0000]])
tensor([[-0.8820,  0.0000,  1.0000,  1.0000,  0.0000,  0.0000]])
tensor([[0.1100, 0.0000, 1.0000, 1.0000, 0.0000, 0.0000]])
tensor([[-0.3420,  0.0000,  1.0000,  1.0000,  0.0000,  0.0000]])
tensor([[-0.1404,  1.0000,  1.0000,  1.0000,  0.0000,  1.0000]])
tensor([[0.6237, 1.0000, 1.0000, 0.0000, 0.0000, 0.0000]])
tensor([[0.1214, 0.0000, 0.0000, 1.0000, 1.0000, 0.0000]])
tensor([[0.8404, 1.0000, 0.0000, 1.0000, 0.0000, 1.0000]])
tensor([[-0.6782,  1.0000,  1.0000,  1.0000,  0.0000,  1.0000]])
tensor([[0.4227, 0.0000, 1.0000, 1.0000, 1.0000, 0.0000]])
tensor([[0.4314, 0.0000, 1.0000, 0.0000, 0.0000, 0.0000]])
tensor([[0.1831, 0.0000, 1.0000, 1.0000, 0.0000, 0.0000]])
tensor([[0.6058, 0.0000, 1.0000, 1.0000, 0.0000, 0.0000]])
tensor([[-0.3826,  0.0000,  0.0000,  1.0000,  0.0000,  0.0000]])
tensor([[0.5540, 0.0000, 0.0000, 1.0000, 0.0000, 1.0000]])
tensor([[0.9764, 1.0000, 1.0000, 1.0000, 0.0000, 0.0000]])
tensor([[-0.8963,  0.0000,  1.0000,  1.0000,  0.0000,  0.0000]])
tensor([[-0.6154,  0.0000,  1.0000,  1.0000,  0.0000,  0.0000]])
tensor([[0.2644, 0.0000, 1.0000, 1.0000, 0.0000, 0.0000]])
tensor([[0.1486, 1.0000, 1.0000, 1.0000, 1.0000, 0.0000]])
tensor([[0.0470, 1.0000, 1.0000, 1.0000, 1.0000, 0.0000]])
tensor([[-0.8760,  1.0000,  1.0000,  1.0000,  0.0000,  0.0000]])
tensor([[-0.7382,  1.0000,  1.0000,  1.0000,  0.0000,  0.0000]])
tensor([[-0.6296,  0.0000,  1.0000,  1.0000,  0.0000,  1.0000]])
tensor([[-0.7934,  0.0000,  1.0000,  1.0000,  0.0000,  0.0000]])
tensor([[-0.4546,  0.0000,  1.0000,  1.0000,  1.0000,  0.0000]])
tensor([[-0.9254,  0.0000,  1.0000,  1.0000,  0.0000,  0.0000]])
tensor([[0.6690, 0.0000, 0.0000, 0.0000, 1.0000, 0.0000]])
tensor([[-0.0293,  0.0000,  1.0000,  1.0000,  1.0000,  0.0000]])
tensor([[-0.2697,  0.0000,  1.0000,  1.0000,  0.0000,  0.0000]])
tensor([[-0.8332,  0.0000,  0.0000,  1.0000,  0.0000,  0.0000]])
tensor([[0.9358, 0.0000, 1.0000, 1.0000, 1.0000, 0.0000]])
tensor([[0.8281, 0.0000, 0.0000, 1.0000, 0.0000, 0.0000]])
tensor([[0.1696, 0.0000, 0.0000, 1.0000, 0.0000, 0.0000]])
tensor([[-0.6964,  0.0000,  0.0000,  1.0000,  0.0000,  0.0000]])
tensor([[-0.9574,  0.0000,  0.0000,  1.0000,  0.0000,  0.0000]])
tensor([[-0.9284,  0.0000,  1.0000,  1.0000,  0.0000,  0.0000]])
tensor([[0.6422, 1.0000, 0.0000, 1.0000, 1.0000, 0.0000]])
tensor([[0.8529, 0.0000, 1.0000, 0.0000, 1.0000, 0.0000]])
tensor([[-0.1209,  1.0000,  0.0000,  1.0000,  0.0000,  1.0000]])
tensor([[-0.1054,  0.0000,  1.0000,  1.0000,  0.0000,  0.0000]])
tensor([[0.6248, 1.0000, 0.0000, 1.0000, 1.0000, 0.0000]])
tensor([[0.7966, 1.0000, 0.0000, 1.0000, 1.0000, 1.0000]])
tensor([[0.3560, 0.0000, 1.0000, 1.0000, 0.0000, 0.0000]])
tensor([[0.8848, 1.0000, 1.0000, 1.0000, 0.0000, 0.0000]])
tensor([[0.5603, 1.0000, 0.0000, 1.0000, 0.0000, 0.0000]])
tensor([[0.3437, 0.0000, 0.0000, 1.0000, 0.0000, 0.0000]])
tensor([[0.7539, 0.0000, 0.0000, 1.0000, 0.0000, 0.0000]])
tensor([[0.5875, 1.0000, 1.0000, 1.0000, 0.0000, 0.0000]])
tensor([[0.4738, 0.0000, 0.0000, 1.0000, 0.0000, 0.0000]])
tensor([[-0.4548,  0.0000,  0.0000,  1.0000,  0.0000,  0.0000]])
tensor([[0.6169, 0.0000, 0.0000, 1.0000, 0.0000, 0.0000]])
tensor([[0.0583, 1.0000, 1.0000, 1.0000, 1.0000, 1.0000]])
tensor([[-0.1147,  0.0000,  0.0000,  1.0000,  0.0000,  1.0000]])
tensor([[0.4419, 1.0000, 1.0000, 1.0000, 0.0000, 1.0000]])
tensor([[0.0408, 1.0000, 1.0000, 1.0000, 0.0000, 1.0000]])
tensor([[-0.6260,  0.0000,  1.0000,  1.0000,  0.0000,  1.0000]])
tensor([[0.3256, 0.0000, 1.0000, 1.0000, 0.0000, 1.0000]])
tensor([[0.2736, 1.0000, 1.0000, 1.0000, 0.0000, 0.0000]])
tensor([[-0.1430,  0.0000,  1.0000,  1.0000,  0.0000,  0.0000]])
tensor([[0.5660, 1.0000, 1.0000, 1.0000, 0.0000, 0.0000]])
tensor([[-0.1139,  0.0000,  1.0000,  1.0000,  0.0000,  1.0000]])
tensor([[0.0818, 0.0000, 0.0000, 1.0000, 0.0000, 1.0000]])
tensor([[0.6518, 0.0000, 1.0000, 1.0000, 0.0000, 0.0000]])
tensor([[0.2180, 0.0000, 1.0000, 1.0000, 0.0000, 0.0000]])
tensor([[0.6491, 0.0000, 1.0000, 1.0000, 0.0000, 0.0000]])
tensor([[-0.3798,  0.0000,  1.0000,  1.0000,  0.0000,  0.0000]])
tensor([[0.9745, 0.0000, 0.0000, 1.0000, 0.0000, 1.0000]])
tensor([[-0.0121,  1.0000,  0.0000,  1.0000,  0.0000,  0.0000]])
tensor([[0.5263, 0.0000, 1.0000, 1.0000, 0.0000, 0.0000]])
tensor([[0.0875, 1.0000, 1.0000, 1.0000, 0.0000, 0.0000]])
tensor([[0.3525, 0.0000, 0.0000, 1.0000, 0.0000, 1.0000]])
tensor([[-0.0167,  0.0000,  0.0000,  1.0000,  1.0000,  0.0000]])
tensor([[-0.4119,  0.0000,  0.0000,  1.0000,  1.0000,  0.0000]])
tensor([[0.4636, 1.0000, 1.0000, 1.0000, 0.0000, 1.0000]])
tensor([[-0.3095,  0.0000,  1.0000,  1.0000,  0.0000,  0.0000]])
tensor([[0.8780, 0.0000, 1.0000, 1.0000, 0.0000, 1.0000]])
tensor([[-0.3698,  1.0000,  1.0000,  1.0000,  0.0000,  0.0000]])
tensor([[-0.2546,  1.0000,  0.0000,  1.0000,  0.0000,  0.0000]])
tensor([[-0.7646,  0.0000,  1.0000,  1.0000,  0.0000,  0.0000]])
tensor([[-0.9743,  1.0000,  1.0000,  1.0000,  0.0000,  0.0000]])
tensor([[-0.5455,  0.0000,  1.0000,  1.0000,  1.0000,  0.0000]])
tensor([[-0.3369,  0.0000,  1.0000,  1.0000,  0.0000,  0.0000]])
tensor([[-0.2628,  0.0000,  0.0000,  1.0000,  0.0000,  0.0000]])
tensor([[-0.5317,  0.0000,  1.0000,  1.0000,  0.0000,  1.0000]])
tensor([[0.3164, 0.0000, 1.0000, 1.0000, 0.0000, 0.0000]])
tensor([[-0.4229,  0.0000,  0.0000,  1.0000,  0.0000,  0.0000]])
tensor([[0.8013, 1.0000, 1.0000, 1.0000, 0.0000, 0.0000]])
tensor([[0.3622, 0.0000, 0.0000, 1.0000, 0.0000, 0.0000]])
tensor([[-0.4633,  0.0000,  1.0000,  1.0000,  0.0000,  0.0000]])
tensor([[-0.5950,  1.0000,  1.0000,  1.0000,  1.0000,  0.0000]])
tensor([[-0.2856,  0.0000,  1.0000,  1.0000,  1.0000,  0.0000]])
tensor([[-0.6868,  1.0000,  1.0000,  1.0000,  0.0000,  0.0000]])
tensor([[0.0385, 0.0000, 0.0000, 1.0000, 1.0000, 0.0000]])
tensor([[-0.3916,  1.0000,  0.0000,  1.0000,  0.0000,  0.0000]])
tensor([[-0.0673,  0.0000,  1.0000,  1.0000,  0.0000,  0.0000]])
tensor([[0.4507, 0.0000, 1.0000, 1.0000, 0.0000, 0.0000]])
tensor([[0.2109, 0.0000, 0.0000, 0.0000, 0.0000, 0.0000]])
tensor([[-0.9347,  0.0000,  1.0000,  1.0000,  1.0000,  1.0000]])
tensor([[-0.7803,  0.0000,  0.0000,  1.0000,  0.0000,  0.0000]])
tensor([[-0.1146,  0.0000,  0.0000,  1.0000,  0.0000,  0.0000]])
tensor([[0.0294, 1.0000, 1.0000, 1.0000, 0.0000, 0.0000]])
tensor([[0.2947, 0.0000, 0.0000, 1.0000, 0.0000, 1.0000]])
tensor([[0.1710, 1.0000, 0.0000, 1.0000, 0.0000, 0.0000]])
tensor([[-0.8081,  1.0000,  0.0000,  1.0000,  0.0000,  0.0000]])
tensor([[0.2768, 0.0000, 1.0000, 1.0000, 1.0000, 0.0000]])
tensor([[0.0014, 1.0000, 1.0000, 1.0000, 0.0000, 1.0000]])
tensor([[-0.0944,  0.0000,  1.0000,  1.0000,  0.0000,  0.0000]])
tensor([[-0.6949,  0.0000,  1.0000,  1.0000,  0.0000,  0.0000]])
tensor([[0.8059, 1.0000, 1.0000, 1.0000, 0.0000, 0.0000]])
tensor([[-0.1589,  0.0000,  0.0000,  1.0000,  0.0000,  0.0000]])
tensor([[0.3909, 0.0000, 1.0000, 0.0000, 0.0000, 1.0000]])
tensor([[0.9285, 1.0000, 1.0000, 1.0000, 1.0000, 0.0000]])
tensor([[-0.9294,  1.0000,  0.0000,  1.0000,  0.0000,  0.0000]])
tensor([[0.3002, 1.0000, 1.0000, 1.0000, 1.0000, 0.0000]])
tensor([[-0.7370,  0.0000,  1.0000,  1.0000,  1.0000,  0.0000]])
tensor([[-0.8243,  1.0000,  0.0000,  1.0000,  1.0000,  0.0000]])
tensor([[-0.3991,  0.0000,  0.0000,  1.0000,  0.0000,  0.0000]])
tensor([[-0.8662,  0.0000,  1.0000,  1.0000,  1.0000,  0.0000]])
tensor([[-0.1596,  0.0000,  0.0000,  0.0000,  0.0000,  0.0000]])
tensor([[-0.9331,  0.0000,  1.0000,  1.0000,  0.0000,  0.0000]])
tensor([[0.0742, 0.0000, 1.0000, 1.0000, 1.0000, 0.0000]])
tensor([[-0.6123,  0.0000,  0.0000,  1.0000,  1.0000,  1.0000]])
tensor([[0.6261, 1.0000, 0.0000, 1.0000, 1.0000, 0.0000]])
tensor([[0.3112, 1.0000, 1.0000, 1.0000, 0.0000, 0.0000]])
tensor([[-0.8765,  0.0000,  0.0000,  1.0000,  1.0000,  0.0000]])
tensor([[0.6924, 0.0000, 1.0000, 1.0000, 1.0000, 0.0000]])
tensor([[-0.1123,  0.0000,  1.0000,  1.0000,  0.0000,  0.0000]])
tensor([[0.7967, 1.0000, 1.0000, 1.0000, 1.0000, 0.0000]])
tensor([[-0.9852,  1.0000,  1.0000,  1.0000,  1.0000,  0.0000]])
tensor([[-0.7827,  0.0000,  0.0000,  1.0000,  1.0000,  0.0000]])
tensor([[-0.6440,  0.0000,  0.0000,  1.0000,  0.0000,  0.0000]])
tensor([[-0.2726,  0.0000,  1.0000,  1.0000,  1.0000,  1.0000]])
tensor([[-0.8526,  1.0000,  0.0000,  1.0000,  0.0000,  0.0000]])
tensor([[-0.7645,  0.0000,  1.0000,  0.0000,  0.0000,  0.0000]])
tensor([[-0.4542,  1.0000,  1.0000,  1.0000,  1.0000,  0.0000]])
tensor([[-0.9800,  1.0000,  1.0000,  1.0000,  0.0000,  0.0000]])
tensor([[-0.8336,  0.0000,  1.0000,  1.0000,  0.0000,  0.0000]])
tensor([[-0.9836,  0.0000,  0.0000,  1.0000,  0.0000,  0.0000]])
tensor([[-0.4218,  0.0000,  1.0000,  1.0000,  0.0000,  0.0000]])
tensor([[-0.9746,  1.0000,  0.0000,  0.0000,  0.0000,  0.0000]])
tensor([[-0.3909,  0.0000,  1.0000,  1.0000,  0.0000,  0.0000]])
tensor([[-0.9813,  0.0000,  1.0000,  1.0000,  0.0000,  0.0000]])
tensor([[-0.2284,  0.0000,  0.0000,  1.0000,  0.0000,  0.0000]])
tensor([[0.7486, 0.0000, 0.0000, 1.0000, 0.0000, 0.0000]])
tensor([[0.0714, 1.0000, 0.0000, 1.0000, 0.0000, 0.0000]])
tensor([[-0.8550,  1.0000,  1.0000,  1.0000,  0.0000,  0.0000]])
tensor([[0.1220, 0.0000, 0.0000, 1.0000, 1.0000, 1.0000]])
tensor([[-0.6157,  1.0000,  1.0000,  1.0000,  1.0000,  0.0000]])
tensor([[-0.1974,  1.0000,  0.0000,  1.0000,  0.0000,  0.0000]])
tensor([[0.4475, 1.0000, 1.0000, 1.0000, 1.0000, 0.0000]])
tensor([[0.0631, 0.0000, 0.0000, 1.0000, 0.0000, 0.0000]])
tensor([[-0.9184,  1.0000,  1.0000,  1.0000,  1.0000,  0.0000]])
tensor([[-0.6213,  1.0000,  1.0000,  1.0000,  0.0000,  0.0000]])
tensor([[-0.6540,  0.0000,  0.0000,  1.0000,  0.0000,  0.0000]])
tensor([[-0.9663,  0.0000,  0.0000,  0.0000,  0.0000,  0.0000]])
tensor([[-0.6166,  0.0000,  1.0000,  1.0000,  0.0000,  0.0000]])
tensor([[-0.8559,  0.0000,  0.0000,  1.0000,  0.0000,  1.0000]])
tensor([[-0.8139,  0.0000,  0.0000,  1.0000,  0.0000,  1.0000]])
tensor([[0.3739, 0.0000, 0.0000, 1.0000, 0.0000, 0.0000]])
tensor([[-0.2429,  0.0000,  1.0000,  1.0000,  0.0000,  0.0000]])
tensor([[-0.4244,  1.0000,  0.0000,  1.0000,  1.0000,  0.0000]])
tensor([[-0.7484,  1.0000,  1.0000,  1.0000,  1.0000,  0.0000]])
tensor([[-0.5653,  1.0000,  1.0000,  1.0000,  0.0000,  0.0000]])
tensor([[-0.4472,  0.0000,  0.0000,  1.0000,  0.0000,  0.0000]])
tensor([[-0.9360,  0.0000,  1.0000,  1.0000,  0.0000,  0.0000]])
tensor([[-0.4991,  0.0000,  1.0000,  1.0000,  0.0000,  1.0000]])
tensor([[-0.3501,  1.0000,  1.0000,  1.0000,  0.0000,  0.0000]])
tensor([[0.2240, 1.0000, 1.0000, 1.0000, 1.0000, 0.0000]])
tensor([[0.2337, 1.0000, 1.0000, 1.0000, 1.0000, 0.0000]])
tensor([[-0.7309,  1.0000,  1.0000,  1.0000,  0.0000,  0.0000]])
tensor([[-0.8067,  0.0000,  1.0000,  0.0000,  1.0000,  0.0000]])
tensor([[-0.8360,  0.0000,  0.0000,  1.0000,  1.0000,  0.0000]])
tensor([[-0.9064,  0.0000,  1.0000,  0.0000,  0.0000,  0.0000]])
tensor([[-0.7740,  0.0000,  1.0000,  1.0000,  0.0000,  0.0000]])
tensor([[-0.8531,  0.0000,  1.0000,  1.0000,  0.0000,  1.0000]])
tensor([[0.8490, 0.0000, 0.0000, 1.0000, 0.0000, 0.0000]])
tensor([[0.6251, 1.0000, 1.0000, 1.0000, 0.0000, 1.0000]])
tensor([[0.5832, 0.0000, 1.0000, 1.0000, 0.0000, 0.0000]])
tensor([[-0.7365,  0.0000,  1.0000,  1.0000,  1.0000,  0.0000]])
tensor([[-0.1948,  0.0000,  0.0000,  1.0000,  0.0000,  1.0000]])
tensor([[0.4265, 0.0000, 1.0000, 1.0000, 0.0000, 0.0000]])
tensor([[-0.3057,  0.0000,  1.0000,  1.0000,  1.0000,  0.0000]])
tensor([[0.6254, 1.0000, 1.0000, 0.0000, 0.0000, 0.0000]])
tensor([[0.1090, 1.0000, 1.0000, 1.0000, 1.0000, 0.0000]])
tensor([[-0.7892,  0.0000,  1.0000,  1.0000,  0.0000,  0.0000]])
tensor([[0.6632, 0.0000, 0.0000, 1.0000, 0.0000, 0.0000]])
tensor([[-0.3740,  0.0000,  1.0000,  1.0000,  0.0000,  0.0000]])
tensor([[0.2588, 1.0000, 0.0000, 1.0000, 0.0000, 0.0000]])
tensor([[0.6870, 1.0000, 1.0000, 1.0000, 0.0000, 1.0000]])
tensor([[-0.2234,  1.0000,  0.0000,  1.0000,  0.0000,  1.0000]])
tensor([[-0.3032,  0.0000,  0.0000,  1.0000,  0.0000,  0.0000]])
tensor([[-0.7899,  1.0000,  0.0000,  1.0000,  1.0000,  1.0000]])
tensor([[0.0289, 1.0000, 0.0000, 1.0000, 0.0000, 0.0000]])
tensor([[-0.5171,  1.0000,  1.0000,  1.0000,  0.0000,  0.0000]])
tensor([[-0.2945,  1.0000,  1.0000,  1.0000,  0.0000,  0.0000]])
tensor([[-0.7788,  1.0000,  1.0000,  1.0000,  0.0000,  0.0000]])
tensor([[0.1426, 1.0000, 1.0000, 1.0000, 0.0000, 0.0000]])
tensor([[-0.9342,  1.0000,  1.0000,  1.0000,  0.0000,  0.0000]])
tensor([[-0.8663,  0.0000,  0.0000,  1.0000,  0.0000,  0.0000]])
tensor([[-0.9317,  0.0000,  1.0000,  1.0000,  0.0000,  0.0000]])
tensor([[-0.7616,  0.0000,  0.0000,  1.0000,  0.0000,  0.0000]])
tensor([[-0.7960,  0.0000,  0.0000,  1.0000,  0.0000,  0.0000]])
tensor([[-0.8660,  0.0000,  0.0000,  0.0000,  0.0000,  0.0000]])
tensor([[-0.7762,  0.0000,  1.0000,  1.0000,  1.0000,  0.0000]])
tensor([[-0.9431,  0.0000,  1.0000,  0.0000,  1.0000,  0.0000]])
tensor([[-0.4604,  0.0000,  1.0000,  1.0000,  0.0000,  0.0000]])
tensor([[-0.6943,  0.0000,  0.0000,  1.0000,  0.0000,  0.0000]])
tensor([[0.2113, 0.0000, 1.0000, 1.0000, 1.0000, 0.0000]])
tensor([[0.8388, 1.0000, 1.0000, 1.0000, 0.0000, 0.0000]])
tensor([[0.1203, 0.0000, 0.0000, 1.0000, 0.0000, 0.0000]])
tensor([[-0.9805,  1.0000,  0.0000,  1.0000,  1.0000,  0.0000]])
tensor([[-0.8751,  1.0000,  1.0000,  0.0000,  1.0000,  0.0000]])
tensor([[-0.7768,  1.0000,  1.0000,  1.0000,  0.0000,  0.0000]])
tensor([[-0.8378,  0.0000,  1.0000,  1.0000,  0.0000,  0.0000]])
tensor([[-0.8799,  1.0000,  1.0000,  1.0000,  0.0000,  0.0000]])
tensor([[-0.9310,  0.0000,  0.0000,  1.0000,  0.0000,  0.0000]])
tensor([[-0.4324,  0.0000,  0.0000,  1.0000,  1.0000,  0.0000]])
tensor([[-0.9419,  0.0000,  1.0000,  1.0000,  0.0000,  0.0000]])
tensor([[-0.6860,  1.0000,  1.0000,  1.0000,  0.0000,  0.0000]])
tensor([[-0.5160,  0.0000,  0.0000,  1.0000,  0.0000,  0.0000]])
tensor([[-0.9894,  0.0000,  0.0000,  1.0000,  0.0000,  0.0000]])
tensor([[-0.9655,  0.0000,  1.0000,  1.0000,  1.0000,  0.0000]])
tensor([[-0.6012,  0.0000,  0.0000,  1.0000,  0.0000,  0.0000]])
tensor([[-0.9097,  0.0000,  0.0000,  1.0000,  0.0000,  0.0000]])
tensor([[-0.6927,  0.0000,  1.0000,  1.0000,  0.0000,  0.0000]])
tensor([[-0.6915,  1.0000,  1.0000,  1.0000,  1.0000,  0.0000]])
tensor([[0.2117, 0.0000, 1.0000, 1.0000, 0.0000, 0.0000]])
tensor([[-0.7689,  1.0000,  1.0000,  1.0000,  1.0000,  0.0000]])
tensor([[-0.2754,  0.0000,  1.0000,  0.0000,  1.0000,  0.0000]])
tensor([[-0.7401,  0.0000,  0.0000,  1.0000,  1.0000,  0.0000]])
tensor([[-0.7619,  0.0000,  1.0000,  1.0000,  1.0000,  1.0000]])
tensor([[-0.3062,  0.0000,  1.0000,  1.0000,  1.0000,  1.0000]])
tensor([[-0.2027,  0.0000,  1.0000,  1.0000,  0.0000,  0.0000]])
tensor([[0.4369, 0.0000, 1.0000, 1.0000, 0.0000, 0.0000]])
tensor([[-0.1501,  1.0000,  1.0000,  1.0000,  0.0000,  0.0000]])
tensor([[0.9274, 0.0000, 1.0000, 1.0000, 0.0000, 0.0000]])
tensor([[-0.3979,  1.0000,  1.0000,  1.0000,  0.0000,  0.0000]])
tensor([[0.0340, 1.0000, 1.0000, 0.0000, 1.0000, 0.0000]])
tensor([[-0.6482,  1.0000,  1.0000,  1.0000,  0.0000,  0.0000]])
tensor([[-0.8783,  0.0000,  1.0000,  1.0000,  1.0000,  0.0000]])
tensor([[-0.8027,  1.0000,  1.0000,  0.0000,  0.0000,  0.0000]])
tensor([[-0.9671,  1.0000,  0.0000,  1.0000,  0.0000,  0.0000]])
tensor([[-0.9264,  1.0000,  1.0000,  1.0000,  0.0000,  0.0000]])
tensor([[-0.3396,  0.0000,  1.0000,  1.0000,  0.0000,  0.0000]])
tensor([[-0.4314,  0.0000,  1.0000,  1.0000,  1.0000,  0.0000]])
tensor([[-0.3137,  0.0000,  0.0000,  1.0000,  1.0000,  0.0000]])
tensor([[0.0638, 1.0000, 0.0000, 1.0000, 0.0000, 0.0000]])
tensor([[-0.4195,  1.0000,  1.0000,  1.0000,  1.0000,  0.0000]])
tensor([[-0.9465,  0.0000,  1.0000,  1.0000,  0.0000,  0.0000]])
tensor([[-0.7765,  0.0000,  1.0000,  1.0000,  1.0000,  0.0000]])
tensor([[0.2060, 0.0000, 0.0000, 1.0000, 0.0000, 0.0000]])
tensor([[-0.7784,  1.0000,  1.0000,  1.0000,  0.0000,  0.0000]])
tensor([[-0.8979,  0.0000,  0.0000,  0.0000,  1.0000,  0.0000]])
tensor([[-0.7194,  1.0000,  0.0000,  1.0000,  1.0000,  0.0000]])
tensor([[-0.7612,  0.0000,  1.0000,  1.0000,  1.0000,  0.0000]])
tensor([[0.6552, 1.0000, 1.0000, 1.0000, 1.0000, 1.0000]])
tensor([[-0.5353,  1.0000,  1.0000,  1.0000,  0.0000,  0.0000]])
tensor([[-0.7969,  0.0000,  1.0000,  1.0000,  0.0000,  0.0000]])
tensor([[-0.7555,  0.0000,  1.0000,  1.0000,  0.0000,  0.0000]])
tensor([[0.6379, 0.0000, 1.0000, 1.0000, 0.0000, 0.0000]])
tensor([[-0.9717,  1.0000,  1.0000,  1.0000,  1.0000,  0.0000]])
tensor([[-0.8393,  1.0000,  1.0000,  1.0000,  0.0000,  0.0000]])
tensor([[-0.4046,  0.0000,  0.0000,  1.0000,  1.0000,  0.0000]])
tensor([[-0.3874,  0.0000,  1.0000,  1.0000,  0.0000,  0.0000]])
tensor([[-0.7600,  0.0000,  1.0000,  1.0000,  0.0000,  0.0000]])
tensor([[-0.7360,  0.0000,  1.0000,  1.0000,  1.0000,  0.0000]])
tensor([[0.8433, 1.0000, 1.0000, 1.0000, 0.0000, 0.0000]])
tensor([[-0.3601,  0.0000,  1.0000,  1.0000,  1.0000,  0.0000]])
tensor([[0.5148, 1.0000, 1.0000, 1.0000, 1.0000, 0.0000]])
tensor([[0.5381, 0.0000, 0.0000, 1.0000, 0.0000, 0.0000]])
tensor([[0.2452, 0.0000, 1.0000, 1.0000, 1.0000, 0.0000]])
tensor([[-0.3032,  0.0000,  0.0000,  1.0000,  1.0000,  0.0000]])
tensor([[0.0969, 0.0000, 0.0000, 1.0000, 0.0000, 0.0000]])
tensor([[-0.5303,  0.0000,  0.0000,  1.0000,  0.0000,  1.0000]])
tensor([[-0.2279,  1.0000,  1.0000,  1.0000,  1.0000,  0.0000]])
tensor([[-0.4397,  1.0000,  1.0000,  1.0000,  0.0000,  0.0000]])
tensor([[0.4150, 0.0000, 1.0000, 1.0000, 1.0000, 1.0000]])
tensor([[-0.6031,  0.0000,  1.0000,  1.0000,  1.0000,  0.0000]])
tensor([[0.4246, 1.0000, 1.0000, 1.0000, 0.0000, 0.0000]])
tensor([[-0.1006,  0.0000,  0.0000,  1.0000,  0.0000,  0.0000]])
tensor([[0.1031, 1.0000, 0.0000, 1.0000, 0.0000, 0.0000]])
tensor([[0.2390, 1.0000, 1.0000, 1.0000, 0.0000, 0.0000]])
tensor([[0.3702, 0.0000, 0.0000, 0.0000, 0.0000, 0.0000]])
tensor([[-0.3690,  1.0000,  1.0000,  0.0000,  1.0000,  0.0000]])
tensor([[0.1615, 0.0000, 1.0000, 1.0000, 0.0000, 0.0000]])
tensor([[0.7111, 0.0000, 0.0000, 1.0000, 0.0000, 0.0000]])
tensor([[0.2560, 1.0000, 1.0000, 1.0000, 0.0000, 0.0000]])
tensor([[0.1399, 0.0000, 1.0000, 1.0000, 0.0000, 0.0000]])
tensor([[0.1103, 1.0000, 1.0000, 0.0000, 0.0000, 1.0000]])
tensor([[-0.1219,  1.0000,  0.0000,  1.0000,  0.0000,  0.0000]])
tensor([[-0.8263,  1.0000,  1.0000,  1.0000,  0.0000,  1.0000]])
tensor([[-0.5931,  1.0000,  1.0000,  1.0000,  1.0000,  0.0000]])
tensor([[-0.8697,  1.0000,  0.0000,  1.0000,  0.0000,  0.0000]])
tensor([[-0.8878,  0.0000,  0.0000,  1.0000,  1.0000,  0.0000]])
tensor([[-0.8476,  0.0000,  0.0000,  1.0000,  0.0000,  1.0000]])
tensor([[-0.5802,  0.0000,  1.0000,  1.0000,  1.0000,  0.0000]])
tensor([[-0.0337,  0.0000,  0.0000,  1.0000,  0.0000,  0.0000]])
tensor([[-0.9972,  0.0000,  0.0000,  1.0000,  0.0000,  0.0000]])
tensor([[-0.9695,  0.0000,  0.0000,  1.0000,  0.0000,  0.0000]])
tensor([[-0.9142,  1.0000,  0.0000,  1.0000,  0.0000,  0.0000]])
tensor([[-0.9202,  1.0000,  1.0000,  1.0000,  1.0000,  1.0000]])
tensor([[-0.9781,  0.0000,  1.0000,  1.0000,  1.0000,  0.0000]])
tensor([[-0.5650,  1.0000,  1.0000,  1.0000,  0.0000,  0.0000]])
tensor([[-0.1193,  0.0000,  1.0000,  1.0000,  1.0000,  0.0000]])
tensor([[-0.9488,  0.0000,  1.0000,  1.0000,  1.0000,  0.0000]])
tensor([[0.0088, 0.0000, 1.0000, 1.0000, 0.0000, 0.0000]])
tensor([[-0.7667,  0.0000,  1.0000,  1.0000,  0.0000,  0.0000]])
tensor([[0.4907, 0.0000, 1.0000, 1.0000, 0.0000, 0.0000]])
tensor([[0.3410, 0.0000, 1.0000, 1.0000, 0.0000, 0.0000]])
tensor([[0.3479, 0.0000, 1.0000, 1.0000, 0.0000, 0.0000]])
tensor([[-0.7047,  1.0000,  0.0000,  1.0000,  0.0000,  1.0000]])
tensor([[-0.0824,  1.0000,  1.0000,  1.0000,  0.0000,  0.0000]])
tensor([[-0.5436,  0.0000,  1.0000,  1.0000,  0.0000,  1.0000]])
tensor([[-0.4017,  0.0000,  0.0000,  1.0000,  1.0000,  0.0000]])
tensor([[0.8691, 1.0000, 1.0000, 1.0000, 0.0000, 0.0000]])
tensor([[0.1173, 1.0000, 0.0000, 1.0000, 1.0000, 0.0000]])
tensor([[0.8837, 0.0000, 0.0000, 1.0000, 1.0000, 0.0000]])
tensor([[0.7758, 0.0000, 1.0000, 1.0000, 0.0000, 0.0000]])
tensor([[0.2275, 1.0000, 1.0000, 1.0000, 0.0000, 1.0000]])
tensor([[0.5247, 0.0000, 0.0000, 0.0000, 0.0000, 1.0000]])
tensor([[0.1382, 0.0000, 1.0000, 0.0000, 0.0000, 0.0000]])
tensor([[-0.0713,  1.0000,  1.0000,  1.0000,  0.0000,  0.0000]])
tensor([[0.3755, 0.0000, 0.0000, 1.0000, 0.0000, 0.0000]])
tensor([[0.5994, 0.0000, 0.0000, 1.0000, 1.0000, 0.0000]])
tensor([[-0.7608,  0.0000,  0.0000,  1.0000,  0.0000,  1.0000]])
tensor([[0.5730, 0.0000, 1.0000, 1.0000, 0.0000, 0.0000]])
tensor([[0.2820, 1.0000, 1.0000, 1.0000, 0.0000, 0.0000]])
tensor([[-0.4716,  0.0000,  1.0000,  1.0000,  1.0000,  0.0000]])
tensor([[0.8081, 0.0000, 1.0000, 1.0000, 0.0000, 0.0000]])
tensor([[-0.1761,  1.0000,  0.0000,  1.0000,  0.0000,  0.0000]])
tensor([[0.6037, 1.0000, 0.0000, 1.0000, 1.0000, 0.0000]])
tensor([[0.5351, 0.0000, 0.0000, 1.0000, 0.0000, 0.0000]])
tensor([[0.7277, 1.0000, 0.0000, 1.0000, 0.0000, 0.0000]])
tensor([[-0.4618,  1.0000,  0.0000,  1.0000,  0.0000,  0.0000]])
tensor([[-0.4446,  1.0000,  1.0000,  1.0000,  1.0000,  0.0000]])
tensor([[-0.7232,  0.0000,  0.0000,  1.0000,  1.0000,  0.0000]])
tensor([[-0.7101,  0.0000,  0.0000,  1.0000,  0.0000,  0.0000]])
tensor([[0.7954, 0.0000, 0.0000, 1.0000, 1.0000, 0.0000]])
tensor([[-0.4400,  0.0000,  0.0000,  1.0000,  0.0000,  1.0000]])
tensor([[-0.3817,  1.0000,  1.0000,  1.0000,  1.0000,  1.0000]])
tensor([[-0.5611,  0.0000,  0.0000,  1.0000,  0.0000,  0.0000]])
tensor([[-0.8873,  1.0000,  1.0000,  1.0000,  0.0000,  0.0000]])
tensor([[-0.0736,  0.0000,  0.0000,  1.0000,  1.0000,  0.0000]])
tensor([[-0.2686,  0.0000,  1.0000,  1.0000,  0.0000,  0.0000]])
tensor([[-0.8697,  0.0000,  0.0000,  1.0000,  0.0000,  0.0000]])
tensor([[-0.0363,  0.0000,  1.0000,  1.0000,  0.0000,  0.0000]])
tensor([[-0.4347,  0.0000,  1.0000,  1.0000,  1.0000,  0.0000]])
tensor([[-0.4807,  0.0000,  0.0000,  1.0000,  0.0000,  0.0000]])
tensor([[0.8559, 1.0000, 1.0000, 1.0000, 0.0000, 0.0000]])
tensor([[0.7021, 1.0000, 0.0000, 1.0000, 1.0000, 0.0000]])
tensor([[0.7374, 0.0000, 1.0000, 1.0000, 1.0000, 0.0000]])
tensor([[0.7344, 1.0000, 1.0000, 1.0000, 0.0000, 0.0000]])
tensor([[0.0398, 1.0000, 1.0000, 1.0000, 0.0000, 1.0000]])
tensor([[0.0131, 0.0000, 1.0000, 1.0000, 0.0000, 1.0000]])
tensor([[0.5461, 1.0000, 0.0000, 1.0000, 0.0000, 0.0000]])
tensor([[0.3735, 0.0000, 1.0000, 1.0000, 0.0000, 0.0000]])
tensor([[0.8304, 0.0000, 1.0000, 1.0000, 0.0000, 1.0000]])
tensor([[0.2352, 0.0000, 1.0000, 1.0000, 0.0000, 0.0000]])
tensor([[-0.0833,  1.0000,  1.0000,  1.0000,  0.0000,  1.0000]])
tensor([[-0.1046,  0.0000,  1.0000,  1.0000,  0.0000,  1.0000]])
tensor([[0.7355, 0.0000, 1.0000, 1.0000, 0.0000, 0.0000]])
tensor([[-0.9126,  1.0000,  0.0000,  1.0000,  0.0000,  0.0000]])
tensor([[0.0872, 0.0000, 1.0000, 1.0000, 0.0000, 0.0000]])
tensor([[-0.2102,  0.0000,  1.0000,  1.0000,  0.0000,  0.0000]])
tensor([[-0.4118,  0.0000,  1.0000,  1.0000,  0.0000,  0.0000]])
tensor([[-0.1412,  0.0000,  1.0000,  1.0000,  0.0000,  1.0000]])
tensor([[0.1146, 1.0000, 0.0000, 1.0000, 0.0000, 0.0000]])
tensor([[-0.8531,  1.0000,  1.0000,  1.0000,  0.0000,  0.0000]])
tensor([[0.5030, 1.0000, 1.0000, 1.0000, 0.0000, 0.0000]])
tensor([[-0.2678,  1.0000,  0.0000,  1.0000,  0.0000,  0.0000]])
tensor([[-0.8291,  0.0000,  0.0000,  1.0000,  1.0000,  0.0000]])
tensor([[-0.8646,  1.0000,  0.0000,  1.0000,  1.0000,  0.0000]])
tensor([[-0.8701,  0.0000,  0.0000,  1.0000,  1.0000,  0.0000]])
tensor([[-0.4274,  0.0000,  1.0000,  1.0000,  0.0000,  0.0000]])
tensor([[-0.0375,  0.0000,  0.0000,  1.0000,  0.0000,  0.0000]])
tensor([[-0.4087,  0.0000,  1.0000,  0.0000,  0.0000,  1.0000]])
tensor([[-0.8862,  0.0000,  1.0000,  1.0000,  0.0000,  0.0000]])
tensor([[0.4784, 0.0000, 0.0000, 1.0000, 0.0000, 0.0000]])
tensor([[0.3047, 1.0000, 0.0000, 1.0000, 0.0000, 0.0000]])
tensor([[-0.3881,  0.0000,  1.0000,  1.0000,  1.0000,  0.0000]])
tensor([[-0.0966,  0.0000,  0.0000,  1.0000,  1.0000,  0.0000]])
tensor([[0.0118, 0.0000, 1.0000, 1.0000, 0.0000, 0.0000]])
tensor([[-0.0252,  1.0000,  1.0000,  1.0000,  0.0000,  0.0000]])
tensor([[-0.9831,  0.0000,  1.0000,  1.0000,  0.0000,  0.0000]])
tensor([[-0.1402,  0.0000,  1.0000,  1.0000,  0.0000,  0.0000]])
tensor([[-0.2086,  1.0000,  1.0000,  1.0000,  0.0000,  0.0000]])
tensor([[-0.6648,  1.0000,  0.0000,  1.0000,  0.0000,  0.0000]])
tensor([[-0.2406,  0.0000,  1.0000,  1.0000,  0.0000,  0.0000]])
tensor([[-0.6421,  0.0000,  0.0000,  1.0000,  1.0000,  0.0000]])
tensor([[-0.1915,  0.0000,  0.0000,  0.0000,  1.0000,  0.0000]])
tensor([[-0.9393,  1.0000,  1.0000,  1.0000,  0.0000,  0.0000]])
tensor([[-0.7539,  0.0000,  1.0000,  1.0000,  0.0000,  0.0000]])
tensor([[0.1661, 0.0000, 1.0000, 1.0000, 0.0000, 0.0000]])
tensor([[-0.7775,  1.0000,  1.0000,  1.0000,  1.0000,  1.0000]])
tensor([[-0.2275,  0.0000,  1.0000,  1.0000,  1.0000,  1.0000]])
tensor([[-0.3538,  1.0000,  0.0000,  1.0000,  0.0000,  0.0000]])
tensor([[0.5815, 1.0000, 0.0000, 1.0000, 1.0000, 0.0000]])
tensor([[-0.6104,  0.0000,  0.0000,  1.0000,  1.0000,  0.0000]])
tensor([[-0.5068,  1.0000,  1.0000,  1.0000,  0.0000,  0.0000]])
tensor([[-0.5551,  1.0000,  1.0000,  0.0000,  0.0000,  0.0000]])
tensor([[-0.8280,  1.0000,  1.0000,  1.0000,  1.0000,  0.0000]])
tensor([[-0.8091,  0.0000,  1.0000,  1.0000,  0.0000,  0.0000]])
tensor([[-0.6600,  0.0000,  1.0000,  1.0000,  0.0000,  0.0000]])
tensor([[-0.9719,  0.0000,  0.0000,  0.0000,  0.0000,  0.0000]])
tensor([[-0.9713,  0.0000,  1.0000,  1.0000,  0.0000,  0.0000]])
tensor([[-0.9762,  1.0000,  1.0000,  1.0000,  0.0000,  0.0000]])
tensor([[-0.9937,  0.0000,  0.0000,  1.0000,  1.0000,  0.0000]])
tensor([[0.1198, 0.0000, 0.0000, 1.0000, 0.0000, 0.0000]])
tensor([[0.3218, 1.0000, 0.0000, 1.0000, 1.0000, 0.0000]])
tensor([[-0.5016,  1.0000,  1.0000,  1.0000,  0.0000,  0.0000]])
tensor([[-0.8921,  1.0000,  0.0000,  1.0000,  1.0000,  0.0000]])
tensor([[0.3150, 0.0000, 0.0000, 1.0000, 1.0000, 0.0000]])
tensor([[-0.7750,  1.0000,  1.0000,  1.0000,  0.0000,  0.0000]])
tensor([[-0.8094,  1.0000,  1.0000,  1.0000,  1.0000,  0.0000]])
tensor([[0.1083, 0.0000, 0.0000, 1.0000, 0.0000, 0.0000]])
tensor([[-0.9206,  0.0000,  1.0000,  1.0000,  1.0000,  0.0000]])
tensor([[-0.9481,  0.0000,  1.0000,  1.0000,  0.0000,  0.0000]])
tensor([[0.0942, 1.0000, 0.0000, 1.0000, 1.0000, 0.0000]])
tensor([[-0.2614,  0.0000,  1.0000,  1.0000,  0.0000,  0.0000]])
tensor([[0.5554, 0.0000, 1.0000, 1.0000, 0.0000, 0.0000]])
tensor([[0.1386, 1.0000, 1.0000, 1.0000, 0.0000, 0.0000]])
tensor([[-0.5702,  0.0000,  1.0000,  1.0000,  1.0000,  0.0000]])
tensor([[-0.6023,  0.0000,  1.0000,  1.0000,  0.0000,  0.0000]])
tensor([[0.8382, 1.0000, 1.0000, 1.0000, 0.0000, 0.0000]])
tensor([[0.7791, 0.0000, 1.0000, 1.0000, 0.0000, 0.0000]])
tensor([[-0.5170,  1.0000,  0.0000,  1.0000,  0.0000,  0.0000]])
tensor([[0.4741, 0.0000, 1.0000, 1.0000, 0.0000, 1.0000]])
tensor([[-0.5817,  1.0000,  0.0000,  1.0000,  1.0000,  0.0000]])
tensor([[-0.5025,  0.0000,  0.0000,  1.0000,  0.0000,  1.0000]])
tensor([[-0.6997,  1.0000,  1.0000,  1.0000,  0.0000,  0.0000]])
tensor([[0.1167, 0.0000, 1.0000, 1.0000, 0.0000, 0.0000]])
tensor([[0.4762, 1.0000, 0.0000, 1.0000, 1.0000, 0.0000]])
tensor([[-0.2613,  0.0000,  1.0000,  1.0000,  0.0000,  1.0000]])
tensor([[-0.3435,  1.0000,  1.0000,  1.0000,  1.0000,  1.0000]])
tensor([[-0.4126,  0.0000,  0.0000,  1.0000,  0.0000,  0.0000]])
tensor([[0.4500, 1.0000, 1.0000, 1.0000, 0.0000, 0.0000]])
tensor([[0.1675, 0.0000, 1.0000, 1.0000, 0.0000, 1.0000]])
tensor([[0.0957, 1.0000, 1.0000, 1.0000, 0.0000, 0.0000]])
tensor([[-0.4578,  1.0000,  1.0000,  1.0000,  1.0000,  0.0000]])
tensor([[-0.9085,  0.0000,  1.0000,  1.0000,  1.0000,  0.0000]])
tensor([[-0.9031,  0.0000,  0.0000,  1.0000,  0.0000,  0.0000]])
tensor([[-0.9845,  1.0000,  0.0000,  1.0000,  0.0000,  0.0000]])
tensor([[-0.6477,  0.0000,  0.0000,  1.0000,  1.0000,  0.0000]])
tensor([[-0.8598,  1.0000,  0.0000,  1.0000,  0.0000,  0.0000]])
tensor([[-0.8753,  0.0000,  0.0000,  1.0000,  1.0000,  0.0000]])
tensor([[-0.9493,  0.0000,  1.0000,  1.0000,  0.0000,  0.0000]])
tensor([[0.5939, 0.0000, 1.0000, 1.0000, 1.0000, 0.0000]])
tensor([[-0.9821,  1.0000,  0.0000,  1.0000,  0.0000,  0.0000]])
tensor([[-0.3920,  1.0000,  0.0000,  1.0000,  1.0000,  0.0000]])
tensor([[-0.9826,  0.0000,  1.0000,  1.0000,  0.0000,  0.0000]])
tensor([[-0.9378,  0.0000,  0.0000,  1.0000,  0.0000,  0.0000]])
tensor([[-0.9683,  0.0000,  0.0000,  1.0000,  1.0000,  0.0000]])
tensor([[-0.9730,  0.0000,  1.0000,  1.0000,  1.0000,  0.0000]])
tensor([[-0.7729,  0.0000,  0.0000,  1.0000,  0.0000,  0.0000]])
tensor([[-0.4082,  0.0000,  1.0000,  0.0000,  0.0000,  0.0000]])
tensor([[-0.7407,  0.0000,  1.0000,  0.0000,  0.0000,  0.0000]])
tensor([[0.5937, 1.0000, 1.0000, 1.0000, 0.0000, 0.0000]])
tensor([[0.4328, 1.0000, 0.0000, 1.0000, 1.0000, 0.0000]])
tensor([[0.2330, 1.0000, 0.0000, 1.0000, 0.0000, 0.0000]])
tensor([[-0.1747,  1.0000,  1.0000,  1.0000,  0.0000,  0.0000]])
tensor([[0.5393, 0.0000, 0.0000, 1.0000, 0.0000, 1.0000]])
tensor([[-0.2842,  1.0000,  0.0000,  1.0000,  0.0000,  0.0000]])
tensor([[0.2684, 0.0000, 1.0000, 1.0000, 1.0000, 0.0000]])
tensor([[0.3039, 1.0000, 0.0000, 1.0000, 0.0000, 1.0000]])
tensor([[0.6787, 0.0000, 0.0000, 1.0000, 1.0000, 1.0000]])
tensor([[0.2235, 1.0000, 1.0000, 1.0000, 0.0000, 0.0000]])
tensor([[0.3196, 1.0000, 1.0000, 1.0000, 0.0000, 1.0000]])
tensor([[0.7319, 1.0000, 1.0000, 1.0000, 0.0000, 0.0000]])
tensor([[0.0422, 1.0000, 1.0000, 1.0000, 0.0000, 0.0000]])
tensor([[0.4100, 0.0000, 1.0000, 0.0000, 0.0000, 0.0000]])
tensor([[0.6941, 1.0000, 1.0000, 0.0000, 0.0000, 1.0000]])
tensor([[0.5042, 0.0000, 1.0000, 1.0000, 1.0000, 0.0000]])
tensor([[0.4365, 1.0000, 1.0000, 0.0000, 0.0000, 0.0000]])
tensor([[-0.7294,  1.0000,  1.0000,  1.0000,  0.0000,  1.0000]])
tensor([[-0.2721,  1.0000,  1.0000,  1.0000,  1.0000,  0.0000]])
tensor([[-0.5349,  0.0000,  1.0000,  1.0000,  0.0000,  0.0000]])
tensor([[0.0252, 0.0000, 1.0000, 1.0000, 0.0000, 1.0000]])
tensor([[0.5880, 0.0000, 0.0000, 1.0000, 0.0000, 0.0000]])
tensor([[0.6346, 0.0000, 1.0000, 1.0000, 0.0000, 0.0000]])
tensor([[0.6116, 0.0000, 1.0000, 1.0000, 0.0000, 0.0000]])
tensor([[0.4358, 0.0000, 1.0000, 1.0000, 0.0000, 0.0000]])
tensor([[-0.4946,  0.0000,  0.0000,  1.0000,  0.0000,  0.0000]])
tensor([[0.4902, 1.0000, 1.0000, 1.0000, 0.0000, 0.0000]])
tensor([[-0.1315,  0.0000,  1.0000,  1.0000,  1.0000,  0.0000]])
tensor([[0.0946, 1.0000, 0.0000, 1.0000, 0.0000, 0.0000]])
tensor([[0.6945, 1.0000, 1.0000, 1.0000, 0.0000, 1.0000]])
tensor([[0.6696, 1.0000, 1.0000, 1.0000, 0.0000, 0.0000]])
tensor([[0.7597, 0.0000, 1.0000, 1.0000, 0.0000, 0.0000]])
tensor([[0.6880, 0.0000, 1.0000, 1.0000, 0.0000, 0.0000]])
tensor([[0.7665, 1.0000, 0.0000, 1.0000, 0.0000, 0.0000]])
tensor([[0.3341, 0.0000, 1.0000, 1.0000, 0.0000, 0.0000]])
tensor([[0.5634, 1.0000, 1.0000, 1.0000, 1.0000, 0.0000]])
tensor([[0.2440, 1.0000, 1.0000, 1.0000, 0.0000, 0.0000]])
tensor([[0.6388, 0.0000, 1.0000, 1.0000, 0.0000, 0.0000]])
tensor([[-0.3260,  0.0000,  0.0000,  0.0000,  0.0000,  0.0000]])
tensor([[0.7102, 0.0000, 1.0000, 1.0000, 1.0000, 1.0000]])
tensor([[0.3340, 1.0000, 0.0000, 1.0000, 1.0000, 0.0000]])
tensor([[0.4764, 0.0000, 1.0000, 1.0000, 0.0000, 1.0000]])
tensor([[0.2612, 0.0000, 1.0000, 1.0000, 0.0000, 0.0000]])
tensor([[0.5845, 0.0000, 0.0000, 1.0000, 0.0000, 0.0000]])
tensor([[0.4075, 1.0000, 1.0000, 1.0000, 0.0000, 1.0000]])
tensor([[0.3173, 1.0000, 1.0000, 1.0000, 0.0000, 0.0000]])
tensor([[-0.3380,  0.0000,  1.0000,  1.0000,  0.0000,  1.0000]])
tensor([[0.7876, 0.0000, 1.0000, 1.0000, 1.0000, 0.0000]])
tensor([[0.6363, 0.0000, 0.0000, 1.0000, 0.0000, 0.0000]])
tensor([[0.8854, 0.0000, 1.0000, 1.0000, 0.0000, 0.0000]])
tensor([[0.6293, 0.0000, 1.0000, 1.0000, 0.0000, 0.0000]])
tensor([[0.3079, 1.0000, 0.0000, 1.0000, 1.0000, 0.0000]])
tensor([[-0.4146,  0.0000,  1.0000,  1.0000,  0.0000,  0.0000]])
tensor([[-0.8768,  0.0000,  1.0000,  1.0000,  0.0000,  0.0000]])
tensor([[-0.8540,  0.0000,  1.0000,  1.0000,  1.0000,  0.0000]])
tensor([[0.2606, 1.0000, 1.0000, 1.0000, 1.0000, 0.0000]])
tensor([[0.8894, 0.0000, 0.0000, 1.0000, 0.0000, 1.0000]])
tensor([[0.8884, 1.0000, 1.0000, 1.0000, 1.0000, 0.0000]])
tensor([[0.5895, 0.0000, 1.0000, 1.0000, 0.0000, 0.0000]])
tensor([[0.5705, 1.0000, 1.0000, 0.0000, 0.0000, 0.0000]])
tensor([[0.3447, 0.0000, 0.0000, 1.0000, 1.0000, 0.0000]])
tensor([[-0.0555,  1.0000,  1.0000,  1.0000,  0.0000,  0.0000]])
tensor([[0.4761, 1.0000, 1.0000, 1.0000, 0.0000, 0.0000]])
tensor([[-0.0857,  0.0000,  1.0000,  1.0000,  0.0000,  0.0000]])
tensor([[0.7270, 1.0000, 1.0000, 1.0000, 0.0000, 0.0000]])
tensor([[-0.7460,  0.0000,  0.0000,  1.0000,  0.0000,  0.0000]])
tensor([[0.5436, 0.0000, 0.0000, 1.0000, 0.0000, 0.0000]])
tensor([[-0.1089,  0.0000,  1.0000,  1.0000,  0.0000,  0.0000]])
tensor([[0.8382, 0.0000, 1.0000, 1.0000, 0.0000, 0.0000]])
tensor([[0.8694, 0.0000, 1.0000, 1.0000, 1.0000, 0.0000]])
tensor([[0.5868, 1.0000, 1.0000, 1.0000, 0.0000, 1.0000]])
tensor([[-0.9488,  0.0000,  0.0000,  1.0000,  1.0000,  0.0000]])
tensor([[-0.8962,  1.0000,  1.0000,  0.0000,  1.0000,  0.0000]])
tensor([[-0.9690,  0.0000,  1.0000,  1.0000,  0.0000,  0.0000]])
tensor([[0.3804, 0.0000, 0.0000, 1.0000, 0.0000, 0.0000]])
tensor([[-0.6484,  0.0000,  1.0000,  1.0000,  0.0000,  1.0000]])
tensor([[0.1896, 1.0000, 1.0000, 1.0000, 0.0000, 0.0000]])
tensor([[-0.6853,  1.0000,  1.0000,  1.0000,  1.0000,  0.0000]])
tensor([[-0.1086,  0.0000,  1.0000,  1.0000,  1.0000,  1.0000]])
tensor([[-0.2601,  1.0000,  1.0000,  1.0000,  0.0000,  1.0000]])
tensor([[-0.2722,  0.0000,  0.0000,  1.0000,  0.0000,  1.0000]])
tensor([[-0.6185,  0.0000,  0.0000,  1.0000,  1.0000,  1.0000]])
tensor([[-0.9847,  0.0000,  0.0000,  1.0000,  0.0000,  0.0000]])
tensor([[-0.8809,  0.0000,  1.0000,  1.0000,  0.0000,  0.0000]])
tensor([[-0.9171,  0.0000,  1.0000,  1.0000,  0.0000,  0.0000]])
tensor([[-0.4789,  1.0000,  0.0000,  1.0000,  1.0000,  0.0000]])
tensor([[0.5422, 1.0000, 1.0000, 1.0000, 0.0000, 0.0000]])
tensor([[0.5214, 0.0000, 0.0000, 1.0000, 0.0000, 0.0000]])
tensor([[0.5148, 0.0000, 1.0000, 1.0000, 0.0000, 0.0000]])
tensor([[-0.1097,  0.0000,  0.0000,  1.0000,  0.0000,  0.0000]])
tensor([[0.6961, 1.0000, 0.0000, 0.0000, 0.0000, 0.0000]])
tensor([[0.9124, 0.0000, 0.0000, 1.0000, 0.0000, 0.0000]])
tensor([[0.8341, 1.0000, 1.0000, 1.0000, 1.0000, 0.0000]])
tensor([[0.8293, 1.0000, 0.0000, 1.0000, 1.0000, 0.0000]])
tensor([[0.4263, 0.0000, 0.0000, 1.0000, 0.0000, 1.0000]])
tensor([[0.3355, 1.0000, 0.0000, 1.0000, 0.0000, 0.0000]])
tensor([[0.5118, 1.0000, 0.0000, 1.0000, 0.0000, 1.0000]])
tensor([[0.8014, 1.0000, 1.0000, 0.0000, 0.0000, 1.0000]])
tensor([[-0.6620,  0.0000,  1.0000,  1.0000,  0.0000,  1.0000]])
tensor([[-0.2368,  1.0000,  1.0000,  1.0000,  0.0000,  1.0000]])
tensor([[-0.5386,  1.0000,  0.0000,  1.0000,  0.0000,  0.0000]])
tensor([[0.4754, 1.0000, 1.0000, 1.0000, 0.0000, 0.0000]])
tensor([[0.0298, 1.0000, 0.0000, 1.0000, 0.0000, 1.0000]])
tensor([[0.5976, 0.0000, 1.0000, 1.0000, 0.0000, 0.0000]])
tensor([[-0.8175,  1.0000,  0.0000,  1.0000,  0.0000,  0.0000]])
tensor([[-0.4994,  0.0000,  1.0000,  1.0000,  0.0000,  0.0000]])
tensor([[-0.2621,  0.0000,  1.0000,  1.0000,  0.0000,  1.0000]])
tensor([[0.8917, 1.0000, 1.0000, 1.0000, 0.0000, 0.0000]])
tensor([[0.2421, 1.0000, 1.0000, 1.0000, 1.0000, 0.0000]])
tensor([[0.6839, 0.0000, 1.0000, 0.0000, 0.0000, 1.0000]])
tensor([[0.1589, 0.0000, 1.0000, 0.0000, 0.0000, 0.0000]])
tensor([[-0.4251,  0.0000,  1.0000,  1.0000,  0.0000,  0.0000]])
tensor([[0.8570, 0.0000, 1.0000, 1.0000, 0.0000, 1.0000]])
tensor([[0.5899, 0.0000, 1.0000, 1.0000, 0.0000, 1.0000]])
tensor([[-0.6442,  0.0000,  1.0000,  1.0000,  1.0000,  0.0000]])
tensor([[0.3698, 0.0000, 1.0000, 1.0000, 1.0000, 0.0000]])
tensor([[0.0226, 0.0000, 1.0000, 1.0000, 1.0000, 0.0000]])
tensor([[0.0964, 1.0000, 1.0000, 1.0000, 0.0000, 1.0000]])
tensor([[-0.2644,  0.0000,  0.0000,  1.0000,  0.0000,  0.0000]])
tensor([[0.1337, 1.0000, 1.0000, 1.0000, 0.0000, 0.0000]])
tensor([[0.3304, 0.0000, 1.0000, 1.0000, 1.0000, 0.0000]])
tensor([[0.0405, 1.0000, 1.0000, 1.0000, 0.0000, 0.0000]])
tensor([[0.6011, 1.0000, 0.0000, 1.0000, 0.0000, 0.0000]])
tensor([[-0.0346,  0.0000,  1.0000,  1.0000,  1.0000,  0.0000]])
tensor([[0.5621, 0.0000, 0.0000, 1.0000, 0.0000, 0.0000]])
tensor([[0.1351, 0.0000, 0.0000, 1.0000, 1.0000, 1.0000]])
tensor([[-0.4264,  0.0000,  1.0000,  0.0000,  1.0000,  0.0000]])
tensor([[-0.2612,  0.0000,  1.0000,  1.0000,  0.0000,  1.0000]])
tensor([[0.6264, 0.0000, 1.0000, 1.0000, 1.0000, 0.0000]])
tensor([[0.2387, 0.0000, 0.0000, 1.0000, 0.0000, 0.0000]])
tensor([[-0.6358,  1.0000,  1.0000,  1.0000,  1.0000,  0.0000]])
tensor([[-0.1193,  1.0000,  0.0000,  0.0000,  0.0000,  0.0000]])
tensor([[-0.9574,  1.0000,  1.0000,  1.0000,  1.0000,  0.0000]])
tensor([[-0.2979,  0.0000,  0.0000,  1.0000,  0.0000,  0.0000]])
tensor([[-0.3024,  0.0000,  1.0000,  1.0000,  1.0000,  0.0000]])
tensor([[-0.4763,  0.0000,  0.0000,  1.0000,  0.0000,  0.0000]])
tensor([[-0.7640,  0.0000,  0.0000,  1.0000,  1.0000,  0.0000]])
tensor([[0.0020, 1.0000, 1.0000, 1.0000, 0.0000, 0.0000]])
tensor([[-0.9228,  0.0000,  1.0000,  1.0000,  0.0000,  0.0000]])
tensor([[-0.6907,  0.0000,  1.0000,  1.0000,  0.0000,  0.0000]])
tensor([[-0.9881,  0.0000,  1.0000,  1.0000,  1.0000,  0.0000]])
tensor([[-0.9983,  1.0000,  1.0000,  0.0000,  0.0000,  0.0000]])
tensor([[-0.5202,  0.0000,  0.0000,  1.0000,  1.0000,  0.0000]])
tensor([[-0.8726,  0.0000,  1.0000,  1.0000,  0.0000,  0.0000]])
tensor([[-0.4482,  0.0000,  1.0000,  1.0000,  1.0000,  0.0000]])
tensor([[-0.9598,  0.0000,  1.0000,  1.0000,  0.0000,  0.0000]])
tensor([[-0.8042,  0.0000,  1.0000,  1.0000,  0.0000,  0.0000]])
tensor([[0.1091, 1.0000, 1.0000, 1.0000, 0.0000, 0.0000]])
tensor([[0.6676, 1.0000, 1.0000, 1.0000, 0.0000, 0.0000]])
tensor([[0.6195, 0.0000, 1.0000, 1.0000, 0.0000, 1.0000]])
tensor([[0.7817, 1.0000, 1.0000, 1.0000, 0.0000, 0.0000]])
tensor([[0.0257, 1.0000, 0.0000, 1.0000, 0.0000, 0.0000]])
tensor([[-0.5589,  0.0000,  0.0000,  1.0000,  1.0000,  0.0000]])
tensor([[0.4851, 1.0000, 1.0000, 1.0000, 0.0000, 0.0000]])
tensor([[0.3782, 1.0000, 1.0000, 1.0000, 0.0000, 1.0000]])
tensor([[0.3152, 1.0000, 0.0000, 1.0000, 1.0000, 1.0000]])
tensor([[0.1539, 1.0000, 0.0000, 1.0000, 1.0000, 0.0000]])
tensor([[-0.2802,  1.0000,  1.0000,  0.0000,  0.0000,  1.0000]])
tensor([[-0.7022,  0.0000,  1.0000,  1.0000,  1.0000,  0.0000]])
tensor([[0.9555, 0.0000, 1.0000, 0.0000, 0.0000, 1.0000]])
tensor([[0.2764, 0.0000, 1.0000, 1.0000, 1.0000, 0.0000]])
tensor([[0.6371, 1.0000, 1.0000, 1.0000, 0.0000, 0.0000]])
tensor([[0.7009, 0.0000, 1.0000, 1.0000, 0.0000, 1.0000]])
tensor([[0.6933, 0.0000, 1.0000, 1.0000, 1.0000, 0.0000]])
tensor([[0.8570, 1.0000, 1.0000, 1.0000, 0.0000, 0.0000]])
tensor([[0.6260, 1.0000, 0.0000, 1.0000, 0.0000, 0.0000]])
tensor([[0.8203, 1.0000, 1.0000, 1.0000, 0.0000, 1.0000]])
tensor([[0.0290, 0.0000, 1.0000, 0.0000, 0.0000, 0.0000]])
tensor([[0.2840, 1.0000, 0.0000, 1.0000, 0.0000, 0.0000]])
tensor([[-0.0191,  0.0000,  0.0000,  0.0000,  1.0000,  0.0000]])
tensor([[0.2958, 1.0000, 1.0000, 1.0000, 0.0000, 0.0000]])
tensor([[-0.1243,  1.0000,  1.0000,  1.0000,  1.0000,  0.0000]])
tensor([[-0.3788,  0.0000,  0.0000,  1.0000,  0.0000,  0.0000]])
tensor([[-0.6628,  0.0000,  1.0000,  1.0000,  0.0000,  1.0000]])
tensor([[0.7805, 1.0000, 1.0000, 1.0000, 0.0000, 0.0000]])
tensor([[0.6968, 0.0000, 0.0000, 1.0000, 0.0000, 0.0000]])
tensor([[-0.0672,  0.0000,  1.0000,  1.0000,  0.0000,  1.0000]])
tensor([[0.8424, 0.0000, 0.0000, 1.0000, 0.0000, 0.0000]])
tensor([[0.6822, 1.0000, 1.0000, 1.0000, 0.0000, 0.0000]])
tensor([[0.8258, 1.0000, 1.0000, 1.0000, 0.0000, 0.0000]])
tensor([[0.1543, 0.0000, 1.0000, 1.0000, 0.0000, 0.0000]])
tensor([[0.0617, 0.0000, 1.0000, 0.0000, 0.0000, 1.0000]])
tensor([[0.6685, 0.0000, 1.0000, 0.0000, 0.0000, 0.0000]])
tensor([[0.1146, 1.0000, 1.0000, 1.0000, 0.0000, 0.0000]])
tensor([[0.4543, 1.0000, 0.0000, 1.0000, 0.0000, 0.0000]])
tensor([[0.1144, 1.0000, 1.0000, 1.0000, 0.0000, 0.0000]])
tensor([[-0.5480,  0.0000,  1.0000,  1.0000,  0.0000,  0.0000]])
tensor([[0.3309, 0.0000, 0.0000, 1.0000, 0.0000, 0.0000]])
tensor([[0.8835, 0.0000, 1.0000, 1.0000, 0.0000, 0.0000]])
tensor([[0.5449, 0.0000, 0.0000, 1.0000, 1.0000, 0.0000]])
tensor([[0.0039, 0.0000, 1.0000, 1.0000, 0.0000, 0.0000]])
tensor([[-0.4750,  0.0000,  0.0000,  1.0000,  0.0000,  0.0000]])
tensor([[0.8427, 0.0000, 0.0000, 1.0000, 0.0000, 0.0000]])
tensor([[0.1122, 1.0000, 1.0000, 1.0000, 0.0000, 0.0000]])
tensor([[-0.1720,  0.0000,  1.0000,  1.0000,  0.0000,  0.0000]])
tensor([[0.3126, 1.0000, 0.0000, 0.0000, 1.0000, 0.0000]])
tensor([[0.1267, 1.0000, 1.0000, 1.0000, 0.0000, 0.0000]])
tensor([[-0.3577,  1.0000,  0.0000,  1.0000,  0.0000,  0.0000]])
tensor([[-0.7158,  1.0000,  0.0000,  1.0000,  0.0000,  0.0000]])
tensor([[0.4354, 0.0000, 1.0000, 1.0000, 0.0000, 1.0000]])
tensor([[-0.0257,  1.0000,  1.0000,  1.0000,  0.0000,  1.0000]])
tensor([[0.5448, 1.0000, 1.0000, 1.0000, 0.0000, 1.0000]])
tensor([[-0.8400,  1.0000,  1.0000,  0.0000,  0.0000,  0.0000]])
tensor([[-0.6788,  0.0000,  1.0000,  1.0000,  0.0000,  0.0000]])
tensor([[-0.8585,  1.0000,  1.0000,  1.0000,  0.0000,  0.0000]])
tensor([[-0.5584,  0.0000,  1.0000,  1.0000,  0.0000,  0.0000]])
tensor([[-0.4830,  0.0000,  0.0000,  1.0000,  0.0000,  0.0000]])
tensor([[-0.9312,  0.0000,  0.0000,  1.0000,  1.0000,  0.0000]])
tensor([[-0.9108,  1.0000,  1.0000,  1.0000,  0.0000,  0.0000]])
tensor([[-0.9826,  0.0000,  0.0000,  1.0000,  0.0000,  0.0000]])
tensor([[-0.9608,  0.0000,  1.0000,  1.0000,  1.0000,  0.0000]])
tensor([[-0.4490,  0.0000,  1.0000,  1.0000,  1.0000,  0.0000]])
tensor([[-0.7188,  0.0000,  1.0000,  1.0000,  0.0000,  0.0000]])
tensor([[0.5344, 0.0000, 0.0000, 1.0000, 0.0000, 0.0000]])
tensor([[0.1535, 1.0000, 1.0000, 1.0000, 0.0000, 0.0000]])
tensor([[0.2049, 1.0000, 0.0000, 1.0000, 0.0000, 0.0000]])
tensor([[-0.8349,  0.0000,  1.0000,  1.0000,  1.0000,  0.0000]])
tensor([[-0.8531,  1.0000,  1.0000,  1.0000,  0.0000,  0.0000]])
tensor([[-0.8737,  0.0000,  1.0000,  1.0000,  0.0000,  0.0000]])
tensor([[-0.8608,  1.0000,  1.0000,  1.0000,  0.0000,  0.0000]])
tensor([[-0.9172,  0.0000,  0.0000,  1.0000,  1.0000,  0.0000]])
tensor([[0.2511, 1.0000, 0.0000, 1.0000, 0.0000, 0.0000]])
tensor([[-0.8707,  0.0000,  1.0000,  1.0000,  1.0000,  0.0000]])
tensor([[-0.1146,  0.0000,  0.0000,  1.0000,  0.0000,  0.0000]])
tensor([[-0.8803,  0.0000,  1.0000,  1.0000,  0.0000,  0.0000]])
tensor([[-0.7906,  1.0000,  1.0000,  1.0000,  0.0000,  0.0000]])
tensor([[-0.2972,  0.0000,  0.0000,  1.0000,  0.0000,  0.0000]])
tensor([[-0.9742,  1.0000,  0.0000,  0.0000,  1.0000,  0.0000]])
tensor([[-0.9441,  0.0000,  1.0000,  1.0000,  1.0000,  0.0000]])
tensor([[-0.7943,  0.0000,  0.0000,  1.0000,  0.0000,  0.0000]])
tensor([[-0.9507,  1.0000,  1.0000,  1.0000,  0.0000,  0.0000]])
tensor([[-0.8885,  1.0000,  0.0000,  1.0000,  1.0000,  0.0000]])
tensor([[-0.9919,  0.0000,  0.0000,  1.0000,  0.0000,  0.0000]])
tensor([[-0.8844,  0.0000,  1.0000,  1.0000,  0.0000,  0.0000]])
tensor([[-0.9776,  0.0000,  0.0000,  1.0000,  0.0000,  0.0000]])
tensor([[-0.9210,  0.0000,  1.0000,  1.0000,  0.0000,  0.0000]])
tensor([[-0.8419,  0.0000,  1.0000,  1.0000,  1.0000,  0.0000]])
tensor([[0.3396, 0.0000, 1.0000, 1.0000, 1.0000, 0.0000]])
tensor([[0.9014, 0.0000, 1.0000, 1.0000, 1.0000, 0.0000]])
tensor([[-0.8852,  1.0000,  1.0000,  0.0000,  0.0000,  0.0000]])
tensor([[-0.3737,  1.0000,  0.0000,  1.0000,  1.0000,  0.0000]])
tensor([[-0.4591,  0.0000,  1.0000,  1.0000,  0.0000,  0.0000]])
tensor([[-0.9627,  0.0000,  1.0000,  1.0000,  0.0000,  1.0000]])
tensor([[-0.6335,  0.0000,  1.0000,  1.0000,  0.0000,  0.0000]])
tensor([[-0.9117,  1.0000,  0.0000,  1.0000,  0.0000,  0.0000]])
tensor([[0.4095, 0.0000, 1.0000, 1.0000, 0.0000, 0.0000]])
tensor([[0.8906, 0.0000, 1.0000, 1.0000, 0.0000, 1.0000]])
tensor([[-0.1696,  0.0000,  1.0000,  1.0000,  0.0000,  0.0000]])
tensor([[-0.7136,  1.0000,  0.0000,  1.0000,  0.0000,  0.0000]])
tensor([[0.6721, 0.0000, 1.0000, 1.0000, 0.0000, 0.0000]])
tensor([[0.5031, 0.0000, 0.0000, 1.0000, 0.0000, 0.0000]])
tensor([[0.5585, 1.0000, 1.0000, 1.0000, 1.0000, 0.0000]])
tensor([[-0.1741,  0.0000,  1.0000,  1.0000,  0.0000,  0.0000]])
tensor([[-0.0976,  1.0000,  1.0000,  1.0000,  1.0000,  0.0000]])
tensor([[0.3364, 0.0000, 0.0000, 1.0000, 0.0000, 0.0000]])
tensor([[-0.7268,  0.0000,  1.0000,  0.0000,  1.0000,  1.0000]])
tensor([[-0.1156,  1.0000,  1.0000,  1.0000,  0.0000,  0.0000]])
tensor([[0.5705, 0.0000, 0.0000, 1.0000, 0.0000, 0.0000]])
tensor([[-0.1870,  1.0000,  1.0000,  0.0000,  0.0000,  0.0000]])
tensor([[0.4912, 1.0000, 1.0000, 1.0000, 0.0000, 0.0000]])
tensor([[-0.3536,  0.0000,  1.0000,  1.0000,  0.0000,  0.0000]])
tensor([[0.3795, 1.0000, 1.0000, 1.0000, 0.0000, 0.0000]])
tensor([[0.5688, 1.0000, 0.0000, 1.0000, 0.0000, 0.0000]])
tensor([[-0.7305,  1.0000,  1.0000,  1.0000,  1.0000,  0.0000]])
tensor([[-0.0022,  1.0000,  0.0000,  1.0000,  0.0000,  0.0000]])
tensor([[0.0338, 0.0000, 0.0000, 1.0000, 0.0000, 1.0000]])
tensor([[-0.4758,  0.0000,  0.0000,  1.0000,  1.0000,  0.0000]])
tensor([[0.4634, 1.0000, 1.0000, 1.0000, 0.0000, 0.0000]])
tensor([[0.6979, 1.0000, 1.0000, 1.0000, 1.0000, 0.0000]])
tensor([[0.7833, 1.0000, 0.0000, 1.0000, 0.0000, 0.0000]])
tensor([[-0.4845,  1.0000,  1.0000,  1.0000,  0.0000,  0.0000]])
tensor([[0.8434, 1.0000, 1.0000, 1.0000, 0.0000, 0.0000]])
tensor([[-0.2361,  0.0000,  0.0000,  1.0000,  1.0000,  0.0000]])
tensor([[-0.8365,  1.0000,  1.0000,  1.0000,  0.0000,  0.0000]])
tensor([[-0.6864,  0.0000,  0.0000,  1.0000,  1.0000,  1.0000]])
tensor([[-0.9309,  0.0000,  0.0000,  1.0000,  0.0000,  0.0000]])
tensor([[-0.8479,  0.0000,  1.0000,  1.0000,  1.0000,  1.0000]])
tensor([[0.0847, 1.0000, 0.0000, 1.0000, 0.0000, 0.0000]])
tensor([[-0.5911,  1.0000,  0.0000,  1.0000,  1.0000,  0.0000]])
tensor([[-0.5121,  0.0000,  0.0000,  1.0000,  1.0000,  0.0000]])
tensor([[0.5106, 0.0000, 1.0000, 1.0000, 0.0000, 0.0000]])
tensor([[-0.9260,  0.0000,  0.0000,  1.0000,  1.0000,  0.0000]])
tensor([[-0.8882,  0.0000,  1.0000,  1.0000,  1.0000,  1.0000]])
tensor([[-0.9262,  1.0000,  0.0000,  1.0000,  1.0000,  0.0000]])
tensor([[-0.1676,  1.0000,  0.0000,  1.0000,  0.0000,  0.0000]])
tensor([[-0.9961,  0.0000,  0.0000,  1.0000,  0.0000,  0.0000]])
tensor([[-0.9490,  1.0000,  0.0000,  1.0000,  0.0000,  0.0000]])
tensor([[-0.9970,  0.0000,  1.0000,  1.0000,  1.0000,  0.0000]])
tensor([[-0.9910,  0.0000,  0.0000,  1.0000,  1.0000,  0.0000]])
tensor([[-0.8909,  0.0000,  1.0000,  1.0000,  0.0000,  0.0000]])
tensor([[-0.9880,  0.0000,  1.0000,  1.0000,  1.0000,  0.0000]])
tensor([[-0.8958,  0.0000,  0.0000,  1.0000,  0.0000,  0.0000]])
tensor([[0.0743, 0.0000, 1.0000, 0.0000, 1.0000, 1.0000]])
tensor([[-0.8658,  1.0000,  0.0000,  1.0000,  1.0000,  0.0000]])
tensor([[0.0894, 1.0000, 0.0000, 1.0000, 1.0000, 0.0000]])
tensor([[0.8545, 1.0000, 1.0000, 1.0000, 0.0000, 1.0000]])
tensor([[-0.3719,  0.0000,  1.0000,  1.0000,  0.0000,  1.0000]])
tensor([[0.6800, 0.0000, 0.0000, 1.0000, 1.0000, 0.0000]])
tensor([[0.3126, 1.0000, 0.0000, 1.0000, 0.0000, 0.0000]])
tensor([[0.3039, 0.0000, 0.0000, 1.0000, 0.0000, 0.0000]])
tensor([[-0.3744,  0.0000,  1.0000,  1.0000,  0.0000,  0.0000]])
tensor([[0.5598, 1.0000, 1.0000, 1.0000, 0.0000, 0.0000]])
tensor([[0.8894, 1.0000, 1.0000, 0.0000, 1.0000, 0.0000]])
tensor([[0.2612, 1.0000, 0.0000, 1.0000, 0.0000, 0.0000]])
tensor([[-0.0845,  1.0000,  1.0000,  1.0000,  0.0000,  0.0000]])
tensor([[-0.5073,  1.0000,  0.0000,  1.0000,  1.0000,  0.0000]])
tensor([[-0.4455,  1.0000,  1.0000,  1.0000,  1.0000,  0.0000]])
tensor([[-0.6713,  0.0000,  0.0000,  1.0000,  0.0000,  0.0000]])
tensor([[-0.9695,  0.0000,  1.0000,  1.0000,  0.0000,  0.0000]])
tensor([[-0.7834,  0.0000,  1.0000,  1.0000,  0.0000,  0.0000]])
tensor([[-0.9775,  0.0000,  0.0000,  1.0000,  1.0000,  0.0000]])
tensor([[-0.8981,  0.0000,  0.0000,  1.0000,  1.0000,  0.0000]])
tensor([[-0.7459,  0.0000,  0.0000,  1.0000,  0.0000,  0.0000]])
tensor([[-0.9663,  0.0000,  1.0000,  1.0000,  1.0000,  0.0000]])
tensor([[-0.9972,  1.0000,  1.0000,  1.0000,  0.0000,  0.0000]])
tensor([[-0.4067,  0.0000,  1.0000,  1.0000,  0.0000,  0.0000]])
tensor([[-0.8964,  0.0000,  0.0000,  1.0000,  0.0000,  0.0000]])
tensor([[-0.4247,  0.0000,  1.0000,  1.0000,  0.0000,  0.0000]])
tensor([[-0.9739,  0.0000,  0.0000,  1.0000,  0.0000,  1.0000]])
tensor([[-0.9164,  1.0000,  0.0000,  1.0000,  0.0000,  0.0000]])
tensor([[-0.9304,  1.0000,  1.0000,  1.0000,  1.0000,  0.0000]])
tensor([[-0.0230,  0.0000,  1.0000,  1.0000,  0.0000,  0.0000]])
tensor([[-0.9961,  0.0000,  1.0000,  1.0000,  0.0000,  0.0000]])
tensor([[-0.9547,  1.0000,  1.0000,  1.0000,  0.0000,  0.0000]])
tensor([[-0.6412,  0.0000,  0.0000,  1.0000,  0.0000,  0.0000]])
tensor([[-0.6244,  0.0000,  0.0000,  1.0000,  0.0000,  0.0000]])
tensor([[-0.9606,  1.0000,  1.0000,  1.0000,  0.0000,  0.0000]])
tensor([[-0.9861,  0.0000,  1.0000,  1.0000,  0.0000,  0.0000]])
tensor([[-0.6314,  0.0000,  1.0000,  1.0000,  0.0000,  0.0000]])
tensor([[-0.9304,  1.0000,  1.0000,  1.0000,  1.0000,  0.0000]])
tensor([[-0.8762,  1.0000,  1.0000,  0.0000,  0.0000,  0.0000]])
tensor([[-0.5093,  1.0000,  1.0000,  1.0000,  1.0000,  0.0000]])
tensor([[-0.9823,  1.0000,  1.0000,  1.0000,  0.0000,  0.0000]])
tensor([[-0.0662,  0.0000,  0.0000,  1.0000,  0.0000,  0.0000]])
tensor([[-0.9903,  0.0000,  1.0000,  1.0000,  0.0000,  0.0000]])
tensor([[-0.8776,  0.0000,  1.0000,  1.0000,  0.0000,  0.0000]])
tensor([[-0.8406,  0.0000,  1.0000,  1.0000,  1.0000,  0.0000]])
tensor([[0.5846, 0.0000, 1.0000, 1.0000, 0.0000, 0.0000]])
tensor([[-0.7735,  0.0000,  0.0000,  1.0000,  1.0000,  1.0000]])
tensor([[-0.7307,  1.0000,  0.0000,  1.0000,  0.0000,  0.0000]])
tensor([[0.1323, 1.0000, 0.0000, 1.0000, 0.0000, 1.0000]])
tensor([[-0.0183,  1.0000,  0.0000,  1.0000,  1.0000,  0.0000]])
tensor([[0.6250, 1.0000, 1.0000, 1.0000, 0.0000, 0.0000]])
tensor([[0.0390, 1.0000, 1.0000, 1.0000, 0.0000, 1.0000]])
tensor([[-0.1706,  0.0000,  1.0000,  1.0000,  0.0000,  1.0000]])
tensor([[-0.6166,  0.0000,  0.0000,  1.0000,  1.0000,  0.0000]])
tensor([[0.3865, 1.0000, 1.0000, 1.0000, 0.0000, 0.0000]])
tensor([[0.2929, 1.0000, 1.0000, 1.0000, 0.0000, 0.0000]])
tensor([[0.7973, 1.0000, 0.0000, 1.0000, 0.0000, 0.0000]])
tensor([[0.0033, 0.0000, 0.0000, 1.0000, 0.0000, 0.0000]])
tensor([[-0.3306,  1.0000,  1.0000,  1.0000,  0.0000,  0.0000]])
tensor([[0.5319, 0.0000, 0.0000, 0.0000, 0.0000, 0.0000]])
tensor([[0.6111, 1.0000, 1.0000, 1.0000, 1.0000, 0.0000]])
tensor([[0.6137, 1.0000, 0.0000, 1.0000, 0.0000, 0.0000]])
tensor([[0.7869, 1.0000, 0.0000, 1.0000, 1.0000, 0.0000]])
tensor([[-0.8749,  0.0000,  1.0000,  0.0000,  1.0000,  0.0000]])
tensor([[0.6028, 1.0000, 0.0000, 1.0000, 0.0000, 1.0000]])
tensor([[0.1523, 1.0000, 0.0000, 1.0000, 0.0000, 0.0000]])
tensor([[-0.6405,  1.0000,  1.0000,  1.0000,  0.0000,  0.0000]])
tensor([[-0.5174,  0.0000,  0.0000,  1.0000,  1.0000,  0.0000]])
tensor([[0.0661, 0.0000, 1.0000, 0.0000, 0.0000, 0.0000]])
tensor([[0.5942, 1.0000, 0.0000, 1.0000, 0.0000, 1.0000]])
tensor([[0.9395, 1.0000, 0.0000, 1.0000, 0.0000, 0.0000]])
tensor([[-0.2560,  1.0000,  1.0000,  1.0000,  0.0000,  0.0000]])
tensor([[-0.6419,  0.0000,  0.0000,  0.0000,  0.0000,  1.0000]])
tensor([[0.9604, 1.0000, 0.0000, 1.0000, 0.0000, 0.0000]])
tensor([[-0.4115,  0.0000,  1.0000,  1.0000,  1.0000,  0.0000]])
tensor([[0.9103, 1.0000, 0.0000, 1.0000, 0.0000, 1.0000]])
tensor([[0.6063, 0.0000, 1.0000, 1.0000, 0.0000, 0.0000]])
tensor([[0.0892, 0.0000, 0.0000, 1.0000, 0.0000, 0.0000]])
tensor([[0.0184, 1.0000, 0.0000, 1.0000, 0.0000, 0.0000]])
tensor([[0.4859, 1.0000, 1.0000, 1.0000, 0.0000, 0.0000]])
tensor([[0.7329, 1.0000, 1.0000, 1.0000, 1.0000, 0.0000]])
tensor([[-0.3534,  1.0000,  0.0000,  1.0000,  0.0000,  0.0000]])
tensor([[-0.6293,  0.0000,  1.0000,  1.0000,  0.0000,  0.0000]])
tensor([[0.4070, 1.0000, 1.0000, 1.0000, 0.0000, 0.0000]])
tensor([[-0.0917,  1.0000,  1.0000,  1.0000,  0.0000,  0.0000]])
tensor([[0.1351, 1.0000, 0.0000, 0.0000, 0.0000, 0.0000]])
tensor([[-0.1965,  1.0000,  1.0000,  1.0000,  1.0000,  0.0000]])
tensor([[-0.1090,  1.0000,  1.0000,  0.0000,  1.0000,  0.0000]])
tensor([[-0.3972,  1.0000,  1.0000,  1.0000,  0.0000,  0.0000]])
tensor([[-0.3974,  0.0000,  1.0000,  1.0000,  0.0000,  0.0000]])
tensor([[-0.3224,  1.0000,  0.0000,  1.0000,  0.0000,  1.0000]])
tensor([[-0.9001,  1.0000,  1.0000,  1.0000,  0.0000,  0.0000]])
tensor([[-0.0923,  0.0000,  1.0000,  1.0000,  0.0000,  0.0000]])
tensor([[-0.7793,  0.0000,  1.0000,  1.0000,  0.0000,  0.0000]])
tensor([[-0.7223,  0.0000,  1.0000,  0.0000,  0.0000,  0.0000]])
tensor([[-0.7432,  0.0000,  0.0000,  0.0000,  0.0000,  0.0000]])
tensor([[-0.8724,  0.0000,  1.0000,  1.0000,  1.0000,  0.0000]])
tensor([[-0.5113,  0.0000,  0.0000,  1.0000,  0.0000,  0.0000]])
tensor([[-0.9039,  1.0000,  1.0000,  1.0000,  0.0000,  0.0000]])
tensor([[-0.9538,  0.0000,  1.0000,  1.0000,  0.0000,  0.0000]])
tensor([[-0.7411,  1.0000,  1.0000,  1.0000,  0.0000,  0.0000]])
tensor([[-0.6073,  1.0000,  1.0000,  1.0000,  1.0000,  0.0000]])
tensor([[-0.7961,  1.0000,  1.0000,  0.0000,  1.0000,  1.0000]])
tensor([[-0.7969,  0.0000,  0.0000,  0.0000,  0.0000,  0.0000]])
tensor([[-0.9732,  0.0000,  1.0000,  1.0000,  0.0000,  0.0000]])
tensor([[-0.7835,  0.0000,  0.0000,  1.0000,  1.0000,  1.0000]])
tensor([[-0.9630,  1.0000,  1.0000,  1.0000,  1.0000,  0.0000]])
tensor([[-0.2873,  0.0000,  0.0000,  1.0000,  1.0000,  0.0000]])
tensor([[-0.9582,  1.0000,  1.0000,  1.0000,  1.0000,  0.0000]])
tensor([[-0.9290,  0.0000,  1.0000,  1.0000,  0.0000,  1.0000]])
tensor([[-0.9687,  0.0000,  0.0000,  1.0000,  1.0000,  0.0000]])
tensor([[-0.8995,  1.0000,  1.0000,  1.0000,  1.0000,  0.0000]])
tensor([[-0.9536,  0.0000,  0.0000,  1.0000,  0.0000,  0.0000]])
tensor([[-0.5373,  1.0000,  1.0000,  1.0000,  1.0000,  0.0000]])
tensor([[-0.4121,  0.0000,  1.0000,  1.0000,  1.0000,  0.0000]])
tensor([[-0.9825,  0.0000,  0.0000,  1.0000,  0.0000,  0.0000]])
tensor([[-0.9483,  1.0000,  1.0000,  1.0000,  1.0000,  1.0000]])
tensor([[-0.7165,  0.0000,  0.0000,  1.0000,  0.0000,  0.0000]])
tensor([[-0.9974,  0.0000,  1.0000,  0.0000,  1.0000,  1.0000]])
tensor([[-0.9774,  1.0000,  0.0000,  1.0000,  1.0000,  0.0000]])
tensor([[-0.9609,  0.0000,  1.0000,  1.0000,  0.0000,  0.0000]])
tensor([[-0.6313,  0.0000,  0.0000,  1.0000,  1.0000,  0.0000]])
tensor([[-0.6288,  0.0000,  0.0000,  1.0000,  0.0000,  0.0000]])
tensor([[-0.9621,  0.0000,  0.0000,  1.0000,  0.0000,  0.0000]])
tensor([[-0.9192,  1.0000,  1.0000,  1.0000,  1.0000,  0.0000]])
tensor([[-0.7516,  0.0000,  1.0000,  1.0000,  0.0000,  0.0000]])
tensor([[-0.9791,  0.0000,  0.0000,  1.0000,  1.0000,  0.0000]])
tensor([[-0.5808,  0.0000,  1.0000,  1.0000,  0.0000,  0.0000]])
tensor([[-0.9913,  0.0000,  1.0000,  1.0000,  1.0000,  0.0000]])
tensor([[0.3961, 1.0000, 1.0000, 1.0000, 0.0000, 0.0000]])
tensor([[-0.3616,  0.0000,  0.0000,  1.0000,  0.0000,  0.0000]])
tensor([[-0.9380,  1.0000,  1.0000,  1.0000,  0.0000,  0.0000]])
tensor([[-0.5417,  0.0000,  1.0000,  1.0000,  1.0000,  0.0000]])
tensor([[0.2663, 1.0000, 1.0000, 1.0000, 0.0000, 0.0000]])
tensor([[-0.9183,  1.0000,  0.0000,  1.0000,  0.0000,  0.0000]])
tensor([[-0.9057,  1.0000,  1.0000,  1.0000,  1.0000,  0.0000]])
tensor([[0.3832, 1.0000, 1.0000, 1.0000, 0.0000, 0.0000]])
tensor([[-0.9431,  1.0000,  1.0000,  1.0000,  0.0000,  0.0000]])
tensor([[-0.7313,  0.0000,  0.0000,  1.0000,  0.0000,  0.0000]])
tensor([[-0.8717,  1.0000,  1.0000,  1.0000,  0.0000,  0.0000]])
tensor([[0.7980, 0.0000, 0.0000, 1.0000, 0.0000, 0.0000]])
tensor([[0.7175, 0.0000, 1.0000, 1.0000, 0.0000, 0.0000]])
tensor([[-0.1318,  0.0000,  1.0000,  1.0000,  0.0000,  1.0000]])
tensor([[-0.7279,  0.0000,  1.0000,  1.0000,  0.0000,  0.0000]])
tensor([[-0.8942,  0.0000,  0.0000,  1.0000,  0.0000,  1.0000]])
tensor([[-0.9593,  0.0000,  0.0000,  1.0000,  0.0000,  0.0000]])
tensor([[-0.8027,  0.0000,  1.0000,  1.0000,  0.0000,  0.0000]])
tensor([[-0.9645,  1.0000,  0.0000,  1.0000,  0.0000,  0.0000]])
tensor([[-0.5904,  1.0000,  1.0000,  1.0000,  0.0000,  0.0000]])
tensor([[-0.9426,  0.0000,  0.0000,  1.0000,  0.0000,  0.0000]])
tensor([[-0.8760,  1.0000,  1.0000,  1.0000,  0.0000,  0.0000]])
tensor([[0.2286, 0.0000, 1.0000, 1.0000, 0.0000, 0.0000]])
tensor([[-0.9250,  0.0000,  0.0000,  0.0000,  0.0000,  0.0000]])
tensor([[-0.8127,  0.0000,  1.0000,  1.0000,  0.0000,  0.0000]])
tensor([[-0.9856,  0.0000,  1.0000,  1.0000,  0.0000,  0.0000]])
tensor([[-0.9975,  0.0000,  1.0000,  1.0000,  0.0000,  0.0000]])
tensor([[-0.8428,  1.0000,  1.0000,  1.0000,  0.0000,  0.0000]])
tensor([[0.2516, 1.0000, 1.0000, 1.0000, 0.0000, 0.0000]])
tensor([[0.8931, 0.0000, 0.0000, 1.0000, 0.0000, 0.0000]])
tensor([[0.6943, 0.0000, 1.0000, 1.0000, 0.0000, 0.0000]])
tensor([[0.5161, 0.0000, 0.0000, 1.0000, 0.0000, 0.0000]])
tensor([[-0.1271,  0.0000,  1.0000,  1.0000,  0.0000,  0.0000]])
tensor([[0.3576, 1.0000, 1.0000, 1.0000, 0.0000, 0.0000]])
tensor([[0.6379, 0.0000, 0.0000, 1.0000, 0.0000, 0.0000]])
tensor([[-0.1335,  1.0000,  1.0000,  1.0000,  0.0000,  0.0000]])
tensor([[-0.0805,  0.0000,  1.0000,  1.0000,  0.0000,  0.0000]])
tensor([[0.7708, 1.0000, 1.0000, 1.0000, 0.0000, 0.0000]])
tensor([[0.0229, 0.0000, 0.0000, 1.0000, 1.0000, 0.0000]])
tensor([[0.5848, 1.0000, 1.0000, 1.0000, 1.0000, 0.0000]])
tensor([[-0.3097,  1.0000,  1.0000,  1.0000,  0.0000,  0.0000]])
tensor([[-0.1531,  0.0000,  1.0000,  1.0000,  1.0000,  0.0000]])
tensor([[0.8588, 1.0000, 0.0000, 1.0000, 1.0000, 0.0000]])
tensor([[-0.5339,  0.0000,  1.0000,  1.0000,  0.0000,  0.0000]])
tensor([[0.8276, 1.0000, 0.0000, 0.0000, 1.0000, 0.0000]])
tensor([[-0.1002,  0.0000,  1.0000,  1.0000,  0.0000,  0.0000]])
tensor([[0.8087, 0.0000, 1.0000, 1.0000, 0.0000, 0.0000]])
tensor([[-0.6001,  0.0000,  1.0000,  1.0000,  0.0000,  0.0000]])
tensor([[0.1910, 0.0000, 1.0000, 1.0000, 0.0000, 0.0000]])
tensor([[0.4023, 1.0000, 1.0000, 1.0000, 0.0000, 0.0000]])
tensor([[0.8405, 1.0000, 1.0000, 1.0000, 0.0000, 0.0000]])
tensor([[0.7348, 0.0000, 1.0000, 0.0000, 1.0000, 0.0000]])
tensor([[0.0031, 1.0000, 1.0000, 1.0000, 0.0000, 0.0000]])
tensor([[-0.7135,  1.0000,  1.0000,  1.0000,  0.0000,  0.0000]])
tensor([[-0.2658,  1.0000,  1.0000,  1.0000,  1.0000,  0.0000]])
tensor([[-0.4631,  1.0000,  1.0000,  1.0000,  0.0000,  0.0000]])
tensor([[0.7724, 0.0000, 1.0000, 0.0000, 0.0000, 0.0000]])
tensor([[-0.6124,  1.0000,  1.0000,  1.0000,  0.0000,  0.0000]])
tensor([[-0.7638,  1.0000,  1.0000,  1.0000,  0.0000,  0.0000]])
tensor([[-0.6622,  0.0000,  1.0000,  1.0000,  0.0000,  0.0000]])
tensor([[-0.6608,  1.0000,  0.0000,  1.0000,  0.0000,  0.0000]])
tensor([[0.0449, 0.0000, 0.0000, 1.0000, 1.0000, 0.0000]])
tensor([[-0.9891,  0.0000,  1.0000,  1.0000,  1.0000,  0.0000]])
tensor([[-0.8107,  1.0000,  1.0000,  1.0000,  1.0000,  0.0000]])
tensor([[-0.7161,  1.0000,  1.0000,  1.0000,  0.0000,  0.0000]])
tensor([[-0.9517,  0.0000,  1.0000,  1.0000,  0.0000,  0.0000]])
tensor([[-0.8661,  0.0000,  1.0000,  1.0000,  0.0000,  0.0000]])
tensor([[-0.8831,  0.0000,  1.0000,  1.0000,  0.0000,  0.0000]])
tensor([[-0.9633,  1.0000,  1.0000,  1.0000,  1.0000,  0.0000]])
tensor([[0.1448, 1.0000, 0.0000, 1.0000, 1.0000, 0.0000]])
tensor([[-0.4492,  0.0000,  1.0000,  1.0000,  0.0000,  0.0000]])
tensor([[0.1672, 1.0000, 0.0000, 1.0000, 0.0000, 0.0000]])
tensor([[-0.7574,  0.0000,  1.0000,  1.0000,  1.0000,  0.0000]])
tensor([[-0.3227,  1.0000,  1.0000,  1.0000,  0.0000,  0.0000]])
tensor([[0.9146, 1.0000, 1.0000, 1.0000, 1.0000, 1.0000]])
tensor([[-0.4356,  1.0000,  1.0000,  1.0000,  1.0000,  0.0000]])
tensor([[-0.1077,  1.0000,  1.0000,  1.0000,  0.0000,  0.0000]])
tensor([[-0.2494,  0.0000,  1.0000,  1.0000,  1.0000,  0.0000]])
tensor([[-0.7196,  1.0000,  1.0000,  1.0000,  0.0000,  0.0000]])
tensor([[0.0578, 1.0000, 0.0000, 1.0000, 0.0000, 0.0000]])
tensor([[-0.0372,  0.0000,  1.0000,  1.0000,  0.0000,  0.0000]])
tensor([[-0.9146,  1.0000,  1.0000,  1.0000,  0.0000,  0.0000]])
tensor([[-0.9194,  1.0000,  0.0000,  1.0000,  0.0000,  0.0000]])
tensor([[-0.9812,  0.0000,  1.0000,  1.0000,  1.0000,  0.0000]])
tensor([[-0.9893,  1.0000,  0.0000,  1.0000,  0.0000,  0.0000]])
tensor([[-0.9144,  1.0000,  1.0000,  1.0000,  0.0000,  0.0000]])
tensor([[-0.7969,  1.0000,  1.0000,  1.0000,  0.0000,  0.0000]])
tensor([[0.5942, 0.0000, 0.0000, 0.0000, 0.0000, 0.0000]])
tensor([[-0.4891,  0.0000,  1.0000,  1.0000,  0.0000,  0.0000]])
tensor([[-0.6158,  1.0000,  1.0000,  1.0000,  0.0000,  1.0000]])
tensor([[-0.3378,  0.0000,  1.0000,  1.0000,  1.0000,  0.0000]])
tensor([[-0.6310,  0.0000,  1.0000,  1.0000,  0.0000,  0.0000]])
tensor([[-0.9329,  1.0000,  1.0000,  1.0000,  1.0000,  0.0000]])
tensor([[-0.6877,  0.0000,  0.0000,  1.0000,  0.0000,  0.0000]])
tensor([[-0.9309,  0.0000,  1.0000,  1.0000,  0.0000,  0.0000]])
tensor([[-0.5815,  1.0000,  0.0000,  1.0000,  0.0000,  0.0000]])
tensor([[-0.7152,  0.0000,  1.0000,  1.0000,  0.0000,  1.0000]])
tensor([[-0.9134,  0.0000,  1.0000,  1.0000,  0.0000,  0.0000]])
tensor([[-0.3498,  0.0000,  1.0000,  1.0000,  0.0000,  0.0000]])
tensor([[-0.6381,  1.0000,  1.0000,  1.0000,  0.0000,  0.0000]])
tensor([[-0.9665,  1.0000,  1.0000,  1.0000,  0.0000,  0.0000]])
tensor([[-0.8804,  0.0000,  0.0000,  1.0000,  0.0000,  0.0000]])
tensor([[-0.8182,  0.0000,  1.0000,  0.0000,  0.0000,  0.0000]])
tensor([[-0.8574,  0.0000,  1.0000,  0.0000,  0.0000,  0.0000]])
tensor([[-0.8045,  0.0000,  1.0000,  1.0000,  1.0000,  0.0000]])
tensor([[-0.9165,  0.0000,  0.0000,  1.0000,  1.0000,  0.0000]])
tensor([[0.3517, 1.0000, 0.0000, 1.0000, 0.0000, 0.0000]])
tensor([[0.4937, 0.0000, 1.0000, 1.0000, 0.0000, 0.0000]])
tensor([[0.7823, 1.0000, 0.0000, 1.0000, 1.0000, 1.0000]])
tensor([[-0.1295,  0.0000,  1.0000,  1.0000,  0.0000,  0.0000]])
tensor([[0.6836, 1.0000, 0.0000, 1.0000, 0.0000, 0.0000]])
tensor([[0.0646, 0.0000, 1.0000, 1.0000, 0.0000, 0.0000]])
tensor([[0.2773, 1.0000, 0.0000, 1.0000, 0.0000, 0.0000]])
tensor([[-0.0646,  1.0000,  1.0000,  1.0000,  1.0000,  0.0000]])
tensor([[0.2546, 1.0000, 1.0000, 1.0000, 0.0000, 0.0000]])
tensor([[0.2243, 0.0000, 1.0000, 0.0000, 0.0000, 0.0000]])
tensor([[0.6435, 0.0000, 0.0000, 0.0000, 0.0000, 0.0000]])
tensor([[0.0521, 1.0000, 1.0000, 1.0000, 1.0000, 1.0000]])
tensor([[0.7610, 0.0000, 1.0000, 1.0000, 1.0000, 0.0000]])
tensor([[0.4654, 0.0000, 0.0000, 1.0000, 0.0000, 0.0000]])
tensor([[0.2871, 1.0000, 0.0000, 1.0000, 1.0000, 0.0000]])
tensor([[-0.1555,  0.0000,  0.0000,  1.0000,  1.0000,  0.0000]])
tensor([[0.0823, 0.0000, 1.0000, 1.0000, 0.0000, 0.0000]])
tensor([[0.4859, 0.0000, 1.0000, 1.0000, 1.0000, 0.0000]])
tensor([[0.8385, 1.0000, 0.0000, 1.0000, 1.0000, 1.0000]])
tensor([[-0.6395,  0.0000,  0.0000,  0.0000,  1.0000,  0.0000]])
tensor([[-0.8899,  1.0000,  1.0000,  1.0000,  0.0000,  0.0000]])
tensor([[-0.3530,  0.0000,  1.0000,  1.0000,  0.0000,  0.0000]])
tensor([[-0.7837,  0.0000,  0.0000,  1.0000,  0.0000,  0.0000]])
tensor([[0.2506, 0.0000, 1.0000, 1.0000, 1.0000, 0.0000]])
tensor([[-0.2802,  1.0000,  0.0000,  1.0000,  1.0000,  0.0000]])
tensor([[-0.4933,  1.0000,  0.0000,  1.0000,  0.0000,  0.0000]])
tensor([[0.2614, 0.0000, 1.0000, 1.0000, 1.0000, 0.0000]])
tensor([[-0.2323,  0.0000,  0.0000,  1.0000,  0.0000,  0.0000]])
tensor([[-0.4809,  0.0000,  0.0000,  1.0000,  0.0000,  1.0000]])
tensor([[-0.8521,  1.0000,  0.0000,  1.0000,  1.0000,  0.0000]])
tensor([[-0.0705,  1.0000,  1.0000,  1.0000,  0.0000,  0.0000]])
tensor([[-0.0924,  1.0000,  1.0000,  1.0000,  0.0000,  0.0000]])
tensor([[-0.5066,  0.0000,  0.0000,  1.0000,  0.0000,  1.0000]])
tensor([[-0.8848,  1.0000,  1.0000,  1.0000,  1.0000,  0.0000]])
tensor([[-0.7396,  0.0000,  1.0000,  1.0000,  1.0000,  0.0000]])
tensor([[-0.8601,  0.0000,  1.0000,  1.0000,  1.0000,  0.0000]])
tensor([[-0.7005,  0.0000,  1.0000,  1.0000,  0.0000,  0.0000]])
tensor([[-0.0820,  0.0000,  1.0000,  1.0000,  0.0000,  0.0000]])
tensor([[0.6890, 0.0000, 0.0000, 1.0000, 0.0000, 1.0000]])
tensor([[-0.0662,  0.0000,  1.0000,  1.0000,  0.0000,  0.0000]])
tensor([[-0.0529,  1.0000,  1.0000,  1.0000,  0.0000,  0.0000]])
tensor([[-0.7813,  0.0000,  1.0000,  1.0000,  0.0000,  0.0000]])
tensor([[0.3721, 1.0000, 1.0000, 1.0000, 1.0000, 0.0000]])
tensor([[-0.6910,  0.0000,  1.0000,  1.0000,  0.0000,  0.0000]])
tensor([[0.7506, 1.0000, 1.0000, 1.0000, 0.0000, 0.0000]])
tensor([[-0.8626,  1.0000,  1.0000,  1.0000,  1.0000,  0.0000]])
tensor([[0.2291, 1.0000, 1.0000, 0.0000, 1.0000, 0.0000]])
tensor([[-0.5201,  1.0000,  0.0000,  1.0000,  1.0000,  0.0000]])
tensor([[-0.0943,  0.0000,  0.0000,  1.0000,  1.0000,  0.0000]])
tensor([[-0.7720,  0.0000,  1.0000,  1.0000,  0.0000,  0.0000]])
tensor([[-0.8335,  1.0000,  0.0000,  1.0000,  0.0000,  0.0000]])
tensor([[-0.6628,  0.0000,  0.0000,  1.0000,  0.0000,  0.0000]])
tensor([[0.4877, 1.0000, 1.0000, 1.0000, 0.0000, 1.0000]])
tensor([[0.8279, 0.0000, 1.0000, 1.0000, 0.0000, 0.0000]])
tensor([[-0.9669,  0.0000,  1.0000,  1.0000,  1.0000,  0.0000]])
tensor([[-0.8549,  0.0000,  0.0000,  0.0000,  0.0000,  0.0000]])
tensor([[-0.6533,  0.0000,  0.0000,  1.0000,  1.0000,  0.0000]])
tensor([[0.4264, 0.0000, 1.0000, 1.0000, 0.0000, 0.0000]])
tensor([[0.4700, 1.0000, 1.0000, 1.0000, 0.0000, 0.0000]])
tensor([[0.5900, 1.0000, 0.0000, 1.0000, 0.0000, 0.0000]])
tensor([[0.6995, 0.0000, 1.0000, 1.0000, 0.0000, 0.0000]])
tensor([[0.6816, 0.0000, 1.0000, 0.0000, 0.0000, 0.0000]])
tensor([[0.4143, 1.0000, 1.0000, 1.0000, 0.0000, 0.0000]])
tensor([[0.1512, 0.0000, 1.0000, 0.0000, 1.0000, 0.0000]])
tensor([[0.1418, 1.0000, 1.0000, 1.0000, 0.0000, 0.0000]])
tensor([[0.3804, 1.0000, 0.0000, 1.0000, 1.0000, 0.0000]])
tensor([[0.3119, 1.0000, 0.0000, 1.0000, 1.0000, 0.0000]])
tensor([[0.3199, 0.0000, 0.0000, 1.0000, 0.0000, 0.0000]])
tensor([[0.8031, 1.0000, 0.0000, 1.0000, 1.0000, 0.0000]])
tensor([[0.3994, 0.0000, 1.0000, 1.0000, 0.0000, 0.0000]])
tensor([[0.7381, 0.0000, 0.0000, 1.0000, 1.0000, 0.0000]])
tensor([[0.6896, 1.0000, 0.0000, 1.0000, 0.0000, 0.0000]])
tensor([[0.9466, 0.0000, 1.0000, 1.0000, 0.0000, 0.0000]])
tensor([[0.7183, 1.0000, 0.0000, 1.0000, 0.0000, 0.0000]])
tensor([[0.7919, 0.0000, 0.0000, 1.0000, 0.0000, 1.0000]])
tensor([[0.4469, 0.0000, 0.0000, 0.0000, 0.0000, 0.0000]])
tensor([[0.8114, 1.0000, 0.0000, 1.0000, 0.0000, 0.0000]])
tensor([[0.4241, 1.0000, 0.0000, 1.0000, 0.0000, 0.0000]])
tensor([[0.3173, 1.0000, 1.0000, 1.0000, 0.0000, 1.0000]])
tensor([[0.4255, 0.0000, 1.0000, 1.0000, 0.0000, 0.0000]])
tensor([[-0.1678,  1.0000,  0.0000,  1.0000,  0.0000,  0.0000]])
tensor([[0.1915, 0.0000, 0.0000, 1.0000, 0.0000, 0.0000]])
tensor([[0.2163, 0.0000, 0.0000, 1.0000, 0.0000, 1.0000]])
tensor([[0.7942, 1.0000, 1.0000, 1.0000, 0.0000, 1.0000]])
tensor([[0.2414, 0.0000, 1.0000, 1.0000, 0.0000, 0.0000]])
tensor([[0.3691, 0.0000, 1.0000, 1.0000, 0.0000, 0.0000]])
tensor([[0.6986, 0.0000, 0.0000, 1.0000, 0.0000, 0.0000]])
tensor([[0.3969, 0.0000, 0.0000, 0.0000, 0.0000, 1.0000]])
tensor([[0.7409, 0.0000, 1.0000, 1.0000, 0.0000, 0.0000]])
tensor([[0.9366, 1.0000, 0.0000, 1.0000, 0.0000, 0.0000]])
tensor([[0.9209, 1.0000, 1.0000, 1.0000, 0.0000, 0.0000]])
tensor([[0.7545, 1.0000, 1.0000, 1.0000, 0.0000, 0.0000]])
tensor([[0.6355, 1.0000, 1.0000, 1.0000, 0.0000, 0.0000]])
tensor([[0.0826, 1.0000, 0.0000, 0.0000, 0.0000, 0.0000]])
tensor([[-0.5646,  0.0000,  0.0000,  1.0000,  0.0000,  1.0000]])
tensor([[0.7241, 1.0000, 1.0000, 1.0000, 0.0000, 0.0000]])
tensor([[-0.4503,  1.0000,  1.0000,  1.0000,  0.0000,  0.0000]])
tensor([[-0.6544,  1.0000,  1.0000,  1.0000,  0.0000,  1.0000]])
tensor([[-0.9700,  0.0000,  1.0000,  0.0000,  1.0000,  0.0000]])
tensor([[-0.4141,  0.0000,  0.0000,  1.0000,  0.0000,  0.0000]])
tensor([[-0.9518,  0.0000,  1.0000,  1.0000,  0.0000,  0.0000]])
tensor([[-0.8180,  1.0000,  0.0000,  1.0000,  1.0000,  0.0000]])
tensor([[-0.4746,  1.0000,  0.0000,  1.0000,  0.0000,  0.0000]])
tensor([[-0.3680,  0.0000,  1.0000,  1.0000,  0.0000,  0.0000]])
tensor([[-0.1903,  0.0000,  1.0000,  1.0000,  0.0000,  0.0000]])
tensor([[-0.9807,  1.0000,  0.0000,  1.0000,  1.0000,  0.0000]])
tensor([[-0.7147,  0.0000,  0.0000,  1.0000,  0.0000,  0.0000]])
tensor([[-0.6967,  0.0000,  1.0000,  1.0000,  0.0000,  0.0000]])
tensor([[-0.9145,  1.0000,  0.0000,  1.0000,  1.0000,  0.0000]])
tensor([[-0.9875,  0.0000,  1.0000,  1.0000,  0.0000,  0.0000]])
tensor([[-0.9988,  0.0000,  0.0000,  1.0000,  1.0000,  0.0000]])
tensor([[-0.8955,  0.0000,  1.0000,  1.0000,  1.0000,  0.0000]])
tensor([[-0.9914,  0.0000,  1.0000,  1.0000,  1.0000,  0.0000]])
tensor([[-0.8823,  0.0000,  0.0000,  1.0000,  0.0000,  0.0000]])
tensor([[-0.0431,  0.0000,  1.0000,  1.0000,  1.0000,  0.0000]])
tensor([[-0.7848,  0.0000,  1.0000,  1.0000,  1.0000,  0.0000]])
tensor([[-0.2259,  1.0000,  1.0000,  1.0000,  0.0000,  0.0000]])
tensor([[0.5533, 1.0000, 0.0000, 0.0000, 0.0000, 0.0000]])
tensor([[0.7852, 0.0000, 0.0000, 1.0000, 0.0000, 0.0000]])
tensor([[0.7704, 0.0000, 1.0000, 1.0000, 0.0000, 0.0000]])
tensor([[0.1026, 0.0000, 0.0000, 1.0000, 1.0000, 1.0000]])
tensor([[-0.5097,  0.0000,  0.0000,  1.0000,  0.0000,  0.0000]])
tensor([[0.3190, 1.0000, 0.0000, 1.0000, 0.0000, 0.0000]])
tensor([[0.6708, 0.0000, 1.0000, 1.0000, 0.0000, 0.0000]])
tensor([[0.4821, 1.0000, 0.0000, 0.0000, 1.0000, 0.0000]])
tensor([[0.5437, 1.0000, 1.0000, 1.0000, 0.0000, 0.0000]])
tensor([[0.5111, 0.0000, 0.0000, 1.0000, 0.0000, 0.0000]])
tensor([[-0.1870,  1.0000,  1.0000,  1.0000,  0.0000,  0.0000]])
tensor([[0.8327, 1.0000, 0.0000, 1.0000, 0.0000, 0.0000]])
tensor([[-0.8496,  0.0000,  1.0000,  1.0000,  1.0000,  1.0000]])
tensor([[0.5769, 0.0000, 0.0000, 1.0000, 0.0000, 0.0000]])
tensor([[0.4820, 1.0000, 0.0000, 1.0000, 0.0000, 1.0000]])
tensor([[0.2097, 1.0000, 1.0000, 1.0000, 0.0000, 0.0000]])
tensor([[0.1459, 1.0000, 1.0000, 1.0000, 0.0000, 0.0000]])
tensor([[0.8128, 0.0000, 0.0000, 1.0000, 0.0000, 0.0000]])
tensor([[0.1017, 1.0000, 1.0000, 1.0000, 0.0000, 0.0000]])
tensor([[0.0789, 1.0000, 1.0000, 1.0000, 0.0000, 0.0000]])
tensor([[0.3383, 0.0000, 1.0000, 1.0000, 0.0000, 1.0000]])
tensor([[0.5653, 0.0000, 1.0000, 1.0000, 0.0000, 0.0000]])
tensor([[0.8714, 0.0000, 1.0000, 1.0000, 0.0000, 0.0000]])
tensor([[0.7020, 0.0000, 1.0000, 1.0000, 1.0000, 0.0000]])
tensor([[-0.3589,  1.0000,  0.0000,  1.0000,  1.0000,  0.0000]])
tensor([[0.4511, 0.0000, 1.0000, 1.0000, 1.0000, 1.0000]])
tensor([[0.3351, 1.0000, 1.0000, 1.0000, 0.0000, 1.0000]])
tensor([[-0.8605,  0.0000,  0.0000,  1.0000,  0.0000,  0.0000]])
tensor([[-0.4622,  1.0000,  1.0000,  1.0000,  0.0000,  1.0000]])
tensor([[-0.9023,  1.0000,  0.0000,  1.0000,  0.0000,  0.0000]])
tensor([[-0.9694,  1.0000,  1.0000,  1.0000,  0.0000,  0.0000]])
tensor([[-0.6198,  0.0000,  1.0000,  1.0000,  0.0000,  0.0000]])
tensor([[-0.7947,  0.0000,  1.0000,  1.0000,  1.0000,  1.0000]])
tensor([[-0.8950,  0.0000,  0.0000,  1.0000,  0.0000,  0.0000]])
tensor([[-0.9827,  0.0000,  1.0000,  1.0000,  1.0000,  0.0000]])
tensor([[-0.8894,  0.0000,  0.0000,  1.0000,  0.0000,  1.0000]])
tensor([[-0.6956,  0.0000,  1.0000,  1.0000,  0.0000,  0.0000]])
tensor([[-0.6526,  1.0000,  1.0000,  1.0000,  1.0000,  0.0000]])
tensor([[-0.5415,  0.0000,  1.0000,  1.0000,  0.0000,  0.0000]])
tensor([[0.9023, 0.0000, 0.0000, 1.0000, 1.0000, 0.0000]])
tensor([[0.1703, 1.0000, 1.0000, 1.0000, 1.0000, 0.0000]])
tensor([[-0.9691,  0.0000,  0.0000,  1.0000,  1.0000,  0.0000]])
tensor([[-0.6755,  1.0000,  0.0000,  1.0000,  1.0000,  0.0000]])
tensor([[-0.4261,  0.0000,  0.0000,  1.0000,  0.0000,  0.0000]])
tensor([[-0.2653,  0.0000,  1.0000,  1.0000,  0.0000,  1.0000]])
tensor([[-0.7304,  1.0000,  1.0000,  1.0000,  0.0000,  0.0000]])
tensor([[0.1111, 0.0000, 0.0000, 0.0000, 0.0000, 0.0000]])
tensor([[-0.9791,  1.0000,  0.0000,  1.0000,  1.0000,  0.0000]])
tensor([[0.3191, 1.0000, 1.0000, 1.0000, 0.0000, 0.0000]])
tensor([[-0.8707,  1.0000,  1.0000,  1.0000,  0.0000,  0.0000]])
tensor([[-0.1804,  0.0000,  0.0000,  1.0000,  0.0000,  1.0000]])
tensor([[-0.9023,  0.0000,  1.0000,  1.0000,  1.0000,  1.0000]])
tensor([[-0.7022,  0.0000,  1.0000,  0.0000,  1.0000,  0.0000]])
tensor([[-0.4525,  1.0000,  1.0000,  1.0000,  1.0000,  0.0000]])
tensor([[-0.5028,  1.0000,  0.0000,  1.0000,  1.0000,  0.0000]])
tensor([[-0.6362,  1.0000,  1.0000,  1.0000,  0.0000,  0.0000]])
tensor([[-0.9244,  1.0000,  1.0000,  1.0000,  1.0000,  0.0000]])
tensor([[-0.7858,  0.0000,  0.0000,  1.0000,  0.0000,  0.0000]])
tensor([[-0.7510,  0.0000,  1.0000,  1.0000,  0.0000,  0.0000]])
tensor([[-0.5792,  0.0000,  0.0000,  1.0000,  0.0000,  0.0000]])
tensor([[-0.8133,  0.0000,  1.0000,  1.0000,  1.0000,  0.0000]])
tensor([[-0.6680,  0.0000,  0.0000,  1.0000,  0.0000,  0.0000]])
tensor([[-0.7051,  0.0000,  1.0000,  0.0000,  0.0000,  0.0000]])
tensor([[-0.2461,  1.0000,  1.0000,  1.0000,  0.0000,  0.0000]])
tensor([[-0.5554,  1.0000,  1.0000,  1.0000,  0.0000,  0.0000]])
tensor([[-0.7873,  0.0000,  1.0000,  1.0000,  1.0000,  0.0000]])
tensor([[-0.9926,  1.0000,  1.0000,  0.0000,  0.0000,  0.0000]])
tensor([[-0.6881,  0.0000,  0.0000,  1.0000,  0.0000,  0.0000]])
tensor([[-0.8484,  0.0000,  0.0000,  1.0000,  0.0000,  0.0000]])
tensor([[-0.8111,  1.0000,  1.0000,  1.0000,  0.0000,  0.0000]])
tensor([[-0.8576,  1.0000,  0.0000,  1.0000,  0.0000,  0.0000]])
tensor([[-0.7236,  1.0000,  1.0000,  1.0000,  0.0000,  1.0000]])
tensor([[-0.8977,  1.0000,  1.0000,  1.0000,  0.0000,  0.0000]])
tensor([[-0.8184,  0.0000,  1.0000,  0.0000,  0.0000,  0.0000]])
tensor([[-0.9486,  0.0000,  1.0000,  1.0000,  0.0000,  0.0000]])
tensor([[-0.8705,  0.0000,  1.0000,  1.0000,  1.0000,  1.0000]])
tensor([[-0.9140,  0.0000,  0.0000,  1.0000,  0.0000,  0.0000]])
tensor([[-0.9697,  0.0000,  0.0000,  1.0000,  0.0000,  0.0000]])
tensor([[-0.6508,  0.0000,  0.0000,  0.0000,  0.0000,  0.0000]])
tensor([[-0.6959,  0.0000,  0.0000,  1.0000,  0.0000,  0.0000]])
tensor([[-0.7037,  0.0000,  1.0000,  1.0000,  1.0000,  0.0000]])
tensor([[-0.9327,  0.0000,  1.0000,  1.0000,  0.0000,  0.0000]])
tensor([[-0.8993,  1.0000,  1.0000,  1.0000,  0.0000,  0.0000]])
tensor([[-0.8421,  0.0000,  1.0000,  1.0000,  1.0000,  0.0000]])
tensor([[-0.9976,  1.0000,  1.0000,  1.0000,  1.0000,  0.0000]])
tensor([[-0.9725,  0.0000,  1.0000,  1.0000,  1.0000,  0.0000]])
tensor([[-0.8192,  0.0000,  1.0000,  0.0000,  0.0000,  0.0000]])
tensor([[-0.9164,  1.0000,  1.0000,  1.0000,  1.0000,  1.0000]])
tensor([[-0.8666,  0.0000,  1.0000,  1.0000,  0.0000,  0.0000]])
tensor([[0.6817, 1.0000, 0.0000, 1.0000, 0.0000, 0.0000]])
tensor([[-0.3960,  1.0000,  1.0000,  1.0000,  0.0000,  0.0000]])
tensor([[-0.5422,  0.0000,  1.0000,  1.0000,  1.0000,  1.0000]])
tensor([[-0.6944,  1.0000,  1.0000,  1.0000,  1.0000,  1.0000]])
tensor([[0.4072, 0.0000, 1.0000, 1.0000, 0.0000, 0.0000]])
tensor([[-0.9333,  0.0000,  0.0000,  1.0000,  0.0000,  0.0000]])
tensor([[0.0850, 0.0000, 1.0000, 1.0000, 0.0000, 0.0000]])
tensor([[-0.0690,  0.0000,  1.0000,  1.0000,  0.0000,  0.0000]])
tensor([[0.3793, 0.0000, 1.0000, 1.0000, 0.0000, 0.0000]])
tensor([[-0.5306,  0.0000,  0.0000,  1.0000,  0.0000,  1.0000]])
tensor([[-0.6750,  0.0000,  1.0000,  1.0000,  0.0000,  1.0000]])
tensor([[0.9896, 1.0000, 1.0000, 1.0000, 0.0000, 1.0000]])
tensor([[-0.0295,  0.0000,  0.0000,  1.0000,  0.0000,  0.0000]])
tensor([[-0.6926,  0.0000,  0.0000,  1.0000,  0.0000,  1.0000]])
tensor([[0.9031, 1.0000, 1.0000, 1.0000, 0.0000, 0.0000]])
tensor([[0.4163, 0.0000, 1.0000, 1.0000, 0.0000, 0.0000]])
tensor([[0.7664, 0.0000, 1.0000, 1.0000, 0.0000, 0.0000]])
tensor([[0.9485, 0.0000, 1.0000, 1.0000, 1.0000, 0.0000]])
tensor([[0.6955, 1.0000, 1.0000, 1.0000, 0.0000, 0.0000]])
tensor([[0.4506, 1.0000, 0.0000, 1.0000, 0.0000, 0.0000]])
tensor([[0.0859, 0.0000, 1.0000, 1.0000, 0.0000, 0.0000]])
tensor([[-0.2626,  0.0000,  1.0000,  1.0000,  0.0000,  0.0000]])
tensor([[0.0374, 0.0000, 1.0000, 1.0000, 0.0000, 0.0000]])
tensor([[0.5347, 0.0000, 1.0000, 1.0000, 1.0000, 0.0000]])
tensor([[-0.8475,  0.0000,  1.0000,  1.0000,  1.0000,  1.0000]])
tensor([[0.3042, 1.0000, 0.0000, 1.0000, 1.0000, 0.0000]])
tensor([[0.0170, 1.0000, 1.0000, 1.0000, 1.0000, 1.0000]])
tensor([[-0.9472,  1.0000,  1.0000,  1.0000,  0.0000,  0.0000]])
tensor([[0.7243, 0.0000, 0.0000, 1.0000, 0.0000, 0.0000]])
tensor([[0.1723, 0.0000, 0.0000, 1.0000, 0.0000, 1.0000]])
tensor([[0.4518, 0.0000, 0.0000, 1.0000, 0.0000, 0.0000]])
tensor([[-0.0016,  1.0000,  1.0000,  1.0000,  0.0000,  0.0000]])
tensor([[0.6417, 0.0000, 1.0000, 1.0000, 0.0000, 0.0000]])
tensor([[0.4481, 0.0000, 1.0000, 1.0000, 0.0000, 0.0000]])
tensor([[-0.8403,  0.0000,  0.0000,  1.0000,  0.0000,  0.0000]])
tensor([[-0.3591,  0.0000,  1.0000,  1.0000,  0.0000,  0.0000]])
tensor([[0.5117, 1.0000, 0.0000, 1.0000, 0.0000, 0.0000]])
tensor([[0.2403, 1.0000, 1.0000, 1.0000, 0.0000, 0.0000]])
tensor([[-0.1778,  1.0000,  1.0000,  1.0000,  0.0000,  0.0000]])
tensor([[-0.2607,  0.0000,  1.0000,  1.0000,  1.0000,  0.0000]])
tensor([[-0.1412,  1.0000,  1.0000,  1.0000,  0.0000,  0.0000]])
tensor([[-0.4443,  1.0000,  1.0000,  1.0000,  0.0000,  0.0000]])
tensor([[-0.2497,  0.0000,  1.0000,  1.0000,  0.0000,  0.0000]])
tensor([[-0.3440,  0.0000,  1.0000,  1.0000,  0.0000,  0.0000]])
tensor([[0.4709, 1.0000, 1.0000, 1.0000, 1.0000, 0.0000]])
tensor([[-0.9427,  0.0000,  0.0000,  1.0000,  1.0000,  1.0000]])
tensor([[0.1921, 0.0000, 1.0000, 1.0000, 0.0000, 0.0000]])
tensor([[0.8748, 1.0000, 0.0000, 1.0000, 1.0000, 0.0000]])
tensor([[-0.8773,  0.0000,  1.0000,  1.0000,  1.0000,  1.0000]])
tensor([[-0.4567,  0.0000,  1.0000,  1.0000,  1.0000,  0.0000]])
tensor([[-0.1530,  1.0000,  1.0000,  1.0000,  0.0000,  0.0000]])
tensor([[0.5698, 0.0000, 0.0000, 0.0000, 1.0000, 0.0000]])
tensor([[0.1939, 0.0000, 1.0000, 1.0000, 0.0000, 0.0000]])
tensor([[-0.3637,  0.0000,  1.0000,  0.0000,  0.0000,  0.0000]])
tensor([[0.1950, 1.0000, 1.0000, 1.0000, 0.0000, 0.0000]])
tensor([[-0.6329,  1.0000,  1.0000,  1.0000,  0.0000,  0.0000]])
tensor([[0.1973, 1.0000, 1.0000, 0.0000, 0.0000, 1.0000]])
tensor([[0.7583, 1.0000, 1.0000, 1.0000, 0.0000, 0.0000]])
tensor([[-0.7022,  1.0000,  1.0000,  1.0000,  1.0000,  0.0000]])
tensor([[-0.3371,  0.0000,  1.0000,  1.0000,  1.0000,  0.0000]])
tensor([[-0.8862,  0.0000,  0.0000,  1.0000,  0.0000,  0.0000]])
tensor([[-0.7460,  0.0000,  0.0000,  1.0000,  1.0000,  1.0000]])
tensor([[-0.4128,  1.0000,  1.0000,  1.0000,  0.0000,  0.0000]])
tensor([[-0.8358,  1.0000,  1.0000,  1.0000,  0.0000,  0.0000]])
tensor([[-0.4561,  1.0000,  1.0000,  1.0000,  1.0000,  0.0000]])
tensor([[-0.7657,  0.0000,  0.0000,  1.0000,  0.0000,  0.0000]])
tensor([[-0.9267,  0.0000,  0.0000,  1.0000,  0.0000,  0.0000]])
tensor([[-0.9334,  0.0000,  1.0000,  1.0000,  0.0000,  0.0000]])
tensor([[-0.9692,  0.0000,  1.0000,  1.0000,  1.0000,  0.0000]])
tensor([[-0.8825,  1.0000,  1.0000,  1.0000,  1.0000,  0.0000]])
tensor([[0.0029, 1.0000, 1.0000, 1.0000, 1.0000, 1.0000]])
tensor([[0.7974, 1.0000, 1.0000, 1.0000, 1.0000, 1.0000]])
tensor([[0.0600, 0.0000, 1.0000, 1.0000, 0.0000, 0.0000]])
tensor([[0.0736, 1.0000, 1.0000, 1.0000, 0.0000, 0.0000]])
tensor([[0.0649, 0.0000, 0.0000, 1.0000, 0.0000, 0.0000]])
tensor([[0.6190, 1.0000, 0.0000, 1.0000, 0.0000, 0.0000]])
tensor([[0.4245, 0.0000, 1.0000, 1.0000, 0.0000, 1.0000]])
tensor([[0.7979, 1.0000, 1.0000, 1.0000, 0.0000, 0.0000]])
tensor([[0.6738, 1.0000, 0.0000, 1.0000, 1.0000, 0.0000]])
tensor([[-0.5047,  0.0000,  0.0000,  1.0000,  1.0000,  0.0000]])
tensor([[0.4932, 0.0000, 1.0000, 1.0000, 1.0000, 1.0000]])
tensor([[0.8618, 0.0000, 1.0000, 1.0000, 0.0000, 0.0000]])
tensor([[0.3807, 1.0000, 1.0000, 1.0000, 0.0000, 0.0000]])
tensor([[0.1373, 1.0000, 0.0000, 1.0000, 0.0000, 1.0000]])
tensor([[0.6662, 0.0000, 0.0000, 1.0000, 1.0000, 0.0000]])
tensor([[-0.8856,  1.0000,  1.0000,  1.0000,  0.0000,  0.0000]])
tensor([[0.4875, 0.0000, 0.0000, 0.0000, 0.0000, 1.0000]])
tensor([[-0.5390,  0.0000,  1.0000,  1.0000,  0.0000,  0.0000]])
tensor([[0.8207, 1.0000, 1.0000, 0.0000, 1.0000, 0.0000]])
tensor([[-0.5143,  1.0000,  0.0000,  1.0000,  0.0000,  0.0000]])
tensor([[0.2864, 1.0000, 1.0000, 1.0000, 0.0000, 0.0000]])
tensor([[-0.1198,  1.0000,  0.0000,  1.0000,  0.0000,  0.0000]])
tensor([[-0.5054,  1.0000,  0.0000,  1.0000,  0.0000,  0.0000]])
tensor([[-0.9963,  1.0000,  0.0000,  1.0000,  0.0000,  0.0000]])
tensor([[-0.1844,  1.0000,  0.0000,  1.0000,  1.0000,  0.0000]])
INFO:root:Agent 0 (TQCars): avg action time = 0.0025s
tensor([[-0.8700,  1.0000,  1.0000,  1.0000,  1.0000,  0.0000]])
tensor([[0.4987, 0.0000, 0.0000, 1.0000, 0.0000, 0.0000]])
tensor([[-0.9124,  1.0000,  1.0000,  1.0000,  1.0000,  0.0000]])
tensor([[0.8930, 0.0000, 1.0000, 1.0000, 0.0000, 0.0000]])
tensor([[0.6154, 0.0000, 1.0000, 1.0000, 1.0000, 1.0000]])
tensor([[-0.9822,  0.0000,  1.0000,  1.0000,  0.0000,  0.0000]])
tensor([[-0.9907,  0.0000,  0.0000,  1.0000,  0.0000,  0.0000]])
tensor([[-0.9895,  0.0000,  1.0000,  1.0000,  0.0000,  0.0000]])
tensor([[-0.9624,  0.0000,  1.0000,  1.0000,  1.0000,  0.0000]])
tensor([[-0.9845,  0.0000,  1.0000,  1.0000,  0.0000,  0.0000]])
tensor([[-0.9132,  0.0000,  1.0000,  1.0000,  0.0000,  0.0000]])
tensor([[0.4748, 0.0000, 1.0000, 1.0000, 1.0000, 0.0000]])
tensor([[0.9189, 0.0000, 0.0000, 0.0000, 0.0000, 0.0000]])
tensor([[-0.8831,  0.0000,  0.0000,  1.0000,  0.0000,  0.0000]])
tensor([[-0.7311,  1.0000,  1.0000,  1.0000,  1.0000,  0.0000]])
tensor([[0.7872, 1.0000, 1.0000, 1.0000, 1.0000, 0.0000]])
tensor([[-0.0045,  0.0000,  0.0000,  1.0000,  0.0000,  0.0000]])
tensor([[0.6648, 0.0000, 0.0000, 1.0000, 0.0000, 0.0000]])
tensor([[0.1930, 1.0000, 1.0000, 0.0000, 0.0000, 0.0000]])
tensor([[-0.2757,  0.0000,  0.0000,  1.0000,  1.0000,  0.0000]])
tensor([[0.0751, 1.0000, 1.0000, 1.0000, 0.0000, 0.0000]])
tensor([[-0.3852,  1.0000,  0.0000,  1.0000,  0.0000,  0.0000]])
tensor([[0.2255, 1.0000, 1.0000, 0.0000, 0.0000, 0.0000]])
tensor([[-0.1466,  0.0000,  0.0000,  0.0000,  0.0000,  1.0000]])
tensor([[-0.5014,  0.0000,  0.0000,  1.0000,  0.0000,  0.0000]])
tensor([[0.3311, 1.0000, 0.0000, 1.0000, 0.0000, 0.0000]])
tensor([[0.4453, 1.0000, 0.0000, 1.0000, 0.0000, 1.0000]])
tensor([[0.4182, 1.0000, 0.0000, 1.0000, 0.0000, 0.0000]])
tensor([[0.0249, 0.0000, 1.0000, 1.0000, 1.0000, 0.0000]])
tensor([[0.6672, 0.0000, 1.0000, 1.0000, 0.0000, 0.0000]])
tensor([[0.6900, 0.0000, 1.0000, 1.0000, 0.0000, 1.0000]])
tensor([[0.8694, 0.0000, 1.0000, 1.0000, 1.0000, 1.0000]])
tensor([[-0.4140,  1.0000,  0.0000,  1.0000,  1.0000,  0.0000]])
tensor([[-0.9846,  0.0000,  1.0000,  1.0000,  0.0000,  0.0000]])
tensor([[0.0073, 0.0000, 0.0000, 1.0000, 0.0000, 0.0000]])
tensor([[-0.3460,  0.0000,  1.0000,  1.0000,  0.0000,  0.0000]])
tensor([[0.5677, 1.0000, 0.0000, 1.0000, 0.0000, 0.0000]])
tensor([[-0.0913,  1.0000,  1.0000,  1.0000,  0.0000,  0.0000]])
tensor([[0.6922, 0.0000, 0.0000, 1.0000, 0.0000, 0.0000]])
tensor([[0.7852, 1.0000, 1.0000, 1.0000, 0.0000, 0.0000]])
tensor([[-0.3606,  0.0000,  1.0000,  1.0000,  0.0000,  0.0000]])
tensor([[0.8563, 1.0000, 1.0000, 1.0000, 1.0000, 0.0000]])
tensor([[0.4897, 0.0000, 1.0000, 1.0000, 0.0000, 0.0000]])
tensor([[-0.0171,  0.0000,  1.0000,  1.0000,  0.0000,  0.0000]])
tensor([[-0.1504,  0.0000,  1.0000,  1.0000,  0.0000,  0.0000]])
tensor([[0.2944, 1.0000, 0.0000, 1.0000, 1.0000, 0.0000]])
tensor([[-0.1783,  0.0000,  1.0000,  0.0000,  0.0000,  0.0000]])
tensor([[0.7142, 1.0000, 1.0000, 1.0000, 1.0000, 0.0000]])
tensor([[-0.5034,  0.0000,  0.0000,  1.0000,  1.0000,  0.0000]])
tensor([[-0.0652,  1.0000,  1.0000,  1.0000,  0.0000,  0.0000]])
tensor([[0.3951, 0.0000, 1.0000, 1.0000, 1.0000, 0.0000]])
tensor([[0.6405, 1.0000, 1.0000, 1.0000, 0.0000, 1.0000]])
tensor([[-0.8012,  1.0000,  0.0000,  1.0000,  0.0000,  0.0000]])
tensor([[-0.8727,  0.0000,  0.0000,  1.0000,  0.0000,  0.0000]])
tensor([[-0.3986,  0.0000,  1.0000,  1.0000,  1.0000,  0.0000]])
tensor([[0.2663, 0.0000, 0.0000, 1.0000, 0.0000, 0.0000]])
tensor([[-0.4997,  0.0000,  1.0000,  1.0000,  0.0000,  0.0000]])
tensor([[-0.4602,  1.0000,  1.0000,  1.0000,  1.0000,  0.0000]])
tensor([[-0.6677,  0.0000,  1.0000,  0.0000,  1.0000,  0.0000]])
tensor([[0.0065, 1.0000, 1.0000, 1.0000, 0.0000, 0.0000]])
tensor([[-0.5300,  0.0000,  1.0000,  1.0000,  1.0000,  0.0000]])
tensor([[-0.5286,  0.0000,  1.0000,  0.0000,  0.0000,  0.0000]])
tensor([[0.5568, 0.0000, 1.0000, 1.0000, 0.0000, 0.0000]])
tensor([[-0.5817,  1.0000,  0.0000,  1.0000,  0.0000,  0.0000]])
{"type": "results", "track": "hacienda", "results": [{"key": 0, "reward": -0.13322372436523439, "position": 4, "name": "TQCars", "avg_action_time": 0.0024612071367106788}]}
