INFO:root:Loading the agents
INFO:root:Loaded player TQCars
INFO:root:Creating pystk-1
INFO:root:Adding wrapper <function get_wrappers.<locals>.<lambda> at 0x782f644fb420>
INFO:root:Adding wrapper <function get_wrappers.<locals>.<lambda> at 0x782f644fb4c0>
INFO:root:Adding wrapper <function get_wrappers.<locals>.<lambda> at 0x782f644fb560>
INFO:root:Adding wrapper <function get_wrappers.<locals>.<lambda> at 0x782f644fb600>
INFO:root:(multi-env mono adapter) Setting main environment max_paths to 5
INFO:root:Loading trained model from CHECKPOINT-GPUFAC/tqc_EXP12_2000000.pt...
INFO:root:Starting a race
..:: Antarctica Rendering Engine 2.0 ::..
tensor([[0.8864, 0.0000, 1.0000, 1.0000, 1.0000, 0.0000]])
tensor([[0.1369, 1.0000, 0.0000, 1.0000, 1.0000, 1.0000]])
tensor([[0.9047, 0.0000, 1.0000, 0.0000, 0.0000, 0.0000]])
tensor([[-0.2886,  0.0000,  1.0000,  1.0000,  0.0000,  0.0000]])
tensor([[0.7272, 1.0000, 0.0000, 0.0000, 0.0000, 1.0000]])
tensor([[0.5441, 1.0000, 0.0000, 1.0000, 1.0000, 1.0000]])
tensor([[0.4758, 1.0000, 1.0000, 0.0000, 1.0000, 0.0000]])
tensor([[0.7651, 1.0000, 0.0000, 0.0000, 0.0000, 0.0000]])
tensor([[0.7201, 1.0000, 0.0000, 1.0000, 1.0000, 0.0000]])
tensor([[0.3472, 1.0000, 0.0000, 0.0000, 0.0000, 1.0000]])
tensor([[0.3537, 1.0000, 0.0000, 1.0000, 0.0000, 1.0000]])
tensor([[0.4450, 1.0000, 0.0000, 0.0000, 0.0000, 1.0000]])
tensor([[0.6838, 1.0000, 1.0000, 1.0000, 0.0000, 1.0000]])
tensor([[0.7712, 1.0000, 0.0000, 1.0000, 0.0000, 0.0000]])
tensor([[0.8087, 1.0000, 1.0000, 1.0000, 0.0000, 1.0000]])
tensor([[0.7623, 1.0000, 1.0000, 0.0000, 1.0000, 1.0000]])
tensor([[0.4072, 1.0000, 0.0000, 1.0000, 0.0000, 0.0000]])
tensor([[0.0560, 1.0000, 1.0000, 1.0000, 0.0000, 1.0000]])
tensor([[0.8905, 1.0000, 1.0000, 1.0000, 1.0000, 1.0000]])
tensor([[0.2252, 1.0000, 0.0000, 0.0000, 1.0000, 0.0000]])
tensor([[0.4824, 0.0000, 1.0000, 0.0000, 0.0000, 1.0000]])
tensor([[0.6327, 0.0000, 1.0000, 1.0000, 1.0000, 0.0000]])
tensor([[0.7409, 1.0000, 1.0000, 0.0000, 0.0000, 1.0000]])
tensor([[0.8142, 1.0000, 1.0000, 0.0000, 0.0000, 0.0000]])
tensor([[0.9140, 1.0000, 0.0000, 1.0000, 0.0000, 1.0000]])
tensor([[0.4179, 0.0000, 0.0000, 1.0000, 0.0000, 0.0000]])
tensor([[0.4691, 0.0000, 0.0000, 1.0000, 0.0000, 0.0000]])
tensor([[0.2418, 1.0000, 1.0000, 1.0000, 0.0000, 0.0000]])
tensor([[0.7634, 1.0000, 0.0000, 0.0000, 1.0000, 0.0000]])
tensor([[0.8765, 1.0000, 0.0000, 1.0000, 1.0000, 0.0000]])
tensor([[0.9563, 0.0000, 0.0000, 1.0000, 0.0000, 0.0000]])
tensor([[0.0710, 0.0000, 1.0000, 1.0000, 1.0000, 0.0000]])
tensor([[0.8928, 1.0000, 1.0000, 0.0000, 0.0000, 0.0000]])
tensor([[-0.0562,  0.0000,  0.0000,  0.0000,  0.0000,  0.0000]])
tensor([[0.7013, 1.0000, 1.0000, 0.0000, 1.0000, 0.0000]])
tensor([[0.3793, 0.0000, 1.0000, 1.0000, 0.0000, 0.0000]])
tensor([[0.8558, 1.0000, 0.0000, 1.0000, 0.0000, 0.0000]])
tensor([[-0.4980,  1.0000,  1.0000,  0.0000,  0.0000,  1.0000]])
tensor([[-0.2783,  0.0000,  1.0000,  0.0000,  0.0000,  0.0000]])
tensor([[0.4343, 1.0000, 1.0000, 0.0000, 0.0000, 0.0000]])
tensor([[0.1285, 0.0000, 0.0000, 0.0000, 0.0000, 0.0000]])
tensor([[-0.0247,  0.0000,  1.0000,  0.0000,  1.0000,  0.0000]])
tensor([[0.9415, 1.0000, 1.0000, 1.0000, 1.0000, 0.0000]])
tensor([[0.7214, 1.0000, 1.0000, 0.0000, 1.0000, 1.0000]])
tensor([[-0.0890,  0.0000,  1.0000,  0.0000,  0.0000,  1.0000]])
tensor([[0.4170, 0.0000, 0.0000, 1.0000, 0.0000, 0.0000]])
tensor([[0.5816, 1.0000, 1.0000, 1.0000, 0.0000, 0.0000]])
tensor([[-0.2575,  0.0000,  0.0000,  0.0000,  0.0000,  1.0000]])
tensor([[-0.0695,  1.0000,  0.0000,  1.0000,  0.0000,  0.0000]])
tensor([[-0.4665,  1.0000,  1.0000,  0.0000,  0.0000,  0.0000]])
tensor([[-0.0229,  0.0000,  1.0000,  1.0000,  0.0000,  1.0000]])
tensor([[0.3896, 1.0000, 0.0000, 1.0000, 0.0000, 0.0000]])
tensor([[-0.2543,  0.0000,  1.0000,  1.0000,  1.0000,  1.0000]])
tensor([[0.2495, 1.0000, 1.0000, 1.0000, 1.0000, 0.0000]])
tensor([[-0.2977,  1.0000,  1.0000,  1.0000,  0.0000,  0.0000]])
tensor([[0.0475, 0.0000, 1.0000, 1.0000, 1.0000, 0.0000]])
tensor([[0.1975, 1.0000, 0.0000, 0.0000, 0.0000, 1.0000]])
tensor([[-0.1672,  0.0000,  1.0000,  0.0000,  0.0000,  1.0000]])
tensor([[0.5190, 1.0000, 1.0000, 1.0000, 1.0000, 1.0000]])
tensor([[-0.6018,  1.0000,  1.0000,  1.0000,  0.0000,  0.0000]])
tensor([[-0.4307,  1.0000,  0.0000,  1.0000,  1.0000,  0.0000]])
tensor([[0.0374, 0.0000, 0.0000, 0.0000, 0.0000, 0.0000]])
tensor([[-0.4250,  1.0000,  0.0000,  1.0000,  0.0000,  0.0000]])
tensor([[-0.4746,  0.0000,  1.0000,  1.0000,  1.0000,  0.0000]])
tensor([[0.2799, 0.0000, 0.0000, 0.0000, 0.0000, 0.0000]])
tensor([[-0.1487,  1.0000,  1.0000,  1.0000,  0.0000,  0.0000]])
tensor([[0.0434, 1.0000, 1.0000, 0.0000, 1.0000, 1.0000]])
tensor([[-0.0602,  0.0000,  0.0000,  1.0000,  1.0000,  0.0000]])
tensor([[0.0492, 0.0000, 0.0000, 1.0000, 0.0000, 0.0000]])
tensor([[0.3682, 1.0000, 0.0000, 1.0000, 0.0000, 0.0000]])
tensor([[-0.2959,  1.0000,  1.0000,  1.0000,  0.0000,  1.0000]])
tensor([[0.1233, 1.0000, 1.0000, 1.0000, 1.0000, 1.0000]])
tensor([[0.4991, 0.0000, 0.0000, 0.0000, 1.0000, 0.0000]])
tensor([[-0.5306,  0.0000,  0.0000,  1.0000,  0.0000,  0.0000]])
tensor([[-0.1989,  0.0000,  1.0000,  1.0000,  1.0000,  1.0000]])
tensor([[0.3395, 0.0000, 0.0000, 1.0000, 1.0000, 1.0000]])
tensor([[-0.2417,  0.0000,  1.0000,  0.0000,  0.0000,  0.0000]])
tensor([[0.0366, 1.0000, 1.0000, 1.0000, 0.0000, 0.0000]])
tensor([[-0.0628,  0.0000,  0.0000,  1.0000,  1.0000,  0.0000]])
tensor([[-0.3813,  0.0000,  0.0000,  1.0000,  0.0000,  0.0000]])
tensor([[0.1082, 0.0000, 0.0000, 1.0000, 1.0000, 1.0000]])
tensor([[-0.1677,  1.0000,  0.0000,  1.0000,  1.0000,  1.0000]])
tensor([[0.0313, 1.0000, 0.0000, 1.0000, 1.0000, 1.0000]])
tensor([[-0.4531,  0.0000,  0.0000,  1.0000,  1.0000,  1.0000]])
tensor([[-0.3409,  1.0000,  1.0000,  1.0000,  1.0000,  1.0000]])
tensor([[-0.0745,  0.0000,  0.0000,  0.0000,  1.0000,  1.0000]])
tensor([[-0.1119,  0.0000,  0.0000,  1.0000,  0.0000,  0.0000]])
tensor([[-0.2798,  1.0000,  1.0000,  0.0000,  1.0000,  0.0000]])
tensor([[-0.0751,  1.0000,  0.0000,  0.0000,  0.0000,  0.0000]])
tensor([[-0.2227,  1.0000,  0.0000,  0.0000,  0.0000,  1.0000]])
tensor([[0.2573, 1.0000, 0.0000, 1.0000, 0.0000, 0.0000]])
tensor([[0.0924, 1.0000, 0.0000, 0.0000, 0.0000, 1.0000]])
tensor([[0.3266, 0.0000, 0.0000, 1.0000, 0.0000, 0.0000]])
tensor([[0.1313, 0.0000, 0.0000, 1.0000, 0.0000, 1.0000]])
tensor([[-0.1048,  0.0000,  1.0000,  1.0000,  0.0000,  1.0000]])
tensor([[-0.0653,  1.0000,  0.0000,  1.0000,  0.0000,  0.0000]])
tensor([[0.0595, 0.0000, 1.0000, 0.0000, 0.0000, 0.0000]])
tensor([[-0.2503,  0.0000,  1.0000,  0.0000,  0.0000,  0.0000]])
tensor([[-0.4769,  0.0000,  0.0000,  1.0000,  1.0000,  1.0000]])
tensor([[-0.5790,  0.0000,  0.0000,  0.0000,  0.0000,  0.0000]])
tensor([[-0.3643,  1.0000,  0.0000,  1.0000,  1.0000,  1.0000]])
tensor([[-0.1894,  0.0000,  1.0000,  0.0000,  0.0000,  0.0000]])
tensor([[-0.4033,  0.0000,  1.0000,  1.0000,  1.0000,  0.0000]])
tensor([[-0.2309,  1.0000,  0.0000,  0.0000,  0.0000,  0.0000]])
tensor([[-0.5565,  1.0000,  0.0000,  1.0000,  0.0000,  0.0000]])
tensor([[-0.4385,  1.0000,  0.0000,  0.0000,  1.0000,  1.0000]])
tensor([[-0.2735,  1.0000,  0.0000,  0.0000,  1.0000,  1.0000]])
tensor([[0.3019, 1.0000, 1.0000, 1.0000, 1.0000, 1.0000]])
tensor([[-0.1722,  0.0000,  1.0000,  1.0000,  0.0000,  1.0000]])
tensor([[-0.0108,  1.0000,  0.0000,  0.0000,  0.0000,  1.0000]])
tensor([[0.0969, 0.0000, 0.0000, 0.0000, 1.0000, 1.0000]])
tensor([[-0.2454,  1.0000,  1.0000,  1.0000,  1.0000,  1.0000]])
tensor([[-0.2654,  1.0000,  0.0000,  1.0000,  0.0000,  0.0000]])
tensor([[-0.1251,  0.0000,  1.0000,  0.0000,  0.0000,  0.0000]])
tensor([[-0.2634,  1.0000,  0.0000,  1.0000,  1.0000,  0.0000]])
tensor([[-0.3720,  0.0000,  0.0000,  1.0000,  0.0000,  0.0000]])
tensor([[-0.2879,  1.0000,  0.0000,  0.0000,  0.0000,  0.0000]])
tensor([[-0.0091,  0.0000,  0.0000,  1.0000,  0.0000,  0.0000]])
tensor([[-0.0690,  1.0000,  0.0000,  0.0000,  1.0000,  1.0000]])
tensor([[0.1003, 0.0000, 1.0000, 1.0000, 0.0000, 0.0000]])
tensor([[-0.1125,  1.0000,  0.0000,  1.0000,  1.0000,  1.0000]])
tensor([[-0.1164,  0.0000,  0.0000,  1.0000,  1.0000,  0.0000]])
tensor([[0.0038, 0.0000, 0.0000, 1.0000, 0.0000, 0.0000]])
tensor([[-0.1631,  1.0000,  1.0000,  1.0000,  0.0000,  0.0000]])
tensor([[-0.2655,  1.0000,  1.0000,  1.0000,  1.0000,  0.0000]])
tensor([[0.2476, 1.0000, 1.0000, 0.0000, 0.0000, 1.0000]])
tensor([[0.1132, 1.0000, 1.0000, 1.0000, 0.0000, 0.0000]])
tensor([[0.0675, 1.0000, 0.0000, 0.0000, 1.0000, 0.0000]])
tensor([[-0.1910,  1.0000,  0.0000,  1.0000,  0.0000,  0.0000]])
tensor([[-0.0893,  1.0000,  1.0000,  1.0000,  1.0000,  1.0000]])
tensor([[-0.2505,  1.0000,  1.0000,  1.0000,  1.0000,  0.0000]])
tensor([[-0.2836,  1.0000,  0.0000,  1.0000,  1.0000,  1.0000]])
tensor([[-0.3681,  0.0000,  0.0000,  1.0000,  1.0000,  0.0000]])
tensor([[-0.0399,  1.0000,  0.0000,  1.0000,  0.0000,  0.0000]])
tensor([[0.0289, 0.0000, 0.0000, 1.0000, 0.0000, 0.0000]])
tensor([[0.4608, 0.0000, 0.0000, 0.0000, 0.0000, 0.0000]])
tensor([[0.5664, 0.0000, 1.0000, 1.0000, 0.0000, 0.0000]])
tensor([[0.1344, 0.0000, 0.0000, 1.0000, 1.0000, 0.0000]])
tensor([[0.0814, 1.0000, 0.0000, 1.0000, 0.0000, 0.0000]])
tensor([[0.0649, 1.0000, 0.0000, 1.0000, 1.0000, 0.0000]])
tensor([[-0.1727,  1.0000,  0.0000,  1.0000,  0.0000,  0.0000]])
tensor([[-0.1355,  1.0000,  0.0000,  1.0000,  0.0000,  1.0000]])
tensor([[-0.0475,  0.0000,  0.0000,  1.0000,  0.0000,  0.0000]])
tensor([[0.5302, 0.0000, 0.0000, 0.0000, 0.0000, 0.0000]])
tensor([[-0.1467,  1.0000,  1.0000,  1.0000,  1.0000,  0.0000]])
tensor([[0.3948, 0.0000, 0.0000, 1.0000, 1.0000, 1.0000]])
tensor([[0.8209, 0.0000, 0.0000, 1.0000, 1.0000, 0.0000]])
tensor([[0.4118, 0.0000, 0.0000, 1.0000, 1.0000, 0.0000]])
tensor([[0.5284, 0.0000, 0.0000, 1.0000, 1.0000, 1.0000]])
tensor([[0.1685, 1.0000, 1.0000, 1.0000, 0.0000, 1.0000]])
tensor([[-0.7939,  0.0000,  1.0000,  0.0000,  0.0000,  0.0000]])
tensor([[-0.6831,  1.0000,  0.0000,  1.0000,  0.0000,  1.0000]])
tensor([[-0.7632,  1.0000,  0.0000,  0.0000,  0.0000,  1.0000]])
tensor([[-0.7324,  0.0000,  0.0000,  1.0000,  0.0000,  1.0000]])
tensor([[0.1128, 1.0000, 0.0000, 1.0000, 0.0000, 1.0000]])
tensor([[0.5609, 1.0000, 0.0000, 1.0000, 0.0000, 1.0000]])
tensor([[0.9040, 1.0000, 0.0000, 1.0000, 0.0000, 1.0000]])
tensor([[0.9468, 1.0000, 0.0000, 1.0000, 0.0000, 1.0000]])
tensor([[0.9630, 1.0000, 0.0000, 1.0000, 0.0000, 0.0000]])
tensor([[0.5095, 1.0000, 0.0000, 1.0000, 1.0000, 0.0000]])
tensor([[0.9947, 0.0000, 1.0000, 1.0000, 1.0000, 0.0000]])
tensor([[0.9510, 1.0000, 0.0000, 0.0000, 1.0000, 0.0000]])
tensor([[0.9931, 0.0000, 0.0000, 1.0000, 1.0000, 0.0000]])
tensor([[0.9518, 1.0000, 0.0000, 1.0000, 0.0000, 0.0000]])
tensor([[0.7081, 0.0000, 1.0000, 1.0000, 1.0000, 1.0000]])
tensor([[0.7550, 1.0000, 1.0000, 1.0000, 1.0000, 1.0000]])
tensor([[-0.2041,  0.0000,  0.0000,  1.0000,  0.0000,  0.0000]])
tensor([[0.2202, 0.0000, 1.0000, 1.0000, 0.0000, 1.0000]])
tensor([[0.6686, 1.0000, 1.0000, 0.0000, 0.0000, 0.0000]])
tensor([[0.3418, 0.0000, 1.0000, 1.0000, 0.0000, 1.0000]])
tensor([[0.2770, 1.0000, 1.0000, 1.0000, 0.0000, 1.0000]])
tensor([[-0.2092,  0.0000,  0.0000,  1.0000,  0.0000,  0.0000]])
tensor([[-0.6069,  0.0000,  1.0000,  1.0000,  0.0000,  1.0000]])
tensor([[-0.7917,  0.0000,  1.0000,  1.0000,  0.0000,  1.0000]])
tensor([[0.6635, 1.0000, 0.0000, 1.0000, 0.0000, 0.0000]])
tensor([[0.7281, 1.0000, 1.0000, 1.0000, 1.0000, 1.0000]])
tensor([[0.1359, 1.0000, 1.0000, 0.0000, 0.0000, 1.0000]])
tensor([[-0.1822,  1.0000,  0.0000,  1.0000,  0.0000,  1.0000]])
tensor([[0.1231, 0.0000, 1.0000, 1.0000, 1.0000, 0.0000]])
tensor([[0.8846, 1.0000, 1.0000, 1.0000, 0.0000, 0.0000]])
tensor([[0.7024, 1.0000, 1.0000, 1.0000, 0.0000, 1.0000]])
tensor([[-0.1306,  0.0000,  1.0000,  1.0000,  1.0000,  0.0000]])
tensor([[0.1243, 0.0000, 0.0000, 1.0000, 0.0000, 0.0000]])
tensor([[-0.2538,  0.0000,  1.0000,  1.0000,  1.0000,  0.0000]])
tensor([[0.1764, 0.0000, 1.0000, 1.0000, 0.0000, 0.0000]])
tensor([[0.5264, 1.0000, 1.0000, 0.0000, 0.0000, 0.0000]])
tensor([[-0.1421,  1.0000,  0.0000,  1.0000,  0.0000,  0.0000]])
tensor([[-0.0373,  0.0000,  0.0000,  1.0000,  0.0000,  1.0000]])
tensor([[-0.1536,  0.0000,  0.0000,  1.0000,  1.0000,  1.0000]])
tensor([[-0.1711,  0.0000,  0.0000,  1.0000,  0.0000,  0.0000]])
tensor([[-0.3479,  1.0000,  1.0000,  1.0000,  0.0000,  0.0000]])
tensor([[-0.2288,  1.0000,  0.0000,  1.0000,  1.0000,  0.0000]])
tensor([[-0.0350,  1.0000,  1.0000,  1.0000,  1.0000,  0.0000]])
tensor([[0.0804, 0.0000, 0.0000, 1.0000, 0.0000, 1.0000]])
tensor([[0.1749, 0.0000, 0.0000, 1.0000, 0.0000, 0.0000]])
tensor([[0.0035, 0.0000, 0.0000, 1.0000, 0.0000, 1.0000]])
tensor([[-0.1275,  1.0000,  1.0000,  1.0000,  0.0000,  1.0000]])
tensor([[0.5093, 0.0000, 1.0000, 1.0000, 0.0000, 0.0000]])
tensor([[0.5222, 1.0000, 1.0000, 1.0000, 1.0000, 1.0000]])
tensor([[0.0259, 1.0000, 0.0000, 1.0000, 0.0000, 1.0000]])
tensor([[-0.5500,  0.0000,  1.0000,  1.0000,  0.0000,  1.0000]])
tensor([[-0.0905,  0.0000,  1.0000,  1.0000,  1.0000,  0.0000]])
tensor([[0.3596, 0.0000, 0.0000, 0.0000, 1.0000, 1.0000]])
tensor([[0.2491, 1.0000, 0.0000, 1.0000, 0.0000, 0.0000]])
tensor([[0.1460, 0.0000, 0.0000, 1.0000, 0.0000, 1.0000]])
tensor([[0.0288, 1.0000, 1.0000, 1.0000, 1.0000, 1.0000]])
tensor([[-0.6167,  1.0000,  0.0000,  1.0000,  0.0000,  0.0000]])
tensor([[-0.6441,  1.0000,  1.0000,  0.0000,  0.0000,  0.0000]])
tensor([[-0.7272,  1.0000,  1.0000,  1.0000,  0.0000,  0.0000]])
tensor([[-0.2913,  0.0000,  0.0000,  0.0000,  0.0000,  1.0000]])
tensor([[0.5846, 0.0000, 0.0000, 0.0000, 0.0000, 0.0000]])
tensor([[-0.0217,  1.0000,  1.0000,  1.0000,  0.0000,  0.0000]])
tensor([[-0.1573,  1.0000,  0.0000,  0.0000,  0.0000,  0.0000]])
tensor([[-0.5203,  1.0000,  0.0000,  1.0000,  0.0000,  0.0000]])
tensor([[0.2561, 0.0000, 1.0000, 1.0000, 0.0000, 0.0000]])
tensor([[0.7664, 0.0000, 0.0000, 1.0000, 0.0000, 1.0000]])
tensor([[0.9201, 1.0000, 1.0000, 1.0000, 0.0000, 0.0000]])
tensor([[0.9869, 0.0000, 0.0000, 1.0000, 0.0000, 0.0000]])
tensor([[0.9843, 0.0000, 0.0000, 1.0000, 0.0000, 1.0000]])
tensor([[0.9907, 1.0000, 0.0000, 1.0000, 0.0000, 0.0000]])
tensor([[0.9814, 1.0000, 0.0000, 0.0000, 0.0000, 0.0000]])
tensor([[0.5632, 1.0000, 1.0000, 1.0000, 0.0000, 1.0000]])
tensor([[-0.5824,  1.0000,  1.0000,  0.0000,  1.0000,  0.0000]])
tensor([[0.0625, 0.0000, 1.0000, 1.0000, 1.0000, 0.0000]])
tensor([[-0.0322,  1.0000,  1.0000,  1.0000,  0.0000,  0.0000]])
tensor([[0.4868, 1.0000, 0.0000, 1.0000, 0.0000, 1.0000]])
tensor([[-0.8450,  0.0000,  0.0000,  1.0000,  0.0000,  0.0000]])
tensor([[0.6031, 0.0000, 0.0000, 1.0000, 0.0000, 0.0000]])
tensor([[-0.4334,  1.0000,  1.0000,  1.0000,  0.0000,  0.0000]])
tensor([[-0.9713,  1.0000,  1.0000,  0.0000,  1.0000,  0.0000]])
tensor([[-0.9357,  1.0000,  0.0000,  1.0000,  0.0000,  0.0000]])
tensor([[-0.8867,  1.0000,  1.0000,  1.0000,  0.0000,  0.0000]])
tensor([[-0.7029,  0.0000,  0.0000,  1.0000,  0.0000,  0.0000]])
tensor([[0.1092, 1.0000, 0.0000, 1.0000, 0.0000, 0.0000]])
tensor([[0.5181, 0.0000, 0.0000, 1.0000, 0.0000, 0.0000]])
tensor([[0.6777, 1.0000, 0.0000, 0.0000, 0.0000, 0.0000]])
tensor([[0.0455, 0.0000, 0.0000, 1.0000, 1.0000, 0.0000]])
tensor([[0.0491, 1.0000, 0.0000, 1.0000, 1.0000, 0.0000]])
tensor([[0.6683, 0.0000, 1.0000, 1.0000, 0.0000, 1.0000]])
tensor([[-0.5194,  1.0000,  1.0000,  1.0000,  0.0000,  0.0000]])
tensor([[-0.9313,  1.0000,  0.0000,  1.0000,  0.0000,  0.0000]])
tensor([[-0.9883,  1.0000,  1.0000,  1.0000,  0.0000,  1.0000]])
tensor([[-0.9950,  1.0000,  1.0000,  1.0000,  0.0000,  1.0000]])
tensor([[-0.9996,  0.0000,  1.0000,  1.0000,  0.0000,  1.0000]])
tensor([[-0.9999,  0.0000,  0.0000,  1.0000,  1.0000,  0.0000]])
tensor([[-1.0000,  1.0000,  0.0000,  0.0000,  0.0000,  0.0000]])
tensor([[-0.9986,  0.0000,  0.0000,  1.0000,  1.0000,  1.0000]])
tensor([[-0.9996,  1.0000,  1.0000,  1.0000,  0.0000,  0.0000]])
tensor([[-0.9994,  0.0000,  1.0000,  1.0000,  0.0000,  1.0000]])
tensor([[-0.9992,  1.0000,  1.0000,  1.0000,  0.0000,  1.0000]])
tensor([[-0.9993,  1.0000,  0.0000,  1.0000,  1.0000,  0.0000]])
tensor([[-0.9848,  0.0000,  1.0000,  1.0000,  1.0000,  1.0000]])
tensor([[-0.7203,  1.0000,  0.0000,  0.0000,  0.0000,  1.0000]])
tensor([[0.4848, 0.0000, 0.0000, 1.0000, 0.0000, 0.0000]])
tensor([[0.6951, 1.0000, 1.0000, 1.0000, 1.0000, 0.0000]])
tensor([[0.3919, 0.0000, 0.0000, 1.0000, 0.0000, 0.0000]])
tensor([[0.4111, 1.0000, 0.0000, 0.0000, 0.0000, 0.0000]])
tensor([[-0.7273,  1.0000,  0.0000,  0.0000,  0.0000,  1.0000]])
tensor([[-0.7063,  1.0000,  0.0000,  1.0000,  1.0000,  1.0000]])
tensor([[0.3029, 0.0000, 0.0000, 1.0000, 0.0000, 0.0000]])
tensor([[0.5344, 0.0000, 0.0000, 0.0000, 1.0000, 0.0000]])
tensor([[-0.4444,  1.0000,  1.0000,  0.0000,  0.0000,  0.0000]])
tensor([[-0.5024,  0.0000,  0.0000,  1.0000,  0.0000,  1.0000]])
tensor([[0.3040, 0.0000, 0.0000, 1.0000, 1.0000, 0.0000]])
tensor([[0.8414, 1.0000, 0.0000, 1.0000, 1.0000, 1.0000]])
tensor([[0.7206, 0.0000, 0.0000, 1.0000, 0.0000, 0.0000]])
tensor([[-0.1325,  0.0000,  1.0000,  0.0000,  0.0000,  0.0000]])
tensor([[-0.4497,  0.0000,  0.0000,  1.0000,  0.0000,  0.0000]])
tensor([[-0.8512,  0.0000,  1.0000,  1.0000,  0.0000,  1.0000]])
tensor([[-0.5158,  1.0000,  1.0000,  0.0000,  1.0000,  1.0000]])
tensor([[-0.2464,  0.0000,  1.0000,  1.0000,  0.0000,  1.0000]])
tensor([[-0.2462,  0.0000,  0.0000,  1.0000,  1.0000,  0.0000]])
tensor([[0.1943, 0.0000, 1.0000, 1.0000, 1.0000, 0.0000]])
tensor([[-0.0403,  1.0000,  1.0000,  1.0000,  0.0000,  1.0000]])
tensor([[0.5328, 1.0000, 0.0000, 1.0000, 1.0000, 1.0000]])
tensor([[0.0882, 1.0000, 0.0000, 0.0000, 0.0000, 1.0000]])
tensor([[-0.2560,  0.0000,  1.0000,  0.0000,  1.0000,  0.0000]])
tensor([[0.1910, 0.0000, 1.0000, 1.0000, 0.0000, 0.0000]])
tensor([[-0.2322,  1.0000,  0.0000,  0.0000,  1.0000,  0.0000]])
tensor([[0.1944, 0.0000, 1.0000, 0.0000, 0.0000, 0.0000]])
tensor([[-0.0177,  1.0000,  0.0000,  1.0000,  0.0000,  0.0000]])
tensor([[0.1105, 1.0000, 0.0000, 0.0000, 1.0000, 0.0000]])
tensor([[0.1337, 0.0000, 0.0000, 0.0000, 1.0000, 0.0000]])
tensor([[-0.2175,  0.0000,  0.0000,  1.0000,  1.0000,  0.0000]])
tensor([[-0.2334,  0.0000,  0.0000,  0.0000,  1.0000,  1.0000]])
tensor([[0.0813, 1.0000, 0.0000, 1.0000, 0.0000, 0.0000]])
tensor([[-0.3026,  1.0000,  1.0000,  1.0000,  0.0000,  1.0000]])
tensor([[-0.1932,  0.0000,  0.0000,  1.0000,  1.0000,  1.0000]])
tensor([[0.0124, 1.0000, 1.0000, 1.0000, 0.0000, 0.0000]])
tensor([[0.0079, 1.0000, 1.0000, 0.0000, 1.0000, 1.0000]])
tensor([[0.1377, 1.0000, 0.0000, 0.0000, 0.0000, 1.0000]])
tensor([[0.0290, 1.0000, 0.0000, 0.0000, 1.0000, 0.0000]])
tensor([[0.1189, 0.0000, 0.0000, 0.0000, 1.0000, 1.0000]])
tensor([[-0.1056,  1.0000,  0.0000,  0.0000,  1.0000,  0.0000]])
tensor([[-0.2342,  0.0000,  0.0000,  1.0000,  0.0000,  0.0000]])
tensor([[0.0214, 1.0000, 1.0000, 1.0000, 0.0000, 0.0000]])
tensor([[-0.0896,  1.0000,  1.0000,  0.0000,  0.0000,  0.0000]])
tensor([[0.0859, 0.0000, 0.0000, 1.0000, 0.0000, 1.0000]])
tensor([[-0.0499,  1.0000,  0.0000,  0.0000,  0.0000,  0.0000]])
tensor([[-0.3092,  0.0000,  0.0000,  0.0000,  0.0000,  1.0000]])
tensor([[0.0075, 0.0000, 1.0000, 1.0000, 0.0000, 0.0000]])
tensor([[0.4773, 1.0000, 1.0000, 1.0000, 0.0000, 0.0000]])
tensor([[0.1187, 1.0000, 0.0000, 1.0000, 0.0000, 1.0000]])
tensor([[-0.0130,  1.0000,  1.0000,  0.0000,  1.0000,  1.0000]])
tensor([[0.0875, 0.0000, 0.0000, 1.0000, 0.0000, 0.0000]])
tensor([[-0.0987,  1.0000,  1.0000,  1.0000,  1.0000,  1.0000]])
tensor([[-0.2820,  1.0000,  1.0000,  0.0000,  0.0000,  0.0000]])
tensor([[0.0597, 1.0000, 0.0000, 1.0000, 1.0000, 0.0000]])
tensor([[-0.1014,  1.0000,  0.0000,  1.0000,  1.0000,  1.0000]])
tensor([[0.2130, 0.0000, 0.0000, 0.0000, 1.0000, 1.0000]])
tensor([[-0.3928,  1.0000,  0.0000,  0.0000,  0.0000,  0.0000]])
tensor([[-0.1599,  0.0000,  0.0000,  0.0000,  0.0000,  1.0000]])
tensor([[-0.3156,  0.0000,  1.0000,  0.0000,  1.0000,  0.0000]])
tensor([[0.2802, 0.0000, 1.0000, 1.0000, 0.0000, 1.0000]])
tensor([[0.8470, 0.0000, 0.0000, 1.0000, 1.0000, 0.0000]])
tensor([[0.8205, 0.0000, 0.0000, 1.0000, 1.0000, 1.0000]])
tensor([[0.9329, 1.0000, 0.0000, 0.0000, 1.0000, 1.0000]])
tensor([[0.6936, 1.0000, 1.0000, 0.0000, 0.0000, 1.0000]])
tensor([[0.8960, 0.0000, 0.0000, 0.0000, 0.0000, 0.0000]])
tensor([[0.6382, 0.0000, 1.0000, 1.0000, 1.0000, 0.0000]])
tensor([[0.9494, 0.0000, 1.0000, 1.0000, 0.0000, 0.0000]])
tensor([[0.8351, 0.0000, 1.0000, 1.0000, 1.0000, 1.0000]])
tensor([[0.9210, 1.0000, 1.0000, 0.0000, 0.0000, 0.0000]])
tensor([[0.8775, 0.0000, 0.0000, 1.0000, 0.0000, 1.0000]])
tensor([[0.8701, 1.0000, 0.0000, 1.0000, 0.0000, 0.0000]])
tensor([[0.9485, 1.0000, 1.0000, 0.0000, 1.0000, 1.0000]])
tensor([[0.9072, 1.0000, 1.0000, 1.0000, 1.0000, 0.0000]])
tensor([[0.9970, 0.0000, 0.0000, 0.0000, 0.0000, 0.0000]])
tensor([[0.9063, 1.0000, 1.0000, 1.0000, 0.0000, 0.0000]])
tensor([[0.8877, 0.0000, 0.0000, 1.0000, 1.0000, 1.0000]])
tensor([[0.8484, 1.0000, 1.0000, 0.0000, 1.0000, 1.0000]])
tensor([[0.9683, 1.0000, 0.0000, 1.0000, 1.0000, 0.0000]])
tensor([[0.9908, 1.0000, 0.0000, 0.0000, 0.0000, 0.0000]])
tensor([[0.9773, 1.0000, 0.0000, 0.0000, 1.0000, 1.0000]])
tensor([[0.9671, 1.0000, 1.0000, 0.0000, 0.0000, 1.0000]])
tensor([[0.9568, 0.0000, 0.0000, 0.0000, 1.0000, 0.0000]])
tensor([[0.9315, 1.0000, 0.0000, 1.0000, 1.0000, 1.0000]])
tensor([[0.8505, 1.0000, 1.0000, 0.0000, 0.0000, 1.0000]])
tensor([[0.9143, 1.0000, 0.0000, 1.0000, 1.0000, 1.0000]])
tensor([[0.5065, 1.0000, 1.0000, 1.0000, 0.0000, 0.0000]])
tensor([[0.0588, 1.0000, 1.0000, 0.0000, 0.0000, 1.0000]])
tensor([[-0.3164,  1.0000,  1.0000,  0.0000,  0.0000,  1.0000]])
tensor([[-0.1917,  1.0000,  0.0000,  0.0000,  1.0000,  0.0000]])
tensor([[-0.1774,  1.0000,  0.0000,  1.0000,  1.0000,  1.0000]])
tensor([[0.2485, 1.0000, 0.0000, 1.0000, 1.0000, 0.0000]])
tensor([[0.6488, 0.0000, 0.0000, 1.0000, 0.0000, 0.0000]])
tensor([[0.8167, 1.0000, 1.0000, 1.0000, 0.0000, 0.0000]])
tensor([[0.9052, 1.0000, 0.0000, 0.0000, 0.0000, 0.0000]])
tensor([[0.8460, 1.0000, 1.0000, 1.0000, 1.0000, 0.0000]])
tensor([[-0.9403,  1.0000,  0.0000,  1.0000,  0.0000,  1.0000]])
tensor([[-0.8258,  0.0000,  0.0000,  1.0000,  0.0000,  1.0000]])
tensor([[0.8585, 1.0000, 0.0000, 1.0000, 0.0000, 0.0000]])
tensor([[-0.9182,  1.0000,  1.0000,  1.0000,  0.0000,  0.0000]])
tensor([[-0.9807,  1.0000,  1.0000,  1.0000,  0.0000,  1.0000]])
tensor([[-0.9742,  1.0000,  0.0000,  1.0000,  0.0000,  0.0000]])
tensor([[-0.9816,  1.0000,  0.0000,  1.0000,  0.0000,  0.0000]])
tensor([[-1.0000,  1.0000,  0.0000,  1.0000,  0.0000,  0.0000]])
tensor([[-0.9999,  0.0000,  0.0000,  1.0000,  0.0000,  1.0000]])
tensor([[-1.0000,  0.0000,  1.0000,  1.0000,  0.0000,  0.0000]])
tensor([[-0.9978,  0.0000,  0.0000,  1.0000,  0.0000,  1.0000]])
tensor([[-0.9986,  0.0000,  0.0000,  1.0000,  0.0000,  0.0000]])
tensor([[-0.9999,  1.0000,  1.0000,  1.0000,  0.0000,  0.0000]])
tensor([[-0.9997,  0.0000,  0.0000,  1.0000,  0.0000,  0.0000]])
tensor([[-0.9989,  1.0000,  1.0000,  0.0000,  0.0000,  0.0000]])
tensor([[-0.9999,  1.0000,  0.0000,  1.0000,  1.0000,  1.0000]])
tensor([[-0.9996,  0.0000,  0.0000,  0.0000,  0.0000,  0.0000]])
tensor([[-0.9997,  1.0000,  1.0000,  0.0000,  0.0000,  0.0000]])
tensor([[-0.9993,  1.0000,  1.0000,  1.0000,  0.0000,  0.0000]])
tensor([[-0.9994,  1.0000,  1.0000,  1.0000,  0.0000,  0.0000]])
tensor([[-0.9998,  1.0000,  1.0000,  0.0000,  0.0000,  0.0000]])
tensor([[-0.9998,  0.0000,  1.0000,  1.0000,  0.0000,  0.0000]])
tensor([[-0.9996,  1.0000,  1.0000,  1.0000,  0.0000,  1.0000]])
tensor([[-0.9999,  1.0000,  0.0000,  1.0000,  0.0000,  0.0000]])
tensor([[-0.9996,  0.0000,  0.0000,  0.0000,  0.0000,  1.0000]])
tensor([[-0.9998,  1.0000,  1.0000,  0.0000,  1.0000,  0.0000]])
tensor([[-0.9986,  0.0000,  0.0000,  1.0000,  1.0000,  0.0000]])
tensor([[-0.9610,  0.0000,  0.0000,  1.0000,  0.0000,  1.0000]])
tensor([[-0.7982,  0.0000,  0.0000,  1.0000,  0.0000,  1.0000]])
tensor([[-0.1971,  0.0000,  1.0000,  1.0000,  0.0000,  0.0000]])
tensor([[0.3268, 0.0000, 1.0000, 1.0000, 1.0000, 0.0000]])
tensor([[0.7865, 1.0000, 0.0000, 1.0000, 0.0000, 0.0000]])
tensor([[0.2818, 1.0000, 1.0000, 1.0000, 0.0000, 0.0000]])
tensor([[0.1680, 1.0000, 0.0000, 0.0000, 0.0000, 0.0000]])
tensor([[-0.9060,  1.0000,  0.0000,  0.0000,  0.0000,  1.0000]])
tensor([[-0.9976,  0.0000,  0.0000,  1.0000,  0.0000,  0.0000]])
tensor([[-0.8288,  1.0000,  0.0000,  0.0000,  0.0000,  0.0000]])
tensor([[-0.7359,  0.0000,  0.0000,  0.0000,  0.0000,  1.0000]])
tensor([[0.6257, 0.0000, 0.0000, 1.0000, 0.0000, 1.0000]])
tensor([[-0.9558,  0.0000,  0.0000,  1.0000,  0.0000,  1.0000]])
tensor([[-0.8996,  1.0000,  1.0000,  0.0000,  0.0000,  0.0000]])
tensor([[-0.8492,  0.0000,  0.0000,  1.0000,  0.0000,  0.0000]])
tensor([[-0.9963,  1.0000,  1.0000,  1.0000,  0.0000,  0.0000]])
tensor([[-0.9692,  1.0000,  1.0000,  1.0000,  0.0000,  0.0000]])
tensor([[-0.7758,  1.0000,  1.0000,  1.0000,  1.0000,  0.0000]])
tensor([[-0.9735,  1.0000,  0.0000,  1.0000,  0.0000,  1.0000]])
tensor([[-0.6128,  1.0000,  0.0000,  1.0000,  0.0000,  0.0000]])
tensor([[-0.5886,  1.0000,  0.0000,  1.0000,  0.0000,  1.0000]])
tensor([[0.5382, 1.0000, 0.0000, 1.0000, 0.0000, 0.0000]])
tensor([[0.9376, 1.0000, 0.0000, 1.0000, 0.0000, 1.0000]])
tensor([[0.5131, 1.0000, 0.0000, 1.0000, 0.0000, 1.0000]])
tensor([[0.9097, 0.0000, 1.0000, 1.0000, 0.0000, 0.0000]])
tensor([[0.9553, 1.0000, 1.0000, 1.0000, 0.0000, 1.0000]])
tensor([[0.9937, 1.0000, 0.0000, 1.0000, 0.0000, 0.0000]])
tensor([[0.9871, 1.0000, 0.0000, 1.0000, 1.0000, 1.0000]])
tensor([[0.9963, 1.0000, 1.0000, 0.0000, 0.0000, 1.0000]])
tensor([[0.9604, 1.0000, 1.0000, 1.0000, 0.0000, 0.0000]])
tensor([[0.9542, 1.0000, 0.0000, 1.0000, 1.0000, 0.0000]])
tensor([[0.9743, 0.0000, 0.0000, 1.0000, 1.0000, 0.0000]])
tensor([[0.8518, 1.0000, 0.0000, 1.0000, 0.0000, 0.0000]])
tensor([[-0.1465,  0.0000,  0.0000,  1.0000,  0.0000,  0.0000]])
tensor([[0.5767, 1.0000, 0.0000, 1.0000, 1.0000, 1.0000]])
tensor([[0.1316, 1.0000, 0.0000, 1.0000, 0.0000, 0.0000]])
tensor([[0.9873, 0.0000, 1.0000, 1.0000, 0.0000, 1.0000]])
tensor([[0.9331, 1.0000, 0.0000, 1.0000, 0.0000, 1.0000]])
tensor([[-6.9460e-04,  1.0000e+00,  0.0000e+00,  1.0000e+00,  1.0000e+00,
          1.0000e+00]])
tensor([[-0.7126,  0.0000,  1.0000,  1.0000,  0.0000,  0.0000]])
tensor([[0.9765, 1.0000, 1.0000, 1.0000, 0.0000, 0.0000]])
tensor([[0.8832, 1.0000, 1.0000, 1.0000, 1.0000, 0.0000]])
tensor([[-0.3833,  0.0000,  1.0000,  1.0000,  0.0000,  0.0000]])
tensor([[-0.8820,  1.0000,  1.0000,  1.0000,  0.0000,  0.0000]])
tensor([[0.5601, 1.0000, 0.0000, 1.0000, 0.0000, 0.0000]])
tensor([[-0.8361,  0.0000,  1.0000,  1.0000,  0.0000,  0.0000]])
tensor([[-0.9063,  0.0000,  1.0000,  1.0000,  0.0000,  0.0000]])
tensor([[-0.9306,  1.0000,  1.0000,  1.0000,  0.0000,  0.0000]])
tensor([[-0.9511,  1.0000,  1.0000,  0.0000,  0.0000,  0.0000]])
tensor([[-0.9948,  0.0000,  1.0000,  1.0000,  0.0000,  0.0000]])
tensor([[-0.8521,  1.0000,  0.0000,  0.0000,  0.0000,  1.0000]])
tensor([[-0.1133,  0.0000,  1.0000,  1.0000,  0.0000,  0.0000]])
tensor([[0.4131, 0.0000, 1.0000, 1.0000, 0.0000, 1.0000]])
tensor([[0.8189, 1.0000, 0.0000, 1.0000, 0.0000, 0.0000]])
tensor([[-0.9959,  1.0000,  0.0000,  1.0000,  0.0000,  1.0000]])
tensor([[-0.9983,  0.0000,  0.0000,  1.0000,  0.0000,  0.0000]])
tensor([[-0.9968,  0.0000,  0.0000,  1.0000,  1.0000,  0.0000]])
tensor([[-0.9983,  0.0000,  0.0000,  1.0000,  0.0000,  0.0000]])
tensor([[-0.9991,  1.0000,  1.0000,  1.0000,  1.0000,  1.0000]])
tensor([[-0.9996,  0.0000,  0.0000,  1.0000,  0.0000,  1.0000]])
tensor([[-0.9997,  1.0000,  0.0000,  0.0000,  0.0000,  0.0000]])
tensor([[-0.9978,  1.0000,  1.0000,  1.0000,  0.0000,  0.0000]])
tensor([[-0.9158,  0.0000,  1.0000,  1.0000,  1.0000,  1.0000]])
tensor([[0.9684, 0.0000, 0.0000, 1.0000, 0.0000, 1.0000]])
tensor([[0.9862, 1.0000, 0.0000, 1.0000, 1.0000, 1.0000]])
tensor([[0.9870, 1.0000, 1.0000, 1.0000, 0.0000, 0.0000]])
tensor([[0.9442, 0.0000, 1.0000, 1.0000, 1.0000, 0.0000]])
tensor([[0.9582, 1.0000, 0.0000, 1.0000, 0.0000, 0.0000]])
tensor([[0.9182, 1.0000, 1.0000, 1.0000, 1.0000, 0.0000]])
tensor([[0.2417, 1.0000, 0.0000, 1.0000, 0.0000, 0.0000]])
tensor([[-0.8210,  0.0000,  0.0000,  0.0000,  0.0000,  1.0000]])
tensor([[-0.8965,  1.0000,  1.0000,  1.0000,  0.0000,  0.0000]])
tensor([[0.1247, 1.0000, 0.0000, 1.0000, 0.0000, 0.0000]])
tensor([[-0.0917,  1.0000,  0.0000,  1.0000,  0.0000,  0.0000]])
tensor([[-0.7472,  0.0000,  0.0000,  1.0000,  1.0000,  0.0000]])
tensor([[-0.5718,  1.0000,  0.0000,  0.0000,  1.0000,  1.0000]])
tensor([[-0.6489,  1.0000,  1.0000,  1.0000,  1.0000,  0.0000]])
tensor([[0.0389, 0.0000, 0.0000, 0.0000, 0.0000, 1.0000]])
tensor([[0.8155, 1.0000, 1.0000, 1.0000, 0.0000, 1.0000]])
tensor([[0.8362, 1.0000, 0.0000, 1.0000, 0.0000, 0.0000]])
tensor([[0.3780, 0.0000, 0.0000, 1.0000, 0.0000, 0.0000]])
tensor([[0.5797, 0.0000, 1.0000, 1.0000, 0.0000, 0.0000]])
tensor([[-0.0111,  1.0000,  0.0000,  0.0000,  0.0000,  0.0000]])
tensor([[-0.9962,  0.0000,  0.0000,  1.0000,  1.0000,  0.0000]])
tensor([[-0.9943,  0.0000,  1.0000,  1.0000,  1.0000,  0.0000]])
tensor([[-0.8113,  1.0000,  1.0000,  0.0000,  0.0000,  1.0000]])
tensor([[-0.2812,  1.0000,  1.0000,  1.0000,  0.0000,  1.0000]])
tensor([[0.3979, 1.0000, 0.0000, 1.0000, 0.0000, 0.0000]])
tensor([[0.1408, 1.0000, 0.0000, 1.0000, 1.0000, 1.0000]])
tensor([[-0.9975,  0.0000,  0.0000,  1.0000,  0.0000,  0.0000]])
tensor([[-0.9989,  1.0000,  1.0000,  1.0000,  0.0000,  1.0000]])
tensor([[-0.9988,  0.0000,  0.0000,  0.0000,  0.0000,  0.0000]])
tensor([[-0.9981,  1.0000,  1.0000,  1.0000,  0.0000,  0.0000]])
tensor([[-0.9998,  0.0000,  0.0000,  1.0000,  1.0000,  1.0000]])
tensor([[-0.9997,  1.0000,  0.0000,  1.0000,  0.0000,  1.0000]])
tensor([[-0.9997,  1.0000,  1.0000,  0.0000,  0.0000,  0.0000]])
tensor([[-0.9996,  0.0000,  0.0000,  0.0000,  1.0000,  0.0000]])
tensor([[-0.9837,  1.0000,  0.0000,  1.0000,  0.0000,  0.0000]])
tensor([[-0.9990,  1.0000,  0.0000,  1.0000,  0.0000,  0.0000]])
tensor([[-0.9910,  1.0000,  1.0000,  1.0000,  0.0000,  0.0000]])
tensor([[-0.8578,  0.0000,  0.0000,  1.0000,  0.0000,  0.0000]])
tensor([[-0.9534,  1.0000,  0.0000,  1.0000,  1.0000,  0.0000]])
tensor([[-0.7300,  1.0000,  0.0000,  1.0000,  0.0000,  0.0000]])
tensor([[0.1585, 1.0000, 0.0000, 0.0000, 0.0000, 0.0000]])
tensor([[0.8755, 0.0000, 0.0000, 1.0000, 1.0000, 0.0000]])
tensor([[0.8877, 0.0000, 0.0000, 1.0000, 0.0000, 0.0000]])
tensor([[0.8572, 1.0000, 0.0000, 1.0000, 0.0000, 0.0000]])
tensor([[0.9853, 1.0000, 0.0000, 1.0000, 1.0000, 0.0000]])
tensor([[0.9737, 1.0000, 1.0000, 0.0000, 1.0000, 1.0000]])
tensor([[0.5185, 1.0000, 0.0000, 1.0000, 0.0000, 1.0000]])
tensor([[-0.0637,  0.0000,  1.0000,  1.0000,  0.0000,  1.0000]])
tensor([[-0.2105,  1.0000,  1.0000,  1.0000,  0.0000,  0.0000]])
tensor([[-0.5665,  1.0000,  0.0000,  1.0000,  0.0000,  0.0000]])
tensor([[-0.9069,  0.0000,  1.0000,  1.0000,  1.0000,  1.0000]])
tensor([[-0.8993,  1.0000,  1.0000,  1.0000,  0.0000,  0.0000]])
tensor([[-0.9701,  0.0000,  0.0000,  1.0000,  0.0000,  0.0000]])
tensor([[-0.9510,  1.0000,  0.0000,  1.0000,  0.0000,  0.0000]])
tensor([[-0.9746,  1.0000,  0.0000,  1.0000,  0.0000,  0.0000]])
tensor([[-0.9973,  0.0000,  0.0000,  1.0000,  0.0000,  0.0000]])
tensor([[-0.9970,  1.0000,  0.0000,  1.0000,  0.0000,  1.0000]])
tensor([[-0.9996,  0.0000,  0.0000,  1.0000,  0.0000,  0.0000]])
tensor([[-0.9997,  0.0000,  1.0000,  0.0000,  0.0000,  1.0000]])
tensor([[-0.9967,  1.0000,  1.0000,  1.0000,  0.0000,  1.0000]])
tensor([[-0.9857,  0.0000,  0.0000,  0.0000,  0.0000,  0.0000]])
tensor([[-0.9658,  0.0000,  0.0000,  1.0000,  0.0000,  1.0000]])
tensor([[-0.6635,  1.0000,  1.0000,  1.0000,  0.0000,  1.0000]])
tensor([[0.7409, 0.0000, 0.0000, 1.0000, 0.0000, 0.0000]])
tensor([[0.6208, 1.0000, 0.0000, 1.0000, 0.0000, 0.0000]])
tensor([[-0.6528,  0.0000,  0.0000,  1.0000,  0.0000,  1.0000]])
tensor([[0.5078, 1.0000, 1.0000, 0.0000, 0.0000, 0.0000]])
tensor([[0.3708, 1.0000, 1.0000, 1.0000, 0.0000, 0.0000]])
tensor([[-0.0048,  1.0000,  0.0000,  0.0000,  0.0000,  1.0000]])
tensor([[-0.1389,  1.0000,  0.0000,  1.0000,  0.0000,  0.0000]])
tensor([[0.6217, 1.0000, 0.0000, 1.0000, 0.0000, 1.0000]])
tensor([[0.7664, 1.0000, 0.0000, 1.0000, 0.0000, 1.0000]])
tensor([[0.9230, 1.0000, 0.0000, 1.0000, 1.0000, 1.0000]])
tensor([[0.9258, 0.0000, 0.0000, 1.0000, 0.0000, 1.0000]])
tensor([[0.9953, 0.0000, 1.0000, 1.0000, 0.0000, 0.0000]])
tensor([[0.9970, 0.0000, 0.0000, 1.0000, 0.0000, 1.0000]])
tensor([[0.9295, 1.0000, 0.0000, 1.0000, 0.0000, 1.0000]])
tensor([[0.6686, 1.0000, 0.0000, 1.0000, 0.0000, 1.0000]])
tensor([[0.0586, 1.0000, 0.0000, 1.0000, 1.0000, 1.0000]])
tensor([[-0.4666,  1.0000,  0.0000,  0.0000,  1.0000,  1.0000]])
tensor([[-0.3300,  1.0000,  0.0000,  1.0000,  0.0000,  0.0000]])
tensor([[0.3950, 1.0000, 0.0000, 1.0000, 0.0000, 1.0000]])
tensor([[0.8239, 1.0000, 1.0000, 0.0000, 0.0000, 0.0000]])
tensor([[0.4602, 0.0000, 0.0000, 1.0000, 0.0000, 0.0000]])
tensor([[0.6202, 0.0000, 1.0000, 1.0000, 0.0000, 0.0000]])
tensor([[0.4563, 1.0000, 0.0000, 0.0000, 1.0000, 1.0000]])
tensor([[0.1889, 0.0000, 1.0000, 1.0000, 1.0000, 0.0000]])
tensor([[-0.2158,  1.0000,  0.0000,  1.0000,  0.0000,  0.0000]])
tensor([[-0.1278,  1.0000,  0.0000,  1.0000,  0.0000,  1.0000]])
tensor([[-0.0430,  0.0000,  1.0000,  1.0000,  1.0000,  0.0000]])
tensor([[0.1689, 0.0000, 1.0000, 1.0000, 0.0000, 1.0000]])
tensor([[-0.6877,  1.0000,  1.0000,  1.0000,  1.0000,  1.0000]])
tensor([[-0.4469,  1.0000,  0.0000,  1.0000,  0.0000,  1.0000]])
tensor([[-0.1352,  0.0000,  1.0000,  1.0000,  0.0000,  0.0000]])
tensor([[-0.1923,  0.0000,  0.0000,  1.0000,  0.0000,  0.0000]])
tensor([[-0.1231,  1.0000,  0.0000,  0.0000,  0.0000,  0.0000]])
tensor([[-0.0501,  1.0000,  1.0000,  1.0000,  0.0000,  1.0000]])
tensor([[-0.4180,  0.0000,  0.0000,  1.0000,  0.0000,  0.0000]])
tensor([[-0.0313,  0.0000,  1.0000,  1.0000,  1.0000,  1.0000]])
tensor([[0.6537, 1.0000, 1.0000, 1.0000, 1.0000, 1.0000]])
tensor([[-0.0338,  1.0000,  1.0000,  0.0000,  0.0000,  0.0000]])
tensor([[-0.1888,  0.0000,  0.0000,  1.0000,  0.0000,  0.0000]])
tensor([[0.0677, 1.0000, 0.0000, 1.0000, 0.0000, 0.0000]])
tensor([[-0.0754,  1.0000,  0.0000,  0.0000,  0.0000,  0.0000]])
tensor([[-0.1073,  0.0000,  1.0000,  1.0000,  1.0000,  0.0000]])
tensor([[0.1995, 1.0000, 1.0000, 0.0000, 1.0000, 0.0000]])
tensor([[0.0726, 0.0000, 1.0000, 0.0000, 0.0000, 0.0000]])
tensor([[0.2946, 1.0000, 0.0000, 1.0000, 0.0000, 0.0000]])
tensor([[-0.3637,  1.0000,  1.0000,  1.0000,  1.0000,  0.0000]])
tensor([[-0.3027,  1.0000,  0.0000,  0.0000,  1.0000,  0.0000]])
tensor([[0.2181, 0.0000, 0.0000, 1.0000, 1.0000, 1.0000]])
tensor([[0.3235, 0.0000, 0.0000, 1.0000, 0.0000, 0.0000]])
tensor([[0.2137, 1.0000, 0.0000, 1.0000, 1.0000, 0.0000]])
tensor([[0.4841, 1.0000, 0.0000, 0.0000, 0.0000, 0.0000]])
tensor([[-0.4072,  0.0000,  1.0000,  1.0000,  1.0000,  0.0000]])
tensor([[0.1230, 0.0000, 1.0000, 0.0000, 0.0000, 0.0000]])
tensor([[0.6568, 1.0000, 0.0000, 1.0000, 0.0000, 1.0000]])
tensor([[0.1489, 1.0000, 0.0000, 1.0000, 0.0000, 0.0000]])
tensor([[0.0138, 1.0000, 0.0000, 0.0000, 0.0000, 0.0000]])
tensor([[0.2229, 1.0000, 0.0000, 1.0000, 0.0000, 0.0000]])
tensor([[0.6027, 0.0000, 0.0000, 0.0000, 0.0000, 1.0000]])
tensor([[-0.7983,  1.0000,  1.0000,  1.0000,  0.0000,  1.0000]])
tensor([[-0.2751,  1.0000,  1.0000,  1.0000,  0.0000,  0.0000]])
tensor([[0.1651, 0.0000, 1.0000, 1.0000, 1.0000, 1.0000]])
tensor([[-0.9175,  1.0000,  1.0000,  1.0000,  0.0000,  0.0000]])
tensor([[-0.4402,  1.0000,  1.0000,  0.0000,  0.0000,  1.0000]])
tensor([[0.3847, 1.0000, 0.0000, 1.0000, 0.0000, 0.0000]])
tensor([[0.4096, 1.0000, 1.0000, 0.0000, 0.0000, 0.0000]])
tensor([[0.4497, 0.0000, 0.0000, 1.0000, 1.0000, 0.0000]])
tensor([[-0.8492,  1.0000,  0.0000,  0.0000,  0.0000,  1.0000]])
tensor([[-0.8814,  0.0000,  0.0000,  1.0000,  1.0000,  0.0000]])
tensor([[-0.4838,  1.0000,  1.0000,  1.0000,  1.0000,  1.0000]])
tensor([[-0.4960,  1.0000,  0.0000,  1.0000,  1.0000,  1.0000]])
tensor([[0.4569, 1.0000, 0.0000, 0.0000, 1.0000, 1.0000]])
tensor([[0.6810, 1.0000, 0.0000, 1.0000, 0.0000, 0.0000]])
tensor([[0.4864, 0.0000, 0.0000, 0.0000, 1.0000, 0.0000]])
tensor([[-0.2765,  0.0000,  1.0000,  1.0000,  0.0000,  1.0000]])
tensor([[-0.5289,  1.0000,  0.0000,  1.0000,  0.0000,  0.0000]])
tensor([[-0.5667,  1.0000,  0.0000,  1.0000,  0.0000,  0.0000]])
tensor([[-0.4222,  1.0000,  0.0000,  1.0000,  1.0000,  1.0000]])
tensor([[0.4223, 1.0000, 0.0000, 1.0000, 0.0000, 0.0000]])
tensor([[0.4282, 1.0000, 0.0000, 0.0000, 1.0000, 0.0000]])
tensor([[0.0913, 1.0000, 1.0000, 1.0000, 0.0000, 0.0000]])
tensor([[-0.2497,  1.0000,  0.0000,  0.0000,  1.0000,  0.0000]])
tensor([[-0.0168,  0.0000,  1.0000,  1.0000,  0.0000,  0.0000]])
tensor([[0.3437, 1.0000, 0.0000, 1.0000, 1.0000, 0.0000]])
tensor([[-0.1742,  1.0000,  0.0000,  0.0000,  0.0000,  0.0000]])
tensor([[-0.4623,  1.0000,  0.0000,  1.0000,  1.0000,  0.0000]])
tensor([[-0.1711,  0.0000,  1.0000,  0.0000,  0.0000,  0.0000]])
tensor([[0.0552, 1.0000, 0.0000, 1.0000, 0.0000, 0.0000]])
tensor([[-0.0960,  1.0000,  1.0000,  1.0000,  1.0000,  0.0000]])
tensor([[0.2608, 1.0000, 0.0000, 0.0000, 1.0000, 0.0000]])
tensor([[-0.0424,  1.0000,  1.0000,  1.0000,  0.0000,  0.0000]])
tensor([[-0.1686,  1.0000,  0.0000,  1.0000,  1.0000,  0.0000]])
tensor([[-0.2035,  1.0000,  0.0000,  0.0000,  0.0000,  1.0000]])
tensor([[-0.3409,  0.0000,  0.0000,  1.0000,  0.0000,  1.0000]])
tensor([[0.3837, 1.0000, 0.0000, 0.0000, 0.0000, 1.0000]])
tensor([[0.6742, 1.0000, 1.0000, 1.0000, 0.0000, 0.0000]])
tensor([[0.5603, 1.0000, 1.0000, 0.0000, 0.0000, 0.0000]])
tensor([[-0.3095,  1.0000,  1.0000,  1.0000,  0.0000,  0.0000]])
tensor([[0.3937, 1.0000, 1.0000, 1.0000, 0.0000, 0.0000]])
tensor([[0.7048, 1.0000, 1.0000, 1.0000, 0.0000, 1.0000]])
tensor([[0.9791, 0.0000, 0.0000, 1.0000, 0.0000, 0.0000]])
tensor([[0.9738, 0.0000, 1.0000, 1.0000, 0.0000, 0.0000]])
tensor([[0.9985, 0.0000, 1.0000, 0.0000, 0.0000, 0.0000]])
tensor([[0.9999, 1.0000, 1.0000, 1.0000, 1.0000, 1.0000]])
tensor([[0.9986, 0.0000, 0.0000, 1.0000, 0.0000, 1.0000]])
tensor([[0.9996, 1.0000, 1.0000, 1.0000, 0.0000, 0.0000]])
tensor([[0.9993, 0.0000, 1.0000, 1.0000, 0.0000, 0.0000]])
tensor([[0.9966, 1.0000, 0.0000, 1.0000, 0.0000, 1.0000]])
tensor([[0.9998, 0.0000, 0.0000, 1.0000, 0.0000, 0.0000]])
tensor([[0.9978, 0.0000, 0.0000, 0.0000, 0.0000, 0.0000]])
tensor([[0.9957, 1.0000, 1.0000, 1.0000, 1.0000, 0.0000]])
tensor([[0.9811, 0.0000, 0.0000, 1.0000, 0.0000, 0.0000]])
tensor([[0.9841, 1.0000, 0.0000, 1.0000, 1.0000, 0.0000]])
tensor([[0.8197, 1.0000, 0.0000, 1.0000, 1.0000, 1.0000]])
tensor([[0.9931, 0.0000, 1.0000, 0.0000, 1.0000, 0.0000]])
tensor([[0.9483, 1.0000, 0.0000, 1.0000, 1.0000, 1.0000]])
tensor([[0.7170, 1.0000, 0.0000, 1.0000, 0.0000, 1.0000]])
tensor([[-0.0311,  0.0000,  0.0000,  0.0000,  1.0000,  0.0000]])
tensor([[-0.6646,  1.0000,  0.0000,  1.0000,  0.0000,  1.0000]])
tensor([[-0.5055,  1.0000,  0.0000,  1.0000,  0.0000,  0.0000]])
tensor([[0.9674, 0.0000, 0.0000, 1.0000, 0.0000, 1.0000]])
tensor([[0.9031, 0.0000, 1.0000, 1.0000, 0.0000, 0.0000]])
tensor([[0.9447, 1.0000, 1.0000, 0.0000, 0.0000, 0.0000]])
tensor([[-0.0484,  1.0000,  0.0000,  1.0000,  1.0000,  0.0000]])
tensor([[-0.8085,  0.0000,  1.0000,  1.0000,  1.0000,  0.0000]])
tensor([[0.8665, 0.0000, 0.0000, 1.0000, 0.0000, 0.0000]])
tensor([[0.8534, 1.0000, 0.0000, 1.0000, 0.0000, 0.0000]])
tensor([[0.4448, 0.0000, 1.0000, 1.0000, 0.0000, 0.0000]])
tensor([[0.2191, 1.0000, 1.0000, 0.0000, 0.0000, 0.0000]])
tensor([[0.1570, 1.0000, 1.0000, 1.0000, 0.0000, 0.0000]])
tensor([[-0.0663,  1.0000,  1.0000,  1.0000,  0.0000,  0.0000]])
tensor([[0.9910, 1.0000, 0.0000, 1.0000, 0.0000, 0.0000]])
tensor([[0.9868, 1.0000, 0.0000, 1.0000, 0.0000, 0.0000]])
tensor([[0.9938, 1.0000, 0.0000, 1.0000, 0.0000, 1.0000]])
tensor([[0.9938, 0.0000, 1.0000, 0.0000, 0.0000, 1.0000]])
tensor([[0.9962, 0.0000, 1.0000, 1.0000, 0.0000, 1.0000]])
tensor([[0.9990, 1.0000, 0.0000, 0.0000, 0.0000, 0.0000]])
tensor([[0.9990, 1.0000, 0.0000, 1.0000, 1.0000, 1.0000]])
tensor([[0.9990, 0.0000, 0.0000, 1.0000, 0.0000, 0.0000]])
tensor([[0.9981, 1.0000, 0.0000, 1.0000, 1.0000, 0.0000]])
tensor([[0.9747, 0.0000, 0.0000, 1.0000, 0.0000, 0.0000]])
tensor([[0.7539, 1.0000, 0.0000, 1.0000, 0.0000, 1.0000]])
tensor([[0.9787, 1.0000, 1.0000, 1.0000, 0.0000, 1.0000]])
tensor([[0.9672, 0.0000, 1.0000, 1.0000, 0.0000, 1.0000]])
tensor([[0.8509, 1.0000, 0.0000, 1.0000, 0.0000, 1.0000]])
tensor([[0.3959, 1.0000, 0.0000, 1.0000, 0.0000, 1.0000]])
tensor([[-0.4186,  1.0000,  1.0000,  1.0000,  0.0000,  1.0000]])
tensor([[-0.7203,  1.0000,  1.0000,  1.0000,  0.0000,  1.0000]])
tensor([[-0.9415,  1.0000,  1.0000,  1.0000,  0.0000,  1.0000]])
tensor([[-0.9943,  1.0000,  0.0000,  1.0000,  0.0000,  0.0000]])
tensor([[-0.9990,  0.0000,  0.0000,  1.0000,  0.0000,  0.0000]])
tensor([[-0.9992,  0.0000,  0.0000,  0.0000,  0.0000,  1.0000]])
tensor([[-0.9998,  1.0000,  0.0000,  1.0000,  0.0000,  0.0000]])
tensor([[-0.9984,  0.0000,  0.0000,  0.0000,  1.0000,  0.0000]])
tensor([[-0.9869,  0.0000,  0.0000,  1.0000,  0.0000,  0.0000]])
tensor([[-0.7074,  0.0000,  0.0000,  1.0000,  0.0000,  1.0000]])
tensor([[-0.3988,  1.0000,  1.0000,  1.0000,  0.0000,  0.0000]])
tensor([[0.1301, 1.0000, 1.0000, 1.0000, 0.0000, 0.0000]])
tensor([[-0.5267,  0.0000,  0.0000,  0.0000,  0.0000,  0.0000]])
tensor([[-0.6552,  0.0000,  0.0000,  1.0000,  0.0000,  0.0000]])
tensor([[0.7682, 0.0000, 0.0000, 1.0000, 0.0000, 1.0000]])
tensor([[0.8675, 0.0000, 1.0000, 1.0000, 0.0000, 1.0000]])
tensor([[0.9926, 1.0000, 0.0000, 1.0000, 0.0000, 1.0000]])
tensor([[0.9968, 0.0000, 1.0000, 1.0000, 0.0000, 1.0000]])
tensor([[0.9987, 1.0000, 1.0000, 0.0000, 0.0000, 1.0000]])
tensor([[0.9919, 1.0000, 0.0000, 1.0000, 0.0000, 1.0000]])
tensor([[0.9913, 0.0000, 0.0000, 1.0000, 0.0000, 0.0000]])
tensor([[0.9967, 1.0000, 0.0000, 1.0000, 0.0000, 0.0000]])
tensor([[0.8056, 0.0000, 0.0000, 1.0000, 0.0000, 0.0000]])
tensor([[0.5015, 0.0000, 1.0000, 1.0000, 0.0000, 0.0000]])
tensor([[0.6240, 1.0000, 1.0000, 1.0000, 1.0000, 0.0000]])
tensor([[-0.6463,  0.0000,  1.0000,  1.0000,  1.0000,  0.0000]])
tensor([[-0.3531,  1.0000,  1.0000,  0.0000,  0.0000,  0.0000]])
tensor([[0.0057, 0.0000, 0.0000, 0.0000, 0.0000, 0.0000]])
tensor([[-0.0802,  0.0000,  1.0000,  1.0000,  0.0000,  1.0000]])
tensor([[0.7362, 0.0000, 0.0000, 1.0000, 0.0000, 1.0000]])
tensor([[0.5591, 1.0000, 1.0000, 1.0000, 0.0000, 1.0000]])
tensor([[-0.2321,  0.0000,  0.0000,  1.0000,  0.0000,  1.0000]])
tensor([[-0.2578,  1.0000,  1.0000,  1.0000,  0.0000,  0.0000]])
tensor([[-0.3380,  0.0000,  1.0000,  1.0000,  0.0000,  0.0000]])
tensor([[-0.1591,  0.0000,  1.0000,  0.0000,  1.0000,  0.0000]])
tensor([[0.0056, 1.0000, 0.0000, 1.0000, 0.0000, 1.0000]])
tensor([[-0.1008,  1.0000,  1.0000,  1.0000,  0.0000,  0.0000]])
tensor([[0.3132, 0.0000, 1.0000, 1.0000, 0.0000, 0.0000]])
tensor([[-0.5512,  1.0000,  1.0000,  1.0000,  0.0000,  1.0000]])
tensor([[0.3399, 1.0000, 1.0000, 0.0000, 1.0000, 0.0000]])
tensor([[0.1793, 0.0000, 1.0000, 1.0000, 1.0000, 1.0000]])
tensor([[-0.6174,  1.0000,  0.0000,  1.0000,  0.0000,  1.0000]])
tensor([[-0.2478,  1.0000,  1.0000,  0.0000,  1.0000,  1.0000]])
tensor([[0.2331, 0.0000, 0.0000, 0.0000, 1.0000, 0.0000]])
tensor([[-0.4553,  1.0000,  0.0000,  1.0000,  0.0000,  0.0000]])
tensor([[-0.4310,  1.0000,  1.0000,  0.0000,  0.0000,  1.0000]])
tensor([[-0.1242,  1.0000,  1.0000,  0.0000,  0.0000,  1.0000]])
tensor([[0.2826, 1.0000, 0.0000, 0.0000, 0.0000, 1.0000]])
tensor([[0.1130, 0.0000, 0.0000, 1.0000, 0.0000, 1.0000]])
tensor([[-0.3076,  1.0000,  1.0000,  1.0000,  1.0000,  0.0000]])
tensor([[-0.4012,  1.0000,  0.0000,  0.0000,  0.0000,  0.0000]])
tensor([[-0.2348,  1.0000,  1.0000,  1.0000,  1.0000,  0.0000]])
tensor([[0.3408, 1.0000, 1.0000, 0.0000, 0.0000, 0.0000]])
tensor([[-0.1525,  1.0000,  0.0000,  1.0000,  1.0000,  0.0000]])
tensor([[-0.2087,  0.0000,  1.0000,  1.0000,  0.0000,  0.0000]])
tensor([[-0.3036,  0.0000,  1.0000,  1.0000,  0.0000,  0.0000]])
tensor([[-0.2128,  0.0000,  0.0000,  1.0000,  0.0000,  0.0000]])
tensor([[0.0605, 1.0000, 0.0000, 1.0000, 0.0000, 1.0000]])
tensor([[0.1178, 1.0000, 0.0000, 1.0000, 0.0000, 0.0000]])
tensor([[-0.1999,  1.0000,  0.0000,  1.0000,  1.0000,  1.0000]])
tensor([[-0.5299,  1.0000,  0.0000,  0.0000,  0.0000,  0.0000]])
tensor([[-0.0634,  1.0000,  1.0000,  1.0000,  1.0000,  0.0000]])
tensor([[0.2124, 0.0000, 0.0000, 1.0000, 0.0000, 0.0000]])
tensor([[-0.1602,  0.0000,  0.0000,  1.0000,  1.0000,  1.0000]])
tensor([[-0.2118,  1.0000,  1.0000,  0.0000,  0.0000,  0.0000]])
tensor([[-0.1584,  1.0000,  0.0000,  1.0000,  1.0000,  1.0000]])
tensor([[-0.1861,  0.0000,  1.0000,  1.0000,  0.0000,  0.0000]])
tensor([[0.1075, 1.0000, 1.0000, 0.0000, 1.0000, 0.0000]])
tensor([[0.2379, 1.0000, 0.0000, 1.0000, 0.0000, 1.0000]])
tensor([[0.1333, 0.0000, 0.0000, 1.0000, 0.0000, 1.0000]])
tensor([[0.1981, 0.0000, 1.0000, 1.0000, 1.0000, 0.0000]])
tensor([[-0.1358,  0.0000,  1.0000,  0.0000,  0.0000,  1.0000]])
tensor([[-0.1826,  0.0000,  0.0000,  1.0000,  0.0000,  0.0000]])
tensor([[-0.4103,  1.0000,  1.0000,  1.0000,  0.0000,  0.0000]])
tensor([[-0.5846,  1.0000,  1.0000,  1.0000,  1.0000,  1.0000]])
tensor([[0.1366, 0.0000, 0.0000, 0.0000, 0.0000, 0.0000]])
tensor([[-0.2155,  0.0000,  0.0000,  1.0000,  0.0000,  1.0000]])
tensor([[0.0196, 0.0000, 1.0000, 1.0000, 1.0000, 0.0000]])
tensor([[0.5871, 1.0000, 1.0000, 0.0000, 0.0000, 0.0000]])
tensor([[-0.3780,  0.0000,  1.0000,  0.0000,  0.0000,  0.0000]])
tensor([[0.1665, 0.0000, 1.0000, 1.0000, 1.0000, 0.0000]])
tensor([[0.7339, 0.0000, 0.0000, 0.0000, 0.0000, 1.0000]])
tensor([[0.3252, 1.0000, 0.0000, 1.0000, 0.0000, 1.0000]])
tensor([[0.5520, 0.0000, 1.0000, 1.0000, 1.0000, 0.0000]])
tensor([[0.2965, 1.0000, 0.0000, 1.0000, 0.0000, 0.0000]])
tensor([[0.4894, 1.0000, 0.0000, 1.0000, 1.0000, 0.0000]])
tensor([[0.4323, 1.0000, 1.0000, 0.0000, 1.0000, 1.0000]])
tensor([[0.5648, 1.0000, 0.0000, 0.0000, 1.0000, 0.0000]])
tensor([[0.7088, 1.0000, 1.0000, 0.0000, 0.0000, 0.0000]])
tensor([[0.0855, 1.0000, 0.0000, 1.0000, 1.0000, 0.0000]])
tensor([[-0.0521,  0.0000,  0.0000,  0.0000,  1.0000,  1.0000]])
tensor([[-0.1549,  0.0000,  0.0000,  0.0000,  0.0000,  1.0000]])
tensor([[0.0993, 0.0000, 1.0000, 0.0000, 1.0000, 0.0000]])
tensor([[0.1417, 0.0000, 1.0000, 0.0000, 0.0000, 1.0000]])
tensor([[-0.4470,  0.0000,  0.0000,  1.0000,  0.0000,  1.0000]])
tensor([[-0.3382,  1.0000,  1.0000,  1.0000,  0.0000,  0.0000]])
tensor([[-0.4942,  1.0000,  0.0000,  0.0000,  1.0000,  0.0000]])
tensor([[-0.1754,  1.0000,  1.0000,  1.0000,  0.0000,  1.0000]])
tensor([[-0.3318,  0.0000,  1.0000,  1.0000,  0.0000,  0.0000]])
tensor([[-0.3528,  1.0000,  1.0000,  0.0000,  1.0000,  1.0000]])
tensor([[-0.1879,  1.0000,  0.0000,  1.0000,  0.0000,  1.0000]])
tensor([[0.0589, 1.0000, 1.0000, 1.0000, 0.0000, 1.0000]])
tensor([[0.4724, 1.0000, 0.0000, 1.0000, 0.0000, 0.0000]])
tensor([[0.2619, 0.0000, 1.0000, 1.0000, 1.0000, 1.0000]])
tensor([[-0.5655,  0.0000,  0.0000,  1.0000,  1.0000,  0.0000]])
tensor([[-0.0909,  1.0000,  0.0000,  1.0000,  0.0000,  1.0000]])
tensor([[-0.5319,  1.0000,  1.0000,  1.0000,  0.0000,  0.0000]])
tensor([[-0.3480,  0.0000,  1.0000,  1.0000,  0.0000,  0.0000]])
tensor([[-0.0207,  1.0000,  1.0000,  0.0000,  0.0000,  1.0000]])
tensor([[-0.3052,  1.0000,  1.0000,  0.0000,  0.0000,  0.0000]])
tensor([[-0.2809,  1.0000,  0.0000,  0.0000,  0.0000,  0.0000]])
tensor([[0.1131, 1.0000, 0.0000, 1.0000, 0.0000, 1.0000]])
tensor([[0.7469, 0.0000, 0.0000, 0.0000, 1.0000, 0.0000]])
tensor([[0.0853, 0.0000, 0.0000, 1.0000, 1.0000, 1.0000]])
tensor([[-0.1398,  0.0000,  0.0000,  1.0000,  1.0000,  0.0000]])
tensor([[0.2967, 1.0000, 1.0000, 0.0000, 1.0000, 0.0000]])
tensor([[-0.1215,  1.0000,  1.0000,  1.0000,  0.0000,  1.0000]])
tensor([[0.4850, 1.0000, 0.0000, 0.0000, 0.0000, 1.0000]])
tensor([[0.5543, 0.0000, 0.0000, 1.0000, 1.0000, 0.0000]])
tensor([[-0.1376,  0.0000,  0.0000,  1.0000,  0.0000,  0.0000]])
tensor([[0.0363, 0.0000, 0.0000, 0.0000, 1.0000, 0.0000]])
tensor([[0.2324, 1.0000, 1.0000, 0.0000, 1.0000, 1.0000]])
tensor([[0.0229, 1.0000, 0.0000, 0.0000, 0.0000, 1.0000]])
tensor([[0.1470, 0.0000, 0.0000, 1.0000, 1.0000, 1.0000]])
tensor([[-0.2823,  0.0000,  1.0000,  1.0000,  0.0000,  0.0000]])
tensor([[0.1104, 1.0000, 1.0000, 1.0000, 0.0000, 1.0000]])
tensor([[-0.4935,  1.0000,  0.0000,  1.0000,  0.0000,  1.0000]])
tensor([[-0.1565,  1.0000,  1.0000,  1.0000,  0.0000,  1.0000]])
tensor([[0.4208, 0.0000, 1.0000, 0.0000, 0.0000, 1.0000]])
tensor([[0.1175, 1.0000, 1.0000, 0.0000, 0.0000, 1.0000]])
tensor([[-0.1153,  0.0000,  1.0000,  0.0000,  0.0000,  0.0000]])
tensor([[0.0352, 1.0000, 1.0000, 0.0000, 0.0000, 0.0000]])
tensor([[-0.2173,  1.0000,  0.0000,  1.0000,  0.0000,  0.0000]])
tensor([[0.0366, 1.0000, 1.0000, 0.0000, 0.0000, 0.0000]])
tensor([[0.2283, 0.0000, 0.0000, 0.0000, 0.0000, 1.0000]])
tensor([[-0.0199,  0.0000,  1.0000,  1.0000,  0.0000,  1.0000]])
tensor([[0.3952, 0.0000, 0.0000, 1.0000, 1.0000, 0.0000]])
tensor([[-0.0075,  1.0000,  0.0000,  1.0000,  0.0000,  0.0000]])
tensor([[-0.1686,  1.0000,  1.0000,  0.0000,  0.0000,  1.0000]])
tensor([[0.5023, 1.0000, 1.0000, 1.0000, 1.0000, 0.0000]])
tensor([[0.4484, 1.0000, 0.0000, 0.0000, 0.0000, 0.0000]])
tensor([[0.2523, 1.0000, 0.0000, 1.0000, 0.0000, 1.0000]])
tensor([[-0.6764,  1.0000,  1.0000,  0.0000,  0.0000,  0.0000]])
tensor([[-0.5499,  1.0000,  1.0000,  0.0000,  1.0000,  1.0000]])
tensor([[-0.2360,  0.0000,  1.0000,  1.0000,  1.0000,  1.0000]])
tensor([[-0.3596,  1.0000,  1.0000,  0.0000,  0.0000,  1.0000]])
tensor([[0.2317, 1.0000, 0.0000, 1.0000, 0.0000, 1.0000]])
tensor([[-0.2952,  0.0000,  0.0000,  1.0000,  0.0000,  0.0000]])
tensor([[-0.2299,  1.0000,  0.0000,  0.0000,  1.0000,  1.0000]])
tensor([[-0.0711,  0.0000,  0.0000,  1.0000,  0.0000,  0.0000]])
tensor([[-0.0939,  1.0000,  0.0000,  1.0000,  0.0000,  0.0000]])
tensor([[0.9980, 1.0000, 0.0000, 1.0000, 0.0000, 1.0000]])
tensor([[0.9868, 0.0000, 0.0000, 0.0000, 0.0000, 0.0000]])
tensor([[0.9974, 0.0000, 0.0000, 0.0000, 0.0000, 1.0000]])
tensor([[0.9752, 1.0000, 0.0000, 1.0000, 1.0000, 0.0000]])
tensor([[0.9961, 0.0000, 1.0000, 0.0000, 0.0000, 0.0000]])
tensor([[0.9999, 1.0000, 1.0000, 1.0000, 0.0000, 0.0000]])
tensor([[0.9983, 0.0000, 0.0000, 0.0000, 1.0000, 0.0000]])
tensor([[0.9954, 1.0000, 1.0000, 1.0000, 0.0000, 0.0000]])
tensor([[0.9940, 1.0000, 0.0000, 1.0000, 1.0000, 0.0000]])
tensor([[0.7231, 0.0000, 1.0000, 1.0000, 0.0000, 0.0000]])
tensor([[0.5946, 0.0000, 1.0000, 0.0000, 1.0000, 0.0000]])
tensor([[-0.6903,  0.0000,  0.0000,  1.0000,  1.0000,  0.0000]])
tensor([[0.7733, 1.0000, 1.0000, 0.0000, 0.0000, 1.0000]])
tensor([[0.7710, 0.0000, 1.0000, 1.0000, 0.0000, 1.0000]])
tensor([[0.7151, 0.0000, 1.0000, 1.0000, 1.0000, 0.0000]])
tensor([[0.3807, 0.0000, 0.0000, 0.0000, 0.0000, 1.0000]])
tensor([[0.5514, 1.0000, 0.0000, 1.0000, 0.0000, 0.0000]])
tensor([[0.8221, 0.0000, 1.0000, 1.0000, 0.0000, 0.0000]])
tensor([[0.4507, 1.0000, 0.0000, 1.0000, 1.0000, 0.0000]])
tensor([[0.8791, 1.0000, 0.0000, 1.0000, 0.0000, 1.0000]])
tensor([[0.7278, 0.0000, 1.0000, 1.0000, 1.0000, 0.0000]])
tensor([[0.6992, 0.0000, 0.0000, 1.0000, 0.0000, 1.0000]])
tensor([[0.5868, 1.0000, 1.0000, 1.0000, 1.0000, 0.0000]])
tensor([[0.7787, 0.0000, 1.0000, 1.0000, 0.0000, 0.0000]])
tensor([[0.9659, 0.0000, 0.0000, 0.0000, 0.0000, 0.0000]])
tensor([[0.7304, 1.0000, 0.0000, 1.0000, 1.0000, 0.0000]])
tensor([[0.1962, 0.0000, 1.0000, 0.0000, 0.0000, 0.0000]])
tensor([[0.4898, 0.0000, 1.0000, 1.0000, 1.0000, 0.0000]])
tensor([[0.8235, 1.0000, 1.0000, 1.0000, 1.0000, 0.0000]])
tensor([[0.7746, 1.0000, 1.0000, 1.0000, 1.0000, 0.0000]])
tensor([[0.9030, 1.0000, 0.0000, 1.0000, 0.0000, 0.0000]])
tensor([[0.8649, 0.0000, 0.0000, 1.0000, 0.0000, 0.0000]])
tensor([[0.8639, 0.0000, 1.0000, 1.0000, 0.0000, 1.0000]])
tensor([[0.9152, 0.0000, 1.0000, 1.0000, 1.0000, 1.0000]])
tensor([[0.7841, 1.0000, 1.0000, 0.0000, 0.0000, 0.0000]])
tensor([[0.8663, 1.0000, 1.0000, 1.0000, 1.0000, 1.0000]])
tensor([[0.8020, 0.0000, 1.0000, 1.0000, 0.0000, 0.0000]])
tensor([[0.8132, 0.0000, 0.0000, 1.0000, 0.0000, 1.0000]])
tensor([[0.7398, 0.0000, 1.0000, 0.0000, 0.0000, 1.0000]])
tensor([[0.5661, 1.0000, 0.0000, 1.0000, 1.0000, 0.0000]])
tensor([[0.9258, 1.0000, 1.0000, 1.0000, 0.0000, 0.0000]])
tensor([[0.6830, 1.0000, 1.0000, 1.0000, 0.0000, 0.0000]])
tensor([[0.8142, 1.0000, 0.0000, 1.0000, 1.0000, 0.0000]])
tensor([[0.6922, 1.0000, 1.0000, 0.0000, 1.0000, 0.0000]])
tensor([[-0.0294,  0.0000,  0.0000,  1.0000,  1.0000,  0.0000]])
tensor([[0.9241, 1.0000, 1.0000, 1.0000, 1.0000, 0.0000]])
tensor([[0.7857, 1.0000, 1.0000, 1.0000, 0.0000, 0.0000]])
tensor([[0.7991, 0.0000, 1.0000, 1.0000, 0.0000, 0.0000]])
tensor([[0.8252, 1.0000, 1.0000, 1.0000, 0.0000, 0.0000]])
tensor([[0.7644, 1.0000, 1.0000, 0.0000, 1.0000, 0.0000]])
tensor([[0.9565, 0.0000, 0.0000, 1.0000, 1.0000, 0.0000]])
tensor([[0.8759, 1.0000, 1.0000, 1.0000, 0.0000, 0.0000]])
tensor([[0.9137, 1.0000, 1.0000, 1.0000, 0.0000, 1.0000]])
tensor([[0.8834, 1.0000, 1.0000, 1.0000, 0.0000, 0.0000]])
tensor([[0.9468, 0.0000, 1.0000, 1.0000, 1.0000, 0.0000]])
tensor([[-0.3149,  0.0000,  0.0000,  1.0000,  0.0000,  1.0000]])
tensor([[0.8417, 0.0000, 1.0000, 1.0000, 0.0000, 0.0000]])
tensor([[0.8273, 1.0000, 1.0000, 1.0000, 0.0000, 0.0000]])
tensor([[0.8938, 1.0000, 0.0000, 1.0000, 1.0000, 1.0000]])
tensor([[0.8463, 0.0000, 0.0000, 0.0000, 0.0000, 0.0000]])
tensor([[0.2481, 1.0000, 0.0000, 0.0000, 0.0000, 1.0000]])
tensor([[0.2040, 1.0000, 1.0000, 1.0000, 0.0000, 0.0000]])
tensor([[0.8324, 0.0000, 0.0000, 0.0000, 0.0000, 1.0000]])
tensor([[0.3179, 1.0000, 1.0000, 0.0000, 0.0000, 0.0000]])
tensor([[0.7505, 1.0000, 1.0000, 1.0000, 0.0000, 0.0000]])
tensor([[0.8690, 1.0000, 1.0000, 1.0000, 0.0000, 0.0000]])
tensor([[0.8753, 1.0000, 1.0000, 1.0000, 1.0000, 0.0000]])
tensor([[0.9112, 0.0000, 0.0000, 1.0000, 0.0000, 0.0000]])
tensor([[0.8220, 1.0000, 0.0000, 1.0000, 0.0000, 1.0000]])
tensor([[0.9732, 0.0000, 1.0000, 1.0000, 0.0000, 0.0000]])
tensor([[0.9545, 0.0000, 0.0000, 0.0000, 0.0000, 1.0000]])
tensor([[0.7982, 0.0000, 1.0000, 1.0000, 1.0000, 1.0000]])
tensor([[0.8206, 0.0000, 1.0000, 1.0000, 0.0000, 0.0000]])
tensor([[-0.3478,  0.0000,  1.0000,  1.0000,  0.0000,  0.0000]])
tensor([[0.2681, 1.0000, 1.0000, 1.0000, 0.0000, 1.0000]])
tensor([[0.9147, 0.0000, 1.0000, 1.0000, 0.0000, 0.0000]])
tensor([[0.5555, 0.0000, 0.0000, 1.0000, 0.0000, 1.0000]])
tensor([[0.1654, 0.0000, 0.0000, 0.0000, 1.0000, 0.0000]])
tensor([[0.2514, 0.0000, 1.0000, 1.0000, 0.0000, 0.0000]])
tensor([[0.6193, 1.0000, 1.0000, 1.0000, 0.0000, 1.0000]])
tensor([[0.8430, 1.0000, 0.0000, 1.0000, 1.0000, 1.0000]])
tensor([[0.5334, 1.0000, 0.0000, 1.0000, 1.0000, 1.0000]])
tensor([[0.4392, 1.0000, 1.0000, 1.0000, 1.0000, 1.0000]])
tensor([[0.6982, 1.0000, 1.0000, 1.0000, 0.0000, 1.0000]])
tensor([[0.7790, 1.0000, 0.0000, 0.0000, 0.0000, 1.0000]])
tensor([[0.6991, 1.0000, 1.0000, 1.0000, 0.0000, 0.0000]])
tensor([[0.8037, 1.0000, 0.0000, 1.0000, 1.0000, 0.0000]])
tensor([[0.8050, 1.0000, 1.0000, 0.0000, 0.0000, 1.0000]])
tensor([[0.6788, 1.0000, 0.0000, 1.0000, 0.0000, 1.0000]])
tensor([[-0.3168,  0.0000,  0.0000,  1.0000,  1.0000,  0.0000]])
tensor([[0.7770, 1.0000, 1.0000, 0.0000, 0.0000, 0.0000]])
tensor([[0.6823, 1.0000, 1.0000, 0.0000, 0.0000, 1.0000]])
tensor([[0.8904, 1.0000, 0.0000, 1.0000, 0.0000, 1.0000]])
tensor([[0.7854, 1.0000, 0.0000, 0.0000, 0.0000, 0.0000]])
tensor([[0.5376, 1.0000, 0.0000, 1.0000, 1.0000, 0.0000]])
tensor([[0.5705, 0.0000, 1.0000, 1.0000, 0.0000, 1.0000]])
tensor([[0.6794, 1.0000, 1.0000, 0.0000, 0.0000, 1.0000]])
tensor([[0.7290, 1.0000, 0.0000, 0.0000, 0.0000, 0.0000]])
tensor([[0.6421, 1.0000, 0.0000, 1.0000, 0.0000, 1.0000]])
tensor([[0.9553, 1.0000, 0.0000, 1.0000, 1.0000, 0.0000]])
tensor([[0.9273, 0.0000, 0.0000, 1.0000, 1.0000, 1.0000]])
tensor([[0.8602, 1.0000, 1.0000, 1.0000, 1.0000, 1.0000]])
tensor([[0.7779, 1.0000, 0.0000, 0.0000, 1.0000, 0.0000]])
tensor([[0.8242, 1.0000, 1.0000, 1.0000, 1.0000, 0.0000]])
tensor([[0.8762, 1.0000, 1.0000, 0.0000, 0.0000, 0.0000]])
tensor([[0.9546, 0.0000, 1.0000, 0.0000, 0.0000, 0.0000]])
tensor([[0.7164, 1.0000, 1.0000, 1.0000, 0.0000, 0.0000]])
tensor([[0.9861, 1.0000, 1.0000, 1.0000, 0.0000, 1.0000]])
tensor([[0.9724, 1.0000, 0.0000, 1.0000, 1.0000, 0.0000]])
tensor([[0.9246, 1.0000, 1.0000, 0.0000, 1.0000, 1.0000]])
tensor([[0.9722, 0.0000, 1.0000, 1.0000, 0.0000, 0.0000]])
tensor([[0.9696, 1.0000, 0.0000, 0.0000, 0.0000, 0.0000]])
tensor([[0.9876, 1.0000, 1.0000, 1.0000, 0.0000, 0.0000]])
tensor([[0.9816, 0.0000, 0.0000, 1.0000, 0.0000, 0.0000]])
tensor([[0.9931, 1.0000, 0.0000, 1.0000, 0.0000, 1.0000]])
tensor([[0.8734, 1.0000, 0.0000, 1.0000, 1.0000, 1.0000]])
tensor([[0.9868, 1.0000, 0.0000, 0.0000, 0.0000, 1.0000]])
tensor([[0.9884, 0.0000, 0.0000, 1.0000, 0.0000, 1.0000]])
tensor([[0.8465, 0.0000, 0.0000, 0.0000, 0.0000, 0.0000]])
tensor([[0.9123, 1.0000, 1.0000, 0.0000, 0.0000, 1.0000]])
tensor([[0.8625, 1.0000, 0.0000, 1.0000, 0.0000, 1.0000]])
tensor([[0.9372, 0.0000, 0.0000, 0.0000, 0.0000, 1.0000]])
tensor([[0.9676, 1.0000, 1.0000, 1.0000, 1.0000, 0.0000]])
tensor([[0.9622, 0.0000, 0.0000, 1.0000, 0.0000, 0.0000]])
tensor([[0.9051, 1.0000, 0.0000, 1.0000, 0.0000, 1.0000]])
tensor([[0.8442, 0.0000, 1.0000, 0.0000, 0.0000, 1.0000]])
tensor([[0.7253, 1.0000, 0.0000, 1.0000, 0.0000, 1.0000]])
tensor([[0.9454, 0.0000, 1.0000, 0.0000, 1.0000, 1.0000]])
tensor([[0.9574, 1.0000, 0.0000, 1.0000, 0.0000, 0.0000]])
tensor([[0.9245, 1.0000, 1.0000, 1.0000, 1.0000, 1.0000]])
tensor([[0.9228, 1.0000, 0.0000, 0.0000, 0.0000, 0.0000]])
tensor([[0.9173, 0.0000, 1.0000, 1.0000, 1.0000, 0.0000]])
tensor([[0.8991, 1.0000, 0.0000, 0.0000, 0.0000, 1.0000]])
tensor([[0.9678, 1.0000, 1.0000, 1.0000, 0.0000, 1.0000]])
tensor([[0.9393, 1.0000, 0.0000, 1.0000, 0.0000, 1.0000]])
tensor([[0.3671, 1.0000, 1.0000, 0.0000, 0.0000, 1.0000]])
tensor([[0.7662, 0.0000, 1.0000, 1.0000, 1.0000, 0.0000]])
tensor([[0.1668, 1.0000, 0.0000, 1.0000, 0.0000, 1.0000]])
tensor([[0.8122, 1.0000, 0.0000, 1.0000, 0.0000, 0.0000]])
tensor([[0.8747, 1.0000, 1.0000, 1.0000, 0.0000, 0.0000]])
tensor([[0.8747, 0.0000, 0.0000, 1.0000, 0.0000, 0.0000]])
tensor([[0.8623, 1.0000, 0.0000, 1.0000, 0.0000, 0.0000]])
tensor([[0.7204, 1.0000, 1.0000, 0.0000, 0.0000, 0.0000]])
tensor([[0.4099, 1.0000, 1.0000, 1.0000, 1.0000, 1.0000]])
tensor([[0.8167, 1.0000, 1.0000, 1.0000, 0.0000, 0.0000]])
tensor([[0.9238, 0.0000, 1.0000, 0.0000, 0.0000, 0.0000]])
tensor([[0.6933, 0.0000, 1.0000, 0.0000, 0.0000, 1.0000]])
tensor([[0.9457, 1.0000, 1.0000, 0.0000, 0.0000, 0.0000]])
tensor([[0.7735, 1.0000, 0.0000, 1.0000, 0.0000, 0.0000]])
tensor([[0.9537, 1.0000, 1.0000, 0.0000, 0.0000, 0.0000]])
tensor([[0.8936, 0.0000, 0.0000, 1.0000, 0.0000, 0.0000]])
tensor([[0.9363, 1.0000, 0.0000, 1.0000, 1.0000, 0.0000]])
tensor([[0.8936, 0.0000, 1.0000, 1.0000, 0.0000, 1.0000]])
tensor([[0.9659, 1.0000, 0.0000, 1.0000, 0.0000, 1.0000]])
tensor([[0.9316, 1.0000, 1.0000, 0.0000, 1.0000, 1.0000]])
tensor([[0.8622, 1.0000, 1.0000, 0.0000, 0.0000, 0.0000]])
tensor([[0.9470, 1.0000, 1.0000, 0.0000, 0.0000, 1.0000]])
tensor([[0.6665, 1.0000, 1.0000, 0.0000, 0.0000, 1.0000]])
tensor([[0.9065, 0.0000, 1.0000, 0.0000, 0.0000, 0.0000]])
tensor([[0.8889, 1.0000, 1.0000, 1.0000, 1.0000, 1.0000]])
tensor([[0.8493, 0.0000, 1.0000, 1.0000, 1.0000, 0.0000]])
tensor([[0.8999, 1.0000, 1.0000, 1.0000, 1.0000, 1.0000]])
tensor([[0.9386, 1.0000, 0.0000, 1.0000, 0.0000, 0.0000]])
tensor([[0.9073, 1.0000, 0.0000, 1.0000, 0.0000, 1.0000]])
tensor([[0.9447, 1.0000, 1.0000, 1.0000, 0.0000, 0.0000]])
tensor([[0.9395, 0.0000, 0.0000, 1.0000, 1.0000, 0.0000]])
tensor([[0.9598, 1.0000, 0.0000, 1.0000, 0.0000, 0.0000]])
tensor([[0.9492, 1.0000, 0.0000, 0.0000, 0.0000, 1.0000]])
tensor([[0.9767, 0.0000, 0.0000, 1.0000, 0.0000, 0.0000]])
tensor([[0.9763, 1.0000, 1.0000, 1.0000, 1.0000, 0.0000]])
tensor([[0.9386, 1.0000, 0.0000, 1.0000, 1.0000, 0.0000]])
tensor([[0.6958, 1.0000, 0.0000, 1.0000, 1.0000, 0.0000]])
tensor([[0.9444, 0.0000, 1.0000, 1.0000, 0.0000, 0.0000]])
tensor([[0.8444, 1.0000, 0.0000, 1.0000, 0.0000, 1.0000]])
tensor([[0.9712, 1.0000, 0.0000, 1.0000, 0.0000, 1.0000]])
tensor([[0.9066, 1.0000, 1.0000, 1.0000, 1.0000, 0.0000]])
tensor([[0.8687, 0.0000, 1.0000, 0.0000, 1.0000, 1.0000]])
tensor([[0.9705, 1.0000, 1.0000, 1.0000, 0.0000, 0.0000]])
tensor([[0.7194, 1.0000, 1.0000, 1.0000, 0.0000, 0.0000]])
tensor([[0.9490, 0.0000, 1.0000, 0.0000, 1.0000, 1.0000]])
tensor([[0.8781, 0.0000, 1.0000, 0.0000, 0.0000, 1.0000]])
tensor([[0.9809, 1.0000, 1.0000, 1.0000, 0.0000, 0.0000]])
tensor([[0.9480, 1.0000, 1.0000, 0.0000, 0.0000, 1.0000]])
tensor([[0.7723, 1.0000, 0.0000, 1.0000, 1.0000, 0.0000]])
tensor([[0.9367, 0.0000, 0.0000, 0.0000, 1.0000, 0.0000]])
tensor([[0.9897, 0.0000, 0.0000, 0.0000, 0.0000, 1.0000]])
tensor([[0.9914, 1.0000, 1.0000, 1.0000, 0.0000, 1.0000]])
tensor([[0.0188, 1.0000, 1.0000, 0.0000, 1.0000, 0.0000]])
tensor([[0.9642, 0.0000, 0.0000, 0.0000, 0.0000, 1.0000]])
tensor([[0.9460, 0.0000, 1.0000, 1.0000, 0.0000, 0.0000]])
tensor([[0.9891, 1.0000, 0.0000, 1.0000, 0.0000, 1.0000]])
tensor([[0.9881, 0.0000, 0.0000, 1.0000, 1.0000, 0.0000]])
tensor([[0.6792, 1.0000, 1.0000, 1.0000, 0.0000, 1.0000]])
tensor([[0.8292, 0.0000, 0.0000, 1.0000, 1.0000, 1.0000]])
tensor([[0.8391, 1.0000, 1.0000, 1.0000, 0.0000, 0.0000]])
tensor([[0.9771, 0.0000, 0.0000, 0.0000, 1.0000, 0.0000]])
tensor([[0.9858, 1.0000, 0.0000, 0.0000, 0.0000, 0.0000]])
tensor([[0.9624, 0.0000, 0.0000, 1.0000, 1.0000, 1.0000]])
tensor([[0.6495, 1.0000, 1.0000, 1.0000, 1.0000, 1.0000]])
tensor([[0.9551, 1.0000, 1.0000, 1.0000, 1.0000, 0.0000]])
tensor([[0.8659, 0.0000, 0.0000, 1.0000, 1.0000, 1.0000]])
tensor([[0.9621, 1.0000, 1.0000, 0.0000, 0.0000, 1.0000]])
tensor([[0.9483, 1.0000, 1.0000, 0.0000, 0.0000, 0.0000]])
tensor([[0.9437, 0.0000, 1.0000, 1.0000, 1.0000, 0.0000]])
tensor([[0.9856, 0.0000, 1.0000, 1.0000, 0.0000, 1.0000]])
tensor([[0.9213, 1.0000, 1.0000, 0.0000, 1.0000, 1.0000]])
tensor([[0.6646, 1.0000, 1.0000, 1.0000, 0.0000, 1.0000]])
tensor([[0.9275, 0.0000, 1.0000, 0.0000, 0.0000, 0.0000]])
tensor([[0.9192, 0.0000, 1.0000, 0.0000, 0.0000, 0.0000]])
tensor([[0.8147, 1.0000, 0.0000, 0.0000, 0.0000, 0.0000]])
tensor([[0.9674, 0.0000, 1.0000, 1.0000, 0.0000, 0.0000]])
tensor([[0.9805, 1.0000, 1.0000, 1.0000, 0.0000, 0.0000]])
tensor([[0.9224, 0.0000, 0.0000, 1.0000, 1.0000, 0.0000]])
tensor([[0.9613, 0.0000, 0.0000, 1.0000, 1.0000, 0.0000]])
tensor([[0.9335, 1.0000, 1.0000, 0.0000, 0.0000, 0.0000]])
tensor([[0.9336, 1.0000, 1.0000, 1.0000, 0.0000, 1.0000]])
tensor([[0.6805, 1.0000, 1.0000, 1.0000, 1.0000, 0.0000]])
tensor([[0.6983, 0.0000, 0.0000, 1.0000, 1.0000, 0.0000]])
tensor([[0.5650, 1.0000, 0.0000, 0.0000, 0.0000, 1.0000]])
tensor([[0.1921, 0.0000, 1.0000, 1.0000, 0.0000, 1.0000]])
tensor([[0.8940, 1.0000, 0.0000, 1.0000, 0.0000, 0.0000]])
tensor([[0.8464, 1.0000, 0.0000, 1.0000, 1.0000, 1.0000]])
tensor([[0.3704, 1.0000, 1.0000, 1.0000, 1.0000, 0.0000]])
tensor([[0.6289, 1.0000, 1.0000, 1.0000, 1.0000, 0.0000]])
tensor([[0.7322, 0.0000, 0.0000, 0.0000, 0.0000, 0.0000]])
tensor([[0.7302, 1.0000, 0.0000, 0.0000, 1.0000, 1.0000]])
tensor([[0.5969, 0.0000, 0.0000, 0.0000, 0.0000, 0.0000]])
tensor([[0.8567, 1.0000, 0.0000, 0.0000, 0.0000, 1.0000]])
tensor([[0.8835, 1.0000, 0.0000, 1.0000, 0.0000, 0.0000]])
tensor([[0.9025, 1.0000, 0.0000, 1.0000, 0.0000, 1.0000]])
tensor([[0.8524, 1.0000, 0.0000, 1.0000, 1.0000, 0.0000]])
tensor([[0.8419, 0.0000, 1.0000, 1.0000, 1.0000, 1.0000]])
tensor([[0.9073, 1.0000, 1.0000, 1.0000, 1.0000, 1.0000]])
tensor([[0.7511, 0.0000, 1.0000, 1.0000, 0.0000, 1.0000]])
tensor([[0.9246, 0.0000, 0.0000, 1.0000, 0.0000, 1.0000]])
tensor([[0.9123, 0.0000, 0.0000, 1.0000, 0.0000, 1.0000]])
tensor([[0.5050, 1.0000, 1.0000, 1.0000, 0.0000, 1.0000]])
tensor([[0.7921, 1.0000, 1.0000, 1.0000, 0.0000, 0.0000]])
tensor([[0.2201, 0.0000, 1.0000, 1.0000, 0.0000, 1.0000]])
tensor([[0.9845, 1.0000, 1.0000, 1.0000, 0.0000, 1.0000]])
tensor([[0.8686, 1.0000, 1.0000, 0.0000, 0.0000, 0.0000]])
tensor([[0.6497, 1.0000, 1.0000, 1.0000, 0.0000, 1.0000]])
tensor([[0.8737, 0.0000, 0.0000, 1.0000, 1.0000, 0.0000]])
tensor([[0.5594, 1.0000, 0.0000, 1.0000, 1.0000, 0.0000]])
tensor([[0.9582, 1.0000, 1.0000, 1.0000, 0.0000, 0.0000]])
tensor([[0.7124, 0.0000, 0.0000, 1.0000, 0.0000, 1.0000]])
tensor([[0.9312, 1.0000, 0.0000, 1.0000, 0.0000, 0.0000]])
tensor([[0.6623, 0.0000, 0.0000, 1.0000, 0.0000, 0.0000]])
tensor([[0.9199, 1.0000, 1.0000, 1.0000, 0.0000, 1.0000]])
tensor([[0.8910, 0.0000, 0.0000, 1.0000, 1.0000, 1.0000]])
tensor([[0.7882, 1.0000, 1.0000, 1.0000, 1.0000, 1.0000]])
tensor([[0.8440, 0.0000, 1.0000, 1.0000, 1.0000, 0.0000]])
tensor([[0.9433, 1.0000, 1.0000, 1.0000, 0.0000, 0.0000]])
tensor([[0.8014, 0.0000, 0.0000, 1.0000, 0.0000, 0.0000]])
tensor([[0.8693, 1.0000, 1.0000, 1.0000, 0.0000, 0.0000]])
tensor([[0.6911, 1.0000, 1.0000, 1.0000, 1.0000, 0.0000]])
tensor([[0.6276, 1.0000, 0.0000, 1.0000, 0.0000, 1.0000]])
tensor([[0.6617, 1.0000, 0.0000, 1.0000, 0.0000, 1.0000]])
tensor([[0.0841, 0.0000, 0.0000, 1.0000, 1.0000, 1.0000]])
tensor([[0.9523, 1.0000, 1.0000, 0.0000, 0.0000, 0.0000]])
tensor([[0.6897, 1.0000, 1.0000, 1.0000, 0.0000, 1.0000]])
tensor([[0.7954, 1.0000, 0.0000, 1.0000, 0.0000, 1.0000]])
tensor([[0.9065, 0.0000, 0.0000, 1.0000, 0.0000, 0.0000]])
tensor([[0.8847, 1.0000, 0.0000, 1.0000, 1.0000, 0.0000]])
tensor([[0.8387, 1.0000, 1.0000, 0.0000, 0.0000, 1.0000]])
tensor([[0.9575, 0.0000, 0.0000, 1.0000, 0.0000, 1.0000]])
tensor([[0.6842, 1.0000, 1.0000, 1.0000, 0.0000, 1.0000]])
tensor([[0.7933, 0.0000, 0.0000, 1.0000, 0.0000, 1.0000]])
tensor([[0.9250, 0.0000, 0.0000, 1.0000, 1.0000, 0.0000]])
tensor([[0.7726, 0.0000, 1.0000, 1.0000, 0.0000, 1.0000]])
tensor([[0.8296, 1.0000, 1.0000, 1.0000, 0.0000, 0.0000]])
tensor([[0.8783, 0.0000, 1.0000, 1.0000, 0.0000, 1.0000]])
tensor([[0.5568, 1.0000, 1.0000, 0.0000, 1.0000, 1.0000]])
tensor([[0.8929, 1.0000, 0.0000, 1.0000, 0.0000, 1.0000]])
tensor([[0.4935, 1.0000, 0.0000, 1.0000, 0.0000, 0.0000]])
tensor([[0.7011, 0.0000, 0.0000, 1.0000, 0.0000, 1.0000]])
tensor([[0.7911, 1.0000, 1.0000, 1.0000, 0.0000, 0.0000]])
tensor([[0.9437, 1.0000, 0.0000, 1.0000, 0.0000, 0.0000]])
tensor([[0.8321, 0.0000, 0.0000, 0.0000, 1.0000, 0.0000]])
tensor([[0.9247, 1.0000, 0.0000, 0.0000, 0.0000, 0.0000]])
tensor([[0.9151, 0.0000, 1.0000, 0.0000, 1.0000, 1.0000]])
tensor([[0.8908, 1.0000, 1.0000, 1.0000, 0.0000, 0.0000]])
tensor([[0.5833, 0.0000, 0.0000, 1.0000, 0.0000, 1.0000]])
tensor([[0.7929, 1.0000, 1.0000, 1.0000, 0.0000, 0.0000]])
tensor([[0.7190, 0.0000, 0.0000, 1.0000, 0.0000, 0.0000]])
tensor([[0.7818, 1.0000, 1.0000, 0.0000, 1.0000, 1.0000]])
tensor([[0.3850, 1.0000, 1.0000, 1.0000, 0.0000, 1.0000]])
tensor([[0.8218, 1.0000, 1.0000, 1.0000, 0.0000, 1.0000]])
tensor([[0.5102, 1.0000, 1.0000, 0.0000, 0.0000, 0.0000]])
tensor([[0.7697, 1.0000, 0.0000, 0.0000, 1.0000, 1.0000]])
tensor([[0.7077, 1.0000, 1.0000, 1.0000, 0.0000, 0.0000]])
tensor([[0.7263, 1.0000, 1.0000, 1.0000, 0.0000, 1.0000]])
tensor([[0.7074, 1.0000, 0.0000, 0.0000, 0.0000, 0.0000]])
tensor([[0.7995, 0.0000, 1.0000, 1.0000, 0.0000, 1.0000]])
tensor([[0.8844, 1.0000, 0.0000, 1.0000, 0.0000, 0.0000]])
tensor([[0.8835, 1.0000, 1.0000, 1.0000, 0.0000, 0.0000]])
tensor([[0.7063, 1.0000, 1.0000, 1.0000, 0.0000, 1.0000]])
tensor([[0.9409, 0.0000, 0.0000, 0.0000, 0.0000, 0.0000]])
tensor([[0.7693, 1.0000, 1.0000, 0.0000, 1.0000, 1.0000]])
tensor([[0.7901, 0.0000, 1.0000, 1.0000, 0.0000, 1.0000]])
tensor([[0.9673, 1.0000, 1.0000, 0.0000, 0.0000, 1.0000]])
tensor([[0.9285, 1.0000, 0.0000, 1.0000, 1.0000, 1.0000]])
tensor([[0.8468, 1.0000, 0.0000, 1.0000, 0.0000, 0.0000]])
tensor([[0.8198, 1.0000, 1.0000, 0.0000, 0.0000, 1.0000]])
tensor([[0.9139, 1.0000, 0.0000, 1.0000, 0.0000, 1.0000]])
tensor([[0.8680, 0.0000, 0.0000, 0.0000, 0.0000, 1.0000]])
tensor([[0.9241, 1.0000, 0.0000, 1.0000, 0.0000, 0.0000]])
tensor([[0.8014, 0.0000, 1.0000, 1.0000, 1.0000, 1.0000]])
tensor([[0.9717, 1.0000, 1.0000, 1.0000, 0.0000, 0.0000]])
tensor([[0.9463, 1.0000, 1.0000, 0.0000, 1.0000, 1.0000]])
tensor([[0.8641, 0.0000, 1.0000, 1.0000, 0.0000, 1.0000]])
tensor([[0.9256, 1.0000, 0.0000, 1.0000, 0.0000, 1.0000]])
tensor([[0.8096, 1.0000, 1.0000, 0.0000, 0.0000, 0.0000]])
tensor([[0.7642, 0.0000, 0.0000, 1.0000, 0.0000, 0.0000]])
tensor([[0.7320, 1.0000, 1.0000, 1.0000, 0.0000, 1.0000]])
tensor([[0.9019, 0.0000, 0.0000, 1.0000, 0.0000, 0.0000]])
tensor([[0.8950, 1.0000, 1.0000, 1.0000, 0.0000, 1.0000]])
tensor([[0.9501, 0.0000, 1.0000, 0.0000, 0.0000, 1.0000]])
tensor([[0.7665, 1.0000, 1.0000, 1.0000, 0.0000, 1.0000]])
tensor([[0.9106, 1.0000, 1.0000, 0.0000, 0.0000, 0.0000]])
tensor([[0.9290, 0.0000, 1.0000, 1.0000, 0.0000, 0.0000]])
tensor([[0.8586, 1.0000, 1.0000, 1.0000, 0.0000, 0.0000]])
tensor([[0.9188, 0.0000, 0.0000, 1.0000, 0.0000, 1.0000]])
tensor([[0.4293, 1.0000, 0.0000, 0.0000, 0.0000, 1.0000]])
tensor([[0.8410, 1.0000, 1.0000, 1.0000, 0.0000, 0.0000]])
tensor([[0.3711, 0.0000, 1.0000, 1.0000, 1.0000, 0.0000]])
tensor([[0.8816, 1.0000, 0.0000, 1.0000, 0.0000, 1.0000]])
tensor([[0.8822, 0.0000, 0.0000, 1.0000, 0.0000, 0.0000]])
tensor([[-0.0109,  1.0000,  0.0000,  1.0000,  1.0000,  1.0000]])
tensor([[0.5123, 1.0000, 0.0000, 1.0000, 0.0000, 1.0000]])
tensor([[0.4212, 1.0000, 0.0000, 1.0000, 0.0000, 1.0000]])
tensor([[0.5718, 1.0000, 1.0000, 1.0000, 0.0000, 1.0000]])
tensor([[0.1872, 0.0000, 1.0000, 1.0000, 0.0000, 0.0000]])
tensor([[0.7914, 1.0000, 0.0000, 1.0000, 0.0000, 1.0000]])
tensor([[0.7919, 1.0000, 1.0000, 1.0000, 1.0000, 0.0000]])
tensor([[0.7127, 0.0000, 1.0000, 1.0000, 0.0000, 0.0000]])
tensor([[0.9177, 1.0000, 1.0000, 0.0000, 0.0000, 1.0000]])
tensor([[0.9822, 0.0000, 1.0000, 1.0000, 0.0000, 0.0000]])
tensor([[0.9784, 1.0000, 1.0000, 0.0000, 1.0000, 1.0000]])
tensor([[0.9594, 1.0000, 0.0000, 1.0000, 1.0000, 0.0000]])
tensor([[0.9538, 1.0000, 1.0000, 0.0000, 0.0000, 0.0000]])
tensor([[0.4911, 1.0000, 1.0000, 1.0000, 0.0000, 0.0000]])
tensor([[0.8230, 0.0000, 0.0000, 0.0000, 1.0000, 0.0000]])
tensor([[0.8819, 1.0000, 0.0000, 1.0000, 0.0000, 0.0000]])
tensor([[0.7278, 0.0000, 1.0000, 0.0000, 1.0000, 1.0000]])
tensor([[0.6328, 1.0000, 1.0000, 1.0000, 0.0000, 1.0000]])
tensor([[0.2949, 1.0000, 1.0000, 0.0000, 0.0000, 0.0000]])
tensor([[0.5276, 1.0000, 1.0000, 1.0000, 1.0000, 0.0000]])
tensor([[0.3977, 1.0000, 1.0000, 1.0000, 0.0000, 0.0000]])
tensor([[0.7284, 1.0000, 1.0000, 1.0000, 0.0000, 0.0000]])
tensor([[0.4338, 0.0000, 1.0000, 1.0000, 0.0000, 0.0000]])
tensor([[0.6504, 1.0000, 1.0000, 0.0000, 0.0000, 1.0000]])
tensor([[0.6613, 1.0000, 1.0000, 0.0000, 0.0000, 1.0000]])
tensor([[0.8877, 1.0000, 1.0000, 1.0000, 0.0000, 0.0000]])
tensor([[0.9628, 0.0000, 1.0000, 1.0000, 1.0000, 0.0000]])
tensor([[0.9361, 1.0000, 1.0000, 1.0000, 0.0000, 0.0000]])
tensor([[0.7477, 1.0000, 0.0000, 1.0000, 1.0000, 1.0000]])
tensor([[0.7776, 1.0000, 1.0000, 1.0000, 0.0000, 0.0000]])
tensor([[0.9791, 0.0000, 1.0000, 1.0000, 0.0000, 1.0000]])
tensor([[0.6361, 1.0000, 1.0000, 1.0000, 1.0000, 1.0000]])
tensor([[0.8214, 1.0000, 1.0000, 0.0000, 0.0000, 1.0000]])
tensor([[0.2423, 1.0000, 0.0000, 1.0000, 1.0000, 1.0000]])
tensor([[0.7441, 1.0000, 1.0000, 1.0000, 0.0000, 0.0000]])
tensor([[0.7621, 1.0000, 1.0000, 1.0000, 0.0000, 1.0000]])
tensor([[0.7376, 1.0000, 1.0000, 1.0000, 0.0000, 1.0000]])
tensor([[0.6151, 0.0000, 1.0000, 0.0000, 0.0000, 1.0000]])
tensor([[0.7575, 1.0000, 1.0000, 1.0000, 0.0000, 0.0000]])
tensor([[0.5008, 1.0000, 1.0000, 0.0000, 0.0000, 1.0000]])
tensor([[0.4421, 0.0000, 1.0000, 1.0000, 1.0000, 1.0000]])
tensor([[0.7741, 1.0000, 1.0000, 0.0000, 0.0000, 0.0000]])
tensor([[0.9203, 1.0000, 0.0000, 0.0000, 0.0000, 1.0000]])
tensor([[0.8027, 0.0000, 0.0000, 1.0000, 1.0000, 0.0000]])
tensor([[0.7378, 1.0000, 1.0000, 0.0000, 1.0000, 1.0000]])
tensor([[0.5175, 1.0000, 1.0000, 0.0000, 1.0000, 0.0000]])
tensor([[0.6803, 1.0000, 1.0000, 1.0000, 0.0000, 1.0000]])
tensor([[0.3360, 1.0000, 0.0000, 1.0000, 1.0000, 1.0000]])
tensor([[0.2858, 1.0000, 0.0000, 1.0000, 0.0000, 1.0000]])
tensor([[0.6850, 1.0000, 0.0000, 1.0000, 1.0000, 1.0000]])
tensor([[-0.4391,  1.0000,  1.0000,  0.0000,  0.0000,  1.0000]])
tensor([[0.1790, 1.0000, 1.0000, 1.0000, 0.0000, 0.0000]])
tensor([[0.4800, 0.0000, 1.0000, 0.0000, 0.0000, 1.0000]])
tensor([[0.8525, 0.0000, 1.0000, 1.0000, 0.0000, 1.0000]])
tensor([[0.8839, 1.0000, 0.0000, 1.0000, 1.0000, 1.0000]])
tensor([[0.9526, 1.0000, 0.0000, 0.0000, 0.0000, 1.0000]])
tensor([[0.8923, 1.0000, 1.0000, 0.0000, 0.0000, 0.0000]])
tensor([[0.9243, 1.0000, 0.0000, 1.0000, 0.0000, 0.0000]])
tensor([[0.8948, 1.0000, 1.0000, 0.0000, 1.0000, 0.0000]])
tensor([[0.5221, 1.0000, 0.0000, 1.0000, 0.0000, 0.0000]])
tensor([[0.7736, 0.0000, 0.0000, 1.0000, 1.0000, 1.0000]])
tensor([[0.4915, 0.0000, 0.0000, 0.0000, 0.0000, 0.0000]])
tensor([[0.7146, 0.0000, 1.0000, 0.0000, 0.0000, 1.0000]])
tensor([[0.8649, 0.0000, 1.0000, 1.0000, 0.0000, 1.0000]])
tensor([[0.9758, 0.0000, 1.0000, 1.0000, 0.0000, 1.0000]])
tensor([[0.1435, 1.0000, 0.0000, 1.0000, 0.0000, 0.0000]])
tensor([[0.9502, 0.0000, 1.0000, 1.0000, 0.0000, 0.0000]])
tensor([[0.7428, 1.0000, 1.0000, 0.0000, 1.0000, 0.0000]])
tensor([[0.9744, 1.0000, 1.0000, 1.0000, 0.0000, 1.0000]])
tensor([[0.9885, 0.0000, 0.0000, 0.0000, 1.0000, 1.0000]])
tensor([[0.9235, 1.0000, 0.0000, 1.0000, 1.0000, 1.0000]])
tensor([[0.9833, 1.0000, 1.0000, 1.0000, 0.0000, 1.0000]])
tensor([[0.9791, 0.0000, 0.0000, 1.0000, 0.0000, 0.0000]])
tensor([[0.9309, 1.0000, 1.0000, 1.0000, 1.0000, 0.0000]])
tensor([[0.9695, 1.0000, 1.0000, 1.0000, 1.0000, 0.0000]])
tensor([[0.9362, 1.0000, 0.0000, 1.0000, 0.0000, 1.0000]])
tensor([[0.9175, 0.0000, 0.0000, 1.0000, 0.0000, 1.0000]])
tensor([[0.9764, 0.0000, 0.0000, 1.0000, 0.0000, 1.0000]])
tensor([[0.9530, 1.0000, 0.0000, 0.0000, 0.0000, 1.0000]])
tensor([[0.9470, 1.0000, 0.0000, 1.0000, 0.0000, 1.0000]])
tensor([[0.9621, 1.0000, 0.0000, 1.0000, 0.0000, 1.0000]])
tensor([[0.8680, 0.0000, 1.0000, 0.0000, 0.0000, 1.0000]])
tensor([[0.6671, 0.0000, 1.0000, 0.0000, 0.0000, 1.0000]])
tensor([[0.8131, 1.0000, 1.0000, 1.0000, 0.0000, 1.0000]])
tensor([[0.9163, 1.0000, 1.0000, 1.0000, 0.0000, 1.0000]])
tensor([[0.8528, 0.0000, 0.0000, 1.0000, 0.0000, 1.0000]])
tensor([[0.9573, 0.0000, 0.0000, 1.0000, 0.0000, 1.0000]])
tensor([[0.6317, 1.0000, 0.0000, 1.0000, 0.0000, 0.0000]])
tensor([[0.8865, 0.0000, 1.0000, 0.0000, 0.0000, 1.0000]])
tensor([[0.8007, 1.0000, 1.0000, 0.0000, 0.0000, 1.0000]])
tensor([[0.8756, 1.0000, 1.0000, 1.0000, 0.0000, 0.0000]])
tensor([[0.6940, 1.0000, 0.0000, 0.0000, 1.0000, 0.0000]])
tensor([[0.6881, 0.0000, 0.0000, 1.0000, 0.0000, 0.0000]])
tensor([[0.8735, 1.0000, 0.0000, 0.0000, 1.0000, 0.0000]])
tensor([[0.7278, 0.0000, 0.0000, 0.0000, 1.0000, 1.0000]])
tensor([[0.5630, 1.0000, 1.0000, 1.0000, 0.0000, 1.0000]])
tensor([[0.1213, 1.0000, 1.0000, 1.0000, 0.0000, 0.0000]])
tensor([[0.9472, 1.0000, 1.0000, 1.0000, 1.0000, 1.0000]])
tensor([[0.7371, 0.0000, 1.0000, 0.0000, 1.0000, 1.0000]])
tensor([[0.5913, 1.0000, 0.0000, 0.0000, 1.0000, 0.0000]])
tensor([[0.3998, 0.0000, 0.0000, 1.0000, 0.0000, 0.0000]])
tensor([[0.7941, 1.0000, 0.0000, 0.0000, 1.0000, 1.0000]])
tensor([[0.9449, 1.0000, 1.0000, 0.0000, 1.0000, 0.0000]])
tensor([[0.7549, 1.0000, 0.0000, 0.0000, 0.0000, 0.0000]])
tensor([[0.6086, 1.0000, 0.0000, 0.0000, 1.0000, 0.0000]])
tensor([[0.8652, 0.0000, 1.0000, 1.0000, 0.0000, 0.0000]])
tensor([[0.7307, 0.0000, 1.0000, 1.0000, 0.0000, 1.0000]])
tensor([[0.6406, 0.0000, 1.0000, 1.0000, 0.0000, 1.0000]])
tensor([[0.8829, 0.0000, 0.0000, 1.0000, 0.0000, 1.0000]])
tensor([[0.6380, 1.0000, 0.0000, 1.0000, 1.0000, 0.0000]])
tensor([[0.7985, 0.0000, 0.0000, 1.0000, 0.0000, 1.0000]])
tensor([[0.8535, 1.0000, 0.0000, 0.0000, 0.0000, 1.0000]])
tensor([[0.9461, 0.0000, 0.0000, 0.0000, 0.0000, 1.0000]])
tensor([[0.8139, 1.0000, 1.0000, 0.0000, 0.0000, 1.0000]])
tensor([[0.6633, 0.0000, 1.0000, 0.0000, 0.0000, 0.0000]])
tensor([[0.8889, 0.0000, 1.0000, 0.0000, 0.0000, 1.0000]])
tensor([[0.6041, 1.0000, 1.0000, 0.0000, 0.0000, 0.0000]])
tensor([[0.8266, 1.0000, 1.0000, 0.0000, 0.0000, 1.0000]])
tensor([[0.7821, 1.0000, 1.0000, 1.0000, 0.0000, 1.0000]])
tensor([[0.7495, 0.0000, 0.0000, 0.0000, 1.0000, 1.0000]])
tensor([[0.9662, 0.0000, 1.0000, 1.0000, 0.0000, 0.0000]])
tensor([[0.9778, 1.0000, 1.0000, 1.0000, 0.0000, 0.0000]])
tensor([[0.6512, 0.0000, 0.0000, 1.0000, 0.0000, 0.0000]])
tensor([[0.9373, 1.0000, 0.0000, 1.0000, 0.0000, 0.0000]])
tensor([[0.6530, 1.0000, 1.0000, 1.0000, 0.0000, 0.0000]])
tensor([[0.9131, 0.0000, 1.0000, 1.0000, 0.0000, 0.0000]])
tensor([[0.5996, 0.0000, 1.0000, 1.0000, 0.0000, 1.0000]])
tensor([[0.8528, 1.0000, 1.0000, 0.0000, 1.0000, 0.0000]])
tensor([[0.6767, 1.0000, 0.0000, 1.0000, 1.0000, 0.0000]])
tensor([[0.9338, 0.0000, 1.0000, 0.0000, 0.0000, 0.0000]])
tensor([[0.9351, 1.0000, 1.0000, 1.0000, 0.0000, 0.0000]])
tensor([[0.7651, 1.0000, 0.0000, 1.0000, 0.0000, 0.0000]])
tensor([[0.9606, 0.0000, 0.0000, 1.0000, 0.0000, 1.0000]])
tensor([[0.5342, 1.0000, 0.0000, 1.0000, 0.0000, 1.0000]])
tensor([[0.5172, 1.0000, 0.0000, 0.0000, 0.0000, 0.0000]])
tensor([[0.4717, 1.0000, 1.0000, 0.0000, 1.0000, 0.0000]])
tensor([[0.8592, 0.0000, 1.0000, 1.0000, 1.0000, 1.0000]])
tensor([[0.8067, 1.0000, 1.0000, 0.0000, 1.0000, 1.0000]])
tensor([[0.9134, 1.0000, 0.0000, 1.0000, 0.0000, 0.0000]])
tensor([[0.9261, 0.0000, 0.0000, 1.0000, 0.0000, 1.0000]])
tensor([[0.7225, 1.0000, 0.0000, 1.0000, 0.0000, 0.0000]])
tensor([[0.9059, 1.0000, 1.0000, 1.0000, 0.0000, 1.0000]])
tensor([[0.8959, 0.0000, 0.0000, 1.0000, 0.0000, 0.0000]])
tensor([[0.8974, 0.0000, 1.0000, 0.0000, 0.0000, 0.0000]])
tensor([[0.9382, 0.0000, 0.0000, 1.0000, 0.0000, 1.0000]])
tensor([[0.7287, 0.0000, 0.0000, 1.0000, 1.0000, 1.0000]])
tensor([[0.7224, 1.0000, 0.0000, 0.0000, 0.0000, 0.0000]])
tensor([[0.9309, 1.0000, 0.0000, 1.0000, 0.0000, 0.0000]])
tensor([[0.9099, 1.0000, 1.0000, 1.0000, 0.0000, 1.0000]])
tensor([[0.8593, 1.0000, 1.0000, 1.0000, 0.0000, 0.0000]])
tensor([[0.9698, 1.0000, 1.0000, 1.0000, 0.0000, 1.0000]])
tensor([[0.9411, 1.0000, 0.0000, 1.0000, 1.0000, 1.0000]])
tensor([[0.9071, 0.0000, 1.0000, 0.0000, 1.0000, 1.0000]])
tensor([[0.9058, 0.0000, 0.0000, 1.0000, 1.0000, 0.0000]])
tensor([[0.7259, 0.0000, 1.0000, 1.0000, 1.0000, 0.0000]])
tensor([[0.9147, 0.0000, 0.0000, 1.0000, 0.0000, 1.0000]])
tensor([[0.9125, 0.0000, 1.0000, 1.0000, 1.0000, 0.0000]])
tensor([[0.8193, 1.0000, 1.0000, 0.0000, 0.0000, 0.0000]])
tensor([[0.7696, 0.0000, 1.0000, 1.0000, 0.0000, 0.0000]])
tensor([[0.9349, 1.0000, 0.0000, 0.0000, 0.0000, 1.0000]])
tensor([[0.8048, 1.0000, 0.0000, 0.0000, 0.0000, 1.0000]])
tensor([[0.9818, 1.0000, 0.0000, 1.0000, 0.0000, 0.0000]])
tensor([[0.8059, 1.0000, 0.0000, 1.0000, 0.0000, 0.0000]])
tensor([[0.9154, 0.0000, 0.0000, 1.0000, 1.0000, 0.0000]])
tensor([[0.7724, 1.0000, 1.0000, 1.0000, 1.0000, 0.0000]])
tensor([[-0.1557,  0.0000,  1.0000,  1.0000,  1.0000,  0.0000]])
tensor([[0.9421, 0.0000, 0.0000, 1.0000, 1.0000, 0.0000]])
tensor([[0.9062, 0.0000, 1.0000, 1.0000, 0.0000, 0.0000]])
tensor([[0.2511, 0.0000, 0.0000, 1.0000, 1.0000, 1.0000]])
tensor([[0.9288, 1.0000, 1.0000, 1.0000, 0.0000, 1.0000]])
tensor([[0.9554, 1.0000, 1.0000, 1.0000, 0.0000, 0.0000]])
tensor([[0.9529, 1.0000, 0.0000, 1.0000, 0.0000, 0.0000]])
tensor([[0.9276, 1.0000, 1.0000, 0.0000, 1.0000, 0.0000]])
tensor([[0.9851, 0.0000, 0.0000, 1.0000, 0.0000, 0.0000]])
tensor([[0.8028, 0.0000, 1.0000, 1.0000, 0.0000, 0.0000]])
tensor([[0.8995, 0.0000, 1.0000, 1.0000, 0.0000, 1.0000]])
tensor([[0.7584, 1.0000, 0.0000, 1.0000, 0.0000, 0.0000]])
tensor([[0.6725, 1.0000, 0.0000, 1.0000, 0.0000, 0.0000]])
tensor([[0.8804, 0.0000, 0.0000, 1.0000, 0.0000, 1.0000]])
tensor([[0.7959, 0.0000, 1.0000, 0.0000, 0.0000, 1.0000]])
tensor([[0.8654, 0.0000, 0.0000, 1.0000, 0.0000, 0.0000]])
tensor([[0.8016, 1.0000, 0.0000, 0.0000, 1.0000, 0.0000]])
tensor([[0.6242, 1.0000, 0.0000, 1.0000, 0.0000, 0.0000]])
tensor([[0.8686, 1.0000, 0.0000, 0.0000, 0.0000, 0.0000]])
tensor([[0.6337, 0.0000, 0.0000, 1.0000, 1.0000, 1.0000]])
tensor([[0.3284, 1.0000, 0.0000, 0.0000, 1.0000, 1.0000]])
tensor([[-0.7398,  1.0000,  1.0000,  1.0000,  0.0000,  1.0000]])
tensor([[0.2297, 1.0000, 1.0000, 1.0000, 1.0000, 1.0000]])
tensor([[0.5896, 1.0000, 0.0000, 1.0000, 0.0000, 0.0000]])
tensor([[0.7946, 1.0000, 1.0000, 1.0000, 1.0000, 1.0000]])
tensor([[0.7490, 0.0000, 0.0000, 1.0000, 0.0000, 0.0000]])
tensor([[0.5659, 1.0000, 0.0000, 0.0000, 0.0000, 1.0000]])
tensor([[0.8725, 1.0000, 0.0000, 1.0000, 0.0000, 1.0000]])
tensor([[0.5725, 1.0000, 0.0000, 1.0000, 0.0000, 0.0000]])
tensor([[0.5679, 1.0000, 0.0000, 1.0000, 0.0000, 0.0000]])
tensor([[0.6110, 1.0000, 1.0000, 1.0000, 0.0000, 0.0000]])
tensor([[0.3878, 0.0000, 1.0000, 1.0000, 0.0000, 0.0000]])
tensor([[0.8965, 0.0000, 1.0000, 1.0000, 0.0000, 0.0000]])
tensor([[0.5197, 0.0000, 1.0000, 1.0000, 0.0000, 1.0000]])
tensor([[0.9102, 0.0000, 1.0000, 1.0000, 0.0000, 0.0000]])
tensor([[0.3455, 1.0000, 1.0000, 0.0000, 0.0000, 0.0000]])
tensor([[0.9511, 1.0000, 1.0000, 1.0000, 1.0000, 0.0000]])
tensor([[0.9363, 0.0000, 1.0000, 0.0000, 0.0000, 1.0000]])
tensor([[0.9316, 1.0000, 0.0000, 0.0000, 1.0000, 0.0000]])
tensor([[0.9792, 1.0000, 0.0000, 0.0000, 0.0000, 0.0000]])
tensor([[0.9557, 1.0000, 0.0000, 1.0000, 0.0000, 0.0000]])
tensor([[0.5194, 1.0000, 0.0000, 1.0000, 0.0000, 0.0000]])
tensor([[0.8468, 1.0000, 1.0000, 0.0000, 1.0000, 1.0000]])
tensor([[0.9155, 1.0000, 0.0000, 0.0000, 0.0000, 0.0000]])
tensor([[0.9110, 1.0000, 0.0000, 1.0000, 1.0000, 1.0000]])
tensor([[0.8308, 1.0000, 0.0000, 1.0000, 0.0000, 0.0000]])
tensor([[0.8201, 0.0000, 0.0000, 1.0000, 0.0000, 1.0000]])
tensor([[0.9705, 0.0000, 0.0000, 1.0000, 0.0000, 0.0000]])
tensor([[0.9228, 0.0000, 1.0000, 1.0000, 0.0000, 1.0000]])
tensor([[0.9250, 0.0000, 1.0000, 1.0000, 0.0000, 0.0000]])
tensor([[0.8691, 1.0000, 0.0000, 1.0000, 0.0000, 1.0000]])
tensor([[0.6247, 1.0000, 0.0000, 1.0000, 0.0000, 1.0000]])
tensor([[0.9455, 1.0000, 1.0000, 0.0000, 1.0000, 1.0000]])
tensor([[0.3640, 1.0000, 1.0000, 0.0000, 0.0000, 1.0000]])
tensor([[0.9361, 1.0000, 0.0000, 1.0000, 0.0000, 1.0000]])
tensor([[0.9065, 1.0000, 0.0000, 0.0000, 1.0000, 0.0000]])
tensor([[0.8576, 1.0000, 0.0000, 1.0000, 1.0000, 1.0000]])
tensor([[0.8196, 0.0000, 0.0000, 1.0000, 1.0000, 1.0000]])
tensor([[0.5197, 1.0000, 1.0000, 1.0000, 0.0000, 1.0000]])
tensor([[0.9195, 1.0000, 1.0000, 1.0000, 0.0000, 1.0000]])
tensor([[0.7918, 0.0000, 0.0000, 0.0000, 0.0000, 1.0000]])
tensor([[0.3132, 1.0000, 0.0000, 0.0000, 0.0000, 0.0000]])
tensor([[0.7525, 1.0000, 0.0000, 0.0000, 0.0000, 1.0000]])
tensor([[0.5820, 1.0000, 0.0000, 0.0000, 1.0000, 1.0000]])
tensor([[0.7364, 1.0000, 1.0000, 1.0000, 0.0000, 1.0000]])
tensor([[0.6277, 1.0000, 1.0000, 1.0000, 0.0000, 1.0000]])
tensor([[0.9195, 1.0000, 1.0000, 0.0000, 0.0000, 0.0000]])
tensor([[0.7991, 1.0000, 1.0000, 1.0000, 1.0000, 0.0000]])
tensor([[0.0847, 0.0000, 0.0000, 1.0000, 0.0000, 1.0000]])
tensor([[0.7198, 1.0000, 0.0000, 1.0000, 0.0000, 0.0000]])
tensor([[0.6290, 1.0000, 1.0000, 1.0000, 0.0000, 0.0000]])
tensor([[0.5890, 1.0000, 1.0000, 1.0000, 0.0000, 0.0000]])
tensor([[0.7862, 1.0000, 1.0000, 0.0000, 0.0000, 1.0000]])
tensor([[0.5987, 1.0000, 1.0000, 1.0000, 0.0000, 0.0000]])
tensor([[0.8757, 1.0000, 1.0000, 1.0000, 0.0000, 0.0000]])
tensor([[0.6224, 1.0000, 1.0000, 1.0000, 1.0000, 0.0000]])
tensor([[-0.0877,  0.0000,  0.0000,  1.0000,  0.0000,  1.0000]])
tensor([[0.8967, 1.0000, 0.0000, 1.0000, 0.0000, 0.0000]])
tensor([[0.8205, 0.0000, 1.0000, 1.0000, 0.0000, 0.0000]])
tensor([[0.9760, 1.0000, 1.0000, 0.0000, 0.0000, 0.0000]])
tensor([[0.7748, 0.0000, 0.0000, 1.0000, 0.0000, 0.0000]])
tensor([[0.8834, 0.0000, 1.0000, 1.0000, 0.0000, 1.0000]])
tensor([[0.8198, 1.0000, 1.0000, 0.0000, 0.0000, 1.0000]])
tensor([[0.6429, 1.0000, 0.0000, 0.0000, 0.0000, 0.0000]])
tensor([[0.7025, 1.0000, 0.0000, 0.0000, 0.0000, 0.0000]])
tensor([[0.7367, 1.0000, 1.0000, 0.0000, 0.0000, 0.0000]])
tensor([[0.4483, 1.0000, 0.0000, 0.0000, 0.0000, 0.0000]])
tensor([[0.7876, 1.0000, 1.0000, 0.0000, 1.0000, 1.0000]])
tensor([[0.8880, 1.0000, 1.0000, 1.0000, 0.0000, 1.0000]])
tensor([[0.4400, 1.0000, 1.0000, 1.0000, 0.0000, 1.0000]])
tensor([[0.8349, 0.0000, 0.0000, 1.0000, 1.0000, 0.0000]])
tensor([[0.7157, 1.0000, 1.0000, 0.0000, 0.0000, 0.0000]])
tensor([[-0.1500,  0.0000,  0.0000,  1.0000,  0.0000,  1.0000]])
tensor([[0.6698, 0.0000, 0.0000, 0.0000, 0.0000, 0.0000]])
tensor([[0.6698, 1.0000, 0.0000, 1.0000, 1.0000, 1.0000]])
tensor([[0.6947, 1.0000, 1.0000, 1.0000, 0.0000, 0.0000]])
tensor([[0.5428, 0.0000, 0.0000, 1.0000, 1.0000, 0.0000]])
tensor([[0.8087, 0.0000, 0.0000, 1.0000, 0.0000, 0.0000]])
tensor([[0.7055, 1.0000, 1.0000, 1.0000, 0.0000, 1.0000]])
tensor([[0.6391, 1.0000, 1.0000, 1.0000, 0.0000, 1.0000]])
tensor([[0.9179, 0.0000, 1.0000, 1.0000, 1.0000, 0.0000]])
tensor([[0.7724, 1.0000, 1.0000, 1.0000, 0.0000, 0.0000]])
tensor([[0.9214, 0.0000, 1.0000, 0.0000, 1.0000, 1.0000]])
tensor([[0.8545, 0.0000, 1.0000, 1.0000, 0.0000, 0.0000]])
tensor([[0.7540, 1.0000, 0.0000, 1.0000, 1.0000, 0.0000]])
tensor([[0.9384, 1.0000, 0.0000, 1.0000, 1.0000, 1.0000]])
tensor([[0.9618, 1.0000, 1.0000, 0.0000, 0.0000, 1.0000]])
tensor([[0.6115, 1.0000, 1.0000, 1.0000, 1.0000, 0.0000]])
tensor([[0.7143, 1.0000, 1.0000, 0.0000, 0.0000, 0.0000]])
tensor([[0.5527, 0.0000, 0.0000, 1.0000, 0.0000, 0.0000]])
tensor([[0.7219, 1.0000, 1.0000, 1.0000, 0.0000, 0.0000]])
tensor([[0.7430, 0.0000, 0.0000, 1.0000, 1.0000, 0.0000]])
tensor([[0.8621, 0.0000, 1.0000, 1.0000, 0.0000, 1.0000]])
tensor([[0.9383, 0.0000, 0.0000, 1.0000, 0.0000, 1.0000]])
tensor([[0.9368, 0.0000, 0.0000, 1.0000, 0.0000, 0.0000]])
tensor([[0.9316, 0.0000, 1.0000, 1.0000, 0.0000, 0.0000]])
tensor([[0.8731, 1.0000, 1.0000, 1.0000, 0.0000, 1.0000]])
tensor([[0.9539, 0.0000, 1.0000, 1.0000, 0.0000, 1.0000]])
tensor([[0.9634, 1.0000, 0.0000, 1.0000, 0.0000, 0.0000]])
tensor([[0.6761, 1.0000, 1.0000, 1.0000, 1.0000, 0.0000]])
tensor([[0.8443, 1.0000, 0.0000, 1.0000, 1.0000, 0.0000]])
tensor([[0.3027, 1.0000, 1.0000, 1.0000, 1.0000, 0.0000]])
tensor([[0.8333, 1.0000, 1.0000, 1.0000, 0.0000, 0.0000]])
tensor([[0.4835, 1.0000, 1.0000, 1.0000, 0.0000, 1.0000]])
tensor([[0.7210, 1.0000, 0.0000, 0.0000, 1.0000, 0.0000]])
tensor([[0.7183, 1.0000, 1.0000, 0.0000, 1.0000, 0.0000]])
tensor([[0.9237, 1.0000, 1.0000, 1.0000, 1.0000, 0.0000]])
tensor([[0.5702, 1.0000, 0.0000, 1.0000, 0.0000, 0.0000]])
tensor([[0.7447, 1.0000, 0.0000, 1.0000, 0.0000, 0.0000]])
tensor([[0.7405, 0.0000, 1.0000, 1.0000, 1.0000, 0.0000]])
tensor([[0.7697, 1.0000, 1.0000, 1.0000, 0.0000, 0.0000]])
tensor([[0.2368, 1.0000, 1.0000, 0.0000, 0.0000, 0.0000]])
tensor([[0.2305, 1.0000, 1.0000, 0.0000, 0.0000, 1.0000]])
tensor([[0.8600, 1.0000, 1.0000, 0.0000, 0.0000, 1.0000]])
tensor([[0.9048, 1.0000, 0.0000, 0.0000, 0.0000, 1.0000]])
tensor([[0.8124, 1.0000, 0.0000, 0.0000, 1.0000, 0.0000]])
tensor([[0.9563, 0.0000, 1.0000, 0.0000, 0.0000, 0.0000]])
tensor([[0.9089, 1.0000, 0.0000, 0.0000, 0.0000, 0.0000]])
tensor([[0.6526, 1.0000, 0.0000, 1.0000, 0.0000, 1.0000]])
tensor([[0.7513, 1.0000, 1.0000, 1.0000, 1.0000, 1.0000]])
tensor([[0.8775, 1.0000, 0.0000, 1.0000, 0.0000, 1.0000]])
tensor([[0.9704, 1.0000, 0.0000, 1.0000, 1.0000, 1.0000]])
tensor([[0.5463, 1.0000, 0.0000, 0.0000, 0.0000, 0.0000]])
tensor([[0.6687, 0.0000, 1.0000, 1.0000, 0.0000, 1.0000]])
tensor([[0.9269, 0.0000, 1.0000, 0.0000, 1.0000, 0.0000]])
tensor([[0.9310, 1.0000, 1.0000, 1.0000, 0.0000, 1.0000]])
tensor([[0.8986, 1.0000, 1.0000, 0.0000, 0.0000, 0.0000]])
tensor([[0.8613, 0.0000, 1.0000, 0.0000, 0.0000, 1.0000]])
tensor([[0.7995, 1.0000, 1.0000, 0.0000, 1.0000, 0.0000]])
tensor([[0.7098, 1.0000, 0.0000, 0.0000, 0.0000, 1.0000]])
tensor([[0.9044, 0.0000, 1.0000, 1.0000, 0.0000, 1.0000]])
tensor([[0.9482, 1.0000, 1.0000, 1.0000, 1.0000, 0.0000]])
tensor([[0.8865, 1.0000, 1.0000, 1.0000, 0.0000, 1.0000]])
tensor([[0.8864, 1.0000, 1.0000, 1.0000, 0.0000, 0.0000]])
tensor([[0.8517, 1.0000, 0.0000, 1.0000, 0.0000, 1.0000]])
tensor([[0.9206, 0.0000, 1.0000, 1.0000, 0.0000, 1.0000]])
tensor([[0.9210, 1.0000, 1.0000, 0.0000, 0.0000, 1.0000]])
tensor([[0.8358, 1.0000, 0.0000, 1.0000, 0.0000, 1.0000]])
tensor([[0.5362, 1.0000, 1.0000, 0.0000, 0.0000, 0.0000]])
tensor([[0.5951, 0.0000, 1.0000, 1.0000, 0.0000, 1.0000]])
tensor([[-0.1280,  1.0000,  1.0000,  0.0000,  0.0000,  0.0000]])
tensor([[-0.1845,  0.0000,  1.0000,  1.0000,  0.0000,  1.0000]])
tensor([[0.8322, 0.0000, 1.0000, 0.0000, 1.0000, 1.0000]])
tensor([[0.8489, 1.0000, 1.0000, 0.0000, 0.0000, 0.0000]])
tensor([[0.8857, 1.0000, 1.0000, 1.0000, 1.0000, 0.0000]])
tensor([[0.9547, 0.0000, 1.0000, 1.0000, 0.0000, 1.0000]])
tensor([[0.9828, 1.0000, 0.0000, 0.0000, 0.0000, 0.0000]])
tensor([[0.8540, 1.0000, 0.0000, 0.0000, 0.0000, 1.0000]])
tensor([[0.9628, 0.0000, 1.0000, 1.0000, 0.0000, 1.0000]])
tensor([[0.8548, 0.0000, 1.0000, 0.0000, 1.0000, 1.0000]])
tensor([[0.9164, 0.0000, 1.0000, 0.0000, 0.0000, 0.0000]])
tensor([[0.8809, 0.0000, 0.0000, 1.0000, 1.0000, 1.0000]])
tensor([[0.9534, 1.0000, 0.0000, 1.0000, 0.0000, 0.0000]])
tensor([[0.8361, 0.0000, 0.0000, 1.0000, 0.0000, 0.0000]])
tensor([[0.9770, 1.0000, 0.0000, 1.0000, 0.0000, 1.0000]])
tensor([[0.8195, 1.0000, 0.0000, 1.0000, 0.0000, 1.0000]])
tensor([[0.3936, 1.0000, 1.0000, 1.0000, 1.0000, 1.0000]])
tensor([[0.8558, 1.0000, 0.0000, 1.0000, 0.0000, 0.0000]])
tensor([[0.7590, 1.0000, 0.0000, 1.0000, 0.0000, 1.0000]])
tensor([[0.8368, 0.0000, 0.0000, 0.0000, 0.0000, 1.0000]])
tensor([[0.7690, 1.0000, 1.0000, 1.0000, 1.0000, 1.0000]])
tensor([[0.9691, 1.0000, 1.0000, 0.0000, 1.0000, 1.0000]])
tensor([[0.9425, 1.0000, 0.0000, 1.0000, 1.0000, 1.0000]])
tensor([[0.8672, 1.0000, 1.0000, 1.0000, 0.0000, 1.0000]])
tensor([[0.5613, 1.0000, 1.0000, 1.0000, 0.0000, 0.0000]])
tensor([[0.6780, 0.0000, 1.0000, 1.0000, 0.0000, 0.0000]])
tensor([[0.7554, 0.0000, 1.0000, 1.0000, 0.0000, 0.0000]])
tensor([[0.9189, 1.0000, 0.0000, 1.0000, 1.0000, 0.0000]])
INFO:root:Agent 0 (TQCars): avg action time = 0.0020s
tensor([[0.8803, 1.0000, 1.0000, 1.0000, 1.0000, 1.0000]])
tensor([[0.8150, 1.0000, 1.0000, 1.0000, 1.0000, 0.0000]])
tensor([[0.7830, 0.0000, 0.0000, 1.0000, 1.0000, 0.0000]])
tensor([[0.7585, 0.0000, 1.0000, 0.0000, 0.0000, 0.0000]])
tensor([[0.8790, 1.0000, 1.0000, 1.0000, 0.0000, 1.0000]])
tensor([[0.8818, 1.0000, 1.0000, 1.0000, 0.0000, 0.0000]])
tensor([[0.7064, 1.0000, 0.0000, 0.0000, 1.0000, 0.0000]])
tensor([[0.0515, 1.0000, 1.0000, 1.0000, 0.0000, 0.0000]])
tensor([[0.7510, 1.0000, 1.0000, 1.0000, 0.0000, 1.0000]])
tensor([[0.6732, 1.0000, 1.0000, 1.0000, 0.0000, 1.0000]])
tensor([[0.4453, 1.0000, 0.0000, 0.0000, 0.0000, 1.0000]])
tensor([[0.5683, 1.0000, 1.0000, 1.0000, 1.0000, 1.0000]])
tensor([[-0.1779,  1.0000,  1.0000,  1.0000,  1.0000,  1.0000]])
tensor([[0.5620, 1.0000, 1.0000, 0.0000, 0.0000, 0.0000]])
tensor([[0.8265, 0.0000, 1.0000, 1.0000, 0.0000, 1.0000]])
tensor([[0.9201, 1.0000, 1.0000, 1.0000, 0.0000, 0.0000]])
tensor([[0.8007, 0.0000, 0.0000, 1.0000, 1.0000, 0.0000]])
tensor([[0.7972, 0.0000, 0.0000, 0.0000, 1.0000, 1.0000]])
tensor([[0.7511, 0.0000, 1.0000, 0.0000, 1.0000, 1.0000]])
tensor([[0.8471, 0.0000, 0.0000, 0.0000, 0.0000, 1.0000]])
tensor([[0.8228, 0.0000, 0.0000, 1.0000, 0.0000, 0.0000]])
{"type": "results", "track": "xr591", "results": [{"key": 0, "reward": -0.1, "position": 4, "name": "TQCars", "avg_action_time": 0.002005365863284775}]}
